free_word_mitm_reducedn
N=14 mask=0x3fff msb=0x2000
candidate: M0=0x3d36 mode=random-fallback fill=0x3fff kernel=dM0=dM9=0x2000
prefixes=32768/268435456 mode=permuted-prefix-sample w59_per_prefix=16384 total=536870912
run_mode=scan registry_cap=128
sample_start=224559104
scan_elapsed=19.206s rate=27.95 Mtriples/s
refine_elapsed=17.933s repair_refine_elapsed=0.000s total_elapsed=37.140s

D60 interface
  D60=0 matches: 32747 (random expectation 32768.0, enrichment 0.999x)
  prefixes with D60=0: 16564
  max D60=0 fiber per prefix: 25 at W57=0x11b5 W58=0x44c
  largest D60 bucket: D=0x11b8 count=33752
  min D60 HW: 0
  D60 HW histogram: 0:32747 1:457312 2:2983328 3:11938250 4:32802427 5:65604335 6:98385272 7:112444461 8:98415720 9:65615106 10:32795801 11:11922561 12:2981563 13:458869 14:33160

Tail closure among D60=0 matches
  final tail collisions: 0
  best r61 HW: 12
  best r61 W1[57..59]=0xe11,0x15b7,0x2b1c
  best r61 W2[57..59]=0xd1e,0x942,0xbf
  best tail HW: 22
  best tail r61 HW: 17
  best W1[57..59]=0xb40,0xc12,0x2c5d
  best W2[57..59]=0xa4d,0x3da3,0x9e6

SUMMARY N=14 sample_start=224559104 prefixes=32768 total=536870912 d0=32747 best_tail=22 tail_r61=17 best_r61=12 tail_W1=0xb40,0xc12,0x2c5d tail_W2=0xa4d,0x3da3,0x9e6 r61_W1=0xe11,0x15b7,0x2b1c r61_W2=0xd1e,0x942,0xbf

Scan-only witness registry
  registry_count=128 registry_cap=128
  witness[00] tail=20 r61=19 gh60=0xd938ba6 W1=0x39c3,0x1a78,0x1d35 W2=0x38d0,0x2e6c,0x4c7
  witness[01] tail=22 r61=17 gh60=0xc88c4ae W1=0xb40,0xc12,0x2c5d W2=0xa4d,0x3da3,0x9e6
  witness[02] tail=22 r61=20 gh60=0x4af84ea W1=0x41d,0x286a,0xabf W2=0x32a,0x2ea0,0x1397
  witness[03] tail=22 r61=25 gh60=0xcafbb6a W1=0x11d1,0x1bff,0x298b W2=0x10de,0x6fe,0x3f42
  witness[04] tail=22 r61=28 gh60=0xddb859a W1=0x34a5,0x361b,0x1670 W2=0x33b2,0x33c2,0x3a40
  witness[05] tail=23 r61=13 gh60=0x5a084ea W1=0x121d,0x282a,0x3cbf W2=0x112a,0x3cdc,0x34ab
  witness[06] tail=23 r61=16 gh60=0x5534d6e W1=0x1860,0x648,0x9f0 W2=0x176d,0x3688,0xb32
  witness[07] tail=23 r61=21 gh60=0x59284a6 W1=0x2543,0x2401,0xe80 W2=0x2450,0x37c,0x1d5a
  witness[08] tail=23 r61=22 gh60=0xb4d85be W1=0x2ab7,0x8a5,0x33a9 W2=0x29c4,0xb5b,0x3773
  witness[09] tail=23 r61=25 gh60=0xbe1c5e6 W1=0x129c,0x2708,0x1b42 W2=0x11a9,0x7b2,0xa59
  witness[10] tail=24 r61=13 gh60=0x4888caa W1=0x3941,0x1a78,0x2dee W2=0x384e,0x2ca7,0x1173
  witness[11] tail=24 r61=15 gh60=0x498c4ae W1=0xd40,0xc12,0x3af4 W2=0xc4d,0x3b23,0x3ac1
  witness[12] tail=24 r61=15 gh60=0x5a084ea W1=0x121d,0x292b,0x1560 W2=0x112a,0x3ddd,0x110d
  witness[13] tail=24 r61=18 gh60=0xd6b84be W1=0x22f7,0x8a5,0x3d2c W2=0x2204,0xa47,0x467
  witness[14] tail=25 r61=15 gh60=0x498cf9a W1=0x76a,0x3e52,0x311 W2=0x677,0x2bf1,0x39c
  witness[15] tail=25 r61=20 gh60=0xc70c56a W1=0x145e,0x21ce,0x3e6b W2=0x136b,0x344d,0x1e53

Scan-only r61 registry
  registry_count=128 registry_cap=128
  r61_witness[00] r61=12 tail=30 gh60=0xc60bcea W1=0xe11,0x15b7,0x2b1c W2=0xd1e,0x942,0xbf
  r61_witness[01] r61=13 tail=23 gh60=0x5a084ea W1=0x121d,0x282a,0x3cbf W2=0x112a,0x3cdc,0x34ab
  r61_witness[02] r61=13 tail=24 gh60=0x4888caa W1=0x3941,0x1a78,0x2dee W2=0x384e,0x2ca7,0x1173
  r61_witness[03] r61=14 tail=32 gh60=0x48984aa W1=0x1d2d,0x110e,0x5fc W2=0x1c3a,0x260a,0x3327
  r61_witness[04] r61=14 tail=32 gh60=0x5939b6a W1=0x21e1,0xec6,0x38ff W2=0x20ee,0x6b9,0x3c00
  r61_witness[05] r61=15 tail=28 gh60=0xcc984e6 W1=0x2423,0x325e,0x3fc0 W2=0x2330,0x3de5,0x5ac
  r61_witness[06] r61=15 tail=28 gh60=0x35f879a W1=0x3385,0x1417,0x382a W2=0x3292,0x16a8,0x27b8
  r61_witness[07] r61=15 tail=30 gh60=0x488dcaa W1=0x12e,0x99f,0x3d2d W2=0x3b,0xd9f,0x3336
  r61_witness[08] r61=15 tail=31 gh60=0x4a184a6 W1=0x1403,0x319b,0x1fbb W2=0x1310,0x1096,0x9f4
  r61_witness[09] r61=16 tail=23 gh60=0x5534d6e W1=0x1860,0x648,0x9f0 W2=0x176d,0x3688,0xb32
  r61_witness[10] r61=16 tail=27 gh60=0x46efc9a W1=0x2ee6,0x1c45,0x1301 W2=0x2df3,0x3756,0x3c99
  r61_witness[11] r61=16 tail=28 gh60=0xca08ce6 W1=0x71b,0x307c,0x2b2d W2=0x628,0xa82,0x2ea4
  r61_witness[12] r61=16 tail=30 gh60=0x4508d6a W1=0x2661,0x16a4,0x2a07 W2=0x256e,0x1bff,0x1028
  r61_witness[13] r61=16 tail=32 gh60=0x55d459a W1=0xaa6,0x1203,0x3363 W2=0x9b3,0x2dc1,0x1047
  r61_witness[14] r61=16 tail=32 gh60=0x3617bee W1=0xd90,0x24cb,0x14e W2=0xc9d,0x757,0x371a
  r61_witness[15] r61=16 tail=32 gh60=0x48d84ba W1=0x3b39,0x185c,0x3cc9 W2=0x3a46,0x111e,0x15b9

Second-stage local refinement
  seed pool: count=128 cap=128
  top seeds: [tail20/r6119 W=0x39c3,0x1a78,0x1d35] [tail22/r6117 W=0xb40,0xc12,0x2c5d] [tail22/r6120 W=0x41d,0x286a,0xabf] [tail22/r6125 W=0x11d1,0x1bff,0x298b] [tail22/r6128 W=0x34a5,0x361b,0x1670] [tail23/r6113 W=0x121d,0x282a,0x3cbf] [tail23/r6116 W=0x1860,0x648,0x9f0] [tail23/r6121 W=0x2543,0x2401,0xe80]
  budget=500000000 tested=500000000 D60=0=31421 collisions=0 seed_inserts=75 prefix_enums=30514
  D60=0 rate: 0.000063
  phase tested/D60=0: single=3108/12 double=63714/14 walk=0/0 prefix=499933178/31395
  min refined D60 HW: 0 d60=0x0 at W1[57..59]=0xb40,0xc12,0x2c5d
  best refined tail HW: 20 (scan best 22, improvements=1)
  best refined tail W1[57..59]=0x39c3,0x1a78,0x1d35
  best refined tail W2[57..59]=0x38d0,0x2e6c,0x4c7
  best refined r61 HW: 12 (scan best 12, improvements=0)
  best refined r61 W1[57..59]=0xe11,0x15b7,0x2b1c
  best refined r61 W2[57..59]=0xd1e,0x942,0xbf

D60=0 fiber histogram: 1:8003 2:4745 3:1833 4:1095 5:449 6:240 7:74 8:57 9:28 10:20 11:10 12:2 13:2 14:1 15:1 16:2 18:1 25:1
