free_word_mitm_reducedn
N=14 mask=0x3fff msb=0x2000
candidate: M0=0x3d36 mode=random-fallback fill=0x3fff kernel=dM0=dM9=0x2000
prefixes=32768/268435456 mode=permuted-prefix-sample w59_per_prefix=16384 total=536870912
run_mode=scan registry_cap=16
sample_start=210206720
scan_elapsed=18.744s rate=28.64 Mtriples/s

D60 interface
  D60=0 matches: 32405 (random expectation 32768.0, enrichment 0.989x)
  prefixes with D60=0: 16458
  max D60=0 fiber per prefix: 19 at W57=0x31cf W58=0x217c
  largest D60 bucket: D=0x347b count=33908
  min D60 HW: 0
  D60 HW histogram: 0:32405 1:456274 2:2976740 3:11898850 4:32759239 5:65552072 6:98415496 7:112519806 8:98438830 9:65622892 10:32808784 11:11919853 12:2978539 13:458653 14:32479

Tail closure among D60=0 matches
  final tail collisions: 0
  best r61 HW: 15
  best r61 W1[57..59]=0x3be,0x622,0x27bb
  best r61 W2[57..59]=0x2cb,0x75b,0x3fe1
  best tail HW: 21
  best tail r61 HW: 23
  best W1[57..59]=0x1e3e,0x3a1f,0x1cab
  best W2[57..59]=0x1d4b,0x3d3,0x1a1

SUMMARY N=14 sample_start=210206720 prefixes=32768 total=536870912 d0=32405 best_tail=21 tail_r61=23 best_r61=15 tail_W1=0x1e3e,0x3a1f,0x1cab tail_W2=0x1d4b,0x3d3,0x1a1 r61_W1=0x3be,0x622,0x27bb r61_W2=0x2cb,0x75b,0x3fe1

Scan-only witness registry
  registry_count=16 registry_cap=16
  witness[00] tail=21 r61=23 gh60=0x3d7dcaa W1=0x1e3e,0x3a1f,0x1cab W2=0x1d4b,0x3d3,0x1a1
  witness[01] tail=22 r61=22 gh60=0x4d1dc9a W1=0x1e4a,0x3d6,0x3b40 W2=0x1d57,0x2e97,0x3e9c
  witness[02] tail=22 r61=24 gh60=0xf76c59e W1=0xaa8,0x21a6,0x3938 W2=0x9b5,0x2584,0x3ad4
  witness[03] tail=23 r61=17 gh60=0x4a19de6 W1=0x2093,0x3f4,0x1f20 W2=0x1fa0,0x1640,0x2371
  witness[04] tail=23 r61=18 gh60=0xd8edc9a W1=0x126,0x2b49,0x2f6d W2=0x33,0xfd6,0x35d
  witness[05] tail=23 r61=19 gh60=0xfd244aa W1=0x242,0x80e,0x2918 W2=0x14f,0xb23,0x2c5b
  witness[06] tail=23 r61=23 gh60=0xc57457e W1=0x1458,0x1f36,0x24f8 W2=0x1365,0x3203,0x1b06
  witness[07] tail=23 r61=23 gh60=0xfa38dfa W1=0x3895,0x141a,0x252e W2=0x37a2,0x1075,0x6cc
  witness[08] tail=24 r61=28 gh60=0xdd5c49e W1=0x1a28,0x3d9e,0x1325 W2=0x1935,0x950,0x210b
  witness[09] tail=25 r61=17 gh60=0xc598daa W1=0x166d,0x2d65,0x3501 W2=0x157a,0xd48,0x33c3
  witness[10] tail=25 r61=18 gh60=0x56184e6 W1=0x3313,0x2679,0x2fd7 W2=0x3220,0x3a60,0x1307
  witness[11] tail=25 r61=19 gh60=0x4b04566 W1=0x345c,0x2853,0x347e W2=0x3369,0x3495,0x1f45
  witness[12] tail=25 r61=20 gh60=0xc628c9a W1=0x3905,0xa33,0x576 W2=0x3812,0x3e05,0x115b
  witness[13] tail=25 r61=21 gh60=0x4ad45fe W1=0x2498,0x5a2,0x3940 W2=0x23a5,0xce3,0xa58
  witness[14] tail=25 r61=23 gh60=0x4adfcfa W1=0x2e16,0x34d7,0x1a83 W2=0x2d23,0x118f,0x22b8
  witness[15] tail=25 r61=24 gh60=0xfd885ae W1=0x4af,0x293c,0x123c W2=0x3bc,0xdf4,0x18bb

Scan-only r61 registry
  registry_count=16 registry_cap=16
  r61_witness[00] r61=15 tail=33 gh60=0x48947aa W1=0x3be,0x622,0x27bb W2=0x2cb,0x75b,0x3fe1
  r61_witness[01] r61=15 tail=34 gh60=0xca085e6 W1=0x3a9b,0x3f49,0x17f W2=0x39a8,0x23f4,0x1111
  r61_witness[02] r61=16 tail=30 gh60=0x391877a W1=0x1b55,0x1d0c,0x34e4 W2=0x1a62,0x21e4,0x2625
  r61_witness[03] r61=16 tail=30 gh60=0x5b04566 W1=0x244c,0x386f,0x739 W2=0x2359,0x26b9,0x1030
  r61_witness[04] r61=16 tail=30 gh60=0x4788cae W1=0x373f,0x1e95,0x3bc3 W2=0x364c,0xae4,0x302d
  r61_witness[05] r61=16 tail=31 gh60=0x5b9db6a W1=0x3d62,0x1ee0,0x30bc W2=0x3c6f,0xa38,0x837
  r61_witness[06] r61=16 tail=31 gh60=0x4605ce6 W1=0x3e1c,0x3aad,0x1c16 W2=0x3d29,0x1ab2,0x29d
  r61_witness[07] r61=16 tail=32 gh60=0xc927b6a W1=0x1152,0x35c3,0x6e1 W2=0x105f,0x10c7,0x1585
  r61_witness[08] r61=16 tail=32 gh60=0xd89bba6 W1=0x2dbb,0x88f,0x3b65 W2=0x2cc8,0x5cd,0x1a7e
  r61_witness[09] r61=16 tail=32 gh60=0xcae8b66 W1=0x35e3,0x3e54,0x2767 W2=0x34f0,0xf4e,0x33ff
  r61_witness[10] r61=16 tail=34 gh60=0x4e24ce6 W1=0x3614,0x22bb,0x3364 W2=0x3521,0x3062,0x2960
  r61_witness[11] r61=16 tail=34 gh60=0x452859e W1=0x3cc7,0x2f1c,0x1ccb W2=0x3bd4,0x59f,0x3aa9
  r61_witness[12] r61=16 tail=37 gh60=0x4dbbcaa W1=0x3001,0x2f64,0x241a W2=0x2f0e,0x22db,0xf9
  r61_witness[13] r61=16 tail=39 gh60=0xc50459a W1=0x14ca,0x310d,0x2c32 W2=0x13d7,0x2efb,0x1ced
  r61_witness[14] r61=17 tail=23 gh60=0x4a19de6 W1=0x2093,0x3f4,0x1f20 W2=0x1fa0,0x1640,0x2371
  r61_witness[15] r61=17 tail=25 gh60=0xc598daa W1=0x166d,0x2d65,0x3501 W2=0x157a,0xd48,0x33c3

D60=0 fiber histogram: 1:7916 2:4816 3:1829 4:1083 5:398 6:207 7:70 8:59 9:28 10:25 11:10 12:8 13:4 14:1 15:1 18:2 19:1
