free_word_mitm_reducedn
N=14 mask=0x3fff msb=0x2000
candidate: M0=0x3d36 mode=random-fallback fill=0x3fff kernel=dM0=dM9=0x2000
prefixes=32768/268435456 mode=permuted-prefix-sample w59_per_prefix=16384 total=536870912
run_mode=scan registry_cap=16
sample_start=252149760
scan_elapsed=18.766s rate=28.61 Mtriples/s

D60 interface
  D60=0 matches: 32755 (random expectation 32768.0, enrichment 1.000x)
  prefixes with D60=0: 16537
  max D60=0 fiber per prefix: 16 at W57=0xe05 W58=0x624
  largest D60 bucket: D=0xe74 count=33746
  min D60 HW: 0
  D60 HW histogram: 0:32755 1:454818 2:2969451 3:11895775 4:32745909 5:65556552 6:98400267 7:112488831 8:98454271 9:65659338 10:32812477 11:11928941 12:2980601 13:458588 14:32338

Tail closure among D60=0 matches
  final tail collisions: 0
  best r61 HW: 13
  best r61 W1[57..59]=0x2f0c,0x1ef8,0x3373
  best r61 W2[57..59]=0x2e19,0x1819,0x3051
  best tail HW: 22
  best tail r61 HW: 20
  best W1[57..59]=0x36e4,0x838,0x2f13
  best W2[57..59]=0x35f1,0xba3,0x1323

SUMMARY N=14 sample_start=252149760 prefixes=32768 total=536870912 d0=32755 best_tail=22 tail_r61=20 best_r61=13 tail_W1=0x36e4,0x838,0x2f13 tail_W2=0x35f1,0xba3,0x1323 r61_W1=0x2f0c,0x1ef8,0x3373 r61_W2=0x2e19,0x1819,0x3051

Scan-only witness registry
  registry_count=16 registry_cap=16
  witness[00] tail=22 r61=20 gh60=0x5eecd66 W1=0x36e4,0x838,0x2f13 W2=0x35f1,0xba3,0x1323
  witness[01] tail=23 r61=16 gh60=0x4998b66 W1=0x563,0x3038,0x1227 W2=0x470,0x3e36,0x1f74
  witness[02] tail=23 r61=17 gh60=0xde04cfa W1=0x291a,0x3f29,0x3e8b W2=0x2827,0x2365,0x1098
  witness[03] tail=23 r61=19 gh60=0xd494cae W1=0x1830,0x15a5,0x716 W2=0x173d,0x3f05,0x1e7c
  witness[04] tail=23 r61=20 gh60=0xbbb9cba W1=0x20f5,0x1ad7,0x2a7a W2=0x2002,0x3fd2,0x3aec
  witness[05] tail=23 r61=27 gh60=0xcf2476a W1=0x2b52,0x3c9e,0x308a W2=0x2a5f,0x3101,0x15e8
  witness[06] tail=25 r61=17 gh60=0x48bcfaa W1=0x17ae,0x2f04,0x2fde W2=0x16bb,0x3c0c,0x117a
  witness[07] tail=25 r61=18 gh60=0xc8844a6 W1=0x52c,0x2500,0x21 W2=0x439,0x115e,0x1fb3
  witness[08] tail=25 r61=21 gh60=0x3a184ea W1=0x1b0d,0x2901,0x2ca W2=0x1a1a,0x4f7,0x3ee7
  witness[09] tail=25 r61=21 gh60=0x7e09ce6 W1=0x1e0b,0x80f,0x16e0 W2=0x1d18,0x1833,0x1ed0
  witness[10] tail=25 r61=21 gh60=0xda1dcaa W1=0x2102,0x1a43,0x2e83 W2=0x200f,0x1a97,0x3cfd
  witness[11] tail=25 r61=21 gh60=0x3e984a6 W1=0x2aeb,0x69f,0x1b0c W2=0x29f8,0x257a,0x103b
  witness[12] tail=25 r61=23 gh60=0x4efcca6 W1=0x28fc,0x3d14,0x3170 W2=0x2809,0x26a1,0x53a
  witness[13] tail=25 r61=24 gh60=0xc4a84ba W1=0x3439,0x722,0x30e W2=0x3346,0x3ba4,0x3fb8
  witness[14] tail=25 r61=25 gh60=0xda0cde6 W1=0x368c,0x2d63,0x717 W2=0x3599,0x13a2,0x18c1
  witness[15] tail=25 r61=26 gh60=0x5e08bea W1=0x159d,0x27fd,0x191 W2=0x14aa,0x2a78,0xffd

Scan-only r61 registry
  registry_count=16 registry_cap=16
  r61_witness[00] r61=13 tail=35 gh60=0x460fce6 W1=0x2f0c,0x1ef8,0x3373 W2=0x2e19,0x1819,0x3051
  r61_witness[01] r61=14 tail=28 gh60=0x498ccaa W1=0x273e,0x1fc6,0x36a5 W2=0x264b,0x2336,0x1de2
  r61_witness[02] r61=14 tail=31 gh60=0x488bca6 W1=0x2f2b,0xeec,0x38fe W2=0x2e38,0x178e,0x312
  r61_witness[03] r61=14 tail=34 gh60=0x4669c9e W1=0x1de7,0x26ff,0x2bc9 W2=0x1cf4,0x37f3,0x291a
  r61_witness[04] r61=15 tail=33 gh60=0x4a08dea W1=0x269d,0xd1c,0x2ea0 W2=0x25aa,0x1aeb,0xd95
  r61_witness[05] r61=15 tail=40 gh60=0xb685d9a W1=0x206a,0x3bf2,0x2b5e W2=0x1f77,0x22cb,0x1bd3
  r61_witness[06] r61=16 tail=23 gh60=0x4998b66 W1=0x563,0x3038,0x1227 W2=0x470,0x3e36,0x1f74
  r61_witness[07] r61=16 tail=26 gh60=0xca25daa W1=0x2082,0x1736,0x1898 W2=0x1f8f,0x1fa2,0x187a
  r61_witness[08] r61=16 tail=27 gh60=0x46d7f9e W1=0xf88,0x1cd3,0xcae W2=0xe95,0x1fc,0x1cda
  r61_witness[09] r61=16 tail=33 gh60=0xc6e8cfa W1=0x2915,0xa22,0x318a W2=0x2822,0x2a95,0x23d4
  r61_witness[10] r61=16 tail=34 gh60=0xda28ba6 W1=0x3983,0x3bac,0x3b5 W2=0x3890,0x1010,0x19bd
  r61_witness[11] r61=16 tail=35 gh60=0x4f14b6a W1=0x94e,0x330e,0x2830 W2=0x85b,0x2956,0x25ab
  r61_witness[12] r61=16 tail=37 gh60=0x48a47aa W1=0x3bb2,0x3907,0x1fcf W2=0x3abf,0x3c54,0x201c
  r61_witness[13] r61=17 tail=23 gh60=0xde04cfa W1=0x291a,0x3f29,0x3e8b W2=0x2827,0x2365,0x1098
  r61_witness[14] r61=17 tail=25 gh60=0x48bcfaa W1=0x17ae,0x2f04,0x2fde W2=0x16bb,0x3c0c,0x117a
  r61_witness[15] r61=17 tail=27 gh60=0xc9987ae W1=0x33bf,0x2ae6,0x3898 W2=0x32cc,0x332e,0x198c

D60=0 fiber histogram: 1:7955 2:4802 3:1755 4:1134 5:453 6:228 7:67 8:83 9:22 10:17 11:8 12:5 13:3 14:2 15:2 16:1
