free_word_mitm_reducedn
N=14 mask=0x3fff msb=0x2000
candidate: M0=0x3d36 mode=random-fallback fill=0x3fff kernel=dM0=dM9=0x2000
prefixes=32768/268435456 mode=permuted-prefix-sample w59_per_prefix=16384 total=536870912
run_mode=scan registry_cap=16
sample_start=23625728
scan_elapsed=20.322s rate=26.42 Mtriples/s

D60 interface
  D60=0 matches: 32435 (random expectation 32768.0, enrichment 0.990x)
  prefixes with D60=0: 16488
  max D60=0 fiber per prefix: 26 at W57=0x33b4 W58=0x6e2
  largest D60 bucket: D=0x106e count=33823
  min D60 HW: 0
  D60 HW histogram: 0:32435 1:457468 2:2979411 3:11915753 4:32757509 5:65558334 6:98392758 7:112508905 8:98462301 9:65634207 10:32795280 11:11915002 12:2972233 13:456895 14:32421

Tail closure among D60=0 matches
  final tail collisions: 0
  best r61 HW: 13
  best r61 W1[57..59]=0x3bb2,0x34c6,0x9b0
  best r61 W2[57..59]=0x3abf,0x3813,0x1356
  best tail HW: 23
  best tail r61 HW: 27
  best W1[57..59]=0x26cd,0x33a2,0x3825
  best W2[57..59]=0x25da,0x1f5,0x612

SUMMARY N=14 sample_start=23625728 prefixes=32768 total=536870912 d0=32435 best_tail=23 tail_r61=27 best_r61=13 tail_W1=0x26cd,0x33a2,0x3825 tail_W2=0x25da,0x1f5,0x612 r61_W1=0x3bb2,0x34c6,0x9b0 r61_W2=0x3abf,0x3813,0x1356

Scan-only witness registry
  registry_count=16 registry_cap=16
  witness[00] tail=23 r61=27 gh60=0x4f18d6a W1=0x26cd,0x33a2,0x3825 W2=0x25da,0x1f5,0x612
  witness[01] tail=24 r61=20 gh60=0xca1c4e6 W1=0xa0c,0xdd7,0x17f W2=0x919,0x2aab,0x5f
  witness[02] tail=24 r61=21 gh60=0xca78f9a W1=0x1769,0x2e55,0xe4f W2=0x1676,0x3deb,0x1cd1
  witness[03] tail=24 r61=22 gh60=0x4e6c5fe W1=0x1298,0x243d,0x23e1 W2=0x11a5,0x35fe,0x99e
  witness[04] tail=24 r61=23 gh60=0xba2ffa6 W1=0xf84,0x994,0x316d W2=0xe91,0x1f0f,0x2bb5
  witness[05] tail=24 r61=25 gh60=0xcfd9c9e W1=0x1e27,0x1e64,0x888 W2=0x1d34,0x2ad8,0x3dd8
  witness[06] tail=24 r61=27 gh60=0xc95cb7e W1=0x558,0xc34,0x18d1 W2=0x465,0x658,0x2b3
  witness[07] tail=25 r61=17 gh60=0x3909b6a W1=0x3d5d,0x2fc2,0x81b W2=0x3c6a,0x1ab1,0x33cc
  witness[08] tail=25 r61=18 gh60=0x4e085e6 W1=0x349b,0x3c03,0x13a0 W2=0x33a8,0x4ac,0x25eb
  witness[09] tail=25 r61=19 gh60=0x4fb44ae W1=0x3f0,0x223c,0x20f8 W2=0x2fd,0x3f5d,0x36c9
  witness[10] tail=25 r61=19 gh60=0x461bfa6 W1=0x2f83,0x1daa,0x2d07 W2=0x2e90,0x350c,0x5cf
  witness[11] tail=25 r61=20 gh60=0xc674ffe W1=0x1798,0x3313,0x55 W2=0x16a5,0x37e3,0xcb
  witness[12] tail=25 r61=21 gh60=0xda9cb6a W1=0x35e2,0x1a49,0x387a W2=0x34ef,0x1f9d,0x2c97
  witness[13] tail=25 r61=21 gh60=0x7938f9e W1=0x37c7,0x2e05,0x14a9 W2=0x36d4,0x35a7,0x17fd
  witness[14] tail=25 r61=22 gh60=0x49d459e W1=0x288,0x3459,0x2cba W2=0x195,0x395b,0x54
  witness[15] tail=25 r61=22 gh60=0xca97daa W1=0x307e,0x2ad2,0x2a21 W2=0x2f8b,0x121a,0x3a1b

Scan-only r61 registry
  registry_count=16 registry_cap=16
  r61_witness[00] r61=13 tail=31 gh60=0x48bc7aa W1=0x3bb2,0x34c6,0x9b0 W2=0x3abf,0x3813,0x1356
  r61_witness[01] r61=15 tail=30 gh60=0x4884ca6 W1=0x192c,0xc6b,0x3114 W2=0x1839,0x588,0x2c6
  r61_witness[02] r61=15 tail=32 gh60=0x5605ce6 W1=0xc,0x3801,0x293d W2=0x3f19,0x3296,0x85a
  r61_witness[03] r61=16 tail=26 gh60=0xc604ce6 W1=0x90c,0xba8,0x3b82 W2=0x819,0x384b,0x3c17
  r61_witness[04] r61=16 tail=26 gh60=0x49a4baa W1=0x29b2,0x1163,0xc8b W2=0x28bf,0x3d6f,0x11b8
  r61_witness[05] r61=16 tail=27 gh60=0xca1c7ea W1=0x39e,0x2e38,0x37ca W2=0x2ab,0x33fb,0x3c52
  r61_witness[06] r61=16 tail=31 gh60=0xcc885aa W1=0x4b1,0x16a4,0x3c14 W2=0x3be,0x133c,0x39b2
  r61_witness[07] r61=16 tail=32 gh60=0x5998766 W1=0x2363,0x25a3,0x250d W2=0x2270,0xcfa,0x2bc4
  r61_witness[08] r61=16 tail=32 gh60=0x4884ca6 W1=0x272c,0x2327,0x2840 W2=0x2639,0x2fc4,0x3258
  r61_witness[09] r61=16 tail=33 gh60=0xcb88caa W1=0x7ed,0x1985,0x2333 W2=0x6fa,0x1c40,0x2b67
  r61_witness[10] r61=16 tail=34 gh60=0x4a17dea W1=0xe9e,0x63d,0x3df W2=0xdab,0x3989,0x298c
  r61_witness[11] r61=16 tail=35 gh60=0x4594caa W1=0x263e,0x156b,0x3772 W2=0x254b,0x1c9b,0x7fe
  r61_witness[12] r61=16 tail=35 gh60=0x5908f6e W1=0x37df,0x949,0x67a W2=0x36ec,0x978,0x710
  r61_witness[13] r61=16 tail=36 gh60=0x38887a6 W1=0x13ab,0x1094,0x17c4 W2=0x12b8,0xc69,0x129
  r61_witness[14] r61=16 tail=37 gh60=0xd604bfa W1=0x359a,0x1053,0x36af W2=0x34a7,0xe17,0xeec
  r61_witness[15] r61=16 tail=38 gh60=0x4488da6 W1=0x6bb,0x125,0x1600 W2=0x5c8,0x18c9,0x1424

D60=0 fiber histogram: 1:8046 2:4736 3:1782 4:1096 5:382 6:219 7:87 8:63 9:29 10:21 11:7 12:8 13:2 14:3 15:2 16:1 18:1 22:1 26:2
