free_word_mitm_reducedn
N=14 mask=0x3fff msb=0x2000
candidate: M0=0x3d36 mode=random-fallback fill=0x3fff kernel=dM0=dM9=0x2000
prefixes=32768/268435456 mode=permuted-prefix-sample w59_per_prefix=16384 total=536870912
run_mode=scan registry_cap=16
sample_start=203423744
scan_elapsed=19.302s rate=27.81 Mtriples/s

D60 interface
  D60=0 matches: 32413 (random expectation 32768.0, enrichment 0.989x)
  prefixes with D60=0: 16591
  max D60=0 fiber per prefix: 19 at W57=0x15ac W58=0xb1c
  largest D60 bucket: D=0x3277 count=33731
  min D60 HW: 0
  D60 HW histogram: 0:32413 1:457171 2:2974136 3:11913710 4:32789248 5:65618789 6:98429168 7:112522548 8:98421551 9:65579851 10:32760585 11:11903715 12:2977149 13:457925 14:32953

Tail closure among D60=0 matches
  final tail collisions: 0
  best r61 HW: 12
  best r61 W1[57..59]=0x3c03,0x3f4b,0x1400
  best r61 W2[57..59]=0x3b10,0x1e48,0xd35
  best tail HW: 21
  best tail r61 HW: 26
  best W1[57..59]=0x37af,0x26cd,0x2f6f
  best W2[57..59]=0x36bc,0x2c24,0x2034

SUMMARY N=14 sample_start=203423744 prefixes=32768 total=536870912 d0=32413 best_tail=21 tail_r61=26 best_r61=12 tail_W1=0x37af,0x26cd,0x2f6f tail_W2=0x36bc,0x2c24,0x2034 r61_W1=0x3c03,0x3f4b,0x1400 r61_W2=0x3b10,0x1e48,0xd35

Scan-only witness registry
  registry_count=16 registry_cap=16
  witness[00] tail=21 r61=17 gh60=0x5c885a6 W1=0x2aab,0x342,0x2c4 W2=0x29b8,0x1575,0x3b4d
  witness[01] tail=21 r61=26 gh60=0xb898fae W1=0x37af,0x26cd,0x2f6f W2=0x36bc,0x2c24,0x2034
  witness[02] tail=22 r61=22 gh60=0xc7f9f9a W1=0x3f85,0x2c79,0x3cbc W2=0x3e92,0x1b49,0xbd3
  witness[03] tail=23 r61=18 gh60=0xbda8dba W1=0x875,0x2b57,0x1f24 W2=0x782,0x15be,0x233
  witness[04] tail=23 r61=18 gh60=0xcb847ba W1=0x33ba,0x39e9,0xa3e W2=0x32c7,0x3aa8,0x1912
  witness[05] tail=23 r61=27 gh60=0xda784ba W1=0x9f9,0x33d0,0x2062 W2=0x906,0x18d2,0x1694
  witness[06] tail=23 r61=28 gh60=0xc9e849a W1=0x3ae9,0x61a,0x1a79 W2=0x39f6,0x3e67,0x3c7
  witness[07] tail=24 r61=16 gh60=0x4a18d9a W1=0x1685,0x16dd,0x20c1 W2=0x1592,0x1697,0x2093
  witness[08] tail=24 r61=21 gh60=0xfa89caa W1=0x1e01,0x220b,0x2f8f W2=0x1d0e,0x2c7a,0x81d
  witness[09] tail=24 r61=23 gh60=0x5dacb66 W1=0x35e4,0x628,0x2999 W2=0x34f1,0x1b23,0x377d
  witness[10] tail=25 r61=17 gh60=0x39847a6 W1=0x1b6c,0x18a5,0xcf7 W2=0x1a79,0x1279,0xb18
  witness[11] tail=25 r61=18 gh60=0x4a24bea W1=0x992,0x39e6,0x3426 W2=0x89f,0x287a,0x3832
  witness[12] tail=25 r61=20 gh60=0x37a849e W1=0xd27,0x57b,0x2d51 W2=0xc34,0x3a8,0x1cc1
  witness[13] tail=25 r61=22 gh60=0xce185ea W1=0x48d,0x39f4,0x36b3 W2=0x39a,0x70e,0x1705
  witness[14] tail=25 r61=22 gh60=0xcf98daa W1=0x8c1,0x3c75,0xf45 W2=0x7ce,0x35bc,0xb05
  witness[15] tail=25 r61=23 gh60=0xc4ac5be W1=0x24b8,0x3594,0x3afe W2=0x23c5,0x3c5b,0x1e1e

Scan-only r61 registry
  registry_count=16 registry_cap=16
  r61_witness[00] r61=12 tail=27 gh60=0x5e284a6 W1=0x3c03,0x3f4b,0x1400 W2=0x3b10,0x1e48,0xd35
  r61_witness[01] r61=14 tail=29 gh60=0x4919b6e W1=0x3ddf,0x1eae,0x663 W2=0x3cec,0x11b9,0x3e47
  r61_witness[02] r61=14 tail=35 gh60=0x4a084ee W1=0x231f,0x2f0b,0xd9d W2=0x222c,0xc95,0x34e2
  r61_witness[03] r61=14 tail=36 gh60=0xce07c9a W1=0xf0a,0x3d79,0x2caf W2=0xe17,0x107e,0x3cde
  r61_witness[04] r61=15 tail=27 gh60=0x460cbee W1=0x1990,0x3d2d,0x2a53 W2=0x189d,0x3fc1,0x15ef
  r61_witness[05] r61=15 tail=29 gh60=0xc888bae W1=0x19af,0x2936,0x21b4 W2=0x18bc,0x2d4d,0x1839
  r61_witness[06] r61=15 tail=30 gh60=0x4e044e6 W1=0x220c,0x69f,0x2343 W2=0x2119,0x2371,0x34a6
  r61_witness[07] r61=15 tail=30 gh60=0xc954f9e W1=0x37a8,0xa47,0x171b W2=0x36b5,0xfa2,0x772
  r61_witness[08] r61=15 tail=32 gh60=0xc8fc4be W1=0x3338,0x1348,0xa96 W2=0x3245,0x326b,0x3432
  r61_witness[09] r61=15 tail=37 gh60=0x46084e6 W1=0x240b,0x1d1e,0x207 W2=0x2318,0x7ff,0x29d
  r61_witness[10] r61=16 tail=24 gh60=0x4a18d9a W1=0x1685,0x16dd,0x20c1 W2=0x1592,0x1697,0x2093
  r61_witness[11] r61=16 tail=27 gh60=0xf928ba6 W1=0x15c3,0x3881,0x25a1 W2=0x14d0,0x1075,0x2f09
  r61_witness[12] r61=16 tail=27 gh60=0xb904b7a W1=0x19da,0x22e1,0x1801 W2=0x18e7,0x1cd9,0x125f
  r61_witness[13] r61=16 tail=30 gh60=0xc884ca6 W1=0x192c,0x18a1,0x2739 W2=0x1839,0x11be,0x323
  r61_witness[14] r61=16 tail=31 gh60=0x491bb7a W1=0xd55,0x1484,0x1be1 W2=0xc62,0x337f,0x1bda
  r61_witness[15] r61=16 tail=32 gh60=0x4905f66 W1=0x1fdc,0x138f,0x132e W2=0x1ee9,0x3d40,0x138f

D60=0 fiber histogram: 1:8126 2:4750 3:1792 4:1107 5:401 6:216 7:76 8:59 9:22 10:17 11:11 12:5 13:3 14:4 15:1 19:1
