free_word_mitm_reducedn
N=14 mask=0x3fff msb=0x2000
candidate: M0=0x3d36 mode=random-fallback fill=0x3fff kernel=dM0=dM9=0x2000
prefixes=32768/268435456 mode=permuted-prefix-sample w59_per_prefix=16384 total=536870912
run_mode=scan registry_cap=16
sample_start=161480704
scan_elapsed=19.588s rate=27.41 Mtriples/s

D60 interface
  D60=0 matches: 32448 (random expectation 32768.0, enrichment 0.990x)
  prefixes with D60=0: 16444
  max D60=0 fiber per prefix: 17 at W57=0x2f20 W58=0x2133
  largest D60 bucket: D=0x2c6e count=33790
  min D60 HW: 0
  D60 HW histogram: 0:32448 1:456672 2:2968015 3:11891283 4:32754046 5:65598541 6:98472399 7:112558626 8:98446460 9:65576371 10:32751085 11:11904316 12:2970717 13:457233 14:32700

Tail closure among D60=0 matches
  final tail collisions: 0
  best r61 HW: 15
  best r61 W1[57..59]=0x184c,0x1e5a,0xbd8
  best r61 W2[57..59]=0x1759,0x1da1,0x3e59
  best tail HW: 18
  best tail r61 HW: 20
  best W1[57..59]=0x28d1,0x395e,0x1732
  best W2[57..59]=0x27de,0x31d5,0x30f7

SUMMARY N=14 sample_start=161480704 prefixes=32768 total=536870912 d0=32448 best_tail=18 tail_r61=20 best_r61=15 tail_W1=0x28d1,0x395e,0x1732 tail_W2=0x27de,0x31d5,0x30f7 r61_W1=0x184c,0x1e5a,0xbd8 r61_W2=0x1759,0x1da1,0x3e59

Scan-only witness registry
  registry_count=16 registry_cap=16
  witness[00] tail=18 r61=20 gh60=0xd508d6a W1=0x28d1,0x395e,0x1732 W2=0x27de,0x31d5,0x30f7
  witness[01] tail=23 r61=16 gh60=0x49dbbba W1=0x11b9,0x2fcc,0xef W2=0x10c6,0x22e7,0xcd8
  witness[02] tail=23 r61=28 gh60=0xca044e6 W1=0x40c,0x3af3,0x2cca W2=0x319,0x3bc5,0x3985
  witness[03] tail=24 r61=17 gh60=0x4cb449a W1=0x2a26,0x3d19,0x9c5 W2=0x2933,0x20ef,0x280
  witness[04] tail=24 r61=19 gh60=0x4708f6e W1=0x17df,0x18a,0x291 W2=0x16ec,0x9c1,0x1678
  witness[05] tail=24 r61=21 gh60=0xc58cc9a W1=0x62a,0x3990,0x916 W2=0x537,0x2093,0x22a3
  witness[06] tail=24 r61=21 gh60=0xbb1bc9a W1=0x2f45,0x37f8,0x1e3a W2=0x2e52,0x12c4,0xd1d
  witness[07] tail=24 r61=22 gh60=0xbb09b66 W1=0x21cb,0x3f59,0x874 W2=0x20d8,0x6b9,0x5a0
  witness[08] tail=24 r61=24 gh60=0x573877a W1=0x2355,0x328e,0x2b01 W2=0x2262,0x2966,0x3037
  witness[09] tail=24 r61=25 gh60=0xcf18c9a W1=0x2845,0x2c9a,0x93d W2=0x2752,0xda4,0x2b1e
  witness[10] tail=24 r61=26 gh60=0x55d45ba W1=0xab6,0xf10,0x3fbd W2=0x9c3,0x2bb7,0x3b3b
  witness[11] tail=25 r61=19 gh60=0x46b9b66 W1=0x2163,0x1790,0x1942 W2=0x2070,0x1808,0x39af
  witness[12] tail=25 r61=20 gh60=0xca087ea W1=0x391,0x2ced,0x12f9 W2=0x29e,0x2dbb,0x3bc4
  witness[13] tail=25 r61=21 gh60=0x7a844a6 W1=0x3afc,0x1a57,0xd27 W2=0x3a09,0x3b23,0x2654
  witness[14] tail=25 r61=22 gh60=0x76044fa W1=0x1b1a,0x12a1,0x645 W2=0x1a27,0x9de,0x23fb
  witness[15] tail=25 r61=23 gh60=0x36084ea W1=0x321,0x3eaa,0x14e7 W2=0x22e,0x654,0x1e22

Scan-only r61 registry
  registry_count=16 registry_cap=16
  r61_witness[00] r61=15 tail=30 gh60=0x4f08d6e W1=0x64f,0xc6a,0x1263 W2=0x55c,0x3aa1,0x552
  r61_witness[01] r61=15 tail=36 gh60=0xcb04d66 W1=0x184c,0x1e5a,0xbd8 W2=0x1759,0x1da1,0x3e59
  r61_witness[02] r61=16 tail=23 gh60=0x49dbbba W1=0x11b9,0x2fcc,0xef W2=0x10c6,0x22e7,0xcd8
  r61_witness[03] r61=16 tail=30 gh60=0x49884ae W1=0x1cff,0x2e33,0xf3c W2=0x1c0c,0x1ac3,0x9d6
  r61_witness[04] r61=16 tail=31 gh60=0x450bd6e W1=0xedf,0x31ce,0x2e37 W2=0xdec,0x88d,0x545
  r61_witness[05] r61=16 tail=32 gh60=0xfe09cea W1=0x3e11,0x1ef4,0x202d W2=0x3d1e,0x277b,0x1398
  r61_witness[06] r61=16 tail=33 gh60=0x4889caa W1=0x1f31,0x4d7,0x162d W2=0x1e3e,0x696,0x544
  r61_witness[07] r61=17 tail=24 gh60=0x4cb449a W1=0x2a26,0x3d19,0x9c5 W2=0x2933,0x20ef,0x280
  r61_witness[08] r61=17 tail=26 gh60=0x458459a W1=0x1caa,0x24d1,0x16b1 W2=0x1bb7,0x22f7,0xd25
  r61_witness[09] r61=17 tail=26 gh60=0xca08dea W1=0x368d,0xd4c,0x2c42 W2=0x359a,0x2f2b,0x2803
  r61_witness[10] r61=17 tail=27 gh60=0x488ffae W1=0x2fc0,0x213,0xc5c W2=0x2ecd,0x2947,0x1357
  r61_witness[11] r61=17 tail=28 gh60=0xc90876a W1=0xb4d,0x37ac,0x2484 W2=0xa5a,0x260e,0x2c37
  r61_witness[12] r61=17 tail=28 gh60=0x4a68ce6 W1=0x3613,0x3110,0x3f9 W2=0x3520,0x32c6,0xf7e
  r61_witness[13] r61=17 tail=29 gh60=0x4cd459a W1=0x22a6,0x2eae,0x243d W2=0x21b3,0xae6,0x2147
  r61_witness[14] r61=17 tail=29 gh60=0xb50c56a W1=0x22ce,0x16e6,0x7e5 W2=0x21db,0xafd,0x336a
  r61_witness[15] r61=17 tail=30 gh60=0xc604cfa W1=0x271a,0x2cd5,0x212c W2=0x2627,0x1311,0x2465

D60=0 fiber histogram: 1:7978 2:4752 3:1780 4:1075 5:381 6:235 7:86 8:94 9:25 10:16 11:9 12:7 13:3 16:1 17:2
