free_word_mitm_reducedn
N=14 mask=0x3fff msb=0x2000
candidate: M0=0x3d36 mode=random-fallback fill=0x3fff kernel=dM0=dM9=0x2000
prefixes=32768/268435456 mode=permuted-prefix-sample w59_per_prefix=16384 total=536870912
run_mode=scan registry_cap=16
sample_start=263684096
scan_elapsed=19.061s rate=28.17 Mtriples/s

D60 interface
  D60=0 matches: 32626 (random expectation 32768.0, enrichment 0.996x)
  prefixes with D60=0: 16727
  max D60=0 fiber per prefix: 19 at W57=0x2e89 W58=0x4d
  largest D60 bucket: D=0x2e8f count=33843
  min D60 HW: 0
  D60 HW histogram: 0:32626 1:457449 2:2976923 3:11918164 4:32793275 5:65591048 6:98417042 7:112482614 8:98421468 9:65610919 10:32782665 11:11915699 12:2981306 13:457096 14:32618

Tail closure among D60=0 matches
  final tail collisions: 0
  best r61 HW: 14
  best r61 W1[57..59]=0x349b,0x1da,0x1e83
  best r61 W2[57..59]=0x33a8,0xa83,0x1c45
  best tail HW: 22
  best tail r61 HW: 20
  best W1[57..59]=0x5b9,0x1d4e,0x19fe
  best W2[57..59]=0x4c6,0x1da5,0xec5

SUMMARY N=14 sample_start=263684096 prefixes=32768 total=536870912 d0=32626 best_tail=22 tail_r61=20 best_r61=14 tail_W1=0x5b9,0x1d4e,0x19fe tail_W2=0x4c6,0x1da5,0xec5 r61_W1=0x349b,0x1da,0x1e83 r61_W2=0x33a8,0xa83,0x1c45

Scan-only witness registry
  registry_count=16 registry_cap=16
  witness[00] tail=22 r61=20 gh60=0x58f8bba W1=0x5b9,0x1d4e,0x19fe W2=0x4c6,0x1da5,0xec5
  witness[01] tail=23 r61=22 gh60=0x4bfc76a W1=0x34e,0x1fb4,0x31fa W2=0x25b,0x1c1b,0x2a0a
  witness[02] tail=23 r61=22 gh60=0x4be849e W1=0xc07,0x1b2f,0x375 W2=0xb14,0x2a22,0x3661
  witness[03] tail=24 r61=26 gh60=0x465fbba W1=0x1176,0x267e,0x1d39 W2=0x1083,0x1a5a,0x188b
  witness[04] tail=25 r61=14 gh60=0x5e085e6 W1=0x349b,0x1da,0x1e83 W2=0x33a8,0xa83,0x1c45
  witness[05] tail=25 r61=15 gh60=0x4a0449a W1=0x340a,0xf,0x3d44 W2=0x3317,0x3659,0x2449
  witness[06] tail=25 r61=23 gh60=0x4ce9cba W1=0x35,0x13ef,0x283b W2=0x3f42,0x342a,0x456
  witness[07] tail=25 r61=24 gh60=0xbb985a6 W1=0x2a6b,0x3d52,0x71d W2=0x2978,0x1015,0xff9
  witness[08] tail=26 r61=18 gh60=0xfa184ea W1=0x250d,0x34ac,0x1728 W2=0x241a,0x379e,0x3485
  witness[09] tail=26 r61=19 gh60=0x7887cba W1=0x113a,0x263f,0x2af5 W2=0x1047,0x326f,0x1aea
  witness[10] tail=26 r61=19 gh60=0x44985aa W1=0x1cbd,0x12c4,0xa5c W2=0x1bca,0x2ec8,0x2697
  witness[11] tail=26 r61=20 gh60=0x5e6cfea W1=0x792,0x2f29,0x2766 W2=0x69f,0x1fbd,0x235f
  witness[12] tail=26 r61=20 gh60=0x4a6849a W1=0x2409,0x2b55,0x2373 W2=0x2316,0x119e,0x153f
  witness[13] tail=26 r61=20 gh60=0x56847a6 W1=0x3b7c,0x212f,0x238 W2=0x3a89,0x1bf3,0x146c
  witness[14] tail=26 r61=21 gh60=0xf52bc9e W1=0x3047,0x2571,0xacb W2=0x2f54,0x1e21,0xa2e
  witness[15] tail=26 r61=21 gh60=0x4685cba W1=0x3efa,0x735,0x1c31 W2=0x3e07,0x29e9,0x3091

Scan-only r61 registry
  registry_count=16 registry_cap=16
  r61_witness[00] r61=14 tail=25 gh60=0x5e085e6 W1=0x349b,0x1da,0x1e83 W2=0x33a8,0xa83,0x1c45
  r61_witness[01] r61=14 tail=28 gh60=0x3b2857a W1=0x3cd5,0x2827,0x2ffc W2=0x3be2,0x274f,0x1a35
  r61_witness[02] r61=14 tail=33 gh60=0x4a2859e W1=0x487,0xcc4,0x3b77 W2=0x394,0x1355,0x1158
  r61_witness[03] r61=14 tail=38 gh60=0x4604c9a W1=0x190a,0x51a,0x44d W2=0x1817,0x369d,0x3cc6
  r61_witness[04] r61=15 tail=25 gh60=0x4a0449a W1=0x340a,0xf,0x3d44 W2=0x3317,0x3659,0x2449
  r61_witness[05] r61=15 tail=29 gh60=0x4929b7e W1=0x2157,0x197a,0x3db5 W2=0x2064,0x999,0x93d
  r61_witness[06] r61=15 tail=31 gh60=0x4a05c9a W1=0x10a,0x149d,0xe6a W2=0x17,0x33a6,0x2cef
  r61_witness[07] r61=15 tail=34 gh60=0x4e2bcfe W1=0x1117,0x36f9,0xa30 W2=0x1024,0x23d8,0x3247
  r61_witness[08] r61=16 tail=28 gh60=0x4487da6 W1=0xebc,0x268,0x1748 W2=0xdc9,0x51f,0x1e42
  r61_witness[09] r61=16 tail=28 gh60=0xc488daa W1=0x16b1,0x3bf3,0x33fa W2=0x15be,0xb4a,0x118e
  r61_witness[10] r61=16 tail=28 gh60=0xce25ca6 W1=0x1f04,0x2b63,0x2888 W2=0x1e11,0x161e,0x30fc
  r61_witness[11] r61=16 tail=28 gh60=0x4a69f9e W1=0x3f87,0x1d8,0x193b W2=0x3e94,0x38ec,0x2128
  r61_witness[12] r61=16 tail=29 gh60=0x4605ce6 W1=0x10c,0x3831,0x289 W2=0x19,0x22d6,0x6
  r61_witness[13] r61=16 tail=32 gh60=0xc608cea W1=0x1921,0x2e94,0x3098 W2=0x182e,0x33b,0x977
  r61_witness[14] r61=16 tail=32 gh60=0x48abbba W1=0x31b9,0x3977,0x3f93 W2=0x30c6,0x228a,0x1d6a
  r61_witness[15] r61=16 tail=33 gh60=0x4eacd66 W1=0x6e4,0x20fe,0x3bbd W2=0x5f1,0xf65,0x35a3

D60=0 fiber histogram: 1:8210 2:4808 3:1824 4:1063 5:384 6:224 7:77 8:65 9:31 10:20 11:9 12:3 13:3 14:1 15:1 16:1 18:2 19:1
