free_word_mitm_reducedn
N=14 mask=0x3fff msb=0x2000
candidate: M0=0x3d36 mode=random-fallback fill=0x3fff kernel=dM0=dM9=0x2000
prefixes=32768/268435456 mode=permuted-prefix-sample w59_per_prefix=16384 total=536870912
run_mode=scan registry_cap=16
sample_start=121077760
scan_elapsed=18.505s rate=29.01 Mtriples/s

D60 interface
  D60=0 matches: 32816 (random expectation 32768.0, enrichment 1.001x)
  prefixes with D60=0: 16637
  max D60=0 fiber per prefix: 18 at W57=0xbc8 W58=0x368
  largest D60 bucket: D=0x15c0 count=33734
  min D60 HW: 0
  D60 HW histogram: 0:32816 1:458759 2:2976175 3:11912529 4:32775196 5:65580480 6:98432318 7:112538712 8:98440893 9:65607384 10:32762244 11:11894420 12:2969529 13:456971 14:32486

Tail closure among D60=0 matches
  final tail collisions: 0
  best r61 HW: 14
  best r61 W1[57..59]=0x3666,0x187f,0x55a
  best r61 W2[57..59]=0x3573,0x7ee,0x330c
  best tail HW: 21
  best tail r61 HW: 16
  best W1[57..59]=0x3b43,0x2c4e,0x1ed5
  best W2[57..59]=0x3a50,0x3ccb,0x3867

SUMMARY N=14 sample_start=121077760 prefixes=32768 total=536870912 d0=32816 best_tail=21 tail_r61=16 best_r61=14 tail_W1=0x3b43,0x2c4e,0x1ed5 tail_W2=0x3a50,0x3ccb,0x3867 r61_W1=0x3666,0x187f,0x55a r61_W2=0x3573,0x7ee,0x330c

Scan-only witness registry
  registry_count=16 registry_cap=16
  witness[00] tail=21 r61=16 gh60=0xcf284a6 W1=0x3b43,0x2c4e,0x1ed5 W2=0x3a50,0x3ccb,0x3867
  witness[01] tail=22 r61=18 gh60=0xce784ea W1=0x3c11,0x1c37,0x3322 W2=0x3b1e,0x33c1,0x19bd
  witness[02] tail=23 r61=16 gh60=0xca884a6 W1=0x1beb,0x159e,0x1ef W2=0x1af8,0x1379,0x1f74
  witness[03] tail=23 r61=17 gh60=0xc507d66 W1=0x2ecc,0xf27,0x3212 W2=0x2dd9,0x17f4,0xfcb
  witness[04] tail=23 r61=18 gh60=0xd5945aa W1=0x126e,0x1448,0x2bf7 W2=0x117b,0x21e1,0x116f
  witness[05] tail=23 r61=25 gh60=0x4a19cfa W1=0x1f15,0x27f7,0xee3 W2=0x1e22,0xcea,0x1e55
  witness[06] tail=24 r61=20 gh60=0xcad8c9e W1=0x18e7,0xbd4,0xd75 W2=0x17f4,0x174a,0x1e38
  witness[07] tail=24 r61=21 gh60=0x591476a W1=0x135e,0x983,0x24d3 W2=0x126b,0x1fd2,0x462
  witness[08] tail=24 r61=24 gh60=0x78f5faa W1=0x3fbe,0x310,0x27de W2=0x3ecb,0x30c,0x2162
  witness[09] tail=24 r61=26 gh60=0xd67859a W1=0x2a65,0xc81,0x1942 W2=0x2972,0x38ae,0x234
  witness[10] tail=25 r61=19 gh60=0xb98cfa6 W1=0x27bc,0x2b14,0xf8 W2=0x26c9,0x1049,0x19a
  witness[11] tail=25 r61=21 gh60=0xd90876a W1=0x134d,0x2ef,0x273c W2=0x125a,0x645,0x380f
  witness[12] tail=25 r61=21 gh60=0x4e28cfa W1=0x1619,0x13a2,0x2770 W2=0x1526,0xe29,0x2a47
  witness[13] tail=25 r61=23 gh60=0xdaebd66 W1=0xee3,0x36ac,0x1b92 W2=0xdf0,0x1b18,0xba7
  witness[14] tail=25 r61=25 gh60=0x4e88baa W1=0x97d,0x1fb6,0x2206 W2=0x88a,0xc69,0x3ec1
  witness[15] tail=25 r61=29 gh60=0x58ecbea W1=0x9a2,0x367b,0x2a4b W2=0x8af,0x24a3,0xc0d

Scan-only r61 registry
  registry_count=16 registry_cap=16
  r61_witness[00] r61=14 tail=28 gh60=0x4a085ea W1=0x248d,0x279f,0x333e W2=0x239a,0x32b9,0x1e03
  r61_witness[01] r61=14 tail=30 gh60=0x4e74d9a W1=0x3666,0x187f,0x55a W2=0x3573,0x7ee,0x330c
  r61_witness[02] r61=15 tail=30 gh60=0x4d89caa W1=0x1e2d,0x3d21,0x2130 W2=0x1d3a,0x2dc,0x39d9
  r61_witness[03] r61=15 tail=30 gh60=0xcb09b6e W1=0x3ddf,0xa64,0x3de W2=0x3cec,0x3d6f,0x11ec
  r61_witness[04] r61=15 tail=31 gh60=0x4a6bbe6 W1=0x2d93,0x2217,0x36da W2=0x2ca0,0x1ef7,0x17b9
  r61_witness[05] r61=15 tail=33 gh60=0xca08de6 W1=0x388b,0x2fb7,0x2b64 W2=0x3798,0x3375,0x3afa
  r61_witness[06] r61=16 tail=21 gh60=0xcf284a6 W1=0x3b43,0x2c4e,0x1ed5 W2=0x3a50,0x3ccb,0x3867
  r61_witness[07] r61=16 tail=23 gh60=0xca884a6 W1=0x1beb,0x159e,0x1ef W2=0x1af8,0x1379,0x1f74
  r61_witness[08] r61=16 tail=29 gh60=0xce047e6 W1=0x138c,0x14a1,0xa01 W2=0x1299,0xcef,0xca0
  r61_witness[09] r61=16 tail=29 gh60=0xce384fa W1=0x2d19,0x5db,0x29b8 W2=0x2c26,0x2b93,0x2028
  r61_witness[10] r61=16 tail=29 gh60=0x5b0cb66 W1=0x355c,0x2857,0x17aa W2=0x3469,0x62a,0x3ec2
  r61_witness[11] r61=16 tail=29 gh60=0x4609cea W1=0x3f11,0x1ed9,0x3099 W2=0x3e1e,0x2310,0x2458
  r61_witness[12] r61=16 tail=30 gh60=0xdb0477a W1=0x3da,0x2278,0x25a9 W2=0x2e7,0x1749,0xfd2
  r61_witness[13] r61=16 tail=30 gh60=0x5a28cfe W1=0x2717,0x152d,0x12ae W2=0x2624,0xf84,0xa0a
  r61_witness[14] r61=16 tail=31 gh60=0xce1fce6 W1=0x2e1c,0x1d68,0x2949 W2=0x2d29,0x2a69,0x23cd
  r61_witness[15] r61=16 tail=34 gh60=0x4a085ea W1=0x149d,0x158e,0xbe6 W2=0x13aa,0x3498,0x18e

D60=0 fiber histogram: 1:8093 2:4817 3:1719 4:1139 5:411 6:227 7:84 8:69 9:33 10:21 11:7 12:7 13:2 14:3 15:1 16:2 18:2
