free_word_mitm_reducedn
N=14 mask=0x3fff msb=0x2000
candidate: M0=0x3d36 mode=random-fallback fill=0x3fff kernel=dM0=dM9=0x2000
prefixes=32768/268435456 mode=permuted-prefix-sample w59_per_prefix=16384 total=536870912
run_mode=scan registry_cap=16
sample_start=188186624
scan_elapsed=19.007s rate=28.25 Mtriples/s

D60 interface
  D60=0 matches: 32373 (random expectation 32768.0, enrichment 0.988x)
  prefixes with D60=0: 16365
  max D60=0 fiber per prefix: 22 at W57=0x1de8 W58=0x149e
  largest D60 bucket: D=0x26d6 count=33875
  min D60 HW: 0
  D60 HW histogram: 0:32373 1:456159 2:2968560 3:11892346 4:32767505 5:65585102 6:98438559 7:112555892 8:98447793 9:65595962 10:32772886 11:11899364 12:2970452 13:455212 14:32747

Tail closure among D60=0 matches
  final tail collisions: 0
  best r61 HW: 12
  best r61 W1[57..59]=0x1b9a,0x274f,0x23aa
  best r61 W2[57..59]=0x1aa7,0x2894,0x1c33
  best tail HW: 19
  best tail r61 HW: 30
  best W1[57..59]=0x3550,0x2ab5,0x1551
  best W2[57..59]=0x345d,0x38d9,0x265b

SUMMARY N=14 sample_start=188186624 prefixes=32768 total=536870912 d0=32373 best_tail=19 tail_r61=30 best_r61=12 tail_W1=0x3550,0x2ab5,0x1551 tail_W2=0x345d,0x38d9,0x265b r61_W1=0x1b9a,0x274f,0x23aa r61_W2=0x1aa7,0x2894,0x1c33

Scan-only witness registry
  registry_count=16 registry_cap=16
  witness[00] tail=19 r61=30 gh60=0xcbfcb6e W1=0x3550,0x2ab5,0x1551 W2=0x345d,0x38d9,0x265b
  witness[01] tail=21 r61=18 gh60=0x4709d6e W1=0x3e4f,0xc92,0x14f9 W2=0x3d5c,0x3845,0x24a7
  witness[02] tail=22 r61=16 gh60=0x3dd85ba W1=0x4b9,0x250a,0x681 W2=0x3c6,0x1a0,0x3cb7
  witness[03] tail=24 r61=14 gh60=0xc884ca6 W1=0x273c,0x3fdd,0x25d W2=0x2649,0xb6a,0x3389
  witness[04] tail=24 r61=16 gh60=0xcb247a6 W1=0x2bc4,0xa4a,0x104e W2=0x2ad1,0x3430,0xbd0
  witness[05] tail=24 r61=19 gh60=0x57d859a W1=0x1ac9,0x1e1d,0x1096 W2=0x19d6,0xa08,0x38f3
  witness[06] tail=24 r61=20 gh60=0x4a54dfa W1=0x896,0x3a95,0x2c4a W2=0x7a3,0x16f5,0x38e5
  witness[07] tail=24 r61=21 gh60=0x5dd7dba W1=0x10b6,0x25f5,0x3978 W2=0xfc3,0x3261,0x3f0
  witness[08] tail=24 r61=22 gh60=0xdd8ddae W1=0x1ec0,0x2e95,0x17ca W2=0x1dcd,0x1851,0x2399
  witness[09] tail=24 r61=22 gh60=0x7e587fe W1=0x2397,0x2369,0x1425 W2=0x22a4,0x1ab9,0x4d0
  witness[10] tail=24 r61=23 gh60=0x49b44aa W1=0x3cee,0x3b35,0x175f W2=0x3bfb,0x12b6,0xd9a
  witness[11] tail=24 r61=27 gh60=0xdda9dbe W1=0x2077,0x3733,0x3615 W2=0x1f84,0x3bfa,0x2268
  witness[12] tail=25 r61=19 gh60=0xc5285a6 W1=0x1cc3,0x3baa,0x32d8 W2=0x1bd0,0x1fff,0xe10
  witness[13] tail=25 r61=20 gh60=0xcb98caa W1=0x1941,0x1267,0x2884 W2=0x184e,0x2496,0x235a
  witness[14] tail=25 r61=21 gh60=0xf9784e6 W1=0x3d23,0x22d9,0x24f2 W2=0x3c30,0x114a,0x240f
  witness[15] tail=25 r61=22 gh60=0x7b04b66 W1=0x194c,0x322a,0x1ee9 W2=0x1859,0x401,0x220d

Scan-only r61 registry
  registry_count=16 registry_cap=16
  r61_witness[00] r61=12 tail=28 gh60=0x4a047fa W1=0x1b9a,0x274f,0x23aa W2=0x1aa7,0x2894,0x1c33
  r61_witness[01] r61=14 tail=24 gh60=0xc884ca6 W1=0x273c,0x3fdd,0x25d W2=0x2649,0xb6a,0x3389
  r61_witness[02] r61=14 tail=27 gh60=0x4629ce6 W1=0x3f13,0x126d,0x2f2 W2=0x3e20,0xf11,0x28c9
  r61_witness[03] r61=15 tail=26 gh60=0xca084ee W1=0x1c0f,0xa99,0x3806 W2=0x1b1c,0xc43,0x32de
  r61_witness[04] r61=15 tail=27 gh60=0x490876a W1=0x351,0x3b12,0x62e W2=0x25e,0x3b78,0x58e
  r61_witness[05] r61=15 tail=29 gh60=0xca84c9a W1=0x16ea,0x28e9,0xcb7 W2=0x15f7,0x1e34,0x394d
  r61_witness[06] r61=15 tail=29 gh60=0x4a047fa W1=0x1b9a,0x274f,0x2baa W2=0x1aa7,0x2894,0x2433
  r61_witness[07] r61=15 tail=31 gh60=0x4719b66 W1=0x2153,0x1852,0xa74 W2=0x2060,0x17ba,0x1e03
  r61_witness[08] r61=15 tail=31 gh60=0x46045e6 W1=0x2c8c,0x1b38,0x312e W2=0x2b99,0x13f4,0x10bb
  r61_witness[09] r61=15 tail=37 gh60=0x4905b7a W1=0x1da,0x2e1a,0x3338 W2=0xe7,0x1e0e,0x1d7
  r61_witness[10] r61=16 tail=22 gh60=0x3dd85ba W1=0x4b9,0x250a,0x681 W2=0x3c6,0x1a0,0x3cb7
  r61_witness[11] r61=16 tail=24 gh60=0xcb247a6 W1=0x2bc4,0xa4a,0x104e W2=0x2ad1,0x3430,0xbd0
  r61_witness[12] r61=16 tail=29 gh60=0x4497cae W1=0xe40,0x106e,0xe W2=0xd4d,0x233a,0x3c56
  r61_witness[13] r61=16 tail=30 gh60=0xcd884aa W1=0x241,0x2419,0x3537 W2=0x14e,0x2709,0x2d5e
  r61_witness[14] r61=16 tail=30 gh60=0x44a84ba W1=0x2435,0x1cca,0x1b55 W2=0x2342,0x384,0x6f1
  r61_witness[15] r61=16 tail=32 gh60=0x44ac5e6 W1=0x14a4,0x3e29,0x2a12 W2=0x13b1,0x2085,0x35c

D60=0 fiber histogram: 1:7892 2:4692 3:1841 4:1095 5:396 6:236 7:71 8:76 9:30 10:18 11:6 12:3 13:3 14:2 16:1 17:1 19:1 22:1
