free_word_mitm_reducedn
N=14 mask=0x3fff msb=0x2000
candidate: M0=0x3d36 mode=random-fallback fill=0x3fff kernel=dM0=dM9=0x2000
prefixes=32768/268435456 mode=permuted-prefix-sample w59_per_prefix=16384 total=536870912
run_mode=scan registry_cap=16
sample_start=45580288
scan_elapsed=18.833s rate=28.51 Mtriples/s

D60 interface
  D60=0 matches: 32708 (random expectation 32768.0, enrichment 0.998x)
  prefixes with D60=0: 16500
  max D60=0 fiber per prefix: 29 at W57=0x1353 W58=0x33ab
  largest D60 bucket: D=0x11ae count=33730
  min D60 HW: 0
  D60 HW histogram: 0:32708 1:457087 2:2974391 3:11902340 4:32749416 5:65572942 6:98393352 7:112513847 8:98451293 9:65619298 10:32805255 11:11926329 12:2982283 13:457678 14:32693

Tail closure among D60=0 matches
  final tail collisions: 0
  best r61 HW: 14
  best r61 W1[57..59]=0x3332,0x2218,0x36de
  best r61 W2[57..59]=0x323f,0x395d,0x33b1
  best tail HW: 21
  best tail r61 HW: 15
  best W1[57..59]=0x3dd7,0xdd5,0x1c1b
  best W2[57..59]=0x3ce4,0x1f4,0xb20

SUMMARY N=14 sample_start=45580288 prefixes=32768 total=536870912 d0=32708 best_tail=21 tail_r61=15 best_r61=14 tail_W1=0x3dd7,0xdd5,0x1c1b tail_W2=0x3ce4,0x1f4,0xb20 r61_W1=0x3332,0x2218,0x36de r61_W2=0x323f,0x395d,0x33b1

Scan-only witness registry
  registry_count=16 registry_cap=16
  witness[00] tail=21 r61=15 gh60=0x4969b7e W1=0x3dd7,0xdd5,0x1c1b W2=0x3ce4,0x1f4,0xb20
  witness[01] tail=22 r61=21 gh60=0xde685fa W1=0x295,0x31b1,0x1405 W2=0x1a2,0x1d4d,0x1764
  witness[02] tail=23 r61=19 gh60=0x38787a6 W1=0x33ab,0xc8a,0x136 W2=0x32b8,0x65f,0x22d3
  witness[03] tail=23 r61=20 gh60=0x566cb9a W1=0x2566,0x3960,0x5bf W2=0x2473,0x3a03,0x8ba
  witness[04] tail=23 r61=24 gh60=0xca37dfe W1=0x3098,0x1fc0,0x27f3 W2=0x2fa5,0x1688,0x28db
  witness[05] tail=23 r61=26 gh60=0xdbafc9e W1=0x2ee8,0x2fbd,0x971 W2=0x2df5,0x2aae,0x34ef
  witness[06] tail=24 r61=15 gh60=0x4a08ce6 W1=0x71b,0x2060,0x1b3d W2=0x628,0x3a66,0x1ef0
  witness[07] tail=24 r61=17 gh60=0x49947aa W1=0x36e,0x3d72,0x9fb W2=0x27b,0x3e4b,0x1b17
  witness[08] tail=24 r61=17 gh60=0x59d84ba W1=0x3d39,0x8b3,0x1744 W2=0x3c46,0x3ff5,0x1615
  witness[09] tail=24 r61=20 gh60=0x3f0856a W1=0x1cdd,0x2c97,0x1de6 W2=0x1bea,0x4b9,0x1ded
  witness[10] tail=24 r61=26 gh60=0xd91cb6a W1=0x2552,0x2159,0x225 W2=0x245f,0x139d,0x275
  witness[11] tail=25 r61=17 gh60=0x4b14f6a W1=0x274e,0x227a,0x17c4 W2=0x265b,0x229a,0x186f
  witness[12] tail=25 r61=18 gh60=0x4a85ca6 W1=0x1fec,0x1624,0xd93 W2=0x1ef9,0xec3,0x2223
  witness[13] tail=25 r61=18 gh60=0xc9947ae W1=0x2bb0,0x3019,0x2a96 W2=0x2abd,0x2862,0xa6
  witness[14] tail=25 r61=19 gh60=0xda684be W1=0x1cf7,0x2b6f,0x3d9c W2=0x1c04,0x390d,0x1c95
  witness[15] tail=25 r61=20 gh60=0x4bf4cae W1=0x26f0,0x24bf,0x2f29 W2=0x25fd,0x119f,0x175a

Scan-only r61 registry
  registry_count=16 registry_cap=16
  r61_witness[00] r61=14 tail=31 gh60=0x48a44aa W1=0x3332,0x2218,0x36de W2=0x323f,0x395d,0x33b1
  r61_witness[01] r61=15 tail=21 gh60=0x4969b7e W1=0x3dd7,0xdd5,0x1c1b W2=0x3ce4,0x1f4,0xb20
  r61_witness[02] r61=15 tail=24 gh60=0x4a08ce6 W1=0x71b,0x2060,0x1b3d W2=0x628,0x3a66,0x1ef0
  r61_witness[03] r61=15 tail=38 gh60=0x44985aa W1=0x1cbd,0xec4,0xb8 W2=0x1bca,0x2ac8,0x21f1
  r61_witness[04] r61=16 tail=28 gh60=0x3a884a6 W1=0x13eb,0xe11,0x1084 W2=0x12f8,0xdee,0x3fb4
  r61_witness[05] r61=16 tail=29 gh60=0xc904f9a W1=0x27ca,0x224a,0x1862 W2=0x26d7,0xf9d,0x1995
  r61_witness[06] r61=16 tail=33 gh60=0xc908b6a W1=0x1961,0x2a25,0x3272 W2=0x186e,0x3814,0x24fe
  r61_witness[07] r61=16 tail=33 gh60=0x4958c9a W1=0x2729,0xbb5,0xbd0 W2=0x2636,0x308b,0x2479
  r61_witness[08] r61=16 tail=34 gh60=0xce184a6 W1=0x1403,0x256a,0x29e6 W2=0x1310,0x465,0x3d5e
  r61_witness[09] r61=16 tail=35 gh60=0x472c59e W1=0x14c8,0x1924,0x1867 W2=0x13d5,0x2f3e,0x2d04
  r61_witness[10] r61=16 tail=36 gh60=0xcdb84ae W1=0x322f,0xa8b,0x2a16 W2=0x313c,0x5ab,0x101e
  r61_witness[11] r61=16 tail=37 gh60=0x4a884aa W1=0x32fd,0x3a74,0xa79 W2=0x320a,0x10e0,0x1e95
  r61_witness[12] r61=17 tail=24 gh60=0x49947aa W1=0x36e,0x3d72,0x9fb W2=0x27b,0x3e4b,0x1b17
  r61_witness[13] r61=17 tail=24 gh60=0x59d84ba W1=0x3d39,0x8b3,0x1744 W2=0x3c46,0x3ff5,0x1615
  r61_witness[14] r61=17 tail=25 gh60=0x4b14f6a W1=0x274e,0x227a,0x17c4 W2=0x265b,0x229a,0x186f
  r61_witness[15] r61=17 tail=26 gh60=0x3c98ce6 W1=0x623,0x24ab,0x3b10 W2=0x530,0x11f1,0x2fdf

D60=0 fiber histogram: 1:7974 2:4719 3:1818 4:1124 5:400 6:236 7:78 8:85 9:21 10:23 11:8 12:7 13:2 14:3 16:1 29:1
