free_word_mitm_reducedn
N=14 mask=0x3fff msb=0x2000
candidate: M0=0x3d36 mode=random-fallback fill=0x3fff kernel=dM0=dM9=0x2000
prefixes=32768/268435456 mode=permuted-prefix-sample w59_per_prefix=16384 total=536870912
run_mode=scan registry_cap=16
sample_start=163020800
scan_elapsed=18.276s rate=29.38 Mtriples/s

D60 interface
  D60=0 matches: 32520 (random expectation 32768.0, enrichment 0.992x)
  prefixes with D60=0: 16436
  max D60=0 fiber per prefix: 20 at W57=0x1e62 W58=0x36c5
  largest D60 bucket: D=0x2a7e count=33788
  min D60 HW: 0
  D60 HW histogram: 0:32520 1:457243 2:2974588 3:11915629 4:32781428 5:65593439 6:98410767 7:112519649 8:98446728 9:65580857 10:32783831 11:11911585 12:2973893 13:456591 14:32164

Tail closure among D60=0 matches
  final tail collisions: 0
  best r61 HW: 13
  best r61 W1[57..59]=0x65c,0x1b8c,0x2a03
  best r61 W2[57..59]=0x569,0x352b,0x1b6a
  best tail HW: 21
  best tail r61 HW: 19
  best W1[57..59]=0x1527,0x1894,0x1661
  best W2[57..59]=0x1434,0x2647,0x1563

SUMMARY N=14 sample_start=163020800 prefixes=32768 total=536870912 d0=32520 best_tail=21 tail_r61=19 best_r61=13 tail_W1=0x1527,0x1894,0x1661 tail_W2=0x1434,0x2647,0x1563 r61_W1=0x65c,0x1b8c,0x2a03 r61_W2=0x569,0x352b,0x1b6a

Scan-only witness registry
  registry_count=16 registry_cap=16
  witness[00] tail=21 r61=19 gh60=0x496849e W1=0x1527,0x1894,0x1661 W2=0x1434,0x2647,0x1563
  witness[01] tail=21 r61=23 gh60=0x78b8cba W1=0x739,0x2a8a,0x1e7b W2=0x646,0xe49,0x2a81
  witness[02] tail=21 r61=24 gh60=0x78f8766 W1=0x1bcb,0x5e0,0x24e W2=0x1ad8,0x31f,0xf04
  witness[03] tail=22 r61=17 gh60=0x36d84ba W1=0x2af9,0x31bf,0x3294 W2=0x2a06,0x1901,0x3b50
  witness[04] tail=23 r61=17 gh60=0xc7abdbe W1=0x2e77,0x17c5,0x2220 W2=0x2d84,0x1088,0x4cb
  witness[05] tail=23 r61=24 gh60=0xc4845a6 W1=0x2cbc,0x7ff,0x1309 W2=0x2bc9,0x3d33,0x1583
  witness[06] tail=23 r61=25 gh60=0xdb87ba6 W1=0x316c,0x27a,0x34f6 W2=0x3079,0x3c49,0x196a
  witness[07] tail=24 r61=16 gh60=0x49a4caa W1=0x732,0x11ef,0x21c4 W2=0x63f,0x1633,0x3149
  witness[08] tail=24 r61=16 gh60=0xcf28d9a W1=0x38c9,0x219f,0x365e W2=0x37d6,0xcc1,0x3bfd
  witness[09] tail=24 r61=26 gh60=0x4aecbe6 W1=0x2994,0x193a,0x904 W2=0x28a1,0x1f95,0x19cc
  witness[10] tail=24 r61=28 gh60=0x4bd44fe W1=0x2518,0x1884,0x1e33 W2=0x2425,0x27ad,0x123d
  witness[11] tail=25 r61=19 gh60=0x4a344ee W1=0x2b10,0x174e,0x2249 W2=0x2a1d,0xa75,0x46b
  witness[12] tail=25 r61=20 gh60=0xcaf857a W1=0x1cd5,0x321d,0x18e4 W2=0x1be2,0x2b4d,0x2fb9
  witness[13] tail=25 r61=22 gh60=0x3bd7dfe W1=0x2e98,0x2762,0x237f W2=0x2da5,0x242a,0x10aa
  witness[14] tail=25 r61=29 gh60=0xd754dbe W1=0x38b8,0x1ef6,0x3128 W2=0x37c5,0x30c2,0x1899
  witness[15] tail=26 r61=13 gh60=0xc504d66 W1=0x65c,0x1b8c,0x2a03 W2=0x569,0x352b,0x1b6a

Scan-only r61 registry
  registry_count=16 registry_cap=16
  r61_witness[00] r61=13 tail=26 gh60=0xc504d66 W1=0x65c,0x1b8c,0x2a03 W2=0x569,0x352b,0x1b6a
  r61_witness[01] r61=15 tail=27 gh60=0x3c885aa W1=0x24c1,0x2f79,0x2e07 W2=0x23ce,0x2f01,0x12cb
  r61_witness[02] r61=15 tail=30 gh60=0x4a984ba W1=0x33f5,0x229,0x3d71 W2=0x3302,0x3763,0x6ad
  r61_witness[03] r61=15 tail=35 gh60=0x4517d6e W1=0x2ee0,0x3543,0x656 W2=0x2ded,0xe03,0x36f5
  r61_witness[04] r61=16 tail=24 gh60=0x49a4caa W1=0x732,0x11ef,0x21c4 W2=0x63f,0x1633,0x3149
  r61_witness[05] r61=16 tail=24 gh60=0xcf28d9a W1=0x38c9,0x219f,0x365e W2=0x37d6,0xcc1,0x3bfd
  r61_witness[06] r61=16 tail=26 gh60=0x4a5db9e W1=0x2188,0x1f6,0x2921 W2=0x2095,0x35e3,0x20d5
  r61_witness[07] r61=16 tail=29 gh60=0x4b0ff66 W1=0xfcc,0x1d76,0x98e W2=0xed9,0x3233,0x1e52
  r61_witness[08] r61=16 tail=29 gh60=0x4d95caa W1=0x202e,0x15e,0x2d0e W2=0x1f3b,0x51e,0x32d2
  r61_witness[09] r61=16 tail=29 gh60=0x4b29ca6 W1=0x2043,0x744,0x1b67 W2=0x1f50,0xf02,0xc0e
  r61_witness[10] r61=16 tail=29 gh60=0x5a084ea W1=0x241d,0x771,0x1b99 W2=0x232a,0xba7,0x2102
  r61_witness[11] r61=16 tail=29 gh60=0x4a88caa W1=0x28f1,0x2ad2,0x21ba W2=0x27fe,0x2d91,0x34b
  r61_witness[12] r61=16 tail=32 gh60=0x38884ae W1=0x2d3f,0x206a,0x1c42 W2=0x2c4c,0x3d7a,0x17a4
  r61_witness[13] r61=16 tail=33 gh60=0x490bb6a W1=0xdcd,0xae2,0x3286 W2=0xcda,0x28dd,0x794
  r61_witness[14] r61=16 tail=34 gh60=0xda08ce6 W1=0x290b,0x1de9,0x3fe1 W2=0x2818,0x167b,0x453
  r61_witness[15] r61=16 tail=34 gh60=0x5b08566 W1=0x3a5b,0x1763,0x3356 W2=0x3968,0x3b86,0x2d1a

D60=0 fiber histogram: 1:7994 2:4649 3:1835 4:1105 5:386 6:243 7:90 8:61 9:29 10:19 11:8 12:3 13:3 14:2 16:5 17:1 18:1 20:2
