free_word_mitm_reducedn
N=14 mask=0x3fff msb=0x2000
candidate: M0=0x3d36 mode=random-fallback fill=0x3fff kernel=dM0=dM9=0x2000
prefixes=32768/268435456 mode=permuted-prefix-sample w59_per_prefix=16384 total=536870912
run_mode=scan registry_cap=16
sample_start=249397248
scan_elapsed=19.678s rate=27.28 Mtriples/s

D60 interface
  D60=0 matches: 32694 (random expectation 32768.0, enrichment 0.998x)
  prefixes with D60=0: 16490
  max D60=0 fiber per prefix: 13 at W57=0x2033 W58=0xac8
  largest D60 bucket: D=0xe2e count=33674
  min D60 HW: 0
  D60 HW histogram: 0:32694 1:457984 2:2974616 3:11911160 4:32767455 5:65596658 6:98429991 7:112497544 8:98421092 9:65583821 10:32797441 11:11926715 12:2984173 13:457469 14:32099

Tail closure among D60=0 matches
  final tail collisions: 0
  best r61 HW: 14
  best r61 W1[57..59]=0x72b,0xdb7,0x2edd
  best r61 W2[57..59]=0x638,0x2a53,0x2a34
  best tail HW: 20
  best tail r61 HW: 21
  best W1[57..59]=0x250e,0x3eee,0x3ef1
  best W2[57..59]=0x241b,0x5f5,0x3d2a

SUMMARY N=14 sample_start=249397248 prefixes=32768 total=536870912 d0=32694 best_tail=20 tail_r61=21 best_r61=14 tail_W1=0x250e,0x3eee,0x3ef1 tail_W2=0x241b,0x5f5,0x3d2a r61_W1=0x72b,0xdb7,0x2edd r61_W2=0x638,0x2a53,0x2a34

Scan-only witness registry
  registry_count=16 registry_cap=16
  witness[00] tail=20 r61=15 gh60=0x470bf6a W1=0x2fcd,0x1dc2,0x1a3a W2=0x2eda,0x3cdd,0x99c
  witness[01] tail=20 r61=21 gh60=0xde3c4ea W1=0x250e,0x3eee,0x3ef1 W2=0x241b,0x5f5,0x3d2a
  witness[02] tail=22 r61=24 gh60=0xdb64cea W1=0x922,0x15e6,0x314b W2=0x82f,0x1946,0x139
  witness[03] tail=23 r61=22 gh60=0x4a0cdfa W1=0x169a,0x2edc,0x15b5 W2=0x15a7,0x2d30,0x10b1
  witness[04] tail=23 r61=23 gh60=0xcf68c9a W1=0x1725,0x9d6,0x21e2 W2=0x1632,0x3ee4,0x9c7
  witness[05] tail=24 r61=16 gh60=0xda0c4ee W1=0x320,0x2d0e,0x3533 W2=0x22d,0x20a9,0x1a37
  witness[06] tail=24 r61=17 gh60=0x4f98ba6 W1=0x9bb,0x2216,0x218d W2=0x8c8,0x25da,0x2252
  witness[07] tail=24 r61=21 gh60=0xda0fdea W1=0x308e,0x122a,0x1f40 W2=0x2f9b,0x398e,0x1912
  witness[08] tail=24 r61=23 gh60=0x5da9dba W1=0x20b5,0x2d7e,0x12e9 W2=0x1fc2,0x15d1,0x23fb
  witness[09] tail=24 r61=24 gh60=0xc4adcaa W1=0x1e32,0x10b5,0x3fb0 W2=0x1d3f,0x1ab9,0x26f4
  witness[10] tail=24 r61=24 gh60=0x5a647a6 W1=0x3b74,0x2f42,0x1996 W2=0x3a81,0x2ba8,0x27f4
  witness[11] tail=25 r61=17 gh60=0xde084ea W1=0x2d1d,0x2f7b,0x1fdb W2=0x2c2a,0x34e1,0x235f
  witness[12] tail=25 r61=18 gh60=0xfb04b66 W1=0x9dc,0x359e,0x3631 W2=0x8e9,0x3365,0x3a27
  witness[13] tail=25 r61=20 gh60=0xb584dba W1=0x87a,0x2e8c,0x341a W2=0x787,0x18dc,0x25a9
  witness[14] tail=25 r61=20 gh60=0x4ae4ba6 W1=0x1574,0x241e,0x2849 W2=0x1481,0x3c83,0x2d22
  witness[15] tail=25 r61=20 gh60=0x5a0c4fa W1=0x2d1a,0x1632,0x18c4 W2=0x2c27,0x3fef,0x39c

Scan-only r61 registry
  registry_count=16 registry_cap=16
  r61_witness[00] r61=14 tail=28 gh60=0xb988ca6 W1=0x72b,0xdb7,0x2edd W2=0x638,0x2a53,0x2a34
  r61_witness[01] r61=14 tail=32 gh60=0xc605fe6 W1=0x1f9c,0x1e41,0x38e6 W2=0x1ea9,0x47e,0xe95
  r61_witness[02] r61=14 tail=33 gh60=0xc637d9e W1=0x2e88,0x26fb,0x3eaf W2=0x2d95,0x2604,0x37ab
  r61_witness[03] r61=15 tail=20 gh60=0x470bf6a W1=0x2fcd,0x1dc2,0x1a3a W2=0x2eda,0x3cdd,0x99c
  r61_witness[04] r61=15 tail=28 gh60=0xca87ca6 W1=0x2fec,0xdb6,0x3872 W2=0x2ef9,0x3555,0x2490
  r61_witness[05] r61=15 tail=30 gh60=0xcb0bb6a W1=0x3161,0x371a,0x3029 W2=0x306e,0x2309,0xcf1
  r61_witness[06] r61=15 tail=32 gh60=0x5905b9a W1=0x1ca,0x2fb3,0x37e4 W2=0xd7,0x1cfc,0x1b23
  r61_witness[07] r61=15 tail=34 gh60=0x4a044fa W1=0x231a,0x832,0x76d W2=0x2227,0x31ef,0xc44
  r61_witness[08] r61=16 tail=24 gh60=0xda0c4ee W1=0x320,0x2d0e,0x3533 W2=0x22d,0x20a9,0x1a37
  r61_witness[09] r61=16 tail=28 gh60=0xca68cfa W1=0x3619,0x3bfa,0x3480 W2=0x3526,0x3681,0xf17
  r61_witness[10] r61=16 tail=29 gh60=0x44985a6 W1=0x4ab,0xa37,0x29b2 W2=0x3b8,0x3e6c,0x3bfd
  r61_witness[11] r61=16 tail=30 gh60=0x4e285fa W1=0x3c99,0x44b,0x2487 W2=0x3ba6,0x33eb,0x2d63
  r61_witness[12] r61=16 tail=32 gh60=0x4908766 W1=0x3bdb,0x292c,0x10a0 W2=0x3ae8,0x1b57,0x56d
  r61_witness[13] r61=16 tail=33 gh60=0xca684a6 W1=0x1f3,0xda0,0x1022 W2=0x100,0x388b,0x26f5
  r61_witness[14] r61=16 tail=33 gh60=0x4aa4766 W1=0x33e4,0xff8,0x1886 W2=0x32f1,0x754,0x356d
  r61_witness[15] r61=16 tail=34 gh60=0x460bbee W1=0x119f,0x18f8,0x3d61 W2=0x10ac,0x3773,0xf49

D60=0 fiber histogram: 1:7896 2:4801 3:1829 4:1099 5:412 6:215 7:89 8:81 9:26 10:21 11:8 12:9 13:4
