free_word_mitm_reducedn
N=14 mask=0x3fff msb=0x2000
candidate: M0=0x3d36 mode=random-fallback fill=0x3fff kernel=dM0=dM9=0x2000
prefixes=32768/268435456 mode=permuted-prefix-sample w59_per_prefix=16384 total=536870912
run_mode=scan registry_cap=16
sample_start=157122560
scan_elapsed=19.418s rate=27.65 Mtriples/s

D60 interface
  D60=0 matches: 32726 (random expectation 32768.0, enrichment 0.999x)
  prefixes with D60=0: 16552
  max D60=0 fiber per prefix: 19 at W57=0x3087 W58=0x2f7a
  largest D60 bucket: D=0x2e4d count=33816
  min D60 HW: 0
  D60 HW histogram: 0:32726 1:458268 2:2976769 3:11913492 4:32766344 5:65581113 6:98408465 7:112511452 8:98444369 9:65628854 10:32784137 11:11902943 12:2971912 13:457314 14:32754

Tail closure among D60=0 matches
  final tail collisions: 0
  best r61 HW: 13
  best r61 W1[57..59]=0x2721,0x179e,0x31c7
  best r61 W2[57..59]=0x262e,0x1949,0x35da
  best tail HW: 22
  best tail r61 HW: 17
  best W1[57..59]=0x65f,0x3362,0x1a19
  best W2[57..59]=0x56c,0x2085,0x32ee

SUMMARY N=14 sample_start=157122560 prefixes=32768 total=536870912 d0=32726 best_tail=22 tail_r61=17 best_r61=13 tail_W1=0x65f,0x3362,0x1a19 tail_W2=0x56c,0x2085,0x32ee r61_W1=0x2721,0x179e,0x31c7 r61_W2=0x262e,0x1949,0x35da

Scan-only witness registry
  registry_count=16 registry_cap=16
  witness[00] tail=22 r61=17 gh60=0xdb18d6e W1=0x65f,0x3362,0x1a19 W2=0x56c,0x2085,0x32ee
  witness[01] tail=23 r61=18 gh60=0xccb8caa W1=0x2631,0x2263,0x3b0f W2=0x253e,0x2ae2,0x2b64
  witness[02] tail=24 r61=15 gh60=0xfa24ca6 W1=0x3904,0x2ab6,0x26c7 W2=0x3811,0x5f3,0x1e28
  witness[03] tail=24 r61=20 gh60=0x4cfc5aa W1=0x22b2,0xa93,0x3c97 W2=0x21bf,0x16c0,0x2367
  witness[04] tail=24 r61=21 gh60=0x3d0856a W1=0x14cd,0x1ca3,0xce7 W2=0x13da,0x3451,0x3635
  witness[05] tail=24 r61=21 gh60=0x3c9849a W1=0x2425,0x144e,0x13b3 W2=0x2332,0x3a21,0x3ef0
  witness[06] tail=24 r61=23 gh60=0xf518d66 W1=0x385b,0x1192,0x50b W2=0x3768,0x15d4,0x2405
  witness[07] tail=24 r61=24 gh60=0x49884ae W1=0x33f,0xf02,0x79 W2=0x24c,0x2e12,0x204f
  witness[08] tail=24 r61=25 gh60=0xca384ea W1=0xd21,0x1ed8,0x24ac W2=0xc2e,0x2282,0x1a6
  witness[09] tail=24 r61=25 gh60=0x5abcca6 W1=0x25f4,0x3445,0x1777 W2=0x2501,0x34f2,0xc37
  witness[10] tail=24 r61=26 gh60=0x4b28766 W1=0x3bd3,0x14b2,0x2e48 W2=0x3ae0,0x877,0x32b3
  witness[11] tail=25 r61=15 gh60=0xd89849a W1=0x1525,0x3778,0x2581 W2=0x1432,0x2d07,0x32ad
  witness[12] tail=25 r61=16 gh60=0x5d3857e W1=0x2457,0x2694,0x1df2 W2=0x2364,0x2960,0xe1e
  witness[13] tail=25 r61=17 gh60=0xcda849a W1=0x429,0x1981,0x9ae W2=0x336,0x3f10,0x4be
  witness[14] tail=25 r61=18 gh60=0x4b64cea W1=0x922,0x7e6,0x2568 W2=0x82f,0xb46,0x1ab6
  witness[15] tail=25 r61=18 gh60=0xca084ea W1=0x2321,0xaf7,0x349e W2=0x222e,0x10a1,0x1aa1

Scan-only r61 registry
  registry_count=16 registry_cap=16
  r61_witness[00] r61=13 tail=27 gh60=0x4f2456a W1=0xa52,0x3cb2,0xcdd W2=0x95f,0x16d,0x1887
  r61_witness[01] r61=13 tail=32 gh60=0x4a08cea W1=0x2721,0x179e,0x31c7 W2=0x262e,0x1949,0x35da
  r61_witness[02] r61=13 tail=33 gh60=0x5887ba6 W1=0xdbc,0xe9c,0x30dc W2=0xcc9,0x1d3,0x17d2
  r61_witness[03] r61=14 tail=31 gh60=0x3a84cba W1=0x35fa,0x3e06,0x1cd2 W2=0x3507,0x367a,0x543
  r61_witness[04] r61=14 tail=33 gh60=0x3e0bbee W1=0x2d9f,0x431,0x1982 W2=0x2cac,0x31b4,0xa7c
  r61_witness[05] r61=15 tail=24 gh60=0xfa24ca6 W1=0x3904,0x2ab6,0x26c7 W2=0x3811,0x5f3,0x1e28
  r61_witness[06] r61=15 tail=25 gh60=0xd89849a W1=0x1525,0x3778,0x2581 W2=0x1432,0x2d07,0x32ad
  r61_witness[07] r61=15 tail=27 gh60=0x3b68ba6 W1=0x25b3,0x2ea,0x2cb W2=0x24c0,0xace,0x251c
  r61_witness[08] r61=15 tail=28 gh60=0xd4884aa W1=0x2241,0x2a86,0xcaa W2=0x214e,0x2f76,0x1e60
  r61_witness[09] r61=15 tail=29 gh60=0xce085ee W1=0xc8f,0x2b43,0x2d1d W2=0xb9c,0xe01,0x107d
  r61_witness[10] r61=15 tail=33 gh60=0xc4b9da6 W1=0x1eab,0x2d27,0x375f W2=0x1db8,0x2d9,0xbf3
  r61_witness[11] r61=16 tail=25 gh60=0x5d3857e W1=0x2457,0x2694,0x1df2 W2=0x2364,0x2960,0xe1e
  r61_witness[12] r61=16 tail=29 gh60=0xcab44be W1=0x4f8,0x3749,0x2b95 W2=0x405,0x46c,0x2f78
  r61_witness[13] r61=16 tail=29 gh60=0x490bb66 W1=0x114b,0x374b,0x2798 W2=0x1058,0x2aa7,0x3411
  r61_witness[14] r61=16 tail=33 gh60=0x4584dba W1=0x67a,0x1c2e,0x2180 W2=0x587,0xc7e,0x2472
  r61_witness[15] r61=16 tail=34 gh60=0x4a28dfa W1=0x2699,0xa2c,0x3ac5 W2=0x25a6,0x288b,0x37e0

D60=0 fiber histogram: 1:8045 2:4734 3:1823 4:1107 5:375 6:212 7:92 8:89 9:23 10:24 11:7 12:7 13:5 14:3 15:1 16:4 19:1
