free_word_mitm_reducedn
N=14 mask=0x3fff msb=0x2000
candidate: M0=0x3d36 mode=random-fallback fill=0x3fff kernel=dM0=dM9=0x2000
prefixes=32768/268435456 mode=permuted-prefix-sample w59_per_prefix=16384 total=536870912
run_mode=scan registry_cap=16
sample_start=115179520
scan_elapsed=19.941s rate=26.92 Mtriples/s

D60 interface
  D60=0 matches: 32588 (random expectation 32768.0, enrichment 0.995x)
  prefixes with D60=0: 16491
  max D60=0 fiber per prefix: 20 at W57=0x521 W58=0x3f4b
  largest D60 bucket: D=0x2914 count=33766
  min D60 HW: 0
  D60 HW histogram: 0:32588 1:456686 2:2973833 3:11916561 4:32770738 5:65600285 6:98401203 7:112481589 8:98429551 9:65615160 10:32788635 11:11933750 12:2981114 13:456900 14:32319

Tail closure among D60=0 matches
  final tail collisions: 0
  best r61 HW: 14
  best r61 W1[57..59]=0x3202,0x29c4,0x2dd6
  best r61 W2[57..59]=0x310f,0x3c59,0x13a2
  best tail HW: 21
  best tail r61 HW: 17
  best W1[57..59]=0x2dc5,0x32ea,0x382a
  best W2[57..59]=0x2cd2,0x114e,0x234b

SUMMARY N=14 sample_start=115179520 prefixes=32768 total=536870912 d0=32588 best_tail=21 tail_r61=17 best_r61=14 tail_W1=0x2dc5,0x32ea,0x382a tail_W2=0x2cd2,0x114e,0x234b r61_W1=0x3202,0x29c4,0x2dd6 r61_W2=0x310f,0x3c59,0x13a2

Scan-only witness registry
  registry_count=16 registry_cap=16
  witness[00] tail=21 r61=17 gh60=0x4f2bb9a W1=0x2dc5,0x32ea,0x382a W2=0x2cd2,0x114e,0x234b
  witness[01] tail=22 r61=17 gh60=0x4908b66 W1=0x19cb,0x35e5,0x2c90 W2=0x18d8,0xbc3,0x2258
  witness[02] tail=22 r61=20 gh60=0xda7c4be W1=0x21f8,0x249c,0x263c W2=0x2105,0x223f,0x1c67
  witness[03] tail=23 r61=21 gh60=0x4d7c57a W1=0x3256,0x3d71,0x3bfd W2=0x3163,0x28a6,0x240c
  witness[04] tail=23 r61=27 gh60=0xbf04c9a W1=0x384a,0xd4,0x1606 W2=0x3757,0x341b,0x1e1c
  witness[05] tail=24 r61=14 gh60=0x5e784e6 W1=0x2b1b,0x239e,0x3578 W2=0x2a28,0x365,0x279e
  witness[06] tail=24 r61=18 gh60=0x46e5caa W1=0x2102,0x890,0x10e9 W2=0x200f,0x8e4,0x2c8
  witness[07] tail=24 r61=19 gh60=0x7a2dca6 W1=0x104,0x2e1a,0x2ce3 W2=0x11,0x3655,0xb55
  witness[08] tail=24 r61=20 gh60=0x4b5879e W1=0x1bc7,0x3706,0x2640 W2=0x1ad4,0x131,0x175b
  witness[09] tail=25 r61=23 gh60=0x4b0c766 W1=0xb4c,0x9fb,0x2cef W2=0xa59,0x343f,0x264b
  witness[10] tail=25 r61=24 gh60=0xbe9cbaa W1=0x197e,0x36e8,0x2a41 W2=0x188b,0x3b0,0x3ddb
  witness[11] tail=25 r61=24 gh60=0x59f84fa W1=0x2c15,0x3efc,0x3bc1 W2=0x2b22,0x24c0,0x1437
  witness[12] tail=26 r61=17 gh60=0x45b8c9a W1=0x629,0x7f4,0x35d8 W2=0x536,0x2f02,0x2196
  witness[13] tail=26 r61=18 gh60=0xce07be6 W1=0x119c,0x2785,0x16a W2=0x10a9,0x163e,0x78f
  witness[14] tail=26 r61=19 gh60=0x4e287fe W1=0x1397,0x32f1,0x79e W2=0x12a4,0x3e41,0x557
  witness[15] tail=26 r61=19 gh60=0xc908f66 W1=0x17db,0x3e7b,0x3274 W2=0x16e8,0x36ad,0x27f8

Scan-only r61 registry
  registry_count=16 registry_cap=16
  r61_witness[00] r61=14 tail=24 gh60=0x5e784e6 W1=0x2b1b,0x239e,0x3578 W2=0x2a28,0x365,0x279e
  r61_witness[01] r61=14 tail=30 gh60=0x4a644aa W1=0x3202,0x29c4,0x2dd6 W2=0x310f,0x3c59,0x13a2
  r61_witness[02] r61=15 tail=28 gh60=0x59a9cba W1=0x1ef9,0x803,0x23e1 W2=0x1e06,0x2ec2,0x3686
  r61_witness[03] r61=15 tail=31 gh60=0x3e184e6 W1=0x413,0x13bc,0x3a14 W2=0x320,0x20af,0x7d4
  r61_witness[04] r61=15 tail=31 gh60=0x4908b6a W1=0x29cd,0x3493,0x1f25 W2=0x28da,0x1ed6,0x23b3
  r61_witness[05] r61=15 tail=36 gh60=0x4a05de6 W1=0x9c,0x3e7b,0x43d W2=0x3fa9,0x3128,0x38d6
  r61_witness[06] r61=16 tail=29 gh60=0xba28c9a W1=0x1805,0x65c,0x3835 W2=0x1712,0x37e6,0x1b54
  r61_witness[07] r61=16 tail=31 gh60=0x49884a6 W1=0x3b2b,0x176d,0x15d7 W2=0x3a38,0x8c8,0x14b5
  r61_witness[08] r61=16 tail=33 gh60=0x4a09bee W1=0x19f,0x19f3,0x4f7 W2=0xac,0xe72,0x718
  r61_witness[09] r61=16 tail=33 gh60=0x4487ca6 W1=0xe2c,0x2eca,0xd5c W2=0xd39,0x165,0x1c52
  r61_witness[10] r61=16 tail=34 gh60=0x4a0ccea W1=0x181e,0xf7f,0x1e14 W2=0x172b,0x2027,0x39a6
  r61_witness[11] r61=16 tail=35 gh60=0x4d04d66 W1=0x265c,0xa0e,0x2a15 W2=0x2569,0x1ba5,0x1962
  r61_witness[12] r61=16 tail=36 gh60=0x3a185ea W1=0x14a1,0x1f2e,0x16bc W2=0x13ae,0x2e3c,0x2f89
  r61_witness[13] r61=16 tail=36 gh60=0xd485ca6 W1=0x203c,0x230c,0x19b7 W2=0x1f49,0x1f1b,0x97d
  r61_witness[14] r61=16 tail=38 gh60=0x4a08de6 W1=0x88b,0xd4a,0x377c W2=0x798,0x3e04,0x1d1f
  r61_witness[15] r61=17 tail=21 gh60=0x4f2bb9a W1=0x2dc5,0x32ea,0x382a W2=0x2cd2,0x114e,0x234b

D60=0 fiber histogram: 1:7957 2:4689 3:1879 4:1125 5:425 6:204 7:81 8:79 9:15 10:18 11:7 12:5 14:1 15:1 16:1 17:3 20:1
