free_word_mitm_reducedn
N=14 mask=0x3fff msb=0x2000
candidate: M0=0x3d36 mode=random-fallback fill=0x3fff kernel=dM0=dM9=0x2000
prefixes=32768/268435456 mode=permuted-prefix-sample w59_per_prefix=16384 total=536870912
run_mode=scan registry_cap=16
sample_start=224231424
scan_elapsed=19.861s rate=27.03 Mtriples/s

D60 interface
  D60=0 matches: 32885 (random expectation 32768.0, enrichment 1.004x)
  prefixes with D60=0: 16555
  max D60=0 fiber per prefix: 20 at W57=0x1be4 W58=0x2566
  largest D60 bucket: D=0x11c2 count=33687
  min D60 HW: 0
  D60 HW histogram: 0:32885 1:458913 2:2981338 3:11917532 4:32784413 5:65592956 6:98405776 7:112487385 8:98410446 9:65611544 10:32804267 11:11917524 12:2975660 13:457559 14:32714

Tail closure among D60=0 matches
  final tail collisions: 0
  best r61 HW: 13
  best r61 W1[57..59]=0xf5b,0xfe1,0x2545
  best r61 W2[57..59]=0xe68,0x248d,0xaa2
  best tail HW: 23
  best tail r61 HW: 18
  best W1[57..59]=0x853,0x3e09,0x18b8
  best W2[57..59]=0x760,0x16eb,0xe0

SUMMARY N=14 sample_start=224231424 prefixes=32768 total=536870912 d0=32885 best_tail=23 tail_r61=18 best_r61=13 tail_W1=0x853,0x3e09,0x18b8 tail_W2=0x760,0x16eb,0xe0 r61_W1=0xf5b,0xfe1,0x2545 r61_W2=0xe68,0x248d,0xaa2

Scan-only witness registry
  registry_count=16 registry_cap=16
  witness[00] tail=23 r61=18 gh60=0x4f68d66 W1=0x853,0x3e09,0x18b8 W2=0x760,0x16eb,0xe0
  witness[01] tail=23 r61=18 gh60=0xc8d4cbe W1=0x1738,0x2e28,0x23e1 W2=0x1645,0xa0c,0x1e1
  witness[02] tail=24 r61=20 gh60=0xc61ffea W1=0x2f9e,0x22da,0x113d W2=0x2eab,0xe5e,0x250d
  witness[03] tail=24 r61=21 gh60=0xf908766 W1=0x1b4b,0x1936,0x326b W2=0x1a58,0xe6d,0x2955
  witness[04] tail=24 r61=22 gh60=0x5964be6 W1=0x19a4,0x2177,0x3c79 W2=0x18b1,0x3362,0x89d
  witness[05] tail=25 r61=15 gh60=0xc90449a W1=0x3b4a,0x2576,0x1451 W2=0x3a57,0x1d7e,0x3b0e
  witness[06] tail=25 r61=17 gh60=0xce084ea W1=0xb21,0x2e65,0x37e5 W2=0xa2e,0x348f,0x10a7
  witness[07] tail=25 r61=18 gh60=0xce187ea W1=0xb8d,0x196b,0x901 W2=0xa9a,0x835,0xba3
  witness[08] tail=25 r61=20 gh60=0xcbbbbae W1=0x11af,0x27ec,0x1bb7 W2=0x10bc,0xb0b,0x201c
  witness[09] tail=25 r61=20 gh60=0xc704b66 W1=0x194c,0x6a2,0x1ba7 W2=0x1859,0x1879,0x1680
  witness[10] tail=25 r61=20 gh60=0xc5885ae W1=0x1caf,0x3c06,0xf68 W2=0x1bbc,0x313e,0x2a67
  witness[11] tail=25 r61=20 gh60=0xca2849a W1=0x1d05,0x3347,0x3a29 W2=0x1c12,0x2a12,0x1eea
  witness[12] tail=25 r61=21 gh60=0xb489ca6 W1=0x3b,0x1538,0x272f W2=0x3f48,0x3d46,0x1fcc
  witness[13] tail=25 r61=22 gh60=0x49b449e W1=0x2528,0x37f0,0x2238 W2=0x2435,0x5a8,0x291
  witness[14] tail=25 r61=22 gh60=0x4b947aa W1=0x2bbe,0x3fc7,0x3a36 W2=0x2acb,0x100,0xb96
  witness[15] tail=25 r61=24 gh60=0x4498de6 W1=0x16a3,0x2535,0x3a6e W2=0x15b0,0x2f8f,0x1c6

Scan-only r61 registry
  registry_count=16 registry_cap=16
  r61_witness[00] r61=13 tail=37 gh60=0x4604dfa W1=0x169a,0x2cf1,0x350c W2=0x15a7,0x2b45,0x1f53
  r61_witness[01] r61=13 tail=39 gh60=0x470bf66 W1=0xf5b,0xfe1,0x2545 W2=0xe68,0x248d,0xaa2
  r61_witness[02] r61=14 tail=29 gh60=0x7b85c9a W1=0x1dea,0xcaa,0x2718 W2=0x1cf7,0x31b3,0x2ee9
  r61_witness[03] r61=14 tail=29 gh60=0x4627caa W1=0x2e02,0x308,0x2771 W2=0x2d0f,0xa4,0xb41
  r61_witness[04] r61=14 tail=34 gh60=0x4a845ba W1=0x2c7a,0x3752,0xc44 W2=0x2b87,0x24e1,0xfde
  r61_witness[05] r61=14 tail=37 gh60=0x4608fea W1=0x178d,0x2fb4,0x1dd8 W2=0x169a,0x2f43,0x1679
  r61_witness[06] r61=15 tail=25 gh60=0xc90449a W1=0x3b4a,0x2576,0x1451 W2=0x3a57,0x1d7e,0x3b0e
  r61_witness[07] r61=15 tail=32 gh60=0x4a0c4ea W1=0x1c1e,0x3a3b,0x2164 W2=0x1b2b,0xee2,0x3066
  r61_witness[08] r61=15 tail=38 gh60=0x4898faa W1=0x7c1,0xa74,0x20c0 W2=0x6ce,0x77b,0x563
  r61_witness[09] r61=16 tail=28 gh60=0xce09bea W1=0x191,0xabd,0x15a6 W2=0x9e,0x64c,0x1845
  r61_witness[10] r61=16 tail=28 gh60=0xc8887ae W1=0x2bbf,0x29bb,0x2e0b W2=0x2acc,0x2303,0x3425
  r61_witness[11] r61=16 tail=30 gh60=0xca085ee W1=0x2c9f,0x1202,0x3ef4 W2=0x2bac,0x37b4,0x2bdd
  r61_witness[12] r61=16 tail=30 gh60=0xdb1856a W1=0x32dd,0x372e,0x2836 W2=0x31ea,0x1528,0x3e16
  r61_witness[13] r61=16 tail=32 gh60=0x4ae8c9e W1=0x3707,0xbb6,0x3a65 W2=0x3614,0x196c,0x14ac
  r61_witness[14] r61=16 tail=32 gh60=0xdf1cd66 W1=0x38cc,0x19f,0x144d W2=0x37d9,0xc6,0x24ab
  r61_witness[15] r61=16 tail=33 gh60=0xca29cfe W1=0x1f17,0x2c18,0x3294 W2=0x1e24,0x28ef,0xf70

D60=0 fiber histogram: 1:7969 2:4670 3:1901 4:1117 5:468 6:233 7:75 8:54 9:28 10:22 11:7 12:4 13:2 14:1 16:1 18:1 19:1 20:1
