free_word_mitm_reducedn
N=14 mask=0x3fff msb=0x2000
candidate: M0=0x3d36 mode=random-fallback fill=0x3fff kernel=dM0=dM9=0x2000
prefixes=32768/268435456 mode=permuted-prefix-sample w59_per_prefix=16384 total=536870912
run_mode=scan registry_cap=16
sample_start=165511168
scan_elapsed=19.740s rate=27.20 Mtriples/s

D60 interface
  D60=0 matches: 32252 (random expectation 32768.0, enrichment 0.984x)
  prefixes with D60=0: 16412
  max D60=0 fiber per prefix: 21 at W57=0x3457 W58=0x2f99
  largest D60 bucket: D=0xc96 count=33737
  min D60 HW: 0
  D60 HW histogram: 0:32252 1:458477 2:2976211 3:11909966 4:32778563 5:65579488 6:98417616 7:112494058 8:98444026 9:65607921 10:32792099 11:11913950 12:2975143 13:458752 14:32390

Tail closure among D60=0 matches
  final tail collisions: 0
  best r61 HW: 12
  best r61 W1[57..59]=0xc45,0x2f8f,0x2a9a
  best r61 W2[57..59]=0xb52,0x1622,0x20f7
  best tail HW: 20
  best tail r61 HW: 16
  best W1[57..59]=0x1b41,0x53d,0x4a5
  best W2[57..59]=0x1a4e,0x1bed,0x12b1

SUMMARY N=14 sample_start=165511168 prefixes=32768 total=536870912 d0=32252 best_tail=20 tail_r61=16 best_r61=12 tail_W1=0x1b41,0x53d,0x4a5 tail_W2=0x1a4e,0x1bed,0x12b1 r61_W1=0xc45,0x2f8f,0x2a9a r61_W2=0xb52,0x1622,0x20f7

Scan-only witness registry
  registry_count=16 registry_cap=16
  witness[00] tail=20 r61=16 gh60=0x48884aa W1=0x1b41,0x53d,0x4a5 W2=0x1a4e,0x1bed,0x12b1
  witness[01] tail=21 r61=18 gh60=0xcad8d7e W1=0x8d7,0x1a68,0xe9a W2=0x7e4,0x1a13,0x3c37
  witness[02] tail=22 r61=17 gh60=0x4e0c4ee W1=0x2410,0x3868,0x3630 W2=0x231d,0x177f,0x1984
  witness[03] tail=23 r61=22 gh60=0x55ffbea W1=0xd9e,0x3a72,0x2c8f W2=0xcab,0x2dee,0x1203
  witness[04] tail=23 r61=23 gh60=0xcafff6e W1=0xfd0,0x1116,0x3950 W2=0xedd,0x3656,0x7f4
  witness[05] tail=23 r61=25 gh60=0xdfbdb9e W1=0x2168,0x8c5,0x1a04 W2=0x2075,0x3a6a,0x168c
  witness[06] tail=24 r61=12 gh60=0x452849a W1=0xc45,0x2f8f,0x2a9a W2=0xb52,0x1622,0x20f7
  witness[07] tail=24 r61=16 gh60=0x4e385ea W1=0xa8d,0x3527,0x2a9d W2=0x99a,0x3e41,0x1efa
  witness[08] tail=24 r61=18 gh60=0x48d44ba W1=0x1d36,0x31ae,0x3167 W2=0x1c43,0x26b1,0x3751
  witness[09] tail=24 r61=23 gh60=0xdb04566 W1=0x3adc,0x30dc,0x152 W2=0x39e9,0x1118,0x11b7
  witness[10] tail=25 r61=16 gh60=0xc684f9a W1=0x176a,0x1683,0x3d79 W2=0x1677,0x161e,0x396d
  witness[11] tail=25 r61=17 gh60=0x55885a6 W1=0x12bb,0x11bd,0xee0 W2=0x11c8,0x35e2,0x83
  witness[12] tail=25 r61=19 gh60=0x7c8bcae W1=0xe3f,0xd1c,0x547 W2=0xd4c,0x33e7,0x34ac
  witness[13] tail=25 r61=21 gh60=0x49f84ee W1=0x3a0f,0x36a8,0x3e8b W2=0x391c,0x34d2,0xd5a
  witness[14] tail=25 r61=22 gh60=0xda38cea W1=0x711,0x2eca,0x807 W2=0x61e,0x3181,0x3461
  witness[15] tail=25 r61=22 gh60=0xcb37d6a W1=0x30ce,0x2dbb,0x17d W2=0x2fdb,0x18ab,0x3865

Scan-only r61 registry
  registry_count=16 registry_cap=16
  r61_witness[00] r61=12 tail=24 gh60=0x452849a W1=0xc45,0x2f8f,0x2a9a W2=0xb52,0x1622,0x20f7
  r61_witness[01] r61=13 tail=29 gh60=0x4a09cea W1=0x1e0d,0x19db,0x1035 W2=0x1d1a,0x221e,0x132e
  r61_witness[02] r61=14 tail=30 gh60=0x46045e6 W1=0x149c,0x2627,0x97 W2=0x13a9,0x28d1,0x16e2
  r61_witness[03] r61=15 tail=29 gh60=0x588dcaa W1=0x1f3e,0x71,0x28b5 W2=0x1e4b,0x665,0x10ae
  r61_witness[04] r61=15 tail=31 gh60=0x490876e W1=0x34f,0x5f6,0x1269 W2=0x25c,0x63c,0x3c1f
  r61_witness[05] r61=15 tail=31 gh60=0x4909b6e W1=0x1d5f,0x7c5,0x2613 W2=0x1c6c,0x3ad0,0x3b92
  r61_witness[06] r61=15 tail=32 gh60=0x3a084ee W1=0x340f,0x298e,0x1151 W2=0x331c,0x2bb8,0x20f8
  r61_witness[07] r61=15 tail=33 gh60=0xba0bdea W1=0x1091,0x193,0x9a W2=0xf9e,0x2eee,0x35e2
  r61_witness[08] r61=16 tail=20 gh60=0x48884aa W1=0x1b41,0x53d,0x4a5 W2=0x1a4e,0x1bed,0x12b1
  r61_witness[09] r61=16 tail=24 gh60=0x4e385ea W1=0xa8d,0x3527,0x2a9d W2=0x99a,0x3e41,0x1efa
  r61_witness[10] r61=16 tail=25 gh60=0xc684f9a W1=0x176a,0x1683,0x3d79 W2=0x1677,0x161e,0x396d
  r61_witness[11] r61=16 tail=26 gh60=0xcf1dba6 W1=0x1c4,0x24e2,0x2de3 W2=0xd1,0x2b49,0x2c1d
  r61_witness[12] r61=16 tail=27 gh60=0x4a844a6 W1=0x39fc,0x106b,0x2e6b W2=0x3909,0x3d37,0x10f9
  r61_witness[13] r61=16 tail=29 gh60=0x463bcea W1=0x2f0d,0x3efa,0x120f W2=0x2e1a,0x3869,0x52a
  r61_witness[14] r61=16 tail=31 gh60=0x5608dea W1=0x38a1,0x21f4,0x1847 W2=0x37ae,0x2ec3,0x1d1e
  r61_witness[15] r61=16 tail=32 gh60=0x489cbba W1=0x9ba,0x1037,0x1b70 W2=0x8c7,0x3b33,0x76d

D60=0 fiber histogram: 1:8011 2:4711 3:1778 4:1052 5:419 6:221 7:87 8:63 9:24 10:22 11:7 12:9 13:3 14:1 15:1 16:1 17:1 21:1
