c ---- [ banner ] ------------------------------------------------------------
c
c Kissat SAT Solver
c 
c Copyright (c) 2021-2024 Armin Biere University of Freiburg
c Copyright (c) 2019-2021 Armin Biere Johannes Kepler University Linz
c 
c Version 4.0.4 unknown
c Apple clang version 17.0.0 (clang-1700.3.19.1) -W -Wall -O3 -DNDEBUG
c Thu Oct 16 20:09:41 UTC 2025 Darwin Tahoe-arm64.local 25.0.0 arm64
c
c ---- [ parsing ] -----------------------------------------------------------
c
c opened and reading DIMACS file:
c
c   cnfs_n32/sr61_cascade_ma896ee41_fffffffff_bit2.cnf
c
c parsed 'p cnf 11266 47712' header
c closing input after reading 861721 bytes (842 KB)
c finished parsing after 0.00 seconds
c
c ---- [ options ] -----------------------------------------------------------
c
c --seed=5                         (different from default '0')
c
c ---- [ limits ] ------------------------------------------------------------
c
c conflict limit set to 1000000 conflicts
c
c ---- [ solving ] -----------------------------------------------------------
c
c seconds switched rate     size/glue tier1  binary         remaining
c        MB reductions conflicts size  tier2    irredundant
c         level restarts redundant glue  trail         variables
c
c *  0.00  8 0 0 0  0 0   0   0 0.0 0 0 0 0 0% 3790 43857 11265 100%
c (  0.00  8 0 0 0  0 0   0   0 0.0 0 0 0 0 0% 3790 43857 11265 100%
c .  0.01  8 0 0 0  0 0   0   0 0.0 0 0 0 0 0% 3790 43857 11265 100%
c c  0.01 13 0 0 0  0 0   0   0 0.0 0 0 0 0 0% 5478 40786 10101 90%
c d  0.02 13 0 0 0  0 0   0   0 0.0 0 0 0 0 0% 3150 40786 10101 90%
c =  0.03 13 0 0 0  0 0   0   0 0.0 0 0 0 0 0% 3148 40786 10027 89%
c d  0.03 13 0 0 0  0 0   0   0 0.0 0 0 0 0 0% 3000 40786 10027 89%
c f  0.04 13 0 0 0  0 0   0   0 0.0 0 0 0 0 0% 3379 40144 10229 91%
c )  0.04 13 0 0 0  0 0   0   0 0.0 0 0 0 0 0% 3379 40144 10229 91%
c {  0.04 13 0 0 0  0 0   0   0 0.0 0 0 2 6 0% 3379 40144 10229 91%
c -  0.05 13 141 0 1 175 28 1000 750 1.6 4 3 2 5 7% 3477 40143 10229 91%
c }  0.05 13 141 1 1 175 28 1000 750 1.6 4 3 2 5 7% 3477 40143 10229 91%
c [  0.05 13 0 1 1 175 0 1000 750 0.0 0 0 2 6 0% 3477 40143 10229 91%
c B  0.05 13 203 1 1 175 18 1002 751 1.3 4 3 2 6 13% 3477 40143 10229 91%
c ]  0.06 13 295 2 1 175 5 1737 1419 2.7 32 12 6 19 27% 3485 40143 10229 91%
c {  0.06 13 141 2 1 175 28 1737 1419 1.6 4 3 2 5 7% 3485 40143 10229 91%
c -  0.06 13 141 2 2 244 31 2001 1559 1.6 4 3 2 4 8% 3503 40143 10229 91%
c c  0.07 13 134 2 2 412 31 2559 2016 1.5 4 3 2 5 7% 3555 40093 10206 91%
c d  0.07 13 134 2 2 412 31 2559 2006 1.5 4 3 2 5 7% 3483 40093 10193 90%
c u  0.08 13 134 2 2 412 31 2559 1592 1.5 4 3 2 5 7% 3484 40093 10193 90%
c
c seconds   switched   rate       size/glue tier1  binary         remaining
c        MB  reductions conflicts      size  tier2    irredundant
c          level restarts    redundant   glue  trail         variables
c
c v  0.08 13 134 2 2 412 31 2559 1431 1.5 4 3 2 5 7% 3484 40093 10193 90%
c w  0.08 13 134 2 2 412 31 2559 1339 1.5 4 3 2 5 7% 3484 40093 10193 90%
c x  0.09 13 134 2 2 412 31 2559 1339 1.5 4 3 2 5 7% 3484 39984 10193 90%
c =  0.10 14 134 2 2 412 31 2559 1339 1.5 4 3 2 5 7% 3636 39984 10117 90%
c d  0.10 14 134 2 2 412 31 2559 1289 1.5 4 3 2 5 7% 3477 39984 10116 90%
c t  0.10 14 134 2 2 412 31 2559 1289 1.5 4 3 2 5 7% 3476 39984 10116 90%
c c  0.11 14 134 2 2 412 31 2559 1289 1.5 4 3 2 5 7% 3495 39941 10106 90%
c d  0.11 14 134 2 2 412 31 2559 1288 1.5 4 3 2 5 7% 3475 39941 10106 90%
c u  0.11 14 134 2 2 412 31 2559 1230 1.5 4 3 2 5 7% 3476 39941 10106 90%
c v  0.12 14 134 2 2 412 31 2559 1179 1.5 4 3 2 5 7% 3477 39941 10106 90%
c w  0.12 14 134 2 2 412 31 2559 1143 1.5 4 3 2 5 7% 3477 39941 10106 90%
c =  0.13 14 134 2 2 412 31 2559 1143 1.5 4 3 2 5 7% 3741 39941 9974 89%
c d  0.13 14 134 2 2 412 31 2559 1052 1.5 4 3 2 5 7% 3464 39941 9974 89%
c t  0.14 14 134 2 2 412 31 2559 1052 1.5 4 3 2 5 7% 3462 39941 9974 89%
c f  0.14 14 134 2 2 412 31 2559 1052 1.5 4 3 2 5 7% 3481 39903 9984 89%
c }  0.14 14 131 3 2 481 31 2737 1191 1.5 5 3 2 5 7% 3496 39902 9984 89%
c [  0.14 14 295 3 2 481 5 2737 1191 2.7 32 12 6 19 27% 3496 39902 9984 89%
c W  0.14 14 295 3 2 481 5 2737 1191 2.7 32 12 6 19 27% 3496 39902 9984 89%
c ]  0.15 14 279 4 2 481 5 3058 1494 2.7 38 14 6 19 33% 3505 39902 9984 89%
c {  0.15 14 131 4 2 481 31 3058 1494 1.5 5 3 2 5 7% 3505 39902 9984 89%
c
c seconds   switched   rate       size/glue tier1  binary        remaining
c        MB  reductions conflicts      size  tier2    irredundant
c          level restarts    redundant   glue  trail        variables
c
c -  0.16 14 129 4 3 581 32 3415 1649 1.5 5 3 2 4 7% 3527 39901 9984 89%
c -  0.17 14 109 4 4 996 31 5147 2871 1.6 5 3 2 4 7% 3600 39898 9984 89%
c }  0.18 14 106 5 4 1070 30 5410 3080 1.6 6 4 2 4 7% 3604 39898 9984 89%
c [  0.18 14 279 5 4 1070 5 5410 3080 2.7 38 14 6 19 33% 3604 39898 9984 89%
c I  0.18 14 279 5 4 1070 5 5410 3080 2.7 38 14 6 19 33% 3604 39898 9984 89%
c ]  0.20 14 181 6 4 1071 4 6811 4337 3.1 48 16 6 19 27% 3646 39895 9984 89%
c {  0.20 14 106 6 4 1071 30 6811 4337 1.6 6 4 2 4 7% 3646 39895 9984 89%
c -  0.21 14 104 6 5 1160 30 7147 4077 1.6 6 4 2 4 7% 3667 39895 9984 89%
c d  0.21 14 97 6 5 1320 28 7884 4689 1.6 6 4 2 4 7% 3692 39895 9981 89%
c u  0.22 14 97 6 5 1320 28 7884 3899 1.6 6 4 2 4 7% 3697 39895 9981 89%
c v  0.22 14 97 6 5 1320 28 7884 3603 1.6 6 4 2 4 7% 3697 39895 9981 89%
c w  0.22 14 97 6 5 1320 28 7884 3579 1.6 6 4 2 4 7% 3697 39895 9981 89%
c x  0.23 14 97 6 5 1320 28 7884 3579 1.6 6 4 2 4 7% 3725 39821 9981 89%
c =  0.24 14 97 6 5 1320 28 7884 3579 1.6 6 4 2 4 7% 3925 39821 9881 88%
c d  0.24 14 97 6 5 1320 28 7884 3559 1.6 6 4 2 4 7% 3694 39821 9881 88%
c t  0.24 14 97 6 5 1320 28 7884 3559 1.6 6 4 2 4 7% 3683 39821 9881 88%
c u  0.26 14 97 6 5 1320 28 7884 3423 1.6 6 4 2 4 7% 3684 39821 9881 88%
c v  0.26 14 97 6 5 1320 28 7884 3351 1.6 6 4 2 4 7% 3685 39821 9881 88%
c w  0.27 14 97 6 5 1320 28 7884 3160 1.6 6 4 2 4 7% 3685 39821 9881 88%
c -  0.29 14 92 6 6 1401 24 9385 3966 1.7 6 4 1 4 7% 3715 39817 9881 88%
c
c seconds  switched    rate        size/glue tier1  binary        remaining
c        MB reductions   conflicts      size  tier2    irredundant
c         level  restarts     redundant   glue  trail        variables
c
c o  0.30 15 92 6 6 1423 22 10042 4539 1.7 7 4 1 4 7% 3746 39814 9881 88%
c }  0.31 15 91 7 6 1472 21 10881 5210 1.7 7 4 1 4 7% 3837 39806 9881 88%
c [  0.31 15 181 7 6 1472 4 10881 5210 3.1 48 16 6 19 27% 3837 39806 9881 88%
c B  0.31 15 181 7 6 1472 4 10881 5210 3.1 48 16 6 19 27% 3837 39806 9881 88%
c -  0.32 15 163 7 7 1472 4 11834 5400 3.0 42 14 3 20 26% 3848 39805 9881 88%
c s  0.34 15 148 7 7 1473 4 12793 6299 2.9 40 14 3 20 24% 3865 37976 9881 88%
c e  0.36 17 148 7 7 1473 4 12793 6299 2.9 40 14 3 20 24% 2565 36670 6620 59%
c s  0.36 17 148 7 7 1473 4 12793 6299 2.9 40 14 3 20 24% 2579 36509 6620 59%
c e  0.36 17 148 7 7 1473 4 12793 6299 2.9 40 14 3 20 24% 2555 36531 6611 59%
c ^  0.36 17 148 7 7 1473 4 12793 6299 2.9 40 14 3 20 24% 2555 36531 6611 59%
c -  0.38 18 133 7 8 1474 4 14480 4094 2.7 34 13 2 15 22% 2571 36531 6611 59%
c ]  0.38 18 133 8 8 1474 4 14480 4094 2.7 34 13 2 15 22% 2571 36531 6611 59%
c {  0.38 18 91 8 8 1474 21 14480 4094 1.7 7 4 1 4 7% 2571 36531 6611 59%
c u  0.41 18 86 8 8 1838 21 16150 5146 1.7 7 4 1 4 7% 2650 36522 6611 59%
c v  0.41 18 86 8 8 1838 21 16150 4489 1.7 7 4 1 4 7% 2653 36522 6611 59%
c w  0.42 18 86 8 8 1838 21 16150 4428 1.7 7 4 1 4 7% 2653 36522 6611 59%
c t  0.42 18 86 8 8 1838 21 16150 4428 1.7 7 4 1 4 7% 2638 36522 6611 59%
c f  0.42 19 86 8 8 1838 21 16150 4428 1.7 7 4 1 4 7% 2645 36503 6616 59%
c u  0.43 19 86 8 8 1838 21 16150 4348 1.7 7 4 1 4 7% 2647 36503 6616 59%
c v  0.44 19 86 8 8 1838 21 16150 4214 1.7 7 4 1 4 7% 2647 36503 6616 59%
c
c seconds  switched    rate        size/glue tier1  binary        remaining
c        MB reductions   conflicts      size  tier2    irredundant
c         level  restarts     redundant   glue  trail        variables
c
c w  0.44 19 86 8 8 1838 21 16150 4184 1.7 7 4 1 4 7% 2647 36503 6616 59%
c x  0.45 20 86 8 8 1838 21 16150 4184 1.7 7 4 1 4 7% 2667 36357 6616 59%
c t  0.47 20 86 8 8 1838 21 16150 4184 1.7 7 4 1 4 7% 2660 36357 6616 59%
c f  0.48 20 86 8 8 1838 21 16150 4184 1.7 7 4 1 4 7% 2662 36347 6619 59%
c -  0.50 22 82 8 9 2125 20 17309 4631 1.7 7 4 1 4 7% 2681 36345 6619 59%
c o  0.56 22 79 8 9 2816 21 20042 7095 1.7 8 5 1 4 8% 2756 36334 6619 59%
c -  0.57 22 80 8 10 2876 21 20309 6511 1.7 8 5 1 4 8% 2757 36334 6619 59%
c }  0.58 22 79 9 10 2964 21 20639 6815 1.7 8 5 1 4 8% 2763 36334 6619 59%
c [  0.58 22 133 9 10 2964 4 20639 6815 2.7 34 13 2 15 22% 2763 36334 6619 59%
c W  0.58 23 133 9 10 2964 4 20639 6815 2.7 34 13 2 15 22% 2763 36334 6619 59%
c -  0.65 23 127 9 11 2966 3 23471 7904 2.6 42 16 2 14 24% 2777 36332 6619 59%
c s  0.70 23 122 9 11 2967 3 25667 10018 2.5 45 18 2 14 24% 2780 36191 6619 59%
c e  0.72 23 122 9 11 2967 3 25667 10018 2.5 45 18 2 14 24% 2285 36914 6319 56%
c 2  0.72 23 122 9 11 2967 3 25667 10018 2.5 45 18 2 14 24% 2284 36914 6319 56%
c s  0.72 23 122 9 11 2967 3 25667 10018 2.5 45 18 2 14 24% 2347 36610 6319 56%
c e  0.72 23 122 9 11 2967 3 25667 10018 2.5 45 18 2 14 24% 2323 36643 6310 56%
c ^  0.72 23 122 9 11 2967 3 25667 10018 2.5 45 18 2 14 24% 2323 36643 6310 56%
c -  0.76 23 122 9 12 2968 3 26789 5569 2.5 45 18 2 14 24% 2332 36643 6310 56%
c u  0.79 23 122 9 12 2969 3 27612 5913 2.5 47 19 2 14 24% 2336 36643 6310 56%
c v  0.80 23 122 9 12 2969 3 27612 5313 2.5 47 19 2 14 24% 2341 36643 6310 56%
c
c seconds   switched    rate        size/glue  tier1     binary        remaining
c        MB   reductions  conflicts       size   tier2      irredundant
c          level   restarts    redundant     glue    trail        variables
c
c w  0.81 24 122 9 12 2969 3 27612 5295 2.5 47 19 2 14 24% 2341 36643 6310 56%
c t  0.81 24 122 9 12 2969 3 27612 5295 2.5 47 19 2 14 24% 2334 36643 6310 56%
c f  0.83 24 122 9 12 2969 3 27612 5295 2.5 47 19 2 14 24% 2393 36476 6341 56%
c u  0.83 24 122 9 12 2969 3 27612 5224 2.5 47 19 2 14 24% 2394 36476 6341 56%
c v  0.84 24 122 9 12 2969 3 27612 5084 2.5 47 19 2 14 24% 2396 36476 6341 56%
c w  0.85 24 122 9 12 2969 3 27612 5071 2.5 47 19 2 14 24% 2396 36476 6341 56%
c x  0.86 24 122 9 12 2969 3 27612 5071 2.5 47 19 2 14 24% 2468 36208 6341 56%
c t  0.86 24 122 9 12 2969 3 27612 5071 2.5 47 19 2 14 24% 2456 36208 6341 56%
c ]  0.88 24 121 10 12 2969 3 28097 5537 2.5 48 19 2 14 24% 2456 36208 6341 56%
c {  0.88 24 79 10 12 2969 21 28097 5537 1.7 8 5 1 4 8% 2456 36208 6341 56%
c -  0.92 24 77 10 13 3491 21 30253 6463 1.7 9 5 1 4 8% 2468 36208 6341 56%
c -  1.02 24 76 10 14 4364 21 33858 8782 1.8 9 5 1 4 9% 2490 36206 6341 56%
c }  1.09 24 74 11 14 5089 21 36724 11433 1.8 10 6 1 4 9% 2513 36205 6341 56%
c [  1.09 24 121 11 14 5089 3 36724 11433 2.5 48 19 2 14 24% 2513 36205 6341 56%
c O  1.09 24 121 11 14 5089 3 36724 11433 2.5 48 19 2 14 24% 2513 36205 6341 56%
c -  1.11 24 119 11 15 5089 3 37599 10619 2.5 47 19 2 14 24% 2518 36205 6341 56%
c -  1.21 24 114 11 16 5092 2 41471 11232 2.5 51 20 2 14 25% 2521 36205 6341 56%
c u  1.24 24 113 11 16 5093 2 42376 11261 2.5 51 21 2 14 25% 2524 36205 6341 56%
c v  1.25 24 113 11 16 5093 2 42376 10590 2.5 51 21 2 14 25% 2525 36205 6341 56%
c w  1.26 25 113 11 16 5093 2 42376 10590 2.5 51 21 2 14 25% 2525 36205 6341 56%
c
c seconds    switched    rate         size/glue  tier1     binary        remaining
c        MB    reductions  conflicts        size   tier2      irredundant
c          level    restarts     redundant     glue    trail        variables
c
c x  1.27 25 113 11 16 5093 2 42376 10588 2.5 51 21 2 14 25% 2527 36018 6341 56%
c =  1.32 25 113 11 16 5093 2 42376 10588 2.5 51 21 2 14 25% 2529 36018 6340 56%
c d  1.32 25 113 11 16 5093 2 42376 10588 2.5 51 21 2 14 25% 2527 36018 6340 56%
c t  1.32 25 113 11 16 5093 2 42376 10588 2.5 51 21 2 14 25% 2520 36018 6340 56%
c u  1.33 25 113 11 16 5093 2 42376 10449 2.5 51 21 2 14 25% 2520 36018 6340 56%
c v  1.34 25 113 11 16 5093 2 42376 9899 2.5 51 21 2 14 25% 2520 36018 6340 56%
c w  1.35 25 113 11 16 5093 2 42376 9898 2.5 51 21 2 14 25% 2520 36018 6340 56%
c x  1.36 25 113 11 16 5093 2 42376 9898 2.5 51 21 2 14 25% 2530 35819 6340 56%
c t  1.36 25 113 11 16 5093 2 42376 9898 2.5 51 21 2 14 25% 2524 35819 6340 56%
c o  1.37 25 113 11 16 5093 2 42376 9898 2.5 51 21 2 14 25% 2524 35819 6340 56%
c -  1.44 25 112 11 17 5095 2 45472 9319 2.5 50 20 2 13 25% 2524 35819 6340 56%
c B  1.46 25 112 11 17 5095 2 46485 10299 2.5 51 20 2 13 26% 2524 35819 6340 56%
c -  1.52 25 110 11 18 5096 2 49595 10109 2.5 50 20 2 13 25% 2526 35819 6340 56%
c ]  1.52 25 110 12 18 5096 2 49621 10135 2.5 50 20 2 13 25% 2526 35819 6340 56%
c {  1.52 25 74 12 18 5096 21 49621 10135 1.8 10 6 1 4 9% 2526 35819 6340 56%
c s  1.62 25 73 12 18 5900 20 53584 13809 1.8 10 6 1 4 9% 2550 35761 6340 56%
c e  1.64 25 73 12 18 5900 20 53584 13809 1.8 10 6 1 4 9% 1937 36823 6026 53%
c s  1.64 25 73 12 18 5900 20 53584 13809 1.8 10 6 1 4 9% 1944 36682 6026 53%
c e  1.64 25 73 12 18 5900 20 53584 13809 1.8 10 6 1 4 9% 1936 36695 6021 53%
c ^  1.64 25 73 12 18 5900 20 53584 13809 1.8 10 6 1 4 9% 1936 36695 6021 53%
c
c seconds   switched     rate        size/glue tier1   binary        remaining
c        MB   reductions   conflicts       size  tier2    irredundant
c         level    restarts     redundant    glue  trail        variables
c
c -  1.66 25 73 12 19 5964 20 53837 8858 1.8 10 6 1 3 9% 1937 36695 6021 53%
c -  1.75 25 72 12 20 6752 19 58195 11540 1.8 11 6 1 3 10% 1947 36694 6021 53%
c c  1.83 25 72 12 20 7319 19 60551 13751 1.8 11 6 1 3 10% 1949 36694 6019 53%
c d  1.83 25 72 12 20 7319 19 60551 13745 1.8 11 6 1 3 10% 1945 36694 6019 53%
c u  1.84 25 72 12 20 7319 19 60551 12776 1.8 11 6 1 3 10% 1947 36694 6019 53%
c v  1.86 25 72 12 20 7319 19 60551 12148 1.8 11 6 1 3 10% 1950 36694 6019 53%
c w  1.86 25 72 12 20 7319 19 60551 12105 1.8 11 6 1 3 10% 1950 36694 6019 53%
c x  1.87 25 72 12 20 7319 19 60551 12105 1.8 11 6 1 3 10% 1965 36553 6019 53%
c d  1.88 25 72 12 20 7319 19 60551 12105 1.8 11 6 1 3 10% 1963 36553 6018 53%
c t  1.88 25 72 12 20 7319 19 60551 12105 1.8 11 6 1 3 10% 1952 36553 6018 53%
c f  1.88 25 72 12 20 7319 19 60551 12105 1.8 11 6 1 3 10% 1954 36541 6020 53%
c u  1.90 25 72 12 20 7319 19 60551 11955 1.8 11 6 1 3 10% 1954 36541 6020 53%
c v  1.92 25 72 12 20 7319 19 60551 11336 1.8 11 6 1 3 10% 1955 36541 6020 53%
c w  1.92 25 72 12 20 7319 19 60551 11316 1.8 11 6 1 3 10% 1955 36541 6020 53%
c x  1.93 25 72 12 20 7319 19 60551 11310 1.8 11 6 1 3 10% 1959 36391 6020 53%
c d  1.93 25 72 12 20 7319 19 60551 11310 1.8 11 6 1 3 10% 1957 36391 6019 53%
c t  1.94 25 72 12 20 7319 19 60551 11310 1.8 11 6 1 3 10% 1955 36391 6019 53%
c }  1.95 25 72 13 20 7430 19 61100 11822 1.8 11 6 1 3 10% 1957 36391 6019 53%
c [  1.95 25 110 13 20 7430 2 61100 11822 2.5 50 20 2 13 25% 1957 36391 6019 53%
c W  1.96 25 110 13 20 7430 2 61100 11822 2.5 50 20 2 13 25% 1957 36391 6019 53%
c
c seconds    switched    rate         size/glue  tier1     binary        remaining
c        MB    reductions  conflicts        size   tier2      irredundant
c          level    restarts     redundant     glue    trail        variables
c
c -  2.00 25 109 13 21 7431 2 62668 11215 2.5 50 20 2 13 25% 1959 36391 6019 53%
c -  2.12 25 107 13 22 7434 2 67250 11778 2.5 51 21 2 12 24% 1959 36391 6019 53%
c -  2.23 25 105 13 23 7436 2 71940 12143 2.5 50 20 2 12 24% 1961 36391 6019 53%
c o  2.31 25 105 13 23 7438 2 74584 14745 2.5 51 21 2 12 23% 1961 36391 6019 53%
c ]  2.34 25 104 14 23 7439 2 75933 16063 2.5 52 21 2 12 24% 1962 36391 6019 53%
c {  2.34 25 72 14 23 7439 19 75933 16063 1.8 11 6 1 3 10% 1962 36391 6019 53%
c -  2.37 25 72 14 24 7611 19 76735 12816 1.8 11 6 1 3 10% 1964 36391 6019 53%
c -  2.52 25 72 14 25 8551 19 81634 14646 1.8 12 6 1 3 10% 1980 36390 6019 53%
c u  2.55 25 72 14 25 8707 19 82258 14444 1.8 12 6 1 3 10% 1981 36390 6019 53%
c v  2.57 25 72 14 25 8707 19 82258 13846 1.8 12 6 1 3 10% 1982 36390 6019 53%
c w  2.57 25 72 14 25 8707 19 82258 13799 1.8 12 6 1 3 10% 1982 36390 6019 53%
c x  2.59 25 72 14 25 8707 19 82258 13790 1.8 12 6 1 3 10% 1982 36324 6019 53%
c =  2.67 25 72 14 25 8707 19 82258 13790 1.8 12 6 1 3 10% 2968 36256 5526 49%
c d  2.68 25 72 14 25 8707 19 82258 13777 1.8 12 6 1 3 10% 1978 36256 5526 49%
c t  2.68 25 72 14 25 8707 19 82258 13777 1.8 12 6 1 3 10% 1974 36256 5526 49%
c u  2.70 25 72 14 25 8707 19 82258 13652 1.8 12 6 1 3 10% 1974 36256 5526 49%
c v  2.72 25 72 14 25 8707 19 82258 12798 1.8 12 6 1 3 10% 1974 36256 5526 49%
c w  2.74 25 72 14 25 8707 19 82258 12680 1.8 12 6 1 3 10% 1974 36256 5526 49%
c -  2.85 25 71 14 26 9379 19 86634 14145 1.8 12 7 1 4 11% 1979 36256 5526 49%
c }  2.96 25 71 15 26 10073 18 90648 17920 1.8 12 7 1 4 11% 1987 36256 5526 49%
c
c seconds    switched     rate         size/glue  tier1     binary        remaining
c        MB    reductions   conflicts        size   tier2      irredundant
c          level    restarts      redundant     glue    trail        variables
c
c [  2.96 25 104 15 26 10073 2 90648 17920 2.5 52 21 2 12 24% 1987 36256 5526 49%
c I  2.96 25 104 15 26 10073 2 90648 17920 2.5 52 21 2 12 24% 1987 36256 5526 49%
c -  2.99 25 104 15 27 10074 2 91733 15895 2.5 51 21 2 12 24% 1987 36256 5526 49%
c -  3.12 25 104 15 28 10078 2 96930 16064 2.5 52 21 2 12 24% 1991 36256 5526 49%
c s  3.16 25 104 15 28 10078 2 98575 17660 2.5 52 21 2 12 24% 1992 32292 5526 49%
c e  3.19 26 104 15 28 10078 2 98575 17660 2.5 52 21 2 12 24% 912 35039 4875 43%
c s  3.19 26 104 15 28 10078 2 98575 17660 2.5 52 21 2 12 24% 928 34584 4875 43%
c e  3.20 26 104 15 28 10078 2 98575 17660 2.5 52 21 2 12 24% 914 31307 4403 39%
c ^  3.20 26 104 15 28 10078 2 98575 17660 2.5 52 21 2 12 24% 914 31307 4403 39%
c -  3.28 26 103 15 29 10079 2 102221 10520 2.5 53 21 2 12 25% 916 31307 4403 39%
c -  3.43 26 103 15 30 10083 2 107606 11624 2.5 55 22 2 12 25% 916 31307 4403 39%
c u  3.44 26 103 15 30 10083 2 107631 10784 2.5 55 22 2 12 25% 916 31307 4403 39%
c v  3.46 26 103 15 30 10083 2 107631 9801 2.5 55 22 2 12 25% 916 31307 4403 39%
c w  3.46 26 103 15 30 10083 2 107631 9701 2.5 55 22 2 12 25% 916 31307 4403 39%
c x  3.48 26 103 15 30 10083 2 107631 9681 2.5 55 22 2 12 25% 940 31110 4403 39%
c t  3.55 26 103 15 30 10083 2 107631 9681 2.5 55 22 2 12 25% 937 31110 4403 39%
c B  3.58 26 103 15 30 10084 2 108450 10474 2.4 55 22 2 12 25% 937 31110 4403 39%
c -  3.67 26 101 15 31 10086 2 113086 11549 2.5 55 22 2 12 26% 939 31109 4403 39%
c ]  3.74 26 100 16 31 10087 2 116589 14946 2.5 55 22 2 12 26% 939 31109 4403 39%
c {  3.74 26 71 16 31 10087 18 116589 14946 1.8 12 7 1 4 11% 939 31109 4403 39%
c
c seconds   switched      rate          size/glue tier1   binary        remaining
c        MB   reductions    conflicts         size  tier2    irredundant
c         level    restarts        redundant    glue   trail       variables
c
c o  3.75 26 71 16 31 10091 18 116608 14965 1.8 12 7 1 4 11% 939 31109 4403 39%
c -  3.79 26 71 16 32 10217 18 118654 13465 1.8 12 7 1 4 11% 941 31109 4403 39%
c -  3.92 26 70 16 33 10978 17 124311 15859 1.8 12 7 1 4 11% 946 31109 4403 39%
c -  4.08 26 70 16 34 11772 17 130055 17777 1.8 13 7 1 4 12% 948 31108 4403 39%
c }  4.23 26 70 17 34 12524 17 134927 22334 1.8 13 7 1 4 12% 954 31107 4403 39%
c [  4.23 26 100 17 34 12524 2 134927 22334 2.5 55 22 2 12 26% 954 31107 4403 39%
c W  4.24 26 100 17 34 12524 2 134927 22334 2.5 55 22 2 12 26% 954 31107 4403 39%
c -  4.27 26 100 17 35 12524 2 135885 19400 2.5 55 22 2 12 26% 954 31107 4403 39%
c u  4.31 26 100 17 35 12526 2 137097 19481 2.4 55 22 2 12 26% 972 31107 4403 39%
c v  4.33 26 100 17 35 12526 2 137097 18597 2.4 55 22 2 12 26% 972 31107 4403 39%
c w  4.34 26 100 17 35 12526 2 137097 18567 2.4 55 22 2 12 26% 972 31107 4403 39%
c x  4.35 26 100 17 35 12526 2 137097 18540 2.4 55 22 2 12 26% 975 30902 4403 39%
c d  4.35 26 100 17 35 12526 2 137097 18538 2.4 55 22 2 12 26% 973 30902 4402 39%
c t  4.36 26 100 17 35 12526 2 137097 18538 2.4 55 22 2 12 26% 970 30902 4402 39%
c u  4.37 26 100 17 35 12526 2 137097 18035 2.4 55 22 2 12 26% 970 30902 4402 39%
c v  4.39 26 100 17 35 12526 2 137097 17159 2.4 55 22 2 12 26% 970 30902 4402 39%
c w  4.39 26 100 17 35 12526 2 137097 17156 2.4 55 22 2 12 26% 970 30902 4402 39%
c x  4.41 26 100 17 35 12526 2 137097 17136 2.4 55 22 2 12 26% 1007 30541 4402 39%
c t  4.41 26 100 17 35 12526 2 137097 17136 2.4 55 22 2 12 26% 989 30541 4402 39%
c -  4.54 26 99 17 36 12529 2 141802 16055 2.4 55 23 2 12 26% 990 30541 4402 39%
c
c seconds   switched     rate          size/glue  tier1    binary        remaining
c        MB   reductions   conflicts         size   tier2     irredundant
c         level    restarts       redundant     glue    trail       variables
c
c -  4.68 26 98 17 37 12531 2 147803 14619 2.4 56 23 2 12 27% 990 30541 4402 39%
c -  4.84 26 97 17 38 12536 2 153886 14693 2.4 57 23 2 12 27% 990 30541 4402 39%
c O  4.96 26 97 17 38 12537 2 159153 19809 2.4 57 23 2 12 27% 990 30541 4402 39%
c -  4.98 26 97 17 39 12538 2 160052 15407 2.4 56 23 2 12 26% 990 30541 4402 39%
c ]  5.02 26 97 18 39 12538 2 162166 17464 2.4 56 23 2 12 27% 990 30541 4402 39%
c {  5.02 26 70 18 39 12538 17 162166 17464 1.8 13 7 1 4 12% 990 30541 4402 39%
c s  5.04 26 70 18 39 12595 16 163299 18504 1.9 13 7 1 4 12% 994 30529 4402 39%
c e  5.07 26 70 18 39 12595 16 163299 18504 1.9 13 7 1 4 12% 508 33802 3992 35%
c s  5.08 26 70 18 39 12595 16 163299 18504 1.9 13 7 1 4 12% 522 33080 3992 35%
c e  5.09 26 70 18 39 12595 16 163299 18504 1.9 13 7 1 4 12% 492 33193 3978 35%
c ^  5.09 26 70 18 39 12595 16 163299 18504 1.9 13 7 1 4 12% 492 33193 3978 35%
c -  5.13 26 70 18 40 12740 16 166300 10965 1.9 13 7 1 4 12% 502 33188 3978 35%
c o  5.13 26 70 18 40 12755 16 166609 11251 1.9 13 7 1 4 12% 504 33187 3978 35%
c u  5.21 26 70 18 40 12896 15 170495 13873 1.9 13 7 1 4 12% 506 33186 3978 35%
c v  5.22 26 70 18 40 12896 15 170495 12944 1.9 13 7 1 4 12% 507 33186 3978 35%
c w  5.22 26 70 18 40 12896 15 170495 12908 1.9 13 7 1 4 12% 507 33186 3978 35%
c x  5.24 26 70 18 40 12896 15 170495 12864 1.9 13 7 1 4 12% 509 32979 3978 35%
c t  5.33 26 70 18 40 12896 15 170495 12864 1.9 13 7 1 4 12% 505 32979 3978 35%
c -  5.39 26 71 18 41 12986 15 172624 13247 1.9 13 7 1 4 12% 510 32978 3978 35%
c -  5.50 26 71 18 42 13304 14 179027 16764 1.9 13 7 1 4 12% 519 32976 3978 35%
c
c seconds   switched      rate          size/glue tier1   binary        remaining
c        MB   reductions    conflicts         size  tier2    irredundant
c         level    restarts        redundant    glue   trail       variables
c
c }  5.64 26 70 19 42 13749 13 184511 21853 1.9 13 7 1 4 13% 524 32974 3978 35%
c [  5.64 26 97 19 42 13749 2 184511 21853 2.4 56 23 2 12 27% 524 32974 3978 35%
c -  5.67 26 96 19 43 13749 2 185508 19259 2.4 56 23 2 12 27% 524 32974 3978 35%
c B  5.70 26 97 19 43 13751 2 186894 20574 2.4 56 23 2 12 27% 524 32974 3978 35%
c -  5.85 26 97 19 44 13754 2 192065 18898 2.4 57 24 2 12 27% 524 32974 3978 35%
c -  6.05 26 96 19 45 13757 2 198699 16838 2.3 57 24 2 12 27% 524 32974 3978 35%
c ]  6.23 26 96 20 45 13761 2 204022 22010 2.3 59 25 2 12 27% 524 32974 3978 35%
c {  6.23 26 70 20 45 13761 13 204022 22010 1.9 13 7 1 4 13% 524 32974 3978 35%
c -  6.26 26 70 20 46 13977 14 205408 17116 1.9 13 7 1 4 13% 526 32972 3978 35%
c u  6.35 26 70 20 46 14258 13 207724 17847 1.9 13 7 1 4 13% 526 32972 3978 35%
c v  6.37 26 70 20 46 14258 13 207724 16529 1.9 13 7 1 4 13% 526 32972 3978 35%
c w  6.38 26 70 20 46 14258 13 207724 16419 1.9 13 7 1 4 13% 526 32972 3978 35%
c x  6.40 26 70 20 46 14258 13 207724 16379 1.9 13 7 1 4 13% 527 32806 3978 35%
c t  6.40 26 70 20 46 14258 13 207724 16379 1.9 13 7 1 4 13% 526 32806 3978 35%
c -  6.51 26 70 20 47 14804 13 212190 17072 1.9 14 7 1 4 13% 527 32806 3978 35%
c -  6.68 26 70 20 48 15571 13 219046 20046 1.9 14 7 1 4 13% 529 32805 3978 35%
c -  6.89 26 70 20 49 16506 13 225974 22243 1.9 14 7 1 4 13% 530 32805 3978 35%
c o  6.91 26 70 20 49 16622 13 226623 22863 1.9 14 7 1 4 13% 530 32805 3978 35%
c }  7.05 27 71 21 49 17188 13 230762 26699 1.9 14 7 1 4 13% 530 32805 3978 35%
c [  7.05 27 96 21 49 17188 2 230762 26699 2.3 59 25 2 12 27% 530 32805 3978 35%
c
c seconds   switched     rate          size/glue  tier1    binary        remaining
c        MB   reductions   conflicts         size   tier2     irredundant
c         level    restarts       redundant     glue    trail       variables
c
c W  7.07 27 96 21 49 17188 2 230762 26699 2.3 59 25 2 12 27% 530 32805 3978 35%
c -  7.12 27 96 21 50 17190 2 232977 23446 2.3 59 26 2 13 28% 530 32805 3978 35%
c -  7.31 27 96 21 51 17194 2 240048 22419 2.3 59 26 2 13 28% 530 32805 3978 35%
c -  7.48 27 97 21 52 17197 2 247189 20520 2.3 59 26 2 13 28% 530 32805 3978 35%
c s  7.52 27 97 21 52 17199 2 248697 21976 2.3 59 26 2 13 28% 533 32733 3978 35%
c e  7.55 27 97 21 52 17199 2 248697 21976 2.3 59 26 2 13 28% 268 39104 3507 31%
c s  7.56 27 97 21 52 17199 2 248697 21976 2.3 59 26 2 13 28% 273 37463 3507 31%
c e  7.58 27 97 21 52 17199 2 248697 21976 2.3 59 26 2 13 28% 266 37567 3500 31%
c !  7.58 27 97 21 52 17199 2 248697 21976 2.3 59 26 2 13 28% 266 37567 3500 31%
c u  7.61 27 97 21 52 17199 2 248998 11330 2.3 59 26 2 13 28% 267 37567 3500 31%
c v  7.63 27 97 21 52 17199 2 248998 9850 2.3 59 26 2 13 28% 269 37567 3500 31%
c w  7.64 27 97 21 52 17199 2 248998 9584 2.3 59 26 2 13 28% 269 37567 3500 31%
c x  7.68 27 97 21 52 17199 2 248998 9435 2.3 59 26 2 13 28% 276 36766 3500 31%
c t  7.68 27 97 21 52 17199 2 248998 9435 2.3 59 26 2 13 28% 273 36766 3500 31%
c f  7.70 27 97 21 52 17199 2 248998 9435 2.3 59 26 2 13 28% 287 36684 3504 31%
c u  7.72 27 97 21 52 17199 2 248998 9168 2.3 59 26 2 13 28% 287 36684 3504 31%
c v  7.73 27 97 21 52 17199 2 248998 8882 2.3 59 26 2 13 28% 287 36684 3504 31%
c w  7.75 27 97 21 52 17199 2 248998 8701 2.3 59 26 2 13 28% 287 36684 3504 31%
c x  7.78 27 97 21 52 17199 2 248998 8686 2.3 59 26 2 13 28% 294 36351 3504 31%
c t  7.78 27 97 21 52 17199 2 248998 8686 2.3 59 26 2 13 28% 293 36351 3504 31%
c
c seconds   switched     rate          size/glue  tier1    binary        remaining
c        MB   reductions   conflicts         size   tier2     irredundant
c         level    restarts       redundant     glue    trail       variables
c
c -  7.91 27 97 21 53 17201 2 254401 10010 2.3 59 26 2 13 28% 293 36351 3504 31%
c -  8.08 27 97 21 54 17202 2 261684 12066 2.3 60 26 2 13 28% 293 36350 3504 31%
c I  8.18 27 96 21 54 17204 2 266114 16365 2.3 60 26 2 13 28% 293 36349 3504 31%
c -  8.24 27 96 21 55 17206 2 269034 13977 2.3 59 26 2 13 28% 293 36349 3504 31%
c ]  8.36 27 96 22 55 17209 2 274928 19643 2.3 59 26 2 13 28% 293 36349 3504 31%
c {  8.36 27 71 22 55 17209 13 274928 19643 1.9 14 7 1 4 13% 293 36349 3504 31%
c -  8.39 27 70 22 56 17281 13 276450 16162 1.9 14 7 1 4 13% 293 36349 3504 31%
c -  8.55 27 70 22 57 17673 12 283935 18746 1.9 14 7 1 4 13% 301 36348 3504 31%
c -  8.71 27 70 22 58 18160 12 291485 21781 1.9 14 7 1 4 13% 305 36348 3504 31%
c u  8.82 27 69 22 58 18378 12 294115 23156 1.9 14 7 1 4 13% 306 36348 3504 31%
c v  8.85 27 69 22 58 18378 12 294115 22258 1.9 14 7 1 4 13% 306 36348 3504 31%
c w  8.87 27 69 22 58 18378 12 294115 22239 1.9 14 7 1 4 13% 306 36348 3504 31%
c x  8.89 27 69 22 58 18378 12 294115 22232 1.9 14 7 1 4 13% 306 36317 3504 31%
c t  8.94 27 69 22 58 18378 12 294115 22232 1.9 14 7 1 4 13% 302 36317 3504 31%
c o  9.00 27 69 22 58 18488 12 296671 24534 1.9 14 7 1 4 13% 302 36317 3504 31%
c -  9.06 27 69 22 59 18642 11 299101 22366 1.9 14 7 1 4 13% 303 36317 3504 31%
c }  9.29 27 68 23 59 19285 11 306445 29240 1.9 14 7 1 4 13% 304 36317 3504 31%
c [  9.29 27 96 23 59 19285 2 306445 29240 2.3 59 26 2 13 28% 304 36317 3504 31%
c B  9.29 27 96 23 59 19285 2 306445 29240 2.3 59 26 2 13 28% 304 36317 3504 31%
c -  9.30 27 96 23 60 19285 2 306782 24576 2.3 59 26 2 13 28% 304 36317 3504 31%
c
c seconds   switched     rate          size/glue  tier1    binary        remaining
c        MB   reductions   conflicts         size   tier2     irredundant
c         level    restarts       redundant     glue    trail       variables
c
c -  9.49 32 96 23 61 19290 2 314527 23853 2.2 59 26 2 13 28% 304 36317 3504 31%
c -  9.67 32 96 23 62 19294 2 322337 20410 2.2 59 26 2 13 28% 304 36317 3504 31%
c -  9.87 32 95 23 63 19298 2 330211 19124 2.2 59 27 2 13 28% 304 36317 3504 31%
c - 10.07 32 94 23 64 19299 2 338149 18067 2.2 60 27 2 13 28% 304 36317 3504 31%
c u 10.22 32 93 23 64 19302 2 343397 21619 2.2 60 27 2 13 28% 304 36317 3504 31%
c v 10.26 32 93 23 64 19302 2 343397 19503 2.2 60 27 2 13 28% 305 36317 3504 31%
c w 10.30 36 93 23 64 19302 2 343397 19420 2.2 60 27 2 13 28% 305 36317 3504 31%
c t 10.30 36 93 23 64 19302 2 343397 19420 2.2 60 27 2 13 28% 304 36317 3504 31%
c - 10.37 36 93 23 65 19305 2 346152 15393 2.2 60 27 2 13 28% 304 36317 3504 31%
c W 10.48 36 93 23 65 19306 2 350156 19300 2.2 60 27 2 13 28% 304 36317 3504 31%
c ] 10.51 36 93 24 65 19306 2 350865 19978 2.2 60 27 2 13 28% 304 36317 3504 31%
c { 10.51 36 68 24 65 19306 11 350865 19978 1.9 14 7 1 4 13% 304 36317 3504 31%
c - 10.57 36 68 24 66 19632 11 354216 17907 1.9 14 8 1 4 13% 305 36317 3504 31%
c s 10.61 36 68 24 66 19806 11 355749 19323 1.9 14 8 1 4 13% 305 36294 3504 31%
c e 10.63 36 68 24 66 19806 11 355749 19323 1.9 14 8 1 4 13% 265 36665 3476 31%
c s 10.63 36 68 24 66 19806 11 355749 19323 1.9 14 8 1 4 13% 266 36578 3476 31%
c e 10.63 36 68 24 66 19806 11 355749 19323 1.9 14 8 1 4 13% 265 36594 3475 31%
c - 10.80 36 68 24 67 20463 11 362341 21248 1.9 14 8 1 4 13% 265 36594 3475 31%
c - 11.00 36 69 24 68 21190 11 370526 24476 1.9 14 8 1 4 13% 266 36593 3475 31%
c o 11.16 36 69 24 68 21867 11 376671 30053 1.9 15 8 1 4 13% 267 36593 3475 31%
c
c seconds   switched      rate          size/glue tier1   binary        remaining
c        MB   reductions    conflicts         size  tier2    irredundant
c         level    restarts        redundant    glue   trail       variables
c
c - 11.26 36 69 24 69 22217 11 378773 26628 1.9 15 8 1 4 13% 267 36593 3475 31%
c - 11.53 36 69 24 70 23185 11 387081 28419 1.9 15 8 1 4 13% 267 36593 3475 31%
c } 11.54 36 69 25 70 23230 11 387542 28850 1.9 15 8 1 4 13% 267 36593 3475 31%
c [ 11.54 36 93 25 70 23230 2 387542 28850 2.2 60 27 2 13 28% 267 36593 3475 31%
c - 11.75 36 95 25 71 23235 2 395447 27305 2.2 59 27 2 13 28% 267 36593 3475 31%
c u 11.81 36 95 25 71 23236 2 396919 27074 2.1 59 27 2 13 28% 267 36593 3475 31%
c v 11.84 36 95 25 71 23236 2 396919 25712 2.1 59 27 2 13 28% 267 36593 3475 31%
c w 11.86 37 95 25 71 23236 2 396919 25699 2.1 59 27 2 13 28% 267 36593 3475 31%
c x 11.90 37 95 25 71 23236 2 396919 25688 2.1 59 27 2 13 28% 269 36512 3475 31%
c f 11.90 37 95 25 71 23236 2 396919 25688 2.1 59 27 2 13 28% 275 36472 3477 31%
c u 11.93 37 95 25 71 23236 2 396919 24954 2.1 59 27 2 13 28% 275 36472 3477 31%
c v 11.98 37 95 25 71 23236 2 396919 22482 2.1 59 27 2 13 28% 278 36472 3477 31%
c w 12.00 37 95 25 71 23236 2 396919 22370 2.1 59 27 2 13 28% 278 36472 3477 31%
c O 12.04 37 95 25 71 23236 2 398317 23738 2.1 59 27 2 13 28% 278 36472 3477 31%
c - 12.16 37 95 25 72 23239 2 403873 19299 2.2 59 27 2 13 28% 278 36472 3477 31%
c - 12.40 37 95 25 73 23243 2 412358 18855 2.2 60 28 2 13 28% 278 36472 3477 31%
c - 12.71 38 95 25 74 23245 1 420903 17723 2.2 63 28 2 13 29% 278 36472 3477 31%
c - 12.94 38 95 25 75 23251 1 429506 18623 2.2 63 28 2 13 28% 278 36472 3477 31%
c ] 13.12 38 94 26 75 23253 1 435010 24018 2.2 63 28 2 13 28% 278 36472 3477 31%
c { 13.12 38 69 26 75 23253 11 435010 24018 1.9 15 8 1 4 13% 278 36472 3477 31%
c
c seconds   switched      rate          size/glue tier1   binary        remaining
c        MB   reductions    conflicts         size  tier2    irredundant
c         level    restarts        redundant    glue   trail       variables
c
c - 13.23 38 69 26 76 23604 11 438166 21038 1.9 15 8 1 4 13% 278 36472 3477 31%
c - 13.47 38 69 26 77 24513 11 446883 24688 1.9 15 8 1 4 13% 279 36472 3477 31%
c u 13.77 38 69 26 77 25397 11 454721 30549 1.9 15 8 1 4 13% 279 36472 3477 31%
c v 13.82 38 69 26 77 25397 11 454721 28441 1.9 15 8 1 4 13% 279 36472 3477 31%
c w 13.84 38 69 26 77 25397 11 454721 28415 1.9 15 8 1 4 13% 279 36472 3477 31%
c - 13.89 38 69 26 78 25499 11 455657 24626 1.9 15 8 1 4 13% 279 36472 3477 31%
c - 14.20 38 69 26 79 26435 11 464488 27402 1.9 15 8 1 4 14% 279 36472 3477 31%
c o 14.28 38 69 26 79 26701 11 466672 29444 1.9 15 8 1 4 14% 279 36472 3477 31%
c - 14.51 38 69 26 80 27502 11 473377 29812 1.9 15 8 1 4 14% 279 36472 3477 31%
c } 14.63 38 69 27 80 27887 11 477228 33409 1.9 15 8 1 4 14% 279 36472 3477 31%
c [ 14.63 38 94 27 80 27887 1 477228 33409 2.2 63 28 2 13 28% 279 36472 3477 31%
c B 14.63 38 94 27 80 27887 1 477228 33409 2.2 63 28 2 13 28% 279 36472 3477 31%
c - 14.75 38 95 27 81 27890 1 482322 30156 2.2 62 28 2 13 28% 279 36472 3477 31%
c s 14.85 38 95 27 81 27893 1 486888 34625 2.2 61 28 2 13 28% 279 36456 3477 31%
c e 14.86 38 95 27 81 27893 1 486888 34625 2.2 61 28 2 13 28% 266 36491 3474 31%
c s 14.86 38 95 27 81 27893 1 486888 34625 2.2 61 28 2 13 28% 266 36477 3474 31%
c - 15.01 38 95 27 82 27895 1 491322 27360 2.2 61 28 2 13 28% 266 36477 3474 31%
c - 15.26 38 95 27 83 27900 1 500380 25222 2.2 60 28 2 13 28% 266 36477 3474 31%
c - 15.50 38 94 27 84 27901 1 509492 24124 2.2 60 28 2 13 28% 266 36477 3474 31%
c u 15.77 38 94 27 84 27907 1 516891 29665 2.2 62 29 2 13 28% 266 36477 3474 31%
c
c seconds   switched     rate          size/glue  tier1    binary        remaining
c        MB   reductions   conflicts         size   tier2     irredundant
c         level    restarts       redundant     glue    trail       variables
c
c v 15.81 38 94 27 84 27907 1 516891 27900 2.2 62 29 2 13 28% 266 36477 3474 31%
c w 15.85 39 94 27 84 27907 1 516891 27869 2.2 62 29 2 13 28% 266 36477 3474 31%
c x 15.88 40 94 27 84 27907 1 516891 27850 2.2 62 29 2 13 28% 266 36399 3474 31%
c - 16.21 40 93 27 85 27907 1 518657 19767 2.1 62 29 2 13 28% 266 36399 3474 31%
c - 16.43 40 94 27 86 27912 1 527876 20645 2.1 61 29 2 13 28% 266 36399 3474 31%
c W 16.61 40 94 27 86 27915 1 534812 27363 2.1 61 29 2 13 28% 266 36399 3474 31%
c - 16.68 40 93 27 87 27916 1 537149 21770 2.1 61 29 2 13 28% 266 36399 3474 31%
c ] 16.84 40 93 28 87 27916 1 542376 26850 2.1 62 29 2 13 28% 266 36399 3474 31%
c { 16.84 40 69 28 87 27916 11 542376 26850 1.9 15 8 1 4 14% 266 36399 3474 31%
c - 16.95 40 69 28 88 28215 11 546476 23442 1.9 15 8 1 4 14% 266 36399 3474 31%
c - 17.29 40 69 28 89 29387 11 555856 27369 1.9 15 8 1 4 14% 267 36399 3474 31%
c - 17.64 40 69 28 90 30444 11 565289 30805 1.9 16 8 1 4 14% 268 36399 3474 31%
c o 17.69 40 69 28 90 30614 11 566686 32096 1.9 16 8 1 4 14% 268 36399 3474 31%
c - 18.02 40 69 28 91 31724 11 574775 33254 1.9 16 8 1 4 14% 268 36399 3474 31%
c u 18.42 40 69 28 91 32697 11 583493 39131 1.9 16 8 1 4 14% 270 36399 3474 31%
c v 18.47 40 69 28 91 32697 11 583493 36950 1.9 16 8 1 4 14% 271 36399 3474 31%
c w 18.50 40 69 28 91 32697 11 583493 36910 1.9 16 8 1 4 14% 271 36399 3474 31%
c t 18.51 40 69 28 91 32697 11 583493 36910 1.9 16 8 1 4 14% 270 36399 3474 31%
c - 18.55 40 69 28 92 32785 11 584314 31090 1.9 16 8 1 4 14% 270 36399 3474 31%
c } 18.76 40 69 29 92 33454 11 590514 36905 1.9 16 9 1 4 14% 270 36399 3474 31%
c
c seconds   switched     rate          size/glue  tier1    binary        remaining
c        MB   reductions   conflicts         size   tier2     irredundant
c         level    restarts       redundant     glue    trail       variables
c
c [ 18.76 40 93 29 92 33454 1 590514 36905 2.1 62 29 2 13 28% 270 36399 3474 31%
c - 18.84 40 93 29 93 33456 1 593906 32241 2.1 61 29 2 13 28% 270 36399 3474 31%
c I 18.92 40 93 29 93 33459 1 597362 35631 2.1 61 29 2 13 28% 270 36399 3474 31%
c - 19.06 40 92 29 94 33461 1 603549 30053 2.1 61 29 2 13 28% 270 36399 3474 31%
c - 19.35 40 92 29 95 33467 1 613244 26023 2.1 61 29 2 13 28% 270 36399 3474 31%
c - 19.64 40 91 29 96 33468 1 622992 24617 2.1 60 29 2 13 27% 270 36399 3474 31%
c - 19.95 40 90 29 97 33475 1 632789 24171 2.1 61 29 2 13 27% 270 36399 3474 31%
c - 20.23 40 90 29 98 33481 1 642639 24475 2.1 61 30 2 13 27% 270 36399 3474 31%
c s 20.25 40 90 29 98 33481 1 643437 25258 2.1 61 30 2 13 27% 270 36397 3474 31%
c e 20.26 40 90 29 98 33481 1 643437 25258 2.1 61 30 2 13 27% 268 36415 3473 31%
c s 20.26 40 90 29 98 33481 1 643437 25258 2.1 61 30 2 13 27% 268 36403 3473 31%
c - 20.56 40 90 29 99 33483 1 652538 25072 2.1 61 30 2 13 28% 268 36403 3473 31%
c u 20.67 40 89 29 99 33483 1 654568 24968 2.1 62 30 2 13 28% 268 36403 3473 31%
c v 20.70 40 89 29 99 33483 1 654568 22721 2.1 62 30 2 13 28% 269 36403 3473 31%
c w 20.76 40 89 29 99 33483 1 654568 22518 2.1 62 30 2 13 28% 269 36403 3473 31%
c - 20.98 40 89 29 100 33484 1 662488 21686 2.1 61 30 2 13 27% 269 36403 3473 31%
c B 21.04 40 89 29 100 33484 1 665044 24171 2.1 61 30 2 13 27% 269 36403 3473 31%
c ] 21.25 40 89 30 100 33484 1 672062 30971 2.0 60 30 2 13 27% 269 36403 3473 31%
c { 21.25 40 69 30 100 33484 11 672062 30971 1.9 16 9 1 4 14% 269 36403 3473 31%
c - 21.27 40 69 30 101 33531 11 672488 22985 1.9 16 9 1 4 14% 269 36403 3473 31%
c
c seconds   switched       rate          size/glue tier1   binary        remaining
c        MB   reductions     conflicts         size  tier2    irredundant
c         level     restarts        redundant    glue   trail       variables
c
c o 21.38 40 70 30 101 33826 11 676899 27115 1.9 16 9 1 4 14% 269 36403 3473 31%
c - 21.53 40 70 30 102 34242 11 682537 27519 1.9 16 9 1 4 14% 269 36403 3473 31%
c - 21.82 40 70 30 103 35087 11 692636 31197 1.9 16 9 1 4 14% 269 36403 3473 31%
c - 22.21 40 70 30 104 36106 11 702784 33875 1.9 16 9 1 4 14% 269 36403 3473 31%
c - 22.61 40 70 30 105 37182 11 712983 36119 1.9 16 9 1 4 14% 270 36403 3473 31%
c - 23.06 40 70 30 106 38251 11 723229 38025 1.9 17 9 1 4 14% 270 36403 3473 31%
c } 23.21 40 70 31 106 38713 11 726496 41134 1.9 17 9 1 4 14% 270 36403 3473 31%
c [ 23.21 40 89 31 106 38713 1 726496 41134 2.0 60 30 2 13 27% 270 36403 3473 31%
c u 23.37 40 89 31 106 38715 1 730165 42414 2.0 60 29 2 13 28% 270 36403 3473 31%
c v 23.44 40 89 31 106 38715 1 730165 38955 2.0 60 29 2 13 28% 270 36403 3473 31%
c w 23.50 40 89 31 106 38715 1 730165 38926 2.0 60 29 2 13 28% 270 36403 3473 31%
c t 23.50 40 89 31 106 38715 1 730165 38926 2.0 60 29 2 13 28% 269 36403 3473 31%
c - 23.59 40 89 31 107 38718 1 733525 32398 2.1 60 29 2 13 28% 269 36403 3473 31%
c W 23.75 40 89 31 107 38719 1 738020 36786 2.1 61 29 2 13 28% 269 36403 3473 31%
c - 23.92 40 89 31 108 38723 1 743870 28984 2.1 61 29 2 13 28% 269 36403 3473 31%
c - 24.24 40 89 31 109 38727 1 754262 26115 2.1 61 30 2 13 28% 269 36403 3473 31%
c - 24.57 40 89 31 110 38731 1 764704 25546 2.1 61 29 2 13 28% 269 36403 3473 31%
c - 24.87 40 89 31 111 38737 1 775192 25694 2.1 61 30 2 13 28% 269 36403 3473 31%
c - 25.19 40 89 31 112 38742 1 785728 25471 2.1 62 30 2 13 29% 269 36403 3473 31%
c - 25.56 40 90 31 113 38743 1 796312 24592 2.1 64 31 2 14 29% 269 36403 3473 31%
c
c seconds   switched      rate          size/glue  tier1    binary        remaining
c        MB   reductions    conflicts         size   tier2     irredundant
c         level     restarts       redundant     glue    trail       variables
c
c - 25.95 40 90 31 114 38743 1 806942 23434 2.0 65 32 2 14 29% 269 36403 3473 31%
c ] 26.09 40 90 32 114 38745 1 810149 26567 2.0 66 33 2 14 29% 269 36403 3473 31%
c { 26.09 40 70 32 114 38745 11 810149 26567 1.9 17 9 1 4 14% 269 36403 3473 31%
c o 26.09 40 70 32 114 38750 11 810176 26594 1.9 17 9 1 4 14% 269 36403 3473 31%
c u 26.14 40 70 32 114 38770 11 810339 25000 1.9 17 9 1 4 14% 269 36403 3473 31%
c v 26.17 40 70 32 114 38770 11 810339 23180 1.9 17 9 1 4 14% 269 36403 3473 31%
c w 26.21 40 70 32 114 38770 11 810339 23093 1.9 17 9 1 4 14% 269 36403 3473 31%
c x 26.26 40 70 32 114 38770 11 810339 23084 1.9 17 9 1 4 14% 269 36315 3473 31%
c - 26.44 40 70 32 115 39123 11 817619 24970 1.9 17 9 1 4 14% 270 36315 3473 31%
c s 26.67 40 70 32 115 39799 10 826740 33434 1.9 17 9 1 4 15% 270 36307 3473 31%
c e 26.68 40 70 32 115 39799 10 826740 33434 1.9 17 9 1 4 15% 268 36364 3469 31%
c s 26.68 40 70 32 115 39799 10 826740 33434 1.9 17 9 1 4 15% 268 36358 3469 31%
c - 26.74 40 71 32 116 39929 10 828342 30759 1.9 17 9 1 4 15% 268 36358 3469 31%
c - 27.12 40 71 32 117 40889 10 839112 34312 1.9 17 9 1 4 15% 268 36358 3469 31%
c - 27.56 40 71 32 118 42002 10 849929 37093 1.9 17 9 1 4 15% 268 36358 3469 31%
c - 28.00 40 71 32 119 43017 10 860792 39337 1.9 17 9 1 4 15% 268 36358 3469 31%
c } 28.43 40 70 33 119 44048 10 871254 49168 1.9 17 9 1 4 15% 268 36358 3469 31%
c [ 28.43 40 90 33 119 44048 1 871254 49168 2.0 66 33 2 14 29% 268 36358 3469 31%
c O 28.43 40 90 33 119 44048 1 871254 49168 2.0 66 33 2 14 29% 268 36358 3469 31%
c - 28.45 40 90 33 120 44048 1 871700 41147 2.0 66 33 2 14 29% 268 36358 3469 31%
c
c seconds   switched      rate          size/glue  tier1    binary        remaining
c        MB   reductions    conflicts         size   tier2     irredundant
c         level     restarts       redundant     glue    trail       variables
c
c - 28.76 40 89 33 121 44054 1 882655 38744 2.0 65 32 2 14 29% 268 36358 3469 31%
c - 29.07 40 89 33 122 44061 1 893656 33463 2.1 64 31 2 14 29% 268 36358 3469 31%
c u 29.17 40 89 33 122 44061 1 895153 32063 2.1 64 31 2 14 29% 268 36358 3469 31%
c v 29.23 40 89 33 122 44061 1 895153 28238 2.1 64 31 2 14 29% 269 36358 3469 31%
c w 29.32 40 89 33 122 44061 1 895153 27718 2.1 64 31 2 14 29% 269 36358 3469 31%
c - 29.61 41 88 33 123 44063 1 904701 25821 2.1 65 31 2 14 29% 269 36358 3469 31%
c - 29.90 41 88 33 124 44069 1 915791 25495 2.1 64 31 2 14 29% 269 36358 3469 31%
c - 30.16 41 88 33 125 44076 1 926927 26616 2.1 63 31 2 14 28% 269 36358 3469 31%
c - 30.49 41 88 33 126 44078 1 938107 27134 2.1 63 31 2 14 29% 269 36358 3469 31%
c - 30.89 41 87 33 127 44078 1 949331 26143 2.1 64 31 2 14 29% 269 36358 3469 31%
c B 31.05 41 87 33 127 44080 1 955292 32018 2.1 64 31 2 14 29% 269 36358 3469 31%
c o 31.05 41 87 33 127 44080 1 955292 32018 2.1 64 31 2 14 29% 269 36358 3469 31%
c - 31.18 41 87 33 128 44084 1 960603 27340 2.1 64 30 2 14 29% 269 36358 3469 31%
c ] 31.46 41 88 34 128 44088 1 970338 36866 2.1 64 30 2 14 29% 269 36358 3469 31%
c { 31.46 41 70 34 128 44088 10 970338 36866 1.9 17 9 1 4 15% 269 36358 3469 31%
c - 31.53 41 70 34 129 44182 10 971916 29351 1.9 17 9 1 4 15% 269 36358 3469 31%
c - 31.82 41 70 34 130 44579 10 983273 33498 1.9 17 9 1 4 15% 270 36358 3469 31%
c u 31.92 41 70 34 130 44654 10 984642 32985 1.9 17 9 1 4 15% 270 36358 3469 31%
c v 31.98 41 70 34 130 44654 10 984642 30337 1.9 17 9 1 4 15% 270 36358 3469 31%
c w 32.02 41 70 34 130 44654 10 984642 30088 1.9 17 9 1 4 15% 270 36358 3469 31%
c
c seconds   switched      rate          size/glue tier1   binary        remaining
c        MB   reductions    conflicts         size  tier2    irredundant
c         level     restarts       redundant    glue   trail       variables
c
c - 32.69 37 70 34 131 45177 9 994674 34034 1.9 17 9 1 4 15% 270 36358 3469 31%
c } 32.89 37 70 34 131 45540 9 1000000 39077 1.9 17 9 1 4 15% 270 36358 3469 31%
c ? 32.89 37 70 34 131 45540 9 1000000 39077 1.9 17 9 1 4 15% 270 36358 3469 31%
c
c ---- [ result ] ------------------------------------------------------------
c
s UNKNOWN
c
c ---- [ profiling ] ---------------------------------------------------------
c
c          28.67   87.17 %  search
c          15.85   48.19 %  stable
c          12.82   38.98 %  focused
c           4.18   12.70 %  simplify
c           3.85   11.70 %  probe
c           2.45    7.44 %  vivify
c           0.99    3.00 %  sweep
c           0.32    0.96 %  reduce
c           0.29    0.89 %  eliminate
c           0.17    0.52 %  factor
c           0.15    0.45 %  substitute
c           0.07    0.21 %  walking
c           0.07    0.20 %  congruence
c           0.04    0.13 %  subsume
c           0.04    0.11 %  preprocess
c           0.02    0.06 %  transitive
c           0.01    0.03 %  backbone
c           0.00    0.01 %  parse
c           0.00    0.01 %  lucky
c =============================================
c          32.89  100.00 %  total
c
c ---- [ statistics ] --------------------------------------------------------
c
c chronological:                         1450                0 %  conflicts
c conflicts:                          1000000            30399.79 per second
c congruent:                             1199               11 %  variables
c decisions:                          5318343                5.32 per conflict
c eliminated:                            5960               53 %  variables
c factored:                               259                2 %  variables
c propagations:                     125400823          3812158    per second
c reductions:                             131             7634    interval
c reordered:                               14            71429    interval
c rephased:                                25            40000    interval
c restarts:                             45540               22    interval
c strengthened:                          4273                0 %  checks
c substituted:                           2095               19 %  variables
c subsumed:                              9544                0 %  checks
c switched:                                34            29412    interval
c vivified:                            125564               18 %  checks
c walks:                                    8           125000    interval
c
c ---- [ glue usage ] --------------------------------------------------------
c
c focused glue 1 used 1421077 clauses 64.27% accumulated 64.27% tier1
c focused glue 2 used  371596 clauses 16.81% accumulated 81.08%
c focused glue 3 used  134758 clauses  6.09% accumulated 87.17%
c focused glue 4 used   80580 clauses  3.64% accumulated 90.82% tier2
c
c stable glue 2    used 1266399 clauses 18.32% accumulated 63.28% tier1
c stable glue 3    used  545314 clauses  7.89% accumulated 71.17%
c stable glue 4-12 used 1232733 clauses 17.83% accumulated 89.00%
c stable glue 13   used   57493 clauses  0.83% accumulated 89.83%
c stable glue 14   used   45489 clauses  0.66% accumulated 90.49% tier2
c
c ---- [ resources ] ---------------------------------------------------------
c
c maximum-resident-set-size:      43620761600 bytes      41600 MB
c process-time:                            33s              32.89 seconds
c
c ---- [ shutting down ] -----------------------------------------------------
c
c exit 0
