free_word_mitm_reducedn
N=14 mask=0x3fff msb=0x2000
candidate: M0=0x3d36 mode=random-fallback fill=0x3fff kernel=dM0=dM9=0x2000
prefixes=32768/268435456 mode=permuted-prefix-sample w59_per_prefix=16384 total=536870912
run_mode=scan registry_cap=16
sample_start=44924928
scan_elapsed=19.962s rate=26.90 Mtriples/s

D60 interface
  D60=0 matches: 32754 (random expectation 32768.0, enrichment 1.000x)
  prefixes with D60=0: 16516
  max D60=0 fiber per prefix: 20 at W57=0x382d W58=0x10c9
  largest D60 bucket: D=0x1138 count=33762
  min D60 HW: 0
  D60 HW histogram: 0:32754 1:457665 2:2975977 3:11915158 4:32789685 5:65616610 6:98464288 7:112522025 8:98410962 9:65561981 10:32759558 11:11904644 12:2970860 13:456037 14:32708

Tail closure among D60=0 matches
  final tail collisions: 0
  best r61 HW: 11
  best r61 W1[57..59]=0x3344,0x3343,0x39a6
  best r61 W2[57..59]=0x3251,0x31bf,0x283a
  best tail HW: 20
  best tail r61 HW: 19
  best W1[57..59]=0x25ff,0x1e5d,0x2c06
  best W2[57..59]=0x250c,0xe2c,0x9c1

SUMMARY N=14 sample_start=44924928 prefixes=32768 total=536870912 d0=32754 best_tail=20 tail_r61=19 best_r61=11 tail_W1=0x25ff,0x1e5d,0x2c06 tail_W2=0x250c,0xe2c,0x9c1 r61_W1=0x3344,0x3343,0x39a6 r61_W2=0x3251,0x31bf,0x283a

Scan-only witness registry
  registry_count=16 registry_cap=16
  witness[00] tail=20 r61=19 gh60=0x7d88cae W1=0x25ff,0x1e5d,0x2c06 W2=0x250c,0xe2c,0x9c1
  witness[01] tail=24 r61=11 gh60=0x49244a6 W1=0x3344,0x3343,0x39a6 W2=0x3251,0x31bf,0x283a
  witness[02] tail=24 r61=18 gh60=0xb93bf7a W1=0xfd9,0x2d9a,0x23c0 W2=0xee6,0x19b9,0xf19
  witness[03] tail=24 r61=23 gh60=0x46f9caa W1=0xed,0x20f5,0x38d7 W2=0x3ffa,0x2574,0x16e7
  witness[04] tail=25 r61=15 gh60=0x4a247e6 W1=0x394,0x1ece,0x1664 W2=0x2a1,0xbaa,0x1ea4
  witness[05] tail=25 r61=19 gh60=0xfe18da6 W1=0x1883,0x615,0x18d4 W2=0x1790,0x2979,0x6ab
  witness[06] tail=25 r61=21 gh60=0x3eb5bba W1=0x1d76,0x157f,0x12aa W2=0x1c83,0x1417,0x158
  witness[07] tail=25 r61=21 gh60=0xc978b7e W1=0x25d7,0x3a10,0x13c3 W2=0x24e4,0x3833,0x1de2
  witness[08] tail=25 r61=24 gh60=0xdabc7a6 W1=0x36c,0x3a81,0x6d6 W2=0x279,0x23d7,0x1da6
  witness[09] tail=25 r61=26 gh60=0xbd18da6 W1=0x38c3,0x79b,0x364a W2=0x37d0,0x2a6f,0x2f75
  witness[10] tail=25 r61=29 gh60=0xbaf5d7e W1=0x2058,0x1de2,0x1229 W2=0x1f65,0x1c32,0x3091
  witness[11] tail=26 r61=19 gh60=0xf607be6 W1=0x2d9c,0x3d13,0x6 W2=0x2ca9,0x3ad4,0x30c
  witness[12] tail=26 r61=19 gh60=0x54845a6 W1=0x3abc,0x3749,0x204b W2=0x39c9,0x1b7d,0x380d
  witness[13] tail=26 r61=20 gh60=0x37884aa W1=0x153d,0x1926,0x196e W2=0x144a,0x2f92,0x3547
  witness[14] tail=26 r61=20 gh60=0xcaa8cba W1=0x37f5,0x1b9d,0x2b6f W2=0x3702,0xdd8,0x19d3
  witness[15] tail=26 r61=24 gh60=0xd63cdfa W1=0x896,0x962,0x18ec W2=0x7a3,0x25c2,0x1757

Scan-only r61 registry
  registry_count=16 registry_cap=16
  r61_witness[00] r61=11 tail=24 gh60=0x49244a6 W1=0x3344,0x3343,0x39a6 W2=0x3251,0x31bf,0x283a
  r61_witness[01] r61=15 tail=25 gh60=0x4a247e6 W1=0x394,0x1ece,0x1664 W2=0x2a1,0xbaa,0x1ea4
  r61_witness[02] r61=15 tail=31 gh60=0x490bf6e W1=0xfcf,0x38c,0xeb7 W2=0xedc,0x28cb,0x1e31
  r61_witness[03] r61=15 tail=36 gh60=0xc90cb66 W1=0x55c,0x2a15,0x8bb W2=0x469,0x33e4,0x8f
  r61_witness[04] r61=16 tail=28 gh60=0x488449a W1=0xd2a,0x2947,0xc02 W2=0xc37,0xf89,0x2722
  r61_witness[05] r61=16 tail=29 gh60=0x5b2849e W1=0x547,0x281a,0x29d8 W2=0x454,0x260f,0x1da5
  r61_witness[06] r61=16 tail=29 gh60=0x4908f66 W1=0x27cb,0x30cc,0x2a71 W2=0x26d8,0x1d0e,0x10aa
  r61_witness[07] r61=16 tail=32 gh60=0x3a085e6 W1=0x348b,0x5c8,0x3131 W2=0x3398,0xf85,0xf0
  r61_witness[08] r61=16 tail=34 gh60=0x5928b9e W1=0x29c7,0x31ed,0x2c1f W2=0x28d4,0x255b,0x3d94
  r61_witness[09] r61=16 tail=34 gh60=0x3a69bba W1=0x3d79,0x28e7,0x6b6 W2=0x3c86,0x2bae,0x2df1
  r61_witness[10] r61=16 tail=36 gh60=0x3a084ea W1=0x2421,0x1b66,0x1689 W2=0x232e,0x1f60,0x826
  r61_witness[11] r61=16 tail=37 gh60=0x491476a W1=0x34e,0x3c57,0x2d64 W2=0x25b,0x38be,0x1fbb
  r61_witness[12] r61=16 tail=37 gh60=0xca685be W1=0x1a77,0x4a7,0x1272 W2=0x1984,0x17ed,0x31a7
  r61_witness[13] r61=16 tail=37 gh60=0x4628c9a W1=0x3909,0x2dfd,0x3e2c W2=0x3816,0x2193,0x89
  r61_witness[14] r61=17 tail=27 gh60=0x4888baa W1=0x5b1,0x2f8c,0x321b W2=0x4be,0x2fe3,0x1928
  r61_witness[15] r61=17 tail=27 gh60=0x7a084ea W1=0x2321,0x1d22,0x21f W2=0x222e,0x22cc,0xcd0

D60=0 fiber histogram: 1:7895 2:4858 3:1785 4:1133 5:385 6:235 7:69 8:82 9:34 10:19 11:4 12:6 13:4 14:2 17:3 19:1 20:1
