free_word_mitm_reducedn
N=14 mask=0x3fff msb=0x2000
candidate: M0=0x3d36 mode=random-fallback fill=0x3fff kernel=dM0=dM9=0x2000
prefixes=32768/268435456 mode=permuted-prefix-sample w59_per_prefix=16384 total=536870912
run_mode=scan registry_cap=16
sample_start=36438016
scan_elapsed=14.721s rate=36.47 Mtriples/s

D60 interface
  D60=0 matches: 33022 (random expectation 32768.0, enrichment 1.008x)
  prefixes with D60=0: 16627
  max D60=0 fiber per prefix: 24 at W57=0x1079 W58=0x3bfc
  largest D60 bucket: D=0xe6f count=33818
  min D60 HW: 0
  D60 HW histogram: 0:33022 1:456198 2:2978860 3:11909332 4:32747585 5:65551435 6:98388305 7:112510778 8:98452764 9:65623416 10:32817044 11:11932050 12:2979931 13:457482 14:32710

Tail closure among D60=0 matches
  final tail collisions: 0
  best r61 HW: 13
  best r61 W1[57..59]=0x2f9e,0xe9c,0x37db
  best r61 W2[57..59]=0x2eab,0x3a20,0x139
  best tail HW: 21
  best tail r61 HW: 17
  best W1[57..59]=0x114,0x8d0,0x22e0
  best W2[57..59]=0x21,0x1305,0x1531

SUMMARY N=14 sample_start=36438016 prefixes=32768 total=536870912 d0=33022 best_tail=21 tail_r61=17 best_r61=13 tail_W1=0x114,0x8d0,0x22e0 tail_W2=0x21,0x1305,0x1531 r61_W1=0x2f9e,0xe9c,0x37db r61_W2=0x2eab,0x3a20,0x139

Scan-only witness registry
  registry_count=16 registry_cap=16
  witness[00] tail=21 r61=17 gh60=0x45e5ce6 W1=0x114,0x8d0,0x22e0 W2=0x21,0x1305,0x1531
  witness[01] tail=21 r61=23 gh60=0xb61dcaa W1=0x2002,0x1423,0x33ee W2=0x1f0f,0x14b7,0x11db
  witness[02] tail=22 r61=19 gh60=0x46d44be W1=0x13f8,0xfe1,0x29a3 W2=0x1305,0x1f00,0x1805
  witness[03] tail=23 r61=21 gh60=0xbe5cd9e W1=0x888,0x999,0x3f51 W2=0x795,0xd1c,0x30fe
  witness[04] tail=23 r61=30 gh60=0xceb84be W1=0x2cf7,0x10c3,0x2af3 W2=0x2c04,0xe65,0x2439
  witness[05] tail=24 r61=20 gh60=0x54944aa W1=0x322e,0x26e6,0x362b W2=0x313b,0x3a27,0x1687
  witness[06] tail=24 r61=21 gh60=0xca0c79a W1=0x1b8a,0x12bf,0x3f8d W2=0x1a97,0x1563,0xcc9
  witness[07] tail=24 r61=28 gh60=0xc6adca6 W1=0x3df4,0x2084,0x281b W2=0x3d01,0x1f33,0x1375
  witness[08] tail=25 r61=16 gh60=0x49e8b66 W1=0x3563,0xd41,0x1eda W2=0x3470,0x2743,0x23bd
  witness[09] tail=25 r61=20 gh60=0xc899faa W1=0x1fb1,0x11e9,0x36d2 W2=0x1ebe,0xe00,0x3bc3
  witness[10] tail=25 r61=23 gh60=0x3b6c49e W1=0x3428,0x473,0xcb4 W2=0x3335,0x121f,0x13b6
  witness[11] tail=25 r61=23 gh60=0xc51456e W1=0x3ce0,0xe24,0x3e5d W2=0x3bed,0x43,0x3de6
  witness[12] tail=25 r61=24 gh60=0x5aa8c9a W1=0x5e9,0x1a10,0x2526 W2=0x4f6,0x19a,0x3208
  witness[13] tail=26 r61=15 gh60=0xd8f8b6a W1=0x15cd,0x1e7f,0x1b8d W2=0x14da,0x187e,0x3a45
  witness[14] tail=26 r61=16 gh60=0x7a884a6 W1=0x32eb,0x1426,0x19a5 W2=0x31f8,0x403,0x38c8
  witness[15] tail=26 r61=18 gh60=0xc7885aa W1=0x14ad,0x36a7,0x3179 W2=0x13ba,0x163b,0xfda

Scan-only r61 registry
  registry_count=16 registry_cap=16
  r61_witness[00] r61=13 tail=28 gh60=0x4a0ffea W1=0x2f9e,0xe9c,0x37db W2=0x2eab,0x3a20,0x139
  r61_witness[01] r61=14 tail=33 gh60=0x449c4ba W1=0x43a,0x17ec,0x1eb4 W2=0x347,0x3c5f,0x2017
  r61_witness[02] r61=15 tail=26 gh60=0xd8f8b6a W1=0x15cd,0x1e7f,0x1b8d W2=0x14da,0x187e,0x3a45
  r61_witness[03] r61=15 tail=34 gh60=0x4ae44a6 W1=0x404,0x269,0x37e1 W2=0x311,0x2065,0x14c0
  r61_witness[04] r61=15 tail=35 gh60=0x4e0c4ee W1=0xb20,0x285d,0x282 W2=0xa2d,0x1a78,0xc4a
  r61_witness[05] r61=15 tail=36 gh60=0x4a044fa W1=0x1d1a,0x24ef,0x3a97 W2=0x1c27,0x1aac,0x19c
  r61_witness[06] r61=16 tail=25 gh60=0x49e8b66 W1=0x3563,0xd41,0x1eda W2=0x3470,0x2743,0x23bd
  r61_witness[07] r61=16 tail=26 gh60=0x7a884a6 W1=0x32eb,0x1426,0x19a5 W2=0x31f8,0x403,0x38c8
  r61_witness[08] r61=16 tail=30 gh60=0x4a045e6 W1=0x2c8c,0x1b72,0x1632 W2=0x2b99,0x142e,0x3e41
  r61_witness[09] r61=16 tail=32 gh60=0x4a0bbea W1=0x319d,0x251b,0x178b W2=0x30aa,0x3dda,0x2958
  r61_witness[10] r61=16 tail=33 gh60=0x4608dee W1=0x369f,0xfaf,0x23ee W2=0x35ac,0xa5e,0x1c32
  r61_witness[11] r61=16 tail=36 gh60=0x4a69cbe W1=0x1ff7,0x3c36,0x1248 W2=0x1f04,0x915,0x23ff
  r61_witness[12] r61=17 tail=21 gh60=0x45e5ce6 W1=0x114,0x8d0,0x22e0 W2=0x21,0x1305,0x1531
  r61_witness[13] r61=17 tail=28 gh60=0xbb84ba6 W1=0x9bc,0x58d,0x2781 W2=0x8c9,0x942,0x16ec
  r61_witness[14] r61=17 tail=29 gh60=0x56d7c9e W1=0x1008,0x1bef,0x30cd W2=0xf15,0xd20,0x177f
  r61_witness[15] r61=17 tail=29 gh60=0x4e0dcea W1=0x3f0e,0x1da0,0x19c4 W2=0x3e1b,0x2228,0x2dde

D60=0 fiber histogram: 1:8092 2:4766 3:1753 4:1118 5:431 6:225 7:74 8:73 9:28 10:27 11:12 12:11 13:2 14:5 15:1 16:5 18:1 19:1 22:1 24:1
