free_word_mitm_reducedn
N=14 mask=0x3fff msb=0x2000
candidate: M0=0x3d36 mode=random-fallback fill=0x3fff kernel=dM0=dM9=0x2000
prefixes=32768/268435456 mode=permuted-prefix-sample w59_per_prefix=16384 total=536870912
run_mode=scan registry_cap=16
sample_start=137101312
scan_elapsed=15.507s rate=34.62 Mtriples/s

D60 interface
  D60=0 matches: 32181 (random expectation 32768.0, enrichment 0.982x)
  prefixes with D60=0: 16443
  max D60=0 fiber per prefix: 16 at W57=0x19c2 W58=0x363
  largest D60 bucket: D=0x120a count=33749
  min D60 HW: 0
  D60 HW histogram: 0:32181 1:457080 2:2977199 3:11924796 4:32802965 5:65615629 6:98444605 7:112473933 8:98403204 9:65580859 10:32774553 11:11918973 12:2975394 13:457052 14:32489

Tail closure among D60=0 matches
  final tail collisions: 0
  best r61 HW: 13
  best r61 W1[57..59]=0x3c7a,0x3e04,0x1fbc
  best r61 W2[57..59]=0x3b87,0x3d8f,0x331c
  best tail HW: 23
  best tail r61 HW: 21
  best W1[57..59]=0x821,0xb9a,0x39a7
  best W2[57..59]=0x72e,0xb95,0x5f7

SUMMARY N=14 sample_start=137101312 prefixes=32768 total=536870912 d0=32181 best_tail=23 tail_r61=21 best_r61=13 tail_W1=0x821,0xb9a,0x39a7 tail_W2=0x72e,0xb95,0x5f7 r61_W1=0x3c7a,0x3e04,0x1fbc r61_W2=0x3b87,0x3d8f,0x331c

Scan-only witness registry
  registry_count=16 registry_cap=16
  witness[00] tail=23 r61=21 gh60=0xb608cea W1=0x821,0xb9a,0x39a7 W2=0x72e,0xb95,0x5f7
  witness[01] tail=23 r61=26 gh60=0x4b68f9e W1=0x37a7,0x1058,0x381 W2=0x36b4,0x15c2,0x2eac
  witness[02] tail=23 r61=29 gh60=0x7b5449a W1=0x3d26,0x289b,0x338d W2=0x3c33,0x1ea5,0x3885
  witness[03] tail=24 r61=19 gh60=0xc67dd66 W1=0x20e4,0x1413,0x2e9c W2=0x1ff1,0x2ae4,0x2031
  witness[04] tail=24 r61=21 gh60=0xc8944ae W1=0x340,0x348e,0x1da4 W2=0x24d,0x239f,0x168c
  witness[05] tail=24 r61=21 gh60=0xce18cea W1=0x911,0xd5,0x1c0d W2=0x81e,0x18c,0x29
  witness[06] tail=24 r61=21 gh60=0xcb984a6 W1=0x32f3,0x12a0,0x3005 W2=0x3200,0x228b,0x2d4a
  witness[07] tail=24 r61=22 gh60=0x3b8c4a6 W1=0x3fc,0x2c19,0x1d18 W2=0x309,0x29e7,0x354e
  witness[08] tail=24 r61=22 gh60=0xce85d9a W1=0x3e6a,0x2d98,0x39f W2=0x3d77,0x1c79,0x29c5
  witness[09] tail=24 r61=26 gh60=0x4bfcd9a W1=0x36c6,0x3e1d,0x1a2c W2=0x35d3,0x2f50,0x27b4
  witness[10] tail=24 r61=31 gh60=0xde745ea W1=0x3a9e,0x1ab6,0x198e W2=0x39ab,0x23c5,0x3cf0
  witness[11] tail=25 r61=16 gh60=0x4e784fa W1=0x1d19,0x2f10,0x35c8 W2=0x1c26,0x28c8,0x3e75
  witness[12] tail=25 r61=17 gh60=0x4f887ae W1=0x3b6f,0x1ffd,0x1730 W2=0x3a7c,0x2bc5,0x129e
  witness[13] tail=25 r61=19 gh60=0xd8887ae W1=0x33af,0x1201,0x192 W2=0x32bc,0x1b59,0x15bd
  witness[14] tail=25 r61=20 gh60=0xce67b6a W1=0x31e2,0x11b3,0x7ca W2=0x30ef,0x2cc7,0x938
  witness[15] tail=25 r61=21 gh60=0xc8a8bbe W1=0x25b7,0x3dd4,0x2e71 W2=0x24c4,0x35eb,0x1c2

Scan-only r61 registry
  registry_count=16 registry_cap=16
  r61_witness[00] r61=13 tail=29 gh60=0x49884aa W1=0x1b01,0xf6e,0x3f1b W2=0x1a0e,0x269e,0x19c0
  r61_witness[01] r61=13 tail=30 gh60=0x46845ba W1=0x3c7a,0x3e04,0x1fbc W2=0x3b87,0x3d8f,0x331c
  r61_witness[02] r61=13 tail=32 gh60=0xc988baa W1=0x29b1,0x1bd4,0x3cfc W2=0x28be,0x17eb,0x1c43
  r61_witness[03] r61=14 tail=38 gh60=0xca0c7fa W1=0x3b9a,0x19a8,0x3108 W2=0x3aa7,0x18ed,0x2b14
  r61_witness[04] r61=15 tail=29 gh60=0x4a045fa W1=0x1c9a,0x1dcd,0x2f35 W2=0x1ba7,0x1b62,0x2bf8
  r61_witness[05] r61=15 tail=38 gh60=0x3a884a6 W1=0x34eb,0xc99,0x1026 W2=0x33f8,0x1a76,0x1eba
  r61_witness[06] r61=16 tail=25 gh60=0x4e784fa W1=0x1d19,0x2f10,0x35c8 W2=0x1c26,0x28c8,0x3e75
  r61_witness[07] r61=16 tail=32 gh60=0x4b08d66 W1=0x8cb,0x1a73,0x1d9c W2=0x7d8,0xa9d,0x64c
  r61_witness[08] r61=16 tail=32 gh60=0x460bcea W1=0x1121,0x1f41,0x2642 W2=0x102e,0xc6c,0x38ad
  r61_witness[09] r61=16 tail=32 gh60=0x3b0856a W1=0x24d1,0x32a7,0x2174 W2=0x23de,0x2d5d,0x3386
  r61_witness[10] r61=16 tail=32 gh60=0xce57b9e W1=0x2d88,0xe79,0x101f W2=0x2c95,0x3d62,0x3918
  r61_witness[11] r61=16 tail=33 gh60=0x5914f6a W1=0x7ce,0x25cc,0x3902 W2=0x6db,0x25ec,0x331b
  r61_witness[12] r61=16 tail=34 gh60=0xcc945ae W1=0xab0,0x2e2f,0x32d W2=0x9bd,0x12f8,0x34d3
  r61_witness[13] r61=16 tail=34 gh60=0x3a2bde6 W1=0xe93,0x2a8b,0x15e1 W2=0xda0,0xe53,0x1ea1
  r61_witness[14] r61=16 tail=34 gh60=0x49884aa W1=0x14f1,0x394b,0x1e63 W2=0x13fe,0x118b,0x2fee
  r61_witness[15] r61=16 tail=34 gh60=0x4a38be6 W1=0x2593,0x18d9,0xeb4 W2=0x24a0,0x1f33,0x2a06

D60=0 fiber histogram: 1:8063 2:4704 3:1778 4:1103 5:352 6:228 7:77 8:68 9:26 10:12 11:11 12:10 13:3 14:4 15:1 16:3
