free_word_mitm_reducedn
N=14 mask=0x3fff msb=0x2000
candidate: M0=0x3d36 mode=random-fallback fill=0x3fff kernel=dM0=dM9=0x2000
prefixes=32768/268435456 mode=permuted-prefix-sample w59_per_prefix=16384 total=536870912
run_mode=scan registry_cap=16
sample_start=238190592
scan_elapsed=15.599s rate=34.42 Mtriples/s

D60 interface
  D60=0 matches: 33143 (random expectation 32768.0, enrichment 1.011x)
  prefixes with D60=0: 16545
  max D60=0 fiber per prefix: 20 at W57=0x4d1 W58=0x6bf
  largest D60 bucket: D=0x2e82 count=33723
  min D60 HW: 0
  D60 HW histogram: 0:33143 1:457888 2:2977970 3:11908619 4:32778507 5:65603862 6:98442690 7:112504794 8:98408743 9:65598088 10:32772812 11:11918212 12:2975165 13:457804 14:32615

Tail closure among D60=0 matches
  final tail collisions: 0
  best r61 HW: 13
  best r61 W1[57..59]=0x22fc,0x1ec,0x398e
  best r61 W2[57..59]=0x2209,0x13ba,0x239a
  best tail HW: 23
  best tail r61 HW: 26
  best W1[57..59]=0x3ec8,0x54b,0x2a3a
  best W2[57..59]=0x3dd5,0xde0,0x31bb

SUMMARY N=14 sample_start=238190592 prefixes=32768 total=536870912 d0=33143 best_tail=23 tail_r61=26 best_r61=13 tail_W1=0x3ec8,0x54b,0x2a3a tail_W2=0x3dd5,0xde0,0x31bb r61_W1=0x22fc,0x1ec,0x398e r61_W2=0x2209,0x13ba,0x239a

Scan-only witness registry
  registry_count=16 registry_cap=16
  witness[00] tail=23 r61=23 gh60=0x45a4b66 W1=0x5e4,0x2f2b,0x35b8 W2=0x4f1,0x3022,0x37d
  witness[01] tail=23 r61=23 gh60=0xba0c4ea W1=0x121e,0x1e34,0x263c W2=0x112b,0x2edb,0xe0b
  witness[02] tail=23 r61=26 gh60=0xcdf5d9e W1=0x3ec8,0x54b,0x2a3a W2=0x3dd5,0xde0,0x31bb
  witness[03] tail=24 r61=16 gh60=0x4a185e6 W1=0xa8b,0x298c,0x3121 W2=0x998,0x3a47,0x2172
  witness[04] tail=24 r61=16 gh60=0x4678fee W1=0x379f,0x1815,0x2e8d W2=0x36ac,0x20d4,0x2042
  witness[05] tail=24 r61=17 gh60=0xc975b9e W1=0x1da8,0x2354,0x2e3c W2=0x1cb5,0x1c69,0x1f7e
  witness[06] tail=24 r61=19 gh60=0xdc8bdaa W1=0x10ad,0x3bf8,0x128 W2=0xfba,0x3cd3,0x1bbe
  witness[07] tail=24 r61=19 gh60=0xcea859a W1=0x1465,0x36d3,0x1764 W2=0x1372,0x3506,0x184
  witness[08] tail=24 r61=19 gh60=0x39b479e W1=0x3b68,0x1d6f,0xf77 W2=0x3a75,0x27dd,0x639
  witness[09] tail=24 r61=24 gh60=0x7ab459e W1=0x3468,0xe26,0x1a09 W2=0x3375,0x2476,0x1673
  witness[10] tail=24 r61=26 gh60=0x7b3cb6a W1=0x5d2,0x36cd,0x2ae4 W2=0x4df,0x2911,0x22d4
  witness[11] tail=24 r61=28 gh60=0xcf6c57a W1=0x22d6,0x395d,0x1dc3 W2=0x21e3,0xe72,0x3474
  witness[12] tail=25 r61=17 gh60=0xcb17d6a W1=0x30ce,0x99f,0xb37 W2=0x2fdb,0x348f,0x1598
  witness[13] tail=25 r61=20 gh60=0x3a6849a W1=0x2ae5,0x29ea,0x2930 W2=0x29f2,0x11f7,0x2f70
  witness[14] tail=25 r61=22 gh60=0xb48c5aa W1=0x12be,0x2ff,0x28b8 W2=0x11cb,0xf18,0x1658
  witness[15] tail=25 r61=22 gh60=0x39b84a6 W1=0x2af3,0x1735,0x38cf W2=0x2a00,0x1622,0x1468

Scan-only r61 registry
  registry_count=16 registry_cap=16
  r61_witness[00] r61=13 tail=33 gh60=0x4a844a6 W1=0x22fc,0x1ec,0x398e W2=0x2209,0x13ba,0x239a
  r61_witness[01] r61=14 tail=29 gh60=0x461cffa W1=0x79a,0x214,0x4f8 W2=0x6a7,0x3298,0x36ca
  r61_witness[02] r61=15 tail=27 gh60=0x45945ae W1=0x3c70,0x222d,0x2e84 W2=0x3b7d,0x19e6,0xb5e
  r61_witness[03] r61=15 tail=27 gh60=0xca59c9e W1=0x3f07,0xf27,0xb43 W2=0x3e14,0xc5b,0x1f2c
  r61_witness[04] r61=15 tail=28 gh60=0x36087ea W1=0x338d,0x1ed1,0x1c65 W2=0x329a,0x249f,0x14b1
  r61_witness[05] r61=15 tail=30 gh60=0xcb04566 W1=0x25c,0x1f17,0x250a W2=0x169,0x3635,0x109b
  r61_witness[06] r61=15 tail=36 gh60=0x47884a6 W1=0x3beb,0x31ef,0x24da W2=0x3af8,0x31ca,0x47a
  r61_witness[07] r61=16 tail=24 gh60=0x4a185e6 W1=0xa8b,0x298c,0x3121 W2=0x998,0x3a47,0x2172
  r61_witness[08] r61=16 tail=24 gh60=0x4678fee W1=0x379f,0x1815,0x2e8d W2=0x36ac,0x20d4,0x2042
  r61_witness[09] r61=16 tail=26 gh60=0xc8a8ba6 W1=0x9b3,0xf95,0x3f85 W2=0x8c0,0x1379,0x19cb
  r61_witness[10] r61=16 tail=29 gh60=0x4d8bca6 W1=0xffb,0x2a90,0x2602 W2=0xf08,0x81a,0x34e6
  r61_witness[11] r61=16 tail=29 gh60=0x4984ba6 W1=0x257c,0x181,0x1d9 W2=0x2489,0x9c6,0xad5
  r61_witness[12] r61=16 tail=32 gh60=0x4a2849a W1=0x2d09,0x1343,0x2ad8 W2=0x2c16,0x3a4e,0x95
  r61_witness[13] r61=16 tail=32 gh60=0xc96bb9a W1=0x2dc5,0xace,0xd1 W2=0x2cd2,0x2932,0x2c42
  r61_witness[14] r61=16 tail=33 gh60=0xcca84a6 W1=0x2233,0x70a,0x3e86 W2=0x2140,0x3375,0xa6c
  r61_witness[15] r61=16 tail=34 gh60=0x4b09b66 W1=0x1d4b,0xf8d,0x2ae3 W2=0x1c58,0x13e5,0x47c

D60=0 fiber histogram: 1:7928 2:4781 3:1788 4:1095 5:459 6:248 7:85 8:76 9:29 10:23 11:10 12:9 13:4 14:2 15:4 18:3 20:1
