free_word_mitm_reducedn
N=14 mask=0x3fff msb=0x2000
candidate: M0=0x3d36 mode=random-fallback fill=0x3fff kernel=dM0=dM9=0x2000
prefixes=32768/268435456 mode=permuted-prefix-sample w59_per_prefix=16384 total=536870912
run_mode=scan registry_cap=16
sample_start=16023552
scan_elapsed=18.610s rate=28.85 Mtriples/s

D60 interface
  D60=0 matches: 32749 (random expectation 32768.0, enrichment 0.999x)
  prefixes with D60=0: 16574
  max D60=0 fiber per prefix: 20 at W57=0x3485 W58=0x2619
  largest D60 bucket: D=0xed2 count=33667
  min D60 HW: 0
  D60 HW histogram: 0:32749 1:456307 2:2969503 3:11903002 4:32775529 5:65622262 6:98464775 7:112540571 8:98418220 9:65569631 10:32754214 11:11897806 12:2975412 13:458234 14:32697

Tail closure among D60=0 matches
  final tail collisions: 0
  best r61 HW: 14
  best r61 W1[57..59]=0x2e0c,0x2e8d,0x3571
  best r61 W2[57..59]=0x2d19,0x3b9e,0x418
  best tail HW: 24
  best tail r61 HW: 22
  best W1[57..59]=0x2334,0x3ec0,0x2134
  best W2[57..59]=0x2241,0x2f2c,0x19fa

SUMMARY N=14 sample_start=16023552 prefixes=32768 total=536870912 d0=32749 best_tail=24 tail_r61=22 best_r61=14 tail_W1=0x2334,0x3ec0,0x2134 tail_W2=0x2241,0x2f2c,0x19fa r61_W1=0x2e0c,0x2e8d,0x3571 r61_W2=0x2d19,0x3b9e,0x418

Scan-only witness registry
  registry_count=16 registry_cap=16
  witness[00] tail=24 r61=18 gh60=0xd684ba6 W1=0x57c,0xb1f,0x1ed9 W2=0x489,0x1364,0x2031
  witness[01] tail=24 r61=19 gh60=0x46245aa W1=0x2c82,0x3f43,0x36d5 W2=0x2b8f,0xcf0,0x296d
  witness[02] tail=24 r61=22 gh60=0x397c4a6 W1=0x2334,0x3ec0,0x2134 W2=0x2241,0x2f2c,0x19fa
  witness[03] tail=24 r61=26 gh60=0x7d7c4aa W1=0x3a32,0x97a,0x2bd6 W2=0x393f,0x1eff,0x2d80
  witness[04] tail=25 r61=14 gh60=0x3a0c4e6 W1=0xb1c,0x32ff,0x3d40 W2=0xa29,0x4d7,0x2a55
  witness[05] tail=25 r61=14 gh60=0x4e34cfa W1=0x3916,0x2cb5,0x381a W2=0x3823,0x1d3d,0x1e2c
  witness[06] tail=25 r61=18 gh60=0xc8ac7ba W1=0x3b6,0x236c,0x175e W2=0x2c3,0x2433,0x4a8
  witness[07] tail=25 r61=19 gh60=0x4a2bc9a W1=0xe05,0x13fd,0x15dc W2=0xd12,0x2709,0x3a20
  witness[08] tail=25 r61=19 gh60=0xcb0c76a W1=0x234e,0x35c2,0x45d W2=0x225b,0x3821,0x1b8d
  witness[09] tail=25 r61=20 gh60=0x49a7faa W1=0x2f72,0x38dc,0x79e W2=0x2e7f,0x1474,0x1ad9
  witness[10] tail=25 r61=21 gh60=0x7e384ee W1=0xb1f,0xc48,0x2cb0 W2=0xa2c,0x2a52,0x7b
  witness[11] tail=25 r61=22 gh60=0xd4884aa W1=0xa3d,0x458,0x266d W2=0x94a,0xa04,0x182c
  witness[12] tail=25 r61=22 gh60=0xcbe84be W1=0x1bf7,0x544,0x2952 W2=0x1b04,0x22e2,0x2d1f
  witness[13] tail=25 r61=22 gh60=0xcd64566 W1=0x2a54,0x2fc7,0xe05 W2=0x2961,0x1e01,0x3501
  witness[14] tail=25 r61=23 gh60=0xc6d8bfa W1=0x1999,0x3f40,0x3c5c W2=0x18a6,0xdcf,0xdc1
  witness[15] tail=25 r61=27 gh60=0xdbe84e6 W1=0x1a13,0x1b7c,0x211c W2=0x1920,0x1b71,0x2e5a

Scan-only r61 registry
  registry_count=16 registry_cap=16
  r61_witness[00] r61=14 tail=25 gh60=0x3a0c4e6 W1=0xb1c,0x32ff,0x3d40 W2=0xa29,0x4d7,0x2a55
  r61_witness[01] r61=14 tail=25 gh60=0x4e34cfa W1=0x3916,0x2cb5,0x381a W2=0x3823,0x1d3d,0x1e2c
  r61_witness[02] r61=14 tail=26 gh60=0xca184ee W1=0xb0f,0x377e,0xca6 W2=0xa1c,0x1494,0x2d5
  r61_witness[03] r61=14 tail=29 gh60=0x4607ce6 W1=0x2e0c,0x2e8d,0x3571 W2=0x2d19,0x3b9e,0x418
  r61_witness[04] r61=15 tail=26 gh60=0x4b04d66 W1=0x28dc,0x34f0,0x1fda W2=0x27e9,0x280f,0x2a6d
  r61_witness[05] r61=15 tail=30 gh60=0xc504c9a W1=0x64a,0x3b08,0x254c W2=0x557,0x2453,0x1381
  r61_witness[06] r61=15 tail=30 gh60=0x48884aa W1=0x3541,0x1da4,0xd2b W2=0x344e,0x3254,0x3ebf
  r61_witness[07] r61=15 tail=31 gh60=0x3a84d9a W1=0x366a,0x39d5,0x3bea W2=0x3577,0x3938,0x1683
  r61_witness[08] r61=15 tail=35 gh60=0x4708f6a W1=0x17d1,0x37e4,0x19ae W2=0x16de,0x3f07,0x2ee3
  r61_witness[09] r61=15 tail=39 gh60=0x4b8bca6 W1=0x2deb,0x1b05,0x3b24 W2=0x2cf8,0x1423,0xc1b
  r61_witness[10] r61=16 tail=26 gh60=0x4d39d7a W1=0x55,0xdb1,0x35a4 W2=0x3f62,0x3404,0xdf5
  r61_witness[11] r61=16 tail=30 gh60=0x59884aa W1=0x3afd,0x2405,0x3fd8 W2=0x3a0a,0x3cf1,0xc32
  r61_witness[12] r61=16 tail=31 gh60=0x4e64b6a W1=0x25e2,0x1534,0xc9b W2=0x24ef,0x3e8c,0x330f
  r61_witness[13] r61=16 tail=32 gh60=0x4617cea W1=0xe1e,0x210b,0x367a W2=0xd2b,0x1437,0x2951
  r61_witness[14] r61=16 tail=34 gh60=0xd6287fe W1=0x3b97,0x21ff,0x1468 W2=0x3aa4,0x2d4f,0x1c80
  r61_witness[15] r61=16 tail=36 gh60=0xda3859a W1=0x3c89,0x36e3,0x3050 W2=0x3b96,0x25da,0xecb

D60=0 fiber histogram: 1:8049 2:4780 3:1751 4:1118 5:433 6:219 7:86 8:61 9:25 10:22 11:10 12:7 13:4 14:1 15:1 16:2 17:1 18:1 19:1 20:2
