free_word_mitm_reducedn
N=14 mask=0x3fff msb=0x2000
candidate: M0=0x3d36 mode=random-fallback fill=0x3fff kernel=dM0=dM9=0x2000
prefixes=32768/268435456 mode=permuted-prefix-sample w59_per_prefix=16384 total=536870912
run_mode=scan registry_cap=16
sample_start=66355200
scan_elapsed=18.639s rate=28.80 Mtriples/s

D60 interface
  D60=0 matches: 32496 (random expectation 32768.0, enrichment 0.992x)
  prefixes with D60=0: 16450
  max D60=0 fiber per prefix: 20 at W57=0x2935 W58=0x35b9
  largest D60 bucket: D=0x2db4 count=33835
  min D60 HW: 0
  D60 HW histogram: 0:32496 1:456535 2:2971055 3:11924298 4:32801068 5:65630699 6:98446219 7:112508221 8:98439873 9:65567877 10:32745818 11:11894063 12:2964456 13:455719 14:32515

Tail closure among D60=0 matches
  final tail collisions: 0
  best r61 HW: 12
  best r61 W1[57..59]=0x1d2c,0x2341,0x286f
  best r61 W2[57..59]=0x1c39,0x209d,0x3509
  best tail HW: 20
  best tail r61 HW: 16
  best W1[57..59]=0x1afc,0x341c,0xbac
  best W2[57..59]=0x1a09,0x12e8,0x1db9

SUMMARY N=14 sample_start=66355200 prefixes=32768 total=536870912 d0=32496 best_tail=20 tail_r61=16 best_r61=12 tail_W1=0x1afc,0x341c,0xbac tail_W2=0x1a09,0x12e8,0x1db9 r61_W1=0x1d2c,0x2341,0x286f r61_W2=0x1c39,0x209d,0x3509

Scan-only witness registry
  registry_count=16 registry_cap=16
  witness[00] tail=20 r61=16 gh60=0x4a8c4a6 W1=0x1afc,0x341c,0xbac W2=0x1a09,0x12e8,0x1db9
  witness[01] tail=21 r61=24 gh60=0x493c49a W1=0x2d46,0x3d33,0x1347 W2=0x2c53,0x2383,0x2496
  witness[02] tail=22 r61=18 gh60=0x468dca6 W1=0x1dfc,0x3aa9,0x12aa W2=0x1d09,0x18b4,0x249b
  witness[03] tail=22 r61=19 gh60=0xcf2cd7a W1=0x26d6,0x1d6,0x2098 W2=0x25e3,0x1baa,0x39b1
  witness[04] tail=22 r61=21 gh60=0xcbd4c9e W1=0x2728,0x39c5,0x5f4 W2=0x2635,0x6bc,0x35cc
  witness[05] tail=23 r61=12 gh60=0x48844a6 W1=0x1d2c,0x2341,0x286f W2=0x1c39,0x209d,0x3509
  witness[06] tail=23 r61=16 gh60=0xce39fee W1=0x1f9f,0x2b40,0x1d2e W2=0x1eac,0x21ff,0xbcf
  witness[07] tail=23 r61=17 gh60=0x4618dea W1=0x269d,0x16f5,0x1384 W2=0x25aa,0x24c4,0x27d6
  witness[08] tail=23 r61=20 gh60=0xb708d6a W1=0x2861,0x1eff,0x29d9 W2=0x276e,0x1e3a,0x1b5e
  witness[09] tail=23 r61=23 gh60=0xb938b6a W1=0x2961,0x2519,0x3d0c W2=0x286e,0x2704,0x2e0c
  witness[10] tail=24 r61=20 gh60=0x4f0477a W1=0x13da,0x236c,0x2a4 W2=0x12e7,0x2245,0x2e4f
  witness[11] tail=24 r61=20 gh60=0x7615bea W1=0x1d8e,0x2c0f,0x39be W2=0x1c9b,0x2c9f,0x1022
  witness[12] tail=24 r61=24 gh60=0xc67859a W1=0x2489,0x3e7b,0x107d W2=0x2396,0x1cf4,0x3667
  witness[13] tail=25 r61=19 gh60=0xc789cae W1=0x1f2f,0xe8,0x8ee W2=0x1e3c,0x1ac7,0x25ac
  witness[14] tail=25 r61=20 gh60=0x4ca4dea W1=0x26a2,0xbfc,0x1c51 W2=0x25af,0x1d74,0x2040
  witness[15] tail=25 r61=22 gh60=0xcd8bca6 W1=0x302b,0x1edf,0x210c W2=0x2f38,0x3601,0x471

Scan-only r61 registry
  registry_count=16 registry_cap=16
  r61_witness[00] r61=12 tail=23 gh60=0x48844a6 W1=0x1d2c,0x2341,0x286f W2=0x1c39,0x209d,0x3509
  r61_witness[01] r61=14 tail=29 gh60=0x4b8bcaa W1=0xdfd,0x983,0x1ed2 W2=0xd0a,0x3cae,0x2ebf
  r61_witness[02] r61=14 tail=32 gh60=0x4b08b6a W1=0x9d1,0x1552,0x12a3 W2=0x8de,0x1751,0x3bc0
  r61_witness[03] r61=14 tail=36 gh60=0xc88bbaa W1=0x2dad,0x3b08,0x2966 W2=0x2cba,0x171b,0x6f6
  r61_witness[04] r61=16 tail=20 gh60=0x4a8c4a6 W1=0x1afc,0x341c,0xbac W2=0x1a09,0x12e8,0x1db9
  r61_witness[05] r61=16 tail=23 gh60=0xce39fee W1=0x1f9f,0x2b40,0x1d2e W2=0x1eac,0x21ff,0xbcf
  r61_witness[06] r61=16 tail=27 gh60=0x4a87ca6 W1=0xdec,0x6da,0xca8 W2=0xcf9,0x1df1,0xe32
  r61_witness[07] r61=16 tail=28 gh60=0xd88479a W1=0x3baa,0x51,0x36e7 W2=0x3ab7,0x21f,0x2d1f
  r61_witness[08] r61=16 tail=29 gh60=0xc657bfe W1=0x1198,0x37fe,0xe7d W2=0x10a5,0x178e,0x18f8
  r61_witness[09] r61=16 tail=31 gh60=0x4678ca6 W1=0x18f3,0x338f,0x1f9f W2=0x1800,0x1dbb,0x3e2a
  r61_witness[10] r61=16 tail=31 gh60=0xc597cae W1=0x2e30,0xf88,0x1d76 W2=0x2d3d,0x1870,0x1f0c
  r61_witness[11] r61=16 tail=32 gh60=0x491cb66 W1=0x1554,0x3dec,0x3d18 W2=0x1461,0x13d3,0x16ca
  r61_witness[12] r61=16 tail=32 gh60=0x4605de6 W1=0x3e8c,0xc9f,0x1ddc W2=0x3d99,0x24dc,0x102f
  r61_witness[13] r61=16 tail=34 gh60=0x4b6c4ea W1=0x2d22,0x1c23,0x27d7 W2=0x2c2f,0x2582,0x1174
  r61_witness[14] r61=17 tail=23 gh60=0x4618dea W1=0x269d,0x16f5,0x1384 W2=0x25aa,0x24c4,0x27d6
  r61_witness[15] r61=17 tail=26 gh60=0x5b59dba W1=0x1eb9,0x23fe,0x178e W2=0x1dc6,0x255,0xde6

D60=0 fiber histogram: 1:7943 2:4756 3:1811 4:1126 5:374 6:214 7:77 8:62 9:34 10:26 11:11 12:6 13:2 15:3 16:3 17:1 20:1
