free_word_mitm_reducedn
N=14 mask=0x3fff msb=0x2000
candidate: M0=0x3d36 mode=random-fallback fill=0x3fff kernel=dM0=dM9=0x2000
prefixes=32768/268435456 mode=permuted-prefix-sample w59_per_prefix=16384 total=536870912
run_mode=scan registry_cap=16
sample_start=41156608
scan_elapsed=15.245s rate=35.22 Mtriples/s

D60 interface
  D60=0 matches: 32593 (random expectation 32768.0, enrichment 0.995x)
  prefixes with D60=0: 16506
  max D60=0 fiber per prefix: 17 at W57=0x2d4b W58=0x3ffb
  largest D60 bucket: D=0x2eb6 count=33898
  min D60 HW: 0
  D60 HW histogram: 0:32593 1:458852 2:2976162 3:11908742 4:32772303 5:65564286 6:98393177 7:112495526 8:98432484 9:65619183 10:32806511 11:11932039 12:2986077 13:459972 14:33005

Tail closure among D60=0 matches
  final tail collisions: 0
  best r61 HW: 14
  best r61 W1[57..59]=0x340e,0x1d3b,0xf8c
  best r61 W2[57..59]=0x331b,0x3376,0x18a1
  best tail HW: 22
  best tail r61 HW: 20
  best W1[57..59]=0x1aec,0x2928,0x326e
  best W2[57..59]=0x19f9,0x904,0x2b29

SUMMARY N=14 sample_start=41156608 prefixes=32768 total=536870912 d0=32593 best_tail=22 tail_r61=20 best_r61=14 tail_W1=0x1aec,0x2928,0x326e tail_W2=0x19f9,0x904,0x2b29 r61_W1=0x340e,0x1d3b,0xf8c r61_W2=0x331b,0x3376,0x18a1

Scan-only witness registry
  registry_count=16 registry_cap=16
  witness[00] tail=22 r61=20 gh60=0xd69c4a6 W1=0x1aec,0x2928,0x326e W2=0x19f9,0x904,0x2b29
  witness[01] tail=22 r61=20 gh60=0xc9abc9e W1=0x2ee7,0x1be2,0x1671 W2=0x2df4,0x2d2,0x4b8
  witness[02] tail=22 r61=22 gh60=0x48bcb9a W1=0x29a6,0x1f9c,0x503 W2=0x28b3,0x1cf3,0x18df
  witness[03] tail=24 r61=20 gh60=0x5cac5ba W1=0x2cb6,0x3af3,0x2d32 W2=0x2bc3,0x181a,0x2484
  witness[04] tail=24 r61=23 gh60=0xdd0856e W1=0x2acf,0x3bcd,0x3b55 W2=0x29dc,0x26a3,0xe0f
  witness[05] tail=25 r61=20 gh60=0xc90bb6a W1=0x115d,0x3b35,0x1506 W2=0x106a,0x1560,0xe19
  witness[06] tail=25 r61=22 gh60=0xc9d4b9a W1=0x15c6,0x1d84,0x12fb W2=0x14d3,0x2cdf,0x3b4d
  witness[07] tail=25 r61=22 gh60=0x466cd66 W1=0x26e4,0x3ce2,0x25f0 W2=0x25f1,0x3351,0x12df
  witness[08] tail=25 r61=22 gh60=0xcb1876e W1=0x334f,0x1052,0x3e2c W2=0x325c,0x1d94,0x1718
  witness[09] tail=25 r61=23 gh60=0xf8b84aa W1=0x3541,0x2765,0x39ea W2=0x344e,0x3c15,0x281
  witness[10] tail=25 r61=24 gh60=0xf50856a W1=0x3261,0x3eab,0x20cc W2=0x316e,0x4d1,0x3360
  witness[11] tail=25 r61=27 gh60=0xcb9c4a6 W1=0x11ec,0x1d57,0x20a9 W2=0x10f9,0xb35,0x14bc
  witness[12] tail=26 r61=15 gh60=0x49e85fe W1=0x2297,0x3914,0x2dee W2=0x21a4,0x3ad4,0x1d63
  witness[13] tail=26 r61=18 gh60=0x4a585fa W1=0x1299,0x39b8,0xdab W2=0x11a6,0x2758,0x152a
  witness[14] tail=26 r61=19 gh60=0xca0449a W1=0x30a,0x36d5,0x1202 W2=0x217,0x1fdb,0x3197
  witness[15] tail=26 r61=19 gh60=0xd6687a6 W1=0x373,0x1068,0x37d W2=0x280,0x393b,0x2676

Scan-only r61 registry
  registry_count=16 registry_cap=16
  r61_witness[00] r61=14 tail=33 gh60=0xca144ea W1=0x340e,0x1d3b,0xf8c W2=0x331b,0x3376,0x18a1
  r61_witness[01] r61=15 tail=26 gh60=0x49e85fe W1=0x2297,0x3914,0x2dee W2=0x21a4,0x3ad4,0x1d63
  r61_witness[02] r61=15 tail=35 gh60=0xcb0bd6e W1=0x105f,0x18af,0x27fc W2=0xf6c,0x296e,0x2eff
  r61_witness[03] r61=16 tail=27 gh60=0x448bcae W1=0xe3f,0x3293,0x25c3 W2=0xd4c,0x195e,0x383a
  r61_witness[04] r61=16 tail=27 gh60=0x768c4a6 W1=0x32ec,0x19a5,0x23cc W2=0x31f9,0x3983,0x145e
  r61_witness[05] r61=16 tail=29 gh60=0x48b84aa W1=0x3b31,0x1fb5,0xf36 W2=0x3a3e,0x3975,0x36f3
  r61_witness[06] r61=16 tail=30 gh60=0x4a147ea W1=0x238e,0x2ff,0x2125 W2=0x229b,0x5ce,0x3694
  r61_witness[07] r61=16 tail=30 gh60=0x4d0c56a W1=0x2cce,0xe61,0x2ea9 W2=0x2bdb,0x698,0x3829
  r61_witness[08] r61=16 tail=31 gh60=0xc62859a W1=0x2489,0x851,0xd05 W2=0x2396,0x26ca,0x31f1
  r61_witness[09] r61=16 tail=31 gh60=0xc60bfee W1=0x2f8f,0xb12,0x335d W2=0x2e9c,0x36e5,0x1c45
  r61_witness[10] r61=16 tail=31 gh60=0xd4ec59e W1=0x32a8,0x16d7,0x3cba W2=0x31b5,0x2b33,0x14e0
  r61_witness[11] r61=16 tail=32 gh60=0x451856a W1=0x3c51,0x3a2,0x2f3e W2=0x3b5e,0xab4,0x19c9
  r61_witness[12] r61=16 tail=33 gh60=0xcd04d7a W1=0x385a,0x3715,0x3962 W2=0x3767,0x2edd,0x22f5
  r61_witness[13] r61=16 tail=34 gh60=0x468bcae W1=0x10ef,0x2c9b,0x200 W2=0xffc,0x39f6,0x2a6f
  r61_witness[14] r61=17 tail=27 gh60=0xc884ba6 W1=0x15ac,0x2297,0x2a38 W2=0x14b9,0x3a5c,0x27e6
  r61_witness[15] r61=17 tail=27 gh60=0xc614bee W1=0x1990,0xcd2,0xae4 W2=0x189d,0xf66,0x3dcd

D60=0 fiber histogram: 1:7969 2:4792 3:1811 4:1057 5:434 6:228 7:79 8:67 9:27 10:14 11:6 12:8 13:2 14:5 15:2 16:4 17:1
