free_word_mitm_reducedn
N=14 mask=0x3fff msb=0x2000
candidate: M0=0x3d36 mode=random-fallback fill=0x3fff kernel=dM0=dM9=0x2000
prefixes=32768/268435456 mode=permuted-prefix-sample w59_per_prefix=16384 total=536870912
run_mode=scan registry_cap=16
sample_start=32768000
scan_elapsed=15.285s rate=35.12 Mtriples/s

D60 interface
  D60=0 matches: 32346 (random expectation 32768.0, enrichment 0.987x)
  prefixes with D60=0: 16549
  max D60=0 fiber per prefix: 20 at W57=0x2dfd W58=0x2763
  largest D60 bucket: D=0xb4e count=34006
  min D60 HW: 0
  D60 HW histogram: 0:32346 1:454521 2:2968129 3:11897727 4:32762227 5:65584102 6:98456364 7:112514558 8:98431744 9:65596146 10:32784110 11:11918678 12:2979185 13:458268 14:32807

Tail closure among D60=0 matches
  final tail collisions: 0
  best r61 HW: 12
  best r61 W1[57..59]=0x2faa,0x9de,0x2ed9
  best r61 W2[57..59]=0x2eb7,0x21eb,0x247f
  best tail HW: 18
  best tail r61 HW: 22
  best W1[57..59]=0x102,0x1fd,0x3ed
  best W2[57..59]=0xf,0x251,0x3297

SUMMARY N=14 sample_start=32768000 prefixes=32768 total=536870912 d0=32346 best_tail=18 tail_r61=22 best_r61=12 tail_W1=0x102,0x1fd,0x3ed tail_W2=0xf,0x251,0x3297 r61_W1=0x2faa,0x9de,0x2ed9 r61_W2=0x2eb7,0x21eb,0x247f

Scan-only witness registry
  registry_count=16 registry_cap=16
  witness[00] tail=18 r61=22 gh60=0x7a6dcaa W1=0x102,0x1fd,0x3ed W2=0xf,0x251,0x3297
  witness[01] tail=20 r61=19 gh60=0xbb984a6 W1=0xa33,0x3620,0xf85 W2=0x940,0x228d,0x251a
  witness[02] tail=21 r61=14 gh60=0x4489ca6 W1=0x3e3b,0x2a3b,0x3891 W2=0x3d48,0x37c9,0x13b6
  witness[03] tail=21 r61=17 gh60=0x38e8bba W1=0x25b9,0x1708,0x2d33 W2=0x24c6,0x175f,0x3261
  witness[04] tail=21 r61=20 gh60=0xcba8566 W1=0x3263,0x383f,0xa44 W2=0x3170,0x3e92,0xc04
  witness[05] tail=22 r61=15 gh60=0x4918ca6 W1=0x3743,0x2557,0xe1 W2=0x3650,0x3193,0x358b
  witness[06] tail=23 r61=15 gh60=0x4d8c4a6 W1=0x42c,0x1841,0x26de W2=0x339,0x149f,0x2c85
  witness[07] tail=23 r61=18 gh60=0xd50cd9a W1=0x28ca,0x1c53,0x632 W2=0x27d7,0x586,0x177c
  witness[08] tail=23 r61=20 gh60=0x4af4b6a W1=0x15de,0x6f2,0x3e95 W2=0x14eb,0x14ea,0x132c
  witness[09] tail=23 r61=21 gh60=0xd968fe6 W1=0x37a3,0x2bb,0x3464 W2=0x36b0,0x3b25,0x19e0
  witness[10] tail=24 r61=17 gh60=0x4e884aa W1=0x4ed,0x4d3,0x3e04 W2=0x3fa,0x9cf,0x28d9
  witness[11] tail=24 r61=18 gh60=0xc905b66 W1=0x1cc,0x2ea9,0x13ee W2=0xd9,0x2e02,0x2a53
  witness[12] tail=24 r61=19 gh60=0xc5f456a W1=0x145e,0x5a1,0x227e W2=0x136b,0x1820,0x3f39
  witness[13] tail=24 r61=20 gh60=0x3ed849a W1=0x2309,0x20eb,0x285b W2=0x2216,0x9f4,0x1510
  witness[14] tail=24 r61=23 gh60=0xc618fee W1=0x378f,0x2e9f,0x267e W2=0x369c,0x3672,0xe80
  witness[15] tail=24 r61=24 gh60=0xca7c76a W1=0x33e2,0x7c6,0x16ec W2=0x32ef,0xf39,0x1667

Scan-only r61 registry
  registry_count=16 registry_cap=16
  r61_witness[00] r61=12 tail=30 gh60=0x4887f9a W1=0x2faa,0x9de,0x2ed9 W2=0x2eb7,0x21eb,0x247f
  r61_witness[01] r61=13 tail=36 gh60=0x46085ea W1=0x491,0x26c1,0xc5a W2=0x39e,0x23df,0x551
  r61_witness[02] r61=14 tail=21 gh60=0x4489ca6 W1=0x3e3b,0x2a3b,0x3891 W2=0x3d48,0x37c9,0x13b6
  r61_witness[03] r61=15 tail=22 gh60=0x4918ca6 W1=0x3743,0x2557,0xe1 W2=0x3650,0x3193,0x358b
  r61_witness[04] r61=15 tail=23 gh60=0x4d8c4a6 W1=0x42c,0x1841,0x26de W2=0x339,0x149f,0x2c85
  r61_witness[05] r61=15 tail=31 gh60=0xc988baa W1=0x35bd,0x355f,0xfcb W2=0x34ca,0x3562,0x22b
  r61_witness[06] r61=15 tail=32 gh60=0x4a1cfe6 W1=0x79c,0xd11,0x38fe W2=0x6a9,0x34d0,0x172a
  r61_witness[07] r61=16 tail=28 gh60=0x7a087e6 W1=0x3b9b,0x4fd,0x1396 W2=0x3aa8,0x3fb8,0xcf9
  r61_witness[08] r61=16 tail=32 gh60=0xb504566 W1=0x22cc,0x32cd,0x3fd4 W2=0x21d9,0x71f,0x3fac
  r61_witness[09] r61=16 tail=33 gh60=0x448c4aa W1=0x2c2e,0x76c,0x12e7 W2=0x2b3b,0xbad,0x2dc8
  r61_witness[10] r61=16 tail=34 gh60=0x5a38dee W1=0x289f,0x22a8,0x1a9d W2=0x27ac,0x25b,0x3ca7
  r61_witness[11] r61=16 tail=40 gh60=0x493849a W1=0x345,0x1b4a,0x886 W2=0x252,0x39b,0x399d
  r61_witness[12] r61=16 tail=40 gh60=0x4a28ce6 W1=0x3913,0x332d,0x94d W2=0x3820,0x1f53,0x2713
  r61_witness[13] r61=17 tail=21 gh60=0x38e8bba W1=0x25b9,0x1708,0x2d33 W2=0x24c6,0x175f,0x3261
  r61_witness[14] r61=17 tail=24 gh60=0x4e884aa W1=0x4ed,0x4d3,0x3e04 W2=0x3fa,0x9cf,0x28d9
  r61_witness[15] r61=17 tail=25 gh60=0x4a1bfa6 W1=0xf83,0x1566,0x266b W2=0xe90,0x26d0,0xfd7

D60=0 fiber histogram: 1:8103 2:4812 3:1708 4:1087 5:421 6:210 7:66 8:71 9:28 10:19 11:9 12:5 13:4 14:1 15:1 16:2 18:1 20:1
