free_word_mitm_reducedn
N=14 mask=0x3fff msb=0x2000
candidate: M0=0x3d36 mode=random-fallback fill=0x3fff kernel=dM0=dM9=0x2000
prefixes=32768/268435456 mode=permuted-prefix-sample w59_per_prefix=16384 total=536870912
run_mode=scan registry_cap=16
sample_start=241729536
scan_elapsed=18.531s rate=28.97 Mtriples/s

D60 interface
  D60=0 matches: 32353 (random expectation 32768.0, enrichment 0.987x)
  prefixes with D60=0: 16460
  max D60=0 fiber per prefix: 22 at W57=0x1042 W58=0x3089
  largest D60 bucket: D=0x323b count=33728
  min D60 HW: 0
  D60 HW histogram: 0:32353 1:454627 2:2968482 3:11902390 4:32760308 5:65582181 6:98443689 7:112532347 8:98442849 9:65613791 10:32776130 11:11903726 12:2969018 13:456780 14:32241

Tail closure among D60=0 matches
  final tail collisions: 0
  best r61 HW: 13
  best r61 W1[57..59]=0x71b,0x2a5f,0x279d
  best r61 W2[57..59]=0x628,0x465,0x12cf
  best tail HW: 20
  best tail r61 HW: 17
  best W1[57..59]=0x1f54,0x3de7,0xc95
  best W2[57..59]=0x1e61,0x1fb0,0x2df0

SUMMARY N=14 sample_start=241729536 prefixes=32768 total=536870912 d0=32353 best_tail=20 tail_r61=17 best_r61=13 tail_W1=0x1f54,0x3de7,0xc95 tail_W2=0x1e61,0x1fb0,0x2df0 r61_W1=0x71b,0x2a5f,0x279d r61_W2=0x628,0x465,0x12cf

Scan-only witness registry
  registry_count=16 registry_cap=16
  witness[00] tail=20 r61=17 gh60=0x472df66 W1=0x1f54,0x3de7,0xc95 W2=0x1e61,0x1fb0,0x2df0
  witness[01] tail=23 r61=20 gh60=0xfa247ea W1=0x2b92,0x3418,0x907 W2=0x2a9f,0x28eb,0x808
  witness[02] tail=24 r61=20 gh60=0xb99bcaa W1=0x30ed,0x2b4b,0x402 W2=0x2ffa,0x1eca,0x1f54
  witness[03] tail=24 r61=28 gh60=0xd8ac7be W1=0x2bb8,0x3ca7,0x12c6 W2=0x2ac5,0x356e,0x1dea
  witness[04] tail=25 r61=14 gh60=0x4598ca6 W1=0x2633,0x3d93,0x3c0 W2=0x2540,0x2dbf,0x3edd
  witness[05] tail=25 r61=16 gh60=0xd908f6a W1=0x27cd,0x3dbc,0xec0 W2=0x26da,0x29df,0x1c63
  witness[06] tail=25 r61=18 gh60=0xcb78566 W1=0x12db,0x117,0xc62 W2=0x11e8,0x2558,0x3504
  witness[07] tail=25 r61=19 gh60=0x547bca6 W1=0x102b,0xafa,0x93e W2=0xf38,0x2c14,0x3302
  witness[08] tail=25 r61=19 gh60=0x4968b9e W1=0x29a7,0x398b,0x168e W2=0x28b4,0x2eb1,0x33aa
  witness[09] tail=25 r61=20 gh60=0x5b0cb6a W1=0x195e,0x22b1,0x33be W2=0x186b,0x34e1,0x3752
  witness[10] tail=25 r61=21 gh60=0x56044e6 W1=0x3d0c,0x3188,0x28bd W2=0x3c19,0x2d70,0x1994
  witness[11] tail=25 r61=22 gh60=0x4cabdba W1=0x2eb9,0x34fe,0x37dd W2=0x2dc6,0x151,0x2e83
  witness[12] tail=25 r61=23 gh60=0x3e984aa W1=0xcfd,0x3564,0x7bb W2=0xc0a,0x3cd0,0x3dd3
  witness[13] tail=25 r61=26 gh60=0x4f9cca6 W1=0x28fc,0x38e8,0x3df W2=0x2809,0x2275,0x295c
  witness[14] tail=26 r61=14 gh60=0x4d08566 W1=0x244b,0x1479,0x1105 W2=0x2358,0x6c2,0x126
  witness[15] tail=26 r61=16 gh60=0xc708b6a W1=0x3961,0x322e,0x3774 W2=0x386e,0x3825,0x101d

Scan-only r61 registry
  registry_count=16 registry_cap=16
  r61_witness[00] r61=13 tail=32 gh60=0x4618cea W1=0x1721,0x2c4a,0x32ec W2=0x162e,0x2f1,0x1e25
  r61_witness[01] r61=13 tail=33 gh60=0x5a08ce6 W1=0x71b,0x2a5f,0x279d W2=0x628,0x465,0x12cf
  r61_witness[02] r61=14 tail=25 gh60=0x4598ca6 W1=0x2633,0x3d93,0x3c0 W2=0x2540,0x2dbf,0x3edd
  r61_witness[03] r61=14 tail=26 gh60=0x4d08566 W1=0x244b,0x1479,0x1105 W2=0x2358,0x6c2,0x126
  r61_witness[04] r61=14 tail=34 gh60=0x4a05c9a W1=0x210a,0x1c91,0x3edb W2=0x2017,0x3d92,0x1144
  r61_witness[05] r61=14 tail=40 gh60=0x492877a W1=0x3b55,0x28ea,0x1b58 W2=0x3a62,0x23ca,0x7ed
  r61_witness[06] r61=15 tail=35 gh60=0x461bfe6 W1=0xf8b,0x262f,0x3116 W2=0xe98,0x3777,0x34db
  r61_witness[07] r61=16 tail=25 gh60=0xd908f6a W1=0x27cd,0x3dbc,0xec0 W2=0x26da,0x29df,0x1c63
  r61_witness[08] r61=16 tail=26 gh60=0xc708b6a W1=0x3961,0x322e,0x3774 W2=0x386e,0x3825,0x101d
  r61_witness[09] r61=16 tail=27 gh60=0xca1dbe6 W1=0x1d8c,0x32a0,0x375f W2=0x1c99,0x3b6d,0x3f7f
  r61_witness[10] r61=16 tail=28 gh60=0x5a144ee W1=0x3210,0x20ab,0x193b W2=0x311d,0xc46,0x68c
  r61_witness[11] r61=16 tail=30 gh60=0xc69bbaa W1=0x117d,0x3d42,0x1e84 W2=0x108a,0x1bfd,0x275a
  r61_witness[12] r61=16 tail=30 gh60=0xba09cee W1=0x211f,0x2277,0xa7f W2=0x202c,0x3cbe,0x15dd
  r61_witness[13] r61=16 tail=35 gh60=0xc904b66 W1=0x354c,0x238c,0xa9 W2=0x3459,0x16b,0x3770
  r61_witness[14] r61=16 tail=37 gh60=0x4a1bce6 W1=0x2f1b,0x39e1,0x3fb4 W2=0x2e28,0x2e1,0x2ae9
  r61_witness[15] r61=17 tail=20 gh60=0x472df66 W1=0x1f54,0x3de7,0xc95 W2=0x1e61,0x1fb0,0x2df0

D60=0 fiber histogram: 1:8017 2:4782 3:1788 4:1031 5:404 6:206 7:76 8:72 9:36 10:18 11:5 12:11 13:2 14:1 15:1 16:6 18:2 20:1 22:1
