free_word_mitm_reducedn
N=14 mask=0x3fff msb=0x2000
candidate: M0=0x3d36 mode=random-fallback fill=0x3fff kernel=dM0=dM9=0x2000
prefixes=32768/268435456 mode=permuted-prefix-sample w59_per_prefix=16384 total=536870912
run_mode=scan registry_cap=16
sample_start=94896128
scan_elapsed=19.227s rate=27.92 Mtriples/s

D60 interface
  D60=0 matches: 32376 (random expectation 32768.0, enrichment 0.988x)
  prefixes with D60=0: 16471
  max D60=0 fiber per prefix: 16 at W57=0x1fb1 W58=0x3a84
  largest D60 bucket: D=0x25a1 count=33760
  min D60 HW: 0
  D60 HW histogram: 0:32376 1:456713 2:2978693 3:11919155 4:32792825 5:65615492 6:98439481 7:112517755 8:98423458 9:65568145 10:32762339 11:11901901 12:2972945 13:456741 14:32893

Tail closure among D60=0 matches
  final tail collisions: 0
  best r61 HW: 11
  best r61 W1[57..59]=0x2c4a,0x1912,0x1a9b
  best r61 W2[57..59]=0x2b57,0x3f56,0x3fb6
  best tail HW: 21
  best tail r61 HW: 18
  best W1[57..59]=0x2b,0x14cb,0x2944
  best W2[57..59]=0x3f38,0x3ce5,0x36e2

SUMMARY N=14 sample_start=94896128 prefixes=32768 total=536870912 d0=32376 best_tail=21 tail_r61=18 best_r61=11 tail_W1=0x2b,0x14cb,0x2944 tail_W2=0x3f38,0x3ce5,0x36e2 r61_W1=0x2c4a,0x1912,0x1a9b r61_W2=0x2b57,0x3f56,0x3fb6

Scan-only witness registry
  registry_count=16 registry_cap=16
  witness[00] tail=21 r61=18 gh60=0xb499ca6 W1=0x2b,0x14cb,0x2944 W2=0x3f38,0x3ce5,0x36e2
  witness[01] tail=23 r61=15 gh60=0x4e84dba W1=0x387a,0x21f8,0xc71 W2=0x3787,0x1c44,0x9a1
  witness[02] tail=24 r61=11 gh60=0x470449a W1=0x2c4a,0x1912,0x1a9b W2=0x2b57,0x3f56,0x3fb6
  witness[03] tail=24 r61=14 gh60=0x4588cae W1=0x262f,0x232c,0x188c W2=0x253c,0x138b,0xf5d
  witness[04] tail=24 r61=19 gh60=0x5d784aa W1=0x3441,0x3246,0x133c W2=0x334e,0x6b6,0x19ac
  witness[05] tail=24 r61=21 gh60=0xd6e859a W1=0x22c9,0x147f,0x19c6 W2=0x21d6,0x30ec,0x25b
  witness[06] tail=24 r61=25 gh60=0xcb3ff6a W1=0xf4e,0x24d2,0x1e3c W2=0xe5b,0x11f2,0x2be3
  witness[07] tail=24 r61=26 gh60=0xff18566 W1=0x224b,0x3506,0x13ce W2=0x2158,0x52f,0x15e3
  witness[08] tail=25 r61=18 gh60=0x45885a6 W1=0x247b,0x2c01,0x2966 W2=0x2388,0x23b6,0x1707
  witness[09] tail=25 r61=20 gh60=0xfa0c5ee W1=0x24a0,0x2c6,0x6c9 W2=0x23ad,0x2af9,0x12f4
  witness[10] tail=25 r61=21 gh60=0x4958c9e W1=0x727,0x1901,0xd0b W2=0x634,0x13ef,0x230a
  witness[11] tail=25 r61=24 gh60=0x4e284e6 W1=0x1c13,0x2ed5,0x30c7 W2=0x1b20,0x10ca,0x3ec1
  witness[12] tail=25 r61=24 gh60=0xbbf4f9a W1=0x2766,0x28bd,0x2cde W2=0x2673,0x2860,0x25fa
  witness[13] tail=25 r61=26 gh60=0x7affdba W1=0xe7a,0xe18,0xf91 W2=0xd87,0x34e8,0x1296
  witness[14] tail=25 r61=30 gh60=0xd58ccaa W1=0x7ee,0x343a,0x19f4 W2=0x6fb,0x36fa,0x13d5
  witness[15] tail=26 r61=19 gh60=0xc88c79a W1=0x1baa,0x1542,0x19dd W2=0x1ab7,0x1708,0x29e8

Scan-only r61 registry
  registry_count=16 registry_cap=16
  r61_witness[00] r61=11 tail=24 gh60=0x470449a W1=0x2c4a,0x1912,0x1a9b W2=0x2b57,0x3f56,0x3fb6
  r61_witness[01] r61=13 tail=27 gh60=0xc4a9da6 W1=0x3eb3,0x19f3,0x205a W2=0x3dc0,0x1035,0x971
  r61_witness[02] r61=13 tail=28 gh60=0x4905b66 W1=0x14c,0x2697,0x2a3d W2=0x59,0x2df8,0x2794
  r61_witness[03] r61=14 tail=24 gh60=0x4588cae W1=0x262f,0x232c,0x188c W2=0x253c,0x138b,0xf5d
  r61_witness[04] r61=14 tail=31 gh60=0x4a185fa W1=0x1a95,0x1503,0x1b08 W2=0x19a2,0x141f,0x172b
  r61_witness[05] r61=14 tail=35 gh60=0x4a54b9e W1=0x968,0x12a5,0x13a0 W2=0x875,0x650,0x28af
  r61_witness[06] r61=15 tail=23 gh60=0x4e84dba W1=0x387a,0x21f8,0xc71 W2=0x3787,0x1c44,0x9a1
  r61_witness[07] r61=15 tail=29 gh60=0xda08ce6 W1=0x271b,0xd54,0x831 W2=0x2628,0x275a,0xe64
  r61_witness[08] r61=15 tail=30 gh60=0x5a045e6 W1=0x1a8c,0x18d4,0xa10 W2=0x1999,0x3c94,0x37cf
  r61_witness[09] r61=15 tail=33 gh60=0x48847a6 W1=0x33bc,0x3a32,0x2324 W2=0x32c9,0x32e8,0x2da0
  r61_witness[10] r61=15 tail=34 gh60=0x4989caa W1=0x20fd,0x9e6,0x1488 W2=0x200a,0xe51,0x792
  r61_witness[11] r61=15 tail=34 gh60=0xc908b6a W1=0x25d1,0x2186,0x2e2d W2=0x24de,0x1fcd,0x3932
  r61_witness[12] r61=15 tail=37 gh60=0xc92877e W1=0x3357,0x23dc,0x1dd6 W2=0x3264,0x30a0,0x734
  r61_witness[13] r61=16 tail=29 gh60=0x5c884a6 W1=0x23b,0x2a08,0x4a7 W2=0x148,0x3555,0xaad
  r61_witness[14] r61=16 tail=29 gh60=0x44abcba W1=0x2e35,0x1b75,0x3f76 W2=0x2d42,0x37b4,0x567
  r61_witness[15] r61=16 tail=30 gh60=0x46885a6 W1=0x146b,0x3c1d,0x3dfd W2=0x1378,0x3e2,0x2b64

D60=0 fiber histogram: 1:8008 2:4759 3:1736 4:1143 5:384 6:222 7:77 8:72 9:31 10:24 11:6 12:3 13:4 14:1 16:1
