free_word_mitm_reducedn
N=14 mask=0x3fff msb=0x2000
candidate: M0=0x3d36 mode=random-fallback fill=0x3fff kernel=dM0=dM9=0x2000
prefixes=32768/268435456 mode=permuted-prefix-sample w59_per_prefix=16384 total=536870912
run_mode=scan registry_cap=16
sample_start=114851840
scan_elapsed=20.982s rate=25.59 Mtriples/s

D60 interface
  D60=0 matches: 33060 (random expectation 32768.0, enrichment 1.009x)
  prefixes with D60=0: 16736
  max D60=0 fiber per prefix: 17 at W57=0x2e31 W58=0x3422
  largest D60 bucket: D=0x130b count=33713
  min D60 HW: 0
  D60 HW histogram: 0:33060 1:459489 2:2986261 3:11941532 4:32838032 5:65657607 6:98456634 7:112461856 8:98343507 9:65546351 10:32764879 11:11913385 12:2977839 13:457653 14:32827

Tail closure among D60=0 matches
  final tail collisions: 0
  best r61 HW: 12
  best r61 W1[57..59]=0x1f7d,0x1ca9,0x3077
  best r61 W2[57..59]=0x1e8a,0xd1c,0x18e8
  best tail HW: 17
  best tail r61 HW: 19
  best W1[57..59]=0xd86,0x318a,0x3aaf
  best W2[57..59]=0xc93,0x2873,0x34dc

SUMMARY N=14 sample_start=114851840 prefixes=32768 total=536870912 d0=33060 best_tail=17 tail_r61=19 best_r61=12 tail_W1=0xd86,0x318a,0x3aaf tail_W2=0xc93,0x2873,0x34dc r61_W1=0x1f7d,0x1ca9,0x3077 r61_W2=0x1e8a,0xd1c,0x18e8

Scan-only witness registry
  registry_count=16 registry_cap=16
  witness[00] tail=17 r61=19 gh60=0x4e6fb9a W1=0xd86,0x318a,0x3aaf W2=0xc93,0x2873,0x34dc
  witness[01] tail=23 r61=20 gh60=0xdd5bd9a W1=0x2ec9,0x6b2,0x1e86 W2=0x2dd6,0x155a,0x1ac2
  witness[02] tail=23 r61=24 gh60=0x7f8cbaa W1=0x5ae,0x1020,0xa6a W2=0x4bb,0x1028,0x10e2
  witness[03] tail=23 r61=25 gh60=0xbf18b6a W1=0x39e1,0x39fb,0x2839 W2=0x38ee,0x7ea,0x2014
  witness[04] tail=24 r61=15 gh60=0x5c85c9a W1=0x202a,0xe0,0x1530 W2=0x1f37,0x2369,0x1d2
  witness[05] tail=24 r61=17 gh60=0xc66c4aa W1=0x2402,0x1d79,0x221e W2=0x230f,0x258e,0x2abb
  witness[06] tail=24 r61=19 gh60=0xc889caa W1=0x1f2d,0xc39,0x34c1 W2=0x1e3a,0xe34,0x3b56
  witness[07] tail=24 r61=20 gh60=0x5908b6e W1=0x9cf,0x2879,0x2ffc W2=0x8dc,0x1a98,0x1a2
  witness[08] tail=24 r61=20 gh60=0xd535d6e W1=0x2050,0x199,0x341a W2=0x1f5d,0x1f65,0x2d88
  witness[09] tail=24 r61=27 gh60=0x57b4b9e W1=0x35a8,0xa49,0x3cc0 W2=0x34b5,0x1164,0x5c7
  witness[10] tail=25 r61=21 gh60=0x468c4ae W1=0x3c00,0x2a62,0xef4 W2=0x3b0d,0x18f3,0x31d9
  witness[11] tail=25 r61=22 gh60=0xba18dea W1=0x891,0x662,0x10ad W2=0x79e,0x3f41,0x2c61
  witness[12] tail=25 r61=22 gh60=0x5e1bc9a W1=0x1105,0x95a,0x3f7c W2=0x1012,0x16a6,0x86a
  witness[13] tail=25 r61=23 gh60=0x5a0fffa W1=0xf9a,0xdef,0x2c56 W2=0xea7,0x2e73,0x108e
  witness[14] tail=25 r61=25 gh60=0xbba9c9a W1=0x29,0x936,0x13d8 W2=0x3f36,0x29c2,0xa50
  witness[15] tail=26 r61=16 gh60=0x491bb6e W1=0xdcf,0x2d4a,0x28e9 W2=0xcdc,0x1369,0x108d

Scan-only r61 registry
  registry_count=16 registry_cap=16
  r61_witness[00] r61=12 tail=30 gh60=0xca89faa W1=0x1f7d,0x1ca9,0x3077 W2=0x1e8a,0xd1c,0x18e8
  r61_witness[01] r61=15 tail=24 gh60=0x5c85c9a W1=0x202a,0xe0,0x1530 W2=0x1f37,0x2369,0x1d2
  r61_witness[02] r61=15 tail=32 gh60=0x4a044fa W1=0x141a,0x11e2,0x25fa W2=0x1327,0x4cf,0x2207
  r61_witness[03] r61=15 tail=32 gh60=0x48d7bbe W1=0x31b8,0xe81,0xecf W2=0x30c5,0x3385,0x89d
  r61_witness[04] r61=16 tail=26 gh60=0x491bb6e W1=0xdcf,0x2d4a,0x28e9 W2=0xcdc,0x1369,0x108d
  r61_witness[05] r61=16 tail=27 gh60=0x4899baa W1=0x1bd,0x228e,0x33a5 W2=0xca,0xcd5,0x2309
  r61_witness[06] r61=16 tail=29 gh60=0xc914b6e W1=0x15e0,0x3d80,0xa4f W2=0x14ed,0xb98,0x2ac8
  r61_witness[07] r61=16 tail=29 gh60=0xdb2bb7e W1=0x2d57,0x32ac,0xb54 W2=0x2c64,0x1bcb,0x16a0
  r61_witness[08] r61=16 tail=29 gh60=0x488ccba W1=0x373a,0x3837,0x1da4 W2=0x3647,0x2bef,0x283b
  r61_witness[09] r61=16 tail=30 gh60=0x491bb6a W1=0x115d,0x242f,0xbd9 W2=0x106a,0x3e5a,0x702
  r61_witness[10] r61=16 tail=31 gh60=0x4b28c9a W1=0x1645,0x13d6,0x24b5 W2=0x1552,0xadc,0xb09
  r61_witness[11] r61=16 tail=31 gh60=0x4a08bee W1=0x199f,0x18cc,0x1a9b W2=0x18ac,0x1f4b,0x30bc
  r61_witness[12] r61=16 tail=33 gh60=0x5ca8d9a W1=0x36a5,0x371a,0x1f37 W2=0x35b2,0x3600,0x823
  r61_witness[13] r61=16 tail=39 gh60=0x4b885aa W1=0x1cc1,0x1cd5,0x19d7 W2=0x1bce,0x28dd,0x3137
  r61_witness[14] r61=16 tail=39 gh60=0x4a0bcee W1=0x310f,0x3172,0x2484 W2=0x301c,0x38c5,0x2dec
  r61_witness[15] r61=16 tail=42 gh60=0xca04cfa W1=0x91a,0x1b3,0xca7 W2=0x827,0x25ef,0x3ebe

D60=0 fiber histogram: 1:8079 2:4898 3:1740 4:1149 5:439 6:196 7:84 8:72 9:27 10:24 11:13 12:5 13:2 14:3 15:2 16:1 17:2
