free_word_mitm_reducedn
N=14 mask=0x3fff msb=0x2000
candidate: M0=0x3d36 mode=random-fallback fill=0x3fff kernel=dM0=dM9=0x2000
prefixes=32768/268435456 mode=permuted-prefix-sample w59_per_prefix=16384 total=536870912
run_mode=scan registry_cap=16
sample_start=198737920
scan_elapsed=21.114s rate=25.43 Mtriples/s

D60 interface
  D60=0 matches: 32383 (random expectation 32768.0, enrichment 0.988x)
  prefixes with D60=0: 16354
  max D60=0 fiber per prefix: 22 at W57=0xdff W58=0x3e7
  largest D60 bucket: D=0x2a60 count=33782
  min D60 HW: 0
  D60 HW histogram: 0:32383 1:456945 2:2973470 3:11895549 4:32751743 5:65570220 6:98416828 7:112507097 8:98458025 9:65612422 10:32800645 11:11924617 12:2979238 13:458841 14:32889

Tail closure among D60=0 matches
  final tail collisions: 0
  best r61 HW: 13
  best r61 W1[57..59]=0x3082,0x16e4,0x1
  best r61 W2[57..59]=0x2f8f,0xe50,0xcb
  best tail HW: 23
  best tail r61 HW: 22
  best W1[57..59]=0x24fb,0x2b0d,0x1943
  best W2[57..59]=0x2408,0x2ada,0x3c52

SUMMARY N=14 sample_start=198737920 prefixes=32768 total=536870912 d0=32383 best_tail=23 tail_r61=22 best_r61=13 tail_W1=0x24fb,0x2b0d,0x1943 tail_W2=0x2408,0x2ada,0x3c52 r61_W1=0x3082,0x16e4,0x1 r61_W2=0x2f8f,0xe50,0xcb

Scan-only witness registry
  registry_count=16 registry_cap=16
  witness[00] tail=23 r61=18 gh60=0x37984aa W1=0x332d,0x17fa,0x31d5 W2=0x323a,0x2ef6,0x30c4
  witness[01] tail=23 r61=22 gh60=0x49884a6 W1=0x24fb,0x2b0d,0x1943 W2=0x2408,0x2ada,0x3c52
  witness[02] tail=23 r61=25 gh60=0xcabc5ae W1=0x1270,0x28c5,0xf4f W2=0x117d,0x1e7e,0x10f9
  witness[03] tail=24 r61=17 gh60=0x49a5ba6 W1=0x21b4,0x103f,0x13c1 W2=0x20c1,0x1592,0x2ace
  witness[04] tail=24 r61=24 gh60=0x4ee859a W1=0x12c5,0x3227,0x8a0 W2=0x11d2,0x2e8c,0x134f
  witness[05] tail=24 r61=25 gh60=0x7a6849a W1=0x2a09,0x2343,0x1a70 W2=0x2916,0x78e,0x137c
  witness[06] tail=25 r61=18 gh60=0xca3449a W1=0xb06,0x120a,0x1a45 W2=0xa13,0x3a5e,0x3f5b
  witness[07] tail=25 r61=19 gh60=0xd508d66 W1=0x28cb,0x517,0x182d W2=0x27d8,0x3d49,0x2a3d
  witness[08] tail=25 r61=19 gh60=0xda0c4ee W1=0x3b10,0x20fd,0xd07 W2=0x3a1d,0x1f28,0x1987
  witness[09] tail=25 r61=24 gh60=0xc7f8caa W1=0x26f1,0x948,0x393f W2=0x25fe,0xe07,0x1657
  witness[10] tail=25 r61=24 gh60=0x4b8c5ae W1=0x34c0,0x373,0x1cd7 W2=0x33cd,0x382c,0x18a6
  witness[11] tail=25 r61=29 gh60=0xca3c4e6 W1=0x31c,0x3842,0x2657 W2=0x229,0xc18,0x428
  witness[12] tail=26 r61=17 gh60=0xcaa4daa W1=0x1672,0x1515,0x380a W2=0x157f,0x34f1,0x1acb
  witness[13] tail=26 r61=19 gh60=0x598bca6 W1=0x113b,0x2dd,0x313 W2=0x1048,0x33e3,0x3104
  witness[14] tail=26 r61=19 gh60=0x7a285a6 W1=0x1483,0x1360,0x2e8d W2=0x1390,0x3a43,0x3d3b
  witness[15] tail=26 r61=19 gh60=0xdf89baa W1=0x3d81,0x568,0x2843 W2=0x3c8e,0x71f,0xc51

Scan-only r61 registry
  registry_count=16 registry_cap=16
  r61_witness[00] r61=13 tail=37 gh60=0x4a27daa W1=0x3082,0x16e4,0x1 W2=0x2f8f,0xe50,0xcb
  r61_witness[01] r61=15 tail=28 gh60=0x4489caa W1=0x3e31,0x3727,0x274b W2=0x3d3e,0x3d26,0x25a
  r61_witness[02] r61=15 tail=29 gh60=0x458bdaa W1=0xebd,0x1f06,0x7cc W2=0xdca,0x25cd,0x1ef6
  r61_witness[03] r61=15 tail=30 gh60=0x4e344ea W1=0x2a1e,0x2d14,0xad4 W2=0x292b,0x353f,0x17b4
  r61_witness[04] r61=15 tail=32 gh60=0x4b18f9a W1=0x7c5,0x1a22,0x284d W2=0x6d2,0x984,0x103a
  r61_witness[05] r61=15 tail=33 gh60=0x4657cfe W1=0xe18,0xd0a,0x2eaf W2=0xd25,0x3fea,0x29e6
  r61_witness[06] r61=15 tail=34 gh60=0x4b09b6e W1=0x1df,0x7f5,0xec5 W2=0xec,0x3800,0x26d0
  r61_witness[07] r61=15 tail=35 gh60=0xc5885aa W1=0x24c1,0x124d,0x1b62 W2=0x23ce,0x11d5,0x6eb
  r61_witness[08] r61=15 tail=35 gh60=0x466cf66 W1=0x2764,0x8fe,0x1c60 W2=0x2671,0x2855,0x34f
  r61_witness[09] r61=16 tail=27 gh60=0x48bc7e6 W1=0x3a4,0x1c9,0x6d9 W2=0x2b1,0x2f39,0x19d5
  r61_witness[10] r61=16 tail=29 gh60=0x54885aa W1=0x2ac1,0x1f67,0xdd8 W2=0x29ce,0x1aef,0xc2e
  r61_witness[11] r61=16 tail=30 gh60=0xda2bce6 W1=0x2f13,0x183c,0xeae W2=0x2e20,0x1dc,0x1ab4
  r61_witness[12] r61=16 tail=30 gh60=0x4617cea W1=0x311e,0x3487,0x1938 W2=0x302b,0x2bfb,0x197
  r61_witness[13] r61=16 tail=33 gh60=0xd8887aa W1=0x13b1,0x203a,0x32a1 W2=0x12be,0x3392,0x689
  r61_witness[14] r61=16 tail=34 gh60=0x4a985ae W1=0x126f,0x3ed1,0x26aa W2=0x117c,0x3499,0x10a5
  r61_witness[15] r61=16 tail=34 gh60=0xc8a4fea W1=0x17a2,0x5f6,0x2882 W2=0x16af,0x21a,0x2d5

D60=0 fiber histogram: 1:7884 2:4704 3:1819 4:1092 5:414 6:211 7:89 8:70 9:33 10:16 11:4 12:9 13:3 14:2 16:2 17:1 22:1
