free_word_mitm_reducedn
N=14 mask=0x3fff msb=0x2000
candidate: M0=0x3d36 mode=random-fallback fill=0x3fff kernel=dM0=dM9=0x2000
prefixes=32768/268435456 mode=permuted-prefix-sample w59_per_prefix=16384 total=536870912
run_mode=scan registry_cap=16
sample_start=190349312
scan_elapsed=21.059s rate=25.49 Mtriples/s

D60 interface
  D60=0 matches: 32609 (random expectation 32768.0, enrichment 0.995x)
  prefixes with D60=0: 16504
  max D60=0 fiber per prefix: 15 at W57=0x334b W58=0x300f
  largest D60 bucket: D=0x2d6a count=33852
  min D60 HW: 0
  D60 HW histogram: 0:32609 1:459192 2:2980044 3:11936285 4:32829455 5:65629447 6:98428960 7:112482763 8:98395509 9:65569820 10:32755021 11:11902294 12:2979034 13:457617 14:32862

Tail closure among D60=0 matches
  final tail collisions: 0
  best r61 HW: 13
  best r61 W1[57..59]=0x3ebc,0x2436,0x322e
  best r61 W2[57..59]=0x3dc9,0x3ded,0x32e8
  best tail HW: 21
  best tail r61 HW: 22
  best W1[57..59]=0x1374,0x431,0x1781
  best W2[57..59]=0x1281,0x15,0x2176

SUMMARY N=14 sample_start=190349312 prefixes=32768 total=536870912 d0=32609 best_tail=21 tail_r61=22 best_r61=13 tail_W1=0x1374,0x431,0x1781 tail_W2=0x1281,0x15,0x2176 r61_W1=0x3ebc,0x2436,0x322e r61_W2=0x3dc9,0x3ded,0x32e8

Scan-only witness registry
  registry_count=16 registry_cap=16
  witness[00] tail=21 r61=22 gh60=0xdaa47a6 W1=0x1374,0x431,0x1781 W2=0x1281,0x15,0x2176
  witness[01] tail=22 r61=20 gh60=0xca35c9a W1=0x1e06,0x1187,0x3d2c W2=0x1d13,0x3894,0xd76
  witness[02] tail=23 r61=16 gh60=0x4da8cba W1=0x2835,0x2445,0x30b7 W2=0x2742,0x600,0x34a9
  witness[03] tail=23 r61=20 gh60=0xba0c4ee W1=0x1220,0x3240,0xc1b W2=0x112d,0x1ac7,0x3ba8
  witness[04] tail=24 r61=19 gh60=0x44fc5a6 W1=0x1cb4,0x1769,0xd4f W2=0x1bc1,0x3cbf,0x2371
  witness[05] tail=24 r61=22 gh60=0xba0c4ee W1=0x1220,0x3240,0xe0 W2=0x112d,0x1ac7,0x306d
  witness[06] tail=24 r61=23 gh60=0xbaafca6 W1=0xef4,0x3e,0x2e66 W2=0xe01,0x23e5,0x201f
  witness[07] tail=24 r61=30 gh60=0xb665da6 W1=0x2074,0x247f,0x345c W2=0x1f81,0x34c6,0x2515
  witness[08] tail=25 r61=15 gh60=0x7d88ca6 W1=0x183b,0x2826,0x268 W2=0x1748,0x2232,0x1568
  witness[09] tail=25 r61=19 gh60=0xc9e877a W1=0x33d5,0x1d2a,0x2449 W2=0x32e2,0x2202,0xc2a
  witness[10] tail=25 r61=21 gh60=0xce28ce6 W1=0x2813,0x1ef3,0x3967 W2=0x2720,0x2825,0x2247
  witness[11] tail=25 r61=23 gh60=0xcba849a W1=0xb29,0x1b3b,0x29f3 W2=0xa36,0x308,0x2d8
  witness[12] tail=25 r61=26 gh60=0x5ab8d9e W1=0x3867,0x1590,0x2e21 W2=0x3774,0x26ee,0xc5b
  witness[13] tail=25 r61=26 gh60=0xb6edf66 W1=0x3fe4,0xe9d,0x2e7b W2=0x3ef1,0x2f76,0x1adc
  witness[14] tail=26 r61=19 gh60=0xd6085e6 W1=0x129b,0x46,0x2b2b W2=0x11a8,0x24ef,0x2939
  witness[15] tail=26 r61=21 gh60=0xf88dba6 W1=0x1bc,0x2eaf,0x2fca W2=0xc9,0x34e6,0x3e34

Scan-only r61 registry
  registry_count=16 registry_cap=16
  r61_witness[00] r61=13 tail=31 gh60=0x4485da6 W1=0x3ebc,0x2436,0x322e W2=0x3dc9,0x3ded,0x32e8
  r61_witness[01] r61=15 tail=25 gh60=0x7d88ca6 W1=0x183b,0x2826,0x268 W2=0x1748,0x2232,0x1568
  r61_witness[02] r61=15 tail=30 gh60=0x4b1456e W1=0x32e0,0x2efd,0x8fd W2=0x31ed,0x213c,0x9d6
  r61_witness[03] r61=15 tail=34 gh60=0x5764baa W1=0x25c2,0x185b,0x3a41 W2=0x24cf,0x8b7,0x1411
  r61_witness[04] r61=16 tail=23 gh60=0x4da8cba W1=0x2835,0x2445,0x30b7 W2=0x2742,0x600,0x34a9
  r61_witness[05] r61=16 tail=28 gh60=0x7909b66 W1=0x14b,0x6cc,0x31d9 W2=0x58,0xe2c,0x2a82
  r61_witness[06] r61=16 tail=28 gh60=0x4b18766 W1=0x3bdb,0xd9d,0x163f W2=0x3ae8,0x3fc8,0x1231
  r61_witness[07] r61=16 tail=29 gh60=0x5997bae W1=0xd70,0x3bb0,0x14e3 W2=0xc7d,0x224c,0xb85
  r61_witness[08] r61=16 tail=30 gh60=0x44845a6 W1=0x3cac,0xef9,0x745 W2=0x3bb9,0x163d,0x3c63
  r61_witness[09] r61=16 tail=31 gh60=0x4689faa W1=0x3f6d,0x7bf,0x2eaa W2=0x3e7a,0x3846,0x179d
  r61_witness[10] r61=16 tail=32 gh60=0xcc88caa W1=0x841,0x2c07,0x24df W2=0x74e,0x2d76,0x3e91
  r61_witness[11] r61=16 tail=32 gh60=0x58887aa W1=0xbbd,0x2e79,0x7a7 W2=0xaca,0x21bd,0xd0f
  r61_witness[12] r61=16 tail=34 gh60=0x4a18cee W1=0x170f,0x3697,0x833 W2=0x161c,0x2472,0x1a79
  r61_witness[13] r61=16 tail=35 gh60=0x471cd6e W1=0x6d0,0x9cb,0x1870 W2=0x5dd,0x2c1b,0x5c0
  r61_witness[14] r61=16 tail=35 gh60=0xda18fea W1=0x27a1,0xd1c,0x2b52 W2=0x26ae,0x89f,0x2227
  r61_witness[15] r61=16 tail=40 gh60=0x4c88cae W1=0x383f,0x296d,0x4d9 W2=0x374c,0x23bc,0x3e07

D60=0 fiber histogram: 1:7985 2:4733 3:1803 4:1149 5:416 6:191 7:76 8:78 9:24 10:25 11:4 12:7 13:7 14:4 15:2
