free_word_mitm_reducedn
N=14 mask=0x3fff msb=0x2000
candidate: M0=0x3d36 mode=random-fallback fill=0x3fff kernel=dM0=dM9=0x2000
prefixes=32768/268435456 mode=permuted-prefix-sample w59_per_prefix=16384 total=536870912
run_mode=scan registry_cap=16
sample_start=68321280
scan_elapsed=16.904s rate=31.76 Mtriples/s

D60 interface
  D60=0 matches: 33013 (random expectation 32768.0, enrichment 1.007x)
  prefixes with D60=0: 16707
  max D60=0 fiber per prefix: 18 at W57=0x3171 W58=0x2d5d
  largest D60 bucket: D=0x3088 count=33951
  min D60 HW: 0
  D60 HW histogram: 0:33013 1:460634 2:2989636 3:11969689 4:32865286 5:65691987 6:98482770 7:112456275 8:98351510 9:65489257 10:32728087 11:11891950 12:2971562 13:456802 14:32454

Tail closure among D60=0 matches
  final tail collisions: 0
  best r61 HW: 14
  best r61 W1[57..59]=0x31b8,0x589,0x3b7a
  best r61 W2[57..59]=0x30c5,0x2a8d,0x20a0
  best tail HW: 23
  best tail r61 HW: 19
  best W1[57..59]=0xf92,0x3e7d,0x2e05
  best W2[57..59]=0xe9f,0x200d,0x7f6

SUMMARY N=14 sample_start=68321280 prefixes=32768 total=536870912 d0=33013 best_tail=23 tail_r61=19 best_r61=14 tail_W1=0xf92,0x3e7d,0x2e05 tail_W2=0xe9f,0x200d,0x7f6 r61_W1=0x31b8,0x589,0x3b7a r61_W2=0x30c5,0x2a8d,0x20a0

Scan-only witness registry
  registry_count=16 registry_cap=16
  witness[00] tail=23 r61=19 gh60=0x46e7fea W1=0xf92,0x3e7d,0x2e05 W2=0xe9f,0x200d,0x7f6
  witness[01] tail=23 r61=22 gh60=0x4bb4cba W1=0x3936,0x3060,0x19fa W2=0x3843,0x2264,0x2feb
  witness[02] tail=23 r61=26 gh60=0xbee8d9a W1=0x1889,0x120a,0x21b7 W2=0x1796,0x3bc8,0x2c97
  witness[03] tail=24 r61=21 gh60=0x4ad8cfe W1=0x1617,0x3bd5,0x1c55 W2=0x1524,0x1e3c,0x32cd
  witness[04] tail=24 r61=21 gh60=0x790876a W1=0x3b4d,0x1a4d,0x269f W2=0x3a5a,0x15ab,0x3834
  witness[05] tail=24 r61=27 gh60=0x5f78b9a W1=0x19c9,0x13ca,0x3871 W2=0x18d6,0x1e34,0x266f
  witness[06] tail=25 r61=18 gh60=0x4a044e6 W1=0x241c,0xb83,0x2071 W2=0x2329,0xb49,0xb6e
  witness[07] tail=25 r61=19 gh60=0x7ae849a W1=0x1509,0xc5b,0x1061 W2=0x1416,0x2e8,0x21cb
  witness[08] tail=25 r61=24 gh60=0x476fca6 W1=0xe34,0x3aa8,0xf12 W2=0xd41,0x2dd3,0x77
  witness[09] tail=25 r61=24 gh60=0x3938b6a W1=0x15dd,0x2315,0x109b W2=0x14ea,0x1d08,0x3175
  witness[10] tail=25 r61=25 gh60=0xddbcdaa W1=0x167e,0x31d4,0x1986 W2=0x158b,0x29c,0x2db4
  witness[11] tail=26 r61=17 gh60=0xc6084e6 W1=0x3c0b,0x3957,0xd50 W2=0x3b18,0x393e,0x1906
  witness[12] tail=26 r61=18 gh60=0x592bf7e W1=0x2fd7,0x311f,0x2503 W2=0x2ee4,0x175e,0x53c
  witness[13] tail=26 r61=20 gh60=0x5979b6a W1=0x1dd,0x3b54,0xcbb W2=0xea,0x2b7b,0x1f18
  witness[14] tail=26 r61=20 gh60=0x58ac49e W1=0x328,0x1501,0x3ef4 W2=0x235,0x2531,0x2398
  witness[15] tail=26 r61=21 gh60=0xca68b9a W1=0x569,0xea5,0x19d1 W2=0x476,0xd7f,0x99b

Scan-only r61 registry
  registry_count=16 registry_cap=16
  r61_witness[00] r61=14 tail=28 gh60=0x58d7bbe W1=0x31b8,0x589,0x3b7a W2=0x30c5,0x2a8d,0x20a0
  r61_witness[01] r61=15 tail=31 gh60=0x453457a W1=0x1456,0x53e,0x2b0b W2=0x1363,0x37cb,0x17e3
  r61_witness[02] r61=16 tail=29 gh60=0xc63ccfa W1=0x391a,0x15ca,0xdb4 W2=0x3827,0x606,0x14f7
  r61_witness[03] r61=16 tail=31 gh60=0x4b3c566 W1=0xa4c,0x945,0x2c5b W2=0x959,0x1d79,0x1fea
  r61_witness[04] r61=16 tail=32 gh60=0xca647a6 W1=0x2b74,0x31b6,0x1d01 W2=0x2a81,0x1b1c,0x3bcf
  r61_witness[05] r61=16 tail=33 gh60=0x58a8fba W1=0x7b5,0x2036,0x218d W2=0x6c2,0xe49,0xba
  r61_witness[06] r61=16 tail=33 gh60=0xc60bcee W1=0xf0f,0x2612,0x1ff7 W2=0xe1c,0x356d,0x227
  r61_witness[07] r61=16 tail=34 gh60=0x4aa84a6 W1=0x31f3,0x13fe,0x1b75 W2=0x3100,0xfe9,0x4d3
  r61_witness[08] r61=16 tail=36 gh60=0x4488ca6 W1=0x162b,0xff1,0x4d7 W2=0x1538,0x2f8d,0x819
  r61_witness[09] r61=16 tail=39 gh60=0x4604ce6 W1=0x60c,0xf8,0x1078 W2=0x519,0x240b,0x136d
  r61_witness[10] r61=17 tail=26 gh60=0xc6084e6 W1=0x3c0b,0x3957,0xd50 W2=0x3b18,0x393e,0x1906
  r61_witness[11] r61=17 tail=28 gh60=0x5a5bc9a W1=0x1009,0x170,0xa7b W2=0xf16,0xec0,0x3369
  r61_witness[12] r61=17 tail=29 gh60=0x4e0fbea W1=0x319e,0xa9c,0x3605 W2=0x30ab,0x3360,0x3e17
  r61_witness[13] r61=17 tail=30 gh60=0x4a1879a W1=0x3385,0x9c2,0xac W2=0x3292,0xc53,0x1f2
  r61_witness[14] r61=17 tail=30 gh60=0x5b88cae W1=0x38ff,0x2913,0x1f1c W2=0x380c,0x13e2,0x3378
  r61_witness[15] r61=17 tail=31 gh60=0xc884c9a W1=0x172a,0x2441,0x1fa7 W2=0x1637,0x1908,0x10e3

D60=0 fiber histogram: 1:8102 2:4828 3:1808 4:1057 5:452 6:211 7:100 8:79 9:30 10:16 11:5 12:10 13:2 14:1 16:4 18:2
