free_word_mitm_reducedn
N=14 mask=0x3fff msb=0x2000
candidate: M0=0x3d36 mode=random-fallback fill=0x3fff kernel=dM0=dM9=0x2000
prefixes=32768/268435456 mode=permuted-prefix-sample w59_per_prefix=16384 total=536870912
run_mode=scan registry_cap=16
sample_start=2129920
scan_elapsed=22.186s rate=24.20 Mtriples/s

D60 interface
  D60=0 matches: 32726 (random expectation 32768.0, enrichment 0.999x)
  prefixes with D60=0: 16670
  max D60=0 fiber per prefix: 18 at W57=0xd55 W58=0x2099
  largest D60 bucket: D=0x2be2 count=33914
  min D60 HW: 0
  D60 HW histogram: 0:32726 1:457503 2:2976155 3:11927044 4:32815454 5:65654084 6:98475890 7:112501756 8:98392807 9:65546263 10:32746486 11:11888619 12:2967680 13:455850 14:32595

Tail closure among D60=0 matches
  final tail collisions: 0
  best r61 HW: 13
  best r61 W1[57..59]=0x3f0,0x369c,0x32ac
  best r61 W2[57..59]=0x2fd,0x13bd,0x19cf
  best tail HW: 20
  best tail r61 HW: 18
  best W1[57..59]=0x3f7c,0x3c5f,0x2227
  best W2[57..59]=0x3e89,0x20a2,0x3c00

SUMMARY N=14 sample_start=2129920 prefixes=32768 total=536870912 d0=32726 best_tail=20 tail_r61=18 best_r61=13 tail_W1=0x3f7c,0x3c5f,0x2227 tail_W2=0x3e89,0x20a2,0x3c00 r61_W1=0x3f0,0x369c,0x32ac r61_W2=0x2fd,0x13bd,0x19cf

Scan-only witness registry
  registry_count=16 registry_cap=16
  witness[00] tail=20 r61=18 gh60=0xc69dfa6 W1=0x3f7c,0x3c5f,0x2227 W2=0x3e89,0x20a2,0x3c00
  witness[01] tail=21 r61=20 gh60=0xb7fc5a6 W1=0xaac,0x3f2c,0x26d6 W2=0x9b9,0x1370,0xecd
  witness[02] tail=22 r61=17 gh60=0x4988ca6 W1=0x93b,0x1905,0x1890 W2=0x848,0x1211,0x294c
  witness[03] tail=22 r61=21 gh60=0xdb78cbe W1=0x2837,0x158e,0x2018 W2=0x2744,0x1f6d,0x1e84
  witness[04] tail=23 r61=13 gh60=0x4ab44ae W1=0x3f0,0x369c,0x32ac W2=0x2fd,0x13bd,0x19cf
  witness[05] tail=23 r61=16 gh60=0x57884aa W1=0x24f1,0x2c8a,0x3c90 W2=0x23fe,0x33ca,0x85a
  witness[06] tail=23 r61=22 gh60=0xc959b7e W1=0x1dd7,0x2254,0x2cd W2=0x1ce4,0x1e7b,0x488
  witness[07] tail=23 r61=24 gh60=0xf9884a6 W1=0x1ceb,0x3056,0x2518 W2=0x1bf8,0x3e31,0x3c04
  witness[08] tail=23 r61=26 gh60=0x4a787ea W1=0xba1,0x2583,0x7da W2=0xaae,0x2545,0x358f
  witness[09] tail=24 r61=14 gh60=0x4ca44aa W1=0x1432,0x38c6,0x1a7d W2=0x133f,0x104b,0x315e
  witness[10] tail=24 r61=17 gh60=0x4e2859e W1=0x2287,0x18e4,0x2be4 W2=0x2194,0x1dfd,0x1c87
  witness[11] tail=24 r61=24 gh60=0xbf39f66 W1=0x1fd3,0x1f8a,0x2762 W2=0x1ee0,0x95a,0x35ab
  witness[12] tail=24 r61=25 gh60=0x598fbba W1=0xd7a,0x375e,0x32c9 W2=0xc87,0x1f2e,0x217a
  witness[13] tail=25 r61=14 gh60=0xcb87ca6 W1=0x10fc,0x1cb6,0x70a W2=0x1009,0x3e41,0x3a2
  witness[14] tail=25 r61=16 gh60=0xce28de6 W1=0x1693,0x103d,0x1c71 W2=0x15a0,0x1a0b,0x19b1
  witness[15] tail=25 r61=24 gh60=0xb95ff7a W1=0xf56,0x16c1,0x1e60 W2=0xe63,0x2e1,0x3f6b

Scan-only r61 registry
  registry_count=16 registry_cap=16
  r61_witness[00] r61=13 tail=23 gh60=0x4ab44ae W1=0x3f0,0x369c,0x32ac W2=0x2fd,0x13bd,0x19cf
  r61_witness[01] r61=14 tail=24 gh60=0x4ca44aa W1=0x1432,0x38c6,0x1a7d W2=0x133f,0x104b,0x315e
  r61_witness[02] r61=14 tail=25 gh60=0xcb87ca6 W1=0x10fc,0x1cb6,0x70a W2=0x1009,0x3e41,0x3a2
  r61_witness[03] r61=15 tail=32 gh60=0x4608cea W1=0x190d,0x30d7,0x425 W2=0x181a,0x4ce,0xe51
  r61_witness[04] r61=16 tail=23 gh60=0x57884aa W1=0x24f1,0x2c8a,0x3c90 W2=0x23fe,0x33ca,0x85a
  r61_witness[05] r61=16 tail=25 gh60=0xce28de6 W1=0x1693,0x103d,0x1c71 W2=0x15a0,0x1a0b,0x19b1
  r61_witness[06] r61=16 tail=28 gh60=0x4a09cee W1=0x1f,0x2eb3,0x2635 W2=0x3f2c,0x190a,0x272e
  r61_witness[07] r61=16 tail=28 gh60=0xb7644aa W1=0x2242,0x244c,0x28c2 W2=0x214f,0x2961,0x142b
  r61_witness[08] r61=16 tail=28 gh60=0x5f98caa W1=0x383d,0x1b64,0x17c4 W2=0x374a,0x2d8f,0x1425
  r61_witness[09] r61=16 tail=29 gh60=0xd6844ba W1=0x19fa,0x8de,0x2e9d W2=0x1907,0x3bd1,0x25d7
  r61_witness[10] r61=16 tail=29 gh60=0xcd0c56a W1=0x325e,0x21d2,0x3754 W2=0x316b,0x2bf9,0x2c80
  r61_witness[11] r61=16 tail=31 gh60=0x36144ea W1=0x130e,0x1587,0x3cee W2=0x121b,0x2b12,0x8da
  r61_witness[12] r61=16 tail=31 gh60=0x450856a W1=0x2c61,0x262b,0x2218 W2=0x2b6e,0x2b25,0x2880
  r61_witness[13] r61=16 tail=31 gh60=0x5a945aa W1=0x3c7e,0x157b,0x3906 W2=0x3b8b,0x2404,0x11a
  r61_witness[14] r61=16 tail=32 gh60=0x56044fa W1=0xa1a,0xb97,0x149b W2=0x927,0x3084,0x37fe
  r61_witness[15] r61=16 tail=32 gh60=0x5a07ce6 W1=0xf1c,0x362b,0x312d W2=0xe29,0x3544,0x3a44

D60=0 fiber histogram: 1:8220 2:4719 3:1739 4:1145 5:402 6:211 7:88 8:63 9:33 10:22 11:10 12:7 13:2 14:4 15:1 16:2 17:1 18:1
