free_word_mitm_reducedn
N=14 mask=0x3fff msb=0x2000
candidate: M0=0x3d36 mode=random-fallback fill=0x3fff kernel=dM0=dM9=0x2000
prefixes=32768/268435456 mode=permuted-prefix-sample w59_per_prefix=16384 total=536870912
run_mode=scan registry_cap=16
sample_start=195067904
scan_elapsed=22.052s rate=24.35 Mtriples/s

D60 interface
  D60=0 matches: 32850 (random expectation 32768.0, enrichment 1.003x)
  prefixes with D60=0: 16590
  max D60=0 fiber per prefix: 36 at W57=0x3070 W58=0x17e7
  largest D60 bucket: D=0xea7 count=33803
  min D60 HW: 0
  D60 HW histogram: 0:32850 1:456401 2:2971176 3:11905709 4:32760609 5:65587609 6:98459531 7:112530287 8:98454221 9:65599478 10:32764314 11:11891907 12:2969002 13:455354 14:32464

Tail closure among D60=0 matches
  final tail collisions: 0
  best r61 HW: 13
  best r61 W1[57..59]=0x35db,0x1c0e,0x34c8
  best r61 W2[57..59]=0x34e8,0x2dd8,0x31d8
  best tail HW: 21
  best tail r61 HW: 22
  best W1[57..59]=0x3ab9,0x21a7,0x12bd
  best W2[57..59]=0x39c6,0xe41,0x28fd

SUMMARY N=14 sample_start=195067904 prefixes=32768 total=536870912 d0=32850 best_tail=21 tail_r61=22 best_r61=13 tail_W1=0x3ab9,0x21a7,0x12bd tail_W2=0x39c6,0xe41,0x28fd r61_W1=0x35db,0x1c0e,0x34c8 r61_W2=0x34e8,0x2dd8,0x31d8

Scan-only witness registry
  registry_count=16 registry_cap=16
  witness[00] tail=21 r61=22 gh60=0x4f585ba W1=0x3ab9,0x21a7,0x12bd W2=0x39c6,0xe41,0x28fd
  witness[01] tail=22 r61=16 gh60=0xc90cb6e W1=0x39d0,0x507,0x1de5 W2=0x38dd,0x723,0x343b
  witness[02] tail=22 r61=19 gh60=0x4487ca6 W1=0xe2c,0xec6,0x3e2b W2=0xd39,0x2161,0xee3
  witness[03] tail=23 r61=18 gh60=0xc48bcaa W1=0xe2d,0x90,0x307a W2=0xd3a,0x374b,0x112c
  witness[04] tail=23 r61=19 gh60=0xb57fd7e W1=0x30d8,0x3bc5,0x1855 W2=0x2fe5,0x2df5,0x1f1d
  witness[05] tail=23 r61=20 gh60=0xc8b449e W1=0x528,0x37e2,0x2ca W2=0x435,0x592,0x2583
  witness[06] tail=23 r61=20 gh60=0x56b87be W1=0x1377,0x351a,0x845 W2=0x1284,0x60,0x18eb
  witness[07] tail=23 r61=24 gh60=0xcf884aa W1=0x2ed,0x250f,0x31c3 W2=0x1fa,0x2b8b,0x2de4
  witness[08] tail=24 r61=22 gh60=0xc5b85ae W1=0x46f,0xddf,0x33c8 W2=0x37c,0x3327,0x19f0
  witness[09] tail=24 r61=25 gh60=0x3f6879a W1=0x3bc9,0x38a0,0x2b06 W2=0x3ad6,0xac3,0x8b3
  witness[10] tail=24 r61=25 gh60=0xdb9c4a6 W1=0x3bfc,0x34da,0x1440 W2=0x3b09,0x3a6,0x2dbb
  witness[11] tail=25 r61=17 gh60=0xc6885a6 W1=0x147b,0x369b,0x321e W2=0x1388,0x3d50,0x3783
  witness[12] tail=25 r61=21 gh60=0x3d0856a W1=0x24dd,0x1a83,0x20d0 W2=0x23ea,0x2621,0x2560
  witness[13] tail=25 r61=21 gh60=0x4938f6a W1=0x2751,0x1837,0x2daf W2=0x265e,0x1c56,0x1b30
  witness[14] tail=25 r61=21 gh60=0x4e5c5fa W1=0x2c96,0x17ba,0x1462 W2=0x2ba3,0x395b,0x3074
  witness[15] tail=25 r61=22 gh60=0xcaa859a W1=0x465,0x23d1,0x74f W2=0x372,0x1208,0x3cef

Scan-only r61 registry
  registry_count=16 registry_cap=16
  r61_witness[00] r61=13 tail=34 gh60=0x7918b66 W1=0x35db,0x1c0e,0x34c8 W2=0x34e8,0x2dd8,0x31d8
  r61_witness[01] r61=14 tail=27 gh60=0x36144ee W1=0x3d20,0x1c04,0x2d5d W2=0x3c2d,0x169b,0x309
  r61_witness[02] r61=15 tail=29 gh60=0x4d0856a W1=0x1add,0x898,0xf6 W2=0x19ea,0x1f1a,0x2f1d
  r61_witness[03] r61=15 tail=38 gh60=0x4a07be6 W1=0x118c,0x32b7,0x2bfe W2=0x1099,0x2280,0x9cf
  r61_witness[04] r61=15 tail=38 gh60=0xc92bf7e W1=0x2fd7,0x7cc,0xaf3 W2=0x2ee4,0x2e0b,0x363d
  r61_witness[05] r61=16 tail=22 gh60=0xc90cb6e W1=0x39d0,0x507,0x1de5 W2=0x38dd,0x723,0x343b
  r61_witness[06] r61=16 tail=26 gh60=0x4618de6 W1=0x69b,0x3db2,0x3e08 W2=0x5a8,0x13e0,0x2b61
  r61_witness[07] r61=16 tail=29 gh60=0xcad45fe W1=0x2c98,0x3763,0x2001 W2=0x2ba5,0x124,0x370d
  r61_witness[08] r61=16 tail=31 gh60=0x471c566 W1=0xcdc,0x3c27,0x1db7 W2=0xbe9,0x2b3f,0x19c1
  r61_witness[09] r61=16 tail=31 gh60=0xc985fa6 W1=0x3fbc,0x1f0,0x1426 W2=0x3ec9,0x29a7,0x14e8
  r61_witness[10] r61=16 tail=34 gh60=0x4a89daa W1=0x1e81,0x2f57,0x13b6 W2=0x1d8e,0x31ae,0x3b5d
  r61_witness[11] r61=16 tail=34 gh60=0x7885fba W1=0x3fba,0x1a71,0x1e6 W2=0x3ec7,0xa6d,0x347
  r61_witness[12] r61=16 tail=36 gh60=0xc88bca6 W1=0xf2b,0x1f2b,0x25ff W2=0xe38,0x31c5,0x2512
  r61_witness[13] r61=16 tail=36 gh60=0xb8a8c9a W1=0x3925,0x84f,0x1572 W2=0x3832,0x3955,0x1b60
  r61_witness[14] r61=16 tail=36 gh60=0x7985fa6 W1=0x3f6c,0x3180,0xd6 W2=0x3e79,0x15d7,0x2e73
  r61_witness[15] r61=17 tail=25 gh60=0xc6885a6 W1=0x147b,0x369b,0x321e W2=0x1388,0x3d50,0x3783

D60=0 fiber histogram: 1:8018 2:4793 3:1787 4:1117 5:423 6:215 7:85 8:80 9:24 10:28 11:5 12:7 13:2 15:1 16:3 17:1 36:1
