free_word_mitm_reducedn
N=14 mask=0x3fff msb=0x2000
candidate: M0=0x3d36 mode=random-fallback fill=0x3fff kernel=dM0=dM9=0x2000
prefixes=32768/268435456 mode=permuted-prefix-sample w59_per_prefix=16384 total=536870912
run_mode=scan registry_cap=16
sample_start=75694080
scan_elapsed=15.788s rate=34.01 Mtriples/s

D60 interface
  D60=0 matches: 32290 (random expectation 32768.0, enrichment 0.985x)
  prefixes with D60=0: 16438
  max D60=0 fiber per prefix: 18 at W57=0x3cf9 W58=0x2bd3
  largest D60 bucket: D=0xd71 count=33875
  min D60 HW: 0
  D60 HW histogram: 0:32290 1:454629 2:2976570 3:11914357 4:32815899 5:65692878 6:98529347 7:112502631 8:98369658 9:65518688 10:32724298 11:11883061 12:2968893 13:455591 14:32122

Tail closure among D60=0 matches
  final tail collisions: 0
  best r61 HW: 12
  best r61 W1[57..59]=0x2439,0x38b8,0x1d01
  best r61 W2[57..59]=0x2346,0x1f36,0x7e7
  best tail HW: 21
  best tail r61 HW: 20
  best W1[57..59]=0x212f,0x81d,0x158d
  best W2[57..59]=0x203c,0x1ffc,0x2df8

SUMMARY N=14 sample_start=75694080 prefixes=32768 total=536870912 d0=32290 best_tail=21 tail_r61=20 best_r61=12 tail_W1=0x212f,0x81d,0x158d tail_W2=0x203c,0x1ffc,0x2df8 r61_W1=0x2439,0x38b8,0x1d01 r61_W2=0x2346,0x1f36,0x7e7

Scan-only witness registry
  registry_count=16 registry_cap=16
  witness[00] tail=21 r61=20 gh60=0xc899cae W1=0x212f,0x81d,0x158d W2=0x203c,0x1ffc,0x2df8
  witness[01] tail=22 r61=22 gh60=0xfe29be6 W1=0x3d93,0x25e2,0x3bec W2=0x3ca0,0x2ebe,0xa5b
  witness[02] tail=23 r61=15 gh60=0xb4844ba W1=0x3a3a,0x12b6,0x1997 W2=0x3947,0x72d,0x131e
  witness[03] tail=23 r61=16 gh60=0xcd04d7a W1=0x185a,0x2e21,0x312a W2=0x1767,0x2de1,0x38b5
  witness[04] tail=23 r61=25 gh60=0x756849a W1=0x2229,0x2766,0x3ef6 W2=0x2136,0xb7d,0x24dd
  witness[05] tail=23 r61=30 gh60=0x5bf45ae W1=0x3c80,0x161,0x2176 W2=0x3b8d,0x380a,0x3a35
  witness[06] tail=24 r61=16 gh60=0x4a087e6 W1=0x1b9b,0x2609,0x2230 W2=0x1aa8,0x22c4,0x3d92
  witness[07] tail=24 r61=22 gh60=0x4a984ae W1=0x13ff,0xf3,0x1a6c W2=0x130c,0x3,0x2d1
  witness[08] tail=24 r61=23 gh60=0xdb28b9a W1=0x15c5,0x28a6,0x372d W2=0x14d2,0x280c,0x1b45
  witness[09] tail=24 r61=23 gh60=0x47a4ca6 W1=0x28f4,0xb20,0x212e W2=0x2801,0x164d,0x1d87
  witness[10] tail=24 r61=26 gh60=0x591c49a W1=0x334a,0x144c,0x3ea3 W2=0x3257,0xcd2,0x35f7
  witness[11] tail=24 r61=27 gh60=0xcbdcd7a W1=0x3656,0x2c66,0xbbc W2=0x3563,0x1a5a,0xeb3
  witness[12] tail=25 r61=12 gh60=0x44a84ba W1=0x2439,0x38b8,0x1d01 W2=0x2346,0x1f36,0x7e7
  witness[13] tail=25 r61=15 gh60=0xcd1856a W1=0xacd,0x1b06,0xdf1 W2=0x9da,0x2b90,0x2e2e
  witness[14] tail=25 r61=19 gh60=0x5914f6e W1=0x7e0,0x3ab6,0x2071 W2=0x6ed,0x29e2,0x12ae
  witness[15] tail=25 r61=19 gh60=0x7a0c4e6 W1=0xd1c,0x3a1f,0x1aff W2=0xc29,0x29f7,0x8c6

Scan-only r61 registry
  registry_count=16 registry_cap=16
  r61_witness[00] r61=12 tail=25 gh60=0x44a84ba W1=0x2439,0x38b8,0x1d01 W2=0x2346,0x1f36,0x7e7
  r61_witness[01] r61=13 tail=31 gh60=0x4a09cee W1=0x3f1f,0x30ea,0xdf0 W2=0x3e2c,0xd31,0x2514
  r61_witness[02] r61=14 tail=29 gh60=0x4609cea W1=0x1f11,0x595,0x1cb1 W2=0x1e1e,0x9cc,0x2c1c
  r61_witness[03] r61=14 tail=29 gh60=0xca8fda6 W1=0x306c,0x1311,0x39e0 W2=0x2f79,0x3ac0,0x1a8d
  r61_witness[04] r61=15 tail=23 gh60=0xb4844ba W1=0x3a3a,0x12b6,0x1997 W2=0x3947,0x72d,0x131e
  r61_witness[05] r61=15 tail=25 gh60=0xcd1856a W1=0xacd,0x1b06,0xdf1 W2=0x9da,0x2b90,0x2e2e
  r61_witness[06] r61=15 tail=29 gh60=0x45a45aa W1=0x3c72,0x102b,0x4f7 W2=0x3b7f,0x2fc8,0x8e4
  r61_witness[07] r61=15 tail=30 gh60=0xc909b6a W1=0x21cd,0x954,0x1bd3 W2=0x20da,0x3093,0xd65
  r61_witness[08] r61=15 tail=31 gh60=0x4a08dea W1=0x36a1,0x3e4,0x2ac1 W2=0x35ae,0x16b3,0x3d24
  r61_witness[09] r61=15 tail=35 gh60=0x4a07ce6 W1=0x101c,0x497,0x1088 W2=0xf29,0x3220,0xfe7
  r61_witness[10] r61=16 tail=23 gh60=0xcd04d7a W1=0x185a,0x2e21,0x312a W2=0x1767,0x2de1,0x38b5
  r61_witness[11] r61=16 tail=24 gh60=0x4a087e6 W1=0x1b9b,0x2609,0x2230 W2=0x1aa8,0x22c4,0x3d92
  r61_witness[12] r61=16 tail=26 gh60=0x493cb9a W1=0x5c6,0x3b6b,0x2f83 W2=0x4d3,0x3bc2,0x3fb0
  r61_witness[13] r61=16 tail=26 gh60=0x450457a W1=0x245a,0xc40,0x2f62 W2=0x2367,0x3ac1,0x30d3
  r61_witness[14] r61=16 tail=26 gh60=0x491bb6a W1=0x314d,0x254c,0x33e8 W2=0x305a,0x287,0x2810
  r61_witness[15] r61=16 tail=28 gh60=0xda245aa W1=0x2a82,0x3da7,0x22da W2=0x298f,0x9d4,0x2308

D60=0 fiber histogram: 1:8090 2:4720 3:1707 4:1049 5:397 6:232 7:77 8:89 9:31 10:21 11:6 12:8 13:1 14:4 15:3 16:2 18:1
