free_word_mitm_reducedn
N=14 mask=0x3fff msb=0x2000
candidate: M0=0x3d36 mode=random-fallback fill=0x3fff kernel=dM0=dM9=0x2000
prefixes=32768/268435456 mode=permuted-prefix-sample w59_per_prefix=16384 total=536870912
run_mode=scan registry_cap=16
sample_start=92471296
scan_elapsed=15.609s rate=34.40 Mtriples/s

D60 interface
  D60=0 matches: 33063 (random expectation 32768.0, enrichment 1.009x)
  prefixes with D60=0: 16638
  max D60=0 fiber per prefix: 18 at W57=0x1ec W58=0x768
  largest D60 bucket: D=0x29b1 count=33737
  min D60 HW: 0
  D60 HW histogram: 0:33063 1:459156 2:2976078 3:11915890 4:32792232 5:65612819 6:98417312 7:112490124 8:98418919 9:65609516 10:32770145 11:11911988 12:2973093 13:457753 14:32824

Tail closure among D60=0 matches
  final tail collisions: 0
  best r61 HW: 14
  best r61 W1[57..59]=0x208c,0x29ca,0x2128
  best r61 W2[57..59]=0x1f99,0x1c87,0x1482
  best tail HW: 21
  best tail r61 HW: 15
  best W1[57..59]=0x2a2c,0x1e51,0xe48
  best W2[57..59]=0x2939,0x38ad,0x22c6

SUMMARY N=14 sample_start=92471296 prefixes=32768 total=536870912 d0=33063 best_tail=21 tail_r61=15 best_r61=14 tail_W1=0x2a2c,0x1e51,0xe48 tail_W2=0x2939,0x38ad,0x22c6 r61_W1=0x208c,0x29ca,0x2128 r61_W2=0x1f99,0x1c87,0x1482

Scan-only witness registry
  registry_count=16 registry_cap=16
  witness[00] tail=21 r61=15 gh60=0x3b88caa W1=0x5f1,0x52b,0x72e W2=0x4fe,0xe2a,0x1789
  witness[01] tail=21 r61=15 gh60=0x4d844a6 W1=0x2a2c,0x1e51,0xe48 W2=0x2939,0x38ad,0x22c6
  witness[02] tail=22 r61=20 gh60=0x48adfba W1=0x1fb6,0x2f7c,0x1fc4 W2=0x1ec3,0x2f84,0x108a
  witness[03] tail=23 r61=19 gh60=0xd51c5a6 W1=0x2c4,0x254a,0xfd1 W2=0x1d1,0x18ae,0x1e0f
  witness[04] tail=23 r61=20 gh60=0xba284a6 W1=0xa03,0x25a,0x2e1d W2=0x910,0x3057,0x3002
  witness[05] tail=23 r61=21 gh60=0xb8a8fba W1=0x17b9,0x374d,0x158f W2=0x16c6,0x568,0x1d7e
  witness[06] tail=24 r61=15 gh60=0x3a847a6 W1=0x236c,0xaae,0xc35 W2=0x2279,0x3604,0x1c64
  witness[07] tail=24 r61=19 gh60=0x4f68b7a W1=0x39d9,0x1788,0x420 W2=0x38e6,0x2583,0x34b9
  witness[08] tail=24 r61=21 gh60=0xc978b7a W1=0x559,0x2eb0,0x387d W2=0x466,0x2cf3,0x2450
  witness[09] tail=24 r61=28 gh60=0xde984a6 W1=0x14fb,0x13e5,0x12c1 W2=0x1408,0x22b2,0xbde
  witness[10] tail=25 r61=15 gh60=0xd8a849a W1=0x1d25,0x2d3e,0xc00 W2=0x1c32,0x234b,0x2d90
  witness[11] tail=25 r61=18 gh60=0xcd84ca6 W1=0x15fc,0x3f3,0x133f W2=0x1509,0x3500,0x232d
  witness[12] tail=25 r61=18 gh60=0xcae849a W1=0x1c49,0xc1f,0x22fc W2=0x1b56,0x26a,0x24e8
  witness[13] tail=25 r61=21 gh60=0x4a187ea W1=0x2b9d,0x8d,0x3c7 W2=0x2aaa,0x324b,0x71
  witness[14] tail=25 r61=21 gh60=0xc98c49a W1=0x2cea,0x3dce,0x1747 W2=0x2bf7,0x2494,0x304c
  witness[15] tail=25 r61=24 gh60=0xba38cfa W1=0x1715,0xb5a,0x3838 W2=0x1622,0x1cd,0xdb8

Scan-only r61 registry
  registry_count=16 registry_cap=16
  r61_witness[00] r61=14 tail=30 gh60=0xca0dde6 W1=0x208c,0x29ca,0x2128 W2=0x1f99,0x1c87,0x1482
  r61_witness[01] r61=14 tail=31 gh60=0x48d449a W1=0x1b26,0x16bf,0x3833 W2=0x1a33,0xe51,0x1ed1
  r61_witness[02] r61=15 tail=21 gh60=0x3b88caa W1=0x5f1,0x52b,0x72e W2=0x4fe,0xe2a,0x1789
  r61_witness[03] r61=15 tail=21 gh60=0x4d844a6 W1=0x2a2c,0x1e51,0xe48 W2=0x2939,0x38ad,0x22c6
  r61_witness[04] r61=15 tail=24 gh60=0x3a847a6 W1=0x236c,0xaae,0xc35 W2=0x2279,0x3604,0x1c64
  r61_witness[05] r61=15 tail=25 gh60=0xd8a849a W1=0x1d25,0x2d3e,0xc00 W2=0x1c32,0x234b,0x2d90
  r61_witness[06] r61=15 tail=34 gh60=0xc509d6e W1=0x1e4f,0x3363,0x829 W2=0x1d5c,0x170e,0x3134
  r61_witness[07] r61=15 tail=35 gh60=0x4888caa W1=0x931,0xb49,0x1c87 W2=0x83e,0xd88,0x695
  r61_witness[08] r61=16 tail=27 gh60=0x4e885aa W1=0x3a7d,0x3f90,0x1643 W2=0x398a,0x1ca4,0x23a4
  r61_witness[09] r61=16 tail=30 gh60=0x4a08de6 W1=0x188b,0x2688,0x1c03 W2=0x1798,0x2a46,0x355e
  r61_witness[10] r61=16 tail=31 gh60=0x3908766 W1=0x3cb,0x14,0x815 W2=0x2d8,0x28cd,0x3c7e
  r61_witness[11] r61=16 tail=31 gh60=0x4668ce6 W1=0x2713,0xab6,0x2318 W2=0x2620,0x558,0x3e03
  r61_witness[12] r61=16 tail=33 gh60=0x5f24b66 W1=0x1554,0x1c99,0x1e30 W2=0x1461,0x3280,0x1428
  r61_witness[13] r61=16 tail=35 gh60=0x452bd7a W1=0x2ed9,0x3f83,0x3791 W2=0x2de6,0xfd2,0x3af2
  r61_witness[14] r61=16 tail=36 gh60=0x36084ee W1=0x50f,0x511,0x6a5 W2=0x41c,0x2227,0x1035
  r61_witness[15] r61=16 tail=36 gh60=0xc48bdae W1=0xebf,0x68c,0x3e3f W2=0xdcc,0x1d37,0x7d9

D60=0 fiber histogram: 1:8081 2:4677 3:1843 4:1123 5:476 6:205 7:82 8:72 9:28 10:19 11:11 12:10 13:3 14:1 15:4 16:1 17:1 18:1
