free_word_mitm_reducedn
N=14 mask=0x3fff msb=0x2000
candidate: M0=0x3d36 mode=random-fallback fill=0x3fff kernel=dM0=dM9=0x2000
prefixes=32768/268435456 mode=permuted-prefix-sample w59_per_prefix=16384 total=536870912
run_mode=scan registry_cap=16
sample_start=209911808
scan_elapsed=15.429s rate=34.80 Mtriples/s

D60 interface
  D60=0 matches: 32455 (random expectation 32768.0, enrichment 0.990x)
  prefixes with D60=0: 16608
  max D60=0 fiber per prefix: 18 at W57=0x3169 W58=0x1fe2
  largest D60 bucket: D=0xac7 count=33776
  min D60 HW: 0
  D60 HW histogram: 0:32455 1:456324 2:2970123 3:11898664 4:32777079 5:65640799 6:98487253 7:112550444 8:98410169 9:65539179 10:32750466 11:11895001 12:2973945 13:456734 14:32277

Tail closure among D60=0 matches
  final tail collisions: 0
  best r61 HW: 13
  best r61 W1[57..59]=0x737,0x39bc,0x389e
  best r61 W2[57..59]=0x644,0x359b,0x3357
  best tail HW: 22
  best tail r61 HW: 24
  best W1[57..59]=0x18bc,0x16ef,0x12cd
  best W2[57..59]=0x17c9,0x1924,0x1cb4

SUMMARY N=14 sample_start=209911808 prefixes=32768 total=536870912 d0=32455 best_tail=22 tail_r61=24 best_r61=13 tail_W1=0x18bc,0x16ef,0x12cd tail_W2=0x17c9,0x1924,0x1cb4 r61_W1=0x737,0x39bc,0x389e r61_W2=0x644,0x359b,0x3357

Scan-only witness registry
  registry_count=16 registry_cap=16
  witness[00] tail=22 r61=18 gh60=0xf967b6a W1=0x3152,0x3a53,0x31e8 W2=0x305f,0x1757,0x52b
  witness[01] tail=22 r61=24 gh60=0xbd84da6 W1=0x18bc,0x16ef,0x12cd W2=0x17c9,0x1924,0x1cb4
  witness[02] tail=23 r61=26 gh60=0x3ab879a W1=0x3b65,0x327b,0x9c3 W2=0x3a72,0x34d4,0x7c3
  witness[03] tail=24 r61=17 gh60=0x5a087ea W1=0xb9d,0xe83,0x5fa W2=0xaaa,0x3e41,0x2ac6
  witness[04] tail=24 r61=21 gh60=0xfe19dee W1=0x8f,0x933,0x1463 W2=0x3f9c,0x2b72,0x3a4f
  witness[05] tail=24 r61=21 gh60=0xce747ea W1=0xb8e,0x2f6e,0xb32 W2=0xa9b,0x323d,0xa84
  witness[06] tail=24 r61=22 gh60=0x54885ae W1=0x1aaf,0x17f6,0x1ae2 W2=0x19bc,0xbae,0x34c7
  witness[07] tail=24 r61=23 gh60=0xfa747ea W1=0x1b9e,0x1f52,0x3a8b W2=0x1aab,0x3011,0x1094
  witness[08] tail=24 r61=25 gh60=0xcb97cae W1=0x2f40,0x958,0x28c3 W2=0x2e4d,0x1e2c,0x30bd
  witness[09] tail=25 r61=16 gh60=0x5a1bbe6 W1=0x119b,0x3809,0x1eee W2=0x10a8,0x26c1,0x3aab
  witness[10] tail=25 r61=16 gh60=0x469bba6 W1=0x317b,0x1455,0x257f W2=0x3088,0x907,0x295c
  witness[11] tail=25 r61=18 gh60=0xf8884aa W1=0x2331,0xc24,0x3968 W2=0x223e,0x1464,0x2653
  witness[12] tail=25 r61=19 gh60=0x4e1db9a W1=0x18a,0x1270,0x3387 W2=0x97,0x3c49,0x3391
  witness[13] tail=25 r61=19 gh60=0x5b88cae W1=0x8ef,0x380f,0x360b W2=0x7fc,0x12ee,0x3873
  witness[14] tail=25 r61=20 gh60=0xce05ffa W1=0x1f9a,0x20e6,0x3abe W2=0x1ea7,0xf6a,0x1d2d
  witness[15] tail=25 r61=20 gh60=0x38e879e W1=0x33a7,0x428,0x2cd0 W2=0x32b4,0xe13,0x108c

Scan-only r61 registry
  registry_count=16 registry_cap=16
  r61_witness[00] r61=13 tail=34 gh60=0x58a8cbe W1=0x737,0x39bc,0x389e W2=0x644,0x359b,0x3357
  r61_witness[01] r61=15 tail=31 gh60=0xba28c9e W1=0x907,0x1353,0x1a1c W2=0x814,0xf05,0x3c9e
  r61_witness[02] r61=16 tail=25 gh60=0x5a1bbe6 W1=0x119b,0x3809,0x1eee W2=0x10a8,0x26c1,0x3aab
  r61_witness[03] r61=16 tail=25 gh60=0x469bba6 W1=0x317b,0x1455,0x257f W2=0x3088,0x907,0x295c
  r61_witness[04] r61=16 tail=26 gh60=0x4e885aa W1=0x247d,0x1f71,0x38f5 W2=0x238a,0x2f85,0x32e
  r61_witness[05] r61=16 tail=27 gh60=0x469bba6 W1=0x317b,0x1455,0x167 W2=0x3088,0x907,0x544
  r61_witness[06] r61=16 tail=28 gh60=0xc608cea W1=0x721,0x9e2,0xeb W2=0x62e,0xb8d,0x10ca
  r61_witness[07] r61=16 tail=30 gh60=0x4f19ca6 W1=0x1f43,0x37db,0x3a7f W2=0x1e50,0x3219,0xfbe
  r61_witness[08] r61=16 tail=31 gh60=0x4918ca6 W1=0x1743,0x2663,0x1da W2=0x1650,0x329f,0xc44
  r61_witness[09] r61=16 tail=33 gh60=0x3a24ca6 W1=0x3604,0x1862,0x25e9 W2=0x3511,0x291f,0x12c8
  r61_witness[10] r61=16 tail=34 gh60=0x4a87c9a W1=0xfea,0xe66,0x2bbc W2=0xef7,0x1f6b,0x1d32
  r61_witness[11] r61=16 tail=35 gh60=0x5e185ea W1=0x24a1,0x46c,0x2359 W2=0x23ae,0x7e,0x251d
  r61_witness[12] r61=16 tail=37 gh60=0xc899cae W1=0x212f,0x281d,0x399a W2=0x203c,0x3ffc,0x3205
  r61_witness[13] r61=17 tail=24 gh60=0x5a087ea W1=0xb9d,0xe83,0x5fa W2=0xaaa,0x3e41,0x2ac6
  r61_witness[14] r61=17 tail=28 gh60=0xc777baa W1=0x31ae,0x1c50,0x2aa5 W2=0x30bb,0x198,0x197d
  r61_witness[15] r61=17 tail=31 gh60=0x56085e6 W1=0x228b,0x473,0x342 W2=0x2198,0x152c,0x33f5

D60=0 fiber histogram: 1:8089 2:4802 3:1836 4:1066 5:380 6:233 7:80 8:65 9:27 10:12 11:2 12:3 13:2 14:6 15:1 16:3 18:1
