free_word_mitm_reducedn
N=14 mask=0x3fff msb=0x2000
candidate: M0=0x3d36 mode=random-fallback fill=0x3fff kernel=dM0=dM9=0x2000
prefixes=32768/268435456 mode=permuted-prefix-sample w59_per_prefix=16384 total=536870912
run_mode=scan registry_cap=16
sample_start=84082688
scan_elapsed=15.825s rate=33.92 Mtriples/s

D60 interface
  D60=0 matches: 32911 (random expectation 32768.0, enrichment 1.004x)
  prefixes with D60=0: 16521
  max D60=0 fiber per prefix: 24 at W57=0x3aef W58=0x237c
  largest D60 bucket: D=0xf4d count=33807
  min D60 HW: 0
  D60 HW histogram: 0:32911 1:456264 2:2970788 3:11907665 4:32763820 5:65571914 6:98423966 7:112525985 8:98462492 9:65618647 10:32777008 11:11898870 12:2971561 13:456079 14:32942

Tail closure among D60=0 matches
  final tail collisions: 0
  best r61 HW: 15
  best r61 W1[57..59]=0x1c89,0x259b,0x12cf
  best r61 W2[57..59]=0x1b96,0x149a,0x37bd
  best tail HW: 21
  best tail r61 HW: 17
  best W1[57..59]=0x2285,0x2b8d,0x2aae
  best W2[57..59]=0x2192,0x1882,0x1476

SUMMARY N=14 sample_start=84082688 prefixes=32768 total=536870912 d0=32911 best_tail=21 tail_r61=17 best_r61=15 tail_W1=0x2285,0x2b8d,0x2aae tail_W2=0x2192,0x1882,0x1476 r61_W1=0x1c89,0x259b,0x12cf r61_W2=0x1b96,0x149a,0x37bd

Scan-only witness registry
  registry_count=16 registry_cap=16
  witness[00] tail=21 r61=17 gh60=0xd6384ee W1=0xa1f,0x32f0,0x3b9 W2=0x92c,0x1d0a,0xc5b
  witness[01] tail=21 r61=17 gh60=0xda7859a W1=0x2285,0x2b8d,0x2aae W2=0x2192,0x1882,0x1476
  witness[02] tail=22 r61=20 gh60=0xde65d66 W1=0x20e4,0x16b4,0x687 W2=0x1ff1,0x2d85,0x38db
  witness[03] tail=23 r61=21 gh60=0xce18de6 W1=0x168b,0x3c15,0x316b W2=0x1598,0x2653,0x2c67
  witness[04] tail=23 r61=24 gh60=0xcb24ca6 W1=0x3744,0x2422,0x750 W2=0x3651,0x205f,0x1254
  witness[05] tail=23 r61=28 gh60=0xcbfc49e W1=0x328,0x1beb,0x1d57 W2=0x235,0x2c1b,0x1901
  witness[06] tail=24 r61=17 gh60=0x57f856e W1=0x125f,0x3f9,0x3186 W2=0x116c,0x3017,0x859
  witness[07] tail=24 r61=20 gh60=0xc4bcdbe W1=0x36b8,0x1373,0x10c3 W2=0x35c5,0x2b3f,0x2dd
  witness[08] tail=24 r61=22 gh60=0xd9a9c9e W1=0x1f27,0x2745,0x20df W2=0x1e34,0x1fb9,0x25b5
  witness[09] tail=24 r61=24 gh60=0xced5b7e W1=0x158,0xa2a,0x722 W2=0x65,0x252,0x3792
  witness[10] tail=25 r61=19 gh60=0x5e144ea W1=0x31e,0x31dd,0x34e1 W2=0x22b,0x3d58,0x31cc
  witness[11] tail=25 r61=19 gh60=0x7a18ba6 W1=0x1583,0x2b96,0x33cc W2=0x1490,0x3fa,0x249a
  witness[12] tail=25 r61=19 gh60=0x3a184a6 W1=0x3d03,0x3bf6,0x1173 W2=0x3c10,0x2af3,0x3f49
  witness[13] tail=25 r61=22 gh60=0x7b2877a W1=0xb59,0x11ca,0x158a W2=0xa66,0x10ae,0x2b3e
  witness[14] tail=25 r61=22 gh60=0xb9e8f9e W1=0x17c7,0x3a98,0x18d W2=0x16d4,0x42,0x2d2d
  witness[15] tail=25 r61=25 gh60=0x4af477e W1=0x3d8,0xdaa,0x2a98 W2=0x2e5,0x267,0x3327

Scan-only r61 registry
  registry_count=16 registry_cap=16
  r61_witness[00] r61=15 tail=37 gh60=0x4e085ea W1=0x3a8d,0x2284,0x5d2 W2=0x399a,0xa2,0x26bf
  r61_witness[01] r61=15 tail=39 gh60=0x465859a W1=0x1c89,0x259b,0x12cf W2=0x1b96,0x149a,0x37bd
  r61_witness[02] r61=16 tail=28 gh60=0xda27bea W1=0x2d92,0x3f13,0x3b6e W2=0x2c9f,0x1beb,0x3a60
  r61_witness[03] r61=16 tail=30 gh60=0xcb0cb6e W1=0x9d0,0x1835,0x3dc1 W2=0x8dd,0x655,0x31d3
  r61_witness[04] r61=16 tail=30 gh60=0x56044fa W1=0xb1a,0x403,0x15f6 W2=0xa27,0x2d40,0x3e9d
  r61_witness[05] r61=16 tail=31 gh60=0x5a047e6 W1=0x2b8c,0x13e4,0x13eb W2=0x2a99,0xb0,0x2a64
  r61_witness[06] r61=16 tail=31 gh60=0x590876a W1=0x2bcd,0x53f,0x23a8 W2=0x2ada,0x35a1,0x1e6
  r61_witness[07] r61=16 tail=31 gh60=0x4a08cea W1=0x380d,0x1f04,0xd60 W2=0x371a,0x32cb,0x2401
  r61_witness[08] r61=16 tail=32 gh60=0xb508d6a W1=0x38d1,0x24df,0x18e1 W2=0x37de,0x304a,0x2668
  r61_witness[09] r61=16 tail=33 gh60=0xc88dcaa W1=0x213e,0x151d,0x1613 W2=0x204b,0x1911,0x1224
  r61_witness[10] r61=16 tail=35 gh60=0xb508d6a W1=0x84d,0x3d9b,0x2cfe W2=0x75a,0x5ee,0x3ed1
  r61_witness[11] r61=16 tail=35 gh60=0x460cdee W1=0x1690,0x2d31,0x32d4 W2=0x159d,0x22f5,0x3500
  r61_witness[12] r61=17 tail=21 gh60=0xd6384ee W1=0xa1f,0x32f0,0x3b9 W2=0x92c,0x1d0a,0xc5b
  r61_witness[13] r61=17 tail=21 gh60=0xda7859a W1=0x2285,0x2b8d,0x2aae W2=0x2192,0x1882,0x1476
  r61_witness[14] r61=17 tail=24 gh60=0x57f856e W1=0x125f,0x3f9,0x3186 W2=0x116c,0x3017,0x859
  r61_witness[15] r61=17 tail=27 gh60=0x4a1c4ee W1=0x210,0x64e,0x3b52 W2=0x11d,0x24e5,0x1cc4

D60=0 fiber histogram: 1:7971 2:4744 3:1819 4:1124 5:397 6:208 7:85 8:78 9:33 10:24 11:13 12:6 13:3 14:5 15:2 16:6 18:2 24:1
