free_word_mitm_reducedn
N=14 mask=0x3fff msb=0x2000
candidate: M0=0x3d36 mode=random-fallback fill=0x3fff kernel=dM0=dM9=0x2000
prefixes=32768/268435456 mode=permuted-prefix-sample w59_per_prefix=16384 total=536870912
run_mode=scan registry_cap=16
sample_start=184745984
scan_elapsed=15.558s rate=34.51 Mtriples/s

D60 interface
  D60=0 matches: 32521 (random expectation 32768.0, enrichment 0.992x)
  prefixes with D60=0: 16480
  max D60=0 fiber per prefix: 16 at W57=0x2773 W58=0x3a05
  largest D60 bucket: D=0x28b1 count=33835
  min D60 HW: 0
  D60 HW histogram: 0:32521 1:457048 2:2982918 3:11930191 4:32793556 5:65606243 6:98423614 7:112519339 8:98427529 9:65572580 10:32751323 11:11903920 12:2980071 13:457488 14:32571

Tail closure among D60=0 matches
  final tail collisions: 0
  best r61 HW: 15
  best r61 W1[57..59]=0xa8a,0x2c02,0x2383
  best r61 W2[57..59]=0x997,0x185a,0x261a
  best tail HW: 18
  best tail r61 HW: 19
  best W1[57..59]=0xfc6,0x2b6b,0x13fd
  best W2[57..59]=0xed3,0x1bc4,0x2167

SUMMARY N=14 sample_start=184745984 prefixes=32768 total=536870912 d0=32521 best_tail=18 tail_r61=19 best_r61=15 tail_W1=0xfc6,0x2b6b,0x13fd tail_W2=0xed3,0x1bc4,0x2167 r61_W1=0xa8a,0x2c02,0x2383 r61_W2=0x997,0x185a,0x261a

Scan-only witness registry
  registry_count=16 registry_cap=16
  witness[00] tail=18 r61=19 gh60=0xc737f9a W1=0xfc6,0x2b6b,0x13fd W2=0xed3,0x1bc4,0x2167
  witness[01] tail=22 r61=19 gh60=0x4b1c56e W1=0x2d0,0xec,0x3304 W2=0x1dd,0x1f3b,0x133c
  witness[02] tail=22 r61=20 gh60=0xce3ddea W1=0x8e,0x157e,0x387b W2=0x3f9b,0xfde,0x18b4
  witness[03] tail=23 r61=23 gh60=0xf6084ea W1=0xd1d,0x11d4,0x1f8d W2=0xc2a,0x153a,0x2a9f
  witness[04] tail=23 r61=25 gh60=0xc9644ea W1=0x1322,0x13f5,0x4d9 W2=0x122f,0x2850,0x5b7
  witness[05] tail=23 r61=25 gh60=0xca5cdfa W1=0x2696,0x2ef2,0x2b25 W2=0x25a3,0x1152,0xd7b
  witness[06] tail=24 r61=16 gh60=0x56747be W1=0x378,0x245b,0x1eeb W2=0x285,0x1db6,0xf7d
  witness[07] tail=24 r61=21 gh60=0x5d884aa W1=0x13fd,0x3f5f,0x3089 W2=0x130a,0x168b,0x198a
  witness[08] tail=24 r61=23 gh60=0xd6b85be W1=0x3277,0x1547,0x3724 W2=0x3184,0x290d,0x27c3
  witness[09] tail=25 r61=16 gh60=0x4588caa W1=0x262d,0x155f,0x22ef W2=0x253a,0x1d9a,0x1cb
  witness[10] tail=25 r61=17 gh60=0x5e0fcea W1=0x310e,0x359a,0x1b51 W2=0x301b,0x2d1e,0xdf3
  witness[11] tail=25 r61=18 gh60=0x4a2849a W1=0x2305,0x269a,0x106c W2=0x2212,0xf5f,0x2b27
  witness[12] tail=25 r61=20 gh60=0xd904f7a W1=0x175a,0x11dd,0x33f0 W2=0x1667,0x15ed,0x6b
  witness[13] tail=25 r61=21 gh60=0x4b04566 W1=0x22dc,0x8ad,0x902 W2=0x21e9,0x1deb,0x1cd1
  witness[14] tail=25 r61=22 gh60=0xf8d4b9e W1=0x9a8,0x27fd,0x1c52 W2=0x8b5,0x1b1c,0x693
  witness[15] tail=25 r61=25 gh60=0x5de859a W1=0x1ac9,0x14e3,0x29fd W2=0x19d6,0xce,0x76f

Scan-only r61 registry
  registry_count=16 registry_cap=16
  r61_witness[00] r61=15 tail=32 gh60=0x4a0459a W1=0xa8a,0x2c02,0x2383 W2=0x997,0x185a,0x261a
  r61_witness[01] r61=15 tail=32 gh60=0x5a8bca6 W1=0xdfb,0x129c,0xff8 W2=0xd08,0x15a6,0x6a
  r61_witness[02] r61=15 tail=32 gh60=0x4918b66 W1=0x295b,0x231f,0x2365 W2=0x2868,0x24e5,0xf93
  r61_witness[03] r61=15 tail=36 gh60=0xc9adb66 W1=0x1d64,0x905,0x24d9 W2=0x1c71,0xc7e,0x154d
  r61_witness[04] r61=16 tail=24 gh60=0x56747be W1=0x378,0x245b,0x1eeb W2=0x285,0x1db6,0xf7d
  r61_witness[05] r61=16 tail=25 gh60=0x4588caa W1=0x262d,0x155f,0x22ef W2=0x253a,0x1d9a,0x1cb
  r61_witness[06] r61=16 tail=26 gh60=0xca84ca6 W1=0x37fc,0x145b,0x3884 W2=0x3709,0x1ee8,0x1b88
  r61_witness[07] r61=16 tail=27 gh60=0x49647aa W1=0x13c2,0x30ea,0x2569 W2=0x12cf,0x3347,0x2f7b
  r61_witness[08] r61=16 tail=27 gh60=0x5a34cee W1=0x3720,0x3b12,0xb6b W2=0x362d,0x35ea,0x4b5
  r61_witness[09] r61=16 tail=30 gh60=0x4f0856a W1=0x24d1,0x3133,0x1fee W2=0x23de,0x2be9,0x2ebb
  r61_witness[10] r61=16 tail=34 gh60=0x4908b6e W1=0x29cf,0x188a,0x10 W2=0x28dc,0x12b1,0x3c6b
  r61_witness[11] r61=16 tail=35 gh60=0x4904b7a W1=0x95a,0x334b,0xfc8 W2=0x867,0x1843,0x1e47
  r61_witness[12] r61=16 tail=37 gh60=0x4b08d66 W1=0x6db,0x2195,0x73b W2=0x5e8,0x374b,0x9a3
  r61_witness[13] r61=16 tail=38 gh60=0xc889ba6 W1=0x1dab,0x1d46,0x13ee W2=0x1cb8,0x2398,0x1af0
  r61_witness[14] r61=17 tail=25 gh60=0x5e0fcea W1=0x310e,0x359a,0x1b51 W2=0x301b,0x2d1e,0xdf3
  r61_witness[15] r61=17 tail=26 gh60=0xccd849a W1=0x1229,0x2676,0x1ebd W2=0x1136,0x1a89,0x2de1

D60=0 fiber histogram: 1:8037 2:4740 3:1751 4:1085 5:401 6:209 7:92 8:84 9:33 10:21 11:9 12:10 13:6 16:2
