free_word_mitm_reducedn
N=14 mask=0x3fff msb=0x2000
candidate: M0=0x3d36 mode=random-fallback fill=0x3fff kernel=dM0=dM9=0x2000
prefixes=32768/268435456 mode=permuted-prefix-sample w59_per_prefix=16384 total=536870912
run_mode=scan registry_cap=16
sample_start=195919872
scan_elapsed=17.343s rate=30.96 Mtriples/s

D60 interface
  D60=0 matches: 32887 (random expectation 32768.0, enrichment 1.004x)
  prefixes with D60=0: 16673
  max D60=0 fiber per prefix: 20 at W57=0x235d W58=0xd76
  largest D60 bucket: D=0x3161 count=33781
  min D60 HW: 0
  D60 HW histogram: 0:32887 1:456837 2:2974787 3:11913546 4:32808799 5:65637287 6:98483053 7:112541723 8:98401829 9:65543599 10:32737697 11:11881295 12:2967928 13:456805 14:32840

Tail closure among D60=0 matches
  final tail collisions: 0
  best r61 HW: 14
  best r61 W1[57..59]=0x1d3c,0x30bf,0x29d1
  best r61 W2[57..59]=0x1c49,0x2d0b,0x1a9a
  best tail HW: 18
  best tail r61 HW: 23
  best W1[57..59]=0x3df8,0x2e2a,0x14b7
  best W2[57..59]=0x3d05,0x2d0a,0xe85

SUMMARY N=14 sample_start=195919872 prefixes=32768 total=536870912 d0=32887 best_tail=18 tail_r61=23 best_r61=14 tail_W1=0x3df8,0x2e2a,0x14b7 tail_W2=0x3d05,0x2d0a,0xe85 r61_W1=0x1d3c,0x30bf,0x29d1 r61_W2=0x1c49,0x2d0b,0x1a9a

Scan-only witness registry
  registry_count=16 registry_cap=16
  witness[00] tail=18 r61=23 gh60=0xcaedcbe W1=0x3df8,0x2e2a,0x14b7 W2=0x3d05,0x2d0a,0xe85
  witness[01] tail=24 r61=20 gh60=0xd88bcaa W1=0x3141,0xd87,0x3e3c W2=0x304e,0x43a,0x3ba9
  witness[02] tail=24 r61=20 gh60=0xf8847ba W1=0x33ba,0x3c57,0x33e2 W2=0x32c7,0x3d16,0x2cc7
  witness[03] tail=24 r61=22 gh60=0x451c5a6 W1=0x4c4,0x79a,0x3cf3 W2=0x3d1,0x1cfe,0x2d6d
  witness[04] tail=25 r61=17 gh60=0xc8a4bea W1=0x5a2,0x862,0x327b W2=0x4af,0x3aca,0x8
  witness[05] tail=25 r61=18 gh60=0xcbe5caa W1=0x1df2,0x564,0x1dc6 W2=0x1cff,0xbec,0x299d
  witness[06] tail=25 r61=19 gh60=0x37644e6 W1=0x324,0x20a0,0x3502 W2=0x231,0x1428,0x30c7
  witness[07] tail=25 r61=20 gh60=0xcb08b66 W1=0x54b,0x1b6c,0x2dd3 W2=0x458,0x294e,0x3b2c
  witness[08] tail=25 r61=21 gh60=0xf908b66 W1=0x394b,0x90d,0x3929 W2=0x3858,0x1eeb,0x6ce
  witness[09] tail=25 r61=22 gh60=0x5e0fcee W1=0x2f20,0x398c,0x29fc W2=0x2e2d,0x12e0,0x16d8
  witness[10] tail=25 r61=23 gh60=0xbf29ca6 W1=0x1f43,0x9cd,0xaa9 W2=0x1e50,0x40b,0x1dc
  witness[11] tail=25 r61=23 gh60=0xbb9cba6 W1=0x397c,0x259e,0x236c W2=0x3889,0x39e3,0x1fa4
  witness[12] tail=26 r61=19 gh60=0xdb187a6 W1=0x23c3,0x1596,0x27f2 W2=0x22d0,0x109,0x27dc
  witness[13] tail=26 r61=21 gh60=0xbfa84a6 W1=0x9f3,0x1358,0x48e W2=0x900,0x45,0x2038
  witness[14] tail=26 r61=21 gh60=0xc964be6 W1=0x25a4,0x2615,0x3927 W2=0x24b1,0x3004,0x2991
  witness[15] tail=26 r61=21 gh60=0x4704c9a W1=0x264a,0x2dc6,0x3b6d W2=0x2557,0x1509,0xd80

Scan-only r61 registry
  registry_count=16 registry_cap=16
  r61_witness[00] r61=14 tail=29 gh60=0x38844a6 W1=0x1d3c,0x30bf,0x29d1 W2=0x1c49,0x2d0b,0x1a9a
  r61_witness[01] r61=14 tail=36 gh60=0x4a0c4e6 W1=0xb1c,0x27b3,0xe65 W2=0xa29,0x398b,0x2f6f
  r61_witness[02] r61=15 tail=28 gh60=0xb484cba W1=0x383a,0x4a,0xf34 W2=0x3747,0x3242,0x2dbb
  r61_witness[03] r61=15 tail=34 gh60=0x4a044fa W1=0x151a,0x1de0,0x276f W2=0x1427,0x111d,0x16c6
  r61_witness[04] r61=15 tail=35 gh60=0x4e04fe6 W1=0x78c,0x1510,0x1301 W2=0x699,0x3ddb,0xc66
  r61_witness[05] r61=15 tail=39 gh60=0xc6085ea W1=0x2c91,0x16f7,0x1bbc W2=0x2b9e,0x1395,0x3cee
  r61_witness[06] r61=16 tail=27 gh60=0xc9b84a6 W1=0x1b33,0x341d,0x307 W2=0x1a40,0x38a,0x1375
  r61_witness[07] r61=16 tail=29 gh60=0xc4885aa W1=0x14b1,0x62,0x300c W2=0x13be,0xffa,0x8fe
  r61_witness[08] r61=16 tail=29 gh60=0x4989caa W1=0x1ef1,0x15c9,0x21d7 W2=0x1dfe,0x1c0c,0x3df2
  r61_witness[09] r61=16 tail=29 gh60=0x566849e W1=0x2ce7,0xa4d,0x18c7 W2=0x2bf4,0x8fe,0x274f
  r61_witness[10] r61=16 tail=33 gh60=0xb488caa W1=0x183d,0x13b3,0x28b W2=0x174a,0x25de,0x217a
  r61_witness[11] r61=16 tail=35 gh60=0xca89fa6 W1=0x3f7b,0x4d9,0x3c6e W2=0x3e88,0x2d0b,0x29dd
  r61_witness[12] r61=16 tail=41 gh60=0xcf0856a W1=0x2261,0xe84,0x33d9 W2=0x216e,0xf9e,0x1c99
  r61_witness[13] r61=16 tail=43 gh60=0x4a08dea W1=0x891,0x85b,0x1b91 W2=0x79e,0x13a,0x3c57
  r61_witness[14] r61=17 tail=25 gh60=0xc8a4bea W1=0x5a2,0x862,0x327b W2=0x4af,0x3aca,0x8
  r61_witness[15] r61=17 tail=27 gh60=0xfa1bce6 W1=0x100b,0x37cb,0x324f W2=0xf18,0x1573,0x2039

D60=0 fiber histogram: 1:8120 2:4764 3:1852 4:1086 5:397 6:213 7:86 8:74 9:34 10:18 11:6 12:11 13:2 14:1 15:1 16:1 17:3 18:2 20:2
