free_word_mitm_reducedn
N=14 mask=0x3fff msb=0x2000
candidate: M0=0x3d36 mode=random-fallback fill=0x3fff kernel=dM0=dM9=0x2000
prefixes=32768/268435456 mode=permuted-prefix-sample w59_per_prefix=16384 total=536870912
run_mode=scan registry_cap=16
sample_start=70090752
scan_elapsed=17.313s rate=31.01 Mtriples/s

D60 interface
  D60=0 matches: 32807 (random expectation 32768.0, enrichment 1.001x)
  prefixes with D60=0: 16482
  max D60=0 fiber per prefix: 20 at W57=0x3e59 W58=0xb43
  largest D60 bucket: D=0x2c9d count=33769
  min D60 HW: 0
  D60 HW histogram: 0:32807 1:457831 2:2983999 3:11930121 4:32823534 5:65650916 6:98476460 7:112504845 8:98378493 9:65523931 10:32743710 11:11903608 12:2970750 13:457402 14:32505

Tail closure among D60=0 matches
  final tail collisions: 0
  best r61 HW: 13
  best r61 W1[57..59]=0x3a3,0x3fce,0xdef
  best r61 W2[57..59]=0x2b0,0x293d,0x34bb
  best tail HW: 21
  best tail r61 HW: 21
  best W1[57..59]=0x916,0xa6f,0x9ff
  best W2[57..59]=0x823,0x2ef7,0x1bc9

SUMMARY N=14 sample_start=70090752 prefixes=32768 total=536870912 d0=32807 best_tail=21 tail_r61=21 best_r61=13 tail_W1=0x916,0xa6f,0x9ff tail_W2=0x823,0x2ef7,0x1bc9 r61_W1=0x3a3,0x3fce,0xdef r61_W2=0x2b0,0x293d,0x34bb

Scan-only witness registry
  registry_count=16 registry_cap=16
  witness[00] tail=21 r61=21 gh60=0xce74cfa W1=0x916,0xa6f,0x9ff W2=0x823,0x2ef7,0x1bc9
  witness[01] tail=23 r61=23 gh60=0xd71456e W1=0x1a50,0x84e,0x3fbd W2=0x195d,0x3bf9,0x1dc2
  witness[02] tail=24 r61=17 gh60=0x46185e6 W1=0x2c93,0x3cb5,0x3a27 W2=0x2ba0,0x117e,0x2b78
  witness[03] tail=24 r61=19 gh60=0xc8bc7a6 W1=0x33bc,0x29eb,0x205b W2=0x32c9,0x22a1,0x253b
  witness[04] tail=24 r61=21 gh60=0x5a287fe W1=0xb97,0x3a4,0x1943 W2=0xaa4,0x3af4,0xd0c
  witness[05] tail=24 r61=21 gh60=0x593cb6e W1=0x19e0,0x1a0b,0x1a46 W2=0x18ed,0x2423,0xf0d
  witness[06] tail=24 r61=22 gh60=0xcae859e W1=0xa87,0x2cab,0x32bf W2=0x994,0x313e,0x9e9
  witness[07] tail=24 r61=23 gh60=0xcdb85a6 W1=0x3a7b,0x3,0x361f W2=0x3988,0x24b6,0x1c5a
  witness[08] tail=24 r61=24 gh60=0x4f785aa W1=0x34c1,0x2121,0x308b W2=0x33ce,0x2da9,0x18ac
  witness[09] tail=25 r61=17 gh60=0xcd885a6 W1=0xa6b,0x1215,0x28ec W2=0x978,0x26d8,0x3a0
  witness[10] tail=25 r61=18 gh60=0xc60cdea W1=0x268e,0x3e7f,0xf3f W2=0x259b,0x15f,0x5b5
  witness[11] tail=25 r61=21 gh60=0x44884ae W1=0x143f,0x388b,0x20cb W2=0x134c,0x371b,0x3496
  witness[12] tail=25 r61=23 gh60=0x467fd6a W1=0xee2,0x259a,0x134a W2=0xdef,0x217e,0x17a1
  witness[13] tail=25 r61=23 gh60=0x4b0856e W1=0x124f,0x50c,0x1ba2 W2=0x115c,0x3236,0x31dc
  witness[14] tail=25 r61=24 gh60=0xcb94faa W1=0x17ae,0x367,0x53d W2=0x16bb,0x106f,0x2dd9
  witness[15] tail=25 r61=26 gh60=0xf4a84be W1=0x1237,0x2db3,0x3cd2 W2=0x1144,0xad5,0x311c

Scan-only r61 registry
  registry_count=16 registry_cap=16
  r61_witness[00] r61=13 tail=33 gh60=0x48987e6 W1=0x3a3,0x3fce,0xdef W2=0x2b0,0x293d,0x34bb
  r61_witness[01] r61=14 tail=29 gh60=0x4a045e6 W1=0x48c,0x1883,0x358f W2=0x399,0x113d,0x256a
  r61_witness[02] r61=14 tail=29 gh60=0xca385ea W1=0x3c9d,0x5c8,0x3597 W2=0x3baa,0x2452,0x34c9
  r61_witness[03] r61=15 tail=28 gh60=0x551c566 W1=0x2cc,0x13b6,0x2fc9 W2=0x1d9,0x2200,0x3497
  r61_witness[04] r61=15 tail=29 gh60=0x4c95caa W1=0x3e,0x1f00,0x169f W2=0x3f4b,0x22b4,0x2045
  r61_witness[05] r61=15 tail=30 gh60=0x4be7b6a W1=0x2d62,0x2253,0x2f26 W2=0x2c6f,0x3a7,0x3043
  r61_witness[06] r61=15 tail=34 gh60=0xca04de6 W1=0x268c,0x1ed6,0x6b9 W2=0x2599,0x3a11,0x818
  r61_witness[07] r61=16 tail=27 gh60=0xbb0c57a W1=0xa5a,0xf6c,0xc65 W2=0x967,0x3415,0x35be
  r61_witness[08] r61=16 tail=28 gh60=0x4638cee W1=0x261f,0x3e1b,0x2f45 W2=0x252c,0x2bf6,0x314e
  r61_witness[09] r61=16 tail=30 gh60=0x48a84ba W1=0x3339,0x156b,0x29a7 W2=0x3246,0xcad,0x38fe
  r61_witness[10] r61=16 tail=31 gh60=0x4a187e6 W1=0x2b8b,0x37f7,0x3c4 W2=0x2a98,0x20c2,0x35d8
  r61_witness[11] r61=16 tail=33 gh60=0x458c4aa W1=0x142e,0x39cd,0x11a5 W2=0x133b,0x118e,0x1a
  r61_witness[12] r61=17 tail=24 gh60=0x46185e6 W1=0x2c93,0x3cb5,0x3a27 W2=0x2ba0,0x117e,0x2b78
  r61_witness[13] r61=17 tail=25 gh60=0xcd885a6 W1=0xa6b,0x1215,0x28ec W2=0x978,0x26d8,0x3a0
  r61_witness[14] r61=17 tail=28 gh60=0x56d45fa W1=0x1296,0x1d38,0xda3 W2=0x11a3,0x6d9,0x1bd
  r61_witness[15] r61=17 tail=28 gh60=0x4a0cc9a W1=0x390a,0x1dc7,0x36f0 W2=0x3817,0x1152,0x2db8

D60=0 fiber histogram: 1:7943 2:4777 3:1740 4:1130 5:393 6:245 7:94 8:86 9:26 10:21 11:12 12:5 13:3 14:3 16:1 18:2 20:1
