free_word_mitm_reducedn
N=14 mask=0x3fff msb=0x2000
candidate: M0=0x3d36 mode=random-fallback fill=0x3fff kernel=dM0=dM9=0x2000
prefixes=32768/268435456 mode=permuted-prefix-sample w59_per_prefix=16384 total=536870912
run_mode=scan registry_cap=16
sample_start=246251520
scan_elapsed=17.628s rate=30.46 Mtriples/s

D60 interface
  D60=0 matches: 32528 (random expectation 32768.0, enrichment 0.993x)
  prefixes with D60=0: 16423
  max D60=0 fiber per prefix: 17 at W57=0x2ebf W58=0x2273
  largest D60 bucket: D=0x2ee5 count=33823
  min D60 HW: 0
  D60 HW histogram: 0:32528 1:455845 2:2971759 3:11910337 4:32808587 5:65658132 6:98497081 7:112552050 8:98395292 9:65552861 10:32709766 11:11878120 12:2960892 13:455337 14:32325

Tail closure among D60=0 matches
  final tail collisions: 0
  best r61 HW: 14
  best r61 W1[57..59]=0xd8f,0x2f9d,0x3db6
  best r61 W2[57..59]=0xc9c,0x1228,0x315d
  best tail HW: 21
  best tail r61 HW: 21
  best W1[57..59]=0x1e88,0x3c21,0x2035
  best W2[57..59]=0x1d95,0x32e,0x1ba2

SUMMARY N=14 sample_start=246251520 prefixes=32768 total=536870912 d0=32528 best_tail=21 tail_r61=21 best_r61=14 tail_W1=0x1e88,0x3c21,0x2035 tail_W2=0x1d95,0x32e,0x1ba2 r61_W1=0xd8f,0x2f9d,0x3db6 r61_W2=0xc9c,0x1228,0x315d

Scan-only witness registry
  registry_count=16 registry_cap=16
  witness[00] tail=21 r61=21 gh60=0x3a75d9e W1=0x1e88,0x3c21,0x2035 W2=0x1d95,0x32e,0x1ba2
  witness[01] tail=22 r61=16 gh60=0x5c87d9a W1=0x10aa,0x1ef6,0x2c0c W2=0xfb7,0x3b63,0x2e8a
  witness[02] tail=22 r61=19 gh60=0x44d84ba W1=0xc39,0x362d,0x3c27 W2=0xb46,0x1d2b,0x1064
  witness[03] tail=22 r61=24 gh60=0xda684fa W1=0x3219,0x237e,0x2cbb W2=0x3126,0x1b06,0x3073
  witness[04] tail=23 r61=26 gh60=0xf7f7baa W1=0xd7e,0x2cf4,0x21fc W2=0xc8b,0x2484,0x18fc
  witness[05] tail=24 r61=16 gh60=0x5e04de6 W1=0x188c,0x3244,0xfe1 W2=0x1799,0x3203,0x3f7c
  witness[06] tail=24 r61=17 gh60=0x44985a6 W1=0x1cb3,0x316e,0x1f7b W2=0x1bc0,0x16b3,0x2d49
  witness[07] tail=24 r61=21 gh60=0xd625bea W1=0x1d92,0x2015,0x366d W2=0x1c9f,0x10e9,0x1ac5
  witness[08] tail=24 r61=21 gh60=0xb53c56a W1=0x3a5e,0x25a3,0x1e11 W2=0x396b,0x2e4a,0x1869
  witness[09] tail=24 r61=22 gh60=0x466ccfa W1=0x1716,0x1716,0x1da0 W2=0x1623,0x99e,0x3305
  witness[10] tail=24 r61=22 gh60=0x5a88caa W1=0x17ed,0x32e,0x583 W2=0x16fa,0x14e9,0x3de4
  witness[11] tail=24 r61=22 gh60=0xdf8dcae W1=0x3df0,0x1fc5,0x57b W2=0x3cfd,0x3e29,0x108e
  witness[12] tail=25 r61=16 gh60=0xc4884ae W1=0x143f,0x2a8b,0x1145 W2=0x134c,0x291b,0x3230
  witness[13] tail=25 r61=21 gh60=0x4a2849a W1=0x3c09,0x248a,0x61 W2=0x3b16,0x1b61,0x59f
  witness[14] tail=25 r61=22 gh60=0x5987cba W1=0x2efa,0x2cfd,0x18a2 W2=0x2e07,0x5b5,0x2b4
  witness[15] tail=25 r61=23 gh60=0x377c49e W1=0x2d48,0x157b,0x1fd W2=0x2c55,0x23eb,0x1c5

Scan-only r61 registry
  registry_count=16 registry_cap=16
  r61_witness[00] r61=14 tail=30 gh60=0x4e1bbee W1=0xd8f,0x2f9d,0x3db6 W2=0xc9c,0x1228,0x315d
  r61_witness[01] r61=15 tail=35 gh60=0xb508566 W1=0xa5b,0x3721,0x3348 W2=0x968,0x1040,0x30d9
  r61_witness[02] r61=16 tail=22 gh60=0x5c87d9a W1=0x10aa,0x1ef6,0x2c0c W2=0xfb7,0x3b63,0x2e8a
  r61_witness[03] r61=16 tail=24 gh60=0x5e04de6 W1=0x188c,0x3244,0xfe1 W2=0x1799,0x3203,0x3f7c
  r61_witness[04] r61=16 tail=25 gh60=0xc4884ae W1=0x143f,0x2a8b,0x1145 W2=0x134c,0x291b,0x3230
  r61_witness[05] r61=16 tail=27 gh60=0x4888bae W1=0x15bf,0x2bdc,0x1202 W2=0x14cc,0x33e3,0x250d
  r61_witness[06] r61=16 tail=30 gh60=0x460cfea W1=0x279e,0x38d,0x23ea W2=0x26ab,0x311,0x3ac8
  r61_witness[07] r61=16 tail=31 gh60=0x548c5aa W1=0xaae,0x1904,0x2161 W2=0x9bb,0x15ad,0x3dc8
  r61_witness[08] r61=16 tail=31 gh60=0x470cc9a W1=0x374a,0xee5,0x33b6 W2=0x3657,0x3ec,0x1350
  r61_witness[09] r61=16 tail=34 gh60=0xc90bf6e W1=0xfcf,0x338c,0x315b W2=0xedc,0x18cb,0x2ad1
  r61_witness[10] r61=16 tail=35 gh60=0xca07fe6 W1=0x2f9c,0x3171,0x2820 W2=0x2ea9,0xcb2,0x1961
  r61_witness[11] r61=16 tail=35 gh60=0xca18cfa W1=0x3615,0x2512,0x3312 W2=0x3522,0x1f55,0x5c8
  r61_witness[12] r61=16 tail=36 gh60=0xc6385a6 W1=0x3c83,0xc6,0x2893 W2=0x3b90,0x27ab,0x1413
  r61_witness[13] r61=16 tail=41 gh60=0x4627ce6 W1=0xf14,0x29e0,0x200 W2=0xe21,0x999,0x3e70
  r61_witness[14] r61=17 tail=24 gh60=0x44985a6 W1=0x1cb3,0x316e,0x1f7b W2=0x1bc0,0x16b3,0x2d49
  r61_witness[15] r61=17 tail=29 gh60=0x490cb66 W1=0x55c,0x1a15,0x1526 W2=0x469,0x23e4,0x14f6

D60=0 fiber histogram: 1:7934 2:4760 3:1728 4:1132 5:439 6:197 7:83 8:66 9:35 10:25 11:7 12:6 13:3 14:4 16:1 17:3
