free_word_mitm_reducedn
N=14 mask=0x3fff msb=0x2000
candidate: M0=0x3d36 mode=random-fallback fill=0x3fff kernel=dM0=dM9=0x2000
prefixes=32768/268435456 mode=permuted-prefix-sample w59_per_prefix=16384 total=536870912
run_mode=scan registry_cap=16
sample_start=151552000
scan_elapsed=19.480s rate=27.56 Mtriples/s

D60 interface
  D60=0 matches: 32880 (random expectation 32768.0, enrichment 1.003x)
  prefixes with D60=0: 16633
  max D60=0 fiber per prefix: 24 at W57=0x2573 W58=0x3775
  largest D60 bucket: D=0x31b8 count=33802
  min D60 HW: 0
  D60 HW histogram: 0:32880 1:457664 2:2975884 3:11916068 4:32783924 5:65617437 6:98425248 7:112498939 8:98437088 9:65586635 10:32766265 11:11912583 12:2971460 13:456320 14:32517

Tail closure among D60=0 matches
  final tail collisions: 0
  best r61 HW: 13
  best r61 W1[57..59]=0x3da1,0x3ae6,0x183a
  best r61 W2[57..59]=0x3cae,0x3aa5,0x302d
  best tail HW: 22
  best tail r61 HW: 19
  best W1[57..59]=0x3c,0x2733,0x32a0
  best W2[57..59]=0x3f49,0x2342,0x34fb

SUMMARY N=14 sample_start=151552000 prefixes=32768 total=536870912 d0=32880 best_tail=22 tail_r61=19 best_r61=13 tail_W1=0x3c,0x2733,0x32a0 tail_W2=0x3f49,0x2342,0x34fb r61_W1=0x3da1,0x3ae6,0x183a r61_W2=0x3cae,0x3aa5,0x302d

Scan-only witness registry
  registry_count=16 registry_cap=16
  witness[00] tail=22 r61=19 gh60=0xcb8dca6 W1=0x3c,0x2733,0x32a0 W2=0x3f49,0x2342,0x34fb
  witness[01] tail=22 r61=24 gh60=0xd9987aa W1=0x2b81,0x31da,0x3642 W2=0x2a8e,0x3392,0x53
  witness[02] tail=23 r61=17 gh60=0xc51856a W1=0x2c61,0x1636,0x3149 W2=0x2b6e,0x1b30,0x25e0
  witness[03] tail=23 r61=21 gh60=0xf93876a W1=0x3361,0x2194,0x1fec W2=0x326e,0x2dea,0x373a
  witness[04] tail=23 r61=21 gh60=0xd61dbea W1=0x3d9e,0x2588,0x3f93 W2=0x3cab,0x2508,0x1e03
  witness[05] tail=24 r61=18 gh60=0x4f884aa W1=0x12f1,0x315c,0x250 W2=0x11fe,0xb1c,0x240a
  witness[06] tail=24 r61=22 gh60=0x5bdcc9e W1=0x8e8,0x2342,0x17b6 W2=0x7f5,0x2cad,0x175b
  witness[07] tail=24 r61=22 gh60=0x5e2849e W1=0x1407,0x2b3b,0x3ab0 W2=0x1314,0x9a8,0x140c
  witness[08] tail=25 r61=17 gh60=0x56184a6 W1=0x203,0xb0,0x30b7 W2=0x110,0x2cab,0x261b
  witness[09] tail=25 r61=20 gh60=0x5e2fd9e W1=0x1088,0x1756,0x2ed1 W2=0xf95,0x85f,0xa88
  witness[10] tail=25 r61=20 gh60=0x78b9bbe W1=0x21b7,0x3572,0x1196 W2=0x20c4,0x2789,0x39a5
  witness[11] tail=25 r61=21 gh60=0x4a0bcea W1=0x101d,0x1a2f,0x134c W2=0xf2a,0x766,0x20e9
  witness[12] tail=25 r61=21 gh60=0x5b6857a W1=0x1455,0x1c02,0x939 W2=0x1362,0x1a8a,0xd23
  witness[13] tail=25 r61=24 gh60=0xc6f857a W1=0x1cd5,0x2c9c,0x86a W2=0x1be2,0x25cc,0x354e
  witness[14] tail=25 r61=25 gh60=0x7b39d6a W1=0x3e5d,0x3271,0xe3e W2=0x3d6a,0x3e50,0x18f3
  witness[15] tail=25 r61=30 gh60=0xff3bb7a W1=0xdd5,0xbdb,0x39ef W2=0xce2,0x2ad6,0x68f

Scan-only r61 registry
  registry_count=16 registry_cap=16
  r61_witness[00] r61=13 tail=33 gh60=0x48884ae W1=0x2d3f,0x16fe,0x64a W2=0x2c4c,0x340e,0x2b57
  r61_witness[01] r61=13 tail=34 gh60=0x3a09bea W1=0x3da1,0x3ae6,0x183a W2=0x3cae,0x3aa5,0x302d
  r61_witness[02] r61=13 tail=35 gh60=0x3b04766 W1=0x3dc,0xab5,0x10f5 W2=0x2e9,0x305b,0x2325
  r61_witness[03] r61=13 tail=35 gh60=0xc589caa W1=0x3e2d,0x7aa,0x2101 W2=0x3d3a,0xd65,0x2849
  r61_witness[04] r61=14 tail=26 gh60=0xd6185ea W1=0xaa1,0x135f,0x3539 W2=0x9ae,0xd71,0x971
  r61_witness[05] r61=14 tail=30 gh60=0x4905b7a W1=0x1da,0x26ae,0x303 W2=0xe7,0x16a2,0xa02
  r61_witness[06] r61=15 tail=28 gh60=0xc89bbae W1=0x11bf,0x20d2,0x2df6 W2=0x10cc,0x2dd,0x1422
  r61_witness[07] r61=15 tail=34 gh60=0x5d84dba W1=0x167a,0x333a,0x32d7 W2=0x1587,0x3386,0x3565
  r61_witness[08] r61=15 tail=37 gh60=0x4918b6e W1=0x354f,0x356a,0x1611 W2=0x345c,0x3f8d,0xb26
  r61_witness[09] r61=16 tail=28 gh60=0xd8ac79e W1=0x3ba8,0xb38,0x1dc7 W2=0x3ab5,0x1512,0x388f
  r61_witness[10] r61=16 tail=29 gh60=0x4d88daa W1=0x8c1,0x30bf,0x1afc W2=0x7ce,0x2a06,0x112a
  r61_witness[11] r61=16 tail=33 gh60=0x45784aa W1=0x3bfd,0x10af,0x21a3 W2=0x3b0a,0x275b,0x393f
  r61_witness[12] r61=16 tail=36 gh60=0x4a19dfa W1=0x95,0x2fe7,0x3230 W2=0x3fa2,0x1ac2,0x2042
  r61_witness[13] r61=16 tail=40 gh60=0x4485da6 W1=0x3ebc,0x21f6,0x12c8 W2=0x3dc9,0x3bad,0x16be
  r61_witness[14] r61=17 tail=23 gh60=0xc51856a W1=0x2c61,0x1636,0x3149 W2=0x2b6e,0x1b30,0x25e0
  r61_witness[15] r61=17 tail=25 gh60=0x56184a6 W1=0x203,0xb0,0x30b7 W2=0x110,0x2cab,0x261b

D60=0 fiber histogram: 1:8064 2:4780 3:1815 4:1075 5:435 6:246 7:73 8:73 9:30 10:18 11:9 12:5 13:6 14:1 19:1 21:1 24:1
