free_word_mitm_reducedn
N=14 mask=0x3fff msb=0x2000
candidate: M0=0x3d36 mode=random-fallback fill=0x3fff kernel=dM0=dM9=0x2000
prefixes=32768/268435456 mode=permuted-prefix-sample w59_per_prefix=16384 total=536870912
run_mode=scan registry_cap=16
sample_start=59277312
scan_elapsed=19.540s rate=27.48 Mtriples/s

D60 interface
  D60=0 matches: 32453 (random expectation 32768.0, enrichment 0.990x)
  prefixes with D60=0: 16483
  max D60=0 fiber per prefix: 25 at W57=0xe9d W58=0xade
  largest D60 bucket: D=0x12b0 count=33893
  min D60 HW: 0
  D60 HW histogram: 0:32453 1:457576 2:2975449 3:11911829 4:32795929 5:65635681 6:98483099 7:112484571 8:98396450 9:65568916 10:32753572 11:11909390 12:2976133 13:457003 14:32861

Tail closure among D60=0 matches
  final tail collisions: 0
  best r61 HW: 13
  best r61 W1[57..59]=0x3455,0x821,0x2efb
  best r61 W2[57..59]=0x3362,0xb1,0x3334
  best tail HW: 22
  best tail r61 HW: 22
  best W1[57..59]=0x306a,0x936,0x38a5
  best W2[57..59]=0x2f77,0x2213,0xf11

SUMMARY N=14 sample_start=59277312 prefixes=32768 total=536870912 d0=32453 best_tail=22 tail_r61=22 best_r61=13 tail_W1=0x306a,0x936,0x38a5 tail_W2=0x2f77,0x2213,0xf11 r61_W1=0x3455,0x821,0x2efb r61_W2=0x3362,0xb1,0x3334

Scan-only witness registry
  registry_count=16 registry_cap=16
  witness[00] tail=22 r61=22 gh60=0x4d87d9a W1=0x306a,0x936,0x38a5 W2=0x2f77,0x2213,0xf11
  witness[01] tail=23 r61=19 gh60=0xdb99caa W1=0x3f01,0xc79,0x3585 W2=0x3e0e,0x12a8,0x3f1c
  witness[02] tail=23 r61=27 gh60=0xbbbbce6 W1=0x2f23,0x2af0,0x3e84 W2=0x2e30,0x1420,0x1812
  witness[03] tail=24 r61=16 gh60=0x4909f6a W1=0x3fd1,0x1ff6,0x9c9 W2=0x3ede,0x2211,0xc9
  witness[04] tail=24 r61=17 gh60=0x4e08cea W1=0x2811,0x2b1f,0x2d3d W2=0x271e,0x2c26,0x1b73
  witness[05] tail=24 r61=19 gh60=0x4668dfa W1=0x3695,0xc10,0x38a3 W2=0x35a2,0xe6b,0x21ce
  witness[06] tail=24 r61=20 gh60=0x4618ce6 W1=0x3913,0x33d2,0x3e21 W2=0x3820,0x1ff8,0x13d
  witness[07] tail=24 r61=26 gh60=0xdb5c4ba W1=0x436,0x3b1e,0x20a1 W2=0x343,0x1fdd,0x2c75
  witness[08] tail=24 r61=26 gh60=0x5aecd9a W1=0x2666,0x2c38,0x3efb W2=0x2573,0xd9b,0xc8b
  witness[09] tail=25 r61=13 gh60=0x5b2857a W1=0x3455,0x821,0x2efb W2=0x3362,0xb1,0x3334
  witness[10] tail=25 r61=16 gh60=0x48b84be W1=0x3337,0x7c8,0x1718 W2=0x3244,0x16ea,0x18fe
  witness[11] tail=25 r61=17 gh60=0x4a187fa W1=0xb95,0x3601,0x2f7f W2=0xaa2,0x254d,0x2c9e
  witness[12] tail=25 r61=18 gh60=0xc6085ea W1=0x4a1,0x345a,0x2d W2=0x3ae,0x326c,0x1657
  witness[13] tail=25 r61=18 gh60=0x75a45aa W1=0x2272,0x311e,0x2c19 W2=0x217f,0x3dbb,0x14fd
  witness[14] tail=25 r61=18 gh60=0x5a184ea W1=0x3a0d,0xb45,0x2b97 W2=0x391a,0x218b,0x2eed
  witness[15] tail=25 r61=19 gh60=0x48a8be6 W1=0x35a3,0x3f02,0x3dbc W2=0x34b0,0x18ec,0x6ea

Scan-only r61 registry
  registry_count=16 registry_cap=16
  r61_witness[00] r61=13 tail=25 gh60=0x5b2857a W1=0x3455,0x821,0x2efb W2=0x3362,0xb1,0x3334
  r61_witness[01] r61=14 tail=34 gh60=0xca24ca6 W1=0x1604,0x1026,0xab5 W2=0x1511,0x20e3,0x2eef
  r61_witness[02] r61=15 tail=27 gh60=0xcd07d66 W1=0xe4c,0x4b9,0x34cf W2=0xd59,0xb66,0x31ee
  r61_witness[03] r61=15 tail=28 gh60=0xfa084ea W1=0x2421,0x3342,0x3827 W2=0x232e,0x373c,0x21ca
  r61_witness[04] r61=15 tail=29 gh60=0xc67ccae W1=0x1900,0xba0,0xb15 W2=0x180d,0x670,0x32a6
  r61_witness[05] r61=15 tail=29 gh60=0xc604b9a W1=0x298a,0x17c0,0x2ee9 W2=0x2897,0x39f,0x115e
  r61_witness[06] r61=15 tail=30 gh60=0x5504566 W1=0x3acc,0x2004,0x2196 W2=0x39d9,0x14c,0x36b5
  r61_witness[07] r61=15 tail=36 gh60=0x499cca6 W1=0x28f4,0x24d9,0x21ee W2=0x2801,0x3006,0x58b
  r61_witness[08] r61=16 tail=24 gh60=0x4909f6a W1=0x3fd1,0x1ff6,0x9c9 W2=0x3ede,0x2211,0xc9
  r61_witness[09] r61=16 tail=25 gh60=0x48b84be W1=0x3337,0x7c8,0x1718 W2=0x3244,0x16ea,0x18fe
  r61_witness[10] r61=16 tail=26 gh60=0x59dcc9e W1=0x3808,0x15cb,0x21a1 W2=0x3715,0x2182,0x18c6
  r61_witness[11] r61=16 tail=28 gh60=0x7b29da6 W1=0x3ec3,0x307c,0x1a67 W2=0x3dd0,0x26d2,0xd5f
  r61_witness[12] r61=16 tail=31 gh60=0xda0bdea W1=0xe9d,0xade,0x98 W2=0xdaa,0xe25,0x21c4
  r61_witness[13] r61=16 tail=31 gh60=0x4e1c4aa W1=0x2202,0x2db,0xc6f W2=0x210f,0x870,0x3901
  r61_witness[14] r61=16 tail=32 gh60=0x4e87c9a W1=0x10ea,0xa4e,0x306a W2=0xff7,0x1b13,0x23fc
  r61_witness[15] r61=16 tail=33 gh60=0x4a045fa W1=0xc9a,0x2d37,0xdbc W2=0xba7,0x1ccc,0x2e03

D60=0 fiber histogram: 1:8021 2:4697 3:1785 4:1140 5:415 6:221 7:78 8:59 9:25 10:21 11:11 12:5 14:1 16:2 17:1 25:1
