free_word_mitm_reducedn
N=14 mask=0x3fff msb=0x2000
candidate: M0=0x3d36 mode=random-fallback fill=0x3fff kernel=dM0=dM9=0x2000
prefixes=32768/268435456 mode=permuted-prefix-sample w59_per_prefix=16384 total=536870912
run_mode=scan registry_cap=16
sample_start=26509312
scan_elapsed=12.722s rate=42.20 Mtriples/s

D60 interface
  D60=0 matches: 32685 (random expectation 32768.0, enrichment 0.997x)
  prefixes with D60=0: 16613
  max D60=0 fiber per prefix: 17 at W57=0xc2d W58=0x2c57
  largest D60 bucket: D=0x269f count=33751
  min D60 HW: 0
  D60 HW histogram: 0:32685 1:459112 2:2983697 3:11921122 4:32783962 5:65601251 6:98453797 7:112507493 8:98412251 9:65581477 10:32765682 11:11900812 12:2976514 13:458549 14:32508

Tail closure among D60=0 matches
  final tail collisions: 0
  best r61 HW: 14
  best r61 W1[57..59]=0x294a,0x380a,0x254e
  best r61 W2[57..59]=0x2857,0x190d,0x18d1
  best tail HW: 23
  best tail r61 HW: 21
  best W1[57..59]=0x5d1,0x901,0x14cd
  best W2[57..59]=0x4de,0xf40,0x31ad

SUMMARY N=14 sample_start=26509312 prefixes=32768 total=536870912 d0=32685 best_tail=23 tail_r61=21 best_r61=14 tail_W1=0x5d1,0x901,0x14cd tail_W2=0x4de,0xf40,0x31ad r61_W1=0x294a,0x380a,0x254e r61_W2=0x2857,0x190d,0x18d1

Scan-only witness registry
  registry_count=16 registry_cap=16
  witness[00] tail=23 r61=19 gh60=0xdb0c76a W1=0x33de,0x211e,0x18ad W2=0x32eb,0x396d,0x2735
  witness[01] tail=23 r61=21 gh60=0x5908b6a W1=0x5d1,0x901,0x14cd W2=0x4de,0xf40,0x31ad
  witness[02] tail=23 r61=24 gh60=0xba1bd9a W1=0x3085,0xdf2,0x1b09 W2=0x2f92,0x2326,0x5c2
  witness[03] tail=24 r61=19 gh60=0xdb0c566 W1=0x12cc,0x2c72,0x2a70 W2=0x11d9,0x15c0,0x2184
  witness[04] tail=24 r61=22 gh60=0xc5f45ae W1=0x3c80,0x331f,0x3ea8 W2=0x3b8d,0x29c8,0x3b31
  witness[05] tail=24 r61=22 gh60=0xdba5cea W1=0x3f22,0x3bf1,0x2bb6 W2=0x3e2f,0x3fcd,0x1713
  witness[06] tail=25 r61=20 gh60=0x4ff8caa W1=0x3601,0x18ad,0x3f1a W2=0x350e,0x319c,0x256b
  witness[07] tail=25 r61=21 gh60=0xc9ebb7a W1=0xdd9,0x20f3,0x30ee W2=0xce6,0x1032,0x23d0
  witness[08] tail=25 r61=21 gh60=0xf6ec49a W1=0x2a46,0x3311,0x1fa0 W2=0x2953,0x1721,0x3e7d
  witness[09] tail=25 r61=21 gh60=0xd7a87be W1=0x3b77,0x38ac,0x3291 W2=0x3a84,0x3f2,0x21a4
  witness[10] tail=25 r61=22 gh60=0xf5bcca6 W1=0x382c,0x16b6,0x1c4b W2=0x3739,0x1fd3,0x23e
  witness[11] tail=25 r61=23 gh60=0x4e2bca6 W1=0xf03,0x2718,0x39 W2=0xe10,0x16d2,0x3b80
  witness[12] tail=25 r61=24 gh60=0x4affd9a W1=0xec6,0x38fa,0x240d W2=0xdd3,0xbb3,0x223b
  witness[13] tail=25 r61=24 gh60=0xbb08b66 W1=0x195b,0x13d8,0x2242 W2=0x1868,0x21a2,0x16fe
  witness[14] tail=26 r61=16 gh60=0xc4845a6 W1=0xcac,0x185,0xc73 W2=0xbb9,0x37c9,0x2bad
  witness[15] tail=26 r61=18 gh60=0xce38cfe W1=0x817,0x2fd6,0x1195 W2=0x724,0x383d,0x298a

Scan-only r61 registry
  registry_count=16 registry_cap=16
  r61_witness[00] r61=14 tail=43 gh60=0x4704c9a W1=0x294a,0x380a,0x254e W2=0x2857,0x190d,0x18d1
  r61_witness[01] r61=15 tail=28 gh60=0x4b18b6a W1=0x35d1,0x2225,0x648 W2=0x34de,0x3460,0x8ee
  r61_witness[02] r61=15 tail=33 gh60=0x4a08dea W1=0x26a1,0x169d,0x668 W2=0x25ae,0x1470,0x67a
  r61_witness[03] r61=15 tail=35 gh60=0xc604ce6 W1=0x291c,0x2516,0x4a1 W2=0x2829,0x10ad,0x71a
  r61_witness[04] r61=16 tail=26 gh60=0xc4845a6 W1=0xcac,0x185,0xc73 W2=0xbb9,0x37c9,0x2bad
  r61_witness[05] r61=16 tail=31 gh60=0xc669d9a W1=0x1e85,0x2a8f,0x261d W2=0x1d92,0x1dc7,0x80d
  r61_witness[06] r61=16 tail=32 gh60=0x5619bea W1=0x1d91,0x3217,0x6d6 W2=0x1c9e,0x32e6,0x3473
  r61_witness[07] r61=16 tail=34 gh60=0x4488daa W1=0x6bd,0x3714,0x2633 W2=0x5ca,0x657,0x3868
  r61_witness[08] r61=16 tail=34 gh60=0xd608ce6 W1=0x280b,0x2429,0x2ac8 W2=0x2718,0xccb,0x38d6
  r61_witness[09] r61=16 tail=36 gh60=0x4a0bdea W1=0x2ea1,0x2815,0x3d1f W2=0x2dae,0x1568,0xc7e
  r61_witness[10] r61=16 tail=37 gh60=0xc6885aa W1=0x2c6d,0x2ddd,0x3e81 W2=0x2b7a,0x3a81,0x2bab
  r61_witness[11] r61=16 tail=38 gh60=0x5907b7a W1=0x315a,0x1676,0x390 W2=0x3067,0x336a,0xf69
  r61_witness[12] r61=16 tail=40 gh60=0xc4845a6 W1=0xcac,0x185,0x1473 W2=0xbb9,0x37c9,0x33ad
  r61_witness[13] r61=17 tail=27 gh60=0x4e8fc9a W1=0x10ea,0x2253,0x1a79 W2=0xff7,0x3318,0x2958
  r61_witness[14] r61=17 tail=27 gh60=0x4a0c5ee W1=0x3aa0,0x107f,0x2b53 W2=0x39ad,0x1ae,0x17cb
  r61_witness[15] r61=17 tail=28 gh60=0xc8884aa W1=0xb31,0x2d65,0x3a23 W2=0xa3e,0x3625,0x222f

D60=0 fiber histogram: 1:8091 2:4791 3:1759 4:1125 5:394 6:214 7:91 8:71 9:41 10:18 11:5 12:6 13:3 14:2 16:1 17:1
