free_word_mitm_reducedn
N=14 mask=0x3fff msb=0x2000
candidate: M0=0x3d36 mode=random-fallback fill=0x3fff kernel=dM0=dM9=0x2000
prefixes=32768/268435456 mode=permuted-prefix-sample w59_per_prefix=16384 total=536870912
run_mode=scan registry_cap=16
sample_start=30212096
scan_elapsed=15.353s rate=34.97 Mtriples/s

D60 interface
  D60=0 matches: 32586 (random expectation 32768.0, enrichment 0.994x)
  prefixes with D60=0: 16587
  max D60=0 fiber per prefix: 17 at W57=0x2289 W58=0x4fd
  largest D60 bucket: D=0x6b6 count=33763
  min D60 HW: 0
  D60 HW histogram: 0:32586 1:456301 2:2981576 3:11933129 4:32829201 5:65703641 6:98504650 7:112539008 8:98355369 9:65498572 10:32716384 11:11872153 12:2961609 13:454309 14:32424

Tail closure among D60=0 matches
  final tail collisions: 0
  best r61 HW: 14
  best r61 W1[57..59]=0x2a21,0x2ac1,0x16f8
  best r61 W2[57..59]=0x292e,0x2ebb,0x162e
  best tail HW: 21
  best tail r61 HW: 24
  best W1[57..59]=0x3ab7,0x98,0x1691
  best W2[57..59]=0x39c4,0x1552,0x1775

SUMMARY N=14 sample_start=30212096 prefixes=32768 total=536870912 d0=32586 best_tail=21 tail_r61=24 best_r61=14 tail_W1=0x3ab7,0x98,0x1691 tail_W2=0x39c4,0x1552,0x1775 r61_W1=0x2a21,0x2ac1,0x16f8 r61_W2=0x292e,0x2ebb,0x162e

Scan-only witness registry
  registry_count=16 registry_cap=16
  witness[00] tail=21 r61=24 gh60=0xb5585be W1=0x3ab7,0x98,0x1691 W2=0x39c4,0x1552,0x1775
  witness[01] tail=22 r61=23 gh60=0x4a38dea W1=0x188d,0x2e79,0x194a W2=0x179a,0xa58,0x3ed
  witness[02] tail=23 r61=27 gh60=0xd9e44ea W1=0x2522,0xdb5,0xba1 W2=0x242f,0x1594,0x2c50
  witness[03] tail=24 r61=17 gh60=0x4cb5caa W1=0x203e,0x2536,0x3584 W2=0x1f4b,0x28ea,0x3a59
  witness[04] tail=24 r61=19 gh60=0xca685a6 W1=0x273,0x76d,0x2f7a W2=0x180,0x3a40,0x8d0
  witness[05] tail=24 r61=20 gh60=0xc51859a W1=0x1cc5,0x3437,0x120b W2=0x1bd2,0x329e,0x381f
  witness[06] tail=24 r61=24 gh60=0x45884a6 W1=0x342b,0x22cf,0x159e W2=0x3338,0x202c,0x1525
  witness[07] tail=24 r61=25 gh60=0xb6d459a W1=0xac6,0x29e,0x259a W2=0x9d3,0x1e96,0x2dc3
  witness[08] tail=24 r61=25 gh60=0x7615dee W1=0x2090,0x154f,0x29ba W2=0x1f9d,0x378f,0xad4
  witness[09] tail=24 r61=26 gh60=0x7e7c59e W1=0x1468,0x12e3,0x2f50 W2=0x1375,0x292b,0x630
  witness[10] tail=25 r61=18 gh60=0x4e84c9a W1=0x27ea,0x1b2b,0x2d76 W2=0x26f7,0x3eb2,0x36c4
  witness[11] tail=25 r61=21 gh60=0x7a98caa W1=0x27ed,0x2c9e,0x38f0 W2=0x26fa,0x2f59,0x2ebe
  witness[12] tail=25 r61=23 gh60=0x4a69b66 W1=0x163,0x3c35,0x1c16 W2=0x70,0x4b5,0x219
  witness[13] tail=25 r61=23 gh60=0x3a3c5a6 W1=0x3484,0x2f6e,0x1d63 W2=0x3391,0x1442,0x1ecd
  witness[14] tail=25 r61=24 gh60=0x4878baa W1=0x9ad,0x374c,0x176a W2=0x8ba,0x239f,0x1161
  witness[15] tail=25 r61=26 gh60=0x59affba W1=0xfb6,0x3caa,0x1163 W2=0xec3,0x2cb6,0x3ad7

Scan-only r61 registry
  registry_count=16 registry_cap=16
  r61_witness[00] r61=14 tail=28 gh60=0xde284fa W1=0x315,0xbe1,0x471 W2=0x222,0x3355,0x3e06
  r61_witness[01] r61=14 tail=31 gh60=0xce084ea W1=0x2a21,0x2ac1,0x16f8 W2=0x292e,0x2ebb,0x162e
  r61_witness[02] r61=14 tail=31 gh60=0x56084ee W1=0x321f,0x18a5,0x1119 W2=0x312c,0x173b,0x1e2a
  r61_witness[03] r61=15 tail=30 gh60=0x4908b66 W1=0x39db,0x2364,0x10ce W2=0x38e8,0x312e,0x262b
  r61_witness[04] r61=15 tail=33 gh60=0xc98c7ae W1=0x380,0xcf3,0x2077 W2=0x28d,0x6bc,0xef4
  r61_witness[05] r61=15 tail=34 gh60=0x4687c9a W1=0x2eea,0x2a74,0x3f9b W2=0x2df7,0x539,0x171d
  r61_witness[06] r61=15 tail=35 gh60=0x4a0c49a W1=0x130a,0x16e4,0x26b8 W2=0x1217,0xfe6,0x374c
  r61_witness[07] r61=15 tail=37 gh60=0x4b6456a W1=0x22d2,0x38e7,0x2ec0 W2=0x21df,0x3d02,0x3e90
  r61_witness[08] r61=15 tail=39 gh60=0x4608bea W1=0x199d,0x572,0x3499 W2=0x18aa,0x42d,0x1f8a
  r61_witness[09] r61=16 tail=27 gh60=0x4784fba W1=0x37ba,0xb7e,0x1c77 W2=0x36c7,0x97e,0xa97
  r61_witness[10] r61=16 tail=28 gh60=0xca044e6 W1=0x240c,0x17c1,0x1aea W2=0x2319,0x1693,0x14b7
  r61_witness[11] r61=16 tail=29 gh60=0xbb08b66 W1=0x95b,0x3f5d,0x17f2 W2=0x868,0x92b,0x276b
  r61_witness[12] r61=16 tail=32 gh60=0xc8944aa W1=0x33e,0x29ce,0xb8c W2=0x24b,0x30bf,0x1dd0
  r61_witness[13] r61=16 tail=32 gh60=0x4e044e6 W1=0xb0c,0x2900,0x34ef W2=0xa19,0x39e4,0x2a20
  r61_witness[14] r61=17 tail=24 gh60=0x4cb5caa W1=0x203e,0x2536,0x3584 W2=0x1f4b,0x28ea,0x3a59
  r61_witness[15] r61=17 tail=26 gh60=0xcaa87ba W1=0x1379,0x135d,0x3656 W2=0x1286,0x26a3,0x1d99

D60=0 fiber histogram: 1:7996 2:4865 3:1813 4:1073 5:400 6:236 7:83 8:57 9:28 10:12 11:8 12:7 13:3 14:3 17:3
