free_word_mitm_reducedn
N=14 mask=0x3fff msb=0x2000
candidate: M0=0x3d36 mode=random-fallback fill=0x3fff kernel=dM0=dM9=0x2000
prefixes=32768/268435456 mode=permuted-prefix-sample w59_per_prefix=16384 total=536870912
run_mode=scan registry_cap=16
sample_start=231538688
scan_elapsed=15.528s rate=34.58 Mtriples/s

D60 interface
  D60=0 matches: 32568 (random expectation 32768.0, enrichment 0.994x)
  prefixes with D60=0: 16497
  max D60=0 fiber per prefix: 26 at W57=0x113e W58=0x3475
  largest D60 bucket: D=0x93a count=33673
  min D60 HW: 0
  D60 HW histogram: 0:32568 1:457226 2:2975768 3:11927668 4:32824673 5:65674544 6:98488542 7:112492899 8:98353104 9:65525528 10:32753728 11:11900801 12:2974724 13:456180 14:32959

Tail closure among D60=0 matches
  final tail collisions: 0
  best r61 HW: 13
  best r61 W1[57..59]=0x360a,0x790,0x1844
  best r61 W2[57..59]=0x3517,0x15b,0x33db
  best tail HW: 22
  best tail r61 HW: 22
  best W1[57..59]=0x13ab,0x15a3,0x2270
  best W2[57..59]=0x12b8,0x1178,0x3903

SUMMARY N=14 sample_start=231538688 prefixes=32768 total=536870912 d0=32568 best_tail=22 tail_r61=22 best_r61=13 tail_W1=0x13ab,0x15a3,0x2270 tail_W2=0x12b8,0x1178,0x3903 r61_W1=0x360a,0x790,0x1844 r61_W2=0x3517,0x15b,0x33db

Scan-only witness registry
  registry_count=16 registry_cap=16
  witness[00] tail=22 r61=22 gh60=0xc8887a6 W1=0x13ab,0x15a3,0x2270 W2=0x12b8,0x1178,0x3903
  witness[01] tail=24 r61=21 gh60=0x452c59e W1=0xcc8,0x16a5,0x1425 W2=0xbd5,0x1d3d,0x1500
  witness[02] tail=24 r61=21 gh60=0x3e0dcea W1=0x1e0e,0x1a50,0x1257 W2=0x1d1b,0x2288,0x2984
  witness[03] tail=24 r61=28 gh60=0xf7f8b66 W1=0x553,0x2412,0x1393 W2=0x460,0x3204,0x1b54
  witness[04] tail=25 r61=18 gh60=0x7a3c5ea W1=0x2a8e,0x3791,0x116d W2=0x299b,0x36b0,0x27ed
  witness[05] tail=25 r61=18 gh60=0x4478da6 W1=0x36bb,0x2f04,0x30fe W2=0x35c8,0x17a8,0xe1f
  witness[06] tail=25 r61=20 gh60=0x4988faa W1=0x37c1,0x1419,0x3436 W2=0x36ce,0x2220,0x118c
  witness[07] tail=25 r61=22 gh60=0xdcdddbe W1=0x1eb8,0x253e,0x1780 W2=0x1dc5,0x2f86,0x356f
  witness[08] tail=25 r61=22 gh60=0xcf29d7a W1=0x3ed5,0x3393,0x3270 W2=0x3de2,0x27de,0x2faf
  witness[09] tail=25 r61=23 gh60=0xcaebba6 W1=0xd83,0x2051,0x633 W2=0xc90,0x143b,0xa1c
  witness[10] tail=25 r61=23 gh60=0x57dc59e W1=0x12a8,0x201,0x13e0 W2=0x11b5,0x1655,0x145
  witness[11] tail=26 r61=17 gh60=0xc62bcfa W1=0xe19,0x1b0e,0xede W2=0xd26,0x2e1d,0x2054
  witness[12] tail=26 r61=20 gh60=0xc704d7a W1=0x365a,0x1beb,0xa3b W2=0x3567,0x19d3,0x19ec
  witness[13] tail=26 r61=21 gh60=0x7a1c4e6 W1=0x3314,0x2b11,0x39b0 W2=0x3221,0x2b09,0x1821
  witness[14] tail=26 r61=21 gh60=0x44b4dae W1=0x36b0,0xf41,0x3c1 W2=0x35bd,0x689,0x3b48
  witness[15] tail=26 r61=22 gh60=0xc7fbdaa W1=0x2ead,0x3041,0x250a W2=0x2dba,0x2d14,0x3fd4

Scan-only r61 registry
  registry_count=16 registry_cap=16
  r61_witness[00] r61=13 tail=39 gh60=0xc604c9a W1=0x360a,0x790,0x1844 W2=0x3517,0x15b,0x33db
  r61_witness[01] r61=14 tail=32 gh60=0x4508d6a W1=0x265d,0xe59,0xc64 W2=0x256a,0x23b0,0x3412
  r61_witness[02] r61=15 tail=27 gh60=0x5b884aa W1=0x3d31,0x1132,0x2ae W2=0x3c3e,0x2872,0x37af
  r61_witness[03] r61=15 tail=33 gh60=0xc884fa6 W1=0x37ac,0xe33,0xfff W2=0x36b9,0x378,0x1c0f
  r61_witness[04] r61=16 tail=28 gh60=0x4689fae W1=0x3f6f,0x318d,0x1c50 W2=0x3e7c,0x2a58,0x2209
  r61_witness[05] r61=16 tail=29 gh60=0xba17fee W1=0x2fa0,0x2f19,0x22bb W2=0x2ead,0x1add,0x2503
  r61_witness[06] r61=16 tail=29 gh60=0xda09cea W1=0x3f1d,0x3d89,0x3b90 W2=0x3e2a,0x1ec,0xd45
  r61_witness[07] r61=16 tail=30 gh60=0x5927faa W1=0x2fc2,0x3856,0x48d W2=0x2ecf,0xf6e,0x3fd7
  r61_witness[08] r61=16 tail=33 gh60=0xc884fa6 W1=0x37ac,0xe33,0xff7 W2=0x36b9,0x378,0x1c07
  r61_witness[09] r61=16 tail=36 gh60=0xb884fa6 W1=0x27ac,0x2b43,0x3d09 W2=0x26b9,0x1188,0x2a26
  r61_witness[10] r61=16 tail=37 gh60=0x4d0449a W1=0xc4a,0x372c,0x156a W2=0xb57,0x1d78,0x77b
  r61_witness[11] r61=16 tail=39 gh60=0x4888faa W1=0x17ad,0x3e08,0x2cd W2=0x16ba,0x3b1b,0x205e
  r61_witness[12] r61=17 tail=26 gh60=0xc62bcfa W1=0xe19,0x1b0e,0xede W2=0xd26,0x2e1d,0x2054
  r61_witness[13] r61=17 tail=30 gh60=0x44b4dae W1=0x6c0,0x311,0x9ca W2=0x5cd,0x2a49,0x38e9
  r61_witness[14] r61=17 tail=30 gh60=0x4618ce6 W1=0x270b,0x1c84,0x34a8 W2=0x2618,0x3796,0x2b0d
  r61_witness[15] r61=17 tail=32 gh60=0xca085ea W1=0x29d,0x724,0x28d5 W2=0x1aa,0x12b2,0x233d

D60=0 fiber histogram: 1:8024 2:4730 3:1795 4:1091 5:414 6:229 7:64 8:71 9:30 10:18 11:8 12:7 13:4 14:1 15:3 16:5 17:1 19:1 26:1
