free_word_mitm_reducedn
N=14 mask=0x3fff msb=0x2000
candidate: M0=0x3d36 mode=random-fallback fill=0x3fff kernel=dM0=dM9=0x2000
prefixes=32768/268435456 mode=permuted-prefix-sample w59_per_prefix=16384 total=536870912
run_mode=scan registry_cap=16
sample_start=21823488
scan_elapsed=15.194s rate=35.33 Mtriples/s

D60 interface
  D60=0 matches: 32347 (random expectation 32768.0, enrichment 0.987x)
  prefixes with D60=0: 16492
  max D60=0 fiber per prefix: 18 at W57=0x3e0c W58=0x229c
  largest D60 bucket: D=0x98c count=33963
  min D60 HW: 0
  D60 HW histogram: 0:32347 1:457427 2:2976779 3:11923302 4:32808844 5:65629024 6:98454532 7:112512145 8:98390015 9:65553262 10:32757996 11:11911585 12:2973347 13:457504 14:32803

Tail closure among D60=0 matches
  final tail collisions: 0
  best r61 HW: 14
  best r61 W1[57..59]=0xcba,0xf5a,0x29d1
  best r61 W2[57..59]=0xbc7,0x3e75,0xefb
  best tail HW: 21
  best tail r61 HW: 18
  best W1[57..59]=0x3554,0x18eb,0x3d1f
  best W2[57..59]=0x3461,0x36da,0x30ac

SUMMARY N=14 sample_start=21823488 prefixes=32768 total=536870912 d0=32347 best_tail=21 tail_r61=18 best_r61=14 tail_W1=0x3554,0x18eb,0x3d1f tail_W2=0x3461,0x36da,0x30ac r61_W1=0xcba,0xf5a,0x29d1 r61_W2=0xbc7,0x3e75,0xefb

Scan-only witness registry
  registry_count=16 registry_cap=16
  witness[00] tail=21 r61=18 gh60=0x5ae4b66 W1=0x3554,0x18eb,0x3d1f W2=0x3461,0x36da,0x30ac
  witness[01] tail=22 r61=20 gh60=0x5a88caa W1=0x38fd,0x34b1,0x4c0 W2=0x380a,0x79c,0x3cf2
  witness[02] tail=23 r61=19 gh60=0x4cb85aa W1=0x32c1,0x3319,0x162a W2=0x31ce,0x3d21,0x3ee6
  witness[03] tail=24 r61=21 gh60=0x4f17b6e W1=0xd60,0x170b,0x321 W2=0xc6d,0x3e1b,0x2b74
  witness[04] tail=24 r61=24 gh60=0xc48bca6 W1=0xe3b,0x3e8a,0xdef W2=0xd48,0x510,0x3c5b
  witness[05] tail=24 r61=24 gh60=0x756c59a W1=0x22a6,0x275d,0x615 W2=0x21b3,0x395,0x773
  witness[06] tail=25 r61=18 gh60=0xc7a8fbe W1=0x2777,0x2d8a,0x24ba W2=0x2684,0x2455,0x2da9
  witness[07] tail=25 r61=19 gh60=0xce04be6 W1=0x398c,0x1abe,0x3002 W2=0x3899,0x2d0d,0x10a7
  witness[08] tail=25 r61=20 gh60=0xc76bb7a W1=0x11d9,0x263,0x2082 W2=0x10e6,0x2d62,0x376b
  witness[09] tail=25 r61=22 gh60=0xca9849a W1=0x9e5,0x3e8d,0x105f W2=0x8f2,0x22d2,0x739
  witness[10] tail=25 r61=22 gh60=0xbe0dbea W1=0x219e,0x16de,0x1be2 W2=0x20ab,0x139e,0x2bb3
  witness[11] tail=25 r61=24 gh60=0x5a187a6 W1=0x2b83,0x3e8,0x2a40 W2=0x2a90,0x2e4d,0x1359
  witness[12] tail=25 r61=28 gh60=0x4fec4a6 W1=0x2504,0x2976,0x2c9a W2=0x2411,0x3972,0x234
  witness[13] tail=26 r61=17 gh60=0x79b9caa W1=0x2141,0xed8,0x2d8d W2=0x204e,0xe8b,0x194b
  witness[14] tail=26 r61=19 gh60=0xdb88fae W1=0x7af,0x24ac,0x1d86 W2=0x6bc,0x1b03,0x597
  witness[15] tail=26 r61=19 gh60=0xca084ee W1=0x1b0f,0x2b8d,0xc78 W2=0x1a1c,0x1fa7,0x16c

Scan-only r61 registry
  registry_count=16 registry_cap=16
  r61_witness[00] r61=14 tail=27 gh60=0xca08cea W1=0x380d,0x74c,0x32b9 W2=0x371a,0x1b13,0x3e52
  r61_witness[01] r61=14 tail=33 gh60=0xc904766 W1=0x1b5c,0x2a8a,0x1dd1 W2=0x1a69,0x22b6,0x200c
  r61_witness[02] r61=14 tail=35 gh60=0x4a08cee W1=0x70f,0x7b7,0xe1f W2=0x61c,0x228e,0x3237
  r61_witness[03] r61=14 tail=37 gh60=0x44845ba W1=0xcba,0xf5a,0x29d1 W2=0xbc7,0x3e75,0xefb
  r61_witness[04] r61=15 tail=27 gh60=0x4628dfa W1=0x695,0x2b7b,0xaf3 W2=0x5a2,0x19d6,0x37eb
  r61_witness[05] r61=15 tail=38 gh60=0x3a047fa W1=0x1b9a,0xe5d,0xad5 W2=0x1aa7,0xfa2,0x2b1
  r61_witness[06] r61=16 tail=29 gh60=0x4665d66 W1=0x3ee4,0x38a8,0x3961 W2=0x3df1,0x2a11,0x3189
  r61_witness[07] r61=16 tail=31 gh60=0x489ccba W1=0x93a,0x9ab,0xd55 W2=0x847,0x2b5f,0x35d8
  r61_witness[08] r61=16 tail=31 gh60=0xca08dee W1=0x368f,0x21b9,0x3462 W2=0x359c,0x1b7c,0x1282
  r61_witness[09] r61=16 tail=34 gh60=0x46085ea W1=0x14a1,0x13c4,0x1080 W2=0x13ae,0x22d2,0x10a6
  r61_witness[10] r61=16 tail=34 gh60=0x59a44ea W1=0x2b22,0x34ba,0x354f W2=0x2a2f,0x99,0xda2
  r61_witness[11] r61=16 tail=34 gh60=0x4b67baa W1=0x2db2,0x52e,0x1ea3 W2=0x2cbf,0x1d7a,0xfa9
  r61_witness[12] r61=16 tail=34 gh60=0x599bbaa W1=0x31b1,0x200b,0x4ff W2=0x30be,0x922,0x254e
  r61_witness[13] r61=16 tail=36 gh60=0xc98bbae W1=0x116f,0x3edc,0xde6 W2=0x107c,0x1e67,0xdf2
  r61_witness[14] r61=16 tail=38 gh60=0x3c885aa W1=0x34b1,0x22ad,0x1aa0 W2=0x33be,0x3045,0x5ec
  r61_witness[15] r61=17 tail=26 gh60=0x79b9caa W1=0x2141,0xed8,0x2d8d W2=0x204e,0xe8b,0x194b

D60=0 fiber histogram: 1:8021 2:4714 3:1833 4:1102 5:403 6:216 7:81 8:63 9:23 10:20 11:4 12:7 13:2 14:1 16:1 18:1
