free_word_mitm_reducedn
N=14 mask=0x3fff msb=0x2000
candidate: M0=0x3d36 mode=random-fallback fill=0x3fff kernel=dM0=dM9=0x2000
prefixes=32768/268435456 mode=permuted-prefix-sample w59_per_prefix=16384 total=536870912
run_mode=scan registry_cap=16
sample_start=256704512
scan_elapsed=11.290s rate=47.55 Mtriples/s

D60 interface
  D60=0 matches: 32614 (random expectation 32768.0, enrichment 0.995x)
  prefixes with D60=0: 16530
  max D60=0 fiber per prefix: 20 at W57=0x2f80 W58=0x1331
  largest D60 bucket: D=0x2d1d count=33787
  min D60 HW: 0
  D60 HW histogram: 0:32614 1:458298 2:2981026 3:11933595 4:32808466 5:65626542 6:98395104 7:112491163 8:98419520 9:65603871 10:32758784 11:11900907 12:2971821 13:456913 14:32288

Tail closure among D60=0 matches
  final tail collisions: 0
  best r61 HW: 11
  best r61 W1[57..59]=0x3d2d,0x80a,0x1dc8
  best r61 W2[57..59]=0x3c3a,0x1f06,0x2fbb
  best tail HW: 19
  best tail r61 HW: 21
  best W1[57..59]=0x3d2e,0x39d4,0x344c
  best W2[57..59]=0x3c3b,0x10d5,0x3c50

SUMMARY N=14 sample_start=256704512 prefixes=32768 total=536870912 d0=32614 best_tail=19 tail_r61=21 best_r61=11 tail_W1=0x3d2e,0x39d4,0x344c tail_W2=0x3c3b,0x10d5,0x3c50 r61_W1=0x3d2d,0x80a,0x1dc8 r61_W2=0x3c3a,0x1f06,0x2fbb

Scan-only witness registry
  registry_count=16 registry_cap=16
  witness[00] tail=19 r61=21 gh60=0x4ffc4aa W1=0x3d2e,0x39d4,0x344c W2=0x3c3b,0x10d5,0x3c50
  witness[01] tail=21 r61=18 gh60=0x7a084e6 W1=0x2b0b,0x1f55,0x38bc W2=0x2a18,0x3e28,0x93
  witness[02] tail=22 r61=16 gh60=0x4a084ea W1=0x1c1d,0x36f2,0x2e7e W2=0x1b2a,0xfa4,0x3ab
  witness[03] tail=23 r61=22 gh60=0xd987bba W1=0x31ba,0x304f,0x2773 W2=0x30c7,0x547,0x1489
  witness[04] tail=24 r61=26 gh60=0xbb84cba W1=0x83a,0x1f7c,0x3304 W2=0x747,0x170,0x2465
  witness[05] tail=24 r61=28 gh60=0x7e9fdaa W1=0xe72,0x1dd7,0x781 W2=0xd7f,0x2537,0x212f
  witness[06] tail=25 r61=17 gh60=0xda944aa W1=0x2afe,0x27bf,0x2bb7 W2=0x2a0b,0x2fb0,0x1cd5
  witness[07] tail=25 r61=19 gh60=0xc55c57a W1=0xcd6,0x1f0,0x2062 W2=0xbe3,0x211d,0x1a72
  witness[08] tail=25 r61=20 gh60=0xdf94fae W1=0x1780,0x1ec9,0x3bec W2=0x168d,0x2591,0xe8e
  witness[09] tail=25 r61=20 gh60=0x478bcae W1=0x30ef,0x15c4,0x2443 W2=0x2ffc,0x1927,0x23a5
  witness[10] tail=25 r61=22 gh60=0x4b08b6a W1=0x254d,0x3560,0x25d W2=0x245a,0x2b5b,0x2da8
  witness[11] tail=25 r61=22 gh60=0x4bac5be W1=0x3478,0xfcc,0x3975 W2=0x3385,0x2503,0x3453
  witness[12] tail=25 r61=23 gh60=0x3ee7b6a W1=0xde2,0x11c1,0x1282 W2=0xcef,0x3015,0x566
  witness[13] tail=25 r61=23 gh60=0x76f4b9e W1=0x1568,0x6fd,0x5de W2=0x1475,0x10a4,0xc62
  witness[14] tail=25 r61=24 gh60=0xd69c4ba W1=0x14fa,0x3478,0x1f1a W2=0x1407,0x2bab,0x37d5
  witness[15] tail=25 r61=24 gh60=0x7a7dbaa W1=0x2182,0x1833,0x1438 W2=0x208f,0x2df,0x1b30

Scan-only r61 registry
  registry_count=16 registry_cap=16
  r61_witness[00] r61=11 tail=26 gh60=0x78884a6 W1=0x353b,0x23dd,0x3ad1 W2=0x3448,0x302a,0x20bb
  r61_witness[01] r61=11 tail=29 gh60=0x48984aa W1=0x3d2d,0x80a,0x1dc8 W2=0x3c3a,0x1f06,0x2fbb
  r61_witness[02] r61=15 tail=26 gh60=0xfaa4766 W1=0x2be4,0x2f01,0x31a0 W2=0x2af1,0x1bdf,0x316e
  r61_witness[03] r61=15 tail=26 gh60=0xdc884aa W1=0x322d,0x33f0,0x14b8 W2=0x313a,0x72c,0x2842
  r61_witness[04] r61=15 tail=28 gh60=0x5a64cea W1=0x3612,0xc0a,0x1ca0 W2=0x351f,0x220a,0x16cc
  r61_witness[05] r61=15 tail=30 gh60=0x4908b6a W1=0x29e1,0x1930,0x3816 W2=0x28ee,0x1323,0x2427
  r61_witness[06] r61=15 tail=37 gh60=0x4a28c9a W1=0x1709,0x1bd6,0x14f8 W2=0x1616,0xf64,0xfb8
  r61_witness[07] r61=16 tail=22 gh60=0x4a084ea W1=0x1c1d,0x36f2,0x2e7e W2=0x1b2a,0xfa4,0x3ab
  r61_witness[08] r61=16 tail=26 gh60=0x48887ae W1=0x3bbf,0x3b2c,0x6ea W2=0x3acc,0x574,0x171
  r61_witness[09] r61=16 tail=33 gh60=0xb91bca6 W1=0x1143,0x277c,0x1a20 W2=0x1050,0x3832,0x1421
  r61_witness[10] r61=16 tail=33 gh60=0x4914f6e W1=0x1750,0x2c2c,0xe86 W2=0x165d,0x2f68,0x375d
  r61_witness[11] r61=16 tail=33 gh60=0xc658c9e W1=0x3707,0x364c,0x12f4 W2=0x3614,0x402,0x16ad
  r61_witness[12] r61=16 tail=35 gh60=0x461859a W1=0x2485,0x2c48,0x3125 W2=0x2392,0x1abd,0x2a87
  r61_witness[13] r61=16 tail=37 gh60=0x4884ca6 W1=0x93c,0x3d69,0x1c24 W2=0x849,0x2676,0x3fac
  r61_witness[14] r61=16 tail=40 gh60=0x4b08b6a W1=0x254d,0x3560,0x65d W2=0x245a,0x2b5b,0x31a8
  r61_witness[15] r61=17 tail=25 gh60=0xda944aa W1=0x2afe,0x27bf,0x2bb7 W2=0x2a0b,0x2fb0,0x1cd5

D60=0 fiber histogram: 1:7935 2:4853 3:1787 4:1108 5:411 6:226 7:66 8:76 9:30 10:20 11:6 12:6 13:1 14:3 16:1 20:1
