free_word_mitm_reducedn
N=14 mask=0x3fff msb=0x2000
candidate: M0=0x3d36 mode=random-fallback fill=0x3fff kernel=dM0=dM9=0x2000
prefixes=32768/268435456 mode=permuted-prefix-sample w59_per_prefix=16384 total=536870912
run_mode=scan registry_cap=16
sample_start=206372864
scan_elapsed=15.608s rate=34.40 Mtriples/s

D60 interface
  D60=0 matches: 32534 (random expectation 32768.0, enrichment 0.993x)
  prefixes with D60=0: 16311
  max D60=0 fiber per prefix: 24 at W57=0x19f3 W58=0x2eb3
  largest D60 bucket: D=0x2f94 count=33750
  min D60 HW: 0
  D60 HW histogram: 0:32534 1:454694 2:2977757 3:11926899 4:32807805 5:65642324 6:98450644 7:112503854 8:98379071 9:65546614 10:32770410 11:11909922 12:2977254 13:458537 14:32593

Tail closure among D60=0 matches
  final tail collisions: 0
  best r61 HW: 14
  best r61 W1[57..59]=0x2e1f,0x1e9,0x458
  best r61 W2[57..59]=0x2d2c,0x1f3c,0x2755
  best tail HW: 22
  best tail r61 HW: 22
  best W1[57..59]=0xdf1,0x34d6,0x2e21
  best W2[57..59]=0xcfe,0x2851,0x1281

SUMMARY N=14 sample_start=206372864 prefixes=32768 total=536870912 d0=32534 best_tail=22 tail_r61=22 best_r61=14 tail_W1=0xdf1,0x34d6,0x2e21 tail_W2=0xcfe,0x2851,0x1281 r61_W1=0x2e1f,0x1e9,0x458 r61_W2=0x2d2c,0x1f3c,0x2755

Scan-only witness registry
  registry_count=16 registry_cap=16
  witness[00] tail=22 r61=17 gh60=0xd7884a6 W1=0x4fb,0x752,0x3219 W2=0x408,0x51f,0x1af1
  witness[01] tail=22 r61=22 gh60=0xca9bcaa W1=0xdf1,0x34d6,0x2e21 W2=0xcfe,0x2851,0x1281
  witness[02] tail=22 r61=30 gh60=0xdf8bdaa W1=0x1081,0x54a,0x5e8 W2=0xf8e,0x32a9,0x3574
  witness[03] tail=23 r61=22 gh60=0x46b7cae W1=0xe00,0x1000,0x1086 W2=0xd0d,0x2750,0x2691
  witness[04] tail=24 r61=18 gh60=0x55245aa W1=0x12c2,0x3eee,0x2d9e W2=0x11cf,0x1b2b,0x12f0
  witness[05] tail=24 r61=21 gh60=0x448fcaa W1=0xe2e,0x1f09,0xb5d W2=0xd3b,0x11c9,0x1274
  witness[06] tail=24 r61=24 gh60=0xc9f9bae W1=0x3d6f,0x2f2f,0x1530 W2=0x3c7c,0x29ba,0x766
  witness[07] tail=24 r61=24 gh60=0x3cd5cba W1=0x3e36,0x67d,0x17e8 W2=0x3d43,0x30bd,0xbb9
  witness[08] tail=24 r61=25 gh60=0xca3c4ee W1=0x2520,0x200c,0xe4a W2=0x242d,0x1027,0x3f57
  witness[09] tail=25 r61=23 gh60=0x7dbbdba W1=0x2e79,0x3c67,0x2d39 W2=0x2d86,0x54a,0x339f
  witness[10] tail=25 r61=23 gh60=0x7aabc9a W1=0x2fe5,0x299c,0x1eff W2=0x2ef2,0x3e68,0x191f
  witness[11] tail=25 r61=25 gh60=0x5efbc9a W1=0x2e49,0x9ca,0x2645 W2=0x2d56,0x289a,0x262f
  witness[12] tail=25 r61=26 gh60=0xcf2456a W1=0x24d2,0x2f45,0x141f W2=0x23df,0x3600,0x3721
  witness[13] tail=25 r61=33 gh60=0x77b84aa W1=0x1ed,0x1765,0x379a W2=0xfa,0x1a21,0x32b9
  witness[14] tail=26 r61=14 gh60=0xc60bcee W1=0x2e1f,0x1e9,0x458 W2=0x2d2c,0x1f3c,0x2755
  witness[15] tail=26 r61=17 gh60=0x4c985aa W1=0x12bd,0x5fc,0x2650 W2=0x11ca,0x2200,0x3d4e

Scan-only r61 registry
  registry_count=16 registry_cap=16
  r61_witness[00] r61=14 tail=26 gh60=0xc60bcee W1=0x2e1f,0x1e9,0x458 W2=0x2d2c,0x1f3c,0x2755
  r61_witness[01] r61=15 tail=30 gh60=0xca085ea W1=0xa91,0x90f,0x340f W2=0x99e,0x22d,0x3705
  r61_witness[02] r61=15 tail=34 gh60=0x48b8be6 W1=0x9a3,0x3b53,0x1c69 W2=0x8b0,0x3d41,0x1df6
  r61_witness[03] r61=15 tail=36 gh60=0x4995baa W1=0x17e,0x1316,0x7b4 W2=0x8b,0xdde,0x1402
  r61_witness[04] r61=16 tail=27 gh60=0xca0bdea W1=0x30a1,0x28fd,0x1c0e W2=0x2fae,0x1050,0x3751
  r61_witness[05] r61=16 tail=28 gh60=0xc9a7ba6 W1=0x1174,0xfe3,0x13cc W2=0x1081,0x3ca,0x991
  r61_witness[06] r61=16 tail=28 gh60=0xba58dfa W1=0x2899,0x110b,0x2aed W2=0x27a6,0x296a,0x366f
  r61_witness[07] r61=16 tail=34 gh60=0xdd0856a W1=0xc61,0x1ebb,0x2e1e W2=0xb6e,0x19bd,0x2aaa
  r61_witness[08] r61=16 tail=34 gh60=0x4609dea W1=0x1e8d,0x2d93,0x10d2 W2=0x1d9a,0x3dee,0x15cb
  r61_witness[09] r61=16 tail=34 gh60=0x4889bae W1=0x21bf,0xa51,0x1dd6 W2=0x20cc,0x3c5c,0x1065
  r61_witness[10] r61=16 tail=35 gh60=0x48887ae W1=0x3bbf,0x3b41,0x1204 W2=0x3acc,0x589,0x11a4
  r61_witness[11] r61=16 tail=35 gh60=0x4605f9a W1=0x3f8a,0x1c59,0x2b7a W2=0x3e97,0x732,0x1053
  r61_witness[12] r61=16 tail=37 gh60=0x49887aa W1=0x13c1,0xb68,0x2dbc W2=0x12ce,0x1db0,0xa8a
  r61_witness[13] r61=17 tail=22 gh60=0xd7884a6 W1=0x4fb,0x752,0x3219 W2=0x408,0x51f,0x1af1
  r61_witness[14] r61=17 tail=26 gh60=0x4c985aa W1=0x12bd,0x5fc,0x2650 W2=0x11ca,0x2200,0x3d4e
  r61_witness[15] r61=17 tail=27 gh60=0x5a087e6 W1=0x38b,0x1acb,0x48d W2=0x298,0x414,0x2864

D60=0 fiber histogram: 1:7881 2:4652 3:1734 4:1163 5:399 6:236 7:84 8:84 9:38 10:14 11:7 12:9 13:2 14:3 15:2 17:1 18:1 24:1
