free_word_mitm_reducedn
N=14 mask=0x3fff msb=0x2000
candidate: M0=0x3d36 mode=random-fallback fill=0x3fff kernel=dM0=dM9=0x2000
prefixes=32768/268435456 mode=permuted-prefix-sample w59_per_prefix=16384 total=536870912
run_mode=scan registry_cap=16
sample_start=172818432
scan_elapsed=15.613s rate=34.39 Mtriples/s

D60 interface
  D60=0 matches: 32753 (random expectation 32768.0, enrichment 1.000x)
  prefixes with D60=0: 16619
  max D60=0 fiber per prefix: 19 at W57=0x3d87 W58=0x2273
  largest D60 bucket: D=0x2a39 count=33771
  min D60 HW: 0
  D60 HW histogram: 0:32753 1:458391 2:2981305 3:11935391 4:32806486 5:65623146 6:98447723 7:112518363 8:98409293 9:65559021 10:32733072 11:11898678 12:2976757 13:457725 14:32808

Tail closure among D60=0 matches
  final tail collisions: 0
  best r61 HW: 13
  best r61 W1[57..59]=0x26bb,0x2229,0xff1
  best r61 W2[57..59]=0x25c8,0x39cd,0x1f55
  best tail HW: 19
  best tail r61 HW: 20
  best W1[57..59]=0x21c7,0x24e0,0x536
  best W2[57..59]=0x20d4,0x184c,0x230e

SUMMARY N=14 sample_start=172818432 prefixes=32768 total=536870912 d0=32753 best_tail=19 tail_r61=20 best_r61=13 tail_W1=0x21c7,0x24e0,0x536 tail_W2=0x20d4,0x184c,0x230e r61_W1=0x26bb,0x2229,0xff1 r61_W2=0x25c8,0x39cd,0x1f55

Scan-only witness registry
  registry_count=16 registry_cap=16
  witness[00] tail=19 r61=20 gh60=0xf939b9e W1=0x21c7,0x24e0,0x536 W2=0x20d4,0x184c,0x230e
  witness[01] tail=20 r61=18 gh60=0xce685be W1=0xa77,0x2a0d,0x3b1b W2=0x984,0x2f57,0x2bce
  witness[02] tail=22 r61=19 gh60=0xb505d7a W1=0x205a,0x9cc,0x1e04 W2=0x1f67,0x3810,0x3856
  witness[03] tail=22 r61=22 gh60=0x4f9879a W1=0x33a5,0xac7,0x3c2b W2=0x32b2,0xcae,0x2f0c
  witness[04] tail=23 r61=15 gh60=0x596c766 W1=0x3354,0x88d,0x1e6e W2=0x3261,0x9dd,0x1ee1
  witness[05] tail=23 r61=21 gh60=0x4dbbc9a W1=0x3025,0x518,0x5d8 W2=0x2f32,0x1d64,0x865
  witness[06] tail=24 r61=18 gh60=0x39a8bba W1=0x35b5,0x2004,0x2dce W2=0x34c2,0x1f1b,0x104a
  witness[07] tail=24 r61=21 gh60=0xdee8c9e W1=0x2947,0x3736,0x3f09 W2=0x2854,0x3064,0x2b68
  witness[08] tail=25 r61=21 gh60=0x5557d9e W1=0x30c8,0x376b,0x1004 W2=0x2fd5,0x2c04,0x3087
  witness[09] tail=25 r61=23 gh60=0x55a44a6 W1=0x29f4,0x1782,0x2bfd W2=0x2901,0x1270,0x290
  witness[10] tail=25 r61=24 gh60=0x3bb44ae W1=0xd40,0x294d,0x12b W2=0xc4d,0x185e,0x1c01
  witness[11] tail=25 r61=24 gh60=0x49afb9a W1=0xd66,0x2df1,0x1d6a W2=0xc73,0x249a,0x155e
  witness[12] tail=25 r61=25 gh60=0xf93dfa6 W1=0x1fc4,0x12fa,0x1f1a W2=0x1ed1,0x3ae1,0x356c
  witness[13] tail=25 r61=25 gh60=0xca0fcfa W1=0x2e1a,0x20f7,0x3d34 W2=0x2d27,0x3de3,0x26f8
  witness[14] tail=25 r61=26 gh60=0xdfafb6a W1=0x1162,0x3370,0x18c6 W2=0x106f,0xd84,0xce8
  witness[15] tail=25 r61=28 gh60=0xdb3876a W1=0x1bdd,0xf76,0x2781 W2=0x1aea,0xbc8,0x261b

Scan-only r61 registry
  registry_count=16 registry_cap=16
  r61_witness[00] r61=13 tail=30 gh60=0x4488da6 W1=0x26bb,0x2229,0xff1 W2=0x25c8,0x39cd,0x1f55
  r61_witness[01] r61=14 tail=38 gh60=0xc615fea W1=0x1f9e,0xa6b,0x295f W2=0x1eab,0x8eb,0x36cc
  r61_witness[02] r61=15 tail=23 gh60=0x596c766 W1=0x3354,0x88d,0x1e6e W2=0x3261,0x9dd,0x1ee1
  r61_witness[03] r61=15 tail=34 gh60=0x490449a W1=0x354a,0x22dd,0x1a3d W2=0x3457,0x18e3,0x333c
  r61_witness[04] r61=16 tail=26 gh60=0x49b4baa W1=0x29ae,0x2d35,0x33f9 W2=0x28bb,0x297d,0x10d4
  r61_witness[05] r61=16 tail=27 gh60=0x4e085ee W1=0x3a8f,0x1e75,0x2b1f W2=0x399c,0x14b7,0x7d3
  r61_witness[06] r61=16 tail=31 gh60=0xca3849a W1=0x2a09,0x197d,0x132 W2=0x2916,0x3dc8,0x2eaf
  r61_witness[07] r61=16 tail=32 gh60=0x4d0856a W1=0x2c51,0x27d1,0x15b2 W2=0x2b5e,0x2bdf,0x24e2
  r61_witness[08] r61=16 tail=33 gh60=0xca0c4ee W1=0x3c20,0x226f,0x784 W2=0x3b2d,0xcf6,0x2aa0
  r61_witness[09] r61=16 tail=37 gh60=0x4908b6a W1=0x29e1,0x3530,0x203f W2=0x28ee,0x2f23,0x2350
  r61_witness[10] r61=16 tail=38 gh60=0xcd05d7a W1=0x5a,0xbc2,0x3a60 W2=0x3f67,0x320e,0x1033
  r61_witness[11] r61=17 tail=26 gh60=0xc985ca6 W1=0xfc,0x860,0x1058 W2=0x9,0x30eb,0x19ce
  r61_witness[12] r61=17 tail=26 gh60=0xb908b6a W1=0x9cd,0x1f1f,0x37c W2=0x8da,0x115a,0x38e7
  r61_witness[13] r61=17 tail=28 gh60=0x3e04be6 W1=0x58c,0x2508,0xf96 W2=0x499,0x2f53,0x36a0
  r61_witness[14] r61=17 tail=30 gh60=0x4904766 W1=0x1b5c,0x1e8a,0x12ab W2=0x1a69,0x16b6,0xfe2
  r61_witness[15] r61=17 tail=30 gh60=0x3ae8ce6 W1=0x2613,0x3eba,0xc34 W2=0x2520,0x2d6c,0x2e89

D60=0 fiber histogram: 1:8098 2:4752 3:1811 4:1087 5:415 6:219 7:86 8:77 9:32 10:16 11:10 12:12 13:1 14:1 15:1 19:1
