free_word_mitm_reducedn
N=14 mask=0x3fff msb=0x2000
candidate: M0=0x3d36 mode=random-fallback fill=0x3fff kernel=dM0=dM9=0x2000
prefixes=32768/268435456 mode=permuted-prefix-sample w59_per_prefix=16384 total=536870912
run_mode=scan registry_cap=16
sample_start=209321984
scan_elapsed=15.375s rate=34.92 Mtriples/s

D60 interface
  D60=0 matches: 32413 (random expectation 32768.0, enrichment 0.989x)
  prefixes with D60=0: 16317
  max D60=0 fiber per prefix: 20 at W57=0x2dcc W58=0x1eca
  largest D60 bucket: D=0x2d66 count=33835
  min D60 HW: 0
  D60 HW histogram: 0:32413 1:456133 2:2975341 3:11922619 4:32804810 5:65624101 6:98422797 7:112515488 8:98423859 9:65563375 10:32762307 11:11904636 12:2973574 13:456818 14:32641

Tail closure among D60=0 matches
  final tail collisions: 0
  best r61 HW: 15
  best r61 W1[57..59]=0x1e53,0x1782,0x3479
  best r61 W2[57..59]=0x1d60,0xbba,0x37dc
  best tail HW: 22
  best tail r61 HW: 23
  best W1[57..59]=0x3900,0x28be,0x1c06
  best W2[57..59]=0x380d,0x238e,0xf91

SUMMARY N=14 sample_start=209321984 prefixes=32768 total=536870912 d0=32413 best_tail=22 tail_r61=23 best_r61=15 tail_W1=0x3900,0x28be,0x1c06 tail_W2=0x380d,0x238e,0xf91 r61_W1=0x1e53,0x1782,0x3479 r61_W2=0x1d60,0xbba,0x37dc

Scan-only witness registry
  registry_count=16 registry_cap=16
  witness[00] tail=22 r61=23 gh60=0x498ccae W1=0x3900,0x28be,0x1c06 W2=0x380d,0x238e,0xf91
  witness[01] tail=23 r61=19 gh60=0x7a385ea W1=0x1a91,0x26d8,0x2d9 W2=0x199e,0x36fa,0x2396
  witness[02] tail=23 r61=19 gh60=0xc6d857a W1=0x1c59,0x360a,0x390d W2=0x1b66,0x2716,0x3a2c
  witness[03] tail=24 r61=15 gh60=0x49f84e6 W1=0x3a13,0xd3f,0x30a3 W2=0x3920,0xb34,0xf20
  witness[04] tail=24 r61=21 gh60=0x5dec49e W1=0x1a48,0x2f03,0x1688 W2=0x1955,0x3aef,0x1d80
  witness[05] tail=24 r61=21 gh60=0xc905f66 W1=0x3fcc,0x22d,0x286 W2=0x3ed9,0x23e6,0x827
  witness[06] tail=24 r61=23 gh60=0xc778f6a W1=0x17dd,0x2d7e,0x7ce W2=0x16ea,0x2591,0x1ee6
  witness[07] tail=25 r61=16 gh60=0x4609cea W1=0x2121,0x7de,0x343d W2=0x202e,0xa05,0x1277
  witness[08] tail=25 r61=19 gh60=0x4924ca6 W1=0x944,0xa92,0x315f W2=0x851,0x144f,0x1651
  witness[09] tail=25 r61=19 gh60=0xd48bcaa W1=0x3041,0x287,0x1a47 W2=0x2f4e,0x397a,0x3b76
  witness[10] tail=25 r61=20 gh60=0x449cdae W1=0x16b0,0xe10,0x3183 W2=0x15bd,0x558,0xf5e
  witness[11] tail=25 r61=20 gh60=0xd985cba W1=0x3efa,0xf07,0xa64 W2=0x3e07,0x31bb,0x5da
  witness[12] tail=25 r61=21 gh60=0xc904766 W1=0x334c,0x28d7,0xb7c W2=0x3259,0x2a95,0x2c51
  witness[13] tail=25 r61=22 gh60=0x78a87e6 W1=0x23a3,0x2b07,0x589 W2=0x22b0,0x1276,0x2682
  witness[14] tail=25 r61=22 gh60=0x4da4caa W1=0x25f2,0x15e1,0x2004 W2=0x24ff,0x1ee5,0x319
  witness[15] tail=25 r61=24 gh60=0xcdaddba W1=0x2076,0xb26,0x2a2d W2=0x1f83,0x23fe,0x525

Scan-only r61 registry
  registry_count=16 registry_cap=16
  r61_witness[00] r61=15 tail=24 gh60=0x49f84e6 W1=0x3a13,0xd3f,0x30a3 W2=0x3920,0xb34,0xf20
  r61_witness[01] r61=15 tail=29 gh60=0x46944aa W1=0x2bfe,0x28c7,0xf7f W2=0x2b0b,0x2e78,0x3c5f
  r61_witness[02] r61=15 tail=32 gh60=0x4519d66 W1=0x1e53,0x1782,0x3479 W2=0x1d60,0xbba,0x37dc
  r61_witness[03] r61=15 tail=33 gh60=0xca0bdea W1=0x2e8d,0xb5c,0x1b23 W2=0x2d9a,0x8bb,0x30f
  r61_witness[04] r61=16 tail=25 gh60=0x4609cea W1=0x2121,0x7de,0x343d W2=0x202e,0xa05,0x1277
  r61_witness[05] r61=16 tail=29 gh60=0x462849a W1=0x409,0x351d,0x33a4 W2=0x316,0x1b6e,0x1512
  r61_witness[06] r61=16 tail=29 gh60=0x396877a W1=0x1355,0x1f26,0x3126 W2=0x1262,0x21fe,0x2c45
  r61_witness[07] r61=16 tail=30 gh60=0xc994baa W1=0x196e,0x3563,0x19b2 W2=0x187b,0x23b,0x3f32
  r61_witness[08] r61=16 tail=30 gh60=0x44a84ba W1=0x2435,0x2287,0x33e0 W2=0x2342,0x941,0x2971
  r61_witness[09] r61=16 tail=32 gh60=0x4a8c5a6 W1=0xc6c,0x356c,0x201c W2=0xb79,0x2c20,0x115
  r61_witness[10] r61=16 tail=33 gh60=0xb5a9c9e W1=0x27,0x2e76,0xed2 W2=0x3f34,0x36e2,0x1654
  r61_witness[11] r61=16 tail=33 gh60=0xcd08d6a W1=0x8e1,0x17d0,0x2ed7 W2=0x7ee,0x172b,0x387c
  r61_witness[12] r61=16 tail=34 gh60=0xbd04566 W1=0x24c,0x1c3,0x22bb W2=0x159,0x17f5,0xd23
  r61_witness[13] r61=17 tail=26 gh60=0x4e79f9a W1=0x1f69,0xd76,0x3b92 W2=0x1e76,0xc0a,0xbea
  r61_witness[14] r61=17 tail=29 gh60=0xc909b6a W1=0x3de1,0x3b5,0x2048 W2=0x3cee,0x6e0,0x2b1d
  r61_witness[15] r61=17 tail=30 gh60=0x360449a W1=0xb0a,0x3630,0x398a W2=0xa17,0x1eb8,0x38cc

D60=0 fiber histogram: 1:7767 2:4712 3:1892 4:1098 5:438 6:203 7:71 8:72 9:26 10:18 11:6 12:7 13:3 15:1 16:1 19:1 20:1
