free_word_mitm_reducedn
N=14 mask=0x3fff msb=0x2000
candidate: M0=0x3d36 mode=random-fallback fill=0x3fff kernel=dM0=dM9=0x2000
prefixes=32768/268435456 mode=permuted-prefix-sample w59_per_prefix=16384 total=536870912
run_mode=scan registry_cap=16
sample_start=117047296
scan_elapsed=15.542s rate=34.54 Mtriples/s

D60 interface
  D60=0 matches: 32502 (random expectation 32768.0, enrichment 0.992x)
  prefixes with D60=0: 16445
  max D60=0 fiber per prefix: 29 at W57=0x1afd W58=0xbb4
  largest D60 bucket: D=0x2f37 count=33910
  min D60 HW: 0
  D60 HW histogram: 0:32502 1:459026 2:2985478 3:11926589 4:32794154 5:65614801 6:98423103 7:112478600 8:98396505 9:65589980 10:32783100 11:11919807 12:2976749 13:457505 14:33013

Tail closure among D60=0 matches
  final tail collisions: 0
  best r61 HW: 15
  best r61 W1[57..59]=0x3eec,0x13bc,0x31c5
  best r61 W2[57..59]=0x3df9,0x1ddb,0x2bd1
  best tail HW: 22
  best tail r61 HW: 17
  best W1[57..59]=0x208a,0x1142,0x1d94
  best W2[57..59]=0x1f97,0x3a63,0x2ba7

SUMMARY N=14 sample_start=117047296 prefixes=32768 total=536870912 d0=32502 best_tail=22 tail_r61=17 best_r61=15 tail_W1=0x208a,0x1142,0x1d94 tail_W2=0x1f97,0x3a63,0x2ba7 r61_W1=0x3eec,0x13bc,0x31c5 r61_W2=0x3df9,0x1ddb,0x2bd1

Scan-only witness registry
  registry_count=16 registry_cap=16
  witness[00] tail=22 r61=17 gh60=0x7a0dd9a W1=0x208a,0x1142,0x1d94 W2=0x1f97,0x3a63,0x2ba7
  witness[01] tail=23 r61=15 gh60=0xcd2bd7e W1=0x10d7,0x2d4f,0x226e W2=0xfe4,0x1d7e,0x36d7
  witness[02] tail=23 r61=15 gh60=0xc8f8b6a W1=0x394d,0x15d0,0x1519 W2=0x385a,0xc0f,0x32
  witness[03] tail=23 r61=21 gh60=0xcd2fdaa W1=0x10c2,0x2769,0x2e69 W2=0xfcf,0x2469,0x12ea
  witness[04] tail=23 r61=22 gh60=0x363c7e6 W1=0x3b8c,0x27f5,0x3d63 W2=0x3a99,0x1fc5,0x1eb9
  witness[05] tail=23 r61=24 gh60=0xdd98c9a W1=0x825,0xe5a,0x16ae W2=0x732,0x2f24,0x15f
  witness[06] tail=24 r61=18 gh60=0xdae8c9e W1=0x38e7,0x119b,0x2c63 W2=0x37f4,0x1b09,0x162e
  witness[07] tail=24 r61=19 gh60=0x3e985aa W1=0x1c7d,0x91a,0x18a1 W2=0x1b8a,0x25ae,0x1111
  witness[08] tail=24 r61=25 gh60=0xbb89caa W1=0x3ffd,0x10be,0x575 W2=0x3f0a,0x14e9,0x178a
  witness[09] tail=25 r61=17 gh60=0x5908b6a W1=0x35cd,0xc36,0x1622 W2=0x34da,0xe2d,0x11d1
  witness[10] tail=25 r61=17 gh60=0x490876e W1=0x3bcf,0x3ce4,0xea7 W2=0x3adc,0x1e,0x1fb6
  witness[11] tail=25 r61=19 gh60=0xda847ba W1=0x237a,0xadb,0x36f5 W2=0x2287,0x3e2a,0x10d7
  witness[12] tail=25 r61=19 gh60=0x4a58bbe W1=0x3977,0x1db1,0x3d05 W2=0x3884,0x2238,0x33d9
  witness[13] tail=25 r61=20 gh60=0x4a1cce6 W1=0x180c,0x2051,0x240a W2=0x1719,0x27e8,0x14ee
  witness[14] tail=25 r61=21 gh60=0x4cf85ba W1=0x3cb9,0x763,0x3d02 W2=0x3bc6,0x367d,0x638
  witness[15] tail=25 r61=22 gh60=0x49684be W1=0xb37,0x184,0x3bc3 W2=0xa44,0x222,0x38d5

Scan-only r61 registry
  registry_count=16 registry_cap=16
  r61_witness[00] r61=15 tail=23 gh60=0xcd2bd7e W1=0x10d7,0x2d4f,0x226e W2=0xfe4,0x1d7e,0x36d7
  r61_witness[01] r61=15 tail=23 gh60=0xc8f8b6a W1=0x394d,0x15d0,0x1519 W2=0x385a,0xc0f,0x32
  r61_witness[02] r61=15 tail=32 gh60=0x4a85ca6 W1=0x3eec,0x13bc,0x31c5 W2=0x3df9,0x1ddb,0x2bd1
  r61_witness[03] r61=15 tail=33 gh60=0x488cbaa W1=0x35ae,0x1c42,0x1540 W2=0x34bb,0x2c4a,0x3c49
  r61_witness[04] r61=15 tail=40 gh60=0x490db6a W1=0x3d4e,0x1056,0x38b W2=0x3c5b,0xc5a,0x2ba3
  r61_witness[05] r61=16 tail=27 gh60=0x468bdae W1=0xe6f,0x128,0x1e94 W2=0xd7c,0x1473,0x2104
  r61_witness[06] r61=16 tail=27 gh60=0x4b08d6a W1=0x38d1,0x19eb,0x218f W2=0x37de,0x2556,0x11fb
  r61_witness[07] r61=16 tail=32 gh60=0x5909b66 W1=0x21cb,0x4cc,0x234 W2=0x20d8,0xc2c,0x2c6c
  r61_witness[08] r61=16 tail=33 gh60=0x45185a6 W1=0x3cc3,0x355c,0x3d4d W2=0x3bd0,0x1bb1,0x2050
  r61_witness[09] r61=16 tail=35 gh60=0x48947aa W1=0x2bbe,0x1f21,0x12d W2=0x2acb,0x205a,0x3579
  r61_witness[10] r61=16 tail=36 gh60=0x46185ee W1=0x48f,0x10fb,0x1548 W2=0x39c,0x3639,0xa7f
  r61_witness[11] r61=16 tail=40 gh60=0x4618fa6 W1=0x2783,0x7f0,0x3ef2 W2=0x2690,0x2dd4,0x2bab
  r61_witness[12] r61=17 tail=22 gh60=0x7a0dd9a W1=0x208a,0x1142,0x1d94 W2=0x1f97,0x3a63,0x2ba7
  r61_witness[13] r61=17 tail=25 gh60=0x5908b6a W1=0x35cd,0xc36,0x1622 W2=0x34da,0xe2d,0x11d1
  r61_witness[14] r61=17 tail=25 gh60=0x490876e W1=0x3bcf,0x3ce4,0xea7 W2=0x3adc,0x1e,0x1fb6
  r61_witness[15] r61=17 tail=28 gh60=0x3b05d7a W1=0x1eda,0x1d54,0x28ad W2=0x1de7,0x9a0,0x281f

D60=0 fiber histogram: 1:7986 2:4748 3:1756 4:1079 5:414 6:238 7:76 8:77 9:29 10:18 11:4 12:5 13:4 14:5 15:1 19:3 22:1 29:1
