free_word_mitm_reducedn
N=14 mask=0x3fff msb=0x2000
candidate: M0=0x3d36 mode=random-fallback fill=0x3fff kernel=dM0=dM9=0x2000
prefixes=32768/268435456 mode=permuted-prefix-sample w59_per_prefix=16384 total=536870912
run_mode=scan registry_cap=16
sample_start=251265024
scan_elapsed=15.473s rate=34.70 Mtriples/s

D60 interface
  D60=0 matches: 32438 (random expectation 32768.0, enrichment 0.990x)
  prefixes with D60=0: 16480
  max D60=0 fiber per prefix: 23 at W57=0x1445 W58=0x2276
  largest D60 bucket: D=0x1d97 count=33866
  min D60 HW: 0
  D60 HW histogram: 0:32438 1:457330 2:2974332 3:11908373 4:32777974 5:65605062 6:98446916 7:112497161 8:98423314 9:65584133 10:32786277 11:11912647 12:2973538 13:458808 14:32609

Tail closure among D60=0 matches
  final tail collisions: 0
  best r61 HW: 14
  best r61 W1[57..59]=0x3c8f,0x1f82,0x2d01
  best r61 W2[57..59]=0x3b9c,0x1744,0x53e
  best tail HW: 22
  best tail r61 HW: 21
  best W1[57..59]=0x1eaa,0xab7,0x2601
  best W2[57..59]=0x1db7,0x3b20,0x14a8

SUMMARY N=14 sample_start=251265024 prefixes=32768 total=536870912 d0=32438 best_tail=22 tail_r61=21 best_r61=14 tail_W1=0x1eaa,0xab7,0x2601 tail_W2=0x1db7,0x3b20,0x14a8 r61_W1=0x3c8f,0x1f82,0x2d01 r61_W2=0x3b9c,0x1744,0x53e

Scan-only witness registry
  registry_count=16 registry_cap=16
  witness[00] tail=22 r61=15 gh60=0x4a044e6 W1=0x3a1c,0x1398,0x84e W2=0x3929,0x3c5c,0x29df
  witness[01] tail=22 r61=21 gh60=0xdc8dd9a W1=0x1eaa,0xab7,0x2601 W2=0x1db7,0x3b20,0x14a8
  witness[02] tail=23 r61=21 gh60=0x59284a6 W1=0x2543,0x2401,0xe80 W2=0x2450,0x37c,0x1d5a
  witness[03] tail=23 r61=27 gh60=0x5bd859e W1=0x24c7,0x281c,0x797 W2=0x23d4,0x2e29,0x2d8
  witness[04] tail=24 r61=17 gh60=0x4904766 W1=0x3bdc,0x1c50,0x3e1b W2=0x3ae9,0x127c,0x73c
  witness[05] tail=24 r61=19 gh60=0x4f99caa W1=0x212d,0x2780,0x2211 W2=0x203a,0x277b,0x3ec3
  witness[06] tail=24 r61=23 gh60=0xbfec4aa W1=0xa42,0x3f18,0x3b7c W2=0x94f,0x4ad,0x1e57
  witness[07] tail=24 r61=26 gh60=0xddf8dbe W1=0x2877,0x2068,0x1691 W2=0x2784,0x22b3,0x12b4
  witness[08] tail=25 r61=16 gh60=0x4588daa W1=0x367d,0x21e0,0x28c1 W2=0x358a,0x2b3,0x3362
  witness[09] tail=25 r61=19 gh60=0x4a587ba W1=0x379,0x3331,0x3af2 W2=0x286,0x347b,0x3a29
  witness[10] tail=25 r61=19 gh60=0xda185a6 W1=0x3483,0x453,0x22b2 W2=0x3390,0x2936,0x2b7
  witness[11] tail=25 r61=20 gh60=0xcbd5d7a W1=0x1ed6,0x362c,0x2c0b W2=0x1de3,0x1284,0x2f95
  witness[12] tail=25 r61=21 gh60=0x495fb9e W1=0x2dc8,0x29a2,0x2fc2 W2=0x2cd5,0x13fb,0x3f7c
  witness[13] tail=25 r61=23 gh60=0x7a78cee W1=0x80f,0x36aa,0x88f W2=0x71c,0x1f91,0x3d4
  witness[14] tail=25 r61=24 gh60=0xcab7caa W1=0x30fe,0x5b2,0x3b93 W2=0x300b,0x3d2a,0x3b30
  witness[15] tail=25 r61=25 gh60=0x75d87fe W1=0x1397,0x1060,0x2d24 W2=0x12a4,0x1bb0,0xeb

Scan-only r61 registry
  registry_count=16 registry_cap=16
  r61_witness[00] r61=14 tail=26 gh60=0x46085ee W1=0x3c8f,0x1f82,0x2d01 W2=0x3b9c,0x1744,0x53e
  r61_witness[01] r61=15 tail=22 gh60=0x4a044e6 W1=0x3a1c,0x1398,0x84e W2=0x3929,0x3c5c,0x29df
  r61_witness[02] r61=15 tail=31 gh60=0x4a08cee W1=0x91f,0x5cd,0x2128 W2=0x82c,0x1d98,0x267c
  r61_witness[03] r61=15 tail=35 gh60=0xc8a849e W1=0x3527,0x2870,0x1ed6 W2=0x3434,0x361b,0x27cb
  r61_witness[04] r61=16 tail=25 gh60=0x4588daa W1=0x367d,0x21e0,0x28c1 W2=0x358a,0x2b3,0x3362
  r61_witness[05] r61=16 tail=27 gh60=0x3a084ea W1=0x3b11,0x3dda,0xc2 W2=0x3a1e,0x1814,0x3488
  r61_witness[06] r61=16 tail=28 gh60=0x5908b6a W1=0x294d,0x12e0,0x36ae W2=0x285a,0x51b,0x3905
  r61_witness[07] r61=16 tail=30 gh60=0x4a0bce6 W1=0x110b,0x329,0x2e52 W2=0x1018,0x30c1,0x384d
  r61_witness[08] r61=16 tail=31 gh60=0x4e0fce6 W1=0x110c,0x3108,0x1af9 W2=0x1019,0xeb1,0x223b
  r61_witness[09] r61=16 tail=31 gh60=0x4a044e6 W1=0x241c,0x2779,0xbc4 W2=0x2329,0x273f,0x2397
  r61_witness[10] r61=16 tail=31 gh60=0x4a0cce6 W1=0x370c,0x17,0x3d7c W2=0x3619,0x1a3e,0x3f6a
  r61_witness[11] r61=16 tail=32 gh60=0x49a84ba W1=0x3335,0x115d,0x370c W2=0x3242,0x85b,0x217
  r61_witness[12] r61=16 tail=33 gh60=0x491bb66 W1=0xd4b,0x3de9,0x3489 W2=0xc58,0x3445,0x22e8
  r61_witness[13] r61=16 tail=33 gh60=0x4d25d66 W1=0x3e54,0x1956,0x26fe W2=0x3d61,0x1597,0x3ae
  r61_witness[14] r61=16 tail=35 gh60=0x462849a W1=0x409,0xb08,0x16e5 W2=0x316,0x3159,0x1378
  r61_witness[15] r61=16 tail=38 gh60=0x4a0bbe6 W1=0x319b,0x151f,0x15a0 W2=0x30a8,0xddf,0x274b

D60=0 fiber histogram: 1:8061 2:4726 3:1720 4:1115 5:410 6:223 7:87 8:70 9:21 10:17 11:9 12:10 13:1 14:4 15:2 16:3 23:1
