free_word_mitm_reducedn
N=14 mask=0x3fff msb=0x2000
candidate: M0=0x3d36 mode=random-fallback fill=0x3fff kernel=dM0=dM9=0x2000
prefixes=32768/268435456 mode=permuted-prefix-sample w59_per_prefix=16384 total=536870912
run_mode=scan registry_cap=16
sample_start=36044800
scan_elapsed=18.430s rate=29.13 Mtriples/s

D60 interface
  D60=0 matches: 32980 (random expectation 32768.0, enrichment 1.006x)
  prefixes with D60=0: 16594
  max D60=0 fiber per prefix: 24 at W57=0x1dab W58=0x4c2
  largest D60 bucket: D=0x223d count=33875
  min D60 HW: 0
  D60 HW histogram: 0:32980 1:459259 2:2979505 3:11908457 4:32786801 5:65598139 6:98442236 7:112500826 8:98397207 9:65577220 10:32794654 11:11922614 12:2978351 13:459919 14:32744

Tail closure among D60=0 matches
  final tail collisions: 0
  best r61 HW: 14
  best r61 W1[57..59]=0x5bf,0x2c4c,0x119
  best r61 W2[57..59]=0x4cc,0x2453,0x3b06
  best tail HW: 21
  best tail r61 HW: 22
  best W1[57..59]=0x113b,0x3c4b,0x3a32
  best W2[57..59]=0x1048,0x2d51,0x2ab0

SUMMARY N=14 sample_start=36044800 prefixes=32768 total=536870912 d0=32980 best_tail=21 tail_r61=22 best_r61=14 tail_W1=0x113b,0x3c4b,0x3a32 tail_W2=0x1048,0x2d51,0x2ab0 r61_W1=0x5bf,0x2c4c,0x119 r61_W2=0x4cc,0x2453,0x3b06

Scan-only witness registry
  registry_count=16 registry_cap=16
  witness[00] tail=21 r61=22 gh60=0x59bbca6 W1=0x113b,0x3c4b,0x3a32 W2=0x1048,0x2d51,0x2ab0
  witness[01] tail=23 r61=22 gh60=0xcaec5a6 W1=0x2274,0x860,0x3648 W2=0x2181,0x3d24,0xca0
  witness[02] tail=23 r61=24 gh60=0x3a0fce6 W1=0x2e1c,0xbaa,0x2598 W2=0x2d29,0x18ab,0x5e3
  witness[03] tail=23 r61=24 gh60=0xf71879a W1=0x3bc5,0x395b,0x28b1 W2=0x3ad2,0x3b7a,0x35e2
  witness[04] tail=24 r61=18 gh60=0x750856a W1=0x12dd,0x6d9,0x1532 W2=0x11ea,0x1adb,0x3d28
  witness[05] tail=24 r61=21 gh60=0x4718566 W1=0x44b,0x34b2,0x1345 W2=0x358,0x3103,0xa07
  witness[06] tail=24 r61=21 gh60=0xc8adcbe W1=0x3f38,0x774,0x835 W2=0x3e45,0x15d4,0x3a7d
  witness[07] tail=24 r61=23 gh60=0x76987aa W1=0x237d,0x2d3,0xcc1 W2=0x228a,0x3687,0x29f3
  witness[08] tail=24 r61=24 gh60=0xbb8cda6 W1=0x387c,0x3ee4,0x208b W2=0x3789,0x189,0x342d
  witness[09] tail=24 r61=25 gh60=0x45bfca6 W1=0xe2c,0x16a9,0x3695 W2=0xd39,0x2944,0x1d63
  witness[10] tail=25 r61=18 gh60=0xc484da6 W1=0x36ac,0x2d23,0x3bb0 W2=0x35b9,0x14e8,0x2f14
  witness[11] tail=25 r61=19 gh60=0x5998ca6 W1=0x6fb,0x26e4,0x3d9c W2=0x608,0x2f0,0x15ad
  witness[12] tail=25 r61=19 gh60=0xce344ee W1=0x3510,0xd51,0x2464 W2=0x341d,0xb7c,0x2e80
  witness[13] tail=25 r61=20 gh60=0x5538566 W1=0x124b,0x1344,0x20cb W2=0x1158,0x3069,0x33b6
  witness[14] tail=25 r61=20 gh60=0x39ac49a W1=0x2ce6,0x33f8,0xabd W2=0x2bf3,0x1a8a,0x1dd4
  witness[15] tail=25 r61=20 gh60=0x4a2fcaa W1=0x3002,0x151b,0x44d W2=0x2f0f,0xcb7,0xcc0

Scan-only r61 registry
  registry_count=16 registry_cap=16
  r61_witness[00] r61=14 tail=27 gh60=0x4a89caa W1=0x3fed,0x2a4f,0xcc7 W2=0x3efa,0x2e8e,0x25da
  r61_witness[01] r61=14 tail=28 gh60=0xc998bae W1=0x5bf,0x2c4c,0x119 W2=0x4cc,0x2453,0x3b06
  r61_witness[02] r61=14 tail=37 gh60=0xc88479a W1=0x3aa,0x2208,0x3299 W2=0x2b7,0x13dc,0xbbb
  r61_witness[03] r61=15 tail=33 gh60=0x4704566 W1=0xcdc,0x40a,0x21cc W2=0xbe9,0x3322,0x25d9
  r61_witness[04] r61=16 tail=28 gh60=0xd908766 W1=0x235b,0x557,0x25ce W2=0x2268,0x2cfc,0x927
  r61_witness[05] r61=16 tail=30 gh60=0x4e284e6 W1=0x3d13,0x303c,0x3068 W2=0x3c20,0x2021,0x10b9
  r61_witness[06] r61=16 tail=31 gh60=0x495849e W1=0xb47,0x3cd3,0x759 W2=0xa54,0x3cca,0x3853
  r61_witness[07] r61=16 tail=31 gh60=0x4704f66 W1=0x274c,0x2efe,0x11a8 W2=0x2659,0xf39,0x3c57
  r61_witness[08] r61=16 tail=32 gh60=0x36044e6 W1=0x351c,0x131d,0x3a50 W2=0x3429,0xfef,0x2fe2
  r61_witness[09] r61=16 tail=33 gh60=0xdb04566 W1=0x244c,0x2871,0x2977 W2=0x2359,0x16bb,0x1168
  r61_witness[10] r61=16 tail=33 gh60=0xda1c49a W1=0x330a,0x2222,0x2e99 W2=0x3217,0x1b2c,0x3d47
  r61_witness[11] r61=16 tail=33 gh60=0x4a045fa W1=0x3c9a,0x1df,0x330b W2=0x3ba7,0x3d74,0x6d0
  r61_witness[12] r61=16 tail=34 gh60=0x450856e W1=0x145f,0x27d3,0x3336 W2=0x136c,0x1691,0x1a85
  r61_witness[13] r61=16 tail=36 gh60=0x5895caa W1=0x1f2e,0x1f5c,0x3f44 W2=0x1e3b,0x255c,0x2c62
  r61_witness[14] r61=16 tail=37 gh60=0x4919b66 W1=0x1cb,0x2d47,0xc10 W2=0xd8,0x2c9f,0x2eff
  r61_witness[15] r61=16 tail=37 gh60=0xf487da6 W1=0x30ac,0x1c1e,0x1d43 W2=0x2fb9,0x3f61,0xed8

D60=0 fiber histogram: 1:7934 2:4871 3:1787 4:1109 5:423 6:230 7:85 8:85 9:25 10:25 11:8 12:7 13:2 18:1 22:1 24:1
