free_word_mitm_reducedn
N=14 mask=0x3fff msb=0x2000
candidate: M0=0x3d36 mode=random-fallback fill=0x3fff kernel=dM0=dM9=0x2000
prefixes=32768/268435456 mode=permuted-prefix-sample w59_per_prefix=16384 total=536870912
run_mode=scan registry_cap=16
sample_start=44433408
scan_elapsed=18.531s rate=28.97 Mtriples/s

D60 interface
  D60=0 matches: 31894 (random expectation 32768.0, enrichment 0.973x)
  prefixes with D60=0: 16260
  max D60=0 fiber per prefix: 29 at W57=0x2085 W58=0x30ab
  largest D60 bucket: D=0x27b6 count=33967
  min D60 HW: 0
  D60 HW histogram: 0:31894 1:456364 2:2976428 3:11926675 4:32832105 5:65678336 6:98490224 7:112492561 8:98394762 9:65522910 10:32736813 11:11880509 12:2962969 13:455806 14:32556

Tail closure among D60=0 matches
  final tail collisions: 0
  best r61 HW: 12
  best r61 W1[57..59]=0x33c1,0x167c,0x3b25
  best r61 W2[57..59]=0x32ce,0x26c4,0x9c9
  best tail HW: 22
  best tail r61 HW: 21
  best W1[57..59]=0x1a43,0x457,0x2076
  best W2[57..59]=0x1950,0x3ed4,0xdab

SUMMARY N=14 sample_start=44433408 prefixes=32768 total=536870912 d0=31894 best_tail=22 tail_r61=21 best_r61=12 tail_W1=0x1a43,0x457,0x2076 tail_W2=0x1950,0x3ed4,0xdab r61_W1=0x33c1,0x167c,0x3b25 r61_W2=0x32ce,0x26c4,0x9c9

Scan-only witness registry
  registry_count=16 registry_cap=16
  witness[00] tail=22 r61=21 gh60=0x5d384a6 W1=0x1a43,0x457,0x2076 W2=0x1950,0x3ed4,0xdab
  witness[01] tail=23 r61=22 gh60=0x45f85e6 W1=0x148b,0x133,0x26ac W2=0x1398,0x8f0,0x3935
  witness[02] tail=24 r61=16 gh60=0xda0c5ee W1=0x1ca0,0x10bb,0xbbf W2=0x1bad,0x56a,0x35b
  witness[03] tail=24 r61=20 gh60=0xda884a6 W1=0x3fb,0xe42,0x15e2 W2=0x308,0x3c0f,0x3394
  witness[04] tail=24 r61=22 gh60=0x4d3457a W1=0x24d6,0x37b6,0x19b7 W2=0x23e3,0xe6b,0x334d
  witness[05] tail=24 r61=25 gh60=0xcf08d6a W1=0x16dd,0x31bf,0x11da W2=0x15ea,0xc02,0x1108
  witness[06] tail=25 r61=16 gh60=0x450459a W1=0x4ca,0x2ff5,0x2f09 W2=0x3d7,0x1ddf,0x131a
  witness[07] tail=25 r61=21 gh60=0x49a9c9a W1=0x1f29,0x106a,0x2b63 W2=0x1e36,0x30be,0xf00
  witness[08] tail=25 r61=22 gh60=0x48b4f9a W1=0x7a6,0x1187,0x38b6 W2=0x6b3,0xea6,0x192b
  witness[09] tail=25 r61=23 gh60=0xdb0c56a W1=0x14ce,0xe4c,0x54 W2=0x13db,0x19ff,0x2374
  witness[10] tail=25 r61=24 gh60=0xc68bcae W1=0x2eff,0x278e,0x1ad9 W2=0x2e0c,0x2ce5,0x145
  witness[11] tail=25 r61=26 gh60=0x38ffb7a W1=0xd5a,0xd83,0x22fa W2=0xc67,0x2cb7,0x189d
  witness[12] tail=26 r61=17 gh60=0x7704b66 W1=0x5dc,0x22ac,0x2f3d W2=0x4e9,0x2473,0x19d7
  witness[13] tail=26 r61=17 gh60=0xc967b66 W1=0x31d4,0x3470,0x120e W2=0x30e1,0x29dd,0x18ec
  witness[14] tail=26 r61=19 gh60=0x7484c9a W1=0x82a,0x17d1,0x39a W2=0x737,0x38d4,0x3a5
  witness[15] tail=26 r61=19 gh60=0xda644a6 W1=0x23f4,0x33b1,0x1dc W2=0x2301,0x129d,0xcf4

Scan-only r61 registry
  registry_count=16 registry_cap=16
  r61_witness[00] r61=12 tail=35 gh60=0x58887aa W1=0x33c1,0x167c,0x3b25 W2=0x32ce,0x26c4,0x9c9
  r61_witness[01] r61=14 tail=28 gh60=0x5a0459a W1=0x128a,0xb0b,0x14fd W2=0x1197,0x7ed,0x39de
  r61_witness[02] r61=14 tail=44 gh60=0x5a0459a W1=0x128a,0xb0b,0xcfd W2=0x1197,0x7ed,0x31de
  r61_witness[03] r61=15 tail=28 gh60=0x4508d6e W1=0x165f,0x1631,0x1ebf W2=0x156c,0x850,0x3cfd
  r61_witness[04] r61=16 tail=24 gh60=0xda0c5ee W1=0x1ca0,0x10bb,0xbbf W2=0x1bad,0x56a,0x35b
  r61_witness[05] r61=16 tail=25 gh60=0x450459a W1=0x4ca,0x2ff5,0x2f09 W2=0x3d7,0x1ddf,0x131a
  r61_witness[06] r61=16 tail=28 gh60=0x4618ca6 W1=0x2903,0x219c,0x3296 W2=0x2810,0x3bd8,0x11e3
  r61_witness[07] r61=16 tail=30 gh60=0x4888ca6 W1=0x192b,0x26e4,0x3f8 W2=0x1838,0x3000,0x1a03
  r61_witness[08] r61=16 tail=32 gh60=0x54f8566 W1=0x225b,0x293d,0x36f6 W2=0x2168,0x3a52,0x1e9d
  r61_witness[09] r61=16 tail=33 gh60=0xc904f7a W1=0x7da,0x761,0x3a0e W2=0x6e7,0x3771,0x2e53
  r61_witness[10] r61=16 tail=33 gh60=0xce0bdee W1=0x308f,0x39be,0x13af W2=0x2f9c,0x1101,0x38ff
  r61_witness[11] r61=16 tail=36 gh60=0x4e085ea W1=0x2ca1,0x2575,0x3278 W2=0x2bae,0x2307,0x14a2
  r61_witness[12] r61=16 tail=37 gh60=0x4e88da6 W1=0x86b,0x92c,0xf59 W2=0x778,0x3bf0,0x3ef8
  r61_witness[13] r61=16 tail=37 gh60=0x45884a6 W1=0x243b,0xfc8,0x75d W2=0x2348,0x3f15,0x2e09
  r61_witness[14] r61=16 tail=39 gh60=0xb608dea W1=0x288d,0x89d,0x567 W2=0x279a,0x1178,0x20ac
  r61_witness[15] r61=17 tail=26 gh60=0x7704b66 W1=0x5dc,0x22ac,0x2f3d W2=0x4e9,0x2473,0x19d7

D60=0 fiber histogram: 1:7938 2:4681 3:1772 4:1045 5:380 6:223 7:91 8:63 9:27 10:17 11:8 12:5 13:5 14:2 16:1 20:1 29:1
