free_word_mitm_reducedn
N=14 mask=0x3fff msb=0x2000
candidate: M0=0x3d36 mode=random-fallback fill=0x3fff kernel=dM0=dM9=0x2000
prefixes=32768/268435456 mode=permuted-prefix-sample w59_per_prefix=16384 total=536870912
run_mode=scan registry_cap=16
sample_start=111542272
scan_elapsed=18.297s rate=29.34 Mtriples/s

D60 interface
  D60=0 matches: 32642 (random expectation 32768.0, enrichment 0.996x)
  prefixes with D60=0: 16472
  max D60=0 fiber per prefix: 17 at W57=0x3e41 W58=0x3789
  largest D60 bucket: D=0x211 count=33807
  min D60 HW: 0
  D60 HW histogram: 0:32642 1:457844 2:2983520 3:11942694 4:32846604 5:65662815 6:98482464 7:112466071 8:98339545 9:65535060 10:32739441 11:11914689 12:2976176 13:458582 14:32765

Tail closure among D60=0 matches
  final tail collisions: 0
  best r61 HW: 14
  best r61 W1[57..59]=0x21dd,0x1daf,0x1657
  best r61 W2[57..59]=0x20ea,0x5de,0xb0e
  best tail HW: 22
  best tail r61 HW: 17
  best W1[57..59]=0x185,0x4d0,0x3634
  best W2[57..59]=0x92,0x32e0,0x2079

SUMMARY N=14 sample_start=111542272 prefixes=32768 total=536870912 d0=32642 best_tail=22 tail_r61=17 best_r61=14 tail_W1=0x185,0x4d0,0x3634 tail_W2=0x92,0x32e0,0x2079 r61_W1=0x21dd,0x1daf,0x1657 r61_W2=0x20ea,0x5de,0xb0e

Scan-only witness registry
  registry_count=16 registry_cap=16
  witness[00] tail=22 r61=17 gh60=0x4a39b9a W1=0x185,0x4d0,0x3634 W2=0x92,0x32e0,0x2079
  witness[01] tail=23 r61=15 gh60=0x5d0c566 W1=0x344c,0x176,0x2176 W2=0x3359,0xec4,0x3bbe
  witness[02] tail=23 r61=18 gh60=0xd59ccba W1=0x37fa,0x1243,0x2d31 W2=0x3707,0x4b7,0x36e4
  witness[03] tail=23 r61=23 gh60=0xcaf8b66 W1=0x563,0xc25,0x2366 W2=0x470,0x1a23,0x2759
  witness[04] tail=24 r61=20 gh60=0x3ae87fa W1=0xb95,0x23af,0x336a W2=0xaa2,0x12fb,0x395e
  witness[05] tail=24 r61=20 gh60=0xc49fdaa W1=0xeae,0x335f,0x1893 W2=0xdbb,0x264f,0x3f4
  witness[06] tail=24 r61=22 gh60=0xba1cfea W1=0x178e,0x2933,0x1a53 W2=0x169b,0x34c7,0x1782
  witness[07] tail=24 r61=28 gh60=0xce044e6 W1=0x2b1c,0x3b32,0x7ae W2=0x2a29,0xf0a,0x18f
  witness[08] tail=25 r61=20 gh60=0xdb2879a W1=0x2bc9,0x1b7e,0x308b W2=0x2ad6,0x1dad,0x27f3
  witness[09] tail=25 r61=22 gh60=0xc5b84aa W1=0xc41,0x161c,0x3a70 W2=0xb4e,0x1d0c,0xba
  witness[10] tail=25 r61=23 gh60=0x5a77bee W1=0xd90,0x36f1,0x1507 W2=0xc9d,0x197d,0x265
  witness[11] tail=25 r61=23 gh60=0x5f88bae W1=0x29bf,0x2927,0x1b22 W2=0x28cc,0x1d2e,0x3108
  witness[12] tail=25 r61=23 gh60=0x3677bfe W1=0x2d98,0x3f60,0x1a8 W2=0x2ca5,0x2cf8,0x341b
  witness[13] tail=25 r61=27 gh60=0xdb7c4be W1=0x238,0x802,0x2789 W2=0x145,0x321,0x3dfc
  witness[14] tail=25 r61=29 gh60=0xf7a84ba W1=0x2d39,0xbf0,0x141b W2=0x2c46,0x312e,0x31
  witness[15] tail=26 r61=17 gh60=0xc78c4aa W1=0xbee,0x304e,0x34f9 W2=0xafb,0x370f,0x59c

Scan-only r61 registry
  registry_count=16 registry_cap=16
  r61_witness[00] r61=14 tail=29 gh60=0xc607f9a W1=0xf8a,0x1093,0xe05 W2=0xe97,0x3570,0x119a
  r61_witness[01] r61=14 tail=29 gh60=0x4909b6a W1=0x21dd,0x1daf,0x1657 W2=0x20ea,0x5de,0xb0e
  r61_witness[02] r61=15 tail=23 gh60=0x5d0c566 W1=0x344c,0x176,0x2176 W2=0x3359,0xec4,0x3bbe
  r61_witness[03] r61=15 tail=27 gh60=0xca384fa W1=0x3a19,0x695,0x2916 W2=0x3926,0x3b9d,0x40e
  r61_witness[04] r61=15 tail=30 gh60=0xc4bddbe W1=0x1eb8,0x3c72,0x37b4 W2=0x1dc5,0x6ba,0x2b2
  r61_witness[05] r61=15 tail=38 gh60=0x460cce6 W1=0x190c,0xadb,0x3cd W2=0x1819,0x282,0x10eb
  r61_witness[06] r61=16 tail=27 gh60=0x4d0cd66 W1=0x8dc,0x3939,0x3e75 W2=0x7e9,0x2450,0x282d
  r61_witness[07] r61=16 tail=28 gh60=0x798ffaa W1=0x2f6e,0x3407,0xb60 W2=0x2e7b,0x1f9b,0x28fc
  r61_witness[08] r61=16 tail=29 gh60=0xba085ea W1=0x2a9d,0x29ef,0x940 W2=0x29aa,0x35fd,0x1a9d
  r61_witness[09] r61=16 tail=30 gh60=0x48a8f9a W1=0x7a9,0x2f0f,0x2c86 W2=0x6b6,0x2c3d,0x3ad5
  r61_witness[10] r61=16 tail=33 gh60=0xd889caa W1=0x1f31,0x2acf,0xf45 W2=0x1e3e,0x2c8e,0x768
  r61_witness[11] r61=16 tail=33 gh60=0x76144ee W1=0x2310,0x2003,0x8e2 W2=0x221d,0x10aa,0x1420
  r61_witness[12] r61=16 tail=38 gh60=0xca0bcea W1=0x1111,0x2a7f,0x284e W2=0x101e,0x17ba,0x2ab5
  r61_witness[13] r61=17 tail=22 gh60=0x4a39b9a W1=0x185,0x4d0,0x3634 W2=0x92,0x32e0,0x2079
  r61_witness[14] r61=17 tail=26 gh60=0xc78c4aa W1=0xbee,0x304e,0x34f9 W2=0xafb,0x370f,0x59c
  r61_witness[15] r61=17 tail=28 gh60=0xc668ca6 W1=0x18f3,0x3dcd,0x26fa W2=0x1800,0x27f9,0x2895

D60=0 fiber histogram: 1:8038 2:4650 3:1782 4:1110 5:415 6:234 7:99 8:71 9:25 10:18 11:13 12:6 13:4 14:3 15:1 16:2 17:1
