free_word_mitm_reducedn
N=14 mask=0x3fff msb=0x2000
candidate: M0=0x3d36 mode=random-fallback fill=0x3fff kernel=dM0=dM9=0x2000
prefixes=32768/268435456 mode=permuted-prefix-sample w59_per_prefix=16384 total=536870912
run_mode=scan registry_cap=16
sample_start=77201408
scan_elapsed=18.524s rate=28.98 Mtriples/s

D60 interface
  D60=0 matches: 32574 (random expectation 32768.0, enrichment 0.994x)
  prefixes with D60=0: 16491
  max D60=0 fiber per prefix: 16 at W57=0x32d3 W58=0x28e5
  largest D60 bucket: D=0x33f5 count=33900
  min D60 HW: 0
  D60 HW histogram: 0:32574 1:460391 2:2986774 3:11937895 4:32813198 5:65610532 6:98403462 7:112437899 8:98369888 9:65594497 10:32815136 11:11934770 12:2982922 13:458689 14:32285

Tail closure among D60=0 matches
  final tail collisions: 0
  best r61 HW: 13
  best r61 W1[57..59]=0x38c,0x2e03,0x3fa3
  best r61 W2[57..59]=0x299,0x1b4d,0x36
  best tail HW: 21
  best tail r61 HW: 25
  best W1[57..59]=0x3a86,0x3b60,0x5f5
  best W2[57..59]=0x3993,0x27c8,0x2ccc

SUMMARY N=14 sample_start=77201408 prefixes=32768 total=536870912 d0=32574 best_tail=21 tail_r61=25 best_r61=13 tail_W1=0x3a86,0x3b60,0x5f5 tail_W2=0x3993,0x27c8,0x2ccc r61_W1=0x38c,0x2e03,0x3fa3 r61_W2=0x299,0x1b4d,0x36

Scan-only witness registry
  registry_count=16 registry_cap=16
  witness[00] tail=21 r61=25 gh60=0x7bd459a W1=0x3a86,0x3b60,0x5f5 W2=0x3993,0x27c8,0x2ccc
  witness[01] tail=22 r61=24 gh60=0xdd9ccaa W1=0x27ee,0x39ac,0x232d W2=0x26fb,0x3c6c,0x149c
  witness[02] tail=23 r61=18 gh60=0xd988ba6 W1=0x396b,0xc7a,0x1e8 W2=0x3878,0x20be,0x2021
  witness[03] tail=23 r61=19 gh60=0xcae8d7a W1=0x6d5,0x3050,0x2e3a W2=0x5e2,0x2617,0x2dd4
  witness[04] tail=23 r61=21 gh60=0x48bccea W1=0x722,0x2f4d,0x1cee W2=0x62f,0x34ad,0xfd4
  witness[05] tail=24 r61=16 gh60=0x491df6a W1=0x1f5e,0x1c1e,0x3b60 W2=0x1e6b,0x1e2a,0x3c06
  witness[06] tail=24 r61=19 gh60=0x3688baa W1=0x356d,0x2367,0x26e8 W2=0x347a,0x23ea,0x1f87
  witness[07] tail=24 r61=20 gh60=0x4b28d7a W1=0x855,0x31a1,0x34f5 W2=0x762,0x1970,0x24c7
  witness[08] tail=24 r61=23 gh60=0x5519d66 W1=0x20db,0xbfc,0x791 W2=0x1fe8,0x21c,0x1627
  witness[09] tail=24 r61=23 gh60=0xbad8c9a W1=0x2749,0x27b0,0x2b44 W2=0x2656,0xabe,0x27a9
  witness[10] tail=24 r61=27 gh60=0x4adc49e W1=0x2ce8,0x1dc6,0x80e W2=0x2bf5,0x2c78,0x30b5
  witness[11] tail=25 r61=18 gh60=0x4b8bcae W1=0x2dff,0xd5a,0xefd W2=0x2d0c,0x26b1,0x2489
  witness[12] tail=25 r61=20 gh60=0xd6044e6 W1=0x3d0c,0x21c6,0x2f70 W2=0x3c19,0x1dae,0x2565
  witness[13] tail=25 r61=22 gh60=0xb9acf9e W1=0x768,0x11c4,0x3e W2=0x675,0x7af,0x1e2d
  witness[14] tail=25 r61=25 gh60=0x49fbcba W1=0x30f9,0x292b,0x3a24 W2=0x3006,0x3bee,0x143d
  witness[15] tail=25 r61=25 gh60=0x47744ae W1=0x3430,0x331a,0x104c W2=0x333d,0x20bb,0x361c

Scan-only r61 registry
  registry_count=16 registry_cap=16
  r61_witness[00] r61=13 tail=42 gh60=0x4a047e6 W1=0x38c,0x2e03,0x3fa3 W2=0x299,0x1b4d,0x36
  r61_witness[01] r61=14 tail=28 gh60=0x460bcea W1=0x2f0d,0x38e9,0x3039 W2=0x2e1a,0x3258,0x1b5e
  r61_witness[02] r61=15 tail=26 gh60=0xc964b6a W1=0x19d2,0x84,0x3d21 W2=0x18df,0x3a8c,0x241
  r61_witness[03] r61=15 tail=27 gh60=0xc91c76e W1=0x2360,0x86e,0x1064 W2=0x226d,0x3b99,0x16cc
  r61_witness[04] r61=15 tail=31 gh60=0xca084ee W1=0x241f,0x1942,0x22f3 W2=0x232c,0x55c,0x2183
  r61_witness[05] r61=15 tail=32 gh60=0x588fbaa W1=0x2dae,0x735,0x6ff W2=0x2cbb,0x2f3d,0x352a
  r61_witness[06] r61=16 tail=24 gh60=0x491df6a W1=0x1f5e,0x1c1e,0x3b60 W2=0x1e6b,0x1e2a,0x3c06
  r61_witness[07] r61=16 tail=27 gh60=0x3b0876a W1=0x13dd,0x132d,0x3187 W2=0x12ea,0xd7f,0x3c9f
  r61_witness[08] r61=16 tail=27 gh60=0x4e14fee W1=0x2790,0x3fdc,0xdf1 W2=0x269d,0x38ac,0x27ee
  r61_witness[09] r61=16 tail=30 gh60=0x4a084ea W1=0x31d,0x3575,0xd2a W2=0x22a,0x3cdb,0x194f
  r61_witness[10] r61=16 tail=33 gh60=0x46085ea W1=0x34a1,0x1afd,0x19a W2=0x33ae,0x2c0b,0x3e49
  r61_witness[11] r61=16 tail=33 gh60=0x4a09fea W1=0x3f91,0x1e38,0x3db0 W2=0x3e9e,0x1cc7,0x206
  r61_witness[12] r61=16 tail=34 gh60=0xf984ca6 W1=0x38ec,0x3b37,0x3658 W2=0x37f9,0x34d4,0x34d9
  r61_witness[13] r61=16 tail=35 gh60=0x4a09cea W1=0x1d,0x2ee8,0x519 W2=0x3f2a,0x311b,0x3f79
  r61_witness[14] r61=16 tail=35 gh60=0xc56dd7a W1=0x1e56,0x1375,0x774 W2=0x1d63,0x37e5,0x3705
  r61_witness[15] r61=16 tail=37 gh60=0x5a884a6 W1=0x3eb,0x1d88,0x1719 W2=0x2f8,0xa65,0x3a11

D60=0 fiber histogram: 1:7969 2:4785 3:1759 4:1105 5:411 6:243 7:87 8:73 9:17 10:19 11:4 12:9 13:6 14:2 15:1 16:1
