free_word_mitm_reducedn
N=14 mask=0x3fff msb=0x2000
candidate: M0=0x3d36 mode=random-fallback fill=0x3fff kernel=dM0=dM9=0x2000
prefixes=32768/268435456 mode=permuted-prefix-sample w59_per_prefix=16384 total=536870912
run_mode=scan registry_cap=16
sample_start=89030656
scan_elapsed=33.149s rate=16.20 Mtriples/s

D60 interface
  D60=0 matches: 32194 (random expectation 32768.0, enrichment 0.982x)
  prefixes with D60=0: 16511
  max D60=0 fiber per prefix: 16 at W57=0x3694 W58=0xf3e
  largest D60 bucket: D=0x1280 count=33744
  min D60 HW: 0
  D60 HW histogram: 0:32194 1:459115 2:2983751 3:11941806 4:32826028 5:65655268 6:98444562 7:112473542 8:98378518 9:65549168 10:32767784 11:11897093 12:2972004 13:457423 14:32656

Tail closure among D60=0 matches
  final tail collisions: 0
  best r61 HW: 14
  best r61 W1[57..59]=0x248b,0x3782,0x205a
  best r61 W2[57..59]=0x2398,0x2a3b,0x2304
  best tail HW: 19
  best tail r61 HW: 24
  best W1[57..59]=0x313e,0x10fd,0x2e23
  best W2[57..59]=0x304b,0x3f1,0x1345

SUMMARY N=14 sample_start=89030656 prefixes=32768 total=536870912 d0=32194 best_tail=19 tail_r61=24 best_r61=14 tail_W1=0x313e,0x10fd,0x2e23 tail_W2=0x304b,0x3f1,0x1345 r61_W1=0x248b,0x3782,0x205a r61_W2=0x2398,0x2a3b,0x2304

Scan-only witness registry
  registry_count=16 registry_cap=16
  witness[00] tail=19 r61=24 gh60=0xcbbfcaa W1=0x313e,0x10fd,0x2e23 W2=0x304b,0x3f1,0x1345
  witness[01] tail=21 r61=25 gh60=0xb9d9f7e W1=0x1f57,0x3aa8,0xcf4 W2=0x1e64,0x2ce7,0x4ed
  witness[02] tail=21 r61=25 gh60=0x5b59fba W1=0x3fb9,0x39aa,0xacb W2=0x3ec6,0x35c1,0x3f9b
  witness[03] tail=24 r61=15 gh60=0xca187e6 W1=0xb8b,0xeb,0xa25 W2=0xa98,0x27b6,0x16f9
  witness[04] tail=24 r61=20 gh60=0x4e884a6 W1=0x3ceb,0x563,0x3e08 W2=0x3bf8,0x153e,0x37e8
  witness[05] tail=25 r61=17 gh60=0xc6bc59a W1=0x1c6a,0x1282,0x2bce W2=0x1b77,0x111c,0x1eac
  witness[06] tail=25 r61=19 gh60=0x55844a6 W1=0x21ec,0x40e,0x2e92 W2=0x20f9,0x20ec,0x12e2
  witness[07] tail=25 r61=20 gh60=0x458c5ba W1=0x1c7a,0x2361,0x291c W2=0x1b87,0x20ec,0x2e75
  witness[08] tail=25 r61=20 gh60=0xca39cea W1=0x3e21,0x2100,0x373d W2=0x3d2e,0x2977,0x1f54
  witness[09] tail=25 r61=22 gh60=0x558fcba W1=0x303a,0xf7c,0x29bc W2=0x2f47,0x21f4,0x3a5
  witness[10] tail=25 r61=23 gh60=0x579bdae W1=0x30bf,0x3a5,0x348a W2=0x2fcc,0x1a48,0x18bf
  witness[11] tail=25 r61=25 gh60=0x7eb44aa W1=0x2cfe,0xc9b,0x1470 W2=0x2c0b,0x120c,0x2f58
  witness[12] tail=26 r61=19 gh60=0xc9e8cba W1=0x28f9,0xaed,0x1e6 W2=0x2806,0x2d30,0x31b4
  witness[13] tail=26 r61=20 gh60=0x74b84a6 W1=0x22b,0xfe0,0x3330 W2=0x138,0x1a3d,0x10d4
  witness[14] tail=26 r61=20 gh60=0xc98449a W1=0x4ea,0x2512,0xe1d W2=0x3f7,0xb52,0x1c97
  witness[15] tail=26 r61=20 gh60=0x4b9fcaa W1=0xffe,0x1133,0x3e84 W2=0xf0b,0x263,0x2a73

Scan-only r61 registry
  registry_count=16 registry_cap=16
  r61_witness[00] r61=14 tail=31 gh60=0x4a085e6 W1=0x248b,0x3782,0x205a W2=0x2398,0x2a3b,0x2304
  r61_witness[01] r61=15 tail=24 gh60=0xca187e6 W1=0xb8b,0xeb,0xa25 W2=0xa98,0x27b6,0x16f9
  r61_witness[02] r61=15 tail=36 gh60=0x4c84cba W1=0x163a,0x16b6,0x3c86 W2=0x1547,0xeae,0x2064
  r61_witness[03] r61=15 tail=39 gh60=0xcd08566 W1=0x125b,0x256d,0x32b6 W2=0x1168,0x186,0x2127
  r61_witness[04] r61=16 tail=28 gh60=0x4608ce6 W1=0x61b,0xba8,0x22c0 W2=0x528,0x19be,0xc6f
  r61_witness[05] r61=16 tail=28 gh60=0x4a2bde6 W1=0x1093,0x1250,0x277d W2=0xfa0,0xf98,0x244b
  r61_witness[06] r61=16 tail=28 gh60=0x4618d9a W1=0x3685,0x3029,0x3cd3 W2=0x3592,0x31db,0x3d01
  r61_witness[07] r61=16 tail=29 gh60=0xcab849a W1=0x12e9,0xdef,0x22c5 W2=0x11f6,0x6c6,0x161
  r61_witness[08] r61=16 tail=29 gh60=0x46084ea W1=0x140d,0x3904,0x109c W2=0x131a,0x114a,0x1e50
  r61_witness[09] r61=16 tail=30 gh60=0x49887aa W1=0x3b81,0x37d7,0x2f19 W2=0x3a8e,0xa8f,0x637
  r61_witness[10] r61=16 tail=34 gh60=0x58a4cea W1=0x1722,0x18c,0x4cf W2=0x162f,0x13e8,0x13ac
  r61_witness[11] r61=16 tail=34 gh60=0x4a15dea W1=0x1e9e,0x10a5,0x2577 W2=0x1dab,0x10f5,0x16a6
  r61_witness[12] r61=16 tail=34 gh60=0x4a047fa W1=0x339a,0x2f82,0x2d69 W2=0x32a7,0x30c7,0x3186
  r61_witness[13] r61=16 tail=35 gh60=0xc898caa W1=0x2741,0x1085,0x99e W2=0x264e,0x13b4,0x3804
  r61_witness[14] r61=16 tail=35 gh60=0x4997caa W1=0x2f3e,0x108a,0x1123 W2=0x2e4b,0x57e,0x262f
  r61_witness[15] r61=16 tail=35 gh60=0x3a084ea W1=0x3d11,0xdf2,0xa7a W2=0x3c1e,0x25ac,0x136

D60=0 fiber histogram: 1:8138 2:4731 3:1725 4:1056 5:433 6:223 7:80 8:67 9:23 10:15 11:10 12:6 13:2 15:1 16:1
