free_word_mitm_reducedn
N=14 mask=0x3fff msb=0x2000
candidate: M0=0x3d36 mode=random-fallback fill=0x3fff kernel=dM0=dM9=0x2000
prefixes=32768/268435456 mode=permuted-prefix-sample w59_per_prefix=16384 total=536870912
run_mode=scan registry_cap=16
sample_start=248414208
scan_elapsed=28.934s rate=18.55 Mtriples/s

D60 interface
  D60=0 matches: 32142 (random expectation 32768.0, enrichment 0.981x)
  prefixes with D60=0: 16391
  max D60=0 fiber per prefix: 16 at W57=0x3c80 W58=0x263c
  largest D60 bucket: D=0x32da count=33858
  min D60 HW: 0
  D60 HW histogram: 0:32142 1:457719 2:2976099 3:11924973 4:32804593 5:65603986 6:98421562 7:112502051 8:98429463 9:65582070 10:32773774 11:11900840 12:2971642 13:457191 14:32807

Tail closure among D60=0 matches
  final tail collisions: 0
  best r61 HW: 13
  best r61 W1[57..59]=0x33ba,0x332b,0x12ab
  best r61 W2[57..59]=0x32c7,0x33ea,0x39c4
  best tail HW: 22
  best tail r61 HW: 17
  best W1[57..59]=0x3147,0x2b2c,0x341f
  best W2[57..59]=0x3054,0x13dc,0x21b6

SUMMARY N=14 sample_start=248414208 prefixes=32768 total=536870912 d0=32142 best_tail=22 tail_r61=17 best_r61=13 tail_W1=0x3147,0x2b2c,0x341f tail_W2=0x3054,0x13dc,0x21b6 r61_W1=0x33ba,0x332b,0x12ab r61_W2=0x32c7,0x33ea,0x39c4

Scan-only witness registry
  registry_count=16 registry_cap=16
  witness[00] tail=22 r61=17 gh60=0xc92bc9e W1=0x3147,0x2b2c,0x341f W2=0x3054,0x13dc,0x21b6
  witness[01] tail=25 r61=18 gh60=0x44a85be W1=0xcb7,0xc8f,0x602 W2=0xbc4,0x13c5,0x19e2
  witness[02] tail=25 r61=22 gh60=0xd6144ee W1=0x2b10,0x12da,0x3756 W2=0x2a1d,0x601,0x3399
  witness[03] tail=25 r61=23 gh60=0xbf08566 W1=0x124b,0x2ea3,0x1be8 W2=0x1158,0xbc8,0x2078
  witness[04] tail=25 r61=23 gh60=0xcff459a W1=0x14a6,0x1b5e,0xcaa W2=0x13b3,0x912,0x36b1
  witness[05] tail=25 r61=23 gh60=0xdd885aa W1=0x2ab1,0x2740,0x29df W2=0x29be,0x21d8,0x3b38
  witness[06] tail=25 r61=23 gh60=0xc9a44e6 W1=0x3d24,0xa59,0x1244 W2=0x3c31,0x24db,0x1fd7
  witness[07] tail=25 r61=25 gh60=0xdb2cf66 W1=0x27d4,0x13e4,0x2094 W2=0x26e1,0x3c37,0x2413
  witness[08] tail=25 r61=28 gh60=0xd8fdf7a W1=0x1fda,0x293d,0x3831 W2=0x1ee7,0x1359,0x1da5
  witness[09] tail=26 r61=17 gh60=0x4b08b6a W1=0x29e1,0x13c3,0x1978 W2=0x28ee,0xdb6,0x294
  witness[10] tail=26 r61=18 gh60=0xd90bb6a W1=0x2d5d,0x1635,0x1930 W2=0x2c6a,0x3720,0x184b
  witness[11] tail=26 r61=22 gh60=0x598cca6 W1=0x72c,0x26aa,0x36cf W2=0x639,0x3347,0x3ab8
  witness[12] tail=26 r61=22 gh60=0x58a879a W1=0x1ba9,0x5,0x3ce6 W2=0x1ab6,0x11e6,0x3f35
  witness[13] tail=26 r61=23 gh60=0x49944aa W1=0x52e,0x5e0,0x18c5 W2=0x43b,0xa61,0x2fff
  witness[14] tail=26 r61=23 gh60=0x4a7c4a6 W1=0xbf4,0x3c69,0x34a6 W2=0xb01,0x1b57,0x2899
  witness[15] tail=26 r61=23 gh60=0xca3849e W1=0x1c07,0x1ab,0x2c30 W2=0x1b14,0x209a,0x14d

Scan-only r61 registry
  registry_count=16 registry_cap=16
  r61_witness[00] r61=13 tail=33 gh60=0x4889baa W1=0x1dbd,0x187f,0x2a01 W2=0x1cca,0x586,0x310
  r61_witness[01] r61=13 tail=33 gh60=0x39847ba W1=0x33ba,0x332b,0x12ab W2=0x32c7,0x33ea,0x39c4
  r61_witness[02] r61=14 tail=27 gh60=0x4b0dd6a W1=0xde,0x2cb4,0x615 W2=0x3feb,0x2a90,0x8d1
  r61_witness[03] r61=14 tail=29 gh60=0xc5884a6 W1=0x1beb,0x1f3f,0x154d W2=0x1af8,0x1d1a,0x4d1
  r61_witness[04] r61=15 tail=28 gh60=0x460bbee W1=0x318f,0x3137,0x263d W2=0x309c,0x1aca,0x3a66
  r61_witness[05] r61=15 tail=31 gh60=0x4d0459a W1=0x1aca,0x115e,0x3982 W2=0x19d7,0xd4e,0x1d9b
  r61_witness[06] r61=15 tail=31 gh60=0xfd09d6a W1=0x1ed1,0x2adf,0x3aa6 W2=0x1dde,0x26b2,0x2462
  r61_witness[07] r61=15 tail=34 gh60=0x4884fba W1=0x27ba,0x1ce2,0x2983 W2=0x26c7,0xade,0x291d
  r61_witness[08] r61=15 tail=35 gh60=0x4608bee W1=0x199f,0x1584,0x8 W2=0x18ac,0x1c03,0x431
  r61_witness[09] r61=15 tail=39 gh60=0x458c5ae W1=0x34c0,0x1c2b,0x3556 W2=0x33cd,0x10e4,0x1f21
  r61_witness[10] r61=16 tail=27 gh60=0xcd3457e W1=0xa58,0x1c97,0xe95 W2=0x965,0x214c,0xf2f
  r61_witness[11] r61=16 tail=28 gh60=0x4b0bb66 W1=0x31db,0x255,0x33ed W2=0x30e8,0x36a1,0x3bde
  r61_witness[12] r61=16 tail=29 gh60=0xcb0856a W1=0x2c5d,0x1406,0x1374 W2=0x2b6a,0x28fc,0x1eeb
  r61_witness[13] r61=16 tail=29 gh60=0x4d5859e W1=0x34c7,0x30db,0x2941 W2=0x33d4,0x6dc,0x1a4
  r61_witness[14] r61=16 tail=30 gh60=0xca08be6 W1=0x359b,0x3aa,0x14e8 W2=0x34a8,0x1de4,0x3f0b
  r61_witness[15] r61=16 tail=30 gh60=0x48847a6 W1=0x3bbc,0x2061,0x2be5 W2=0x3ac9,0x1a95,0x27fd

D60=0 fiber histogram: 1:8011 2:4620 3:1866 4:1083 5:364 6:224 7:102 8:71 9:17 10:20 11:4 12:6 14:1 16:2
