free_word_mitm_reducedn
N=14 mask=0x3fff msb=0x2000
candidate: M0=0x3d36 mode=random-fallback fill=0x3fff kernel=dM0=dM9=0x2000
prefixes=32768/268435456 mode=permuted-prefix-sample w59_per_prefix=16384 total=536870912
run_mode=scan registry_cap=16
sample_start=156139520
scan_elapsed=34.017s rate=15.78 Mtriples/s

D60 interface
  D60=0 matches: 32991 (random expectation 32768.0, enrichment 1.007x)
  prefixes with D60=0: 16666
  max D60=0 fiber per prefix: 20 at W57=0x10ef W58=0x62
  largest D60 bucket: D=0x92b count=33782
  min D60 HW: 0
  D60 HW histogram: 0:32991 1:458350 2:2982585 3:11949397 4:32859825 5:65686116 6:98489973 7:112476614 8:98343697 9:65521293 10:32722622 11:11890853 12:2966789 13:456706 14:33101

Tail closure among D60=0 matches
  final tail collisions: 0
  best r61 HW: 15
  best r61 W1[57..59]=0x280a,0x1f52,0x3454
  best r61 W2[57..59]=0x2717,0x111,0xceb
  best tail HW: 21
  best tail r61 HW: 18
  best W1[57..59]=0x3185,0x3929,0x3c45
  best W2[57..59]=0x3092,0x103d,0x3de4

SUMMARY N=14 sample_start=156139520 prefixes=32768 total=536870912 d0=32991 best_tail=21 tail_r61=18 best_r61=15 tail_W1=0x3185,0x3929,0x3c45 tail_W2=0x3092,0x103d,0x3de4 r61_W1=0x280a,0x1f52,0x3454 r61_W2=0x2717,0x111,0xceb

Scan-only witness registry
  registry_count=16 registry_cap=16
  witness[00] tail=21 r61=18 gh60=0x5eebb9a W1=0x3185,0x3929,0x3c45 W2=0x3092,0x103d,0x3de4
  witness[01] tail=23 r61=16 gh60=0x4b0856e W1=0xadf,0x2a3f,0x3f20 W2=0x9ec,0xbf9,0x576
  witness[02] tail=23 r61=19 gh60=0x457bc9a W1=0xe49,0x383e,0x2849 W2=0xd56,0xf0e,0x2c0e
  witness[03] tail=23 r61=20 gh60=0xdb8bfaa W1=0xf7d,0x2c5c,0x31cd W2=0xe8a,0xdd7,0x997
  witness[04] tail=23 r61=23 gh60=0x4de84fa W1=0x1d15,0x2325,0x3e6a W2=0x1c22,0x1c99,0x35ef
  witness[05] tail=23 r61=28 gh60=0xc9dcbbe W1=0x25b8,0x2305,0x2f65 W2=0x24c5,0x1b0d,0x3052
  witness[06] tail=24 r61=18 gh60=0x376849a W1=0x2b49,0x33a6,0x650 W2=0x2a56,0x1bb5,0x2a6d
  witness[07] tail=24 r61=20 gh60=0xc91bb7a W1=0x3155,0xa77,0x28d5 W2=0x3062,0x27b2,0x2f49
  witness[08] tail=24 r61=21 gh60=0x36bc56a W1=0x14e2,0x9b2,0x21f0 W2=0x13ef,0x257d,0x2cfb
  witness[09] tail=24 r61=22 gh60=0x46edca6 W1=0x1df4,0x11cc,0x3a53 W2=0x1d01,0x107b,0x16c7
  witness[10] tail=24 r61=22 gh60=0x450dd6e W1=0x3e60,0x3adc,0x215a W2=0x3d6d,0x2680,0x1a14
  witness[11] tail=24 r61=26 gh60=0xf618cea W1=0x2811,0x3402,0x37cf W2=0x271e,0x3509,0x2485
  witness[12] tail=25 r61=15 gh60=0xc908766 W1=0x3bcb,0x3561,0x2adf W2=0x3ad8,0x2898,0x1f6b
  witness[13] tail=25 r61=19 gh60=0x4905b9a W1=0x1ca,0xcc7,0x2b22 W2=0xd7,0x3a10,0x2981
  witness[14] tail=25 r61=19 gh60=0xb8dff9a W1=0xfa6,0xa49,0x3887 W2=0xeb3,0x3a62,0x2b5f
  witness[15] tail=25 r61=19 gh60=0xcf1cd7a W1=0x36da,0x5a0,0x4bf W2=0x35e7,0xb60,0x1df3

Scan-only r61 registry
  registry_count=16 registry_cap=16
  r61_witness[00] r61=15 tail=25 gh60=0xc908766 W1=0x3bcb,0x3561,0x2adf W2=0x3ad8,0x2898,0x1f6b
  r61_witness[01] r61=15 tail=29 gh60=0x4a04c9a W1=0x280a,0x1f52,0x3454 W2=0x2717,0x111,0xceb
  r61_witness[02] r61=15 tail=30 gh60=0x470df7a W1=0x3fda,0x1947,0x21 W2=0x3ee7,0xb5b,0xa3b
  r61_witness[03] r61=15 tail=34 gh60=0xca085ee W1=0x2c9f,0x2d16,0x257e W2=0x2bac,0x12c8,0x21db
  r61_witness[04] r61=16 tail=23 gh60=0x4b0856e W1=0xadf,0x2a3f,0x3f20 W2=0x9ec,0xbf9,0x576
  r61_witness[05] r61=16 tail=27 gh60=0xca5bc9e W1=0x2ee7,0x377f,0x2839 W2=0x2df4,0x1e6f,0x229
  r61_witness[06] r61=16 tail=29 gh60=0x4608cea W1=0x3721,0x21b7,0x589 W2=0x362e,0x385e,0x1fbf
  r61_witness[07] r61=16 tail=31 gh60=0x7b39d7a W1=0x1ed9,0x2b2f,0x3f49 W2=0x1de6,0x786,0x195f
  r61_witness[08] r61=16 tail=32 gh60=0x44a7de6 W1=0x2ea4,0x2290,0x3b27 W2=0x2db1,0xff1,0x1d74
  r61_witness[09] r61=16 tail=35 gh60=0xca887aa W1=0xb71,0x15fe,0x33fb W2=0xa7e,0x18c6,0x3602
  r61_witness[10] r61=16 tail=36 gh60=0x5518ca6 W1=0x843,0x83e,0x2ea0 W2=0x750,0x11fa,0x3dc3
  r61_witness[11] r61=16 tail=36 gh60=0x4f0449a W1=0xb4a,0x1f90,0x10c6 W2=0xa57,0x79c,0x2c63
  r61_witness[12] r61=16 tail=37 gh60=0x5888bae W1=0x39af,0x1282,0x3a15 W2=0x38bc,0x1699,0x32ec
  r61_witness[13] r61=16 tail=38 gh60=0x4a04de6 W1=0x288c,0x208,0x2252 W2=0x2799,0x36c3,0x717
  r61_witness[14] r61=16 tail=41 gh60=0x4508566 W1=0x3cdb,0x86f,0x2ee4 W2=0x3be8,0x68a,0x3d44
  r61_witness[15] r61=17 tail=27 gh60=0x4fa879a W1=0x3b65,0x312c,0x117 W2=0x3a72,0x3385,0x10d5

D60=0 fiber histogram: 1:8098 2:4753 3:1810 4:1111 5:427 6:236 7:85 8:62 9:39 10:23 11:9 12:4 13:2 14:1 16:3 17:1 18:1 20:1
