free_word_mitm_reducedn
N=14 mask=0x3fff msb=0x2000
candidate: M0=0x3d36 mode=random-fallback fill=0x3fff kernel=dM0=dM9=0x2000
prefixes=32768/268435456 mode=permuted-prefix-sample w59_per_prefix=16384 total=536870912
run_mode=scan registry_cap=16
sample_start=30310400
scan_elapsed=33.080s rate=16.23 Mtriples/s

D60 interface
  D60=0 matches: 32904 (random expectation 32768.0, enrichment 1.004x)
  prefixes with D60=0: 16560
  max D60=0 fiber per prefix: 18 at W57=0x2db2 W58=0x17ac
  largest D60 bucket: D=0x2a75 count=33758
  min D60 HW: 0
  D60 HW histogram: 0:32904 1:458389 2:2974621 3:11911346 4:32793848 5:65650417 6:98485657 7:112534641 8:98396414 9:65545332 10:32734917 11:11892722 12:2968532 13:458311 14:32861

Tail closure among D60=0 matches
  final tail collisions: 0
  best r61 HW: 13
  best r61 W1[57..59]=0x9a1,0xe3d,0x2109
  best r61 W2[57..59]=0x8ae,0x8c0,0x232b
  best tail HW: 22
  best tail r61 HW: 17
  best W1[57..59]=0x1617,0x170,0x2f08
  best W2[57..59]=0x1524,0x23d7,0x362d

SUMMARY N=14 sample_start=30310400 prefixes=32768 total=536870912 d0=32904 best_tail=22 tail_r61=17 best_r61=13 tail_W1=0x1617,0x170,0x2f08 tail_W2=0x1524,0x23d7,0x362d r61_W1=0x9a1,0xe3d,0x2109 r61_W2=0x8ae,0x8c0,0x232b

Scan-only witness registry
  registry_count=16 registry_cap=16
  witness[00] tail=22 r61=17 gh60=0x5e38cfe W1=0x1617,0x170,0x2f08 W2=0x1524,0x23d7,0x362d
  witness[01] tail=24 r61=16 gh60=0x5a28c9a W1=0x605,0x2a0d,0x1b5a W2=0x512,0x139b,0x2f37
  witness[02] tail=24 r61=21 gh60=0x788c4ba W1=0x53a,0xf82,0x31f8 W2=0x447,0x3435,0xd10
  witness[03] tail=24 r61=24 gh60=0xfeb8f9a W1=0x1769,0x2fcd,0x303f W2=0x1676,0x3f63,0x1393
  witness[04] tail=25 r61=15 gh60=0x453c56e W1=0x34d0,0x290a,0x1bc8 W2=0x33dd,0x1eb5,0x3fd7
  witness[05] tail=25 r61=16 gh60=0x4a644a6 W1=0x3cf4,0x1b92,0x37e1 W2=0x3c01,0x3b80,0x3f21
  witness[06] tail=25 r61=20 gh60=0x46f5cbe W1=0xf8,0x23a1,0x2721 W2=0x5,0x2c81,0x1316
  witness[07] tail=25 r61=20 gh60=0x4b6ff9e W1=0xfc8,0x15b0,0x1c72 W2=0xed5,0x3649,0x3571
  witness[08] tail=25 r61=20 gh60=0x4aa84ba W1=0x14f5,0x3dda,0x3f6 W2=0x1402,0x34d4,0x29d2
  witness[09] tail=25 r61=22 gh60=0x5f85bba W1=0x217a,0xc37,0x19d8 W2=0x2087,0x36c3,0x2ede
  witness[10] tail=25 r61=22 gh60=0xb6184e6 W1=0x3213,0x3381,0x3eb W2=0x3120,0x3378,0x12c4
  witness[11] tail=25 r61=22 gh60=0xc7e8c9e W1=0x3647,0x3217,0x39bd W2=0x3554,0x1349,0x28cd
  witness[12] tail=25 r61=23 gh60=0x7904766 W1=0x235c,0x126b,0x3041 W2=0x2269,0x3611,0x2643
  witness[13] tail=25 r61=23 gh60=0xc978b66 W1=0x39db,0xbe2,0x3920 W2=0x38e8,0x19ac,0x1010
  witness[14] tail=25 r61=24 gh60=0x3a744aa W1=0x12fe,0x31c0,0x3ecc W2=0x120b,0xa31,0x315b
  witness[15] tail=25 r61=24 gh60=0xcad4bbe W1=0x2578,0x2d74,0x24 W2=0x2485,0x2610,0x1a10

Scan-only r61 registry
  registry_count=16 registry_cap=16
  r61_witness[00] r61=13 tail=30 gh60=0x4a08bea W1=0x9a1,0xe3d,0x2109 W2=0x8ae,0x8c0,0x232b
  r61_witness[01] r61=14 tail=27 gh60=0x4a89daa W1=0x3e81,0x1864,0x10b8 W2=0x3d8e,0x1abb,0x31d6
  r61_witness[02] r61=14 tail=34 gh60=0x460bcea W1=0xf0d,0x819,0x182f W2=0xe1a,0x3790,0x2a58
  r61_witness[03] r61=15 tail=25 gh60=0x453c56e W1=0x34d0,0x290a,0x1bc8 W2=0x33dd,0x1eb5,0x3fd7
  r61_witness[04] r61=15 tail=28 gh60=0x493bca6 W1=0xf43,0x19b1,0x3928 W2=0xe50,0xce7,0x688
  r61_witness[05] r61=15 tail=32 gh60=0x4b2c57a W1=0x3a56,0x19e8,0x2b94 W2=0x3963,0x29d,0x264f
  r61_witness[06] r61=15 tail=33 gh60=0x44885a6 W1=0x1cab,0x21c8,0x2467 W2=0x1bb8,0x26fb,0x1f5a
  r61_witness[07] r61=15 tail=34 gh60=0x44884ae W1=0x2c3f,0x15c7,0x235 W2=0x2b4c,0x2d7,0x3861
  r61_witness[08] r61=15 tail=39 gh60=0x4a084ea W1=0x1311,0x1027,0x12fc W2=0x121e,0x29e1,0xdaf
  r61_witness[09] r61=16 tail=24 gh60=0x5a28c9a W1=0x605,0x2a0d,0x1b5a W2=0x512,0x139b,0x2f37
  r61_witness[10] r61=16 tail=25 gh60=0x4a644a6 W1=0x3cf4,0x1b92,0x37e1 W2=0x3c01,0x3b80,0x3f21
  r61_witness[11] r61=16 tail=26 gh60=0x472857a W1=0x24d9,0x3e5e,0x5f9 W2=0x23e6,0x1912,0x30ad
  r61_witness[12] r61=16 tail=27 gh60=0xde57c9e W1=0x2ee8,0x2f5e,0x17a0 W2=0x2df5,0x2a4f,0x47b
  r61_witness[13] r61=16 tail=27 gh60=0xda8cda6 W1=0x366c,0x106,0x29e1 W2=0x3579,0x293b,0xb48
  r61_witness[14] r61=16 tail=32 gh60=0xca0bcee W1=0x2f0f,0x29b7,0x35eb W2=0x2e1c,0x330a,0xd48
  r61_witness[15] r61=16 tail=35 gh60=0xc504566 W1=0x3cdc,0x4e,0x3443 W2=0x3be9,0x26a,0xaaa

D60=0 fiber histogram: 1:8054 2:4711 3:1782 4:1084 5:452 6:224 7:92 8:85 9:30 10:19 11:5 12:5 13:6 14:6 15:1 16:3 18:1
