free_word_mitm_reducedn
N=14 mask=0x3fff msb=0x2000
candidate: M0=0x3d36 mode=random-fallback fill=0x3fff kernel=dM0=dM9=0x2000
prefixes=32768/268435456 mode=permuted-prefix-sample w59_per_prefix=16384 total=536870912
run_mode=scan registry_cap=16
sample_start=256802816
scan_elapsed=18.420s rate=29.15 Mtriples/s

D60 interface
  D60=0 matches: 32903 (random expectation 32768.0, enrichment 1.004x)
  prefixes with D60=0: 16578
  max D60=0 fiber per prefix: 26 at W57=0x17e W58=0x3b7f
  largest D60 bucket: D=0x3014 count=33792
  min D60 HW: 0
  D60 HW histogram: 0:32903 1:459474 2:2991379 3:11955252 4:32866174 5:65683042 6:98459061 7:112444078 8:98322705 9:65516563 10:32755475 11:11912342 12:2980757 13:458674 14:33033

Tail closure among D60=0 matches
  final tail collisions: 0
  best r61 HW: 12
  best r61 W1[57..59]=0x369e,0x537,0x223d
  best r61 W2[57..59]=0x35ab,0x1407,0x42f
  best tail HW: 23
  best tail r61 HW: 20
  best W1[57..59]=0x2193,0x3f6f,0x2db0
  best W2[57..59]=0x20a0,0x34b,0x130e

SUMMARY N=14 sample_start=256802816 prefixes=32768 total=536870912 d0=32903 best_tail=23 tail_r61=20 best_r61=12 tail_W1=0x2193,0x3f6f,0x2db0 tail_W2=0x20a0,0x34b,0x130e r61_W1=0x369e,0x537,0x223d r61_W2=0x35ab,0x1407,0x42f

Scan-only witness registry
  registry_count=16 registry_cap=16
  witness[00] tail=23 r61=18 gh60=0xba0c4fa W1=0x1a1a,0x5b4,0x251b W2=0x1927,0x38a1,0x1500
  witness[01] tail=23 r61=20 gh60=0x4ef9be6 W1=0x2193,0x3f6f,0x2db0 W2=0x20a0,0x34b,0x130e
  witness[02] tail=24 r61=18 gh60=0xc98479a W1=0x236a,0x2db6,0x27d W2=0x2277,0x200e,0x18f7
  witness[03] tail=24 r61=18 gh60=0x46a456a W1=0x3c62,0x1212,0x1401 W2=0x3b6f,0x2c3d,0x1eaa
  witness[04] tail=24 r61=21 gh60=0x489bfaa W1=0xfc1,0x272a,0x2b2d W2=0xece,0x1c35,0x2719
  witness[05] tail=24 r61=22 gh60=0x7484c9a W1=0x82a,0x371b,0x305d W2=0x737,0x181e,0x1006
  witness[06] tail=25 r61=17 gh60=0xc52857a W1=0x1c59,0x17d9,0xbbe W2=0x1b66,0x8e5,0x379c
  witness[07] tail=25 r61=17 gh60=0xd4a849a W1=0x2a25,0x91,0x731 W2=0x2932,0x2462,0x152a
  witness[08] tail=25 r61=19 gh60=0xdf98caa W1=0x2841,0x1ab4,0x13c6 W2=0x274e,0x1c23,0x1aed
  witness[09] tail=25 r61=20 gh60=0xca98cae W1=0x16ef,0x967,0x3259 W2=0x15fc,0x3546,0x38b7
  witness[10] tail=25 r61=20 gh60=0x4bac49e W1=0x2a28,0x19da,0x2a10 W2=0x2935,0x1590,0x1092
  witness[11] tail=25 r61=21 gh60=0xb6f45fa W1=0x3a96,0x779,0x2e95 W2=0x39a3,0x309a,0x1c15
  witness[12] tail=25 r61=22 gh60=0xf8b47aa W1=0x3ae,0x327a,0x1e7b W2=0x2bb,0x32c3,0x27a9
  witness[13] tail=25 r61=22 gh60=0xd97cb6a W1=0x9ce,0x1d67,0x4a7 W2=0x8db,0x1ba7,0x1938
  witness[14] tail=25 r61=22 gh60=0x755fd7e W1=0x1058,0x13b1,0x27dd W2=0xf65,0x401,0x2ed0
  witness[15] tail=25 r61=22 gh60=0xfa25da6 W1=0x2084,0x1e2b,0x1252 W2=0x1f91,0x2e7e,0x12ed

Scan-only r61 registry
  registry_count=16 registry_cap=16
  r61_witness[00] r61=12 tail=36 gh60=0x460cdea W1=0x369e,0x537,0x223d W2=0x35ab,0x1407,0x42f
  r61_witness[01] r61=13 tail=28 gh60=0xca884aa W1=0x3201,0x30f9,0x1494 W2=0x310e,0x369,0x399
  r61_witness[02] r61=13 tail=32 gh60=0xca24da6 W1=0x684,0x2950,0x174d W2=0x591,0x2125,0x1c29
  r61_witness[03] r61=13 tail=32 gh60=0xca8bca6 W1=0x2efb,0x3fb0,0x1dd9 W2=0x2e08,0x4c2,0x3c47
  r61_witness[04] r61=14 tail=32 gh60=0x5709b6a W1=0x1d61,0x2858,0x32b7 W2=0x1c6e,0x2b83,0x1e03
  r61_witness[05] r61=15 tail=28 gh60=0x4a04dfa W1=0x69a,0x24eb,0x1fb5 W2=0x5a7,0x173f,0x1a3c
  r61_witness[06] r61=15 tail=28 gh60=0x4a04ce6 W1=0x371c,0x24b0,0x3ae4 W2=0x3629,0x3fc3,0xb1d
  r61_witness[07] r61=15 tail=29 gh60=0x7908b66 W1=0x9cb,0xbf4,0x3565 W2=0x8d8,0xdce,0x3641
  r61_witness[08] r61=16 tail=30 gh60=0xca04be6 W1=0x398c,0x1b3c,0xf94 W2=0x3899,0x2d8b,0x369f
  r61_witness[09] r61=16 tail=31 gh60=0x493876e W1=0x3df,0xf0b,0x963 W2=0x2ec,0x835,0xd03
  r61_witness[10] r61=16 tail=39 gh60=0x4914f6a W1=0x75e,0x22f0,0x138 W2=0x66b,0x1a04,0xe77
  r61_witness[11] r61=17 tail=25 gh60=0xc52857a W1=0x1c59,0x17d9,0xbbe W2=0x1b66,0x8e5,0x379c
  r61_witness[12] r61=17 tail=25 gh60=0xd4a849a W1=0x2a25,0x91,0x731 W2=0x2932,0x2462,0x152a
  r61_witness[13] r61=17 tail=28 gh60=0xc89bc9a W1=0x1125,0x11d0,0x17fd W2=0x1032,0x225c,0x1ad
  r61_witness[14] r61=17 tail=28 gh60=0xda284a6 W1=0x3c03,0x2678,0x265a W2=0x3b10,0x575,0x2f0e
  r61_witness[15] r61=17 tail=29 gh60=0xce08cea W1=0x180d,0x9c0,0x24c5 W2=0x171a,0x1d87,0x266a

D60=0 fiber histogram: 1:8147 2:4651 3:1754 4:1086 5:450 6:226 7:113 8:62 9:31 10:25 11:13 12:9 13:3 14:2 15:1 16:2 17:1 18:1 26:1
