free_word_mitm_reducedn
N=14 mask=0x3fff msb=0x2000
candidate: M0=0x3d36 mode=random-fallback fill=0x3fff kernel=dM0=dM9=0x2000
prefixes=32768/268435456 mode=permuted-prefix-sample w59_per_prefix=16384 total=536870912
run_mode=scan registry_cap=16
sample_start=231636992
scan_elapsed=28.788s rate=18.65 Mtriples/s

D60 interface
  D60=0 matches: 32640 (random expectation 32768.0, enrichment 0.996x)
  prefixes with D60=0: 16485
  max D60=0 fiber per prefix: 24 at W57=0x235a W58=0x1ed7
  largest D60 bucket: D=0x22f9 count=33867
  min D60 HW: 0
  D60 HW histogram: 0:32640 1:459430 2:2988608 3:11938033 4:32815160 5:65650449 6:98455563 7:112455150 8:98362747 9:65565031 10:32775322 11:11908837 12:2972743 13:458978 14:32221

Tail closure among D60=0 matches
  final tail collisions: 0
  best r61 HW: 13
  best r61 W1[57..59]=0x1c0f,0x3425,0x6e3
  best r61 W2[57..59]=0x1b1c,0x35cf,0x2893
  best tail HW: 21
  best tail r61 HW: 23
  best W1[57..59]=0x1319,0xa8c,0x2c22
  best W2[57..59]=0x1226,0x444,0x276b

SUMMARY N=14 sample_start=231636992 prefixes=32768 total=536870912 d0=32640 best_tail=21 tail_r61=23 best_r61=13 tail_W1=0x1319,0xa8c,0x2c22 tail_W2=0x1226,0x444,0x276b r61_W1=0x1c0f,0x3425,0x6e3 r61_W2=0x1b1c,0x35cf,0x2893

Scan-only witness registry
  registry_count=16 registry_cap=16
  witness[00] tail=21 r61=23 gh60=0xfdd84fa W1=0x1319,0xa8c,0x2c22 W2=0x1226,0x444,0x276b
  witness[01] tail=22 r61=20 gh60=0xce07de6 W1=0xe8c,0x72d,0x1734 W2=0xd99,0xa66,0x2ea7
  witness[02] tail=22 r61=22 gh60=0xdda8f66 W1=0x27e3,0x1b0e,0x3466 W2=0x26f0,0x56c,0x956
  witness[03] tail=22 r61=23 gh60=0x5df4d9a W1=0x666,0x3111,0x2cc5 W2=0x573,0x107c,0x822
  witness[04] tail=22 r61=23 gh60=0xcad45fe W1=0x3298,0x17aa,0x2502 W2=0x31a5,0x2b6b,0xb88
  witness[05] tail=23 r61=19 gh60=0x5a28ffe W1=0x1797,0x2ed6,0x24a6 W2=0x16a4,0x37a5,0x26cd
  witness[06] tail=23 r61=24 gh60=0xf57449e W1=0x2248,0x2835,0x2284 W2=0x2155,0x24a3,0x1b7b
  witness[07] tail=23 r61=25 gh60=0xb5b45aa W1=0x2aae,0x1cd,0x3b6d W2=0x29bb,0x3c76,0x331b
  witness[08] tail=24 r61=15 gh60=0x490876e W1=0x33cf,0x2511,0x24ae W2=0x32dc,0x2a4b,0x14e9
  witness[09] tail=24 r61=18 gh60=0xb498cae W1=0x82f,0x2e22,0x19d9 W2=0x73c,0x1881,0x2d
  witness[10] tail=24 r61=20 gh60=0xc4e45aa W1=0x4b2,0x39e6,0x2f16 W2=0x3bf,0x693,0x2c7
  witness[11] tail=24 r61=20 gh60=0x5bdc4ba W1=0xa36,0x345,0x156c W2=0x943,0x2804,0x1ba9
  witness[12] tail=24 r61=20 gh60=0x7f1476a W1=0xbce,0x1fda,0x3809 W2=0xadb,0x2239,0x15f3
  witness[13] tail=24 r61=21 gh60=0xccf44ae W1=0x1a40,0x1043,0x1c66 W2=0x194d,0x3ad4,0x1d97
  witness[14] tail=24 r61=21 gh60=0x3b744ae W1=0x3440,0x51e,0x28b5 W2=0x334d,0x31af,0x3c02
  witness[15] tail=24 r61=22 gh60=0xd93476e W1=0xb50,0x44c,0x2397 W2=0xa5d,0x3e93,0x246d

Scan-only r61 registry
  registry_count=16 registry_cap=16
  r61_witness[00] r61=13 tail=27 gh60=0xc6084ee W1=0x1c0f,0x3425,0x6e3 W2=0x1b1c,0x35cf,0x2893
  r61_witness[01] r61=15 tail=24 gh60=0x490876e W1=0x33cf,0x2511,0x24ae W2=0x32dc,0x2a4b,0x14e9
  r61_witness[02] r61=15 tail=27 gh60=0xf9884aa W1=0x3b31,0x3552,0x2e01 W2=0x3a3e,0xf12,0x2471
  r61_witness[03] r61=15 tail=30 gh60=0x48787aa W1=0xbad,0x103d,0x2f6d W2=0xaba,0x291,0xee5
  r61_witness[04] r61=15 tail=32 gh60=0x4e284e6 W1=0x2513,0x71e,0xd44 W2=0x2420,0x2201,0x1922
  r61_witness[05] r61=15 tail=35 gh60=0x451456e W1=0x14e0,0x2409,0x1125 W2=0x13ed,0x1eb0,0x2d6a
  r61_witness[06] r61=15 tail=36 gh60=0x5a0c5ee W1=0x1290,0x1326,0x376b W2=0x119d,0x4e9,0xa4f
  r61_witness[07] r61=16 tail=27 gh60=0x4639dfa W1=0x3e95,0x206b,0x3441 W2=0x3da2,0x1146,0x305c
  r61_witness[08] r61=16 tail=29 gh60=0x491877a W1=0x2bd5,0x367f,0x1cd0 W2=0x2ae2,0x275f,0xa89
  r61_witness[09] r61=16 tail=30 gh60=0x4628dfe W1=0x697,0x118d,0x3a28 W2=0x5a4,0x17cc,0x3264
  r61_witness[10] r61=16 tail=32 gh60=0x4708b6e W1=0x39cf,0x2e40,0x1bbe W2=0x38dc,0x2c5b,0x27dd
  r61_witness[11] r61=16 tail=36 gh60=0x49b7fae W1=0x2f70,0x2cd0,0xfe4 W2=0x2e7d,0x18a4,0x3503
  r61_witness[12] r61=16 tail=38 gh60=0x4e8449a W1=0x3ea,0x30ce,0x3240 W2=0x2f7,0x16ce,0xb52
  r61_witness[13] r61=17 tail=27 gh60=0x4925b66 W1=0x1dd4,0x2a0e,0x261d W2=0x1ce1,0x367f,0x3d85
  r61_witness[14] r61=17 tail=27 gh60=0xf58fdaa W1=0x306e,0xb6b,0x3dfc W2=0x2f7b,0x32bf,0x3e4
  r61_witness[15] r61=17 tail=28 gh60=0xb928fa6 W1=0x17c3,0x2221,0xd22 W2=0x16d0,0x1895,0x1340

D60=0 fiber histogram: 1:7967 2:4770 3:1789 4:1103 5:395 6:229 7:94 8:66 9:26 10:14 11:6 12:6 13:4 14:6 15:4 16:2 17:1 18:1 20:1 24:1
