free_word_mitm_reducedn
N=14 mask=0x3fff msb=0x2000
candidate: M0=0x3d36 mode=random-fallback fill=0x3fff kernel=dM0=dM9=0x2000
prefixes=32768/268435456 mode=permuted-prefix-sample w59_per_prefix=16384 total=536870912
run_mode=scan registry_cap=16
sample_start=11173888
scan_elapsed=11.991s rate=44.77 Mtriples/s

D60 interface
  D60=0 matches: 32541 (random expectation 32768.0, enrichment 0.993x)
  prefixes with D60=0: 16496
  max D60=0 fiber per prefix: 19 at W57=0x75d W58=0x2741
  largest D60 bucket: D=0x8c9 count=33702
  min D60 HW: 0
  D60 HW histogram: 0:32541 1:458250 2:2981756 3:11941073 4:32825417 5:65625383 6:98423868 7:112475413 8:98409873 9:65575046 10:32752538 11:11901688 12:2976794 13:458533 14:32739

Tail closure among D60=0 matches
  final tail collisions: 0
  best r61 HW: 13
  best r61 W1[57..59]=0x349f,0x24d3,0x35d4
  best r61 W2[57..59]=0x33ac,0x1e01,0x1e4b
  best tail HW: 21
  best tail r61 HW: 26
  best W1[57..59]=0x2556,0x1028,0x104e
  best W2[57..59]=0x2463,0x1224,0x1776

SUMMARY N=14 sample_start=11173888 prefixes=32768 total=536870912 d0=32541 best_tail=21 tail_r61=26 best_r61=13 tail_W1=0x2556,0x1028,0x104e tail_W2=0x2463,0x1224,0x1776 r61_W1=0x349f,0x24d3,0x35d4 r61_W2=0x33ac,0x1e01,0x1e4b

Scan-only witness registry
  registry_count=16 registry_cap=16
  witness[00] tail=21 r61=19 gh60=0xc9d849e W1=0x1c07,0x19f0,0x1333 W2=0x1b14,0x38df,0x1ee3
  witness[01] tail=21 r61=26 gh60=0xc95cb7a W1=0x2556,0x1028,0x104e W2=0x2463,0x1224,0x1776
  witness[02] tail=23 r61=26 gh60=0xded5cba W1=0x3ff6,0x1e0d,0x3a8a W2=0x3f03,0x3ecd,0x6b6
  witness[03] tail=24 r61=15 gh60=0x4a14dee W1=0x2690,0x272c,0x1103 W2=0x259d,0x11ec,0xf30
  witness[04] tail=24 r61=20 gh60=0x4b0876a W1=0x23e1,0x26c4,0x38a8 W2=0x22ee,0x2616,0x2234
  witness[05] tail=24 r61=21 gh60=0xbaa84ba W1=0x29f5,0x40f,0x3abc W2=0x2902,0x274d,0x2df
  witness[06] tail=24 r61=22 gh60=0xc90876e W1=0x33cf,0x1541,0x39ae W2=0x32dc,0x1a7b,0x2ebd
  witness[07] tail=24 r61=22 gh60=0xc4b84aa W1=0x3441,0x232d,0x1783 W2=0x334e,0x379d,0xd93
  witness[08] tail=25 r61=15 gh60=0x4a044e6 W1=0x130c,0x3f3b,0x1cbf W2=0x1219,0x1d21,0x1320
  witness[09] tail=25 r61=19 gh60=0x47b4d9a W1=0x1666,0x3c5b,0x3937 W2=0x1573,0x2dc2,0x2d6e
  witness[10] tail=25 r61=19 gh60=0xbe17fea W1=0x2f9e,0x2c09,0x1101 W2=0x2eab,0x178d,0xbe1
  witness[11] tail=25 r61=19 gh60=0x4a7cffe W1=0x3798,0x16b0,0x1e56 W2=0x36a5,0x1b80,0x1cdd
  witness[12] tail=25 r61=20 gh60=0xcbf44ae W1=0x1400,0x33c8,0x2c0e W2=0x130d,0x22d9,0x21f5
  witness[13] tail=25 r61=20 gh60=0x5795daa W1=0x20be,0x2d06,0xb32 W2=0x1fcb,0x28e2,0x2b70
  witness[14] tail=25 r61=21 gh60=0xfd2859a W1=0x2ac9,0x1ac9,0x30af W2=0x29d6,0x36b8,0x1e83
  witness[15] tail=25 r61=22 gh60=0x4787d9a W1=0xeaa,0x319c,0x3367 W2=0xdb7,0x1409,0x3abf

Scan-only r61 registry
  registry_count=16 registry_cap=16
  r61_witness[00] r61=13 tail=32 gh60=0x46185ee W1=0x349f,0x24d3,0x35d4 W2=0x33ac,0x1e01,0x1e4b
  r61_witness[01] r61=14 tail=34 gh60=0x4904766 W1=0x3b5c,0x1b42,0x12cb W2=0x3a69,0x1976,0x126e
  r61_witness[02] r61=15 tail=24 gh60=0x4a14dee W1=0x2690,0x272c,0x1103 W2=0x259d,0x11ec,0xf30
  r61_witness[03] r61=15 tail=25 gh60=0x4a044e6 W1=0x130c,0x3f3b,0x1cbf W2=0x1219,0x1d21,0x1320
  r61_witness[04] r61=15 tail=27 gh60=0xc888caa W1=0x172d,0x13a9,0x263 W2=0x163a,0x2724,0x32e7
  r61_witness[05] r61=15 tail=34 gh60=0x4b0bd6e W1=0xe5f,0x1633,0x2bb6 W2=0xd6c,0x2cd2,0x91
  r61_witness[06] r61=15 tail=37 gh60=0x450457a W1=0x1cda,0x2cb,0x3021 W2=0x1be7,0x3ff4,0x2192
  r61_witness[07] r61=16 tail=27 gh60=0x36047fa W1=0x239a,0xe98,0x3b0 W2=0x22a7,0x1dd,0x11aa
  r61_witness[08] r61=16 tail=29 gh60=0x4e8c7ba W1=0x137a,0x9ea,0x33b3 W2=0x1287,0xd35,0x2d50
  r61_witness[09] r61=16 tail=29 gh60=0xcd0457a W1=0x225a,0xcd8,0x3136 W2=0x2167,0x39f9,0x96b
  r61_witness[10] r61=16 tail=30 gh60=0xc628c9a W1=0x2609,0xf6f,0x2c46 W2=0x2516,0x3739,0x39db
  r61_witness[11] r61=16 tail=30 gh60=0x5b6857a W1=0x32d9,0x3d20,0x1801 W2=0x31e6,0x2c2c,0x212b
  r61_witness[12] r61=16 tail=34 gh60=0x5a67bea W1=0x1192,0x24bb,0x1b57 W2=0x109f,0x44b,0x35fb
  r61_witness[13] r61=16 tail=34 gh60=0x4e08bea W1=0x35a1,0x6ab,0x1cc0 W2=0x34ae,0x196a,0x6e
  r61_witness[14] r61=16 tail=35 gh60=0x448c4ba W1=0x143a,0xc88,0x3312 W2=0x1347,0x2ff,0x1969
  r61_witness[15] r61=16 tail=35 gh60=0xcbe7ba6 W1=0x3184,0x318f,0xd46 W2=0x3091,0x2a82,0xf1f

D60=0 fiber histogram: 1:8062 2:4675 3:1803 4:1094 5:417 6:199 7:98 8:73 9:29 10:22 11:8 12:5 13:5 16:4 18:1 19:1
