free_word_mitm_reducedn
N=14 mask=0x3fff msb=0x2000
candidate: M0=0x3d36 mode=random-fallback fill=0x3fff kernel=dM0=dM9=0x2000
prefixes=32768/268435456 mode=permuted-prefix-sample w59_per_prefix=16384 total=536870912
run_mode=scan registry_cap=16
sample_start=250380288
scan_elapsed=20.115s rate=26.69 Mtriples/s

D60 interface
  D60=0 matches: 32842 (random expectation 32768.0, enrichment 1.002x)
  prefixes with D60=0: 16526
  max D60=0 fiber per prefix: 19 at W57=0x3187 W58=0x1495
  largest D60 bucket: D=0xab1 count=33649
  min D60 HW: 0
  D60 HW histogram: 0:32842 1:458005 2:2981531 3:11934634 4:32812050 5:65657809 6:98473646 7:112483084 8:98376385 9:65539724 10:32741950 11:11910748 12:2976401 13:458936 14:33167

Tail closure among D60=0 matches
  final tail collisions: 0
  best r61 HW: 13
  best r61 W1[57..59]=0x29f5,0x11b7,0x2619
  best r61 W2[57..59]=0x2902,0x34f5,0x1dea
  best tail HW: 24
  best tail r61 HW: 22
  best W1[57..59]=0x2951,0x2d9a,0x2359
  best W2[57..59]=0x285e,0x2f99,0x1d03

SUMMARY N=14 sample_start=250380288 prefixes=32768 total=536870912 d0=32842 best_tail=24 tail_r61=22 best_r61=13 tail_W1=0x2951,0x2d9a,0x2359 tail_W2=0x285e,0x2f99,0x1d03 r61_W1=0x29f5,0x11b7,0x2619 r61_W2=0x2902,0x34f5,0x1dea

Scan-only witness registry
  registry_count=16 registry_cap=16
  witness[00] tail=24 r61=20 gh60=0xbe54cfe W1=0x1818,0x2185,0x1e67 W2=0x1725,0x29dd,0xb99
  witness[01] tail=24 r61=22 gh60=0x7908b6a W1=0x2951,0x2d9a,0x2359 W2=0x285e,0x2f99,0x1d03
  witness[02] tail=24 r61=23 gh60=0x7a784ba W1=0x22f5,0x26e,0xc2a W2=0x2202,0x2bec,0x1ebe
  witness[03] tail=24 r61=29 gh60=0xfb847a6 W1=0xbac,0x1c4b,0x3b21 W2=0xab9,0x68f,0x916
  witness[04] tail=25 r61=13 gh60=0x4a684ba W1=0x29f5,0x11b7,0x2619 W2=0x2902,0x34f5,0x1dea
  witness[05] tail=25 r61=20 gh60=0x448ccae W1=0x640,0x265a,0x310e W2=0x54d,0x5aa,0x1a9b
  witness[06] tail=25 r61=20 gh60=0xbd37d6e W1=0x10e0,0x1925,0x1d19 W2=0xfed,0x29c5,0x20e8
  witness[07] tail=25 r61=20 gh60=0x4a3dbea W1=0x2192,0x1168,0x383d W2=0x209f,0x3cfc,0x28d0
  witness[08] tail=25 r61=20 gh60=0xf6b4dbe W1=0x3878,0xde,0x837 W2=0x3785,0x1316,0x2fcd
  witness[09] tail=25 r61=21 gh60=0x563459e W1=0x1288,0x699,0x8f7 W2=0x1195,0x1ba7,0x3c2f
  witness[10] tail=25 r61=22 gh60=0x3a64766 W1=0x1be4,0x3467,0xbee W2=0x1af1,0x3449,0x2f2f
  witness[11] tail=25 r61=22 gh60=0xb57459a W1=0x32a6,0x6b8,0x154d W2=0x31b3,0x32f4,0x448
  witness[12] tail=25 r61=25 gh60=0x4f845a6 W1=0x47c,0x1e50,0x3fe9 W2=0x389,0x13f6,0x3723
  witness[13] tail=25 r61=26 gh60=0xccbccea W1=0x1822,0xb93,0x6c3 W2=0x172f,0x1c1f,0x3f31
  witness[14] tail=25 r61=26 gh60=0xb57cd66 W1=0x285c,0x743,0xa2c W2=0x2769,0x327a,0x18ca
  witness[15] tail=25 r61=27 gh60=0x569c7ae W1=0xb80,0x30d6,0x34c1 W2=0xa8d,0x2c9f,0x111e

Scan-only r61 registry
  registry_count=16 registry_cap=16
  r61_witness[00] r61=13 tail=25 gh60=0x4a684ba W1=0x29f5,0x11b7,0x2619 W2=0x2902,0x34f5,0x1dea
  r61_witness[01] r61=15 tail=28 gh60=0x4b08b6e W1=0x254f,0x14a,0x1ff3 W2=0x245c,0x3769,0x2b16
  r61_witness[02] r61=15 tail=29 gh60=0xc628ce6 W1=0x613,0x91b,0x73 W2=0x520,0x37cd,0x3daf
  r61_witness[03] r61=15 tail=29 gh60=0xd528d9a W1=0x8c5,0x22cc,0x8d5 W2=0x7d2,0xdee,0x3519
  r61_witness[04] r61=15 tail=30 gh60=0x450856e W1=0x45f,0xe05,0x135c W2=0x36c,0x3bc7,0x21bf
  r61_witness[05] r61=15 tail=32 gh60=0x4604ce6 W1=0x61c,0x54a,0x615 W2=0x529,0x2751,0x2cd6
  r61_witness[06] r61=15 tail=33 gh60=0x4c84d9a W1=0x36aa,0x12b1,0x974 W2=0x35b7,0x11a0,0xae8
  r61_witness[07] r61=15 tail=35 gh60=0x4e187e6 W1=0x238b,0x3940,0x18ca W2=0x2298,0x2089,0x32a
  r61_witness[08] r61=15 tail=37 gh60=0xca34bee W1=0x15a0,0x286a,0xa1b W2=0x14ad,0x2eea,0x1bcd
  r61_witness[09] r61=16 tail=27 gh60=0xca0cce6 W1=0x270c,0x30b9,0x1c4d W2=0x2619,0x3fdc,0x3b0b
  r61_witness[10] r61=16 tail=27 gh60=0x4a287fa W1=0x3395,0x253,0x26cc W2=0x32a2,0x79f,0x2d2f
  r61_witness[11] r61=16 tail=28 gh60=0x4e087e6 W1=0x139b,0x2b1a,0x2cb0 W2=0x12a8,0x2653,0xb3e
  r61_witness[12] r61=16 tail=28 gh60=0xc584dba W1=0x36ba,0x2390,0x16e9 W2=0x35c7,0x2370,0x23e1
  r61_witness[13] r61=16 tail=29 gh60=0xc60459a W1=0x48a,0xb9b,0x2012 W2=0x397,0x39f1,0x731
  r61_witness[14] r61=16 tail=30 gh60=0x3a384e6 W1=0xb0b,0xd8c,0x1063 W2=0xa18,0x2a5f,0xfba
  r61_witness[15] r61=16 tail=30 gh60=0x4718b6e W1=0x295f,0x1ae5,0x14cf W2=0x286c,0xcf0,0x284f

D60=0 fiber histogram: 1:7952 2:4810 3:1776 4:1090 5:425 6:229 7:83 8:76 9:34 10:23 11:12 12:6 13:1 14:3 15:1 16:3 17:1 19:1
