free_word_mitm_reducedn
N=14 mask=0x3fff msb=0x2000
candidate: M0=0x3d36 mode=random-fallback fill=0x3fff kernel=dM0=dM9=0x2000
prefixes=32768/268435456 mode=permuted-prefix-sample w59_per_prefix=16384 total=536870912
run_mode=scan registry_cap=16
sample_start=132939776
scan_elapsed=20.484s rate=26.21 Mtriples/s

D60 interface
  D60=0 matches: 32677 (random expectation 32768.0, enrichment 0.997x)
  prefixes with D60=0: 16388
  max D60=0 fiber per prefix: 28 at W57=0xaff W58=0x2fff
  largest D60 bucket: D=0x11ac count=33869
  min D60 HW: 0
  D60 HW histogram: 0:32677 1:456118 2:2976531 3:11914564 4:32795161 5:65641017 6:98489986 7:112516451 8:98380482 9:65550611 10:32746692 11:11904395 12:2975732 13:457935 14:32560

Tail closure among D60=0 matches
  final tail collisions: 0
  best r61 HW: 10
  best r61 W1[57..59]=0x14b1,0x18f9,0x2498
  best r61 W2[57..59]=0x13be,0x2891,0x7fd
  best tail HW: 21
  best tail r61 HW: 16
  best W1[57..59]=0x3446,0x1dc7,0x3795
  best W2[57..59]=0x3353,0x13d9,0x2205

SUMMARY N=14 sample_start=132939776 prefixes=32768 total=536870912 d0=32677 best_tail=21 tail_r61=16 best_r61=10 tail_W1=0x3446,0x1dc7,0x3795 tail_W2=0x3353,0x13d9,0x2205 r61_W1=0x14b1,0x18f9,0x2498 r61_W2=0x13be,0x2891,0x7fd

Scan-only witness registry
  registry_count=16 registry_cap=16
  witness[00] tail=21 r61=16 gh60=0xd8a8ca6 W1=0x2733,0x1f12,0x2260 W2=0x2640,0x1b3e,0x35c3
  witness[01] tail=21 r61=16 gh60=0x46d449a W1=0x3446,0x1dc7,0x3795 W2=0x3353,0x13d9,0x2205
  witness[02] tail=21 r61=20 gh60=0xcd885aa W1=0xaad,0x3fe6,0xf2e W2=0x9ba,0xc7a,0x3a25
  witness[03] tail=22 r61=25 gh60=0xfd5859e W1=0x3ac7,0x17e2,0x1380 W2=0x39d4,0x2be5,0x8f4
  witness[04] tail=23 r61=16 gh60=0x4e144ee W1=0x2520,0x3477,0x1d45 W2=0x242d,0x2492,0x37ce
  witness[05] tail=23 r61=19 gh60=0x55b85ae W1=0x1a6f,0x2ee,0xccd W2=0x197c,0x3736,0x28b1
  witness[06] tail=23 r61=20 gh60=0x5a18dfa W1=0x695,0x1fd1,0x3498 W2=0x5a2,0xe2c,0x179f
  witness[07] tail=23 r61=24 gh60=0x4addcbe W1=0x3ff8,0x734,0xa5d W2=0x3f05,0x14,0x2f8e
  witness[08] tail=23 r61=28 gh60=0xff3c76a W1=0x23de,0x130e,0x1057 W2=0x22eb,0xe61,0x1d55
  witness[09] tail=24 r61=24 gh60=0xba1dcee W1=0x3f10,0x1c5e,0xa8f W2=0x3e1d,0x8c6,0x56c
  witness[10] tail=25 r61=19 gh60=0x4604cfa W1=0x161a,0x34bb,0x18e4 W2=0x1527,0x2b27,0x10b5
  witness[11] tail=25 r61=20 gh60=0x5e144ee W1=0xd10,0x3706,0x186c W2=0xc1d,0x25ad,0x370f
  witness[12] tail=25 r61=20 gh60=0xd934c9a W1=0x2746,0x164,0x3cd W2=0x2653,0x24b3,0xe13
  witness[13] tail=25 r61=20 gh60=0x568c4a6 W1=0x2cec,0x1400,0x2d4b W2=0x2bf9,0xdc,0x2318
  witness[14] tail=25 r61=21 gh60=0xde5cc9e W1=0x3808,0x69b,0x656 W2=0x3715,0x1252,0x35a6
  witness[15] tail=25 r61=22 gh60=0x4625faa W1=0x3f82,0x3220,0xa43 W2=0x3e8f,0x1ecc,0x157d

Scan-only r61 registry
  registry_count=16 registry_cap=16
  r61_witness[00] r61=10 tail=33 gh60=0x44885aa W1=0x14b1,0x18f9,0x2498 W2=0x13be,0x2891,0x7fd
  r61_witness[01] r61=11 tail=30 gh60=0x4a08bea W1=0x399d,0xdd2,0x9e4 W2=0x38aa,0xc8d,0x248d
  r61_witness[02] r61=15 tail=30 gh60=0x4ea8c9a W1=0x28e9,0x39d1,0x16bd W2=0x27f6,0x1d23,0x1118
  r61_witness[03] r61=15 tail=33 gh60=0x4a8c4a6 W1=0x3aec,0x3292,0x25b9 W2=0x39f9,0x146e,0x3448
  r61_witness[04] r61=16 tail=21 gh60=0xd8a8ca6 W1=0x2733,0x1f12,0x2260 W2=0x2640,0x1b3e,0x35c3
  r61_witness[05] r61=16 tail=21 gh60=0x46d449a W1=0x3446,0x1dc7,0x3795 W2=0x3353,0x13d9,0x2205
  r61_witness[06] r61=16 tail=23 gh60=0x4e144ee W1=0x2520,0x3477,0x1d45 W2=0x242d,0x2492,0x37ce
  r61_witness[07] r61=16 tail=26 gh60=0xca984aa W1=0xaed,0x362,0x1a6e W2=0x9fa,0xc5e,0x31bd
  r61_witness[08] r61=16 tail=28 gh60=0x36384fa W1=0x1515,0x399a,0x3344 W2=0x1422,0x308e,0x269
  r61_witness[09] r61=16 tail=29 gh60=0x5a0ccea W1=0x81e,0x1d51,0x721 W2=0x72b,0x20fd,0x3293
  r61_witness[10] r61=16 tail=29 gh60=0x560bbea W1=0xd8d,0x28a0,0x3b2c W2=0xc9a,0xb27,0x3044
  r61_witness[11] r61=16 tail=30 gh60=0x4588cae W1=0x362f,0x38ab,0x3c83 W2=0x353c,0x380a,0x1e59
  r61_witness[12] r61=16 tail=30 gh60=0x4508d6a W1=0x36e1,0xdfe,0x592 W2=0x35ee,0x203d,0x80b
  r61_witness[13] r61=16 tail=31 gh60=0xc9884ae W1=0x133f,0x4f3,0xbd5 W2=0x124c,0x3503,0x5a4
  r61_witness[14] r61=16 tail=31 gh60=0x550c56a W1=0x32ce,0x22f0,0x28e0 W2=0x31db,0x35fb,0x2d88
  r61_witness[15] r61=16 tail=32 gh60=0x48884a6 W1=0x52b,0x1245,0x3f26 W2=0x438,0xea2,0x4ab

D60=0 fiber histogram: 1:7809 2:4763 3:1867 4:1089 5:405 6:210 7:85 8:76 9:26 10:29 11:12 12:5 13:6 14:2 15:2 17:1 28:1
