free_word_mitm_reducedn
N=14 mask=0x3fff msb=0x2000
candidate: M0=0x3d36 mode=random-fallback fill=0x3fff kernel=dM0=dM9=0x2000
prefixes=32768/268435456 mode=permuted-prefix-sample w59_per_prefix=16384 total=536870912
run_mode=scan registry_cap=16
sample_start=218398720
scan_elapsed=19.885s rate=27.00 Mtriples/s

D60 interface
  D60=0 matches: 32508 (random expectation 32768.0, enrichment 0.992x)
  prefixes with D60=0: 16527
  max D60=0 fiber per prefix: 18 at W57=0xdde W58=0x16ba
  largest D60 bucket: D=0x718 count=33970
  min D60 HW: 0
  D60 HW histogram: 0:32508 1:455919 2:2971442 3:11909530 4:32799094 5:65608161 6:98442376 7:112509346 8:98439966 9:65580652 10:32765654 11:11900008 12:2968846 13:455285 14:32125

Tail closure among D60=0 matches
  final tail collisions: 0
  best r61 HW: 12
  best r61 W1[57..59]=0x164b,0x502,0x3dd2
  best r61 W2[57..59]=0x1558,0x26a8,0x2127
  best tail HW: 21
  best tail r61 HW: 23
  best W1[57..59]=0x1d0a,0x1f05,0x3b1b
  best W2[57..59]=0x1c17,0x1609,0x2e41

SUMMARY N=14 sample_start=218398720 prefixes=32768 total=536870912 d0=32508 best_tail=21 tail_r61=23 best_r61=12 tail_W1=0x1d0a,0x1f05,0x3b1b tail_W2=0x1c17,0x1609,0x2e41 r61_W1=0x164b,0x502,0x3dd2 r61_W2=0x1558,0x26a8,0x2127

Scan-only witness registry
  registry_count=16 registry_cap=16
  witness[00] tail=21 r61=23 gh60=0x5a1c49a W1=0x1d0a,0x1f05,0x3b1b W2=0x1c17,0x1609,0x2e41
  witness[01] tail=23 r61=22 gh60=0xca64ca6 W1=0x8f4,0x3f94,0x2445 W2=0x801,0xac1,0x387f
  witness[02] tail=24 r61=17 gh60=0xda045fa W1=0x249a,0x3a64,0x14aa W2=0x23a7,0x2979,0x111b
  witness[03] tail=24 r61=21 gh60=0xca27ca6 W1=0x1104,0x21eb,0x62d W2=0x1011,0x2326,0x309
  witness[04] tail=25 r61=16 gh60=0x4924766 W1=0xb54,0x2541,0x17bf W2=0xa61,0x1013,0x1555
  witness[05] tail=25 r61=19 gh60=0xba6c5a6 W1=0x274,0x3358,0x3171 W2=0x181,0x261c,0x31bb
  witness[06] tail=25 r61=19 gh60=0x563c49a W1=0x230a,0x2834,0x2832 W2=0x2217,0x1132,0x157b
  witness[07] tail=25 r61=21 gh60=0xfa0c7e6 W1=0x2b8c,0x204d,0x3b56 W2=0x2a99,0xd19,0x163f
  witness[08] tail=25 r61=23 gh60=0xce58f9a W1=0x789,0x429,0x2f51 W2=0x696,0x3fb,0x390b
  witness[09] tail=25 r61=25 gh60=0xde085ea W1=0x1c9d,0x235,0x7ed W2=0x1baa,0x22bf,0x3e3d
  witness[10] tail=26 r61=16 gh60=0xde144ee W1=0xa10,0x2044,0x26f0 W2=0x91d,0x3d5b,0x1969
  witness[11] tail=26 r61=17 gh60=0x4ca4daa W1=0x28b2,0x1a79,0x1418 W2=0x27bf,0x24e5,0x380d
  witness[12] tail=26 r61=17 gh60=0x490bf6a W1=0x2fcd,0x128e,0x1639 W2=0x2eda,0x31a9,0x247f
  witness[13] tail=26 r61=20 gh60=0xc619fea W1=0x1f8d,0x33f8,0x2d8b W2=0x1e9a,0x2283,0x3625
  witness[14] tail=26 r61=20 gh60=0xc53cd6a W1=0x265e,0x659,0x2dc8 W2=0x256b,0x7b5,0x3271
  witness[15] tail=26 r61=20 gh60=0x3f8bcaa W1=0x2e01,0x7f5,0x26d8 W2=0x2d0e,0x16c,0x6ba

Scan-only r61 registry
  registry_count=16 registry_cap=16
  r61_witness[00] r61=12 tail=28 gh60=0xc508d66 W1=0x164b,0x502,0x3dd2 W2=0x1558,0x26a8,0x2127
  r61_witness[01] r61=15 tail=27 gh60=0x4698ca6 W1=0x15fb,0x30a7,0x1214 W2=0x1508,0x11b3,0x11f2
  r61_witness[02] r61=15 tail=29 gh60=0x58b4c9a W1=0x926,0x15c5,0x3827 W2=0x833,0x36d4,0x3cea
  r61_witness[03] r61=15 tail=29 gh60=0x460c5fa W1=0x149a,0x1b5f,0x2757 W2=0x13a7,0x1674,0xac3
  r61_witness[04] r61=15 tail=29 gh60=0x59a4f66 W1=0x3764,0xa73,0x685 W2=0x3671,0x6d6,0x1264
  r61_witness[05] r61=15 tail=31 gh60=0x493db66 W1=0x15c,0x19d0,0x1608 W2=0x69,0x2221,0xc31
  r61_witness[06] r61=15 tail=36 gh60=0x4a3bce6 W1=0x101b,0x160,0x10c4 W2=0xf28,0x1ef8,0x2e8b
  r61_witness[07] r61=16 tail=25 gh60=0x4924766 W1=0xb54,0x2541,0x17bf W2=0xa61,0x1013,0x1555
  r61_witness[08] r61=16 tail=26 gh60=0xde144ee W1=0xa10,0x2044,0x26f0 W2=0x91d,0x3d5b,0x1969
  r61_witness[09] r61=16 tail=28 gh60=0x560bde6 W1=0x309b,0x277,0x2597 W2=0x2fa8,0x2a27,0x1a4a
  r61_witness[10] r61=16 tail=29 gh60=0xc90db6a W1=0x1d4e,0x25be,0x1939 W2=0x1c5b,0x29ba,0x3a15
  r61_witness[11] r61=16 tail=30 gh60=0xc65449a W1=0x1be6,0x37db,0x35a1 W2=0x1af3,0x2eb1,0x410
  r61_witness[12] r61=16 tail=32 gh60=0x44845a6 W1=0x24ac,0x32c2,0xed2 W2=0x23b9,0x2908,0x128a
  r61_witness[13] r61=16 tail=32 gh60=0xc5844ba W1=0x2bfa,0x2afc,0x37b2 W2=0x2b07,0x1073,0x24ac
  r61_witness[14] r61=16 tail=36 gh60=0xca5459e W1=0x288,0x389,0x6e4 W2=0x195,0x88b,0x198f
  r61_witness[15] r61=16 tail=36 gh60=0x4b88dae W1=0x8bf,0x1bdb,0x1000 W2=0x7cc,0x3d02,0x3b28

D60=0 fiber histogram: 1:8031 2:4712 3:1849 4:1094 5:432 6:199 7:79 8:53 9:35 10:20 11:8 12:9 13:2 14:2 16:1 18:1
