free_word_mitm_reducedn
N=14 mask=0x3fff msb=0x2000
candidate: M0=0x3d36 mode=random-fallback fill=0x3fff kernel=dM0=dM9=0x2000
prefixes=32768/268435456 mode=permuted-prefix-sample w59_per_prefix=16384 total=536870912
run_mode=scan registry_cap=16
sample_start=104431616
scan_elapsed=19.029s rate=28.21 Mtriples/s

D60 interface
  D60=0 matches: 32484 (random expectation 32768.0, enrichment 0.991x)
  prefixes with D60=0: 16532
  max D60=0 fiber per prefix: 19 at W57=0xdfa W58=0x26b4
  largest D60 bucket: D=0x78b count=33762
  min D60 HW: 0
  D60 HW histogram: 0:32484 1:456959 2:2976245 3:11917764 4:32815130 5:65662467 6:98479838 7:112519703 8:98395592 9:65540312 10:32733013 11:11882559 12:2967856 13:458802 14:32188

Tail closure among D60=0 matches
  final tail collisions: 0
  best r61 HW: 13
  best r61 W1[57..59]=0x395b,0xfdc,0x18cd
  best r61 W2[57..59]=0x3868,0x25ae,0x3396
  best tail HW: 21
  best tail r61 HW: 19
  best W1[57..59]=0x3cf1,0x950,0x2503
  best W2[57..59]=0x3bfe,0x2110,0x32f6

SUMMARY N=14 sample_start=104431616 prefixes=32768 total=536870912 d0=32484 best_tail=21 tail_r61=19 best_r61=13 tail_W1=0x3cf1,0x950,0x2503 tail_W2=0x3bfe,0x2110,0x32f6 r61_W1=0x395b,0xfdc,0x18cd r61_W2=0x3868,0x25ae,0x3396

Scan-only witness registry
  registry_count=16 registry_cap=16
  witness[00] tail=21 r61=19 gh60=0xcf884aa W1=0x3cf1,0x950,0x2503 W2=0x3bfe,0x2110,0x32f6
  witness[01] tail=23 r61=19 gh60=0x4a1cfe6 W1=0x178c,0x2a05,0x2230 W2=0x1699,0x1dd4,0x1928
  witness[02] tail=23 r61=19 gh60=0x4964baa W1=0x35b2,0x302b,0x1dab W2=0x34bf,0x3077,0x1e37
  witness[03] tail=23 r61=21 gh60=0xcbe44a6 W1=0x3a34,0x17b2,0x2b92 W2=0x3941,0x2520,0x23a3
  witness[04] tail=23 r61=21 gh60=0xca99cae W1=0x3dff,0x38ca,0x1c90 W2=0x3d0c,0x2b19,0x2374
  witness[05] tail=23 r61=25 gh60=0xc6b85aa W1=0x3c71,0x643,0x2a20 W2=0x3b7e,0x15eb,0x22b5
  witness[06] tail=23 r61=27 gh60=0x7b98dae W1=0x28af,0x3e6a,0xf8f W2=0x27bc,0x20a1,0x713
  witness[07] tail=24 r61=14 gh60=0x4e94caa W1=0x26fe,0x1c9d,0x2105 W2=0x260b,0x208d,0x1b11
  witness[08] tail=24 r61=20 gh60=0xcc885aa W1=0x24ad,0x121a,0x39c3 W2=0x23ba,0x20ae,0x1477
  witness[09] tail=24 r61=21 gh60=0xdb844a6 W1=0x39fc,0x1e9b,0x9db W2=0x3909,0xb67,0x949
  witness[10] tail=24 r61=23 gh60=0xd8ec4aa W1=0x2532,0xe19,0x35e4 W2=0x243f,0x14de,0x9a
  witness[11] tail=25 r61=17 gh60=0x39944aa W1=0x1b3e,0x5e5,0x15fe W2=0x1a4b,0x1c56,0x3bef
  witness[12] tail=25 r61=19 gh60=0xc6ecf9a W1=0x766,0x65c,0x33c6 W2=0x673,0x407,0x3aa2
  witness[13] tail=25 r61=21 gh60=0xd52bd7a W1=0x10d5,0x1291,0x1207 W2=0xfe2,0x2afc,0x2bc8
  witness[14] tail=25 r61=21 gh60=0x58bc7ae W1=0x3bc0,0x22ba,0x2ce4 W2=0x3acd,0x2cf3,0x2ab6
  witness[15] tail=25 r61=22 gh60=0x56947ae W1=0x1370,0x2c8,0xc94 W2=0x127d,0xea1,0x330a

Scan-only r61 registry
  registry_count=16 registry_cap=16
  r61_witness[00] r61=13 tail=30 gh60=0xcb08b66 W1=0x395b,0xfdc,0x18cd W2=0x3868,0x25ae,0x3396
  r61_witness[01] r61=14 tail=24 gh60=0x4e94caa W1=0x26fe,0x1c9d,0x2105 W2=0x260b,0x208d,0x1b11
  r61_witness[02] r61=14 tail=31 gh60=0x55b7d9e W1=0x1068,0x39ac,0x450 W2=0xf75,0x2a75,0x609
  r61_witness[03] r61=15 tail=28 gh60=0x4e0ccee W1=0x2910,0x1183,0x8cd W2=0x281d,0x3e6b,0x3465
  r61_witness[04] r61=15 tail=31 gh60=0x498ccaa W1=0x172e,0x2c4a,0x33e7 W2=0x163b,0x3fca,0x38c4
  r61_witness[05] r61=15 tail=31 gh60=0x4a684fa W1=0x3415,0x1e8f,0x2459 W2=0x3322,0x17d3,0x654
  r61_witness[06] r61=15 tail=32 gh60=0x4718566 W1=0xc5b,0x3184,0x3e76 W2=0xb68,0x2cc3,0x1151
  r61_witness[07] r61=15 tail=38 gh60=0x4b884aa W1=0x2b3d,0x2f35,0x2485 W2=0x2a4a,0x36a1,0xa75
  r61_witness[08] r61=16 tail=26 gh60=0x4b0fd66 W1=0x10dc,0x2b2c,0x2eb3 W2=0xfe9,0xc49,0x323f
  r61_witness[09] r61=16 tail=27 gh60=0xce1cc9a W1=0x370a,0x559,0x1a44 W2=0x3617,0x3ae4,0x1a1e
  r61_witness[10] r61=16 tail=29 gh60=0xda084ee W1=0x251f,0x2bc7,0x31df W2=0x242c,0x7d1,0x1c0c
  r61_witness[11] r61=16 tail=29 gh60=0xda0bdea W1=0x2ea1,0x1e39,0x147a W2=0x2dae,0xb8c,0x44d
  r61_witness[12] r61=16 tail=30 gh60=0x4528d7a W1=0x655,0x184,0x956 W2=0x562,0x2f73,0x1413
  r61_witness[13] r61=16 tail=32 gh60=0x4a08be6 W1=0x99b,0x2a88,0x11a2 W2=0x8a8,0x2cc6,0x3bad
  r61_witness[14] r61=16 tail=34 gh60=0xba1859a W1=0x285,0x2b65,0x22c4 W2=0x192,0x1852,0x239c
  r61_witness[15] r61=16 tail=34 gh60=0xc988fae W1=0x276f,0x3caa,0x1b69 W2=0x267c,0x3371,0x3e74

D60=0 fiber histogram: 1:8005 2:4800 3:1804 4:1106 5:396 6:205 7:69 8:81 9:28 10:19 11:3 12:8 13:1 14:1 16:2 17:1 18:2 19:1
