free_word_mitm_reducedn
N=14 mask=0x3fff msb=0x2000
candidate: M0=0x3d36 mode=random-fallback fill=0x3fff kernel=dM0=dM9=0x2000
prefixes=32768/268435456 mode=permuted-prefix-sample w59_per_prefix=16384 total=536870912
run_mode=scan registry_cap=16
sample_start=54099968
scan_elapsed=18.619s rate=28.83 Mtriples/s

D60 interface
  D60=0 matches: 33047 (random expectation 32768.0, enrichment 1.009x)
  prefixes with D60=0: 16570
  max D60=0 fiber per prefix: 21 at W57=0x1361 W58=0x27b3
  largest D60 bucket: D=0x9cd count=33708
  min D60 HW: 0
  D60 HW histogram: 0:33047 1:457110 2:2978843 3:11926292 4:32774310 5:65601390 6:98405841 7:112490397 8:98424515 9:65610140 10:32781842 11:11916987 12:2978207 13:458806 14:33185

Tail closure among D60=0 matches
  final tail collisions: 0
  best r61 HW: 14
  best r61 W1[57..59]=0x2c1b,0x37e8,0xaca
  best r61 W2[57..59]=0x2b28,0x25bf,0x381
  best tail HW: 17
  best tail r61 HW: 14
  best W1[57..59]=0x1416,0xe79,0x2534
  best W2[57..59]=0x1323,0x1b2,0x1c5f

SUMMARY N=14 sample_start=54099968 prefixes=32768 total=536870912 d0=33047 best_tail=17 tail_r61=14 best_r61=14 tail_W1=0x1416,0xe79,0x2534 tail_W2=0x1323,0x1b2,0x1c5f r61_W1=0x2c1b,0x37e8,0xaca r61_W2=0x2b28,0x25bf,0x381

Scan-only witness registry
  registry_count=16 registry_cap=16
  witness[00] tail=17 r61=14 gh60=0xca2c4fa W1=0x1416,0xe79,0x2534 W2=0x1323,0x1b2,0x1c5f
  witness[01] tail=20 r61=18 gh60=0x47a8dbe W1=0x1677,0x25f0,0xd31 W2=0x1584,0x3e37,0x920
  witness[02] tail=21 r61=18 gh60=0xce085ea W1=0x1491,0x206a,0x3449 W2=0x139e,0x308c,0x2d13
  witness[03] tail=22 r61=24 gh60=0x7edbdbe W1=0x3077,0x1acb,0x3cff W2=0x2f84,0xd8e,0x2330
  witness[04] tail=23 r61=16 gh60=0x4d0cd6e W1=0x26e0,0x2273,0x240e W2=0x25ed,0xbb7,0x30c0
  witness[05] tail=24 r61=16 gh60=0x5ba84ba W1=0x23f5,0x1de1,0x1c17 W2=0x2302,0x51f,0x10de
  witness[06] tail=24 r61=17 gh60=0x4e187e6 W1=0x38b,0x1865,0x2cfb W2=0x298,0x1ae,0x12d8
  witness[07] tail=24 r61=21 gh60=0x4bb8f9a W1=0x7a5,0x1823,0x1709 W2=0x6b2,0x54d,0xf92
  witness[08] tail=24 r61=22 gh60=0x4614cee W1=0x720,0x23fa,0xb28 W2=0x62d,0x11d6,0x8b5
  witness[09] tail=24 r61=24 gh60=0x57b9caa W1=0x3fed,0xcb5,0x1849 W2=0x3efa,0x10f4,0x12e9
  witness[10] tail=24 r61=28 gh60=0x7b884aa W1=0x3301,0x859,0x1501 W2=0x320e,0x1f09,0x3241
  witness[11] tail=25 r61=20 gh60=0x4e29fa6 W1=0x3f83,0x543,0x3ba4 W2=0x3e90,0x2da5,0x6e
  witness[12] tail=25 r61=23 gh60=0xfa3bcee W1=0xe1f,0x3d8e,0x5eb W2=0xd2c,0x20e9,0x645
  witness[13] tail=25 r61=23 gh60=0x45a4ce6 W1=0x1624,0x40d,0x336b W2=0x1531,0x1240,0x373a
  witness[14] tail=25 r61=29 gh60=0xffecc9e W1=0x6e8,0x26f8,0x3f08 W2=0x5f5,0x3263,0x2c37
  witness[15] tail=26 r61=19 gh60=0xba88baa W1=0x971,0x2a92,0x2b24 W2=0x87e,0x2719,0x478

Scan-only r61 registry
  registry_count=16 registry_cap=16
  r61_witness[00] r61=14 tail=17 gh60=0xca2c4fa W1=0x1416,0xe79,0x2534 W2=0x1323,0x1b2,0x1c5f
  r61_witness[01] r61=14 tail=35 gh60=0x46084ea W1=0x2c0d,0x6b2,0x3bb8 W2=0x2b1a,0xb74,0x1949
  r61_witness[02] r61=14 tail=35 gh60=0x46084e6 W1=0x2c1b,0x37e8,0xaca W2=0x2b28,0x25bf,0x381
  r61_witness[03] r61=15 tail=27 gh60=0x3a287fa W1=0x2b95,0xe0a,0x39ea W2=0x2aa2,0x3f56,0x1ecc
  r61_witness[04] r61=15 tail=27 gh60=0x458c4ae W1=0x3c00,0x2a36,0x1ad W2=0x3b0d,0x18c7,0x438
  r61_witness[05] r61=15 tail=28 gh60=0x4489daa W1=0x3ebd,0x1bd4,0x217f W2=0x3dca,0x299b,0x965
  r61_witness[06] r61=15 tail=29 gh60=0x4655cbe W1=0x1ef8,0x2c3f,0x55f W2=0x1e05,0x371f,0xe16
  r61_witness[07] r61=15 tail=30 gh60=0x56044e6 W1=0x51c,0x1c5f,0x7d2 W2=0x429,0xe35,0x1063
  r61_witness[08] r61=15 tail=30 gh60=0x4489daa W1=0x3ebd,0x1bd4,0x313f W2=0x3dca,0x299b,0x1925
  r61_witness[09] r61=15 tail=36 gh60=0xd6844a6 W1=0x34fc,0x17b0,0x178e W2=0x3409,0x147e,0x2c7a
  r61_witness[10] r61=15 tail=40 gh60=0x4a08cea W1=0x1921,0x3927,0x21b4 W2=0x182e,0xdce,0x3316
  r61_witness[11] r61=16 tail=23 gh60=0x4d0cd6e W1=0x26e0,0x2273,0x240e W2=0x25ed,0xbb7,0x30c0
  r61_witness[12] r61=16 tail=24 gh60=0x5ba84ba W1=0x23f5,0x1de1,0x1c17 W2=0x2302,0x51f,0x10de
  r61_witness[13] r61=16 tail=28 gh60=0x46084e6 W1=0x141b,0x76b,0x1670 W2=0x1328,0x63c,0x2363
  r61_witness[14] r61=16 tail=31 gh60=0x4909f6a W1=0x1fe1,0x109,0x168f W2=0x1eee,0x3b1c,0x31a8
  r61_witness[15] r61=16 tail=31 gh60=0x48884aa W1=0x3b31,0xc6e,0x3897 W2=0x3a3e,0x262e,0x1636

D60=0 fiber histogram: 1:7921 2:4843 3:1792 4:1124 5:405 6:239 7:91 8:68 9:36 10:20 11:10 12:8 13:1 14:7 16:3 18:1 21:1
