free_word_mitm_reducedn
N=14 mask=0x3fff msb=0x2000
candidate: M0=0x3d36 mode=random-fallback fill=0x3fff kernel=dM0=dM9=0x2000
prefixes=32768/268435456 mode=permuted-prefix-sample w59_per_prefix=16384 total=536870912
run_mode=scan registry_cap=512
sample_start=240287744
scan_elapsed=17.727s rate=30.29 Mtriples/s
refine_elapsed=66.093s repair_refine_elapsed=0.000s total_elapsed=83.820s

D60 interface
  D60=0 matches: 32887 (random expectation 32768.0, enrichment 1.004x)
  prefixes with D60=0: 16631
  max D60=0 fiber per prefix: 26 at W57=0x1969 W58=0x1366
  largest D60 bucket: D=0x27aa count=33774
  min D60 HW: 0
  D60 HW histogram: 0:32887 1:454911 2:2974881 3:11919431 4:32806410 5:65656076 6:98475890 7:112519830 8:98413091 9:65543889 10:32730699 11:11886948 12:2968246 13:455082 14:32641

Tail closure among D60=0 matches
  final tail collisions: 0
  best r61 HW: 13
  best r61 W1[57..59]=0x3b0b,0x1bfe,0x2cce
  best r61 W2[57..59]=0x3a18,0xdd5,0x1327
  best tail HW: 17
  best tail r61 HW: 18
  best W1[57..59]=0x16cd,0x3550,0x3a62
  best W2[57..59]=0x15da,0xe9f,0x3a34

SUMMARY N=14 sample_start=240287744 prefixes=32768 total=536870912 d0=32887 best_tail=17 tail_r61=18 best_r61=13 tail_W1=0x16cd,0x3550,0x3a62 tail_W2=0x15da,0xe9f,0x3a34 r61_W1=0x3b0b,0x1bfe,0x2cce r61_W2=0x3a18,0xdd5,0x1327

Scan-only witness registry
  registry_count=512 registry_cap=512
  witness[00] tail=17 r61=18 gh60=0xc738d6a W1=0x16cd,0x3550,0x3a62 W2=0x15da,0xe9f,0x3a34
  witness[01] tail=19 r61=19 gh60=0x4f54d7e W1=0x3858,0x16cd,0x134d W2=0x3765,0x2ea1,0x291a
  witness[02] tail=19 r61=22 gh60=0x3e7459a W1=0x3486,0x12e5,0x1262 W2=0x3393,0x14b,0x3b41
  witness[03] tail=20 r61=16 gh60=0x467bde6 W1=0xe93,0x3fa5,0x17e7 W2=0xda0,0x236d,0x28fa
  witness[04] tail=20 r61=18 gh60=0x5e084ee W1=0x221f,0x3e27,0xdda W2=0x212c,0x27c1,0x311b
  witness[05] tail=21 r61=17 gh60=0xca98da6 W1=0x386b,0x3780,0x3d56 W2=0x3778,0x3944,0x1b5
  witness[06] tail=22 r61=20 gh60=0x590bf6a W1=0x2fdd,0x3d05,0x3069 W2=0x2eea,0x1c10,0x1898
  witness[07] tail=22 r61=21 gh60=0x3a084e6 W1=0x3b0b,0x3a07,0x6b3 W2=0x3a18,0x2bde,0x3d90
  witness[08] tail=22 r61=22 gh60=0xde28c9e W1=0x707,0x2fa4,0x284b W2=0x614,0x2d56,0x1a35
  witness[09] tail=22 r61=25 gh60=0xfbf84ba W1=0x2d39,0xc75,0x1d85 W2=0x2c46,0x31b3,0x83c
  witness[10] tail=22 r61=28 gh60=0xf9b84a6 W1=0x2af3,0x3fa5,0x3574 W2=0x2a00,0x3e92,0x2281
  witness[11] tail=23 r61=13 gh60=0xca09bea W1=0x3d91,0x1f75,0x31a7 W2=0x3c9e,0x2044,0x3d6
  witness[12] tail=23 r61=17 gh60=0xb505d66 W1=0x20dc,0x2265,0x1ce W2=0x1fe9,0x1886,0x2c12
  witness[13] tail=23 r61=20 gh60=0x4d98766 W1=0x13e3,0x1e9d,0x17ec W2=0x12f0,0x1800,0x2b09
  witness[14] tail=23 r61=20 gh60=0xc608fea W1=0x37a1,0xa14,0x1d1b W2=0x36ae,0x1a93,0x32c6
  witness[15] tail=23 r61=26 gh60=0xd698da6 W1=0x386b,0x36c0,0xac4 W2=0x3778,0x3884,0x2f77

Scan-only r61 registry
  registry_count=512 registry_cap=512
  r61_witness[00] r61=13 tail=30 gh60=0xca184e6 W1=0x3b0b,0x1bfe,0x2cce W2=0x3a18,0xdd5,0x1327
  r61_witness[01] r61=14 tail=31 gh60=0x4c89cae W1=0x3f,0x14ee,0x22fb W2=0x3f4c,0x3cc1,0x3ff9
  r61_witness[02] r61=14 tail=32 gh60=0x4888fae W1=0x7af,0x1665,0x2882 W2=0x6bc,0xcbc,0x3092
  r61_witness[03] r61=15 tail=32 gh60=0x588bcaa W1=0xf2d,0x13c,0x130c W2=0xe3a,0x3437,0xffa
  r61_witness[04] r61=16 tail=25 gh60=0x4c985e6 W1=0x3ca3,0x34a8,0x29f7 W2=0x3bb0,0x1b01,0x6e8
  r61_witness[05] r61=16 tail=27 gh60=0x5a084ee W1=0x2a0f,0x3e07,0x2bdb W2=0x291c,0x292d,0x334b
  r61_witness[06] r61=16 tail=32 gh60=0x4a0dbe6 W1=0x3d9c,0x1e3c,0x1319 W2=0x3ca9,0x25f9,0x14eb
  r61_witness[07] r61=16 tail=33 gh60=0x4e08cea W1=0x1621,0x2e3,0xa94 W2=0x152e,0x1dda,0x3e1e
  r61_witness[08] r61=16 tail=34 gh60=0xc504d7a W1=0x265a,0xcc9,0x33cf W2=0x2567,0x3ea9,0xf4c
  r61_witness[09] r61=16 tail=34 gh60=0x450bd66 W1=0x2edb,0x1318,0x27c5 W2=0x2de8,0x1bd4,0x1235
  r61_witness[10] r61=16 tail=35 gh60=0xc604ce6 W1=0x290c,0x267a,0x3028 W2=0x2819,0x131d,0x121b
  r61_witness[11] r61=16 tail=39 gh60=0x49a8bbe W1=0x3977,0x3ebb,0x1fe2 W2=0x3884,0x342,0x23c
  r61_witness[12] r61=17 tail=23 gh60=0xb505d66 W1=0x20dc,0x2265,0x1ce W2=0x1fe9,0x1886,0x2c12
  r61_witness[13] r61=17 tail=25 gh60=0xca845a6 W1=0x247c,0x9d2,0x2db1 W2=0x2389,0x178,0x3e45
  r61_witness[14] r61=17 tail=25 gh60=0x4a1bdee W1=0x308f,0x658,0x2404 W2=0x2f9c,0x1d9b,0x1d36
  r61_witness[15] r61=17 tail=26 gh60=0x4888ca6 W1=0x393b,0x267,0x1c34 W2=0x3848,0xc73,0xeb2

Second-stage local refinement
  seed pool: count=512 cap=512
  top seeds: [tail17/r6118 W=0x16cd,0x3550,0x3a62] [tail19/r6119 W=0x3858,0x16cd,0x134d] [tail19/r6122 W=0x3486,0x12e5,0x1262] [tail20/r6116 W=0xe93,0x3fa5,0x17e7] [tail20/r6118 W=0x221f,0x3e27,0xdda] [tail21/r6117 W=0x386b,0x3780,0x3d56] [tail22/r6120 W=0x2fdd,0x3d05,0x3069] [tail22/r6121 W=0x3b0b,0x3a07,0x6b3]
  budget=2000000000 tested=2000000000 D60=0=126223 collisions=0 seed_inserts=620 prefix_enums=122054
  D60=0 rate: 0.000063
  phase tested/D60=0: single=12558/61 double=257439/70 walk=0/0 prefix=1999730003/126092
  min refined D60 HW: 0 d60=0x0 at W1[57..59]=0x16cd,0x3550,0x56f
  best refined tail HW: 17 (scan best 17, improvements=0)
  best refined tail W1[57..59]=0x16cd,0x3550,0x3a62
  best refined tail W2[57..59]=0x15da,0xe9f,0x3a34
  best refined r61 HW: 12 (scan best 13, improvements=1)
  best refined r61 W1[57..59]=0x205c,0x2261,0xa15
  best refined r61 W2[57..59]=0x1f69,0x109a,0x13c0

D60=0 fiber histogram: 1:8154 2:4698 3:1791 4:1090 5:426 6:213 7:100 8:78 9:38 10:19 11:7 12:4 13:3 14:4 16:2 17:1 22:1 23:1 26:1
