free_word_mitm_reducedn
N=14 mask=0x3fff msb=0x2000
candidate: M0=0x3d36 mode=random-fallback fill=0x3fff kernel=dM0=dM9=0x2000
prefixes=32768/268435456 mode=permuted-prefix-sample w59_per_prefix=16384 total=536870912
run_mode=scan registry_cap=16
sample_start=150241280
scan_elapsed=15.519s rate=34.59 Mtriples/s

D60 interface
  D60=0 matches: 32494 (random expectation 32768.0, enrichment 0.992x)
  prefixes with D60=0: 16539
  max D60=0 fiber per prefix: 17 at W57=0x23bb W58=0x367d
  largest D60 bucket: D=0xfb3 count=33841
  min D60 HW: 0
  D60 HW histogram: 0:32494 1:455941 2:2973866 3:11914575 4:32804681 5:65675617 6:98489383 7:112498003 8:98375658 9:65546174 10:32745549 11:11897303 12:2972352 13:456871 14:32445

Tail closure among D60=0 matches
  final tail collisions: 0
  best r61 HW: 15
  best r61 W1[57..59]=0x345,0x235f,0xce3
  best r61 W2[57..59]=0x252,0xbb0,0xeac
  best tail HW: 23
  best tail r61 HW: 18
  best W1[57..59]=0xf6f,0x574,0x35fb
  best W2[57..59]=0xe7c,0x273f,0x3e17

SUMMARY N=14 sample_start=150241280 prefixes=32768 total=536870912 d0=32494 best_tail=23 tail_r61=18 best_r61=15 tail_W1=0xf6f,0x574,0x35fb tail_W2=0xe7c,0x273f,0x3e17 r61_W1=0x345,0x235f,0xce3 r61_W2=0x252,0xbb0,0xeac

Scan-only witness registry
  registry_count=16 registry_cap=16
  witness[00] tail=23 r61=18 gh60=0x4a8bfae W1=0xf6f,0x574,0x35fb W2=0xe7c,0x273f,0x3e17
  witness[01] tail=23 r61=23 gh60=0xfa65b6a W1=0x2162,0x296b,0x3a84 W2=0x206f,0x197b,0x8ad
  witness[02] tail=24 r61=18 gh60=0x589cba6 W1=0x29b4,0x2ee7,0x3a67 W2=0x28c1,0x32bc,0x672
  witness[03] tail=24 r61=22 gh60=0xdc9bde6 W1=0x30a3,0x3b87,0x2908 W2=0x2fb0,0x267,0xf03
  witness[04] tail=24 r61=22 gh60=0xcd04d66 W1=0x365c,0x2c8a,0x2910 W2=0x3569,0x1b2d,0x1837
  witness[05] tail=24 r61=23 gh60=0xce0c5e6 W1=0x228c,0x3766,0x1ba7 W2=0x2199,0xc20,0x17bd
  witness[06] tail=24 r61=23 gh60=0x463bce6 W1=0x2e0b,0x1cc3,0x207a W2=0x2d18,0x19e3,0xdba
  witness[07] tail=24 r61=27 gh60=0xc98c7ae W1=0xbb0,0x2a28,0x3fcf W2=0xabd,0x2471,0x2ea8
  witness[08] tail=25 r61=18 gh60=0x4a69bba W1=0x175,0x9c8,0x25d4 W2=0x82,0x388b,0x338d
  witness[09] tail=25 r61=23 gh60=0x4fe44a6 W1=0x504,0x3277,0x3578 W2=0x411,0x73,0x352f
  witness[10] tail=25 r61=23 gh60=0xda38bea W1=0x398d,0x177e,0x1029 W2=0x389a,0x164d,0x28e7
  witness[11] tail=25 r61=24 gh60=0xcad4dbe W1=0x678,0x2626,0x3945 W2=0x585,0x2e62,0x137d
  witness[12] tail=25 r61=24 gh60=0x7ef4c9e W1=0x37e8,0x3b7d,0x3a20 W2=0x36f5,0x4ec,0x3db6
  witness[13] tail=25 r61=25 gh60=0xcd985a6 W1=0x2aab,0x30fc,0x291f W2=0x29b8,0x32f,0xb74
  witness[14] tail=26 r61=16 gh60=0x5a0459a W1=0x148a,0x392b,0x2206 W2=0x1397,0x378d,0x21d7
  witness[15] tail=26 r61=16 gh60=0xc495dae W1=0x3eb0,0xdc4,0x194e W2=0x3dbd,0x378c,0x3510

Scan-only r61 registry
  registry_count=16 registry_cap=16
  r61_witness[00] r61=15 tail=30 gh60=0x491849a W1=0x345,0x235f,0xce3 W2=0x252,0xbb0,0xeac
  r61_witness[01] r61=15 tail=30 gh60=0x4a184ea W1=0x3511,0x12dd,0x1540 W2=0x341e,0x2d17,0x16a5
  r61_witness[02] r61=15 tail=30 gh60=0x4a98b66 W1=0x3963,0x7c7,0xa89 W2=0x3870,0x1dc9,0x326b
  r61_witness[03] r61=15 tail=30 gh60=0x4619ce6 W1=0x3e1b,0xca7,0x3ee9 W2=0x3d28,0x1cbb,0x78a
  r61_witness[04] r61=15 tail=31 gh60=0x4b88bae W1=0x5bf,0xe,0x3952 W2=0x4cc,0x3815,0x523
  r61_witness[05] r61=16 tail=26 gh60=0x5a0459a W1=0x148a,0x392b,0x2206 W2=0x1397,0x378d,0x21d7
  r61_witness[06] r61=16 tail=26 gh60=0xc495dae W1=0x3eb0,0xdc4,0x194e W2=0x3dbd,0x378c,0x3510
  r61_witness[07] r61=16 tail=27 gh60=0x4a884aa W1=0x32fd,0x3a63,0x1e62 W2=0x320a,0x10cf,0x3771
  r61_witness[08] r61=16 tail=28 gh60=0xba084ee W1=0x221f,0x1a96,0x2087 W2=0x212c,0x430,0x1ce
  r61_witness[09] r61=16 tail=29 gh60=0x4b2859e W1=0x2c7,0x3ffb,0x2cc1 W2=0x1d4,0x480,0x2193
  r61_witness[10] r61=16 tail=29 gh60=0x4a67d66 W1=0x2ee4,0x2884,0x2aef W2=0x2df1,0xef1,0x238f
  r61_witness[11] r61=16 tail=30 gh60=0xca0fce6 W1=0x2f0c,0x10bc,0x990 W2=0x2e19,0x9dd,0x2e0a
  r61_witness[12] r61=16 tail=31 gh60=0x3e08cea W1=0x161d,0x20b9,0x16dc W2=0x152a,0x3b6c,0x2f9f
  r61_witness[13] r61=16 tail=33 gh60=0x5908b6e W1=0x354f,0x2aef,0x20b4 W2=0x345c,0x3512,0x15e2
  r61_witness[14] r61=16 tail=34 gh60=0xc88dcba W1=0x13a,0x3f3e,0x12ed W2=0x47,0x2372,0x3972
  r61_witness[15] r61=16 tail=36 gh60=0x4a88faa W1=0x76d,0x1068,0x373c W2=0x67a,0x3eeb,0x3f33

D60=0 fiber histogram: 1:8093 2:4756 3:1753 4:1068 5:409 6:250 7:67 8:65 9:37 10:15 11:6 12:7 13:4 14:2 15:2 16:4 17:1
