free_word_mitm_reducedn
N=14 mask=0x3fff msb=0x2000
candidate: M0=0x3d36 mode=random-fallback fill=0x3fff kernel=dM0=dM9=0x2000
prefixes=32768/268435456 mode=permuted-prefix-sample w59_per_prefix=16384 total=536870912
run_mode=scan registry_cap=16
sample_start=15073280
scan_elapsed=14.892s rate=36.05 Mtriples/s

D60 interface
  D60=0 matches: 33133 (random expectation 32768.0, enrichment 1.011x)
  prefixes with D60=0: 16624
  max D60=0 fiber per prefix: 25 at W57=0x2cf3 W58=0x679
  largest D60 bucket: D=0x1697 count=33916
  min D60 HW: 0
  D60 HW histogram: 0:33133 1:455876 2:2967590 3:11897049 4:32743921 5:65542917 6:98386257 7:112487122 8:98462982 9:65663792 10:32828129 11:11931535 12:2978734 13:458970 14:32905

Tail closure among D60=0 matches
  final tail collisions: 0
  best r61 HW: 14
  best r61 W1[57..59]=0xc65,0x1817,0xec2
  best r61 W2[57..59]=0xb72,0x6cc,0xb1b
  best tail HW: 21
  best tail r61 HW: 20
  best W1[57..59]=0x1a4e,0x944,0x2f99
  best W2[57..59]=0x195b,0x1cef,0x2734

SUMMARY N=14 sample_start=15073280 prefixes=32768 total=536870912 d0=33133 best_tail=21 tail_r61=20 best_r61=14 tail_W1=0x1a4e,0x944,0x2f99 tail_W2=0x195b,0x1cef,0x2734 r61_W1=0xc65,0x1817,0xec2 r61_W2=0xb72,0x6cc,0xb1b

Scan-only witness registry
  registry_count=16 registry_cap=16
  witness[00] tail=21 r61=20 gh60=0x4f1456a W1=0x1a4e,0x944,0x2f99 W2=0x195b,0x1cef,0x2734
  witness[01] tail=22 r61=20 gh60=0x5628d9e W1=0x887,0xcd7,0x54d W2=0x794,0x1069,0x35e4
  witness[02] tail=23 r61=19 gh60=0xca0449a W1=0x3d0a,0xef8,0xfde W2=0x3c17,0x604,0x3af1
  witness[03] tail=23 r61=20 gh60=0xce084ee W1=0xb0f,0x1abc,0x6bd W2=0xa1c,0x37d2,0x1f32
  witness[04] tail=24 r61=16 gh60=0x4a19ca6 W1=0x3e03,0x34a1,0xc50 W2=0x3d10,0x275b,0x80d
  witness[05] tail=24 r61=18 gh60=0x4be8ce6 W1=0x3623,0x8d2,0x3805 W2=0x3530,0xb14,0x38cb
  witness[06] tail=24 r61=22 gh60=0x48ec7a6 W1=0x3b4,0x2316,0x1c0d W2=0x2c1,0xb6a,0x286d
  witness[07] tail=24 r61=24 gh60=0xbd245aa W1=0xac2,0x1bbf,0x308c W2=0x9cf,0x297c,0x2a69
  witness[08] tail=24 r61=25 gh60=0xb498dba W1=0x38b5,0x3cda,0x96f W2=0x37c2,0x36b1,0x3060
  witness[09] tail=25 r61=20 gh60=0xc90876a W1=0xb4d,0x3aa4,0x37dd W2=0xa5a,0x2906,0x3da8
  witness[10] tail=25 r61=21 gh60=0x4ae4caa W1=0x3742,0x3af5,0x9a2 W2=0x364f,0xf49,0x2ff9
  witness[11] tail=25 r61=22 gh60=0x49f9b66 W1=0x1cb,0x832,0x18c3 W2=0xd8,0x78a,0x3edb
  witness[12] tail=25 r61=22 gh60=0xda67fa6 W1=0x2f74,0x3bc3,0x2405 W2=0x2e81,0x1722,0xe5f
  witness[13] tail=25 r61=23 gh60=0xca7449a W1=0x21e6,0x2f08,0x2230 W2=0x20f3,0x13dc,0x4ce
  witness[14] tail=25 r61=25 gh60=0x5a99c9a W1=0x1fe5,0x38e0,0x338e W2=0x1ef2,0x1bb0,0x2cac
  witness[15] tail=25 r61=26 gh60=0x79fcf7a W1=0x2756,0x300c,0x22ba W2=0x2663,0x3028,0x17d9

Scan-only r61 registry
  registry_count=16 registry_cap=16
  r61_witness[00] r61=14 tail=26 gh60=0x4ea859a W1=0xc65,0x1817,0xec2 W2=0xb72,0x6cc,0xb1b
  r61_witness[01] r61=14 tail=30 gh60=0x4e09cea W1=0xd,0x230e,0x1c39 W2=0x3f1a,0x2551,0x649
  r61_witness[02] r61=15 tail=28 gh60=0x466849e W1=0x407,0x8e4,0x169b W2=0x314,0x1755,0x27f2
  r61_witness[03] r61=15 tail=29 gh60=0x54a45aa W1=0x12b2,0x1c58,0xe46 W2=0x11bf,0x3985,0x1459
  r61_witness[04] r61=15 tail=32 gh60=0xd6384e6 W1=0x213,0x1228,0x26de W2=0x120,0x3d1b,0x148a
  r61_witness[05] r61=15 tail=34 gh60=0x49884aa W1=0x333d,0x3d32,0x3803 W2=0x324a,0x131e,0xedf
  r61_witness[06] r61=16 tail=24 gh60=0x4a19ca6 W1=0x3e03,0x34a1,0xc50 W2=0x3d10,0x275b,0x80d
  r61_witness[07] r61=16 tail=31 gh60=0xc4b8d9a W1=0x36a5,0x279d,0x2d5d W2=0x35b2,0x2683,0x2274
  r61_witness[08] r61=16 tail=32 gh60=0x4a0cbee W1=0x2990,0x93f,0x2b64 W2=0x289d,0x3fcf,0x384
  r61_witness[09] r61=16 tail=32 gh60=0x56885aa W1=0x2a71,0x1b7a,0xb57 W2=0x297e,0x16a2,0x2d24
  r61_witness[10] r61=16 tail=32 gh60=0xca05be6 W1=0x3d8c,0x2dc3,0x2fb2 W2=0x3c99,0x3690,0x3171
  r61_witness[11] r61=16 tail=36 gh60=0xc608bea W1=0x198d,0x14dc,0xec0 W2=0x189a,0x13ab,0xabd
  r61_witness[12] r61=16 tail=36 gh60=0x4518566 W1=0x1ccb,0x3f3c,0x356e W2=0x1bd8,0x86b,0x3fe5
  r61_witness[13] r61=17 tail=26 gh60=0x5b0856a W1=0x3ce1,0x34f6,0xfdb W2=0x3bee,0x314,0x320
  r61_witness[14] r61=17 tail=27 gh60=0xc888caa W1=0x392d,0x396d,0x100c W2=0x383a,0xae8,0x259e
  r61_witness[15] r61=17 tail=28 gh60=0xce084ea W1=0x351d,0x1fd2,0x284 W2=0x342a,0x38b4,0x3e9c

D60=0 fiber histogram: 1:7975 2:4816 3:1764 4:1151 5:444 6:234 7:96 8:80 9:25 10:14 11:10 12:6 13:2 14:4 16:1 24:1 25:1
