free_word_mitm_reducedn
N=14 mask=0x3fff msb=0x2000
candidate: M0=0x3d36 mode=random-fallback fill=0x3fff kernel=dM0=dM9=0x2000
prefixes=32768/268435456 mode=permuted-prefix-sample w59_per_prefix=16384 total=536870912
run_mode=scan registry_cap=16
sample_start=174456832
scan_elapsed=15.218s rate=35.28 Mtriples/s

D60 interface
  D60=0 matches: 32433 (random expectation 32768.0, enrichment 0.990x)
  prefixes with D60=0: 16483
  max D60=0 fiber per prefix: 19 at W57=0x1e2f W58=0xc
  largest D60 bucket: D=0x2b52 count=33741
  min D60 HW: 0
  D60 HW histogram: 0:32433 1:455680 2:2977665 3:11904449 4:32759328 5:65561036 6:98390713 7:112466964 8:98446187 9:65638618 10:32826213 11:11939583 12:2981087 13:458578 14:32378

Tail closure among D60=0 matches
  final tail collisions: 0
  best r61 HW: 14
  best r61 W1[57..59]=0x3213,0xd37,0x1996
  best r61 W2[57..59]=0x3120,0xd2e,0x3cb7
  best tail HW: 20
  best tail r61 HW: 16
  best W1[57..59]=0x89d,0x2672,0x49f
  best W2[57..59]=0x7aa,0x2e41,0x3903

SUMMARY N=14 sample_start=174456832 prefixes=32768 total=536870912 d0=32433 best_tail=20 tail_r61=16 best_r61=14 tail_W1=0x89d,0x2672,0x49f tail_W2=0x7aa,0x2e41,0x3903 r61_W1=0x3213,0xd37,0x1996 r61_W2=0x3120,0xd2e,0x3cb7

Scan-only witness registry
  registry_count=16 registry_cap=16
  witness[00] tail=20 r61=16 gh60=0x7a18dea W1=0x89d,0x2672,0x49f W2=0x7aa,0x2e41,0x3903
  witness[01] tail=22 r61=15 gh60=0x45844a6 W1=0x3c3c,0x3d0f,0x1bab W2=0x3b49,0xb5b,0x2ecf
  witness[02] tail=22 r61=21 gh60=0xcaacda6 W1=0x2674,0xa07,0x3537 W2=0x2581,0x2cc,0x205
  witness[03] tail=23 r61=17 gh60=0x4ba859a W1=0x2269,0x2188,0x642 W2=0x2176,0x3e3b,0x36fb
  witness[04] tail=23 r61=19 gh60=0x4c9dca6 W1=0x1e3c,0x3b8d,0x3fa W2=0x1d49,0x1d1c,0x2313
  witness[05] tail=23 r61=20 gh60=0x4518d9a W1=0x26c5,0x856,0x2581 W2=0x25d2,0x3780,0x189a
  witness[06] tail=24 r61=18 gh60=0xfa184a6 W1=0x303,0x2178,0x15ab W2=0x210,0x2173,0x3d10
  witness[07] tail=24 r61=19 gh60=0xca085ee W1=0x2a8f,0x3b8f,0x31ae W2=0x299c,0x1ecd,0x1e22
  witness[08] tail=24 r61=20 gh60=0x4988cae W1=0x392f,0x332b,0xbe7 W2=0x383c,0x1c8a,0x261f
  witness[09] tail=24 r61=21 gh60=0x7e3c4ee W1=0x1510,0x5c,0x2382 W2=0x141d,0x3c87,0x1bb4
  witness[10] tail=24 r61=21 gh60=0xc735f7e W1=0x3fd8,0x1d54,0x2b8f W2=0x3ee5,0xf94,0x3c15
  witness[11] tail=24 r61=23 gh60=0xcb7fbaa W1=0x2db2,0x354d,0x1405 W2=0x2cbf,0xd99,0xc16
  witness[12] tail=25 r61=17 gh60=0xc91849a W1=0x3345,0x1dc1,0xc7b W2=0x3252,0x160e,0x1fa0
  witness[13] tail=25 r61=19 gh60=0xfa05cfa W1=0x1e1a,0x3a26,0x21c8 W2=0x1d27,0x2312,0x2bb0
  witness[14] tail=25 r61=20 gh60=0x779c4ae W1=0x240,0xd67,0x2ce7 W2=0x14d,0x2878,0xe9b
  witness[15] tail=25 r61=20 gh60=0x5abc4aa W1=0x3cf2,0x11b4,0x553 W2=0x3bff,0x2979,0x27b9

Scan-only r61 registry
  registry_count=16 registry_cap=16
  r61_witness[00] r61=14 tail=30 gh60=0xcc844a6 W1=0x1c3c,0x372f,0x27b1 W2=0x1b49,0x37b,0x3387
  r61_witness[01] r61=14 tail=32 gh60=0x4a284e6 W1=0x3213,0xd37,0x1996 W2=0x3120,0xd2e,0x3cb7
  r61_witness[02] r61=14 tail=35 gh60=0xc904b7a W1=0x395a,0x30c1,0x3cc0 W2=0x3867,0x2ab9,0xcbb
  r61_witness[03] r61=15 tail=22 gh60=0x45844a6 W1=0x3c3c,0x3d0f,0x1bab W2=0x3b49,0xb5b,0x2ecf
  r61_witness[04] r61=15 tail=28 gh60=0x4e384fa W1=0xa19,0x2486,0x2cd6 W2=0x926,0x58e,0x1f93
  r61_witness[05] r61=15 tail=32 gh60=0x75584ba W1=0x1239,0x13d1,0x2978 W2=0x1146,0x8d3,0x3f58
  r61_witness[06] r61=15 tail=41 gh60=0x46a8ca6 W1=0x26f3,0x1374,0x30bd W2=0x2600,0x1020,0x37fc
  r61_witness[07] r61=16 tail=20 gh60=0x7a18dea W1=0x89d,0x2672,0x49f W2=0x7aa,0x2e41,0x3903
  r61_witness[08] r61=16 tail=26 gh60=0xcb284a6 W1=0x3443,0x432,0x3844 W2=0x3350,0x20ad,0x18c1
  r61_witness[09] r61=16 tail=28 gh60=0xca244e6 W1=0x1414,0x16a,0x3aa8 W2=0x1321,0x2d52,0x2806
  r61_witness[10] r61=16 tail=28 gh60=0xcb08766 W1=0x2bdb,0x706,0x36a0 W2=0x2ae8,0x3835,0x36f9
  r61_witness[11] r61=16 tail=29 gh60=0x453c49e W1=0xc48,0x29b7,0x3805 W2=0xb55,0x282f,0x11da
  r61_witness[12] r61=16 tail=29 gh60=0xc6085ea W1=0x3c9d,0x852,0xc12 W2=0x3baa,0x26dc,0x3dbf
  r61_witness[13] r61=16 tail=31 gh60=0x7509d66 W1=0xdb,0x34e2,0x1035 W2=0x3fe8,0x22fa,0x3e6
  r61_witness[14] r61=16 tail=31 gh60=0x4b9fdae W1=0x30c0,0x2925,0xe79 W2=0x2fcd,0x3bd9,0x36b6
  r61_witness[15] r61=16 tail=36 gh60=0x4a14dea W1=0x189e,0x3356,0x2fd8 W2=0x17ab,0x3c26,0x1647

D60=0 fiber histogram: 1:8007 2:4745 3:1814 4:1074 5:397 6:206 7:100 8:77 9:30 10:10 11:6 12:9 13:4 14:1 16:2 19:1
