free_word_mitm_reducedn
N=14 mask=0x3fff msb=0x2000
candidate: M0=0x3d36 mode=random-fallback fill=0x3fff kernel=dM0=dM9=0x2000
prefixes=32768/268435456 mode=permuted-prefix-sample w59_per_prefix=16384 total=536870912
run_mode=scan registry_cap=16
sample_start=57016320
scan_elapsed=15.159s rate=35.42 Mtriples/s

D60 interface
  D60=0 matches: 32584 (random expectation 32768.0, enrichment 0.994x)
  prefixes with D60=0: 16541
  max D60=0 fiber per prefix: 19 at W57=0x1648 W58=0x2bb7
  largest D60 bucket: D=0x2e67 count=33856
  min D60 HW: 0
  D60 HW histogram: 0:32584 1:454459 2:2971091 3:11895366 4:32774219 5:65593045 6:98414449 7:112523658 8:98452323 9:65615744 10:32778059 11:11905333 12:2971111 13:456728 14:32743

Tail closure among D60=0 matches
  final tail collisions: 0
  best r61 HW: 13
  best r61 W1[57..59]=0x3921,0x39e0,0xa7c
  best r61 W2[57..59]=0x382e,0xe87,0x21a7
  best tail HW: 21
  best tail r61 HW: 18
  best W1[57..59]=0x3730,0x1497,0x1fbc
  best W2[57..59]=0x363d,0xff7,0x2f4

SUMMARY N=14 sample_start=57016320 prefixes=32768 total=536870912 d0=32584 best_tail=21 tail_r61=18 best_r61=13 tail_W1=0x3730,0x1497,0x1fbc tail_W2=0x363d,0xff7,0x2f4 r61_W1=0x3921,0x39e0,0xa7c r61_W2=0x382e,0xe87,0x21a7

Scan-only witness registry
  registry_count=16 registry_cap=16
  witness[00] tail=21 r61=18 gh60=0x4b94cae W1=0x3730,0x1497,0x1fbc W2=0x363d,0xff7,0x2f4
  witness[01] tail=23 r61=24 gh60=0x3f287a6 W1=0x23c3,0x1235,0x2a04 W2=0x22d0,0x3da8,0x1e3
  witness[02] tail=23 r61=26 gh60=0xd96cf9a W1=0x17c6,0xd5f,0x246c W2=0x16d3,0x1aba,0xdbd
  witness[03] tail=24 r61=23 gh60=0xba6ddaa W1=0x2082,0x1a4d,0x1b2c W2=0x1f8f,0x22b9,0x2570
  witness[04] tail=24 r61=25 gh60=0x4be44aa W1=0x2202,0x2374,0x128d W2=0x210f,0x2909,0x115a
  witness[05] tail=25 r61=15 gh60=0xc604fe6 W1=0x79c,0x228e,0x2839 W2=0x6a9,0xa4d,0x33ce
  witness[06] tail=25 r61=19 gh60=0x5fd9c9e W1=0x1de7,0x2a16,0x1a5 W2=0x1cf4,0x3b0a,0x3e15
  witness[07] tail=25 r61=20 gh60=0x4d68566 W1=0x453,0x242c,0xc9 W2=0x360,0x8f,0x24fb
  witness[08] tail=25 r61=21 gh60=0x3c9c5e6 W1=0x14a4,0x56b,0xd19 W2=0x13b1,0x27c7,0x2a1f
  witness[09] tail=25 r61=24 gh60=0x59b44ba W1=0x1cf6,0x6fc,0x2daa W2=0x1c03,0x3c7b,0x3e6d
  witness[10] tail=25 r61=24 gh60=0x4bf85ee W1=0x328f,0x3d1c,0x1a7d W2=0x319c,0x34de,0x2883
  witness[11] tail=25 r61=24 gh60=0x4efc7a6 W1=0x3384,0x275e,0x2f2a W2=0x3291,0x2052,0x3c90
  witness[12] tail=25 r61=27 gh60=0x5999faa W1=0x1f71,0x1960,0x129e W2=0x1e7e,0x19eb,0x3a2c
  witness[13] tail=26 r61=17 gh60=0x46885aa W1=0x1c6d,0xbab,0xac7 W2=0x1b7a,0x294f,0x17f9
  witness[14] tail=26 r61=20 gh60=0xc959b7e W1=0x1d57,0x1e00,0x2357 W2=0x1c64,0x121f,0x2cc2
  witness[15] tail=26 r61=21 gh60=0xca2c5ea W1=0xa92,0x3f0d,0x3eec W2=0x99f,0xc30,0x23c7

Scan-only r61 registry
  registry_count=16 registry_cap=16
  r61_witness[00] r61=13 tail=28 gh60=0x4608cea W1=0x3921,0x39e0,0xa7c W2=0x382e,0xe87,0x21a7
  r61_witness[01] r61=14 tail=36 gh60=0xc908b66 W1=0x95b,0x3591,0x8c3 W2=0x868,0x3f5f,0x2763
  r61_witness[02] r61=15 tail=25 gh60=0xc604fe6 W1=0x79c,0x228e,0x2839 W2=0x6a9,0xa4d,0x33ce
  r61_witness[03] r61=15 tail=30 gh60=0x5887bba W1=0x31ba,0x3883,0x5e1 W2=0x30c7,0xd7b,0x167f
  r61_witness[04] r61=15 tail=33 gh60=0x4e884a6 W1=0x12fb,0x2a18,0x29ec W2=0x1208,0x1ae5,0x3a72
  r61_witness[05] r61=15 tail=35 gh60=0xc8884aa W1=0x3d3d,0x1d32,0x2fd0 W2=0x3c4a,0x331e,0x29d7
  r61_witness[06] r61=16 tail=27 gh60=0xce0bcea W1=0x1121,0x2e49,0x2ea3 W2=0x102e,0x1b74,0x390e
  r61_witness[07] r61=16 tail=27 gh60=0x4928b7e W1=0x25d7,0x2e9a,0x2fd W2=0x24e4,0x2cbd,0x98
  r61_witness[08] r61=16 tail=30 gh60=0x4635c9a W1=0x1e06,0x1df5,0x475 W2=0x1d13,0x502,0x1c91
  r61_witness[09] r61=16 tail=31 gh60=0x4a6859a W1=0x1c65,0x531,0x1e31 W2=0x1b72,0x3e2,0x235d
  r61_witness[10] r61=16 tail=31 gh60=0xcc88cae W1=0x263f,0x1663,0x20f4 W2=0x254c,0x5b2,0x1f68
  r61_witness[11] r61=16 tail=31 gh60=0x56085e6 W1=0x3a8b,0xb57,0x2ac3 W2=0x3998,0x3116,0x2b91
  r61_witness[12] r61=16 tail=35 gh60=0x4a0bbea W1=0x119d,0x2643,0xbd0 W2=0x10aa,0x4fa,0x1e5d
  r61_witness[13] r61=16 tail=35 gh60=0x4a0bfe6 W1=0x2f9b,0x46,0x3322 W2=0x2ea8,0x1b86,0x624
  r61_witness[14] r61=16 tail=36 gh60=0x492c766 W1=0xb54,0x2154,0x339a W2=0xa61,0xc26,0x3d2b
  r61_witness[15] r61=16 tail=36 gh60=0x4a04cfa W1=0x281a,0x11,0x2567 W2=0x2727,0x247d,0x20fc

D60=0 fiber histogram: 1:8008 2:4798 3:1772 4:1103 5:419 6:214 7:99 8:65 9:28 10:14 11:6 12:8 13:2 14:2 16:1 17:1 19:1
