free_word_mitm_reducedn
N=14 mask=0x3fff msb=0x2000
candidate: M0=0x3d36 mode=random-fallback fill=0x3fff kernel=dM0=dM9=0x2000
prefixes=32768/268435456 mode=permuted-prefix-sample w59_per_prefix=16384 total=536870912
run_mode=scan registry_cap=16
sample_start=90570752
scan_elapsed=15.314s rate=35.06 Mtriples/s

D60 interface
  D60=0 matches: 32572 (random expectation 32768.0, enrichment 0.994x)
  prefixes with D60=0: 16381
  max D60=0 fiber per prefix: 20 at W57=0x2340 W58=0x25b5
  largest D60 bucket: D=0xa3f count=33870
  min D60 HW: 0
  D60 HW histogram: 0:32572 1:458164 2:2970421 3:11894389 4:32750523 5:65535046 6:98385878 7:112503912 8:98454094 9:65648902 10:32834285 11:11931849 12:2980990 13:457119 14:32768

Tail closure among D60=0 matches
  final tail collisions: 0
  best r61 HW: 13
  best r61 W1[57..59]=0x97a,0x1170,0x233f
  best r61 W2[57..59]=0x887,0x3d00,0x3327
  best tail HW: 21
  best tail r61 HW: 19
  best W1[57..59]=0xc52,0x2fc5,0x2bdf
  best W2[57..59]=0xb5f,0x35e0,0x131f

SUMMARY N=14 sample_start=90570752 prefixes=32768 total=536870912 d0=32572 best_tail=21 tail_r61=19 best_r61=13 tail_W1=0xc52,0x2fc5,0x2bdf tail_W2=0xb5f,0x35e0,0x131f r61_W1=0x97a,0x1170,0x233f r61_W2=0x887,0x3d00,0x3327

Scan-only witness registry
  registry_count=16 registry_cap=16
  witness[00] tail=21 r61=19 gh60=0xc51c56a W1=0xc52,0x2fc5,0x2bdf W2=0xb5f,0x35e0,0x131f
  witness[01] tail=23 r61=17 gh60=0x5ca7da6 W1=0x30b4,0x3783,0x386 W2=0x2fc1,0x3a56,0x3857
  witness[02] tail=23 r61=20 gh60=0xc488daa W1=0x26bd,0x1ddc,0x371c W2=0x25ca,0x2d1f,0x30d5
  witness[03] tail=23 r61=27 gh60=0xcb0bd6a W1=0x2e5d,0xe05,0x2ef2 W2=0x2d6a,0xee0,0x12b9
  witness[04] tail=24 r61=15 gh60=0xca08cea W1=0x1821,0x21a7,0x19df W2=0x172e,0x369e,0x1159
  witness[05] tail=24 r61=17 gh60=0xc4a44aa W1=0x2432,0x3e84,0x28d W2=0x233f,0x509,0x15c2
  witness[06] tail=24 r61=20 gh60=0x360c4fa W1=0x351a,0x85f,0x1fd4 W2=0x3427,0x3d9c,0x2465
  witness[07] tail=24 r61=21 gh60=0x7b0856e W1=0x3c5f,0x855,0x9e1 W2=0x3b6c,0x3e9b,0x224a
  witness[08] tail=24 r61=24 gh60=0xbeedbaa W1=0x172,0x3593,0x2fcf W2=0x7f,0x1f33,0x1f4e
  witness[09] tail=25 r61=17 gh60=0x7aa8d9a W1=0x3869,0x2d92,0x2440 W2=0x3776,0x1710,0x25e1
  witness[10] tail=25 r61=20 gh60=0xbb37d6a W1=0x104e,0x3159,0x270f W2=0xf5b,0x1a29,0x2668
  witness[11] tail=25 r61=22 gh60=0xda0fce6 W1=0x100c,0xe34,0xc3f W2=0xf19,0x3bcd,0x34a5
  witness[12] tail=25 r61=22 gh60=0xcef857a W1=0x1455,0x12b0,0x2ad7 W2=0x1362,0x1138,0x10b4
  witness[13] tail=25 r61=24 gh60=0x4dd7cfa W1=0x2f16,0x3808,0x3226 W2=0x2e23,0x1110,0x285e
  witness[14] tail=25 r61=25 gh60=0xcd744aa W1=0x342e,0x1a4c,0x238e W2=0x333b,0x300d,0x3df4
  witness[15] tail=25 r61=26 gh60=0x7b8fbba W1=0x31ba,0x1c98,0x29bd W2=0x30c7,0x3190,0x16fb

Scan-only r61 registry
  registry_count=16 registry_cap=16
  r61_witness[00] r61=13 tail=29 gh60=0x4784bba W1=0x97a,0x1170,0x233f W2=0x887,0x3d00,0x3327
  r61_witness[01] r61=13 tail=34 gh60=0x46345ea W1=0xc8e,0x282e,0x358c W2=0xb9b,0x26cd,0x2070
  r61_witness[02] r61=14 tail=28 gh60=0xca89daa W1=0x71,0x19a,0x118d W2=0x3f7e,0x3e05,0x1eff
  r61_witness[03] r61=14 tail=35 gh60=0x4514d6e W1=0x36e0,0x3012,0x5a6 W2=0x35ed,0x2652,0x19f5
  r61_witness[04] r61=15 tail=24 gh60=0xca08cea W1=0x1821,0x21a7,0x19df W2=0x172e,0x369e,0x1159
  r61_witness[05] r61=15 tail=30 gh60=0x4a89ca6 W1=0x3dfb,0x2c12,0x3514 W2=0x3d08,0x3e1c,0x3686
  r61_witness[06] r61=15 tail=31 gh60=0x5609cee W1=0x201f,0xf8b,0x15d9 W2=0x1f2c,0x39e2,0x32a
  r61_witness[07] r61=15 tail=31 gh60=0x590cb66 W1=0x39dc,0x2f77,0x17c W2=0x38e9,0x142,0x265c
  r61_witness[08] r61=15 tail=33 gh60=0x7984ca6 W1=0x8ec,0x1d2d,0x1d8b W2=0x7f9,0x7ca,0x360
  r61_witness[09] r61=15 tail=36 gh60=0x4b5bc9a W1=0xf49,0x3a23,0x6dd W2=0xe56,0xcb3,0x1cb2
  r61_witness[10] r61=16 tail=27 gh60=0xb6045e6 W1=0x3a8c,0x2136,0x2b7c W2=0x3999,0x2f6,0x1f72
  r61_witness[11] r61=16 tail=29 gh60=0x4e0bcea W1=0xf1d,0xac3,0x584 W2=0xe2a,0x3a2a,0x13ad
  r61_witness[12] r61=16 tail=29 gh60=0xc888fa6 W1=0x17bb,0x1987,0x1ef W2=0x16c8,0xfcb,0x1183
  r61_witness[13] r61=16 tail=30 gh60=0x596879a W1=0x23a5,0x3c0b,0x12fd W2=0x22b2,0x2dee,0x1a
  r61_witness[14] r61=16 tail=31 gh60=0x750856a W1=0x225d,0x2fe6,0xe1d W2=0x216a,0xfc,0x2b9c
  r61_witness[15] r61=16 tail=31 gh60=0x5888caa W1=0x392d,0x336d,0x366d W2=0x383a,0x4e8,0xa5d

D60=0 fiber histogram: 1:7960 2:4649 3:1743 4:1123 5:437 6:224 7:86 8:88 9:32 10:16 11:4 12:9 13:3 14:1 16:3 18:1 19:1 20:1
