free_word_mitm_reducedn
N=14 mask=0x3fff msb=0x2000
candidate: M0=0x3d36 mode=random-fallback fill=0x3fff kernel=dM0=dM9=0x2000
prefixes=32768/268435456 mode=permuted-prefix-sample w59_per_prefix=16384 total=536870912
run_mode=scan registry_cap=16
sample_start=140902400
scan_elapsed=15.298s rate=35.10 Mtriples/s

D60 interface
  D60=0 matches: 32790 (random expectation 32768.0, enrichment 1.001x)
  prefixes with D60=0: 16546
  max D60=0 fiber per prefix: 24 at W57=0xf88 W58=0x3ea
  largest D60 bucket: D=0xbf7 count=33801
  min D60 HW: 0
  D60 HW histogram: 0:32790 1:456008 2:2971349 3:11904520 4:32768161 5:65590776 6:98396793 7:112461241 8:98446687 9:65631756 10:32812437 11:11927768 12:2978727 13:459176 14:32723

Tail closure among D60=0 matches
  final tail collisions: 0
  best r61 HW: 13
  best r61 W1[57..59]=0x373,0x27bb,0x3ab6
  best r61 W2[57..59]=0x280,0x108e,0x1556
  best tail HW: 21
  best tail r61 HW: 23
  best W1[57..59]=0x727,0x1f59,0x1c4b
  best W2[57..59]=0x634,0x1a47,0x1dda

SUMMARY N=14 sample_start=140902400 prefixes=32768 total=536870912 d0=32790 best_tail=21 tail_r61=23 best_r61=13 tail_W1=0x727,0x1f59,0x1c4b tail_W2=0x634,0x1a47,0x1dda r61_W1=0x373,0x27bb,0x3ab6 r61_W2=0x280,0x108e,0x1556

Scan-only witness registry
  registry_count=16 registry_cap=16
  witness[00] tail=21 r61=23 gh60=0x7fd8c9e W1=0x727,0x1f59,0x1c4b W2=0x634,0x1a47,0x1dda
  witness[01] tail=23 r61=22 gh60=0x4bd8c9e W1=0x1607,0x2247,0xb21 W2=0x1514,0x1f5,0x1f98
  witness[02] tail=23 r61=23 gh60=0xda3dcee W1=0x2010,0x2c76,0x2f6e W2=0x1f1d,0x6ce,0xe6d
  witness[03] tail=24 r61=14 gh60=0xc559d9a W1=0x1ea9,0x3448,0x383c W2=0x1db6,0x10ac,0x39f5
  witness[04] tail=24 r61=20 gh60=0xca6bc9e W1=0x2de7,0x3106,0x2c8f W2=0x2cf4,0x2bf6,0x559
  witness[05] tail=24 r61=21 gh60=0xcdecdbe W1=0x38b8,0x44d,0x3027 W2=0x37c5,0x1619,0x3997
  witness[06] tail=24 r61=22 gh60=0xfaf456e W1=0x250,0x325b,0x280d W2=0x15d,0x1892,0x276d
  witness[07] tail=24 r61=25 gh60=0xc77cd6a W1=0x6d2,0x1dcd,0x2525 W2=0x5df,0x3021,0x2944
  witness[08] tail=25 r61=17 gh60=0xca884aa W1=0x39ed,0x320b,0x3f3e W2=0x38fa,0x847,0x364e
  witness[09] tail=25 r61=20 gh60=0x7887ca6 W1=0x112c,0x2a36,0x9db W2=0x1039,0x751,0x8f0
  witness[10] tail=25 r61=20 gh60=0xcb88ca6 W1=0x35eb,0x5bb,0xa5b W2=0x34f8,0x25d7,0x1bdd
  witness[11] tail=25 r61=27 gh60=0xfa3bc9a W1=0x3105,0x31d2,0x31d7 W2=0x3012,0x71e,0x775
  witness[12] tail=26 r61=19 gh60=0x45f8566 W1=0x2c4b,0xd49,0x25fc W2=0x2b58,0x194,0xe24
  witness[13] tail=26 r61=20 gh60=0x49d849e W1=0xce7,0x2ce2,0x35af W2=0xbf4,0x2b8b,0x3434
  witness[14] tail=26 r61=20 gh60=0x4708d6a W1=0x3651,0xddb,0x3c6e W2=0x355e,0x174e,0x2f22
  witness[15] tail=26 r61=20 gh60=0x360dbee W1=0x3da0,0x3bca,0x1201 W2=0x3cad,0x334a,0x3088

Scan-only r61 registry
  registry_count=16 registry_cap=16
  r61_witness[00] r61=13 tail=28 gh60=0x4a987a6 W1=0x373,0x27bb,0x3ab6 W2=0x280,0x108e,0x1556
  r61_witness[01] r61=14 tail=24 gh60=0xc559d9a W1=0x1ea9,0x3448,0x383c W2=0x1db6,0x10ac,0x39f5
  r61_witness[02] r61=14 tail=29 gh60=0x5a7849a W1=0x1505,0x6f,0x6fb W2=0x1412,0x36b8,0x14e9
  r61_witness[03] r61=15 tail=33 gh60=0xc4884ae W1=0x2c3f,0x392,0x5e0 W2=0x2b4c,0x30a2,0xff7
  r61_witness[04] r61=15 tail=36 gh60=0xc884c9a W1=0x272a,0x32c1,0x1498 W2=0x2637,0x178c,0x1db6
  r61_witness[05] r61=16 tail=27 gh60=0x4908f66 W1=0x17cb,0x2a51,0x2ae8 W2=0x16d8,0x218f,0x934
  r61_witness[06] r61=16 tail=29 gh60=0x4607de6 W1=0xe9c,0x15d7,0x8b W2=0xda9,0x1900,0x16d6
  r61_witness[07] r61=16 tail=30 gh60=0xc8fbb66 W1=0xddb,0x216f,0xd1f W2=0xce8,0x18bb,0x5ea
  r61_witness[08] r61=16 tail=31 gh60=0xb905b66 W1=0x1cc,0x2c11,0x25d9 W2=0xd9,0x2b6a,0x2083
  r61_witness[09] r61=16 tail=32 gh60=0x4a184ea W1=0x1c1d,0x1f3b,0x2582 W2=0x1b2a,0x37ed,0x410
  r61_witness[10] r61=16 tail=33 gh60=0x4904b66 W1=0x19dc,0x2982,0x3a4e W2=0x18e9,0x355,0x3f51
  r61_witness[11] r61=16 tail=33 gh60=0xc4f4cae W1=0x2630,0x1763,0x1470 W2=0x253d,0x37c3,0x2401
  r61_witness[12] r61=16 tail=34 gh60=0x4c885aa W1=0x32b1,0x266e,0x247 W2=0x31be,0x3186,0x3eb3
  r61_witness[13] r61=16 tail=39 gh60=0x488449a W1=0x3d2a,0x22cb,0x1724 W2=0x3c37,0x1909,0x3498
  r61_witness[14] r61=16 tail=39 gh60=0x4885ca6 W1=0x3f2c,0x6d2,0xd94 W2=0x3e39,0x146d,0x1808
  r61_witness[15] r61=16 tail=41 gh60=0xca0bce6 W1=0xf1b,0x232f,0x2dfc W2=0xe28,0x3237,0x213b

D60=0 fiber histogram: 1:8001 2:4777 3:1779 4:1089 5:455 6:225 7:72 8:72 9:28 10:21 11:6 12:7 13:2 14:3 15:3 16:1 17:1 18:2 19:1 24:1
