free_word_mitm_reducedn
N=14 mask=0x3fff msb=0x2000
candidate: M0=0x3d36 mode=random-fallback fill=0x3fff kernel=dM0=dM9=0x2000
prefixes=32768/268435456 mode=permuted-prefix-sample w59_per_prefix=16384 total=536870912
run_mode=scan registry_cap=16
sample_start=124256256
scan_elapsed=17.784s rate=30.19 Mtriples/s

D60 interface
  D60=0 matches: 32403 (random expectation 32768.0, enrichment 0.989x)
  prefixes with D60=0: 16428
  max D60=0 fiber per prefix: 22 at W57=0x3106 W58=0x342f
  largest D60 bucket: D=0x2f3d count=33752
  min D60 HW: 0
  D60 HW histogram: 0:32403 1:458382 2:2984623 3:11938035 4:32813908 5:65612798 6:98467429 7:112494475 8:98385315 9:65557863 10:32755652 11:11907306 12:2972492 13:457672 14:32559

Tail closure among D60=0 matches
  final tail collisions: 0
  best r61 HW: 12
  best r61 W1[57..59]=0x265e,0x36ff,0x33fa
  best r61 W2[57..59]=0x256b,0x385b,0x2002
  best tail HW: 21
  best tail r61 HW: 19
  best W1[57..59]=0x156,0x23a5,0x2486
  best W2[57..59]=0x63,0x1bed,0x2298

SUMMARY N=14 sample_start=124256256 prefixes=32768 total=536870912 d0=32403 best_tail=21 tail_r61=19 best_r61=12 tail_W1=0x156,0x23a5,0x2486 tail_W2=0x63,0x1bed,0x2298 r61_W1=0x265e,0x36ff,0x33fa r61_W2=0x256b,0x385b,0x2002

Scan-only witness registry
  registry_count=16 registry_cap=16
  witness[00] tail=21 r61=19 gh60=0x7b6db7a W1=0x156,0x23a5,0x2486 W2=0x63,0x1bed,0x2298
  witness[01] tail=21 r61=20 gh60=0x3d8c5a6 W1=0x4bc,0x2e67,0x2157 W2=0x3c9,0x239d,0x2ced
  witness[02] tail=22 r61=17 gh60=0xc4a85ba W1=0x34b9,0x3dee,0xfae W2=0x33c6,0x2a88,0x28c8
  witness[03] tail=23 r61=21 gh60=0xf99c49a W1=0xb2a,0xe06,0x1827 W2=0xa37,0x35c8,0x3a33
  witness[04] tail=23 r61=22 gh60=0xfe3c5ee W1=0x1c90,0x336f,0x10d3 W2=0x1b9d,0x2932,0xca9
  witness[05] tail=23 r61=26 gh60=0x3e184ee W1=0x3d0f,0x2bc,0x3672 W2=0x3c1c,0x3256,0xe2a
  witness[06] tail=24 r61=12 gh60=0x450cd6a W1=0x265e,0x36ff,0x33fa W2=0x256b,0x385b,0x2002
  witness[07] tail=24 r61=20 gh60=0xd4bccaa W1=0x82e,0xab6,0x22fc W2=0x73b,0xcf6,0x2e54
  witness[08] tail=24 r61=21 gh60=0xca184ea W1=0x2c0d,0x3df4,0x6b0 W2=0x2b1a,0x2b6,0x305f
  witness[09] tail=24 r61=25 gh60=0xca67ba6 W1=0xd84,0x8f7,0x2d8e W2=0xc91,0xf2,0x195e
  witness[10] tail=24 r61=28 gh60=0x5df8f9e W1=0x1787,0x3040,0xb6 W2=0x1694,0x365e,0x2ab1
  witness[11] tail=25 r61=21 gh60=0xda89caa W1=0x3ffd,0x14d6,0x3304 W2=0x3f0a,0x1901,0x8a2
  witness[12] tail=25 r61=22 gh60=0xbe385ee W1=0x29f,0x2194,0x4ea W2=0x1ac,0x546,0xdba
  witness[13] tail=25 r61=22 gh60=0xccfc5ae W1=0x1ab0,0xce4,0x3d70 W2=0x19bd,0xad,0x1b40
  witness[14] tail=25 r61=25 gh60=0xfb24caa W1=0x3642,0x3783,0x2338 W2=0x354f,0x1017,0x1361
  witness[15] tail=26 r61=19 gh60=0xc5bc4ba W1=0x2436,0x67e,0x6de W2=0x2343,0x2d3d,0x3b4

Scan-only r61 registry
  registry_count=16 registry_cap=16
  r61_witness[00] r61=12 tail=24 gh60=0x450cd6a W1=0x265e,0x36ff,0x33fa W2=0x256b,0x385b,0x2002
  r61_witness[01] r61=13 tail=35 gh60=0x4a0449a W1=0x230a,0x1cc5,0x1271 W2=0x2217,0x5c3,0xc5a
  r61_witness[02] r61=14 tail=28 gh60=0x4684fa6 W1=0x77c,0x3563,0x1d2e W2=0x689,0x1b28,0xc
  r61_witness[03] r61=14 tail=34 gh60=0xc90449a W1=0xb4a,0x27ee,0x2c8 W2=0xa57,0xffa,0x2de3
  r61_witness[04] r61=14 tail=36 gh60=0x4a08bee W1=0x298f,0x1e08,0x3725 W2=0x289c,0x1097,0x3a7a
  r61_witness[05] r61=15 tail=37 gh60=0xcb04d66 W1=0x36cc,0x249e,0x98c W2=0x35d9,0xa65,0x3611
  r61_witness[06] r61=16 tail=27 gh60=0x56047e6 W1=0x338c,0x1a95,0x3eca W2=0x3299,0x14e3,0x3021
  r61_witness[07] r61=16 tail=29 gh60=0x7b0856a W1=0x144d,0x10f3,0x2130 W2=0x135a,0x3079,0x227c
  r61_witness[08] r61=16 tail=29 gh60=0x4b8479a W1=0x3baa,0x2a37,0x1c25 W2=0x3ab7,0x2c05,0x33f5
  r61_witness[09] r61=16 tail=30 gh60=0x49adf6a W1=0x1f62,0x2ede,0x3a1c W2=0x1e6f,0x210e,0x1d7e
  r61_witness[10] r61=16 tail=31 gh60=0xce984a6 W1=0x23eb,0x2b15,0x37d5 W2=0x22f8,0x19f2,0x20e0
  r61_witness[11] r61=16 tail=31 gh60=0x4489daa W1=0x3ec1,0x1a3e,0x3899 W2=0x3dce,0x1809,0x1c1d
  r61_witness[12] r61=16 tail=32 gh60=0xca85fa6 W1=0x3f7c,0x23ea,0x1a7b W2=0x3e89,0x82d,0x3d17
  r61_witness[13] r61=16 tail=33 gh60=0x5a144ee W1=0x2420,0x12b9,0x23b W2=0x232d,0x32c4,0x31ce
  r61_witness[14] r61=16 tail=36 gh60=0x56184fa W1=0xb15,0x435,0x1085 W2=0xa22,0x2929,0x328
  r61_witness[15] r61=16 tail=36 gh60=0x490876e W1=0x2bdf,0x2eeb,0x28f W2=0x2aec,0x301d,0xa99

D60=0 fiber histogram: 1:7973 2:4686 3:1807 4:1139 5:384 6:218 7:71 8:80 9:31 10:21 11:8 12:7 13:1 20:1 22:1
