free_word_mitm_reducedn
N=14 mask=0x3fff msb=0x2000
candidate: M0=0x3d36 mode=random-fallback fill=0x3fff kernel=dM0=dM9=0x2000
prefixes=32768/268435456 mode=permuted-prefix-sample w59_per_prefix=16384 total=536870912
run_mode=scan registry_cap=16
sample_start=166199296
scan_elapsed=17.665s rate=30.39 Mtriples/s

D60 interface
  D60=0 matches: 32775 (random expectation 32768.0, enrichment 1.000x)
  prefixes with D60=0: 16617
  max D60=0 fiber per prefix: 19 at W57=0x31d2 W58=0x1284
  largest D60 bucket: D=0x2c5d count=33847
  min D60 HW: 0
  D60 HW histogram: 0:32775 1:457198 2:2978691 3:11917013 4:32797918 5:65600102 6:98440102 7:112487784 8:98400823 9:65567771 10:32787346 11:11926993 12:2984801 13:459470 14:32125

Tail closure among D60=0 matches
  final tail collisions: 0
  best r61 HW: 13
  best r61 W1[57..59]=0x2bd9,0x1a1a,0x3563
  best r61 W2[57..59]=0x2ae6,0x1afe,0xbb0
  best tail HW: 20
  best tail r61 HW: 14
  best W1[57..59]=0x2a8c,0x1cd9,0x1475
  best W2[57..59]=0x2999,0x3395,0x2b86

SUMMARY N=14 sample_start=166199296 prefixes=32768 total=536870912 d0=32775 best_tail=20 tail_r61=14 best_r61=13 tail_W1=0x2a8c,0x1cd9,0x1475 tail_W2=0x2999,0x3395,0x2b86 r61_W1=0x2bd9,0x1a1a,0x3563 r61_W2=0x2ae6,0x1afe,0xbb0

Scan-only witness registry
  registry_count=16 registry_cap=16
  witness[00] tail=20 r61=14 gh60=0xf60c5e6 W1=0x2a8c,0x1cd9,0x1475 W2=0x2999,0x3395,0x2b86
  witness[01] tail=22 r61=17 gh60=0x3e944ae W1=0x14f0,0x1546,0x271f W2=0x13fd,0x1567,0x2884
  witness[02] tail=22 r61=19 gh60=0xde185ee W1=0x2c9f,0x774,0x340a W2=0x2bac,0x2d26,0x1ed5
  witness[03] tail=22 r61=22 gh60=0x47bcfaa W1=0x177e,0x9fc,0xf6b W2=0x168b,0x1884,0x3a69
  witness[04] tail=23 r61=20 gh60=0xca68cba W1=0x7f9,0x38fd,0x198e W2=0x706,0x1b80,0x645
  witness[05] tail=23 r61=25 gh60=0xfb24d6a W1=0x1852,0x20b6,0x20a2 W2=0x175f,0x6,0x71b
  witness[06] tail=23 r61=28 gh60=0xdbbbbaa W1=0x2db1,0x3640,0xf4d W2=0x2cbe,0x2297,0x1b5c
  witness[07] tail=24 r61=19 gh60=0x4938ba6 W1=0x39c3,0x4e7,0xaae W2=0x38d0,0x18db,0x3f6b
  witness[08] tail=24 r61=20 gh60=0xc928766 W1=0x33d3,0x4c1,0x4f1 W2=0x32e0,0x3a08,0x736
  witness[09] tail=24 r61=20 gh60=0x4b0cb6e W1=0x3950,0x3d5b,0x756 W2=0x385d,0x77f,0x34ac
  witness[10] tail=24 r61=22 gh60=0xde184e6 W1=0x151b,0x12dc,0x1264 W2=0x1428,0x219d,0x884
  witness[11] tail=24 r61=24 gh60=0xd7f449e W1=0x1328,0xdea,0x6c W2=0x1235,0x2e1e,0x3adf
  witness[12] tail=24 r61=24 gh60=0xcddcbfa W1=0x1996,0x21c8,0x2bac W2=0x18a3,0x2c98,0xe61
  witness[13] tail=24 r61=24 gh60=0xdfac49a W1=0x3ce6,0x3aba,0x3059 W2=0x3bf3,0x3148,0x3945
  witness[14] tail=25 r61=16 gh60=0xca144ea W1=0x1a0e,0x1a70,0x23fe W2=0x191b,0x2eab,0x86d
  witness[15] tail=25 r61=18 gh60=0x4a1cfe6 W1=0x79c,0x2921,0x2018 W2=0x6a9,0x10e0,0x2298

Scan-only r61 registry
  registry_count=16 registry_cap=16
  r61_witness[00] r61=13 tail=32 gh60=0xc92877a W1=0x2bd9,0x1a1a,0x3563 W2=0x2ae6,0x1afe,0xbb0
  r61_witness[01] r61=14 tail=20 gh60=0xf60c5e6 W1=0x2a8c,0x1cd9,0x1475 W2=0x2999,0x3395,0x2b86
  r61_witness[02] r61=14 tail=30 gh60=0xd98bca6 W1=0x113b,0x2bde,0x1ffa W2=0x1048,0x1ce4,0x326
  r61_witness[03] r61=15 tail=26 gh60=0x550bd6a W1=0x30cd,0x1763,0x2df8 W2=0x2fda,0x124e,0x3d1f
  r61_witness[04] r61=15 tail=30 gh60=0x4508566 W1=0x3c5b,0x1fc0,0x1884 W2=0x3b68,0x2603,0x2429
  r61_witness[05] r61=16 tail=25 gh60=0xca144ea W1=0x1a0e,0x1a70,0x23fe W2=0x191b,0x2eab,0x86d
  r61_witness[06] r61=16 tail=30 gh60=0x4737f9e W1=0x2fc8,0x202d,0x3f31 W2=0x2ed5,0x8c6,0x35d3
  r61_witness[07] r61=16 tail=31 gh60=0xc8b9f9e W1=0x3fa7,0x3380,0x2ddb W2=0x3eb4,0x27ec,0x1d4a
  r61_witness[08] r61=16 tail=34 gh60=0x4a39b9e W1=0x2187,0x142b,0x1c05 W2=0x2094,0xc07,0x3963
  r61_witness[09] r61=16 tail=34 gh60=0x3a084ea W1=0x340d,0x1d81,0x31a6 W2=0x331a,0x37c7,0x330
  r61_witness[10] r61=16 tail=35 gh60=0xcaec7aa W1=0x13c2,0x7f9,0x206f W2=0x12cf,0xa56,0x2149
  r61_witness[11] r61=16 tail=35 gh60=0xc6884a6 W1=0x3bfb,0x25c,0xa3 W2=0x3b08,0x127,0x3152
  r61_witness[12] r61=17 tail=22 gh60=0x3e944ae W1=0x14f0,0x1546,0x271f W2=0x13fd,0x1567,0x2884
  r61_witness[13] r61=17 tail=29 gh60=0x4608cea W1=0x90d,0x772,0x1e3b W2=0x81a,0x865,0x1d9c
  r61_witness[14] r61=17 tail=29 gh60=0xdb0479a W1=0x1bca,0x1c00,0x257e W2=0x1ad7,0x1e10,0x3ced
  r61_witness[15] r61=17 tail=30 gh60=0xca084ea W1=0x41d,0x1151,0x2668 W2=0x32a,0x1787,0x22a1

D60=0 fiber histogram: 1:8086 2:4747 3:1834 4:1084 5:403 6:243 7:81 8:64 9:28 10:21 11:3 12:12 13:5 14:1 16:1 17:2 18:1 19:1
