free_word_mitm_reducedn
N=14 mask=0x3fff msb=0x2000
candidate: M0=0x3d36 mode=random-fallback fill=0x3fff kernel=dM0=dM9=0x2000
prefixes=32768/268435456 mode=permuted-prefix-sample w59_per_prefix=16384 total=536870912
run_mode=scan registry_cap=16
sample_start=148766720
scan_elapsed=15.334s rate=35.01 Mtriples/s

D60 interface
  D60=0 matches: 32614 (random expectation 32768.0, enrichment 0.995x)
  prefixes with D60=0: 16569
  max D60=0 fiber per prefix: 22 at W57=0x31c1 W58=0x1893
  largest D60 bucket: D=0x13b5 count=33819
  min D60 HW: 0
  D60 HW histogram: 0:32614 1:456336 2:2979310 3:11911368 4:32780587 5:65579127 6:98435317 7:112510985 8:98448645 9:65601605 10:32761299 11:11907723 12:2975795 13:457965 14:32236

Tail closure among D60=0 matches
  final tail collisions: 0
  best r61 HW: 15
  best r61 W1[57..59]=0x3ba6,0x59d,0x1cb4
  best r61 W2[57..59]=0x3ab3,0x1777,0x2210
  best tail HW: 24
  best tail r61 HW: 22
  best W1[57..59]=0xfac,0x1045,0x3f36
  best W2[57..59]=0xeb9,0x2110,0x13fa

SUMMARY N=14 sample_start=148766720 prefixes=32768 total=536870912 d0=32614 best_tail=24 tail_r61=22 best_r61=15 tail_W1=0xfac,0x1045,0x3f36 tail_W2=0xeb9,0x2110,0x13fa r61_W1=0x3ba6,0x59d,0x1cb4 r61_W2=0x3ab3,0x1777,0x2210

Scan-only witness registry
  registry_count=16 registry_cap=16
  witness[00] tail=24 r61=22 gh60=0xd8bffa6 W1=0xfac,0x1045,0x3f36 W2=0xeb9,0x2110,0x13fa
  witness[01] tail=24 r61=25 gh60=0xc77fcaa W1=0x2f3e,0x3fb5,0x3aa7 W2=0x2e4b,0x34a9,0x106a
  witness[02] tail=24 r61=29 gh60=0xcfacc9e W1=0x38e8,0x1e4a,0x2fe2 W2=0x37f5,0x37b9,0x3124
  witness[03] tail=25 r61=15 gh60=0x5909b6a W1=0x1de1,0xea5,0x3e96 W2=0x1cee,0x9d8,0x1ab7
  witness[04] tail=25 r61=17 gh60=0x5a0ddea W1=0x1e8e,0x32dc,0x2784 W2=0x1d9b,0x333c,0x2e36
  witness[05] tail=25 r61=18 gh60=0xca944aa W1=0x1afe,0x1863,0x1c1 W2=0x1a0b,0x2f54,0xb67
  witness[06] tail=25 r61=18 gh60=0xf50856a W1=0x2251,0x98f,0x106 W2=0x215e,0x9bd,0x23e4
  witness[07] tail=25 r61=20 gh60=0x4e08bea W1=0x2591,0x1398,0x567 W2=0x249e,0x1267,0x24e6
  witness[08] tail=25 r61=20 gh60=0xb88bca6 W1=0x2f2b,0x1d63,0x3e4a W2=0x2e38,0x2605,0x10fa
  witness[09] tail=25 r61=22 gh60=0x3a1c4fa W1=0x31a,0x667,0xb97 W2=0x227,0x3224,0x36b0
  witness[10] tail=25 r61=23 gh60=0xcabbcba W1=0x2df5,0x99c,0x369 W2=0x2d02,0x225b,0x3ae3
  witness[11] tail=25 r61=24 gh60=0xcaacc9a W1=0x25e6,0x1524,0xa19 W2=0x24f3,0x3e77,0x347b
  witness[12] tail=25 r61=27 gh60=0xb984ca6 W1=0x92c,0x409,0x5dc W2=0x839,0x2e26,0x2285
  witness[13] tail=25 r61=28 gh60=0x4b08b66 W1=0x254b,0x294b,0x3051 W2=0x2458,0x2f25,0x3bf1
  witness[14] tail=26 r61=15 gh60=0x49b87ba W1=0x375,0x32af,0xd72 W2=0x282,0x23f5,0x3567
  witness[15] tail=26 r61=16 gh60=0x5b08d66 W1=0x284b,0x2fd8,0x31bc W2=0x2758,0x2022,0x3659

Scan-only r61 registry
  registry_count=16 registry_cap=16
  r61_witness[00] r61=15 tail=25 gh60=0x5909b6a W1=0x1de1,0xea5,0x3e96 W2=0x1cee,0x9d8,0x1ab7
  r61_witness[01] r61=15 tail=26 gh60=0x49b87ba W1=0x375,0x32af,0xd72 W2=0x282,0x23f5,0x3567
  r61_witness[02] r61=15 tail=28 gh60=0x48d479a W1=0x3ba6,0x59d,0x1cb4 W2=0x3ab3,0x1777,0x2210
  r61_witness[03] r61=15 tail=29 gh60=0x4909f6e W1=0x3fdf,0x3164,0x3f1e W2=0x3eec,0x238f,0x38ec
  r61_witness[04] r61=15 tail=31 gh60=0xc984c9a W1=0x8ea,0x1cf9,0x1d1e W2=0x7f7,0x3e38,0x3dbe
  r61_witness[05] r61=16 tail=26 gh60=0x5b08d66 W1=0x284b,0x2fd8,0x31bc W2=0x2758,0x2022,0x3659
  r61_witness[06] r61=16 tail=30 gh60=0xc894cae W1=0x3730,0x1ff7,0x385c W2=0x363d,0x1b57,0x3eb8
  r61_witness[07] r61=16 tail=31 gh60=0x4a9c4ae W1=0x2500,0x11cd,0x27ce W2=0x240d,0x1de,0x2a71
  r61_witness[08] r61=16 tail=31 gh60=0xc88cca6 W1=0x392c,0x2118,0x41d W2=0x3839,0x1a35,0x71c
  r61_witness[09] r61=16 tail=32 gh60=0xca89cae W1=0x1fef,0x4e,0x193b W2=0x1efc,0x2cb1,0x6ad
  r61_witness[10] r61=16 tail=32 gh60=0x46185e6 W1=0x249b,0x3b77,0x2a0c W2=0x23a8,0x2f24,0x285
  r61_witness[11] r61=16 tail=32 gh60=0xb6885aa W1=0x2a6d,0x3988,0x33eb W2=0x297a,0x4ac,0x336d
  r61_witness[12] r61=16 tail=33 gh60=0x49884aa W1=0x1541,0x2038,0x32ac W2=0x144e,0x36e8,0x470
  r61_witness[13] r61=16 tail=33 gh60=0x4718566 W1=0x3c4b,0x1b84,0x245e W2=0x3b58,0x22d3,0x731
  r61_witness[14] r61=16 tail=35 gh60=0x4899bba W1=0x1db5,0x2330,0xa7 W2=0x1cc2,0x1143,0x2350
  r61_witness[15] r61=16 tail=41 gh60=0x49884aa W1=0x1541,0x2038,0x3984 W2=0x144e,0x36e8,0xb48

D60=0 fiber histogram: 1:8052 2:4831 3:1739 4:1077 5:410 6:229 7:72 8:85 9:33 10:17 11:8 12:11 13:1 14:2 17:1 22:1
