free_word_mitm_reducedn
N=14 mask=0x3fff msb=0x2000
candidate: M0=0x3d36 mode=random-fallback fill=0x3fff kernel=dM0=dM9=0x2000
prefixes=32768/268435456 mode=permuted-prefix-sample w59_per_prefix=16384 total=536870912
run_mode=scan registry_cap=16
sample_start=182321152
scan_elapsed=15.426s rate=34.80 Mtriples/s

D60 interface
  D60=0 matches: 33010 (random expectation 32768.0, enrichment 1.007x)
  prefixes with D60=0: 16730
  max D60=0 fiber per prefix: 21 at W57=0x5a6 W58=0x3b9e
  largest D60 bucket: D=0x2c20 count=33883
  min D60 HW: 0
  D60 HW histogram: 0:33010 1:462039 2:2993208 3:11947570 4:32818425 5:65601678 6:98389062 7:112461380 8:98385699 9:65575599 10:32798630 11:11927896 12:2983071 13:460839 14:32806

Tail closure among D60=0 matches
  final tail collisions: 0
  best r61 HW: 14
  best r61 W1[57..59]=0x1482,0x3764,0x1b
  best r61 W2[57..59]=0x138f,0x1691,0x3241
  best tail HW: 22
  best tail r61 HW: 21
  best W1[57..59]=0x286b,0x3996,0x47f
  best W2[57..59]=0x2778,0x2c5a,0x149b

SUMMARY N=14 sample_start=182321152 prefixes=32768 total=536870912 d0=33010 best_tail=22 tail_r61=21 best_r61=14 tail_W1=0x286b,0x3996,0x47f tail_W2=0x2778,0x2c5a,0x149b r61_W1=0x1482,0x3764,0x1b r61_W2=0x138f,0x1691,0x3241

Scan-only witness registry
  registry_count=16 registry_cap=16
  witness[00] tail=22 r61=19 gh60=0x4d785be W1=0xcb7,0x9a5,0xd7c W2=0xbc4,0x10db,0x3d7d
  witness[01] tail=22 r61=19 gh60=0xf6247aa W1=0x1b82,0x6ad,0x2b91 W2=0x1a8f,0x79a,0x34f8
  witness[02] tail=22 r61=21 gh60=0x55f8da6 W1=0x286b,0x3996,0x47f W2=0x2778,0x2c5a,0x149b
  witness[03] tail=23 r61=17 gh60=0x4b8c4ae W1=0x2530,0x287f,0x1ad1 W2=0x243d,0x1720,0x358c
  witness[04] tail=23 r61=18 gh60=0x7a887ae W1=0x2b7f,0x1054,0x101c W2=0x2a8c,0xa0c,0x18d8
  witness[05] tail=23 r61=19 gh60=0xda184fa W1=0x1a15,0x27ae,0x2f4f W2=0x1922,0x1ef2,0xde9
  witness[06] tail=23 r61=24 gh60=0x7e687ba W1=0x2b79,0x2d6e,0x293f W2=0x2a86,0x2eb8,0xaac
  witness[07] tail=23 r61=24 gh60=0xd7647a6 W1=0x3bb4,0x1ae8,0x8a W2=0x3ac1,0x16be,0x2362
  witness[08] tail=24 r61=18 gh60=0xb5f85e6 W1=0x1a8b,0x3cc2,0x1b4d W2=0x1998,0x2481,0x2ed7
  witness[09] tail=24 r61=19 gh60=0x3a94caa W1=0x15fe,0x3963,0x2183 W2=0x150b,0x1213,0x25ba
  witness[10] tail=24 r61=20 gh60=0x4b89dae W1=0x1e6f,0x26fd,0x1bc8 W2=0x1d7c,0x1148,0x3bdf
  witness[11] tail=24 r61=20 gh60=0xd6e8b9a W1=0x2569,0xf75,0x2b29 W2=0x2476,0x1047,0x27ae
  witness[12] tail=24 r61=22 gh60=0x4574c9a W1=0x646,0x1c7e,0x3221 W2=0x553,0x595,0x2703
  witness[13] tail=24 r61=22 gh60=0x4e0449a W1=0x1c0a,0x1034,0x272d W2=0x1b17,0x6f8,0x1334
  witness[14] tail=24 r61=24 gh60=0xf60c7ee W1=0x3b90,0x35ed,0x117f W2=0x3a9d,0x3dc0,0x3c82
  witness[15] tail=24 r61=28 gh60=0xfeb8b9a W1=0x569,0x116b,0x2ac3 W2=0x476,0x1045,0x1e55

Scan-only r61 registry
  registry_count=16 registry_cap=16
  r61_witness[00] r61=14 tail=35 gh60=0xd889caa W1=0x1f31,0x944,0x24ae W2=0x1e3e,0xb03,0x37d8
  r61_witness[01] r61=14 tail=37 gh60=0xce245aa W1=0x1482,0x3764,0x1b W2=0x138f,0x1691,0x3241
  r61_witness[02] r61=15 tail=28 gh60=0x4618ca6 W1=0x2703,0xbb3,0x164f W2=0x2610,0x76f,0x2ca3
  r61_witness[03] r61=15 tail=29 gh60=0xc88fbaa W1=0x2dae,0x1585,0x154c W2=0x2cbb,0x3d8d,0x38df
  r61_witness[04] r61=15 tail=33 gh60=0x57e44a6 W1=0x3a44,0x22a0,0xc02 W2=0x3951,0x2f1e,0x3ae3
  r61_witness[05] r61=15 tail=34 gh60=0x58a849e W1=0x1d27,0x1ad8,0x25b4 W2=0x1c34,0x2909,0x2ca4
  r61_witness[06] r61=16 tail=30 gh60=0xc925b66 W1=0x21d4,0x3e0,0x39aa W2=0x20e1,0xb51,0x1de2
  r61_witness[07] r61=16 tail=30 gh60=0x5a24daa W1=0x3682,0x3db7,0x1021 W2=0x358f,0x1ea3,0xa51
  r61_witness[08] r61=16 tail=31 gh60=0x5a047e6 W1=0x138c,0x1f43,0x17fa W2=0x1299,0x1791,0x35e3
  r61_witness[09] r61=16 tail=33 gh60=0x4a07d9a W1=0x108a,0x390d,0x25a7 W2=0xf97,0x1a2a,0x24c6
  r61_witness[10] r61=16 tail=34 gh60=0x4608cea W1=0x921,0x1031,0x2e23 W2=0x82e,0xfdc,0x2c7d
  r61_witness[11] r61=16 tail=37 gh60=0x4a2849a W1=0x305,0x2496,0x1b90 W2=0x212,0xd63,0x1653
  r61_witness[12] r61=16 tail=38 gh60=0x4a08cea W1=0x361d,0x2376,0xbf4 W2=0x352a,0x3e29,0x1c2d
  r61_witness[13] r61=17 tail=23 gh60=0x4b8c4ae W1=0x2530,0x287f,0x1ad1 W2=0x243d,0x1720,0x358c
  r61_witness[14] r61=17 tail=27 gh60=0x3604b9a W1=0x58a,0x2108,0xaca W2=0x497,0x121f,0x5e6
  r61_witness[15] r61=17 tail=27 gh60=0xc89fbe6 W1=0x2da4,0x2b77,0x3e09 W2=0x2cb1,0x28e8,0x1d4

D60=0 fiber histogram: 1:8220 2:4725 3:1782 4:1087 5:437 6:240 7:90 8:81 9:28 10:13 11:6 12:9 13:3 14:2 15:1 16:4 20:1 21:1
