free_word_mitm_reducedn
N=14 mask=0x3fff msb=0x2000
candidate: M0=0x3d36 mode=random-fallback fill=0x3fff kernel=dM0=dM9=0x2000
prefixes=32768/268435456 mode=permuted-prefix-sample w59_per_prefix=16384 total=536870912
run_mode=scan registry_cap=16
sample_start=140378112
scan_elapsed=15.239s rate=35.23 Mtriples/s

D60 interface
  D60=0 matches: 33221 (random expectation 32768.0, enrichment 1.014x)
  prefixes with D60=0: 16696
  max D60=0 fiber per prefix: 22 at W57=0x3e08 W58=0x1d08
  largest D60 bucket: D=0xa4e count=33727
  min D60 HW: 0
  D60 HW histogram: 0:33221 1:461924 2:2990931 3:11953202 4:32841896 5:65659843 6:98425108 7:112447516 8:98357235 9:65542573 10:32771865 11:11913135 12:2980930 13:458542 14:32991

Tail closure among D60=0 matches
  final tail collisions: 0
  best r61 HW: 15
  best r61 W1[57..59]=0xe1a,0x346c,0x2d9b
  best r61 W2[57..59]=0xd27,0x760,0x3fa9
  best tail HW: 22
  best tail r61 HW: 23
  best W1[57..59]=0xd60,0x14b4,0xc1b
  best W2[57..59]=0xc6d,0x3bc4,0x22e7

SUMMARY N=14 sample_start=140378112 prefixes=32768 total=536870912 d0=33221 best_tail=22 tail_r61=23 best_r61=15 tail_W1=0xd60,0x14b4,0xc1b tail_W2=0xc6d,0x3bc4,0x22e7 r61_W1=0xe1a,0x346c,0x2d9b r61_W2=0xd27,0x760,0x3fa9

Scan-only witness registry
  registry_count=16 registry_cap=16
  witness[00] tail=22 r61=23 gh60=0x591fb6e W1=0xd60,0x14b4,0xc1b W2=0xc6d,0x3bc4,0x22e7
  witness[01] tail=23 r61=18 gh60=0xde287fa W1=0x395,0x2682,0x275c W2=0x2a2,0x17ce,0x86
  witness[02] tail=23 r61=19 gh60=0x38a84e6 W1=0x1523,0x380e,0x341e W2=0x1430,0x2681,0x1034
  witness[03] tail=23 r61=19 gh60=0xc6e85fa W1=0x2499,0x29f8,0x26a1 W2=0x23a6,0x518,0x1f2e
  witness[04] tail=23 r61=19 gh60=0x48847ba W1=0x3bba,0x2bce,0x1863 W2=0x3ac7,0x2e8d,0x33fd
  witness[05] tail=24 r61=22 gh60=0x4d98766 W1=0x2be3,0x22e0,0x22bf W2=0x2af0,0x13bd,0x85e
  witness[06] tail=24 r61=23 gh60=0xda08dea W1=0x2691,0x2bc7,0x1716 W2=0x259e,0x2aa6,0x3600
  witness[07] tail=25 r61=17 gh60=0xcb0db6a W1=0x214e,0x802,0x340f W2=0x205b,0x73e,0x20ef
  witness[08] tail=25 r61=19 gh60=0x4a885ae W1=0x1a7f,0x210b,0x1f2d W2=0x198c,0x1443,0x2db5
  witness[09] tail=25 r61=19 gh60=0x45e4daa W1=0x26c2,0xc43,0x3922 W2=0x25cf,0x1bbf,0x26d3
  witness[10] tail=25 r61=20 gh60=0x76087e6 W1=0x238b,0x3a7e,0x5b7 W2=0x2298,0x21c7,0x9ca
  witness[11] tail=25 r61=20 gh60=0x5889baa W1=0x3db1,0x37e8,0x1b47 W2=0x3cbe,0x363f,0x1639
  witness[12] tail=25 r61=22 gh60=0x4a6879a W1=0x1369,0x1a12,0xaee W2=0x1276,0x2c69,0x30bc
  witness[13] tail=25 r61=22 gh60=0x4f9cca6 W1=0x35f4,0x3b5f,0x2dbb W2=0x3501,0xb0c,0x2824
  witness[14] tail=25 r61=23 gh60=0x3a984aa W1=0x3fd,0xe4b,0x16e7 W2=0x30a,0x1477,0x3f27
  witness[15] tail=25 r61=24 gh60=0x4798faa W1=0x76d,0x706,0xd0b W2=0x67a,0x3589,0x1cd2

Scan-only r61 registry
  registry_count=16 registry_cap=16
  r61_witness[00] r61=15 tail=30 gh60=0x3e07cfa W1=0xe1a,0x346c,0x2d9b W2=0xd27,0x760,0x3fa9
  r61_witness[01] r61=15 tail=31 gh60=0x4d0856a W1=0xae1,0x3f13,0x30a W2=0x9ee,0x8d,0x357a
  r61_witness[02] r61=15 tail=34 gh60=0x4b2bc9e W1=0x2f47,0xdf9,0x148b W2=0x2e54,0x38a9,0x2dbf
  r61_witness[03] r61=16 tail=27 gh60=0xc6285fa W1=0x1c99,0x1c6b,0x1adb W2=0x1ba6,0xe0b,0x1443
  r61_witness[04] r61=16 tail=29 gh60=0x4aa84be W1=0x11f7,0x60c,0x2298 W2=0x1104,0x23aa,0x2ad8
  r61_witness[05] r61=16 tail=29 gh60=0x4c88daa W1=0x36b1,0x2c8a,0x31c8 W2=0x35be,0x3be1,0x19f5
  r61_witness[06] r61=16 tail=32 gh60=0xc48cc9a W1=0x62a,0x2fe8,0xfd6 W2=0x537,0x16eb,0x2333
  r61_witness[07] r61=16 tail=32 gh60=0x491bb6a W1=0xde1,0x5a0,0x9f7 W2=0xcee,0x34cf,0x38e1
  r61_witness[08] r61=16 tail=39 gh60=0xcb08b6a W1=0x5cd,0x23f7,0x32ed W2=0x4da,0x19f2,0xecb
  r61_witness[09] r61=16 tail=39 gh60=0x490477a W1=0x135a,0x3ee8,0x2615 W2=0x1267,0x5b9,0x2c
  r61_witness[10] r61=17 tail=25 gh60=0xcb0db6a W1=0x214e,0x802,0x340f W2=0x205b,0x73e,0x20ef
  r61_witness[11] r61=17 tail=27 gh60=0x4904b66 W1=0x25dc,0x116,0x3390 W2=0x24e9,0xae5,0x33a1
  r61_witness[12] r61=17 tail=29 gh60=0x5988fae W1=0x76f,0x2a9a,0x3135 W2=0x67c,0x2161,0x3820
  r61_witness[13] r61=17 tail=30 gh60=0x4669bfa W1=0x199,0x294c,0x2624 W2=0xa6,0x25db,0x2702
  r61_witness[14] r61=17 tail=30 gh60=0xca87d9a W1=0xe6a,0x4dc,0x32c9 W2=0xd77,0x2bb9,0x34db
  r61_witness[15] r61=17 tail=30 gh60=0xca18bea W1=0x1991,0xf64,0x32ef W2=0x189e,0x1df7,0x190c

D60=0 fiber histogram: 1:8041 2:4853 3:1826 4:1069 5:401 6:232 7:102 8:84 9:35 10:26 11:6 12:8 13:4 14:2 15:3 16:2 21:1 22:1
