free_word_mitm_reducedn
N=14 mask=0x3fff msb=0x2000
candidate: M0=0x3d36 mode=random-fallback fill=0x3fff kernel=dM0=dM9=0x2000
prefixes=32768/268435456 mode=permuted-prefix-sample w59_per_prefix=16384 total=536870912
run_mode=scan registry_cap=16
sample_start=27459584
scan_elapsed=14.327s rate=37.47 Mtriples/s

D60 interface
  D60=0 matches: 32755 (random expectation 32768.0, enrichment 1.000x)
  prefixes with D60=0: 16656
  max D60=0 fiber per prefix: 22 at W57=0x339d W58=0x89a
  largest D60 bucket: D=0xdee count=33772
  min D60 HW: 0
  D60 HW histogram: 0:32755 1:455988 2:2971795 3:11903197 4:32738895 5:65536232 6:98414649 7:112504281 8:98458759 9:65642392 10:32816573 11:11923416 12:2980639 13:458457 14:32884

Tail closure among D60=0 matches
  final tail collisions: 0
  best r61 HW: 13
  best r61 W1[57..59]=0x1e8d,0xdcb,0x1a5b
  best r61 W2[57..59]=0x1d9a,0x1e26,0x2388
  best tail HW: 20
  best tail r61 HW: 14
  best W1[57..59]=0x3716,0x3999,0x1e71
  best W2[57..59]=0x3623,0x2c21,0x3866

SUMMARY N=14 sample_start=27459584 prefixes=32768 total=536870912 d0=32755 best_tail=20 tail_r61=14 best_r61=13 tail_W1=0x3716,0x3999,0x1e71 tail_W2=0x3623,0x2c21,0x3866 r61_W1=0x1e8d,0xdcb,0x1a5b r61_W2=0x1d9a,0x1e26,0x2388

Scan-only witness registry
  registry_count=16 registry_cap=16
  witness[00] tail=20 r61=14 gh60=0x4a54cfa W1=0x3716,0x3999,0x1e71 W2=0x3623,0x2c21,0x3866
  witness[01] tail=22 r61=15 gh60=0xca7fda6 W1=0xe84,0x3682,0x3225 W2=0xd91,0x1e5d,0x852
  witness[02] tail=24 r61=19 gh60=0xb8d4f9a W1=0x37a6,0xd85,0x1efe W2=0x36b3,0x1aa0,0x2057
  witness[03] tail=24 r61=23 gh60=0xcab5daa W1=0x1e6e,0x21c2,0x2032 W2=0x1d7b,0x201e,0x36df
  witness[04] tail=24 r61=24 gh60=0xcfe44ea W1=0x1b22,0xe02,0x112e W2=0x1a2f,0x24dd,0x3ed
  witness[05] tail=24 r61=24 gh60=0xc9747ba W1=0x2bb6,0x430,0x3f6a W2=0x2ac3,0x4f7,0x2de6
  witness[06] tail=24 r61=25 gh60=0xcfac5ba W1=0x14b6,0x15e2,0x919 W2=0x13c3,0x48d,0x16ad
  witness[07] tail=24 r61=26 gh60=0xbf3857a W1=0xa55,0x2cf3,0x13c6 W2=0x962,0x15a3,0x1425
  witness[08] tail=24 r61=27 gh60=0x4798fa6 W1=0x177b,0xdfa,0x161d W2=0x1688,0x4ae,0x22e2
  witness[09] tail=25 r61=15 gh60=0x4c884aa W1=0x431,0x2b4,0x3e1d W2=0x33e,0x734,0x2f3
  witness[10] tail=25 r61=17 gh60=0xc91bf6e W1=0x2f4f,0x1302,0x398f W2=0x2e5c,0x3a41,0x3ac7
  witness[11] tail=25 r61=20 gh60=0x7564de6 W1=0x28a4,0xd1b,0x3a9a W2=0x27b1,0x20fa,0x25f7
  witness[12] tail=25 r61=24 gh60=0xb78cda6 W1=0x87c,0x22ee,0x30d7 W2=0x789,0x1493,0x3aed
  witness[13] tail=25 r61=25 gh60=0x469cc9a W1=0x26ea,0x2b34,0x3c5b W2=0x25f7,0x107b,0x2eb2
  witness[14] tail=25 r61=26 gh60=0x5b78566 W1=0x225b,0x82c,0x2458 W2=0x2168,0x1941,0x1607
  witness[15] tail=26 r61=16 gh60=0xca884aa W1=0x1afd,0x3b28,0x84f W2=0x1a0a,0x1214,0x1bd8

Scan-only r61 registry
  registry_count=16 registry_cap=16
  r61_witness[00] r61=13 tail=32 gh60=0x4609dea W1=0x1e8d,0xdcb,0x1a5b W2=0x1d9a,0x1e26,0x2388
  r61_witness[01] r61=14 tail=20 gh60=0x4a54cfa W1=0x3716,0x3999,0x1e71 W2=0x3623,0x2c21,0x3866
  r61_witness[02] r61=14 tail=31 gh60=0x4e88daa W1=0x166d,0x226b,0x1fa2 W2=0x157a,0x24e,0x3352
  r61_witness[03] r61=15 tail=22 gh60=0xca7fda6 W1=0xe84,0x3682,0x3225 W2=0xd91,0x1e5d,0x852
  r61_witness[04] r61=15 tail=25 gh60=0x4c884aa W1=0x431,0x2b4,0x3e1d W2=0x33e,0x734,0x2f3
  r61_witness[05] r61=15 tail=28 gh60=0xc888fae W1=0x27af,0x22d9,0x239f W2=0x26bc,0x1930,0x2437
  r61_witness[06] r61=15 tail=34 gh60=0x49587be W1=0x23b7,0x2097,0x685 W2=0x22c4,0x1b6d,0xab4
  r61_witness[07] r61=16 tail=26 gh60=0xca884aa W1=0x1afd,0x3b28,0x84f W2=0x1a0a,0x1214,0x1bd8
  r61_witness[08] r61=16 tail=26 gh60=0x4b9bda6 W1=0x307b,0xa6,0x3056 W2=0x2f88,0x2458,0x2a06
  r61_witness[09] r61=16 tail=27 gh60=0xd798766 W1=0x363,0xee0,0xacf W2=0x270,0x3f,0x2227
  r61_witness[10] r61=16 tail=27 gh60=0x5b28b7e W1=0x557,0x987,0xadf W2=0x464,0x7aa,0x3b23
  r61_witness[11] r61=16 tail=29 gh60=0xbe0bce6 W1=0x2f0b,0xc49,0x2b2f W2=0x2e18,0x1559,0x1f69
  r61_witness[12] r61=16 tail=32 gh60=0x4888caa W1=0x273d,0x14ed,0x22c7 W2=0x264a,0x1858,0x3cc9
  r61_witness[13] r61=16 tail=32 gh60=0x7a0bcee W1=0x301f,0x2294,0x1d97 W2=0x2f2c,0x39e7,0x45c
  r61_witness[14] r61=16 tail=34 gh60=0xba285fe W1=0x297,0x28b,0x2554 W2=0x1a4,0x64b,0x17d6
  r61_witness[15] r61=16 tail=34 gh60=0x4888bae W1=0x5af,0x2071,0x8aa W2=0x4bc,0x1888,0x17cc

D60=0 fiber histogram: 1:8087 2:4771 3:1875 4:1097 5:402 6:212 7:81 8:56 9:24 10:18 11:13 12:9 13:3 14:3 16:3 18:1 22:1
