free_word_mitm_reducedn
N=14 mask=0x3fff msb=0x2000
candidate: M0=0x3d36 mode=random-fallback fill=0x3fff kernel=dM0=dM9=0x2000
prefixes=32768/268435456 mode=permuted-prefix-sample w59_per_prefix=16384 total=536870912
run_mode=scan registry_cap=16
sample_start=86179840
scan_elapsed=15.612s rate=34.39 Mtriples/s

D60 interface
  D60=0 matches: 32860 (random expectation 32768.0, enrichment 1.003x)
  prefixes with D60=0: 16597
  max D60=0 fiber per prefix: 27 at W57=0x317b W58=0x28d5
  largest D60 bucket: D=0x1359 count=33916
  min D60 HW: 0
  D60 HW histogram: 0:32860 1:458296 2:2979956 3:11927702 4:32797400 5:65610861 6:98432195 7:112488212 8:98408829 9:65589199 10:32772833 11:11906841 12:2975888 13:457418 14:32422

Tail closure among D60=0 matches
  final tail collisions: 0
  best r61 HW: 13
  best r61 W1[57..59]=0x13ae,0x2f4e,0x12c5
  best r61 W2[57..59]=0x12bb,0x297,0x1667
  best tail HW: 22
  best tail r61 HW: 16
  best W1[57..59]=0x1a03,0x5ca,0x17d7
  best W2[57..59]=0x1910,0xc7,0x1b64

SUMMARY N=14 sample_start=86179840 prefixes=32768 total=536870912 d0=32860 best_tail=22 tail_r61=16 best_r61=13 tail_W1=0x1a03,0x5ca,0x17d7 tail_W2=0x1910,0xc7,0x1b64 r61_W1=0x13ae,0x2f4e,0x12c5 r61_W2=0x12bb,0x297,0x1667

Scan-only witness registry
  registry_count=16 registry_cap=16
  witness[00] tail=22 r61=16 gh60=0x5a184a6 W1=0x1a03,0x5ca,0x17d7 W2=0x1910,0xc7,0x1b64
  witness[01] tail=22 r61=19 gh60=0x4b8cda6 W1=0x387c,0x29e8,0x1917 W2=0x3789,0x2c8d,0x2bb8
  witness[02] tail=24 r61=23 gh60=0xfae857a W1=0x3c59,0x3b88,0x2aa0 W2=0x3b66,0x229c,0x3413
  witness[03] tail=25 r61=20 gh60=0xb888baa W1=0x19ad,0xe89,0x1bc4 W2=0x18ba,0xadc,0x12eb
  witness[04] tail=25 r61=21 gh60=0xba88faa W1=0x3771,0xbe1,0x3290 W2=0x367e,0x1968,0xded
  witness[05] tail=25 r61=22 gh60=0x5699ca6 W1=0x1feb,0x33b5,0x391 W2=0x1ef8,0x2053,0x39be
  witness[06] tail=25 r61=24 gh60=0xf958b7e W1=0x3957,0x1167,0x763 W2=0x3864,0x178a,0x1ca7
  witness[07] tail=25 r61=25 gh60=0x4708b66 W1=0x29cb,0x2bb8,0x1b34 W2=0x28d8,0x359a,0x2e15
  witness[08] tail=25 r61=26 gh60=0x4dacdbe W1=0x8b8,0x157,0xfb W2=0x7c5,0x31f,0x3979
  witness[09] tail=25 r61=26 gh60=0xcea87ba W1=0xb79,0x3a1d,0x30fe W2=0xa86,0x3d67,0x2ef0
  witness[10] tail=26 r61=17 gh60=0x462cffa W1=0x3796,0x22a6,0x2cb W2=0x36a3,0x2f36,0x3242
  witness[11] tail=26 r61=19 gh60=0x44944ae W1=0x2c40,0x174b,0x383d W2=0x2b4d,0x345c,0x4f5
  witness[12] tail=26 r61=21 gh60=0x4a59bfa W1=0x199,0x605,0x3aaa W2=0xa6,0x294,0x3940
  witness[13] tail=26 r61=22 gh60=0xca1bcea W1=0xf0d,0x17d3,0x27a5 W2=0xe1a,0x74a,0x22c
  witness[14] tail=26 r61=22 gh60=0xbd8bdaa W1=0x10bd,0x7d6,0x24b7 W2=0xfca,0x89d,0xacc
  witness[15] tail=26 r61=23 gh60=0xb654cbe W1=0x27f8,0xae,0x35b8 W2=0x2705,0x3b12,0x275e

Scan-only r61 registry
  registry_count=16 registry_cap=16
  r61_witness[00] r61=13 tail=29 gh60=0x49947aa W1=0x13ae,0x2f4e,0x12c5 W2=0x12bb,0x297,0x1667
  r61_witness[01] r61=14 tail=27 gh60=0x3908b6e W1=0x155f,0x18f1,0x32c4 W2=0x146c,0x1b00,0x971
  r61_witness[02] r61=14 tail=30 gh60=0x388c4a6 W1=0x3d3c,0x3542,0x2d0c W2=0x3c49,0x338e,0xe24
  r61_witness[03] r61=14 tail=34 gh60=0x453456e W1=0xc60,0x3714,0x27d8 W2=0xb6d,0x1e57,0x342c
  r61_witness[04] r61=14 tail=36 gh60=0xb919ba6 W1=0x21c3,0x13c6,0x3592 W2=0x20d0,0x163c,0xd9d
  r61_witness[05] r61=14 tail=38 gh60=0xc62ccfa W1=0x2716,0x94,0x1c81 W2=0x2623,0x271c,0xb74
  r61_witness[06] r61=15 tail=30 gh60=0x453456e W1=0xc60,0x3714,0x27d0 W2=0xb6d,0x1e57,0x3424
  r61_witness[07] r61=15 tail=33 gh60=0xc619cfa W1=0x2115,0x1b0,0x2389 W2=0x2022,0x24a3,0xe4
  r61_witness[08] r61=15 tail=35 gh60=0x4a0bbea W1=0x2d9d,0x256b,0x3ac0 W2=0x2caa,0x2ea,0xad5
  r61_witness[09] r61=16 tail=22 gh60=0x5a184a6 W1=0x1a03,0x5ca,0x17d7 W2=0x1910,0xc7,0x1b64
  r61_witness[10] r61=16 tail=28 gh60=0x49e4fa6 W1=0x7b4,0x3fd6,0x311a W2=0x6c1,0x262b,0x22c5
  r61_witness[11] r61=16 tail=28 gh60=0xc7efc9e W1=0x10e8,0x181,0x14a3 W2=0xff5,0x272,0x2f13
  r61_witness[12] r61=16 tail=29 gh60=0x47884ae W1=0x243f,0x101e,0x3f15 W2=0x234c,0x3fae,0xa3f
  r61_witness[13] r61=16 tail=30 gh60=0x5989ca6 W1=0x12b,0x3b56,0x838 W2=0x38,0x3370,0x2924
  r61_witness[14] r61=16 tail=30 gh60=0x49947aa W1=0x13ae,0x2f4e,0x1ac5 W2=0x12bb,0x297,0x1e67
  r61_witness[15] r61=16 tail=30 gh60=0xcea5daa W1=0x2072,0xb72,0x1b16 W2=0x1f7f,0x13d2,0xf4f

D60=0 fiber histogram: 1:7909 2:4905 3:1804 4:1109 5:434 6:228 7:73 8:70 9:32 10:17 11:4 12:4 13:3 14:2 16:1 24:1 27:1
