free_word_mitm_reducedn
N=14 mask=0x3fff msb=0x2000
candidate: M0=0x3d36 mode=random-fallback fill=0x3fff kernel=dM0=dM9=0x2000
prefixes=32768/268435456 mode=permuted-prefix-sample w59_per_prefix=16384 total=536870912
run_mode=scan registry_cap=16
sample_start=10682368
scan_elapsed=14.362s rate=37.38 Mtriples/s

D60 interface
  D60=0 matches: 32979 (random expectation 32768.0, enrichment 1.006x)
  prefixes with D60=0: 16541
  max D60=0 fiber per prefix: 24 at W57=0x3d5e W58=0x38be
  largest D60 bucket: D=0x1200 count=33876
  min D60 HW: 0
  D60 HW histogram: 0:32979 1:459268 2:2985201 3:11928174 4:32784543 5:65576773 6:98367931 7:112445372 8:98416749 9:65642511 10:32823972 11:11938886 12:2977786 13:458090 14:32677

Tail closure among D60=0 matches
  final tail collisions: 0
  best r61 HW: 13
  best r61 W1[57..59]=0x370b,0xdac,0x2320
  best r61 W2[57..59]=0x3618,0x3bc2,0x1d8f
  best tail HW: 22
  best tail r61 HW: 21
  best W1[57..59]=0x373b,0x3873,0x87b
  best W2[57..59]=0x3648,0x24ff,0x27df

SUMMARY N=14 sample_start=10682368 prefixes=32768 total=536870912 d0=32979 best_tail=22 tail_r61=21 best_r61=13 tail_W1=0x373b,0x3873,0x87b tail_W2=0x3648,0x24ff,0x27df r61_W1=0x370b,0xdac,0x2320 r61_W2=0x3618,0x3bc2,0x1d8f

Scan-only witness registry
  registry_count=16 registry_cap=16
  witness[00] tail=22 r61=21 gh60=0xf678be6 W1=0x358b,0x485,0x1b01 W2=0x3498,0x1ed3,0x1be3
  witness[01] tail=22 r61=21 gh60=0x4788ca6 W1=0x373b,0x3873,0x87b W2=0x3648,0x24ff,0x27df
  witness[02] tail=23 r61=20 gh60=0x5b6c4aa W1=0x342,0x2b43,0x29e8 W2=0x24f,0x3298,0x11b7
  witness[03] tail=24 r61=13 gh60=0x4608ce6 W1=0x370b,0xdac,0x2320 W2=0x3618,0x3bc2,0x1d8f
  witness[04] tail=24 r61=17 gh60=0xc6044e6 W1=0x2c1c,0x3850,0xfe5 W2=0x2b29,0x3a18,0x1288
  witness[05] tail=24 r61=18 gh60=0x4f3449a W1=0x1a46,0x1cce,0x67c W2=0x1953,0x10da,0x1290
  witness[06] tail=24 r61=20 gh60=0x5adc4ba W1=0x2af6,0x29a7,0x30a4 W2=0x2a03,0x10aa,0x3319
  witness[07] tail=24 r61=21 gh60=0x460ccea W1=0x161e,0x27ef,0x164 W2=0x152b,0x3e97,0x2916
  witness[08] tail=24 r61=24 gh60=0xd6f84ee W1=0x2a0f,0x3486,0x494 W2=0x291c,0x1fac,0xd09
  witness[09] tail=25 r61=15 gh60=0x56144ee W1=0x2d10,0x28f2,0x386a W2=0x2c1d,0x1999,0x1149
  witness[10] tail=25 r61=16 gh60=0x3798766 W1=0x363,0x3ae0,0x33e1 W2=0x270,0x2c3f,0x3032
  witness[11] tail=25 r61=17 gh60=0x4b7bc9a W1=0xf49,0x1a27,0x2710 W2=0xe56,0x2cb7,0x3c54
  witness[12] tail=25 r61=18 gh60=0x4b0dd7a W1=0x5a,0x3c0f,0x2223 W2=0x3f67,0x225b,0x145
  witness[13] tail=25 r61=18 gh60=0x4ba8d9a W1=0x38a5,0x5ff,0x1728 W2=0x37b2,0x3ee5,0x41f
  witness[14] tail=25 r61=20 gh60=0xca184fa W1=0x1315,0x291e,0x341e W2=0x1222,0x2292,0x2881
  witness[15] tail=25 r61=20 gh60=0x5668b66 W1=0x19e3,0x2621,0x2bac W2=0x18f0,0x3b23,0x5c6

Scan-only r61 registry
  registry_count=16 registry_cap=16
  r61_witness[00] r61=13 tail=24 gh60=0x4608ce6 W1=0x370b,0xdac,0x2320 W2=0x3618,0x3bc2,0x1d8f
  r61_witness[01] r61=13 tail=28 gh60=0xd90876a W1=0x35d,0x140f,0x1152 W2=0x26a,0x55d,0x33ad
  r61_witness[02] r61=14 tail=37 gh60=0x4488ca6 W1=0x363b,0x3a2f,0x2add W2=0x3548,0x1abb,0xa3d
  r61_witness[03] r61=15 tail=25 gh60=0x56144ee W1=0x2d10,0x28f2,0x386a W2=0x2c1d,0x1999,0x1149
  r61_witness[04] r61=15 tail=28 gh60=0xce2bcfe W1=0x3117,0xa49,0x1294 W2=0x3024,0x3120,0x3837
  r61_witness[05] r61=15 tail=32 gh60=0xc908b6e W1=0x29cf,0x34f5,0x820 W2=0x28dc,0x2f1c,0x31e2
  r61_witness[06] r61=15 tail=39 gh60=0x4619bea W1=0x218d,0x58,0x3c50 W2=0x209a,0x2c23,0x716
  r61_witness[07] r61=16 tail=25 gh60=0x3798766 W1=0x363,0x3ae0,0x33e1 W2=0x270,0x2c3f,0x3032
  r61_witness[08] r61=16 tail=26 gh60=0xca185ee W1=0xa8f,0x3989,0x2c8c W2=0x99c,0x1ac7,0x3ffa
  r61_witness[09] r61=16 tail=26 gh60=0xcd684e6 W1=0x1423,0x206e,0x1fce W2=0x1330,0x3ef1,0x29fe
  r61_witness[10] r61=16 tail=27 gh60=0xcb3bd6a W1=0x30d1,0x27d2,0x3f1e W2=0x2fde,0x12c1,0x3421
  r61_witness[11] r61=16 tail=31 gh60=0xc485da6 W1=0x3ebc,0x38a8,0x2e29 W2=0x3dc9,0x125f,0x348b
  r61_witness[12] r61=16 tail=32 gh60=0xc907b9a W1=0x2dca,0x4bf,0x3254 W2=0x2cd7,0x1f4c,0x2c09
  r61_witness[13] r61=16 tail=34 gh60=0x4555c9a W1=0x1e26,0x3cc,0x11d5 W2=0x1d33,0x2c21,0x374
  r61_witness[14] r61=16 tail=35 gh60=0x7a0bdea W1=0x109d,0x3003,0x3ae2 W2=0xfaa,0x2d4a,0x237e
  r61_witness[15] r61=16 tail=41 gh60=0x4608dea W1=0x68d,0xd39,0x855 W2=0x59a,0x1c14,0x1531

D60=0 fiber histogram: 1:7998 2:4710 3:1798 4:1124 5:437 6:219 7:93 8:77 9:35 10:23 11:5 12:11 13:4 15:3 16:2 20:1 24:1
