free_word_mitm_reducedn
N=14 mask=0x3fff msb=0x2000
candidate: M0=0x3d36 mode=random-fallback fill=0x3fff kernel=dM0=dM9=0x2000
prefixes=32768/268435456 mode=permuted-prefix-sample w59_per_prefix=16384 total=536870912
run_mode=scan registry_cap=16
sample_start=186843136
scan_elapsed=16.941s rate=31.69 Mtriples/s

D60 interface
  D60=0 matches: 32417 (random expectation 32768.0, enrichment 0.989x)
  prefixes with D60=0: 16428
  max D60=0 fiber per prefix: 32 at W57=0x30f5 W58=0x3ae2
  largest D60 bucket: D=0x32f4 count=33857
  min D60 HW: 0
  D60 HW histogram: 0:32417 1:457233 2:2970236 3:11905985 4:32783794 5:65603489 6:98443914 7:112481135 8:98428418 9:65594935 10:32792980 11:11910476 12:2976693 13:456596 14:32611

Tail closure among D60=0 matches
  final tail collisions: 0
  best r61 HW: 12
  best r61 W1[57..59]=0x1e1d,0x399d,0x2014
  best r61 W2[57..59]=0x1d2a,0x1d0,0x2481
  best tail HW: 20
  best tail r61 HW: 16
  best W1[57..59]=0x3248,0x22df,0x106
  best W2[57..59]=0x3155,0x2f51,0xa92

SUMMARY N=14 sample_start=186843136 prefixes=32768 total=536870912 d0=32417 best_tail=20 tail_r61=16 best_r61=12 tail_W1=0x3248,0x22df,0x106 tail_W2=0x3155,0x2f51,0xa92 r61_W1=0x1e1d,0x399d,0x2014 r61_W2=0x1d2a,0x1d0,0x2481

Scan-only witness registry
  registry_count=16 registry_cap=16
  witness[00] tail=20 r61=16 gh60=0xdad449e W1=0x3248,0x22df,0x106 W2=0x3155,0x2f51,0xa92
  witness[01] tail=24 r61=17 gh60=0xbe18bea W1=0x29a1,0x17ec,0x1ed2 W2=0x28ae,0x126f,0x389c
  witness[02] tail=24 r61=17 gh60=0x4d24566 W1=0x2cd4,0x2289,0x2b60 W2=0x2be1,0x3acb,0xcfc
  witness[03] tail=24 r61=22 gh60=0xcd1859a W1=0x3ac5,0x1e1b,0x7cd W2=0x39d2,0x19fa,0x1991
  witness[04] tail=24 r61=25 gh60=0x56e4ba6 W1=0x2574,0x35dc,0x1424 W2=0x2481,0x3e41,0x2aa5
  witness[05] tail=25 r61=19 gh60=0x54b85be W1=0x2b7,0x3e5e,0x33a2 W2=0x1c4,0x194,0x3bc0
  witness[06] tail=25 r61=19 gh60=0x4ae9da6 W1=0x2083,0x61b,0x1843 W2=0x1f90,0x1a7d,0x1a8
  witness[07] tail=25 r61=20 gh60=0x4ae84fe W1=0x3c17,0x144e,0x259a W2=0x3b24,0x33f6,0x2c54
  witness[08] tail=25 r61=22 gh60=0xd90db6a W1=0x1dce,0x1ee2,0x2bd9 W2=0x1cdb,0x1ae6,0x37d
  witness[09] tail=25 r61=22 gh60=0xcd0dc9a W1=0x3e4a,0x1cbc,0x38a3 W2=0x3d57,0x585,0x3fed
  witness[10] tail=25 r61=23 gh60=0xdd38d7a W1=0x16d5,0x2834,0x2fa8 W2=0x15e2,0x2203,0x345b
  witness[11] tail=25 r61=24 gh60=0xbb55d9e W1=0x20a8,0x1ce0,0x1490 W2=0x1fb5,0x1f35,0x410
  witness[12] tail=25 r61=25 gh60=0xcb64b6a W1=0x1552,0xd9a,0x2306 W2=0x145f,0x13da,0xd5a
  witness[13] tail=25 r61=30 gh60=0xdba456a W1=0x2ce2,0xfd4,0x3052 W2=0x2bef,0x1a1b,0x39d5
  witness[14] tail=26 r61=16 gh60=0x4a84ca6 W1=0x16fc,0x1ab7,0x331 W2=0x1609,0x37c4,0x2fb9
  witness[15] tail=26 r61=20 gh60=0x5ab9f66 W1=0x3fe3,0x2730,0x2506 W2=0x3ef0,0x808,0x138f

Scan-only r61 registry
  registry_count=16 registry_cap=16
  r61_witness[00] r61=12 tail=31 gh60=0x4609cea W1=0x1e1d,0x399d,0x2014 W2=0x1d2a,0x1d0,0x2481
  r61_witness[01] r61=13 tail=31 gh60=0x36184ea W1=0x331d,0x2778,0x2df0 W2=0x322a,0x1da,0x3023
  r61_witness[02] r61=13 tail=35 gh60=0x4607d9a W1=0x2e8a,0x395d,0x1c19 W2=0x2d97,0x187a,0x1f70
  r61_witness[03] r61=15 tail=30 gh60=0xca27fea W1=0xf92,0x7e7,0x216 W2=0xe9f,0x2977,0x7a6
  r61_witness[04] r61=15 tail=30 gh60=0x4a084ea W1=0x3d21,0x3ca0,0x1034 W2=0x3c2e,0x1346,0x28df
  r61_witness[05] r61=15 tail=31 gh60=0x5904b7a W1=0x295a,0x3ab,0x331f W2=0x2867,0x309b,0x107e
  r61_witness[06] r61=15 tail=33 gh60=0x4978ca6 W1=0x6fb,0x9e8,0x24f2 W2=0x608,0x25f4,0x1e25
  r61_witness[07] r61=15 tail=33 gh60=0x4a045e6 W1=0x2c8c,0x1c7e,0xfa4 W2=0x2b99,0x153a,0x37b3
  r61_witness[08] r61=16 tail=20 gh60=0xdad449e W1=0x3248,0x22df,0x106 W2=0x3155,0x2f51,0xa92
  r61_witness[09] r61=16 tail=26 gh60=0x4a84ca6 W1=0x16fc,0x1ab7,0x331 W2=0x1609,0x37c4,0x2fb9
  r61_witness[10] r61=16 tail=28 gh60=0xca1cc9a W1=0x380a,0x1011,0x38bc W2=0x3717,0x3dc,0xa7e
  r61_witness[11] r61=16 tail=31 gh60=0x4894baa W1=0x25ae,0xab1,0x2dd W2=0x24bb,0xab9,0x1619
  r61_witness[12] r61=16 tail=34 gh60=0x4d08d6a W1=0x2851,0x54d,0xd14 W2=0x275e,0x59c,0xa0c
  r61_witness[13] r61=16 tail=34 gh60=0xc90ff66 W1=0x2fdc,0x2f90,0x3be1 W2=0x2ee9,0x63d,0x21b5
  r61_witness[14] r61=16 tail=35 gh60=0x7889fa6 W1=0x1fbb,0x3d03,0x3676 W2=0x1ec8,0x20c9,0x8ac
  r61_witness[15] r61=16 tail=37 gh60=0xc98bbaa W1=0x116d,0x3195,0x198 W2=0x107a,0x115c,0x215

D60=0 fiber histogram: 1:7972 2:4723 3:1851 4:1032 5:388 6:241 7:75 8:62 9:29 10:23 11:10 12:10 13:4 14:5 16:1 20:1 32:1
