free_word_mitm_reducedn
N=14 mask=0x3fff msb=0x2000
candidate: M0=0x3d36 mode=random-fallback fill=0x3fff kernel=dM0=dM9=0x2000
prefixes=32768/268435456 mode=permuted-prefix-sample w59_per_prefix=16384 total=536870912
run_mode=scan registry_cap=16
sample_start=137723904
scan_elapsed=19.795s rate=27.12 Mtriples/s

D60 interface
  D60=0 matches: 32601 (random expectation 32768.0, enrichment 0.995x)
  prefixes with D60=0: 16473
  max D60=0 fiber per prefix: 37 at W57=0x11ad W58=0x1723
  largest D60 bucket: D=0x113b count=33818
  min D60 HW: 0
  D60 HW histogram: 0:32601 1:457510 2:2976769 3:11920314 4:32789550 5:65612903 6:98433305 7:112493409 8:98403338 9:65571402 10:32787906 11:11920276 12:2980772 13:457974 14:32883

Tail closure among D60=0 matches
  final tail collisions: 0
  best r61 HW: 13
  best r61 W1[57..59]=0x3647,0x1be3,0x3851
  best r61 W2[57..59]=0x3554,0x3d15,0x3834
  best tail HW: 23
  best tail r61 HW: 13
  best W1[57..59]=0x3647,0x1be3,0x3851
  best W2[57..59]=0x3554,0x3d15,0x3834

SUMMARY N=14 sample_start=137723904 prefixes=32768 total=536870912 d0=32601 best_tail=23 tail_r61=13 best_r61=13 tail_W1=0x3647,0x1be3,0x3851 tail_W2=0x3554,0x3d15,0x3834 r61_W1=0x3647,0x1be3,0x3851 r61_W2=0x3554,0x3d15,0x3834

Scan-only witness registry
  registry_count=16 registry_cap=16
  witness[00] tail=23 r61=13 gh60=0x4528c9e W1=0x3647,0x1be3,0x3851 W2=0x3554,0x3d15,0x3834
  witness[01] tail=23 r61=19 gh60=0xca287fa W1=0x399,0x2860,0x70d W2=0x2a6,0x29b0,0x224b
  witness[02] tail=23 r61=20 gh60=0x4a044fa W1=0x221a,0x12f8,0x35f7 W2=0x2127,0x3865,0x2748
  witness[03] tail=23 r61=25 gh60=0xcf5449e W1=0xc28,0x180f,0x1a48 W2=0xb35,0x163d,0x38a9
  witness[04] tail=23 r61=26 gh60=0x3aec4aa W1=0x13f2,0x1019,0x3f41 W2=0x12ff,0x281e,0x536
  witness[05] tail=25 r61=18 gh60=0xc99bcaa W1=0xeed,0x1027,0x3483 W2=0xdfa,0x3f9e,0xcec
  witness[06] tail=25 r61=18 gh60=0xc988caa W1=0x38f1,0x2744,0x1a28 W2=0x37fe,0x3903,0x28b1
  witness[07] tail=25 r61=22 gh60=0x4a1cc9a W1=0x60a,0xccb,0x1fb6 W2=0x517,0x3692,0x9b4
  witness[08] tail=25 r61=23 gh60=0x4d7cd7a W1=0x385a,0x3ea8,0x1ac8 W2=0x3767,0x3670,0x2c9b
  witness[09] tail=25 r61=24 gh60=0x4689bae W1=0x217f,0x271f,0x173a W2=0x208c,0x1d96,0x26d5
  witness[10] tail=25 r61=27 gh60=0xda384ea W1=0x2a0d,0x28ef,0x3d40 W2=0x291a,0x2c31,0xe5f
  witness[11] tail=26 r61=17 gh60=0xde0bcea W1=0x100d,0x3029,0xd7c W2=0xf1a,0x1d70,0x2809
  witness[12] tail=26 r61=19 gh60=0x3d88caa W1=0x5ed,0x3c80,0x14fd W2=0x4fa,0x53b,0x2bc9
  witness[13] tail=26 r61=19 gh60=0x788cc9a W1=0x292a,0x3320,0x3584 W2=0x2837,0x15eb,0x30a0
  witness[14] tail=26 r61=20 gh60=0x4a5c7fe W1=0xb98,0x80e,0x2c64 W2=0xaa5,0x35f,0x3050
  witness[15] tail=26 r61=20 gh60=0x45b8d9e W1=0x2667,0x16c6,0x822 W2=0x2574,0x2018,0x24e2

Scan-only r61 registry
  registry_count=16 registry_cap=16
  r61_witness[00] r61=13 tail=23 gh60=0x4528c9e W1=0x3647,0x1be3,0x3851 W2=0x3554,0x3d15,0x3834
  r61_witness[01] r61=15 tail=29 gh60=0x4a684a6 W1=0x32f3,0x3dbe,0x33b0 W2=0x3200,0xda9,0x3705
  r61_witness[02] r61=15 tail=29 gh60=0x38884aa W1=0x333d,0x275d,0x1d9b W2=0x324a,0x3d49,0x2fc5
  r61_witness[03] r61=15 tail=32 gh60=0x4ba84ba W1=0x1535,0x234c,0x3ff W2=0x1442,0x19ca,0x925
  r61_witness[04] r61=15 tail=33 gh60=0xca54f9a W1=0x1766,0xc11,0x230e W2=0x1673,0x1bb8,0x1c7
  r61_witness[05] r61=15 tail=38 gh60=0x4a87c9a W1=0x30ea,0x11c,0x1281 W2=0x2ff7,0x19e1,0x1803
  r61_witness[06] r61=16 tail=29 gh60=0x49284a6 W1=0x1543,0x1482,0x3872 W2=0x1450,0x2fd,0x3afb
  r61_witness[07] r61=16 tail=30 gh60=0x5a044e6 W1=0xd0c,0x37d2,0x22d7 W2=0xc19,0x26b6,0x228e
  r61_witness[08] r61=16 tail=31 gh60=0x4508566 W1=0x45b,0xaa7,0x2fa3 W2=0x368,0x7e4,0x3ac4
  r61_witness[09] r61=16 tail=32 gh60=0x560fdea W1=0x308e,0x230a,0xa77 W2=0x2f9b,0xa6e,0x555
  r61_witness[10] r61=16 tail=33 gh60=0x4e04be6 W1=0x158c,0x1042,0x3bd2 W2=0x1499,0x2691,0x1977
  r61_witness[11] r61=16 tail=41 gh60=0xca08bee W1=0x299f,0x1a55,0x9f0 W2=0x28ac,0xcd8,0x2c94
  r61_witness[12] r61=17 tail=26 gh60=0xde0bcea W1=0x100d,0x3029,0xd7c W2=0xf1a,0x1d70,0x2809
  r61_witness[13] r61=17 tail=27 gh60=0xc898cae W1=0x193f,0x1616,0xbd1 W2=0x184c,0x65,0x1106
  r61_witness[14] r61=17 tail=28 gh60=0x3a1c7ee W1=0x33a0,0x1e0a,0x2087 W2=0x32ad,0x26c9,0x3206
  r61_witness[15] r61=17 tail=29 gh60=0x4a084e6 W1=0x231b,0x6f1,0x39a0 W2=0x2228,0x24b6,0x20b3

D60=0 fiber histogram: 1:7932 2:4780 3:1777 4:1154 5:395 6:211 7:73 8:80 9:28 10:18 11:10 12:8 14:2 15:2 16:1 21:1 37:1
