free_word_mitm_reducedn
N=14 mask=0x3fff msb=0x2000
candidate: M0=0x3d36 mode=random-fallback fill=0x3fff kernel=dM0=dM9=0x2000
prefixes=32768/268435456 mode=permuted-prefix-sample w59_per_prefix=16384 total=536870912
run_mode=scan registry_cap=128
sample_start=265453568
scan_elapsed=19.267s rate=27.86 Mtriples/s
refine_elapsed=17.608s repair_refine_elapsed=0.000s total_elapsed=36.875s

D60 interface
  D60=0 matches: 32920 (random expectation 32768.0, enrichment 1.005x)
  prefixes with D60=0: 16575
  max D60=0 fiber per prefix: 19 at W57=0x36e1 W58=0x18b
  largest D60 bucket: D=0xe3a count=33830
  min D60 HW: 0
  D60 HW histogram: 0:32920 1:456569 2:2977745 3:11908655 4:32787310 5:65640720 6:98468508 7:112498794 8:98395145 9:65583778 10:32760513 11:11898849 12:2972689 13:455937 14:32780

Tail closure among D60=0 matches
  final tail collisions: 0
  best r61 HW: 15
  best r61 W1[57..59]=0x12a,0x1322,0x2a9e
  best r61 W2[57..59]=0x37,0x3763,0xfa0
  best tail HW: 19
  best tail r61 HW: 20
  best W1[57..59]=0x366,0x13d4,0xa72
  best W2[57..59]=0x273,0x1640,0x1e00

SUMMARY N=14 sample_start=265453568 prefixes=32768 total=536870912 d0=32920 best_tail=19 tail_r61=20 best_r61=15 tail_W1=0x366,0x13d4,0xa72 tail_W2=0x273,0x1640,0x1e00 r61_W1=0x12a,0x1322,0x2a9e r61_W2=0x37,0x3763,0xfa0

Scan-only witness registry
  registry_count=128 registry_cap=128
  witness[00] tail=19 r61=20 gh60=0x4fd479a W1=0x366,0x13d4,0xa72 W2=0x273,0x1640,0x1e00
  witness[01] tail=22 r61=19 gh60=0x4d87c9a W1=0x102a,0x2ff8,0x2fcf W2=0xf37,0x3c7d,0x741
  witness[02] tail=22 r61=20 gh60=0xc73bd9a W1=0xec9,0x1e9b,0x210f W2=0xdd6,0x3543,0x95b
  witness[03] tail=22 r61=24 gh60=0xb57fd6a W1=0x1052,0x1830,0x70 W2=0xf5f,0x1104,0x3770
  witness[04] tail=23 r61=16 gh60=0xce0c5ea W1=0x128e,0x1872,0x2759 W2=0x119b,0x2215,0x247
  witness[05] tail=23 r61=16 gh60=0x5b89baa W1=0x3dad,0x1ee5,0x596 W2=0x3cba,0xcf8,0x3dbd
  witness[06] tail=23 r61=17 gh60=0xd78bdae W1=0x30af,0x1616,0xd13 W2=0x2fbc,0x2ccd,0x1423
  witness[07] tail=23 r61=18 gh60=0xc4a45ea W1=0x14a2,0x233,0x3439 W2=0x13af,0x1ce6,0x33d4
  witness[08] tail=23 r61=21 gh60=0x49e879a W1=0x23c9,0x88b,0x32b8 W2=0x22d6,0xab8,0x1a3
  witness[09] tail=23 r61=23 gh60=0xc8bfca6 W1=0xf34,0x6,0x66e W2=0xe41,0x1f31,0x2c5a
  witness[10] tail=23 r61=24 gh60=0x7f6c77e W1=0x358,0x2689,0xfd4 W2=0x265,0x234e,0x2c10
  witness[11] tail=24 r61=19 gh60=0xca9fc9a W1=0xdea,0x2c09,0x2119 W2=0xcf7,0x30e,0x324
  witness[12] tail=24 r61=21 gh60=0xd51456a W1=0x12ce,0x1873,0xbcc W2=0x11db,0x2186,0x2fd1
  witness[13] tail=24 r61=21 gh60=0xca79c9a W1=0x1fe9,0x1da2,0x698 W2=0x1ef6,0xb6,0xf5c
  witness[14] tail=24 r61=22 gh60=0xc91c766 W1=0xb54,0x2cee,0x306f W2=0xa61,0x17c0,0x179d
  witness[15] tail=24 r61=25 gh60=0x5e1c4e6 W1=0xc14,0x3e8c,0xb2e W2=0xb21,0x1d6e,0x36f6

Scan-only r61 registry
  registry_count=128 registry_cap=128
  r61_witness[00] r61=15 tail=28 gh60=0x4a1cdaa W1=0x682,0x310c,0x1f0 W2=0x58f,0xf8,0x241e
  r61_witness[01] r61=15 tail=28 gh60=0x4e09cea W1=0x1f0d,0x3c83,0x3997 W2=0x1e1a,0xf6,0x1394
  r61_witness[02] r61=15 tail=29 gh60=0x4a89daa W1=0x3e71,0x20d5,0x2ad0 W2=0x3d7e,0x2340,0x2763
  r61_witness[03] r61=15 tail=30 gh60=0x5c8459a W1=0x32aa,0x3182,0x1d2c W2=0x31b7,0x2db2,0x2642
  r61_witness[04] r61=15 tail=32 gh60=0xd5244a6 W1=0x3a44,0x3ada,0x2044 W2=0x3951,0x758,0x6a6
  r61_witness[05] r61=15 tail=35 gh60=0x4885c9a W1=0x12a,0x1322,0x2a9e W2=0x37,0x3763,0xfa0
  r61_witness[06] r61=16 tail=23 gh60=0x5b89baa W1=0x3dad,0x1ee5,0x596 W2=0x3cba,0xcf8,0x3dbd
  r61_witness[07] r61=16 tail=28 gh60=0xfa0459a W1=0x228a,0x30bf,0x3995 W2=0x2197,0x1d9d,0x1ef3
  r61_witness[08] r61=16 tail=29 gh60=0x4518d6e W1=0x16cf,0x12f9,0xc8 W2=0x15dc,0xc4c,0x274c
  r61_witness[09] r61=16 tail=31 gh60=0x4a085ea W1=0x128d,0x2718,0x14c2 W2=0x119a,0x4b6,0xc1e
  r61_witness[10] r61=16 tail=31 gh60=0x4618ca6 W1=0x1603,0x2b9,0x35a W2=0x1510,0x375,0x81e
  r61_witness[11] r61=16 tail=31 gh60=0x48847ba W1=0x33ba,0x87b,0x2e3 W2=0x32c7,0x93a,0x125f
  r61_witness[12] r61=16 tail=32 gh60=0x5a1859a W1=0x2285,0x3bb8,0x1e6e W2=0x2192,0x28ad,0xf34
  r61_witness[13] r61=16 tail=33 gh60=0xce28cfa W1=0x2719,0x1b9d,0x3203 W2=0x2626,0x3dd4,0x1deb
  r61_witness[14] r61=16 tail=37 gh60=0xc885ca6 W1=0x213c,0x1b4,0xbef W2=0x2049,0x2dc3,0x141f
  r61_witness[15] r61=17 tail=26 gh60=0x3b0c76e W1=0xb60,0x3e7b,0x1976 W2=0xa6d,0x39ae,0x1a3f

Second-stage local refinement
  seed pool: count=128 cap=128
  top seeds: [tail19/r6120 W=0x366,0x13d4,0xa72] [tail22/r6119 W=0x102a,0x2ff8,0x2fcf] [tail22/r6120 W=0xec9,0x1e9b,0x210f] [tail22/r6124 W=0x1052,0x1830,0x70] [tail23/r6116 W=0x128e,0x1872,0x2759] [tail23/r6116 W=0x3dad,0x1ee5,0x596] [tail23/r6117 W=0x30af,0x1616,0xd13] [tail23/r6118 W=0x14a2,0x233,0x3439]
  budget=500000000 tested=500000000 D60=0=31313 collisions=0 seed_inserts=57 prefix_enums=30514
  D60=0 rate: 0.000063
  phase tested/D60=0: single=3108/16 double=63714/16 walk=0/0 prefix=499933178/31281
  min refined D60 HW: 0 d60=0x0 at W1[57..59]=0x366,0x13d4,0xa72
  best refined tail HW: 19 (scan best 19, improvements=0)
  best refined tail W1[57..59]=0x366,0x13d4,0xa72
  best refined tail W2[57..59]=0x273,0x1640,0x1e00
  best refined r61 HW: 11 (scan best 15, improvements=1)
  best refined r61 W1[57..59]=0x3caf,0x1ee5,0x326a
  best refined r61 W2[57..59]=0x3bbc,0x161d,0x17b0

D60=0 fiber histogram: 1:8052 2:4677 3:1856 4:1096 5:409 6:249 7:77 8:76 9:35 10:20 11:8 12:9 13:2 14:6 17:1 19:2
