free_word_mitm_reducedn
N=14 mask=0x3fff msb=0x2000
candidate: M0=0x3d36 mode=random-fallback fill=0x3fff kernel=dM0=dM9=0x2000
prefixes=32768/268435456 mode=permuted-prefix-sample w59_per_prefix=16384 total=536870912
run_mode=scan registry_cap=16
sample_start=8388608
scan_elapsed=18.132s rate=29.61 Mtriples/s

D60 interface
  D60=0 matches: 32310 (random expectation 32768.0, enrichment 0.986x)
  prefixes with D60=0: 16377
  max D60=0 fiber per prefix: 18 at W57=0x1e1c W58=0x3e42
  largest D60 bucket: D=0x98c count=33771
  min D60 HW: 0
  D60 HW histogram: 0:32310 1:457311 2:2976761 3:11909911 4:32778410 5:65587837 6:98425629 7:112496519 8:98461616 9:65611862 10:32771778 11:11897258 12:2975132 13:455795 14:32783

Tail closure among D60=0 matches
  final tail collisions: 0
  best r61 HW: 14
  best r61 W1[57..59]=0x3f82,0xa86,0x2fd5
  best r61 W2[57..59]=0x3e8f,0x3732,0x1299
  best tail HW: 21
  best tail r61 HW: 16
  best W1[57..59]=0x3fbb,0x317c,0x2e2f
  best W2[57..59]=0x3ec8,0x1542,0x2d64

SUMMARY N=14 sample_start=8388608 prefixes=32768 total=536870912 d0=32310 best_tail=21 tail_r61=16 best_r61=14 tail_W1=0x3fbb,0x317c,0x2e2f tail_W2=0x3ec8,0x1542,0x2d64 r61_W1=0x3f82,0xa86,0x2fd5 r61_W2=0x3e8f,0x3732,0x1299

Scan-only witness registry
  registry_count=16 registry_cap=16
  witness[00] tail=21 r61=16 gh60=0xb889fa6 W1=0x3fbb,0x317c,0x2e2f W2=0x3ec8,0x1542,0x2d64
  witness[01] tail=22 r61=19 gh60=0x5a144ee W1=0x1510,0x1cf9,0x1915 W2=0x141d,0x1924,0x20a4
  witness[02] tail=23 r61=18 gh60=0xca0c4fa W1=0xd1a,0x397a,0x219b W2=0xc27,0x2137,0x2227
  witness[03] tail=23 r61=21 gh60=0xd68c5ae W1=0x3270,0x3d9b,0x388a W2=0x317d,0x3154,0x1b59
  witness[04] tail=23 r61=22 gh60=0xd6045fa W1=0x129a,0x772,0x2c6 W2=0x11a7,0x107,0x3a9b
  witness[05] tail=23 r61=23 gh60=0x5a9bcae W1=0xeff,0x150c,0x296f W2=0xe0c,0x245b,0x783
  witness[06] tail=23 r61=24 gh60=0xcaa456a W1=0x3a62,0x19f2,0x392c W2=0x396f,0x32bd,0x6d5
  witness[07] tail=23 r61=28 gh60=0xf7fc4aa W1=0x3b3e,0x3726,0x1b4f W2=0x3a4b,0xf97,0xbe2
  witness[08] tail=24 r61=21 gh60=0x4bdc59e W1=0x3c68,0x90c,0x3264 W2=0x3b75,0x1fda,0x2549
  witness[09] tail=24 r61=24 gh60=0xcaac4a6 W1=0x19f4,0x1139,0x1824 W2=0x1901,0x1d27,0x2682
  witness[10] tail=25 r61=16 gh60=0xc589caa W1=0x3df1,0x2a1,0x206c W2=0x3cfe,0xd24,0x5
  witness[11] tail=25 r61=18 gh60=0x4a244a6 W1=0x1b04,0x205c,0x1904 W2=0x1a11,0x1f5a,0x39e4
  witness[12] tail=25 r61=18 gh60=0xc4d9cba W1=0x3e39,0xc97,0x3c0d W2=0x3d46,0x3316,0x3d6f
  witness[13] tail=25 r61=19 gh60=0xce8cbae W1=0x2980,0x36e8,0x2550 W2=0x288d,0x2b70,0x2239
  witness[14] tail=25 r61=20 gh60=0xca28cfa W1=0x915,0x3fa2,0x17b W2=0x822,0x2015,0x313a
  witness[15] tail=25 r61=20 gh60=0xdf884ae W1=0x24ff,0x12b,0x2def W2=0x240c,0x213b,0x2cf8

Scan-only r61 registry
  registry_count=16 registry_cap=16
  r61_witness[00] r61=14 tail=28 gh60=0x4a084ea W1=0x1411,0x107f,0xee3 W2=0x131e,0x2889,0x9c2
  r61_witness[01] r61=14 tail=28 gh60=0x499c4a6 W1=0x353c,0xa63,0x3618 W2=0x3449,0x6b1,0x2bc1
  r61_witness[02] r61=14 tail=33 gh60=0xc92db66 W1=0x3d54,0x371f,0x3a48 W2=0x3c61,0x390,0x14a1
  r61_witness[03] r61=14 tail=35 gh60=0x4a65faa W1=0x3f82,0xa86,0x2fd5 W2=0x3e8f,0x3732,0x1299
  r61_witness[04] r61=15 tail=27 gh60=0xc50cc9a W1=0x64a,0x18e3,0x2104 W2=0x557,0x22e,0x3b3e
  r61_witness[05] r61=15 tail=33 gh60=0x44985a6 W1=0xcb3,0x37b,0xaa4 W2=0xbc0,0x19c0,0x1ff5
  r61_witness[06] r61=16 tail=21 gh60=0xb889fa6 W1=0x3fbb,0x317c,0x2e2f W2=0x3ec8,0x1542,0x2d64
  r61_witness[07] r61=16 tail=25 gh60=0xc589caa W1=0x3df1,0x2a1,0x206c W2=0x3cfe,0xd24,0x5
  r61_witness[08] r61=16 tail=26 gh60=0x45884aa W1=0x13fd,0x3c63,0x814 W2=0x130a,0x138f,0x203f
  r61_witness[09] r61=16 tail=34 gh60=0xc50856e W1=0x145f,0x3d5b,0xb18 W2=0x136c,0x2c19,0x377b
  r61_witness[10] r61=16 tail=35 gh60=0x7488daa W1=0x28c1,0x29ff,0x117e W2=0x27ce,0x2346,0x2b05
  r61_witness[11] r61=16 tail=36 gh60=0x46085e6 W1=0x2c8b,0x194d,0x1b5a W2=0x2b98,0xe08,0x2914
  r61_witness[12] r61=17 tail=27 gh60=0x560fbfa W1=0xd9a,0x3c87,0x1a12 W2=0xca7,0x204b,0x1366
  r61_witness[13] r61=17 tail=27 gh60=0x36984aa W1=0x1cfd,0xc1f,0x166f W2=0x1c0a,0x208b,0x3f30
  r61_witness[14] r61=17 tail=28 gh60=0x4a385ea W1=0xca1,0x12f3,0x26b9 W2=0xbae,0xe85,0x39a6
  r61_witness[15] r61=17 tail=28 gh60=0xb60bcee W1=0x101f,0x38f9,0x6f7 W2=0xf2c,0x1654,0x2f7

D60=0 fiber histogram: 1:7976 2:4739 3:1715 4:1049 5:421 6:245 7:80 8:87 9:19 10:22 11:10 12:8 13:1 14:4 18:1
