free_word_mitm_reducedn
N=14 mask=0x3fff msb=0x2000
candidate: M0=0x3d36 mode=random-fallback fill=0x3fff kernel=dM0=dM9=0x2000
prefixes=32768/268435456 mode=permuted-prefix-sample w59_per_prefix=16384 total=536870912
run_mode=scan registry_cap=16
sample_start=179666944
scan_elapsed=18.123s rate=29.62 Mtriples/s

D60 interface
  D60=0 matches: 33207 (random expectation 32768.0, enrichment 1.013x)
  prefixes with D60=0: 16575
  max D60=0 fiber per prefix: 22 at W57=0x1380 W58=0x1042
  largest D60 bucket: D=0x2c7d count=33831
  min D60 HW: 0
  D60 HW histogram: 0:33207 1:457166 2:2979305 3:11920085 4:32787197 5:65584163 6:98382447 7:112478424 8:98431003 9:65610886 10:32807203 11:11924749 12:2983941 13:458590 14:32546

Tail closure among D60=0 matches
  final tail collisions: 0
  best r61 HW: 14
  best r61 W1[57..59]=0x65b,0x2105,0x33f1
  best r61 W2[57..59]=0x568,0x3ea3,0x3dd1
  best tail HW: 20
  best tail r61 HW: 22
  best W1[57..59]=0x288,0x319d,0x37da
  best W2[57..59]=0x195,0x369f,0x1a63

SUMMARY N=14 sample_start=179666944 prefixes=32768 total=536870912 d0=33207 best_tail=20 tail_r61=22 best_r61=14 tail_W1=0x288,0x319d,0x37da tail_W2=0x195,0x369f,0x1a63 r61_W1=0x65b,0x2105,0x33f1 r61_W2=0x568,0x3ea3,0x3dd1

Scan-only witness registry
  registry_count=16 registry_cap=16
  witness[00] tail=20 r61=22 gh60=0x7a3459e W1=0x288,0x319d,0x37da W2=0x195,0x369f,0x1a63
  witness[01] tail=22 r61=16 gh60=0x4a6c4a6 W1=0x9f4,0x2fd7,0x2803 W2=0x901,0x2cc5,0x1d4
  witness[02] tail=23 r61=21 gh60=0x770876a W1=0x23e1,0x260,0x2877 W2=0x22ee,0x1b2,0x3154
  witness[03] tail=23 r61=22 gh60=0x498dbaa W1=0x3dae,0x332b,0x686 W2=0x3cbb,0x3533,0x375b
  witness[04] tail=23 r61=23 gh60=0x3f247aa W1=0x3bc2,0x2e9,0x2acf W2=0x3acf,0x546,0x2388
  witness[05] tail=24 r61=17 gh60=0xca6db6a W1=0x3de2,0x251a,0x368d W2=0x3cef,0x176a,0x4d2
  witness[06] tail=24 r61=23 gh60=0xcb37f9a W1=0x2fc6,0x2fdd,0x30a7 W2=0x2ed3,0x1836,0x2f37
  witness[07] tail=25 r61=16 gh60=0x7688daa W1=0x1871,0x3c18,0x30ae W2=0x177e,0x5ff,0x53c
  witness[08] tail=25 r61=17 gh60=0x4e04de6 W1=0x268c,0x376,0x3e36 W2=0x2599,0x1eb1,0x1829
  witness[09] tail=25 r61=17 gh60=0x7e05ce6 W1=0x3e1c,0x1c5,0x263f W2=0x3d29,0x21ca,0x1ad1
  witness[10] tail=25 r61=18 gh60=0xc518d6e W1=0x64f,0xf78,0xb0e W2=0x55c,0x3daf,0x1e7f
  witness[11] tail=25 r61=19 gh60=0x7707d66 W1=0x10dc,0x27c7,0x3012 W2=0xfe9,0x8e4,0x1d3e
  witness[12] tail=25 r61=19 gh60=0xc7884aa W1=0x1bfd,0xf69,0x3cf0 W2=0x1b0a,0x2415,0x34ec
  witness[13] tail=25 r61=20 gh60=0xc617bea W1=0x318e,0x3739,0x29e W2=0x309b,0x210d,0x3471
  witness[14] tail=25 r61=22 gh60=0x4e75f9e W1=0x3f88,0x2b0f,0x1078 W2=0x3e95,0x1e34,0x2ed0
  witness[15] tail=25 r61=23 gh60=0xcf68bba W1=0x15b9,0x3b96,0x302f W2=0x14c6,0xaf1,0x1de7

Scan-only r61 registry
  registry_count=16 registry_cap=16
  r61_witness[00] r61=14 tail=26 gh60=0xd6985aa W1=0x3281,0x39fc,0x1207 W2=0x318e,0x494,0x12ed
  r61_witness[01] r61=14 tail=30 gh60=0x4d08d66 W1=0x65b,0x2105,0x33f1 W2=0x568,0x3ea3,0x3dd1
  r61_witness[02] r61=15 tail=26 gh60=0x460c49a W1=0x1c0a,0x6ff,0x3490 W2=0x1b17,0x3dc3,0x3c58
  r61_witness[03] r61=15 tail=29 gh60=0x450856a W1=0x14cd,0x116e,0xe08 W2=0x13da,0x291c,0x7e
  r61_witness[04] r61=15 tail=31 gh60=0x4e285a6 W1=0x1283,0x2371,0x3141 W2=0x1190,0x2854,0x2c4b
  r61_witness[05] r61=15 tail=35 gh60=0xca35bea W1=0x1d9e,0x2057,0x38d3 W2=0x1cab,0x1fd7,0x2303
  r61_witness[06] r61=15 tail=36 gh60=0x4a88ca6 W1=0x6fb,0x3dfa,0x36bb W2=0x608,0x1a06,0x1abe
  r61_witness[07] r61=15 tail=40 gh60=0x5e2849a W1=0x3c09,0x1b15,0x39b9 W2=0x3b16,0x11ec,0x724
  r61_witness[08] r61=16 tail=22 gh60=0x4a6c4a6 W1=0x9f4,0x2fd7,0x2803 W2=0x901,0x2cc5,0x1d4
  r61_witness[09] r61=16 tail=25 gh60=0x7688daa W1=0x1871,0x3c18,0x30ae W2=0x177e,0x5ff,0x53c
  r61_witness[10] r61=16 tail=27 gh60=0xc98bcaa W1=0x3131,0x275d,0x1ad6 W2=0x303e,0x1e24,0x39b7
  r61_witness[11] r61=16 tail=29 gh60=0x390cb6e W1=0x2560,0x11e7,0x3ac6 W2=0x246d,0x3f3,0x3829
  r61_witness[12] r61=16 tail=31 gh60=0x7a3c49e W1=0x308,0x34aa,0x2fab W2=0x215,0x59c,0xe01
  r61_witness[13] r61=16 tail=31 gh60=0x45844a6 W1=0x342c,0x3cce,0x3051 W2=0x3339,0xa2c,0x1fcd
  r61_witness[14] r61=16 tail=32 gh60=0x4a845a6 W1=0xa6c,0x287f,0xd10 W2=0x979,0x3d33,0x6ac
  r61_witness[15] r61=16 tail=32 gh60=0x55884aa W1=0x31ed,0x26be,0x2990 W2=0x30fa,0x3a7a,0x2bcc

D60=0 fiber histogram: 1:7870 2:4786 3:1870 4:1164 5:399 6:244 7:95 8:76 9:27 10:19 11:8 12:4 13:3 14:5 15:1 17:2 18:1 22:1
