free_word_mitm_reducedn
N=14 mask=0x3fff msb=0x2000
candidate: M0=0x3d36 mode=random-fallback fill=0x3fff kernel=dM0=dM9=0x2000
prefixes=32768/268435456 mode=permuted-prefix-sample w59_per_prefix=16384 total=536870912
run_mode=scan registry_cap=16
sample_start=129335296
scan_elapsed=17.577s rate=30.54 Mtriples/s

D60 interface
  D60=0 matches: 32332 (random expectation 32768.0, enrichment 0.987x)
  prefixes with D60=0: 16483
  max D60=0 fiber per prefix: 15 at W57=0xdf1 W58=0x2b20
  largest D60 bucket: D=0x9ef count=33783
  min D60 HW: 0
  D60 HW histogram: 0:32332 1:455607 2:2976502 3:11917197 4:32803123 5:65616049 6:98442263 7:112479964 8:98403937 9:65584655 10:32774166 11:11917031 12:2975807 13:459663 14:32616

Tail closure among D60=0 matches
  final tail collisions: 0
  best r61 HW: 13
  best r61 W1[57..59]=0xc5c,0x23e9,0x1e74
  best r61 W2[57..59]=0xb69,0x1b29,0xeb4
  best tail HW: 20
  best tail r61 HW: 20
  best W1[57..59]=0x531,0x170a,0x2c22
  best W2[57..59]=0x43e,0x1bca,0xed8

SUMMARY N=14 sample_start=129335296 prefixes=32768 total=536870912 d0=32332 best_tail=20 tail_r61=20 best_r61=13 tail_W1=0x531,0x170a,0x2c22 tail_W2=0x43e,0x1bca,0xed8 r61_W1=0xc5c,0x23e9,0x1e74 r61_W2=0xb69,0x1b29,0xeb4

Scan-only witness registry
  registry_count=16 registry_cap=16
  witness[00] tail=20 r61=20 gh60=0xcf984aa W1=0x531,0x170a,0x2c22 W2=0x43e,0x1bca,0xed8
  witness[01] tail=23 r61=18 gh60=0x4a39bfa W1=0x1d95,0x2828,0x1adb W2=0x1ca2,0x18b3,0x1c43
  witness[02] tail=23 r61=18 gh60=0x56384fa W1=0x3519,0x20ab,0x1826 W2=0x3426,0x19e3,0xacb
  witness[03] tail=23 r61=21 gh60=0x4adcb7a W1=0x3556,0xade,0x1af4 W2=0x3463,0x17e2,0x2f89
  witness[04] tail=23 r61=22 gh60=0x76987a6 W1=0x1373,0x18c1,0xfb4 W2=0x1280,0x1494,0x3d1d
  witness[05] tail=23 r61=23 gh60=0xba68c9e W1=0x707,0x1387,0x2547 W2=0x614,0x1139,0xa8b
  witness[06] tail=23 r61=24 gh60=0x47add6a W1=0x20e2,0x2db2,0x1008 W2=0x1fef,0x34ba,0x4c6
  witness[07] tail=24 r61=14 gh60=0x4b0cd6a W1=0x16ce,0x7ab,0x2df3 W2=0x15db,0x14ff,0x257f
  witness[08] tail=24 r61=23 gh60=0xd9dcdfe W1=0x898,0x1396,0x1c25 W2=0x7a5,0x17d6,0x294a
  witness[09] tail=24 r61=25 gh60=0xcd08d6a W1=0x1861,0x2b4e,0x463 W2=0x176e,0x378d,0x998
  witness[10] tail=25 r61=18 gh60=0xc768cba W1=0x2739,0x23d7,0x3e70 W2=0x2646,0x796,0x455
  witness[11] tail=25 r61=18 gh60=0x489dbae W1=0x3dc0,0x27b3,0x2ba2 W2=0x3ccd,0x20af,0x2325
  witness[12] tail=25 r61=21 gh60=0xce09dea W1=0x208d,0x2c26,0x305a W2=0x1f9a,0x3681,0x2cf6
  witness[13] tail=25 r61=21 gh60=0x7e5bcfa W1=0x2e19,0xd77,0x27d1 W2=0x2d26,0x2a7e,0x15a0
  witness[14] tail=25 r61=23 gh60=0x3e284fa W1=0x3b15,0x269d,0x2a88 W2=0x3a22,0x1f91,0x166b
  witness[15] tail=25 r61=25 gh60=0xcb88cae W1=0x8ff,0x995,0x2db2 W2=0x80c,0x2364,0x284a

Scan-only r61 registry
  registry_count=16 registry_cap=16
  r61_witness[00] r61=13 tail=28 gh60=0xc50c566 W1=0xc5c,0x23e9,0x1e74 W2=0xb69,0x1b29,0xeb4
  r61_witness[01] r61=13 tail=28 gh60=0x468bcae W1=0xeff,0x1a9a,0x3afb W2=0xe0c,0x29e9,0x327b
  r61_witness[02] r61=14 tail=24 gh60=0x4b0cd6a W1=0x16ce,0x7ab,0x2df3 W2=0x15db,0x14ff,0x257f
  r61_witness[03] r61=14 tail=28 gh60=0xd6085ea W1=0x229d,0x3d78,0x85b W2=0x21aa,0x706,0x217
  r61_witness[04] r61=14 tail=29 gh60=0xb9b5cbe W1=0x20f8,0x294d,0x1ced W2=0x2005,0x322d,0x31eb
  r61_witness[05] r61=15 tail=26 gh60=0xb50459a W1=0x32ca,0x3da7,0x2de4 W2=0x31d7,0x3a0d,0x410
  r61_witness[06] r61=15 tail=37 gh60=0x4928ca6 W1=0x743,0xfdb,0x39cc W2=0x650,0xb17,0x2ed3
  r61_witness[07] r61=16 tail=28 gh60=0xbfa4d66 W1=0x16e4,0x3f5b,0x262a W2=0x15f1,0xace,0x3e1a
  r61_witness[08] r61=16 tail=29 gh60=0x49a8ca6 W1=0x28f3,0x3de8,0x16bc W2=0x2800,0x1914,0x2219
  r61_witness[09] r61=16 tail=31 gh60=0x4a88ca6 W1=0x16eb,0x17f6,0x2ced W2=0x15f8,0x412,0x24e4
  r61_witness[10] r61=16 tail=32 gh60=0x4689daa W1=0x1e7d,0x12fe,0x930 W2=0x1d8a,0x2551,0x2960
  r61_witness[11] r61=16 tail=32 gh60=0x4599cba W1=0x3e35,0xee8,0x3103 W2=0x3d42,0x3523,0x3da0
  r61_witness[12] r61=16 tail=33 gh60=0x390477a W1=0x33da,0xcca,0x1547 W2=0x32e7,0x159b,0x39a1
  r61_witness[13] r61=16 tail=34 gh60=0xc4885aa W1=0x3cb1,0x66f,0x36e9 W2=0x3bbe,0x1587,0x1881
  r61_witness[14] r61=16 tail=35 gh60=0x4488caa W1=0x1641,0x91d,0x1a1 W2=0x154e,0x218c,0xa01
  r61_witness[15] r61=16 tail=41 gh60=0x5c885aa W1=0x12bd,0x3c46,0xf49 W2=0x11ca,0x184a,0x306d

D60=0 fiber histogram: 1:8055 2:4701 3:1815 4:1092 5:376 6:227 7:84 8:68 9:24 10:14 11:8 12:10 13:4 14:3 15:2
