free_word_mitm_reducedn
N=14 mask=0x3fff msb=0x2000
candidate: M0=0x3d36 mode=random-fallback fill=0x3fff kernel=dM0=dM9=0x2000
prefixes=32768/268435456 mode=permuted-prefix-sample w59_per_prefix=16384 total=536870912
run_mode=scan registry_cap=16
sample_start=79003648
scan_elapsed=17.469s rate=30.73 Mtriples/s

D60 interface
  D60=0 matches: 32734 (random expectation 32768.0, enrichment 0.999x)
  prefixes with D60=0: 16458
  max D60=0 fiber per prefix: 19 at W57=0x3df9 W58=0x1694
  largest D60 bucket: D=0x12fb count=33849
  min D60 HW: 0
  D60 HW histogram: 0:32734 1:456249 2:2975739 3:11908117 4:32763799 5:65558663 6:98398136 7:112489639 8:98453175 9:65631824 10:32803693 11:11934678 12:2975160 13:456724 14:32582

Tail closure among D60=0 matches
  final tail collisions: 0
  best r61 HW: 14
  best r61 W1[57..59]=0x3d00,0x2915,0xe92
  best r61 W2[57..59]=0x3c0d,0x27a6,0x3dfa
  best tail HW: 21
  best tail r61 HW: 19
  best W1[57..59]=0x2b16,0x3977,0x2c70
  best W2[57..59]=0x2a23,0x2480,0x240

SUMMARY N=14 sample_start=79003648 prefixes=32768 total=536870912 d0=32734 best_tail=21 tail_r61=19 best_r61=14 tail_W1=0x2b16,0x3977,0x2c70 tail_W2=0x2a23,0x2480,0x240 r61_W1=0x3d00,0x2915,0xe92 r61_W2=0x3c0d,0x27a6,0x3dfa

Scan-only witness registry
  registry_count=16 registry_cap=16
  witness[00] tail=21 r61=19 gh60=0xfa544fa W1=0x2b16,0x3977,0x2c70 W2=0x2a23,0x2480,0x240
  witness[01] tail=22 r61=24 gh60=0xb604d9a W1=0x188a,0x950,0x1159 W2=0x1797,0x2f3,0x267b
  witness[02] tail=23 r61=24 gh60=0x59accbe W1=0x738,0x3803,0x1c1 W2=0x645,0x3e3,0x33f7
  witness[03] tail=23 r61=26 gh60=0x5e3cce6 W1=0x1714,0x2e22,0x1fe0 W2=0x1621,0x27d9,0x348f
  witness[04] tail=24 r61=18 gh60=0x4bbbcae W1=0x312f,0xfb4,0x10f2 W2=0x303c,0x169b,0x34e3
  witness[05] tail=24 r61=19 gh60=0xc89c4ba W1=0xd3a,0x20db,0x2916 W2=0xc47,0x80e,0x2cff
  witness[06] tail=24 r61=19 gh60=0x476c49e W1=0x2c28,0x2c2e,0x23ce W2=0x2b35,0x2a64,0x29b3
  witness[07] tail=24 r61=22 gh60=0xcd18d6a W1=0x2851,0x3d74,0x1d2c W2=0x275e,0x3dc3,0x5b3
  witness[08] tail=24 r61=25 gh60=0xf7984ae W1=0x39ef,0x23ca,0x819 W2=0x38fc,0x21ea,0x2609
  witness[09] tail=25 r61=18 gh60=0xd55cd9a W1=0x8c6,0x269f,0x2d7b W2=0x7d3,0x1d6,0x5fb
  witness[10] tail=25 r61=18 gh60=0xca0c4ee W1=0xc20,0x2b95,0xcdd W2=0xb2d,0xb20,0x1e81
  witness[11] tail=25 r61=18 gh60=0x3b284a6 W1=0x1b43,0x37b1,0x8b W2=0x1a50,0x62e,0x759
  witness[12] tail=25 r61=18 gh60=0x5978f6a W1=0x27dd,0xfdf,0x8ba W2=0x26ea,0x3aee,0x2917
  witness[13] tail=25 r61=21 gh60=0x4964ca6 W1=0x944,0x618,0x3480 W2=0x851,0xfd5,0x2d78
  witness[14] tail=25 r61=21 gh60=0xd9abb9a W1=0x11a5,0x2aa9,0x30ba W2=0x10b2,0xd0d,0x1f80
  witness[15] tail=25 r61=24 gh60=0x4e3459a W1=0xa86,0x2b6c,0x15b1 W2=0x993,0x7d0,0xef9

Scan-only r61 registry
  registry_count=16 registry_cap=16
  r61_witness[00] r61=14 tail=29 gh60=0x36b44ae W1=0x3d00,0x2915,0xe92 W2=0x3c0d,0x27a6,0x3dfa
  r61_witness[01] r61=14 tail=31 gh60=0xc604fe6 W1=0x79c,0x18a4,0x1fdd W2=0x6a9,0x63,0x2440
  r61_witness[02] r61=14 tail=31 gh60=0x4a1c4ea W1=0x2d1e,0x44f,0x2ffe W2=0x2c2b,0xdca,0x3426
  r61_witness[03] r61=15 tail=32 gh60=0x4a244e6 W1=0x2514,0xcb4,0x296a W2=0x2421,0x1ba8,0x2c68
  r61_witness[04] r61=15 tail=34 gh60=0x44885aa W1=0x24c1,0x26e6,0x8f W2=0x23ce,0x266e,0x23db
  r61_witness[05] r61=16 tail=27 gh60=0x4e884aa W1=0x1c01,0x1aa6,0x325d W2=0x1b0e,0x2f16,0x3f7e
  r61_witness[06] r61=16 tail=27 gh60=0x448449a W1=0x1c2a,0x30bd,0x2bc W2=0x1b37,0x26c3,0x39fe
  r61_witness[07] r61=16 tail=29 gh60=0xca5fcbe W1=0x10f8,0x672,0x3068 W2=0x1005,0x74e,0x2a88
  r61_witness[08] r61=17 tail=26 gh60=0xce0c4ea W1=0xc1e,0x801,0x2e32 W2=0xb2b,0xfac,0x2e9c
  r61_witness[09] r61=17 tail=26 gh60=0x38984aa W1=0x3d41,0x1e5b,0x14b6 W2=0x3c4e,0x348b,0x3f75
  r61_witness[10] r61=17 tail=28 gh60=0x498c4a6 W1=0x4ec,0x2287,0x2a98 W2=0x3f9,0xf65,0x2e97
  r61_witness[11] r61=17 tail=28 gh60=0x5b684a6 W1=0x3a33,0x2698,0x3760 W2=0x3940,0x2405,0x1f4
  r61_witness[12] r61=17 tail=29 gh60=0xb708d66 W1=0x185b,0xc68,0x2a13 W2=0x1768,0x8a2,0x423
  r61_witness[13] r61=17 tail=30 gh60=0x471cfaa W1=0x17c2,0x38,0x35cb W2=0x16cf,0x3e54,0x25d3
  r61_witness[14] r61=17 tail=31 gh60=0x4e084ee W1=0x50f,0x15b8,0x2376 W2=0x41c,0x32ce,0xfba
  r61_witness[15] r61=17 tail=31 gh60=0xda0cce6 W1=0x191c,0x3ce5,0x296e W2=0x1829,0x3578,0x1154

D60=0 fiber histogram: 1:7894 2:4827 3:1730 4:1123 5:430 6:218 7:78 8:78 9:27 10:20 11:6 12:10 13:8 14:4 16:2 18:2 19:1
