free_word_mitm_reducedn
N=14 mask=0x3fff msb=0x2000
candidate: M0=0x3d36 mode=random-fallback fill=0x3fff kernel=dM0=dM9=0x2000
prefixes=32768/268435456 mode=permuted-prefix-sample w59_per_prefix=16384 total=536870912
run_mode=scan registry_cap=16
sample_start=24182784
scan_elapsed=14.461s rate=37.13 Mtriples/s

D60 interface
  D60=0 matches: 32570 (random expectation 32768.0, enrichment 0.994x)
  prefixes with D60=0: 16464
  max D60=0 fiber per prefix: 19 at W57=0x25bc W58=0x2994
  largest D60 bucket: D=0xb70 count=33796
  min D60 HW: 0
  D60 HW histogram: 0:32570 1:457490 2:2970688 3:11914280 4:32768671 5:65590293 6:98440484 7:112519155 8:98428194 9:65604439 10:32774003 11:11907018 12:2972879 13:458069 14:32679

Tail closure among D60=0 matches
  final tail collisions: 0
  best r61 HW: 15
  best r61 W1[57..59]=0x366b,0x1064,0x31b1
  best r61 W2[57..59]=0x3578,0x38a8,0x2a17
  best tail HW: 19
  best tail r61 HW: 17
  best W1[57..59]=0x2490,0x3fdb,0xe57
  best W2[57..59]=0x239d,0x271a,0x3eb9

SUMMARY N=14 sample_start=24182784 prefixes=32768 total=536870912 d0=32570 best_tail=19 tail_r61=17 best_r61=15 tail_W1=0x2490,0x3fdb,0xe57 tail_W2=0x239d,0x271a,0x3eb9 r61_W1=0x366b,0x1064,0x31b1 r61_W2=0x3578,0x38a8,0x2a17

Scan-only witness registry
  registry_count=16 registry_cap=16
  witness[00] tail=19 r61=17 gh60=0xc6745ee W1=0x2490,0x3fdb,0xe57 W2=0x239d,0x271a,0x3eb9
  witness[01] tail=22 r61=22 gh60=0xfc9c5ba W1=0x32ba,0x264e,0x2fc5 W2=0x31c7,0x216d,0x14fb
  witness[02] tail=23 r61=15 gh60=0x45b8da6 W1=0x366b,0x1064,0x31b1 W2=0x3578,0x38a8,0x2a17
  witness[03] tail=24 r61=17 gh60=0xdb28566 W1=0x1cd3,0x352,0x3364 W2=0x1be0,0x2c8f,0x31df
  witness[04] tail=24 r61=35 gh60=0xbff459a W1=0x12c6,0x31fb,0x3b58 W2=0x11d3,0x1e75,0x10b6
  witness[05] tail=25 r61=16 gh60=0x4c87dba W1=0x10ba,0x1ffb,0x59e W2=0xfc7,0x3c5b,0x664
  witness[06] tail=25 r61=16 gh60=0x4d8ddaa W1=0x20be,0x23d,0x39d4 W2=0x1fcb,0x3e19,0x3abf
  witness[07] tail=25 r61=19 gh60=0x458cdae W1=0x670,0x2086,0x14c9 W2=0x57d,0x93e,0xd38
  witness[08] tail=25 r61=19 gh60=0x4aebc9a W1=0xde9,0x1a41,0x27fe W2=0xcf6,0x2d51,0x20c6
  witness[09] tail=25 r61=20 gh60=0x4499caa W1=0x1e2d,0x3fff,0x2bfc W2=0x1d3a,0x5ba,0x11ab
  witness[10] tail=25 r61=20 gh60=0xce044e6 W1=0x251c,0xc9f,0x1547 W2=0x2429,0x3c75,0x2d70
  witness[11] tail=25 r61=22 gh60=0xc5645aa W1=0x14b2,0x1e52,0x1e17 W2=0x13bf,0x3dff,0x23c3
  witness[12] tail=25 r61=23 gh60=0xd6284fa W1=0x2d19,0x8b9,0x1f29 W2=0x2c26,0x2e71,0x38f5
  witness[13] tail=25 r61=24 gh60=0xdd885a6 W1=0x3a7b,0x2614,0x2766 W2=0x3988,0xac7,0x8f9
  witness[14] tail=25 r61=26 gh60=0xf9b9c9a W1=0x1f25,0x37c9,0x35e3 W2=0x1e32,0x1859,0x28ba
  witness[15] tail=26 r61=17 gh60=0x788bcaa W1=0x2f2d,0x2133,0x163 W2=0x2e3a,0x1a36,0x2d57

Scan-only r61 registry
  registry_count=16 registry_cap=16
  r61_witness[00] r61=15 tail=23 gh60=0x45b8da6 W1=0x366b,0x1064,0x31b1 W2=0x3578,0x38a8,0x2a17
  r61_witness[01] r61=15 tail=27 gh60=0x4887f9a W1=0x2faa,0xee2,0x3351 W2=0x2eb7,0x26ef,0x6ef
  r61_witness[02] r61=15 tail=34 gh60=0xc979b66 W1=0x21d3,0xa52,0x25a W2=0x20e0,0x11c2,0x234a
  r61_witness[03] r61=15 tail=35 gh60=0x4a09fee W1=0x3f9f,0x15fa,0x3c65 W2=0x3eac,0xcb9,0x1195
  r61_witness[04] r61=16 tail=25 gh60=0x4c87dba W1=0x10ba,0x1ffb,0x59e W2=0xfc7,0x3c5b,0x664
  r61_witness[05] r61=16 tail=25 gh60=0x4d8ddaa W1=0x20be,0x23d,0x39d4 W2=0x1fcb,0x3e19,0x3abf
  r61_witness[06] r61=16 tail=28 gh60=0x4c84d9a W1=0x6aa,0x3d31,0x10af W2=0x5b7,0x2c24,0x278d
  r61_witness[07] r61=16 tail=28 gh60=0x4f784a6 W1=0x1aeb,0x164d,0x247a W2=0x19f8,0x628,0x2d5e
  r61_witness[08] r61=16 tail=29 gh60=0x4904c9a W1=0x74a,0x1a26,0x2b6f W2=0x657,0x3f31,0x22e
  r61_witness[09] r61=16 tail=29 gh60=0x5b8bfaa W1=0xfc1,0x327c,0x35e8 W2=0xece,0x2787,0x2148
  r61_witness[10] r61=16 tail=29 gh60=0x4a184a6 W1=0x2203,0x3904,0x1aa3 W2=0x2110,0x26ff,0x263f
  r61_witness[11] r61=16 tail=30 gh60=0x56e44aa W1=0xa42,0x1a39,0x185c W2=0x94f,0x1fce,0xcfd
  r61_witness[12] r61=16 tail=30 gh60=0xce084ea W1=0x221d,0x33f1,0x26a7 W2=0x212a,0x35a7,0xa80
  r61_witness[13] r61=16 tail=34 gh60=0x4905b66 W1=0x1d4c,0x29d9,0x24bf W2=0x1c59,0x2e32,0x1500
  r61_witness[14] r61=16 tail=34 gh60=0xb6045e6 W1=0x228c,0x3455,0x2e30 W2=0x2199,0x90f,0x27f8
  r61_witness[15] r61=16 tail=37 gh60=0x592bf7e W1=0xfd7,0x2e17,0x2de4 W2=0xee4,0x1256,0x15d9

D60=0 fiber histogram: 1:7890 2:4899 3:1739 4:1112 5:351 6:233 7:78 8:75 9:39 10:19 11:9 12:9 13:2 14:2 16:5 17:1 19:1
