free_word_mitm_reducedn
N=14 mask=0x3fff msb=0x2000
candidate: M0=0x3d36 mode=random-fallback fill=0x3fff kernel=dM0=dM9=0x2000
prefixes=32768/268435456 mode=permuted-prefix-sample w59_per_prefix=16384 total=536870912
run_mode=scan registry_cap=16
sample_start=66125824
scan_elapsed=15.277s rate=35.14 Mtriples/s

D60 interface
  D60=0 matches: 32855 (random expectation 32768.0, enrichment 1.003x)
  prefixes with D60=0: 16673
  max D60=0 fiber per prefix: 19 at W57=0x3dcb W58=0xb26
  largest D60 bucket: D=0x136c count=33672
  min D60 HW: 0
  D60 HW histogram: 0:32855 1:461613 2:2988550 3:11940286 4:32827933 5:65639648 6:98449831 7:112464985 8:98381446 9:65554665 10:32763222 11:11901556 12:2974224 13:457279 14:32819

Tail closure among D60=0 matches
  final tail collisions: 0
  best r61 HW: 15
  best r61 W1[57..59]=0x233a,0x186b,0x19ac
  best r61 W2[57..59]=0x2247,0x19e,0x36cc
  best tail HW: 22
  best tail r61 HW: 21
  best W1[57..59]=0x23ce,0x2f94,0x26a5
  best W2[57..59]=0x22db,0x29fb,0x282e

SUMMARY N=14 sample_start=66125824 prefixes=32768 total=536870912 d0=32855 best_tail=22 tail_r61=21 best_r61=15 tail_W1=0x23ce,0x2f94,0x26a5 tail_W2=0x22db,0x29fb,0x282e r61_W1=0x233a,0x186b,0x19ac r61_W2=0x2247,0x19e,0x36cc

Scan-only witness registry
  registry_count=16 registry_cap=16
  witness[00] tail=22 r61=21 gh60=0xdf7c76a W1=0x23ce,0x2f94,0x26a5 W2=0x22db,0x29fb,0x282e
  witness[01] tail=23 r61=19 gh60=0x56f8da6 W1=0x87b,0x12bc,0x3a58 W2=0x788,0x470,0x290a
  witness[02] tail=23 r61=20 gh60=0xb4885ae W1=0x2abf,0x17f2,0x9f4 W2=0x29cc,0x3b9a,0x3486
  witness[03] tail=23 r61=22 gh60=0xce38fea W1=0x2791,0xa32,0x1d13 W2=0x269e,0x6c1,0x933
  witness[04] tail=24 r61=20 gh60=0xca3bce6 W1=0x1113,0x3e9a,0x2b29 W2=0x1020,0xbc2,0x1621
  witness[05] tail=24 r61=20 gh60=0x4a3c5fa W1=0x329a,0x12a5,0x2beb W2=0x31a7,0xe3a,0x1074
  witness[06] tail=24 r61=20 gh60=0x4678ce6 W1=0x3613,0x78f,0x42 W2=0x3520,0x945,0xda4
  witness[07] tail=24 r61=21 gh60=0xf5884aa W1=0xa2d,0x2a3e,0x384d W2=0x93a,0x2efa,0x1203
  witness[08] tail=24 r61=21 gh60=0xce08cea W1=0x2611,0x10b,0x3623 W2=0x251e,0x812,0xdc1
  witness[09] tail=24 r61=22 gh60=0x3a7c4aa W1=0x14ee,0x3091,0x3caa W2=0x13fb,0x892,0x1916
  witness[10] tail=24 r61=22 gh60=0xca37b9a W1=0x3186,0x45,0x1032 W2=0x3093,0x2b6e,0x10a8
  witness[11] tail=24 r61=29 gh60=0xd7f9d6a W1=0x2051,0x3b58,0x28ae W2=0x1f5e,0x3923,0xef2
  witness[12] tail=25 r61=18 gh60=0x4e3849a W1=0x3d05,0x25a2,0x1330 W2=0x3c12,0x1c75,0x1b84
  witness[13] tail=25 r61=22 gh60=0xc9bccae W1=0x2900,0x8da,0x2789 W2=0x280d,0x32aa,0x3cc1
  witness[14] tail=25 r61=22 gh60=0x4f98b9a W1=0x39a5,0x1b1,0x38cb W2=0x38b2,0x3c17,0x1283
  witness[15] tail=25 r61=25 gh60=0xca685a6 W1=0x3283,0x3101,0x3306 W2=0x3190,0x33e4,0x3658

Scan-only r61 registry
  registry_count=16 registry_cap=16
  r61_witness[00] r61=15 tail=40 gh60=0xc8844ba W1=0x233a,0x186b,0x19ac W2=0x2247,0x19e,0x36cc
  r61_witness[01] r61=16 tail=26 gh60=0x46085ee W1=0x149f,0xe00,0x25a3 W2=0x13ac,0x52e,0x2f0f
  r61_witness[02] r61=16 tail=28 gh60=0x4487da6 W1=0x2eac,0x3e5c,0x23eb W2=0x2db9,0x71f,0x294f
  r61_witness[03] r61=16 tail=29 gh60=0xb6085ea W1=0x1a8d,0x26a7,0x2557 W2=0x199a,0x6c5,0x1476
  r61_witness[04] r61=16 tail=29 gh60=0xd6084ea W1=0x2a0d,0xa75,0x2ddd W2=0x291a,0xdb7,0x1271
  r61_witness[05] r61=16 tail=30 gh60=0x4e18dee W1=0x68f,0x227a,0x3a10 W2=0x59c,0x939,0x1d5f
  r61_witness[06] r61=16 tail=30 gh60=0x3a244a6 W1=0x3304,0x21ed,0x2a4 W2=0x3211,0x20e9,0x511
  r61_witness[07] r61=16 tail=35 gh60=0x56984aa W1=0x9fd,0x3b8c,0x37f5 W2=0x90a,0x1b8,0x3210
  r61_witness[08] r61=16 tail=36 gh60=0xd92bb7a W1=0x3159,0x1f1b,0x1fd2 W2=0x3066,0xc1a,0x1577
  r61_witness[09] r61=16 tail=36 gh60=0x490449a W1=0x3b4a,0x15dc,0x3977 W2=0x3a57,0xde4,0x3856
  r61_witness[10] r61=17 tail=27 gh60=0xca09cea W1=0x3f21,0x496,0x291c W2=0x3e2e,0x8bd,0x3446
  r61_witness[11] r61=17 tail=27 gh60=0xc885cba W1=0x3f3a,0xdb9,0x2298 W2=0x3e47,0x33ed,0xc3e
  r61_witness[12] r61=17 tail=28 gh60=0x47885aa W1=0x4ad,0x2031,0x3cd3 W2=0x3ba,0x2cc5,0x1770
  r61_witness[13] r61=17 tail=29 gh60=0x58b8baa W1=0x5ad,0x1e75,0x3566 W2=0x4ba,0xe88,0x4a1
  r61_witness[14] r61=17 tail=29 gh60=0xca185a6 W1=0x1283,0x32f7,0x1e82 W2=0x1190,0x37da,0x1b13
  r61_witness[15] r61=17 tail=30 gh60=0x460fcea W1=0x311e,0x187c,0xce8 W2=0x302b,0xff0,0x2e26

D60=0 fiber histogram: 1:8069 2:4798 3:1838 4:1143 5:403 6:201 7:73 8:81 9:23 10:21 11:4 12:7 13:4 14:2 15:2 16:2 18:1 19:1
