free_word_mitm_reducedn
N=14 mask=0x3fff msb=0x2000
candidate: M0=0x3d36 mode=random-fallback fill=0x3fff kernel=dM0=dM9=0x2000
prefixes=32768/268435456 mode=permuted-prefix-sample w59_per_prefix=16384 total=536870912
run_mode=scan registry_cap=16
sample_start=267452416
scan_elapsed=11.001s rate=48.80 Mtriples/s

D60 interface
  D60=0 matches: 32847 (random expectation 32768.0, enrichment 1.002x)
  prefixes with D60=0: 16592
  max D60=0 fiber per prefix: 16 at W57=0x9f3 W58=0x17e
  largest D60 bucket: D=0xea4 count=33690
  min D60 HW: 0
  D60 HW histogram: 0:32847 1:457807 2:2982948 3:11918589 4:32802048 5:65631127 6:98442238 7:112489893 8:98405517 9:65553310 10:32776761 11:11913980 12:2972910 13:458189 14:32748

Tail closure among D60=0 matches
  final tail collisions: 0
  best r61 HW: 12
  best r61 W1[57..59]=0x1461,0x2203,0x113a
  best r61 W2[57..59]=0x136e,0x3081,0x3a6f
  best tail HW: 19
  best tail r61 HW: 19
  best W1[57..59]=0x3096,0x3b0a,0x8b4
  best W2[57..59]=0x2fa3,0x1f2,0x4e0

SUMMARY N=14 sample_start=267452416 prefixes=32768 total=536870912 d0=32847 best_tail=19 tail_r61=19 best_r61=12 tail_W1=0x3096,0x3b0a,0x8b4 tail_W2=0x2fa3,0x1f2,0x4e0 r61_W1=0x1461,0x2203,0x113a r61_W2=0x136e,0x3081,0x3a6f

Scan-only witness registry
  registry_count=16 registry_cap=16
  witness[00] tail=19 r61=19 gh60=0xd7d7dfa W1=0x3096,0x3b0a,0x8b4 W2=0x2fa3,0x1f2,0x4e0
  witness[01] tail=20 r61=20 gh60=0xfa64baa W1=0x1582,0x33cf,0x1bb1 W2=0x148f,0x34bb,0x3cd8
  witness[02] tail=22 r61=18 gh60=0xca1fce6 W1=0x2f0c,0x1396,0x22fd W2=0x2e19,0xcb7,0x163d
  witness[03] tail=22 r61=19 gh60=0xca0fde6 W1=0xe8c,0xe94,0x601 W2=0xd99,0x11cd,0x3f
  witness[04] tail=23 r61=18 gh60=0xce15dea W1=0x3e9e,0x2401,0x3e63 W2=0x3dab,0x2451,0x1db6
  witness[05] tail=23 r61=19 gh60=0xca884a6 W1=0x3beb,0x1886,0x1e5a W2=0x3af8,0x1861,0x3449
  witness[06] tail=23 r61=21 gh60=0x5efc59e W1=0x1468,0x36b3,0x45d W2=0x1375,0xcfb,0x31a1
  witness[07] tail=24 r61=17 gh60=0xc927b6a W1=0x2d52,0x31af,0x61e W2=0x2c5f,0x11f3,0x1d74
  witness[08] tail=24 r61=18 gh60=0x4b1bf6a W1=0xf61,0x132d,0x3c1f W2=0xe6e,0x3c,0x1f36
  witness[09] tail=24 r61=19 gh60=0x4bac4e6 W1=0x2224,0x1277,0x427 W2=0x2131,0xfef,0x3cab
  witness[10] tail=24 r61=22 gh60=0xfb24b66 W1=0x3954,0x2f77,0x2f70 W2=0x3861,0x966,0x391
  witness[11] tail=25 r61=17 gh60=0x4b9859a W1=0xc65,0x13c8,0x3060 W2=0xb72,0x27d,0x2c07
  witness[12] tail=25 r61=21 gh60=0x4b6ff6a W1=0x2fd2,0x391a,0x296 W2=0x2edf,0x183e,0x324d
  witness[13] tail=25 r61=23 gh60=0x3b884aa W1=0x24f1,0x1109,0x3fcb W2=0x23fe,0x1849,0x2cc9
  witness[14] tail=25 r61=23 gh60=0xfaa7ca6 W1=0x2ef4,0x3c3d,0xca9 W2=0x2e01,0x15ec,0x3d55
  witness[15] tail=25 r61=23 gh60=0x54f859a W1=0x3aa5,0x2ff5,0x2b90 W2=0x39b2,0x2b9a,0x585

Scan-only r61 registry
  registry_count=16 registry_cap=16
  r61_witness[00] r61=12 tail=27 gh60=0xc50856a W1=0x1461,0x2203,0x113a W2=0x136e,0x3081,0x3a6f
  r61_witness[01] r61=13 tail=26 gh60=0x450856e W1=0x245f,0x1d74,0x17fd W2=0x236c,0x12e,0x270b
  r61_witness[02] r61=14 tail=28 gh60=0x4ae8c9a W1=0x2905,0x2de1,0x1115 W2=0x2812,0xfa7,0x73b
  r61_witness[03] r61=15 tail=27 gh60=0x36044e6 W1=0x51c,0x1095,0x30e6 W2=0x429,0x26b,0x1c2e
  r61_witness[04] r61=15 tail=38 gh60=0xca09bea W1=0x1d91,0x245c,0x2b5f W2=0x1c9e,0x252b,0x36e9
  r61_witness[05] r61=16 tail=26 gh60=0x5ad449a W1=0x3c06,0x152,0x11a3 W2=0x3b13,0x386a,0x1993
  r61_witness[06] r61=16 tail=30 gh60=0x4f0856a W1=0xc61,0x108b,0x1272 W2=0xb6e,0xb8d,0x335e
  r61_witness[07] r61=16 tail=33 gh60=0xc605fe6 W1=0x1f9c,0xa7,0x108f W2=0x1ea9,0x26e4,0x90
  r61_witness[08] r61=16 tail=34 gh60=0x390449a W1=0xb4a,0x24e2,0x24fe W2=0xa57,0xcee,0x194
  r61_witness[09] r61=16 tail=36 gh60=0xc888fae W1=0x7bf,0x35b,0x1588 W2=0x6cc,0x38a2,0x21a2
  r61_witness[10] r61=16 tail=36 gh60=0xda14bee W1=0x9a0,0x1bb0,0x3aad W2=0x8ad,0x1234,0x39c8
  r61_witness[11] r61=16 tail=39 gh60=0xdf89dae W1=0x1e7f,0x3603,0x43f W2=0x1d8c,0x203a,0x5ce
  r61_witness[12] r61=17 tail=24 gh60=0xc927b6a W1=0x2d52,0x31af,0x61e W2=0x2c5f,0x11f3,0x1d74
  r61_witness[13] r61=17 tail=25 gh60=0x4b9859a W1=0xc65,0x13c8,0x3060 W2=0xb72,0x27d,0x2c07
  r61_witness[14] r61=17 tail=26 gh60=0x550459a W1=0x2aca,0x23ca,0xdf9 W2=0x29d7,0xfbe,0x1290
  r61_witness[15] r61=17 tail=27 gh60=0xc684da6 W1=0x266c,0x1d53,0x19db W2=0x2579,0x3688,0x2537

D60=0 fiber histogram: 1:8018 2:4776 3:1785 4:1134 5:426 6:221 7:97 8:69 9:25 10:14 11:11 12:8 13:2 14:2 15:1 16:3
