free_word_mitm_reducedn
N=14 mask=0x3fff msb=0x2000
candidate: M0=0x3d36 mode=random-fallback fill=0x3fff kernel=dM0=dM9=0x2000
prefixes=32768/268435456 mode=permuted-prefix-sample w59_per_prefix=16384 total=536870912
run_mode=scan registry_cap=16
sample_start=225509376
scan_elapsed=15.511s rate=34.61 Mtriples/s

D60 interface
  D60=0 matches: 32719 (random expectation 32768.0, enrichment 0.999x)
  prefixes with D60=0: 16604
  max D60=0 fiber per prefix: 22 at W57=0x305d W58=0x214
  largest D60 bucket: D=0x1936 count=33697
  min D60 HW: 0
  D60 HW histogram: 0:32719 1:458758 2:2970357 3:11896028 4:32752157 5:65587739 6:98441511 7:112509709 8:98457729 9:65614477 10:32783760 11:11903700 12:2972006 13:457636 14:32626

Tail closure among D60=0 matches
  final tail collisions: 0
  best r61 HW: 14
  best r61 W1[57..59]=0x175f,0x2f11,0x304c
  best r61 W2[57..59]=0x166c,0x2f40,0x262e
  best tail HW: 21
  best tail r61 HW: 21
  best W1[57..59]=0x1729,0x198e,0x1200
  best W2[57..59]=0x1636,0xe60,0xbb0

SUMMARY N=14 sample_start=225509376 prefixes=32768 total=536870912 d0=32719 best_tail=21 tail_r61=21 best_r61=14 tail_W1=0x1729,0x198e,0x1200 tail_W2=0x1636,0xe60,0xbb0 r61_W1=0x175f,0x2f11,0x304c r61_W2=0x166c,0x2f40,0x262e

Scan-only witness registry
  registry_count=16 registry_cap=16
  witness[00] tail=21 r61=21 gh60=0x4958c9a W1=0x1729,0x198e,0x1200 W2=0x1636,0xe60,0xbb0
  witness[01] tail=22 r61=21 gh60=0xc9e8b9a W1=0x1569,0x1c97,0x337c W2=0x1476,0x2e6d,0x154b
  witness[02] tail=23 r61=26 gh60=0x4e385e6 W1=0x2293,0x3cf0,0x1aac W2=0x21a0,0x2dbb,0xec4
  witness[03] tail=23 r61=29 gh60=0x5d89caa W1=0x3df1,0x31b5,0x34 W2=0x3cfe,0x3c38,0x3abf
  witness[04] tail=24 r61=20 gh60=0xc9e879a W1=0x365,0x2e21,0x136f W2=0x272,0x2078,0xbcb
  witness[05] tail=24 r61=20 gh60=0xc894baa W1=0x5be,0x3b33,0x1e23 W2=0x4cb,0x3b2b,0xb4f
  witness[06] tail=24 r61=20 gh60=0x5e1bdee W1=0xe9f,0x1ee6,0x1a18 W2=0xdac,0x3211,0x1d9e
  witness[07] tail=24 r61=27 gh60=0xfb6cb9e W1=0x5c8,0x2541,0xaca W2=0x4d5,0x1d98,0x30f2
  witness[08] tail=25 r61=19 gh60=0x4738d66 W1=0x16db,0x309d,0x2fe2 W2=0x15e8,0x1b5f,0x9ef
  witness[09] tail=25 r61=19 gh60=0xca89da6 W1=0x1e6b,0xbfc,0x273e W2=0x1d78,0x2642,0x3eb6
  witness[10] tail=25 r61=21 gh60=0x450856a W1=0xc4d,0x2a6f,0x3dc5 W2=0xb5a,0x3481,0x1143
  witness[11] tail=25 r61=21 gh60=0xf898cae W1=0x193f,0x1987,0x3f77 W2=0x184c,0x3d6,0x2a3a
  witness[12] tail=25 r61=21 gh60=0x5a1fce6 W1=0x2f0c,0x196,0x1a3f W2=0x2e19,0x3ab7,0x277f
  witness[13] tail=25 r61=21 gh60=0xb56857a W1=0x3255,0x3c0d,0x115 W2=0x3162,0x333d,0x1e7
  witness[14] tail=25 r61=21 gh60=0xcb08766 W1=0x334b,0x142e,0x1dac W2=0x3258,0x11eb,0x38c4
  witness[15] tail=25 r61=22 gh60=0x4b3fd7a W1=0x3056,0x2979,0x2fcb W2=0x2f63,0x33c9,0xc8e

Scan-only r61 registry
  registry_count=16 registry_cap=16
  r61_witness[00] r61=14 tail=32 gh60=0xd908f6e W1=0x175f,0x2f11,0x304c W2=0x166c,0x2f40,0x262e
  r61_witness[01] r61=15 tail=30 gh60=0x4508566 W1=0x1cdb,0x39cc,0x105a W2=0x1be8,0x1ef,0xefb
  r61_witness[02] r61=15 tail=30 gh60=0x4729f7e W1=0x1f57,0x3dfa,0x2dcd W2=0x1e64,0x3039,0x2ac1
  r61_witness[03] r61=15 tail=31 gh60=0xba2ccfe W1=0x1818,0x20ea,0x129a W2=0x1725,0x2942,0x124
  r61_witness[04] r61=15 tail=31 gh60=0x49644aa W1=0x3d42,0x2dd5,0x2f2b W2=0x3c4f,0x42a,0x1cbd
  r61_witness[05] r61=16 tail=27 gh60=0x5a8c5aa W1=0x326e,0x91b,0x29b6 W2=0x317b,0x14b4,0xb1b
  r61_witness[06] r61=16 tail=30 gh60=0x4e0bbea W1=0x119d,0x5ca,0x1076 W2=0x10aa,0x2481,0x2702
  r61_witness[07] r61=16 tail=31 gh60=0xcb0cb66 W1=0x54c,0x2d47,0x3c63 W2=0x459,0x372a,0x2507
  r61_witness[08] r61=16 tail=31 gh60=0x388bbaa W1=0x2dbd,0x20c1,0x1811 W2=0x2cca,0x3dc0,0x4c3
  r61_witness[09] r61=16 tail=32 gh60=0xca0cc9a W1=0x190a,0x31e3,0x1aba W2=0x1817,0x2366,0x1c3e
  r61_witness[10] r61=16 tail=34 gh60=0x488cbba W1=0x19ba,0x1fb7,0x332c W2=0x18c7,0x1bb7,0x2eb1
  r61_witness[11] r61=16 tail=34 gh60=0x4a045e6 W1=0x1a8c,0x16c8,0x2953 W2=0x1999,0x3a88,0x3ee2
  r61_witness[12] r61=16 tail=35 gh60=0x4a09cea W1=0x1e1d,0x1f20,0x250c W2=0x1d2a,0x2753,0x4b8
  r61_witness[13] r61=16 tail=38 gh60=0x4508566 W1=0x1cdb,0x39cc,0x185a W2=0x1be8,0x1ef,0x16fb
  r61_witness[14] r61=17 tail=26 gh60=0x5a844ba W1=0x2afa,0x852,0x296c W2=0x2a07,0x2f89,0x1de2
  r61_witness[15] r61=17 tail=27 gh60=0x5e045e6 W1=0x348c,0xba3,0xfc6 W2=0x3399,0x1161,0x17d7

D60=0 fiber histogram: 1:7991 2:4867 3:1856 4:1045 5:389 6:221 7:94 8:73 9:25 10:16 11:10 12:5 13:5 14:3 15:1 16:1 18:1 22:1
