free_word_mitm_reducedn
N=14 mask=0x3fff msb=0x2000
candidate: M0=0x3d36 mode=random-fallback fill=0x3fff kernel=dM0=dM9=0x2000
prefixes=32768/268435456 mode=permuted-prefix-sample w59_per_prefix=16384 total=536870912
run_mode=scan registry_cap=16
sample_start=187400192
scan_elapsed=20.265s rate=26.49 Mtriples/s

D60 interface
  D60=0 matches: 32377 (random expectation 32768.0, enrichment 0.988x)
  prefixes with D60=0: 16388
  max D60=0 fiber per prefix: 16 at W57=0x3f21 W58=0x3bc8
  largest D60 bucket: D=0x2eda count=33929
  min D60 HW: 0
  D60 HW histogram: 0:32377 1:457016 2:2972882 3:11903052 4:32748670 5:65552575 6:98398068 7:112517089 8:98475250 9:65628168 10:32799713 11:11921496 12:2975685 13:456243 14:32628

Tail closure among D60=0 matches
  final tail collisions: 0
  best r61 HW: 14
  best r61 W1[57..59]=0x6b1,0x1efe,0x2fbe
  best r61 W2[57..59]=0x5be,0x1f55,0x2c09
  best tail HW: 21
  best tail r61 HW: 18
  best W1[57..59]=0x3436,0x29a9,0xf50
  best W2[57..59]=0x3343,0x1e6c,0x20c5

SUMMARY N=14 sample_start=187400192 prefixes=32768 total=536870912 d0=32377 best_tail=21 tail_r61=18 best_r61=14 tail_W1=0x3436,0x29a9,0xf50 tail_W2=0x3343,0x1e6c,0x20c5 r61_W1=0x6b1,0x1efe,0x2fbe r61_W2=0x5be,0x1f55,0x2c09

Scan-only witness registry
  registry_count=16 registry_cap=16
  witness[00] tail=21 r61=18 gh60=0xcbb44ba W1=0x3436,0x29a9,0xf50 W2=0x3343,0x1e6c,0x20c5
  witness[01] tail=22 r61=19 gh60=0x4e99faa W1=0x3f6d,0xce6,0x3bab W2=0x3e7a,0x3d6d,0x1919
  witness[02] tail=22 r61=20 gh60=0xbe79fa6 W1=0x1f73,0x31c2,0x10b5 W2=0x1e80,0x1a18,0x3565
  witness[03] tail=23 r61=22 gh60=0x498bbaa W1=0xd81,0x3baa,0x1fd2 W2=0xc8e,0x2f69,0x3068
  witness[04] tail=24 r61=15 gh60=0x4685da6 W1=0x3e7c,0x29cc,0x1cd4 W2=0x3d89,0x3fef,0x1cee
  witness[05] tail=24 r61=17 gh60=0xc888baa W1=0x39ad,0x3f5d,0x26ea W2=0x38ba,0x3bb0,0x1d80
  witness[06] tail=24 r61=21 gh60=0xb909b6a W1=0x1cd,0x2ea9,0x38b4 W2=0xda,0x1de0,0x3668
  witness[07] tail=24 r61=21 gh60=0xc7bfcba W1=0xdfa,0x261c,0x24ec W2=0xd07,0x3d0c,0x2fc
  witness[08] tail=24 r61=22 gh60=0xc53fd6a W1=0xece,0x3cd6,0x174 W2=0xddb,0x2ba6,0x23f5
  witness[09] tail=24 r61=23 gh60=0x7b3477a W1=0x1bd6,0x1fb3,0x3b45 W2=0x1ae3,0x3098,0x2f12
  witness[10] tail=24 r61=26 gh60=0x471cf6a W1=0x27ce,0x2b97,0x1e2d W2=0x26db,0x23bf,0x3e3f
  witness[11] tail=25 r61=15 gh60=0xc479ca6 W1=0x3e2b,0x23a7,0xe9f W2=0x3d38,0x3141,0x1936
  witness[12] tail=25 r61=19 gh60=0xca78dae W1=0x66f,0x3bd9,0x1f0e W2=0x57c,0x24a0,0x1c5e
  witness[13] tail=25 r61=19 gh60=0xdaec59a W1=0x1a66,0x2b56,0xd8e W2=0x1973,0x177c,0x232a
  witness[14] tail=25 r61=24 gh60=0xc5bfd9e W1=0x2ea8,0x3251,0x3221 W2=0x2db5,0x2caa,0x2235
  witness[15] tail=25 r61=25 gh60=0xcaffdba W1=0x2e76,0x23f6,0xd9f W2=0x2d83,0x30ca,0x26b1

Scan-only r61 registry
  registry_count=16 registry_cap=16
  r61_witness[00] r61=14 tail=29 gh60=0x4498daa W1=0x6b1,0x1efe,0x2fbe W2=0x5be,0x1f55,0x2c09
  r61_witness[01] r61=14 tail=33 gh60=0x4a085ea W1=0x1a8d,0x21c4,0x9df W2=0x199a,0x1e2,0x3980
  r61_witness[02] r61=15 tail=24 gh60=0x4685da6 W1=0x3e7c,0x29cc,0x1cd4 W2=0x3d89,0x3fef,0x1cee
  r61_witness[03] r61=15 tail=25 gh60=0xc479ca6 W1=0x3e2b,0x23a7,0xe9f W2=0x3d38,0x3141,0x1936
  r61_witness[04] r61=15 tail=29 gh60=0x5b0fb6a W1=0x314e,0x3e60,0x1241 W2=0x305b,0x2ba0,0xea5
  r61_witness[05] r61=15 tail=31 gh60=0x3e547fa W1=0xb96,0x3947,0x19ba W2=0xaa3,0x3c98,0x10aa
  r61_witness[06] r61=16 tail=31 gh60=0x4a187e6 W1=0x38b,0x13cd,0x12ea W2=0x298,0x3d16,0x3503
  r61_witness[07] r61=16 tail=32 gh60=0x56284fa W1=0x315,0x3ace,0x1c51 W2=0x222,0x2242,0x16d9
  r61_witness[08] r61=16 tail=33 gh60=0x490db7a W1=0x15a,0x2ef3,0x5b3 W2=0x67,0x16ef,0x12f9
  r61_witness[09] r61=16 tail=33 gh60=0x4cb5cae W1=0x1e40,0x2798,0x2a48 W2=0x1d4d,0x96c,0xf23
  r61_witness[10] r61=16 tail=33 gh60=0xc988ca6 W1=0x292b,0x3da2,0x21db W2=0x2838,0x37be,0x25b2
  r61_witness[11] r61=16 tail=36 gh60=0x49e8cba W1=0x18f9,0x86c,0x1003 W2=0x1806,0x3aab,0x36da
  r61_witness[12] r61=17 tail=24 gh60=0xc888baa W1=0x39ad,0x3f5d,0x26ea W2=0x38ba,0x3bb0,0x1d80
  r61_witness[13] r61=17 tail=30 gh60=0xca0bcea W1=0x3121,0x250c,0x189f W2=0x302e,0x1c2f,0x3e7d
  r61_witness[14] r61=17 tail=31 gh60=0x5e37cfe W1=0xe18,0x2446,0x294d W2=0xd25,0x1726,0x32fd
  r61_witness[15] r61=17 tail=32 gh60=0xcb28b7a W1=0x1955,0x267e,0x2b0c W2=0x1862,0x24b5,0x2583

D60=0 fiber histogram: 1:7863 2:4814 3:1752 4:1120 5:391 6:233 7:84 8:63 9:29 10:17 11:6 12:7 13:4 14:4 16:1
