free_word_mitm_reducedn
N=14 mask=0x3fff msb=0x2000
candidate: M0=0x3d36 mode=random-fallback fill=0x3fff kernel=dM0=dM9=0x2000
prefixes=32768/268435456 mode=permuted-prefix-sample w59_per_prefix=16384 total=536870912
run_mode=scan registry_cap=16
sample_start=153681920
scan_elapsed=15.421s rate=34.81 Mtriples/s

D60 interface
  D60=0 matches: 32593 (random expectation 32768.0, enrichment 0.995x)
  prefixes with D60=0: 16502
  max D60=0 fiber per prefix: 26 at W57=0xe63 W58=0x3af2
  largest D60 bucket: D=0xd6e count=33833
  min D60 HW: 0
  D60 HW histogram: 0:32593 1:455493 2:2973122 3:11910217 4:32780574 5:65603320 6:98422100 7:112485359 8:98429341 9:65613783 10:32787742 11:11915942 12:2973686 13:455290 14:32350

Tail closure among D60=0 matches
  final tail collisions: 0
  best r61 HW: 13
  best r61 W1[57..59]=0x2e4b,0x21a3,0x206
  best r61 W2[57..59]=0x2d58,0x2a4f,0x166f
  best tail HW: 23
  best tail r61 HW: 26
  best W1[57..59]=0x3087,0x2640,0x1239
  best W2[57..59]=0x2f94,0x1b58,0xff6

SUMMARY N=14 sample_start=153681920 prefixes=32768 total=536870912 d0=32593 best_tail=23 tail_r61=26 best_r61=13 tail_W1=0x3087,0x2640,0x1239 tail_W2=0x2f94,0x1b58,0xff6 r61_W1=0x2e4b,0x21a3,0x206 r61_W2=0x2d58,0x2a4f,0x166f

Scan-only witness registry
  registry_count=16 registry_cap=16
  witness[00] tail=23 r61=26 gh60=0xdedbd9e W1=0x3087,0x2640,0x1239 W2=0x2f94,0x1b58,0xff6
  witness[01] tail=24 r61=19 gh60=0x4e884ae W1=0x31ef,0x1423,0x385f W2=0x30fc,0xfc3,0x5a4
  witness[02] tail=24 r61=22 gh60=0x5e2c49a W1=0xc06,0x2aa3,0xeb8 W2=0xb13,0x11b7,0x1f3
  witness[03] tail=24 r61=26 gh60=0xc73cf6a W1=0x75e,0x3a8d,0x560 W2=0x66b,0x31a1,0x236f
  witness[04] tail=24 r61=27 gh60=0xfa28dfa W1=0x2895,0x213,0x153f W2=0x27a2,0x2a6e,0x79c
  witness[05] tail=25 r61=18 gh60=0xc52859a W1=0x2cc5,0x3d6c,0xda W2=0x2bd2,0x2bd7,0x3e16
  witness[06] tail=25 r61=21 gh60=0xcb88caa W1=0x801,0x2ce0,0xaa6 W2=0x70e,0x2ecf,0x2631
  witness[07] tail=25 r61=21 gh60=0xdbe44aa W1=0xa42,0x2299,0x116b W2=0x94f,0x282e,0x211e
  witness[08] tail=25 r61=22 gh60=0xdee7fe6 W1=0xf94,0x2188,0xc9e W2=0xea1,0x32e1,0x1043
  witness[09] tail=25 r61=24 gh60=0xd89bca6 W1=0x2f2b,0x9ea,0x2174 W2=0x2e38,0x128c,0x90c
  witness[10] tail=25 r61=24 gh60=0xca1ccea W1=0x380e,0x95b,0x34f3 W2=0x371b,0x1917,0x285b
  witness[11] tail=25 r61=25 gh60=0x7ebbdba W1=0xe75,0x2f65,0x10c5 W2=0xd82,0x124c,0x3101
  witness[12] tail=25 r61=25 gh60=0xd68ccba W1=0x17fa,0x3735,0xcb0 W2=0x1707,0x29a9,0x33f9
  witness[13] tail=26 r61=16 gh60=0xc63849a W1=0x1c09,0x1b1b,0x29cd W2=0x1b16,0x11ea,0x1b50
  witness[14] tail=26 r61=17 gh60=0xcb0876e W1=0x1b5f,0x102d,0x176a W2=0x1a6c,0x145b,0x3334
  witness[15] tail=26 r61=17 gh60=0xdd04566 W1=0x3acc,0x30ae,0x3332 W2=0x39d9,0x11f6,0x21d3

Scan-only r61 registry
  registry_count=16 registry_cap=16
  r61_witness[00] r61=13 tail=34 gh60=0xcd0bd66 W1=0x2e4b,0x21a3,0x206 W2=0x2d58,0x2a4f,0x166f
  r61_witness[01] r61=14 tail=30 gh60=0xd90c76e W1=0x1360,0x346a,0x25c6 W2=0x126d,0x3a99,0x2de8
  r61_witness[02] r61=14 tail=30 gh60=0x4c844a6 W1=0x1c3c,0x1f2b,0x188d W2=0x1b49,0x2b77,0x3e9f
  r61_witness[03] r61=15 tail=32 gh60=0xca08ce6 W1=0x290b,0x1b12,0x1e29 W2=0x2818,0x13a4,0x8f0
  r61_witness[04] r61=15 tail=35 gh60=0x4a885a6 W1=0x326b,0xc1d,0x3c7d W2=0x3178,0x2fe2,0x2b90
  r61_witness[05] r61=16 tail=26 gh60=0xc63849a W1=0x1c09,0x1b1b,0x29cd W2=0x1b16,0x11ea,0x1b50
  r61_witness[06] r61=16 tail=28 gh60=0xc889bae W1=0x1af,0x3398,0xd52 W2=0xbc,0x24af,0x38e6
  r61_witness[07] r61=16 tail=29 gh60=0x491cb6e W1=0x39e0,0x29b,0x28b8 W2=0x38ed,0x4ab,0x1eac
  r61_witness[08] r61=16 tail=31 gh60=0x48844a6 W1=0x53c,0x34c8,0x22da W2=0x449,0x2216,0x2e78
  r61_witness[09] r61=16 tail=32 gh60=0xc91dcaa W1=0x142,0x12dd,0x2026 W2=0x4f,0x16b5,0x94e
  r61_witness[10] r61=16 tail=32 gh60=0x4918f66 W1=0x1753,0x1a5,0x1f17 W2=0x1660,0x30eb,0x1ad2
  r61_witness[11] r61=16 tail=32 gh60=0xd91bf66 W1=0x2fdb,0x37be,0x31f3 W2=0x2ee8,0xe6a,0x1dfd
  r61_witness[12] r61=16 tail=33 gh60=0x46d849a W1=0x23e9,0xad5,0x2834 W2=0x22f6,0x30e8,0x3e6d
  r61_witness[13] r61=16 tail=36 gh60=0xb50449a W1=0x24a,0x1f71,0x919 W2=0x157,0x3bb,0x2873
  r61_witness[14] r61=16 tail=40 gh60=0xc624fe6 W1=0x794,0x13fb,0x2670 W2=0x6a1,0x3cd6,0x3e94
  r61_witness[15] r61=17 tail=26 gh60=0xcb0876e W1=0x1b5f,0x102d,0x176a W2=0x1a6c,0x145b,0x3334

D60=0 fiber histogram: 1:7975 2:4725 3:1796 4:1180 5:397 6:201 7:91 8:87 9:21 10:17 11:4 12:1 13:2 14:1 16:1 17:1 22:1 26:1
