free_word_mitm_reducedn
N=14 mask=0x3fff msb=0x2000
candidate: M0=0x3d36 mode=random-fallback fill=0x3fff kernel=dM0=dM9=0x2000
prefixes=32768/268435456 mode=permuted-prefix-sample w59_per_prefix=16384 total=536870912
run_mode=scan registry_cap=16
sample_start=136904704
scan_elapsed=15.540s rate=34.55 Mtriples/s

D60 interface
  D60=0 matches: 32300 (random expectation 32768.0, enrichment 0.986x)
  prefixes with D60=0: 16439
  max D60=0 fiber per prefix: 19 at W57=0x5c9 W58=0x1f56
  largest D60 bucket: D=0x2bd4 count=33961
  min D60 HW: 0
  D60 HW histogram: 0:32300 1:456685 2:2972166 3:11896933 4:32762693 5:65577836 6:98448240 7:112543960 8:98442770 9:65591779 10:32772232 11:11907674 12:2975425 13:457809 14:32410

Tail closure among D60=0 matches
  final tail collisions: 0
  best r61 HW: 15
  best r61 W1[57..59]=0x2bc,0x1d48,0x1818
  best r61 W2[57..59]=0x1c9,0x307e,0x2d8a
  best tail HW: 22
  best tail r61 HW: 16
  best W1[57..59]=0xe49,0x2c05,0x2fe1
  best W2[57..59]=0xd56,0x2d5,0xb17

SUMMARY N=14 sample_start=136904704 prefixes=32768 total=536870912 d0=32300 best_tail=22 tail_r61=16 best_r61=15 tail_W1=0xe49,0x2c05,0x2fe1 tail_W2=0xd56,0x2d5,0xb17 r61_W1=0x2bc,0x1d48,0x1818 r61_W2=0x1c9,0x307e,0x2d8a

Scan-only witness registry
  registry_count=16 registry_cap=16
  witness[00] tail=22 r61=16 gh60=0x472bc9a W1=0xe49,0x2c05,0x2fe1 W2=0xd56,0x2d5,0xb17
  witness[01] tail=23 r61=23 gh60=0x3ef84fa W1=0x419,0x277d,0x196c W2=0x326,0xc85,0x38a7
  witness[02] tail=23 r61=23 gh60=0x5e084ee W1=0x150f,0x228e,0x2c81 W2=0x141c,0x12a8,0x158d
  witness[03] tail=23 r61=24 gh60=0xcf644a6 W1=0x1b44,0x174c,0x359 W2=0x1a51,0x15ca,0x1b79
  witness[04] tail=24 r61=22 gh60=0xf924baa W1=0x25c2,0x4c5,0x3c87 W2=0x24cf,0x3521,0x1bac
  witness[05] tail=24 r61=22 gh60=0x4a1dcea W1=0x3e1e,0x1354,0x3d0 W2=0x3d2b,0x1b7c,0x1ebc
  witness[06] tail=24 r61=22 gh60=0xca1dfee W1=0x3f90,0x275a,0x3ccb W2=0x3e9d,0x1e2a,0x2c61
  witness[07] tail=24 r61=23 gh60=0x7d845a6 W1=0x2c6c,0x1ccd,0xf43 W2=0x2b79,0x1181,0x2578
  witness[08] tail=24 r61=23 gh60=0xca587fe W1=0x3b97,0x3b24,0xc00 W2=0x3aa4,0x674,0x1cb8
  witness[09] tail=24 r61=32 gh60=0x759ddea W1=0x20a2,0x1ff2,0x22b3 W2=0x1faf,0x29e6,0x2763
  witness[10] tail=25 r61=15 gh60=0xca8bcaa W1=0x2df1,0x1710,0x1023 W2=0x2cfe,0x1093,0x2bc5
  witness[11] tail=25 r61=16 gh60=0x5b0c57a W1=0x2ada,0x2af4,0x32cf W2=0x29e7,0x117d,0x1369
  witness[12] tail=25 r61=17 gh60=0x4ad85be W1=0x2477,0x272d,0x2378 W2=0x2384,0x2e77,0x1fd8
  witness[13] tail=25 r61=19 gh60=0x49d4bba W1=0x25b6,0x3b0e,0x22dc W2=0x24c3,0x3b16,0x13f4
  witness[14] tail=25 r61=19 gh60=0x3e09bea W1=0x3d9d,0x2268,0x2c83 W2=0x3caa,0x11e3,0x3b4e
  witness[15] tail=25 r61=20 gh60=0x450856a W1=0x2cdd,0xc5,0xb7 W2=0x2bea,0xde3,0x415

Scan-only r61 registry
  registry_count=16 registry_cap=16
  r61_witness[00] r61=15 tail=25 gh60=0xca8bcaa W1=0x2df1,0x1710,0x1023 W2=0x2cfe,0x1093,0x2bc5
  r61_witness[01] r61=15 tail=29 gh60=0xdc845a6 W1=0x2bc,0x1d48,0x1818 W2=0x1c9,0x307e,0x2d8a
  r61_witness[02] r61=15 tail=30 gh60=0xc6045e6 W1=0x3c8c,0x1d90,0x243c W2=0x3b99,0x2150,0x3a6f
  r61_witness[03] r61=15 tail=31 gh60=0x38884aa W1=0x1d41,0x261,0x36fe W2=0x1c4e,0x1691,0x11a3
  r61_witness[04] r61=16 tail=22 gh60=0x472bc9a W1=0xe49,0x2c05,0x2fe1 W2=0xd56,0x2d5,0xb17
  r61_witness[05] r61=16 tail=25 gh60=0x5b0c57a W1=0x2ada,0x2af4,0x32cf W2=0x29e7,0x117d,0x1369
  r61_witness[06] r61=16 tail=26 gh60=0x38984a6 W1=0xd3b,0x3c8b,0x1729 W2=0xc48,0x3bd6,0x126c
  r61_witness[07] r61=16 tail=26 gh60=0xca7849e W1=0x12e7,0x35f8,0x31a1 W2=0x11f4,0x6af,0x2a05
  r61_witness[08] r61=16 tail=28 gh60=0xce07be6 W1=0x2d8c,0x3ccf,0x38e0 W2=0x2c99,0x39a0,0x9d5
  r61_witness[09] r61=16 tail=28 gh60=0xc8b849a W1=0x3b29,0x289f,0xd7f W2=0x3a36,0x2068,0x182c
  r61_witness[10] r61=16 tail=29 gh60=0xc5984a6 W1=0x43b,0x30ba,0x398f W2=0x348,0x1e07,0x3105
  r61_witness[11] r61=16 tail=29 gh60=0x49ecf66 W1=0x7d4,0x3f8c,0x12d2 W2=0x6e1,0x1fd7,0xbb8
  r61_witness[12] r61=16 tail=29 gh60=0x4904766 W1=0x1b4c,0x1dc6,0x396b W2=0x1a59,0x16fe,0x28f0
  r61_witness[13] r61=16 tail=29 gh60=0x5e07ce6 W1=0x2f0c,0x20b,0x1607 W2=0x2e19,0x3b2c,0x2f48
  r61_witness[14] r61=16 tail=30 gh60=0xca05c9a W1=0xa,0x397,0x34ae W2=0x3f17,0x22e0,0x3061
  r61_witness[15] r61=16 tail=30 gh60=0x5888caa W1=0x392d,0x2b69,0x3b97 W2=0x383a,0x3ce4,0xa49

D60=0 fiber histogram: 1:7961 2:4753 3:1821 4:1088 5:404 6:196 7:73 8:74 9:25 10:22 11:10 12:5 13:2 14:2 15:1 16:1 19:1
