free_word_mitm_reducedn
N=14 mask=0x3fff msb=0x2000
candidate: M0=0x3d36 mode=random-fallback fill=0x3fff kernel=dM0=dM9=0x2000
prefixes=32768/268435456 mode=permuted-prefix-sample w59_per_prefix=16384 total=536870912
run_mode=scan registry_cap=16
sample_start=59834368
scan_elapsed=19.311s rate=27.80 Mtriples/s

D60 interface
  D60=0 matches: 32930 (random expectation 32768.0, enrichment 1.005x)
  prefixes with D60=0: 16567
  max D60=0 fiber per prefix: 20 at W57=0x1166 W58=0xfd
  largest D60 bucket: D=0xa02 count=33733
  min D60 HW: 0
  D60 HW histogram: 0:32930 1:458676 2:2982743 3:11931226 4:32824103 5:65620540 6:98422970 7:112462095 8:98389699 9:65589609 10:32773638 11:11913939 12:2976557 13:459324 14:32863

Tail closure among D60=0 matches
  final tail collisions: 0
  best r61 HW: 13
  best r61 W1[57..59]=0x16bf,0x149c,0x1983
  best r61 W2[57..59]=0x15cc,0xcc3,0xa74
  best tail HW: 21
  best tail r61 HW: 18
  best W1[57..59]=0x1274,0x3077,0xc13
  best W2[57..59]=0x1181,0x363b,0xf81

SUMMARY N=14 sample_start=59834368 prefixes=32768 total=536870912 d0=32930 best_tail=21 tail_r61=18 best_r61=13 tail_W1=0x1274,0x3077,0xc13 tail_W2=0x1181,0x363b,0xf81 r61_W1=0x16bf,0x149c,0x1983 r61_W2=0x15cc,0xcc3,0xa74

Scan-only witness registry
  registry_count=16 registry_cap=16
  witness[00] tail=21 r61=18 gh60=0x56645a6 W1=0x1274,0x3077,0xc13 W2=0x1181,0x363b,0xf81
  witness[01] tail=22 r61=18 gh60=0x4debcfa W1=0x1115,0x3ec3,0x112e W2=0x1022,0xbbe,0x16b2
  witness[02] tail=22 r61=20 gh60=0x4e78b9a W1=0x969,0x4e3,0x3024 W2=0x876,0x7d,0x266c
  witness[03] tail=23 r61=15 gh60=0xc8a879a W1=0xba5,0x595,0x33b1 W2=0xab2,0x377e,0x8fe
  witness[04] tail=23 r61=16 gh60=0x44884aa W1=0x43d,0xa98,0xd91 W2=0x34a,0x1044,0x143
  witness[05] tail=23 r61=21 gh60=0xd798dae W1=0x187f,0x1969,0x2460 W2=0x178c,0xc20,0x2b40
  witness[06] tail=23 r61=23 gh60=0x4e1c4ee W1=0xb10,0x8d,0x352b W2=0xa1d,0x31b4,0x151d
  witness[07] tail=24 r61=18 gh60=0xc927b66 W1=0x1154,0xc8a,0x33f2 W2=0x1061,0x3ff7,0x3258
  witness[08] tail=24 r61=20 gh60=0x7d6857a W1=0x2d5,0x20a0,0x38a1 W2=0x1e2,0x13a8,0x33aa
  witness[09] tail=24 r61=20 gh60=0x5b0c566 W1=0x1cdc,0x2a2b,0xe93 W2=0x1be9,0x364f,0x87f
  witness[10] tail=24 r61=21 gh60=0x7e75cee W1=0x1e10,0x261f,0x23e7 W2=0x1d1d,0x677,0x2fd4
  witness[11] tail=24 r61=23 gh60=0x3e744aa W1=0x14fe,0x21f0,0x1b37 W2=0x140b,0x38e1,0x292e
  witness[12] tail=24 r61=24 gh60=0xb639cfe W1=0x2017,0x3b42,0x2949 W2=0x1f24,0x629,0x3ee
  witness[13] tail=24 r61=25 gh60=0xcb9cda6 W1=0x874,0x1aa1,0x116c W2=0x781,0x2de6,0x351
  witness[14] tail=24 r61=27 gh60=0xde5479e W1=0x2b68,0x1581,0x38f7 W2=0x2a75,0xfe3,0x22ba
  witness[15] tail=25 r61=17 gh60=0x460fcea W1=0xe0e,0x2386,0x2b0d W2=0xd1b,0x16c2,0x29eb

Scan-only r61 registry
  registry_count=16 registry_cap=16
  r61_witness[00] r61=13 tail=30 gh60=0x4c88dae W1=0x16bf,0x149c,0x1983 W2=0x15cc,0xcc3,0xa74
  r61_witness[01] r61=14 tail=27 gh60=0xce07ce6 W1=0x2e0c,0x1e7,0x10a W2=0x2d19,0xef8,0x12bb
  r61_witness[02] r61=14 tail=29 gh60=0x5989bae W1=0x1af,0x1db8,0x358d W2=0xbc,0xecf,0x143
  r61_witness[03] r61=15 tail=23 gh60=0xc8a879a W1=0xba5,0x595,0x33b1 W2=0xab2,0x377e,0x8fe
  r61_witness[04] r61=15 tail=29 gh60=0x4a18ba6 W1=0x583,0x3714,0x18fa W2=0x490,0x3f78,0x1c1b
  r61_witness[05] r61=15 tail=33 gh60=0x48884a6 W1=0x133b,0x7c5,0x2ca4 W2=0x1248,0x3812,0x1c3d
  r61_witness[06] r61=15 tail=33 gh60=0xcb84ca6 W1=0x392c,0x37bf,0xca7 W2=0x3839,0x30dc,0x1571
  r61_witness[07] r61=15 tail=34 gh60=0xc907b66 W1=0x2d4c,0x3f49,0x15d6 W2=0x2c59,0x37a6,0x1fc1
  r61_witness[08] r61=15 tail=35 gh60=0xc608fe6 W1=0x79b,0xee0,0x3605 W2=0x6a8,0x329e,0x7c0
  r61_witness[09] r61=15 tail=35 gh60=0xb8abfba W1=0xfb5,0x1f30,0x385a W2=0xec2,0x347,0x2807
  r61_witness[10] r61=15 tail=35 gh60=0x4a64caa W1=0x37f2,0x18e5,0x144a W2=0x36ff,0x2ae9,0x23fc
  r61_witness[11] r61=15 tail=37 gh60=0x4988baa W1=0x39ad,0x24c0,0x269f W2=0x38ba,0x2113,0x32fa
  r61_witness[12] r61=16 tail=23 gh60=0x44884aa W1=0x43d,0xa98,0xd91 W2=0x34a,0x1044,0x143
  r61_witness[13] r61=16 tail=26 gh60=0x449cdea W1=0x26a2,0x2741,0xcb9 W2=0x25af,0x38b9,0x19f8
  r61_witness[14] r61=16 tail=28 gh60=0x4aa879a W1=0x2365,0x3681,0x33ea W2=0x2272,0x28d0,0x2626
  r61_witness[15] r61=16 tail=29 gh60=0x4f2cd6a W1=0x26d2,0x15f3,0x28c4 W2=0x25df,0x204f,0x23c5

D60=0 fiber histogram: 1:7908 2:4808 3:1850 4:1131 5:419 6:222 7:86 8:77 9:28 10:20 11:5 12:6 13:1 14:2 15:1 16:2 20:1
