free_word_mitm_reducedn
N=14 mask=0x3fff msb=0x2000
candidate: M0=0x3d36 mode=random-fallback fill=0x3fff kernel=dM0=dM9=0x2000
prefixes=32768/268435456 mode=permuted-prefix-sample w59_per_prefix=16384 total=536870912
run_mode=scan registry_cap=16
sample_start=12681216
scan_elapsed=18.919s rate=28.38 Mtriples/s

D60 interface
  D60=0 matches: 32856 (random expectation 32768.0, enrichment 1.003x)
  prefixes with D60=0: 16521
  max D60=0 fiber per prefix: 15 at W57=0x219d W58=0x3724
  largest D60 bucket: D=0x324e count=33706
  min D60 HW: 0
  D60 HW histogram: 0:32856 1:456982 2:2975426 3:11915215 4:32802598 5:65634099 6:98413572 7:112470802 8:98425312 9:65590269 10:32779354 11:11910808 12:2974192 13:456782 14:32645

Tail closure among D60=0 matches
  final tail collisions: 0
  best r61 HW: 11
  best r61 W1[57..59]=0x214f,0x272,0x1645
  best r61 W2[57..59]=0x205c,0x318d,0x3ae3
  best tail HW: 21
  best tail r61 HW: 19
  best W1[57..59]=0x47f,0x3d92,0x3aa0
  best W2[57..59]=0x38c,0x23ca,0x3330

SUMMARY N=14 sample_start=12681216 prefixes=32768 total=536870912 d0=32856 best_tail=21 tail_r61=19 best_r61=11 tail_W1=0x47f,0x3d92,0x3aa0 tail_W2=0x38c,0x23ca,0x3330 r61_W1=0x214f,0x272,0x1645 r61_W2=0x205c,0x318d,0x3ae3

Scan-only witness registry
  registry_count=16 registry_cap=16
  witness[00] tail=21 r61=19 gh60=0x3bb85ae W1=0x47f,0x3d92,0x3aa0 W2=0x38c,0x23ca,0x3330
  witness[01] tail=22 r61=16 gh60=0xc58c59a W1=0x246a,0x39a1,0x17bb W2=0x2377,0x27b9,0x808
  witness[02] tail=22 r61=21 gh60=0x45d84ba W1=0x3f9,0x13b4,0x17c3 W2=0x306,0x38b6,0x2c8a
  witness[03] tail=23 r61=21 gh60=0xc93fb6a W1=0x1152,0x34e0,0x16cb W2=0x105f,0xfe4,0x40c
  witness[04] tail=23 r61=23 gh60=0x7a9bbae W1=0x2d7f,0xf43,0x1975 W2=0x2c8c,0x38ba,0x332b
  witness[05] tail=23 r61=27 gh60=0x7fb8baa W1=0x2571,0xc95,0x3f0d W2=0x247e,0xd5c,0x1787
  witness[06] tail=24 r61=19 gh60=0xcb18b7a W1=0x5d5,0x3702,0x2034 W2=0x4e2,0x2cf9,0x251c
  witness[07] tail=24 r61=19 gh60=0x4898fae W1=0x7af,0x2ee6,0xcf9 W2=0x6bc,0x253d,0xfe8
  witness[08] tail=24 r61=20 gh60=0x38b84a6 W1=0x2d3b,0x88a,0x17ae W2=0x2c48,0x5d5,0x3423
  witness[09] tail=24 r61=24 gh60=0xd4bc5ba W1=0xaba,0x114b,0xcff W2=0x9c7,0x3de6,0xb91
  witness[10] tail=25 r61=19 gh60=0x4e34dee W1=0x690,0xae,0x16 W2=0x59d,0x2b6e,0x1974
  witness[11] tail=25 r61=20 gh60=0xc62859a W1=0x2485,0x1e82,0x2660 W2=0x2392,0xcf7,0x8f5
  witness[12] tail=25 r61=21 gh60=0xc9bdfa6 W1=0x3fbc,0x1cd9,0x1c96 W2=0x3ec9,0x490,0x3a30
  witness[13] tail=25 r61=22 gh60=0x4d8bcaa W1=0xdfd,0x2cc7,0x3fee W2=0xd0a,0x1ff2,0xd9
  witness[14] tail=26 r61=15 gh60=0xbe57c9e W1=0x30e8,0x2b78,0x121e W2=0x2ff5,0x2469,0x36fc
  witness[15] tail=26 r61=18 gh60=0x5b18b66 W1=0x35d3,0x307d,0x21c9 W2=0x34e0,0x263,0x1178

Scan-only r61 registry
  registry_count=16 registry_cap=16
  r61_witness[00] r61=11 tail=29 gh60=0x4909b6e W1=0x214f,0x272,0x1645 W2=0x205c,0x318d,0x3ae3
  r61_witness[01] r61=13 tail=29 gh60=0x390876a W1=0x13d1,0xa81,0x3290 W2=0x12de,0x15e3,0x654
  r61_witness[02] r61=14 tail=29 gh60=0x488479a W1=0x23aa,0x3318,0x1b32 W2=0x22b7,0x24e4,0xdd6
  r61_witness[03] r61=15 tail=26 gh60=0xbe57c9e W1=0x30e8,0x2b78,0x121e W2=0x2ff5,0x2469,0x36fc
  r61_witness[04] r61=15 tail=38 gh60=0x4d08d6a W1=0x8e1,0x35b,0x361f W2=0x7ee,0x2b6,0x5d7
  r61_witness[05] r61=16 tail=22 gh60=0xc58c59a W1=0x246a,0x39a1,0x17bb W2=0x2377,0x27b9,0x808
  r61_witness[06] r61=16 tail=30 gh60=0x7989fae W1=0x1fbf,0x342d,0x2ee2 W2=0x1ecc,0x2878,0x2b34
  r61_witness[07] r61=16 tail=31 gh60=0xba04bfa W1=0x299a,0x2f53,0x27ce W2=0x28a7,0x1cd7,0x1300
  r61_witness[08] r61=17 tail=27 gh60=0xd50856e W1=0x2df,0x1698,0x537 W2=0x1ec,0x39d2,0x252d
  r61_witness[09] r61=17 tail=28 gh60=0x490cb6a W1=0x195e,0x17e5,0x3fef W2=0x186b,0x2a15,0x1e3f
  r61_witness[10] r61=17 tail=29 gh60=0xc529d66 W1=0x1e53,0x6f8,0x1a60 W2=0x1d60,0x3b30,0x1acc
  r61_witness[11] r61=17 tail=30 gh60=0xce0bce6 W1=0x100b,0x1e70,0x294f W2=0xf18,0x3c18,0x28fd
  r61_witness[12] r61=17 tail=30 gh60=0x4b09f66 W1=0x1fcb,0x3de4,0x2dfa W2=0x1ed8,0x27a4,0x2a6
  r61_witness[13] r61=17 tail=31 gh60=0x5e047fa W1=0xb9a,0x35a7,0x116b W2=0xaa7,0x28ec,0x77e
  r61_witness[14] r61=17 tail=31 gh60=0x492476a W1=0xbd2,0x2ebe,0x3898 W2=0xadf,0x2121,0x2740
  r61_witness[15] r61=17 tail=31 gh60=0x4ce7daa W1=0x10b2,0x1400,0x19af W2=0xfbf,0x10f4,0x70c

D60=0 fiber histogram: 1:8025 2:4708 3:1716 4:1137 5:443 6:245 7:100 8:80 9:27 10:18 11:6 12:9 13:3 14:2 15:2
