free_word_mitm_reducedn
N=14 mask=0x3fff msb=0x2000
candidate: M0=0x3d36 mode=random-fallback fill=0x3fff kernel=dM0=dM9=0x2000
prefixes=32768/268435456 mode=permuted-prefix-sample w59_per_prefix=16384 total=536870912
run_mode=scan registry_cap=16
sample_start=88178688
scan_elapsed=18.828s rate=28.51 Mtriples/s

D60 interface
  D60=0 matches: 32891 (random expectation 32768.0, enrichment 1.004x)
  prefixes with D60=0: 16569
  max D60=0 fiber per prefix: 26 at W57=0x2b5b W58=0x1fea
  largest D60 bucket: D=0xe38 count=33787
  min D60 HW: 0
  D60 HW histogram: 0:32891 1:457113 2:2971548 3:11909655 4:32770353 5:65566857 6:98413027 7:112515305 8:98458486 9:65614821 10:32788431 11:11911603 12:2972083 13:456151 14:32588

Tail closure among D60=0 matches
  final tail collisions: 0
  best r61 HW: 15
  best r61 W1[57..59]=0x1be2,0x18a2,0x28e
  best r61 W2[57..59]=0x1aef,0x181d,0x2590
  best tail HW: 21
  best tail r61 HW: 20
  best W1[57..59]=0x106f,0xe7,0x2670
  best W2[57..59]=0xf7c,0xe32,0x2947

SUMMARY N=14 sample_start=88178688 prefixes=32768 total=536870912 d0=32891 best_tail=21 tail_r61=20 best_r61=15 tail_W1=0x106f,0xe7,0x2670 tail_W2=0xf7c,0xe32,0x2947 r61_W1=0x1be2,0x18a2,0x28e r61_W2=0x1aef,0x181d,0x2590

Scan-only witness registry
  registry_count=16 registry_cap=16
  witness[00] tail=21 r61=20 gh60=0xd58bdae W1=0x106f,0xe7,0x2670 W2=0xf7c,0xe32,0x2947
  witness[01] tail=22 r61=15 gh60=0x466476a W1=0x1be2,0x18a2,0x28e W2=0x1aef,0x181d,0x2590
  witness[02] tail=22 r61=18 gh60=0x4e2c4e6 W1=0x2a14,0x97a,0xd9f W2=0x2921,0x85c,0x1e46
  witness[03] tail=23 r61=20 gh60=0xc9ec4a6 W1=0x2b34,0x2591,0x1417 W2=0x2a41,0x13ff,0x2325
  witness[04] tail=23 r61=21 gh60=0xdc885ae W1=0x14bf,0x1628,0xb1f W2=0x13cc,0xcd0,0x38a9
  witness[05] tail=23 r61=23 gh60=0xbc98daa W1=0x38ad,0x2c66,0x2ae2 W2=0x37ba,0x5b9,0x2412
  witness[06] tail=24 r61=15 gh60=0x4e0459a W1=0x3a8a,0x39a8,0x2ed1 W2=0x3997,0x3604,0x199c
  witness[07] tail=24 r61=17 gh60=0xc7844ba W1=0x3fa,0x369,0x2d6b W2=0x307,0x2860,0x2e01
  witness[08] tail=24 r61=17 gh60=0xcabcf66 W1=0x27e4,0xe94,0x34ee W2=0x26f1,0x34f3,0x8d6
  witness[09] tail=24 r61=22 gh60=0x38b479a W1=0x3a6,0x27e6,0xf13 W2=0x2b3,0x29c6,0x3f37
  witness[10] tail=24 r61=24 gh60=0xdb87cba W1=0x2ffa,0x13d1,0x3b6e W2=0x2f07,0x2ac9,0x3518
  witness[11] tail=24 r61=24 gh60=0xcbffc9e W1=0x3028,0x26c5,0x1a7a W2=0x2f35,0xb36,0x1464
  witness[12] tail=24 r61=24 gh60=0x4e58dba W1=0x3679,0x3619,0x169c W2=0x3586,0x2680,0x2a32
  witness[13] tail=24 r61=27 gh60=0x4dec79a W1=0x2386,0xc08,0xf35 W2=0x2293,0xeb2,0x3b
  witness[14] tail=25 r61=19 gh60=0x44a8cba W1=0x3639,0x329d,0xe00 W2=0x3546,0x2aa0,0x1926
  witness[15] tail=25 r61=21 gh60=0xc8e9ba6 W1=0x1b3,0x26df,0x2adf W2=0xc0,0x2841,0x2a34

Scan-only r61 registry
  registry_count=16 registry_cap=16
  r61_witness[00] r61=15 tail=22 gh60=0x466476a W1=0x1be2,0x18a2,0x28e W2=0x1aef,0x181d,0x2590
  r61_witness[01] r61=15 tail=24 gh60=0x4e0459a W1=0x3a8a,0x39a8,0x2ed1 W2=0x3997,0x3604,0x199c
  r61_witness[02] r61=15 tail=33 gh60=0xcc845a6 W1=0x12ac,0x2f78,0x270b W2=0x11b9,0x14be,0x249f
  r61_witness[03] r61=15 tail=40 gh60=0xc789bae W1=0x217f,0x2f0f,0x6ce W2=0x208c,0x2586,0xd7f
  r61_witness[04] r61=16 tail=27 gh60=0x4b287a6 W1=0x13c3,0x1736,0x2350 W2=0x12d0,0x11a9,0x2be5
  r61_witness[05] r61=16 tail=28 gh60=0xcd1c566 W1=0xa4c,0x3cb1,0xad W2=0x959,0x10e5,0x17cf
  r61_witness[06] r61=16 tail=29 gh60=0x76085ea W1=0x128d,0x3f84,0x1bb7 W2=0x119a,0x1d22,0x11c0
  r61_witness[07] r61=16 tail=30 gh60=0x4687f9a W1=0xf6a,0x5c6,0x3e21 W2=0xe77,0x2a63,0xaf7
  r61_witness[08] r61=16 tail=31 gh60=0xca85cba W1=0x1efa,0x329d,0x12c7 W2=0x1e07,0x1551,0x18d3
  r61_witness[09] r61=16 tail=32 gh60=0x4504d7a W1=0x6da,0x244d,0x220 W2=0x5e7,0x160d,0xa91
  r61_witness[10] r61=16 tail=32 gh60=0x3a55b9e W1=0x3d68,0x3ece,0x3a57 W2=0x3c75,0x367b,0x211f
  r61_witness[11] r61=16 tail=34 gh60=0xc884fa6 W1=0x27bc,0x2a47,0x78b W2=0x26c9,0xf7c,0x39b7
  r61_witness[12] r61=16 tail=35 gh60=0x49d47ba W1=0x3376,0x1e19,0x3b06 W2=0x3283,0x2f70,0xda
  r61_witness[13] r61=16 tail=36 gh60=0x3a044e6 W1=0x331c,0x239b,0xd91 W2=0x3229,0x26d,0x2ff
  r61_witness[14] r61=16 tail=37 gh60=0x46084ea W1=0x421,0x39d7,0x413 W2=0x32e,0x3fd1,0xdc2
  r61_witness[15] r61=16 tail=37 gh60=0x4a184a6 W1=0x1d03,0x2e59,0x884 W2=0x1c10,0x1b56,0x3598

D60=0 fiber histogram: 1:7967 2:4863 3:1775 4:1091 5:403 6:211 7:91 8:88 9:30 10:19 11:8 12:11 13:2 14:1 15:1 16:3 17:1 19:1 20:1 22:1 26:1
