free_word_mitm_reducedn
N=14 mask=0x3fff msb=0x2000
candidate: M0=0x3d36 mode=random-fallback fill=0x3fff kernel=dM0=dM9=0x2000
prefixes=32768/268435456 mode=permuted-prefix-sample w59_per_prefix=16384 total=536870912
run_mode=scan registry_cap=16
sample_start=178061312
scan_elapsed=15.622s rate=34.37 Mtriples/s

D60 interface
  D60=0 matches: 32644 (random expectation 32768.0, enrichment 0.996x)
  prefixes with D60=0: 16506
  max D60=0 fiber per prefix: 16 at W57=0x104d W58=0x59b
  largest D60 bucket: D=0x1517 count=33866
  min D60 HW: 0
  D60 HW histogram: 0:32644 1:456776 2:2973742 3:11905551 4:32769773 5:65594443 6:98450474 7:112507771 8:98408029 9:65599442 10:32785361 11:11916641 12:2980642 13:456861 14:32762

Tail closure among D60=0 matches
  final tail collisions: 0
  best r61 HW: 12
  best r61 W1[57..59]=0x1f8c,0x3423,0x1cf0
  best r61 W2[57..59]=0x1e99,0x1a70,0x347b
  best tail HW: 22
  best tail r61 HW: 22
  best W1[57..59]=0x34ba,0x2d1c,0x3530
  best W2[57..59]=0x33c7,0x29bb,0x67a

SUMMARY N=14 sample_start=178061312 prefixes=32768 total=536870912 d0=32644 best_tail=22 tail_r61=22 best_r61=12 tail_W1=0x34ba,0x2d1c,0x3530 tail_W2=0x33c7,0x29bb,0x67a r61_W1=0x1f8c,0x3423,0x1cf0 r61_W2=0x1e99,0x1a70,0x347b

Scan-only witness registry
  registry_count=16 registry_cap=16
  witness[00] tail=22 r61=22 gh60=0x3c8c5ba W1=0x34ba,0x2d1c,0x3530 W2=0x33c7,0x29bb,0x67a
  witness[01] tail=22 r61=23 gh60=0xce0c5ea W1=0x2c8e,0x302f,0x930 W2=0x2b9b,0x30ce,0xfda
  witness[02] tail=23 r61=12 gh60=0x4605fe6 W1=0x1f8c,0x3423,0x1cf0 W2=0x1e99,0x1a70,0x347b
  witness[03] tail=23 r61=22 gh60=0xdaa7fa6 W1=0xf74,0x3dc5,0x145f W2=0xe81,0x132c,0x3104
  witness[04] tail=23 r61=23 gh60=0xca184ea W1=0x1321,0x20b3,0x1690 W2=0x122e,0x3959,0x1111
  witness[05] tail=24 r61=17 gh60=0x451856e W1=0x2ccf,0x1d9f,0x1ce0 W2=0x2bdc,0x9d5,0x176c
  witness[06] tail=24 r61=19 gh60=0x491476a W1=0x2b5e,0x3f4e,0x106 W2=0x2a6b,0x499,0x138f
  witness[07] tail=24 r61=22 gh60=0xdf04566 W1=0x224c,0x3b1f,0x3301 W2=0x2159,0x749,0x2c9c
  witness[08] tail=25 r61=21 gh60=0x4a38bfa W1=0x3995,0x2142,0x3deb W2=0x38a2,0x200d,0x1f72
  witness[09] tail=25 r61=23 gh60=0xdf784a6 W1=0xceb,0x3e16,0x1bfc W2=0xbf8,0x3cf1,0x2929
  witness[10] tail=25 r61=24 gh60=0x5a6dda6 W1=0x1e74,0x16b0,0x212c W2=0x1d81,0xd77,0x25e5
  witness[11] tail=25 r61=25 gh60=0x58d879e W1=0x1ba7,0x1433,0x1074 W2=0x1ab4,0x1e14,0x3718
  witness[12] tail=25 r61=26 gh60=0x49fbb9a W1=0x2d65,0x1471,0x300f W2=0x2c72,0x2f05,0x6cd
  witness[13] tail=25 r61=26 gh60=0xcb78d6a W1=0x3861,0x2d24,0x2b86 W2=0x376e,0x316b,0x36c2
  witness[14] tail=25 r61=29 gh60=0x760dd9a W1=0x208a,0x12be,0x3179 W2=0x1f97,0x3bdf,0x3706
  witness[15] tail=26 r61=15 gh60=0x4a9c5a6 W1=0x274,0x2162,0x3c03 W2=0x181,0x1426,0x22cc

Scan-only r61 registry
  registry_count=16 registry_cap=16
  r61_witness[00] r61=12 tail=23 gh60=0x4605fe6 W1=0x1f8c,0x3423,0x1cf0 W2=0x1e99,0x1a70,0x347b
  r61_witness[01] r61=14 tail=29 gh60=0x55884a6 W1=0x21eb,0x241b,0x7f0 W2=0x20f8,0x30f8,0x1a21
  r61_witness[02] r61=15 tail=26 gh60=0x4a9c5a6 W1=0x274,0x2162,0x3c03 W2=0x181,0x1426,0x22cc
  r61_witness[03] r61=15 tail=28 gh60=0x462859a W1=0xc85,0x35f6,0x3ed5 W2=0xb92,0x24e5,0xb93
  r61_witness[04] r61=15 tail=35 gh60=0xc504566 W1=0x24dc,0xb93,0x1512 W2=0x23e9,0x2b1,0x1593
  r61_witness[05] r61=15 tail=35 gh60=0xca187ea W1=0x33a1,0x21ca,0x3955 W2=0x32ae,0x3688,0x29d9
  r61_witness[06] r61=15 tail=36 gh60=0x46344ee W1=0x2c10,0x10b6,0x2f02 W2=0x2b1d,0x314d,0x35c6
  r61_witness[07] r61=16 tail=29 gh60=0x5497dae W1=0x30c0,0x746,0x2743 W2=0x2fcd,0x19fa,0x3ba9
  r61_witness[08] r61=16 tail=30 gh60=0x55985ae W1=0x327f,0x1e34,0x25a0 W2=0x318c,0x10ec,0xf78
  r61_witness[09] r61=16 tail=31 gh60=0xca0c7ee W1=0x33a0,0x3000,0xd63 W2=0x32ad,0x38bf,0x3faf
  r61_witness[10] r61=16 tail=32 gh60=0x4f2c5a6 W1=0x34c4,0x172a,0x6db W2=0x33d1,0x3b8e,0x2c7e
  r61_witness[11] r61=16 tail=33 gh60=0xc504566 W1=0x24dc,0xb93,0x151a W2=0x23e9,0x2b1,0x159b
  r61_witness[12] r61=16 tail=34 gh60=0x3b07d66 W1=0x2e4c,0xd7d,0x3bd5 W2=0x2d59,0x162a,0x1189
  r61_witness[13] r61=16 tail=37 gh60=0xca04d9a W1=0x368a,0x3af2,0xb6 W2=0x3597,0x3c8d,0x2cbf
  r61_witness[14] r61=16 tail=39 gh60=0x4a88caa W1=0x17f1,0x3901,0x33ef W2=0x16fe,0xb00,0x335f
  r61_witness[15] r61=17 tail=24 gh60=0x451856e W1=0x2ccf,0x1d9f,0x1ce0 W2=0x2bdc,0x9d5,0x176c

D60=0 fiber histogram: 1:8079 2:4658 3:1756 4:1116 5:431 6:230 7:96 8:67 9:31 10:13 11:10 12:7 13:3 14:5 15:2 16:2
