free_word_mitm_reducedn
N=14 mask=0x3fff msb=0x2000
candidate: M0=0x3d36 mode=random-fallback fill=0x3fff kernel=dM0=dM9=0x2000
prefixes=32768/268435456 mode=permuted-prefix-sample w59_per_prefix=16384 total=536870912
run_mode=scan registry_cap=16
sample_start=211615744
scan_elapsed=15.676s rate=34.25 Mtriples/s

D60 interface
  D60=0 matches: 32522 (random expectation 32768.0, enrichment 0.992x)
  prefixes with D60=0: 16446
  max D60=0 fiber per prefix: 16 at W57=0x2ad9 W58=0x2f3a
  largest D60 bucket: D=0x3273 count=33639
  min D60 HW: 0
  D60 HW histogram: 0:32522 1:458537 2:2982319 3:11928482 4:32798067 5:65627347 6:98452630 7:112495334 8:98396845 9:65552117 10:32757639 11:11921798 12:2975939 13:458993 14:32343

Tail closure among D60=0 matches
  final tail collisions: 0
  best r61 HW: 12
  best r61 W1[57..59]=0x3951,0x674,0x1425
  best r61 W2[57..59]=0x385e,0xc77,0x3176
  best tail HW: 21
  best tail r61 HW: 20
  best W1[57..59]=0x1609,0x37e7,0x23e6
  best W2[57..59]=0x1516,0x2fb5,0x17cc

SUMMARY N=14 sample_start=211615744 prefixes=32768 total=536870912 d0=32522 best_tail=21 tail_r61=20 best_r61=12 tail_W1=0x1609,0x37e7,0x23e6 tail_W2=0x1516,0x2fb5,0x17cc r61_W1=0x3951,0x674,0x1425 r61_W2=0x385e,0xc77,0x3176

Scan-only witness registry
  registry_count=16 registry_cap=16
  witness[00] tail=21 r61=20 gh60=0x5e58c9a W1=0x1609,0x37e7,0x23e6 W2=0x1516,0x2fb5,0x17cc
  witness[01] tail=22 r61=19 gh60=0xcf38ca6 W1=0x643,0x31a2,0x156e W2=0x550,0x20de,0x2c66
  witness[02] tail=24 r61=18 gh60=0xc98449a W1=0x3cea,0x115b,0x34a4 W2=0x3bf7,0x81d,0x375c
  witness[03] tail=24 r61=20 gh60=0x46b85aa W1=0x481,0x941,0x18c1 W2=0x38e,0x759,0x1e51
  witness[04] tail=24 r61=20 gh60=0xf92c49e W1=0x2348,0x1e26,0x20d9 W2=0x2255,0x2e94,0x14af
  witness[05] tail=24 r61=20 gh60=0x4c9cda6 W1=0x36bc,0x3538,0x3267 W2=0x35c9,0x1ded,0x1878
  witness[06] tail=24 r61=24 gh60=0x4a84cba W1=0x15fa,0x18d2,0x3916 W2=0x1507,0x1146,0x9c
  witness[07] tail=24 r61=25 gh60=0xcaec766 W1=0xb64,0xc2a,0x155b W2=0xa71,0x3808,0x2a5b
  witness[08] tail=24 r61=26 gh60=0xbf88caa W1=0x36ed,0x199f,0x2002 W2=0x35fa,0x2d9a,0x3833
  witness[09] tail=24 r61=27 gh60=0x396dbaa W1=0x1db2,0x1c69,0x22db W2=0x1cbf,0xeb5,0x17f9
  witness[10] tail=25 r61=17 gh60=0xce6859a W1=0x1269,0x107a,0x11b9 W2=0x1176,0x3d31,0xc5b
  witness[11] tail=25 r61=20 gh60=0x7e08bea W1=0x29a1,0x3009,0x2380 W2=0x28ae,0x2a8c,0x38e1
  witness[12] tail=25 r61=22 gh60=0x5a184e6 W1=0xa1b,0x1226,0xb4c W2=0x928,0x1bfd,0x1aed
  witness[13] tail=25 r61=23 gh60=0x4fe4ca6 W1=0x1744,0x4a0,0x3bd7 W2=0x1651,0xdd,0x3204
  witness[14] tail=25 r61=30 gh60=0xdd3c566 W1=0x2a5c,0x18b,0xf38 W2=0x2969,0x10a3,0x101d
  witness[15] tail=26 r61=16 gh60=0xc608fea W1=0x1791,0x3fb2,0x11e8 W2=0x169e,0xf45,0x191f

Scan-only r61 registry
  registry_count=16 registry_cap=16
  r61_witness[00] r61=12 tail=28 gh60=0x54944aa W1=0x3a3e,0x1e7b,0x310d W2=0x394b,0x332c,0x3185
  r61_witness[01] r61=12 tail=30 gh60=0xc987ca6 W1=0x112c,0x1c42,0x30a2 W2=0x1039,0x395d,0x117a
  r61_witness[02] r61=12 tail=30 gh60=0x4908b6a W1=0x3951,0x674,0x1425 W2=0x385e,0xc77,0x3176
  r61_witness[03] r61=13 tail=27 gh60=0xc88dfba W1=0x3fba,0x2936,0x3291 W2=0x3ec7,0x1932,0x38a6
  r61_witness[04] r61=13 tail=39 gh60=0x4708f6a W1=0x2751,0x2311,0x2296 W2=0x265e,0x2730,0x20a
  r61_witness[05] r61=14 tail=30 gh60=0xc9844ba W1=0x22fa,0x2d5f,0x3171 W2=0x2207,0x1716,0x487
  r61_witness[06] r61=14 tail=34 gh60=0x4a09be6 W1=0x1d8b,0x25fb,0x12df W2=0x1c98,0x2ec7,0x167e
  r61_witness[07] r61=14 tail=34 gh60=0x5904766 W1=0x3bdc,0x25cc,0x22ab W2=0x3ae9,0x1bf8,0x2b30
  r61_witness[08] r61=14 tail=35 gh60=0x4584d9a W1=0x16aa,0xa91,0x851 W2=0x15b7,0xb78,0x38e3
  r61_witness[09] r61=15 tail=30 gh60=0x491bfa6 W1=0xfc3,0x80,0x623 W2=0xed0,0x1576,0x374d
  r61_witness[10] r61=15 tail=33 gh60=0x448bdae W1=0xebf,0x3eff,0x1ad7 W2=0xdcc,0x15aa,0x104c
  r61_witness[11] r61=15 tail=33 gh60=0x4b07f7a W1=0x2f5a,0x28e2,0x3823 W2=0x2e67,0x6f6,0x3528
  r61_witness[12] r61=16 tail=26 gh60=0xc608fea W1=0x1791,0x3fb2,0x11e8 W2=0x169e,0xf45,0x191f
  r61_witness[13] r61=16 tail=26 gh60=0x5898ca6 W1=0x293b,0x2fbf,0x3684 W2=0x2848,0x28cb,0x922
  r61_witness[14] r61=16 tail=27 gh60=0x470bf66 W1=0xfcb,0x6fa,0x2464 W2=0xed8,0x1bb6,0x2c5c
  r61_witness[15] r61=16 tail=28 gh60=0x4d9c4aa W1=0x322e,0xf,0x267 W2=0x313b,0x1350,0x1d42

D60=0 fiber histogram: 1:7921 2:4763 3:1808 4:1074 5:435 6:229 7:75 8:79 9:28 10:15 11:4 12:5 13:2 14:4 15:3 16:1
