free_word_mitm_reducedn
N=14 mask=0x3fff msb=0x2000
candidate: M0=0x3d36 mode=random-fallback fill=0x3fff kernel=dM0=dM9=0x2000
prefixes=32768/268435456 mode=permuted-prefix-sample w59_per_prefix=16384 total=536870912
run_mode=scan registry_cap=16
sample_start=107315200
scan_elapsed=20.103s rate=26.71 Mtriples/s

D60 interface
  D60=0 matches: 32435 (random expectation 32768.0, enrichment 0.990x)
  prefixes with D60=0: 16539
  max D60=0 fiber per prefix: 20 at W57=0x18ce W58=0x1dc9
  largest D60 bucket: D=0xe9a count=33881
  min D60 HW: 0
  D60 HW histogram: 0:32435 1:455759 2:2973496 3:11909886 4:32809604 5:65656479 6:98481949 7:112493050 8:98375580 9:65550533 10:32757740 11:11910040 12:2973806 13:457706 14:32849

Tail closure among D60=0 matches
  final tail collisions: 0
  best r61 HW: 13
  best r61 W1[57..59]=0x3d82,0x198b,0x2ae6
  best r61 W2[57..59]=0x3c8f,0x777,0x2bc0
  best tail HW: 16
  best tail r61 HW: 17
  best W1[57..59]=0x329e,0x2007,0x2241
  best W2[57..59]=0x31ab,0x2a96,0x1bf6

SUMMARY N=14 sample_start=107315200 prefixes=32768 total=536870912 d0=32435 best_tail=16 tail_r61=17 best_r61=13 tail_W1=0x329e,0x2007,0x2241 tail_W2=0x31ab,0x2a96,0x1bf6 r61_W1=0x3d82,0x198b,0x2ae6 r61_W2=0x3c8f,0x777,0x2bc0

Scan-only witness registry
  registry_count=16 registry_cap=16
  witness[00] tail=16 r61=17 gh60=0xcef45ea W1=0x329e,0x2007,0x2241 W2=0x31ab,0x2a96,0x1bf6
  witness[01] tail=22 r61=19 gh60=0x3688bae W1=0x56f,0x4c7,0x334f W2=0x47c,0x3d4e,0x3be2
  witness[02] tail=22 r61=20 gh60=0x55944ae W1=0x39f0,0x1f69,0x2f8c W2=0x38fd,0xd8a,0xdf8
  witness[03] tail=22 r61=22 gh60=0xcf1877a W1=0x2355,0x771,0xc34 W2=0x2262,0x3e49,0x15d4
  witness[04] tail=23 r61=15 gh60=0x4905b66 W1=0x214c,0xacf,0x1689 W2=0x2059,0xa28,0x15ac
  witness[05] tail=24 r61=20 gh60=0x598c7aa W1=0x237e,0x2173,0x1f6 W2=0x228b,0x253c,0x2a21
  witness[06] tail=24 r61=21 gh60=0xc698faa W1=0x277d,0x3865,0x17a2 W2=0x268a,0x25d8,0x3064
  witness[07] tail=24 r61=22 gh60=0xcb24f6a W1=0x27d2,0x3ddc,0x2b6d W2=0x26df,0x2608,0x2bc7
  witness[08] tail=25 r61=16 gh60=0x5a044e6 W1=0x2a0c,0x1afa,0x2e04 W2=0x2919,0x39ce,0x2c1b
  witness[09] tail=25 r61=18 gh60=0xc90bb6a W1=0x11e1,0x30d2,0x40b W2=0x10ee,0x1ac1,0x3ef
  witness[10] tail=25 r61=23 gh60=0xdb84ba6 W1=0x396c,0x191f,0x3039 W2=0x3879,0x2d74,0x3cd9
  witness[11] tail=25 r61=24 gh60=0x4e6c49e W1=0xae8,0x3a24,0x17d9 W2=0x9f5,0xa4e,0x30e2
  witness[12] tail=25 r61=25 gh60=0xdae7be6 W1=0x2d94,0x2b0e,0x2fa5 W2=0x2ca1,0x27ef,0x830
  witness[13] tail=25 r61=32 gh60=0x5e78d9e W1=0x867,0x4da,0x2da3 W2=0x774,0x634,0x3fba
  witness[14] tail=26 r61=15 gh60=0x460bfe6 W1=0xf9b,0x612,0x3a48 W2=0xea8,0x174a,0x35da
  witness[15] tail=26 r61=16 gh60=0xca88ba6 W1=0x297b,0x1d1a,0x27c7 W2=0x2888,0x214e,0x2a4a

Scan-only r61 registry
  registry_count=16 registry_cap=16
  r61_witness[00] r61=13 tail=35 gh60=0x4a1dbaa W1=0x3d82,0x198b,0x2ae6 W2=0x3c8f,0x777,0x2bc0
  r61_witness[01] r61=14 tail=33 gh60=0x4d884aa W1=0xc41,0x507,0x39c4 W2=0xb4e,0xbf7,0x1370
  r61_witness[02] r61=14 tail=34 gh60=0x589c4ae W1=0x2340,0x18b,0xabf W2=0x224d,0x329c,0xf46
  r61_witness[03] r61=15 tail=23 gh60=0x4905b66 W1=0x214c,0xacf,0x1689 W2=0x2059,0xa28,0x15ac
  r61_witness[04] r61=15 tail=26 gh60=0x460bfe6 W1=0xf9b,0x612,0x3a48 W2=0xea8,0x174a,0x35da
  r61_witness[05] r61=15 tail=28 gh60=0xb4885aa W1=0x2c1,0x3629,0x3ad W2=0x1ce,0x3131,0x555
  r61_witness[06] r61=15 tail=28 gh60=0x4b88fa6 W1=0x7bb,0x1658,0x7ea W2=0x6c8,0x3b9c,0x521
  r61_witness[07] r61=15 tail=29 gh60=0x4589dae W1=0x3e7f,0xa47,0x1a34 W2=0x3d8c,0x347e,0x881
  r61_witness[08] r61=15 tail=31 gh60=0x5a244ea W1=0x1512,0x17db,0x69a W2=0x141f,0x2c2a,0x1650
  r61_witness[09] r61=15 tail=31 gh60=0x4a8cda6 W1=0x187c,0x2db0,0xfbc W2=0x1789,0x3055,0x449
  r61_witness[10] r61=15 tail=33 gh60=0x48984e6 W1=0x1d23,0x2811,0x3321 W2=0x1c30,0x1882,0x33bb
  r61_witness[11] r61=15 tail=35 gh60=0xca08cea W1=0x1911,0x2ecd,0x1b1b W2=0x181e,0x288,0x3cb5
  r61_witness[12] r61=15 tail=35 gh60=0x5a18b9a W1=0x3585,0x1d71,0x141c W2=0x3492,0x1f43,0x33e
  r61_witness[13] r61=16 tail=25 gh60=0x5a044e6 W1=0x2a0c,0x1afa,0x2e04 W2=0x2919,0x39ce,0x2c1b
  r61_witness[14] r61=16 tail=26 gh60=0xca88ba6 W1=0x297b,0x1d1a,0x27c7 W2=0x2888,0x214e,0x2a4a
  r61_witness[15] r61=16 tail=28 gh60=0x4a04fe6 W1=0x278c,0x177a,0x71f W2=0x2699,0x45,0x312e

D60=0 fiber histogram: 1:8062 2:4702 3:1851 4:1109 5:411 6:219 7:66 8:55 9:26 10:14 11:5 12:3 13:7 14:1 15:1 16:3 17:1 19:1 20:2
