free_word_mitm_reducedn
N=14 mask=0x3fff msb=0x2000
candidate: M0=0x3d36 mode=random-fallback fill=0x3fff kernel=dM0=dM9=0x2000
prefixes=32768/268435456 mode=permuted-prefix-sample w59_per_prefix=16384 total=536870912
run_mode=scan registry_cap=16
sample_start=155942912
scan_elapsed=19.807s rate=27.11 Mtriples/s

D60 interface
  D60=0 matches: 31971 (random expectation 32768.0, enrichment 0.976x)
  prefixes with D60=0: 16246
  max D60=0 fiber per prefix: 18 at W57=0x262 W58=0x1a1c
  largest D60 bucket: D=0x674 count=33810
  min D60 HW: 0
  D60 HW histogram: 0:31971 1:456403 2:2966648 3:11904097 4:32795474 5:65659141 6:98513407 7:112555860 8:98415695 9:65530126 10:32711869 11:11878130 12:2964994 13:454331 14:32766

Tail closure among D60=0 matches
  final tail collisions: 0
  best r61 HW: 15
  best r61 W1[57..59]=0xc11,0x2db8,0x356b
  best r61 W2[57..59]=0xb1e,0x303e,0x2846
  best tail HW: 19
  best tail r61 HW: 21
  best W1[57..59]=0x8f8,0x1e08,0x2574
  best W2[57..59]=0x805,0x286c,0x216e

SUMMARY N=14 sample_start=155942912 prefixes=32768 total=536870912 d0=31971 best_tail=19 tail_r61=21 best_r61=15 tail_W1=0x8f8,0x1e08,0x2574 tail_W2=0x805,0x286c,0x216e r61_W1=0xc11,0x2db8,0x356b r61_W2=0xb1e,0x303e,0x2846

Scan-only witness registry
  registry_count=16 registry_cap=16
  witness[00] tail=19 r61=21 gh60=0xb9b4cbe W1=0x8f8,0x1e08,0x2574 W2=0x805,0x286c,0x216e
  witness[01] tail=21 r61=16 gh60=0x4918b7a W1=0x5d5,0x244a,0x15d8 W2=0x4e2,0x1a41,0x2408
  witness[02] tail=21 r61=19 gh60=0xc7b8cba W1=0x35f9,0x2269,0x384d W2=0x3506,0x1ae8,0x37d3
  witness[03] tail=21 r61=20 gh60=0x4b884aa W1=0x2b01,0x18b4,0x28ed W2=0x2a0e,0x20e4,0x11e6
  witness[04] tail=22 r61=15 gh60=0xca14cea W1=0x181e,0x3f82,0x21eb W2=0x172b,0x102a,0x259e
  witness[05] tail=23 r61=16 gh60=0x4729ca6 W1=0x3e43,0x1d80,0x37ff W2=0x3d50,0xbbe,0x2c1e
  witness[06] tail=23 r61=22 gh60=0xc9ac4aa W1=0x1b32,0x1640,0x1ff0 W2=0x1a3f,0x2e05,0x2af6
  witness[07] tail=24 r61=16 gh60=0x4895cae W1=0x140,0x1686,0x58d W2=0x4d,0x25a,0x110b
  witness[08] tail=24 r61=17 gh60=0x4658b9e W1=0x1967,0x3d71,0x30fe W2=0x1874,0x207,0x122b
  witness[09] tail=24 r61=20 gh60=0xd62c79e W1=0xb88,0x3267,0x20b8 W2=0xa95,0x2d0b,0x947
  witness[10] tail=24 r61=24 gh60=0xd4f8566 W1=0x24b,0x2cb7,0x3734 W2=0x158,0x6e8,0x2167
  witness[11] tail=24 r61=24 gh60=0xf97bb7e W1=0x2dd7,0x1375,0x3094 W2=0x2ce4,0x3c94,0x89a
  witness[12] tail=25 r61=19 gh60=0xff04d66 W1=0x284c,0x2d90,0x23a1 W2=0x2759,0x19db,0x11bb
  witness[13] tail=25 r61=20 gh60=0x38a8ba6 W1=0x35b3,0x3c07,0x2721 W2=0x34c0,0x13eb,0xb8e
  witness[14] tail=25 r61=21 gh60=0x44ec5ea W1=0x4a2,0x1a20,0x14cd W2=0x3af,0x2bd7,0x351f
  witness[15] tail=25 r61=21 gh60=0x7a0cde6 W1=0x169c,0x1a9d,0xf50 W2=0x15a9,0x1c8,0x3fc1

Scan-only r61 registry
  registry_count=16 registry_cap=16
  r61_witness[00] r61=15 tail=22 gh60=0xca14cea W1=0x181e,0x3f82,0x21eb W2=0x172b,0x102a,0x259e
  r61_witness[01] r61=15 tail=31 gh60=0xc6adcbe W1=0x20f8,0xa9a,0x3c9d W2=0x2005,0x137a,0x34c9
  r61_witness[02] r61=15 tail=32 gh60=0xc6084ea W1=0xc11,0x2db8,0x356b W2=0xb1e,0x303e,0x2846
  r61_witness[03] r61=15 tail=32 gh60=0x4a25ba6 W1=0x3d84,0x1097,0x3537 W2=0x3c91,0x168a,0x3481
  r61_witness[04] r61=15 tail=33 gh60=0x4518d6e W1=0x364f,0x19aa,0x1540 W2=0x355c,0x12dd,0x3ba5
  r61_witness[05] r61=15 tail=37 gh60=0x3b84ba6 W1=0x356c,0x23db,0x10b W2=0x3479,0x3c30,0x153a
  r61_witness[06] r61=15 tail=39 gh60=0x491877a W1=0x1bd5,0x1069,0x10e2 W2=0x1ae2,0xd49,0x3c43
  r61_witness[07] r61=16 tail=21 gh60=0x4918b7a W1=0x5d5,0x244a,0x15d8 W2=0x4e2,0x1a41,0x2408
  r61_witness[08] r61=16 tail=23 gh60=0x4729ca6 W1=0x3e43,0x1d80,0x37ff W2=0x3d50,0xbbe,0x2c1e
  r61_witness[09] r61=16 tail=24 gh60=0x4895cae W1=0x140,0x1686,0x58d W2=0x4d,0x25a,0x110b
  r61_witness[10] r61=16 tail=29 gh60=0x5b18b66 W1=0x2553,0x3bb3,0x3538 W2=0x2460,0x19d,0x2697
  r61_witness[11] r61=16 tail=29 gh60=0xce2849a W1=0x2a05,0x1dad,0x3631 W2=0x2912,0x234,0x293a
  r61_witness[12] r61=16 tail=30 gh60=0x44b45ae W1=0x3cc0,0x6d1,0x3409 W2=0x3bcd,0x3d0a,0x119a
  r61_witness[13] r61=16 tail=31 gh60=0x4508d6a W1=0x6e1,0x3030,0x3da W2=0x5ee,0x356b,0x3243
  r61_witness[14] r61=16 tail=32 gh60=0x4a6cf66 W1=0x7e4,0x3d2,0x1613 W2=0x6f1,0x2229,0x2dc0
  r61_witness[15] r61=16 tail=32 gh60=0xc499caa W1=0x3e2d,0x29bb,0x2bd W2=0x3d3a,0x2f76,0x20

D60=0 fiber histogram: 1:7998 2:4546 3:1729 4:1096 5:438 6:233 7:83 8:56 9:32 10:16 11:5 12:7 13:3 14:1 17:1 18:2
