free_word_mitm_reducedn
N=14 mask=0x3fff msb=0x2000
candidate: M0=0x3d36 mode=random-fallback fill=0x3fff kernel=dM0=dM9=0x2000
prefixes=32768/268435456 mode=permuted-prefix-sample w59_per_prefix=16384 total=536870912
run_mode=scan registry_cap=16
sample_start=80445440
scan_elapsed=19.952s rate=26.91 Mtriples/s

D60 interface
  D60=0 matches: 32991 (random expectation 32768.0, enrichment 1.007x)
  prefixes with D60=0: 16718
  max D60=0 fiber per prefix: 22 at W57=0x1d8c W58=0x1b1c
  largest D60 bucket: D=0x2bd9 count=33994
  min D60 HW: 0
  D60 HW histogram: 0:32991 1:457154 2:2972570 3:11903984 4:32757592 5:65576968 6:98461459 7:112552345 8:98448068 9:65599983 10:32763960 11:11892545 12:2964815 13:453514 14:32964

Tail closure among D60=0 matches
  final tail collisions: 0
  best r61 HW: 14
  best r61 W1[57..59]=0x3ee0,0x36d8,0x356e
  best r61 W2[57..59]=0x3ded,0x1a94,0x21e4
  best tail HW: 21
  best tail r61 HW: 17
  best W1[57..59]=0x1238,0x2f6a,0x13b4
  best W2[57..59]=0x1145,0x3c8d,0x3de4

SUMMARY N=14 sample_start=80445440 prefixes=32768 total=536870912 d0=32991 best_tail=21 tail_r61=17 best_r61=14 tail_W1=0x1238,0x2f6a,0x13b4 tail_W2=0x1145,0x3c8d,0x3de4 r61_W1=0x3ee0,0x36d8,0x356e r61_W2=0x3ded,0x1a94,0x21e4

Scan-only witness registry
  registry_count=16 registry_cap=16
  witness[00] tail=21 r61=17 gh60=0x4cac4be W1=0x1238,0x2f6a,0x13b4 W2=0x1145,0x3c8d,0x3de4
  witness[01] tail=23 r61=18 gh60=0xc78dbae W1=0x180,0x1c17,0xca3 W2=0x8d,0xe9f,0x2448
  witness[02] tail=23 r61=24 gh60=0x4af849a W1=0x31e9,0x16a4,0xda W2=0x30f6,0xb33,0xdbd
  witness[03] tail=24 r61=15 gh60=0x4f08566 W1=0xacb,0x73c,0x10e W2=0x9d8,0x1787,0x1a2f
  witness[04] tail=24 r61=19 gh60=0x3a287e6 W1=0x1b93,0x2f59,0x25cb W2=0x1aa0,0x2db6,0x2af0
  witness[05] tail=24 r61=21 gh60=0xd697caa W1=0x2fee,0x362,0x158a W2=0x2efb,0x3aa6,0x390e
  witness[06] tail=24 r61=24 gh60=0xde0c4ea W1=0x1a0e,0x3901,0x3a90 W2=0x191b,0xd3c,0xf0a
  witness[07] tail=24 r61=26 gh60=0xfa88daa W1=0x167d,0x30a9,0x13fe W2=0x158a,0x117c,0x2933
  witness[08] tail=24 r61=29 gh60=0x4fb8b9e W1=0x15a7,0x3a46,0x2c69 W2=0x14b4,0x368,0xd65
  witness[09] tail=25 r61=15 gh60=0x5689baa W1=0x1d6d,0x2f13,0x147a W2=0x1c7a,0x219a,0x1eb7
  witness[10] tail=25 r61=17 gh60=0x4c845ba W1=0x32ba,0x1415,0xf55 W2=0x31c7,0xf34,0x1527
  witness[11] tail=25 r61=19 gh60=0x475cf9e W1=0x27a8,0xb88,0x2aab W2=0x26b5,0x2df,0x3c21
  witness[12] tail=25 r61=20 gh60=0xca644aa W1=0x1cf2,0x210d,0x178b W2=0x1bff,0x36d2,0x27d1
  witness[13] tail=25 r61=20 gh60=0xc6f8ce6 W1=0x2613,0x83c,0x29df W2=0x2520,0x36ee,0x3b11
  witness[14] tail=25 r61=23 gh60=0xd8f7fba W1=0xfb6,0xc41,0x2f64 W2=0xec3,0x3c4d,0x1935
  witness[15] tail=25 r61=23 gh60=0x7a787fe W1=0x2397,0x40e,0x89b W2=0x22a4,0x3b5e,0x1c54

Scan-only r61 registry
  registry_count=16 registry_cap=16
  r61_witness[00] r61=14 tail=34 gh60=0xcd0dd6e W1=0x3ee0,0x36d8,0x356e W2=0x3ded,0x1a94,0x21e4
  r61_witness[01] r61=15 tail=24 gh60=0x4f08566 W1=0xacb,0x73c,0x10e W2=0x9d8,0x1787,0x1a2f
  r61_witness[02] r61=15 tail=25 gh60=0x5689baa W1=0x1d6d,0x2f13,0x147a W2=0x1c7a,0x219a,0x1eb7
  r61_witness[03] r61=15 tail=27 gh60=0x3aa4566 W1=0x2e4,0x2d2,0x3b27 W2=0x1f1,0x373a,0x3c9f
  r61_witness[04] r61=15 tail=29 gh60=0xca084ea W1=0x1c0d,0xf80,0x3b7f W2=0x1b1a,0x2946,0x2f40
  r61_witness[05] r61=15 tail=29 gh60=0xb909f66 W1=0x3fcb,0x3321,0x2ebf W2=0x3ed8,0x14d9,0xc23
  r61_witness[06] r61=15 tail=30 gh60=0xca285fa W1=0x2a95,0x2fc3,0x1839 W2=0x29a2,0x1adf,0x1055
  r61_witness[07] r61=15 tail=32 gh60=0x44884a6 W1=0x42b,0x1d2d,0x279f W2=0x338,0x98a,0x3f9a
  r61_witness[08] r61=15 tail=34 gh60=0xca285fa W1=0x2a95,0x2fc3,0x183d W2=0x29a2,0x1adf,0x1059
  r61_witness[09] r61=16 tail=26 gh60=0xc508d6e W1=0x6df,0x1687,0xcf9 W2=0x5ec,0x3bc2,0x79f
  r61_witness[10] r61=16 tail=27 gh60=0xca085e6 W1=0x3c8b,0x2d03,0x30b2 W2=0x3b98,0x34c2,0x2b34
  r61_witness[11] r61=16 tail=28 gh60=0x5609be6 W1=0x3d8b,0x2b47,0x2b93 W2=0x3c98,0x3413,0x3f1e
  r61_witness[12] r61=16 tail=30 gh60=0x598bcaa W1=0x10ed,0x11d2,0xdfa W2=0xffa,0x3f49,0x3e1c
  r61_witness[13] r61=16 tail=30 gh60=0xc9987aa W1=0x23c1,0xbef,0x3ad6 W2=0x22ce,0xf37,0x3b37
  r61_witness[14] r61=16 tail=30 gh60=0xce08cee W1=0x271f,0x1422,0x363d W2=0x262c,0x2ded,0x28de
  r61_witness[15] r61=16 tail=30 gh60=0xda18cfa W1=0x2815,0x2858,0x37e8 W2=0x2722,0x89b,0x16ca

D60=0 fiber histogram: 1:8112 2:4867 3:1761 4:1114 5:396 6:230 7:80 8:87 9:21 10:18 11:10 12:11 13:2 14:3 16:2 18:1 19:1 20:1 22:1
