free_word_mitm_reducedn
N=14 mask=0x3fff msb=0x2000
candidate: M0=0x3d36 mode=random-fallback fill=0x3fff kernel=dM0=dM9=0x2000
prefixes=32768/268435456 mode=permuted-prefix-sample w59_per_prefix=16384 total=536870912
run_mode=scan registry_cap=16
sample_start=30113792
scan_elapsed=20.247s rate=26.52 Mtriples/s

D60 interface
  D60=0 matches: 32507 (random expectation 32768.0, enrichment 0.992x)
  prefixes with D60=0: 16459
  max D60=0 fiber per prefix: 20 at W57=0x3109 W58=0x3648
  largest D60 bucket: D=0xef4 count=33707
  min D60 HW: 0
  D60 HW histogram: 0:32507 1:456630 2:2971812 3:11896680 4:32757759 5:65594494 6:98451212 7:112545412 8:98428733 9:65573852 10:32771236 11:11919238 12:2979858 13:458973 14:32516

Tail closure among D60=0 matches
  final tail collisions: 0
  best r61 HW: 13
  best r61 W1[57..59]=0xfaf,0x3b91,0x3ca1
  best r61 W2[57..59]=0xebc,0x20f0,0xd22
  best tail HW: 18
  best tail r61 HW: 20
  best W1[57..59]=0x11a,0x140c,0xef5
  best W2[57..59]=0x27,0x36c8,0x359a

SUMMARY N=14 sample_start=30113792 prefixes=32768 total=536870912 d0=32507 best_tail=18 tail_r61=20 best_r61=13 tail_W1=0x11a,0x140c,0xef5 tail_W2=0x27,0x36c8,0x359a r61_W1=0xfaf,0x3b91,0x3ca1 r61_W2=0xebc,0x20f0,0xd22

Scan-only witness registry
  registry_count=16 registry_cap=16
  witness[00] tail=18 r61=20 gh60=0x5a05cfa W1=0x11a,0x140c,0xef5 W2=0x27,0x36c8,0x359a
  witness[01] tail=21 r61=14 gh60=0xc487d9a W1=0x2eaa,0x3e7a,0x1078 W2=0x2db7,0x18e7,0x3848
  witness[02] tail=21 r61=16 gh60=0x4b1856e W1=0x1a5f,0x3f3b,0x12b4 W2=0x196c,0x2dd9,0x1bf4
  witness[03] tail=21 r61=23 gh60=0xdb8c5ae W1=0xc70,0x2352,0x36fe W2=0xb7d,0xa0b,0x2fd1
  witness[04] tail=23 r61=18 gh60=0x5b59bba W1=0x21b9,0x517,0x3af3 W2=0x20c6,0x3f2e,0x1dc
  witness[05] tail=23 r61=23 gh60=0xd8f4cae W1=0x3930,0x3a43,0x65a W2=0x383d,0x33a3,0x1eb5
  witness[06] tail=24 r61=19 gh60=0x3f04d66 W1=0x264c,0x3332,0xb0d W2=0x2559,0x5dd,0x30f3
  witness[07] tail=24 r61=19 gh60=0x5f98de6 W1=0x26a3,0x1852,0x3617 W2=0x25b0,0xdb0,0x1b7a
  witness[08] tail=24 r61=20 gh60=0x56f877a W1=0x2bd5,0x3583,0x3f88 W2=0x2ae2,0x2663,0x2149
  witness[09] tail=24 r61=26 gh60=0xcdbcca6 W1=0x363c,0x158,0x281e W2=0x3549,0x31e5,0x1020
  witness[10] tail=25 r61=24 gh60=0x4b75cae W1=0x1f30,0x568,0x318e W2=0x1e3d,0x3348,0x2cf0
  witness[11] tail=25 r61=26 gh60=0xb4ac5a6 W1=0x32b4,0x3144,0x3b18 W2=0x31c1,0x3498,0x15fb
  witness[12] tail=26 r61=17 gh60=0x4968bba W1=0x5b5,0x8a1,0x14c1 W2=0x4c2,0x38b4,0x22cc
  witness[13] tail=26 r61=18 gh60=0x3be4bea W1=0x2592,0x1b50,0x3e0a W2=0x249f,0xe24,0x2ca
  witness[14] tail=26 r61=18 gh60=0xc90bb6e W1=0x2d4f,0x17d9,0x121e W2=0x2c5c,0x3ff8,0x36b9
  witness[15] tail=26 r61=18 gh60=0xc719d66 W1=0x3ecb,0x3107,0x1308 W2=0x3dd8,0x4cf,0x141f

Scan-only r61 registry
  registry_count=16 registry_cap=16
  r61_witness[00] r61=13 tail=37 gh60=0x488bfae W1=0xfaf,0x3b91,0x3ca1 W2=0xebc,0x20f0,0xd22
  r61_witness[01] r61=14 tail=21 gh60=0xc487d9a W1=0x2eaa,0x3e7a,0x1078 W2=0x2db7,0x18e7,0x3848
  r61_witness[02] r61=15 tail=32 gh60=0x5a044fa W1=0xd1a,0x322b,0x18c9 W2=0xc27,0x19e8,0x1fb8
  r61_witness[03] r61=15 tail=39 gh60=0x4908b6a W1=0x25e1,0x360b,0xc66 W2=0x24ee,0x343e,0x325e
  r61_witness[04] r61=16 tail=21 gh60=0x4b1856e W1=0x1a5f,0x3f3b,0x12b4 W2=0x196c,0x2dd9,0x1bf4
  r61_witness[05] r61=16 tail=27 gh60=0xd5885ae W1=0x26f,0x1bb2,0x3d53 W2=0x17c,0x3e7a,0x3c91
  r61_witness[06] r61=16 tail=31 gh60=0xc8884a6 W1=0xd3b,0x1c8,0x364d W2=0xc48,0x113,0xd4
  r61_witness[07] r61=16 tail=31 gh60=0xc90bb66 W1=0x2d4b,0xcc6,0x227 W2=0x2c58,0x522,0x1deb
  r61_witness[08] r61=16 tail=32 gh60=0x4a087ea W1=0x3b8d,0x1268,0x26f5 W2=0x3a9a,0x1636,0x191e
  r61_witness[09] r61=16 tail=32 gh60=0xc485da6 W1=0x3ebc,0x11f2,0x3986 W2=0x3dc9,0x2ba9,0x3140
  r61_witness[10] r61=16 tail=34 gh60=0xc4a849e W1=0x427,0x1a05,0x72c W2=0x334,0x27b4,0x33c8
  r61_witness[11] r61=16 tail=34 gh60=0xd8a8c9a W1=0x729,0x3b,0x49d W2=0x636,0x2309,0x50
  r61_witness[12] r61=16 tail=35 gh60=0x4e08bee W1=0x198f,0x2bbe,0x2bbb W2=0x189c,0x3251,0x32e4
  r61_witness[13] r61=16 tail=35 gh60=0x590876e W1=0x23df,0x1204,0x15ec W2=0x22ec,0x1136,0x1b9e
  r61_witness[14] r61=16 tail=35 gh60=0x5a1bce6 W1=0x311b,0x26d0,0x1431 W2=0x3028,0xe50,0x28ed
  r61_witness[15] r61=16 tail=37 gh60=0xca084e6 W1=0x351b,0x3377,0x1c2a W2=0x3428,0x438,0x3511

D60=0 fiber histogram: 1:7951 2:4766 3:1794 4:1070 5:442 6:202 7:94 8:69 9:27 10:27 11:7 12:5 13:2 16:1 18:1 20:1
