free_word_mitm_reducedn
N=14 mask=0x3fff msb=0x2000
candidate: M0=0x3d36 mode=random-fallback fill=0x3fff kernel=dM0=dM9=0x2000
prefixes=32768/268435456 mode=permuted-prefix-sample w59_per_prefix=16384 total=536870912
run_mode=scan registry_cap=16
sample_start=181108736
scan_elapsed=19.886s rate=27.00 Mtriples/s

D60 interface
  D60=0 matches: 32425 (random expectation 32768.0, enrichment 0.990x)
  prefixes with D60=0: 16415
  max D60=0 fiber per prefix: 18 at W57=0x304c W58=0x3d08
  largest D60 bucket: D=0x3b24 count=33796
  min D60 HW: 0
  D60 HW histogram: 0:32425 1:456592 2:2972915 3:11905495 4:32783918 5:65601665 6:98428032 7:112495574 8:98406330 9:65613455 10:32793921 11:11914336 12:2975653 13:458112 14:32489

Tail closure among D60=0 matches
  final tail collisions: 0
  best r61 HW: 13
  best r61 W1[57..59]=0x193f,0xf4e,0x1276
  best r61 W2[57..59]=0x184c,0x399d,0x2a53
  best tail HW: 22
  best tail r61 HW: 21
  best W1[57..59]=0x2662,0x1ee2,0x3df6
  best W2[57..59]=0x256f,0x3062,0xc6b

SUMMARY N=14 sample_start=181108736 prefixes=32768 total=536870912 d0=32425 best_tail=22 tail_r61=21 best_r61=13 tail_W1=0x2662,0x1ee2,0x3df6 tail_W2=0x256f,0x3062,0xc6b r61_W1=0x193f,0xf4e,0x1276 r61_W2=0x184c,0x399d,0x2a53

Scan-only witness registry
  registry_count=16 registry_cap=16
  witness[00] tail=22 r61=21 gh60=0xc6e4d6a W1=0x2662,0x1ee2,0x3df6 W2=0x256f,0x3062,0xc6b
  witness[01] tail=22 r61=22 gh60=0xc629ba6 W1=0x183,0x219f,0x4a3 W2=0x90,0x2881,0x30d1
  witness[02] tail=22 r61=23 gh60=0xc6e4ba6 W1=0x3974,0x34fc,0x22d2 W2=0x3881,0x961,0x2c3d
  witness[03] tail=22 r61=26 gh60=0x5bac7a6 W1=0xbb4,0x17f1,0x17b4 W2=0xac1,0x2c7,0x2fc4
  witness[04] tail=23 r61=18 gh60=0xcf2cb66 W1=0x19d4,0x1456,0x2747 W2=0x18e1,0x2e45,0x3490
  witness[05] tail=23 r61=19 gh60=0xda0c7ea W1=0x2b8e,0x1157,0x131f W2=0x2a9b,0x1626,0x79d
  witness[06] tail=23 r61=21 gh60=0x4ebdb9e W1=0x3d68,0x3401,0x1555 W2=0x3c75,0x2bae,0x3f0f
  witness[07] tail=24 r61=20 gh60=0xbb59bba W1=0x21b9,0x3917,0x193 W2=0x20c6,0x332e,0x2db7
  witness[08] tail=24 r61=21 gh60=0xca3cda6 W1=0x684,0x223f,0x1ec2 W2=0x591,0x1a14,0x397f
  witness[09] tail=24 r61=23 gh60=0xd9e8cba W1=0x2739,0x324,0xc98 W2=0x2646,0x26e3,0x29f7
  witness[10] tail=24 r61=26 gh60=0x49ec4a6 W1=0x2af4,0x1b33,0x1da7 W2=0x2a01,0xa21,0x21f9
  witness[11] tail=25 r61=18 gh60=0xca1cbe6 W1=0x3594,0xdfe,0x318f W2=0x34a1,0x245d,0x8e7
  witness[12] tail=25 r61=19 gh60=0x4715d6e W1=0x1ed0,0x1fef,0x7b5 W2=0x1ddd,0xbc3,0xc00
  witness[13] tail=25 r61=21 gh60=0x5eb8daa W1=0x2671,0x3a0c,0x3a2c W2=0x257e,0x3af3,0x32d0
  witness[14] tail=25 r61=21 gh60=0x5d8c4a6 W1=0x2c2c,0x128e,0xee7 W2=0x2b39,0xeea,0x1738
  witness[15] tail=25 r61=22 gh60=0xbbbbcae W1=0x10ef,0x3151,0x1f33 W2=0xffc,0x3eac,0xbdc

Scan-only r61 registry
  registry_count=16 registry_cap=16
  r61_witness[00] r61=13 tail=28 gh60=0x4898cae W1=0x193f,0xf4e,0x1276 W2=0x184c,0x399d,0x2a53
  r61_witness[01] r61=14 tail=29 gh60=0xc9e4caa W1=0x2742,0x3f53,0x1eae W2=0x264f,0x2a7,0x3dcf
  r61_witness[02] r61=14 tail=38 gh60=0x3908766 W1=0xbdb,0x124a,0x90a W2=0xae8,0x3971,0x3c60
  r61_witness[03] r61=15 tail=27 gh60=0x3ca859a W1=0x3ca9,0x232d,0x11b6 W2=0x3bb6,0x1156,0x24e4
  r61_witness[04] r61=15 tail=30 gh60=0x4f0fb9a W1=0xdca,0x17ea,0x1c2a W2=0xcd7,0x3a77,0x252c
  r61_witness[05] r61=15 tail=31 gh60=0x44884a6 W1=0x42b,0x152d,0x9cb W2=0x338,0x18a,0x23c4
  r61_witness[06] r61=15 tail=31 gh60=0x56087ee W1=0x3b8f,0x2226,0x2d68 W2=0x3a9c,0x2df8,0xcf1
  r61_witness[07] r61=15 tail=32 gh60=0xcb0856e W1=0xadf,0x1743,0x2d2b W2=0x9ec,0x38fd,0xae1
  r61_witness[08] r61=15 tail=32 gh60=0x39844a6 W1=0xb2c,0x1255,0xc5c W2=0xa39,0x22b1,0x3915
  r61_witness[09] r61=15 tail=36 gh60=0x4609dea W1=0x3ea1,0x1d26,0x3b54 W2=0x3dae,0x1d75,0x1f3e
  r61_witness[10] r61=15 tail=38 gh60=0xca08ce6 W1=0x270b,0x3806,0x32b2 W2=0x2618,0x1318,0x1831
  r61_witness[11] r61=16 tail=27 gh60=0xbe07c9a W1=0x310a,0x1827,0x2c15 W2=0x3017,0x312c,0x195b
  r61_witness[12] r61=16 tail=29 gh60=0xc68449a W1=0x1bea,0x144f,0xd8e W2=0x1af7,0xad9,0x2140
  r61_witness[13] r61=16 tail=30 gh60=0xbe0bcea W1=0x300d,0x2f41,0x151c W2=0x2f1a,0x2680,0x17fa
  r61_witness[14] r61=16 tail=31 gh60=0x38884aa W1=0x3b2d,0x2519,0xbe7 W2=0x3a3a,0x3e95,0x5d2
  r61_witness[15] r61=16 tail=32 gh60=0x590bb6a W1=0x11e1,0x24a,0x16d2 W2=0x10ee,0x2c39,0x93a

D60=0 fiber histogram: 1:7855 2:4841 3:1859 4:1015 5:379 6:243 7:72 8:80 9:21 10:26 11:6 12:9 13:4 14:2 16:1 17:1 18:1
