free_word_mitm_reducedn
N=14 mask=0x3fff msb=0x2000
candidate: M0=0x3d36 mode=random-fallback fill=0x3fff kernel=dM0=dM9=0x2000
prefixes=32768/268435456 mode=permuted-prefix-sample w59_per_prefix=16384 total=536870912
run_mode=scan registry_cap=16
sample_start=80478208
scan_elapsed=17.510s rate=30.66 Mtriples/s

D60 interface
  D60=0 matches: 32679 (random expectation 32768.0, enrichment 0.997x)
  prefixes with D60=0: 16579
  max D60=0 fiber per prefix: 19 at W57=0x1402 W58=0x1a5a
  largest D60 bucket: D=0x2db7 count=34017
  min D60 HW: 0
  D60 HW histogram: 0:32679 1:457115 2:2984326 3:11924998 4:32813032 5:65607324 6:98444874 7:112477028 8:98387424 9:65574560 10:32777676 11:11920116 12:2978483 13:458593 14:32684

Tail closure among D60=0 matches
  final tail collisions: 0
  best r61 HW: 13
  best r61 W1[57..59]=0x1f3c,0x734,0x1285
  best r61 W2[57..59]=0x1e49,0x14c3,0x1801
  best tail HW: 23
  best tail r61 HW: 15
  best W1[57..59]=0x2807,0x3722,0x2752
  best W2[57..59]=0x2714,0xcc,0x1280

SUMMARY N=14 sample_start=80478208 prefixes=32768 total=536870912 d0=32679 best_tail=23 tail_r61=15 best_r61=13 tail_W1=0x2807,0x3722,0x2752 tail_W2=0x2714,0xcc,0x1280 r61_W1=0x1f3c,0x734,0x1285 r61_W2=0x1e49,0x14c3,0x1801

Scan-only witness registry
  registry_count=16 registry_cap=16
  witness[00] tail=23 r61=15 gh60=0xb658c9e W1=0x2807,0x3722,0x2752 W2=0x2714,0xcc,0x1280
  witness[01] tail=23 r61=20 gh60=0x3ef9cee W1=0x1e1f,0x38a5,0x2653 W2=0x1d2c,0x28fc,0x2019
  witness[02] tail=24 r61=19 gh60=0x37887aa W1=0x1b71,0x261c,0x3e8f W2=0x1a7e,0x37e4,0x3f1d
  witness[03] tail=24 r61=23 gh60=0xca18cea W1=0x381d,0xdd7,0x1ff6 W2=0x372a,0x228a,0x3f48
  witness[04] tail=24 r61=24 gh60=0xd6fbdfa W1=0x3095,0x38f2,0x18f W2=0x2fa2,0xfd5,0x39dc
  witness[05] tail=24 r61=25 gh60=0x5f645aa W1=0x22c2,0x33b4,0x221e W2=0x21cf,0xf1,0x29a2
  witness[06] tail=25 r61=16 gh60=0xca9c4ae W1=0xaf0,0x1240,0x1643 W2=0x9fd,0x361,0x2c2
  witness[07] tail=25 r61=16 gh60=0x4d5449e W1=0xc48,0x2f44,0x1c83 W2=0xb55,0x2dbc,0x19ce
  witness[08] tail=25 r61=18 gh60=0xb6685e6 W1=0x293,0x38c2,0xeee W2=0x1a0,0x2b8d,0xdc9
  witness[09] tail=25 r61=18 gh60=0xd738d6a W1=0x385d,0x97d,0xb89 W2=0x376a,0x1dc0,0xb6a
  witness[10] tail=25 r61=19 gh60=0x4a784a6 W1=0x1b03,0x1b6d,0x5b7 W2=0x1a10,0x2a6a,0x20ca
  witness[11] tail=25 r61=19 gh60=0x5a98bae W1=0x256f,0x1c49,0x2fab W2=0x247c,0x14d0,0x1b15
  witness[12] tail=25 r61=20 gh60=0xda1c5e6 W1=0xc9c,0x2f1,0x715 W2=0xba9,0x3aa1,0xe11
  witness[13] tail=25 r61=22 gh60=0xda884aa W1=0x1ced,0x281b,0x2633 W2=0x1bfa,0x3d97,0x13c1
  witness[14] tail=25 r61=24 gh60=0xd898caa W1=0x3731,0x1bd9,0x1c6f W2=0x363e,0x2f18,0x3fb
  witness[15] tail=25 r61=25 gh60=0x5e7c59e W1=0x2488,0x1f52,0x19bc W2=0x2395,0x25dc,0x361d

Scan-only r61 registry
  registry_count=16 registry_cap=16
  r61_witness[00] r61=13 tail=32 gh60=0x4785ca6 W1=0x1f3c,0x734,0x1285 W2=0x1e49,0x14c3,0x1801
  r61_witness[01] r61=14 tail=28 gh60=0xc6885ae W1=0x2c6f,0x27a7,0x2e4d W2=0x2b7c,0xc6f,0xbbf
  r61_witness[02] r61=15 tail=23 gh60=0xb658c9e W1=0x2807,0x3722,0x2752 W2=0x2714,0xcc,0x1280
  r61_witness[03] r61=15 tail=28 gh60=0xce07be6 W1=0xd9c,0x90b,0x339a W2=0xca9,0x3cc4,0x3f79
  r61_witness[04] r61=15 tail=29 gh60=0x4a54cbe W1=0x38f8,0x3556,0x2fd1 W2=0x3805,0xfb6,0x1f76
  r61_witness[05] r61=15 tail=30 gh60=0x4c8cca6 W1=0x162c,0x2a84,0x1158 W2=0x1539,0x1a21,0x2909
  r61_witness[06] r61=15 tail=32 gh60=0xcb8fbae W1=0x31b0,0x23ed,0x3900 W2=0x30bd,0x8f5,0x164d
  r61_witness[07] r61=16 tail=25 gh60=0xca9c4ae W1=0xaf0,0x1240,0x1643 W2=0x9fd,0x361,0x2c2
  r61_witness[08] r61=16 tail=25 gh60=0x4d5449e W1=0xc48,0x2f44,0x1c83 W2=0xb55,0x2dbc,0x19ce
  r61_witness[09] r61=16 tail=26 gh60=0x561bb9a W1=0x2d85,0x1d9b,0x1582 W2=0x2c92,0x386f,0xee5
  r61_witness[10] r61=16 tail=29 gh60=0x450856e W1=0x44f,0x3a52,0x1c4f W2=0x35c,0x2728,0x3ea1
  r61_witness[11] r61=16 tail=29 gh60=0x46045e6 W1=0xc8c,0x3212,0x2a59 W2=0xb99,0x28ce,0x1134
  r61_witness[12] r61=16 tail=29 gh60=0x39644a6 W1=0x2d34,0x1f4c,0x3d30 W2=0x2c41,0x2bba,0xd67
  r61_witness[13] r61=16 tail=29 gh60=0xcd9fda6 W1=0x2ebc,0x2717,0x16d4 W2=0x2dc9,0x2fc6,0xe31
  r61_witness[14] r61=16 tail=34 gh60=0x4a09ce6 W1=0x1b,0x37d1,0x3917 W2=0x3f28,0x2265,0x1aba
  r61_witness[15] r61=16 tail=34 gh60=0x450856e W1=0x34df,0x2762,0x2f6a W2=0x33ec,0x1800,0x2eb8

D60=0 fiber histogram: 1:8096 2:4812 3:1696 4:1071 5:435 6:234 7:75 8:80 9:31 10:25 11:10 12:2 13:4 14:3 16:2 17:1 18:1 19:1
