free_word_mitm_reducedn
N=14 mask=0x3fff msb=0x2000
candidate: M0=0x3d36 mode=random-fallback fill=0x3fff kernel=dM0=dM9=0x2000
prefixes=32768/268435456 mode=permuted-prefix-sample w59_per_prefix=16384 total=536870912
run_mode=scan registry_cap=16
sample_start=231473152
scan_elapsed=17.640s rate=30.44 Mtriples/s

D60 interface
  D60=0 matches: 32516 (random expectation 32768.0, enrichment 0.992x)
  prefixes with D60=0: 16534
  max D60=0 fiber per prefix: 20 at W57=0x3daa W58=0x765
  largest D60 bucket: D=0x2e14 count=33830
  min D60 HW: 0
  D60 HW histogram: 0:32516 1:457215 2:2975945 3:11916943 4:32795084 5:65627467 6:98426386 7:112491270 8:98419745 9:65580441 10:32766145 11:11911274 12:2979130 13:458460 14:32891

Tail closure among D60=0 matches
  final tail collisions: 0
  best r61 HW: 13
  best r61 W1[57..59]=0x2d29,0x3389,0x12d1
  best r61 W2[57..59]=0x2c36,0x19de,0x2e61
  best tail HW: 21
  best tail r61 HW: 23
  best W1[57..59]=0x8ca,0x129,0x369f
  best W2[57..59]=0x7d7,0x2c54,0x308a

SUMMARY N=14 sample_start=231473152 prefixes=32768 total=536870912 d0=32516 best_tail=21 tail_r61=23 best_r61=13 tail_W1=0x8ca,0x129,0x369f tail_W2=0x7d7,0x2c54,0x308a r61_W1=0x2d29,0x3389,0x12d1 r61_W2=0x2c36,0x19de,0x2e61

Scan-only witness registry
  registry_count=16 registry_cap=16
  witness[00] tail=21 r61=23 gh60=0xd73cd9a W1=0x8ca,0x129,0x369f W2=0x7d7,0x2c54,0x308a
  witness[01] tail=22 r61=13 gh60=0x38b849a W1=0x2d29,0x3389,0x12d1 W2=0x2c36,0x19de,0x2e61
  witness[02] tail=23 r61=15 gh60=0xcc8c4ae W1=0x2a40,0x1676,0x89 W2=0x294d,0x3207,0x2734
  witness[03] tail=23 r61=18 gh60=0x562859e W1=0x1a87,0xbb2,0x2ced W2=0x1994,0x2051,0x19ef
  witness[04] tail=23 r61=23 gh60=0xbb58b7a W1=0x3959,0x3c6f,0x21e8 W2=0x3866,0x272,0x133a
  witness[05] tail=23 r61=26 gh60=0x3bb879a W1=0x1365,0x3eed,0x3f77 W2=0x1272,0x140,0x7be
  witness[06] tail=24 r61=18 gh60=0xc904f66 W1=0x375c,0x115a,0xc7a W2=0x3669,0xd8d,0x3ba1
  witness[07] tail=24 r61=24 gh60=0xddeddba W1=0x1eb6,0x192c,0x10ee W2=0x1dc3,0x3b94,0x47c
  witness[08] tail=24 r61=25 gh60=0x5e3c7e6 W1=0x394,0x20bb,0x1adc W2=0x2a1,0xd97,0x3547
  witness[09] tail=24 r61=26 gh60=0xfb2bf7e W1=0xf57,0x4fb,0x1dd W2=0xe64,0x293a,0x703
  witness[10] tail=25 r61=17 gh60=0xcb0bf6a W1=0xfdd,0x32c4,0x38b5 W2=0xeea,0xfcf,0x29c3
  witness[11] tail=25 r61=18 gh60=0x4a85d9a W1=0x3e6a,0x618,0x2fd8 W2=0x3d77,0x34f9,0x12d4
  witness[12] tail=25 r61=20 gh60=0x44e44a6 W1=0x3c34,0x3022,0x1386 W2=0x3b41,0x1f90,0x1a7d
  witness[13] tail=25 r61=21 gh60=0xca5479a W1=0x3366,0x32ac,0x3505 W2=0x3273,0x51c,0x397e
  witness[14] tail=25 r61=22 gh60=0xdc98ce6 W1=0x1823,0x22c8,0x32cc W2=0x1730,0x3f8a,0x429
  witness[15] tail=25 r61=22 gh60=0x4b7849a W1=0x1b25,0x10d4,0x1dd8 W2=0x1a32,0x861,0x1f7f

Scan-only r61 registry
  registry_count=16 registry_cap=16
  r61_witness[00] r61=13 tail=22 gh60=0x38b849a W1=0x2d29,0x3389,0x12d1 W2=0x2c36,0x19de,0x2e61
  r61_witness[01] r61=14 tail=29 gh60=0x4908766 W1=0x35b,0x31ef,0x1514 W2=0x268,0x239c,0x19dd
  r61_witness[02] r61=15 tail=23 gh60=0xcc8c4ae W1=0x2a40,0x1676,0x89 W2=0x294d,0x3207,0x2734
  r61_witness[03] r61=15 tail=28 gh60=0x49bcb9a W1=0x29a6,0x187c,0x2e9f W2=0x28b3,0x15d3,0x3b49
  r61_witness[04] r61=15 tail=29 gh60=0x4a88baa W1=0x96d,0x337c,0x25ca W2=0x87a,0x203f,0x9b9
  r61_witness[05] r61=15 tail=34 gh60=0x4a087e6 W1=0xb8b,0x3219,0x19a2 W2=0xa98,0x18e4,0x3b04
  r61_witness[06] r61=15 tail=34 gh60=0x38b849a W1=0x2d29,0x3389,0x191 W2=0x2c36,0x19de,0x1d21
  r61_witness[07] r61=15 tail=37 gh60=0x490bb66 W1=0x2d4b,0x38db,0xd60 W2=0x2c58,0x3137,0x12ad
  r61_witness[08] r61=16 tail=30 gh60=0x4a07de6 W1=0xe9c,0x3b4f,0x3f39 W2=0xda9,0x3e78,0x1ddc
  r61_witness[09] r61=16 tail=31 gh60=0x4708566 W1=0xc5b,0x981,0x131e W2=0xb68,0x4c0,0x3dce
  r61_witness[10] r61=16 tail=31 gh60=0x4505d66 W1=0x1e4c,0xdcf,0x305b W2=0x1d59,0x2178,0x9c6
  r61_witness[11] r61=16 tail=31 gh60=0x4a0c7fa W1=0x339a,0x249b,0x3285 W2=0x32a7,0x25e0,0x1e61
  r61_witness[12] r61=16 tail=31 gh60=0x491876a W1=0x3be1,0xa54,0x2895 W2=0x3aee,0x1ca2,0x30b0
  r61_witness[13] r61=16 tail=32 gh60=0xca89caa W1=0x101,0x3313,0x3772 W2=0xe,0x3742,0x2bfb
  r61_witness[14] r61=16 tail=32 gh60=0xc987ba6 W1=0x117c,0x201e,0x356c W2=0x1089,0x12e9,0x3464
  r61_witness[15] r61=16 tail=35 gh60=0x5909b66 W1=0x1ddb,0x29d7,0x8c5 W2=0x1ce8,0x3527,0x3d6e

D60=0 fiber histogram: 1:8067 2:4740 3:1788 4:1103 5:402 6:204 7:85 8:68 9:36 10:12 11:11 12:6 13:3 14:4 16:1 17:2 18:1 20:1
