free_word_mitm_reducedn
N=14 mask=0x3fff msb=0x2000
candidate: M0=0x3d36 mode=random-fallback fill=0x3fff kernel=dM0=dM9=0x2000
prefixes=32768/268435456 mode=permuted-prefix-sample w59_per_prefix=16384 total=536870912
run_mode=scan registry_cap=16
sample_start=181141504
scan_elapsed=17.650s rate=30.42 Mtriples/s

D60 interface
  D60=0 matches: 33019 (random expectation 32768.0, enrichment 1.008x)
  prefixes with D60=0: 16646
  max D60=0 fiber per prefix: 25 at W57=0xd80 W58=0x228a
  largest D60 bucket: D=0x2ec0 count=33735
  min D60 HW: 0
  D60 HW histogram: 0:33019 1:457904 2:2976003 3:11914132 4:32817716 5:65647839 6:98466915 7:112486430 8:98354634 9:65558463 10:32767663 11:11918555 12:2978744 13:459807 14:33088

Tail closure among D60=0 matches
  final tail collisions: 0
  best r61 HW: 13
  best r61 W1[57..59]=0x3ffd,0x3591,0xb63
  best r61 W2[57..59]=0x3f0a,0x39bc,0x15f4
  best tail HW: 21
  best tail r61 HW: 22
  best W1[57..59]=0x306d,0x8ba,0x871
  best W2[57..59]=0x2f7a,0x3c19,0x30cb

SUMMARY N=14 sample_start=181141504 prefixes=32768 total=536870912 d0=33019 best_tail=21 tail_r61=22 best_r61=13 tail_W1=0x306d,0x8ba,0x871 tail_W2=0x2f7a,0x3c19,0x30cb r61_W1=0x3ffd,0x3591,0xb63 r61_W2=0x3f0a,0x39bc,0x15f4

Scan-only witness registry
  registry_count=16 registry_cap=16
  witness[00] tail=21 r61=22 gh60=0xcf8bdaa W1=0x306d,0x8ba,0x871 W2=0x2f7a,0x3c19,0x30cb
  witness[01] tail=23 r61=18 gh60=0x4639c9a W1=0x3e09,0x3aea,0x1546 W2=0x3d16,0x243e,0x36e9
  witness[02] tail=24 r61=19 gh60=0x595449e W1=0x3548,0x38f5,0x909 W2=0x3455,0x16e7,0xab6
  witness[03] tail=24 r61=22 gh60=0xf698daa W1=0x871,0x3c75,0x2cf6 W2=0x77e,0x375c,0xef
  witness[04] tail=24 r61=23 gh60=0xb5885aa W1=0x1ac1,0x3048,0x4a2 W2=0x19ce,0x3ad0,0x1f04
  witness[05] tail=25 r61=19 gh60=0xd9ac56a W1=0xae2,0x1cf5,0x37b0 W2=0x9ef,0x2f94,0xfc6
  witness[06] tail=25 r61=20 gh60=0x5a7c4ea W1=0x1a0e,0x292b,0xe9c W2=0x191b,0x3d66,0x17dd
  witness[07] tail=25 r61=21 gh60=0x4a284a6 W1=0x1c03,0x159c,0xbf6 W2=0x1b10,0x3299,0x1524
  witness[08] tail=25 r61=22 gh60=0x5b39b9e W1=0x1dc7,0x15d0,0x1145 W2=0x1cd4,0xd3c,0x324e
  witness[09] tail=25 r61=23 gh60=0x79a47ea W1=0x3ba2,0x3ca2,0x33b6 W2=0x3aaf,0x3b05,0x1f8c
  witness[10] tail=25 r61=25 gh60=0xd489ca6 W1=0x3b,0x118f,0x299e W2=0x3f48,0x399d,0x1f07
  witness[11] tail=25 r61=26 gh60=0xc9bfba6 W1=0x2db4,0x166e,0x1152 W2=0x2cc1,0xec1,0x3888
  witness[12] tail=26 r61=16 gh60=0xc998b66 W1=0x2563,0x2bc,0x3f4c W2=0x2470,0x8b2,0x895
  witness[13] tail=26 r61=18 gh60=0x58b5caa W1=0x3f2e,0x13de,0x343 W2=0x3e3b,0x19de,0x27a2
  witness[14] tail=26 r61=20 gh60=0xca18be6 W1=0x59b,0x3dc9,0x24a W2=0x4a8,0x407,0x1ef2
  witness[15] tail=26 r61=20 gh60=0x4a387ea W1=0x139d,0x3c04,0x604 W2=0x12aa,0x3ebe,0x1317

Scan-only r61 registry
  registry_count=16 registry_cap=16
  r61_witness[00] r61=13 tail=27 gh60=0xca89caa W1=0x3ffd,0x3591,0xb63 W2=0x3f0a,0x39bc,0x15f4
  r61_witness[01] r61=13 tail=29 gh60=0x460bcea W1=0x311d,0x368e,0x1d1c W2=0x302a,0x2ded,0x3c40
  r61_witness[02] r61=14 tail=38 gh60=0x4a59f9e W1=0x3f87,0x1c92,0x18f0 W2=0x3e94,0x13a6,0x1d4
  r61_witness[03] r61=15 tail=29 gh60=0xd90876a W1=0x3b51,0x3e53,0x255e W2=0x3a5e,0x9b5,0x17ca
  r61_witness[04] r61=15 tail=30 gh60=0x5a0459a W1=0x48a,0x38f1,0x2dc8 W2=0x397,0x2747,0xddd
  r61_witness[05] r61=15 tail=31 gh60=0x5897caa W1=0xf2e,0x32e4,0xdbb W2=0xe3b,0x21e4,0xc29
  r61_witness[06] r61=16 tail=26 gh60=0xc998b66 W1=0x2563,0x2bc,0x3f4c W2=0x2470,0x8b2,0x895
  r61_witness[07] r61=16 tail=29 gh60=0x5a0fcee W1=0x1120,0x60c,0x2647 W2=0x102d,0x2368,0x19ff
  r61_witness[08] r61=16 tail=31 gh60=0xba0bfe6 W1=0xf8b,0x2c0,0xa26 W2=0xe98,0x1408,0x26a5
  r61_witness[09] r61=16 tail=31 gh60=0xc48c4a6 W1=0x2c3c,0x17ac,0x344b W2=0x2b49,0x14f8,0x762
  r61_witness[10] r61=16 tail=32 gh60=0x4a88caa W1=0x2901,0x695,0x10a8 W2=0x280e,0x844,0x3736
  r61_witness[11] r61=16 tail=33 gh60=0x7a184ee W1=0x240f,0x30cb,0x12e4 W2=0x231c,0x1bf1,0x37ca
  r61_witness[12] r61=16 tail=34 gh60=0x4879faa W1=0x1fad,0x2717,0xdc0 W2=0x1eba,0x132a,0x1d79
  r61_witness[13] r61=16 tail=35 gh60=0x4d0856e W1=0x2adf,0xd77,0x2aad W2=0x29ec,0x3939,0x3ca3
  r61_witness[14] r61=16 tail=36 gh60=0xca047e6 W1=0x3b8c,0xcc8,0x1e4d W2=0x3a99,0x498,0x2fd8
  r61_witness[15] r61=16 tail=40 gh60=0x4609cea W1=0x3f1d,0x1520,0x20b3 W2=0x3e2a,0x1983,0x26ab

D60=0 fiber histogram: 1:8091 2:4703 3:1852 4:1114 5:420 6:216 7:75 8:105 9:21 10:25 11:10 12:6 13:3 15:2 16:1 18:1 25:1
