free_word_mitm_reducedn
N=14 mask=0x3fff msb=0x2000
candidate: M0=0x3d36 mode=random-fallback fill=0x3fff kernel=dM0=dM9=0x2000
prefixes=32768/268435456 mode=permuted-prefix-sample w59_per_prefix=16384 total=536870912
run_mode=scan registry_cap=16
sample_start=63700992
scan_elapsed=17.518s rate=30.65 Mtriples/s

D60 interface
  D60=0 matches: 32861 (random expectation 32768.0, enrichment 1.003x)
  prefixes with D60=0: 16560
  max D60=0 fiber per prefix: 17 at W57=0x24ed W58=0x2593
  largest D60 bucket: D=0xc20 count=33865
  min D60 HW: 0
  D60 HW histogram: 0:32861 1:456188 2:2978274 3:11925785 4:32815362 5:65605901 6:98437664 7:112489525 8:98398019 9:65567031 10:32775577 11:11922245 12:2977066 13:456937 14:32477

Tail closure among D60=0 matches
  final tail collisions: 0
  best r61 HW: 12
  best r61 W1[57..59]=0x3641,0x1a74,0x1176
  best r61 W2[57..59]=0x354e,0x32e3,0x14bd
  best tail HW: 20
  best tail r61 HW: 19
  best W1[57..59]=0xdb0,0x927,0x3c8f
  best W2[57..59]=0xcbd,0x2b37,0x1f66

SUMMARY N=14 sample_start=63700992 prefixes=32768 total=536870912 d0=32861 best_tail=20 tail_r61=19 best_r61=12 tail_W1=0xdb0,0x927,0x3c8f tail_W2=0xcbd,0x2b37,0x1f66 r61_W1=0x3641,0x1a74,0x1176 r61_W2=0x354e,0x32e3,0x14bd

Scan-only witness registry
  registry_count=16 registry_cap=16
  witness[00] tail=20 r61=19 gh60=0xc89fbae W1=0xdb0,0x927,0x3c8f W2=0xcbd,0x2b37,0x1f66
  witness[01] tail=21 r61=18 gh60=0x4b9bcba W1=0x10f5,0x44c,0x2a9 W2=0x1002,0x1143,0x3a22
  witness[02] tail=22 r61=19 gh60=0xb938c9e W1=0x947,0x26d8,0x2b18 W2=0x854,0x220e,0x8bb
  witness[03] tail=23 r61=19 gh60=0xde18cea W1=0x1821,0x3f0a,0x1a7c W2=0x172e,0x1401,0x28b9
  witness[04] tail=23 r61=20 gh60=0xbb17f6a W1=0x2fde,0x16ad,0x19c3 W2=0x2eeb,0x5bd,0x190d
  witness[05] tail=23 r61=21 gh60=0xc8ebfa6 W1=0x2fb3,0x20ed,0x39ad W2=0x2ec0,0x3bcf,0xf02
  witness[06] tail=23 r61=23 gh60=0xfb184a6 W1=0x3343,0x3390,0x396d W2=0x3250,0x20b,0x1af6
  witness[07] tail=24 r61=21 gh60=0x4da45aa W1=0x3ab2,0x33d,0x1da1 W2=0x39bf,0x20ea,0x3306
  witness[08] tail=24 r61=22 gh60=0xd6ecc9a W1=0x37e6,0x328a,0x184b W2=0x36f3,0x23d9,0x17bf
  witness[09] tail=25 r61=18 gh60=0x5ebc4aa W1=0x32fe,0x2e3,0xc7c W2=0x320b,0x1954,0x1674
  witness[10] tail=25 r61=19 gh60=0x4d28d7a W1=0x659,0x10d3,0x1510 W2=0x566,0x2ec6,0x3b80
  witness[11] tail=25 r61=19 gh60=0xd9884aa W1=0x1b01,0x1fee,0x18ff W2=0x1a0e,0x371e,0xa30
  witness[12] tail=25 r61=19 gh60=0xcf94caa W1=0x26fe,0x28af,0xc69 W2=0x260b,0x2c9f,0x25f
  witness[13] tail=25 r61=19 gh60=0x471c566 W1=0x3c4c,0x3f7b,0x2dcb W2=0x3b59,0xacb,0x179d
  witness[14] tail=25 r61=20 gh60=0xcb8dbba W1=0x1ba,0x1516,0x2e7a W2=0xc7,0x312,0x3cbb
  witness[15] tail=25 r61=21 gh60=0xcd78566 W1=0x34d3,0x5c0,0x2ba W2=0x33e0,0x26f7,0x5d2

Scan-only r61 registry
  registry_count=16 registry_cap=16
  r61_witness[00] r61=12 tail=26 gh60=0x4488caa W1=0x3641,0x1a74,0x1176 W2=0x354e,0x32e3,0x14bd
  r61_witness[01] r61=13 tail=28 gh60=0x4a09dea W1=0x209d,0x87c,0x14b4 W2=0x1faa,0x12c7,0xb10
  r61_witness[02] r61=14 tail=33 gh60=0x58987ae W1=0xbaf,0x12ff,0x1091 W2=0xabc,0xd57,0x2da1
  r61_witness[03] r61=15 tail=27 gh60=0x5a044e6 W1=0xa1c,0x2786,0x1abc W2=0x929,0x54e,0x10a5
  r61_witness[04] r61=15 tail=31 gh60=0x4909f6a W1=0x1f51,0x391a,0x1e07 W2=0x1e5e,0x3b35,0x231f
  r61_witness[05] r61=15 tail=36 gh60=0xd6144ea W1=0x3b0e,0x1d64,0x3e6d W2=0x3a1b,0x336f,0xa1c
  r61_witness[06] r61=16 tail=26 gh60=0x4f1877a W1=0xbd5,0x17a3,0x697 W2=0xae2,0xe7b,0x2ab4
  r61_witness[07] r61=16 tail=30 gh60=0x39f7b6a W1=0x2dce,0x55b,0x2818 W2=0x2cdb,0x355b,0x24
  r61_witness[08] r61=16 tail=30 gh60=0x79887aa W1=0x336d,0x3b71,0xfbd W2=0x327a,0x3d35,0x9a7
  r61_witness[09] r61=16 tail=32 gh60=0x4994baa W1=0x19ae,0x3fc7,0x1fd0 W2=0x18bb,0xc0f,0x3e6a
  r61_witness[10] r61=16 tail=34 gh60=0x4608fe6 W1=0x278b,0x2352,0x17b9 W2=0x2698,0x81c,0x1aa4
  r61_witness[11] r61=16 tail=35 gh60=0x461cfe6 W1=0x278c,0x1907,0x2b48 W2=0x2699,0x1d2,0x1d18
  r61_witness[12] r61=16 tail=36 gh60=0x4a084ea W1=0x321,0x151a,0x1d3d W2=0x22e,0x1cc4,0x28f7
  r61_witness[13] r61=16 tail=37 gh60=0x48b8baa W1=0x19c1,0x1e2e,0x570 W2=0x18ce,0x2a35,0x3d8
  r61_witness[14] r61=17 tail=26 gh60=0xbb0bf66 W1=0x2fcb,0x345b,0x21c3 W2=0x2ed8,0xb17,0x3539
  r61_witness[15] r61=17 tail=27 gh60=0x49add6a W1=0xe2,0x3f0a,0x191a W2=0x3fef,0xe0a,0xf94

D60=0 fiber histogram: 1:7901 2:4828 3:1860 4:1081 5:433 6:239 7:88 8:64 9:28 10:17 11:10 12:8 14:2 17:1
