free_word_mitm_reducedn
N=14 mask=0x3fff msb=0x2000
candidate: M0=0x3d36 mode=random-fallback fill=0x3fff kernel=dM0=dM9=0x2000
prefixes=32768/268435456 mode=permuted-prefix-sample w59_per_prefix=16384 total=536870912
run_mode=scan registry_cap=16
sample_start=147587072
scan_elapsed=17.764s rate=30.22 Mtriples/s

D60 interface
  D60=0 matches: 32793 (random expectation 32768.0, enrichment 1.001x)
  prefixes with D60=0: 16482
  max D60=0 fiber per prefix: 24 at W57=0x317b W58=0xc49
  largest D60 bucket: D=0x2954 count=33876
  min D60 HW: 0
  D60 HW histogram: 0:32793 1:457776 2:2982551 3:11927157 4:32790419 5:65597348 6:98430853 7:112508489 8:98418667 9:65577036 10:32774685 11:11906281 12:2975155 13:458717 14:32985

Tail closure among D60=0 matches
  final tail collisions: 0
  best r61 HW: 11
  best r61 W1[57..59]=0x2d0f,0x1887,0x2b64
  best r61 W2[57..59]=0x2c1c,0x351d,0x134f
  best tail HW: 18
  best tail r61 HW: 20
  best W1[57..59]=0x1a66,0x1c00,0x135
  best W2[57..59]=0x1973,0x826,0x13ff

SUMMARY N=14 sample_start=147587072 prefixes=32768 total=536870912 d0=32793 best_tail=18 tail_r61=20 best_r61=11 tail_W1=0x1a66,0x1c00,0x135 tail_W2=0x1973,0x826,0x13ff r61_W1=0x2d0f,0x1887,0x2b64 r61_W2=0x2c1c,0x351d,0x134f

Scan-only witness registry
  registry_count=16 registry_cap=16
  witness[00] tail=18 r61=20 gh60=0x5e5c59a W1=0x1a66,0x1c00,0x135 W2=0x1973,0x826,0x13ff
  witness[01] tail=20 r61=19 gh60=0x7d5bdba W1=0x10b9,0x280d,0x23ab W2=0xfc6,0x3868,0x615
  witness[02] tail=21 r61=19 gh60=0x36a44aa W1=0x32f2,0x1556,0x3e31 W2=0x31ff,0x2d1b,0x2479
  witness[03] tail=23 r61=20 gh60=0xdbd4c9e W1=0x2908,0x3730,0x1205 W2=0x2815,0xdb,0xf25
  witness[04] tail=23 r61=21 gh60=0xca8c7ba W1=0x237a,0x3fd8,0x339d W2=0x2287,0x3327,0x2c2c
  witness[05] tail=23 r61=22 gh60=0xf8f4faa W1=0x27be,0xf4d,0x27f7 W2=0x26cb,0xc45,0x2d7f
  witness[06] tail=23 r61=28 gh60=0xd964fa6 W1=0x37b4,0x444,0x275 W2=0x36c1,0x3999,0x258f
  witness[07] tail=24 r61=17 gh60=0x49a8566 W1=0x3ae3,0x7b9,0x2d4a W2=0x39f0,0x922,0xfb7
  witness[08] tail=24 r61=18 gh60=0x3ca8cba W1=0x1635,0x32c8,0x1dd6 W2=0x1542,0x2a87,0xa6a
  witness[09] tail=24 r61=18 gh60=0x4ba849a W1=0x32e9,0x1d12,0x9c1 W2=0x31f6,0x15e1,0x317a
  witness[10] tail=24 r61=22 gh60=0xcd84ca6 W1=0x363c,0x96d,0x1a26 W2=0x3549,0x39fa,0x2122
  witness[11] tail=25 r61=14 gh60=0x4e08cea W1=0x1621,0x1eac,0x2a3c W2=0x152e,0x39a3,0x1d7
  witness[12] tail=25 r61=21 gh60=0x54bc59a W1=0x1aa6,0x17a6,0x10b3 W2=0x19b3,0x358,0x4eb
  witness[13] tail=25 r61=22 gh60=0xcb884aa W1=0x1a3d,0x1fe,0x275a W2=0x194a,0x14aa,0x1bb
  witness[14] tail=25 r61=22 gh60=0xcba84ba W1=0x1cf5,0x3aaa,0x206a W2=0x1c02,0x3024,0x2c4d
  witness[15] tail=25 r61=22 gh60=0xca69cfa W1=0x1f19,0x2403,0x22cc W2=0x1e26,0x8ba,0x1763

Scan-only r61 registry
  registry_count=16 registry_cap=16
  r61_witness[00] r61=11 tail=33 gh60=0x7a084ee W1=0x2d0f,0x1887,0x2b64 W2=0x2c1c,0x351d,0x134f
  r61_witness[01] r61=14 tail=25 gh60=0x4e08cea W1=0x1621,0x1eac,0x2a3c W2=0x152e,0x39a3,0x1d7
  r61_witness[02] r61=15 tail=27 gh60=0xcd0bd6a W1=0x104d,0x3d07,0xff9 W2=0xf5a,0x35d2,0xa1c
  r61_witness[03] r61=16 tail=26 gh60=0x4c884aa W1=0xc31,0x19b5,0xb53 W2=0xb3e,0x1fb5,0x3437
  r61_witness[04] r61=16 tail=27 gh60=0xc9b9cae W1=0x20ef,0x2080,0xc48 W2=0x1ffc,0x3ce3,0x2739
  r61_witness[05] r61=16 tail=30 gh60=0x4e0cdea W1=0x68e,0x1c77,0x45b W2=0x59b,0x1f57,0x3209
  r61_witness[06] r61=16 tail=36 gh60=0xda084ea W1=0x2d0d,0x38de,0x1b26 W2=0x2c1a,0x3d50,0x3977
  r61_witness[07] r61=17 tail=24 gh60=0x49a8566 W1=0x3ae3,0x7b9,0x2d4a W2=0x39f0,0x922,0xfb7
  r61_witness[08] r61=17 tail=26 gh60=0xd909b6a W1=0x215d,0x2b2f,0x2c9a W2=0x206a,0x1b56,0x3b3d
  r61_witness[09] r61=17 tail=27 gh60=0xda68c9a W1=0x36e9,0x25ce,0x30e3 W2=0x35f6,0x191c,0x388c
  r61_witness[10] r61=17 tail=28 gh60=0xc608cea W1=0x170d,0xcbf,0x2a96 W2=0x161a,0x22b6,0x31c2
  r61_witness[11] r61=17 tail=29 gh60=0x463bbea W1=0x319d,0xdb0,0x34ca W2=0x30aa,0x266f,0x1cbd
  r61_witness[12] r61=17 tail=30 gh60=0x4927baa W1=0x11c2,0x2280,0x1ecd W2=0x10cf,0xa0,0x34d3
  r61_witness[13] r61=17 tail=30 gh60=0xc507c9a W1=0x2e4a,0x292b,0x1eb8 W2=0x2d57,0x3f0,0x3fc5
  r61_witness[14] r61=17 tail=30 gh60=0x450bd6e W1=0x2ecf,0x1d54,0x2883 W2=0x2ddc,0x3623,0x3f91
  r61_witness[15] r61=17 tail=31 gh60=0x74b7d9a W1=0x10a6,0x9a6,0x666 W2=0xfb3,0x161f,0x25b6

D60=0 fiber histogram: 1:7990 2:4707 3:1734 4:1149 5:435 6:230 7:91 8:66 9:30 10:21 11:9 12:9 13:1 14:1 16:6 18:1 19:1 24:1
