free_word_mitm_reducedn
N=14 mask=0x3fff msb=0x2000
candidate: M0=0x3d36 mode=random-fallback fill=0x3fff kernel=dM0=dM9=0x2000
prefixes=32768/268435456 mode=permuted-prefix-sample w59_per_prefix=16384 total=536870912
run_mode=scan registry_cap=16
sample_start=230817792
scan_elapsed=19.218s rate=27.94 Mtriples/s

D60 interface
  D60=0 matches: 32695 (random expectation 32768.0, enrichment 0.998x)
  prefixes with D60=0: 16521
  max D60=0 fiber per prefix: 18 at W57=0x1f5c W58=0x39aa
  largest D60 bucket: D=0xa73 count=33833
  min D60 HW: 0
  D60 HW histogram: 0:32695 1:457743 2:2969202 3:11899811 4:32781640 5:65592854 6:98451645 7:112497600 8:98413966 9:65590780 10:32787271 11:11925190 12:2979283 13:458923 14:32309

Tail closure among D60=0 matches
  final tail collisions: 0
  best r61 HW: 12
  best r61 W1[57..59]=0x3911,0x131c,0x1ac2
  best r61 W2[57..59]=0x381e,0x26d7,0x2b9b
  best tail HW: 22
  best tail r61 HW: 22
  best W1[57..59]=0x3249,0xd5,0x6f6
  best W2[57..59]=0x3156,0x3526,0xcab

SUMMARY N=14 sample_start=230817792 prefixes=32768 total=536870912 d0=32695 best_tail=22 tail_r61=22 best_r61=12 tail_W1=0x3249,0xd5,0x6f6 tail_W2=0x3156,0x3526,0xcab r61_W1=0x3911,0x131c,0x1ac2 r61_W2=0x381e,0x26d7,0x2b9b

Scan-only witness registry
  registry_count=16 registry_cap=16
  witness[00] tail=22 r61=19 gh60=0x57a8b66 W1=0x19e3,0x44d,0x3935 W2=0x18f0,0x194f,0x796
  witness[01] tail=22 r61=20 gh60=0x3a97caa W1=0xdee,0x9dc,0x22f9 W2=0xcfb,0x118,0x2638
  witness[02] tail=22 r61=22 gh60=0xfd2849a W1=0x3249,0xd5,0x6f6 W2=0x3156,0x3526,0xcab
  witness[03] tail=23 r61=23 gh60=0xca5459a W1=0x1286,0x2913,0x427 W2=0x1193,0x1601,0x24ce
  witness[04] tail=24 r61=20 gh60=0x769cdaa W1=0x386e,0x1cde,0x36b8 W2=0x377b,0x26b6,0xda4
  witness[05] tail=24 r61=21 gh60=0x4a0c4ee W1=0x1520,0x2780,0x323e W2=0x142d,0x2297,0x309e
  witness[06] tail=24 r61=24 gh60=0x4e38de6 W1=0x1893,0x31ae,0x3123 W2=0x17a0,0x15fc,0x3248
  witness[07] tail=24 r61=25 gh60=0xcae47ea W1=0x392,0x19df,0x24ce W2=0x29f,0xeb2,0x173
  witness[08] tail=25 r61=17 gh60=0xdd8fdaa W1=0x30ae,0x12cd,0xedc W2=0x2fbb,0x35b5,0x93b
  witness[09] tail=25 r61=19 gh60=0xc99fba6 W1=0xd6c,0x233b,0x1bd1 W2=0xc79,0x1a12,0x3338
  witness[10] tail=25 r61=23 gh60=0xc9844ba W1=0xb3a,0x1082,0xc47 W2=0xa47,0x3935,0x201f
  witness[11] tail=25 r61=24 gh60=0x4d6fd7e W1=0x30d8,0x16c3,0x1e47 W2=0x2fe5,0x8f3,0x3876
  witness[12] tail=25 r61=24 gh60=0x4738c9e W1=0x3647,0x2212,0x2447 W2=0x3554,0x344,0x3fb9
  witness[13] tail=26 r61=13 gh60=0x4a17bee W1=0x3190,0x12e7,0x1673 W2=0x309d,0x3c7b,0x329c
  witness[14] tail=26 r61=17 gh60=0x463bc9e W1=0x3107,0x1b81,0x1132 W2=0x3014,0xb1,0x46c
  witness[15] tail=26 r61=20 gh60=0x4ef9b6e W1=0x14f,0x47d,0x1a2a W2=0x5c,0x3ba0,0x2163

Scan-only r61 registry
  registry_count=16 registry_cap=16
  r61_witness[00] r61=12 tail=33 gh60=0x4e18cea W1=0x3911,0x131c,0x1ac2 W2=0x381e,0x26d7,0x2b9b
  r61_witness[01] r61=13 tail=26 gh60=0x4a17bee W1=0x3190,0x12e7,0x1673 W2=0x309d,0x3c7b,0x329c
  r61_witness[02] r61=13 tail=28 gh60=0x462849e W1=0x407,0x3d29,0xcf0 W2=0x314,0xb9a,0x39de
  r61_witness[03] r61=13 tail=33 gh60=0x4a08ce6 W1=0x380b,0x2e07,0x1ba7 W2=0x3718,0x29ad,0x1a35
  r61_witness[04] r61=15 tail=27 gh60=0xcb1c56a W1=0x44e,0x1940,0x22ec W2=0x35b,0x11d7,0x3182
  r61_witness[05] r61=15 tail=28 gh60=0x49847ba W1=0xb7a,0x13fe,0x2a62 W2=0xa87,0x74d,0x1506
  r61_witness[06] r61=15 tail=30 gh60=0xc904766 W1=0xb4c,0x10a,0xb03 W2=0xa59,0x2b4e,0x14d2
  r61_witness[07] r61=15 tail=32 gh60=0x4e79ca6 W1=0xf3,0x266b,0x1712 W2=0x0,0x299,0x23c4
  r61_witness[08] r61=15 tail=33 gh60=0x4a2bcfe W1=0xe17,0x23de,0x1435 W2=0xd24,0x26cd,0xf95
  r61_witness[09] r61=15 tail=33 gh60=0x490cb7a W1=0x255a,0x2330,0x172e W2=0x2467,0x1560,0x7bc
  r61_witness[10] r61=15 tail=36 gh60=0x4a884aa W1=0x13ed,0x2141,0x9b7 W2=0x12fa,0x397d,0x1da4
  r61_witness[11] r61=16 tail=28 gh60=0x54884aa W1=0x241,0x1576,0x872 W2=0x14e,0x1866,0x2152
  r61_witness[12] r61=16 tail=33 gh60=0x4a084e6 W1=0x41b,0x1530,0x1878 W2=0x328,0x305,0x3d7a
  r61_witness[13] r61=16 tail=35 gh60=0x490449a W1=0x54a,0x1447,0x14ae W2=0x457,0x3a51,0x318d
  r61_witness[14] r61=16 tail=36 gh60=0xc4884ae W1=0x2c3f,0x5c2,0x2d80 W2=0x2b4c,0x32d2,0x1ff7
  r61_witness[15] r61=16 tail=37 gh60=0x48884a6 W1=0x152b,0x358,0x21f1 W2=0x1438,0x12b5,0x3585

D60=0 fiber histogram: 1:8001 2:4781 3:1776 4:1103 5:395 6:225 7:84 8:68 9:38 10:17 11:11 12:9 13:2 14:5 15:1 16:3 17:1 18:1
