free_word_mitm_reducedn
N=14 mask=0x3fff msb=0x2000
candidate: M0=0x3d36 mode=random-fallback fill=0x3fff kernel=dM0=dM9=0x2000
prefixes=32768/268435456 mode=permuted-prefix-sample w59_per_prefix=16384 total=536870912
run_mode=scan registry_cap=16
sample_start=209485824
scan_elapsed=18.703s rate=28.71 Mtriples/s

D60 interface
  D60=0 matches: 32797 (random expectation 32768.0, enrichment 1.001x)
  prefixes with D60=0: 16588
  max D60=0 fiber per prefix: 16 at W57=0x3c2a W58=0xffe
  largest D60 bucket: D=0x2b59 count=33785
  min D60 HW: 0
  D60 HW histogram: 0:32797 1:457509 2:2977118 3:11905694 4:32762945 5:65566845 6:98384425 7:112477289 8:98444474 9:65640406 10:32809040 11:11936612 12:2983052 13:459717 14:32989

Tail closure among D60=0 matches
  final tail collisions: 0
  best r61 HW: 13
  best r61 W1[57..59]=0x4da,0x1336,0x1474
  best r61 W2[57..59]=0x3e7,0x3d7,0x35eb
  best tail HW: 21
  best tail r61 HW: 21
  best W1[57..59]=0x2839,0x752,0xbd3
  best W2[57..59]=0x2746,0x2951,0x1a8e

SUMMARY N=14 sample_start=209485824 prefixes=32768 total=536870912 d0=32797 best_tail=21 tail_r61=21 best_r61=13 tail_W1=0x2839,0x752,0xbd3 tail_W2=0x2746,0x2951,0x1a8e r61_W1=0x4da,0x1336,0x1474 r61_W2=0x3e7,0x3d7,0x35eb

Scan-only witness registry
  registry_count=16 registry_cap=16
  witness[00] tail=21 r61=20 gh60=0xc52857e W1=0x1cd7,0x2e55,0x4fe W2=0x1be4,0x789,0x353e
  witness[01] tail=21 r61=21 gh60=0xf4d8cba W1=0x2839,0x752,0xbd3 W2=0x2746,0x2951,0x1a8e
  witness[02] tail=23 r61=19 gh60=0xf9ec49e W1=0x2328,0x3da9,0x29e0 W2=0x2235,0xde1,0xdf7
  witness[03] tail=24 r61=21 gh60=0xca28ce6 W1=0x3613,0x1d55,0x2c38 W2=0x3520,0x1f0b,0x3d7a
  witness[04] tail=24 r61=21 gh60=0xfa98566 W1=0x3a63,0x3296,0xe3a W2=0x3970,0x36e7,0x202a
  witness[05] tail=24 r61=23 gh60=0xc8ebca6 W1=0xf33,0x2dd5,0x3466 W2=0xe40,0x20ff,0x203b
  witness[06] tail=24 r61=25 gh60=0xb884ca6 W1=0x73c,0x14a1,0x2d6 W2=0x649,0x202e,0xc33
  witness[07] tail=24 r61=26 gh60=0xdfd84ba W1=0x34f9,0x1c4e,0x4df W2=0x3406,0x118c,0x1b9e
  witness[08] tail=25 r61=17 gh60=0x49a4b6a W1=0x1962,0x47e,0xf4 W2=0x186f,0x692,0x1677
  witness[09] tail=25 r61=18 gh60=0x559fda6 W1=0x107c,0x27d9,0x3fa8 W2=0xf89,0x984,0x11db
  witness[10] tail=25 r61=21 gh60=0xdd18d6e W1=0x16df,0x2ba0,0x175e W2=0x15ec,0x25e7,0xc8f
  witness[11] tail=25 r61=21 gh60=0xde79bfa W1=0x2199,0x156d,0x3569 W2=0x20a6,0x11fc,0x1982
  witness[12] tail=25 r61=22 gh60=0x4618cea W1=0x3911,0x3c63,0x1ac1 W2=0x381e,0x101e,0x509
  witness[13] tail=25 r61=23 gh60=0xbd2c5a6 W1=0x1ac4,0x7a5,0x17a9 W2=0x19d1,0xa0b,0x1c83
  witness[14] tail=25 r61=25 gh60=0xce2879a W1=0x2385,0x5af,0x318d W2=0x2292,0x3844,0x397
  witness[15] tail=25 r61=28 gh60=0xd7f849a W1=0x1345,0x2719,0x1ad5 W2=0x1252,0x1f5e,0x3470

Scan-only r61 registry
  registry_count=16 registry_cap=16
  r61_witness[00] r61=13 tail=26 gh60=0x450457a W1=0x4da,0x1336,0x1474 W2=0x3e7,0x3d7,0x35eb
  r61_witness[01] r61=13 tail=31 gh60=0x4887b9a W1=0x31aa,0x3b06,0x1eda W2=0x30b7,0x1113,0x682
  r61_witness[02] r61=14 tail=28 gh60=0x49add66 W1=0xe4,0x309d,0x3bbf W2=0x3ff1,0x3f66,0x351f
  r61_witness[03] r61=14 tail=30 gh60=0x4b08d6a W1=0x3851,0x3db0,0xff6 W2=0x375e,0x103,0x203b
  r61_witness[04] r61=14 tail=31 gh60=0x4a845a6 W1=0x227c,0xb3c,0x15a8 W2=0x2189,0x20e2,0x2834
  r61_witness[05] r61=15 tail=30 gh60=0x4b6c7a6 W1=0x2bb4,0x1be5,0x139d W2=0x2ac1,0x4bb,0x3dac
  r61_witness[06] r61=16 tail=26 gh60=0xf609cea W1=0x11,0xf98,0x2450 W2=0x3f1e,0x121f,0x545
  r61_witness[07] r61=16 tail=26 gh60=0x48e8c9a W1=0x3729,0x1349,0x1e4e W2=0x3636,0x613,0x3ca3
  r61_witness[08] r61=16 tail=29 gh60=0xca1bcea W1=0x2e11,0x2c34,0x1f9c W2=0x2d1e,0x29b7,0x3034
  r61_witness[09] r61=16 tail=32 gh60=0x7c87ca6 W1=0x2e2c,0x1500,0x3dfb W2=0x2d39,0x1da3,0x1fe2
  r61_witness[10] r61=16 tail=33 gh60=0x59b8ca6 W1=0x38fb,0x89e,0x72b W2=0x3808,0x132a,0xd61
  r61_witness[11] r61=16 tail=34 gh60=0xd6a5b6a W1=0x21e2,0x112d,0x39ff W2=0x20ef,0x3845,0x37a8
  r61_witness[12] r61=16 tail=34 gh60=0xcb1456a W1=0x3cde,0x4fa,0xbe2 W2=0x3beb,0x1719,0x1181
  r61_witness[13] r61=16 tail=38 gh60=0x3e145ea W1=0x349e,0x33f1,0x18bd W2=0x33ab,0x100,0x36a9
  r61_witness[14] r61=17 tail=25 gh60=0x49a4b6a W1=0x1962,0x47e,0xf4 W2=0x186f,0x692,0x1677
  r61_witness[15] r61=17 tail=27 gh60=0x44b84a6 W1=0x2c3b,0x33a2,0x29bf W2=0x2b48,0x20ed,0x2eb3

D60=0 fiber histogram: 1:7998 2:4843 3:1762 4:1152 5:388 6:205 7:84 8:76 9:34 10:16 11:6 12:12 13:4 14:1 15:1 16:6
