free_word_mitm_reducedn
N=14 mask=0x3fff msb=0x2000
candidate: M0=0x3d36 mode=random-fallback fill=0x3fff kernel=dM0=dM9=0x2000
prefixes=32768/268435456 mode=permuted-prefix-sample w59_per_prefix=16384 total=536870912
run_mode=scan registry_cap=16
sample_start=160038912
scan_elapsed=15.722s rate=34.15 Mtriples/s

D60 interface
  D60=0 matches: 32549 (random expectation 32768.0, enrichment 0.993x)
  prefixes with D60=0: 16386
  max D60=0 fiber per prefix: 20 at W57=0xb3b W58=0x1c01
  largest D60 bucket: D=0x2d25 count=33739
  min D60 HW: 0
  D60 HW histogram: 0:32549 1:456409 2:2974089 3:11915941 4:32805988 5:65646880 6:98489136 7:112507617 8:98382675 9:65546728 10:32745367 11:11902405 12:2975703 13:456787 14:32638

Tail closure among D60=0 matches
  final tail collisions: 0
  best r61 HW: 13
  best r61 W1[57..59]=0xb45,0x9fa,0x340
  best r61 W2[57..59]=0xa52,0x31cd,0x1ea4
  best tail HW: 23
  best tail r61 HW: 17
  best W1[57..59]=0x14f6,0x12a,0x3a9d
  best W2[57..59]=0x1403,0x3829,0x2ae6

SUMMARY N=14 sample_start=160038912 prefixes=32768 total=536870912 d0=32549 best_tail=23 tail_r61=17 best_r61=13 tail_W1=0x14f6,0x12a,0x3a9d tail_W2=0x1403,0x3829,0x2ae6 r61_W1=0xb45,0x9fa,0x340 r61_W2=0xa52,0x31cd,0x1ea4

Scan-only witness registry
  registry_count=16 registry_cap=16
  witness[00] tail=23 r61=15 gh60=0x5b887ae W1=0x2baf,0x174c,0x115a W2=0x2abc,0xfa4,0x355b
  witness[01] tail=23 r61=16 gh60=0x4758c9a W1=0x2929,0x2525,0x1c51 W2=0x2836,0x7fb,0x355a
  witness[02] tail=23 r61=17 gh60=0x3a5c4ba W1=0x14f6,0x12a,0x3a9d W2=0x1403,0x3829,0x2ae6
  witness[03] tail=24 r61=16 gh60=0xca5c5ba W1=0x3476,0x12,0x1b4d W2=0x3383,0x2d29,0x15ab
  witness[04] tail=24 r61=17 gh60=0xc9d849e W1=0x12e7,0x19cc,0x18fa W2=0x11f4,0x2a83,0x2640
  witness[05] tail=24 r61=17 gh60=0xc98bbaa W1=0x2d81,0xca1,0x1254 W2=0x2c8e,0x3658,0x3563
  witness[06] tail=24 r61=19 gh60=0x4e29de6 W1=0x2093,0x24b1,0x32d0 W2=0x1fa0,0x36fd,0x1813
  witness[07] tail=24 r61=20 gh60=0xdb6bbba W1=0x31b9,0x69e,0x3c1 W2=0x30c6,0x2fb1,0x2d20
  witness[08] tail=24 r61=20 gh60=0xca2cde6 W1=0x3694,0x3ac4,0xdd6 W2=0x35a1,0x93,0x3e9b
  witness[09] tail=24 r61=21 gh60=0xd528566 W1=0x2253,0x21a8,0x357e W2=0x2160,0x11e3,0x137c
  witness[10] tail=24 r61=21 gh60=0x4599dae W1=0x3e7f,0x656,0x1b50 W2=0x3d8c,0x308d,0xfaa
  witness[11] tail=24 r61=22 gh60=0x4a3dce6 W1=0x3f0c,0x4e4,0x20dd W2=0x3e19,0x1109,0x3192
  witness[12] tail=25 r61=19 gh60=0x49f8ce6 W1=0x70b,0x2493,0x1679 W2=0x618,0x3fa5,0x699
  witness[13] tail=25 r61=19 gh60=0x5b1bb6e W1=0x315f,0xc20,0xd00 W2=0x306c,0x302f,0x1bd8
  witness[14] tail=25 r61=19 gh60=0x5a04de6 W1=0x368c,0x344a,0x1e9d W2=0x3599,0x1a89,0x301a
  witness[15] tail=25 r61=20 gh60=0xd73449e W1=0x1348,0x2ce5,0x8ed W2=0x1255,0xd4f,0x535

Scan-only r61 registry
  registry_count=16 registry_cap=16
  r61_witness[00] r61=13 tail=32 gh60=0xc93849a W1=0xb45,0x9fa,0x340 W2=0xa52,0x31cd,0x1ea4
  r61_witness[01] r61=14 tail=28 gh60=0x4a28ba6 W1=0x2583,0x1ebd,0x20dc W2=0x2490,0x2721,0x1d2b
  r61_witness[02] r61=14 tail=35 gh60=0x4a18cea W1=0x291d,0x1f59,0x2bad W2=0x282a,0x1f40,0x395b
  r61_witness[03] r61=15 tail=23 gh60=0x5b887ae W1=0x2baf,0x174c,0x115a W2=0x2abc,0xfa4,0x355b
  r61_witness[04] r61=15 tail=29 gh60=0x4a1c5e6 W1=0x28c,0xa94,0x1c06 W2=0x199,0x214e,0x1df6
  r61_witness[05] r61=15 tail=31 gh60=0x4a2859e W1=0xc87,0x2b63,0x3352 W2=0xb94,0x3276,0x2d15
  r61_witness[06] r61=15 tail=32 gh60=0x4605be6 W1=0x19c,0x1d2f,0x3fd W2=0xa9,0x21ec,0x29ea
  r61_witness[07] r61=16 tail=23 gh60=0x4758c9a W1=0x2929,0x2525,0x1c51 W2=0x2836,0x7fb,0x355a
  r61_witness[08] r61=16 tail=24 gh60=0xca5c5ba W1=0x3476,0x12,0x1b4d W2=0x3383,0x2d29,0x15ab
  r61_witness[09] r61=16 tail=27 gh60=0x4aa85be W1=0x1c77,0x3d74,0x2a72 W2=0x1b84,0x133a,0x2a53
  r61_witness[10] r61=16 tail=29 gh60=0x46044e6 W1=0x2c1c,0x341c,0x10a9 W2=0x2b29,0x35e4,0x3c0c
  r61_witness[11] r61=16 tail=30 gh60=0xcd544ba W1=0x2236,0x1933,0x5 W2=0x2143,0x3e72,0x23b4
  r61_witness[12] r61=16 tail=31 gh60=0x48a849a W1=0x1325,0x35c9,0x2879 W2=0x1232,0x2dd8,0xce9
  r61_witness[13] r61=16 tail=31 gh60=0xc88c7aa W1=0x2bbe,0x3276,0x17b2 W2=0x2acb,0x33af,0x383b
  r61_witness[14] r61=16 tail=32 gh60=0xc524d6a W1=0x6d2,0x39b2,0x1193 W2=0x5df,0xc06,0x298f
  r61_witness[15] r61=16 tail=32 gh60=0xc607c9a W1=0xf0a,0x441,0x2966 W2=0xe17,0x1746,0x2481

D60=0 fiber histogram: 1:7987 2:4634 3:1767 4:1125 5:392 6:226 7:99 8:76 9:29 10:20 11:9 12:8 13:2 14:3 15:3 16:1 17:2 18:1 19:1 20:1
