free_word_mitm_reducedn
N=14 mask=0x3fff msb=0x2000
candidate: M0=0x3d36 mode=random-fallback fill=0x3fff kernel=dM0=dM9=0x2000
prefixes=32768/268435456 mode=permuted-prefix-sample w59_per_prefix=16384 total=536870912
run_mode=scan registry_cap=16
sample_start=143261696
scan_elapsed=15.853s rate=33.87 Mtriples/s

D60 interface
  D60=0 matches: 32126 (random expectation 32768.0, enrichment 0.980x)
  prefixes with D60=0: 16366
  max D60=0 fiber per prefix: 19 at W57=0x2a55 W58=0x2b4
  largest D60 bucket: D=0x2855 count=33831
  min D60 HW: 0
  D60 HW histogram: 0:32126 1:456543 2:2973138 3:11916314 4:32795805 5:65620078 6:98443444 7:112505204 8:98407791 9:65582583 10:32766834 11:11905494 12:2974717 13:457947 14:32894

Tail closure among D60=0 matches
  final tail collisions: 0
  best r61 HW: 14
  best r61 W1[57..59]=0x2b9a,0x397b,0x1dda
  best r61 W2[57..59]=0x2aa7,0x2ec0,0x1ef5
  best tail HW: 22
  best tail r61 HW: 23
  best W1[57..59]=0x3f18,0x271,0x1750
  best W2[57..59]=0x3e25,0xf59,0x1560

SUMMARY N=14 sample_start=143261696 prefixes=32768 total=536870912 d0=32126 best_tail=22 tail_r61=23 best_r61=14 tail_W1=0x3f18,0x271,0x1750 tail_W2=0x3e25,0xf59,0x1560 r61_W1=0x2b9a,0x397b,0x1dda r61_W2=0x2aa7,0x2ec0,0x1ef5

Scan-only witness registry
  registry_count=16 registry_cap=16
  witness[00] tail=22 r61=17 gh60=0x5b0856a W1=0x2cd1,0x6e2,0x1365 W2=0x2bde,0x318,0x17d2
  witness[01] tail=22 r61=23 gh60=0xc65dcfe W1=0x3f18,0x271,0x1750 W2=0x3e25,0xf59,0x1560
  witness[02] tail=23 r61=22 gh60=0x4c88da6 W1=0x36ab,0x1429,0x279c W2=0x35b8,0x3bdd,0x43c
  witness[03] tail=24 r61=19 gh60=0xfc8fc9a W1=0xe2a,0xbe5,0x1df7 W2=0xd37,0x1e6a,0x47
  witness[04] tail=24 r61=24 gh60=0xc8e5ba6 W1=0x1db4,0x19c1,0x1214 W2=0x1cc1,0x2414,0x3103
  witness[05] tail=24 r61=24 gh60=0xfc884a6 W1=0x2a2b,0x3ad3,0x3503 W2=0x2938,0x52e,0x1fce
  witness[06] tail=25 r61=15 gh60=0x4a084ee W1=0x3c0f,0x3fb5,0x30cc W2=0x3b1c,0x3f5f,0xb28
  witness[07] tail=25 r61=19 gh60=0xba2dcaa W1=0x102,0xb35,0x1ee6 W2=0xf,0xb89,0x1b54
  witness[08] tail=25 r61=20 gh60=0x5908b6a W1=0x395d,0x29ef,0x30d3 W2=0x386a,0x2022,0xa41
  witness[09] tail=25 r61=21 gh60=0x7d19d7a W1=0x2055,0x30c9,0x30be W2=0x1f62,0x1f14,0xbaf
  witness[10] tail=25 r61=22 gh60=0x4df44ea W1=0x1b0e,0xdb2,0x1e7a W2=0x1a1b,0x25bd,0x2c5f
  witness[11] tail=25 r61=22 gh60=0x4f79fa6 W1=0x3f7b,0x3533,0x39f1 W2=0x3e88,0x1d65,0x282c
  witness[12] tail=25 r61=23 gh60=0x5ee877a W1=0x3bd5,0x230a,0x200e W2=0x3ae2,0x25e2,0xd3c
  witness[13] tail=26 r61=15 gh60=0x4a27ce6 W1=0x3114,0x20a2,0x3c97 W2=0x3021,0x17d3,0x3bb5
  witness[14] tail=26 r61=20 gh60=0x4d08d66 W1=0x385b,0x42c,0x2675 W2=0x3768,0x86e,0x2656
  witness[15] tail=26 r61=21 gh60=0x4a9849a W1=0x1e5,0x104,0x1a5b W2=0xf2,0x25cb,0x315d

Scan-only r61 registry
  registry_count=16 registry_cap=16
  r61_witness[00] r61=14 tail=34 gh60=0x56047fa W1=0x2b9a,0x397b,0x1dda W2=0x2aa7,0x2ec0,0x1ef5
  r61_witness[01] r61=15 tail=25 gh60=0x4a084ee W1=0x3c0f,0x3fb5,0x30cc W2=0x3b1c,0x3f5f,0xb28
  r61_witness[02] r61=15 tail=26 gh60=0x4a27ce6 W1=0x3114,0x20a2,0x3c97 W2=0x3021,0x17d3,0x3bb5
  r61_witness[03] r61=15 tail=29 gh60=0x4d8cdae W1=0x28c0,0x3792,0x2723 W2=0x27cd,0x18ca,0x184a
  r61_witness[04] r61=15 tail=30 gh60=0x4a244ea W1=0x1d12,0x1938,0x2a0d W2=0x1c1f,0x2f07,0x25db
  r61_witness[05] r61=15 tail=33 gh60=0x461dc9a W1=0x3e0a,0xf0c,0x14b W2=0x3d17,0x3455,0x1119
  r61_witness[06] r61=15 tail=34 gh60=0x4908b6e W1=0x5df,0x22ef,0x1cec W2=0x4ec,0x18fa,0x336
  r61_witness[07] r61=15 tail=37 gh60=0x4b84cba W1=0x283a,0x158a,0x3721 W2=0x2747,0x377e,0x2171
  r61_witness[08] r61=16 tail=27 gh60=0xb688cae W1=0x7ef,0x3c17,0x2b09 W2=0x6fc,0x26f6,0x3d8c
  r61_witness[09] r61=16 tail=30 gh60=0xc60fdfa W1=0xe9a,0x3e13,0x2ed9 W2=0xda7,0x20e7,0x23d
  r61_witness[10] r61=16 tail=32 gh60=0xdb17d6a W1=0x2ece,0x31f7,0x36da W2=0x2ddb,0x22c7,0x1f3
  r61_witness[11] r61=16 tail=33 gh60=0xda08cee W1=0x171f,0x3b4,0x666 W2=0x162c,0x327b,0x27f
  r61_witness[12] r61=16 tail=34 gh60=0x4575cba W1=0x1e36,0x3c77,0x3b64 W2=0x1d43,0x26b7,0x34b2
  r61_witness[13] r61=16 tail=36 gh60=0x4a07cfa W1=0xe1a,0x2dc,0x3680 W2=0xd27,0x15d0,0x1c4b
  r61_witness[14] r61=16 tail=36 gh60=0x46885a6 W1=0x146b,0xa5a,0x1671 W2=0x1378,0x121f,0x26df
  r61_witness[15] r61=16 tail=36 gh60=0x4709f6a W1=0x1f61,0x3851,0x368f W2=0x1e6e,0x3a5c,0x31ec

D60=0 fiber histogram: 1:7965 2:4771 3:1771 4:997 5:402 6:241 7:74 8:72 9:26 10:29 11:2 12:6 13:4 14:1 16:3 17:1 19:1
