free_word_mitm_reducedn
N=14 mask=0x3fff msb=0x2000
candidate: M0=0x3d36 mode=random-fallback fill=0x3fff kernel=dM0=dM9=0x2000
prefixes=32768/268435456 mode=permuted-prefix-sample w59_per_prefix=16384 total=536870912
run_mode=scan registry_cap=16
sample_start=170295296
scan_elapsed=19.684s rate=27.27 Mtriples/s

D60 interface
  D60=0 matches: 32889 (random expectation 32768.0, enrichment 1.004x)
  prefixes with D60=0: 16681
  max D60=0 fiber per prefix: 18 at W57=0xcc1 W58=0x3368
  largest D60 bucket: D=0x394c count=33807
  min D60 HW: 0
  D60 HW histogram: 0:32889 1:456052 2:2976102 3:11916356 4:32816429 5:65638985 6:98444611 7:112501515 8:98413736 9:65576772 10:32758977 11:11888854 12:2960014 13:456614 14:33006

Tail closure among D60=0 matches
  final tail collisions: 0
  best r61 HW: 13
  best r61 W1[57..59]=0x20c5,0x1e66,0x1e0e
  best r61 W2[57..59]=0x1fd2,0x70e,0x3252
  best tail HW: 18
  best tail r61 HW: 25
  best W1[57..59]=0x3081,0x3e88,0x1b69
  best W2[57..59]=0x2f8e,0x21df,0x3749

SUMMARY N=14 sample_start=170295296 prefixes=32768 total=536870912 d0=32889 best_tail=18 tail_r61=25 best_r61=13 tail_W1=0x3081,0x3e88,0x1b69 tail_W2=0x2f8e,0x21df,0x3749 r61_W1=0x20c5,0x1e66,0x1e0e r61_W2=0x1fd2,0x70e,0x3252

Scan-only witness registry
  registry_count=16 registry_cap=16
  witness[00] tail=18 r61=25 gh60=0x7dfbdaa W1=0x3081,0x3e88,0x1b69 W2=0x2f8e,0x21df,0x3749
  witness[01] tail=22 r61=17 gh60=0xcf8c4a6 W1=0x3a2c,0xafc,0x192d W2=0x3939,0x3858,0xd72
  witness[02] tail=23 r61=18 gh60=0xca39fa6 W1=0x1f83,0x3cfd,0x1894 W2=0x1e90,0x255f,0x1bda
  witness[03] tail=23 r61=22 gh60=0xd6185ee W1=0x2a8f,0x1ace,0x263b W2=0x299c,0x3e0c,0x39de
  witness[04] tail=23 r61=22 gh60=0xc559cba W1=0x3e39,0xb4e,0x12a1 W2=0x3d46,0x31cd,0x1549
  witness[05] tail=23 r61=23 gh60=0xcd99c9a W1=0x3de5,0x3b8c,0x209e W2=0x3cf2,0x2654,0xa48
  witness[06] tail=24 r61=15 gh60=0x4f98ba6 W1=0x256b,0x2ed3,0x2438 W2=0x2478,0x3717,0xe60
  witness[07] tail=24 r61=17 gh60=0xd964fea W1=0x27a2,0x3a7e,0x5d4 W2=0x26af,0x29a6,0x3118
  witness[08] tail=24 r61=17 gh60=0xcd0c56a W1=0x2ace,0x2895,0xd34 W2=0x29db,0x1f2c,0xea8
  witness[09] tail=24 r61=20 gh60=0xf6384ea W1=0x321d,0x1684,0x1975 W2=0x312a,0x2d36,0x64b
  witness[10] tail=24 r61=21 gh60=0xf67bbaa W1=0x2d81,0x3410,0x3505 W2=0x2c8e,0x1dc7,0x3000
  witness[11] tail=25 r61=15 gh60=0x48a44a6 W1=0x334,0x2133,0x253 W2=0x241,0xf9f,0x332
  witness[12] tail=25 r61=15 gh60=0x3a08be6 W1=0x359b,0x3c8a,0x303b W2=0x34a8,0x16c4,0x22dd
  witness[13] tail=25 r61=15 gh60=0x491cb6a W1=0x35ce,0x485,0x2386 W2=0x34db,0x1a81,0x1aa4
  witness[14] tail=25 r61=18 gh60=0xcd584ba W1=0x3c39,0xadb,0x2ac4 W2=0x3b46,0x1dd,0x2114
  witness[15] tail=25 r61=19 gh60=0xf4a85a6 W1=0x32b3,0x1141,0x3991 W2=0x31c0,0x1484,0x1fc9

Scan-only r61 registry
  registry_count=16 registry_cap=16
  r61_witness[00] r61=13 tail=32 gh60=0xdd19d9a W1=0x20c5,0x1e66,0x1e0e W2=0x1fd2,0x70e,0x3252
  r61_witness[01] r61=14 tail=37 gh60=0x4f08b66 W1=0x95b,0x28a6,0xb64 W2=0x868,0x3274,0x2c19
  r61_witness[02] r61=15 tail=24 gh60=0x4f98ba6 W1=0x256b,0x2ed3,0x2438 W2=0x2478,0x3717,0xe60
  r61_witness[03] r61=15 tail=25 gh60=0x48a44a6 W1=0x334,0x2133,0x253 W2=0x241,0xf9f,0x332
  r61_witness[04] r61=15 tail=25 gh60=0x3a08be6 W1=0x359b,0x3c8a,0x303b W2=0x34a8,0x16c4,0x22dd
  r61_witness[05] r61=15 tail=25 gh60=0x491cb6a W1=0x35ce,0x485,0x2386 W2=0x34db,0x1a81,0x1aa4
  r61_witness[06] r61=15 tail=31 gh60=0x4b89caa W1=0x20f1,0xdc6,0x302f W2=0x1ffe,0x1209,0x2a57
  r61_witness[07] r61=16 tail=30 gh60=0x44844a6 W1=0xc2c,0x2a75,0x1b W2=0xb39,0x28d1,0x2207
  r61_witness[08] r61=16 tail=32 gh60=0xc8a4ca6 W1=0x1934,0xd52,0x163a W2=0x1841,0x26ff,0x2d1b
  r61_witness[09] r61=16 tail=33 gh60=0x44a7de6 W1=0xea4,0x2b66,0x1c07 W2=0xdb1,0xebf,0x1d62
  r61_witness[10] r61=16 tail=34 gh60=0xc687ca6 W1=0xefc,0x250,0x271 W2=0xe09,0x55b,0x7af
  r61_witness[11] r61=16 tail=36 gh60=0x4d845ba W1=0x227a,0x75b,0x11e2 W2=0x2187,0x34ea,0x78e
  r61_witness[12] r61=17 tail=22 gh60=0xcf8c4a6 W1=0x3a2c,0xafc,0x192d W2=0x3939,0x3858,0xd72
  r61_witness[13] r61=17 tail=24 gh60=0xd964fea W1=0x27a2,0x3a7e,0x5d4 W2=0x26af,0x29a6,0x3118
  r61_witness[14] r61=17 tail=24 gh60=0xcd0c56a W1=0x2ace,0x2895,0xd34 W2=0x29db,0x1f2c,0xea8
  r61_witness[15] r61=17 tail=27 gh60=0x491bf6a W1=0x2f4d,0x294,0x2c4f W2=0x2e5a,0x21af,0xecf

D60=0 fiber histogram: 1:8074 2:4851 3:1807 4:1074 5:408 6:243 7:83 8:77 9:28 10:13 11:5 12:5 13:3 14:1 15:2 16:2 17:1 18:4
