free_word_mitm_reducedn
N=14 mask=0x3fff msb=0x2000
candidate: M0=0x3d36 mode=random-fallback fill=0x3fff kernel=dM0=dM9=0x2000
prefixes=32768/268435456 mode=permuted-prefix-sample w59_per_prefix=16384 total=536870912
run_mode=scan registry_cap=16
sample_start=63963136
scan_elapsed=18.992s rate=28.27 Mtriples/s

D60 interface
  D60=0 matches: 32817 (random expectation 32768.0, enrichment 1.001x)
  prefixes with D60=0: 16598
  max D60=0 fiber per prefix: 23 at W57=0x2cfc W58=0xf9a
  largest D60 bucket: D=0x797 count=33738
  min D60 HW: 0
  D60 HW histogram: 0:32817 1:458437 2:2974047 3:11902315 4:32774620 5:65610116 6:98442013 7:112528294 8:98435750 9:65584559 10:32762092 11:11906420 12:2969733 13:457253 14:32446

Tail closure among D60=0 matches
  final tail collisions: 0
  best r61 HW: 14
  best r61 W1[57..59]=0x3c0c,0x13a,0x1ece
  best r61 W2[57..59]=0x3b19,0xd12,0x1afb
  best tail HW: 22
  best tail r61 HW: 22
  best W1[57..59]=0x19aa,0x3604,0x15c9
  best W2[57..59]=0x18b7,0x320b,0x1cc7

SUMMARY N=14 sample_start=63963136 prefixes=32768 total=536870912 d0=32817 best_tail=22 tail_r61=22 best_r61=14 tail_W1=0x19aa,0x3604,0x15c9 tail_W2=0x18b7,0x320b,0x1cc7 r61_W1=0x3c0c,0x13a,0x1ece r61_W2=0x3b19,0xd12,0x1afb

Scan-only witness registry
  registry_count=16 registry_cap=16
  witness[00] tail=22 r61=22 gh60=0x48bcb9a W1=0x19aa,0x3604,0x15c9 W2=0x18b7,0x320b,0x1cc7
  witness[01] tail=23 r61=19 gh60=0x7728b7e W1=0x25d7,0x2d77,0x1ae1 W2=0x24e4,0x2b9a,0x3b74
  witness[02] tail=23 r61=25 gh60=0x4bac5ba W1=0x3276,0x3aac,0x2243 W2=0x3183,0x2643,0xd03
  witness[03] tail=24 r61=14 gh60=0x4f0876a W1=0xbdd,0x1f6d,0x2e99 W2=0xaea,0x16b3,0xafb
  witness[04] tail=24 r61=18 gh60=0xcf97daa W1=0x2e7e,0x386a,0x2742 W2=0x2d8b,0x25b2,0x2ede
  witness[05] tail=24 r61=19 gh60=0x498479a W1=0x236a,0x1034,0x1f4 W2=0x2277,0x28c,0x1c66
  witness[06] tail=24 r61=21 gh60=0x3a34bfe W1=0x598,0x1dbb,0xd58 W2=0x4a5,0x184b,0x3b69
  witness[07] tail=24 r61=21 gh60=0x4bb9cae W1=0x20ef,0x3dd0,0x347d W2=0x1ffc,0x1a33,0x36e
  witness[08] tail=24 r61=22 gh60=0xccd449a W1=0x1226,0x245c,0x2b87 W2=0x1133,0x18b0,0x352d
  witness[09] tail=24 r61=25 gh60=0x4abbbaa W1=0x1171,0x3d96,0x1a1e W2=0x107e,0x2d21,0x3337
  witness[10] tail=25 r61=17 gh60=0xd9644ea W1=0x522,0x8a7,0x1f46 W2=0x42f,0x1286,0x24c
  witness[11] tail=25 r61=17 gh60=0x5909b6a W1=0x3d4d,0x34c4,0x326e W2=0x3c5a,0x20c3,0x16ac
  witness[12] tail=25 r61=20 gh60=0xc7f8f66 W1=0x274b,0x2511,0x3e4c W2=0x2658,0x94b,0x27c4
  witness[13] tail=25 r61=21 gh60=0x4bf8d6a W1=0x36d1,0x27da,0x21a4 W2=0x35de,0x3925,0x2b61
  witness[14] tail=25 r61=23 gh60=0xdea44aa W1=0x1cf2,0x687,0x383e W2=0x1bff,0x1c4c,0x2b19
  witness[15] tail=25 r61=23 gh60=0xc50856e W1=0x2c5f,0x418,0x314e W2=0x2b6c,0x2952,0x3afd

Scan-only r61 registry
  registry_count=16 registry_cap=16
  r61_witness[00] r61=14 tail=24 gh60=0x4f0876a W1=0xbdd,0x1f6d,0x2e99 W2=0xaea,0x16b3,0xafb
  r61_witness[01] r61=14 tail=34 gh60=0x46044e6 W1=0x3c0c,0x13a,0x1ece W2=0x3b19,0xd12,0x1afb
  r61_witness[02] r61=15 tail=28 gh60=0xd887b9a W1=0xdaa,0x23a6,0x1442 W2=0xcb7,0x5f3,0x381e
  r61_witness[03] r61=15 tail=29 gh60=0x38984a6 W1=0xd33,0x1cc8,0x6bb W2=0xc40,0x3b35,0x320a
  r61_witness[04] r61=15 tail=31 gh60=0x4a08cee W1=0x160f,0x789,0x2ed W2=0x151c,0x974,0x1b0d
  r61_witness[05] r61=15 tail=33 gh60=0xc8acc9e W1=0x2928,0x363e,0x1f23 W2=0x2835,0x135,0x1e1b
  r61_witness[06] r61=15 tail=34 gh60=0xca084ee W1=0x320f,0xc2,0x2413 W2=0x311c,0x6c,0x3e4f
  r61_witness[07] r61=15 tail=38 gh60=0x4a084ee W1=0xb0f,0x2f84,0x3563 W2=0xa1c,0xc9a,0x1c70
  r61_witness[08] r61=16 tail=29 gh60=0xf4b859a W1=0x22a9,0x1bcc,0x1e8f W2=0x21b6,0x37f3,0x3845
  r61_witness[09] r61=16 tail=30 gh60=0x5e185e6 W1=0x3c9b,0x235c,0xefd W2=0x3ba8,0x2a07,0x4f6
  r61_witness[10] r61=16 tail=33 gh60=0x4908b66 W1=0x9cb,0x2a87,0x16a1 W2=0x8d8,0x2c61,0x1b39
  r61_witness[11] r61=16 tail=34 gh60=0x56184ea W1=0x2d21,0x265f,0xadb W2=0x2c2e,0x2c09,0x1d7
  r61_witness[12] r61=16 tail=35 gh60=0x4a084ee W1=0xb0f,0x336f,0x2412 W2=0xa1c,0x1085,0xbd2
  r61_witness[13] r61=16 tail=36 gh60=0x4607cfa W1=0xf1a,0x1418,0x2008 W2=0xe27,0x22dc,0x2c23
  r61_witness[14] r61=16 tail=38 gh60=0x4914b6a W1=0x39ce,0x1cf4,0x26e3 W2=0x38db,0x2f30,0x642
  r61_witness[15] r61=17 tail=25 gh60=0xd9644ea W1=0x522,0x8a7,0x1f46 W2=0x42f,0x1286,0x24c

D60=0 fiber histogram: 1:8091 2:4739 3:1804 4:1093 5:391 6:222 7:103 8:72 9:34 10:20 11:11 12:10 13:3 14:1 16:1 19:1 22:1 23:1
