free_word_mitm_reducedn
N=14 mask=0x3fff msb=0x2000
candidate: M0=0x3d36 mode=random-fallback fill=0x3fff kernel=dM0=dM9=0x2000
prefixes=32768/268435456 mode=permuted-prefix-sample w59_per_prefix=16384 total=536870912
run_mode=scan registry_cap=16
sample_start=80740352
scan_elapsed=19.329s rate=27.78 Mtriples/s

D60 interface
  D60=0 matches: 32623 (random expectation 32768.0, enrichment 0.996x)
  prefixes with D60=0: 16451
  max D60=0 fiber per prefix: 21 at W57=0x32fe W58=0x1833
  largest D60 bucket: D=0x2dc1 count=33689
  min D60 HW: 0
  D60 HW histogram: 0:32623 1:456370 2:2968969 3:11892940 4:32741259 5:65569677 6:98430121 7:112521687 8:98449311 9:65624000 10:32801313 11:11915884 12:2976112 13:457685 14:32961

Tail closure among D60=0 matches
  final tail collisions: 0
  best r61 HW: 12
  best r61 W1[57..59]=0x109c,0xcfd,0x370e
  best r61 W2[57..59]=0xfa9,0x2aa6,0x142b
  best tail HW: 21
  best tail r61 HW: 23
  best W1[57..59]=0x3755,0x224,0x671
  best W2[57..59]=0x3662,0x3a43,0x9bc

SUMMARY N=14 sample_start=80740352 prefixes=32768 total=536870912 d0=32623 best_tail=21 tail_r61=23 best_r61=12 tail_W1=0x3755,0x224,0x671 tail_W2=0x3662,0x3a43,0x9bc r61_W1=0x109c,0xcfd,0x370e r61_W2=0xfa9,0x2aa6,0x142b

Scan-only witness registry
  registry_count=16 registry_cap=16
  witness[00] tail=21 r61=23 gh60=0xd978f7a W1=0x3755,0x224,0x671 W2=0x3662,0x3a43,0x9bc
  witness[01] tail=22 r61=20 gh60=0xc5a84e6 W1=0x2c23,0x1bc4,0x284a W2=0x2b30,0x2949,0x372a
  witness[02] tail=22 r61=21 gh60=0x391476a W1=0x1b5e,0x51a,0x2920 W2=0x1a6b,0x1d69,0x2e96
  witness[03] tail=23 r61=19 gh60=0x4c8bdae W1=0xebf,0x3bd0,0x1c38 W2=0xdcc,0x127b,0x2176
  witness[04] tail=23 r61=21 gh60=0xfb68b9a W1=0x29c5,0x19ab,0x19f3 W2=0x28d2,0x555,0x313
  witness[05] tail=23 r61=27 gh60=0xc7f8c9a W1=0x26e5,0x34dc,0x2df1 W2=0x25f2,0x1a6a,0x3687
  witness[06] tail=24 r61=22 gh60=0x478dcae W1=0x140,0x1215,0x3aa2 W2=0x4d,0x3de9,0xa01
  witness[07] tail=24 r61=23 gh60=0x4bd5c9e W1=0x1e08,0x107b,0x1e69 W2=0x1d15,0xfa8,0x3521
  witness[08] tail=24 r61=28 gh60=0xcd84dba W1=0x67a,0x35c0,0xcf9 W2=0x587,0x2610,0x294b
  witness[09] tail=24 r61=29 gh60=0xf5785a6 W1=0x26b,0x11da,0xfcb W2=0x178,0x249f,0xa90
  witness[10] tail=25 r61=17 gh60=0x46ddd9e W1=0x3e88,0x1192,0x1854 W2=0x3d95,0x1697,0xc0d
  witness[11] tail=25 r61=20 gh60=0x4ad8cbe W1=0x28f7,0x25d7,0xb29 W2=0x2804,0x203a,0x3182
  witness[12] tail=25 r61=21 gh60=0x55645a6 W1=0x3ac4,0xd00,0x3e9f W2=0x39d1,0x1166,0x22eb
  witness[13] tail=25 r61=22 gh60=0x4f18b6a W1=0x29e1,0x3441,0x2ac W2=0x28ee,0x2e34,0x2bba
  witness[14] tail=25 r61=23 gh60=0x3be84fe W1=0x2d17,0x1051,0x2e47 W2=0x2c24,0xde9,0x3397
  witness[15] tail=25 r61=24 gh60=0xb58c5a6 W1=0x32ac,0x242f,0x7d1 W2=0x31b9,0x775,0x342b

Scan-only r61 registry
  registry_count=16 registry_cap=16
  r61_witness[00] r61=12 tail=33 gh60=0x4a07de6 W1=0x109c,0xcfd,0x370e W2=0xfa9,0x2aa6,0x142b
  r61_witness[01] r61=13 tail=28 gh60=0xcd09d6a W1=0x1e51,0xc3b,0x3db6 W2=0x1d5e,0x1026,0x206b
  r61_witness[02] r61=13 tail=39 gh60=0x4608ce6 W1=0x261b,0x830,0x3c5d W2=0x2528,0x1646,0x3e10
  r61_witness[03] r61=14 tail=28 gh60=0x38844a6 W1=0x352c,0x23c4,0x28cc W2=0x3439,0x2122,0x2261
  r61_witness[04] r61=15 tail=30 gh60=0xca084ee W1=0x2d0f,0x9d7,0x856 W2=0x2c1c,0x266d,0x12d2
  r61_witness[05] r61=15 tail=31 gh60=0x48a879a W1=0x3a9,0x33f1,0x3d9d W2=0x2b6,0x35e0,0x19f3
  r61_witness[06] r61=15 tail=35 gh60=0x4a084ea W1=0x350d,0x33d0,0x39a7 W2=0x341a,0xdc6,0x133f
  r61_witness[07] r61=16 tail=26 gh60=0xce04de6 W1=0x389c,0x206a,0x22e9 W2=0x37a9,0x2115,0x298c
  r61_witness[08] r61=16 tail=27 gh60=0xca844a6 W1=0x1ec,0x3cac,0x2d28 W2=0xf9,0x178a,0x2b1a
  r61_witness[09] r61=16 tail=27 gh60=0xc964766 W1=0x3d4,0x2d9c,0x1472 W2=0x2e1,0x11e8,0x2d7a
  r61_witness[10] r61=16 tail=29 gh60=0xc904f66 W1=0x175c,0x18ca,0x24e9 W2=0x1669,0xcf5,0x1e4
  r61_witness[11] r61=16 tail=30 gh60=0xc518ca6 W1=0x643,0x325e,0x256b W2=0x550,0x219a,0x1dfa
  r61_witness[12] r61=16 tail=30 gh60=0xc904f66 W1=0x175c,0x18ca,0x24f1 W2=0x1669,0xcf5,0x1ec
  r61_witness[13] r61=16 tail=31 gh60=0x5ba44a6 W1=0x4f4,0x1189,0x35d0 W2=0x401,0x1e75,0x3845
  r61_witness[14] r61=16 tail=31 gh60=0x44845a6 W1=0x3cbc,0x6f9,0x81e W2=0x3bc9,0xd2d,0x1dc0
  r61_witness[15] r61=16 tail=32 gh60=0x4b0856a W1=0x12e1,0x9de,0x191b W2=0x11ee,0xde4,0x2c07

D60=0 fiber histogram: 1:7979 2:4646 3:1874 4:1099 5:404 6:214 7:74 8:76 9:38 10:17 11:8 12:8 13:5 14:5 16:2 20:1 21:1
