free_word_mitm_reducedn
N=14 mask=0x3fff msb=0x2000
candidate: M0=0x3d36 mode=random-fallback fill=0x3fff kernel=dM0=dM9=0x2000
prefixes=32768/268435456 mode=permuted-prefix-sample w59_per_prefix=16384 total=536870912
run_mode=scan registry_cap=16
sample_start=30408704
scan_elapsed=19.146s rate=28.04 Mtriples/s

D60 interface
  D60=0 matches: 32881 (random expectation 32768.0, enrichment 1.003x)
  prefixes with D60=0: 16559
  max D60=0 fiber per prefix: 18 at W57=0x1bfe W58=0x29fa
  largest D60 bucket: D=0x702 count=33778
  min D60 HW: 0
  D60 HW histogram: 0:32881 1:457928 2:2978535 3:11918879 4:32799433 5:65615127 6:98429256 7:112477506 8:98404347 9:65582857 10:32787792 11:11922546 12:2975059 13:456276 14:32490

Tail closure among D60=0 matches
  final tail collisions: 0
  best r61 HW: 15
  best r61 W1[57..59]=0x2d27,0x291b,0x163b
  best r61 W2[57..59]=0x2c34,0x2750,0x2d94
  best tail HW: 20
  best tail r61 HW: 24
  best W1[57..59]=0x19e8,0x2dec,0x4d4
  best W2[57..59]=0x18f5,0x3a22,0x3821

SUMMARY N=14 sample_start=30408704 prefixes=32768 total=536870912 d0=32881 best_tail=20 tail_r61=24 best_r61=15 tail_W1=0x19e8,0x2dec,0x4d4 tail_W2=0x18f5,0x3a22,0x3821 r61_W1=0x2d27,0x291b,0x163b r61_W2=0x2c34,0x2750,0x2d94

Scan-only witness registry
  registry_count=16 registry_cap=16
  witness[00] tail=20 r61=24 gh60=0x4bdc49e W1=0x19e8,0x2dec,0x4d4 W2=0x18f5,0x3a22,0x3821
  witness[01] tail=22 r61=20 gh60=0x47bbda6 W1=0x2eb3,0x380e,0x2a34 W2=0x2dc0,0x2550,0x1d8a
  witness[02] tail=24 r61=18 gh60=0xc904f9a W1=0x27ca,0xe54,0x323 W2=0x26d7,0x3ba7,0x2788
  witness[03] tail=24 r61=20 gh60=0x3bd4bba W1=0x5b6,0x37d0,0x3ce2 W2=0x4c3,0x37d8,0x21e9
  witness[04] tail=25 r61=16 gh60=0x4a98caa W1=0x8ed,0x5aa,0xc1a W2=0x7fa,0x8a5,0x2dd3
  witness[05] tail=25 r61=18 gh60=0x49887aa W1=0x13ad,0x1648,0x2f47 W2=0x12ba,0x199c,0x619
  witness[06] tail=25 r61=19 gh60=0x4d1856a W1=0x3ad1,0x896,0x36ae W2=0x39de,0x1620,0x30b9
  witness[07] tail=25 r61=20 gh60=0x497cba6 W1=0x396c,0x33fc,0x182f W2=0x3879,0x851,0x3e6a
  witness[08] tail=25 r61=21 gh60=0xcb29d66 W1=0x20d3,0x374f,0x2ead W2=0x1fe0,0xd0f,0x4fa
  witness[09] tail=25 r61=21 gh60=0xc608cea W1=0x2911,0x24c4,0xd5 W2=0x281e,0x257b,0x494
  witness[10] tail=25 r61=23 gh60=0x45d849a W1=0xbe9,0x8fa,0x478 W2=0xaf6,0x2f83,0x1d69
  witness[11] tail=25 r61=24 gh60=0xd8947ae W1=0x3b0,0x8b6,0x1a2e W2=0x2bd,0xff,0x112a
  witness[12] tail=25 r61=24 gh60=0x5518d66 W1=0x28db,0x132c,0x3ea9 W2=0x27e8,0xa4a,0x1590
  witness[13] tail=25 r61=25 gh60=0xcdb44be W1=0x2438,0x181d,0x70e W2=0x2345,0x16bc,0x2025
  witness[14] tail=25 r61=26 gh60=0xd955f9e W1=0x1fa8,0x3f60,0x2f78 W2=0x1eb5,0x35b5,0xac7
  witness[15] tail=25 r61=26 gh60=0x47784a6 W1=0x2443,0x2c1f,0x2b67 W2=0x2350,0x3b9a,0x32af

Scan-only r61 registry
  registry_count=16 registry_cap=16
  r61_witness[00] r61=15 tail=29 gh60=0x48a849e W1=0x2327,0x1345,0x38db W2=0x2234,0x137c,0x102b
  r61_witness[01] r61=15 tail=29 gh60=0xc8884ae W1=0x3d3f,0x1f79,0x2ebd W2=0x3c4c,0xd89,0x74d
  r61_witness[02] r61=15 tail=31 gh60=0xc60cfea W1=0x78e,0x100b,0x23 W2=0x69b,0x109b,0x1301
  r61_witness[03] r61=15 tail=31 gh60=0x4b944ae W1=0xd40,0x3049,0x39cf W2=0xc4d,0x1f5a,0x1885
  r61_witness[04] r61=15 tail=34 gh60=0x48a849e W1=0x2d27,0x291b,0x163b W2=0x2c34,0x2750,0x2d94
  r61_witness[05] r61=16 tail=25 gh60=0x4a98caa W1=0x8ed,0x5aa,0xc1a W2=0x7fa,0x8a5,0x2dd3
  r61_witness[06] r61=16 tail=29 gh60=0xf90876a W1=0x2361,0x2c05,0x7fc W2=0x226e,0x334f,0x3730
  r61_witness[07] r61=16 tail=30 gh60=0x48844a6 W1=0x333c,0x3830,0x27ce W2=0x3249,0x167e,0x2768
  r61_witness[08] r61=16 tail=32 gh60=0x78844ba W1=0x133a,0x12a7,0x182e W2=0x1247,0xbde,0x3d6f
  r61_witness[09] r61=16 tail=33 gh60=0x48d449a W1=0x1326,0x276,0x967 W2=0x1233,0x3a8a,0x33e5
  r61_witness[10] r61=16 tail=33 gh60=0xca384ea W1=0x350d,0x3bbb,0x1b33 W2=0x341a,0x15b1,0x1c3
  r61_witness[11] r61=16 tail=34 gh60=0x58784aa W1=0x2b3d,0x1882,0x3007 W2=0x2a4a,0x1fee,0x1450
  r61_witness[12] r61=16 tail=35 gh60=0x361fbea W1=0xd92,0x2062,0x2823 W2=0xc9f,0x332,0x594
  r61_witness[13] r61=16 tail=35 gh60=0x4908b6e W1=0x25cf,0x3efd,0x1168 W2=0x24dc,0x3d24,0x1706
  r61_witness[14] r61=16 tail=35 gh60=0xc588cae W1=0x263f,0x312b,0x2dc4 W2=0x254c,0x207a,0x101a
  r61_witness[15] r61=16 tail=35 gh60=0x488dba6 W1=0x3dac,0x3c49,0x2994 W2=0x3cb9,0x68c,0x2785

D60=0 fiber histogram: 1:7911 2:4809 3:1865 4:1086 5:410 6:262 7:79 8:72 9:33 10:15 11:5 12:6 13:2 14:2 16:1 18:1
