free_word_mitm_reducedn
N=14 mask=0x3fff msb=0x2000
candidate: M0=0x3d36 mode=random-fallback fill=0x3fff kernel=dM0=dM9=0x2000
prefixes=32768/268435456 mode=permuted-prefix-sample w59_per_prefix=16384 total=536870912
run_mode=scan registry_cap=16
sample_start=62586880
scan_elapsed=18.758s rate=28.62 Mtriples/s

D60 interface
  D60=0 matches: 32268 (random expectation 32768.0, enrichment 0.985x)
  prefixes with D60=0: 16407
  max D60=0 fiber per prefix: 18 at W57=0x217d W58=0x3359
  largest D60 bucket: D=0xfcb count=33954
  min D60 HW: 0
  D60 HW histogram: 0:32268 1:459440 2:2981597 3:11930362 4:32822349 5:65651056 6:98469392 7:112484730 8:98351002 9:65549366 10:32749946 11:11915045 12:2983622 13:458100 14:32637

Tail closure among D60=0 matches
  final tail collisions: 0
  best r61 HW: 13
  best r61 W1[57..59]=0x1f9f,0x3062,0x18a9
  best r61 W2[57..59]=0x1eac,0x2721,0x33d5
  best tail HW: 21
  best tail r61 HW: 23
  best W1[57..59]=0x373b,0x3c53,0x3b3a
  best W2[57..59]=0x3648,0x28df,0x159f

SUMMARY N=14 sample_start=62586880 prefixes=32768 total=536870912 d0=32268 best_tail=21 tail_r61=23 best_r61=13 tail_W1=0x373b,0x3c53,0x3b3a tail_W2=0x3648,0x28df,0x159f r61_W1=0x1f9f,0x3062,0x18a9 r61_W2=0x1eac,0x2721,0x33d5

Scan-only witness registry
  registry_count=16 registry_cap=16
  witness[00] tail=21 r61=23 gh60=0xb888ca6 W1=0x373b,0x3c53,0x3b3a W2=0x3648,0x28df,0x159f
  witness[01] tail=22 r61=17 gh60=0xcc884a6 W1=0x242b,0x5e2,0x1aef W2=0x2338,0x343f,0x919
  witness[02] tail=23 r61=21 gh60=0xd6985aa W1=0x1a6d,0x171c,0x34c W2=0x197a,0x3340,0x2bf9
  witness[03] tail=24 r61=16 gh60=0xb908b6e W1=0x394f,0x18b8,0x1ba3 W2=0x385c,0x1edb,0x34df
  witness[04] tail=24 r61=21 gh60=0x4a39c9e W1=0x1f07,0x19e7,0x17c9 W2=0x1e14,0x1913,0x17ad
  witness[05] tail=24 r61=22 gh60=0xde084ea W1=0x1511,0x2e1f,0x6ab W2=0x141e,0x659,0x283e
  witness[06] tail=24 r61=24 gh60=0x7779da6 W1=0x7b,0xf8c,0x21df W2=0x3f88,0x43e,0x380c
  witness[07] tail=24 r61=26 gh60=0xff7856a W1=0x2c5d,0x2d8b,0x2cd4 W2=0x2b6a,0x281,0xda
  witness[08] tail=25 r61=18 gh60=0x5995cae W1=0x2130,0x345c,0x7f9 W2=0x203d,0x203c,0x32d3
  witness[09] tail=25 r61=19 gh60=0x4894caa W1=0x173e,0x13a7,0x2858 W2=0x164b,0x2817,0x2e6e
  witness[10] tail=25 r61=19 gh60=0x5d89daa W1=0x3eb1,0x20b0,0x1643 W2=0x3dbe,0x1e87,0x3991
  witness[11] tail=25 r61=20 gh60=0x7498daa W1=0x28bd,0x233,0x1e W2=0x27ca,0xb76,0x35c5
  witness[12] tail=25 r61=20 gh60=0xd678be6 W1=0x358b,0x865,0xc30 W2=0x3498,0x22b3,0x921
  witness[13] tail=25 r61=21 gh60=0xcb984ae W1=0xa2f,0x1c1a,0x27f1 W2=0x93c,0x8ba,0x1128
  witness[14] tail=25 r61=24 gh60=0xcb89baa W1=0x181,0x3c77,0x109d W2=0x8e,0x3aee,0x540
  witness[15] tail=25 r61=26 gh60=0xbce8d9a W1=0x28a9,0x3202,0x912 W2=0x27b6,0xce8,0x18a1

Scan-only r61 registry
  registry_count=16 registry_cap=16
  r61_witness[00] r61=13 tail=31 gh60=0x4609fee W1=0x1f9f,0x3062,0x18a9 W2=0x1eac,0x2721,0x33d5
  r61_witness[01] r61=15 tail=27 gh60=0xc8a44a6 W1=0x2d34,0x15b8,0x945 W2=0x2c41,0x2226,0x3d8e
  r61_witness[02] r61=15 tail=29 gh60=0xd8947aa W1=0x13ae,0x392e,0x3f5d W2=0x12bb,0xc77,0x3f0d
  r61_witness[03] r61=15 tail=29 gh60=0x46844a6 W1=0x2bec,0x993,0x304a W2=0x2af9,0x66f,0xff2
  r61_witness[04] r61=15 tail=31 gh60=0x462849e W1=0x1c07,0x135a,0x1074 W2=0x1b14,0x3249,0x2dbc
  r61_witness[05] r61=15 tail=31 gh60=0xb487dba W1=0x30ba,0x3e4d,0x12d6 W2=0x2fc7,0x10a5,0x10e7
  r61_witness[06] r61=15 tail=32 gh60=0x46b45ae W1=0x480,0x113a,0x393e W2=0x38d,0x3763,0x21d5
  r61_witness[07] r61=15 tail=34 gh60=0x4514d6a W1=0x26ce,0x7e,0x2da9 W2=0x25db,0x3ad6,0x39f8
  r61_witness[08] r61=15 tail=35 gh60=0xda8c4a6 W1=0x3fc,0x705,0x3676 W2=0x309,0x4d3,0x1e99
  r61_witness[09] r61=16 tail=24 gh60=0xb908b6e W1=0x394f,0x18b8,0x1ba3 W2=0x385c,0x1edb,0x34df
  r61_witness[10] r61=16 tail=31 gh60=0xd51856a W1=0x1a51,0x3c86,0x3476 W2=0x195e,0xc30,0x3c55
  r61_witness[11] r61=16 tail=31 gh60=0xc92bba6 W1=0x2dc3,0x37da,0x1ac7 W2=0x2cd0,0x3548,0x4d2
  r61_witness[12] r61=16 tail=33 gh60=0x4a08bea W1=0x15a1,0x3e20,0x1af4 W2=0x14ae,0x10df,0x127f
  r61_witness[13] r61=16 tail=35 gh60=0x4604c9a W1=0x360a,0x19a8,0x1822 W2=0x3517,0x1373,0x343d
  r61_witness[14] r61=16 tail=35 gh60=0xcd2857e W1=0x3c57,0x21d4,0x29b5 W2=0x3b64,0x3928,0x72a
  r61_witness[15] r61=16 tail=40 gh60=0x48a84be W1=0x3337,0x305a,0x103d W2=0x3244,0x3f7c,0x338d

D60=0 fiber histogram: 1:7951 2:4816 3:1757 4:1018 5:409 6:222 7:86 8:73 9:34 10:19 11:7 12:6 13:4 14:1 16:1 17:2 18:1
