free_word_mitm_reducedn
N=14 mask=0x3fff msb=0x2000
candidate: M0=0x3d36 mode=random-fallback fill=0x3fff kernel=dM0=dM9=0x2000
prefixes=32768/268435456 mode=permuted-prefix-sample w59_per_prefix=16384 total=536870912
run_mode=scan registry_cap=16
sample_start=255524864
scan_elapsed=18.688s rate=28.73 Mtriples/s

D60 interface
  D60=0 matches: 32316 (random expectation 32768.0, enrichment 0.986x)
  prefixes with D60=0: 16478
  max D60=0 fiber per prefix: 18 at W57=0xd51 W58=0x2a0e
  largest D60 bucket: D=0xe84 count=33751
  min D60 HW: 0
  D60 HW histogram: 0:32316 1:457149 2:2978685 3:11929877 4:32815117 5:65638236 6:98468277 7:112493530 8:98392518 9:65552057 10:32754051 11:11899798 12:2969156 13:457221 14:32924

Tail closure among D60=0 matches
  final tail collisions: 0
  best r61 HW: 14
  best r61 W1[57..59]=0x2dc0,0x287c,0x31b5
  best r61 W2[57..59]=0x2ccd,0x1170,0x11d
  best tail HW: 23
  best tail r61 HW: 22
  best W1[57..59]=0x240f,0x3537,0x1e42
  best W2[57..59]=0x231c,0x205d,0x34a9

SUMMARY N=14 sample_start=255524864 prefixes=32768 total=536870912 d0=32316 best_tail=23 tail_r61=22 best_r61=14 tail_W1=0x240f,0x3537,0x1e42 tail_W2=0x231c,0x205d,0x34a9 r61_W1=0x2dc0,0x287c,0x31b5 r61_W2=0x2ccd,0x1170,0x11d

Scan-only witness registry
  registry_count=16 registry_cap=16
  witness[00] tail=23 r61=18 gh60=0x4ad7c9a W1=0x2e46,0xe6f,0x30d4 W2=0x2d53,0x2900,0x1586
  witness[01] tail=23 r61=18 gh60=0xd888cae W1=0x392f,0x390f,0xdf7 W2=0x383c,0x226e,0x236f
  witness[02] tail=23 r61=19 gh60=0xcd57d7e W1=0x30d8,0x662,0xc99 W2=0x2fe5,0x3892,0x1f04
  witness[03] tail=23 r61=22 gh60=0x5d99c9a W1=0x1fe5,0x20af,0x1a16 W2=0x1ef2,0x37f,0x3a89
  witness[04] tail=23 r61=22 gh60=0x59f84ee W1=0x240f,0x3537,0x1e42 W2=0x231c,0x205d,0x34a9
  witness[05] tail=23 r61=26 gh60=0x49fc4ee W1=0x1c20,0x227d,0x19a6 W2=0x1b2d,0xf04,0x3e7c
  witness[06] tail=24 r61=22 gh60=0x3be4566 W1=0xae4,0x4f5,0x1096 W2=0x9f1,0x375b,0x25c
  witness[07] tail=24 r61=25 gh60=0xcb7c56a W1=0x22d2,0x4ea,0x2a13 W2=0x21df,0x905,0x1eba
  witness[08] tail=25 r61=18 gh60=0xcf887a6 W1=0x337b,0x3d13,0x1a2a W2=0x3288,0x3648,0x2743
  witness[09] tail=25 r61=20 gh60=0x46edc9a W1=0xe6,0x12b3,0x2f6d W2=0x3ff3,0x33c0,0x1385
  witness[10] tail=25 r61=23 gh60=0xb50856a W1=0x2251,0x1013,0x1a06 W2=0x215e,0x1041,0x2bd6
  witness[11] tail=25 r61=23 gh60=0xcff84a6 W1=0x2d2b,0x2374,0x1e7d W2=0x2c38,0x1fcf,0xd99
  witness[12] tail=25 r61=25 gh60=0xcea8b9a W1=0x1565,0x7cc,0x1bc3 W2=0x1472,0x95e,0x1733
  witness[13] tail=25 r61=26 gh60=0x5f785aa W1=0x2ab1,0x3eef,0x13c3 W2=0x29be,0x3987,0xe73
  witness[14] tail=25 r61=29 gh60=0xcf2db7a W1=0x1dd6,0x3951,0x46f W2=0x1ce3,0x3559,0x2476
  witness[15] tail=25 r61=30 gh60=0xfb54d9e W1=0x6a8,0x3fe5,0x917 W2=0x5b5,0x6c4,0x210f

Scan-only r61 registry
  registry_count=16 registry_cap=16
  r61_witness[00] r61=14 tail=27 gh60=0xc897bae W1=0x2dc0,0x287c,0x31b5 W2=0x2ccd,0x1170,0x11d
  r61_witness[01] r61=15 tail=26 gh60=0x393fb7e W1=0x2dd8,0x3fd5,0x1764 W2=0x2ce5,0x28f5,0xab2
  r61_witness[02] r61=15 tail=28 gh60=0x56147ee W1=0x3390,0x2f9,0x2c13 W2=0x329d,0xccc,0x35c2
  r61_witness[03] r61=15 tail=33 gh60=0x470856e W1=0x44f,0x36be,0x1933 W2=0x35c,0x2394,0x239d
  r61_witness[04] r61=15 tail=35 gh60=0x4e9ccaa W1=0x18fe,0x1e74,0x3e00 W2=0x180b,0x3164,0x3013
  r61_witness[05] r61=15 tail=36 gh60=0xd50856e W1=0xa4f,0x3c02,0x1dff W2=0x95c,0x24b8,0x2dd6
  r61_witness[06] r61=15 tail=38 gh60=0x4f08d6a W1=0x16e1,0xdb6,0xfe9 W2=0x15ee,0x17fd,0x686
  r61_witness[07] r61=16 tail=27 gh60=0xc609ce6 W1=0x1e1b,0x31d4,0x116e W2=0x1d28,0x1e8,0x1958
  r61_witness[08] r61=16 tail=29 gh60=0x4a09cea W1=0x3f21,0x18de,0x1810 W2=0x3e2e,0x1d05,0x33ee
  r61_witness[09] r61=16 tail=31 gh60=0xc909f6a W1=0x3f5d,0x1532,0x19c8 W2=0x3e6a,0x3f41,0xb6a
  r61_witness[10] r61=16 tail=35 gh60=0x4508d66 W1=0x6db,0x3f5,0x6ab W2=0x5e8,0x19ab,0x1ddf
  r61_witness[11] r61=17 tail=28 gh60=0x4488daa W1=0x16ad,0x17dc,0x9c2 W2=0x15ba,0x372f,0x16b3
  r61_witness[12] r61=17 tail=28 gh60=0x591876e W1=0x1b4f,0x1d36,0x2770 W2=0x1a5c,0x2270,0x6bd
  r61_witness[13] r61=17 tail=28 gh60=0xdc87ca6 W1=0x2e3c,0x2076,0x1c52 W2=0x2d49,0x2905,0x660
  r61_witness[14] r61=17 tail=29 gh60=0xca9bbae W1=0x117f,0x3de8,0xa68 W2=0x108c,0x1c67,0x3836
  r61_witness[15] r61=17 tail=29 gh60=0xda08bea W1=0x158d,0x3004,0x160c W2=0x149a,0x3293,0x1a9

D60=0 fiber histogram: 1:8067 2:4715 3:1764 4:1092 5:403 6:202 7:96 8:75 9:29 10:17 11:5 12:7 13:1 14:2 15:1 16:1 18:1
