free_word_mitm_reducedn
N=14 mask=0x3fff msb=0x2000
candidate: M0=0x3d36 mode=random-fallback fill=0x3fff kernel=dM0=dM9=0x2000
prefixes=32768/268435456 mode=permuted-prefix-sample w59_per_prefix=16384 total=536870912
run_mode=scan registry_cap=16
sample_start=230359040
scan_elapsed=19.004s rate=28.25 Mtriples/s

D60 interface
  D60=0 matches: 32498 (random expectation 32768.0, enrichment 0.992x)
  prefixes with D60=0: 16408
  max D60=0 fiber per prefix: 17 at W57=0x2abf W58=0x3225
  largest D60 bucket: D=0xf1c count=33789
  min D60 HW: 0
  D60 HW histogram: 0:32498 1:457457 2:2976131 3:11916466 4:32803104 5:65611850 6:98435638 7:112492446 8:98413186 9:65579166 10:32777799 11:11906017 12:2978064 13:458719 14:32371

Tail closure among D60=0 matches
  final tail collisions: 0
  best r61 HW: 12
  best r61 W1[57..59]=0x160a,0x239e,0x32ee
  best r61 W2[57..59]=0x1517,0x1b61,0x36db
  best tail HW: 19
  best tail r61 HW: 19
  best W1[57..59]=0x3858,0x16cd,0x134d
  best W2[57..59]=0x3765,0x2ea1,0x291a

SUMMARY N=14 sample_start=230359040 prefixes=32768 total=536870912 d0=32498 best_tail=19 tail_r61=19 best_r61=12 tail_W1=0x3858,0x16cd,0x134d tail_W2=0x3765,0x2ea1,0x291a r61_W1=0x160a,0x239e,0x32ee r61_W2=0x1517,0x1b61,0x36db

Scan-only witness registry
  registry_count=16 registry_cap=16
  witness[00] tail=19 r61=19 gh60=0x4f54d7e W1=0x3858,0x16cd,0x134d W2=0x3765,0x2ea1,0x291a
  witness[01] tail=22 r61=20 gh60=0x4718f6a W1=0x75d,0x28ab,0xa57 W2=0x66a,0x13ba,0x38db
  witness[02] tail=23 r61=20 gh60=0x5738b6a W1=0x35dd,0x469,0x1438 W2=0x34ea,0x654,0x59b
  witness[03] tail=23 r61=22 gh60=0x4befcaa W1=0x3002,0x11ff,0x1d19 W2=0x2f0f,0x99b,0x2bf5
  witness[04] tail=24 r61=18 gh60=0xdd79caa W1=0x1e31,0x2799,0x2897 W2=0x1d3e,0x2d98,0x1f80
  witness[05] tail=24 r61=19 gh60=0xca987aa W1=0x3381,0x25e4,0x1c0a W2=0x328e,0x369c,0x9c2
  witness[06] tail=24 r61=22 gh60=0x4c8c4aa W1=0x143e,0x112f,0x242c W2=0x134b,0x27e0,0x215f
  witness[07] tail=25 r61=17 gh60=0x5928f7e W1=0x757,0x1da,0x164b W2=0x664,0x3e1d,0xf36
  witness[08] tail=25 r61=20 gh60=0x3a69dbe W1=0x1e77,0x11e6,0x3e14 W2=0x1d84,0x1cad,0x3764
  witness[09] tail=25 r61=20 gh60=0xb6984ba W1=0x29f5,0x579,0x37a W2=0x2902,0x28b7,0x2a66
  witness[10] tail=25 r61=22 gh60=0xdd7456e W1=0x1460,0x1681,0x234f W2=0x136d,0x940,0x1d53
  witness[11] tail=26 r61=19 gh60=0x4e64f66 W1=0x7e4,0x453,0x38dd W2=0x6f1,0x22aa,0x3b8b
  witness[12] tail=26 r61=20 gh60=0x7988faa W1=0x17ad,0x1820,0x2029 W2=0x16ba,0x1533,0x2c4b
  witness[13] tail=26 r61=20 gh60=0x588ccae W1=0x2930,0xdd4,0x3d71 W2=0x283d,0x3834,0xc5e
  witness[14] tail=26 r61=21 gh60=0x46e8ca6 W1=0x25f3,0x1d14,0x2eae W2=0x2500,0xdc0,0x215b
  witness[15] tail=26 r61=22 gh60=0x3a14bee W1=0x590,0x2c48,0x1263 W2=0x49d,0x26d8,0x3567

Scan-only r61 registry
  registry_count=16 registry_cap=16
  r61_witness[00] r61=12 tail=32 gh60=0xce04c9a W1=0x160a,0x239e,0x32ee W2=0x1517,0x1b61,0x36db
  r61_witness[01] r61=13 tail=29 gh60=0x451856e W1=0x14df,0x23d9,0x1396 W2=0x13ec,0x1a7f,0x130b
  r61_witness[02] r61=13 tail=32 gh60=0x4c87dba W1=0x10ba,0x843,0xb38 W2=0xfc7,0x24a3,0x24ee
  r61_witness[03] r61=14 tail=31 gh60=0x4b8ccba W1=0x163a,0x163b,0x2bef W2=0x1547,0xe33,0x3926
  r61_witness[04] r61=15 tail=29 gh60=0x4a844a6 W1=0x11fc,0x29ac,0x18d9 W2=0x1109,0x167a,0x1059
  r61_witness[05] r61=15 tail=30 gh60=0x491bb6a W1=0x31cd,0x2eb9,0x2548 W2=0x30da,0xbf4,0x11b9
  r61_witness[06] r61=15 tail=31 gh60=0x4cac49a W1=0xc26,0x285e,0x2b14 W2=0xb33,0xeac,0x1b62
  r61_witness[07] r61=15 tail=32 gh60=0xc708f6e W1=0x7cf,0x3e6d,0x21cf W2=0x6dc,0x32ac,0x2bf1
  r61_witness[08] r61=15 tail=32 gh60=0x49884aa W1=0x1d01,0x3aa3,0xac0 W2=0x1c0e,0xf53,0x56
  r61_witness[09] r61=15 tail=33 gh60=0x46884ae W1=0xbff,0x31f0,0x1358 W2=0xb0c,0x2180,0x1f03
  r61_witness[10] r61=16 tail=27 gh60=0xc904b7a W1=0x95a,0x17ab,0x183d W2=0x867,0x3ca3,0xc98
  r61_witness[11] r61=16 tail=28 gh60=0x4918b66 W1=0x553,0x3a3f,0x139f W2=0x460,0x831,0xa0a
  r61_witness[12] r61=16 tail=28 gh60=0xbe2bfa6 W1=0x2f83,0xbc,0x29ac W2=0x2e90,0x181e,0x628
  r61_witness[13] r61=16 tail=29 gh60=0x4b884aa W1=0x11ed,0xe82,0x2d5c W2=0x10fa,0x243e,0x3ff2
  r61_witness[14] r61=16 tail=29 gh60=0xbb08d6a W1=0x185d,0x9df,0x2772 W2=0x176a,0x261a,0x39fd
  r61_witness[15] r61=16 tail=30 gh60=0x499c79a W1=0x2baa,0x2e6e,0x2338 W2=0x2ab7,0x2038,0xb61

D60=0 fiber histogram: 1:7869 2:4742 3:1834 4:1109 5:395 6:245 7:88 8:68 9:31 10:9 11:4 12:5 13:4 14:1 15:2 16:1 17:1
