free_word_mitm_reducedn
N=14 mask=0x3fff msb=0x2000
candidate: M0=0x3d36 mode=random-fallback fill=0x3fff kernel=dM0=dM9=0x2000
prefixes=32768/268435456 mode=permuted-prefix-sample w59_per_prefix=16384 total=536870912
run_mode=scan registry_cap=16
sample_start=156270592
scan_elapsed=22.020s rate=24.38 Mtriples/s

D60 interface
  D60=0 matches: 32140 (random expectation 32768.0, enrichment 0.981x)
  prefixes with D60=0: 16392
  max D60=0 fiber per prefix: 24 at W57=0x1233 W58=0x29f2
  largest D60 bucket: D=0x2939 count=33701
  min D60 HW: 0
  D60 HW histogram: 0:32140 1:454269 2:2970799 3:11895763 4:32783573 5:65604830 6:98449448 7:112544001 8:98452420 9:65578038 10:32753520 11:11895326 12:2969012 13:455084 14:32689

Tail closure among D60=0 matches
  final tail collisions: 0
  best r61 HW: 13
  best r61 W1[57..59]=0x20b,0x1eca,0x3d8f
  best r61 W2[57..59]=0x118,0x29ab,0xf26
  best tail HW: 22
  best tail r61 HW: 17
  best W1[57..59]=0x1ff1,0x2174,0x1017
  best W2[57..59]=0x1efe,0x25f7,0x3584

SUMMARY N=14 sample_start=156270592 prefixes=32768 total=536870912 d0=32140 best_tail=22 tail_r61=17 best_r61=13 tail_W1=0x1ff1,0x2174,0x1017 tail_W2=0x1efe,0x25f7,0x3584 r61_W1=0x20b,0x1eca,0x3d8f r61_W2=0x118,0x29ab,0xf26

Scan-only witness registry
  registry_count=16 registry_cap=16
  witness[00] tail=22 r61=17 gh60=0x7699caa W1=0x1ff1,0x2174,0x1017 W2=0x1efe,0x25f7,0x3584
  witness[01] tail=23 r61=22 gh60=0x4a2fbfa W1=0xd96,0x11c9,0x39db W2=0xca3,0x559,0x3be0
  witness[02] tail=24 r61=15 gh60=0x5e085ea W1=0x3a9d,0xe6,0x224b W2=0x39aa,0x1df0,0x21ac
  witness[03] tail=24 r61=17 gh60=0x4705c9a W1=0x14a,0x2e4d,0x25e6 W2=0x57,0x10d6,0x2c73
  witness[04] tail=24 r61=20 gh60=0x4abdba6 W1=0x1d74,0x3352,0xa45 W2=0x1c81,0x3a39,0x34a1
  witness[05] tail=24 r61=23 gh60=0x4d9c4aa W1=0x1bfe,0x1824,0x2cd5 W2=0x1b0b,0x2cd5,0x96e
  witness[06] tail=24 r61=25 gh60=0xc78ffaa W1=0xf7e,0x2b9,0x460 W2=0xe8b,0x3849,0x3245
  witness[07] tail=24 r61=26 gh60=0xfffbf66 W1=0xfcb,0x39e0,0x3ebe W2=0xed8,0xe9c,0x42d
  witness[08] tail=25 r61=16 gh60=0x5e88ba6 W1=0x256b,0x4b0,0x386c W2=0x2478,0xcf4,0x3407
  witness[09] tail=25 r61=20 gh60=0x588c4ae W1=0x1530,0x1b21,0x3e6b W2=0x143d,0x1ac2,0x2cc8
  witness[10] tail=25 r61=20 gh60=0x4b2c7aa W1=0x2bc2,0x3ec0,0xbb7 W2=0x2acf,0x301d,0x1750
  witness[11] tail=25 r61=20 gh60=0x44a84be W1=0x3437,0x3382,0xd13 W2=0x3344,0x1024,0x5c7
  witness[12] tail=25 r61=22 gh60=0xca2c4fe W1=0xc18,0x340c,0xc93 W2=0xb25,0x33a5,0x1636
  witness[13] tail=25 r61=22 gh60=0x7e384ee W1=0x2d0f,0x3816,0x7c9 W2=0x2c1c,0x14ac,0x1d94
  witness[14] tail=25 r61=23 gh60=0xc779b9e W1=0x1c7,0x1bfc,0x1751 W2=0xd4,0xd60,0x23a8
  witness[15] tail=25 r61=24 gh60=0x468cbae W1=0x2970,0x65e,0x263f W2=0x287d,0x3af6,0x1b1a

Scan-only r61 registry
  registry_count=16 registry_cap=16
  r61_witness[00] r61=13 tail=26 gh60=0xf6084e6 W1=0x20b,0x1eca,0x3d8f W2=0x118,0x29ab,0xf26
  r61_witness[01] r61=14 tail=38 gh60=0x4514d6e W1=0x1660,0xc02,0x3f52 W2=0x156d,0x222,0x18e1
  r61_witness[02] r61=15 tail=24 gh60=0x5e085ea W1=0x3a9d,0xe6,0x224b W2=0x39aa,0x1df0,0x21ac
  r61_witness[03] r61=15 tail=28 gh60=0xc604de6 W1=0x268c,0x1e52,0xcd8 W2=0x2599,0x398d,0x13db
  r61_witness[04] r61=15 tail=40 gh60=0x4a044e6 W1=0x21c,0x2173,0x2aaa W2=0x129,0x139,0x1be7
  r61_witness[05] r61=16 tail=25 gh60=0x5e88ba6 W1=0x256b,0x4b0,0x386c W2=0x2478,0xcf4,0x3407
  r61_witness[06] r61=16 tail=27 gh60=0x4f27caa W1=0x2e42,0x240,0x313 W2=0x2d4f,0x3b58,0x1747
  r61_witness[07] r61=16 tail=30 gh60=0x370cb66 W1=0x35cc,0x3ab9,0x2d52 W2=0x34d9,0x1090,0xdc3
  r61_witness[08] r61=16 tail=32 gh60=0x4498dba W1=0x36b5,0x1759,0xa1 W2=0x35c2,0x1730,0x2ef4
  r61_witness[09] r61=16 tail=32 gh60=0x4a08cee W1=0x391f,0x2714,0x234 W2=0x382c,0x13db,0x335d
  r61_witness[10] r61=16 tail=34 gh60=0xda27ca6 W1=0x1104,0x2adb,0x2068 W2=0x1011,0x2c16,0x2ca
  r61_witness[11] r61=16 tail=35 gh60=0x49abba6 W1=0x31b3,0x2cc5,0x3e60 W2=0x30c0,0x2627,0x3279
  r61_witness[12] r61=16 tail=37 gh60=0x76544fe W1=0x518,0x20d8,0x53e W2=0x425,0x3201,0x207c
  r61_witness[13] r61=17 tail=22 gh60=0x7699caa W1=0x1ff1,0x2174,0x1017 W2=0x1efe,0x25f7,0x3584
  r61_witness[14] r61=17 tail=24 gh60=0x4705c9a W1=0x14a,0x2e4d,0x25e6 W2=0x57,0x10d6,0x2c73
  r61_witness[15] r61=17 tail=27 gh60=0xba08cea W1=0x1911,0x33e9,0x1ee5 W2=0x181e,0x7a4,0x19c4

D60=0 fiber histogram: 1:7941 2:4778 3:1773 4:1090 5:391 6:216 7:73 8:66 9:32 10:14 11:5 12:4 13:4 14:1 16:1 18:1 19:1 24:1
