free_word_mitm_reducedn
N=14 mask=0x3fff msb=0x2000
candidate: M0=0x3d36 mode=random-fallback fill=0x3fff kernel=dM0=dM9=0x2000
prefixes=32768/268435456 mode=permuted-prefix-sample w59_per_prefix=16384 total=536870912
run_mode=scan registry_cap=16
sample_start=181436416
scan_elapsed=21.959s rate=24.45 Mtriples/s

D60 interface
  D60=0 matches: 32791 (random expectation 32768.0, enrichment 1.001x)
  prefixes with D60=0: 16547
  max D60=0 fiber per prefix: 20 at W57=0x3e92 W58=0x2bca
  largest D60 bucket: D=0x2db1 count=33876
  min D60 HW: 0
  D60 HW histogram: 0:32791 1:457838 2:2970790 3:11904590 4:32754328 5:65613927 6:98482575 7:112547561 8:98442193 9:65560720 10:32749330 11:11895637 12:2969592 13:456884 14:32156

Tail closure among D60=0 matches
  final tail collisions: 0
  best r61 HW: 12
  best r61 W1[57..59]=0x262b,0x939,0xfa8
  best r61 W2[57..59]=0x2538,0x19d5,0x2f0c
  best tail HW: 24
  best tail r61 HW: 16
  best W1[57..59]=0x2612,0x16,0x2b89
  best W2[57..59]=0x251f,0xb12,0x1eef

SUMMARY N=14 sample_start=181436416 prefixes=32768 total=536870912 d0=32791 best_tail=24 tail_r61=16 best_r61=12 tail_W1=0x2612,0x16,0x2b89 tail_W2=0x251f,0xb12,0x1eef r61_W1=0x262b,0x939,0xfa8 r61_W2=0x2538,0x19d5,0x2f0c

Scan-only witness registry
  registry_count=16 registry_cap=16
  witness[00] tail=24 r61=16 gh60=0x4624cea W1=0x2612,0x16,0x2b89 W2=0x251f,0xb12,0x1eef
  witness[01] tail=24 r61=18 gh60=0x4618de6 W1=0x169b,0x1877,0x2ba6 W2=0x15a8,0x3a1,0x3142
  witness[02] tail=24 r61=19 gh60=0xc718f6a W1=0x751,0xe17,0x1b31 W2=0x65e,0xa3e,0x33bb
  witness[03] tail=24 r61=22 gh60=0xdfbbbaa W1=0xd81,0x9e3,0x3622 W2=0xc8e,0x3da2,0x22b0
  witness[04] tail=25 r61=18 gh60=0x4a24bea W1=0x592,0x3b14,0x2b9e W2=0x49f,0x2de8,0x19dc
  witness[05] tail=25 r61=19 gh60=0x57a456a W1=0x3262,0x26cf,0x997 W2=0x316f,0x11a,0x2fe6
  witness[06] tail=25 r61=20 gh60=0x590bb6a W1=0xddd,0x27f5,0x536 W2=0xcea,0x6e0,0x3125
  witness[07] tail=25 r61=21 gh60=0x372849e W1=0x547,0x2396,0x2f5d W2=0x454,0x218b,0x9e9
  witness[08] tail=25 r61=21 gh60=0xc4a9c9a W1=0x3e29,0x1622,0xa3 W2=0x3d36,0x3cae,0x118e
  witness[09] tail=25 r61=23 gh60=0x47b7daa W1=0xeae,0x2d3c,0x5b9 W2=0xdbb,0x202c,0x3a9a
  witness[10] tail=25 r61=24 gh60=0xde944aa W1=0x3cee,0x969,0x224a W2=0x3bfb,0x20ea,0xd40
  witness[11] tail=25 r61=26 gh60=0x4b17f6e W1=0xf50,0x2dc5,0x20f W2=0xe5d,0x1305,0x21fa
  witness[12] tail=25 r61=26 gh60=0xc53fd6a W1=0x2e52,0xd34,0x2943 W2=0x2d5f,0xe28,0x30fa
  witness[13] tail=26 r61=15 gh60=0xc665fea W1=0x1f92,0x2fef,0x208a W2=0x1e9f,0x1e83,0x56c
  witness[14] tail=26 r61=19 gh60=0x5e94baa W1=0x156e,0x3909,0x832 W2=0x147b,0x9a1,0xb9c
  witness[15] tail=26 r61=19 gh60=0x4565cea W1=0x1e22,0x3f7d,0xb45 W2=0x1d2f,0x789,0x303b

Scan-only r61 registry
  registry_count=16 registry_cap=16
  r61_witness[00] r61=12 tail=31 gh60=0x4498ca6 W1=0x262b,0x939,0xfa8 W2=0x2538,0x19d5,0x2f0c
  r61_witness[01] r61=13 tail=29 gh60=0x4e185ea W1=0x1c91,0x3b83,0x816 W2=0x1b9e,0xd25,0x176
  r61_witness[02] r61=14 tail=34 gh60=0xfe07ce6 W1=0xf0c,0x2af7,0x36b7 W2=0xe19,0x2a20,0x3f4f
  r61_witness[03] r61=15 tail=26 gh60=0xc665fea W1=0x1f92,0x2fef,0x208a W2=0x1e9f,0x1e83,0x56c
  r61_witness[04] r61=15 tail=30 gh60=0xd50cd66 W1=0x18cc,0x3d51,0x2f37 W2=0x17d9,0x480,0x18ef
  r61_witness[05] r61=15 tail=31 gh60=0x3885ba6 W1=0x3dac,0x2488,0x81d W2=0x3cb9,0x2ecb,0x6d4
  r61_witness[06] r61=15 tail=33 gh60=0x48984ae W1=0x352f,0x2d37,0x2df5 W2=0x343c,0x1ad7,0xe1a
  r61_witness[07] r61=16 tail=24 gh60=0x4624cea W1=0x2612,0x16,0x2b89 W2=0x251f,0xb12,0x1eef
  r61_witness[08] r61=16 tail=29 gh60=0xc908766 W1=0x134b,0x17a,0x143 W2=0x1258,0x352f,0x38c7
  r61_witness[09] r61=16 tail=31 gh60=0xc908b6e W1=0x355f,0x17fe,0x3813 W2=0x346c,0x2215,0x291e
  r61_witness[10] r61=16 tail=32 gh60=0x493849a W1=0x2d49,0x16ac,0x15a W2=0x2c56,0x3d3b,0x10de
  r61_witness[11] r61=16 tail=33 gh60=0x4a0ccea W1=0x91e,0xe65,0x2158 W2=0x82b,0x1261,0x116a
  r61_witness[12] r61=16 tail=33 gh60=0x4898baa W1=0x15ad,0xabb,0x83a W2=0x14ba,0xace,0x1d36
  r61_witness[13] r61=16 tail=33 gh60=0xce35bfa W1=0x1d96,0x2ece,0xba5 W2=0x1ca3,0x2f5e,0x1c33
  r61_witness[14] r61=16 tail=34 gh60=0x4bb9cae W1=0x1fff,0x10aa,0xc23 W2=0x1f0c,0x3cf9,0xf94
  r61_witness[15] r61=16 tail=34 gh60=0x490bb6e W1=0x315f,0xf42,0x108c W2=0x306c,0x3351,0x1c5e

D60=0 fiber histogram: 1:7925 2:4812 3:1814 4:1123 5:424 6:235 7:83 8:66 9:28 10:18 11:8 12:7 13:1 15:1 17:1 20:1
