free_word_mitm_reducedn
N=14 mask=0x3fff msb=0x2000
candidate: M0=0x3d36 mode=random-fallback fill=0x3fff kernel=dM0=dM9=0x2000
prefixes=32768/268435456 mode=permuted-prefix-sample w59_per_prefix=16384 total=536870912
run_mode=scan registry_cap=16
sample_start=105938944
scan_elapsed=22.057s rate=24.34 Mtriples/s

D60 interface
  D60=0 matches: 32765 (random expectation 32768.0, enrichment 1.000x)
  prefixes with D60=0: 16635
  max D60=0 fiber per prefix: 32 at W57=0x1d57 W58=0x2af2
  largest D60 bucket: D=0x2ba2 count=33828
  min D60 HW: 0
  D60 HW histogram: 0:32765 1:455757 2:2970459 3:11903910 4:32762116 5:65570613 6:98413856 7:112522957 8:98454144 9:65607783 10:32792771 11:11913180 12:2978929 13:458921 14:32751

Tail closure among D60=0 matches
  final tail collisions: 0
  best r61 HW: 15
  best r61 W1[57..59]=0xd45,0x177a,0x2b2
  best r61 W2[57..59]=0xc52,0x3dcd,0x2cf9
  best tail HW: 22
  best tail r61 HW: 26
  best W1[57..59]=0x27f8,0xb9c,0x23cb
  best W2[57..59]=0x2705,0x600,0x2416

SUMMARY N=14 sample_start=105938944 prefixes=32768 total=536870912 d0=32765 best_tail=22 tail_r61=26 best_r61=15 tail_W1=0x27f8,0xb9c,0x23cb tail_W2=0x2705,0x600,0x2416 r61_W1=0xd45,0x177a,0x2b2 r61_W2=0xc52,0x3dcd,0x2cf9

Scan-only witness registry
  registry_count=16 registry_cap=16
  witness[00] tail=22 r61=26 gh60=0x4ff4cbe W1=0x27f8,0xb9c,0x23cb W2=0x2705,0x600,0x2416
  witness[01] tail=23 r61=19 gh60=0xc698baa W1=0x2971,0x3c28,0x294f W2=0x287e,0x38af,0x3e26
  witness[02] tail=23 r61=20 gh60=0x3ad879a W1=0x2369,0x24a9,0x7bd W2=0x2276,0x26fc,0x1e71
  witness[03] tail=24 r61=19 gh60=0x4a18cea W1=0x2611,0x1061,0xe92 W2=0x251e,0x1768,0x65e
  witness[04] tail=24 r61=22 gh60=0x5609cea W1=0xd,0x5eb,0xb94 W2=0x3f1a,0x82e,0x34a5
  witness[05] tail=24 r61=22 gh60=0x4f08b6a W1=0x94d,0x1923,0x98b W2=0x85a,0x366,0x128d
  witness[06] tail=24 r61=22 gh60=0xcd0cd6e W1=0x3650,0x503,0x1abc W2=0x355d,0x237,0x12aa
  witness[07] tail=24 r61=30 gh60=0x57b84a6 W1=0x2333,0x1311,0x631 W2=0x2240,0x137c,0x2a58
  witness[08] tail=25 r61=19 gh60=0x5b944ae W1=0x13f0,0x214c,0x800 W2=0x12fd,0x116d,0x3116
  witness[09] tail=25 r61=21 gh60=0x7cb8daa W1=0x16c1,0x2706,0x2945 W2=0x15ce,0x374d,0x2d7c
  witness[10] tail=25 r61=21 gh60=0x5f0cf6e W1=0x3750,0x347,0x22a5 W2=0x365d,0xe8b,0x34bf
  witness[11] tail=25 r61=22 gh60=0xd7d8c9a W1=0x3829,0x12f3,0x933 W2=0x3736,0x3fd,0x1115
  witness[12] tail=25 r61=24 gh60=0xba0c5ee W1=0xa90,0x286b,0x36dd W2=0x99d,0xdaa,0x132e
  witness[13] tail=25 r61=27 gh60=0xf6e849e W1=0x1a47,0xf9b,0x1393 W2=0x1954,0x2b86,0x225e
  witness[14] tail=25 r61=27 gh60=0x5e7dbea W1=0x3d8e,0x2c5e,0xb1 W2=0x3c9b,0x2cee,0x39b2
  witness[15] tail=26 r61=17 gh60=0x5e29f9a W1=0x1f85,0x3a6e,0x3dae W2=0x1e92,0x2b46,0x33e5

Scan-only r61 registry
  registry_count=16 registry_cap=16
  r61_witness[00] r61=15 tail=28 gh60=0xca0bcea W1=0x2e21,0x32b8,0x2e3f W2=0x2d2e,0x302b,0xe9d
  r61_witness[01] r61=15 tail=30 gh60=0xca08ce6 W1=0x270b,0x2faa,0x3a35 W2=0x2618,0xabc,0x1bbc
  r61_witness[02] r61=15 tail=32 gh60=0xca0bcea W1=0x2e21,0x32b8,0x3e3f W2=0x2d2e,0x302b,0x1e9d
  r61_witness[03] r61=15 tail=34 gh60=0x3f3849a W1=0xd45,0x177a,0x2b2 W2=0xc52,0x3dcd,0x2cf9
  r61_witness[04] r61=15 tail=40 gh60=0xc909b6a W1=0x214d,0x5b5,0x2e68 W2=0x205a,0x34ec,0x1feb
  r61_witness[05] r61=16 tail=27 gh60=0x46d4c9e W1=0x2948,0x2226,0x3dbe W2=0x2855,0x2b55,0xfa8
  r61_witness[06] r61=16 tail=28 gh60=0xc5a84ba W1=0x1435,0x15e4,0x118c W2=0x1342,0xca2,0x210a
  r61_witness[07] r61=16 tail=32 gh60=0x450bd6a W1=0x2e51,0x2555,0x3936 W2=0x2d5e,0x1644,0x18a7
  r61_witness[08] r61=16 tail=32 gh60=0xc8887a6 W1=0x33bb,0x3b9d,0x1ec5 W2=0x32c8,0x3462,0x34dc
  r61_witness[09] r61=16 tail=33 gh60=0x4b19b6a W1=0x1dcd,0x3c1b,0x34fa W2=0x1cda,0x281a,0x35df
  r61_witness[10] r61=16 tail=34 gh60=0x4a0449a W1=0x220a,0x32f5,0x6c8 W2=0x2117,0x17b3,0x37cd
  r61_witness[11] r61=16 tail=34 gh60=0xc4985aa W1=0x24b1,0x34b9,0x2d87 W2=0x23be,0x3351,0x225c
  r61_witness[12] r61=16 tail=36 gh60=0x4609cea W1=0x1e21,0x13b3,0x11 W2=0x1d2e,0x1c2a,0x2a00
  r61_witness[13] r61=16 tail=36 gh60=0xc4984ae W1=0x342f,0x3108,0x3d38 W2=0x333c,0x2ea8,0x21f2
  r61_witness[14] r61=16 tail=37 gh60=0x44afc9a W1=0x2e26,0x27bf,0x3d56 W2=0x2d33,0x210,0xbf4
  r61_witness[15] r61=17 tail=26 gh60=0x5e29f9a W1=0x1f85,0x3a6e,0x3dae W2=0x1e92,0x2b46,0x33e5

D60=0 fiber histogram: 1:8123 2:4749 3:1815 4:1112 5:397 6:211 7:74 8:66 9:34 10:25 11:9 12:7 13:5 14:2 15:1 17:1 18:2 22:1 32:1
