free_word_mitm_reducedn
N=14 mask=0x3fff msb=0x2000
candidate: M0=0x3d36 mode=random-fallback fill=0x3fff kernel=dM0=dM9=0x2000
prefixes=32768/268435456 mode=permuted-prefix-sample w59_per_prefix=16384 total=536870912
run_mode=scan registry_cap=16
sample_start=213680128
scan_elapsed=19.942s rate=26.92 Mtriples/s

D60 interface
  D60=0 matches: 32828 (random expectation 32768.0, enrichment 1.002x)
  prefixes with D60=0: 16521
  max D60=0 fiber per prefix: 20 at W57=0xe2 W58=0x2209
  largest D60 bucket: D=0x10a6 count=33772
  min D60 HW: 0
  D60 HW histogram: 0:32828 1:458210 2:2979742 3:11931702 4:32828294 5:65668105 6:98498127 7:112499594 8:98346957 9:65511261 10:32741957 11:11906496 12:2977247 13:457664 14:32728

Tail closure among D60=0 matches
  final tail collisions: 0
  best r61 HW: 13
  best r61 W1[57..59]=0x2e8f,0x1cc2,0x3367
  best r61 W2[57..59]=0x2d9c,0x3a05,0x3bbb
  best tail HW: 22
  best tail r61 HW: 23
  best W1[57..59]=0xd03,0xfc5,0x3f4d
  best W2[57..59]=0xc10,0x2fc2,0x1b2a

SUMMARY N=14 sample_start=213680128 prefixes=32768 total=536870912 d0=32828 best_tail=22 tail_r61=23 best_r61=13 tail_W1=0xd03,0xfc5,0x3f4d tail_W2=0xc10,0x2fc2,0x1b2a r61_W1=0x2e8f,0x1cc2,0x3367 r61_W2=0x2d9c,0x3a05,0x3bbb

Scan-only witness registry
  registry_count=16 registry_cap=16
  witness[00] tail=22 r61=23 gh60=0xca284a6 W1=0xd03,0xfc5,0x3f4d W2=0xc10,0x2fc2,0x1b2a
  witness[01] tail=23 r61=19 gh60=0xcb84c9a W1=0x26ea,0x3b7d,0x102c W2=0x25f7,0x20c4,0x3bb0
  witness[02] tail=23 r61=19 gh60=0xc698ca6 W1=0x35eb,0xa1d,0x29aa W2=0x34f8,0x2a39,0x77a
  witness[03] tail=24 r61=17 gh60=0x5c985aa W1=0x22bd,0x1582,0x1119 W2=0x21ca,0x2286,0x1ccd
  witness[04] tail=24 r61=21 gh60=0x4b0c56a W1=0x25e,0x2408,0x2882 W2=0x16b,0x1b2b,0x1586
  witness[05] tail=24 r61=25 gh60=0xfb985aa W1=0x2271,0x84f,0x2b67 W2=0x217e,0x4f7,0x3485
  witness[06] tail=24 r61=26 gh60=0x4bf45be W1=0x478,0x2353,0x21e8 W2=0x385,0x288e,0xd4d
  witness[07] tail=24 r61=26 gh60=0xcff84ea W1=0xd1d,0xab2,0x2003 W2=0xc2a,0xe18,0x1702
  witness[08] tail=25 r61=17 gh60=0x4984c9a W1=0x18ea,0x1ceb,0xa10 W2=0x17f7,0x1036,0x238a
  witness[09] tail=25 r61=18 gh60=0x4ce7ca6 W1=0x3034,0x38c3,0x1bc W2=0x2f41,0x3b76,0x2c03
  witness[10] tail=25 r61=20 gh60=0x45b84ba W1=0x3435,0x2b73,0x24f0 W2=0x3342,0x2031,0x204d
  witness[11] tail=25 r61=21 gh60=0xb70457a W1=0x2ada,0x2f6f,0x223e W2=0x29e7,0x15f8,0x3554
  witness[12] tail=25 r61=22 gh60=0x58a8bba W1=0x29b9,0x1da3,0x4c6 W2=0x28c6,0x18ba,0x1670
  witness[13] tail=26 r61=19 gh60=0x4d6456a W1=0x1c52,0xf2c,0x3287 W2=0x1b5f,0x343b,0x49f
  witness[14] tail=26 r61=20 gh60=0x4568566 W1=0x2cd3,0x1f1d,0x2f95 W2=0x2be0,0x3b5e,0x2e59
  witness[15] tail=26 r61=21 gh60=0x38a47a6 W1=0x1bb4,0xa0a,0x268e W2=0x1ac1,0x3e0,0x1806

Scan-only r61 registry
  registry_count=16 registry_cap=16
  r61_witness[00] r61=13 tail=35 gh60=0x4a0bdee W1=0x2e8f,0x1cc2,0x3367 W2=0x2d9c,0x3a05,0x3bbb
  r61_witness[01] r61=14 tail=31 gh60=0x560c4ea W1=0x121e,0x37c,0x1e39 W2=0x112b,0x1423,0x258b
  r61_witness[02] r61=14 tail=34 gh60=0x4a08cea W1=0x1811,0x112a,0x3dcf W2=0x171e,0x2535,0xf42
  r61_witness[03] r61=14 tail=35 gh60=0xca08dea W1=0x288d,0x33ea,0x20c3 W2=0x279a,0x3cc5,0xb58
  r61_witness[04] r61=15 tail=32 gh60=0x4d14d6a W1=0x6ce,0x1ef2,0x3ddf W2=0x5db,0x2142,0x2ebe
  r61_witness[05] r61=15 tail=32 gh60=0xc88bca6 W1=0x113b,0xdad,0x13bd W2=0x1048,0x3eb3,0x1140
  r61_witness[06] r61=16 tail=32 gh60=0x4a15dee W1=0x1ea0,0x3c7b,0x1b73 W2=0x1dad,0x24ab,0x14e8
  r61_witness[07] r61=16 tail=34 gh60=0x452bd9a W1=0xec5,0x343b,0x309a W2=0xdd2,0x1adf,0x3bf8
  r61_witness[08] r61=16 tail=35 gh60=0xc8887aa W1=0x3bd,0x19a7,0x2011 W2=0x2ca,0xaeb,0x268e
  r61_witness[09] r61=16 tail=35 gh60=0xc70856a W1=0x14cd,0x7cf,0x295b W2=0x13da,0x1f7d,0x682
  r61_witness[10] r61=16 tail=40 gh60=0x491cb6e W1=0x15d0,0x1b71,0x3175 W2=0x14dd,0x2995,0x2851
  r61_witness[11] r61=17 tail=24 gh60=0x5c985aa W1=0x22bd,0x1582,0x1119 W2=0x21ca,0x2286,0x1ccd
  r61_witness[12] r61=17 tail=25 gh60=0x4984c9a W1=0x18ea,0x1ceb,0xa10 W2=0x17f7,0x1036,0x238a
  r61_witness[13] r61=17 tail=27 gh60=0x4c99d9a W1=0xa5,0x37d6,0x1c83 W2=0x3fb2,0x203e,0x1403
  r61_witness[14] r61=17 tail=28 gh60=0xc889ca6 W1=0x212b,0x1fbe,0x155b W2=0x2038,0x17d8,0x5f3
  r61_witness[15] r61=17 tail=28 gh60=0x470c56a W1=0x344e,0x3c6c,0x26fd W2=0x335b,0x9ff,0x28a9

D60=0 fiber histogram: 1:7954 2:4697 3:1872 4:1132 5:420 6:227 7:69 8:71 9:35 10:22 11:7 12:6 13:2 14:2 15:1 16:2 18:1 20:1
