free_word_mitm_reducedn
N=14 mask=0x3fff msb=0x2000
candidate: M0=0x3d36 mode=random-fallback fill=0x3fff kernel=dM0=dM9=0x2000
prefixes=32768/268435456 mode=permuted-prefix-sample w59_per_prefix=16384 total=536870912
run_mode=scan registry_cap=16
sample_start=154959872
scan_elapsed=20.010s rate=26.83 Mtriples/s

D60 interface
  D60=0 matches: 32737 (random expectation 32768.0, enrichment 0.999x)
  prefixes with D60=0: 16530
  max D60=0 fiber per prefix: 20 at W57=0x294b W58=0x2909
  largest D60 bucket: D=0x28c6 count=33690
  min D60 HW: 0
  D60 HW histogram: 0:32737 1:456693 2:2976731 3:11929086 4:32817860 5:65634703 6:98451336 7:112507606 8:98397285 9:65555481 10:32753107 11:11897451 12:2971307 13:456862 14:32667

Tail closure among D60=0 matches
  final tail collisions: 0
  best r61 HW: 14
  best r61 W1[57..59]=0x8d9,0x1928,0x27f3
  best r61 W2[57..59]=0x7e6,0x3913,0x20
  best tail HW: 20
  best tail r61 HW: 15
  best W1[57..59]=0x2cb3,0x175f,0x2b1b
  best W2[57..59]=0x2bc0,0x2ba4,0x2eee

SUMMARY N=14 sample_start=154959872 prefixes=32768 total=536870912 d0=32737 best_tail=20 tail_r61=15 best_r61=14 tail_W1=0x2cb3,0x175f,0x2b1b tail_W2=0x2bc0,0x2ba4,0x2eee r61_W1=0x8d9,0x1928,0x27f3 r61_W2=0x7e6,0x3913,0x20

Scan-only witness registry
  registry_count=16 registry_cap=16
  witness[00] tail=20 r61=15 gh60=0xcd985a6 W1=0x2cb3,0x175f,0x2b1b W2=0x2bc0,0x2ba4,0x2eee
  witness[01] tail=21 r61=18 gh60=0xca28f9e W1=0x1787,0x5e5,0xbe7 W2=0x1694,0xc03,0x3922
  witness[02] tail=21 r61=23 gh60=0xdf99caa W1=0x131,0x1e9a,0x3b6f W2=0x3e,0x1e59,0x2a3f
  witness[03] tail=23 r61=20 gh60=0x4e08cea W1=0x280d,0x6f2,0x2655 W2=0x271a,0x7b5,0x3fda
  witness[04] tail=23 r61=22 gh60=0x4628bfa W1=0x995,0x10b3,0x2fc5 W2=0x8a2,0x3a7e,0x1279
  witness[05] tail=24 r61=22 gh60=0x47584ba W1=0x3c39,0x1e13,0x6d7 W2=0x3b46,0x1515,0xa5f
  witness[06] tail=24 r61=23 gh60=0x7e14cea W1=0x371e,0x2a5c,0x2b23 W2=0x362b,0x3d54,0x390d
  witness[07] tail=24 r61=27 gh60=0xd48bcae W1=0x303f,0x2e9b,0x9fa W2=0x2f4c,0x56e,0x329
  witness[08] tail=25 r61=17 gh60=0xc6d459e W1=0x468,0x2c74,0x972 W2=0x375,0x32c0,0x828
  witness[09] tail=25 r61=21 gh60=0xcb0459a W1=0xcca,0x3ee4,0x34b6 W2=0xbd7,0x2d50,0x329f
  witness[10] tail=25 r61=23 gh60=0xda084ee W1=0x40f,0x1fd5,0x10a0 W2=0x31c,0xcfb,0x1341
  witness[11] tail=25 r61=23 gh60=0xfa18cea W1=0x711,0x9f6,0x11a7 W2=0x61e,0xcad,0x38cb
  witness[12] tail=25 r61=25 gh60=0xc754d7e W1=0x26d8,0x24f5,0x3452 W2=0x25e5,0x2ec9,0x302d
  witness[13] tail=25 r61=26 gh60=0xfadc49a W1=0xb46,0x366b,0x3bf5 W2=0xa53,0x1e43,0x3bb7
  witness[14] tail=25 r61=27 gh60=0xca1ccaa W1=0x2602,0x26bc,0x814 W2=0x250f,0x2ed0,0x1242
  witness[15] tail=26 r61=17 gh60=0x4609de6 W1=0x3e9b,0x2754,0x3fba W2=0x3da8,0x3f80,0x2cf0

Scan-only r61 registry
  registry_count=16 registry_cap=16
  r61_witness[00] r61=14 tail=32 gh60=0x7b58d7a W1=0x8d9,0x1928,0x27f3 W2=0x7e6,0x3913,0x20
  r61_witness[01] r61=14 tail=34 gh60=0x39644aa W1=0x542,0x2614,0x2c81 W2=0x44f,0x2be9,0x1332
  r61_witness[02] r61=15 tail=20 gh60=0xcd985a6 W1=0x2cb3,0x175f,0x2b1b W2=0x2bc0,0x2ba4,0x2eee
  r61_witness[03] r61=15 tail=32 gh60=0x4e087ea W1=0x391,0x5c,0xd55 W2=0x29e,0x12a,0x1e8b
  r61_witness[04] r61=15 tail=38 gh60=0xc508d6e W1=0x265f,0x3698,0x2cbe W2=0x256c,0x1bb3,0x121d
  r61_witness[05] r61=16 tail=27 gh60=0x4c88da6 W1=0x28bb,0x151d,0x37ab W2=0x27c8,0x641,0x244f
  r61_witness[06] r61=16 tail=30 gh60=0x3a145ea W1=0x148e,0x101d,0x124c W2=0x139b,0x1c40,0xb08
  r61_witness[07] r61=16 tail=30 gh60=0x4a55cfe W1=0x1f18,0x130e,0x2950 W2=0x1e25,0x1ff6,0x16cd
  r61_witness[08] r61=16 tail=30 gh60=0xcc985aa W1=0x2abd,0xfa,0x1fbd W2=0x29ca,0xc7e,0x7b8
  r61_witness[09] r61=16 tail=32 gh60=0x4b0c766 W1=0x34c,0xbc4,0x2189 W2=0x259,0x3886,0x3165
  r61_witness[10] r61=16 tail=33 gh60=0x4e18fee W1=0x178f,0x874,0x1fc2 W2=0x169c,0x1047,0x1395
  r61_witness[11] r61=16 tail=37 gh60=0xca08bea W1=0x1991,0x3066,0x1141 W2=0x189e,0x3ef9,0x30a4
  r61_witness[12] r61=16 tail=38 gh60=0x4629bfa W1=0x195,0x711,0x36bb W2=0xa2,0x33dc,0x21f2
  r61_witness[13] r61=17 tail=25 gh60=0xc6d459e W1=0x468,0x2c74,0x972 W2=0x375,0x32c0,0x828
  r61_witness[14] r61=17 tail=26 gh60=0x4609de6 W1=0x3e9b,0x2754,0x3fba W2=0x3da8,0x3f80,0x2cf0
  r61_witness[15] r61=17 tail=28 gh60=0x4b685a6 W1=0x3ac3,0x2e5,0x1d09 W2=0x39d0,0x73a,0x1f90

D60=0 fiber histogram: 1:8033 2:4702 3:1801 4:1087 5:446 6:229 7:78 8:82 9:34 10:21 11:5 12:3 13:1 14:3 15:3 16:1 20:1
