free_word_mitm_reducedn
N=14 mask=0x3fff msb=0x2000
candidate: M0=0x3d36 mode=random-fallback fill=0x3fff kernel=dM0=dM9=0x2000
prefixes=32768/268435456 mode=permuted-prefix-sample w59_per_prefix=16384 total=536870912
run_mode=scan registry_cap=16
sample_start=222068736
scan_elapsed=20.060s rate=26.76 Mtriples/s

D60 interface
  D60=0 matches: 32393 (random expectation 32768.0, enrichment 0.989x)
  prefixes with D60=0: 16477
  max D60=0 fiber per prefix: 16 at W57=0x160b W58=0x13e6
  largest D60 bucket: D=0x9f2 count=33645
  min D60 HW: 0
  D60 HW histogram: 0:32393 1:456923 2:2977503 3:11921050 4:32794190 5:65619689 6:98450503 7:112492880 8:98404314 9:65564678 10:32760735 11:11921253 12:2982077 13:459951 14:32773

Tail closure among D60=0 matches
  final tail collisions: 0
  best r61 HW: 12
  best r61 W1[57..59]=0x120f,0xe67,0x1c8f
  best r61 W2[57..59]=0x111c,0xc11,0x1004
  best tail HW: 23
  best tail r61 HW: 16
  best W1[57..59]=0x260a,0x50c,0x10e0
  best W2[57..59]=0x2517,0x2ccb,0x2b14

SUMMARY N=14 sample_start=222068736 prefixes=32768 total=536870912 d0=32393 best_tail=23 tail_r61=16 best_r61=12 tail_W1=0x260a,0x50c,0x10e0 tail_W2=0x2517,0x2ccb,0x2b14 r61_W1=0x120f,0xe67,0x1c8f r61_W2=0x111c,0xc11,0x1004

Scan-only witness registry
  registry_count=16 registry_cap=16
  witness[00] tail=23 r61=16 gh60=0x3a04c9a W1=0x260a,0x50c,0x10e0 W2=0x2517,0x2ccb,0x2b14
  witness[01] tail=23 r61=18 gh60=0x4e77ffa W1=0xf96,0x2382,0x1699 W2=0xea3,0x1412,0x2ce3
  witness[02] tail=23 r61=22 gh60=0xf97c4ae W1=0xb30,0x12a6,0x1a17 W2=0xa3d,0x347,0xcdd
  witness[03] tail=24 r61=19 gh60=0x3a184a6 W1=0x1503,0x752,0x3f80 W2=0x1410,0x364d,0x284d
  witness[04] tail=24 r61=20 gh60=0x472857a W1=0x3cd5,0x7cb,0xb47 W2=0x3be2,0x6f3,0x38f1
  witness[05] tail=24 r61=21 gh60=0x5d8bdae W1=0x30af,0x2cde,0x2b8a W2=0x2fbc,0x395,0x1a52
  witness[06] tail=24 r61=24 gh60=0x54fbdaa W1=0x30c1,0x2151,0x2a40 W2=0x2fce,0x814,0x1c06
  witness[07] tail=25 r61=19 gh60=0x4ef7d9e W1=0x3088,0x3285,0xc9 W2=0x2f95,0x2b8e,0x3f7e
  witness[08] tail=25 r61=20 gh60=0x4a8c7a6 W1=0x2b6c,0xd04,0x3136 W2=0x2a79,0x35d8,0x1edf
  witness[09] tail=25 r61=24 gh60=0x4f08d66 W1=0x28cb,0x35fc,0x195b W2=0x27d8,0x2e2e,0x830
  witness[10] tail=25 r61=25 gh60=0x5a744fe W1=0x1518,0xd38,0x3e5b W2=0x1425,0x2861,0xe23
  witness[11] tail=25 r61=26 gh60=0x5a1c5ee W1=0x1a90,0x10cb,0x6cf W2=0x199d,0x50e,0x3f8d
  witness[12] tail=25 r61=29 gh60=0xd767d6a W1=0x3052,0x20ed,0x3813 W2=0x2f5f,0x1bc1,0xa6b
  witness[13] tail=26 r61=18 gh60=0x4659c9e W1=0x2107,0x24c3,0x3989 W2=0x2014,0x21ef,0x285e
  witness[14] tail=26 r61=21 gh60=0xdd0cd66 W1=0x84c,0x26af,0x1e95 W2=0x759,0x1b02,0x1f25
  witness[15] tail=26 r61=22 gh60=0x4a844a6 W1=0xbec,0x1207,0xcb9 W2=0xaf9,0x10e3,0x37db

Scan-only r61 registry
  registry_count=16 registry_cap=16
  r61_witness[00] r61=12 tail=31 gh60=0x4a084ee W1=0x120f,0xe67,0x1c8f W2=0x111c,0xc11,0x1004
  r61_witness[01] r61=14 tail=31 gh60=0x4a0fde6 W1=0x2e8c,0x3164,0x3558 W2=0x2d99,0x3ea5,0x133e
  r61_witness[02] r61=14 tail=38 gh60=0x450856e W1=0x1c5f,0x30c2,0x2dc7 W2=0x1b6c,0x2100,0x126
  r61_witness[03] r61=15 tail=30 gh60=0x44add9a W1=0x3ea6,0xf41,0x39b1 W2=0x3db3,0x31be,0x1533
  r61_witness[04] r61=15 tail=31 gh60=0x5b08566 W1=0x2db,0x3fa2,0x3642 W2=0x1e8,0x12d7,0x1f6e
  r61_witness[05] r61=15 tail=32 gh60=0x38a84a6 W1=0x1d33,0x77c,0x37e2 W2=0x1c40,0x34e9,0x1bcc
  r61_witness[06] r61=15 tail=33 gh60=0x7a89daa W1=0x1e81,0x3687,0x2b15 W2=0x1d8e,0x38de,0x2b2b
  r61_witness[07] r61=15 tail=39 gh60=0x460bcea W1=0xf0d,0x2831,0x1019 W2=0xe1a,0x17a8,0x6de
  r61_witness[08] r61=16 tail=23 gh60=0x3a04c9a W1=0x260a,0x50c,0x10e0 W2=0x2517,0x2ccb,0x2b14
  r61_witness[09] r61=16 tail=30 gh60=0x49a8f66 W1=0x2763,0xfef,0x2ec9 W2=0x2670,0x3345,0x2832
  r61_witness[10] r61=16 tail=31 gh60=0x4aabcba W1=0x10f9,0x1488,0x1f4 W2=0x1006,0x2143,0x15d2
  r61_witness[11] r61=16 tail=33 gh60=0x3a884aa W1=0x23fd,0x142,0x2225 W2=0x230a,0x96e,0x1294
  r61_witness[12] r61=16 tail=33 gh60=0x44885aa W1=0x34b1,0x192e,0x28f7 W2=0x33be,0x26c6,0x20af
  r61_witness[13] r61=16 tail=34 gh60=0x4e185ea W1=0x3491,0x3770,0x813 W2=0x339e,0x992,0x1e73
  r61_witness[14] r61=16 tail=35 gh60=0x460bfea W1=0xf91,0x2e7b,0xd68 W2=0xe9e,0x2006,0x281b
  r61_witness[15] r61=16 tail=37 gh60=0x4608cee W1=0x61f,0x512,0x11c0 W2=0x52c,0x32ed,0x336d

D60=0 fiber histogram: 1:7981 2:4819 3:1781 4:1055 5:377 6:232 7:93 8:68 9:28 10:16 11:13 12:7 13:4 16:3
