free_word_mitm_reducedn
N=14 mask=0x3fff msb=0x2000
candidate: M0=0x3d36 mode=random-fallback fill=0x3fff kernel=dM0=dM9=0x2000
prefixes=32768/268435456 mode=permuted-prefix-sample w59_per_prefix=16384 total=536870912
run_mode=repair registry_cap=64
repair_d60_hw_limit=5
sample_start=16252928
scan_elapsed=74.621s rate=7.19 Mtriples/s

D60 interface
  D60=0 matches: 32476 (random expectation 32768.0, enrichment 0.991x)
  prefixes with D60=0: 16373
  max D60=0 fiber per prefix: 16 at W57=0x1db6 W58=0x1d82
  largest D60 bucket: D=0x1329 count=34091
  min D60 HW: 0
  D60 HW histogram: 0:32476 1:456069 2:2969927 3:11914774 4:32784905 5:65627361 6:98457111 7:112520795 8:98420090 9:65568707 10:32757591 11:11901840 12:2971281 13:455351 14:32634

Tail closure among D60=0 matches
  final tail collisions: 0
  best r61 HW: 13
  best r61 W1[57..59]=0x160a,0x23a2,0x13e3
  best r61 W2[57..59]=0x1517,0x1b65,0x38ac
  best tail HW: 16
  best tail r61 HW: 20
  best W1[57..59]=0x1a86,0x2843,0x298f
  best W2[57..59]=0x1993,0x14b3,0x3c39

SUMMARY N=14 sample_start=16252928 prefixes=32768 total=536870912 d0=32476 best_tail=16 tail_r61=20 best_r61=13 tail_W1=0x1a86,0x2843,0x298f tail_W2=0x1993,0x14b3,0x3c39 r61_W1=0x160a,0x23a2,0x13e3 r61_W2=0x1517,0x1b65,0x38ac

Scan-only witness registry
  registry_count=64 registry_cap=64
  witness[00] tail=16 r61=20 gh60=0xfadc59a W1=0x1a86,0x2843,0x298f W2=0x1993,0x14b3,0x3c39
  witness[01] tail=22 r61=26 gh60=0xdf2849e W1=0x247,0x29ff,0x3016 W2=0x154,0x3674,0x3c74
  witness[02] tail=22 r61=31 gh60=0x4fac79a W1=0x2b66,0x2ba4,0x39db W2=0x2a73,0x2e06,0x1003
  witness[03] tail=23 r61=18 gh60=0x798c7a6 W1=0x2bac,0x1206,0x11eb W2=0x2ab9,0x3a4a,0x161f
  witness[04] tail=23 r61=20 gh60=0xc938766 W1=0x33db,0x1c7b,0x324c W2=0x32e8,0x1124,0x1eba
  witness[05] tail=23 r61=23 gh60=0xb505d7a W1=0x205a,0x9e8,0x1050 W2=0x1f67,0x382c,0x2be6
  witness[06] tail=24 r61=14 gh60=0x3a087ee W1=0x38f,0x3624,0x133d W2=0x29c,0x2ef2,0x237c
  witness[07] tail=24 r61=15 gh60=0x49bbbba W1=0xd79,0x144a,0x2e9b W2=0xc86,0x815,0x3549
  witness[08] tail=24 r61=19 gh60=0x4a3fcfe W1=0xf18,0x58f,0x3287 W2=0xe25,0x47f,0xb60
  witness[09] tail=24 r61=20 gh60=0x4da8cba W1=0x5f5,0x3eb7,0x10fa W2=0x502,0x26f6,0x2bec
  witness[10] tail=24 r61=20 gh60=0x77887a6 W1=0x3bab,0x32c,0x3c6b W2=0x3ab8,0x3e7f,0x2baf
  witness[11] tail=25 r61=16 gh60=0xbb08d6a W1=0x28dd,0x2bf5,0xe31 W2=0x27ea,0x3354,0xb48
  witness[12] tail=25 r61=17 gh60=0xc4a9ca6 W1=0x3e33,0xd26,0x2c46 W2=0x3d40,0x3b50,0x3dcc
  witness[13] tail=25 r61=18 gh60=0x48e47a6 W1=0x1bb4,0x3590,0x492 W2=0x1ac1,0x2f66,0xf4b
  witness[14] tail=25 r61=19 gh60=0xbaedcfa W1=0x1f16,0x4eb,0x35ce W2=0x1e23,0x29f3,0x383d
  witness[15] tail=25 r61=19 gh60=0x4724b6a W1=0x2952,0x132a,0x3dc4 W2=0x285f,0x12e,0xdde

Scan-only r61 registry
  registry_count=64 registry_cap=64
  r61_witness[00] r61=13 tail=29 gh60=0xce04c9a W1=0x160a,0x23a2,0x13e3 W2=0x1517,0x1b65,0x38ac
  r61_witness[01] r61=14 tail=24 gh60=0x3a087ee W1=0x38f,0x3624,0x133d W2=0x29c,0x2ef2,0x237c
  r61_witness[02] r61=14 tail=29 gh60=0x4a0bcea W1=0xe21,0x3ba4,0x1879 W2=0xd2e,0x2f1f,0x2d43
  r61_witness[03] r61=14 tail=31 gh60=0xc90cb6a W1=0x39ce,0x31ff,0x8f4 W2=0x38db,0x43b,0x3700
  r61_witness[04] r61=15 tail=24 gh60=0x49bbbba W1=0xd79,0x144a,0x2e9b W2=0xc86,0x815,0x3549
  r61_witness[05] r61=15 tail=27 gh60=0xca04ce6 W1=0x71c,0x3754,0x3a14 W2=0x629,0x56b,0x1e3
  r61_witness[06] r61=15 tail=30 gh60=0x4e884a6 W1=0xaeb,0x1f94,0x345a W2=0x9f8,0x6f,0x5a3
  r61_witness[07] r61=15 tail=37 gh60=0xc90bf6e W1=0x2f4f,0xed1,0x2e82 W2=0x2e5c,0x3610,0xc45
  r61_witness[08] r61=15 tail=38 gh60=0x46045fa W1=0x249a,0xe4a,0x330d W2=0x23a7,0x3d5f,0x3624
  r61_witness[09] r61=16 tail=25 gh60=0xbb08d6a W1=0x28dd,0x2bf5,0xe31 W2=0x27ea,0x3354,0xb48
  r61_witness[10] r61=16 tail=26 gh60=0x58884aa W1=0x253d,0x873,0x597 W2=0x244a,0xfdf,0x440
  r61_witness[11] r61=16 tail=31 gh60=0xca1ccea W1=0x91e,0x1b5b,0x2d8f W2=0x82b,0x1f57,0x343f
  r61_witness[12] r61=16 tail=31 gh60=0xcf1db6a W1=0x3d5e,0x4a2,0xa88 W2=0x3c6b,0x3f96,0x13ce
  r61_witness[13] r61=16 tail=32 gh60=0x4a04f9a W1=0x178a,0x28de,0x2cae W2=0x1697,0x26c1,0x9c7
  r61_witness[14] r61=16 tail=32 gh60=0x4899caa W1=0x1f3d,0x376e,0x1bbb W2=0x1e4a,0x395d,0x2ee1
  r61_witness[15] r61=16 tail=33 gh60=0xc609cea W1=0x111,0x124d,0x3ded W2=0x1e,0x1484,0x3a58

D60 repair probe registry
  repair_candidates=113753036 d60_hw_limit=5
  best repaired tail HW: 10 d60=0xc0b d60_hw=5 r61=15 gh60=0xc979fae
  best repaired tail W1[57..59]=0x1faf,0x945,0xad9
  best repaired tail W2[57..59]=0x1ebc,0x3d9c,0x8b8
  best repaired r61 HW: 9 d60=0x948 d60_hw=4 tail=33 gh60=0x4888fa6
  best repaired r61 W1[57..59]=0x27ab,0x1b6b,0x1cca
  best repaired r61 W2[57..59]=0x26b8,0x1bf,0x15d4
  repaired_tail_registry_count=64 registry_cap=64
  repair_witness[00] tail=10 r61=15 d60=0xc0b d60_hw=5 gh60=0xc979fae W1=0x1faf,0x945,0xad9 W2=0x1ebc,0x3d9c,0x8b8
  repair_witness[01] tail=11 r61=15 d60=0x2a21 d60_hw=5 gh60=0xc8e84ba W1=0x2d39,0xed8,0x2c8e W2=0x2c46,0x3416,0x1e57
  repair_witness[02] tail=11 r61=19 d60=0x11c d60_hw=4 gh60=0xce64ba6 W1=0x3984,0x860,0x5c8 W2=0x3891,0x1cd5,0x172a
  repair_witness[03] tail=12 r61=18 d60=0x760 d60_hw=5 gh60=0x5e37dea W1=0x2e9e,0x275d,0x33d7 W2=0x2dab,0x14b1,0x587
  repair_witness[04] tail=13 r61=14 d60=0x1ac d60_hw=5 gh60=0xcb884aa W1=0xaed,0x3f3d,0x2996 W2=0x9fa,0x839,0xaaa
  repair_witness[05] tail=13 r61=21 d60=0x670 d60_hw=5 gh60=0x5b67d6a W1=0xed2,0x1f2d,0x31a8 W2=0xddf,0x1e01,0x35d8
  repair_witness[06] tail=14 r61=16 d60=0x2401 d60_hw=3 gh60=0x5678caa W1=0x7f1,0x3bed,0x273c W2=0x6fe,0x3eec,0x2c94
  repair_witness[07] tail=15 r61=13 d60=0x2290 d60_hw=4 gh60=0x46d5c9e W1=0x3f08,0x11bf,0x3509 W2=0x3e15,0x1af4,0x1cd1
  repair_witness[08] tail=15 r61=14 d60=0x2c81 d60_hw=5 gh60=0x4c88daa W1=0x8bd,0xc2d,0x1d54 W2=0x7ca,0x1570,0x434
  repair_witness[09] tail=15 r61=14 d60=0x40c d60_hw=3 gh60=0xc908766 W1=0x13db,0x1e71,0x1bd W2=0x12e8,0x1922,0x3a8e
  repair_witness[10] tail=15 r61=15 d60=0x130c d60_hw=5 gh60=0xc988baa W1=0x57d,0x60f,0x228e W2=0x48a,0x3682,0x526
  repair_witness[11] tail=15 r61=15 d60=0x342 d60_hw=4 gh60=0x4e28c9a W1=0x909,0x1960,0x1b0c W2=0x816,0x3cf2,0x1c3c
  repair_witness[12] tail=15 r61=16 d60=0x1d80 d60_hw=5 gh60=0xca34f9a W1=0x786,0x3ec6,0x2258 W2=0x693,0x3ea9,0x25ee
  repair_witness[13] tail=15 r61=16 d60=0x1464 d60_hw=5 gh60=0x4b94cae W1=0x2800,0x1cf7,0x763 W2=0x270d,0x36c7,0x80f
  repair_witness[14] tail=15 r61=16 d60=0xd82 d60_hw=5 gh60=0xde0c4ea W1=0x3a0e,0x2da5,0x1c73 W2=0x391b,0x3fe0,0x3a69
  repair_witness[15] tail=15 r61=17 d60=0x483 d60_hw=4 gh60=0xbbac5a6 W1=0x2274,0x548,0x2bec W2=0x2181,0x3a0c,0xc51
  repaired_r61_registry_count=64 registry_cap=64
  repair_r61_witness[00] r61=9 tail=24 d60=0x80e d60_hw=4 gh60=0x4a0bbee W1=0x118f,0x10cb,0x3cfa W2=0x109c,0x3056,0x10e7
  repair_r61_witness[01] r61=9 tail=26 d60=0x2648 d60_hw=5 gh60=0x4885cba W1=0x1f3a,0x25fb,0x168 W2=0x1e47,0xc2f,0x13e4
  repair_r61_witness[02] r61=9 tail=26 d60=0x1a12 d60_hw=5 gh60=0x4908b6a W1=0x295d,0x2f02,0x3b8a W2=0x286a,0x2129,0x2091
  repair_r61_witness[03] r61=9 tail=30 d60=0xa12 d60_hw=4 gh60=0x44885ae W1=0xcbf,0x3492,0x118e W2=0xbcc,0x1bba,0x1965
  repair_r61_witness[04] r61=9 tail=30 d60=0x42d d60_hw=5 gh60=0x4909f6a W1=0x3fe1,0x1d80,0x1888 W2=0x3eee,0x1f8b,0x3990
  repair_r61_witness[05] r61=9 tail=33 d60=0x948 d60_hw=4 gh60=0x4888fa6 W1=0x27ab,0x1b6b,0x1cca W2=0x26b8,0x1bf,0x15d4
  repair_r61_witness[06] r61=10 tail=19 d60=0xc0b d60_hw=5 gh60=0x4909f66 W1=0x3f5b,0x33a2,0x2f66 W2=0x3e68,0x1d52,0x12f2
  repair_r61_witness[07] r61=10 tail=20 d60=0x2a44 d60_hw=5 gh60=0xca04ce6 W1=0x71c,0x3754,0x1bf4 W2=0x629,0x56b,0x23c3
  repair_r61_witness[08] r61=10 tail=20 d60=0x3046 d60_hw=5 gh60=0x4a0bbea W1=0x2da1,0x3a8c,0x576 W2=0x2cae,0x284f,0x15a8
  repair_r61_witness[09] r61=10 tail=21 d60=0x18 d60_hw=2 gh60=0x4a047fa W1=0x39a,0x11fc,0x2f40 W2=0x2a7,0x741,0x384d
  repair_r61_witness[10] r61=10 tail=22 d60=0x2431 d60_hw=5 gh60=0x4914b6e W1=0x2550,0x26da,0x1de5 W2=0x245d,0x18fa,0xe3c
  repair_r61_witness[11] r61=10 tail=23 d60=0x2b8 d60_hw=5 gh60=0x490bb6a W1=0xd4d,0x24ea,0x388b W2=0xc5a,0x2e5,0xf99
  repair_r61_witness[12] r61=10 tail=23 d60=0x1103 d60_hw=4 gh60=0x488bcae W1=0x2f3f,0x3a07,0x3172 W2=0x2e4c,0x2da,0x603
  repair_r61_witness[13] r61=10 tail=24 d60=0x32c d60_hw=5 gh60=0x4a085ee W1=0x149f,0x244c,0x3602 W2=0x13ac,0x1b7a,0x2ae2
  repair_r61_witness[14] r61=10 tail=24 d60=0x2428 d60_hw=4 gh60=0x4609cea W1=0x210d,0x92f,0x227a W2=0x201a,0xba2,0x14a3
  repair_r61_witness[15] r61=10 tail=24 d60=0x1225 d60_hw=5 gh60=0x4584ca6 W1=0x25ec,0x47d,0x1f8 W2=0x24f9,0x259a,0x28f2

D60=0 fiber histogram: 1:7871 2:4761 3:1777 4:1108 5:400 6:212 7:101 8:68 9:28 10:19 11:10 12:5 13:4 14:4 15:3 16:2
