free_word_mitm_reducedn
N=14 mask=0x3fff msb=0x2000
candidate: M0=0x3d36 mode=random-fallback fill=0x3fff kernel=dM0=dM9=0x2000
prefixes=32768/268435456 mode=permuted-prefix-sample w59_per_prefix=16384 total=536870912
run_mode=scan registry_cap=16
sample_start=163446784
scan_elapsed=18.045s rate=29.75 Mtriples/s

D60 interface
  D60=0 matches: 32506 (random expectation 32768.0, enrichment 0.992x)
  prefixes with D60=0: 16509
  max D60=0 fiber per prefix: 19 at W57=0x1ddf W58=0x387c
  largest D60 bucket: D=0x91f count=33642
  min D60 HW: 0
  D60 HW histogram: 0:32506 1:457530 2:2983617 3:11938129 4:32826305 5:65631635 6:98439547 7:112461523 8:98376482 9:65552884 10:32774727 11:11925891 12:2978803 13:458556 14:32777

Tail closure among D60=0 matches
  final tail collisions: 0
  best r61 HW: 14
  best r61 W1[57..59]=0x1e9b,0x37dd,0x34
  best r61 W2[57..59]=0x1da8,0x1009,0x11b7
  best tail HW: 23
  best tail r61 HW: 23
  best W1[57..59]=0x1b4d,0x474,0x1e90
  best W2[57..59]=0x1a5a,0x9ca,0x39ae

SUMMARY N=14 sample_start=163446784 prefixes=32768 total=536870912 d0=32506 best_tail=23 tail_r61=23 best_r61=14 tail_W1=0x1b4d,0x474,0x1e90 tail_W2=0x1a5a,0x9ca,0x39ae r61_W1=0x1e9b,0x37dd,0x34 r61_W2=0x1da8,0x1009,0x11b7

Scan-only witness registry
  registry_count=16 registry_cap=16
  witness[00] tail=23 r61=23 gh60=0xcb7876a W1=0x1b4d,0x474,0x1e90 W2=0x1a5a,0x9ca,0x39ae
  witness[01] tail=24 r61=22 gh60=0x3f8ccba W1=0x263a,0x3251,0x3363 W2=0x2547,0x1a45,0x2553
  witness[02] tail=25 r61=16 gh60=0xdb1c59a W1=0x12ca,0x1e7c,0x1088 W2=0x11d7,0x1aea,0x286c
  witness[03] tail=25 r61=18 gh60=0x490ff6a W1=0xf5e,0x28fe,0x752 W2=0xe6b,0x160e,0x181a
  witness[04] tail=25 r61=18 gh60=0xd9dbc9a W1=0x2e09,0x234d,0x2db5 W2=0x2d16,0x3e9d,0x1bc5
  witness[05] tail=25 r61=21 gh60=0x55e8ca6 W1=0x3843,0x15ce,0x34f3 W2=0x3750,0x308a,0x1dd6
  witness[06] tail=25 r61=22 gh60=0xb589cae W1=0x2f,0xf40,0x1956 W2=0x3f3c,0x371f,0x2e07
  witness[07] tail=25 r61=22 gh60=0xc599caa W1=0x1e31,0x2895,0x1e0b W2=0x1d3e,0x2e94,0x3506
  witness[08] tail=25 r61=23 gh60=0xcb79fa6 W1=0x3fc3,0x204e,0x1ceb W2=0x3ed0,0x444,0x301c
  witness[09] tail=25 r61=24 gh60=0x45f8ffa W1=0x1795,0x5ae,0x249f W2=0x16a2,0x639,0x103d
  witness[10] tail=26 r61=17 gh60=0x4d1c566 W1=0x24d4,0x2bed,0x2998 W2=0x23e1,0x231,0x3ab2
  witness[11] tail=26 r61=18 gh60=0xd98bcae W1=0xf2f,0x2c16,0x141a W2=0xe3c,0x3ef5,0x31cc
  witness[12] tail=26 r61=18 gh60=0x4b04566 W1=0x324c,0x3d0d,0x1be1 W2=0x3159,0x283b,0x1ee8
  witness[13] tail=26 r61=18 gh60=0x3f1c56e W1=0x3c60,0x26ff,0x17c2 W2=0x3b6d,0x2146,0x3723
  witness[14] tail=26 r61=19 gh60=0xc73459e W1=0x14c8,0x331,0x10c8 W2=0x13d5,0x194b,0x3ea0
  witness[15] tail=26 r61=20 gh60=0x48b8ba6 W1=0x39bb,0x10a5,0x3c0f W2=0x38c8,0x2469,0xde8

Scan-only r61 registry
  registry_count=16 registry_cap=16
  r61_witness[00] r61=14 tail=33 gh60=0xca09de6 W1=0x1e9b,0x37dd,0x34 W2=0x1da8,0x1009,0x11b7
  r61_witness[01] r61=14 tail=37 gh60=0x495cbbe W1=0x5b8,0x1191,0x1b9b W2=0x4c5,0x999,0x1c41
  r61_witness[02] r61=15 tail=27 gh60=0x46f5d9e W1=0x3e88,0x1395,0x2fef W2=0x3d95,0x189a,0x3ff6
  r61_witness[03] r61=16 tail=25 gh60=0xdb1c59a W1=0x12ca,0x1e7c,0x1088 W2=0x11d7,0x1aea,0x286c
  r61_witness[04] r61=16 tail=27 gh60=0x4e19b9a W1=0x185,0x4c5,0x11f9 W2=0x92,0x32d5,0x3378
  r61_witness[05] r61=16 tail=27 gh60=0xca844ba W1=0xbfa,0x1d0,0x3afe W2=0xb07,0x2947,0x70a
  r61_witness[06] r61=16 tail=28 gh60=0x4a8c4aa W1=0x1fe,0x2f37,0x611 W2=0x10b,0x32e8,0x284
  r61_witness[07] r61=16 tail=29 gh60=0x48a8ca6 W1=0x2933,0x242e,0x38a5 W2=0x2840,0x3eda,0x34f4
  r61_witness[08] r61=16 tail=29 gh60=0x4d6857a W1=0x2c59,0x2f5f,0x1b89 W2=0x2b66,0x146b,0x3375
  r61_witness[09] r61=16 tail=32 gh60=0x4f18d6e W1=0x84f,0x3aa0,0x21c5 W2=0x75c,0x22f7,0x2d86
  r61_witness[10] r61=16 tail=33 gh60=0x44a4daa W1=0x6b2,0x2cef,0x34db W2=0x5bf,0x3d5b,0x746
  r61_witness[11] r61=16 tail=33 gh60=0x4b04566 W1=0x12dc,0x12ef,0x3d15 W2=0x11e9,0x3b31,0x598
  r61_witness[12] r61=16 tail=34 gh60=0x5b29d7a W1=0x59,0x1721,0x3593 W2=0x3f66,0x2d78,0x8a0
  r61_witness[13] r61=17 tail=26 gh60=0x4d1c566 W1=0x24d4,0x2bed,0x2998 W2=0x23e1,0x231,0x3ab2
  r61_witness[14] r61=17 tail=27 gh60=0xbe28cfa W1=0x2715,0x1dbb,0x21eb W2=0x2622,0x2e,0x36e2
  r61_witness[15] r61=17 tail=29 gh60=0x5b1876a W1=0x1351,0x324e,0x1c5a W2=0x125e,0x5a8,0x27c8

D60=0 fiber histogram: 1:7986 2:4792 3:1792 4:1124 5:397 6:191 7:66 8:77 9:37 10:26 11:9 12:5 13:4 16:2 19:1
