free_word_mitm_reducedn
N=14 mask=0x3fff msb=0x2000
candidate: M0=0x3d36 mode=random-fallback fill=0x3fff kernel=dM0=dM9=0x2000
prefixes=32768/268435456 mode=permuted-prefix-sample w59_per_prefix=16384 total=536870912
run_mode=scan registry_cap=16
sample_start=22872064
scan_elapsed=15.095s rate=35.57 Mtriples/s

D60 interface
  D60=0 matches: 32506 (random expectation 32768.0, enrichment 0.992x)
  prefixes with D60=0: 16515
  max D60=0 fiber per prefix: 19 at W57=0x2e75 W58=0x226a
  largest D60 bucket: D=0x11bb count=33811
  min D60 HW: 0
  D60 HW histogram: 0:32506 1:458367 2:2978235 3:11925201 4:32808230 5:65605342 6:98441206 7:112456116 8:98399791 9:65592366 10:32784936 11:11919181 12:2979372 13:457584 14:32479

Tail closure among D60=0 matches
  final tail collisions: 0
  best r61 HW: 14
  best r61 W1[57..59]=0xa9c,0xe27,0x271d
  best r61 W2[57..59]=0x9a9,0x23d7,0x24cf
  best tail HW: 20
  best tail r61 HW: 18
  best W1[57..59]=0x2f34,0x2f53,0x2601
  best W2[57..59]=0x2e41,0x486,0x1773

SUMMARY N=14 sample_start=22872064 prefixes=32768 total=536870912 d0=32506 best_tail=20 tail_r61=18 best_r61=14 tail_W1=0x2f34,0x2f53,0x2601 tail_W2=0x2e41,0x486,0x1773 r61_W1=0xa9c,0xe27,0x271d r61_W2=0x9a9,0x23d7,0x24cf

Scan-only witness registry
  registry_count=16 registry_cap=16
  witness[00] tail=20 r61=18 gh60=0x78a7ca6 W1=0x2f34,0x2f53,0x2601 W2=0x2e41,0x486,0x1773
  witness[01] tail=22 r61=15 gh60=0xba88fa6 W1=0x176b,0x623,0x15d7 W2=0x1678,0x3be7,0x858
  witness[02] tail=22 r61=16 gh60=0xca384e6 W1=0xb0b,0xe8b,0x1203 W2=0xa18,0x2b5e,0x26dc
  witness[03] tail=22 r61=18 gh60=0x76384e6 W1=0x350b,0x226b,0x3cf2 W2=0x3418,0x3440,0x1c43
  witness[04] tail=22 r61=21 gh60=0x7a2cca6 W1=0x2604,0x30e5,0x1855 W2=0x2511,0x30a2,0x3b3b
  witness[05] tail=22 r61=23 gh60=0xcaefc9e W1=0x1048,0x794,0x1e05 W2=0xf55,0x3445,0x31d7
  witness[06] tail=23 r61=18 gh60=0x59b9caa W1=0x1eed,0x3822,0x2448 W2=0x1dfa,0x3ea1,0xf05
  witness[07] tail=23 r61=20 gh60=0x593fc9a W1=0x114a,0x296c,0x2a1 W2=0x1057,0x35f1,0x2424
  witness[08] tail=23 r61=21 gh60=0xb909b6a W1=0x215d,0x2eae,0x1aaa W2=0x206a,0x1ed5,0x3b13
  witness[09] tail=23 r61=25 gh60=0xc8b4baa W1=0x9ae,0x6b,0x3c6e W2=0x8bb,0x3cb3,0xad
  witness[10] tail=24 r61=15 gh60=0x4db85ae W1=0x2a6f,0x32dd,0x36bb W2=0x297c,0x1625,0xf00
  witness[11] tail=24 r61=19 gh60=0x4a75cee W1=0x2010,0x316d,0x58d W2=0x1f1d,0xbc5,0x5b5
  witness[12] tail=24 r61=20 gh60=0x4e0ccea W1=0x270e,0x1937,0x2d97 W2=0x261b,0x203f,0x29f5
  witness[13] tail=24 r61=23 gh60=0xd9bc7a6 W1=0x3b7c,0xf92,0x26cf W2=0x3a89,0xa56,0x809
  witness[14] tail=24 r61=29 gh60=0x4f9849a W1=0x1b25,0x2c68,0x1c4a W2=0x1a32,0x23f5,0x11a3
  witness[15] tail=25 r61=19 gh60=0xb4e8ca6 W1=0x1833,0xf3b,0x3236 W2=0x1740,0x28e7,0x295

Scan-only r61 registry
  registry_count=16 registry_cap=16
  r61_witness[00] r61=14 tail=32 gh60=0x4a0c5e6 W1=0xa9c,0xe27,0x271d W2=0x9a9,0x23d7,0x24cf
  r61_witness[01] r61=14 tail=34 gh60=0x4607f9a W1=0xf8a,0x249f,0x3168 W2=0xe97,0x97c,0x721
  r61_witness[02] r61=14 tail=38 gh60=0x3a6456a W1=0x4e2,0x276f,0x2961 W2=0x3ef,0x3a2e,0xa4c
  r61_witness[03] r61=15 tail=22 gh60=0xba88fa6 W1=0x176b,0x623,0x15d7 W2=0x1678,0x3be7,0x858
  r61_witness[04] r61=15 tail=24 gh60=0x4db85ae W1=0x2a6f,0x32dd,0x36bb W2=0x297c,0x1625,0xf00
  r61_witness[05] r61=15 tail=32 gh60=0x4cafdaa W1=0x30b2,0x10fb,0x124a W2=0x2fbf,0x3e7,0x1432
  r61_witness[06] r61=16 tail=22 gh60=0xca384e6 W1=0xb0b,0xe8b,0x1203 W2=0xa18,0x2b5e,0x26dc
  r61_witness[07] r61=16 tail=28 gh60=0x5b88ca6 W1=0x7fb,0x371f,0x3c06 W2=0x708,0x20ab,0x3ee0
  r61_witness[08] r61=16 tail=31 gh60=0xc88cbae W1=0x9c0,0x34de,0x21bb W2=0x8cd,0x28d6,0x18d8
  r61_witness[09] r61=16 tail=31 gh60=0x4b884ae W1=0x12ff,0x1261,0xbe9 W2=0x120c,0x2f1,0x1fe0
  r61_witness[10] r61=16 tail=31 gh60=0x5a084ea W1=0x2411,0x2808,0x3d2c W2=0x231e,0x2b0e,0x1e86
  r61_witness[11] r61=16 tail=32 gh60=0x4b844a6 W1=0xd3c,0x3365,0x6eb W2=0xc49,0x22b1,0x302b
  r61_witness[12] r61=16 tail=32 gh60=0xba14fea W1=0x178e,0x3954,0x1ee9 W2=0x169b,0x4e8,0x589
  r61_witness[13] r61=16 tail=33 gh60=0x570856a W1=0x12cd,0x406,0x3e18 W2=0x11da,0x1914,0xcd2
  r61_witness[14] r61=16 tail=33 gh60=0x49a87a6 W1=0x1b73,0x1559,0x33c8 W2=0x1a80,0xfae,0x1228
  r61_witness[15] r61=16 tail=34 gh60=0x460bde6 W1=0xe8b,0x1825,0x4b8 W2=0xd98,0x1b5d,0x2557

D60=0 fiber histogram: 1:8025 2:4738 3:1818 4:1070 5:418 6:233 7:88 8:55 9:26 10:24 11:9 12:3 13:2 14:3 15:1 16:1 19:1
