free_word_mitm_reducedn
N=14 mask=0x3fff msb=0x2000
candidate: M0=0x3d36 mode=random-fallback fill=0x3fff kernel=dM0=dM9=0x2000
prefixes=32768/268435456 mode=permuted-prefix-sample w59_per_prefix=16384 total=536870912
run_mode=scan registry_cap=16
sample_start=182255616
scan_elapsed=15.532s rate=34.56 Mtriples/s

D60 interface
  D60=0 matches: 32793 (random expectation 32768.0, enrichment 1.001x)
  prefixes with D60=0: 16711
  max D60=0 fiber per prefix: 24 at W57=0x3d49 W58=0x2de0
  largest D60 bucket: D=0xe5f count=33907
  min D60 HW: 0
  D60 HW histogram: 0:32793 1:456857 2:2976999 3:11910807 4:32774636 5:65586062 6:98405256 7:112466169 8:98412662 9:65626900 10:32824857 11:11925399 12:2980970 13:457819 14:32726

Tail closure among D60=0 matches
  final tail collisions: 0
  best r61 HW: 12
  best r61 W1[57..59]=0x3f9f,0x2d6a,0x2cfe
  best r61 W2[57..59]=0x3eac,0x2429,0x11e2
  best tail HW: 22
  best tail r61 HW: 24
  best W1[57..59]=0x186b,0x2652,0x1a82
  best W2[57..59]=0x1778,0x2816,0x99e

SUMMARY N=14 sample_start=182255616 prefixes=32768 total=536870912 d0=32793 best_tail=22 tail_r61=24 best_r61=12 tail_W1=0x186b,0x2652,0x1a82 tail_W2=0x1778,0x2816,0x99e r61_W1=0x3f9f,0x2d6a,0x2cfe r61_W2=0x3eac,0x2429,0x11e2

Scan-only witness registry
  registry_count=16 registry_cap=16
  witness[00] tail=22 r61=24 gh60=0x7b88da6 W1=0x186b,0x2652,0x1a82 W2=0x1778,0x2816,0x99e
  witness[01] tail=23 r61=20 gh60=0xcd885aa W1=0x22c1,0x2f7e,0xff5 W2=0x21ce,0x2c86,0xd2d
  witness[02] tail=23 r61=21 gh60=0x4574d6a W1=0x165e,0x2a5e,0x1e85 W2=0x156b,0xbe,0x1b4d
  witness[03] tail=23 r61=21 gh60=0x5affcfa W1=0x2f1a,0x1651,0x6b8 W2=0x2e27,0x2f0d,0x245c
  witness[04] tail=23 r61=21 gh60=0xdc9cdaa W1=0x36b2,0x382a,0x1ac W2=0x35bf,0x1796,0x3f4f
  witness[05] tail=23 r61=21 gh60=0xd6fc7ee W1=0x3ba0,0x128d,0x3230 W2=0x3aad,0x194c,0x1a04
  witness[06] tail=23 r61=26 gh60=0xce2bc9e W1=0x3107,0x3472,0x340d W2=0x3014,0x19a2,0x203a
  witness[07] tail=24 r61=18 gh60=0x497c77e W1=0x1bd8,0xd9a,0x336a W2=0x1ae5,0x1e5f,0x160f
  witness[08] tail=24 r61=18 gh60=0x5915b6a W1=0x1dde,0x38c9,0x1859 W2=0x1ceb,0x33bd,0x1e20
  witness[09] tail=24 r61=19 gh60=0xd9ec4aa W1=0x3402,0x9e3,0x2d53 W2=0x330f,0x1ef8,0x3bbf
  witness[10] tail=24 r61=20 gh60=0x565449a W1=0x1ae6,0x34cb,0x1dc9 W2=0x19f3,0x2ce1,0x1e14
  witness[11] tail=24 r61=22 gh60=0xc908b6a W1=0x1951,0x317f,0x228 W2=0x185e,0x3f7a,0x19dc
  witness[12] tail=25 r61=20 gh60=0x4ce45aa W1=0x1cb2,0xb25,0x31a8 W2=0x1bbf,0x2852,0x645
  witness[13] tail=25 r61=20 gh60=0x5899cae W1=0x1f3f,0x63b,0x1b05 W2=0x1e4c,0x200e,0x3204
  witness[14] tail=25 r61=20 gh60=0x47a7caa W1=0x3132,0x3208,0x2f80 W2=0x303f,0x24d4,0x2f41
  witness[15] tail=25 r61=23 gh60=0x48ac7aa W1=0x13b2,0x3393,0x2ebc W2=0x12bf,0x36e0,0x2398

Scan-only r61 registry
  registry_count=16 registry_cap=16
  r61_witness[00] r61=12 tail=30 gh60=0x4609fee W1=0x3f9f,0x2d6a,0x2cfe W2=0x3eac,0x2429,0x11e2
  r61_witness[01] r61=12 tail=36 gh60=0xce144ee W1=0x310,0x1405,0x3f1a W2=0x21d,0x6ac,0x3aeb
  r61_witness[02] r61=13 tail=26 gh60=0x4a0bbea W1=0x2d9d,0x2673,0x3b6e W2=0x2caa,0x3f2,0xafb
  r61_witness[03] r61=15 tail=26 gh60=0xc5b9cba W1=0x1e35,0x1de9,0x1873 W2=0x1d42,0x424,0x3d4
  r61_witness[04] r61=15 tail=29 gh60=0xca87ca6 W1=0xeec,0x93e,0x1516 W2=0xdf9,0xc55,0x261e
  r61_witness[05] r61=16 tail=29 gh60=0xc908f66 W1=0x7cb,0x2a58,0x24a6 W2=0x6d8,0xe92,0x36b
  r61_witness[06] r61=16 tail=30 gh60=0x4a044e6 W1=0x30c,0xcdd,0x3c2b W2=0x219,0x1fbf,0x550
  r61_witness[07] r61=16 tail=31 gh60=0xd6247e6 W1=0x1b94,0x6e1,0x3354 W2=0x1aa1,0x13f,0x39b4
  r61_witness[08] r61=16 tail=31 gh60=0x5909b6e W1=0x214f,0x1f63,0x38d1 W2=0x205c,0xe7e,0x1b80
  r61_witness[09] r61=16 tail=31 gh60=0x4b19b6e W1=0x21cf,0x2270,0x2d4d W2=0x20dc,0x1993,0xd5d
  r61_witness[10] r61=16 tail=32 gh60=0x5a0c7ee W1=0x2390,0x151c,0x906 W2=0x229d,0xfeb,0x2376
  r61_witness[11] r61=16 tail=32 gh60=0x4607fe6 W1=0x2f9c,0x3907,0x31e7 W2=0x2ea9,0x1448,0x8c6
  r61_witness[12] r61=16 tail=33 gh60=0x4898bba W1=0x9b5,0x331b,0x31e3 W2=0x8c2,0x1e6e,0x23d8
  r61_witness[13] r61=16 tail=33 gh60=0x5527d6a W1=0x1052,0xbb7,0x1e50 W2=0xf5f,0x48b,0x1ef2
  r61_witness[14] r61=16 tail=33 gh60=0x5b04b66 W1=0x15dc,0x7a8,0x1a73 W2=0x14e9,0x257b,0x954
  r61_witness[15] r61=16 tail=34 gh60=0x5894cae W1=0x940,0xfd1,0x2db5 W2=0x84d,0x3921,0x49

D60=0 fiber histogram: 1:8230 2:4712 3:1738 4:1159 5:444 6:216 7:77 8:73 9:24 10:17 11:5 12:10 13:5 24:1
