free_word_mitm_reducedn
N=14 mask=0x3fff msb=0x2000
candidate: M0=0x3d36 mode=random-fallback fill=0x3fff kernel=dM0=dM9=0x2000
prefixes=32768/268435456 mode=permuted-prefix-sample w59_per_prefix=16384 total=536870912
run_mode=scan registry_cap=16
sample_start=240975872
scan_elapsed=15.554s rate=34.52 Mtriples/s

D60 interface
  D60=0 matches: 32675 (random expectation 32768.0, enrichment 0.997x)
  prefixes with D60=0: 16598
  max D60=0 fiber per prefix: 26 at W57=0x1f4c W58=0x2f92
  largest D60 bucket: D=0x9cb count=33667
  min D60 HW: 0
  D60 HW histogram: 0:32675 1:457640 2:2976734 3:11921563 4:32800193 5:65607586 6:98433365 7:112503157 8:98431040 9:65585454 10:32759163 11:11900260 12:2973003 13:456095 14:32984

Tail closure among D60=0 matches
  final tail collisions: 0
  best r61 HW: 14
  best r61 W1[57..59]=0x1e5d,0x300c,0x3edb
  best r61 W2[57..59]=0x1d6a,0x3e3,0x3747
  best tail HW: 23
  best tail r61 HW: 21
  best W1[57..59]=0x2313,0xd6d,0x2d4c
  best W2[57..59]=0x2220,0xa50,0x1c95

SUMMARY N=14 sample_start=240975872 prefixes=32768 total=536870912 d0=32675 best_tail=23 tail_r61=21 best_r61=14 tail_W1=0x2313,0xd6d,0x2d4c tail_W2=0x2220,0xa50,0x1c95 r61_W1=0x1e5d,0x300c,0x3edb r61_W2=0x1d6a,0x3e3,0x3747

Scan-only witness registry
  registry_count=16 registry_cap=16
  witness[00] tail=23 r61=21 gh60=0x5a284e6 W1=0x2313,0xd6d,0x2d4c W2=0x2220,0xa50,0x1c95
  witness[01] tail=23 r61=22 gh60=0xfd25daa W1=0x1ec2,0x3e8c,0x2a60 W2=0x1dcf,0x108c,0x2235
  witness[02] tail=23 r61=26 gh60=0xd6bc4aa W1=0x9ee,0x3fc,0x14ec W2=0x8fb,0x93d,0x4c
  witness[03] tail=24 r61=16 gh60=0x59987aa W1=0x3bad,0x340e,0x1b94 W2=0x3aba,0x3762,0x3b61
  witness[04] tail=24 r61=17 gh60=0x4cb849a W1=0x1429,0x2071,0x5b5 W2=0x1336,0x1604,0x2ca9
  witness[05] tail=24 r61=18 gh60=0x4a185e6 W1=0xc93,0x1e41,0x826 W2=0xba0,0x310a,0x3663
  witness[06] tail=24 r61=18 gh60=0xb8abfbe W1=0x2fb7,0x7d3,0x3518 W2=0x2ec4,0x3226,0x25c6
  witness[07] tail=24 r61=21 gh60=0xda27caa W1=0x3002,0x233c,0x28c4 W2=0x2f0f,0x1ad8,0x2374
  witness[08] tail=24 r61=22 gh60=0x5debffa W1=0x2f95,0x66c,0x2bea W2=0x2ea2,0x20ff,0x2dd7
  witness[09] tail=24 r61=23 gh60=0xdea5b66 W1=0x1e4,0x876,0x14ff W2=0xf1,0x7ef,0x3ba
  witness[10] tail=25 r61=17 gh60=0x3f0db66 W1=0x1d4c,0x2b34,0x2c72 W2=0x1c59,0x2f8d,0x625
  witness[11] tail=25 r61=19 gh60=0x4a044fa W1=0x21a,0x21e4,0x2db0 W2=0x127,0x951,0x3b75
  witness[12] tail=25 r61=19 gh60=0xc9a7fe6 W1=0xfa4,0x238c,0x22fd W2=0xeb1,0x3475,0x1fb4
  witness[13] tail=25 r61=19 gh60=0xce084ea W1=0x2a1d,0x6c4,0x191e W2=0x292a,0xafa,0x1e23
  witness[14] tail=25 r61=22 gh60=0xca684ba W1=0x34f5,0x2ebb,0x12d9 W2=0x3402,0x23b5,0x1931
  witness[15] tail=25 r61=23 gh60=0x567cdee W1=0x1890,0x2317,0x4d9 W2=0x179d,0x12db,0x1e84

Scan-only r61 registry
  registry_count=16 registry_cap=16
  r61_witness[00] r61=14 tail=28 gh60=0x44f9d6a W1=0x1e5d,0x300c,0x3edb W2=0x1d6a,0x3e3,0x3747
  r61_witness[01] r61=15 tail=30 gh60=0xca0bcee W1=0x2f1f,0x2d6d,0xbba W2=0x2e2c,0x36b0,0x28d7
  r61_witness[02] r61=15 tail=31 gh60=0x4908b6a W1=0x294d,0x2f5c,0x2ead W2=0x285a,0x2197,0x2bf4
  r61_witness[03] r61=15 tail=32 gh60=0x4d0fd6a W1=0x10de,0x266,0x1fce W2=0xfeb,0x2b46,0x2e86
  r61_witness[04] r61=15 tail=32 gh60=0x4909b6e W1=0x3dcf,0x3dbe,0xe2a W2=0x3cdc,0x31d9,0x2ca4
  r61_witness[05] r61=15 tail=33 gh60=0x4a985aa W1=0x1a7d,0x523,0x35c9 W2=0x198a,0x2037,0xea9
  r61_witness[06] r61=15 tail=36 gh60=0x4904766 W1=0x33dc,0x2369,0x1279 W2=0x32e9,0x1c13,0x3caa
  r61_witness[07] r61=16 tail=24 gh60=0x59987aa W1=0x3bad,0x340e,0x1b94 W2=0x3aba,0x3762,0x3b61
  r61_witness[08] r61=16 tail=27 gh60=0x588479a W1=0x3aa,0x3414,0x1305 W2=0x2b7,0x25e8,0x1cf1
  r61_witness[09] r61=16 tail=27 gh60=0x4a98bae W1=0x57f,0x3ec7,0x3992 W2=0x48c,0x373e,0x1f44
  r61_witness[10] r61=16 tail=28 gh60=0x4a284e6 W1=0x3c13,0x19,0x2fad W2=0x3b20,0x200e,0x14e5
  r61_witness[11] r61=16 tail=31 gh60=0x5a08cea W1=0x3811,0x13c9,0x1545 W2=0x371e,0x27d4,0x337b
  r61_witness[12] r61=16 tail=33 gh60=0xda0cdea W1=0x168e,0x3b25,0x17fe W2=0x159b,0x909,0x1098
  r61_witness[13] r61=16 tail=33 gh60=0xc885f9a W1=0x1faa,0x2962,0x26ee W2=0x1eb7,0x176b,0xd72
  r61_witness[14] r61=16 tail=37 gh60=0xc604ce6 W1=0x70c,0x3f84,0x550 W2=0x619,0xea7,0x33b5
  r61_witness[15] r61=16 tail=37 gh60=0x4907f66 W1=0xfdc,0x1ca3,0x283c W2=0xee9,0x3150,0x1c4f

D60=0 fiber histogram: 1:8031 2:4811 3:1820 4:1085 5:403 6:229 7:78 8:79 9:17 10:25 11:6 12:9 13:4 26:1
