free_word_mitm_reducedn
N=14 mask=0x3fff msb=0x2000
candidate: M0=0x3d36 mode=random-fallback fill=0x3fff kernel=dM0=dM9=0x2000
prefixes=32768/268435456 mode=permuted-prefix-sample w59_per_prefix=16384 total=536870912
run_mode=scan registry_cap=16
sample_start=89980928
scan_elapsed=15.575s rate=34.47 Mtriples/s

D60 interface
  D60=0 matches: 32695 (random expectation 32768.0, enrichment 0.998x)
  prefixes with D60=0: 16578
  max D60=0 fiber per prefix: 16 at W57=0x21bf W58=0x391
  largest D60 bucket: D=0x247f count=33652
  min D60 HW: 0
  D60 HW histogram: 0:32695 1:459188 2:2978603 3:11910734 4:32756285 5:65564852 6:98390019 7:112467067 8:98451414 9:65655074 10:32821830 11:11916433 12:2976724 13:457571 14:32423

Tail closure among D60=0 matches
  final tail collisions: 0
  best r61 HW: 14
  best r61 W1[57..59]=0x3dab,0x28ae,0x91c
  best r61 W2[57..59]=0x3cb8,0x2f00,0x26fc
  best tail HW: 23
  best tail r61 HW: 16
  best W1[57..59]=0x2482,0x1c00,0x128b
  best W2[57..59]=0x238f,0x2c2d,0x24a9

SUMMARY N=14 sample_start=89980928 prefixes=32768 total=536870912 d0=32695 best_tail=23 tail_r61=16 best_r61=14 tail_W1=0x2482,0x1c00,0x128b tail_W2=0x238f,0x2c2d,0x24a9 r61_W1=0x3dab,0x28ae,0x91c r61_W2=0x3cb8,0x2f00,0x26fc

Scan-only witness registry
  registry_count=16 registry_cap=16
  witness[00] tail=23 r61=16 gh60=0x46245aa W1=0x2482,0x1c00,0x128b W2=0x238f,0x2c2d,0x24a9
  witness[01] tail=23 r61=21 gh60=0x3ae456a W1=0x452,0x2b59,0x61f W2=0x35f,0x33f4,0x1b5b
  witness[02] tail=24 r61=18 gh60=0x561bdea W1=0x30a1,0x1e52,0x16eb W2=0x2fae,0x5a5,0x33cf
  witness[03] tail=24 r61=18 gh60=0x4a1c4aa W1=0x3b02,0x356,0x15c1 W2=0x3a0f,0x1cab,0x2f63
  witness[04] tail=24 r61=21 gh60=0x4ab8ca6 W1=0x6fb,0x4f0,0x2140 W2=0x608,0x20fc,0x13ec
  witness[05] tail=24 r61=23 gh60=0xcf0c56e W1=0x1250,0x226c,0x3cef W2=0x115d,0x1397,0x3055
  witness[06] tail=25 r61=18 gh60=0xcd08d6a W1=0x26e1,0xbf8,0x37cf W2=0x25ee,0x93b,0x3cbc
  witness[07] tail=25 r61=19 gh60=0x39684a6 W1=0x2b43,0x1997,0x1aba W2=0x2a50,0x1914,0x27a2
  witness[08] tail=25 r61=20 gh60=0x460cfea W1=0x78e,0x2a4f,0x1521 W2=0x69b,0x2adf,0xf1f
  witness[09] tail=25 r61=22 gh60=0xb688caa W1=0x7fd,0x2e9e,0x56d W2=0x70a,0x3049,0x3977
  witness[10] tail=25 r61=23 gh60=0xd89c7ae W1=0xbc0,0x93c,0x2eb5 W2=0xacd,0x475,0x10aa
  witness[11] tail=25 r61=23 gh60=0x496849a W1=0x1b49,0x2163,0x24bb W2=0x1a56,0x196e,0x29dc
  witness[12] tail=25 r61=24 gh60=0xc6185ea W1=0x248d,0x37d8,0x238f W2=0x239a,0x2f2,0x1ae1
  witness[13] tail=25 r61=24 gh60=0xfe7bbee W1=0x2d9f,0x3c07,0x33f9 W2=0x2cac,0x298a,0x232
  witness[14] tail=25 r61=24 gh60=0xd6385ee W1=0x329f,0x307,0x1db8 W2=0x31ac,0x39b5,0x10e8
  witness[15] tail=25 r61=25 gh60=0x36184ee W1=0xd0f,0x2626,0xba W2=0xc1c,0xbc,0x9ec

Scan-only r61 registry
  registry_count=16 registry_cap=16
  r61_witness[00] r61=14 tail=32 gh60=0x4989ba6 W1=0x3dab,0x28ae,0x91c W2=0x3cb8,0x2f00,0x26fc
  r61_witness[01] r61=15 tail=27 gh60=0xca5479a W1=0x3b86,0x9a0,0x3631 W2=0x3a93,0x1c48,0x1c6a
  r61_witness[02] r61=15 tail=29 gh60=0x48887ae W1=0xbbf,0x1387,0x5ae W2=0xacc,0xecf,0x1042
  r61_witness[03] r61=15 tail=29 gh60=0x450457a W1=0x3cda,0x2367,0x18c9 W2=0x3be7,0x2688,0xe82
  r61_witness[04] r61=15 tail=30 gh60=0x4b885ae W1=0x226f,0x3165,0x34d2 W2=0x217c,0x162d,0x3961
  r61_witness[05] r61=15 tail=36 gh60=0xc634cee W1=0x3710,0x2bd0,0x23b4 W2=0x361d,0x25bc,0x33ea
  r61_witness[06] r61=16 tail=23 gh60=0x46245aa W1=0x2482,0x1c00,0x128b W2=0x238f,0x2c2d,0x24a9
  r61_witness[07] r61=16 tail=27 gh60=0x74bcc9a W1=0x1826,0x23ba,0x1ab3 W2=0x1733,0x168d,0x3e14
  r61_witness[08] r61=16 tail=28 gh60=0x5608be6 W1=0x158b,0x3383,0x6a8 W2=0x1498,0xdd1,0x3026
  r61_witness[09] r61=16 tail=28 gh60=0x4ad459e W1=0x2268,0x18ca,0x336e W2=0x2175,0x1d8e,0x20d8
  r61_witness[10] r61=16 tail=29 gh60=0xde69cbe W1=0x3ef7,0x303a,0x3db6 W2=0x3e04,0x2f19,0x2917
  r61_witness[11] r61=16 tail=30 gh60=0x490876a W1=0x3bdd,0x32ab,0xe45 W2=0x3aea,0x34f5,0x61b
  r61_witness[12] r61=16 tail=31 gh60=0x4e084e6 W1=0x31b,0x21dd,0xdbe W2=0x228,0x1a2,0x45
  r61_witness[13] r61=16 tail=31 gh60=0x48847a6 W1=0x33ac,0x4a2,0x814 W2=0x32b9,0x3e68,0x38be
  r61_witness[14] r61=16 tail=31 gh60=0xca2849e W1=0x3507,0x2f2e,0x26ab W2=0x3414,0x3da3,0x2246
  r61_witness[15] r61=16 tail=32 gh60=0x4a185e6 W1=0x349b,0x3d,0x6ae W2=0x33a8,0x8e6,0x12b

D60=0 fiber histogram: 1:7948 2:4905 3:1756 4:1124 5:395 6:239 7:74 8:67 9:32 10:20 11:6 12:6 13:2 14:3 16:1
