free_word_mitm_reducedn
N=14 mask=0x3fff msb=0x2000
candidate: M0=0x3d36 mode=random-fallback fill=0x3fff kernel=dM0=dM9=0x2000
prefixes=32768/268435456 mode=permuted-prefix-sample w59_per_prefix=16384 total=536870912
run_mode=scan registry_cap=16
sample_start=34471936
scan_elapsed=14.968s rate=35.87 Mtriples/s

D60 interface
  D60=0 matches: 32722 (random expectation 32768.0, enrichment 0.999x)
  prefixes with D60=0: 16574
  max D60=0 fiber per prefix: 25 at W57=0x2d2e W58=0x2e38
  largest D60 bucket: D=0x2c37 count=33703
  min D60 HW: 0
  D60 HW histogram: 0:32722 1:456561 2:2971342 3:11901814 4:32752890 5:65573753 6:98410179 7:112513072 8:98452248 9:65645722 10:32791482 11:11907743 12:2972693 13:456060 14:32631

Tail closure among D60=0 matches
  final tail collisions: 0
  best r61 HW: 14
  best r61 W1[57..59]=0x1159,0x3680,0x1f6f
  best r61 W2[57..59]=0x1066,0x217f,0x3d09
  best tail HW: 21
  best tail r61 HW: 19
  best W1[57..59]=0x2b83,0x2f51,0x23c8
  best W2[57..59]=0x2a90,0x19b6,0x2212

SUMMARY N=14 sample_start=34471936 prefixes=32768 total=536870912 d0=32722 best_tail=21 tail_r61=19 best_r61=14 tail_W1=0x2b83,0x2f51,0x23c8 tail_W2=0x2a90,0x19b6,0x2212 r61_W1=0x1159,0x3680,0x1f6f r61_W2=0x1066,0x217f,0x3d09

Scan-only witness registry
  registry_count=16 registry_cap=16
  witness[00] tail=21 r61=19 gh60=0x36687a6 W1=0x2b83,0x2f51,0x23c8 W2=0x2a90,0x19b6,0x2212
  witness[01] tail=22 r61=20 gh60=0x572c57a W1=0x2d6,0x759,0x33a5 W2=0x1e3,0x2666,0x3882
  witness[02] tail=23 r61=21 gh60=0x7e087e6 W1=0xb8b,0x37c1,0x405 W2=0xa98,0x1e8c,0x16e
  witness[03] tail=23 r61=22 gh60=0xd5fcd9a W1=0x8ca,0x6d1,0x3cda W2=0x7d7,0x31fc,0x1ebc
  witness[04] tail=24 r61=21 gh60=0xcc984a6 W1=0x122b,0x29a6,0x3e60 W2=0x1138,0x703,0x2efc
  witness[05] tail=24 r61=22 gh60=0x5e25bea W1=0x192,0x3e71,0x1ebf W2=0x9f,0x2a05,0x3905
  witness[06] tail=24 r61=23 gh60=0xca6cfa6 W1=0x3784,0x3b4f,0x29bf W2=0x3691,0x3244,0xb76
  witness[07] tail=24 r61=27 gh60=0x5a17fea W1=0xf8e,0x15db,0x15f3 W2=0xe9b,0x767,0x357c
  witness[08] tail=25 r61=20 gh60=0x54e85be W1=0x1ab7,0x7e2,0x1a50 W2=0x19c4,0x1a9c,0x3ef
  witness[09] tail=25 r61=22 gh60=0xcf0c566 W1=0x1acc,0x9dd,0x2f5a W2=0x19d9,0x352d,0x2562
  witness[10] tail=25 r61=22 gh60=0xc604ce6 W1=0x261c,0x3252,0x3d31 W2=0x2529,0x1459,0x582
  witness[11] tail=25 r61=23 gh60=0xcbb84aa W1=0x123d,0x1643,0x322c W2=0x114a,0x2a6f,0x3fb0
  witness[12] tail=25 r61=24 gh60=0xce9cb6a W1=0x1962,0x3c51,0x3370 W2=0x186f,0x3e65,0x7fb
  witness[13] tail=26 r61=18 gh60=0x46044e6 W1=0x1c1c,0x1c7c,0x2d4 W2=0x1b29,0x2940,0x1671
  witness[14] tail=26 r61=19 gh60=0x5e19cfa W1=0x2115,0x12b7,0x2019 W2=0x2022,0x35aa,0x20df
  witness[15] tail=26 r61=20 gh60=0x7a1c7a6 W1=0x1384,0x309e,0x1f58 W2=0x1291,0x2b92,0x3e39

Scan-only r61 registry
  registry_count=16 registry_cap=16
  r61_witness[00] r61=14 tail=34 gh60=0x492bb7a W1=0x1159,0x3680,0x1f6f W2=0x1066,0x217f,0x3d09
  r61_witness[01] r61=14 tail=36 gh60=0x48a8cba W1=0x1939,0x263a,0x28da W2=0x1846,0x17fd,0x2ead
  r61_witness[02] r61=15 tail=30 gh60=0x452cd7e W1=0x6d8,0x2fbe,0xf5e W2=0x5e5,0x318a,0x3057
  r61_witness[03] r61=16 tail=28 gh60=0xca08cea W1=0x1711,0x35b9,0x3d8 W2=0x161e,0xb74,0x3476
  r61_witness[04] r61=16 tail=29 gh60=0x4e085ee W1=0x2a9f,0xf8e,0x864 W2=0x29ac,0x33c0,0x14d9
  r61_witness[05] r61=16 tail=30 gh60=0xca94bae W1=0x3570,0x22d5,0xaed W2=0x347d,0x2b6d,0xc65
  r61_witness[06] r61=16 tail=32 gh60=0xda0fdfa W1=0xe9a,0x1d63,0x3360 W2=0xda7,0x37,0x1f50
  r61_witness[07] r61=16 tail=33 gh60=0x495c79a W1=0x3a6,0x16eb,0x53 W2=0x2b3,0x18cb,0x2647
  r61_witness[08] r61=16 tail=33 gh60=0x4608de6 W1=0x69b,0x1a0,0x237b W2=0x5a8,0x17ce,0x24a6
  r61_witness[09] r61=16 tail=33 gh60=0xc9884aa W1=0x22fd,0x3bd1,0x1cb7 W2=0x220a,0x53d,0x2254
  r61_witness[10] r61=16 tail=34 gh60=0xd919b66 W1=0x1dd3,0x2905,0x1b2e W2=0x1ce0,0x3575,0x3aa4
  r61_witness[11] r61=16 tail=35 gh60=0x4a084ea W1=0x221d,0x1b60,0x2749 W2=0x212a,0x1d16,0x2e55
  r61_witness[12] r61=16 tail=37 gh60=0xca084ee W1=0x140f,0x136e,0x3f48 W2=0x131c,0x1398,0x3728
  r61_witness[13] r61=16 tail=37 gh60=0x4898baa W1=0x39b1,0x1cec,0x20cf W2=0x38be,0x2903,0x3c6a
  r61_witness[14] r61=17 tail=27 gh60=0xda1c4aa W1=0x2c02,0x94,0xae5 W2=0x2b0f,0x629,0xbcb
  r61_witness[15] r61=17 tail=28 gh60=0xc594daa W1=0x16be,0x17c1,0x1d5a W2=0x15cb,0x2819,0x1170

D60=0 fiber histogram: 1:7986 2:4785 3:1875 4:1086 5:394 6:230 7:74 8:81 9:24 10:21 11:5 12:3 13:2 14:3 16:2 17:1 22:1 25:1
