free_word_mitm_reducedn
N=14 mask=0x3fff msb=0x2000
candidate: M0=0x3d36 mode=random-fallback fill=0x3fff kernel=dM0=dM9=0x2000
prefixes=32768/268435456 mode=permuted-prefix-sample w59_per_prefix=16384 total=536870912
run_mode=scan registry_cap=16
sample_start=43679744
scan_elapsed=17.598s rate=30.51 Mtriples/s

D60 interface
  D60=0 matches: 32203 (random expectation 32768.0, enrichment 0.983x)
  prefixes with D60=0: 16437
  max D60=0 fiber per prefix: 34 at W57=0xb65 W58=0x1937
  largest D60 bucket: D=0x2f34 count=33783
  min D60 HW: 0
  D60 HW histogram: 0:32203 1:455372 2:2978118 3:11922121 4:32829719 5:65650186 6:98440238 7:112475682 8:98378396 9:65567343 10:32768556 11:11910582 12:2971897 13:457691 14:32808

Tail closure among D60=0 matches
  final tail collisions: 0
  best r61 HW: 14
  best r61 W1[57..59]=0x26b4,0x32d2,0xd82
  best r61 W2[57..59]=0x25c1,0x2b27,0x19c
  best tail HW: 23
  best tail r61 HW: 25
  best W1[57..59]=0x40b,0xf70,0x337f
  best W2[57..59]=0x318,0x3c51,0x1bbb

SUMMARY N=14 sample_start=43679744 prefixes=32768 total=536870912 d0=32203 best_tail=23 tail_r61=25 best_r61=14 tail_W1=0x40b,0xf70,0x337f tail_W2=0x318,0x3c51,0x1bbb r61_W1=0x26b4,0x32d2,0xd82 r61_W2=0x25c1,0x2b27,0x19c

Scan-only witness registry
  registry_count=16 registry_cap=16
  witness[00] tail=23 r61=20 gh60=0x560c7e6 W1=0x1b9c,0x3f89,0x3128 W2=0x1aa9,0x3845,0x363a
  witness[01] tail=23 r61=25 gh60=0xde184e6 W1=0x40b,0xf70,0x337f W2=0x318,0x3c51,0x1bbb
  witness[02] tail=24 r61=31 gh60=0xc7a5ca6 W1=0x3df4,0x20b1,0x3868 W2=0x3d01,0x1f60,0x3529
  witness[03] tail=25 r61=14 gh60=0xc90cb6e W1=0x2560,0x190b,0x3ee8 W2=0x246d,0xb17,0x502
  witness[04] tail=25 r61=19 gh60=0xcf08566 W1=0x24db,0x20f7,0x2ffc W2=0x23e8,0x1c14,0x1ebd
  witness[05] tail=25 r61=19 gh60=0xde08be6 W1=0x399b,0xb56,0x3e51 W2=0x38a8,0x2190,0x311c
  witness[06] tail=25 r61=23 gh60=0xd977b6a W1=0x11de,0x10c3,0x7d5 W2=0x10eb,0x3af3,0x351d
  witness[07] tail=25 r61=27 gh60=0x4bf856a W1=0x2461,0x4bb,0x1fcc W2=0x236e,0x835,0x2119
  witness[08] tail=25 r61=27 gh60=0xc5884a6 W1=0x3c3b,0x347f,0x3a46 W2=0x3b48,0x32ca,0x34d8
  witness[09] tail=26 r61=17 gh60=0xc988cae W1=0x293f,0x122a,0x140e W2=0x284c,0x2b79,0x1c55
  witness[10] tail=26 r61=19 gh60=0xda087e6 W1=0x39b,0x212d,0x386e W2=0x2a8,0xb6a,0x383d
  witness[11] tail=26 r61=20 gh60=0x4769ca6 W1=0x3e43,0x3b6c,0x331c W2=0x3d50,0x29aa,0x3a37
  witness[12] tail=26 r61=21 gh60=0xba19be6 W1=0x19b,0x20ba,0x19c8 W2=0xa8,0x2576,0x2bff
  witness[13] tail=26 r61=21 gh60=0x573dd6a W1=0x20d2,0x23e2,0xa01 W2=0x1fdf,0x29da,0x32ca
  witness[14] tail=26 r61=21 gh60=0x4d78d66 W1=0x36cb,0x337b,0x2b73 W2=0x35d8,0x1541,0x93c
  witness[15] tail=26 r61=22 gh60=0x4aa85be W1=0x277,0x3a03,0x3486 W2=0x184,0x3dcd,0x443

Scan-only r61 registry
  registry_count=16 registry_cap=16
  r61_witness[00] r61=14 tail=25 gh60=0xc90cb6e W1=0x2560,0x190b,0x3ee8 W2=0x246d,0xb17,0x502
  r61_witness[01] r61=14 tail=27 gh60=0x4a08cea W1=0x161d,0x2746,0x1b0b W2=0x152a,0x1f9,0xa78
  r61_witness[02] r61=14 tail=28 gh60=0x4a19ce6 W1=0x1f13,0x10df,0x2f80 W2=0x1e20,0xd83,0x1348
  r61_witness[03] r61=14 tail=31 gh60=0x3ca4da6 W1=0x26b4,0x32d2,0xd82 W2=0x25c1,0x2b27,0x19c
  r61_witness[04] r61=15 tail=28 gh60=0xca084e6 W1=0x3b0b,0x3fb3,0x14a W2=0x3a18,0x318a,0x35dc
  r61_witness[05] r61=15 tail=29 gh60=0xc604de6 W1=0x368c,0x25b4,0x22c7 W2=0x3599,0xbf3,0x120a
  r61_witness[06] r61=15 tail=30 gh60=0xc518d6e W1=0x264f,0x1c7c,0x3f26 W2=0x255c,0x2ab,0x3abf
  r61_witness[07] r61=15 tail=32 gh60=0xc508d6a W1=0x1651,0x1d20,0x1ba7 W2=0x155e,0x2e8b,0x1af4
  r61_witness[08] r61=15 tail=32 gh60=0x450459a W1=0x2cca,0x2fc6,0x2cc5 W2=0x2bd7,0x1e3a,0x2cbc
  r61_witness[09] r61=15 tail=39 gh60=0x4704b7a W1=0x395a,0x19fb,0x44e W2=0x3867,0x13f3,0x141b
  r61_witness[10] r61=16 tail=31 gh60=0xce98b9a W1=0x3565,0x2d17,0x10cb W2=0x3472,0x2cb1,0xdd5
  r61_witness[11] r61=16 tail=31 gh60=0x4908b6a W1=0x35dd,0x25bf,0x3d6b W2=0x34ea,0x27aa,0x1401
  r61_witness[12] r61=16 tail=32 gh60=0x5a085ea W1=0x49d,0x6f0,0xc06 W2=0x3aa,0x14fe,0x30ce
  r61_witness[13] r61=16 tail=33 gh60=0xc9644a6 W1=0x1534,0xe91,0x493 W2=0x1441,0x2dfd,0x2309
  r61_witness[14] r61=16 tail=34 gh60=0xd908b6a W1=0x15e1,0x2edd,0x36ca W2=0x14ee,0x3914,0x2836
  r61_witness[15] r61=16 tail=35 gh60=0x450dd6e W1=0x1ee0,0x8e4,0x15c W2=0x1ded,0x34a8,0x2e7e

D60=0 fiber histogram: 1:7983 2:4772 3:1809 4:1098 5:351 6:206 7:82 8:75 9:21 10:14 11:6 12:6 13:7 14:4 22:2 34:1
