free_word_mitm_reducedn
N=14 mask=0x3fff msb=0x2000
candidate: M0=0x3d36 mode=random-fallback fill=0x3fff kernel=dM0=dM9=0x2000
prefixes=32768/268435456 mode=permuted-prefix-sample w59_per_prefix=16384 total=536870912
run_mode=scan registry_cap=16
sample_start=59244544
scan_elapsed=19.102s rate=28.11 Mtriples/s

D60 interface
  D60=0 matches: 32473 (random expectation 32768.0, enrichment 0.991x)
  prefixes with D60=0: 16429
  max D60=0 fiber per prefix: 24 at W57=0x30d0 W58=0x192c
  largest D60 bucket: D=0xe6a count=33821
  min D60 HW: 0
  D60 HW histogram: 0:32473 1:455870 2:2973266 3:11904022 4:32773960 5:65583960 6:98428098 7:112514842 8:98445245 9:65602042 10:32773992 11:11914315 12:2978735 13:457441 14:32651

Tail closure among D60=0 matches
  final tail collisions: 0
  best r61 HW: 13
  best r61 W1[57..59]=0x55c,0xdb2,0x2511
  best r61 W2[57..59]=0x469,0x1781,0x2bb2
  best tail HW: 22
  best tail r61 HW: 21
  best W1[57..59]=0x2e51,0x38b,0x382e
  best W2[57..59]=0x2d5e,0x347a,0x8be

SUMMARY N=14 sample_start=59244544 prefixes=32768 total=536870912 d0=32473 best_tail=22 tail_r61=21 best_r61=13 tail_W1=0x2e51,0x38b,0x382e tail_W2=0x2d5e,0x347a,0x8be r61_W1=0x55c,0xdb2,0x2511 r61_W2=0x469,0x1781,0x2bb2

Scan-only witness registry
  registry_count=16 registry_cap=16
  witness[00] tail=22 r61=21 gh60=0x3b1bd6a W1=0x2e51,0x38b,0x382e W2=0x2d5e,0x347a,0x8be
  witness[01] tail=23 r61=18 gh60=0x4887ca6 W1=0x2f3c,0x3fd4,0x4ad W2=0x2e49,0x3463,0x37c5
  witness[02] tail=24 r61=17 gh60=0x4c784aa W1=0x3a3d,0x5b8,0x25de W2=0x394a,0x1a64,0x11af
  witness[03] tail=24 r61=18 gh60=0xc5bc4be W1=0xbf8,0x386f,0x50b W2=0xb05,0x3812,0x2ff
  witness[04] tail=24 r61=19 gh60=0xce38fa6 W1=0x3783,0x258d,0x201c W2=0x3690,0x1c71,0x21c9
  witness[05] tail=24 r61=19 gh60=0xb8edfaa W1=0x3fb2,0x33ed,0x3877 W2=0x3ebf,0x23f9,0x1a0
  witness[06] tail=24 r61=21 gh60=0xce8449a W1=0x1aea,0x240f,0x3a6e W2=0x19f7,0x1c59,0x1f60
  witness[07] tail=24 r61=22 gh60=0xce69ca6 W1=0x20f3,0x296d,0xc1a W2=0x2000,0x59b,0x2fc8
  witness[08] tail=24 r61=22 gh60=0x4b2c77a W1=0x2bd6,0x3512,0x1912 W2=0x2ae3,0x31f7,0x257
  witness[09] tail=24 r61=25 gh60=0xfaedbaa W1=0x182,0xd85,0x1b56 W2=0x8f,0x3831,0x348f
  witness[10] tail=25 r61=16 gh60=0xc9e85fe W1=0x3c97,0x87f,0x1dd0 W2=0x3ba4,0x203f,0x223d
  witness[11] tail=25 r61=19 gh60=0x3b04766 W1=0x235c,0xb49,0x139f W2=0x2269,0x2eef,0x1e4d
  witness[12] tail=25 r61=20 gh60=0x5f07b66 W1=0x114c,0x1707,0x611 W2=0x1059,0xa64,0x21ca
  witness[13] tail=25 r61=26 gh60=0x4ae8ca6 W1=0x25f3,0x3458,0x3dcd W2=0x2500,0x2504,0x2e8e
  witness[14] tail=25 r61=28 gh60=0x779dd9a W1=0x206a,0x3207,0x2fc2 W2=0x1f77,0x18e0,0x1c7e
  witness[15] tail=25 r61=30 gh60=0xdbb9caa W1=0x3e31,0x4bd,0xbdf W2=0x3d3e,0xabc,0x1df5

Scan-only r61 registry
  registry_count=16 registry_cap=16
  r61_witness[00] r61=13 tail=29 gh60=0xc904b66 W1=0x55c,0xdb2,0x2511 W2=0x469,0x1781,0x2bb2
  r61_witness[01] r61=13 tail=41 gh60=0x4a284e6 W1=0x2313,0xb9e,0x1fff W2=0x2220,0x881,0x16e7
  r61_witness[02] r61=15 tail=27 gh60=0xc6884aa W1=0x1bf1,0x3ed9,0x147c W2=0x1afe,0x1459,0x3568
  r61_witness[03] r61=15 tail=30 gh60=0x49b9ba6 W1=0x1db3,0x1f64,0x3f7a W2=0x1cc0,0x25c6,0x17e4
  r61_witness[04] r61=15 tail=32 gh60=0x5f3849a W1=0x3b45,0x124c,0x3f5b W2=0x3a52,0xa1b,0x20a1
  r61_witness[05] r61=15 tail=33 gh60=0x4888baa W1=0x5b1,0x1329,0x3bd8 W2=0x4be,0x1380,0x76a
  r61_witness[06] r61=15 tail=34 gh60=0x5a0449a W1=0x220a,0x112b,0x3bf W2=0x2117,0x35e9,0x9e2
  r61_witness[07] r61=15 tail=36 gh60=0x44885aa W1=0x3cbd,0xd23,0x193d W2=0x3bca,0x2b27,0x351f
  r61_witness[08] r61=16 tail=25 gh60=0xc9e85fe W1=0x3c97,0x87f,0x1dd0 W2=0x3ba4,0x203f,0x223d
  r61_witness[09] r61=16 tail=28 gh60=0x3a29cfa W1=0x1e19,0x2b6f,0x3735 W2=0x1d26,0x1476,0x3f51
  r61_witness[10] r61=16 tail=32 gh60=0x4904f66 W1=0x37cc,0x1d62,0x3f12 W2=0x36d9,0x1099,0x1883
  r61_witness[11] r61=16 tail=34 gh60=0x460c5ee W1=0x4a0,0xa66,0x24cd W2=0x3ad,0x3499,0x1b2d
  r61_witness[12] r61=16 tail=37 gh60=0x490876a W1=0x2bdd,0x9c2,0x28e2 W2=0x2aea,0x3b10,0x1181
  r61_witness[13] r61=16 tail=44 gh60=0xda04de6 W1=0x68c,0x3aa8,0x2574 W2=0x599,0x15e3,0x32a5
  r61_witness[14] r61=17 tail=24 gh60=0x4c784aa W1=0x3a3d,0x5b8,0x25de W2=0x394a,0x1a64,0x11af
  r61_witness[15] r61=17 tail=29 gh60=0x391c49a W1=0xb4a,0x2659,0x340 W2=0xa57,0xe65,0x3355

D60=0 fiber histogram: 1:7971 2:4721 3:1769 4:1126 5:385 6:233 7:72 8:79 9:29 10:18 11:7 12:5 13:4 14:4 16:5 24:1
