free_word_mitm_reducedn
N=14 mask=0x3fff msb=0x2000
candidate: M0=0x3d36 mode=random-fallback fill=0x3fff kernel=dM0=dM9=0x2000
prefixes=32768/268435456 mode=permuted-prefix-sample w59_per_prefix=16384 total=536870912
run_mode=scan registry_cap=16
sample_start=235405312
scan_elapsed=19.102s rate=28.11 Mtriples/s

D60 interface
  D60=0 matches: 32873 (random expectation 32768.0, enrichment 1.003x)
  prefixes with D60=0: 16477
  max D60=0 fiber per prefix: 21 at W57=0xc95 W58=0x3206
  largest D60 bucket: D=0x2eda count=33716
  min D60 HW: 0
  D60 HW histogram: 0:32873 1:455844 2:2969903 3:11897898 4:32741819 5:65538104 6:98349870 7:112490996 8:98459051 9:65671066 10:32833077 11:11949525 12:2988812 13:459433 14:32641

Tail closure among D60=0 matches
  final tail collisions: 0
  best r61 HW: 13
  best r61 W1[57..59]=0x7a,0x32f1,0x42a
  best r61 W2[57..59]=0x3f87,0x1bbd,0x1d4a
  best tail HW: 22
  best tail r61 HW: 21
  best W1[57..59]=0x3bc4,0x158f,0x11f1
  best W2[57..59]=0x3ad1,0x1075,0x3539

SUMMARY N=14 sample_start=235405312 prefixes=32768 total=536870912 d0=32873 best_tail=22 tail_r61=21 best_r61=13 tail_W1=0x3bc4,0x158f,0x11f1 tail_W2=0x3ad1,0x1075,0x3539 r61_W1=0x7a,0x32f1,0x42a r61_W2=0x3f87,0x1bbd,0x1d4a

Scan-only witness registry
  registry_count=16 registry_cap=16
  witness[00] tail=22 r61=21 gh60=0x393c7a6 W1=0x3bc4,0x158f,0x11f1 W2=0x3ad1,0x1075,0x3539
  witness[01] tail=23 r61=13 gh60=0x5a85dba W1=0x7a,0x32f1,0x42a W2=0x3f87,0x1bbd,0x1d4a
  witness[02] tail=23 r61=19 gh60=0x38fc4aa W1=0xd2e,0x3e36,0xbd2 W2=0xc3b,0x437,0x11ed
  witness[03] tail=23 r61=20 gh60=0x46e4caa W1=0x2902,0x80f,0x29c4 W2=0x280f,0x9e3,0x2365
  witness[04] tail=23 r61=22 gh60=0xfb0fc9a W1=0x2f4a,0x230a,0x19c1 W2=0x2e57,0x398f,0x199e
  witness[05] tail=24 r61=14 gh60=0x5489daa W1=0x20c1,0xd12,0x3d3b W2=0x1fce,0x4dd,0x1f7b
  witness[06] tail=24 r61=15 gh60=0x4767caa W1=0x3132,0xc24,0xd2c W2=0x303f,0x3ef0,0x384a
  witness[07] tail=24 r61=17 gh60=0x4d3cd9a W1=0x18c6,0x30a1,0x31 W2=0x17d3,0x19dc,0x1668
  witness[08] tail=24 r61=22 gh60=0x45dbc9a W1=0x2e49,0x2b26,0x3db4 W2=0x2d56,0x9f6,0x2217
  witness[09] tail=24 r61=23 gh60=0xfb0db9a W1=0x3dca,0x38e8,0x1e94 W2=0x3cd7,0x2a71,0x3593
  witness[10] tail=25 r61=18 gh60=0xf5bbdba W1=0x3079,0x1e36,0xf13 W2=0x2f86,0x2119,0x26ae
  witness[11] tail=25 r61=18 gh60=0x788ccae W1=0x3730,0x35aa,0x297b W2=0x363d,0x310a,0x2763
  witness[12] tail=25 r61=19 gh60=0xca547ba W1=0xb76,0x3ce,0x25ed W2=0xa83,0x729,0x1b94
  witness[13] tail=25 r61=20 gh60=0x4915b6a W1=0x3dde,0x10ef,0x3075 W2=0x3ceb,0x13db,0x18de
  witness[14] tail=25 r61=21 gh60=0x48f879a W1=0x23a5,0x351e,0x2194 W2=0x22b2,0x2701,0x1751
  witness[15] tail=25 r61=22 gh60=0xb57857a W1=0x12d9,0x5d9,0xf0c W2=0x11e6,0x2aed,0x7da

Scan-only r61 registry
  registry_count=16 registry_cap=16
  r61_witness[00] r61=13 tail=23 gh60=0x5a85dba W1=0x7a,0x32f1,0x42a W2=0x3f87,0x1bbd,0x1d4a
  r61_witness[01] r61=13 tail=35 gh60=0x559c5ae W1=0x2ac0,0x2948,0x67c W2=0x29cd,0xd01,0x1a9b
  r61_witness[02] r61=14 tail=24 gh60=0x5489daa W1=0x20c1,0xd12,0x3d3b W2=0x1fce,0x4dd,0x1f7b
  r61_witness[03] r61=14 tail=33 gh60=0x490bb6e W1=0x2d4f,0xfc8,0x5c3 W2=0x2c5c,0x37e7,0x14b9
  r61_witness[04] r61=15 tail=24 gh60=0x4767caa W1=0x3132,0xc24,0xd2c W2=0x303f,0x3ef0,0x384a
  r61_witness[05] r61=16 tail=26 gh60=0x4a2c4fa W1=0x2416,0x152b,0x20b5 W2=0x2323,0x3c64,0x2d06
  r61_witness[06] r61=16 tail=27 gh60=0x450449a W1=0x344a,0x261f,0x381c W2=0x3357,0x1be5,0xe0d
  r61_witness[07] r61=16 tail=29 gh60=0x45885aa W1=0x2cb1,0xe91,0xc9d W2=0x2bbe,0xaa9,0x2ee1
  r61_witness[08] r61=16 tail=30 gh60=0x48784aa W1=0x2b3d,0x1ae2,0x9f3 W2=0x2a4a,0x224e,0x111a
  r61_witness[09] r61=16 tail=31 gh60=0x488bfaa W1=0xfc1,0x27f3,0x1146 W2=0xece,0x1cfe,0x245d
  r61_witness[10] r61=16 tail=34 gh60=0xda28c9a W1=0x2709,0x2037,0x3a45 W2=0x2616,0x3c1,0x1864
  r61_witness[11] r61=16 tail=35 gh60=0x4898ca6 W1=0x72b,0x2394,0x38f2 W2=0x638,0x30,0x2b15
  r61_witness[12] r61=16 tail=37 gh60=0x48a8bba W1=0x29b5,0xb41,0x207b W2=0x28c2,0x3694,0x1ec7
  r61_witness[13] r61=17 tail=24 gh60=0x4d3cd9a W1=0x18c6,0x30a1,0x31 W2=0x17d3,0x19dc,0x1668
  r61_witness[14] r61=17 tail=26 gh60=0x460cbee W1=0x29a0,0xd31,0x3be2 W2=0x28ad,0x3b5,0x14de
  r61_witness[15] r61=17 tail=27 gh60=0x495449a W1=0x3b46,0x3616,0x57e W2=0x3a53,0x2dea,0xc89

D60=0 fiber histogram: 1:7925 2:4691 3:1834 4:1120 5:419 6:249 7:93 8:74 9:34 10:15 11:9 12:6 13:2 14:2 15:1 16:1 19:1 21:1
