free_word_mitm_reducedn
N=14 mask=0x3fff msb=0x2000
candidate: M0=0x3d36 mode=random-fallback fill=0x3fff kernel=dM0=dM9=0x2000
prefixes=32768/268435456 mode=permuted-prefix-sample w59_per_prefix=16384 total=536870912
run_mode=scan registry_cap=16
sample_start=79069184
scan_elapsed=17.761s rate=30.23 Mtriples/s

D60 interface
  D60=0 matches: 32855 (random expectation 32768.0, enrichment 1.003x)
  prefixes with D60=0: 16435
  max D60=0 fiber per prefix: 21 at W57=0x3025 W58=0x17b6
  largest D60 bucket: D=0x3a9c count=33748
  min D60 HW: 0
  D60 HW histogram: 0:32855 1:458681 2:2984572 3:11932266 4:32844173 5:65704774 6:98486871 7:112463612 8:98308619 9:65516461 10:32765575 11:11903038 12:2977616 13:458913 14:32886

Tail closure among D60=0 matches
  final tail collisions: 0
  best r61 HW: 13
  best r61 W1[57..59]=0x1f9c,0x3975,0xe81
  best r61 W2[57..59]=0x1ea9,0x1fb2,0x3860
  best tail HW: 21
  best tail r61 HW: 19
  best W1[57..59]=0x1bb5,0x3dc7,0x11da
  best W2[57..59]=0x1ac2,0x3e9d,0x3088

SUMMARY N=14 sample_start=79069184 prefixes=32768 total=536870912 d0=32855 best_tail=21 tail_r61=19 best_r61=13 tail_W1=0x1bb5,0x3dc7,0x11da tail_W2=0x1ac2,0x3e9d,0x3088 r61_W1=0x1f9c,0x3975,0xe81 r61_W2=0x1ea9,0x1fb2,0x3860

Scan-only witness registry
  registry_count=16 registry_cap=16
  witness[00] tail=21 r61=19 gh60=0x39687ba W1=0x1bb5,0x3dc7,0x11da W2=0x1ac2,0x3e9d,0x3088
  witness[01] tail=22 r61=23 gh60=0xfa884aa W1=0x14ed,0x23aa,0x222e W2=0x13fa,0x3ba6,0x1e8b
  witness[02] tail=22 r61=23 gh60=0x588db9a W1=0x3daa,0x2457,0x3b1 W2=0x3cb7,0x17a8,0x37c4
  witness[03] tail=23 r61=23 gh60=0xb93bf6e W1=0x2fcf,0x1c8a,0x1cf0 W2=0x2edc,0x3c9,0x17ee
  witness[04] tail=24 r61=16 gh60=0xba1bce6 W1=0x1013,0x214e,0x2252 W2=0xf20,0x1e86,0x2da6
  witness[05] tail=24 r61=17 gh60=0x4934f7a W1=0x17d6,0x893,0x2df3 W2=0x16e3,0x14b7,0x373
  witness[06] tail=24 r61=20 gh60=0x7968b7a W1=0x1955,0x181a,0x1bef W2=0x1862,0x1651,0x1f1f
  witness[07] tail=24 r61=21 gh60=0x5a084ee W1=0x51f,0x16eb,0x11d6 W2=0x42c,0x34f5,0x3707
  witness[08] tail=24 r61=22 gh60=0xcfe4d66 W1=0x1864,0x3115,0x2281 W2=0x1771,0x1200,0x1894
  witness[09] tail=24 r61=23 gh60=0x493bf66 W1=0xf53,0x1eb0,0x1303 W2=0xe60,0x337c,0xab3
  witness[10] tail=24 r61=23 gh60=0xf9b84a6 W1=0x3afb,0x23ef,0x1c6a W2=0x3a08,0x14ba,0x3a5e
  witness[11] tail=25 r61=18 gh60=0x4aa84ba W1=0x1af5,0x3b29,0x2126 W2=0x1a02,0x3223,0x2a06
  witness[12] tail=25 r61=19 gh60=0x4b18d6a W1=0x1651,0xa65,0x5fd W2=0x155e,0x1bd0,0xb4b
  witness[13] tail=25 r61=20 gh60=0xb92ff6a W1=0xfd2,0x33de,0x451 W2=0xedf,0x1102,0x2b89
  witness[14] tail=25 r61=20 gh60=0x4b18b6a W1=0x1961,0x25bc,0x302 W2=0x186e,0x33ab,0x2409
  witness[15] tail=25 r61=20 gh60=0xf975b9e W1=0x3da8,0x4ae,0x19e2 W2=0x3cb5,0x3fcb,0x747

Scan-only r61 registry
  registry_count=16 registry_cap=16
  r61_witness[00] r61=13 tail=32 gh60=0x4e05fe6 W1=0x1f9c,0x3975,0xe81 W2=0x1ea9,0x1fb2,0x3860
  r61_witness[01] r61=14 tail=28 gh60=0xcd28d7e W1=0x6d7,0x1153,0xa40 W2=0x5e4,0x171e,0x1c72
  r61_witness[02] r61=14 tail=28 gh60=0xc584ca6 W1=0x363c,0xa5f,0x819 W2=0x3549,0x3aec,0x603
  r61_witness[03] r61=14 tail=30 gh60=0x5908b6e W1=0x95f,0x2323,0x4e8 W2=0x86c,0x1d36,0x371a
  r61_witness[04] r61=15 tail=36 gh60=0x5a044fa W1=0x121a,0x3a5c,0x39a9 W2=0x1127,0x2bc9,0x708
  r61_witness[05] r61=16 tail=24 gh60=0xba1bce6 W1=0x1013,0x214e,0x2252 W2=0xf20,0x1e86,0x2da6
  r61_witness[06] r61=16 tail=26 gh60=0x4a6bd66 W1=0x10e3,0x34cb,0x3c14 W2=0xff0,0x3697,0x3991
  r61_witness[07] r61=16 tail=27 gh60=0xd4885aa W1=0xabd,0x230d,0x2fdb W2=0x9ca,0x3091,0xcb1
  r61_witness[08] r61=16 tail=28 gh60=0xc958b7e W1=0x29d7,0x19d5,0x1b94 W2=0x28e4,0x12f8,0x3f7
  r61_witness[09] r61=16 tail=32 gh60=0xc62cce6 W1=0x1914,0x22d4,0x2bb0 W2=0x1821,0x3b0b,0x1ad1
  r61_witness[10] r61=16 tail=32 gh60=0x4a2c4e6 W1=0x2314,0x3c95,0x2994 W2=0x2221,0x2d89,0xb79
  r61_witness[11] r61=16 tail=33 gh60=0x4aa8f9a W1=0x765,0x1ab,0x36f5 W2=0x672,0x2f41,0xa32
  r61_witness[12] r61=16 tail=33 gh60=0x4898bae W1=0x29bf,0x3e91,0x24ad W2=0x28cc,0x3298,0xc21
  r61_witness[13] r61=16 tail=33 gh60=0x588db9a W1=0x3daa,0x2457,0x2e98 W2=0x3cb7,0x17a8,0x22ab
  r61_witness[14] r61=16 tail=35 gh60=0xb5845ba W1=0x2ba,0x3c37,0x2220 W2=0x1c7,0x2752,0x3eef
  r61_witness[15] r61=16 tail=35 gh60=0x4a084e6 W1=0x140b,0x2390,0x1cb4 W2=0x1318,0x2375,0x133e

D60=0 fiber histogram: 1:7904 2:4697 3:1813 4:1127 5:390 6:227 7:107 8:88 9:37 10:22 11:7 12:9 13:1 14:3 15:1 16:1 21:1
