free_word_mitm_reducedn
N=14 mask=0x3fff msb=0x2000
candidate: M0=0x3d36 mode=random-fallback fill=0x3fff kernel=dM0=dM9=0x2000
prefixes=32768/268435456 mode=permuted-prefix-sample w59_per_prefix=16384 total=536870912
run_mode=scan registry_cap=16
sample_start=87982080
scan_elapsed=19.825s rate=27.08 Mtriples/s

D60 interface
  D60=0 matches: 32577 (random expectation 32768.0, enrichment 0.994x)
  prefixes with D60=0: 16412
  max D60=0 fiber per prefix: 22 at W57=0x1051 W58=0x2dd6
  largest D60 bucket: D=0xd95 count=33847
  min D60 HW: 0
  D60 HW histogram: 0:32577 1:457811 2:2973667 3:11918109 4:32796843 5:65605494 6:98449921 7:112514927 8:98429115 9:65564619 10:32762329 11:11899505 12:2975020 13:458010 14:32965

Tail closure among D60=0 matches
  final tail collisions: 0
  best r61 HW: 14
  best r61 W1[57..59]=0x24d5,0x17f6,0x3d4a
  best r61 W2[57..59]=0x23e2,0x2a6,0x1a57
  best tail HW: 19
  best tail r61 HW: 23
  best W1[57..59]=0xa6e,0x2d1c,0x31fa
  best W2[57..59]=0x97b,0x2a35,0x321a

SUMMARY N=14 sample_start=87982080 prefixes=32768 total=536870912 d0=32577 best_tail=19 tail_r61=23 best_r61=14 tail_W1=0xa6e,0x2d1c,0x31fa tail_W2=0x97b,0x2a35,0x321a r61_W1=0x24d5,0x17f6,0x3d4a r61_W2=0x23e2,0x2a6,0x1a57

Scan-only witness registry
  registry_count=16 registry_cap=16
  witness[00] tail=19 r61=23 gh60=0xfa9c5aa W1=0xa6e,0x2d1c,0x31fa W2=0x97b,0x2a35,0x321a
  witness[01] tail=20 r61=21 gh60=0xf92cb7a W1=0x9d6,0x12b6,0x3dc2 W2=0x8e3,0xff2,0x21b6
  witness[02] tail=22 r61=23 gh60=0xc6a8ca6 W1=0x6f3,0x205f,0x1d7a W2=0x600,0x1d0b,0xc5c
  witness[03] tail=23 r61=18 gh60=0xb489daa W1=0x20ad,0x2aed,0x1226 W2=0x1fba,0x32c0,0x373c
  witness[04] tail=23 r61=22 gh60=0x49e859a W1=0x1a85,0x359b,0x3012 W2=0x1992,0x3216,0x2cde
  witness[05] tail=24 r61=19 gh60=0xce045fa W1=0xc9a,0x1cef,0x25f3 W2=0xba7,0xc84,0x3ba2
  witness[06] tail=24 r61=23 gh60=0x3b784aa W1=0x33ed,0x1010,0x2327 W2=0x32fa,0x264c,0x37b4
  witness[07] tail=24 r61=24 gh60=0x79e85e6 W1=0x3a93,0x20f0,0x1e9b W2=0x39a0,0x26bd,0x285e
  witness[08] tail=24 r61=25 gh60=0x5aebc9a W1=0x1109,0x29fa,0x1ada W2=0x1016,0x370a,0x3b62
  witness[09] tail=25 r61=16 gh60=0xc8784a6 W1=0x133b,0x3cb3,0x44c W2=0x1248,0x2d00,0x1879
  witness[10] tail=25 r61=21 gh60=0xca044e6 W1=0x221c,0x2995,0x3962 W2=0x2129,0x75b,0x21d
  witness[11] tail=25 r61=21 gh60=0x4afbcaa W1=0x2ffd,0x1c1e,0x3729 W2=0x2f0a,0xf51,0xa12
  witness[12] tail=25 r61=23 gh60=0xb998caa W1=0x941,0x1199,0x1400 W2=0x84e,0x12c8,0x3581
  witness[13] tail=25 r61=23 gh60=0xce0fbfa W1=0x319a,0x29cf,0x16f8 W2=0x30a7,0x35b,0x3a74
  witness[14] tail=25 r61=24 gh60=0xc99bba6 W1=0x31ab,0x288d,0x463 W2=0x30b8,0x21df,0x5d0
  witness[15] tail=25 r61=24 gh60=0xc79ccaa W1=0x38ee,0x8da,0x603 W2=0x37fb,0x1ada,0x383c

Scan-only r61 registry
  registry_count=16 registry_cap=16
  r61_witness[00] r61=14 tail=27 gh60=0x5b1857a W1=0x24d5,0x17f6,0x3d4a W2=0x23e2,0x2a6,0x1a57
  r61_witness[01] r61=15 tail=28 gh60=0x4c84dba W1=0x36ba,0x1678,0x38a9 W2=0x35c7,0x1658,0x4fd
  r61_witness[02] r61=15 tail=30 gh60=0x4787b9a W1=0x316a,0x3732,0x785 W2=0x3077,0x11cf,0x20a3
  r61_witness[03] r61=15 tail=31 gh60=0x3c8bdaa W1=0x2ebd,0x1a5e,0x165a W2=0x2dca,0x171d,0x3d0d
  r61_witness[04] r61=15 tail=31 gh60=0xcd8459a W1=0x3caa,0x12b3,0x2b42 W2=0x3bb7,0x10e1,0x1954
  r61_witness[05] r61=15 tail=34 gh60=0xc5684ba W1=0x1435,0x1bfc,0x342c W2=0x1342,0x12ba,0x2041
  r61_witness[06] r61=16 tail=25 gh60=0xc8784a6 W1=0x133b,0x3cb3,0x44c W2=0x1248,0x2d00,0x1879
  r61_witness[07] r61=16 tail=26 gh60=0x490ff6e W1=0xfe0,0x9de,0x297f W2=0xeed,0x2f0e,0x3a3d
  r61_witness[08] r61=16 tail=26 gh60=0x4a04de6 W1=0x289c,0x39bc,0x26a3 W2=0x27a9,0x2d6b,0x22b6
  r61_witness[09] r61=16 tail=32 gh60=0x4508d6e W1=0x265f,0xb2b,0xad W2=0x256c,0x3046,0x16f3
  r61_witness[10] r61=16 tail=32 gh60=0x49a9cba W1=0x3f39,0x315d,0x1f67 W2=0x3e46,0x139c,0x2174
  r61_witness[11] r61=16 tail=33 gh60=0x4a6bf9a W1=0xf85,0x2181,0x3e71 W2=0xe92,0x255,0x33d
  r61_witness[12] r61=16 tail=36 gh60=0xc90bf6a W1=0x2f61,0x3e7b,0x227d W2=0x2e6e,0x2d8a,0x3ca
  r61_witness[13] r61=16 tail=36 gh60=0x4a0c4ee W1=0x3210,0x2ce,0x3a89 W2=0x311d,0x2e69,0x3951
  r61_witness[14] r61=16 tail=36 gh60=0x4b0856a W1=0x32d1,0x2f60,0x34b0 W2=0x31de,0x3e6a,0x29ac
  r61_witness[15] r61=16 tail=37 gh60=0x3a05d9a W1=0x1e8a,0x3749,0xa90 W2=0x1d97,0x266a,0xd4a

D60=0 fiber histogram: 1:7933 2:4731 3:1743 4:1116 5:434 6:219 7:98 8:63 9:25 10:21 11:8 12:7 13:5 14:3 15:3 16:1 18:1 22:1
