free_word_mitm_reducedn
N=14 mask=0x3fff msb=0x2000
candidate: M0=0x3d36 mode=random-fallback fill=0x3fff kernel=dM0=dM9=0x2000
prefixes=32768/268435456 mode=permuted-prefix-sample w59_per_prefix=16384 total=536870912
run_mode=scan registry_cap=16
sample_start=71204864
scan_elapsed=19.872s rate=27.02 Mtriples/s

D60 interface
  D60=0 matches: 32696 (random expectation 32768.0, enrichment 0.998x)
  prefixes with D60=0: 16565
  max D60=0 fiber per prefix: 24 at W57=0x2e3e W58=0x351b
  largest D60 bucket: D=0xd84 count=33845
  min D60 HW: 0
  D60 HW histogram: 0:32696 1:456605 2:2982563 3:11947663 4:32836719 5:65661863 6:98449815 7:112492510 8:98353635 9:65540940 10:32757610 11:11900316 12:2969064 13:456603 14:32310

Tail closure among D60=0 matches
  final tail collisions: 0
  best r61 HW: 14
  best r61 W1[57..59]=0x10bc,0x1312,0x2787
  best r61 W2[57..59]=0xfc9,0x3049,0x59
  best tail HW: 22
  best tail r61 HW: 24
  best W1[57..59]=0x3323,0x134f,0x2836
  best W2[57..59]=0x3230,0x25c2,0x34f4

SUMMARY N=14 sample_start=71204864 prefixes=32768 total=536870912 d0=32696 best_tail=22 tail_r61=24 best_r61=14 tail_W1=0x3323,0x134f,0x2836 tail_W2=0x3230,0x25c2,0x34f4 r61_W1=0x10bc,0x1312,0x2787 r61_W2=0xfc9,0x3049,0x59

Scan-only witness registry
  registry_count=16 registry_cap=16
  witness[00] tail=22 r61=23 gh60=0x4d98caa W1=0x27ed,0x25c7,0x364e W2=0x26fa,0x2882,0x1e6a
  witness[01] tail=22 r61=24 gh60=0xc9b84e6 W1=0x3323,0x134f,0x2836 W2=0x3230,0x25c2,0x34f4
  witness[02] tail=23 r61=19 gh60=0xcb1476e W1=0x350,0xba9,0x3094 W2=0x25d,0x7f0,0x29b9
  witness[03] tail=23 r61=19 gh60=0x5528da6 W1=0x18c3,0x393a,0x1497 W2=0x17d0,0x1c0e,0x335b
  witness[04] tail=23 r61=23 gh60=0x44f9c9a W1=0x3e25,0xafd,0x3653 W2=0x3d32,0x3145,0x1567
  witness[05] tail=24 r61=17 gh60=0x4959f9a W1=0x1fc9,0x2f54,0x393 W2=0x1ed6,0x2bc0,0x1597
  witness[06] tail=24 r61=17 gh60=0x4a044e6 W1=0x350c,0x2e33,0x251 W2=0x3419,0x2c19,0x18f6
  witness[07] tail=24 r61=22 gh60=0xdee859a W1=0x3469,0x37f5,0xaa8 W2=0x3376,0x2634,0x3be4
  witness[08] tail=25 r61=21 gh60=0xfb887aa W1=0x3b6d,0xa7b,0x32c3 W2=0x3a7a,0xe3f,0x5b6
  witness[09] tail=25 r61=22 gh60=0x5537d6a W1=0x30de,0x1a59,0x2865 W2=0x2feb,0x539,0x3997
  witness[10] tail=25 r61=23 gh60=0x3678bee W1=0x59f,0x3683,0x988 W2=0x4ac,0x2d06,0x1de6
  witness[11] tail=25 r61=23 gh60=0xde5c59e W1=0x1488,0x25f4,0x19d7 W2=0x1395,0x3c82,0x227
  witness[12] tail=25 r61=24 gh60=0x59dcd9e W1=0x2688,0x112d,0x774 W2=0x2595,0x18b8,0x1e8b
  witness[13] tail=25 r61=24 gh60=0x59f8b66 W1=0x29d3,0x3323,0x1be3 W2=0x28e0,0x3d15,0x1f44
  witness[14] tail=25 r61=24 gh60=0xdb8c49a W1=0x2aea,0x16f6,0x2d25 W2=0x29f7,0x3f3c,0x3cde
  witness[15] tail=25 r61=24 gh60=0xfab8cae W1=0x37ff,0x3554,0x1aed W2=0x370c,0x3023,0x2bf2

Scan-only r61 registry
  registry_count=16 registry_cap=16
  r61_witness[00] r61=14 tail=32 gh60=0x4c87da6 W1=0x10bc,0x1312,0x2787 W2=0xfc9,0x3049,0x59
  r61_witness[01] r61=15 tail=29 gh60=0x4a1fcaa W1=0x3002,0x3d25,0x1015 W2=0x2f0f,0x34c1,0x3733
  r61_witness[02] r61=15 tail=30 gh60=0x460bcee W1=0xe1f,0x71d,0x26a4 W2=0xd2c,0x2a78,0x23dd
  r61_witness[03] r61=15 tail=31 gh60=0xc9887a6 W1=0x3bb,0xcbb,0xe8 W2=0x2c8,0x3680,0x933
  r61_witness[04] r61=15 tail=34 gh60=0x5d8bcaa W1=0x2dfd,0x3c0,0x2d52 W2=0x2d0a,0x3cf3,0xfdc
  r61_witness[05] r61=15 tail=37 gh60=0x4904c9a W1=0x174a,0x1084,0x61f W2=0x1657,0x383,0xd76
  r61_witness[06] r61=16 tail=26 gh60=0x4907b7a W1=0xd5a,0xf78,0x1749 W2=0xc67,0x2eac,0x1e40
  r61_witness[07] r61=16 tail=26 gh60=0x4a185ee W1=0x128f,0x3e1c,0x74e W2=0x119c,0x33de,0x3204
  r61_witness[08] r61=16 tail=28 gh60=0xc48bdaa W1=0xead,0x2f9f,0x2207 W2=0xdba,0x367a,0x2734
  r61_witness[09] r61=16 tail=30 gh60=0xc684ca6 W1=0x5ec,0x3195,0x893 W2=0x4f9,0x12b2,0x281d
  r61_witness[10] r61=16 tail=31 gh60=0x5587d9a W1=0x30aa,0x2094,0x3b5a W2=0x2fb7,0x3501,0x2b46
  r61_witness[11] r61=16 tail=32 gh60=0xc8ac79a W1=0x3a6,0x6d5,0x35b W2=0x2b3,0x8b5,0x3b1
  r61_witness[12] r61=16 tail=32 gh60=0xca28b9a W1=0x1989,0x22a9,0x1e1f W2=0x1896,0x2d87,0x77e
  r61_witness[13] r61=16 tail=34 gh60=0x44885a6 W1=0x3cbb,0x3986,0x21d4 W2=0x3bc8,0x3fa9,0x1911
  r61_witness[14] r61=16 tail=36 gh60=0xca085ea W1=0x49d,0xcd5,0xaa2 W2=0x3aa,0x1ae3,0xb2b
  r61_witness[15] r61=16 tail=37 gh60=0x4a084e6 W1=0x221b,0x2ba1,0x55 W2=0x2128,0x3576,0x438

D60=0 fiber histogram: 1:8000 2:4801 3:1829 4:1080 5:402 6:228 7:82 8:71 9:25 10:25 11:7 12:5 13:3 14:2 15:2 16:1 18:1 24:1
