free_word_mitm_reducedn
N=14 mask=0x3fff msb=0x2000
candidate: M0=0x3d36 mode=random-fallback fill=0x3fff kernel=dM0=dM9=0x2000
prefixes=32768/268435456 mode=permuted-prefix-sample w59_per_prefix=16384 total=536870912
run_mode=scan registry_cap=16
sample_start=104759296
scan_elapsed=19.888s rate=26.99 Mtriples/s

D60 interface
  D60=0 matches: 32715 (random expectation 32768.0, enrichment 0.998x)
  prefixes with D60=0: 16423
  max D60=0 fiber per prefix: 19 at W57=0x279 W58=0xb7c
  largest D60 bucket: D=0xf25 count=33732
  min D60 HW: 0
  D60 HW histogram: 0:32715 1:459147 2:2982986 3:11937066 4:32806106 5:65628100 6:98442357 7:112496657 8:98405177 9:65553331 10:32759195 11:11903956 12:2974977 13:456551 14:32591

Tail closure among D60=0 matches
  final tail collisions: 0
  best r61 HW: 11
  best r61 W1[57..59]=0x36a1,0x1d6a,0x3b85
  best r61 W2[57..59]=0x35ae,0x3039,0x259a
  best tail HW: 22
  best tail r61 HW: 21
  best W1[57..59]=0x2ec6,0x26a2,0xe67
  best W2[57..59]=0x2dd3,0x315b,0x2a30

SUMMARY N=14 sample_start=104759296 prefixes=32768 total=536870912 d0=32715 best_tail=22 tail_r61=21 best_r61=11 tail_W1=0x2ec6,0x26a2,0xe67 tail_W2=0x2dd3,0x315b,0x2a30 r61_W1=0x36a1,0x1d6a,0x3b85 r61_W2=0x35ae,0x3039,0x259a

Scan-only witness registry
  registry_count=16 registry_cap=16
  witness[00] tail=22 r61=21 gh60=0xcddfd9a W1=0x2ec6,0x26a2,0xe67 W2=0x2dd3,0x315b,0x2a30
  witness[01] tail=22 r61=26 gh60=0xdfa4d66 W1=0x864,0x169b,0x1a60 W2=0x771,0x2a8a,0x1ca1
  witness[02] tail=23 r61=18 gh60=0x4634cea W1=0x70e,0x1940,0xa38 W2=0x61b,0x2048,0x138c
  witness[03] tail=23 r61=19 gh60=0xc8884aa W1=0x3d41,0xb64,0x12a0 W2=0x3c4e,0x2194,0x7bb
  witness[04] tail=23 r61=20 gh60=0x4ab44be W1=0x23f8,0x20e3,0x16f0 W2=0x2305,0x2006,0x3525
  witness[05] tail=23 r61=26 gh60=0xda55bba W1=0x1d76,0x3113,0x180d W2=0x1c83,0x2fab,0x301c
  witness[06] tail=24 r61=15 gh60=0x75ac56a W1=0xa62,0x3765,0x503 W2=0x96f,0x3d2c,0x606
  witness[07] tail=24 r61=17 gh60=0xda29b9a W1=0x185,0x16ef,0x166e W2=0x92,0x4ff,0x230c
  witness[08] tail=24 r61=18 gh60=0x4a0dcfa W1=0x201a,0x1d79,0x1417 W2=0x1f27,0x65,0x26df
  witness[09] tail=24 r61=21 gh60=0x5be84a6 W1=0x34f3,0x10fb,0x2803 W2=0x3400,0x3ee6,0x2cee
  witness[10] tail=24 r61=22 gh60=0xd888ca6 W1=0x173b,0x1d5a,0x2a22 W2=0x1648,0x9e6,0x21c3
  witness[11] tail=24 r61=22 gh60=0x48e84ba W1=0x3b39,0x3ca1,0x23d0 W2=0x3a46,0x3563,0x694
  witness[12] tail=24 r61=24 gh60=0xcad7f9a W1=0xf86,0x274b,0x2896 W2=0xe93,0x1c34,0x1b3a
  witness[13] tail=24 r61=25 gh60=0xcf3fd7a W1=0x1056,0x36dd,0x32d3 W2=0xf63,0x3f2d,0xa88
  witness[14] tail=25 r61=19 gh60=0xd488caa W1=0x3841,0x464,0x23b7 W2=0x374e,0x16d3,0x1570
  witness[15] tail=25 r61=20 gh60=0x452849e W1=0x447,0x17f,0x1205 W2=0x354,0xf74,0x623

Scan-only r61 registry
  registry_count=16 registry_cap=16
  r61_witness[00] r61=11 tail=26 gh60=0xc618dea W1=0x36a1,0x1d6a,0x3b85 W2=0x35ae,0x3039,0x259a
  r61_witness[01] r61=13 tail=26 gh60=0x4519d66 W1=0x3ecb,0x3aae,0x72 W2=0x3dd8,0xe76,0x17a8
  r61_witness[02] r61=14 tail=29 gh60=0x4a844a6 W1=0x4ec,0x1766,0x1703 W2=0x3f9,0x444,0x260f
  r61_witness[03] r61=14 tail=36 gh60=0xc8a4be6 W1=0x9a4,0x185b,0x3191 W2=0x8b1,0x1e4a,0xe4a
  r61_witness[04] r61=15 tail=24 gh60=0x75ac56a W1=0xa62,0x3765,0x503 W2=0x96f,0x3d2c,0x606
  r61_witness[05] r61=15 tail=30 gh60=0xd6184e6 W1=0x1d13,0x3a66,0x2a05 W2=0x1c20,0x2c4b,0x31c1
  r61_witness[06] r61=16 tail=26 gh60=0xca85f9a W1=0x1f6a,0x2bba,0x1084 W2=0x1e77,0x1653,0x3166
  r61_witness[07] r61=16 tail=28 gh60=0x4a087ea W1=0x391,0x2504,0x2a1b W2=0x29e,0x25d2,0xc45
  r61_witness[08] r61=16 tail=29 gh60=0x4694caa W1=0x35ee,0x1e23,0x17a2 W2=0x34fb,0x35e3,0x3876
  r61_witness[09] r61=16 tail=30 gh60=0x450856e W1=0x245f,0x1acd,0x36aa W2=0x236c,0x3e87,0xe01
  r61_witness[10] r61=16 tail=32 gh60=0xce844ba W1=0x3cfa,0x3338,0x1659 W2=0x3c07,0x2aeb,0x1cf9
  r61_witness[11] r61=16 tail=36 gh60=0x4d35d7e W1=0x3ed8,0x3a1a,0x74b W2=0x3de5,0x3e6a,0x37a1
  r61_witness[12] r61=17 tail=24 gh60=0xda29b9a W1=0x185,0x16ef,0x166e W2=0x92,0x4ff,0x230c
  r61_witness[13] r61=17 tail=26 gh60=0x4b28b66 W1=0x953,0x1a0c,0x1e22 W2=0x860,0x23fe,0x1595
  r61_witness[14] r61=17 tail=27 gh60=0xd4885ae W1=0x22af,0x22f4,0x3d25 W2=0x21bc,0x72c,0x2e9b
  r61_witness[15] r61=17 tail=28 gh60=0x4a3c49a W1=0x50a,0x1590,0x35af W2=0x417,0x3c16,0x2c80

D60=0 fiber histogram: 1:7958 2:4634 3:1818 4:1139 5:399 6:225 7:96 8:73 9:29 10:23 11:7 12:8 13:3 14:3 15:1 16:4 17:1 18:1 19:1
