free_word_mitm_reducedn
N=14 mask=0x3fff msb=0x2000
candidate: M0=0x3d36 mode=random-fallback fill=0x3fff kernel=dM0=dM9=0x2000
prefixes=32768/268435456 mode=permuted-prefix-sample w59_per_prefix=16384 total=536870912
run_mode=scan registry_cap=16
sample_start=243630080
scan_elapsed=18.390s rate=29.19 Mtriples/s

D60 interface
  D60=0 matches: 32251 (random expectation 32768.0, enrichment 0.984x)
  prefixes with D60=0: 16310
  max D60=0 fiber per prefix: 16 at W57=0x3f85 W58=0x1dc7
  largest D60 bucket: D=0x2e42 count=33690
  min D60 HW: 0
  D60 HW histogram: 0:32251 1:456101 2:2973613 3:11902285 4:32774976 5:65574010 6:98458100 7:112533406 8:98446943 9:65591740 10:32768591 11:11900132 12:2970890 13:455510 14:32364

Tail closure among D60=0 matches
  final tail collisions: 0
  best r61 HW: 12
  best r61 W1[57..59]=0xdcb,0x1ae6,0xcb0
  best r61 W2[57..59]=0xcd8,0x1142,0x1a48
  best tail HW: 20
  best tail r61 HW: 17
  best W1[57..59]=0xd15,0xa2c,0x2967
  best W2[57..59]=0xc22,0x2da0,0x6c5

SUMMARY N=14 sample_start=243630080 prefixes=32768 total=536870912 d0=32251 best_tail=20 tail_r61=17 best_r61=12 tail_W1=0xd15,0xa2c,0x2967 tail_W2=0xc22,0x2da0,0x6c5 r61_W1=0xdcb,0x1ae6,0xcb0 r61_W2=0xcd8,0x1142,0x1a48

Scan-only witness registry
  registry_count=16 registry_cap=16
  witness[00] tail=20 r61=17 gh60=0x4a184fa W1=0xd15,0xa2c,0x2967 W2=0xc22,0x2da0,0x6c5
  witness[01] tail=23 r61=17 gh60=0x590bb6a W1=0xd4d,0x343,0x777 W2=0xc5a,0x213e,0x3c5e
  witness[02] tail=23 r61=19 gh60=0xc8efca6 W1=0x2f34,0x3c88,0xdf7 W2=0x2e41,0x11bb,0x13c3
  witness[03] tail=23 r61=22 gh60=0xfe147ea W1=0x39e,0x2fa7,0x927 W2=0x2ab,0x356a,0x2f85
  witness[04] tail=23 r61=23 gh60=0x46dff9a W1=0x2fc6,0x2c32,0x1dc1 W2=0x2ed3,0x148b,0xe16
  witness[05] tail=24 r61=17 gh60=0x5a145ea W1=0x3a8e,0xb20,0x6e7 W2=0x399b,0x1543,0x3586
  witness[06] tail=24 r61=18 gh60=0x4da45aa W1=0x472,0x276,0x2a89 W2=0x37f,0xf93,0x326c
  witness[07] tail=24 r61=19 gh60=0x4898faa W1=0x17ad,0x3292,0x2db4 W2=0x16ba,0x2fa5,0x1ba7
  witness[08] tail=24 r61=20 gh60=0xb558d7a W1=0x2859,0x19,0xae7 W2=0x2766,0x1fe4,0x1407
  witness[09] tail=24 r61=20 gh60=0x4be849a W1=0x2d25,0x1915,0x35c1 W2=0x2c32,0x3f26,0xe3e
  witness[10] tail=24 r61=21 gh60=0x4d3dd6a W1=0x1e5e,0x1f4a,0x153c W2=0x1d6b,0x2326,0x1599
  witness[11] tail=24 r61=21 gh60=0x4da8d9e W1=0x2867,0x2d64,0x2c54 W2=0x2774,0x30b6,0x1446
  witness[12] tail=25 r61=12 gh60=0x490bb66 W1=0xdcb,0x1ae6,0xcb0 W2=0xcd8,0x1142,0x1a48
  witness[13] tail=25 r61=16 gh60=0x491c76a W1=0xbde,0x3cc5,0x1054 W2=0xaeb,0x10,0x3802
  witness[14] tail=25 r61=16 gh60=0xc897caa W1=0xf3e,0x20b6,0x2af3 W2=0xe4b,0xfa2,0x19b9
  witness[15] tail=25 r61=18 gh60=0xce1c4e6 W1=0x331c,0x2a00,0x6f W2=0x3229,0x8d2,0x1d97

Scan-only r61 registry
  registry_count=16 registry_cap=16
  r61_witness[00] r61=12 tail=25 gh60=0x490bb66 W1=0xdcb,0x1ae6,0xcb0 W2=0xcd8,0x1142,0x1a48
  r61_witness[01] r61=14 tail=31 gh60=0x4a08de6 W1=0x389b,0x62e,0x129a W2=0x37a8,0xad8,0xcf9
  r61_witness[02] r61=15 tail=27 gh60=0x49844ba W1=0x1afa,0x381c,0x3546 W2=0x1a07,0x2f4f,0x5e2
  r61_witness[03] r61=15 tail=30 gh60=0xc489daa W1=0x1eb1,0x903,0x207c W2=0x1dbe,0x6da,0x1ff
  r61_witness[04] r61=15 tail=32 gh60=0x4f0bb6a W1=0x2de1,0x1876,0x2d82 W2=0x2cee,0x9a5,0x7c6
  r61_witness[05] r61=15 tail=32 gh60=0x4a1cfee W1=0x3790,0x2827,0x1240 W2=0x369d,0x2bfb,0x52
  r61_witness[06] r61=15 tail=37 gh60=0xc908b6a W1=0x29dd,0xc7d,0x36de W2=0x28ea,0x36ac,0x3eb8
  r61_witness[07] r61=16 tail=25 gh60=0x491c76a W1=0xbde,0x3cc5,0x1054 W2=0xaeb,0x10,0x3802
  r61_witness[08] r61=16 tail=25 gh60=0xc897caa W1=0xf3e,0x20b6,0x2af3 W2=0xe4b,0xfa2,0x19b9
  r61_witness[09] r61=16 tail=28 gh60=0x49884aa W1=0x1b41,0x1048,0x3ff W2=0x1a4e,0x26f8,0x17c2
  r61_witness[10] r61=16 tail=28 gh60=0x55b85a6 W1=0x3a6b,0x1404,0xd13 W2=0x3978,0x39c7,0x721
  r61_witness[11] r61=16 tail=30 gh60=0x5d0856e W1=0x34cf,0x2f61,0x35d6 W2=0x33dc,0x210b,0x15a1
  r61_witness[12] r61=16 tail=33 gh60=0x4918f6a W1=0x7dd,0x23f,0xcde W2=0x6ea,0x3546,0x306
  r61_witness[13] r61=16 tail=34 gh60=0x4897bae W1=0x11b0,0x3ad6,0x28b2 W2=0x10bd,0x19e6,0x838
  r61_witness[14] r61=16 tail=35 gh60=0xc528d7e W1=0x36d7,0x3a39,0x2fe0 W2=0x35e4,0xc04,0x1706
  r61_witness[15] r61=16 tail=37 gh60=0x4a044fa W1=0x141a,0x6a6,0x319b W2=0x1327,0x3993,0x9e4

D60=0 fiber histogram: 1:7876 2:4641 3:1837 4:1099 5:433 6:210 7:88 8:75 9:16 10:15 11:8 12:6 14:2 15:1 16:3
