free_word_mitm_reducedn
N=14 mask=0x3fff msb=0x2000
candidate: M0=0x3d36 mode=random-fallback fill=0x3fff kernel=dM0=dM9=0x2000
prefixes=32768/268435456 mode=permuted-prefix-sample w59_per_prefix=16384 total=536870912
run_mode=scan registry_cap=16
sample_start=201687040
scan_elapsed=18.143s rate=29.59 Mtriples/s

D60 interface
  D60=0 matches: 32791 (random expectation 32768.0, enrichment 1.001x)
  prefixes with D60=0: 16607
  max D60=0 fiber per prefix: 21 at W57=0x216c W58=0x50d
  largest D60 bucket: D=0xe15 count=33899
  min D60 HW: 0
  D60 HW histogram: 0:32791 1:458861 2:2984888 3:11933325 4:32818507 5:65625453 6:98417412 7:112466372 8:98390144 9:65581961 10:32777130 11:11915364 12:2979084 13:457177 14:32443

Tail closure among D60=0 matches
  final tail collisions: 0
  best r61 HW: 13
  best r61 W1[57..59]=0x2413,0x2e6,0x8d1
  best r61 W2[57..59]=0x2320,0xdd9,0x1a0b
  best tail HW: 20
  best tail r61 HW: 19
  best W1[57..59]=0x19a3,0x3ae2,0x1fad
  best W2[57..59]=0x18b0,0x10cc,0x19ec

SUMMARY N=14 sample_start=201687040 prefixes=32768 total=536870912 d0=32791 best_tail=20 tail_r61=19 best_r61=13 tail_W1=0x19a3,0x3ae2,0x1fad tail_W2=0x18b0,0x10cc,0x19ec r61_W1=0x2413,0x2e6,0x8d1 r61_W2=0x2320,0xdd9,0x1a0b

Scan-only witness registry
  registry_count=16 registry_cap=16
  witness[00] tail=20 r61=19 gh60=0xf8e8be6 W1=0x19a3,0x3ae2,0x1fad W2=0x18b0,0x10cc,0x19ec
  witness[01] tail=21 r61=13 gh60=0x5c845a6 W1=0x3cbc,0xc87,0x32f6 W2=0x3bc9,0x12bb,0x381c
  witness[02] tail=21 r61=17 gh60=0xca884aa W1=0x21f1,0x3d21,0x1de8 W2=0x20fe,0x1a1,0x1d67
  witness[03] tail=23 r61=19 gh60=0xc7d449e W1=0x1428,0x25dc,0x260c W2=0x1335,0x3390,0x336e
  witness[04] tail=23 r61=21 gh60=0x7a1c4e6 W1=0x20c,0x23f8,0xe76 W2=0x119,0x2ca,0xd19
  witness[05] tail=23 r61=22 gh60=0xd5685a6 W1=0x12c3,0x1142,0x1d81 W2=0x11d0,0x1595,0xb58
  witness[06] tail=24 r61=14 gh60=0x360cbfa W1=0x259a,0x1cd2,0x30d5 W2=0x24a7,0xf96,0x1160
  witness[07] tail=24 r61=17 gh60=0x5ba47e6 W1=0x3ba4,0x32ff,0x22c1 W2=0x3ab1,0x29e9,0x2cd2
  witness[08] tail=25 r61=18 gh60=0x4a68566 W1=0x263,0x10ee,0x2518 W2=0x170,0xc3d,0x37f6
  witness[09] tail=25 r61=18 gh60=0x589bca6 W1=0x313b,0x3fab,0x312b W2=0x3048,0x26b9,0x13b8
  witness[10] tail=25 r61=20 gh60=0xb715d6a W1=0x20ce,0x7c1,0x2a6a W2=0x1fdb,0x3db5,0x308e
  witness[11] tail=25 r61=21 gh60=0xff1db6e W1=0x1e0,0x3c6e,0x29b0 W2=0xed,0x2c7a,0x264d
  witness[12] tail=25 r61=22 gh60=0x5ae859e W1=0x12c7,0x1094,0x3246 W2=0x11d4,0x251d,0x1a50
  witness[13] tail=25 r61=23 gh60=0xfa05ce6 W1=0x210c,0x27a9,0x37e5 W2=0x2019,0x124e,0x3727
  witness[14] tail=25 r61=23 gh60=0xb90ff6a W1=0x2fde,0x3576,0x1137 W2=0x2eeb,0x2486,0x29da
  witness[15] tail=25 r61=23 gh60=0x798c79a W1=0x336a,0x8c7,0x1d06 W2=0x3277,0xb2b,0x158

Scan-only r61 registry
  registry_count=16 registry_cap=16
  r61_witness[00] r61=13 tail=21 gh60=0x5c845a6 W1=0x3cbc,0xc87,0x32f6 W2=0x3bc9,0x12bb,0x381c
  r61_witness[01] r61=13 tail=27 gh60=0x4a284e6 W1=0x2413,0x2e6,0x8d1 W2=0x2320,0xdd9,0x1a0b
  r61_witness[02] r61=14 tail=24 gh60=0x360cbfa W1=0x259a,0x1cd2,0x30d5 W2=0x24a7,0xf96,0x1160
  r61_witness[03] r61=14 tail=35 gh60=0x4a18cee W1=0x271f,0xf3f,0x3281 W2=0x262c,0x290a,0x321f
  r61_witness[04] r61=14 tail=36 gh60=0xcc88caa W1=0x263d,0x1310,0x135b W2=0x254a,0x1a3b,0x3708
  r61_witness[05] r61=15 tail=32 gh60=0x460c5ea W1=0x349e,0xd0,0x35a W2=0x33ab,0xddf,0xacc
  r61_witness[06] r61=15 tail=32 gh60=0x4c8cdba W1=0x38ba,0x2037,0x12e W2=0x37c7,0x1a17,0x1099
  r61_witness[07] r61=15 tail=33 gh60=0x4908b66 W1=0x94b,0x108,0x10a0 W2=0x858,0xaea,0x2dad
  r61_witness[08] r61=15 tail=35 gh60=0xca184ea W1=0x1b21,0x1c8a,0x2de5 W2=0x1a2e,0x37b0,0x1592
  r61_witness[09] r61=16 tail=27 gh60=0x451456a W1=0x244e,0x985,0x837 W2=0x235b,0x814,0x31c8
  r61_witness[10] r61=16 tail=28 gh60=0x4d88cae W1=0x163f,0xfc9,0x2e5c W2=0x154c,0x1018,0x378c
  r61_witness[11] r61=16 tail=28 gh60=0x4b7857e W1=0x1a57,0x2fde,0x38a4 W2=0x1964,0x3e8a,0x2311
  r61_witness[12] r61=16 tail=29 gh60=0x490876a W1=0x3361,0x1083,0x2fa2 W2=0x326e,0x1cd9,0x2ae3
  r61_witness[13] r61=16 tail=31 gh60=0x361c4aa W1=0x2302,0x3a23,0x797 W2=0x220f,0x3f8,0x30f8
  r61_witness[14] r61=16 tail=31 gh60=0x4614cea W1=0x390e,0x33e4,0x1533 W2=0x381b,0x3f0,0x256e
  r61_witness[15] r61=16 tail=33 gh60=0x4a0bce6 W1=0xf0b,0xe91,0x3375 W2=0xe18,0x1da9,0x2ac

D60=0 fiber histogram: 1:8005 2:4840 3:1830 4:1071 5:401 6:233 7:83 8:79 9:19 10:21 11:7 12:8 13:2 14:2 15:1 16:1 17:1 19:1 20:1 21:1
