free_word_mitm_reducedn
N=14 mask=0x3fff msb=0x2000
candidate: M0=0x3d36 mode=random-fallback fill=0x3fff kernel=dM0=dM9=0x2000
prefixes=32768/268435456 mode=permuted-prefix-sample w59_per_prefix=16384 total=536870912
run_mode=scan registry_cap=16
sample_start=360448
scan_elapsed=17.218s rate=31.18 Mtriples/s

D60 interface
  D60=0 matches: 32614 (random expectation 32768.0, enrichment 0.995x)
  prefixes with D60=0: 16468
  max D60=0 fiber per prefix: 19 at W57=0x25b0 W58=0x2482
  largest D60 bucket: D=0xe58 count=33768
  min D60 HW: 0
  D60 HW histogram: 0:32614 1:456465 2:2974580 3:11900646 4:32776392 5:65611338 6:98461781 7:112530419 8:98420769 9:65567626 10:32771128 11:11907143 12:2972206 13:455109 14:32696

Tail closure among D60=0 matches
  final tail collisions: 0
  best r61 HW: 12
  best r61 W1[57..59]=0x161a,0xcef,0xe8f
  best r61 W2[57..59]=0x1527,0x35b,0x25a8
  best tail HW: 21
  best tail r61 HW: 21
  best W1[57..59]=0x3c96,0x13f8,0x1a69
  best W2[57..59]=0x3ba3,0x3f99,0x3f41

SUMMARY N=14 sample_start=360448 prefixes=32768 total=536870912 d0=32614 best_tail=21 tail_r61=21 best_r61=12 tail_W1=0x3c96,0x13f8,0x1a69 tail_W2=0x3ba3,0x3f99,0x3f41 r61_W1=0x161a,0xcef,0xe8f r61_W2=0x1527,0x35b,0x25a8

Scan-only witness registry
  registry_count=16 registry_cap=16
  witness[00] tail=21 r61=21 gh60=0x3a7c5fa W1=0x3c96,0x13f8,0x1a69 W2=0x3ba3,0x3f99,0x3f41
  witness[01] tail=21 r61=22 gh60=0xbbfcc9e W1=0x8e8,0x1e46,0x2617 W2=0x7f5,0x27b1,0x10b8
  witness[02] tail=23 r61=23 gh60=0x3aac4ba W1=0x1af6,0x32df,0x3014 W2=0x1a03,0x29de,0xbdb
  witness[03] tail=24 r61=20 gh60=0x4bf8da6 W1=0x28c3,0xd61,0xd68 W2=0x27d0,0x1f35,0x3d08
  witness[04] tail=24 r61=21 gh60=0xce0bce6 W1=0x2e1b,0x2b4b,0x1a1e W2=0x2d28,0x285b,0x2e5
  witness[05] tail=24 r61=23 gh60=0x455ccba W1=0x636,0x495,0x2ebc W2=0x543,0x2c55,0x1450
  witness[06] tail=24 r61=24 gh60=0xc88bfae W1=0x2fbf,0x1197,0x2c22 W2=0x2ecc,0x3cda,0x3a1
  witness[07] tail=25 r61=12 gh60=0xca04cfa W1=0x161a,0xcef,0xe8f W2=0x1527,0x35b,0x25a8
  witness[08] tail=25 r61=18 gh60=0x48ac49a W1=0x3d26,0x27e4,0x1e2f W2=0x3c33,0x1dee,0xa71
  witness[09] tail=25 r61=19 gh60=0x7af4dfa W1=0x3896,0xf27,0x131d W2=0x37a3,0x3787,0x67b
  witness[10] tail=25 r61=20 gh60=0x49bbbae W1=0x2d7f,0xda8,0x2ebd W2=0x2c8c,0x371f,0x3322
  witness[11] tail=25 r61=21 gh60=0x5aa9cbe W1=0xf7,0x2fce,0x2d3e W2=0x4,0x2cad,0x3b9e
  witness[12] tail=25 r61=21 gh60=0xca085ea W1=0x1a91,0x189e,0x394a W2=0x199e,0x28c0,0x3139
  witness[13] tail=25 r61=23 gh60=0x47a8ba6 W1=0x29b3,0x3eb1,0x636 W2=0x28c0,0x295,0x1b9a
  witness[14] tail=25 r61=24 gh60=0x76a8cba W1=0x7f5,0x1798,0x28dc W2=0x702,0x39d7,0x2e30
  witness[15] tail=25 r61=24 gh60=0xb50cd6a W1=0x284e,0x2241,0xb28 W2=0x275b,0x1e91,0x12b7

Scan-only r61 registry
  registry_count=16 registry_cap=16
  r61_witness[00] r61=12 tail=25 gh60=0xca04cfa W1=0x161a,0xcef,0xe8f W2=0x1527,0x35b,0x25a8
  r61_witness[01] r61=14 tail=30 gh60=0xce0bbee W1=0x118f,0x254e,0x213e W2=0x109c,0x4d9,0x292e
  r61_witness[02] r61=14 tail=34 gh60=0x4608cea W1=0x1621,0x219f,0x21dc W2=0x152e,0x3c96,0x772
  r61_witness[03] r61=15 tail=28 gh60=0x44885aa W1=0x4b1,0x1228,0x26ae W2=0x3be,0xec0,0xdee
  r61_witness[04] r61=15 tail=28 gh60=0x4484d9a W1=0x6aa,0x3deb,0xc33 W2=0x5b7,0x2cde,0x1129
  r61_witness[05] r61=15 tail=32 gh60=0x5e04de6 W1=0x89c,0x14fe,0xa5 W2=0x7a9,0x8ad,0x3876
  r61_witness[06] r61=15 tail=34 gh60=0x4a09dea W1=0xa1,0x34a2,0x20d6 W2=0x3fae,0x2ef1,0x3648
  r61_witness[07] r61=16 tail=26 gh60=0x4d845ba W1=0x2c7a,0x1672,0x3448 W2=0x2b87,0x401,0x9e2
  r61_witness[08] r61=16 tail=29 gh60=0xb50c56e W1=0x2d0,0x3dbe,0x1664 W2=0x1dd,0x1c0d,0x1f3
  r61_witness[09] r61=16 tail=30 gh60=0x4627ca6 W1=0xf04,0x9e1,0x2c4c W2=0xe11,0x2d9c,0x2450
  r61_witness[10] r61=16 tail=32 gh60=0x56845a6 W1=0xa6c,0x26bf,0x3077 W2=0x979,0x3b73,0x1a57
  r61_witness[11] r61=16 tail=33 gh60=0xc4a9c9a W1=0x1e29,0x3991,0x27f0 W2=0x1d36,0x1e25,0x1666
  r61_witness[12] r61=16 tail=34 gh60=0x5ea4faa W1=0x2772,0x50d,0x2124 W2=0x267f,0x33a9,0x87f
  r61_witness[13] r61=16 tail=34 gh60=0x36884a6 W1=0x2cfb,0x75e,0x3d07 W2=0x2c08,0x529,0xe13
  r61_witness[14] r61=16 tail=34 gh60=0xce085ea W1=0x32a1,0x1de5,0x1dde W2=0x31ae,0x2c73,0x36e1
  r61_witness[15] r61=16 tail=36 gh60=0xf908b66 W1=0x19db,0x7e4,0x3213 W2=0x18e8,0x1db6,0x2151

D60=0 fiber histogram: 1:7931 2:4745 3:1821 4:1133 5:389 6:212 7:90 8:78 9:27 10:18 11:6 12:9 13:3 14:4 16:1 19:1
