free_word_mitm_reducedn
N=14 mask=0x3fff msb=0x2000
candidate: M0=0x3d36 mode=random-fallback fill=0x3fff kernel=dM0=dM9=0x2000
prefixes=32768/268435456 mode=permuted-prefix-sample w59_per_prefix=16384 total=536870912
run_mode=scan registry_cap=16
sample_start=51609600
scan_elapsed=20.449s rate=26.25 Mtriples/s

D60 interface
  D60=0 matches: 32991 (random expectation 32768.0, enrichment 1.007x)
  prefixes with D60=0: 16552
  max D60=0 fiber per prefix: 22 at W57=0x1dec W58=0x2c0b
  largest D60 bucket: D=0x103b count=33744
  min D60 HW: 0
  D60 HW histogram: 0:32991 1:458363 2:2983489 3:11942855 4:32842248 5:65644015 6:98428129 7:112449344 8:98351439 9:65561387 10:32778551 11:11925521 12:2980016 13:459719 14:32845

Tail closure among D60=0 matches
  final tail collisions: 0
  best r61 HW: 13
  best r61 W1[57..59]=0x22da,0x283,0x19ca
  best r61 W2[57..59]=0x21e7,0x278c,0xe80
  best tail HW: 19
  best tail r61 HW: 20
  best W1[57..59]=0x1a91,0x3936,0x113b
  best W2[57..59]=0x199e,0x958,0x30ea

SUMMARY N=14 sample_start=51609600 prefixes=32768 total=536870912 d0=32991 best_tail=19 tail_r61=20 best_r61=13 tail_W1=0x1a91,0x3936,0x113b tail_W2=0x199e,0x958,0x30ea r61_W1=0x22da,0x283,0x19ca r61_W2=0x21e7,0x278c,0xe80

Scan-only witness registry
  registry_count=16 registry_cap=16
  witness[00] tail=19 r61=20 gh60=0xce085ea W1=0x1a91,0x3936,0x113b W2=0x199e,0x958,0x30ea
  witness[01] tail=23 r61=17 gh60=0xbf08d66 W1=0x38cb,0xf8d,0xc64 W2=0x37d8,0xab3,0x2a87
  witness[02] tail=23 r61=22 gh60=0xd658d9a W1=0x869,0x3186,0x29b6 W2=0x776,0xb00,0x1ce8
  witness[03] tail=24 r61=17 gh60=0xcb28d9e W1=0x6c7,0x2ece,0x3dc3 W2=0x5d4,0x37d4,0x130f
  witness[04] tail=24 r61=18 gh60=0x493476a W1=0x3ce,0x3cf1,0x140 W2=0x2db,0x150,0x6ba
  witness[05] tail=24 r61=18 gh60=0xc718d6a W1=0x364d,0x338c,0x108b W2=0x355a,0xcfb,0xb54
  witness[06] tail=24 r61=18 gh60=0x5494daa W1=0x38ae,0x32d,0xe05 W2=0x37bb,0xc95,0x1085
  witness[07] tail=24 r61=20 gh60=0xcaa5caa W1=0x1ff2,0x173a,0x1204 W2=0x1eff,0x17c2,0x3e5d
  witness[08] tail=24 r61=22 gh60=0x36f84ae W1=0x24ef,0xcc7,0x102 W2=0x23fc,0x2be7,0x11ed
  witness[09] tail=24 r61=25 gh60=0x7b9c5a6 W1=0x2274,0x3e4e,0x3033 W2=0x2181,0x3312,0x2c95
  witness[10] tail=25 r61=17 gh60=0x4788caa W1=0x38ed,0x14df,0x3379 W2=0x37fa,0x26da,0x8b1
  witness[11] tail=25 r61=19 gh60=0xc4844a6 W1=0x242c,0x38b6,0x1ca4 W2=0x2339,0x3714,0x3cda
  witness[12] tail=25 r61=19 gh60=0x4d885a6 W1=0x2c7b,0x2cbf,0x2614 W2=0x2b88,0x2272,0xc08
  witness[13] tail=25 r61=24 gh60=0x7e5449a W1=0x506,0x3837,0x2625 W2=0x413,0x1e89,0x2163
  witness[14] tail=25 r61=24 gh60=0x497c79a W1=0x1ba6,0x536,0x1e8f W2=0x1ab3,0x1708,0xc02
  witness[15] tail=25 r61=24 gh60=0xd6244a6 W1=0x3b04,0x3ecc,0x29f9 W2=0x3a11,0x3fca,0xd87

Scan-only r61 registry
  registry_count=16 registry_cap=16
  r61_witness[00] r61=13 tail=27 gh60=0x550c57a W1=0x22da,0x283,0x19ca W2=0x21e7,0x278c,0xe80
  r61_witness[01] r61=14 tail=26 gh60=0x558dca6 W1=0x202c,0x33e5,0x28ef W2=0x1f39,0x3000,0x18de
  r61_witness[02] r61=15 tail=30 gh60=0x4889caa W1=0x1f3d,0x3074,0x3b5a W2=0x1e4a,0x3263,0x3772
  r61_witness[03] r61=15 tail=32 gh60=0x4c89caa W1=0x2d,0x23ba,0x68e W2=0x3f3a,0x2375,0x22b6
  r61_witness[04] r61=15 tail=33 gh60=0x7908f66 W1=0x37cb,0xd5e,0x1adf W2=0x36d8,0x3c94,0x10db
  r61_witness[05] r61=15 tail=38 gh60=0x4a6bbe6 W1=0x3193,0xb18,0x22ac W2=0x30a0,0x4f8,0x1974
  r61_witness[06] r61=16 tail=28 gh60=0x490479a W1=0x3bca,0x2450,0x1b08 W2=0x3ad7,0x2658,0x14ff
  r61_witness[07] r61=16 tail=29 gh60=0xc90876e W1=0x2bcf,0x3e3d,0x14e7 W2=0x2adc,0x3e83,0x18a9
  r61_witness[08] r61=16 tail=31 gh60=0x4e144ea W1=0x21e,0x903,0x2671 W2=0x12b,0x10ae,0x2c3e
  r61_witness[09] r61=16 tail=31 gh60=0x44b859a W1=0xca9,0x35e8,0x15b8 W2=0xbb6,0x1415,0x10e0
  r61_witness[10] r61=16 tail=34 gh60=0x45844ba W1=0xbfa,0x39de,0x597 W2=0xb07,0x2155,0x64b
  r61_witness[11] r61=16 tail=34 gh60=0x56044fa W1=0x121a,0x20e0,0x142f W2=0x1127,0x124d,0x274e
  r61_witness[12] r61=16 tail=36 gh60=0x4e1ccee W1=0x2920,0x35ff,0x13a0 W2=0x282d,0x21db,0x1232
  r61_witness[13] r61=16 tail=37 gh60=0x491dca6 W1=0x2144,0x982,0x1117 W2=0x2051,0x1541,0x3149
  r61_witness[14] r61=17 tail=23 gh60=0xbf08d66 W1=0x38cb,0xf8d,0xc64 W2=0x37d8,0xab3,0x2a87
  r61_witness[15] r61=17 tail=24 gh60=0xcb28d9e W1=0x6c7,0x2ece,0x3dc3 W2=0x5d4,0x37d4,0x130f

D60=0 fiber histogram: 1:7919 2:4804 3:1818 4:1089 5:450 6:240 7:77 8:81 9:34 10:22 11:6 12:4 14:2 16:2 17:1 18:1 20:1 22:1
