free_word_mitm_reducedn
N=14 mask=0x3fff msb=0x2000
candidate: M0=0x3d36 mode=random-fallback fill=0x3fff kernel=dM0=dM9=0x2000
prefixes=32768/268435456 mode=permuted-prefix-sample w59_per_prefix=16384 total=536870912
run_mode=scan registry_cap=16
sample_start=26443776
scan_elapsed=20.234s rate=26.53 Mtriples/s

D60 interface
  D60=0 matches: 32591 (random expectation 32768.0, enrichment 0.995x)
  prefixes with D60=0: 16481
  max D60=0 fiber per prefix: 18 at W57=0x11b6 W58=0x3e54
  largest D60 bucket: D=0x1320 count=33852
  min D60 HW: 0
  D60 HW histogram: 0:32591 1:455984 2:2984635 3:11935035 4:32808990 5:65650842 6:98444729 7:112485295 8:98364349 9:65550515 10:32773841 11:11915918 12:2978040 13:457389 14:32759

Tail closure among D60=0 matches
  final tail collisions: 0
  best r61 HW: 12
  best r61 W1[57..59]=0x2341,0x3e6d,0x21e2
  best r61 W2[57..59]=0x224e,0x79d,0x24df
  best tail HW: 22
  best tail r61 HW: 22
  best W1[57..59]=0x1e4f,0x24b8,0x29b
  best W2[57..59]=0x1d5c,0x863,0x1783

SUMMARY N=14 sample_start=26443776 prefixes=32768 total=536870912 d0=32591 best_tail=22 tail_r61=22 best_r61=12 tail_W1=0x1e4f,0x24b8,0x29b tail_W2=0x1d5c,0x863,0x1783 r61_W1=0x2341,0x3e6d,0x21e2 r61_W2=0x224e,0x79d,0x24df

Scan-only witness registry
  registry_count=16 registry_cap=16
  witness[00] tail=22 r61=21 gh60=0x7b18d66 W1=0x8cb,0x347e,0x16a1 W2=0x7d8,0x24a8,0xf33
  witness[01] tail=22 r61=22 gh60=0x4ef9d6e W1=0x1e4f,0x24b8,0x29b W2=0x1d5c,0x863,0x1783
  witness[02] tail=22 r61=22 gh60=0x5738766 W1=0x3bdb,0x28f9,0x23b1 W2=0x3ae8,0x1b24,0x1958
  witness[03] tail=23 r61=18 gh60=0x4a385e6 W1=0x249b,0x3b1a,0x84c W2=0x23a8,0x2ec7,0x25f1
  witness[04] tail=24 r61=16 gh60=0x488c4ae W1=0x1b30,0x3222,0x121a W2=0x1a3d,0x31c3,0x2421
  witness[05] tail=24 r61=20 gh60=0xc88dfa6 W1=0x1fbc,0x3b7,0x2862 W2=0x1ec9,0x2b6e,0xb5b
  witness[06] tail=24 r61=20 gh60=0xce9fb66 W1=0x2de4,0xa81,0x3008 W2=0x2cf1,0x2fe,0x35dd
  witness[07] tail=24 r61=21 gh60=0x5ae84a6 W1=0x3d03,0x174b,0x37ab W2=0x3c10,0x648,0x198b
  witness[08] tail=24 r61=23 gh60=0x47f4dbe W1=0x26b8,0xbd8,0x231a W2=0x25c5,0x13a0,0x1d47
  witness[09] tail=24 r61=23 gh60=0xcad857a W1=0x3a59,0x7ff,0x3ff2 W2=0x3966,0x2cb3,0x2d0
  witness[10] tail=25 r61=19 gh60=0x4a6cdaa W1=0x1872,0xeba,0x1e66 W2=0x177f,0x2896,0x15b7
  witness[11] tail=25 r61=19 gh60=0x48d4bba W1=0x35b6,0xcf0,0x3202 W2=0x34c3,0x1bfc,0x12ee
  witness[12] tail=25 r61=20 gh60=0x5e2849e W1=0xa07,0x36ec,0x98f W2=0x914,0x35f,0xcd5
  witness[13] tail=25 r61=22 gh60=0x4a9fd6a W1=0xe62,0x241a,0x3c6e W2=0xd6f,0x231e,0x23c1
  witness[14] tail=25 r61=24 gh60=0xf687c9a W1=0x2fea,0x35b0,0x279d W2=0x2ef7,0xeb5,0x1da0
  witness[15] tail=25 r61=26 gh60=0xce78c9a W1=0x2705,0xec0,0xbcb W2=0x2612,0x3286,0x237b

Scan-only r61 registry
  registry_count=16 registry_cap=16
  r61_witness[00] r61=12 tail=28 gh60=0x48884aa W1=0x2341,0x3e6d,0x21e2 W2=0x224e,0x79d,0x24df
  r61_witness[01] r61=14 tail=31 gh60=0xba08cee W1=0x180f,0x180d,0x3569 W2=0x171c,0x13f8,0x28a6
  r61_witness[02] r61=15 tail=28 gh60=0x461dcfa W1=0x1f1a,0x3f43,0x2b73 W2=0x1e27,0x23ff,0x17b9
  r61_witness[03] r61=15 tail=28 gh60=0xbd08d6a W1=0x285d,0x27d9,0xb88 W2=0x276a,0x3710,0x39d3
  r61_witness[04] r61=15 tail=28 gh60=0x4a884aa W1=0x32fd,0x1aa4,0x354d W2=0x320a,0x3110,0x2c59
  r61_witness[05] r61=15 tail=29 gh60=0x4a1bde6 W1=0xe93,0x881,0x36c5 W2=0xda0,0x2c49,0x1579
  r61_witness[06] r61=15 tail=29 gh60=0xc907b66 W1=0x314c,0x38d7,0x32e9 W2=0x3059,0x2e34,0x300e
  r61_witness[07] r61=15 tail=31 gh60=0x5a184fa W1=0x1d15,0x5de,0x1bcd W2=0x1c22,0x3f52,0x392f
  r61_witness[08] r61=15 tail=31 gh60=0x4e04be6 W1=0x258c,0x1e34,0x223a W2=0x2499,0x287f,0x10f7
  r61_witness[09] r61=15 tail=33 gh60=0x492c79e W1=0xbc8,0x25ad,0x33bf W2=0xad5,0x1fc5,0x2ed2
  r61_witness[10] r61=16 tail=24 gh60=0x488c4ae W1=0x1b30,0x3222,0x121a W2=0x1a3d,0x31c3,0x2421
  r61_witness[11] r61=16 tail=27 gh60=0x5a0c4ea W1=0x121e,0x2a08,0xaa9 W2=0x112b,0x3aaf,0x3c0f
  r61_witness[12] r61=16 tail=28 gh60=0x7899bba W1=0x1b5,0x2d85,0x2431 W2=0xc2,0x17d8,0x1480
  r61_witness[13] r61=16 tail=28 gh60=0xcc88caa W1=0x841,0xb4e,0x3dc8 W2=0x74e,0xcbd,0x66f
  r61_witness[14] r61=16 tail=29 gh60=0x4b844a6 W1=0x24ec,0x3d54,0x6fb W2=0x23f9,0x2c32,0x2411
  r61_witness[15] r61=16 tail=30 gh60=0x4a08fea W1=0x178d,0x3557,0x2ce W2=0x169a,0x34e6,0xf0a

D60=0 fiber histogram: 1:7986 2:4696 3:1831 4:1110 5:422 6:209 7:84 8:79 9:19 10:19 11:8 12:6 13:5 14:1 15:2 16:3 18:1
