free_word_mitm_reducedn
N=14 mask=0x3fff msb=0x2000
candidate: M0=0x3d36 mode=random-fallback fill=0x3fff kernel=dM0=dM9=0x2000
prefixes=32768/268435456 mode=permuted-prefix-sample w59_per_prefix=16384 total=536870912
run_mode=scan registry_cap=16
sample_start=22085632
scan_elapsed=15.302s rate=35.09 Mtriples/s

D60 interface
  D60=0 matches: 32546 (random expectation 32768.0, enrichment 0.993x)
  prefixes with D60=0: 16420
  max D60=0 fiber per prefix: 19 at W57=0x2d4f W58=0x13bc
  largest D60 bucket: D=0x2fce count=33941
  min D60 HW: 0
  D60 HW histogram: 0:32546 1:457926 2:2971691 3:11887255 4:32740541 5:65542785 6:98364461 7:112522436 8:98484826 9:65652823 10:32817797 11:11928557 12:2977119 13:457878 14:32271

Tail closure among D60=0 matches
  final tail collisions: 0
  best r61 HW: 14
  best r61 W1[57..59]=0x37a1,0x19ab,0x18c9
  best r61 W2[57..59]=0x36ae,0x2a2a,0x2d2f
  best tail HW: 22
  best tail r61 HW: 21
  best W1[57..59]=0x762,0x2aea,0x3fb4
  best W2[57..59]=0x66f,0x1222,0x2c6d

SUMMARY N=14 sample_start=22085632 prefixes=32768 total=536870912 d0=32546 best_tail=22 tail_r61=21 best_r61=14 tail_W1=0x762,0x2aea,0x3fb4 tail_W2=0x66f,0x1222,0x2c6d r61_W1=0x37a1,0x19ab,0x18c9 r61_W2=0x36ae,0x2a2a,0x2d2f

Scan-only witness registry
  registry_count=16 registry_cap=16
  witness[00] tail=22 r61=19 gh60=0x3a1849a W1=0x505,0x16b0,0x1421 W2=0x412,0x3cfd,0x2d16
  witness[01] tail=22 r61=21 gh60=0x4ba4f6a W1=0x762,0x2aea,0x3fb4 W2=0x66f,0x1222,0x2c6d
  witness[02] tail=23 r61=17 gh60=0x470cd6a W1=0x6ce,0x13c1,0x2770 W2=0x5db,0x1611,0x1864
  witness[03] tail=23 r61=19 gh60=0xce884a6 W1=0x29fb,0x3982,0x3de0 W2=0x2908,0x54d,0x18bb
  witness[04] tail=23 r61=26 gh60=0x59b9baa W1=0x3d71,0x3428,0xd72 W2=0x3c7e,0x36f3,0x13d1
  witness[05] tail=24 r61=18 gh60=0x7c9ddea W1=0x20a2,0x2112,0x3fef W2=0x1faf,0x2b06,0x481
  witness[06] tail=24 r61=19 gh60=0x4889ba6 W1=0x1bb,0x2a6f,0x1d13 W2=0xc8,0x2cb5,0x3c9e
  witness[07] tail=24 r61=23 gh60=0x4fbddaa W1=0x3ebe,0x393f,0xc W2=0x3dcb,0x3b1b,0x9aa
  witness[08] tail=25 r61=14 gh60=0x4a08fea W1=0x37a1,0x19ab,0x18c9 W2=0x36ae,0x2a2a,0x2d2f
  witness[09] tail=25 r61=19 gh60=0xc70bf66 W1=0x2fcb,0x17ea,0x3ddf W2=0x2ed8,0x2ea6,0xdbf
  witness[10] tail=25 r61=20 gh60=0xca3879e W1=0x3387,0x19ed,0x22d9 W2=0x3294,0x2482,0x1f57
  witness[11] tail=25 r61=22 gh60=0xf90db66 W1=0x1ddc,0x2f5a,0x3b79 W2=0x1ce9,0x3aab,0x226a
  witness[12] tail=25 r61=25 gh60=0xff27b66 W1=0xdd4,0xdc6,0x1a39 W2=0xce1,0x433,0x38f2
  witness[13] tail=26 r61=18 gh60=0x36687ba W1=0xb79,0x1935,0x1537 W2=0xa86,0x1c7f,0x2581
  witness[14] tail=26 r61=19 gh60=0xc9bccaa W1=0x92e,0x396e,0x2d7d W2=0x83b,0x3bee,0x26a3
  witness[15] tail=26 r61=20 gh60=0x593c76a W1=0x2bd2,0x27c9,0x3c7a W2=0x2adf,0x1434,0xc47

Scan-only r61 registry
  registry_count=16 registry_cap=16
  r61_witness[00] r61=14 tail=25 gh60=0x4a08fea W1=0x37a1,0x19ab,0x18c9 W2=0x36ae,0x2a2a,0x2d2f
  r61_witness[01] r61=15 tail=30 gh60=0x4a0449a W1=0x1d0a,0x3c34,0xf7b W2=0x1c17,0x3338,0x1f66
  r61_witness[02] r61=15 tail=31 gh60=0x4568da6 W1=0x6b3,0x2af5,0x35fd W2=0x5c0,0x2339,0x1430
  r61_witness[03] r61=15 tail=31 gh60=0x4e69f66 W1=0x1f63,0x946,0x22d W2=0x1e70,0x2b1e,0x36b7
  r61_witness[04] r61=15 tail=31 gh60=0xcb8bfaa W1=0x2fb1,0x1cfd,0x2334 W2=0x2ebe,0x814,0x219
  r61_witness[05] r61=15 tail=31 gh60=0x4a2c5a6 W1=0x3c84,0x144b,0x2b4f W2=0x3b91,0x3b21,0x1af6
  r61_witness[06] r61=15 tail=32 gh60=0x5e084e6 W1=0x1b0b,0x29a0,0x3894 W2=0x1a18,0x1d77,0x13b7
  r61_witness[07] r61=15 tail=35 gh60=0x3a387fa W1=0xb99,0x3af3,0x19e8 W2=0xaa6,0x3a43,0x727
  r61_witness[08] r61=16 tail=28 gh60=0x449859a W1=0x14a5,0x1c3c,0x2edd W2=0x13b2,0x19db,0x1287
  r61_witness[09] r61=16 tail=29 gh60=0x4898caa W1=0x92d,0x7a4,0x11fd W2=0x83a,0xa1f,0x3af4
  r61_witness[10] r61=16 tail=30 gh60=0xc907f66 W1=0xfdc,0x14b3,0x27af W2=0xee9,0x2960,0xd4e
  r61_witness[11] r61=16 tail=31 gh60=0x4a187e6 W1=0x338b,0x1d2a,0x206e W2=0x3298,0x1b77,0x1f4a
  r61_witness[12] r61=16 tail=32 gh60=0x4985fba W1=0x1f7a,0x36ab,0x1484 W2=0x1e87,0x2337,0x980
  r61_witness[13] r61=16 tail=33 gh60=0xc789bae W1=0x17f,0x2e1b,0x1f0b W2=0x8c,0x2492,0x2bbe
  r61_witness[14] r61=16 tail=33 gh60=0x46984ae W1=0x23ff,0x2fa5,0x3189 W2=0x230c,0x1fb5,0x846
  r61_witness[15] r61=16 tail=33 gh60=0x3a247e6 W1=0x2b94,0x7e1,0x2c3f W2=0x2aa1,0x353b,0x6e

D60=0 fiber histogram: 1:7956 2:4686 3:1811 4:1107 5:401 6:229 7:78 8:72 9:27 10:19 11:18 12:5 13:3 14:2 15:3 16:1 18:1 19:1
