free_word_mitm_reducedn
N=14 mask=0x3fff msb=0x2000
candidate: M0=0x3d36 mode=random-fallback fill=0x3fff kernel=dM0=dM9=0x2000
prefixes=32768/268435456 mode=permuted-prefix-sample w59_per_prefix=16384 total=536870912
run_mode=scan registry_cap=16
sample_start=47251456
scan_elapsed=15.402s rate=34.86 Mtriples/s

D60 interface
  D60=0 matches: 32262 (random expectation 32768.0, enrichment 0.985x)
  prefixes with D60=0: 16477
  max D60=0 fiber per prefix: 19 at W57=0x1885 W58=0x3d4f
  largest D60 bucket: D=0x2891 count=33857
  min D60 HW: 0
  D60 HW histogram: 0:32262 1:455002 2:2964315 3:11894519 4:32751790 5:65577358 6:98457593 7:112536651 8:98438495 9:65594843 10:32791066 11:11911121 12:2976874 13:456837 14:32186

Tail closure among D60=0 matches
  final tail collisions: 0
  best r61 HW: 14
  best r61 W1[57..59]=0x1e99,0x2270,0x222e
  best r61 W2[57..59]=0x1da6,0x34f,0x290
  best tail HW: 19
  best tail r61 HW: 16
  best W1[57..59]=0x29ba,0x627,0x7c
  best W2[57..59]=0x28c7,0x3123,0x2c9f

SUMMARY N=14 sample_start=47251456 prefixes=32768 total=536870912 d0=32262 best_tail=19 tail_r61=16 best_r61=14 tail_W1=0x29ba,0x627,0x7c tail_W2=0x28c7,0x3123,0x2c9f r61_W1=0x1e99,0x2270,0x222e r61_W2=0x1da6,0x34f,0x290

Scan-only witness registry
  registry_count=16 registry_cap=16
  witness[00] tail=19 r61=16 gh60=0x487cbba W1=0x29ba,0x627,0x7c W2=0x28c7,0x3123,0x2c9f
  witness[01] tail=21 r61=21 gh60=0xd6984aa W1=0x1b01,0x17d,0x242e W2=0x1a0e,0x18ad,0x702
  witness[02] tail=23 r61=18 gh60=0xce2bbfa W1=0x3199,0x802,0x1b25 W2=0x30a6,0x3199,0x3cbf
  witness[03] tail=23 r61=18 gh60=0xb918f66 W1=0x375b,0x3149,0x15e7 W2=0x3668,0x297b,0x48c
  witness[04] tail=23 r61=20 gh60=0xf7f849e W1=0x2507,0x364e,0x2a4a W2=0x2414,0x34b7,0x1d83
  witness[05] tail=24 r61=24 gh60=0x4e084ea W1=0x2d11,0x31d4,0x4c0 W2=0x2c1e,0x368a,0x13f
  witness[06] tail=24 r61=24 gh60=0xd9f8dea W1=0x3891,0x8fb,0x4b3 W2=0x379e,0x14de,0xf1b
  witness[07] tail=24 r61=25 gh60=0xd61c7fa W1=0x139a,0x3c35,0x3bd0 W2=0x12a7,0x3b7a,0x35c6
  witness[08] tail=25 r61=16 gh60=0xd9987a6 W1=0x23bb,0x2ec2,0x396c W2=0x22c8,0x1a87,0x233c
  witness[09] tail=25 r61=18 gh60=0xca6c49e W1=0xc08,0x3957,0x223a W2=0xb15,0x384b,0x26f7
  witness[10] tail=25 r61=18 gh60=0x370bb6a W1=0xdcd,0x332b,0x2597 W2=0xcda,0x1126,0x2951
  witness[11] tail=25 r61=18 gh60=0xcdebcba W1=0x2e39,0x1c3b,0x3d3c W2=0x2d46,0x38be,0x1663
  witness[12] tail=25 r61=19 gh60=0xca185ea W1=0xa91,0x304a,0x3aca W2=0x99e,0x2968,0xb87
  witness[13] tail=25 r61=19 gh60=0x4494daa W1=0x26ae,0x35e3,0x17e0 W2=0x25bb,0x364b,0x1e38
  witness[14] tail=25 r61=19 gh60=0x468c5ba W1=0x3c7a,0x283d,0x943 W2=0x3b87,0x27c8,0x30a6
  witness[15] tail=25 r61=22 gh60=0x7e0c79a W1=0x338a,0x2960,0x322b W2=0x3297,0x2bfa,0x3166

Scan-only r61 registry
  registry_count=16 registry_cap=16
  r61_witness[00] r61=14 tail=31 gh60=0x4e29dfa W1=0x1e99,0x2270,0x222e W2=0x1da6,0x34f,0x290
  r61_witness[01] r61=15 tail=29 gh60=0x4a08fee W1=0x79f,0x131d,0x19e4 W2=0x6ac,0x6e0,0x2c0
  r61_witness[02] r61=15 tail=31 gh60=0x4a08dea W1=0x168d,0x3f6b,0x30c4 W2=0x159a,0x214a,0x2b80
  r61_witness[03] r61=15 tail=31 gh60=0xd98bbaa W1=0x316d,0x18a2,0x2358 W2=0x307a,0x2e61,0x2a40
  r61_witness[04] r61=15 tail=32 gh60=0x5609bea W1=0x1d91,0x11f1,0xae1 W2=0x1c9e,0x12c0,0x3be0
  r61_witness[05] r61=15 tail=36 gh60=0x4908f66 W1=0x374b,0x2455,0x453 W2=0x3658,0x1b93,0x3adb
  r61_witness[06] r61=15 tail=37 gh60=0x4a885aa W1=0xc81,0x23c9,0x2543 W2=0xb8e,0x2361,0x2755
  r61_witness[07] r61=16 tail=19 gh60=0x487cbba W1=0x29ba,0x627,0x7c W2=0x28c7,0x3123,0x2c9f
  r61_witness[08] r61=16 tail=25 gh60=0xd9987a6 W1=0x23bb,0x2ec2,0x396c W2=0x22c8,0x1a87,0x233c
  r61_witness[09] r61=16 tail=26 gh60=0x3918766 W1=0x23db,0xc95,0x3cf W2=0x22e8,0x3c42,0x312f
  r61_witness[10] r61=16 tail=28 gh60=0xb617cea W1=0x301e,0x37cd,0x1c9e W2=0x2f2b,0x2ef1,0x167e
  r61_witness[11] r61=16 tail=30 gh60=0x4a187a6 W1=0xb83,0x143,0xc54 W2=0xa90,0x2da8,0x2bf4
  r61_witness[12] r61=16 tail=31 gh60=0xc4984ae W1=0xc3f,0x3cb9,0x1c7e W2=0xb4c,0x2bc9,0x2dac
  r61_witness[13] r61=16 tail=31 gh60=0x45885a6 W1=0xcab,0x2baa,0x1bcc W2=0xbb8,0x21dd,0x3309
  r61_witness[14] r61=16 tail=31 gh60=0x4a05f9a W1=0x3f8a,0x3fa9,0xaa2 W2=0x3e97,0x2a82,0x1fc3
  r61_witness[15] r61=16 tail=32 gh60=0x4b0dd6a W1=0x1ede,0x1708,0x19cc W2=0x1deb,0x12cc,0x3618

D60=0 fiber histogram: 1:8021 2:4751 3:1825 4:1089 5:357 6:218 7:78 8:79 9:17 10:21 11:6 12:6 13:2 14:2 15:1 16:3 19:1
