free_word_mitm_reducedn
N=14 mask=0x3fff msb=0x2000
candidate: M0=0x3d36 mode=random-fallback fill=0x3fff kernel=dM0=dM9=0x2000
prefixes=32768/268435456 mode=permuted-prefix-sample w59_per_prefix=16384 total=536870912
run_mode=scan registry_cap=16
sample_start=90079232
scan_elapsed=19.821s rate=27.09 Mtriples/s

D60 interface
  D60=0 matches: 32605 (random expectation 32768.0, enrichment 0.995x)
  prefixes with D60=0: 16547
  max D60=0 fiber per prefix: 16 at W57=0x2ddc W58=0x12a3
  largest D60 bucket: D=0x19a7 count=33865
  min D60 HW: 0
  D60 HW histogram: 0:32605 1:455018 2:2966032 3:11883184 4:32738617 5:65560906 6:98454487 7:112593964 8:98487097 9:65613955 10:32745506 11:11884518 12:2967256 13:455402 14:32365

Tail closure among D60=0 matches
  final tail collisions: 0
  best r61 HW: 15
  best r61 W1[57..59]=0x27da,0x21f5,0xa09
  best r61 W2[57..59]=0x26e7,0xa0d,0x1722
  best tail HW: 22
  best tail r61 HW: 21
  best W1[57..59]=0x3773,0x710,0x2ab7
  best W2[57..59]=0x3680,0x3ce4,0x22b0

SUMMARY N=14 sample_start=90079232 prefixes=32768 total=536870912 d0=32605 best_tail=22 tail_r61=21 best_r61=15 tail_W1=0x3773,0x710,0x2ab7 tail_W2=0x3680,0x3ce4,0x22b0 r61_W1=0x27da,0x21f5,0xa09 r61_W2=0x26e7,0xa0d,0x1722

Scan-only witness registry
  registry_count=16 registry_cap=16
  witness[00] tail=22 r61=20 gh60=0xbb38f7a W1=0x759,0x2b29,0x31bf W2=0x666,0x274c,0x1764
  witness[01] tail=22 r61=21 gh60=0xc6b8fa6 W1=0x3773,0x710,0x2ab7 W2=0x3680,0x3ce4,0x22b0
  witness[02] tail=23 r61=18 gh60=0x4d8c5ba W1=0x32ba,0x183c,0x2fbc W2=0x31c7,0x135b,0x6b7
  witness[03] tail=23 r61=21 gh60=0xde884aa W1=0x1cfd,0x10c,0x2b01 W2=0x1c0a,0x1578,0x1c26
  witness[04] tail=24 r61=17 gh60=0x36e879a W1=0xb65,0x187,0x1a81 W2=0xa72,0x33dc,0x1bb3
  witness[05] tail=24 r61=25 gh60=0xb5884ae W1=0x1a2f,0x8da,0x2e6d W2=0x193c,0x47a,0x2a51
  witness[06] tail=24 r61=26 gh60=0xc9a8fba W1=0x1779,0x2bec,0x2462 W2=0x1686,0x3a73,0x26ab
  witness[07] tail=25 r61=16 gh60=0x4a084ee W1=0x21f,0x77e,0x2637 W2=0x12c,0x3318,0x943
  witness[08] tail=25 r61=17 gh60=0xcb94cae W1=0x2930,0x1b65,0x9e5 W2=0x283d,0x5c5,0x1abf
  witness[09] tail=25 r61=18 gh60=0x78b84be W1=0x2b37,0x385e,0x1976 W2=0x2a44,0x36fc,0x38fc
  witness[10] tail=25 r61=23 gh60=0x5b6849a W1=0xb29,0x533,0x181f W2=0xa36,0x2d00,0x296f
  witness[11] tail=25 r61=27 gh60=0x4b97bae W1=0xdb0,0x214e,0xf59 W2=0xcbd,0x35e,0x270f
  witness[12] tail=26 r61=16 gh60=0x4a07cfa W1=0x101a,0x34f4,0x3b7a W2=0xf27,0x1e8,0x1ec9
  witness[13] tail=26 r61=17 gh60=0x4b28b7a W1=0x555,0x2779,0x1258 W2=0x462,0x1578,0x53a
  witness[14] tail=26 r61=17 gh60=0x7788daa W1=0x871,0xc87,0xbf0 W2=0x77e,0x76e,0x32f1
  witness[15] tail=26 r61=17 gh60=0x493cf7a W1=0x1756,0x3ca6,0x1e9c W2=0x1663,0x10c2,0x1acb

Scan-only r61 registry
  registry_count=16 registry_cap=16
  r61_witness[00] r61=15 tail=28 gh60=0x4904f7a W1=0x27da,0x21f5,0xa09 W2=0x26e7,0xa0d,0x1722
  r61_witness[01] r61=15 tail=28 gh60=0x46e4b6a W1=0x29d2,0x1bee,0x233b W2=0x28df,0x1fa,0x2f2a
  r61_witness[02] r61=16 tail=25 gh60=0x4a084ee W1=0x21f,0x77e,0x2637 W2=0x12c,0x3318,0x943
  r61_witness[03] r61=16 tail=26 gh60=0x4a07cfa W1=0x101a,0x34f4,0x3b7a W2=0xf27,0x1e8,0x1ec9
  r61_witness[04] r61=16 tail=28 gh60=0xb889fa6 W1=0x1fbb,0x2474,0x1a71 W2=0x1ec8,0x83a,0xbd2
  r61_witness[05] r61=16 tail=28 gh60=0xcb0856a W1=0x2a51,0x2946,0x3d3f W2=0x295e,0x2bf4,0x21f8
  r61_witness[06] r61=16 tail=29 gh60=0xda08cea W1=0x180d,0x700,0x1d6d W2=0x171a,0x1ac7,0x188e
  r61_witness[07] r61=16 tail=31 gh60=0x4b08566 W1=0x2a4b,0xa4b,0x165b W2=0x2958,0x1c76,0x1cf3
  r61_witness[08] r61=16 tail=33 gh60=0x3f1c56a W1=0x1c5e,0xe0b,0x2092 W2=0x1b6b,0x220a,0x201d
  r61_witness[09] r61=16 tail=34 gh60=0x460bcea W1=0x110d,0x33cc,0x207d W2=0x101a,0x2143,0x3bad
  r61_witness[10] r61=16 tail=35 gh60=0x4904b7a W1=0x295a,0x2731,0x19d9 W2=0x2867,0x1421,0x2f3a
  r61_witness[11] r61=16 tail=40 gh60=0x4888baa W1=0x39ad,0x2819,0x8f7 W2=0x38ba,0x246c,0x1975
  r61_witness[12] r61=17 tail=24 gh60=0x36e879a W1=0xb65,0x187,0x1a81 W2=0xa72,0x33dc,0x1bb3
  r61_witness[13] r61=17 tail=25 gh60=0xcb94cae W1=0x2930,0x1b65,0x9e5 W2=0x283d,0x5c5,0x1abf
  r61_witness[14] r61=17 tail=26 gh60=0x4b28b7a W1=0x555,0x2779,0x1258 W2=0x462,0x1578,0x53a
  r61_witness[15] r61=17 tail=26 gh60=0x7788daa W1=0x871,0xc87,0xbf0 W2=0x77e,0x76e,0x32f1

D60=0 fiber histogram: 1:7945 2:4857 3:1818 4:1092 5:413 6:204 7:72 8:76 9:34 10:14 11:3 12:12 13:3 14:1 15:1 16:2
