free_word_mitm_reducedn
N=14 mask=0x3fff msb=0x2000
candidate: M0=0x3d36 mode=random-fallback fill=0x3fff kernel=dM0=dM9=0x2000
prefixes=32768/268435456 mode=permuted-prefix-sample w59_per_prefix=16384 total=536870912
run_mode=scan registry_cap=16
sample_start=249462784
scan_elapsed=19.738s rate=27.20 Mtriples/s

D60 interface
  D60=0 matches: 32117 (random expectation 32768.0, enrichment 0.980x)
  prefixes with D60=0: 16408
  max D60=0 fiber per prefix: 18 at W57=0x585 W58=0x3816
  largest D60 bucket: D=0x254f count=33806
  min D60 HW: 0
  D60 HW histogram: 0:32117 1:456047 2:2974305 3:11922519 4:32777387 5:65605402 6:98450361 7:112516061 8:98430302 9:65576926 10:32759129 11:11907143 12:2972298 13:458287 14:32628

Tail closure among D60=0 matches
  final tail collisions: 0
  best r61 HW: 13
  best r61 W1[57..59]=0xe6c,0x3ac4,0x2f19
  best r61 W2[57..59]=0xd79,0x1fb,0x356d
  best tail HW: 19
  best tail r61 HW: 19
  best W1[57..59]=0x1920,0x981,0x3bf3
  best W2[57..59]=0x182d,0x259,0x2400

SUMMARY N=14 sample_start=249462784 prefixes=32768 total=536870912 d0=32117 best_tail=19 tail_r61=19 best_r61=13 tail_W1=0x1920,0x981,0x3bf3 tail_W2=0x182d,0x259,0x2400 r61_W1=0xe6c,0x3ac4,0x2f19 r61_W2=0xd79,0x1fb,0x356d

Scan-only witness registry
  registry_count=16 registry_cap=16
  witness[00] tail=19 r61=19 gh60=0xbe1ccee W1=0x1920,0x981,0x3bf3 W2=0x182d,0x259,0x2400
  witness[01] tail=21 r61=16 gh60=0x4a24ca6 W1=0x2804,0x7d6,0xc9d W2=0x2711,0x2213,0x1fdb
  witness[02] tail=22 r61=16 gh60=0x44b44ae W1=0x3430,0x994,0x32ab W2=0x333d,0x3735,0x31ca
  witness[03] tail=22 r61=20 gh60=0x45f5c9e W1=0x3f08,0x3961,0x20e7 W2=0x3e15,0x296,0x884
  witness[04] tail=24 r61=13 gh60=0x4687da6 W1=0xe6c,0x3ac4,0x2f19 W2=0xd79,0x1fb,0x356d
  witness[05] tail=24 r61=17 gh60=0xba184ea W1=0x2a21,0x1c7f,0x162f W2=0x292e,0x2079,0x279a
  witness[06] tail=24 r61=18 gh60=0x4bf456a W1=0x4ce,0x29d1,0xe8d W2=0x3db,0x2a80,0x1750
  witness[07] tail=24 r61=19 gh60=0x4a64566 W1=0x1a64,0xa93,0x3a6e W2=0x1971,0xcdd,0x48a
  witness[08] tail=24 r61=22 gh60=0xdfb8fae W1=0x37bf,0x3243,0x893 W2=0x36cc,0x388a,0x30f8
  witness[09] tail=24 r61=27 gh60=0xdb7ccaa W1=0x1642,0x70,0x12a8 W2=0x154f,0x1904,0x351d
  witness[10] tail=25 r61=17 gh60=0xca084e6 W1=0xb1b,0x39d3,0x35e W2=0xa28,0x179a,0x2830
  witness[11] tail=25 r61=20 gh60=0xd508d6a W1=0x8e1,0x14df,0x383a W2=0x7ee,0x143a,0x141e
  witness[12] tail=25 r61=21 gh60=0x49d449e W1=0x3d28,0x16c1,0x3a38 W2=0x3c35,0x34eb,0x3cb2
  witness[13] tail=25 r61=22 gh60=0xce37dea W1=0x309e,0x135d,0x2d6c W2=0x2fab,0x3ab1,0x2cf6
  witness[14] tail=25 r61=24 gh60=0xd93476e W1=0x3d0,0xf21,0x1a70 W2=0x2dd,0x360,0x212c
  witness[15] tail=25 r61=24 gh60=0xf4b9daa W1=0x20b1,0x1a95,0x245e W2=0x1fbe,0x126c,0xecf

Scan-only r61 registry
  registry_count=16 registry_cap=16
  r61_witness[00] r61=13 tail=24 gh60=0x4687da6 W1=0xe6c,0x3ac4,0x2f19 W2=0xd79,0x1fb,0x356d
  r61_witness[01] r61=14 tail=29 gh60=0x4489caa W1=0x3e31,0x1134,0x218c W2=0x3d3e,0x1733,0x296a
  r61_witness[02] r61=15 tail=28 gh60=0x4b58dba W1=0x26b9,0x2a3e,0x3bcb W2=0x25c6,0xa15,0x21a4
  r61_witness[03] r61=15 tail=28 gh60=0xda084e6 W1=0x3b0b,0x603,0x3d7a W2=0x3a18,0x37da,0xb9c
  r61_witness[04] r61=15 tail=30 gh60=0xca0bbe6 W1=0xd8b,0x2c74,0x3759 W2=0xc98,0x1f3c,0x367b
  r61_witness[05] r61=16 tail=21 gh60=0x4a24ca6 W1=0x2804,0x7d6,0xc9d W2=0x2711,0x2213,0x1fdb
  r61_witness[06] r61=16 tail=22 gh60=0x44b44ae W1=0x3430,0x994,0x32ab W2=0x333d,0x3735,0x31ca
  r61_witness[07] r61=16 tail=28 gh60=0x549bda6 W1=0x10b3,0x174e,0x23c3 W2=0xfc0,0x1818,0x3baa
  r61_witness[08] r61=16 tail=31 gh60=0x4a77bba W1=0x3176,0x313f,0xfd8 W2=0x3083,0x1b13,0x238c
  r61_witness[09] r61=16 tail=33 gh60=0x7b887a6 W1=0xbbb,0x16c8,0x2e1e W2=0xac8,0x20b,0x3436
  r61_witness[10] r61=16 tail=33 gh60=0xc90876e W1=0xbdf,0x3bc3,0x22eb W2=0xaec,0x32ed,0x73d
  r61_witness[11] r61=16 tail=33 gh60=0x490c49a W1=0x2d4a,0x3923,0x1324 W2=0x2c57,0x1fa7,0x284a
  r61_witness[12] r61=17 tail=24 gh60=0xba184ea W1=0x2a21,0x1c7f,0x162f W2=0x292e,0x2079,0x279a
  r61_witness[13] r61=17 tail=25 gh60=0xca084e6 W1=0xb1b,0x39d3,0x35e W2=0xa28,0x179a,0x2830
  r61_witness[14] r61=17 tail=27 gh60=0xce87c9a W1=0xeea,0x1e28,0x9e6 W2=0xdf7,0x30ed,0x3b4e
  r61_witness[15] r61=17 tail=28 gh60=0x45abc9a W1=0xde5,0x2307,0x2adb W2=0xcf2,0x35d3,0x283d

D60=0 fiber histogram: 1:8060 2:4653 3:1820 4:1037 5:411 6:208 7:75 8:79 9:24 10:20 11:6 12:7 13:2 14:3 15:1 16:1 18:1
