free_word_mitm_reducedn
N=14 mask=0x3fff msb=0x2000
candidate: M0=0x3d36 mode=random-fallback fill=0x3fff kernel=dM0=dM9=0x2000
prefixes=32768/268435456 mode=permuted-prefix-sample w59_per_prefix=16384 total=536870912
run_mode=scan registry_cap=16
sample_start=22970368
scan_elapsed=19.673s rate=27.29 Mtriples/s

D60 interface
  D60=0 matches: 32302 (random expectation 32768.0, enrichment 0.986x)
  prefixes with D60=0: 16435
  max D60=0 fiber per prefix: 18 at W57=0x525 W58=0x28c7
  largest D60 bucket: D=0x31ea count=33728
  min D60 HW: 0
  D60 HW histogram: 0:32302 1:456483 2:2972865 3:11914722 4:32805375 5:65655385 6:98458047 7:112505698 8:98416163 9:65540485 10:32742192 11:11902134 12:2977592 13:458349 14:33120

Tail closure among D60=0 matches
  final tail collisions: 0
  best r61 HW: 14
  best r61 W1[57..59]=0x148d,0x2d66,0x4dd
  best r61 W2[57..59]=0x139a,0xd84,0x2cdb
  best tail HW: 22
  best tail r61 HW: 14
  best W1[57..59]=0x2b39,0x41c,0xc07
  best W2[57..59]=0x2a46,0x2ada,0x245a

SUMMARY N=14 sample_start=22970368 prefixes=32768 total=536870912 d0=32302 best_tail=22 tail_r61=14 best_r61=14 tail_W1=0x2b39,0x41c,0xc07 tail_W2=0x2a46,0x2ada,0x245a r61_W1=0x148d,0x2d66,0x4dd r61_W2=0x139a,0xd84,0x2cdb

Scan-only witness registry
  registry_count=16 registry_cap=16
  witness[00] tail=22 r61=14 gh60=0xc8a84ba W1=0x2b39,0x41c,0xc07 W2=0x2a46,0x2ada,0x245a
  witness[01] tail=22 r61=19 gh60=0x4534c9a W1=0x646,0x36a8,0x2238 W2=0x553,0x1fbf,0x3a92
  witness[02] tail=23 r61=23 gh60=0x56384ea W1=0xb11,0x1dda,0x98d W2=0xa1e,0x2310,0x2bb9
  witness[03] tail=23 r61=26 gh60=0x4b9c5ea W1=0x1aa2,0x3c7b,0x716 W2=0x19af,0x172e,0x385b
  witness[04] tail=24 r61=18 gh60=0xc8ac49a W1=0x2326,0x143d,0x573 W2=0x2233,0x3c55,0x33dd
  witness[05] tail=24 r61=20 gh60=0x388c7a6 W1=0x2bbc,0x189c,0x3b5b W2=0x2ac9,0x1d0,0x1407
  witness[06] tail=24 r61=21 gh60=0xbeafd6a W1=0x2ee2,0x27b8,0x95b W2=0x2def,0x259c,0x29fe
  witness[07] tail=24 r61=21 gh60=0xdbe8dba W1=0x38b9,0x1fa1,0x35cf W2=0x37c6,0x97c,0x260d
  witness[08] tail=24 r61=22 gh60=0xc8accba W1=0x3736,0xcdd,0x33a1 W2=0x3643,0xe1,0x25fb
  witness[09] tail=25 r61=17 gh60=0xd714b6e W1=0x2560,0x3546,0x2cd5 W2=0x246d,0x2752,0x6ea
  witness[10] tail=25 r61=19 gh60=0xc49c4aa W1=0x143e,0xad5,0x63c W2=0x134b,0x2186,0x2695
  witness[11] tail=25 r61=19 gh60=0xba884aa W1=0x19fd,0x2694,0xf3f W2=0x190a,0x39c0,0x21a1
  witness[12] tail=25 r61=19 gh60=0x4e3c4ea W1=0x2b1e,0x1f3b,0x2843 W2=0x2a2b,0x2b36,0x2878
  witness[13] tail=25 r61=19 gh60=0xc798daa W1=0x3681,0x222c,0x22f7 W2=0x358e,0x3303,0x263e
  witness[14] tail=25 r61=20 gh60=0xc60c5ee W1=0x1c90,0x1051,0x61 W2=0x1b9d,0x614,0x2bd
  witness[15] tail=25 r61=21 gh60=0xcc8bcae W1=0x2e2f,0x2486,0x551 W2=0x2d3c,0x16d,0x1883

Scan-only r61 registry
  registry_count=16 registry_cap=16
  r61_witness[00] r61=14 tail=22 gh60=0xc8a84ba W1=0x2b39,0x41c,0xc07 W2=0x2a46,0x2ada,0x245a
  r61_witness[01] r61=14 tail=29 gh60=0x46185ea W1=0x148d,0x2d66,0x4dd W2=0x139a,0xd84,0x2cdb
  r61_witness[02] r61=15 tail=29 gh60=0xca08cea W1=0x161d,0x3f96,0x842 W2=0x152a,0x1a49,0x3c7f
  r61_witness[03] r61=15 tail=30 gh60=0xcd0cd6e W1=0x26e0,0x3697,0xa21 W2=0x25ed,0x1fdb,0x3103
  r61_witness[04] r61=16 tail=27 gh60=0xd504d9a W1=0x8ca,0x150,0x3be1 W2=0x7d7,0x2c7b,0x1b9e
  r61_witness[05] r61=16 tail=29 gh60=0xc8e8c9a W1=0x725,0x2d25,0x8db W2=0x632,0x102f,0x38b2
  r61_witness[06] r61=16 tail=29 gh60=0x4a185ea W1=0x22a1,0x2014,0x17c W2=0x21ae,0x19a6,0x3c70
  r61_witness[07] r61=16 tail=30 gh60=0x360bbee W1=0x2d8f,0x3a6,0x19a0 W2=0x2c9c,0x3039,0x3beb
  r61_witness[08] r61=16 tail=32 gh60=0xc91cfa6 W1=0x27c4,0x1a45,0xe2 W2=0x26d1,0x3faa,0x380
  r61_witness[09] r61=16 tail=36 gh60=0x488bca6 W1=0xf3b,0x3262,0x3590 W2=0xe48,0x4e8,0x10e
  r61_witness[10] r61=16 tail=37 gh60=0x4c84cba W1=0x183a,0x1054,0x2d0d W2=0x1747,0x24c,0x1a27
  r61_witness[11] r61=16 tail=38 gh60=0xc5985aa W1=0xcad,0x39c1,0x2e2b W2=0xbba,0x7d5,0x244d
  r61_witness[12] r61=17 tail=25 gh60=0xd714b6e W1=0x2560,0x3546,0x2cd5 W2=0x246d,0x2752,0x6ea
  r61_witness[13] r61=17 tail=26 gh60=0xba084ee W1=0x1a1f,0x27fb,0x298e W2=0x192c,0x2711,0x1b17
  r61_witness[14] r61=17 tail=26 gh60=0x4954cbe W1=0x3938,0x30e4,0x2547 W2=0x3845,0xac8,0x26fe
  r61_witness[15] r61=17 tail=27 gh60=0x4618ce6 W1=0x260b,0x2e13,0x23f8 W2=0x2518,0x3d35,0x38c0

D60=0 fiber histogram: 1:8066 2:4634 3:1766 4:1130 5:406 6:217 7:84 8:62 9:28 10:21 11:9 12:3 13:2 14:1 15:2 16:2 17:1 18:1
