free_word_mitm_reducedn
N=14 mask=0x3fff msb=0x2000
candidate: M0=0x3d36 mode=random-fallback fill=0x3fff kernel=dM0=dM9=0x2000
prefixes=32768/268435456 mode=permuted-prefix-sample w59_per_prefix=16384 total=536870912
run_mode=scan registry_cap=16
sample_start=73302016
scan_elapsed=19.815s rate=27.09 Mtriples/s

D60 interface
  D60=0 matches: 32549 (random expectation 32768.0, enrichment 0.993x)
  prefixes with D60=0: 16524
  max D60=0 fiber per prefix: 20 at W57=0x3df4 W58=0x3116
  largest D60 bucket: D=0x85c count=33723
  min D60 HW: 0
  D60 HW histogram: 0:32549 1:457977 2:2983030 3:11927858 4:32803053 5:65611259 6:98439815 7:112480046 8:98419337 9:65578587 10:32764864 11:11905655 12:2976324 13:457934 14:32624

Tail closure among D60=0 matches
  final tail collisions: 0
  best r61 HW: 14
  best r61 W1[57..59]=0xd5e,0x1d35,0xd6e
  best r61 W2[57..59]=0xc6b,0xc25,0x2c60
  best tail HW: 21
  best tail r61 HW: 19
  best W1[57..59]=0x25f3,0x12ba,0x1518
  best W2[57..59]=0x2500,0x366,0x29de

SUMMARY N=14 sample_start=73302016 prefixes=32768 total=536870912 d0=32549 best_tail=21 tail_r61=19 best_r61=14 tail_W1=0x25f3,0x12ba,0x1518 tail_W2=0x2500,0x366,0x29de r61_W1=0xd5e,0x1d35,0xd6e r61_W2=0xc6b,0xc25,0x2c60

Scan-only witness registry
  registry_count=16 registry_cap=16
  witness[00] tail=21 r61=19 gh60=0x4598ca6 W1=0x25f3,0x12ba,0x1518 W2=0x2500,0x366,0x29de
  witness[01] tail=22 r61=16 gh60=0x448ccae W1=0x2630,0xd8,0x31c W2=0x253d,0x2138,0x1c17
  witness[02] tail=23 r61=23 gh60=0xd9287a6 W1=0x1bc3,0xe32,0x2fd6 W2=0x1ad0,0x727,0x1286
  witness[03] tail=24 r61=15 gh60=0xca88fa6 W1=0x76b,0xb9c,0xf34 W2=0x678,0x3260,0x1caf
  witness[04] tail=24 r61=18 gh60=0x48784aa W1=0x2b2d,0x3665,0x3c81 W2=0x2a3a,0x3ce1,0x3bb9
  witness[05] tail=24 r61=20 gh60=0x49ebc9a W1=0x3149,0x2200,0x155c W2=0x3056,0x3a90,0x3d4e
  witness[06] tail=24 r61=21 gh60=0x4ab85aa W1=0x3281,0x1570,0x3eb5 W2=0x318e,0x2008,0xfae
  witness[07] tail=25 r61=19 gh60=0x56045e6 W1=0x129c,0x41d,0xd3e W2=0x11a9,0x24c7,0x3fdb
  witness[08] tail=25 r61=19 gh60=0x4e0bce6 W1=0x310b,0x218,0x76d W2=0x3018,0x29a8,0x1cf3
  witness[09] tail=25 r61=20 gh60=0x5a0ffe6 W1=0x2f9c,0x3b9a,0x32ee W2=0x2ea9,0x16db,0x2024
  witness[10] tail=25 r61=20 gh60=0x47a4ca6 W1=0x3734,0x2934,0x1e78 W2=0x3641,0x2461,0x841
  witness[11] tail=25 r61=22 gh60=0x7ae4d66 W1=0x28d4,0x2953,0x1bfe W2=0x27e1,0x3e16,0xeba
  witness[12] tail=25 r61=23 gh60=0x38acbaa W1=0x5b2,0x1f6a,0xe9b W2=0x4bf,0xfb6,0x121e
  witness[13] tail=25 r61=23 gh60=0xcb07d66 W1=0x2ecc,0x2ff3,0x3d43 W2=0x2dd9,0x38c0,0x3b54
  witness[14] tail=25 r61=23 gh60=0xfb37f6a W1=0x2fde,0x1ebf,0x1a88 W2=0x2eeb,0xdcf,0x309f
  witness[15] tail=25 r61=31 gh60=0xb994fae W1=0x770,0xa3,0xbdb W2=0x67d,0x377b,0x113c

Scan-only r61 registry
  registry_count=16 registry_cap=16
  r61_witness[00] r61=14 tail=31 gh60=0xce08ce6 W1=0x381b,0x1e55,0x2518 W2=0x3728,0x1ae7,0x1072
  r61_witness[01] r61=14 tail=33 gh60=0x7917b6a W1=0xd5e,0x1d35,0xd6e W2=0xc6b,0xc25,0x2c60
  r61_witness[02] r61=14 tail=35 gh60=0x4e04de6 W1=0x269c,0x2bde,0x30e4 W2=0x25a9,0x60d,0xb81
  r61_witness[03] r61=15 tail=24 gh60=0xca88fa6 W1=0x76b,0xb9c,0xf34 W2=0x678,0x3260,0x1caf
  r61_witness[04] r61=15 tail=30 gh60=0x4705d66 W1=0x3ecc,0xb0d,0x319 W2=0x3dd9,0x1ed6,0x32
  r61_witness[05] r61=15 tail=32 gh60=0x4b08b6a W1=0x195d,0x59f,0x3413 W2=0x186a,0x3ca,0x248d
  r61_witness[06] r61=15 tail=32 gh60=0x488449a W1=0x1d2a,0xa4b,0xa96 W2=0x1c37,0x91,0xa38
  r61_witness[07] r61=15 tail=33 gh60=0x44e44e6 W1=0x2c24,0x3c65,0x3f42 W2=0x2b31,0x1ddb,0x15c7
  r61_witness[08] r61=15 tail=37 gh60=0x48a8cba W1=0x3735,0x1328,0x2a10 W2=0x3642,0x727,0x3265
  r61_witness[09] r61=15 tail=38 gh60=0x4a29cfa W1=0x3f15,0x6cd,0x158e W2=0x3e22,0x2bc0,0x3d05
  r61_witness[10] r61=16 tail=22 gh60=0x448ccae W1=0x2630,0xd8,0x31c W2=0x253d,0x2138,0x1c17
  r61_witness[11] r61=16 tail=26 gh60=0x48887ae W1=0x23bf,0x1882,0x2a54 W2=0x22cc,0x13ca,0x11e4
  r61_witness[12] r61=16 tail=27 gh60=0x590bf6a W1=0xfcd,0x21f7,0x3e3c W2=0xeda,0x3f12,0x269b
  r61_witness[13] r61=16 tail=27 gh60=0x38a44aa W1=0x2d32,0x2bdf,0x35e1 W2=0x2c3f,0x3024,0x3df
  r61_witness[14] r61=16 tail=28 gh60=0xc8884ae W1=0x2d3f,0x2f36,0x219c W2=0x2c4c,0xc46,0x2ab5
  r61_witness[15] r61=16 tail=30 gh60=0xca084e6 W1=0x121b,0xf46,0x24e4 W2=0x1128,0x2c17,0x182

D60=0 fiber histogram: 1:8012 2:4778 3:1789 4:1098 5:413 6:218 7:77 8:60 9:33 10:22 11:7 12:6 13:5 14:3 17:1 20:2
