free_word_mitm_reducedn
N=14 mask=0x3fff msb=0x2000
candidate: M0=0x3d36 mode=random-fallback fill=0x3fff kernel=dM0=dM9=0x2000
prefixes=32768/268435456 mode=permuted-prefix-sample w59_per_prefix=16384 total=536870912
run_mode=scan registry_cap=16
sample_start=136708096
scan_elapsed=16.704s rate=32.14 Mtriples/s

D60 interface
  D60=0 matches: 32514 (random expectation 32768.0, enrichment 0.992x)
  prefixes with D60=0: 16621
  max D60=0 fiber per prefix: 19 at W57=0x125b W58=0x1c23
  largest D60 bucket: D=0x2bda count=33832
  min D60 HW: 0
  D60 HW histogram: 0:32514 1:458160 2:2979040 3:11920602 4:32801233 5:65610250 6:98473420 7:112487444 8:98391163 9:65559703 10:32773431 11:11914344 12:2978290 13:458662 14:32656

Tail closure among D60=0 matches
  final tail collisions: 0
  best r61 HW: 14
  best r61 W1[57..59]=0x1478,0x2ce1,0x1f07
  best r61 W2[57..59]=0x1385,0x418,0x15cb
  best tail HW: 19
  best tail r61 HW: 20
  best W1[57..59]=0x334e,0x20db,0x3b0f
  best W2[57..59]=0x325b,0x323e,0x6c4

SUMMARY N=14 sample_start=136708096 prefixes=32768 total=536870912 d0=32514 best_tail=19 tail_r61=20 best_r61=14 tail_W1=0x334e,0x20db,0x3b0f tail_W2=0x325b,0x323e,0x6c4 r61_W1=0x1478,0x2ce1,0x1f07 r61_W2=0x1385,0x418,0x15cb

Scan-only witness registry
  registry_count=16 registry_cap=16
  witness[00] tail=19 r61=18 gh60=0x5a08cee W1=0x360f,0x15b6,0x2c90 W2=0x351c,0x17a1,0x69
  witness[01] tail=19 r61=20 gh60=0xc91476a W1=0x334e,0x20db,0x3b0f W2=0x325b,0x323e,0x6c4
  witness[02] tail=21 r61=15 gh60=0x548459a W1=0xaaa,0x2951,0x14be W2=0x9b7,0x1503,0x3b2a
  witness[03] tail=21 r61=15 gh60=0xc48cdaa W1=0x26ae,0x21dc,0x3ae3 W2=0x25bb,0x2244,0x2e48
  witness[04] tail=22 r61=17 gh60=0xc7d4d9a W1=0x6c6,0x3f16,0x2bb6 W2=0x5d3,0x204d,0x2890
  witness[05] tail=23 r61=15 gh60=0x499bcaa W1=0xf2d,0x68d,0x1e8a W2=0xe3a,0x3988,0x52f
  witness[06] tail=23 r61=21 gh60=0x5ee859e W1=0x4c7,0x2c82,0x37d2 W2=0x3d4,0x3287,0x3640
  witness[07] tail=23 r61=21 gh60=0xdcbc4aa W1=0x142e,0x3f57,0x420 W2=0x133b,0x1718,0x1fc8
  witness[08] tail=23 r61=22 gh60=0xcc8c4a6 W1=0x42c,0xa9,0x2b14 W2=0x339,0x3d07,0x1377
  witness[09] tail=24 r61=21 gh60=0xcb04566 W1=0x4dc,0x2e7d,0x2cc0 W2=0x3e9,0x1f93,0x1897
  witness[10] tail=24 r61=22 gh60=0xfad9d9e W1=0x20c7,0x1de5,0x194f W2=0x1fd4,0x1e71,0x3c24
  witness[11] tail=25 r61=14 gh60=0x4988ba6 W1=0x57b,0x1d93,0x1807 W2=0x488,0x25c7,0x1915
  witness[12] tail=25 r61=17 gh60=0x7ad7d9a W1=0x30c6,0xf0b,0x3807 W2=0x2fd3,0x13c4,0x33d8
  witness[13] tail=25 r61=21 gh60=0x7a8c5aa W1=0xa7e,0x3ddc,0x2dda W2=0x98b,0x3be5,0x1c40
  witness[14] tail=25 r61=21 gh60=0xf8844a6 W1=0x333c,0x2c68,0x187b W2=0x3249,0xab6,0x12f8
  witness[15] tail=25 r61=21 gh60=0xc6f85a6 W1=0x34c3,0x269,0xf99 W2=0x33d0,0x26bc,0x1cac

Scan-only r61 registry
  registry_count=16 registry_cap=16
  r61_witness[00] r61=14 tail=25 gh60=0x4988ba6 W1=0x57b,0x1d93,0x1807 W2=0x488,0x25c7,0x1915
  r61_witness[01] r61=14 tail=26 gh60=0xd888caa W1=0x73d,0x5f4,0x2817 W2=0x64a,0x95f,0x380c
  r61_witness[02] r61=14 tail=26 gh60=0x5a745be W1=0x1478,0x2ce1,0x1f07 W2=0x1385,0x418,0x15cb
  r61_witness[03] r61=14 tail=33 gh60=0x4a084ea W1=0x251d,0x21cd,0x1312 W2=0x242a,0x25b3,0x1933
  r61_witness[04] r61=14 tail=33 gh60=0x4b88daa W1=0x2671,0x33be,0x1553 W2=0x257e,0x34a5,0x187c
  r61_witness[05] r61=15 tail=21 gh60=0x548459a W1=0xaaa,0x2951,0x14be W2=0x9b7,0x1503,0x3b2a
  r61_witness[06] r61=15 tail=21 gh60=0xc48cdaa W1=0x26ae,0x21dc,0x3ae3 W2=0x25bb,0x2244,0x2e48
  r61_witness[07] r61=15 tail=23 gh60=0x499bcaa W1=0xf2d,0x68d,0x1e8a W2=0xe3a,0x3988,0x52f
  r61_witness[08] r61=15 tail=30 gh60=0x4a28b9a W1=0x985,0x105d,0x2a5 W2=0x892,0x3e6b,0x390a
  r61_witness[09] r61=15 tail=31 gh60=0xc888caa W1=0x3941,0x2e89,0x3612 W2=0x384e,0xb8,0x2fa4
  r61_witness[10] r61=16 tail=27 gh60=0xcf2879a W1=0x1bc5,0x3351,0x104e W2=0x1ad2,0x3578,0x366b
  r61_witness[11] r61=16 tail=28 gh60=0x4c88daa W1=0x6ad,0x35f3,0xffc W2=0x5ba,0x646,0x29f0
  r61_witness[12] r61=16 tail=28 gh60=0x4918b66 W1=0x953,0x3e17,0x22c6 W2=0x860,0x809,0x25e1
  r61_witness[13] r61=16 tail=30 gh60=0x3d0856a W1=0x2461,0x1e81,0x34a7 W2=0x236e,0x21fb,0x31ed
  r61_witness[14] r61=16 tail=35 gh60=0xca14cee W1=0x1820,0x1ac8,0x126d W2=0x172d,0x390,0x1cc6
  r61_witness[15] r61=17 tail=22 gh60=0xc7d4d9a W1=0x6c6,0x3f16,0x2bb6 W2=0x5d3,0x204d,0x2890

D60=0 fiber histogram: 1:8116 2:4821 3:1746 4:1085 5:424 6:221 7:75 8:66 9:36 10:17 11:4 12:4 13:2 16:3 19:1
