free_word_mitm_reducedn
N=14 mask=0x3fff msb=0x2000
candidate: M0=0x3d36 mode=random-fallback fill=0x3fff kernel=dM0=dM9=0x2000
prefixes=32768/268435456 mode=permuted-prefix-sample w59_per_prefix=16384 total=536870912
run_mode=scan registry_cap=16
sample_start=195428352
scan_elapsed=17.272s rate=31.08 Mtriples/s

D60 interface
  D60=0 matches: 32736 (random expectation 32768.0, enrichment 0.999x)
  prefixes with D60=0: 16558
  max D60=0 fiber per prefix: 22 at W57=0x10c W58=0x3e5e
  largest D60 bucket: D=0x37de count=33718
  min D60 HW: 0
  D60 HW histogram: 0:32736 1:458465 2:2973628 3:11909855 4:32775694 5:65577443 6:98415096 7:112484081 8:98439444 9:65615594 10:32796508 11:11924907 12:2977067 13:457891 14:32503

Tail closure among D60=0 matches
  final tail collisions: 0
  best r61 HW: 13
  best r61 W1[57..59]=0x2075,0x13cc,0x145f
  best r61 W2[57..59]=0x1f82,0xaf,0x33a
  best tail HW: 23
  best tail r61 HW: 19
  best W1[57..59]=0xac9,0x3f45,0xf4f
  best W2[57..59]=0x9d6,0x1b2c,0x2693

SUMMARY N=14 sample_start=195428352 prefixes=32768 total=536870912 d0=32736 best_tail=23 tail_r61=19 best_r61=13 tail_W1=0xac9,0x3f45,0xf4f tail_W2=0x9d6,0x1b2c,0x2693 r61_W1=0x2075,0x13cc,0x145f r61_W2=0x1f82,0xaf,0x33a

Scan-only witness registry
  registry_count=16 registry_cap=16
  witness[00] tail=23 r61=13 gh60=0x5a69dba W1=0x2075,0x13cc,0x145f W2=0x1f82,0xaf,0x33a
  witness[01] tail=23 r61=19 gh60=0xcae859a W1=0xac9,0x3f45,0xf4f W2=0x9d6,0x1b2c,0x2693
  witness[02] tail=23 r61=20 gh60=0xf6184e6 W1=0x350b,0x325f,0x36ef W2=0x3418,0x434,0x25a1
  witness[03] tail=23 r61=25 gh60=0xda39fea W1=0x1f91,0x2c33,0x317d W2=0x1e9e,0x2ac2,0xd69
  witness[04] tail=24 r61=20 gh60=0xf4b8cba W1=0x2839,0x2505,0x271c W2=0x2746,0x704,0x23ad
  witness[05] tail=24 r61=21 gh60=0xc8bccea W1=0x722,0x3f3d,0x1ae2 W2=0x62f,0x49d,0x8b4
  witness[06] tail=24 r61=25 gh60=0xca7859a W1=0x3285,0x80e,0x38c3 W2=0x3192,0x4ff,0x30c
  witness[07] tail=24 r61=25 gh60=0xf928b66 W1=0x3553,0x386a,0x3c06 W2=0x3460,0x1258,0x23fe
  witness[08] tail=25 r61=15 gh60=0x455ccba W1=0x1636,0x302f,0x2355 W2=0x1543,0x27f3,0x2ce1
  witness[09] tail=25 r61=19 gh60=0x491c76a W1=0x352,0x291e,0x10f6 W2=0x25f,0x1589,0x1e52
  witness[10] tail=25 r61=19 gh60=0xba08fee W1=0x79f,0x2901,0x3db5 W2=0x6ac,0x1cc4,0x19d6
  witness[11] tail=25 r61=19 gh60=0x56144ee W1=0x2d20,0x2ab8,0x339f W2=0x2c2d,0x1c53,0x3496
  witness[12] tail=25 r61=20 gh60=0x36e44aa W1=0xb02,0x263b,0x34da W2=0xa0f,0x3090,0x3798
  witness[13] tail=25 r61=20 gh60=0x498c49a W1=0x2cea,0x114a,0xe18 W2=0x2bf7,0x3810,0x199
  witness[14] tail=25 r61=21 gh60=0x4f17f6e W1=0xf60,0x309d,0x24e4 W2=0xe6d,0x15cd,0x175
  witness[15] tail=25 r61=21 gh60=0x47a859a W1=0x1469,0x2fe1,0x3db5 W2=0x1376,0x1e18,0x2c05

Scan-only r61 registry
  registry_count=16 registry_cap=16
  r61_witness[00] r61=13 tail=23 gh60=0x5a69dba W1=0x2075,0x13cc,0x145f W2=0x1f82,0xaf,0x33a
  r61_witness[01] r61=15 tail=25 gh60=0x455ccba W1=0x1636,0x302f,0x2355 W2=0x1543,0x27f3,0x2ce1
  r61_witness[02] r61=15 tail=28 gh60=0xc638fea W1=0x3791,0x209b,0x3356 W2=0x369e,0x302e,0x2019
  r61_witness[03] r61=15 tail=37 gh60=0x491876a W1=0xbcd,0xc6,0x18df W2=0xada,0x3720,0x27d0
  r61_witness[04] r61=15 tail=39 gh60=0x4e087e6 W1=0xb8b,0x1da1,0x1d54 W2=0xa98,0x46c,0x1c3e
  r61_witness[05] r61=16 tail=28 gh60=0x7a6ccfa W1=0x3616,0x1066,0x3c86 W2=0x3523,0x69e,0xe62
  r61_witness[06] r61=16 tail=30 gh60=0x4b0cd6e W1=0x6d0,0xb39,0x18c5 W2=0x5dd,0x2d89,0x8d7
  r61_witness[07] r61=16 tail=33 gh60=0x4a98da6 W1=0x1673,0x2238,0xc3e W2=0x1580,0x2a0c,0x472
  r61_witness[08] r61=16 tail=34 gh60=0x5988ba6 W1=0x396b,0x1c6a,0x1d90 W2=0x3878,0x30ae,0x3eb5
  r61_witness[09] r61=16 tail=35 gh60=0x4a05de6 W1=0x1e9c,0x9c7,0x1ac3 W2=0x1da9,0x21f4,0x30d0
  r61_witness[10] r61=16 tail=37 gh60=0x48844a6 W1=0x33c,0x316e,0x34a7 W2=0x249,0xbc,0x26bb
  r61_witness[11] r61=16 tail=38 gh60=0xc8ac79e W1=0x23a8,0x1e69,0x2897 W2=0x22b5,0x1841,0x3a5b
  r61_witness[12] r61=16 tail=40 gh60=0xc6144ea W1=0x40e,0x287f,0x17f0 W2=0x31b,0x31b6,0x3a3
  r61_witness[13] r61=17 tail=27 gh60=0xc884b9a W1=0x15aa,0x236b,0x38f2 W2=0x14b7,0x24b2,0x183e
  r61_witness[14] r61=17 tail=27 gh60=0xfd04566 W1=0x3c4c,0x36ee,0x1afb W2=0x3b59,0x23e,0x8d7
  r61_witness[15] r61=17 tail=31 gh60=0xc488cae W1=0x262f,0x3699,0x133 W2=0x253c,0x26f8,0x32eb

D60=0 fiber histogram: 1:7999 2:4847 3:1691 4:1163 5:400 6:223 7:90 8:69 9:35 10:17 11:8 12:7 13:3 14:2 15:1 16:1 21:1 22:1
