free_word_mitm_reducedn
N=14 mask=0x3fff msb=0x2000
candidate: M0=0x3d36 mode=random-fallback fill=0x3fff kernel=dM0=dM9=0x2000
prefixes=32768/268435456 mode=permuted-prefix-sample w59_per_prefix=16384 total=536870912
run_mode=scan registry_cap=16
sample_start=77987840
scan_elapsed=17.165s rate=31.28 Mtriples/s

D60 interface
  D60=0 matches: 32722 (random expectation 32768.0, enrichment 0.999x)
  prefixes with D60=0: 16502
  max D60=0 fiber per prefix: 15 at W57=0x25d W58=0x36c7
  largest D60 bucket: D=0xfda count=33753
  min D60 HW: 0
  D60 HW histogram: 0:32722 1:457002 2:2968856 3:11891701 4:32745454 5:65570478 6:98427363 7:112521362 8:98468812 9:65627790 10:32786508 11:11914237 12:2969435 13:456546 14:32646

Tail closure among D60=0 matches
  final tail collisions: 0
  best r61 HW: 14
  best r61 W1[57..59]=0x114b,0x1f2a,0x2cad
  best r61 W2[57..59]=0x1058,0x1286,0x38f5
  best tail HW: 23
  best tail r61 HW: 20
  best W1[57..59]=0x998,0x109a,0x20
  best W2[57..59]=0x8a5,0x62a,0xb6b

SUMMARY N=14 sample_start=77987840 prefixes=32768 total=536870912 d0=32722 best_tail=23 tail_r61=20 best_r61=14 tail_W1=0x998,0x109a,0x20 tail_W2=0x8a5,0x62a,0xb6b r61_W1=0x114b,0x1f2a,0x2cad r61_W2=0x1058,0x1286,0x38f5

Scan-only witness registry
  registry_count=16 registry_cap=16
  witness[00] tail=23 r61=16 gh60=0xda284a6 W1=0x2303,0x3897,0x1755 W2=0x2210,0x3a92,0x257d
  witness[01] tail=23 r61=20 gh60=0x463cbfe W1=0x998,0x109a,0x20 W2=0x8a5,0x62a,0xb6b
  witness[02] tail=23 r61=20 gh60=0xc737f7a W1=0xf56,0x36a4,0x1a66 W2=0xe63,0x22c4,0x39ac
  witness[03] tail=23 r61=22 gh60=0x4a644aa W1=0x32f2,0x18de,0x159 W2=0x31ff,0x30a3,0x1a8d
  witness[04] tail=24 r61=16 gh60=0x5ca8c9a W1=0x829,0xe07,0x142f W2=0x736,0x2f15,0x876
  witness[05] tail=24 r61=17 gh60=0x4d885aa W1=0x326d,0x24b5,0x1166 W2=0x317a,0x59,0x2949
  witness[06] tail=24 r61=19 gh60=0x3e69bfa W1=0x1d95,0x1f12,0x2ebf W2=0x1ca2,0xf9d,0x2054
  witness[07] tail=24 r61=21 gh60=0xcf17b6e W1=0xd50,0xb75,0x2ed4 W2=0xc5d,0x3195,0x205b
  witness[08] tail=24 r61=22 gh60=0xc734f6e W1=0x1750,0x1d60,0x21a6 W2=0x165d,0x209c,0x343a
  witness[09] tail=24 r61=23 gh60=0xcaf84e6 W1=0x50b,0x565,0x2b3f W2=0x418,0x236,0xc46
  witness[10] tail=24 r61=24 gh60=0x47f4f6e W1=0x27d0,0x3f72,0x37d W2=0x26dd,0x37ba,0x25a
  witness[11] tail=25 r61=20 gh60=0x4cd849a W1=0x1429,0x2065,0x5f8 W2=0x1336,0x15f8,0x3c1d
  witness[12] tail=25 r61=20 gh60=0x5a185a6 W1=0x1c83,0x3046,0x19e3 W2=0x1b90,0x152b,0x36d0
  witness[13] tail=25 r61=21 gh60=0x4af8f66 W1=0x1753,0x36a9,0x26bd W2=0x1660,0x25ef,0x2fd4
  witness[14] tail=25 r61=22 gh60=0x58a8bba W1=0x9b9,0x2037,0x2dbc W2=0x8c6,0x1b4e,0x1dea
  witness[15] tail=25 r61=22 gh60=0xc688caa W1=0x36ed,0x307e,0x7d6 W2=0x35fa,0x479,0x3b3f

Scan-only r61 registry
  registry_count=16 registry_cap=16
  r61_witness[00] r61=14 tail=36 gh60=0x490bb66 W1=0x114b,0x1f2a,0x2cad W2=0x1058,0x1286,0x38f5
  r61_witness[01] r61=15 tail=32 gh60=0x4918f66 W1=0x75b,0x1a33,0x250a W2=0x668,0x561,0x338
  r61_witness[02] r61=15 tail=33 gh60=0x4a08cea W1=0x921,0x5d1,0x947 W2=0x82e,0x57c,0xb59
  r61_witness[03] r61=15 tail=33 gh60=0xca0fbee W1=0x1190,0x13c2,0x3e78 W2=0x109d,0x334e,0x1c8
  r61_witness[04] r61=15 tail=34 gh60=0xca185ea W1=0xc91,0x3aa1,0x3390 W2=0xb9e,0x353f,0x3a64
  r61_witness[05] r61=15 tail=40 gh60=0x5a885aa W1=0x471,0xf41,0xc39 W2=0x37e,0xc69,0x2fc8
  r61_witness[06] r61=16 tail=23 gh60=0xda284a6 W1=0x2303,0x3897,0x1755 W2=0x2210,0x3a92,0x257d
  r61_witness[07] r61=16 tail=24 gh60=0x5ca8c9a W1=0x829,0xe07,0x142f W2=0x736,0x2f15,0x876
  r61_witness[08] r61=16 tail=26 gh60=0x5a38ce6 W1=0x2713,0x161d,0x1766 W2=0x2620,0x10bf,0x1ef4
  r61_witness[09] r61=16 tail=32 gh60=0x3998bba W1=0x3575,0x31bc,0x457 W2=0x3482,0x313f,0x32e
  r61_witness[10] r61=16 tail=37 gh60=0xd908b6a W1=0x1951,0x1388,0x11eb W2=0x185e,0x2183,0x3230
  r61_witness[11] r61=16 tail=38 gh60=0x4508d6a W1=0x1651,0xcfb,0x1540 W2=0x155e,0x1e66,0x1908
  r61_witness[12] r61=16 tail=41 gh60=0x4888fae W1=0x27af,0x2fd5,0x1c81 W2=0x26bc,0x262c,0x1983
  r61_witness[13] r61=17 tail=24 gh60=0x4d885aa W1=0x326d,0x24b5,0x1166 W2=0x317a,0x59,0x2949
  r61_witness[14] r61=17 tail=29 gh60=0x4789caa W1=0x1f31,0x3ee4,0x1a72 W2=0x1e3e,0xa3,0x11a
  r61_witness[15] r61=17 tail=29 gh60=0xd908b6a W1=0x355d,0x1678,0x1d13 W2=0x346a,0x106b,0xcbe

D60=0 fiber histogram: 1:7990 2:4692 3:1795 4:1128 5:439 6:229 7:90 8:79 9:25 10:16 11:6 12:5 13:4 14:3 15:1
