free_word_mitm_reducedn
N=14 mask=0x3fff msb=0x2000
candidate: M0=0x3d36 mode=random-fallback fill=0x3fff kernel=dM0=dM9=0x2000
prefixes=32768/268435456 mode=permuted-prefix-sample w59_per_prefix=16384 total=536870912
run_mode=scan registry_cap=16
sample_start=181567488
scan_elapsed=12.958s rate=41.43 Mtriples/s

D60 interface
  D60=0 matches: 32479 (random expectation 32768.0, enrichment 0.991x)
  prefixes with D60=0: 16382
  max D60=0 fiber per prefix: 21 at W57=0xc67 W58=0x2d6f
  largest D60 bucket: D=0xc7d count=33730
  min D60 HW: 0
  D60 HW histogram: 0:32479 1:454041 2:2967566 3:11909357 4:32804370 5:65651712 6:98467959 7:112514417 8:98425788 9:65555362 10:32748696 11:11887953 12:2965471 13:453042 14:32699

Tail closure among D60=0 matches
  final tail collisions: 0
  best r61 HW: 14
  best r61 W1[57..59]=0x245e,0x2993,0x3c8e
  best r61 W2[57..59]=0x236b,0x290e,0x2558
  best tail HW: 21
  best tail r61 HW: 21
  best W1[57..59]=0x3e96,0x1785,0x14de
  best W2[57..59]=0x3da3,0x3865,0x21fc

SUMMARY N=14 sample_start=181567488 prefixes=32768 total=536870912 d0=32479 best_tail=21 tail_r61=21 best_r61=14 tail_W1=0x3e96,0x1785,0x14de tail_W2=0x3da3,0x3865,0x21fc r61_W1=0x245e,0x2993,0x3c8e r61_W2=0x236b,0x290e,0x2558

Scan-only witness registry
  registry_count=16 registry_cap=16
  witness[00] tail=21 r61=17 gh60=0x49884aa W1=0x1501,0x3ce1,0x1ecc W2=0x140e,0x1411,0x1457
  witness[01] tail=21 r61=21 gh60=0xca5ddfa W1=0x3e96,0x1785,0x14de W2=0x3da3,0x3865,0x21fc
  witness[02] tail=23 r61=21 gh60=0xfb28c9a W1=0x2945,0x2770,0x3cdd W2=0x2852,0x8ba,0x2884
  witness[03] tail=24 r61=21 gh60=0x4b6ccaa W1=0x3732,0x23b0,0x3b4d W2=0x363f,0x36f4,0x3ac2
  witness[04] tail=24 r61=23 gh60=0xb484da6 W1=0x8ac,0x2121,0x3250 W2=0x7b9,0x1366,0x4e3
  witness[05] tail=24 r61=24 gh60=0x453457a W1=0x3c56,0xfab,0xed0 W2=0x3b63,0x3ac0,0x3c68
  witness[06] tail=24 r61=27 gh60=0x4bf849a W1=0x2305,0x1eb0,0x2f3a W2=0x2212,0x775,0xf58
  witness[07] tail=25 r61=14 gh60=0x4618bea W1=0x991,0x3699,0x786 W2=0x89e,0x3128,0x56
  witness[08] tail=25 r61=16 gh60=0x3d8449a W1=0x23ea,0x3428,0xb0c W2=0x22f7,0x1a30,0xb3d
  witness[09] tail=25 r61=18 gh60=0x59984ae W1=0x2aff,0x957,0x26a W2=0x2a0c,0x2967,0x6f2
  witness[10] tail=25 r61=19 gh60=0x4a644ea W1=0x1a12,0x68a,0x291 W2=0x191f,0x1a89,0x895
  witness[11] tail=25 r61=22 gh60=0x3b28b7a W1=0x555,0x3189,0x22b7 W2=0x462,0x1f88,0x2e0
  witness[12] tail=25 r61=22 gh60=0xbd845a6 W1=0xa6c,0x2203,0x217b W2=0x979,0x36b7,0x24cc
  witness[13] tail=25 r61=22 gh60=0x560fcea W1=0x100e,0x3162,0x17f7 W2=0xf1b,0x1e9e,0x3b11
  witness[14] tail=25 r61=22 gh60=0xca085ea W1=0x248d,0x2a66,0x1006 W2=0x239a,0x3580,0x133a
  witness[15] tail=25 r61=23 gh60=0x4a5bc9a W1=0xde9,0x1254,0x3f81 W2=0xcf6,0x2564,0x1b98

Scan-only r61 registry
  registry_count=16 registry_cap=16
  r61_witness[00] r61=14 tail=25 gh60=0x4618bea W1=0x991,0x3699,0x786 W2=0x89e,0x3128,0x56
  r61_witness[01] r61=14 tail=27 gh60=0x4608cea W1=0x611,0x2cff,0x225b W2=0x51e,0x3406,0x370d
  r61_witness[02] r61=14 tail=29 gh60=0x457456a W1=0x245e,0x2993,0x3c8e W2=0x236b,0x290e,0x2558
  r61_witness[03] r61=15 tail=32 gh60=0xca09cea W1=0x2111,0x2409,0x3667 W2=0x201e,0x2640,0x18c6
  r61_witness[04] r61=15 tail=33 gh60=0x492cb7a W1=0x9d6,0x2746,0x15c0 W2=0x8e3,0x2482,0x3d0f
  r61_witness[05] r61=16 tail=25 gh60=0x3d8449a W1=0x23ea,0x3428,0xb0c W2=0x22f7,0x1a30,0xb3d
  r61_witness[06] r61=16 tail=26 gh60=0x4b984aa W1=0x2c41,0x26d5,0x7be W2=0x2b4e,0x2bc5,0x312
  r61_witness[07] r61=16 tail=27 gh60=0xd6085ea W1=0x129d,0x13f7,0x3d59 W2=0x11aa,0x3081,0x3326
  r61_witness[08] r61=16 tail=31 gh60=0x471856a W1=0x4dd,0x38e1,0x20f W2=0x3ea,0xe77,0x3424
  r61_witness[09] r61=16 tail=31 gh60=0x461bce6 W1=0x2f1b,0x2ca9,0x36d1 W2=0x2e28,0x35a9,0x1d76
  r61_witness[10] r61=16 tail=32 gh60=0x4a08fee W1=0x78f,0xea7,0x22a9 W2=0x69c,0x376,0x1f39
  r61_witness[11] r61=16 tail=34 gh60=0xc905b66 W1=0x1cc,0x2fab,0x35d5 W2=0xd9,0x2f04,0x1448
  r61_witness[12] r61=16 tail=35 gh60=0x4a08dee W1=0x89f,0x1dca,0x34b4 W2=0x7ac,0x3d7d,0x22fd
  r61_witness[13] r61=16 tail=35 gh60=0x46e8566 W1=0x14d3,0x29ed,0xcde W2=0x13e0,0x112c,0x28d6
  r61_witness[14] r61=16 tail=36 gh60=0x488bbae W1=0xdbf,0xa73,0x184c W2=0xccc,0x317e,0x3161
  r61_witness[15] r61=16 tail=36 gh60=0xb88bbaa W1=0x11c1,0x36c3,0x1289 W2=0x10ce,0x28ce,0x2ff9

D60=0 fiber histogram: 1:7847 2:4759 3:1856 4:1079 5:401 6:225 7:68 8:68 9:25 10:20 11:15 12:10 14:3 15:1 16:2 17:1 18:1 21:1
