free_word_mitm_reducedn
N=14 mask=0x3fff msb=0x2000
candidate: M0=0x3d36 mode=random-fallback fill=0x3fff kernel=dM0=dM9=0x2000
prefixes=32768/268435456 mode=permuted-prefix-sample w59_per_prefix=16384 total=536870912
run_mode=scan registry_cap=16
sample_start=78512128
scan_elapsed=18.413s rate=29.16 Mtriples/s

D60 interface
  D60=0 matches: 33043 (random expectation 32768.0, enrichment 1.008x)
  prefixes with D60=0: 16659
  max D60=0 fiber per prefix: 18 at W57=0x3517 W58=0x32b6
  largest D60 bucket: D=0x129d count=33925
  min D60 HW: 0
  D60 HW histogram: 0:33043 1:457870 2:2977288 3:11913217 4:32794567 5:65609535 6:98432289 7:112486476 8:98416919 9:65582889 10:32782183 11:11916537 12:2977873 13:457525 14:32701

Tail closure among D60=0 matches
  final tail collisions: 0
  best r61 HW: 13
  best r61 W1[57..59]=0x3e3b,0x2f43,0x306f
  best r61 W2[57..59]=0x3d48,0x3cd1,0x2654
  best tail HW: 20
  best tail r61 HW: 26
  best W1[57..59]=0x3168,0x301f,0x2fb2
  best W2[57..59]=0x3075,0x1ac8,0x1c94

SUMMARY N=14 sample_start=78512128 prefixes=32768 total=536870912 d0=33043 best_tail=20 tail_r61=26 best_r61=13 tail_W1=0x3168,0x301f,0x2fb2 tail_W2=0x3075,0x1ac8,0x1c94 r61_W1=0x3e3b,0x2f43,0x306f r61_W2=0x3d48,0x3cd1,0x2654

Scan-only witness registry
  registry_count=16 registry_cap=16
  witness[00] tail=20 r61=26 gh60=0xcebfb9e W1=0x3168,0x301f,0x2fb2 W2=0x3075,0x1ac8,0x1c94
  witness[01] tail=24 r61=15 gh60=0xc4a8c9e W1=0x2627,0x26bf,0x3b01 W2=0x2534,0x37b5,0x2d26
  witness[02] tail=24 r61=17 gh60=0xcc85d9a W1=0x3eaa,0x2bbc,0x156 W2=0x3db7,0x1e2d,0x247a
  witness[03] tail=24 r61=23 gh60=0xcb84cba W1=0x193a,0x3484,0x1741 W2=0x1847,0x263c,0x3d8f
  witness[04] tail=24 r61=23 gh60=0xcadc49e W1=0x2b08,0x5a1,0x1c7f W2=0x2a15,0x160d,0x9dc
  witness[05] tail=24 r61=23 gh60=0x5b98da6 W1=0x387b,0x1dcf,0x2393 W2=0x3788,0x2083,0x3eb1
  witness[06] tail=24 r61=24 gh60=0x4974cae W1=0x3930,0x495,0x2efb W2=0x383d,0x3df5,0x1c0b
  witness[07] tail=24 r61=26 gh60=0xfb3cb6a W1=0x35de,0xdef,0x111f W2=0x34eb,0x23df,0x1ee5
  witness[08] tail=25 r61=16 gh60=0x4d88ca6 W1=0x163b,0x1bd6,0x26f9 W2=0x1548,0x3c62,0xa22
  witness[09] tail=25 r61=17 gh60=0x48bc7a6 W1=0x23bc,0x2925,0x15dd W2=0x22c9,0x14db,0x2579
  witness[10] tail=25 r61=19 gh60=0xcba4bea W1=0x35a2,0x1586,0x2299 W2=0x34af,0x13ea,0x1b0e
  witness[11] tail=25 r61=21 gh60=0x4bbc59a W1=0x466,0x3609,0x1027 W2=0x373,0x1435,0x325
  witness[12] tail=25 r61=21 gh60=0x4b1fba6 W1=0xdc4,0x380,0x2890 W2=0xcd1,0x36e7,0x119e
  witness[13] tail=25 r61=21 gh60=0xd9884aa W1=0x22f1,0xe9a,0x2375 W2=0x21fe,0x175a,0x517
  witness[14] tail=25 r61=21 gh60=0x4b99faa W1=0x3fb1,0x686,0x31ed W2=0x3ebe,0x29d,0x3471
  witness[15] tail=25 r61=22 gh60=0x5f9dca6 W1=0x20ec,0x1535,0x12f3 W2=0x1ff9,0x3dd4,0x1c80

Scan-only r61 registry
  registry_count=16 registry_cap=16
  r61_witness[00] r61=13 tail=28 gh60=0x4c89ca6 W1=0x3e3b,0x2f43,0x306f W2=0x3d48,0x3cd1,0x2654
  r61_witness[01] r61=15 tail=24 gh60=0xc4a8c9e W1=0x2627,0x26bf,0x3b01 W2=0x2534,0x37b5,0x2d26
  r61_witness[02] r61=15 tail=27 gh60=0xc9684ba W1=0x335,0xf73,0x185e W2=0x242,0x366d,0x105a
  r61_witness[03] r61=15 tail=34 gh60=0x4e98ba6 W1=0x973,0x388a,0x1146 W2=0x880,0x3cde,0x19c2
  r61_witness[04] r61=16 tail=25 gh60=0x4d88ca6 W1=0x163b,0x1bd6,0x26f9 W2=0x1548,0x3c62,0xa22
  r61_witness[05] r61=16 tail=27 gh60=0x4b8dbba W1=0x21ba,0x51e,0xd2 W2=0x20c7,0x331a,0x1889
  r61_witness[06] r61=16 tail=28 gh60=0x78a4baa W1=0x19b2,0x2941,0xa16 W2=0x18bf,0x254d,0x30d2
  r61_witness[07] r61=16 tail=30 gh60=0x3925b6a W1=0x1dd2,0x13bb,0x3ebd W2=0x1cdf,0x3,0x2df2
  r61_witness[08] r61=16 tail=31 gh60=0xc8884aa W1=0x1541,0x463,0x14f W2=0x144e,0x1b13,0x36e4
  r61_witness[09] r61=16 tail=32 gh60=0x46784e6 W1=0x140b,0x28c6,0x3b4c W2=0x1318,0x28ab,0x3009
  r61_witness[10] r61=16 tail=32 gh60=0x5a1bde6 W1=0x3093,0x2b86,0x2bc8 W2=0x2fa0,0x32d6,0x915
  r61_witness[11] r61=16 tail=33 gh60=0x4904c9a W1=0x174a,0x3d1a,0x3cc1 W2=0x1657,0x3019,0x6da
  r61_witness[12] r61=16 tail=33 gh60=0x492877a W1=0x1bd9,0x240d,0x3a38 W2=0x1ae6,0x30f1,0x390
  r61_witness[13] r61=16 tail=34 gh60=0x493879a W1=0x13c5,0x264,0x380e W2=0x12d2,0x489,0x515
  r61_witness[14] r61=16 tail=34 gh60=0x49b8caa W1=0x38ed,0x3391,0x30c W2=0x37fa,0x58c,0x1231
  r61_witness[15] r61=16 tail=37 gh60=0x4b18766 W1=0x3bdb,0x996,0x22c1 W2=0x3ae8,0x3bc1,0x1364

D60=0 fiber histogram: 1:8013 2:4796 3:1867 4:1125 5:410 6:206 7:90 8:80 9:26 10:17 11:9 12:8 13:2 14:4 16:3 17:2 18:1
