free_word_mitm_reducedn
N=14 mask=0x3fff msb=0x2000
candidate: M0=0x3d36 mode=random-fallback fill=0x3fff kernel=dM0=dM9=0x2000
prefixes=32768/268435456 mode=permuted-prefix-sample w59_per_prefix=16384 total=536870912
run_mode=scan registry_cap=16
sample_start=162398208
scan_elapsed=19.080s rate=28.14 Mtriples/s

D60 interface
  D60=0 matches: 32707 (random expectation 32768.0, enrichment 0.998x)
  prefixes with D60=0: 16578
  max D60=0 fiber per prefix: 17 at W57=0x2ba3 W58=0x118f
  largest D60 bucket: D=0x1520 count=33794
  min D60 HW: 0
  D60 HW histogram: 0:32707 1:458965 2:2982719 3:11925342 4:32790510 5:65591325 6:98415022 7:112460936 8:98404773 9:65595976 10:32803162 11:11935164 12:2984163 13:457433 14:32715

Tail closure among D60=0 matches
  final tail collisions: 0
  best r61 HW: 12
  best r61 W1[57..59]=0x33ba,0xc81,0x11f4
  best r61 W2[57..59]=0x32c7,0xd40,0x3114
  best tail HW: 21
  best tail r61 HW: 20
  best W1[57..59]=0x399,0x1bea,0xd0d
  best W2[57..59]=0x2a6,0x1d3a,0x3bdd

SUMMARY N=14 sample_start=162398208 prefixes=32768 total=536870912 d0=32707 best_tail=21 tail_r61=20 best_r61=12 tail_W1=0x399,0x1bea,0xd0d tail_W2=0x2a6,0x1d3a,0x3bdd r61_W1=0x33ba,0xc81,0x11f4 r61_W2=0x32c7,0xd40,0x3114

Scan-only witness registry
  registry_count=16 registry_cap=16
  witness[00] tail=21 r61=20 gh60=0x35f87fa W1=0x399,0x1bea,0xd0d W2=0x2a6,0x1d3a,0x3bdd
  witness[01] tail=22 r61=12 gh60=0x48847ba W1=0x33ba,0xc81,0x11f4 W2=0x32c7,0xd40,0x3114
  witness[02] tail=23 r61=24 gh60=0xf499daa W1=0xbd,0x366d,0x10fc W2=0x3fca,0x3e34,0x2ab6
  witness[03] tail=24 r61=18 gh60=0xce1c4ee W1=0x1a10,0xee7,0x2a89 W2=0x191d,0x3b02,0x2447
  witness[04] tail=24 r61=25 gh60=0xca79ce6 W1=0x1f1b,0x31bf,0x3812 W2=0x1e28,0xdc3,0xe5e
  witness[05] tail=25 r61=21 gh60=0x5b0477a W1=0xb5a,0x17c5,0x3e33 W2=0xa67,0x29e,0x3e98
  witness[06] tail=25 r61=21 gh60=0xc97449a W1=0x3546,0x1789,0x89 W2=0x3453,0xd5b,0x3c49
  witness[07] tail=25 r61=28 gh60=0xfb79d6a W1=0x61,0x1c46,0x35d9 W2=0x3f6e,0x1209,0x145
  witness[08] tail=26 r61=16 gh60=0x4a0fbe6 W1=0xd8c,0x3254,0xf23 W2=0xc99,0x251d,0x297d
  witness[09] tail=26 r61=19 gh60=0xc50856a W1=0x1461,0x407,0x2ac0 W2=0x136e,0x1285,0x60d
  witness[10] tail=26 r61=20 gh60=0xde184ea W1=0x230d,0x945,0x4a W2=0x221a,0xdb7,0x241d
  witness[11] tail=26 r61=21 gh60=0xcaf44ae W1=0x2c00,0x216b,0x911 W2=0x2b0d,0x3efc,0xcfe
  witness[12] tail=26 r61=22 gh60=0x4b05b7a W1=0x15a,0x5da,0x38c5 W2=0x67,0x2dd6,0x2710
  witness[13] tail=26 r61=22 gh60=0xdee4de6 W1=0x3894,0xedd,0x1e8b W2=0x37a1,0x2f2c,0x39e8
  witness[14] tail=26 r61=23 gh60=0xcb7879a W1=0x1bc5,0x37dc,0xafa W2=0x1ad2,0x3a03,0x39ec
  witness[15] tail=26 r61=23 gh60=0xc8acbbe W1=0x25b8,0xa5b,0x1cb8 W2=0x24c5,0x263,0x3f80

Scan-only r61 registry
  registry_count=16 registry_cap=16
  r61_witness[00] r61=12 tail=22 gh60=0x48847ba W1=0x33ba,0xc81,0x11f4 W2=0x32c7,0xd40,0x3114
  r61_witness[01] r61=14 tail=31 gh60=0x4e084ee W1=0x1d0f,0x23aa,0x1542 W2=0x1c1c,0x1544,0x25ef
  r61_witness[02] r61=15 tail=29 gh60=0xc888faa W1=0x17bd,0x24bb,0x260 W2=0x16ca,0x22be,0x1068
  r61_witness[03] r61=15 tail=32 gh60=0xc528d9e W1=0x36c7,0xe8f,0x24c W2=0x35d4,0x2791,0x3ed1
  r61_witness[04] r61=16 tail=26 gh60=0x4a0fbe6 W1=0xd8c,0x3254,0xf23 W2=0xc99,0x251d,0x297d
  r61_witness[05] r61=16 tail=28 gh60=0xcee9d7a W1=0x1e55,0xc3b,0x3284 W2=0x1d62,0xa6,0x1a4e
  r61_witness[06] r61=16 tail=28 gh60=0x49684e6 W1=0x3323,0x23e5,0x26a3 W2=0x3230,0x3658,0x302e
  r61_witness[07] r61=16 tail=29 gh60=0x4c88daa W1=0x6b1,0x39d0,0x2057 W2=0x5be,0x3a27,0x12
  r61_witness[08] r61=16 tail=30 gh60=0x45984ba W1=0x23f5,0x341b,0x37d7 W2=0x2302,0x1b59,0x2fb3
  r61_witness[09] r61=16 tail=31 gh60=0x5588ca6 W1=0x27eb,0x12c9,0x3611 W2=0x26f8,0x3d65,0x1e65
  r61_witness[10] r61=16 tail=32 gh60=0xcb09f66 W1=0x1f4b,0x245c,0x134a W2=0x1e58,0x614,0xa86
  r61_witness[11] r61=16 tail=32 gh60=0xca284fa W1=0x2a15,0x22f3,0x2fdc W2=0x2922,0x637,0x2f8
  r61_witness[12] r61=16 tail=33 gh60=0x4707d9a W1=0xeca,0x146b,0x39c3 W2=0xdd7,0x3718,0x3e80
  r61_witness[13] r61=16 tail=34 gh60=0x4785c9a W1=0x1dea,0xf14,0x580 W2=0x1cf7,0x341d,0x2070
  r61_witness[14] r61=16 tail=34 gh60=0x490876a W1=0x3b61,0x115a,0x2121 W2=0x3a6e,0x1bb0,0x16fa
  r61_witness[15] r61=16 tail=37 gh60=0x4657cfa W1=0xe16,0x1b84,0x692 W2=0xd23,0x2e44,0x217

D60=0 fiber histogram: 1:8089 2:4678 3:1830 4:1098 5:434 6:245 7:77 8:57 9:24 10:19 11:12 12:5 13:3 14:2 15:1 16:3 17:1
