free_word_mitm_reducedn
N=14 mask=0x3fff msb=0x2000
candidate: M0=0x3d36 mode=random-fallback fill=0x3fff kernel=dM0=dM9=0x2000
prefixes=32768/268435456 mode=permuted-prefix-sample w59_per_prefix=16384 total=536870912
run_mode=scan registry_cap=16
sample_start=229507072
scan_elapsed=19.064s rate=28.16 Mtriples/s

D60 interface
  D60=0 matches: 32824 (random expectation 32768.0, enrichment 1.002x)
  prefixes with D60=0: 16579
  max D60=0 fiber per prefix: 17 at W57=0x3357 W58=0x25d4
  largest D60 bucket: D=0x2d9b count=33696
  min D60 HW: 0
  D60 HW histogram: 0:32824 1:457224 2:2976099 3:11923236 4:32805933 5:65632741 6:98432925 7:112498530 8:98396369 9:65579378 10:32771550 11:11903584 12:2972071 13:455709 14:32739

Tail closure among D60=0 matches
  final tail collisions: 0
  best r61 HW: 13
  best r61 W1[57..59]=0x151c,0x219e,0x2642
  best r61 W2[57..59]=0x1429,0x1c70,0xf0d
  best tail HW: 21
  best tail r61 HW: 21
  best W1[57..59]=0xaeb,0x2761,0x3c9
  best W2[57..59]=0x9f8,0x83c,0x1071

SUMMARY N=14 sample_start=229507072 prefixes=32768 total=536870912 d0=32824 best_tail=21 tail_r61=21 best_r61=13 tail_W1=0xaeb,0x2761,0x3c9 tail_W2=0x9f8,0x83c,0x1071 r61_W1=0x151c,0x219e,0x2642 r61_W2=0x1429,0x1c70,0xf0d

Scan-only witness registry
  registry_count=16 registry_cap=16
  witness[00] tail=21 r61=21 gh60=0x4a884a6 W1=0xaeb,0x2761,0x3c9 W2=0x9f8,0x83c,0x1071
  witness[01] tail=22 r61=18 gh60=0x4604be6 W1=0x198c,0x14b2,0x2a44 W2=0x1899,0x2701,0x94d
  witness[02] tail=22 r61=23 gh60=0x475cf9a W1=0x37c6,0x2b09,0x1027 W2=0x36d3,0x3a5c,0x2fbf
  witness[03] tail=23 r61=15 gh60=0xc6685a6 W1=0x1473,0x87a,0x2bb8 W2=0x1380,0x304d,0x163
  witness[04] tail=23 r61=19 gh60=0xceac56a W1=0x2ce2,0x3185,0x421 W2=0x2bef,0x3bcc,0x1ee9
  witness[05] tail=23 r61=19 gh60=0xdbfbcbe W1=0x2ff7,0x1e3,0x1f9f W2=0x2f04,0x34c6,0x1fca
  witness[06] tail=24 r61=21 gh60=0xdb28b66 W1=0x5d3,0x51d,0x293a W2=0x4e0,0xb07,0x3e98
  witness[07] tail=24 r61=22 gh60=0x4984b9a W1=0x396a,0x192b,0x2029 W2=0x3877,0x13ce,0x3725
  witness[08] tail=25 r61=15 gh60=0x59647aa W1=0x3c2,0x5ec,0x3ea6 W2=0x2cf,0x3749,0x16d8
  witness[09] tail=25 r61=18 gh60=0x4e084e6 W1=0x231b,0x690,0x3ab3 W2=0x2228,0x2455,0x1cfd
  witness[10] tail=25 r61=20 gh60=0xf8d84ba W1=0x1339,0x29a0,0x380b W2=0x1246,0x22e2,0xad5
  witness[11] tail=25 r61=20 gh60=0x4a085e6 W1=0x148b,0x1be8,0x32c W2=0x1398,0x23a5,0x376e
  witness[12] tail=25 r61=20 gh60=0xb524566 W1=0x3a54,0x1fbf,0x1eb5 W2=0x3961,0x28fd,0x1e44
  witness[13] tail=25 r61=21 gh60=0xc7e44aa W1=0x13f2,0xfb8,0xa89 W2=0x12ff,0x27bd,0x3006
  witness[14] tail=25 r61=22 gh60=0xd879ca6 W1=0x1f2b,0xeb3,0x25f8 W2=0x1e38,0x284d,0x1557
  witness[15] tail=25 r61=23 gh60=0x46efb66 W1=0x3164,0x1cf7,0xf6 W2=0x3071,0x1174,0x30ba

Scan-only r61 registry
  registry_count=16 registry_cap=16
  r61_witness[00] r61=13 tail=30 gh60=0x3a0c4e6 W1=0x151c,0x219e,0x2642 W2=0x1429,0x1c70,0xf0d
  r61_witness[01] r61=13 tail=31 gh60=0x46184ea W1=0x411,0x20a7,0x1f17 W2=0x31e,0x25ad,0x13e0
  r61_witness[02] r61=14 tail=34 gh60=0x5c884ae W1=0xc2f,0x3049,0x3bf8 W2=0xb3c,0x1e69,0x1714
  r61_witness[03] r61=15 tail=23 gh60=0xc6685a6 W1=0x1473,0x87a,0x2bb8 W2=0x1380,0x304d,0x163
  r61_witness[04] r61=15 tail=25 gh60=0x59647aa W1=0x3c2,0x5ec,0x3ea6 W2=0x2cf,0x3749,0x16d8
  r61_witness[05] r61=15 tail=28 gh60=0x4f8c4aa W1=0x132e,0x9dd,0x7b5 W2=0x123b,0x22de,0x1ef6
  r61_witness[06] r61=15 tail=29 gh60=0x590bb6e W1=0x2d4f,0x1240,0x221a W2=0x2c5c,0x3a5f,0x678
  r61_witness[07] r61=15 tail=29 gh60=0xca24ce6 W1=0x3814,0x1fbb,0x2227 W2=0x3721,0x7e2,0x1e73
  r61_witness[08] r61=15 tail=30 gh60=0x588bcaa W1=0x112d,0x17a0,0x3b37 W2=0x103a,0x89b,0x2793
  r61_witness[09] r61=15 tail=30 gh60=0x4488caa W1=0x1631,0x29b3,0x6b4 W2=0x153e,0x132,0x3016
  r61_witness[10] r61=15 tail=30 gh60=0x5ae84ba W1=0x2cf9,0x1eea,0xf1b W2=0x2c06,0x4ac,0x214
  r61_witness[11] r61=15 tail=30 gh60=0x4907b66 W1=0x2d5c,0xdc1,0x2377 W2=0x2c69,0x70e,0x24ac
  r61_witness[12] r61=15 tail=31 gh60=0x4a08bee W1=0x258f,0x444,0x193b W2=0x249c,0x3ad3,0x20e8
  r61_witness[13] r61=15 tail=33 gh60=0xb4844a6 W1=0x3a3c,0xc51,0x3d37 W2=0x3949,0x389d,0x2dbe
  r61_witness[14] r61=15 tail=34 gh60=0x4519c9a W1=0x3e45,0x966,0xbdc W2=0x3d52,0x2df6,0x125c
  r61_witness[15] r61=16 tail=27 gh60=0xc9e849e W1=0xb47,0x95e,0x3a34 W2=0xa54,0x955,0x13b5

D60=0 fiber histogram: 1:8011 2:4753 3:1819 4:1128 5:408 6:233 7:78 8:82 9:27 10:19 11:6 12:8 13:2 14:2 16:2 17:1
