free_word_mitm_reducedn
N=14 mask=0x3fff msb=0x2000
candidate: M0=0x3d36 mode=random-fallback fill=0x3fff kernel=dM0=dM9=0x2000
prefixes=32768/268435456 mode=permuted-prefix-sample w59_per_prefix=16384 total=536870912
run_mode=scan registry_cap=16
sample_start=148078592
scan_elapsed=20.093s rate=26.72 Mtriples/s

D60 interface
  D60=0 matches: 33180 (random expectation 32768.0, enrichment 1.013x)
  prefixes with D60=0: 16669
  max D60=0 fiber per prefix: 20 at W57=0x3e0a W58=0xf2a
  largest D60 bucket: D=0x1179 count=33721
  min D60 HW: 0
  D60 HW histogram: 0:33180 1:458281 2:2977534 3:11909734 4:32786789 5:65599732 6:98422472 7:112490593 8:98434659 9:65604853 10:32769297 11:11915033 12:2977836 13:458209 14:32710

Tail closure among D60=0 matches
  final tail collisions: 0
  best r61 HW: 12
  best r61 W1[57..59]=0xc1d,0xc24,0x328a
  best r61 W2[57..59]=0xb2a,0xfda,0x1057
  best tail HW: 21
  best tail r61 HW: 24
  best W1[57..59]=0x1d66,0x2d03,0x28d3
  best W2[57..59]=0x1c73,0x2aa8,0x27b5

SUMMARY N=14 sample_start=148078592 prefixes=32768 total=536870912 d0=33180 best_tail=21 tail_r61=24 best_r61=12 tail_W1=0x1d66,0x2d03,0x28d3 tail_W2=0x1c73,0x2aa8,0x27b5 r61_W1=0xc1d,0xc24,0x328a r61_W2=0xb2a,0xfda,0x1057

Scan-only witness registry
  registry_count=16 registry_cap=16
  witness[00] tail=21 r61=15 gh60=0xcef8f7a W1=0x3755,0x1f35,0x2a69 W2=0x3662,0x1754,0x128e
  witness[01] tail=21 r61=24 gh60=0xceadb9a W1=0x1d66,0x2d03,0x28d3 W2=0x1c73,0x2aa8,0x27b5
  witness[02] tail=23 r61=21 gh60=0x4de4da6 W1=0x3874,0x1158,0x2c88 W2=0x3781,0x339d,0x1dc1
  witness[03] tail=24 r61=15 gh60=0x588dc9a W1=0x212a,0x396b,0x1501 W2=0x2037,0x1bb4,0xd34
  witness[04] tail=24 r61=18 gh60=0xc9abbbe W1=0x1177,0x118d,0x34b3 W2=0x1084,0x3118,0x50e
  witness[05] tail=24 r61=18 gh60=0x3e0c7ee W1=0x3ba0,0x3f6f,0xe59 W2=0x3aad,0x62e,0x220c
  witness[06] tail=24 r61=19 gh60=0xb57bc9a W1=0x3045,0x3f0d,0x190 W2=0x2f52,0x1799,0x3e95
  witness[07] tail=24 r61=20 gh60=0xc61bdee W1=0xe8f,0x2644,0x180 W2=0xd9c,0x397f,0x130e
  witness[08] tail=24 r61=23 gh60=0xca84cba W1=0x26fa,0x13e8,0x1f0 W2=0x2607,0x3820,0x278a
  witness[09] tail=24 r61=25 gh60=0xbb68566 W1=0x1253,0x2ec1,0xe4 W2=0x1160,0x2bf8,0x2d3c
  witness[10] tail=24 r61=25 gh60=0x4a984ae W1=0x32ff,0x1f38,0x7f5 W2=0x320c,0xdc8,0x1437
  witness[11] tail=24 r61=26 gh60=0x453856a W1=0x4e1,0x472,0x253c W2=0x3ee,0xa0c,0x2fb7
  witness[12] tail=25 r61=12 gh60=0x5e084ea W1=0xc1d,0xc24,0x328a W2=0xb2a,0xfda,0x1057
  witness[13] tail=25 r61=15 gh60=0x4a08cee W1=0x180f,0x390d,0x2488 W2=0x171c,0x34f8,0x3940
  witness[14] tail=25 r61=18 gh60=0x472cb6a W1=0x19d2,0xf4d,0x11e0 W2=0x18df,0x955,0xc8b
  witness[15] tail=25 r61=19 gh60=0xfa6859a W1=0x489,0x299d,0x1d84 W2=0x396,0x80e,0x232d

Scan-only r61 registry
  registry_count=16 registry_cap=16
  r61_witness[00] r61=12 tail=25 gh60=0x5e084ea W1=0xc1d,0xc24,0x328a W2=0xb2a,0xfda,0x1057
  r61_witness[01] r61=13 tail=30 gh60=0x4a084ea W1=0x251d,0x3ed0,0x2596 W2=0x242a,0x2b6,0xaf2
  r61_witness[02] r61=14 tail=28 gh60=0xca245ea W1=0x2292,0x2363,0x3bb9 W2=0x219f,0x3006,0x278d
  r61_witness[03] r61=14 tail=40 gh60=0x4608dea W1=0x369d,0x2311,0x2e27 W2=0x35aa,0x5dc,0x1343
  r61_witness[04] r61=15 tail=21 gh60=0xcef8f7a W1=0x3755,0x1f35,0x2a69 W2=0x3662,0x1754,0x128e
  r61_witness[05] r61=15 tail=24 gh60=0x588dc9a W1=0x212a,0x396b,0x1501 W2=0x2037,0x1bb4,0xd34
  r61_witness[06] r61=15 tail=25 gh60=0x4a08cee W1=0x180f,0x390d,0x2488 W2=0x171c,0x34f8,0x3940
  r61_witness[07] r61=15 tail=29 gh60=0xdb08766 W1=0xbdb,0x2cea,0x3829 W2=0xae8,0x1411,0x35b2
  r61_witness[08] r61=16 tail=31 gh60=0x460dc9a W1=0x3e0a,0xf2a,0x20b2 W2=0x3d17,0x3473,0x28c6
  r61_witness[09] r61=16 tail=32 gh60=0xc60cce6 W1=0x191c,0x36bd,0x2a2d W2=0x1829,0x2f50,0x288f
  r61_witness[10] r61=16 tail=33 gh60=0xc70856a W1=0xce1,0x11ff,0x22f3 W2=0xbee,0x1519,0x212b
  r61_witness[11] r61=16 tail=33 gh60=0xc908f6a W1=0x17dd,0x26c7,0x3c82 W2=0x16ea,0x1eda,0xfdc
  r61_witness[12] r61=16 tail=35 gh60=0x4904f66 W1=0x75c,0x16d6,0x2ed0 W2=0x669,0x3e05,0x3b41
  r61_witness[13] r61=16 tail=36 gh60=0x46e4bea W1=0x3992,0xdc6,0x1a0b W2=0x389f,0x85e,0x2a1a
  r61_witness[14] r61=16 tail=37 gh60=0x4a084ee W1=0x1d0f,0xd,0x70b W2=0x1c1c,0x31a7,0x3b4b
  r61_witness[15] r61=16 tail=42 gh60=0x451856e W1=0x4df,0x20de,0x2267 W2=0x3ec,0x678,0x3cfb

D60=0 fiber histogram: 1:7993 2:4868 3:1807 4:1098 5:406 6:250 7:90 8:83 9:28 10:21 11:6 12:5 13:4 15:3 16:1 17:1 18:2 20:3
