free_word_mitm_reducedn
N=14 mask=0x3fff msb=0x2000
candidate: M0=0x3d36 mode=random-fallback fill=0x3fff kernel=dM0=dM9=0x2000
prefixes=32768/268435456 mode=permuted-prefix-sample w59_per_prefix=16384 total=536870912
run_mode=scan registry_cap=16
sample_start=9437184
scan_elapsed=19.631s rate=27.35 Mtriples/s

D60 interface
  D60=0 matches: 32544 (random expectation 32768.0, enrichment 0.993x)
  prefixes with D60=0: 16537
  max D60=0 fiber per prefix: 18 at W57=0x3d56 W58=0x1c08
  largest D60 bucket: D=0x2b38 count=33840
  min D60 HW: 0
  D60 HW histogram: 0:32544 1:456852 2:2983124 3:11922321 4:32816105 5:65654763 6:98475741 7:112519520 8:98390834 9:65544796 10:32733049 11:11890013 12:2964917 13:453840 14:32493

Tail closure among D60=0 matches
  final tail collisions: 0
  best r61 HW: 14
  best r61 W1[57..59]=0x3354,0x229e,0x25d2
  best r61 W2[57..59]=0x3261,0x23ee,0x23a5
  best tail HW: 23
  best tail r61 HW: 25
  best W1[57..59]=0x2d22,0xb14,0x5f3
  best W2[57..59]=0x2c2f,0x1473,0x55c

SUMMARY N=14 sample_start=9437184 prefixes=32768 total=536870912 d0=32544 best_tail=23 tail_r61=25 best_r61=14 tail_W1=0x2d22,0xb14,0x5f3 tail_W2=0x2c2f,0x1473,0x55c r61_W1=0x3354,0x229e,0x25d2 r61_W2=0x3261,0x23ee,0x23a5

Scan-only witness registry
  registry_count=16 registry_cap=16
  witness[00] tail=23 r61=19 gh60=0xcd0856a W1=0x324d,0xfaa,0x2018 W2=0x315a,0x26d8,0x3902
  witness[01] tail=23 r61=20 gh60=0x4db4d9e W1=0x1668,0x3f3d,0x2868 W2=0x1575,0x1884,0x3141
  witness[02] tail=23 r61=20 gh60=0x4a78dee W1=0x269f,0x258f,0x2d2e W2=0x25ac,0xb42,0x28bb
  witness[03] tail=23 r61=25 gh60=0xc8e44ea W1=0x2d22,0xb14,0x5f3 W2=0x2c2f,0x1473,0x55c
  witness[04] tail=24 r61=17 gh60=0x4d55d7a W1=0x2056,0x20a0,0x1349 W2=0x1f63,0x3ef0,0x11c
  witness[05] tail=24 r61=18 gh60=0x4a0c4ea W1=0x3d0e,0x15fd,0x6a8 W2=0x3c1b,0x2988,0x62a
  witness[06] tail=24 r61=21 gh60=0x4d584be W1=0x1c37,0x27f0,0xbf W2=0x1b44,0x512,0x180e
  witness[07] tail=25 r61=18 gh60=0x48d849e W1=0x2527,0x2ea3,0xf9a W2=0x2434,0x2c5a,0x3a1d
  witness[08] tail=25 r61=19 gh60=0xca68de6 W1=0x693,0x19e3,0x23c5 W2=0x5a0,0x10ad,0x200b
  witness[09] tail=25 r61=20 gh60=0xfe0c4fa W1=0xd1a,0x3eba,0x2b7a W2=0xc27,0x2677,0xe13
  witness[10] tail=25 r61=20 gh60=0xb8a7ca6 W1=0x1134,0x263,0x2428 W2=0x1041,0x3f0e,0x12c6
  witness[11] tail=25 r61=20 gh60=0xbb885ae W1=0x227f,0x2eb,0x37a0 W2=0x218c,0x28a3,0x2fb0
  witness[12] tail=25 r61=21 gh60=0x3e345ea W1=0x49e,0x315d,0x2f7d W2=0x3ab,0x3370,0x76a
  witness[13] tail=25 r61=21 gh60=0xfae4b6a W1=0x3562,0x1832,0xfe9 W2=0x346f,0x168e,0x3fdb
  witness[14] tail=25 r61=23 gh60=0xc5fdd66 W1=0x3e4c,0x303e,0x1468 W2=0x3d59,0xbef,0x3d08
  witness[15] tail=25 r61=27 gh60=0xfaf87fe W1=0x3397,0x3b78,0x30b9 W2=0x32a4,0x8c8,0xb8b

Scan-only r61 registry
  registry_count=16 registry_cap=16
  r61_witness[00] r61=14 tail=30 gh60=0xc9e4766 W1=0x3354,0x229e,0x25d2 W2=0x3261,0x23ee,0x23a5
  r61_witness[01] r61=15 tail=28 gh60=0x5a1bbea W1=0x11a1,0x231e,0x1dd9 W2=0x10ae,0x1199,0x26b5
  r61_witness[02] r61=15 tail=28 gh60=0x3888ba6 W1=0x15ab,0x11fd,0x2187 W2=0x14b8,0x29d1,0x2e6c
  r61_witness[03] r61=15 tail=29 gh60=0x490cb66 W1=0x25cc,0x9f,0xb W2=0x24d9,0xa82,0x371f
  r61_witness[04] r61=15 tail=33 gh60=0x4a08dea W1=0x1891,0x19b2,0xb6e W2=0x179e,0x2595,0x23b1
  r61_witness[05] r61=15 tail=36 gh60=0x4a185e6 W1=0xa9b,0x2919,0x60a W2=0x9a8,0x3ac8,0x376
  r61_witness[06] r61=16 tail=30 gh60=0xca844a6 W1=0x21fc,0x2a80,0x2477 W2=0x2109,0x84e,0xefd
  r61_witness[07] r61=16 tail=31 gh60=0x4f54c9e W1=0x628,0x20a7,0x958 W2=0x535,0x1f96,0x8c1
  r61_witness[08] r61=16 tail=32 gh60=0xc8abbba W1=0x31b5,0x3159,0x3485 W2=0x30c2,0xaa8,0x3a52
  r61_witness[09] r61=16 tail=33 gh60=0x4537d6a W1=0x2ede,0x8b9,0x31ff W2=0x2deb,0x3979,0x261
  r61_witness[10] r61=16 tail=35 gh60=0x378479a W1=0x2b6a,0xcc1,0x1d4d W2=0x2a77,0x3f17,0x18f6
  r61_witness[11] r61=16 tail=35 gh60=0x4504d7a W1=0x365a,0x13e7,0x1a6e W2=0x3567,0x11cf,0x12e7
  r61_witness[12] r61=17 tail=24 gh60=0x4d55d7a W1=0x2056,0x20a0,0x1349 W2=0x1f63,0x3ef0,0x11c
  r61_witness[13] r61=17 tail=27 gh60=0xb904f66 W1=0x27cc,0x8e8,0x5f5 W2=0x26d9,0x312b,0x175
  r61_witness[14] r61=17 tail=27 gh60=0x5a184ee W1=0x2c1f,0x3387,0x2829 W2=0x2b2c,0x2121,0x35c7
  r61_witness[15] r61=17 tail=27 gh60=0xc788caa W1=0x36fd,0xa25,0x3373 W2=0x360a,0x1f10,0x3b97

D60=0 fiber histogram: 1:8024 2:4747 3:1833 4:1104 5:381 6:227 7:84 8:70 9:32 10:17 11:5 12:4 13:2 14:3 16:2 17:1 18:1
