free_word_mitm_reducedn
N=14 mask=0x3fff msb=0x2000
candidate: M0=0x3d36 mode=random-fallback fill=0x3fff kernel=dM0=dM9=0x2000
prefixes=32768/268435456 mode=permuted-prefix-sample w59_per_prefix=16384 total=536870912
run_mode=scan registry_cap=16
sample_start=96174080
scan_elapsed=20.573s rate=26.10 Mtriples/s

D60 interface
  D60=0 matches: 32997 (random expectation 32768.0, enrichment 1.007x)
  prefixes with D60=0: 16553
  max D60=0 fiber per prefix: 22 at W57=0x15c3 W58=0x2787
  largest D60 bucket: D=0x1211 count=33879
  min D60 HW: 0
  D60 HW histogram: 0:32997 1:459936 2:2984606 3:11940509 4:32817915 5:65619821 6:98441059 7:112500014 8:98380414 9:65560430 10:32753985 11:11911344 12:2977580 13:457742 14:32560

Tail closure among D60=0 matches
  final tail collisions: 0
  best r61 HW: 14
  best r61 W1[57..59]=0x1c8a,0xbef,0x2e63
  best r61 W2[57..59]=0x1b97,0xad3,0x27b
  best tail HW: 16
  best tail r61 HW: 22
  best W1[57..59]=0x3186,0x2eb7,0xbaf
  best W2[57..59]=0x3093,0x19e0,0x2b0d

SUMMARY N=14 sample_start=96174080 prefixes=32768 total=536870912 d0=32997 best_tail=16 tail_r61=22 best_r61=14 tail_W1=0x3186,0x2eb7,0xbaf tail_W2=0x3093,0x19e0,0x2b0d r61_W1=0x1c8a,0xbef,0x2e63 r61_W2=0x1b97,0xad3,0x27b

Scan-only witness registry
  registry_count=16 registry_cap=16
  witness[00] tail=16 r61=22 gh60=0x5dd7b9a W1=0x3186,0x2eb7,0xbaf W2=0x3093,0x19e0,0x2b0d
  witness[01] tail=21 r61=15 gh60=0x5a984aa W1=0x33f1,0x2c51,0x7c9 W2=0x32fe,0x251,0xda
  witness[02] tail=22 r61=20 gh60=0xd9984ae W1=0x52f,0x3159,0x2b83 W2=0x43c,0xdf9,0x16d8
  witness[03] tail=23 r61=14 gh60=0xca0c59a W1=0x1c8a,0xbef,0x2e63 W2=0x1b97,0xad3,0x27b
  witness[04] tail=23 r61=20 gh60=0xd9abbba W1=0xdb5,0x28c4,0x2cc9 W2=0xcc2,0xfdb,0x34bf
  witness[05] tail=23 r61=23 gh60=0xb89cba6 W1=0x39ac,0x8be,0x94e W2=0x38b9,0x1c83,0x1ac
  witness[06] tail=24 r61=19 gh60=0xc5b44aa W1=0x33ee,0x1ade,0x2ef6 W2=0x32fb,0x311f,0x2c17
  witness[07] tail=24 r61=20 gh60=0x4b0c56e W1=0x2460,0xdb0,0x328 W2=0x236d,0x2d6b,0x2c4e
  witness[08] tail=24 r61=21 gh60=0x5a5449e W1=0x3ae8,0x741,0x6d8 W2=0x39f5,0x276f,0x345
  witness[09] tail=24 r61=22 gh60=0xc7f4cea W1=0x191e,0x1286,0x3425 W2=0x182b,0x237e,0x267c
  witness[10] tail=24 r61=24 gh60=0x4e97caa W1=0x2fee,0x1222,0x4a7 W2=0x2efb,0x966,0x3ab7
  witness[11] tail=24 r61=27 gh60=0x5df859e W1=0x1aa7,0x1006,0x1f72 W2=0x19b4,0x23c7,0xbcc
  witness[12] tail=25 r61=19 gh60=0x4ba4566 W1=0xa64,0x1ffd,0xea W2=0x971,0x154b,0x248d
  witness[13] tail=25 r61=26 gh60=0xd6e47a6 W1=0x1374,0x3cad,0xd4e W2=0x1281,0x3891,0x31cd
  witness[14] tail=25 r61=26 gh60=0x3b3cdaa W1=0x16c2,0x37ec,0x30dc W2=0x15cf,0x1868,0x3196
  witness[15] tail=26 r61=14 gh60=0x5608cea W1=0x1811,0x18c1,0x34b7 W2=0x171e,0x2ccc,0x2615

Scan-only r61 registry
  registry_count=16 registry_cap=16
  r61_witness[00] r61=14 tail=23 gh60=0xca0c59a W1=0x1c8a,0xbef,0x2e63 W2=0x1b97,0xad3,0x27b
  r61_witness[01] r61=14 tail=26 gh60=0x5608cea W1=0x1811,0x18c1,0x34b7 W2=0x171e,0x2ccc,0x2615
  r61_witness[02] r61=15 tail=21 gh60=0x5a984aa W1=0x33f1,0x2c51,0x7c9 W2=0x32fe,0x251,0xda
  r61_witness[03] r61=15 tail=31 gh60=0xca085ea W1=0x4a1,0x3d16,0x3997 W2=0x3ae,0x3b28,0x235
  r61_witness[04] r61=15 tail=33 gh60=0x4a0ffee W1=0xfa0,0x273c,0x2b80 W2=0xead,0x8f8,0x55c
  r61_witness[05] r61=15 tail=38 gh60=0x4a08cee W1=0x61f,0x1ebe,0x2864 W2=0x52c,0xc99,0xb49
  r61_witness[06] r61=15 tail=38 gh60=0x4adcc9a W1=0x16e6,0x18fc,0x523 W2=0x15f3,0xe93,0x1372
  r61_witness[07] r61=16 tail=26 gh60=0xc8abbe6 W1=0x2da3,0x3646,0x3b79 W2=0x2cb0,0x33b6,0x282c
  r61_witness[08] r61=16 tail=30 gh60=0x4e6c59a W1=0x2266,0x3023,0x34d0 W2=0x2173,0xcc7,0xa75
  r61_witness[09] r61=16 tail=31 gh60=0xca085ee W1=0xc9f,0x2ee5,0x9ef W2=0xbac,0x1297,0x148f
  r61_witness[10] r61=16 tail=32 gh60=0x4a84fa6 W1=0x277c,0x2ed3,0xfc7 W2=0x2689,0x1498,0x25d5
  r61_witness[11] r61=16 tail=35 gh60=0x46085ee W1=0xc8f,0x1a1b,0x2b5e W2=0xb9c,0x3cd9,0x2502
  r61_witness[12] r61=16 tail=35 gh60=0x5898baa W1=0x39b1,0x3dc5,0x2c48 W2=0x38be,0x9dc,0x456
  r61_witness[13] r61=16 tail=39 gh60=0x4538566 W1=0x1ccb,0x395f,0x56 W2=0x1bd8,0x28e,0x37df
  r61_witness[14] r61=16 tail=43 gh60=0x490876a W1=0xb51,0x3fda,0xb50 W2=0xa5e,0x3e40,0x1819
  r61_witness[15] r61=17 tail=27 gh60=0x4a18cea W1=0x611,0x355e,0x309a W2=0x51e,0x3c65,0x46f

D60=0 fiber histogram: 1:8035 2:4657 3:1827 4:1125 5:440 6:231 7:72 8:74 9:38 10:19 11:10 12:14 13:1 14:2 15:1 16:5 17:1 22:1
