free_word_mitm_reducedn
N=14 mask=0x3fff msb=0x2000
candidate: M0=0x3d36 mode=random-fallback fill=0x3fff kernel=dM0=dM9=0x2000
prefixes=32768/268435456 mode=permuted-prefix-sample w59_per_prefix=16384 total=536870912
run_mode=scan registry_cap=16
sample_start=158957568
scan_elapsed=20.147s rate=26.65 Mtriples/s

D60 interface
  D60=0 matches: 32439 (random expectation 32768.0, enrichment 0.990x)
  prefixes with D60=0: 16416
  max D60=0 fiber per prefix: 18 at W57=0x1176 W58=0x3a26
  largest D60 bucket: D=0x10b2 count=33817
  min D60 HW: 0
  D60 HW histogram: 0:32439 1:457476 2:2977694 3:11914773 4:32790277 5:65620207 6:98448088 7:112521721 8:98435210 9:65573159 10:32743570 11:11898024 12:2970311 13:455971 14:31992

Tail closure among D60=0 matches
  final tail collisions: 0
  best r61 HW: 11
  best r61 W1[57..59]=0x129f,0x126c,0x2578
  best r61 W2[57..59]=0x11ac,0x71a,0x1e64
  best tail HW: 22
  best tail r61 HW: 22
  best W1[57..59]=0x143,0x1711,0x2f14
  best W2[57..59]=0x50,0x2ecf,0x1526

SUMMARY N=14 sample_start=158957568 prefixes=32768 total=536870912 d0=32439 best_tail=22 tail_r61=22 best_r61=11 tail_W1=0x143,0x1711,0x2f14 tail_W2=0x50,0x2ecf,0x1526 r61_W1=0x129f,0x126c,0x2578 r61_W2=0x11ac,0x71a,0x1e64

Scan-only witness registry
  registry_count=16 registry_cap=16
  witness[00] tail=22 r61=21 gh60=0x379bbaa W1=0x2d71,0x3a6d,0x24c4 W2=0x2c7e,0x2330,0x212c
  witness[01] tail=22 r61=22 gh60=0xfee9ca6 W1=0x143,0x1711,0x2f14 W2=0x50,0x2ecf,0x1526
  witness[02] tail=23 r61=11 gh60=0xca085ee W1=0x129f,0x126c,0x2578 W2=0x11ac,0x71a,0x1e64
  witness[03] tail=24 r61=20 gh60=0x59e4566 W1=0x4e4,0x3048,0x3e3 W2=0x3f1,0x290,0x2f1c
  witness[04] tail=24 r61=21 gh60=0x54dccbe W1=0x2838,0x4a1,0x3dbd W2=0x2745,0x3e81,0x1558
  witness[05] tail=24 r61=27 gh60=0xcd5857e W1=0x257,0x2d5c,0x2875 W2=0x164,0x3890,0xdc8
  witness[06] tail=25 r61=17 gh60=0x470fb6e W1=0x11d0,0x34a4,0x2960 W2=0x10dd,0x17c4,0xb86
  witness[07] tail=25 r61=20 gh60=0x4b08f6a W1=0x7e1,0x2177,0x14d6 W2=0x6ee,0x2482,0x3fba
  witness[08] tail=25 r61=20 gh60=0xcb9c4ae W1=0x2530,0x3b85,0x2066 W2=0x243d,0x2a26,0x6cd
  witness[09] tail=25 r61=21 gh60=0x5ea9d9e W1=0x3e67,0x3193,0xc41 W2=0x3d74,0x3c6f,0x330d
  witness[10] tail=25 r61=22 gh60=0x5498ca6 W1=0x182b,0x2e06,0x10a8 W2=0x1738,0x2722,0x233b
  witness[11] tail=25 r61=23 gh60=0x4a5c49e W1=0x1508,0x3448,0x19cb W2=0x1415,0x12b6,0x10ff
  witness[12] tail=25 r61=25 gh60=0x3b94bae W1=0x5b0,0x3c9d,0x12f5 W2=0x4bd,0x34a5,0xe82
  witness[13] tail=25 r61=25 gh60=0xcf985a6 W1=0x22bb,0xff2,0x1833 W2=0x21c8,0x2517,0x3f17
  witness[14] tail=25 r61=25 gh60=0xca79dae W1=0x3e6f,0x3bf8,0x26c6 W2=0x3d7c,0x2643,0x14d8
  witness[15] tail=25 r61=27 gh60=0x5fe5ba6 W1=0x3d74,0x32bb,0x2a63 W2=0x3c81,0x39a2,0x2030

Scan-only r61 registry
  registry_count=16 registry_cap=16
  r61_witness[00] r61=11 tail=23 gh60=0xca085ee W1=0x129f,0x126c,0x2578 W2=0x11ac,0x71a,0x1e64
  r61_witness[01] r61=13 tail=33 gh60=0x460cfe6 W1=0x79c,0x2cdf,0x161d W2=0x6a9,0x149e,0x5cf
  r61_witness[02] r61=14 tail=31 gh60=0x44a8ca6 W1=0x1633,0x2c37,0x25c8 W2=0x1540,0x2b63,0x136
  r61_witness[03] r61=14 tail=32 gh60=0x4a885a6 W1=0x346b,0x22e5,0x34ee W2=0x3378,0x28aa,0x575
  r61_witness[04] r61=15 tail=30 gh60=0xc504566 W1=0x2c4c,0x2564,0x8f W2=0x2b59,0x15b0,0x8d0
  r61_witness[05] r61=15 tail=32 gh60=0x4508d6e W1=0x365f,0x19a1,0x9c2 W2=0x356c,0x13c8,0x134
  r61_witness[06] r61=15 tail=35 gh60=0x5908b6e W1=0x95f,0x31f,0x17ba W2=0x86c,0x3d32,0x21a8
  r61_witness[07] r61=15 tail=35 gh60=0x4a384e6 W1=0x1b0b,0x12d5,0x183d W2=0x1a18,0x6ac,0x1ace
  r61_witness[08] r61=16 tail=27 gh60=0x4e18cea W1=0x3711,0x2ef4,0x32ec W2=0x361e,0x4af,0x25d1
  r61_witness[09] r61=16 tail=29 gh60=0xce0bbea W1=0xda1,0x2b15,0x3faa W2=0xcae,0x1ed0,0x615
  r61_witness[10] r61=16 tail=30 gh60=0x5729b7a W1=0x3d55,0x2c7,0x789 W2=0x3c62,0x2eca,0x325c
  r61_witness[11] r61=16 tail=31 gh60=0x4639de6 W1=0x3e8b,0x1a79,0x17e4 W2=0x3d98,0x32b5,0x17f2
  r61_witness[12] r61=16 tail=33 gh60=0x44b7dae W1=0x2eb0,0xe4e,0x3556 W2=0x2dbd,0x2716,0xdf7
  r61_witness[13] r61=16 tail=34 gh60=0x4a145ea W1=0x2a9e,0x150a,0x232 W2=0x29ab,0x151d,0x3353
  r61_witness[14] r61=16 tail=35 gh60=0x560c4ea W1=0x150e,0x172e,0xb41 W2=0x141b,0x2b39,0x1007
  r61_witness[15] r61=17 tail=25 gh60=0x470fb6e W1=0x11d0,0x34a4,0x2960 W2=0x10dd,0x17c4,0xb86

D60=0 fiber histogram: 1:7919 2:4708 3:1850 4:1108 5:402 6:213 7:76 8:77 9:24 10:11 11:7 12:8 13:4 14:5 15:1 16:2 18:1
