free_word_mitm_reducedn
N=14 mask=0x3fff msb=0x2000
candidate: M0=0x3d36 mode=random-fallback fill=0x3fff kernel=dM0=dM9=0x2000
prefixes=32768/268435456 mode=permuted-prefix-sample w59_per_prefix=16384 total=536870912
run_mode=scan registry_cap=16
sample_start=66682880
scan_elapsed=19.974s rate=26.88 Mtriples/s

D60 interface
  D60=0 matches: 32707 (random expectation 32768.0, enrichment 0.998x)
  prefixes with D60=0: 16538
  max D60=0 fiber per prefix: 22 at W57=0x10d9 W58=0x1cb9
  largest D60 bucket: D=0x6dd count=33801
  min D60 HW: 0
  D60 HW histogram: 0:32707 1:457576 2:2980427 3:11928222 4:32817543 5:65637267 6:98448518 7:112496531 8:98363486 9:65547230 10:32769698 11:11917863 12:2982096 13:459009 14:32739

Tail closure among D60=0 matches
  final tail collisions: 0
  best r61 HW: 14
  best r61 W1[57..59]=0x2bde,0x8ca,0xb98
  best r61 W2[57..59]=0x2aeb,0x61d,0x28fd
  best tail HW: 22
  best tail r61 HW: 23
  best W1[57..59]=0x4a6,0x260,0x3c1f
  best W2[57..59]=0x3b3,0x2020,0x30f1

SUMMARY N=14 sample_start=66682880 prefixes=32768 total=536870912 d0=32707 best_tail=22 tail_r61=23 best_r61=14 tail_W1=0x4a6,0x260,0x3c1f tail_W2=0x3b3,0x2020,0x30f1 r61_W1=0x2bde,0x8ca,0xb98 r61_W2=0x2aeb,0x61d,0x28fd

Scan-only witness registry
  registry_count=16 registry_cap=16
  witness[00] tail=22 r61=20 gh60=0xcb6c7be W1=0x13b8,0xfbe,0x61c W2=0x12c5,0x1a89,0xc0f
  witness[01] tail=22 r61=23 gh60=0x3bb459a W1=0x4a6,0x260,0x3c1f W2=0x3b3,0x2020,0x30f1
  witness[02] tail=23 r61=18 gh60=0xcf885ae W1=0xa7f,0x1521,0x1338 W2=0x98c,0x3b59,0x5f6
  witness[03] tail=23 r61=30 gh60=0xc77cdae W1=0x36c0,0x1eba,0x1b8b W2=0x35cd,0x16f2,0xf60
  witness[04] tail=24 r61=16 gh60=0x4688caa W1=0x25ed,0x1eb0,0x12ee W2=0x24fa,0x276b,0x1487
  witness[05] tail=24 r61=18 gh60=0x489cb9a W1=0x25aa,0x5d6,0x1cd6 W2=0x24b7,0x3621,0x257f
  witness[06] tail=24 r61=19 gh60=0x4e184e6 W1=0x1413,0x3c06,0x1b1b W2=0x1320,0x1bfd,0x3050
  witness[07] tail=24 r61=20 gh60=0x4d14d6a W1=0x385e,0x2220,0x1f7f W2=0x376b,0x2a68,0x1cb0
  witness[08] tail=24 r61=22 gh60=0xf51c59a W1=0xaca,0x3475,0x1ede W2=0x9d7,0x2061,0x37d5
  witness[09] tail=24 r61=23 gh60=0x39a7baa W1=0x2d72,0x2222,0xf30 W2=0x2c7f,0x3efa,0x3e80
  witness[10] tail=24 r61=25 gh60=0x3bfcdaa W1=0x266e,0xf9c,0x642 W2=0x257b,0x1074,0x27df
  witness[11] tail=25 r61=14 gh60=0x4b1476a W1=0x2bde,0x8ca,0xb98 W2=0x2aeb,0x61d,0x28fd
  witness[12] tail=25 r61=18 gh60=0xc88c4ae W1=0x3b40,0x2698,0x1808 W2=0x3a4d,0x2729,0x36a9
  witness[13] tail=25 r61=22 gh60=0xca984a6 W1=0x2f3,0x3cff,0x1287 W2=0x200,0x3bea,0x1515
  witness[14] tail=25 r61=23 gh60=0x4cac4aa W1=0x432,0xcf5,0xab6 W2=0x33f,0x117a,0x2516
  witness[15] tail=25 r61=24 gh60=0xbd6fcea W1=0x1022,0x164a,0x19c5 W2=0xf2f,0x35a,0x99f

Scan-only r61 registry
  registry_count=16 registry_cap=16
  r61_witness[00] r61=14 tail=25 gh60=0x4b1476a W1=0x2bde,0x8ca,0xb98 W2=0x2aeb,0x61d,0x28fd
  r61_witness[01] r61=15 tail=26 gh60=0xd925b6a W1=0x21d2,0x293d,0xe7b W2=0x20df,0x1045,0x226f
  r61_witness[02] r61=15 tail=26 gh60=0x4897bae W1=0x2db0,0x3a34,0x356b W2=0x2cbd,0x223c,0x30b7
  r61_witness[03] r61=15 tail=28 gh60=0xc909f66 W1=0x3f4b,0xb2c,0x3b0a W2=0x3e58,0x34ec,0x96
  r61_witness[04] r61=15 tail=31 gh60=0x570fd6a W1=0x104e,0x3dd4,0x693 W2=0xf5b,0x26a4,0x3fb7
  r61_witness[05] r61=15 tail=32 gh60=0x5a08be6 W1=0x99b,0x2d88,0x124b W2=0x8a8,0x2fc6,0x2256
  r61_witness[06] r61=15 tail=32 gh60=0x495477a W1=0x2356,0x31b6,0x2a75 W2=0x2263,0x3493,0x1c4e
  r61_witness[07] r61=15 tail=36 gh60=0x46244ea W1=0x2412,0x2941,0x11f9 W2=0x231f,0x303c,0x2e41
  r61_witness[08] r61=16 tail=24 gh60=0x4688caa W1=0x25ed,0x1eb0,0x12ee W2=0x24fa,0x276b,0x1487
  r61_witness[09] r61=16 tail=27 gh60=0x4b1876e W1=0xbcf,0x2bab,0x779 W2=0xadc,0x21e9,0x24a9
  r61_witness[10] r61=16 tail=28 gh60=0x4ba849a W1=0x3329,0x337c,0xfc0 W2=0x3236,0x2bc7,0x1999
  r61_witness[11] r61=16 tail=28 gh60=0x4695caa W1=0x3eee,0x3b50,0x272c W2=0x3dfb,0x3dd4,0x72
  r61_witness[12] r61=16 tail=29 gh60=0xf5984e6 W1=0x3a23,0x1bf4,0x2948 W2=0x3930,0x1875,0xe2a
  r61_witness[13] r61=16 tail=30 gh60=0x450bd6e W1=0xecf,0x3238,0xbff W2=0xddc,0x907,0xa65
  r61_witness[14] r61=16 tail=31 gh60=0x448449a W1=0x142a,0x2580,0x20f3 W2=0x1337,0x1b08,0x14c5
  r61_witness[15] r61=16 tail=32 gh60=0x390876e W1=0x2bcf,0x25ca,0x1ade W2=0x2adc,0x2610,0x1876

D60=0 fiber histogram: 1:8004 2:4738 3:1775 4:1196 5:388 6:220 7:77 8:70 9:21 10:25 11:5 12:8 13:4 14:2 16:2 17:1 18:1 22:1
