free_word_mitm_reducedn
N=14 mask=0x3fff msb=0x2000
candidate: M0=0x3d36 mode=random-fallback fill=0x3fff kernel=dM0=dM9=0x2000
prefixes=32768/268435456 mode=permuted-prefix-sample w59_per_prefix=16384 total=536870912
run_mode=scan registry_cap=16
sample_start=175734784
scan_elapsed=19.823s rate=27.08 Mtriples/s

D60 interface
  D60=0 matches: 32429 (random expectation 32768.0, enrichment 0.990x)
  prefixes with D60=0: 16450
  max D60=0 fiber per prefix: 18 at W57=0x1dda W58=0x8fb
  largest D60 bucket: D=0x99b count=33812
  min D60 HW: 0
  D60 HW histogram: 0:32429 1:456214 2:2979145 3:11920176 4:32794308 5:65638344 6:98430600 7:112480698 8:98409327 9:65576611 10:32781129 11:11906007 12:2977299 13:456305 14:32320

Tail closure among D60=0 matches
  final tail collisions: 0
  best r61 HW: 10
  best r61 W1[57..59]=0x2eff,0x3d09,0x39c3
  best r61 W2[57..59]=0x2e0c,0x260,0x3dc
  best tail HW: 22
  best tail r61 HW: 24
  best W1[57..59]=0x2ae3,0x19b7,0xc92
  best W2[57..59]=0x29f0,0x1a24,0x3e5b

SUMMARY N=14 sample_start=175734784 prefixes=32768 total=536870912 d0=32429 best_tail=22 tail_r61=24 best_r61=10 tail_W1=0x2ae3,0x19b7,0xc92 tail_W2=0x29f0,0x1a24,0x3e5b r61_W1=0x2eff,0x3d09,0x39c3 r61_W2=0x2e0c,0x260,0x3dc

Scan-only witness registry
  registry_count=16 registry_cap=16
  witness[00] tail=22 r61=24 gh60=0xd9a8566 W1=0x2ae3,0x19b7,0xc92 W2=0x29f0,0x1a24,0x3e5b
  witness[01] tail=23 r61=14 gh60=0xc9887aa W1=0x2bb1,0x9a0,0x24b1 W2=0x2abe,0x9f8,0x28e8
  witness[02] tail=23 r61=19 gh60=0x4f0c57a W1=0x4da,0x164f,0x3a4e W2=0x3e7,0x6f0,0x1ff8
  witness[03] tail=23 r61=23 gh60=0xde5bc9a W1=0x2ee9,0xd2f,0x385 W2=0x2df6,0x23ff,0x384f
  witness[04] tail=23 r61=24 gh60=0x4d39d7a W1=0x20d5,0x1a81,0x3b27 W2=0x1fe2,0xf4,0x26b8
  witness[05] tail=24 r61=16 gh60=0x44f85ae W1=0x14bf,0x89d,0xfe1 W2=0x13cc,0x3f45,0x2bc5
  witness[06] tail=24 r61=18 gh60=0xc79c59a W1=0x1c6a,0x149e,0x15ae W2=0x1b77,0x1338,0x2b07
  witness[07] tail=24 r61=19 gh60=0x3a244ea W1=0x2b12,0x1a8a,0x1773 W2=0x2a1f,0x25d5,0x23f0
  witness[08] tail=24 r61=20 gh60=0x4a79c9a W1=0x1de5,0x24d3,0x2444 W2=0x1cf2,0xda3,0x1011
  witness[09] tail=24 r61=27 gh60=0xbdb45ae W1=0xa80,0x28eb,0x3598 W2=0x98d,0xf14,0x1606
  witness[10] tail=24 r61=29 gh60=0xbb1fd6a W1=0x305e,0x32a8,0x11db W2=0x2f6b,0x1d68,0x2d88
  witness[11] tail=25 r61=16 gh60=0xb709d6a W1=0x51,0x1242,0xedf W2=0x3f5e,0x815,0x3be2
  witness[12] tail=25 r61=18 gh60=0x48e9ca6 W1=0x2133,0x1c27,0x3afc W2=0x2040,0x33d1,0x2d55
  witness[13] tail=25 r61=19 gh60=0x3a0c49a W1=0xd0a,0x1679,0x2b40 W2=0xc17,0x3d81,0x3e09
  witness[14] tail=25 r61=20 gh60=0x4edc5fa W1=0xc96,0x210e,0x150a W2=0xba3,0xaf,0x13c7
  witness[15] tail=25 r61=20 gh60=0x46b8f9a W1=0x3769,0x1dc9,0x225e W2=0x3676,0x2b67,0x35f3

Scan-only r61 registry
  registry_count=16 registry_cap=16
  r61_witness[00] r61=10 tail=34 gh60=0x4a8bcae W1=0x2eff,0x3d09,0x39c3 W2=0x2e0c,0x260,0x3dc
  r61_witness[01] r61=14 tail=23 gh60=0xc9887aa W1=0x2bb1,0x9a0,0x24b1 W2=0x2abe,0x9f8,0x28e8
  r61_witness[02] r61=14 tail=33 gh60=0x5b0bb66 W1=0x2d5b,0x1aa8,0x3377 W2=0x2c68,0x13f4,0x1bbf
  r61_witness[03] r61=14 tail=34 gh60=0x48a8f9a W1=0x17a9,0x1b65,0x2cfb W2=0x16b6,0x2a87,0x9ea
  r61_witness[04] r61=15 tail=29 gh60=0x5d19d6a W1=0x5d,0x1fe4,0x367b W2=0x3f6a,0x25a3,0x36db
  r61_witness[05] r61=15 tail=29 gh60=0x5a07dfa W1=0xe9a,0x2c94,0x9c2 W2=0xda7,0xf68,0x3329
  r61_witness[06] r61=15 tail=29 gh60=0xd905f7a W1=0x3f5a,0x102c,0x2da2 W2=0x3e67,0x3a48,0x2ea7
  r61_witness[07] r61=15 tail=31 gh60=0x4a044fa W1=0x141a,0x32b6,0x28de W2=0x1327,0x25a3,0x2db3
  r61_witness[08] r61=15 tail=32 gh60=0x458fdae W1=0xec0,0x3523,0x961 W2=0xdcd,0x7df,0x2988
  r61_witness[09] r61=16 tail=24 gh60=0x44f85ae W1=0x14bf,0x89d,0xfe1 W2=0x13cc,0x3f45,0x2bc5
  r61_witness[10] r61=16 tail=25 gh60=0xb709d6a W1=0x51,0x1242,0xedf W2=0x3f5e,0x815,0x3be2
  r61_witness[11] r61=16 tail=30 gh60=0x5ae9d9a W1=0x2065,0x2c3e,0x1806 W2=0x1f72,0x172e,0x7cd
  r61_witness[12] r61=16 tail=31 gh60=0xd5a859a W1=0x1a65,0x1f24,0x345c W2=0x1972,0x1b55,0x37a
  r61_witness[13] r61=16 tail=32 gh60=0xc8844ba W1=0x1b3a,0x27a8,0x249c W2=0x1a47,0x1e5f,0x2f1c
  r61_witness[14] r61=16 tail=33 gh60=0x4a144ea W1=0x2b0e,0x1b38,0x3c64 W2=0x2a1b,0x263f,0x2e51
  r61_witness[15] r61=16 tail=34 gh60=0xc6b8daa W1=0x66d,0x39f2,0x16bd W2=0x57a,0xad5,0x3337

D60=0 fiber histogram: 1:8068 2:4664 3:1770 4:1043 5:451 6:227 7:82 8:74 9:20 10:22 11:7 12:12 13:3 14:3 15:2 18:2
