free_word_mitm_reducedn
N=14 mask=0x3fff msb=0x2000
candidate: M0=0x3d36 mode=random-fallback fill=0x3fff kernel=dM0=dM9=0x2000
prefixes=32768/268435456 mode=permuted-prefix-sample w59_per_prefix=16384 total=536870912
run_mode=scan registry_cap=16
sample_start=228163584
scan_elapsed=20.717s rate=25.91 Mtriples/s

D60 interface
  D60=0 matches: 32376 (random expectation 32768.0, enrichment 0.988x)
  prefixes with D60=0: 16461
  max D60=0 fiber per prefix: 25 at W57=0xd99 W58=0x3f1b
  largest D60 bucket: D=0x29b9 count=33859
  min D60 HW: 0
  D60 HW histogram: 0:32376 1:456256 2:2982075 3:11937702 4:32856380 5:65728789 6:98538377 7:112509574 8:98340703 9:65475354 10:32695903 11:11869617 12:2961161 13:454618 14:32027

Tail closure among D60=0 matches
  final tail collisions: 0
  best r61 HW: 15
  best r61 W1[57..59]=0x121,0x302a,0x1949
  best r61 W2[57..59]=0x2e,0x3251,0x26ef
  best tail HW: 22
  best tail r61 HW: 15
  best W1[57..59]=0x121,0x302a,0x1949
  best W2[57..59]=0x2e,0x3251,0x26ef

SUMMARY N=14 sample_start=228163584 prefixes=32768 total=536870912 d0=32376 best_tail=22 tail_r61=15 best_r61=15 tail_W1=0x121,0x302a,0x1949 tail_W2=0x2e,0x3251,0x26ef r61_W1=0x121,0x302a,0x1949 r61_W2=0x2e,0x3251,0x26ef

Scan-only witness registry
  registry_count=16 registry_cap=16
  witness[00] tail=22 r61=15 gh60=0x4e09cea W1=0x121,0x302a,0x1949 W2=0x2e,0x3251,0x26ef
  witness[01] tail=22 r61=21 gh60=0x36084ee W1=0x2b1f,0x2076,0x12dd W2=0x2a2c,0x80,0x3361
  witness[02] tail=23 r61=16 gh60=0x4a8bdaa W1=0xe81,0x2606,0x2026 W2=0xd8e,0x1965,0x34be
  witness[03] tail=23 r61=20 gh60=0xcf6c57a W1=0x3456,0x377f,0xa2d W2=0x3363,0x2414,0x3940
  witness[04] tail=23 r61=24 gh60=0xda0fcee W1=0x3020,0x1940,0x322b W2=0x2f2d,0x2084,0x2b77
  witness[05] tail=24 r61=20 gh60=0xba17cea W1=0x301e,0x3997,0x3b57 W2=0x2f2b,0x30bb,0x38a9
  witness[06] tail=24 r61=22 gh60=0x5914b6e W1=0x15d0,0x17e0,0x1fd2 W2=0x14dd,0x2604,0x2731
  witness[07] tail=25 r61=15 gh60=0x7888caa W1=0x3731,0x2747,0x1184 W2=0x363e,0x3a86,0x3ca3
  witness[08] tail=25 r61=21 gh60=0x3d28d7a W1=0x26d5,0x2a30,0x15b1 W2=0x25e2,0x17ff,0x25c1
  witness[09] tail=25 r61=21 gh60=0x4ab8caa W1=0x35f1,0x2587,0x6b7 W2=0x34fe,0x3d86,0x1514
  witness[10] tail=25 r61=23 gh60=0x7e847ba W1=0x3b7a,0x27d8,0x114a W2=0x3a87,0x2b23,0x338f
  witness[11] tail=25 r61=24 gh60=0xba384fe W1=0x1217,0x2750,0x1d68 W2=0x1124,0x4f8,0x1725
  witness[12] tail=26 r61=18 gh60=0x4e04be6 W1=0x198c,0x15f8,0x3b41 W2=0x1899,0x2847,0x3f38
  witness[13] tail=26 r61=19 gh60=0x4ba8fba W1=0x779,0x142e,0x1f39 W2=0x686,0x12b9,0x37a2
  witness[14] tail=26 r61=20 gh60=0xcaabb9a W1=0x2d65,0x74b,0x27f5 W2=0x2c72,0x21df,0x1931
  witness[15] tail=26 r61=23 gh60=0x4e0c4ee W1=0xd20,0x14a9,0x3217 W2=0xc2d,0x444,0x34db

Scan-only r61 registry
  registry_count=16 registry_cap=16
  r61_witness[00] r61=15 tail=22 gh60=0x4e09cea W1=0x121,0x302a,0x1949 W2=0x2e,0x3251,0x26ef
  r61_witness[01] r61=15 tail=25 gh60=0x7888caa W1=0x3731,0x2747,0x1184 W2=0x363e,0x3a86,0x3ca3
  r61_witness[02] r61=15 tail=28 gh60=0x4d19d6e W1=0x4f,0x3919,0x3b9a W2=0x3f5c,0x1eec,0x3aaf
  r61_witness[03] r61=15 tail=29 gh60=0x5504566 W1=0xadc,0x992,0x9fd W2=0x9e9,0x16ca,0x2f16
  r61_witness[04] r61=15 tail=31 gh60=0x4b09b6e W1=0x3d4f,0x3676,0x16f3 W2=0x3c5c,0x3299,0x38e5
  r61_witness[05] r61=15 tail=33 gh60=0xc8b8cae W1=0x273f,0x3978,0x11b2 W2=0x264c,0x14c7,0x399c
  r61_witness[06] r61=15 tail=34 gh60=0x458c4aa W1=0x3bfe,0x2e22,0x1c4 W2=0x3b0b,0x4d3,0x99f
  r61_witness[07] r61=16 tail=23 gh60=0x4a8bdaa W1=0xe81,0x2606,0x2026 W2=0xd8e,0x1965,0x34be
  r61_witness[08] r61=16 tail=27 gh60=0xbd1fd6e W1=0x3050,0x7f2,0x1f0e W2=0x2f5d,0x1ac2,0x16bb
  r61_witness[09] r61=16 tail=28 gh60=0x4918b66 W1=0x395b,0x3771,0x7c W2=0x3868,0xd43,0xd7a
  r61_witness[10] r61=16 tail=29 gh60=0xca07be6 W1=0x318c,0x675,0x43f W2=0x3099,0x46,0x124a
  r61_witness[11] r61=16 tail=30 gh60=0xcb08566 W1=0xacb,0xebf,0x13a W2=0x9d8,0x1f0a,0x28e2
  r61_witness[12] r61=16 tail=31 gh60=0x36044e6 W1=0x231c,0x3d8b,0x1105 W2=0x2229,0xf61,0x753
  r61_witness[13] r61=16 tail=34 gh60=0x46acca6 W1=0x18f4,0x3f7d,0x1359 W2=0x1801,0x19aa,0x2a3f
  r61_witness[14] r61=16 tail=34 gh60=0xc6284a6 W1=0x1c03,0x251f,0x1471 W2=0x1b10,0x21c,0x18da
  r61_witness[15] r61=16 tail=35 gh60=0x5d0449a W1=0x24a,0xc5b,0x36e9 W2=0x157,0x30a5,0x2e98

D60=0 fiber histogram: 1:8077 2:4740 3:1699 4:1077 5:413 6:213 7:93 8:69 9:34 10:22 11:5 12:4 13:3 14:6 16:1 17:1 18:1 20:2 25:1
