free_word_mitm_reducedn
N=14 mask=0x3fff msb=0x2000
candidate: M0=0x3d36 mode=random-fallback fill=0x3fff kernel=dM0=dM9=0x2000
prefixes=32768/268435456 mode=permuted-prefix-sample w59_per_prefix=16384 total=536870912
run_mode=scan registry_cap=16
sample_start=84312064
scan_elapsed=19.655s rate=27.32 Mtriples/s

D60 interface
  D60=0 matches: 33419 (random expectation 32768.0, enrichment 1.020x)
  prefixes with D60=0: 16771
  max D60=0 fiber per prefix: 27 at W57=0x1da2 W58=0x3628
  largest D60 bucket: D=0x11c8 count=33705
  min D60 HW: 0
  D60 HW histogram: 0:33419 1:457505 2:2982381 3:11918338 4:32760745 5:65546340 6:98376111 7:112469933 8:98439783 9:65649476 10:32829110 11:11933065 12:2983519 13:458129 14:33058

Tail closure among D60=0 matches
  final tail collisions: 0
  best r61 HW: 13
  best r61 W1[57..59]=0x315d,0x2951,0xcc6
  best r61 W2[57..59]=0x306a,0x57c,0x2769
  best tail HW: 21
  best tail r61 HW: 26
  best W1[57..59]=0x5b8,0x146,0x7e7
  best W2[57..59]=0x4c5,0x394e,0xeea

SUMMARY N=14 sample_start=84312064 prefixes=32768 total=536870912 d0=33419 best_tail=21 tail_r61=26 best_r61=13 tail_W1=0x5b8,0x146,0x7e7 tail_W2=0x4c5,0x394e,0xeea r61_W1=0x315d,0x2951,0xcc6 r61_W2=0x306a,0x57c,0x2769

Scan-only witness registry
  registry_count=16 registry_cap=16
  witness[00] tail=21 r61=26 gh60=0xd7f4bbe W1=0x5b8,0x146,0x7e7 W2=0x4c5,0x394e,0xeea
  witness[01] tail=23 r61=14 gh60=0xc91cb66 W1=0x394c,0x3c0b,0x3d W2=0x3859,0x15ea,0xdaf
  witness[02] tail=23 r61=19 gh60=0x4c9c4ae W1=0x1c40,0x2f16,0x3b6a W2=0x1b4d,0x1b27,0x1ef9
  witness[03] tail=23 r61=21 gh60=0x4b74f6a W1=0x37ce,0x1678,0xc3c W2=0x36db,0x2994,0x2024
  witness[04] tail=24 r61=15 gh60=0x36044fa W1=0x2b1a,0xb33,0x3a8e W2=0x2a27,0x3670,0x2fa2
  witness[05] tail=24 r61=16 gh60=0xcca4da6 W1=0x16b4,0x1b52,0x3581 W2=0x15c1,0x22a7,0x2bf2
  witness[06] tail=24 r61=26 gh60=0x75f8ba6 W1=0x583,0x15b7,0x3596 W2=0x490,0x1e1b,0x1b01
  witness[07] tail=24 r61=29 gh60=0x5fbccaa W1=0x35fe,0xcc,0x18b1 W2=0x350b,0x197c,0x32cf
  witness[08] tail=25 r61=18 gh60=0x4e884aa W1=0x22f1,0x1fb9,0x1c2 W2=0x21fe,0x2879,0x573
  witness[09] tail=25 r61=19 gh60=0xca29d9a W1=0x1e89,0x2f34,0x3e6a W2=0x1d96,0x1270,0x2967
  witness[10] tail=25 r61=19 gh60=0xc8844ba W1=0x253a,0x1fd7,0x95e W2=0x2447,0x68a,0x460
  witness[11] tail=25 r61=21 gh60=0xf885c9a W1=0x212a,0x63c,0x3c4f W2=0x2037,0x2885,0x1f16
  witness[12] tail=25 r61=21 gh60=0x7934b6a W1=0x355e,0x1fec,0x2f8 W2=0x346b,0x2de4,0x1931
  witness[13] tail=25 r61=22 gh60=0xdf1856e W1=0x44f,0x2199,0x349e W2=0x35c,0xe6f,0x1643
  witness[14] tail=25 r61=22 gh60=0x45d8cbe W1=0x25f7,0xd17,0x3869 W2=0x2504,0x1d7a,0x2350
  witness[15] tail=25 r61=23 gh60=0x479dba6 W1=0x216c,0x2961,0x3b93 W2=0x2079,0x2b38,0x3d50

Scan-only r61 registry
  registry_count=16 registry_cap=16
  r61_witness[00] r61=13 tail=26 gh60=0x470bb6a W1=0x315d,0x2951,0xcc6 W2=0x306a,0x57c,0x2769
  r61_witness[01] r61=14 tail=23 gh60=0xc91cb66 W1=0x394c,0x3c0b,0x3d W2=0x3859,0x15ea,0xdaf
  r61_witness[02] r61=15 tail=24 gh60=0x36044fa W1=0x2b1a,0xb33,0x3a8e W2=0x2a27,0x3670,0x2fa2
  r61_witness[03] r61=15 tail=29 gh60=0x4e087e6 W1=0x2b9b,0x3c1f,0x321b W2=0x2aa8,0x25de,0x1c89
  r61_witness[04] r61=15 tail=33 gh60=0x4a184ea W1=0x121d,0x2de5,0x2146 W2=0x112a,0x297,0x9dd
  r61_witness[05] r61=15 tail=34 gh60=0xca245ea W1=0x1292,0x112f,0x1ce6 W2=0x119f,0x2ad6,0x1cb8
  r61_witness[06] r61=16 tail=24 gh60=0xcca4da6 W1=0x16b4,0x1b52,0x3581 W2=0x15c1,0x22a7,0x2bf2
  r61_witness[07] r61=16 tail=26 gh60=0x5da84ba W1=0x1c39,0x1e51,0x3d6d W2=0x1b46,0x1353,0xdf9
  r61_witness[08] r61=16 tail=27 gh60=0xc8e5fea W1=0x1fa2,0x3e71,0x3f1 W2=0x1eaf,0x2c95,0xdea
  r61_witness[09] r61=16 tail=28 gh60=0xcd885aa W1=0x2281,0x2d8b,0x3c63 W2=0x218e,0x2b23,0x3a8c
  r61_witness[10] r61=16 tail=30 gh60=0x4898caa W1=0x2931,0x304f,0xb70 W2=0x283e,0x328e,0x2558
  r61_witness[11] r61=16 tail=32 gh60=0x4ae9d7e W1=0x1e57,0x1cee,0x2ef W2=0x1d64,0x211d,0x11ea
  r61_witness[12] r61=16 tail=32 gh60=0xca3c49a W1=0x3206,0x660,0x2442 W2=0x3113,0x3b76,0x6ab
  r61_witness[13] r61=16 tail=35 gh60=0x4e0c4fa W1=0xa1a,0xafa,0x28d5 W2=0x927,0x2fe7,0x29b1
  r61_witness[14] r61=16 tail=35 gh60=0x448459a W1=0x24aa,0xfd6,0x290a W2=0x23b7,0x3d82,0xd78
  r61_witness[15] r61=16 tail=35 gh60=0x4a084ea W1=0x3411,0x2696,0x23de W2=0x331e,0xa0,0x1670

D60=0 fiber histogram: 1:8111 2:4754 3:1881 4:1124 5:398 6:249 7:88 8:93 9:24 10:21 11:7 12:7 13:4 14:2 15:1 16:3 17:1 20:1 23:1 27:1
