free_word_mitm_reducedn
N=14 mask=0x3fff msb=0x2000
candidate: M0=0x3d36 mode=random-fallback fill=0x3fff kernel=dM0=dM9=0x2000
prefixes=32768/268435456 mode=permuted-prefix-sample w59_per_prefix=16384 total=536870912
run_mode=scan registry_cap=16
sample_start=253460480
scan_elapsed=19.577s rate=27.42 Mtriples/s

D60 interface
  D60=0 matches: 32394 (random expectation 32768.0, enrichment 0.989x)
  prefixes with D60=0: 16439
  max D60=0 fiber per prefix: 19 at W57=0x1fe9 W58=0x1581
  largest D60 bucket: D=0x2964 count=33941
  min D60 HW: 0
  D60 HW histogram: 0:32394 1:457344 2:2974492 3:11901268 4:32766094 5:65599519 6:98413168 7:112496376 8:98440351 9:65605112 10:32789776 11:11925346 12:2978342 13:458728 14:32602

Tail closure among D60=0 matches
  final tail collisions: 0
  best r61 HW: 14
  best r61 W1[57..59]=0x38c,0x881,0x23e6
  best r61 W2[57..59]=0x299,0x35cb,0x1283
  best tail HW: 20
  best tail r61 HW: 21
  best W1[57..59]=0x1a33,0x3206,0x3bce
  best W2[57..59]=0x1940,0x2d73,0x1a9f

SUMMARY N=14 sample_start=253460480 prefixes=32768 total=536870912 d0=32394 best_tail=20 tail_r61=21 best_r61=14 tail_W1=0x1a33,0x3206,0x3bce tail_W2=0x1940,0x2d73,0x1a9f r61_W1=0x38c,0x881,0x23e6 r61_W2=0x299,0x35cb,0x1283

Scan-only witness registry
  registry_count=16 registry_cap=16
  witness[00] tail=20 r61=21 gh60=0xccb84a6 W1=0x1a33,0x3206,0x3bce W2=0x1940,0x2d73,0x1a9f
  witness[01] tail=21 r61=16 gh60=0xfa784ae W1=0x3aef,0x2b86,0x32cd W2=0x39fc,0x1da6,0x93d
  witness[02] tail=22 r61=18 gh60=0x4604c9a W1=0x60a,0x2c58,0xa82 W2=0x517,0x161f,0x2d5b
  witness[03] tail=23 r61=17 gh60=0xcf5cb9e W1=0x39c8,0x32e9,0xccc W2=0x38d5,0x373c,0xa26
  witness[04] tail=23 r61=21 gh60=0xcfe849a W1=0x2c45,0x9dc,0x236b W2=0x2b52,0x3067,0x2ed4
  witness[05] tail=24 r61=21 gh60=0x399c4ae W1=0x2d40,0x1704,0x21a4 W2=0x2c4d,0x415,0x3c26
  witness[06] tail=24 r61=24 gh60=0x5a78ca6 W1=0x7f3,0xf12,0x14d W2=0x700,0x1a3e,0x39f
  witness[07] tail=25 r61=20 gh60=0x488bbae W1=0x31bf,0x2d18,0x1d9e W2=0x30cc,0x151b,0x282c
  witness[08] tail=25 r61=21 gh60=0x59944ae W1=0x300,0x3fa8,0x293 W2=0x20d,0x2f39,0x10af
  witness[09] tail=25 r61=21 gh60=0x5a18c9a W1=0x805,0x3baf,0xac5 W2=0x712,0x1f3d,0x3c67
  witness[10] tail=25 r61=21 gh60=0x4fdc49e W1=0x1328,0x6e5,0x283f W2=0x1235,0x2719,0x66c
  witness[11] tail=25 r61=22 gh60=0xcae859a W1=0x1a65,0x44c,0x1ac8 W2=0x1972,0x7d,0x1f12
  witness[12] tail=25 r61=23 gh60=0xc6a4ca6 W1=0x16f4,0x1db2,0x2729 W2=0x1601,0x195f,0x30b4
  witness[13] tail=25 r61=23 gh60=0xdfa9c9a W1=0x2129,0x1356,0x1b3d W2=0x2036,0x31aa,0x3a62
  witness[14] tail=25 r61=24 gh60=0xc9b8cba W1=0x6f5,0x28a1,0x1854 W2=0x602,0xd20,0x323c
  witness[15] tail=25 r61=24 gh60=0x763cde6 W1=0x1894,0x3cd6,0x3d18 W2=0x17a1,0x1d25,0x154c

Scan-only r61 registry
  registry_count=16 registry_cap=16
  r61_witness[00] r61=14 tail=33 gh60=0x5e047e6 W1=0x38c,0x881,0x23e6 W2=0x299,0x35cb,0x1283
  r61_witness[01] r61=15 tail=30 gh60=0xc6e8f7a W1=0x755,0x9f0,0xe04 W2=0x662,0x360f,0x347e
  r61_witness[02] r61=15 tail=30 gh60=0x5a284fe W1=0x2b17,0x34b9,0x777 W2=0x2a24,0x33d1,0x1afd
  r61_witness[03] r61=15 tail=31 gh60=0xc8a8ca6 W1=0x733,0x889,0x2463 W2=0x640,0x4b5,0x1fa9
  r61_witness[04] r61=15 tail=32 gh60=0xf888baa W1=0x15bd,0x1436,0x3777 W2=0x14ca,0x1439,0x2f93
  r61_witness[05] r61=16 tail=21 gh60=0xfa784ae W1=0x3aef,0x2b86,0x32cd W2=0x39fc,0x1da6,0x93d
  r61_witness[06] r61=16 tail=26 gh60=0x3a35bea W1=0x1d8e,0x24db,0x329b W2=0x1c9b,0x256b,0x3ca0
  r61_witness[07] r61=16 tail=26 gh60=0x462859a W1=0x3c85,0x2487,0x33ca W2=0x3b92,0x237a,0x3093
  r61_witness[08] r61=16 tail=28 gh60=0x462849a W1=0x405,0x36de,0x4bc W2=0x312,0x1d6b,0xe19
  r61_witness[09] r61=16 tail=28 gh60=0x4b8c7a6 W1=0x236c,0x2ca3,0x409 W2=0x2279,0x17f9,0x3eaa
  r61_witness[10] r61=16 tail=31 gh60=0x4669b9a W1=0x2189,0x3890,0x1042 W2=0x2096,0x386c,0x3b65
  r61_witness[11] r61=16 tail=32 gh60=0xca3bdea W1=0xe91,0x1978,0x25e9 W2=0xd9e,0xcd3,0xc82
  r61_witness[12] r61=16 tail=36 gh60=0xc4885aa W1=0x24bd,0x310c,0x26f3 W2=0x23ca,0x90,0x2f3b
  r61_witness[13] r61=16 tail=38 gh60=0x462849a W1=0x405,0x36de,0x5ac W2=0x312,0x1d6b,0xf09
  r61_witness[14] r61=17 tail=23 gh60=0xcf5cb9e W1=0x39c8,0x32e9,0xccc W2=0x38d5,0x373c,0xa26
  r61_witness[15] r61=17 tail=28 gh60=0x4f08b6a W1=0x95d,0x1c9e,0x123e W2=0x86a,0x6cd,0x3371

D60=0 fiber histogram: 1:7976 2:4731 3:1815 4:1077 5:402 6:208 7:89 8:70 9:24 10:25 11:4 12:4 13:6 14:2 15:1 16:4 19:1
