free_word_mitm_reducedn
N=14 mask=0x3fff msb=0x2000
candidate: M0=0x3d36 mode=random-fallback fill=0x3fff kernel=dM0=dM9=0x2000
prefixes=32768/268435456 mode=permuted-prefix-sample w59_per_prefix=16384 total=536870912
run_mode=scan registry_cap=16
sample_start=158498816
scan_elapsed=16.687s rate=32.17 Mtriples/s

D60 interface
  D60=0 matches: 32730 (random expectation 32768.0, enrichment 0.999x)
  prefixes with D60=0: 16535
  max D60=0 fiber per prefix: 17 at W57=0x2dd5 W58=0xcad
  largest D60 bucket: D=0x1ac8 count=33760
  min D60 HW: 0
  D60 HW histogram: 0:32730 1:458814 2:2975243 3:11928304 4:32813894 5:65637286 6:98449019 7:112460375 8:98369301 9:65573541 10:32783543 11:11923302 12:2974692 13:458357 14:32511

Tail closure among D60=0 matches
  final tail collisions: 0
  best r61 HW: 13
  best r61 W1[57..59]=0x21b1,0x1169,0x3055
  best r61 W2[57..59]=0x20be,0xa80,0x3415
  best tail HW: 20
  best tail r61 HW: 18
  best W1[57..59]=0xda7,0x3f9a,0x1903
  best W2[57..59]=0xcb4,0x25c2,0x35b7

SUMMARY N=14 sample_start=158498816 prefixes=32768 total=536870912 d0=32730 best_tail=20 tail_r61=18 best_r61=13 tail_W1=0xda7,0x3f9a,0x1903 tail_W2=0xcb4,0x25c2,0x35b7 r61_W1=0x21b1,0x1169,0x3055 r61_W2=0x20be,0xa80,0x3415

Scan-only witness registry
  registry_count=16 registry_cap=16
  witness[00] tail=20 r61=13 gh60=0x7899baa W1=0x21b1,0x1169,0x3055 W2=0x20be,0xa80,0x3415
  witness[01] tail=20 r61=18 gh60=0x48dbb9e W1=0xda7,0x3f9a,0x1903 W2=0xcb4,0x25c2,0x35b7
  witness[02] tail=22 r61=20 gh60=0xccb85ae W1=0x2aaf,0x567,0x2121 W2=0x29bc,0x281f,0x1574
  witness[03] tail=22 r61=26 gh60=0xbbbcbaa W1=0x39ae,0x2c88,0x10ae W2=0x38bb,0x38d0,0x120f
  witness[04] tail=23 r61=25 gh60=0x7bb449a W1=0x1ce6,0x2a37,0xe27 W2=0x1bf3,0x20cd,0x23d5
  witness[05] tail=24 r61=18 gh60=0xcd0c56a W1=0xcce,0x33d9,0x30bd W2=0xbdb,0x3208,0x3361
  witness[06] tail=24 r61=20 gh60=0xb937f6a W1=0x2f5e,0xa2d,0x1334 W2=0x2e6b,0x393d,0x2e57
  witness[07] tail=24 r61=23 gh60=0xc924b6a W1=0x1952,0x106c,0x2fa5 W2=0x185f,0x126c,0x1c1f
  witness[08] tail=24 r61=25 gh60=0x45fcd6a W1=0x265e,0x3a71,0x107b W2=0x256b,0x3bcd,0x2093
  witness[09] tail=24 r61=27 gh60=0xce7bde6 W1=0x2e93,0x2fa2,0x3047 W2=0x2da0,0x1d72,0x1d05
  witness[10] tail=25 r61=16 gh60=0xcb28d7e W1=0x3857,0x924,0x2028 W2=0x3764,0x1cf7,0x1de1
  witness[11] tail=25 r61=20 gh60=0xfe184e6 W1=0x2a0b,0x1974,0x912 W2=0x2918,0x2457,0x2834
  witness[12] tail=25 r61=22 gh60=0xd968bbe W1=0x5b7,0x2ec,0x2d02 W2=0x4c4,0x3b03,0x41e
  witness[13] tail=25 r61=23 gh60=0xcf5cfba W1=0x37b6,0x328f,0x34f6 W2=0x36c3,0x9b,0x8d2
  witness[14] tail=25 r61=24 gh60=0xb619cea W1=0x2021,0x3f39,0x13df W2=0x1f2e,0x1b0,0x69b
  witness[15] tail=25 r61=27 gh60=0xc639da6 W1=0x3e83,0x3dc8,0x2332 W2=0x3d90,0x38aa,0x36cf

Scan-only r61 registry
  registry_count=16 registry_cap=16
  r61_witness[00] r61=13 tail=20 gh60=0x7899baa W1=0x21b1,0x1169,0x3055 W2=0x20be,0xa80,0x3415
  r61_witness[01] r61=14 tail=26 gh60=0x55885aa W1=0x22b1,0x1783,0x8e5 W2=0x21be,0x139b,0x272
  r61_witness[02] r61=15 tail=30 gh60=0x4a99bba W1=0x3d75,0xa63,0x2ff2 W2=0x3c82,0x3ce6,0x14d6
  r61_witness[03] r61=15 tail=36 gh60=0x4b1876e W1=0xbdf,0x383e,0x2d05 W2=0xaec,0x2f68,0x2cce
  r61_witness[04] r61=16 tail=25 gh60=0xcb28d7e W1=0x3857,0x924,0x2028 W2=0x3764,0x1cf7,0x1de1
  r61_witness[05] r61=16 tail=26 gh60=0x4a884aa W1=0x2bfd,0x3087,0x32b1 W2=0x2b0a,0x3633,0x3e39
  r61_witness[06] r61=16 tail=28 gh60=0x565c49a W1=0xb06,0x2c7d,0x5e9 W2=0xa13,0x14d1,0x3323
  r61_witness[07] r61=16 tail=28 gh60=0x495bb7a W1=0x2dd9,0xfea,0x317a W2=0x2ce6,0x129,0x3077
  r61_witness[08] r61=16 tail=31 gh60=0xca54ffa W1=0x1796,0x12c7,0x224 W2=0x16a3,0x1f57,0x2d0b
  r61_witness[09] r61=16 tail=32 gh60=0xc499dba W1=0x1eb5,0xe19,0x11ca W2=0x1dc2,0x3c6c,0x12ac
  r61_witness[10] r61=16 tail=33 gh60=0x4a04de6 W1=0x68c,0x39a,0x931 W2=0x599,0x1ed5,0x25bc
  r61_witness[11] r61=16 tail=35 gh60=0x56845ba W1=0x327a,0x2f3b,0x981 W2=0x3187,0x2ac6,0x1b5f
  r61_witness[12] r61=16 tail=36 gh60=0x4f29f66 W1=0x3fd3,0xc7c,0x1de2 W2=0x3ee0,0x2e44,0x1114
  r61_witness[13] r61=17 tail=26 gh60=0xf88fcaa W1=0xf2e,0x1d71,0x1463 W2=0xe3b,0xc71,0x268d
  r61_witness[14] r61=17 tail=26 gh60=0x45b9c9a W1=0x1e29,0x540,0x29eb W2=0x1d36,0x29d4,0x27ca
  r61_witness[15] r61=17 tail=26 gh60=0xb907b66 W1=0x31dc,0x2a19,0xc31 W2=0x30e9,0x1e66,0x2fe9

D60=0 fiber histogram: 1:7974 2:4767 3:1820 4:1110 5:442 6:196 7:80 8:62 9:32 10:23 11:11 12:10 13:1 14:2 15:1 16:3 17:1
