free_word_mitm_reducedn
N=14 mask=0x3fff msb=0x2000
candidate: M0=0x3d36 mode=random-fallback fill=0x3fff kernel=dM0=dM9=0x2000
prefixes=32768/268435456 mode=permuted-prefix-sample w59_per_prefix=16384 total=536870912
run_mode=scan registry_cap=16
sample_start=26083328
scan_elapsed=17.685s rate=30.36 Mtriples/s

D60 interface
  D60=0 matches: 32282 (random expectation 32768.0, enrichment 0.985x)
  prefixes with D60=0: 16479
  max D60=0 fiber per prefix: 14 at W57=0x1a2b W58=0x111e
  largest D60 bucket: D=0xaf6 count=33820
  min D60 HW: 0
  D60 HW histogram: 0:32282 1:458197 2:2979466 3:11918002 4:32785565 5:65556838 6:98357505 7:112478380 8:98441323 9:65641698 10:32819390 11:11929066 12:2983068 13:457300 14:32832

Tail closure among D60=0 matches
  final tail collisions: 0
  best r61 HW: 11
  best r61 W1[57..59]=0x3fb3,0x239a,0x1fc5
  best r61 W2[57..59]=0x3ec0,0x77c,0x3661
  best tail HW: 22
  best tail r61 HW: 21
  best W1[57..59]=0xc4c,0x229,0x1025
  best W2[57..59]=0xb59,0x387d,0x30c3

SUMMARY N=14 sample_start=26083328 prefixes=32768 total=536870912 d0=32282 best_tail=22 tail_r61=21 best_r61=11 tail_W1=0xc4c,0x229,0x1025 tail_W2=0xb59,0x387d,0x30c3 r61_W1=0x3fb3,0x239a,0x1fc5 r61_W2=0x3ec0,0x77c,0x3661

Scan-only witness registry
  registry_count=16 registry_cap=16
  witness[00] tail=22 r61=21 gh60=0xc71c566 W1=0xc4c,0x229,0x1025 W2=0xb59,0x387d,0x30c3
  witness[01] tail=23 r61=11 gh60=0x49a9fa6 W1=0x3fb3,0x239a,0x1fc5 W2=0x3ec0,0x77c,0x3661
  witness[02] tail=23 r61=17 gh60=0x48bc4a6 W1=0x32c,0x10af,0xfda W2=0x239,0x1f0d,0x25b6
  witness[03] tail=24 r61=17 gh60=0xca687be W1=0x2377,0x2a22,0x152f W2=0x2284,0x256c,0x28e8
  witness[04] tail=24 r61=23 gh60=0x4fa45e6 W1=0x32a4,0x2822,0x3cd3 W2=0x31b1,0x2a7e,0x3030
  witness[05] tail=24 r61=24 gh60=0xc6b9bba W1=0x2179,0x958,0x169d W2=0x2086,0x7df,0xea1
  witness[06] tail=25 r61=14 gh60=0x5b0477a W1=0xbda,0x343d,0x255a W2=0xae7,0x270e,0xd0f
  witness[07] tail=25 r61=20 gh60=0xca2dcfe W1=0x2118,0x363f,0x389f W2=0x2025,0x127,0xac4
  witness[08] tail=25 r61=20 gh60=0xca247ea W1=0x2392,0x16d9,0x11f6 W2=0x229f,0x9ac,0xe58
  witness[09] tail=25 r61=22 gh60=0x3a284fe W1=0x1317,0x2db9,0x3b W2=0x1224,0x3f51,0x3c81
  witness[10] tail=25 r61=23 gh60=0xc7adc9a W1=0x1ee6,0x1f9b,0xa05 W2=0x1df3,0xb0,0x3c71
  witness[11] tail=25 r61=24 gh60=0xcb07b66 W1=0x115c,0x1df3,0x1e5a W2=0x1069,0x1040,0x3f1
  witness[12] tail=25 r61=25 gh60=0xc5ebd7a W1=0xed5,0x3ded,0x156d W2=0xde2,0x1c38,0xc5
  witness[13] tail=26 r61=16 gh60=0xd8a4fa6 W1=0x37b4,0x3ec,0x214a W2=0x36c1,0x3941,0x2ab9
  witness[14] tail=26 r61=20 gh60=0x4e25be6 W1=0x194,0x341a,0x3caf W2=0xa1,0x37f7,0x109b
  witness[15] tail=26 r61=20 gh60=0xda8bfa6 W1=0xf6b,0x38aa,0xb91 W2=0xe78,0x9f0,0x2d93

Scan-only r61 registry
  registry_count=16 registry_cap=16
  r61_witness[00] r61=11 tail=23 gh60=0x49a9fa6 W1=0x3fb3,0x239a,0x1fc5 W2=0x3ec0,0x77c,0x3661
  r61_witness[01] r61=13 tail=29 gh60=0xc4845a6 W1=0x14ac,0x34f0,0x1d70 W2=0x13b9,0x3c36,0xb98
  r61_witness[02] r61=13 tail=32 gh60=0x44a84be W1=0xc37,0x3c43,0x1f25 W2=0xb44,0xb61,0x30c1
  r61_witness[03] r61=14 tail=25 gh60=0x5b0477a W1=0xbda,0x343d,0x255a W2=0xae7,0x270e,0xd0f
  r61_witness[04] r61=14 tail=31 gh60=0x4d09d66 W1=0xdb,0xe02,0x3a70 W2=0x3fe8,0x3c1a,0x32d0
  r61_witness[05] r61=15 tail=28 gh60=0x46685fa W1=0x2495,0x2e66,0x188a W2=0x23a2,0x1982,0x9a4
  r61_witness[06] r61=15 tail=30 gh60=0x4da85ba W1=0x22b5,0x7db,0x208e W2=0x21c2,0x34ed,0xbf9
  r61_witness[07] r61=15 tail=32 gh60=0x48f8cae W1=0x293f,0x210,0xa51 W2=0x284c,0x1b5f,0x3935
  r61_witness[08] r61=15 tail=35 gh60=0x4904766 W1=0xb5c,0x14c4,0x1cfb W2=0xa69,0x3ff4,0xc1e
  r61_witness[09] r61=16 tail=26 gh60=0xd8a4fa6 W1=0x37b4,0x3ec,0x214a W2=0x36c1,0x3941,0x2ab9
  r61_witness[10] r61=16 tail=27 gh60=0xd4885aa W1=0x22ad,0x3d76,0x29aa W2=0x21ba,0x98a,0x3a66
  r61_witness[11] r61=16 tail=28 gh60=0x46adcbe W1=0x1ef8,0x140e,0x38e9 W2=0x1e05,0x1eee,0x14dd
  r61_witness[12] r61=16 tail=30 gh60=0xc4845a6 W1=0x14ac,0x34f0,0x2570 W2=0x13b9,0x3c36,0x1398
  r61_witness[13] r61=16 tail=32 gh60=0x4a98d66 W1=0x8e3,0x25f4,0x3e8b W2=0x7f0,0x36ba,0x245e
  r61_witness[14] r61=16 tail=32 gh60=0x56185ee W1=0x329f,0x331b,0x1a53 W2=0x31ac,0x29c9,0x1f0a
  r61_witness[15] r61=16 tail=33 gh60=0x488bcaa W1=0x113d,0x31ea,0x29fb W2=0x104a,0x22d1,0x3917

D60=0 fiber histogram: 1:8074 2:4728 3:1727 4:1128 5:376 6:224 7:83 8:72 9:30 10:22 11:1 12:8 13:3 14:3
