free_word_mitm_reducedn
N=14 mask=0x3fff msb=0x2000
candidate: M0=0x3d36 mode=random-fallback fill=0x3fff kernel=dM0=dM9=0x2000
prefixes=32768/268435456 mode=permuted-prefix-sample w59_per_prefix=16384 total=536870912
run_mode=scan registry_cap=16
sample_start=160301056
scan_elapsed=17.457s rate=30.75 Mtriples/s

D60 interface
  D60=0 matches: 32861 (random expectation 32768.0, enrichment 1.003x)
  prefixes with D60=0: 16568
  max D60=0 fiber per prefix: 18 at W57=0x3b3 W58=0x86c
  largest D60 bucket: D=0x2a91 count=33779
  min D60 HW: 0
  D60 HW histogram: 0:32861 1:457338 2:2974817 3:11918950 4:32791734 5:65591248 6:98420939 7:112498213 8:98399698 9:65605177 10:32800874 11:11913504 12:2974496 13:458461 14:32602

Tail closure among D60=0 matches
  final tail collisions: 0
  best r61 HW: 14
  best r61 W1[57..59]=0xd2d,0x384f,0x320c
  best r61 W2[57..59]=0xc3a,0x3e4b,0x253f
  best tail HW: 21
  best tail r61 HW: 21
  best W1[57..59]=0x3fbb,0xa14,0x2eb4
  best W2[57..59]=0x3ec8,0x2dda,0x33ed

SUMMARY N=14 sample_start=160301056 prefixes=32768 total=536870912 d0=32861 best_tail=21 tail_r61=21 best_r61=14 tail_W1=0x3fbb,0xa14,0x2eb4 tail_W2=0x3ec8,0x2dda,0x33ed r61_W1=0xd2d,0x384f,0x320c r61_W2=0xc3a,0x3e4b,0x253f

Scan-only witness registry
  registry_count=16 registry_cap=16
  witness[00] tail=21 r61=21 gh60=0xfb89fa6 W1=0x3fbb,0xa14,0x2eb4 W2=0x3ec8,0x2dda,0x33ed
  witness[01] tail=22 r61=22 gh60=0x4897caa W1=0x2f2e,0x2896,0x2524 W2=0x2e3b,0x1d9e,0x2354
  witness[02] tail=23 r61=22 gh60=0xc8a7cea W1=0x3122,0x233d,0x23a3 W2=0x302f,0x1a15,0x3d4
  witness[03] tail=23 r61=24 gh60=0x5ad449e W1=0x308,0xf9f,0x457 W2=0x215,0x2091,0x1247
  witness[04] tail=24 r61=17 gh60=0x5a884aa W1=0x2d01,0x6f9,0x131a W2=0x2c0e,0xca9,0x3708
  witness[05] tail=24 r61=20 gh60=0xcd58cba W1=0x1839,0x1620,0x22ce W2=0x1746,0x823,0x3d27
  witness[06] tail=24 r61=20 gh60=0xdbbbcaa W1=0x2f31,0x3df4,0x24b W2=0x2e3e,0x36bb,0x33fa
  witness[07] tail=24 r61=22 gh60=0xdb3876a W1=0x134d,0x233c,0x1588 W2=0x125a,0x2692,0x24e1
  witness[08] tail=24 r61=22 gh60=0xf8884ae W1=0x1b3f,0x769,0x234e W2=0x1a4c,0x35f9,0x35c7
  witness[09] tail=24 r61=23 gh60=0xfb08766 W1=0x2bdb,0x411,0x3ae5 W2=0x2ae8,0x3540,0x1d92
  witness[10] tail=25 r61=19 gh60=0x3ae45aa W1=0x2472,0x174a,0x33c2 W2=0x237f,0x2667,0x152c
  witness[11] tail=25 r61=21 gh60=0xd50457a W1=0xada,0xe23,0x2191 W2=0x9e7,0x3aa4,0x5a4
  witness[12] tail=25 r61=21 gh60=0x4974b9e W1=0x15a8,0xff7,0x1ae0 W2=0x14b5,0x190a,0x1382
  witness[13] tail=25 r61=21 gh60=0x79aff9a W1=0x2f66,0x21ad,0x977 W2=0x2e73,0xe56,0x206c
  witness[14] tail=25 r61=24 gh60=0xcbb8caa W1=0x382d,0xe5e,0x3046 W2=0x373a,0x1f99,0x239a
  witness[15] tail=25 r61=24 gh60=0xce744fa W1=0x3c16,0x29b5,0x31c7 W2=0x3b23,0x1d6e,0x1bcf

Scan-only r61 registry
  registry_count=16 registry_cap=16
  r61_witness[00] r61=14 tail=30 gh60=0xb508566 W1=0x125b,0xe58,0xa89 W2=0x1168,0x2a71,0x3f44
  r61_witness[01] r61=14 tail=33 gh60=0x38884aa W1=0xd2d,0x384f,0x320c W2=0xc3a,0x3e4b,0x253f
  r61_witness[02] r61=15 tail=27 gh60=0x4b8c4ba W1=0x34fa,0x3fd6,0x1235 W2=0x3407,0x3509,0x2cd2
  r61_witness[03] r61=15 tail=28 gh60=0xde887aa W1=0x2b6d,0x318c,0x29ba W2=0x2a7a,0x2250,0x19d5
  r61_witness[04] r61=15 tail=30 gh60=0x4c99ca6 W1=0x2b,0x3c43,0x39c7 W2=0x3f38,0x245d,0x17d4
  r61_witness[05] r61=16 tail=28 gh60=0xce19cea W1=0x3e11,0x3cf7,0x39c1 W2=0x3d1e,0x57e,0x9d6
  r61_witness[06] r61=16 tail=29 gh60=0x4a34cee W1=0x1720,0xace,0xe60 W2=0x162d,0x5a6,0x1c10
  r61_witness[07] r61=16 tail=31 gh60=0x4e184e6 W1=0x230b,0x1f1c,0x82e W2=0x2218,0x3bed,0x127a
  r61_witness[08] r61=16 tail=34 gh60=0xca885aa W1=0x326d,0x3cea,0xdc1 W2=0x317a,0x188e,0x9e7
  r61_witness[09] r61=17 tail=24 gh60=0x5a884aa W1=0x2d01,0x6f9,0x131a W2=0x2c0e,0xca9,0x3708
  r61_witness[10] r61=17 tail=26 gh60=0x5a58bfe W1=0x2997,0x38fa,0x324e W2=0x28a4,0x2a89,0x39e2
  r61_witness[11] r61=17 tail=28 gh60=0x5a68c9e W1=0x8e7,0x931,0x1ede W2=0x7f4,0x29b,0x30a4
  r61_witness[12] r61=17 tail=28 gh60=0x478dfba W1=0x3fba,0x184a,0x2b68 W2=0x3ec7,0x846,0x178d
  r61_witness[13] r61=17 tail=29 gh60=0xc8a4ba6 W1=0x29b4,0x55a,0xd14 W2=0x28c1,0x92f,0x396f
  r61_witness[14] r61=17 tail=30 gh60=0x4897caa W1=0x113e,0x3bde,0x3ef W2=0x104b,0x28ca,0x24e5
  r61_witness[15] r61=17 tail=30 gh60=0x7a0bcea W1=0x2e11,0x1df2,0x13f W2=0x2d1e,0x1b75,0x33e2

D60=0 fiber histogram: 1:7989 2:4800 3:1774 4:1160 5:389 6:209 7:89 8:69 9:31 10:28 11:6 12:15 13:4 14:2 16:1 17:1 18:1
