free_word_mitm_reducedn
N=14 mask=0x3fff msb=0x2000
candidate: M0=0x3d36 mode=random-fallback fill=0x3fff kernel=dM0=dM9=0x2000
prefixes=32768/268435456 mode=permuted-prefix-sample w59_per_prefix=16384 total=536870912
run_mode=scan registry_cap=16
sample_start=197754880
scan_elapsed=20.152s rate=26.64 Mtriples/s

D60 interface
  D60=0 matches: 33088 (random expectation 32768.0, enrichment 1.010x)
  prefixes with D60=0: 16638
  max D60=0 fiber per prefix: 22 at W57=0x3beb W58=0x3390
  largest D60 bucket: D=0x2a2f count=33757
  min D60 HW: 0
  D60 HW histogram: 0:33088 1:458199 2:2971371 3:11916087 4:32788370 5:65596030 6:98425607 7:112515149 8:98419936 9:65599396 10:32774563 11:11907375 12:2975086 13:458026 14:32629

Tail closure among D60=0 matches
  final tail collisions: 0
  best r61 HW: 13
  best r61 W1[57..59]=0x389a,0x2ac9,0x765
  best r61 W2[57..59]=0x37a7,0x231d,0x36f0
  best tail HW: 20
  best tail r61 HW: 22
  best W1[57..59]=0xebf,0x2dae,0x3169
  best W2[57..59]=0xdcc,0x459,0x16c8

SUMMARY N=14 sample_start=197754880 prefixes=32768 total=536870912 d0=33088 best_tail=20 tail_r61=22 best_r61=13 tail_W1=0xebf,0x2dae,0x3169 tail_W2=0xdcc,0x459,0x16c8 r61_W1=0x389a,0x2ac9,0x765 r61_W2=0x37a7,0x231d,0x36f0

Scan-only witness registry
  registry_count=16 registry_cap=16
  witness[00] tail=20 r61=22 gh60=0xddfbdae W1=0xebf,0x2dae,0x3169 W2=0xdcc,0x459,0x16c8
  witness[01] tail=24 r61=16 gh60=0xc908f6e W1=0x17cf,0x1234,0x2c37 W2=0x16dc,0x1977,0x69e
  witness[02] tail=24 r61=18 gh60=0x5a0c5fa W1=0xc9a,0x1676,0x3aae W2=0xba7,0x60b,0x5e6
  witness[03] tail=24 r61=18 gh60=0x45bfce6 W1=0x2e24,0x3fdf,0x2be2 W2=0x2d31,0x2d10,0x283c
  witness[04] tail=24 r61=30 gh60=0xd7fcbaa W1=0x35be,0xd22,0x3d5c W2=0x34cb,0x1d1a,0x2670
  witness[05] tail=25 r61=22 gh60=0xc975b6e W1=0x2150,0x16c7,0x15df W2=0x205d,0x5e3,0x2e25
  witness[06] tail=25 r61=22 gh60=0xd60c5ee W1=0x3a90,0x519,0x3692 W2=0x399d,0x375c,0x1a5a
  witness[07] tail=25 r61=24 gh60=0x4b1cd6a W1=0x6ce,0x3b4b,0x2f8a W2=0x5db,0x3d9b,0x1c5c
  witness[08] tail=25 r61=24 gh60=0x5ee4ca6 W1=0x28f4,0x642,0xea W2=0x2801,0x116f,0x2841
  witness[09] tail=25 r61=28 gh60=0xf9e8b66 W1=0x3953,0x18b7,0x3dd9 W2=0x3860,0x2ea5,0x3e23
  witness[10] tail=26 r61=20 gh60=0xde84da6 W1=0x266c,0x385d,0xe4d W2=0x2579,0x1192,0x1bdf
  witness[11] tail=26 r61=20 gh60=0x4bb7c9e W1=0x2ee8,0x5ba,0x19ec W2=0x2df5,0xab,0x1fb
  witness[12] tail=26 r61=20 gh60=0x489cbae W1=0x35b0,0x1bec,0x87c W2=0x34bd,0x23f4,0x1e21
  witness[13] tail=26 r61=21 gh60=0xb918f66 W1=0x27db,0x3edb,0x2035 W2=0x26e8,0x2a09,0x1fca
  witness[14] tail=26 r61=21 gh60=0x44e8ca6 W1=0x3633,0x306c,0x2df1 W2=0x3540,0x2f98,0x365e
  witness[15] tail=26 r61=22 gh60=0x3d5859a W1=0x4a9,0x2413,0x2892 W2=0x3b6,0x1c2,0x3f35

Scan-only r61 registry
  registry_count=16 registry_cap=16
  r61_witness[00] r61=13 tail=28 gh60=0x5e04dfa W1=0x389a,0x2ac9,0x765 W2=0x37a7,0x231d,0x36f0
  r61_witness[01] r61=13 tail=33 gh60=0x3a0bbee W1=0xd9f,0x9c1,0x3310 W2=0xcac,0x2d3c,0x1c86
  r61_witness[02] r61=14 tail=29 gh60=0xca18bee W1=0x98f,0x3411,0x3424 W2=0x89c,0x26a0,0x1fe
  r61_witness[03] r61=14 tail=30 gh60=0xc98bcaa W1=0xf3d,0x1112,0x2db4 W2=0xe4a,0x3f9,0x2afa
  r61_witness[04] r61=14 tail=31 gh60=0x448fcae W1=0xe40,0x1c6b,0x1516 W2=0xd4d,0x2f37,0x288d
  r61_witness[05] r61=14 tail=34 gh60=0x5a0bcea W1=0x111d,0x2fc7,0x7cb W2=0x102a,0x1d2e,0x388c
  r61_witness[06] r61=15 tail=31 gh60=0x49acbe6 W1=0x25a4,0x3330,0x2b0 W2=0x24b1,0x3d1f,0x135c
  r61_witness[07] r61=15 tail=36 gh60=0x4e084ea W1=0x1c0d,0x3ad8,0x290b W2=0x1b1a,0x149e,0x124c
  r61_witness[08] r61=16 tail=24 gh60=0xc908f6e W1=0x17cf,0x1234,0x2c37 W2=0x16dc,0x1977,0x69e
  r61_witness[09] r61=16 tail=30 gh60=0x5c8c5ae W1=0x3cc0,0x3c14,0x183c W2=0x3bcd,0x324d,0x313d
  r61_witness[10] r61=16 tail=31 gh60=0x44e4de6 W1=0x26a4,0x355f,0x1692 W2=0x25b1,0x2ebe,0x2a11
  r61_witness[11] r61=16 tail=31 gh60=0x45985aa W1=0x2cad,0x3abd,0x3c91 W2=0x2bba,0x6d1,0x29b5
  r61_witness[12] r61=16 tail=34 gh60=0x4665fa6 W1=0x3f84,0x64d,0x395d W2=0x3e91,0x2ac0,0x451
  r61_witness[13] r61=16 tail=36 gh60=0x4e087ea W1=0x139d,0x3732,0x28c5 W2=0x12aa,0x39ec,0x6e5
  r61_witness[14] r61=16 tail=37 gh60=0x4a085ea W1=0x149d,0x3576,0xd40 W2=0x13aa,0x1480,0x2800
  r61_witness[15] r61=16 tail=38 gh60=0x4908b6a W1=0x25dd,0x1e11,0x259c W2=0x24ea,0xc00,0x156a

D60=0 fiber histogram: 1:7961 2:4814 3:1839 4:1143 5:418 6:238 7:87 8:71 9:21 10:22 11:6 12:10 13:2 14:4 16:1 22:1
