free_word_mitm_reducedn
N=14 mask=0x3fff msb=0x2000
candidate: M0=0x3d36 mode=random-fallback fill=0x3fff kernel=dM0=dM9=0x2000
prefixes=32768/268435456 mode=permuted-prefix-sample w59_per_prefix=16384 total=536870912
run_mode=scan registry_cap=16
sample_start=4816896
scan_elapsed=20.236s rate=26.53 Mtriples/s

D60 interface
  D60=0 matches: 33007 (random expectation 32768.0, enrichment 1.007x)
  prefixes with D60=0: 16548
  max D60=0 fiber per prefix: 21 at W57=0xe05 W58=0xfcc
  largest D60 bucket: D=0x26e8 count=33807
  min D60 HW: 0
  D60 HW histogram: 0:33007 1:460162 2:2980037 3:11916560 4:32802469 5:65594489 6:98405395 7:112464625 8:98415128 9:65624084 10:32789189 11:11917370 12:2979128 13:456682 14:32587

Tail closure among D60=0 matches
  final tail collisions: 0
  best r61 HW: 13
  best r61 W1[57..59]=0x21cf,0x220a,0x1865
  best r61 W2[57..59]=0x20dc,0x192d,0x1903
  best tail HW: 18
  best tail r61 HW: 17
  best W1[57..59]=0x1e1c,0x184b,0x196d
  best W2[57..59]=0x1d29,0x3850,0xb3e

SUMMARY N=14 sample_start=4816896 prefixes=32768 total=536870912 d0=33007 best_tail=18 tail_r61=17 best_r61=13 tail_W1=0x1e1c,0x184b,0x196d tail_W2=0x1d29,0x3850,0xb3e r61_W1=0x21cf,0x220a,0x1865 r61_W2=0x20dc,0x192d,0x1903

Scan-only witness registry
  registry_count=16 registry_cap=16
  witness[00] tail=18 r61=17 gh60=0x4a05ce6 W1=0x1e1c,0x184b,0x196d W2=0x1d29,0x3850,0xb3e
  witness[01] tail=22 r61=17 gh60=0xfca85e6 W1=0x2aa3,0x651,0x1ae1 W2=0x29b0,0x39ae,0x1619
  witness[02] tail=22 r61=22 gh60=0xce0cce6 W1=0x181c,0xb31,0x9a6 W2=0x1729,0x13b4,0x188c
  witness[03] tail=23 r61=19 gh60=0x4aa84ba W1=0xaf5,0x3860,0x12ca W2=0xa02,0x215e,0x6a7
  witness[04] tail=23 r61=19 gh60=0x45fbdea W1=0x2e9d,0x2451,0x3f78 W2=0x2daa,0x21a0,0x76f
  witness[05] tail=24 r61=16 gh60=0xb96bfa6 W1=0x2fc3,0x2f0f,0xe85 W2=0x2ed0,0x9fd,0x1d2e
  witness[06] tail=24 r61=16 gh60=0x4aebd9a W1=0x3069,0x32d5,0x3a39 W2=0x2f76,0x37cd,0x1461
  witness[07] tail=24 r61=20 gh60=0xdfa8c9e W1=0x16e7,0x1d73,0x270 W2=0x15f4,0x2ae9,0xb77
  witness[08] tail=24 r61=23 gh60=0xcff8cba W1=0x17f9,0x1415,0x3316 W2=0x1706,0x694,0xe4e
  witness[09] tail=24 r61=25 gh60=0xdca4cea W1=0x622,0xab4,0x206b W2=0x52f,0x1444,0x236
  witness[10] tail=25 r61=18 gh60=0x4918b6a W1=0x154d,0x2520,0x2d71 W2=0x145a,0x2717,0x2b0a
  witness[11] tail=25 r61=20 gh60=0x4d1856a W1=0x12e1,0x31d1,0x22fa W2=0x11ee,0x35d7,0x3885
  witness[12] tail=25 r61=20 gh60=0x4e145ee W1=0x1c90,0x182,0x192a W2=0x1b9d,0x3745,0x3d73
  witness[13] tail=25 r61=22 gh60=0xc96cb66 W1=0x2554,0x1cc0,0x315b W2=0x2461,0x1eab,0x186e
  witness[14] tail=25 r61=23 gh60=0x4934b7e W1=0x5d8,0x2115,0x2469 W2=0x4e5,0x1331,0xe07
  witness[15] tail=25 r61=26 gh60=0xddb459a W1=0xa66,0x1a29,0x632 W2=0x973,0x3653,0x649

Scan-only r61 registry
  registry_count=16 registry_cap=16
  r61_witness[00] r61=13 tail=27 gh60=0x4f09b6e W1=0x21cf,0x220a,0x1865 W2=0x20dc,0x192d,0x1903
  r61_witness[01] r61=14 tail=30 gh60=0xca24ba6 W1=0x3584,0x2e62,0x3541 W2=0x3491,0x6d7,0x2891
  r61_witness[02] r61=15 tail=27 gh60=0x4d28566 W1=0x12d3,0x871,0x1f87 W2=0x11e0,0xdd0,0x31fc
  r61_witness[03] r61=15 tail=28 gh60=0x4a08cee W1=0x390f,0xbfe,0x3735 W2=0x381c,0x37d9,0x28d6
  r61_witness[04] r61=15 tail=29 gh60=0xcae84fa W1=0xa15,0x17ef,0x3535 W2=0x922,0x3933,0x10e8
  r61_witness[05] r61=15 tail=30 gh60=0xc87bcaa W1=0x112d,0x3e91,0x1e6e W2=0x103a,0x2f8c,0x3961
  r61_witness[06] r61=15 tail=31 gh60=0x36247aa W1=0xb82,0x3303,0x338c W2=0xa8f,0x26f0,0x161
  r61_witness[07] r61=15 tail=31 gh60=0xca08fea W1=0x178d,0x2524,0x2dcc W2=0x169a,0x24b3,0x2279
  r61_witness[08] r61=15 tail=31 gh60=0x4884bba W1=0x29ba,0x25c6,0x1d20 W2=0x28c7,0x10c2,0x2738
  r61_witness[09] r61=15 tail=33 gh60=0xd90c76e W1=0x3e0,0x271c,0x39e5 W2=0x2ed,0x1c47,0x2307
  r61_witness[10] r61=15 tail=34 gh60=0xc935b6e W1=0x150,0x12bd,0x3205 W2=0x5d,0x9e1,0x2659
  r61_witness[11] r61=15 tail=34 gh60=0x4887f9a W1=0xfaa,0x27e2,0xde5 W2=0xeb7,0x7ef,0x127b
  r61_witness[12] r61=16 tail=24 gh60=0xb96bfa6 W1=0x2fc3,0x2f0f,0xe85 W2=0x2ed0,0x9fd,0x1d2e
  r61_witness[13] r61=16 tail=24 gh60=0x4aebd9a W1=0x3069,0x32d5,0x3a39 W2=0x2f76,0x37cd,0x1461
  r61_witness[14] r61=16 tail=27 gh60=0x4e25caa W1=0x1e02,0x1d5e,0x37ef W2=0x1d0f,0x23f2,0x31db
  r61_witness[15] r61=16 tail=27 gh60=0x370876a W1=0x334d,0x22b7,0x1c3a W2=0x325a,0x2015,0x26d0

D60=0 fiber histogram: 1:8003 2:4702 3:1862 4:1050 5:426 6:241 7:97 8:83 9:30 10:23 11:8 12:12 13:4 14:3 16:3 21:1
