free_word_mitm_reducedn
N=14 mask=0x3fff msb=0x2000
candidate: M0=0x3d36 mode=random-fallback fill=0x3fff kernel=dM0=dM9=0x2000
prefixes=32768/268435456 mode=permuted-prefix-sample w59_per_prefix=16384 total=536870912
run_mode=scan registry_cap=16
sample_start=161546240
scan_elapsed=15.339s rate=35.00 Mtriples/s

D60 interface
  D60=0 matches: 32295 (random expectation 32768.0, enrichment 0.986x)
  prefixes with D60=0: 16451
  max D60=0 fiber per prefix: 20 at W57=0x2e22 W58=0x36d7
  largest D60 bucket: D=0x329a count=33786
  min D60 HW: 0
  D60 HW histogram: 0:32295 1:458380 2:2979280 3:11936330 4:32810850 5:65632809 6:98422468 7:112473904 8:98401570 9:65556651 10:32782093 11:11917574 12:2976510 13:457403 14:32795

Tail closure among D60=0 matches
  final tail collisions: 0
  best r61 HW: 13
  best r61 W1[57..59]=0x313b,0x3eb1,0x387c
  best r61 W2[57..59]=0x3048,0x25bf,0xa91
  best tail HW: 23
  best tail r61 HW: 21
  best W1[57..59]=0x3b83,0x2268,0x2c7
  best W2[57..59]=0x3a90,0x1dcd,0x2ec

SUMMARY N=14 sample_start=161546240 prefixes=32768 total=536870912 d0=32295 best_tail=23 tail_r61=21 best_r61=13 tail_W1=0x3b83,0x2268,0x2c7 tail_W2=0x3a90,0x1dcd,0x2ec r61_W1=0x313b,0x3eb1,0x387c r61_W2=0x3048,0x25bf,0xa91

Scan-only witness registry
  registry_count=16 registry_cap=16
  witness[00] tail=23 r61=20 gh60=0x3a2ccea W1=0x2612,0x1095,0xd07 W2=0x251f,0x1b91,0x3711
  witness[01] tail=23 r61=21 gh60=0xdae87a6 W1=0x3b83,0x2268,0x2c7 W2=0x3a90,0x1dcd,0x2ec
  witness[02] tail=24 r61=23 gh60=0xc9fbc9a W1=0xe09,0x27d4,0xb40 W2=0xd16,0x3b24,0x2cb8
  witness[03] tail=24 r61=25 gh60=0xcfebffa W1=0x2f95,0x3ca7,0x821 W2=0x2ea2,0x173a,0x635
  witness[04] tail=24 r61=29 gh60=0x5e24daa W1=0x2882,0x721,0xf0f W2=0x278f,0x110d,0x16d7
  witness[05] tail=25 r61=17 gh60=0x4a6849e W1=0xae7,0x1fe0,0x947 W2=0x9f4,0x2009,0x94
  witness[06] tail=25 r61=18 gh60=0x4e9ddaa W1=0x1e7e,0x31f9,0x1166 W2=0x1d8b,0x3041,0x3ef1
  witness[07] tail=25 r61=18 gh60=0x77ebb7a W1=0x2dd5,0x37da,0x17b7 W2=0x2ce2,0x18d5,0x31e1
  witness[08] tail=25 r61=21 gh60=0x4928b7a W1=0x5d5,0x246d,0x11a6 W2=0x4e2,0x1a64,0x3fee
  witness[09] tail=25 r61=21 gh60=0xd8adbaa W1=0x21b2,0x2a75,0x2545 W2=0x20bf,0x1781,0xbe1
  witness[10] tail=25 r61=21 gh60=0xb898bae W1=0x39af,0x594,0x2a0b W2=0x38bc,0x9ab,0x37d7
  witness[11] tail=25 r61=23 gh60=0x4b07f66 W1=0x2f4c,0xe7,0x1d02 W2=0x2e59,0x17a4,0x4d7
  witness[12] tail=25 r61=23 gh60=0xc6245e6 W1=0x3c94,0x2355,0x1b1f W2=0x3ba1,0x723,0x1f83
  witness[13] tail=25 r61=24 gh60=0x5a184ee W1=0x340f,0x1db4,0x1cd5 W2=0x331c,0x1fde,0x1677
  witness[14] tail=26 r61=16 gh60=0xcc845a6 W1=0x2aac,0x174b,0x3d72 W2=0x29b9,0x298f,0xc38
  witness[15] tail=26 r61=17 gh60=0x5a085ea W1=0xa9d,0x3a2c,0x1484 W2=0x9aa,0x43a,0x3f69

Scan-only r61 registry
  registry_count=16 registry_cap=16
  r61_witness[00] r61=13 tail=33 gh60=0x488bca6 W1=0x313b,0x3eb1,0x387c W2=0x3048,0x25bf,0xa91
  r61_witness[01] r61=15 tail=29 gh60=0x4508566 W1=0x14db,0x2814,0x98c W2=0x13e8,0x2e35,0x3cec
  r61_witness[02] r61=15 tail=31 gh60=0x49984aa W1=0x132d,0x1ba5,0xce1 W2=0x123a,0x34a1,0x25c6
  r61_witness[03] r61=16 tail=26 gh60=0xcc845a6 W1=0x2aac,0x174b,0x3d72 W2=0x29b9,0x298f,0xc38
  r61_witness[04] r61=16 tail=27 gh60=0x7a3bbfe W1=0x1197,0x22a4,0x2089 W2=0x10a4,0x233,0xac
  r61_witness[05] r61=16 tail=29 gh60=0x5888faa W1=0x37c1,0x35a9,0x1926 W2=0x36ce,0x3b0,0x3b08
  r61_witness[06] r61=16 tail=30 gh60=0x46044e6 W1=0x141c,0x1b2b,0x3452 W2=0x1329,0x25ed,0xbe5
  r61_witness[07] r61=16 tail=31 gh60=0x460bcea W1=0xe21,0x3f2d,0x3d36 W2=0xd2e,0x32a8,0x372d
  r61_witness[08] r61=16 tail=31 gh60=0x790bf6e W1=0xfdf,0x2066,0x1f85 W2=0xeec,0x595,0x55a
  r61_witness[09] r61=16 tail=33 gh60=0x499bbba W1=0xd75,0x1881,0xe1d W2=0xc82,0x3c08,0x32c9
  r61_witness[10] r61=16 tail=33 gh60=0x7584da6 W1=0x18ac,0x2ffd,0x1454 W2=0x17b9,0x3142,0x131
  r61_witness[11] r61=16 tail=34 gh60=0xc938766 W1=0x334b,0x17d9,0x1b18 W2=0x3258,0x1596,0x17a6
  r61_witness[12] r61=16 tail=38 gh60=0x4f6bb7a W1=0xdd5,0x35e5,0x2bc4 W2=0xce2,0x14e0,0x1653
  r61_witness[13] r61=17 tail=25 gh60=0x4a6849e W1=0xae7,0x1fe0,0x947 W2=0x9f4,0x2009,0x94
  r61_witness[14] r61=17 tail=26 gh60=0x5a085ea W1=0xa9d,0x3a2c,0x1484 W2=0x9aa,0x43a,0x3f69
  r61_witness[15] r61=17 tail=26 gh60=0x74885ae W1=0xaaf,0x2ab4,0x2e6c W2=0x9bc,0xf6c,0x3784

D60=0 fiber histogram: 1:8049 2:4730 3:1719 4:1088 5:411 6:231 7:84 8:74 9:26 10:27 11:7 12:2 14:1 17:1 20:1
