free_word_mitm_reducedn
N=14 mask=0x3fff msb=0x2000
candidate: M0=0x3d36 mode=random-fallback fill=0x3fff kernel=dM0=dM9=0x2000
prefixes=32768/268435456 mode=permuted-prefix-sample w59_per_prefix=16384 total=536870912
run_mode=scan registry_cap=16
sample_start=18939904
scan_elapsed=15.087s rate=35.58 Mtriples/s

D60 interface
  D60=0 matches: 32653 (random expectation 32768.0, enrichment 0.996x)
  prefixes with D60=0: 16485
  max D60=0 fiber per prefix: 24 at W57=0x2677 W58=0x20d6
  largest D60 bucket: D=0x2d62 count=33866
  min D60 HW: 0
  D60 HW histogram: 0:32653 1:457711 2:2982746 3:11918153 4:32784564 5:65562326 6:98393811 7:112518640 8:98452092 9:65610902 10:32776806 11:11910667 12:2979559 13:457758 14:32524

Tail closure among D60=0 matches
  final tail collisions: 0
  best r61 HW: 13
  best r61 W1[57..59]=0x2730,0x6ee,0x36eb
  best r61 W2[57..59]=0x263d,0x334e,0x164a
  best tail HW: 20
  best tail r61 HW: 21
  best W1[57..59]=0x3733,0x3f3c,0x3c69
  best W2[57..59]=0x3640,0xa68,0x1a1a

SUMMARY N=14 sample_start=18939904 prefixes=32768 total=536870912 d0=32653 best_tail=20 tail_r61=21 best_r61=13 tail_W1=0x3733,0x3f3c,0x3c69 tail_W2=0x3640,0xa68,0x1a1a r61_W1=0x2730,0x6ee,0x36eb r61_W2=0x263d,0x334e,0x164a

Scan-only witness registry
  registry_count=16 registry_cap=16
  witness[00] tail=20 r61=21 gh60=0x47a8ca6 W1=0x3733,0x3f3c,0x3c69 W2=0x3640,0xa68,0x1a1a
  witness[01] tail=22 r61=19 gh60=0x49ecba6 W1=0x574,0xb3f,0x32b8 W2=0x481,0x13a4,0x3306
  witness[02] tail=22 r61=23 gh60=0xd9b87aa W1=0x1b7d,0x2bb7,0x2d03 W2=0x1a8a,0x2c6b,0x74c
  witness[03] tail=23 r61=18 gh60=0x470bf66 W1=0x2f4b,0x132,0x2820 W2=0x2e58,0x17ee,0x1408
  witness[04] tail=23 r61=23 gh60=0xcab84a6 W1=0xaf3,0x2382,0x134d W2=0xa00,0x246f,0x1a2a
  witness[05] tail=24 r61=21 gh60=0xfa5859e W1=0x3487,0x871,0x24f6 W2=0x3394,0x1f06,0x3ec6
  witness[06] tail=24 r61=25 gh60=0xc9d5f7e W1=0x3fd8,0x22b0,0x316d W2=0x3ee5,0x14f0,0x25af
  witness[07] tail=24 r61=27 gh60=0x5cf8c9e W1=0x3827,0x2fde,0x1718 W2=0x3734,0x8c8,0x14c8
  witness[08] tail=25 r61=16 gh60=0xc90bb66 W1=0xdcb,0x1d7,0x1158 W2=0xcd8,0x3833,0x1265
  witness[09] tail=25 r61=19 gh60=0x56287e6 W1=0xb93,0x462,0x647 W2=0xaa0,0x2bbb,0x11be
  witness[10] tail=25 r61=19 gh60=0xcbe9dfa W1=0x2099,0x1138,0x24f1 W2=0x1fa6,0x2c17,0x2100
  witness[11] tail=25 r61=20 gh60=0x7d0bd66 W1=0x30cb,0x66e,0x608 W2=0x2fd8,0x299a,0x331d
  witness[12] tail=25 r61=20 gh60=0x59284a6 W1=0x3343,0x75f,0x290f W2=0x3250,0x15da,0xdf7
  witness[13] tail=25 r61=20 gh60=0xca19cfa W1=0x3f15,0xab4,0x3e3f W2=0x3e22,0x2fa7,0x34c2
  witness[14] tail=25 r61=22 gh60=0x35e4ba6 W1=0x2584,0x1a28,0x9a7 W2=0x2491,0x229d,0x2d0b
  witness[15] tail=25 r61=23 gh60=0xbfbbdbe W1=0x10b7,0x3448,0x17d8 W2=0xfc4,0x2483,0x214f

Scan-only r61 registry
  registry_count=16 registry_cap=16
  r61_witness[00] r61=13 tail=30 gh60=0x489ccae W1=0x2730,0x6ee,0x36eb W2=0x263d,0x334e,0x164a
  r61_witness[01] r61=14 tail=31 gh60=0xc518566 W1=0x45b,0x3fed,0x7be W2=0x368,0x3d2a,0x3b51
  r61_witness[02] r61=15 tail=27 gh60=0xc709d6e W1=0x1e5f,0x3805,0x3f3d W2=0x1d6c,0x1ba0,0x21c
  r61_witness[03] r61=15 tail=29 gh60=0xd60bce6 W1=0x101b,0x12ba,0x107f W2=0xf28,0x3052,0x36b9
  r61_witness[04] r61=15 tail=32 gh60=0xc518d6a W1=0x2661,0x2926,0x352b W2=0x256e,0x2e81,0xf82
  r61_witness[05] r61=15 tail=34 gh60=0x5884c9a W1=0x192a,0x961,0x3cc4 W2=0x1837,0x3c28,0xfee
  r61_witness[06] r61=16 tail=25 gh60=0xc90bb66 W1=0xdcb,0x1d7,0x1158 W2=0xcd8,0x3833,0x1265
  r61_witness[07] r61=16 tail=27 gh60=0x4608dea W1=0x169d,0x28a,0x1fae W2=0x15aa,0x2555,0xe3
  r61_witness[08] r61=16 tail=27 gh60=0x5b04566 W1=0x32cc,0x38ab,0x308e W2=0x31d9,0x1bf1,0xfb
  r61_witness[09] r61=16 tail=27 gh60=0x4ae8cbe W1=0x38f7,0x35b,0x12b1 W2=0x3804,0xdba,0x370b
  r61_witness[10] r61=16 tail=29 gh60=0x5a2c4fa W1=0x3a16,0x357e,0x2227 W2=0x3923,0x26b7,0x139c
  r61_witness[11] r61=16 tail=29 gh60=0xc999baa W1=0x3dad,0x24a7,0x1b31 W2=0x3cba,0x12ba,0x3718
  r61_witness[12] r61=16 tail=30 gh60=0xc61c4ea W1=0x41e,0xde4,0x5ed W2=0x32b,0x180f,0x3701
  r61_witness[13] r61=16 tail=33 gh60=0xcc885a6 W1=0x14ab,0x2b77,0x3dbb W2=0x13b8,0x32ac,0x3bda
  r61_witness[14] r61=16 tail=33 gh60=0xda0bdee W1=0x2e8f,0x9a7,0x2ccd W2=0x2d9c,0x26ea,0x20da
  r61_witness[15] r61=16 tail=39 gh60=0x458459a W1=0x146a,0x3a1c,0x30b9 W2=0x1377,0x3838,0xed

D60=0 fiber histogram: 1:7992 2:4716 3:1776 4:1151 5:409 6:214 7:75 8:77 9:23 10:23 11:8 12:11 13:1 14:2 15:1 16:3 20:1 22:1 24:1
