free_word_mitm_reducedn
N=14 mask=0x3fff msb=0x2000
candidate: M0=0x3d36 mode=random-fallback fill=0x3fff kernel=dM0=dM9=0x2000
prefixes=32768/268435456 mode=permuted-prefix-sample w59_per_prefix=16384 total=536870912
run_mode=scan registry_cap=16
sample_start=265551872
scan_elapsed=12.204s rate=43.99 Mtriples/s

D60 interface
  D60=0 matches: 32796 (random expectation 32768.0, enrichment 1.001x)
  prefixes with D60=0: 16540
  max D60=0 fiber per prefix: 23 at W57=0xf54 W58=0x2213
  largest D60 bucket: D=0x15cf count=33876
  min D60 HW: 0
  D60 HW histogram: 0:32796 1:459242 2:2983564 3:11945896 4:32824353 5:65649488 6:98452296 7:112487411 8:98372406 9:65526187 10:32763026 11:11905709 12:2978716 13:457234 14:32588

Tail closure among D60=0 matches
  final tail collisions: 0
  best r61 HW: 14
  best r61 W1[57..59]=0x3aed,0x452,0x2b04
  best r61 W2[57..59]=0x39fa,0x1e4e,0x16d1
  best tail HW: 20
  best tail r61 HW: 19
  best W1[57..59]=0x3a1b,0x956,0x8d6
  best W2[57..59]=0x3928,0x2629,0x1955

SUMMARY N=14 sample_start=265551872 prefixes=32768 total=536870912 d0=32796 best_tail=20 tail_r61=19 best_r61=14 tail_W1=0x3a1b,0x956,0x8d6 tail_W2=0x3928,0x2629,0x1955 r61_W1=0x3aed,0x452,0x2b04 r61_W2=0x39fa,0x1e4e,0x16d1

Scan-only witness registry
  registry_count=16 registry_cap=16
  witness[00] tail=20 r61=19 gh60=0xd6084e6 W1=0x3a1b,0x956,0x8d6 W2=0x3928,0x2629,0x1955
  witness[01] tail=22 r61=19 gh60=0xcd6857a W1=0x2d5,0x369c,0x274a W2=0x1e2,0x29a4,0x13ec
  witness[02] tail=23 r61=18 gh60=0x563849a W1=0x1b05,0x19b6,0x275d W2=0x1a12,0x1201,0x19c5
  witness[03] tail=24 r61=25 gh60=0xca9ffa6 W1=0x2f7c,0x855,0x214a W2=0x2e89,0x2398,0x1f8d
  witness[04] tail=24 r61=27 gh60=0xdab7d9a W1=0x1066,0x14ca,0x2e89 W2=0xf73,0x25b3,0x32d6
  witness[05] tail=25 r61=19 gh60=0x7e885ae W1=0x46f,0x36c5,0x1d08 W2=0x37c,0x1c0d,0x2e4
  witness[06] tail=25 r61=19 gh60=0x4adc49e W1=0x1348,0x1942,0x2754 W2=0x1255,0x39ac,0x1c1b
  witness[07] tail=25 r61=19 gh60=0x462ccfa W1=0x3616,0xf7e,0x4e0 W2=0x3523,0x5b6,0x13cd
  witness[08] tail=25 r61=22 gh60=0x3708b6a W1=0x5e1,0x6e0,0x34a1 W2=0x4ee,0xd0b,0x1aed
  witness[09] tail=25 r61=25 gh60=0x7bf87ea W1=0x1b9d,0x341c,0x1884 W2=0x1aaa,0x38d6,0x2732
  witness[10] tail=25 r61=27 gh60=0xc6185e6 W1=0x1c93,0x852,0x3f55 W2=0x1ba0,0x321f,0x3f4d
  witness[11] tail=26 r61=14 gh60=0xc89c4aa W1=0x2532,0xccb,0x2306 W2=0x243f,0x1390,0x623
  witness[12] tail=26 r61=17 gh60=0x451cd6a W1=0x26de,0x3991,0xe50 W2=0x25eb,0x32d5,0x3b8e
  witness[13] tail=26 r61=19 gh60=0xca0bfea W1=0xf8d,0x909,0x3a6e W2=0xe9a,0x2a90,0x2e1f
  witness[14] tail=26 r61=19 gh60=0x4a89baa W1=0x217d,0x1b8d,0x1490 W2=0x208a,0xa40,0xd11
  witness[15] tail=26 r61=20 gh60=0xc8984aa W1=0x1331,0x33b3,0x3bbe W2=0x123e,0xcf3,0x2bad

Scan-only r61 registry
  registry_count=16 registry_cap=16
  r61_witness[00] r61=14 tail=26 gh60=0xc89c4aa W1=0x2532,0xccb,0x2306 W2=0x243f,0x1390,0x623
  r61_witness[01] r61=14 tail=27 gh60=0x57884aa W1=0x3aed,0x452,0x2b04 W2=0x39fa,0x1e4e,0x16d1
  r61_witness[02] r61=14 tail=33 gh60=0x39884ae W1=0x333f,0x22f3,0x883 W2=0x324c,0x1103,0x136b
  r61_witness[03] r61=14 tail=35 gh60=0x4f0856e W1=0x1c4f,0x584,0x11b4 W2=0x1b5c,0x36ce,0x3d8f
  r61_witness[04] r61=14 tail=36 gh60=0x470bb6a W1=0x114d,0x9eb,0x3fc1 W2=0x105a,0x2526,0x227c
  r61_witness[05] r61=15 tail=29 gh60=0xc4885aa W1=0xcbd,0x3519,0x11dd W2=0xbca,0x41d,0x3f4f
  r61_witness[06] r61=15 tail=30 gh60=0xca3bbe6 W1=0x118b,0x29d3,0x16ff W2=0x1098,0x199b,0x1f37
  r61_witness[07] r61=16 tail=29 gh60=0xb635cea W1=0x200e,0x1ce5,0x1b9c W2=0x1f1b,0x1f1d,0x63
  r61_witness[08] r61=16 tail=33 gh60=0x4628cfa W1=0x1719,0x212b,0x3144 W2=0x1626,0x1762,0x10a6
  r61_witness[09] r61=16 tail=33 gh60=0x3924766 W1=0x2bd4,0x1683,0x1566 W2=0x2ae1,0x355,0x24b
  r61_witness[10] r61=16 tail=34 gh60=0xda09bee W1=0x1d9f,0x1823,0xe3f W2=0x1cac,0xfa2,0x37b0
  r61_witness[11] r61=17 tail=26 gh60=0x451cd6a W1=0x26de,0x3991,0xe50 W2=0x25eb,0x32d5,0x3b8e
  r61_witness[12] r61=17 tail=28 gh60=0x5a8c5a6 W1=0x126c,0x3ff9,0x387b W2=0x1179,0x25af,0x1b66
  r61_witness[13] r61=17 tail=29 gh60=0x5485ca6 W1=0x2c,0x191a,0x7ad W2=0x3f39,0x1535,0x3ff
  r61_witness[14] r61=17 tail=30 gh60=0x3a044e6 W1=0x3d1c,0x598,0x3eec W2=0x3c29,0x6c,0x2cd2
  r61_witness[15] r61=17 tail=31 gh60=0xfa24ca6 W1=0x3804,0x2354,0xea4 W2=0x3711,0xe91,0x68f

D60=0 fiber histogram: 1:7959 2:4743 3:1856 4:1115 5:423 6:236 7:72 8:53 9:31 10:27 11:8 12:10 13:4 15:1 17:1 23:1
