free_word_mitm_reducedn
N=14 mask=0x3fff msb=0x2000
candidate: M0=0x3d36 mode=random-fallback fill=0x3fff kernel=dM0=dM9=0x2000
prefixes=32768/268435456 mode=permuted-prefix-sample w59_per_prefix=16384 total=536870912
run_mode=scan registry_cap=16
sample_start=156499968
scan_elapsed=17.688s rate=30.35 Mtriples/s

D60 interface
  D60=0 matches: 32209 (random expectation 32768.0, enrichment 0.983x)
  prefixes with D60=0: 16337
  max D60=0 fiber per prefix: 24 at W57=0x2cec W58=0x11f6
  largest D60 bucket: D=0x2548 count=33743
  min D60 HW: 0
  D60 HW histogram: 0:32209 1:457012 2:2978070 3:11916822 4:32765618 5:65575919 6:98406798 7:112520944 8:98461199 9:65603475 10:32777428 11:11911215 12:2975508 13:456520 14:32175

Tail closure among D60=0 matches
  final tail collisions: 0
  best r61 HW: 13
  best r61 W1[57..59]=0xc0c,0x2f90,0xa49
  best r61 W2[57..59]=0xb19,0x2e64,0x2ca2
  best tail HW: 19
  best tail r61 HW: 19
  best W1[57..59]=0x3793,0x2147,0x889
  best W2[57..59]=0x36a0,0x1925,0x16c2

SUMMARY N=14 sample_start=156499968 prefixes=32768 total=536870912 d0=32209 best_tail=19 tail_r61=19 best_r61=13 tail_W1=0x3793,0x2147,0x889 tail_W2=0x36a0,0x1925,0x16c2 r61_W1=0xc0c,0x2f90,0xa49 r61_W2=0xb19,0x2e64,0x2ca2

Scan-only witness registry
  registry_count=16 registry_cap=16
  witness[00] tail=19 r61=19 gh60=0xce18fe6 W1=0x3793,0x2147,0x889 W2=0x36a0,0x1925,0x16c2
  witness[01] tail=21 r61=24 gh60=0x74b9ca6 W1=0x33,0xfb5,0x1742 W2=0x3f40,0x175f,0xd0c
  witness[02] tail=24 r61=18 gh60=0x4be8fa6 W1=0x7c3,0x2eff,0x3ac1 W2=0x6d0,0x1473,0x2fbb
  witness[03] tail=24 r61=19 gh60=0xcb2bf9e W1=0xfc7,0x3b4,0x1ea5 W2=0xed4,0x285c,0x2f4e
  witness[04] tail=24 r61=19 gh60=0x3a6859a W1=0x3c85,0x3afc,0xb15 W2=0x3b92,0x39ef,0x33de
  witness[05] tail=24 r61=20 gh60=0xc9887ae W1=0x237f,0x217f,0x2ed W2=0x228c,0x1d37,0x87c
  witness[06] tail=24 r61=20 gh60=0x3bd449a W1=0x3506,0x1e5b,0x3eee W2=0x3413,0x14b1,0x2245
  witness[07] tail=24 r61=21 gh60=0x5bd8d9a W1=0x669,0x2e67,0xd72 W2=0x576,0xde1,0xc14
  witness[08] tail=24 r61=23 gh60=0x4fa8dbe W1=0x8b7,0x238c,0x3335 W2=0x7c4,0x2543,0x3ef4
  witness[09] tail=24 r61=25 gh60=0x56f5b6a W1=0x1d4e,0x33e9,0x1fc3 W2=0x1c5b,0x37e5,0x2b94
  witness[10] tail=24 r61=27 gh60=0x7604ce6 W1=0x380c,0x7ce,0x3c52 W2=0x3719,0xf65,0x291e
  witness[11] tail=25 r61=13 gh60=0x46044e6 W1=0xc0c,0x2f90,0xa49 W2=0xb19,0x2e64,0x2ca2
  witness[12] tail=25 r61=18 gh60=0x5568566 W1=0x1a53,0x2263,0x13b7 W2=0x1960,0x2198,0x3db9
  witness[13] tail=25 r61=19 gh60=0x4708f6a W1=0x17cd,0x3812,0x28f8 W2=0x16da,0x2f31,0x271b
  witness[14] tail=25 r61=20 gh60=0x48887aa W1=0x23c1,0xb9,0x372d W2=0x22ce,0x401,0x38b4
  witness[15] tail=25 r61=21 gh60=0xca55d9a W1=0x86,0x3583,0x1658 W2=0x3f93,0xca8,0xd79

Scan-only r61 registry
  registry_count=16 registry_cap=16
  r61_witness[00] r61=13 tail=25 gh60=0x46044e6 W1=0xc0c,0x2f90,0xa49 W2=0xb19,0x2e64,0x2ca2
  r61_witness[01] r61=14 tail=36 gh60=0x5908f66 W1=0x174b,0x1171,0x3ec2 W2=0x1658,0xa7,0x1e7a
  r61_witness[02] r61=14 tail=38 gh60=0x3918b6a W1=0x354d,0x329c,0x2423 W2=0x345a,0x2c9b,0xf6f
  r61_witness[03] r61=14 tail=39 gh60=0x4a084ea W1=0x2b1d,0x2e14,0x16ec W2=0x2a2a,0x35fa,0x3dd1
  r61_witness[04] r61=15 tail=32 gh60=0x46044e6 W1=0xc0c,0x2f90,0x249 W2=0xb19,0x2e64,0x24a2
  r61_witness[05] r61=15 tail=35 gh60=0x4a08fea W1=0x2791,0x1ac3,0x307c W2=0x269e,0x1752,0x108e
  r61_witness[06] r61=16 tail=28 gh60=0xca08bea W1=0x259d,0x201c,0x3614 W2=0x24aa,0xe9b,0x3239
  r61_witness[07] r61=16 tail=28 gh60=0xc79cd66 W1=0x36e4,0x2152,0xd38 W2=0x35f1,0x24bd,0x2455
  r61_witness[08] r61=16 tail=38 gh60=0x4a084ea W1=0x3d21,0x14b4,0x2b15 W2=0x3c2e,0x2b5a,0x2388
  r61_witness[09] r61=16 tail=41 gh60=0x4708b66 W1=0x95b,0x7a9,0x18bf W2=0x868,0x1177,0x1c9f
  r61_witness[10] r61=17 tail=29 gh60=0x45a85ba W1=0x1c79,0x2f50,0x413 W2=0x1b86,0x1cf6,0x2738
  r61_witness[11] r61=17 tail=31 gh60=0x4a044e6 W1=0x1d1c,0x258e,0x2129 W2=0x1c29,0x2262,0x4bc
  r61_witness[12] r61=17 tail=31 gh60=0x55885aa W1=0x22c1,0x3e8a,0x1d1c W2=0x21ce,0x3b92,0x313a
  r61_witness[13] r61=17 tail=31 gh60=0x4637cea W1=0x2e1e,0x266b,0x1208 W2=0x2d2b,0x238f,0x2482
  r61_witness[14] r61=17 tail=33 gh60=0x4d844a6 W1=0x322c,0x1c72,0xa4d W2=0x3139,0x7d0,0xe1b
  r61_witness[15] r61=17 tail=34 gh60=0xcd04d7a W1=0x265a,0x1147,0x86 W2=0x2567,0x327,0x3d99

D60=0 fiber histogram: 1:7914 2:4785 3:1681 4:1101 5:407 6:214 7:93 8:79 9:24 10:15 11:5 12:11 13:6 21:1 24:1
