free_word_mitm_reducedn
N=14 mask=0x3fff msb=0x2000
candidate: M0=0x3d36 mode=random-fallback fill=0x3fff kernel=dM0=dM9=0x2000
prefixes=32768/268435456 mode=permuted-prefix-sample w59_per_prefix=16384 total=536870912
run_mode=scan registry_cap=16
sample_start=164888576
scan_elapsed=17.809s rate=30.15 Mtriples/s

D60 interface
  D60=0 matches: 32380 (random expectation 32768.0, enrichment 0.988x)
  prefixes with D60=0: 16457
  max D60=0 fiber per prefix: 22 at W57=0x11b0 W58=0xc83
  largest D60 bucket: D=0x119b count=33739
  min D60 HW: 0
  D60 HW histogram: 0:32380 1:459644 2:2984458 3:11926651 4:32812211 5:65606310 6:98397771 7:112470553 8:98391776 9:65605838 10:32799623 11:11914829 12:2977915 13:458359 14:32594

Tail closure among D60=0 matches
  final tail collisions: 0
  best r61 HW: 13
  best r61 W1[57..59]=0x2f5b,0xb8,0x1076
  best r61 W2[57..59]=0x2e68,0x1764,0x1c56
  best tail HW: 22
  best tail r61 HW: 31
  best W1[57..59]=0x2d59,0x1cb1,0x2f27
  best W2[57..59]=0x2c66,0xdf0,0xe52

SUMMARY N=14 sample_start=164888576 prefixes=32768 total=536870912 d0=32380 best_tail=22 tail_r61=31 best_r61=13 tail_W1=0x2d59,0x1cb1,0x2f27 tail_W2=0x2c66,0xdf0,0xe52 r61_W1=0x2f5b,0xb8,0x1076 r61_W2=0x2e68,0x1764,0x1c56

Scan-only witness registry
  registry_count=16 registry_cap=16
  witness[00] tail=22 r61=19 gh60=0xcdf44aa W1=0x2c2e,0x1901,0x3341 W2=0x2b3b,0x1d42,0x28d6
  witness[01] tail=22 r61=22 gh60=0xdb3cd6a W1=0x852,0x3b21,0x156f W2=0x75f,0x3f7d,0x168a
  witness[02] tail=22 r61=26 gh60=0xb55bd9a W1=0x10a9,0x31b9,0xa29 W2=0xfb6,0x221,0x6f6
  witness[03] tail=22 r61=31 gh60=0xcb7bb7a W1=0x2d59,0x1cb1,0x2f27 W2=0x2c66,0xdf0,0xe52
  witness[04] tail=23 r61=17 gh60=0x56884aa W1=0x1301,0x916,0x1d91 W2=0x120e,0x21c6,0xd6b
  witness[05] tail=23 r61=19 gh60=0x4488da6 W1=0x26bb,0xa75,0x1f59 W2=0x25c8,0x2219,0x3371
  witness[06] tail=23 r61=26 gh60=0x3f68b66 W1=0x5d3,0x2195,0x121 W2=0x4e0,0x277f,0x2b02
  witness[07] tail=24 r61=18 gh60=0x48a9bba W1=0x1db9,0x1b10,0x14c5 W2=0x1cc6,0x1967,0x258f
  witness[08] tail=24 r61=18 gh60=0xd5884a6 W1=0x21eb,0x3227,0xa16 W2=0x20f8,0x3f04,0x975
  witness[09] tail=24 r61=18 gh60=0xd60c5e6 W1=0x3a9c,0x62d,0x19e6 W2=0x39a9,0x26d9,0x25b4
  witness[10] tail=24 r61=19 gh60=0xb964caa W1=0x932,0x17a7,0x3471 W2=0x83f,0x19eb,0x2846
  witness[11] tail=24 r61=19 gh60=0x46d7f7a W1=0xfd6,0x8de,0x2ee9 W2=0xee3,0x34fe,0x38b
  witness[12] tail=24 r61=20 gh60=0x5a7849a W1=0x505,0x31ac,0x6d4 W2=0x412,0x17f9,0x24bf
  witness[13] tail=24 r61=23 gh60=0xdbdbc9e W1=0xde7,0xb14,0x1d5a W2=0xcf4,0xe04,0x2e8a
  witness[14] tail=24 r61=23 gh60=0xd4f8c9a W1=0x3825,0x3af1,0xe5f W2=0x3732,0x2bb7,0x27c0
  witness[15] tail=24 r61=26 gh60=0xfbbbfe6 W1=0x2fa3,0x6c3,0x33a0 W2=0x2eb0,0x21b3,0x38a9

Scan-only r61 registry
  registry_count=16 registry_cap=16
  r61_witness[00] r61=13 tail=27 gh60=0x470bf66 W1=0x2f5b,0xb8,0x1076 W2=0x2e68,0x1764,0x1c56
  r61_witness[01] r61=14 tail=32 gh60=0x44884a6 W1=0x343b,0x29e5,0x1d3e W2=0x3348,0x2632,0x2f71
  r61_witness[02] r61=15 tail=27 gh60=0x4638cee W1=0x260f,0x1fde,0x387b W2=0x251c,0xec5,0x5cb
  r61_witness[03] r61=15 tail=29 gh60=0x5e644aa W1=0x3af2,0x159,0x2154 W2=0x39ff,0x1b9e,0x3590
  r61_witness[04] r61=15 tail=30 gh60=0x4a2859a W1=0x289,0x3169,0x3b9d W2=0x196,0xe5a,0xe43
  r61_witness[05] r61=15 tail=31 gh60=0x5a184ea W1=0x3521,0x3127,0x1e W2=0x342e,0xa4d,0x199b
  r61_witness[06] r61=15 tail=32 gh60=0x4908b6a W1=0x255d,0xe76,0x23d5 W2=0x246a,0x45d,0xa14
  r61_witness[07] r61=15 tail=32 gh60=0x588bcaa W1=0x2f41,0x5cb,0x210b W2=0x2e4e,0x3e7e,0x182e
  r61_witness[08] r61=15 tail=33 gh60=0xda0bcea W1=0xe11,0xf0a,0x37 W2=0xd1e,0x295,0x16e1
  r61_witness[09] r61=16 tail=26 gh60=0x7907b66 W1=0x31dc,0x3217,0x2387 W2=0x30e9,0x2664,0xf99
  r61_witness[10] r61=16 tail=27 gh60=0xc49cca6 W1=0x62c,0x2e34,0x1409 W2=0x539,0xed1,0xc5c
  r61_witness[11] r61=16 tail=28 gh60=0x54a4cea W1=0x2822,0x68e,0x3a0f W2=0x272f,0xa1e,0x2c30
  r61_witness[12] r61=16 tail=29 gh60=0x4a047fa W1=0x39a,0x3a2c,0x30a0 W2=0x2a7,0x2f71,0x20e9
  r61_witness[13] r61=16 tail=29 gh60=0xb994caa W1=0x28fe,0x27ad,0x3057 W2=0x280b,0x299d,0x3ab4
  r61_witness[14] r61=16 tail=30 gh60=0xc4885a6 W1=0x14bb,0x2afd,0x3f93 W2=0x13c8,0x3122,0xc8e
  r61_witness[15] r61=16 tail=32 gh60=0x5b04b9a W1=0x5ca,0x2d3c,0x884 W2=0x4d7,0x1dc7,0x3e71

D60=0 fiber histogram: 1:7974 2:4807 3:1735 4:1123 5:386 6:212 7:84 8:63 9:29 10:17 11:4 12:9 13:2 14:4 15:4 16:1 18:1 20:1 22:1
