free_word_mitm_reducedn
N=14 mask=0x3fff msb=0x2000
candidate: M0=0x3d36 mode=random-fallback fill=0x3fff kernel=dM0=dM9=0x2000
prefixes=32768/268435456 mode=permuted-prefix-sample w59_per_prefix=16384 total=536870912
run_mode=scan registry_cap=16
sample_start=61669376
scan_elapsed=15.537s rate=34.55 Mtriples/s

D60 interface
  D60=0 matches: 32278 (random expectation 32768.0, enrichment 0.985x)
  prefixes with D60=0: 16289
  max D60=0 fiber per prefix: 18 at W57=0x1952 W58=0x39e
  largest D60 bucket: D=0x30b6 count=33817
  min D60 HW: 0
  D60 HW histogram: 0:32278 1:456286 2:2971585 3:11914828 4:32809880 5:65650116 6:98456321 7:112498788 8:98398613 9:65565189 10:32756101 11:11899517 12:2971924 13:456776 14:32710

Tail closure among D60=0 matches
  final tail collisions: 0
  best r61 HW: 14
  best r61 W1[57..59]=0x291c,0x110b,0x2299
  best r61 W2[57..59]=0x2829,0x3ca2,0x1683
  best tail HW: 22
  best tail r61 HW: 19
  best W1[57..59]=0xd45,0x2de9,0x145d
  best W2[57..59]=0xc52,0x143c,0x2378

SUMMARY N=14 sample_start=61669376 prefixes=32768 total=536870912 d0=32278 best_tail=22 tail_r61=19 best_r61=14 tail_W1=0xd45,0x2de9,0x145d tail_W2=0xc52,0x143c,0x2378 r61_W1=0x291c,0x110b,0x2299 r61_W2=0x2829,0x3ca2,0x1683

Scan-only witness registry
  registry_count=16 registry_cap=16
  witness[00] tail=22 r61=19 gh60=0x4b3849a W1=0xd45,0x2de9,0x145d W2=0xc52,0x143c,0x2378
  witness[01] tail=23 r61=19 gh60=0x7d0856e W1=0x1cdf,0x8b9,0x2f3e W2=0x1bec,0xdf,0x2409
  witness[02] tail=23 r61=21 gh60=0xda28c9a W1=0x805,0x236d,0xb88 W2=0x712,0x6fb,0x3863
  witness[03] tail=23 r61=24 gh60=0x558cc9a W1=0x282a,0x383c,0x39ec W2=0x2737,0x1b47,0x33df
  witness[04] tail=24 r61=19 gh60=0x45afcba W1=0xe36,0x14ee,0x3c10 W2=0xd43,0x272a,0x68c
  witness[05] tail=24 r61=20 gh60=0x7a6bb9a W1=0x1165,0x1863,0xf6a W2=0x1072,0x3737,0x674
  witness[06] tail=24 r61=20 gh60=0xcb67bea W1=0x2da2,0x3bcf,0x2c76 W2=0x2caf,0x1937,0x1c46
  witness[07] tail=24 r61=21 gh60=0xc4a44ea W1=0x1422,0xa01,0x2160 W2=0x132f,0x1c8c,0xcb5
  witness[08] tail=24 r61=21 gh60=0xcb9fce6 W1=0x3024,0x22e3,0x88a W2=0x2f31,0x2994,0xeb7
  witness[09] tail=24 r61=22 gh60=0x460bce6 W1=0x110b,0x21d0,0x1f05 W2=0x1018,0xf68,0x53b
  witness[10] tail=24 r61=22 gh60=0x5a08cee W1=0x360f,0x2e02,0x27c8 W2=0x351c,0x2fed,0x1725
  witness[11] tail=25 r61=16 gh60=0x3a087ee W1=0x3b9f,0x503,0x1565 W2=0x3aac,0xfc1,0x2baa
  witness[12] tail=25 r61=17 gh60=0xc90df6a W1=0x3fce,0xe92,0x1e2 W2=0x3edb,0x10ae,0x16e6
  witness[13] tail=25 r61=23 gh60=0xba6cca6 W1=0x16f4,0x185,0x165a W2=0x1601,0x3d32,0x2208
  witness[14] tail=25 r61=25 gh60=0x4d7bd9a W1=0x2ec9,0x3857,0x37f8 W2=0x2dd6,0x6ff,0x35ec
  witness[15] tail=25 r61=29 gh60=0xc63859a W1=0x3489,0x1f5,0x2dbd W2=0x3396,0x306a,0x21

Scan-only r61 registry
  registry_count=16 registry_cap=16
  r61_witness[00] r61=14 tail=31 gh60=0x4688fa6 W1=0x176b,0x863,0xbb W2=0x1678,0x3e27,0x1aa7
  r61_witness[01] r61=14 tail=33 gh60=0x4487cba W1=0xe3a,0x182b,0x2e6e W2=0xd47,0x2a9b,0x3d4e
  r61_witness[02] r61=14 tail=37 gh60=0x460cce6 W1=0x291c,0x110b,0x2299 W2=0x2829,0x3ca2,0x1683
  r61_witness[03] r61=15 tail=26 gh60=0x4918f6a W1=0x7cd,0x2a56,0x2307 W2=0x6da,0x1e71,0x38e8
  r61_witness[04] r61=15 tail=27 gh60=0x4a0bcea W1=0x2e11,0x3c33,0x30da W2=0x2d1e,0x39b6,0x5b9
  r61_witness[05] r61=15 tail=34 gh60=0x56644aa W1=0x24f2,0x6e,0x117a W2=0x23ff,0x7b3,0x296e
  r61_witness[06] r61=15 tail=36 gh60=0x488449a W1=0x3d2a,0x2617,0x25fe W2=0x3c37,0x1c55,0x173a
  r61_witness[07] r61=15 tail=39 gh60=0xcd09d6a W1=0x1e51,0x20aa,0x3c18 W2=0x1d5e,0x2495,0x1a7c
  r61_witness[08] r61=16 tail=25 gh60=0x3a087ee W1=0x3b9f,0x503,0x1565 W2=0x3aac,0xfc1,0x2baa
  r61_witness[09] r61=16 tail=27 gh60=0x4a844a6 W1=0xcfc,0x39ff,0xe69 W2=0xc09,0x29cb,0x96f
  r61_witness[10] r61=16 tail=27 gh60=0xcb08b6e W1=0x29cf,0x143d,0x6db W2=0x28dc,0xe64,0x1209
  r61_witness[11] r61=16 tail=30 gh60=0x4a185e6 W1=0x129b,0x3400,0x31e W2=0x11a8,0x18a9,0x2fc2
  r61_witness[12] r61=16 tail=30 gh60=0x5d0856a W1=0x244d,0x22b1,0x763 W2=0x235a,0x353b,0x16fa
  r61_witness[13] r61=16 tail=32 gh60=0x7a844ba W1=0x29fa,0xde8,0x1c3b W2=0x2907,0x30df,0x262a
  r61_witness[14] r61=16 tail=33 gh60=0x4a8cbae W1=0x970,0x26ae,0x2a37 W2=0x87d,0x1b46,0x3e8
  r61_witness[15] r61=16 tail=33 gh60=0x4609dee W1=0x3e9f,0xf7b,0x1206 W2=0x3dac,0x37aa,0x332f

D60=0 fiber histogram: 1:7888 2:4690 3:1742 4:1087 5:411 6:226 7:90 8:87 9:30 10:17 11:8 12:6 13:4 14:1 15:1 18:1
