free_word_mitm_reducedn
N=14 mask=0x3fff msb=0x2000
candidate: M0=0x3d36 mode=random-fallback fill=0x3fff kernel=dM0=dM9=0x2000
prefixes=32768/268435456 mode=permuted-prefix-sample w59_per_prefix=16384 total=536870912
run_mode=scan registry_cap=16
sample_start=126943232
scan_elapsed=18.737s rate=28.65 Mtriples/s

D60 interface
  D60=0 matches: 33107 (random expectation 32768.0, enrichment 1.010x)
  prefixes with D60=0: 16606
  max D60=0 fiber per prefix: 16 at W57=0x3e59 W58=0x2fe9
  largest D60 bucket: D=0x2d31 count=33731
  min D60 HW: 0
  D60 HW histogram: 0:33107 1:457520 2:2977015 3:11913896 4:32793808 5:65583978 6:98439427 7:112500260 8:98420433 9:65600896 10:32776081 11:11911896 12:2973648 13:456645 14:32302

Tail closure among D60=0 matches
  final tail collisions: 0
  best r61 HW: 13
  best r61 W1[57..59]=0x210d,0x274e,0x2572
  best r61 W2[57..59]=0x201a,0x29c1,0xb6a
  best tail HW: 19
  best tail r61 HW: 28
  best W1[57..59]=0x2278,0x26a4,0x2f35
  best W2[57..59]=0x2185,0x2c5f,0x8eb

SUMMARY N=14 sample_start=126943232 prefixes=32768 total=536870912 d0=33107 best_tail=19 tail_r61=28 best_r61=13 tail_W1=0x2278,0x26a4,0x2f35 tail_W2=0x2185,0x2c5f,0x8eb r61_W1=0x210d,0x274e,0x2572 r61_W2=0x201a,0x29c1,0xb6a

Scan-only witness registry
  registry_count=16 registry_cap=16
  witness[00] tail=19 r61=28 gh60=0xf7dc5be W1=0x2278,0x26a4,0x2f35 W2=0x2185,0x2c5f,0x8eb
  witness[01] tail=22 r61=19 gh60=0x448bca6 W1=0xe3b,0x10c5,0xb91 W2=0xd48,0x174b,0x1fe4
  witness[02] tail=23 r61=18 gh60=0xce6dcaa W1=0x3f02,0x90d,0xa99 W2=0x3e0f,0xb61,0x3c46
  witness[03] tail=23 r61=19 gh60=0x7e184e6 W1=0x2c0b,0x17d4,0x32ba W2=0x2b18,0x4b7,0x1d4e
  witness[04] tail=23 r61=27 gh60=0x3d78caa W1=0x35ed,0x2f80,0x95f W2=0x34fa,0x73b,0x27d7
  witness[05] tail=24 r61=13 gh60=0x4609cea W1=0x210d,0x274e,0x2572 W2=0x201a,0x29c1,0xb6a
  witness[06] tail=24 r61=16 gh60=0xc528d7e W1=0x1657,0x38e8,0x3f5e W2=0x1564,0xa93,0x3645
  witness[07] tail=24 r61=18 gh60=0x490876e W1=0xb5f,0x2b48,0x30ee W2=0xa6c,0x2a7a,0x15b5
  witness[08] tail=24 r61=20 gh60=0x3d9c5ba W1=0xcba,0x19bf,0x3f8f W2=0xbc7,0x8da,0xb51
  witness[09] tail=24 r61=20 gh60=0x58b84aa W1=0x1331,0x2db7,0x3c9b W2=0x123e,0x6f7,0x17b
  witness[10] tail=24 r61=24 gh60=0x5727b66 W1=0xdd4,0x1ac6,0xe4b W2=0xce1,0x1133,0x2e21
  witness[11] tail=24 r61=25 gh60=0xcfec4a6 W1=0x1434,0x544,0x1f2 W2=0x1341,0x34b0,0xf74
  witness[12] tail=24 r61=27 gh60=0xbfa5ca6 W1=0x3ff4,0x1df1,0x22ea W2=0x3f01,0x3620,0x2170
  witness[13] tail=25 r61=17 gh60=0x49b8b9e W1=0x967,0x353a,0x3a70 W2=0x874,0x28d4,0x3f20
  witness[14] tail=25 r61=17 gh60=0x5be4b66 W1=0x1964,0x3ee1,0x1cc9 W2=0x1871,0x10dc,0x1988
  witness[15] tail=25 r61=17 gh60=0xd62c4aa W1=0x3d02,0xc4,0x3896 W2=0x3c0f,0x1799,0x12ad

Scan-only r61 registry
  registry_count=16 registry_cap=16
  r61_witness[00] r61=13 tail=24 gh60=0x4609cea W1=0x210d,0x274e,0x2572 W2=0x201a,0x29c1,0xb6a
  r61_witness[01] r61=14 tail=28 gh60=0x4b1859a W1=0x1cc5,0x1887,0x29d2 W2=0x1bd2,0x16ee,0x14b6
  r61_witness[02] r61=14 tail=33 gh60=0xcaac4aa W1=0x39f2,0x312e,0x1698 W2=0x38ff,0x733,0xd04
  r61_witness[03] r61=15 tail=26 gh60=0xb628d9a W1=0x3885,0xe44,0x3c43 W2=0x3792,0x9f6,0x3f8a
  r61_witness[04] r61=15 tail=30 gh60=0xc904766 W1=0x134c,0x1683,0x2b87 W2=0x1259,0xe39,0x130c
  r61_witness[05] r61=15 tail=30 gh60=0xca885a6 W1=0x146b,0xc91,0x291e W2=0x1378,0x1456,0x3e13
  r61_witness[06] r61=15 tail=32 gh60=0x4a08ce6 W1=0x380b,0x3208,0x27f0 W2=0x3718,0x2dae,0x1d7f
  r61_witness[07] r61=15 tail=36 gh60=0x4924766 W1=0x3bd4,0x3377,0x1968 W2=0x3ae1,0x2b3d,0x23bc
  r61_witness[08] r61=16 tail=24 gh60=0xc528d7e W1=0x1657,0x38e8,0x3f5e W2=0x1564,0xa93,0x3645
  r61_witness[09] r61=16 tail=28 gh60=0x59887aa W1=0x3bad,0x3d09,0x2ced W2=0x3aba,0x5d,0x1981
  r61_witness[10] r61=16 tail=29 gh60=0xce19be6 W1=0x3d8b,0x3c15,0x2d06 W2=0x3c98,0x4e1,0x33b7
  r61_witness[11] r61=16 tail=32 gh60=0x448459a W1=0x14aa,0x1a58,0x2456 W2=0x13b7,0x1800,0x18ba
  r61_witness[12] r61=16 tail=32 gh60=0x493877a W1=0x1bd5,0x234c,0x18b2 W2=0x1ae2,0x202c,0x2a59
  r61_witness[13] r61=16 tail=32 gh60=0x4a8dcae W1=0x1f00,0x276f,0x3409 W2=0x1e0d,0x11bf,0x3322
  r61_witness[14] r61=16 tail=34 gh60=0x3607be6 W1=0xd8c,0xce5,0x145b W2=0xc99,0x3fae,0xf3
  r61_witness[15] r61=16 tail=35 gh60=0x4504d66 W1=0x164c,0x1d10,0x645 W2=0x1559,0x2b7,0x3fb0

D60=0 fiber histogram: 1:7963 2:4747 3:1866 4:1117 5:444 6:249 7:82 8:63 9:27 10:24 11:8 12:7 13:1 14:2 16:6
