free_word_mitm_reducedn
N=14 mask=0x3fff msb=0x2000
candidate: M0=0x3d36 mode=random-fallback fill=0x3fff kernel=dM0=dM9=0x2000
prefixes=32768/268435456 mode=permuted-prefix-sample w59_per_prefix=16384 total=536870912
run_mode=scan registry_cap=16
sample_start=9764864
scan_elapsed=15.257s rate=35.19 Mtriples/s

D60 interface
  D60=0 matches: 32716 (random expectation 32768.0, enrichment 0.998x)
  prefixes with D60=0: 16573
  max D60=0 fiber per prefix: 17 at W57=0x2df9 W58=0x20fa
  largest D60 bucket: D=0x2ce9 count=33877
  min D60 HW: 0
  D60 HW histogram: 0:32716 1:456724 2:2972249 3:11902500 4:32768645 5:65584612 6:98467909 7:112536882 8:98424454 9:65582154 10:32773885 11:11900661 12:2976357 13:458405 14:32759

Tail closure among D60=0 matches
  final tail collisions: 0
  best r61 HW: 14
  best r61 W1[57..59]=0x25a3,0x1841,0x37ae
  best r61 W2[57..59]=0x24b0,0x1e2f,0x300b
  best tail HW: 22
  best tail r61 HW: 18
  best W1[57..59]=0x379b,0x352a,0x6ce
  best W2[57..59]=0x36a8,0x2de4,0x13d

SUMMARY N=14 sample_start=9764864 prefixes=32768 total=536870912 d0=32716 best_tail=22 tail_r61=18 best_r61=14 tail_W1=0x379b,0x352a,0x6ce tail_W2=0x36a8,0x2de4,0x13d r61_W1=0x25a3,0x1841,0x37ae r61_W2=0x24b0,0x1e2f,0x300b

Scan-only witness registry
  registry_count=16 registry_cap=16
  witness[00] tail=22 r61=18 gh60=0xce08fe6 W1=0x379b,0x352a,0x6ce W2=0x36a8,0x2de4,0x13d
  witness[01] tail=23 r61=18 gh60=0x7a08dee W1=0x188f,0x2bad,0xa36 W2=0x179c,0x1f70,0x1c7b
  witness[02] tail=23 r61=19 gh60=0x4509d66 W1=0x1edb,0x20f,0x134 W2=0x1de8,0x1dcf,0x20c5
  witness[03] tail=24 r61=17 gh60=0xd92879e W1=0x2bc7,0xe41,0x1c76 W2=0x2ad4,0x870,0x3085
  witness[04] tail=24 r61=18 gh60=0xcbe8b7e W1=0x1557,0x2ff4,0xa0d W2=0x1464,0x310f,0x2925
  witness[05] tail=24 r61=20 gh60=0x4e88faa W1=0x1771,0x2b54,0x7cf W2=0x167e,0x38db,0x2ee
  witness[06] tail=24 r61=20 gh60=0xca1dfea W1=0x1f92,0x1054,0x2341 W2=0x1e9f,0x3ee8,0x337f
  witness[07] tail=24 r61=21 gh60=0xc9ac766 W1=0x1364,0x2717,0x9fc W2=0x1271,0x1d73,0x186c
  witness[08] tail=24 r61=22 gh60=0xb89bba6 W1=0x11b3,0x15f,0x226e W2=0x10c0,0x34c9,0x2841
  witness[09] tail=24 r61=22 gh60=0xc58cda6 W1=0x167c,0x8e8,0x3dd0 W2=0x1589,0x320d,0x3b9d
  witness[10] tail=24 r61=23 gh60=0x3f2c4aa W1=0x342,0x6ab,0x1dc5 W2=0x24f,0xe00,0x192d
  witness[11] tail=24 r61=28 gh60=0x4ae849a W1=0x2a49,0x28ae,0x14b5 W2=0x2956,0xc7d,0x37e
  witness[12] tail=25 r61=17 gh60=0x48984a6 W1=0x133b,0x1100,0x1339 W2=0x1248,0x14d,0x2a1d
  witness[13] tail=25 r61=19 gh60=0xce2c4e6 W1=0x514,0x3815,0x15a9 W2=0x421,0x909,0x29bc
  witness[14] tail=25 r61=19 gh60=0x4755fba W1=0x1fb6,0x354f,0x3b10 W2=0x1ec3,0x3557,0x1ab7
  witness[15] tail=25 r61=23 gh60=0xcd9bce6 W1=0x3023,0x3124,0x74a W2=0x2f30,0x27e4,0x3dbc

Scan-only r61 registry
  registry_count=16 registry_cap=16
  r61_witness[00] r61=14 tail=34 gh60=0x48e8be6 W1=0x25a3,0x1841,0x37ae W2=0x24b0,0x1e2f,0x300b
  r61_witness[01] r61=16 tail=29 gh60=0xc909b6a W1=0x3d5d,0x2647,0x23ba W2=0x3c6a,0x1136,0x351d
  r61_witness[02] r61=16 tail=29 gh60=0x5985ca6 W1=0x3eec,0xa98,0x2d09 W2=0x3df9,0x14b7,0x3983
  r61_witness[03] r61=16 tail=31 gh60=0x4897baa W1=0x2dae,0x97c,0x16ad W2=0x2cbb,0x3184,0x31cb
  r61_witness[04] r61=16 tail=31 gh60=0x4604d9a W1=0x368a,0x3052,0x1ab6 W2=0x3597,0x31ed,0xd13
  r61_witness[05] r61=16 tail=32 gh60=0xd88bfaa W1=0xfbd,0x2afa,0x1a41 W2=0xeca,0x1001,0x342b
  r61_witness[06] r61=17 tail=24 gh60=0xd92879e W1=0x2bc7,0xe41,0x1c76 W2=0x2ad4,0x870,0x3085
  r61_witness[07] r61=17 tail=25 gh60=0x48984a6 W1=0x133b,0x1100,0x1339 W2=0x1248,0x14d,0x2a1d
  r61_witness[08] r61=17 tail=26 gh60=0xbb05d9a W1=0x20ca,0x7af,0x326c W2=0x1fd7,0x3460,0x2a50
  r61_witness[09] r61=17 tail=28 gh60=0xc998baa W1=0x157d,0x3883,0x170f W2=0x148a,0x38f6,0x2ad1
  r61_witness[10] r61=17 tail=28 gh60=0xca9bf66 W1=0x2f63,0x2e86,0x77b W2=0x2e70,0x562,0x2f93
  r61_witness[11] r61=17 tail=29 gh60=0xcb0dd6a W1=0x1ece,0x68e,0x1a40 W2=0x1ddb,0x262,0x2528
  r61_witness[12] r61=17 tail=30 gh60=0xcbebb7a W1=0x11d5,0x6b1,0x225d W2=0x10e2,0x21ec,0x16f5
  r61_witness[13] r61=17 tail=30 gh60=0x48847a6 W1=0x2bbc,0x3269,0x283b W2=0x2ac9,0x1b9d,0x5e1
  r61_witness[14] r61=17 tail=30 gh60=0x5908b6a W1=0x35cd,0x312,0x35c9 W2=0x34da,0x509,0x2ab0
  r61_witness[15] r61=17 tail=31 gh60=0x4608cea W1=0x160d,0x884,0x26a9 W2=0x151a,0x224b,0x1f82

D60=0 fiber histogram: 1:8038 2:4776 3:1798 4:1099 5:402 6:223 7:85 8:76 9:28 10:23 11:9 12:10 13:3 14:2 17:1
