free_word_mitm_reducedn
N=14 mask=0x3fff msb=0x2000
candidate: M0=0x3d36 mode=random-fallback fill=0x3fff kernel=dM0=dM9=0x2000
prefixes=32768/268435456 mode=permuted-prefix-sample w59_per_prefix=16384 total=536870912
run_mode=scan registry_cap=16
sample_start=77561856
scan_elapsed=19.021s rate=28.22 Mtriples/s

D60 interface
  D60=0 matches: 32485 (random expectation 32768.0, enrichment 0.991x)
  prefixes with D60=0: 16556
  max D60=0 fiber per prefix: 21 at W57=0x1f73 W58=0xbd2
  largest D60 bucket: D=0x32d3 count=33729
  min D60 HW: 0
  D60 HW histogram: 0:32485 1:454823 2:2965930 3:11890569 4:32751608 5:65564116 6:98413004 7:112544630 8:98471701 9:65630862 10:32784352 11:11907206 12:2970201 13:456844 14:32581

Tail closure among D60=0 matches
  final tail collisions: 0
  best r61 HW: 12
  best r61 W1[57..59]=0x128a,0x18e9,0x1cd6
  best r61 W2[57..59]=0x1197,0x15cb,0x24c5
  best tail HW: 19
  best tail r61 HW: 12
  best W1[57..59]=0x128a,0x18e9,0x1cd6
  best W2[57..59]=0x1197,0x15cb,0x24c5

SUMMARY N=14 sample_start=77561856 prefixes=32768 total=536870912 d0=32485 best_tail=19 tail_r61=12 best_r61=12 tail_W1=0x128a,0x18e9,0x1cd6 tail_W2=0x1197,0x15cb,0x24c5 r61_W1=0x128a,0x18e9,0x1cd6 r61_W2=0x1197,0x15cb,0x24c5

Scan-only witness registry
  registry_count=16 registry_cap=16
  witness[00] tail=19 r61=12 gh60=0xca0459a W1=0x128a,0x18e9,0x1cd6 W2=0x1197,0x15cb,0x24c5
  witness[01] tail=22 r61=16 gh60=0x4a3849e W1=0x3b07,0x122f,0x2d3b W2=0x3a14,0x22a6,0x20f0
  witness[02] tail=23 r61=19 gh60=0x3e884ae W1=0x3cff,0x13fe,0x1e2a W2=0x3c0c,0x28e,0x2c60
  witness[03] tail=24 r61=25 gh60=0xf4a44aa W1=0x1232,0x3e14,0x2ce3 W2=0x113f,0x1319,0x33f
  witness[04] tail=25 r61=20 gh60=0xda2cdea W1=0x3892,0x2a87,0x1cbf W2=0x379f,0x26f,0x1d20
  witness[05] tail=25 r61=21 gh60=0x5f884ae W1=0x1c2f,0x277,0x367 W2=0x1b3c,0x3f97,0x204b
  witness[06] tail=25 r61=21 gh60=0x493c79a W1=0x23ca,0x39ae,0x2fba W2=0x22d7,0x2bc0,0x2f5f
  witness[07] tail=25 r61=22 gh60=0x5e5c7fe W1=0x1b98,0x15f0,0x3b09 W2=0x1aa5,0x1f41,0x167d
  witness[08] tail=25 r61=24 gh60=0xbaa8cba W1=0x7f5,0x3e0b,0x1038 W2=0x702,0x204a,0x1453
  witness[09] tail=25 r61=25 gh60=0xc624faa W1=0x2782,0x3c5f,0x28bd W2=0x268f,0x2a0b,0x639
  witness[10] tail=25 r61=27 gh60=0xd98c4ae W1=0x32f0,0x1f13,0x1b48 W2=0x31fd,0x1eb4,0x2331
  witness[11] tail=26 r61=20 gh60=0x4b3877a W1=0x1b59,0x43e,0xb0f W2=0x1a66,0x191a,0x3ac6
  witness[12] tail=26 r61=21 gh60=0x4a64daa W1=0x1872,0xabf,0x32aa W2=0x177f,0x249b,0x19de
  witness[13] tail=26 r61=21 gh60=0x5f39f6a W1=0x1f61,0x1b4a,0x3e6 W2=0x1e6e,0x1d55,0x17c5
  witness[14] tail=26 r61=22 gh60=0xfa185e6 W1=0x348b,0xd1b,0x2ece W2=0x3398,0x16d8,0x806
  witness[15] tail=26 r61=22 gh60=0xb6384fa W1=0x3a15,0x136,0x3306 W2=0x3922,0x367a,0x29fe

Scan-only r61 registry
  registry_count=16 registry_cap=16
  r61_witness[00] r61=12 tail=19 gh60=0xca0459a W1=0x128a,0x18e9,0x1cd6 W2=0x1197,0x15cb,0x24c5
  r61_witness[01] r61=13 tail=30 gh60=0x4a98ba6 W1=0x396b,0x3648,0x3c9b W2=0x3878,0xa8c,0x2350
  r61_witness[02] r61=13 tail=32 gh60=0x4a08fea W1=0x178d,0x3547,0x39f7 W2=0x169a,0x34d6,0x51f
  r61_witness[03] r61=14 tail=33 gh60=0x4a09bee W1=0x19f,0x3d9b,0x249f W2=0xac,0x321a,0x300
  r61_witness[04] r61=14 tail=34 gh60=0x4a18cea W1=0x380d,0x365e,0x11ae W2=0x371a,0xa25,0x1c1d
  r61_witness[05] r61=14 tail=43 gh60=0x4988ca6 W1=0x273b,0x2048,0x187 W2=0x2648,0x3bd4,0x2454
  r61_witness[06] r61=15 tail=35 gh60=0x56345fe W1=0x3298,0x43e,0x73 W2=0x31a5,0x17ff,0xb53
  r61_witness[07] r61=16 tail=22 gh60=0x4a3849e W1=0x3b07,0x122f,0x2d3b W2=0x3a14,0x22a6,0x20f0
  r61_witness[08] r61=16 tail=28 gh60=0x4e284fe W1=0x1c17,0x2b1e,0x86f W2=0x1b24,0xcc6,0x160c
  r61_witness[09] r61=16 tail=30 gh60=0x366cbe6 W1=0x1594,0x984,0x8e2 W2=0x14a1,0x1fe3,0x3d34
  r61_witness[10] r61=16 tail=34 gh60=0x4a1c4ee W1=0x1a20,0x1b19,0x9be W2=0x192d,0x620,0x3c2c
  r61_witness[11] r61=16 tail=34 gh60=0x48987aa W1=0x2bb1,0x203,0x566 W2=0x2abe,0x25b,0x4fe
  r61_witness[12] r61=16 tail=34 gh60=0x7904766 W1=0x2bcc,0x2eba,0x1062 W2=0x2ad9,0x1afe,0x3bf6
  r61_witness[13] r61=16 tail=34 gh60=0xca144ea W1=0x330e,0x1d3d,0x112 W2=0x321b,0x34c8,0xc75
  r61_witness[14] r61=16 tail=37 gh60=0x4998faa W1=0x771,0x3bac,0xcbb W2=0x67e,0x3a33,0x292
  r61_witness[15] r61=17 tail=28 gh60=0x4a385ea W1=0x29d,0x1c36,0x2f34 W2=0x1aa,0x27c4,0x2b05

D60=0 fiber histogram: 1:8070 2:4723 3:1848 4:1048 5:437 6:218 7:86 8:71 9:25 10:15 11:5 12:3 13:2 14:3 15:1 21:1
