free_word_mitm_reducedn
N=14 mask=0x3fff msb=0x2000
candidate: M0=0x3d36 mode=random-fallback fill=0x3fff kernel=dM0=dM9=0x2000
prefixes=32768/268435456 mode=permuted-prefix-sample w59_per_prefix=16384 total=536870912
run_mode=scan registry_cap=16
sample_start=69173248
scan_elapsed=18.786s rate=28.58 Mtriples/s

D60 interface
  D60=0 matches: 32425 (random expectation 32768.0, enrichment 0.990x)
  prefixes with D60=0: 16437
  max D60=0 fiber per prefix: 22 at W57=0x2b1f W58=0x2083
  largest D60 bucket: D=0xc8a count=33862
  min D60 HW: 0
  D60 HW histogram: 0:32425 1:459858 2:2981829 3:11930930 4:32807869 5:65647881 6:98481479 7:112506720 8:98370822 9:65548154 10:32744115 11:11894976 12:2973442 13:457848 14:32564

Tail closure among D60=0 matches
  final tail collisions: 0
  best r61 HW: 12
  best r61 W1[57..59]=0x14c7,0x1d7a,0x2cf6
  best r61 W2[57..59]=0x13d4,0x3383,0x1ad1
  best tail HW: 21
  best tail r61 HW: 21
  best W1[57..59]=0xfe3,0x34fb,0x209d
  best W2[57..59]=0xef0,0x8d7,0x1afd

SUMMARY N=14 sample_start=69173248 prefixes=32768 total=536870912 d0=32425 best_tail=21 tail_r61=21 best_r61=12 tail_W1=0xfe3,0x34fb,0x209d tail_W2=0xef0,0x8d7,0x1afd r61_W1=0x14c7,0x1d7a,0x2cf6 r61_W2=0x13d4,0x3383,0x1ad1

Scan-only witness registry
  registry_count=16 registry_cap=16
  witness[00] tail=21 r61=21 gh60=0x57abf66 W1=0xfe3,0x34fb,0x209d W2=0xef0,0x8d7,0x1afd
  witness[01] tail=22 r61=19 gh60=0x4978b7a W1=0x35d9,0x1226,0x9f7 W2=0x34e6,0x2361,0x3822
  witness[02] tail=22 r61=30 gh60=0x4febb9a W1=0x2da9,0x15e7,0x3544 W2=0x2cb6,0x44f,0x26ea
  witness[03] tail=23 r61=18 gh60=0x58887a6 W1=0x3bbb,0x2116,0x2564 W2=0x3ac8,0x1b59,0x328b
  witness[04] tail=24 r61=18 gh60=0x3ed44ba W1=0x3af6,0x2d5c,0x64a W2=0x3a03,0x265b,0x8ef
  witness[05] tail=24 r61=20 gh60=0xb4ac5aa W1=0x2ab2,0x79e,0x1a2 W2=0x29bf,0x124b,0x3787
  witness[06] tail=24 r61=20 gh60=0x492877a W1=0x2b55,0x39f1,0x387e W2=0x2a62,0x32c9,0x1616
  witness[07] tail=24 r61=22 gh60=0xcb9cf9a W1=0x176a,0x1816,0x2909 W2=0x1677,0x17b1,0x2
  witness[08] tail=24 r61=22 gh60=0xf995bae W1=0x1dc0,0x1886,0x21ed W2=0x1ccd,0x1182,0x1f5c
  witness[09] tail=24 r61=22 gh60=0x3a8bbaa W1=0x2d7d,0x229c,0xfb4 W2=0x2c8a,0x3c0f,0x3903
  witness[10] tail=24 r61=23 gh60=0xb5984aa W1=0xa01,0x260b,0x3f5e W2=0x90e,0x2bfb,0xab
  witness[11] tail=24 r61=23 gh60=0x457456e W1=0x24e0,0x98d,0x453 W2=0x23ed,0x3130,0x2d5f
  witness[12] tail=25 r61=14 gh60=0x470bb66 W1=0x314b,0x1912,0xdb3 W2=0x3058,0xe6e,0x306b
  witness[13] tail=25 r61=19 gh60=0xda08be6 W1=0x259b,0x1724,0x1a59 W2=0x24a8,0x1d62,0x1cf0
  witness[14] tail=25 r61=23 gh60=0x3f987aa W1=0xbad,0x12d1,0x11ec W2=0xaba,0x525,0x2ad7
  witness[15] tail=25 r61=23 gh60=0xdb1cf9a W1=0x37ca,0x376f,0x3894 W2=0x36d7,0x36b6,0xa70

Scan-only r61 registry
  registry_count=16 registry_cap=16
  r61_witness[00] r61=12 tail=34 gh60=0x453859e W1=0x14c7,0x1d7a,0x2cf6 W2=0x13d4,0x3383,0x1ad1
  r61_witness[01] r61=13 tail=27 gh60=0x4a244a6 W1=0x1d04,0x1d10,0x1005 W2=0x1c11,0x3a0e,0xbd1
  r61_witness[02] r61=14 tail=25 gh60=0x470bb66 W1=0x314b,0x1912,0xdb3 W2=0x3058,0xe6e,0x306b
  r61_witness[03] r61=15 tail=28 gh60=0xfa084ea W1=0x311,0x27a1,0x380a W2=0x21e,0x2e57,0xb0c
  r61_witness[04] r61=15 tail=29 gh60=0xca05de6 W1=0x1e9c,0x39a5,0x21f5 W2=0x1da9,0x11d2,0x1e44
  r61_witness[05] r61=15 tail=33 gh60=0x4e08bee W1=0x158f,0x2a7d,0x2eee W2=0x149c,0x3510,0x27b2
  r61_witness[06] r61=16 tail=27 gh60=0x571856a W1=0x3261,0x12f1,0x231f W2=0x316e,0x1917,0x2a36
  r61_witness[07] r61=16 tail=31 gh60=0x3a084ee W1=0x141f,0x3620,0xcbb W2=0x132c,0x3536,0x3c06
  r61_witness[08] r61=16 tail=31 gh60=0xca084ee W1=0x231f,0x12f6,0x13fe W2=0x222c,0x3080,0x33aa
  r61_witness[09] r61=16 tail=32 gh60=0xc60449a W1=0x140a,0x3425,0x20bd W2=0x1317,0x2a67,0x1254
  r61_witness[10] r61=16 tail=32 gh60=0xc6184ea W1=0x2421,0x38b9,0xfc8 W2=0x232e,0x3cb3,0x3a5
  r61_witness[11] r61=16 tail=32 gh60=0x5e145ea W1=0x2a9e,0x3382,0x6f8 W2=0x29ab,0x3395,0x3525
  r61_witness[12] r61=16 tail=33 gh60=0x48a87ba W1=0x3bb9,0x3d82,0x25f7 W2=0x3ac6,0x105c,0x2cc6
  r61_witness[13] r61=16 tail=34 gh60=0x588bbae W1=0x2dbf,0x9ac,0x171e W2=0x2ccc,0x36af,0x4d2
  r61_witness[14] r61=16 tail=35 gh60=0x4887ca6 W1=0x2f3c,0x398a,0x355f W2=0x2e49,0x2e19,0x2efd
  r61_witness[15] r61=16 tail=37 gh60=0xc6084ea W1=0x2421,0x34ce,0x31b W2=0x232e,0x38c8,0x1071

D60=0 fiber histogram: 1:7984 2:4755 3:1734 4:1083 5:424 6:232 7:90 8:64 9:29 10:25 11:3 12:3 13:5 14:3 16:1 18:1 22:1
