free_word_mitm_reducedn
N=14 mask=0x3fff msb=0x2000
candidate: M0=0x3d36 mode=random-fallback fill=0x3fff kernel=dM0=dM9=0x2000
prefixes=32768/268435456 mode=permuted-prefix-sample w59_per_prefix=16384 total=536870912
run_mode=scan registry_cap=16
sample_start=128778240
scan_elapsed=18.712s rate=28.69 Mtriples/s

D60 interface
  D60=0 matches: 32644 (random expectation 32768.0, enrichment 0.996x)
  prefixes with D60=0: 16511
  max D60=0 fiber per prefix: 16 at W57=0x295d W58=0x1266
  largest D60 bucket: D=0x105e count=33712
  min D60 HW: 0
  D60 HW histogram: 0:32644 1:455758 2:2974197 3:11896362 4:32769451 5:65595061 6:98444677 7:112498926 8:98423493 9:65599975 10:32792831 11:11918399 12:2978007 13:458310 14:32821

Tail closure among D60=0 matches
  final tail collisions: 0
  best r61 HW: 13
  best r61 W1[57..59]=0x3d2f,0x2b1e,0x3941
  best r61 W2[57..59]=0x3c3c,0x1a3e,0x2e4a
  best tail HW: 15
  best tail r61 HW: 17
  best W1[57..59]=0x3448,0x209a,0x278e
  best W2[57..59]=0x3355,0x2e8c,0x10a1

SUMMARY N=14 sample_start=128778240 prefixes=32768 total=536870912 d0=32644 best_tail=15 tail_r61=17 best_r61=13 tail_W1=0x3448,0x209a,0x278e tail_W2=0x3355,0x2e8c,0x10a1 r61_W1=0x3d2f,0x2b1e,0x3941 r61_W2=0x3c3c,0x1a3e,0x2e4a

Scan-only witness registry
  registry_count=16 registry_cap=16
  witness[00] tail=15 r61=17 gh60=0x5d3c49e W1=0x3448,0x209a,0x278e W2=0x3355,0x2e8c,0x10a1
  witness[01] tail=22 r61=24 gh60=0xcb7c79a W1=0xb6a,0x1050,0x2fbe W2=0xa77,0x2ae,0xf8b
  witness[02] tail=23 r61=20 gh60=0xc634c9e W1=0x1708,0x298c,0x8b5 W2=0x1615,0x53b,0x395
  witness[03] tail=24 r61=14 gh60=0x5a087ee W1=0x39f,0x2a67,0xa80 W2=0x2ac,0x2429,0xef1
  witness[04] tail=24 r61=21 gh60=0x3a684ba W1=0x1cf5,0xc7e,0x1092 W2=0x1c02,0x1f8,0x38e3
  witness[05] tail=24 r61=21 gh60=0x398c7a6 W1=0x33bc,0x17c1,0x226 W2=0x32c9,0x1077,0x4c0
  witness[06] tail=24 r61=22 gh60=0xfad9c9a W1=0x149,0x2add,0x14e W2=0x56,0x971,0x3c35
  witness[07] tail=25 r61=16 gh60=0xba3bc9a W1=0x1009,0xc0d,0x1382 W2=0xf16,0x195d,0x367d
  witness[08] tail=25 r61=19 gh60=0x4e984aa W1=0x19fd,0x1056,0xc58 W2=0x190a,0x2382,0x1bf9
  witness[09] tail=25 r61=20 gh60=0x5a5849e W1=0x3d07,0x3efb,0x7f8 W2=0x3c14,0xdf2,0x5ec
  witness[10] tail=25 r61=21 gh60=0xc5dccfa W1=0x716,0x37d2,0x204b W2=0x623,0x1e5a,0xb3e
  witness[11] tail=25 r61=21 gh60=0x470856e W1=0x3ccf,0x5e4,0x3996 W2=0x3bdc,0x350e,0x24b1
  witness[12] tail=25 r61=22 gh60=0xdbe8c9a W1=0x1829,0x376d,0x32d3 W2=0x1736,0x2a7f,0x1b8a
  witness[13] tail=25 r61=26 gh60=0xb668cba W1=0x27f5,0x2483,0x1950 W2=0x2702,0x6c2,0xc90
  witness[14] tail=25 r61=30 gh60=0x78bbfa6 W1=0x2fab,0x871,0x2675 W2=0x2eb8,0x2343,0x7f0
  witness[15] tail=26 r61=18 gh60=0x4aacbbe W1=0x2978,0x3f1d,0x3118 W2=0x2885,0x32b9,0x2080

Scan-only r61 registry
  registry_count=16 registry_cap=16
  r61_witness[00] r61=13 tail=31 gh60=0x48ac7e6 W1=0x3ba4,0xa0a,0x462 W2=0x3ab1,0xf4,0x2b94
  r61_witness[01] r61=13 tail=37 gh60=0x48884ae W1=0x3d2f,0x2b1e,0x3941 W2=0x3c3c,0x1a3e,0x2e4a
  r61_witness[02] r61=14 tail=24 gh60=0x5a087ee W1=0x39f,0x2a67,0xa80 W2=0x2ac,0x2429,0xef1
  r61_witness[03] r61=14 tail=29 gh60=0x4558d9a W1=0x36a9,0x3426,0x3d98 W2=0x35b6,0x2310,0x2408
  r61_witness[04] r61=14 tail=35 gh60=0x461bce6 W1=0x2f1b,0x3870,0x1d0c W2=0x2e28,0x170,0x186c
  r61_witness[05] r61=15 tail=30 gh60=0x5a0c59a W1=0x28a,0x2252,0x1979 W2=0x197,0xf28,0x3b95
  r61_witness[06] r61=15 tail=39 gh60=0x4618fea W1=0x178d,0x1db5,0x1729 W2=0x169a,0x1d44,0x22c3
  r61_witness[07] r61=16 tail=25 gh60=0xba3bc9a W1=0x1009,0xc0d,0x1382 W2=0xf16,0x195d,0x367d
  r61_witness[08] r61=16 tail=28 gh60=0x4a0479a W1=0x2b8a,0x3018,0x2a2a W2=0x2a97,0x22b8,0xb9f
  r61_witness[09] r61=16 tail=29 gh60=0xc8e8bbe W1=0x39b7,0x27fe,0x21e9 W2=0x38c4,0x2c19,0x4b4
  r61_witness[10] r61=16 tail=30 gh60=0xc895faa W1=0x1fbe,0xbbe,0x3d00 W2=0x1ecb,0xbba,0x193c
  r61_witness[11] r61=16 tail=31 gh60=0x4a084ea W1=0x1a11,0x2472,0x8d9 W2=0x191e,0x3c7c,0x1814
  r61_witness[12] r61=16 tail=31 gh60=0xc90c49a W1=0x254a,0x2758,0xe25 W2=0x2457,0xd5a,0x1a87
  r61_witness[13] r61=16 tail=31 gh60=0x4709f66 W1=0x3fdb,0x1dfe,0x21f9 W2=0x3ee8,0x3fa6,0x3731
  r61_witness[14] r61=16 tail=34 gh60=0xc629bfa W1=0x2195,0x3a05,0x2ab W2=0x20a2,0x26d0,0x16e0
  r61_witness[15] r61=17 tail=15 gh60=0x5d3c49e W1=0x3448,0x209a,0x278e W2=0x3355,0x2e8c,0x10a1

D60=0 fiber histogram: 1:8019 2:4727 3:1802 4:1073 5:410 6:248 7:87 8:66 9:34 10:25 11:8 12:6 13:4 14:1 16:1
