free_word_mitm_reducedn
N=13 mask=0x1fff msb=0x1000
candidate: M0=0x974 mode=random-fallback fill=0x1fff kernel=dM0=dM9=0x1000
prefixes=65536/67108864 mode=permuted-prefix-sample w59_per_prefix=8192 total=536870912
run_mode=scan registry_cap=1
sample_start=23003136
scan_elapsed=17.253s rate=31.12 Mtriples/s

D60 interface
  D60=0 matches: 64948 (random expectation 65536.0, enrichment 0.991x)
  prefixes with D60=0: 30310
  max D60=0 fiber per prefix: 20 at W57=0x2ab W58=0x499
  largest D60 bucket: D=0x8b0 count=67077
  min D60 HW: 0
  D60 HW histogram: 0:64948 1:853553 2:5120570 3:18753285 4:46912219 5:84407284 6:112511496 7:112458835 8:84291874 9:46786620 10:18697454 11:5095974 12:851339 13:65461

Tail closure among D60=0 matches
  final tail collisions: 0
  best r61 HW: 12
  best r61 W1[57..59]=0x156e,0x176c,0x191
  best r61 W2[57..59]=0xeea,0x10d3,0x1168
  best tail HW: 17
  best tail r61 HW: 14
  best W1[57..59]=0x672,0x8cd,0x10fc
  best W2[57..59]=0x1fee,0x1331,0x392

SUMMARY N=13 sample_start=23003136 prefixes=65536 total=536870912 d0=64948 best_tail=17 tail_r61=14 best_r61=12 tail_W1=0x672,0x8cd,0x10fc tail_W2=0x1fee,0x1331,0x392 r61_W1=0x156e,0x176c,0x191 r61_W2=0xeea,0x10d3,0x1168

Scan-only witness registry
  registry_count=1 registry_cap=1
  witness[00] tail=17 r61=14 gh60=0xf18d21 W1=0x672,0x8cd,0x10fc W2=0x1fee,0x1331,0x392

Scan-only r61 registry
  registry_count=1 registry_cap=1
  r61_witness[00] r61=12 tail=24 gh60=0xb00b21 W1=0x156e,0x176c,0x191 W2=0xeea,0x10d3,0x1168

D60=0 fiber histogram: 1:13833 2:8386 3:3443 4:2419 5:963 6:508 7:256 8:244 9:112 10:60 11:17 12:35 13:7 14:9 15:1 16:11 17:3 18:1 19:1 20:1
