free_word_mitm_reducedn
N=13 mask=0x1fff msb=0x1000
candidate: M0=0x974 mode=random-fallback fill=0x1fff kernel=dM0=dM9=0x1000
prefixes=65536/67108864 mode=permuted-prefix-sample w59_per_prefix=8192 total=536870912
run_mode=scan registry_cap=1
sample_start=65732608
scan_elapsed=23.307s rate=23.03 Mtriples/s

D60 interface
  D60=0 matches: 66126 (random expectation 65536.0, enrichment 1.009x)
  prefixes with D60=0: 30678
  max D60=0 fiber per prefix: 20 at W57=0x42f W58=0x1995
  largest D60 bucket: D=0xf66 count=66853
  min D60 HW: 0
  D60 HW histogram: 0:66126 1:851603 2:5106668 3:18725211 4:46830940 5:84340615 6:112468011 7:112519830 8:84384631 9:46854202 10:18713368 11:5097833 12:846623 13:65251

Tail closure among D60=0 matches
  final tail collisions: 0
  best r61 HW: 11
  best r61 W1[57..59]=0x60e,0x1756,0x1743
  best r61 W2[57..59]=0x1f8a,0xf11,0x12ba
  best tail HW: 18
  best tail r61 HW: 13
  best W1[57..59]=0x1e6e,0x1ed9,0x991
  best W2[57..59]=0x17ea,0xb43,0x118

SUMMARY N=13 sample_start=65732608 prefixes=65536 total=536870912 d0=66126 best_tail=18 tail_r61=13 best_r61=11 tail_W1=0x1e6e,0x1ed9,0x991 tail_W2=0x17ea,0xb43,0x118 r61_W1=0x60e,0x1756,0x1743 r61_W2=0x1f8a,0xf11,0x12ba

Scan-only witness registry
  registry_count=1 registry_cap=1
  witness[00] tail=18 r61=13 gh60=0x1901d21 W1=0x1e6e,0x1ed9,0x991 W2=0x17ea,0xb43,0x118

Scan-only r61 registry
  registry_count=1 registry_cap=1
  r61_witness[00] r61=11 tail=23 gh60=0x3100d61 W1=0x70e,0x13de,0xb3d W2=0x8a,0x10f8,0x177d

D60=0 fiber histogram: 1:13941 2:8540 3:3425 4:2395 5:1060 6:541 7:240 8:266 9:115 10:59 11:28 12:26 13:10 14:4 15:5 16:14 17:1 18:5 19:1 20:2
