free_word_mitm_reducedn
N=13 mask=0x1fff msb=0x1000
candidate: M0=0x974 mode=random-fallback fill=0x1fff kernel=dM0=dM9=0x1000
prefixes=65536/67108864 mode=permuted-prefix-sample w59_per_prefix=8192 total=536870912
run_mode=scan registry_cap=1
sample_start=55705600
scan_elapsed=23.126s rate=23.21 Mtriples/s

D60 interface
  D60=0 matches: 66196 (random expectation 65536.0, enrichment 1.010x)
  prefixes with D60=0: 30652
  max D60=0 fiber per prefix: 21 at W57=0x1496 W58=0x1b4a
  largest D60 bucket: D=0x1079 count=66990
  min D60 HW: 0
  D60 HW histogram: 0:66196 1:856589 2:5127715 3:18767041 4:46900260 5:84365811 6:112438547 7:112443010 8:84308263 9:46848807 10:18733409 11:5102016 12:848294 13:64954

Tail closure among D60=0 matches
  final tail collisions: 0
  best r61 HW: 10
  best r61 W1[57..59]=0x1333,0x193e,0x11dd
  best r61 W2[57..59]=0xcaf,0x19f5,0xb7f
  best tail HW: 17
  best tail r61 HW: 11
  best W1[57..59]=0x16d0,0x1971,0x125f
  best W2[57..59]=0x104c,0x16e7,0x1fe9

SUMMARY N=13 sample_start=55705600 prefixes=65536 total=536870912 d0=66196 best_tail=17 tail_r61=11 best_r61=10 tail_W1=0x16d0,0x1971,0x125f tail_W2=0x104c,0x16e7,0x1fe9 r61_W1=0x1333,0x193e,0x11dd r61_W2=0xcaf,0x19f5,0xb7f

Scan-only witness registry
  registry_count=1 registry_cap=1
  witness[00] tail=17 r61=11 gh60=0x1300de1 W1=0x16d0,0x1971,0x125f W2=0x104c,0x16e7,0x1fe9

Scan-only r61 registry
  registry_count=1 registry_cap=1
  r61_witness[00] r61=10 tail=31 gh60=0x11a523 W1=0x1333,0x193e,0x11dd W2=0xcaf,0x19f5,0xb7f

D60=0 fiber histogram: 1:13884 2:8628 3:3350 4:2463 5:978 6:546 7:253 8:274 9:105 10:67 11:25 12:29 13:10 14:7 15:1 16:17 17:8 18:1 19:3 20:2 21:1
