free_word_mitm_reducedn
N=13 mask=0x1fff msb=0x1000
candidate: M0=0x974 mode=random-fallback fill=0x1fff kernel=dM0=dM9=0x1000
prefixes=65536/67108864 mode=permuted-prefix-sample w59_per_prefix=8192 total=536870912
run_mode=scan registry_cap=1
sample_start=25100288
scan_elapsed=17.179s rate=31.25 Mtriples/s

D60 interface
  D60=0 matches: 65043 (random expectation 65536.0, enrichment 0.992x)
  prefixes with D60=0: 30278
  max D60=0 fiber per prefix: 20 at W57=0x125e W58=0x612
  largest D60 bucket: D=0xa9f count=67214
  min D60 HW: 0
  D60 HW histogram: 0:65043 1:853534 2:5116302 3:18758380 4:46900041 5:84395435 6:112452843 7:112416322 8:84304680 9:46848203 10:18729264 11:5112371 12:853292 13:65202

Tail closure among D60=0 matches
  final tail collisions: 0
  best r61 HW: 10
  best r61 W1[57..59]=0x4ed,0xc9,0x1e5a
  best r61 W2[57..59]=0x1e69,0x6f4,0x1dca
  best tail HW: 19
  best tail r61 HW: 12
  best W1[57..59]=0x690,0xdb8,0xb23
  best W2[57..59]=0xc,0xad6,0xa

SUMMARY N=13 sample_start=25100288 prefixes=65536 total=536870912 d0=65043 best_tail=19 tail_r61=12 best_r61=10 tail_W1=0x690,0xdb8,0xb23 tail_W2=0xc,0xad6,0xa r61_W1=0x4ed,0xc9,0x1e5a r61_W2=0x1e69,0x6f4,0x1dca

Scan-only witness registry
  registry_count=1 registry_cap=1
  witness[00] tail=19 r61=12 gh60=0xf00d61 W1=0x690,0xdb8,0xb23 W2=0xc,0xad6,0xa

Scan-only r61 registry
  registry_count=1 registry_cap=1
  r61_witness[00] r61=10 tail=27 gh60=0xd0253f W1=0x4ed,0xc9,0x1e5a W2=0x1e69,0x6f4,0x1dca

D60=0 fiber histogram: 1:13731 2:8427 3:3419 4:2422 5:1015 6:529 7:254 8:265 9:83 10:48 11:21 12:19 13:10 14:11 15:5 16:10 17:4 18:3 19:1 20:1
