free_word_mitm_reducedn
N=13 mask=0x1fff msb=0x1000
candidate: M0=0x974 mode=random-fallback fill=0x1fff kernel=dM0=dM9=0x1000
prefixes=65536/67108864 mode=permuted-prefix-sample w59_per_prefix=8192 total=536870912
run_mode=scan registry_cap=1
sample_start=32636928
scan_elapsed=17.279s rate=31.07 Mtriples/s

D60 interface
  D60=0 matches: 65707 (random expectation 65536.0, enrichment 1.003x)
  prefixes with D60=0: 30423
  max D60=0 fiber per prefix: 20 at W57=0x11f3 W58=0x6e8
  largest D60 bucket: D=0x1377 count=67117
  min D60 HW: 0
  D60 HW histogram: 0:65707 1:852308 2:5118070 3:18756331 4:46893404 5:84392938 6:112471516 7:112427346 8:84300007 9:46832015 10:18731425 11:5111597 12:852775 13:65473

Tail closure among D60=0 matches
  final tail collisions: 0
  best r61 HW: 10
  best r61 W1[57..59]=0xa30,0x1473,0x4cc
  best r61 W2[57..59]=0x3ac,0x9de,0xbc7
  best tail HW: 18
  best tail r61 HW: 16
  best W1[57..59]=0x126b,0x3f9,0x1ddc
  best W2[57..59]=0xbe7,0xbee,0x94b

SUMMARY N=13 sample_start=32636928 prefixes=65536 total=536870912 d0=65707 best_tail=18 tail_r61=16 best_r61=10 tail_W1=0x126b,0x3f9,0x1ddc tail_W2=0xbe7,0xbee,0x94b r61_W1=0xa30,0x1473,0x4cc r61_W2=0x3ac,0x9de,0xbc7

Scan-only witness registry
  registry_count=1 registry_cap=1
  witness[00] tail=18 r61=11 gh60=0x909b61 W1=0x120c,0x1543,0x7d4 W2=0xb88,0x83a,0x15aa

Scan-only r61 registry
  registry_count=1 registry_cap=1
  r61_witness[00] r61=10 tail=28 gh60=0x3900b21 W1=0xa30,0x1473,0x4cc W2=0x3ac,0x9de,0xbc7

D60=0 fiber histogram: 1:13620 2:8649 3:3403 4:2438 5:997 6:526 7:261 8:279 9:110 10:59 11:29 12:22 13:6 14:6 15:2 16:10 17:1 18:1 19:2 20:2
