free_word_mitm_reducedn
N=13 mask=0x1fff msb=0x1000
candidate: M0=0x974 mode=random-fallback fill=0x1fff kernel=dM0=dM9=0x1000
prefixes=65536/67108864 mode=permuted-prefix-sample w59_per_prefix=8192 total=536870912
run_mode=scan registry_cap=1
sample_start=65077248
scan_elapsed=23.065s rate=23.28 Mtriples/s

D60 interface
  D60=0 matches: 65030 (random expectation 65536.0, enrichment 0.992x)
  prefixes with D60=0: 30191
  max D60=0 fiber per prefix: 23 at W57=0x94b W58=0xe5b
  largest D60 bucket: D=0x2eb count=66888
  min D60 HW: 0
  D60 HW histogram: 0:65030 1:851670 2:5124522 3:18782279 4:46901580 5:84364469 6:112468772 7:112443142 8:84305660 9:46840320 10:18707784 11:5099552 12:850614 13:65518

Tail closure among D60=0 matches
  final tail collisions: 0
  best r61 HW: 11
  best r61 W1[57..59]=0xed0,0x1c2f,0xa71
  best r61 W2[57..59]=0x84c,0xfa1,0xeb9
  best tail HW: 17
  best tail r61 HW: 20
  best W1[57..59]=0x103c,0x1e6f,0x902
  best W2[57..59]=0x9b8,0xa0b,0x8c9

SUMMARY N=13 sample_start=65077248 prefixes=65536 total=536870912 d0=65030 best_tail=17 tail_r61=20 best_r61=11 tail_W1=0x103c,0x1e6f,0x902 tail_W2=0x9b8,0xa0b,0x8c9 r61_W1=0xed0,0x1c2f,0xa71 r61_W2=0x84c,0xfa1,0xeb9

Scan-only witness registry
  registry_count=1 registry_cap=1
  witness[00] tail=17 r61=12 gh60=0x708be1 W1=0x5d2,0x1433,0x114f W2=0x1f4e,0xc3a,0x1748

Scan-only r61 registry
  registry_count=1 registry_cap=1
  r61_witness[00] r61=11 tail=19 gh60=0x30252f W1=0x325,0x6f4,0xd41 W2=0x1ca1,0x1002,0xf30

D60=0 fiber histogram: 1:13606 2:8388 3:3530 4:2422 5:963 6:551 7:227 8:268 9:95 10:56 11:25 12:25 13:10 14:7 15:5 16:9 17:1 19:1 20:1 23:1
