free_word_mitm_reducedn
N=13 mask=0x1fff msb=0x1000
candidate: M0=0x974 mode=random-fallback fill=0x1fff kernel=dM0=dM9=0x1000
prefixes=65536/67108864 mode=permuted-prefix-sample w59_per_prefix=8192 total=536870912
run_mode=scan registry_cap=1
sample_start=26738688
scan_elapsed=20.549s rate=26.13 Mtriples/s

D60 interface
  D60=0 matches: 65433 (random expectation 65536.0, enrichment 0.998x)
  prefixes with D60=0: 30406
  max D60=0 fiber per prefix: 26 at W57=0x1513 W58=0x10ad
  largest D60 bucket: D=0x958 count=66893
  min D60 HW: 0
  D60 HW histogram: 0:65433 1:849956 2:5103086 3:18737515 4:46851422 5:84363092 6:112497293 7:112474390 8:84339233 9:46837725 10:18732705 11:5101671 12:851706 13:65685

Tail closure among D60=0 matches
  final tail collisions: 0
  best r61 HW: 9
  best r61 W1[57..59]=0xf47,0x11d9,0x1ae8
  best r61 W2[57..59]=0x8c3,0x1d4c,0x1be7
  best tail HW: 18
  best tail r61 HW: 16
  best W1[57..59]=0x1af5,0x1e39,0x1e78
  best W2[57..59]=0x1471,0x1777,0xb3a

SUMMARY N=13 sample_start=26738688 prefixes=65536 total=536870912 d0=65433 best_tail=18 tail_r61=16 best_r61=9 tail_W1=0x1af5,0x1e39,0x1e78 tail_W2=0x1471,0x1777,0xb3a r61_W1=0xf47,0x11d9,0x1ae8 r61_W2=0x8c3,0x1d4c,0x1be7

Scan-only witness registry
  registry_count=1 registry_cap=1
  witness[00] tail=18 r61=16 gh60=0x312252f W1=0x1af5,0x1e39,0x1e78 W2=0x1471,0x1777,0xb3a

Scan-only r61 registry
  registry_count=1 registry_cap=1
  r61_witness[00] r61=9 tail=20 gh60=0x103ce3 W1=0xf47,0x11d9,0x1ae8 W2=0x8c3,0x1d4c,0x1be7

D60=0 fiber histogram: 1:13819 2:8295 3:3567 4:2426 5:1017 6:539 7:227 8:277 9:107 10:58 11:26 12:20 13:10 14:5 16:8 17:1 18:2 19:1 26:1
