free_word_mitm_reducedn
N=13 mask=0x1fff msb=0x1000
candidate: M0=0x974 mode=random-fallback fill=0x1fff kernel=dM0=dM9=0x1000
prefixes=65536/67108864 mode=permuted-prefix-sample w59_per_prefix=8192 total=536870912
run_mode=scan registry_cap=1
sample_start=44040192
scan_elapsed=22.696s rate=23.65 Mtriples/s

D60 interface
  D60=0 matches: 65545 (random expectation 65536.0, enrichment 1.000x)
  prefixes with D60=0: 30338
  max D60=0 fiber per prefix: 20 at W57=0x1426 W58=0x609
  largest D60 bucket: D=0xbaf count=67162
  min D60 HW: 0
  D60 HW histogram: 0:65545 1:850268 2:5116766 3:18761422 4:46873123 5:84343657 6:112436768 7:112439230 8:84325908 9:46869293 10:18756849 11:5114462 12:852164 13:65457

Tail closure among D60=0 matches
  final tail collisions: 0
  best r61 HW: 10
  best r61 W1[57..59]=0x1110,0x1d26,0x13fb
  best r61 W2[57..59]=0xa8c,0x1b40,0x911
  best tail HW: 19
  best tail r61 HW: 19
  best W1[57..59]=0x1a91,0x261,0x1a1c
  best W2[57..59]=0x140d,0x1129,0x1378

SUMMARY N=13 sample_start=44040192 prefixes=65536 total=536870912 d0=65545 best_tail=19 tail_r61=19 best_r61=10 tail_W1=0x1a91,0x261,0x1a1c tail_W2=0x140d,0x1129,0x1378 r61_W1=0x1110,0x1d26,0x13fb r61_W2=0xa8c,0x1b40,0x911

Scan-only witness registry
  registry_count=1 registry_cap=1
  witness[00] tail=19 r61=19 gh60=0x1f06567 W1=0x1a91,0x261,0x1a1c W2=0x140d,0x1129,0x1378

Scan-only r61 registry
  registry_count=1 registry_cap=1
  r61_witness[00] r61=10 tail=22 gh60=0x501d61 W1=0x1110,0x1d26,0x13fb W2=0xa8c,0x1b40,0x911

D60=0 fiber histogram: 1:13692 2:8471 3:3435 4:2407 5:1016 6:559 7:241 8:271 9:83 10:60 11:34 12:20 13:19 14:6 15:2 16:15 17:2 18:3 19:1 20:1
