free_word_mitm_reducedn
N=13 mask=0x1fff msb=0x1000
candidate: M0=0x974 mode=random-fallback fill=0x1fff kernel=dM0=dM9=0x1000
prefixes=65536/67108864 mode=permuted-prefix-sample w59_per_prefix=8192 total=536870912
run_mode=scan registry_cap=1
sample_start=14614528
scan_elapsed=23.302s rate=23.04 Mtriples/s

D60 interface
  D60=0 matches: 65627 (random expectation 65536.0, enrichment 1.001x)
  prefixes with D60=0: 30521
  max D60=0 fiber per prefix: 20 at W57=0x1ad1 W58=0x16f0
  largest D60 bucket: D=0x1114 count=67257
  min D60 HW: 0
  D60 HW histogram: 0:65627 1:851889 2:5121488 3:18777749 4:46937886 5:84439909 6:112522652 7:112424445 8:84266591 9:46762538 10:18693255 11:5092862 12:848179 13:65842

Tail closure among D60=0 matches
  final tail collisions: 0
  best r61 HW: 11
  best r61 W1[57..59]=0x28e,0x82d,0x657
  best r61 W2[57..59]=0x1c0a,0x1ac7,0x69d
  best tail HW: 20
  best tail r61 HW: 14
  best W1[57..59]=0x1eef,0x8a7,0xb9b
  best W2[57..59]=0x186b,0xe24,0x89a

SUMMARY N=13 sample_start=14614528 prefixes=65536 total=536870912 d0=65627 best_tail=20 tail_r61=14 best_r61=11 tail_W1=0x1eef,0x8a7,0xb9b tail_W2=0x186b,0xe24,0x89a r61_W1=0x28e,0x82d,0x657 r61_W2=0x1c0a,0x1ac7,0x69d

Scan-only witness registry
  registry_count=1 registry_cap=1
  witness[00] tail=20 r61=14 gh60=0x307d23 W1=0x1eef,0x8a7,0xb9b W2=0x186b,0xe24,0x89a

Scan-only r61 registry
  registry_count=1 registry_cap=1
  r61_witness[00] r61=11 tail=27 gh60=0x100561 W1=0x28e,0x82d,0x657 W2=0x1c0a,0x1ac7,0x69d

D60=0 fiber histogram: 1:13841 2:8510 3:3466 4:2414 5:1006 6:522 7:230 8:281 9:100 10:73 11:21 12:19 13:8 15:5 16:11 17:7 18:5 19:1 20:1
