free_word_mitm_reducedn
N=13 mask=0x1fff msb=0x1000
candidate: M0=0x974 mode=random-fallback fill=0x1fff kernel=dM0=dM9=0x1000
prefixes=65536/67108864 mode=permuted-prefix-sample w59_per_prefix=8192 total=536870912
run_mode=scan registry_cap=1
sample_start=55050240
scan_elapsed=22.530s rate=23.83 Mtriples/s

D60 interface
  D60=0 matches: 65358 (random expectation 65536.0, enrichment 0.997x)
  prefixes with D60=0: 30291
  max D60=0 fiber per prefix: 19 at W57=0xb51 W58=0x43c
  largest D60 bucket: D=0x857 count=67070
  min D60 HW: 0
  D60 HW histogram: 0:65358 1:850459 2:5115041 3:18742576 4:46872016 5:84361528 6:112483911 7:112467398 8:84329562 9:46839046 10:18720060 11:5108994 12:849426 13:65537

Tail closure among D60=0 matches
  final tail collisions: 0
  best r61 HW: 11
  best r61 W1[57..59]=0x370,0x14cb,0xd96
  best r61 W2[57..59]=0x1cec,0x1919,0xe
  best tail HW: 20
  best tail r61 HW: 22
  best W1[57..59]=0x91,0xad6,0x76e
  best W2[57..59]=0x1a0d,0x1ae0,0x4a

SUMMARY N=13 sample_start=55050240 prefixes=65536 total=536870912 d0=65358 best_tail=20 tail_r61=22 best_r61=11 tail_W1=0x91,0xad6,0x76e tail_W2=0x1a0d,0x1ae0,0x4a r61_W1=0x370,0x14cb,0xd96 r61_W2=0x1cec,0x1919,0xe

Scan-only witness registry
  registry_count=1 registry_cap=1
  witness[00] tail=20 r61=22 gh60=0x1b3fd67 W1=0x91,0xad6,0x76e W2=0x1a0d,0x1ae0,0x4a

Scan-only r61 registry
  registry_count=1 registry_cap=1
  r61_witness[00] r61=11 tail=22 gh60=0x700ce1 W1=0x1648,0x1fd3,0x1969 W2=0xfc4,0x16e3,0xe21

D60=0 fiber histogram: 1:13617 2:8404 3:3624 4:2408 5:935 6:560 7:258 8:231 9:97 10:66 11:26 12:19 13:8 14:14 15:3 16:15 17:1 18:4 19:1
