free_word_mitm_reducedn
N=13 mask=0x1fff msb=0x1000
candidate: M0=0x974 mode=random-fallback fill=0x1fff kernel=dM0=dM9=0x1000
prefixes=65536/67108864 mode=permuted-prefix-sample w59_per_prefix=8192 total=536870912
run_mode=scan registry_cap=1
sample_start=65011712
scan_elapsed=23.116s rate=23.23 Mtriples/s

D60 interface
  D60=0 matches: 65545 (random expectation 65536.0, enrichment 1.000x)
  prefixes with D60=0: 30558
  max D60=0 fiber per prefix: 28 at W57=0x1320 W58=0x21e
  largest D60 bucket: D=0x10f4 count=66947
  min D60 HW: 0
  D60 HW histogram: 0:65545 1:851054 2:5107028 3:18732455 4:46849525 5:84317795 6:112471192 7:112461261 8:84331400 9:46884511 10:18764263 11:5114808 12:854824 13:65251

Tail closure among D60=0 matches
  final tail collisions: 0
  best r61 HW: 10
  best r61 W1[57..59]=0x17be,0x19ef,0x17b2
  best r61 W2[57..59]=0x113a,0xeab,0x17f
  best tail HW: 18
  best tail r61 HW: 23
  best W1[57..59]=0xd5,0x9b,0x1b19
  best W2[57..59]=0x1a51,0x188f,0x7d7

SUMMARY N=13 sample_start=65011712 prefixes=65536 total=536870912 d0=65545 best_tail=18 tail_r61=23 best_r61=10 tail_W1=0xd5,0x9b,0x1b19 tail_W2=0x1a51,0x188f,0x7d7 r61_W1=0x17be,0x19ef,0x17b2 r61_W2=0x113a,0xeab,0x17f

Scan-only witness registry
  registry_count=1 registry_cap=1
  witness[00] tail=18 r61=23 gh60=0xb6fdef W1=0xd5,0x9b,0x1b19 W2=0x1a51,0x188f,0x7d7

Scan-only r61 registry
  registry_count=1 registry_cap=1
  r61_witness[00] r61=10 tail=25 gh60=0x1520fe1 W1=0x17be,0x19ef,0x17b2 W2=0x113a,0xeab,0x17f

D60=0 fiber histogram: 1:13938 2:8494 3:3410 4:2474 5:944 6:548 7:236 8:266 9:103 10:56 11:18 12:25 13:12 14:6 15:7 16:9 17:4 18:4 20:2 23:1 28:1
