free_word_mitm_reducedn
N=13 mask=0x1fff msb=0x1000
candidate: M0=0x974 mode=random-fallback fill=0x1fff kernel=dM0=dM9=0x1000
prefixes=65536/67108864 mode=permuted-prefix-sample w59_per_prefix=8192 total=536870912
run_mode=scan registry_cap=1
sample_start=50528256
scan_elapsed=22.510s rate=23.85 Mtriples/s

D60 interface
  D60=0 matches: 65490 (random expectation 65536.0, enrichment 0.999x)
  prefixes with D60=0: 30439
  max D60=0 fiber per prefix: 19 at W57=0x428 W58=0xc34
  largest D60 bucket: D=0x8f4 count=67215
  min D60 HW: 0
  D60 HW histogram: 0:65490 1:853945 2:5116001 3:18777651 4:46954853 5:84458808 6:112541797 7:112455766 8:84215357 9:46755619 10:18681071 11:5083429 12:845819 13:65306

Tail closure among D60=0 matches
  final tail collisions: 0
  best r61 HW: 9
  best r61 W1[57..59]=0xea6,0x726,0xdea
  best r61 W2[57..59]=0x822,0x36a,0x1060
  best tail HW: 17
  best tail r61 HW: 13
  best W1[57..59]=0xe2a,0x1f08,0x580
  best W2[57..59]=0x7a6,0x1b87,0x1daa

SUMMARY N=13 sample_start=50528256 prefixes=65536 total=536870912 d0=65490 best_tail=17 tail_r61=13 best_r61=9 tail_W1=0xe2a,0x1f08,0x580 tail_W2=0x7a6,0x1b87,0x1daa r61_W1=0xea6,0x726,0xdea r61_W2=0x822,0x36a,0x1060

Scan-only witness registry
  registry_count=1 registry_cap=1
  witness[00] tail=17 r61=13 gh60=0x1909b21 W1=0xe2a,0x1f08,0x580 W2=0x7a6,0x1b87,0x1daa

Scan-only r61 registry
  registry_count=1 registry_cap=1
  r61_witness[00] r61=9 tail=34 gh60=0x101d21 W1=0xea6,0x726,0xdea W2=0x822,0x36a,0x1060

D60=0 fiber histogram: 1:13790 2:8528 3:3420 4:2405 5:997 6:551 7:218 8:266 9:111 10:59 11:30 12:28 13:5 14:5 15:2 16:16 17:2 18:5 19:1
