free_word_mitm_reducedn
N=13 mask=0x1fff msb=0x1000
candidate: M0=0x974 mode=random-fallback fill=0x1fff kernel=dM0=dM9=0x1000
prefixes=65536/67108864 mode=permuted-prefix-sample w59_per_prefix=8192 total=536870912
run_mode=scan registry_cap=1
sample_start=13041664
scan_elapsed=22.504s rate=23.86 Mtriples/s

D60 interface
  D60=0 matches: 65615 (random expectation 65536.0, enrichment 1.001x)
  prefixes with D60=0: 30562
  max D60=0 fiber per prefix: 25 at W57=0x63e W58=0x1d44
  largest D60 bucket: D=0xb64 count=67053
  min D60 HW: 0
  D60 HW histogram: 0:65615 1:848478 2:5113804 3:18759015 4:46907242 5:84402854 6:112520842 7:112448803 8:84271104 9:46800851 10:18718076 11:5099907 12:849405 13:64916

Tail closure among D60=0 matches
  final tail collisions: 0
  best r61 HW: 9
  best r61 W1[57..59]=0xc6,0x5ca,0xcb5
  best r61 W2[57..59]=0x1a42,0x1cfa,0x1b5d
  best tail HW: 19
  best tail r61 HW: 16
  best W1[57..59]=0xe37,0x295,0x1a0e
  best W2[57..59]=0x7b3,0x12e3,0x4eb

SUMMARY N=13 sample_start=13041664 prefixes=65536 total=536870912 d0=65615 best_tail=19 tail_r61=16 best_r61=9 tail_W1=0xe37,0x295,0x1a0e tail_W2=0x7b3,0x12e3,0x4eb r61_W1=0xc6,0x5ca,0xcb5 r61_W2=0x1a42,0x1cfa,0x1b5d

Scan-only witness registry
  registry_count=1 registry_cap=1
  witness[00] tail=19 r61=16 gh60=0xae3b23 W1=0xe37,0x295,0x1a0e W2=0x7b3,0x12e3,0x4eb

Scan-only r61 registry
  registry_count=1 registry_cap=1
  r61_witness[00] r61=9 tail=24 gh60=0x501de1 W1=0xc6,0x5ca,0xcb5 W2=0x1a42,0x1cfa,0x1b5d

D60=0 fiber histogram: 1:13870 2:8525 3:3516 4:2359 5:994 6:578 7:226 8:241 9:100 10:59 11:21 12:29 13:7 14:7 15:5 16:17 17:2 18:2 21:3 25:1
