free_word_mitm_reducedn
N=13 mask=0x1fff msb=0x1000
candidate: M0=0x974 mode=random-fallback fill=0x1fff kernel=dM0=dM9=0x1000
prefixes=65536/67108864 mode=permuted-prefix-sample w59_per_prefix=8192 total=536870912
run_mode=scan registry_cap=1
sample_start=42729472
scan_elapsed=23.122s rate=23.22 Mtriples/s

D60 interface
  D60=0 matches: 65307 (random expectation 65536.0, enrichment 0.997x)
  prefixes with D60=0: 30305
  max D60=0 fiber per prefix: 20 at W57=0x220 W58=0xc57
  largest D60 bucket: D=0xe32 count=67058
  min D60 HW: 0
  D60 HW histogram: 0:65307 1:850313 2:5105629 3:18738648 4:46850475 5:84372318 6:112514000 7:112485455 8:84348217 9:46818691 10:18710273 11:5098392 12:847823 13:65371

Tail closure among D60=0 matches
  final tail collisions: 0
  best r61 HW: 10
  best r61 W1[57..59]=0x3a6,0x18b0,0x1500
  best r61 W2[57..59]=0x1d22,0x18b4,0x1ba8
  best tail HW: 18
  best tail r61 HW: 12
  best W1[57..59]=0x8e4,0x1abf,0x1c2d
  best W2[57..59]=0x260,0x1c35,0x1f59

SUMMARY N=13 sample_start=42729472 prefixes=65536 total=536870912 d0=65307 best_tail=18 tail_r61=12 best_r61=10 tail_W1=0x8e4,0x1abf,0x1c2d tail_W2=0x260,0x1c35,0x1f59 r61_W1=0x3a6,0x18b0,0x1500 r61_W2=0x1d22,0x18b4,0x1ba8

Scan-only witness registry
  registry_count=1 registry_cap=1
  witness[00] tail=18 r61=12 gh60=0x1538d21 W1=0x8e4,0x1abf,0x1c2d W2=0x260,0x1c35,0x1f59

Scan-only r61 registry
  registry_count=1 registry_cap=1
  r61_witness[00] r61=10 tail=28 gh60=0x500721 W1=0x3a6,0x18b0,0x1500 W2=0x1d22,0x18b4,0x1ba8

D60=0 fiber histogram: 1:13615 2:8528 3:3500 4:2343 5:979 6:594 7:271 8:234 9:111 10:57 11:23 12:19 13:6 14:4 15:1 16:13 17:2 18:2 19:1 20:2
