free_word_mitm_reducedn
N=13 mask=0x1fff msb=0x1000
candidate: M0=0x974 mode=random-fallback fill=0x1fff kernel=dM0=dM9=0x1000
prefixes=65536/67108864 mode=permuted-prefix-sample w59_per_prefix=8192 total=536870912
run_mode=scan registry_cap=1
sample_start=30015488
scan_elapsed=17.501s rate=30.68 Mtriples/s

D60 interface
  D60=0 matches: 65671 (random expectation 65536.0, enrichment 1.002x)
  prefixes with D60=0: 30597
  max D60=0 fiber per prefix: 19 at W57=0x8ce W58=0x13e5
  largest D60 bucket: D=0x314 count=66986
  min D60 HW: 0
  D60 HW histogram: 0:65671 1:855304 2:5130341 3:18780820 4:46913605 5:84343918 6:112396576 7:112378444 8:84324581 9:46876559 10:18762712 11:5122759 12:853776 13:65846

Tail closure among D60=0 matches
  final tail collisions: 0
  best r61 HW: 11
  best r61 W1[57..59]=0x14a,0x1095,0xafa
  best r61 W2[57..59]=0x1ac6,0xf1f,0x870
  best tail HW: 16
  best tail r61 HW: 14
  best W1[57..59]=0x1c38,0x11d8,0x56a
  best W2[57..59]=0x15b4,0x1e36,0x13e1

SUMMARY N=13 sample_start=30015488 prefixes=65536 total=536870912 d0=65671 best_tail=16 tail_r61=14 best_r61=11 tail_W1=0x1c38,0x11d8,0x56a tail_W2=0x15b4,0x1e36,0x13e1 r61_W1=0x14a,0x1095,0xafa r61_W2=0x1ac6,0xf1f,0x870

Scan-only witness registry
  registry_count=1 registry_cap=1
  witness[00] tail=16 r61=14 gh60=0x3720721 W1=0x1c38,0x11d8,0x56a W2=0x15b4,0x1e36,0x13e1

Scan-only r61 registry
  registry_count=1 registry_cap=1
  r61_witness[00] r61=11 tail=21 gh60=0xd09ce1 W1=0x14a,0x1095,0xafa W2=0x1ac6,0xf1f,0x870

D60=0 fiber histogram: 1:13944 2:8439 3:3490 4:2431 5:1008 6:529 7:243 8:267 9:106 10:59 11:27 12:19 13:9 14:5 16:14 17:3 18:3 19:1
