free_word_mitm_reducedn
N=13 mask=0x1fff msb=0x1000
candidate: M0=0x974 mode=random-fallback fill=0x1fff kernel=dM0=dM9=0x1000
prefixes=65536/67108864 mode=permuted-prefix-sample w59_per_prefix=8192 total=536870912
run_mode=scan registry_cap=1
sample_start=24576000
scan_elapsed=17.432s rate=30.80 Mtriples/s

D60 interface
  D60=0 matches: 66101 (random expectation 65536.0, enrichment 1.009x)
  prefixes with D60=0: 30721
  max D60=0 fiber per prefix: 20 at W57=0x1291 W58=0xcdd
  largest D60 bucket: D=0x1ea4 count=67319
  min D60 HW: 0
  D60 HW histogram: 0:66101 1:853261 2:5116109 3:18763861 4:46907201 5:84414522 6:112533770 7:112472552 8:84273266 9:46766767 10:18695340 11:5092077 12:850005 13:66080

Tail closure among D60=0 matches
  final tail collisions: 0
  best r61 HW: 9
  best r61 W1[57..59]=0x1668,0x19fd,0xace
  best r61 W2[57..59]=0xfe4,0x389,0xd45
  best tail HW: 19
  best tail r61 HW: 14
  best W1[57..59]=0x140c,0x571,0x352
  best W2[57..59]=0xd88,0x76f,0x45d

SUMMARY N=13 sample_start=24576000 prefixes=65536 total=536870912 d0=66101 best_tail=19 tail_r61=14 best_r61=9 tail_W1=0x140c,0x571,0x352 tail_W2=0xd88,0x76f,0x45d r61_W1=0x1668,0x19fd,0xace r61_W2=0xfe4,0x389,0xd45

Scan-only witness registry
  registry_count=1 registry_cap=1
  witness[00] tail=19 r61=14 gh60=0x518761 W1=0x140c,0x571,0x352 W2=0xd88,0x76f,0x45d

Scan-only r61 registry
  registry_count=1 registry_cap=1
  r61_witness[00] r61=9 tail=22 gh60=0x900d21 W1=0x1668,0x19fd,0xace W2=0xfe4,0x389,0xd45

D60=0 fiber histogram: 1:13987 2:8426 3:3549 4:2434 5:1027 6:555 7:255 8:218 9:113 10:61 11:26 12:30 13:9 14:7 15:3 16:13 17:5 19:1 20:2
