free_word_mitm_reducedn
N=13 mask=0x1fff msb=0x1000
candidate: M0=0x974 mode=random-fallback fill=0x1fff kernel=dM0=dM9=0x1000
prefixes=65536/67108864 mode=permuted-prefix-sample w59_per_prefix=8192 total=536870912
run_mode=scan registry_cap=1
sample_start=31457280
scan_elapsed=17.274s rate=31.08 Mtriples/s

D60 interface
  D60=0 matches: 65317 (random expectation 65536.0, enrichment 0.997x)
  prefixes with D60=0: 30380
  max D60=0 fiber per prefix: 24 at W57=0xb1b W58=0x135
  largest D60 bucket: D=0xd07 count=67080
  min D60 HW: 0
  D60 HW histogram: 0:65317 1:853230 2:5116592 3:18770890 4:46886550 5:84345773 6:112436759 7:112400626 8:84333074 9:46869544 10:18752108 11:5119127 12:855472 13:65850

Tail closure among D60=0 matches
  final tail collisions: 0
  best r61 HW: 9
  best r61 W1[57..59]=0x134e,0x1fdc,0x9f2
  best r61 W2[57..59]=0xcca,0x5ee,0xe78
  best tail HW: 20
  best tail r61 HW: 18
  best W1[57..59]=0x1134,0x119a,0x1ca8
  best W2[57..59]=0xab0,0xfc6,0x1c9

SUMMARY N=13 sample_start=31457280 prefixes=65536 total=536870912 d0=65317 best_tail=20 tail_r61=18 best_r61=9 tail_W1=0x1134,0x119a,0x1ca8 tail_W2=0xab0,0xfc6,0x1c9 r61_W1=0x134e,0x1fdc,0x9f2 r61_W2=0xcca,0x5ee,0xe78

Scan-only witness registry
  registry_count=1 registry_cap=1
  witness[00] tail=20 r61=18 gh60=0xf39d21 W1=0x1134,0x119a,0x1ca8 W2=0xab0,0xfc6,0x1c9

Scan-only r61 registry
  registry_count=1 registry_cap=1
  r61_witness[00] r61=9 tail=27 gh60=0x3100561 W1=0xa90,0x1aed,0x19f7 W2=0x40c,0x158f,0xe7f

D60=0 fiber histogram: 1:13811 2:8439 3:3505 4:2315 5:987 6:558 7:241 8:273 9:108 10:58 11:30 12:15 13:5 14:7 15:6 16:13 17:2 18:2 19:1 20:1 21:1 22:1 24:1
