free_word_mitm_reducedn
N=13 mask=0x1fff msb=0x1000
candidate: M0=0x974 mode=random-fallback fill=0x1fff kernel=dM0=dM9=0x1000
prefixes=65536/67108864 mode=permuted-prefix-sample w59_per_prefix=8192 total=536870912
run_mode=scan registry_cap=1
sample_start=31916032
scan_elapsed=17.560s rate=30.57 Mtriples/s

D60 interface
  D60=0 matches: 65989 (random expectation 65536.0, enrichment 1.007x)
  prefixes with D60=0: 30573
  max D60=0 fiber per prefix: 21 at W57=0x1223 W58=0x8d5
  largest D60 bucket: D=0xda4 count=66984
  min D60 HW: 0
  D60 HW histogram: 0:65989 1:853717 2:5113926 3:18736097 4:46847332 5:84354449 6:112462083 7:112458873 8:84323404 9:46861581 10:18754439 11:5118734 12:854588 13:65700

Tail closure among D60=0 matches
  final tail collisions: 0
  best r61 HW: 8
  best r61 W1[57..59]=0x1ec6,0x1622,0x1147
  best r61 W2[57..59]=0x1842,0xc92,0xf4f
  best tail HW: 19
  best tail r61 HW: 13
  best W1[57..59]=0xdd2,0xefe,0x1d75
  best W2[57..59]=0x74e,0xe09,0x10bd

SUMMARY N=13 sample_start=31916032 prefixes=65536 total=536870912 d0=65989 best_tail=19 tail_r61=13 best_r61=8 tail_W1=0xdd2,0xefe,0x1d75 tail_W2=0x74e,0xe09,0x10bd r61_W1=0x1ec6,0x1622,0x1147 r61_W2=0x1842,0xc92,0xf4f

Scan-only witness registry
  registry_count=1 registry_cap=1
  witness[00] tail=19 r61=12 gh60=0x539b21 W1=0x174,0x1f20,0x1ff6 W2=0x1af0,0xeab,0x1cac

Scan-only r61 registry
  registry_count=1 registry_cap=1
  r61_witness[00] r61=8 tail=24 gh60=0x101de1 W1=0x1ec6,0x1622,0x1147 W2=0x1842,0xc92,0xf4f

D60=0 fiber histogram: 1:13712 2:8538 3:3543 4:2465 5:1040 6:538 7:250 8:261 9:97 10:38 11:35 12:19 13:7 14:4 15:5 16:9 17:8 19:3 21:1
