free_word_mitm_reducedn
N=13 mask=0x1fff msb=0x1000
candidate: M0=0x974 mode=random-fallback fill=0x1fff kernel=dM0=dM9=0x1000
prefixes=65536/67108864 mode=permuted-prefix-sample w59_per_prefix=8192 total=536870912
run_mode=scan registry_cap=1
sample_start=64421888
scan_elapsed=23.953s rate=22.41 Mtriples/s

D60 interface
  D60=0 matches: 65879 (random expectation 65536.0, enrichment 1.005x)
  prefixes with D60=0: 30483
  max D60=0 fiber per prefix: 18 at W57=0x4be W58=0x10b9
  largest D60 bucket: D=0x126c count=66932
  min D60 HW: 0
  D60 HW histogram: 0:65879 1:853989 2:5120707 3:18759922 4:46898323 5:84410855 6:112467516 7:112449112 8:84289838 9:46825632 10:18713170 11:5099527 12:850848 13:65594

Tail closure among D60=0 matches
  final tail collisions: 0
  best r61 HW: 10
  best r61 W1[57..59]=0x102c,0x1621,0xe
  best r61 W2[57..59]=0x9a8,0x1c3,0x16d3
  best tail HW: 18
  best tail r61 HW: 20
  best W1[57..59]=0xe81,0x107d,0x10f5
  best W2[57..59]=0x7fd,0x17b7,0x2b8

SUMMARY N=13 sample_start=64421888 prefixes=65536 total=536870912 d0=65879 best_tail=18 tail_r61=20 best_r61=10 tail_W1=0xe81,0x107d,0x10f5 tail_W2=0x7fd,0x17b7,0x2b8 r61_W1=0x102c,0x1621,0xe r61_W2=0x9a8,0x1c3,0x16d3

Scan-only witness registry
  registry_count=1 registry_cap=1
  witness[00] tail=18 r61=20 gh60=0x967d67 W1=0xe81,0x107d,0x10f5 W2=0x7fd,0x17b7,0x2b8

Scan-only r61 registry
  registry_count=1 registry_cap=1
  r61_witness[00] r61=10 tail=22 gh60=0x1106523 W1=0x1b2f,0x157a,0x6d3 W2=0x14ab,0x1a33,0x1d04

D60=0 fiber histogram: 1:13793 2:8431 3:3510 4:2418 5:961 6:567 7:269 8:293 9:90 10:63 11:26 12:24 13:13 14:2 15:2 16:13 17:5 18:3
