free_word_mitm_reducedn
N=13 mask=0x1fff msb=0x1000
candidate: M0=0x974 mode=random-fallback fill=0x1fff kernel=dM0=dM9=0x1000
prefixes=65536/67108864 mode=permuted-prefix-sample w59_per_prefix=8192 total=536870912
run_mode=scan registry_cap=1
sample_start=55508992
scan_elapsed=22.660s rate=23.69 Mtriples/s

D60 interface
  D60=0 matches: 65265 (random expectation 65536.0, enrichment 0.996x)
  prefixes with D60=0: 30278
  max D60=0 fiber per prefix: 21 at W57=0x1547 W58=0x64
  largest D60 bucket: D=0x122d count=66879
  min D60 HW: 0
  D60 HW histogram: 0:65265 1:848114 2:5098576 3:18727412 4:46875852 5:84356409 6:112472830 7:112468550 8:84359870 9:46835628 10:18739990 11:5106724 12:850659 13:65033

Tail closure among D60=0 matches
  final tail collisions: 0
  best r61 HW: 10
  best r61 W1[57..59]=0x1ebe,0x5c2,0xb43
  best r61 W2[57..59]=0x183a,0x1c22,0x1e4
  best tail HW: 19
  best tail r61 HW: 16
  best W1[57..59]=0xa9e,0xa46,0x48a
  best W2[57..59]=0x41a,0x6fa,0x813

SUMMARY N=13 sample_start=55508992 prefixes=65536 total=536870912 d0=65265 best_tail=19 tail_r61=16 best_r61=10 tail_W1=0xa9e,0xa46,0x48a tail_W2=0x41a,0x6fa,0x813 r61_W1=0x1ebe,0x5c2,0xb43 r61_W2=0x183a,0x1c22,0x1e4

Scan-only witness registry
  registry_count=1 registry_cap=1
  witness[00] tail=19 r61=16 gh60=0x1160521 W1=0xa9e,0xa46,0x48a W2=0x41a,0x6fa,0x813

Scan-only r61 registry
  registry_count=1 registry_cap=1
  r61_witness[00] r61=10 tail=27 gh60=0x121de1 W1=0x1ebe,0x5c2,0xb43 W2=0x183a,0x1c22,0x1e4

D60=0 fiber histogram: 1:13713 2:8424 3:3471 4:2395 5:948 6:567 7:259 8:244 9:105 10:56 11:20 12:29 13:13 14:3 15:2 16:18 17:4 18:3 19:1 20:2 21:1
