free_word_mitm_reducedn
N=13 mask=0x1fff msb=0x1000
candidate: M0=0x974 mode=random-fallback fill=0x1fff kernel=dM0=dM9=0x1000
prefixes=65536/67108864 mode=permuted-prefix-sample w59_per_prefix=8192 total=536870912
run_mode=scan registry_cap=1
sample_start=66387968
scan_elapsed=23.980s rate=22.39 Mtriples/s

D60 interface
  D60=0 matches: 65368 (random expectation 65536.0, enrichment 0.997x)
  prefixes with D60=0: 30477
  max D60=0 fiber per prefix: 18 at W57=0x4a0 W58=0x147e
  largest D60 bucket: D=0x1600 count=66933
  min D60 HW: 0
  D60 HW histogram: 0:65368 1:853526 2:5120525 3:18772013 4:46917103 5:84402106 6:112473511 7:112415023 8:84277363 9:46825236 10:18719278 11:5111215 12:853025 13:65620

Tail closure among D60=0 matches
  final tail collisions: 0
  best r61 HW: 9
  best r61 W1[57..59]=0x1776,0x13cb,0xfee
  best r61 W2[57..59]=0x10f2,0x1a1,0xa3d
  best tail HW: 20
  best tail r61 HW: 18
  best W1[57..59]=0x1e5f,0xf15,0x11cf
  best W2[57..59]=0x17db,0x107c,0xefc

SUMMARY N=13 sample_start=66387968 prefixes=65536 total=536870912 d0=65368 best_tail=20 tail_r61=18 best_r61=9 tail_W1=0x1e5f,0xf15,0x11cf tail_W2=0x17db,0x107c,0xefc r61_W1=0x1776,0x13cb,0xfee r61_W2=0x10f2,0x1a1,0xa3d

Scan-only witness registry
  registry_count=1 registry_cap=1
  witness[00] tail=20 r61=12 gh60=0x503d23 W1=0x112f,0x1500,0x1a55 W2=0xaab,0x1f3d,0x12b4

Scan-only r61 registry
  registry_count=1 registry_cap=1
  r61_witness[00] r61=9 tail=25 gh60=0x1120f21 W1=0x1776,0x13cb,0xfee W2=0x10f2,0x1a1,0xa3d

D60=0 fiber histogram: 1:13878 2:8466 3:3488 4:2352 5:1002 6:535 7:250 8:258 9:104 10:64 11:20 12:17 13:7 14:9 15:7 16:11 17:8 18:1
