free_word_mitm_reducedn
N=13 mask=0x1fff msb=0x1000
candidate: M0=0x974 mode=random-fallback fill=0x1fff kernel=dM0=dM9=0x1000
prefixes=65536/67108864 mode=permuted-prefix-sample w59_per_prefix=8192 total=536870912
run_mode=scan registry_cap=1
sample_start=8781824
scan_elapsed=22.867s rate=23.48 Mtriples/s

D60 interface
  D60=0 matches: 66020 (random expectation 65536.0, enrichment 1.007x)
  prefixes with D60=0: 30668
  max D60=0 fiber per prefix: 24 at W57=0x36e W58=0x1a68
  largest D60 bucket: D=0x955 count=67445
  min D60 HW: 0
  D60 HW histogram: 0:66020 1:852946 2:5131021 3:18798705 4:46942844 5:84433797 6:112514735 7:112418865 8:84261658 9:46763039 10:18682936 11:5091410 12:848171 13:64765

Tail closure among D60=0 matches
  final tail collisions: 0
  best r61 HW: 9
  best r61 W1[57..59]=0x11ce,0x1254,0x1ced
  best r61 W2[57..59]=0xb4a,0x1ce3,0x732
  best tail HW: 20
  best tail r61 HW: 17
  best W1[57..59]=0x1b8f,0x1e87,0x108d
  best W2[57..59]=0x150b,0x1c90,0xeb9

SUMMARY N=13 sample_start=8781824 prefixes=65536 total=536870912 d0=66020 best_tail=20 tail_r61=17 best_r61=9 tail_W1=0x1b8f,0x1e87,0x108d tail_W2=0x150b,0x1c90,0xeb9 r61_W1=0x11ce,0x1254,0x1ced r61_W2=0xb4a,0x1ce3,0x732

Scan-only witness registry
  registry_count=1 registry_cap=1
  witness[00] tail=20 r61=14 gh60=0x11205e1 W1=0x1ac0,0x134b,0x37 W2=0x143c,0xa2b,0x146a

Scan-only r61 registry
  registry_count=1 registry_cap=1
  r61_witness[00] r61=9 tail=25 gh60=0xb01be1 W1=0x11ce,0x1254,0x1ced W2=0xb4a,0x1ce3,0x732

D60=0 fiber histogram: 1:13834 2:8579 3:3518 4:2439 5:1008 6:561 7:236 8:262 9:92 10:47 11:19 12:20 13:11 14:8 15:4 16:20 17:5 18:3 19:1 24:1
