free_word_mitm_reducedn
N=13 mask=0x1fff msb=0x1000
candidate: M0=0x974 mode=random-fallback fill=0x1fff kernel=dM0=dM9=0x1000
prefixes=65536/67108864 mode=permuted-prefix-sample w59_per_prefix=8192 total=536870912
run_mode=scan registry_cap=1
sample_start=45875200
scan_elapsed=22.141s rate=24.25 Mtriples/s

D60 interface
  D60=0 matches: 65422 (random expectation 65536.0, enrichment 0.998x)
  prefixes with D60=0: 30401
  max D60=0 fiber per prefix: 28 at W57=0x1fd0 W58=0x1e4f
  largest D60 bucket: D=0xcf8 count=67011
  min D60 HW: 0
  D60 HW histogram: 0:65422 1:854279 2:5109433 3:18725513 4:46864363 5:84379923 6:112485726 7:112490099 8:84346965 9:46820520 10:18716955 11:5098475 12:847956 13:65283

Tail closure among D60=0 matches
  final tail collisions: 0
  best r61 HW: 10
  best r61 W1[57..59]=0x50a,0x19e5,0x1d6a
  best r61 W2[57..59]=0x1e86,0xe77,0x1afd
  best tail HW: 19
  best tail r61 HW: 19
  best W1[57..59]=0x6ba,0x997,0xbe7
  best W2[57..59]=0x36,0x8cb,0xafb

SUMMARY N=13 sample_start=45875200 prefixes=65536 total=536870912 d0=65422 best_tail=19 tail_r61=19 best_r61=10 tail_W1=0x6ba,0x997,0xbe7 tail_W2=0x36,0x8cb,0xafb r61_W1=0x50a,0x19e5,0x1d6a r61_W2=0x1e86,0xe77,0x1afd

Scan-only witness registry
  registry_count=1 registry_cap=1
  witness[00] tail=19 r61=19 gh60=0x1368d21 W1=0x6ba,0x997,0xbe7 W2=0x36,0x8cb,0xafb

Scan-only r61 registry
  registry_count=1 registry_cap=1
  r61_witness[00] r61=10 tail=27 gh60=0x518561 W1=0x50a,0x19e5,0x1d6a W2=0x1e86,0xe77,0x1afd

D60=0 fiber histogram: 1:13844 2:8339 3:3472 4:2447 5:1015 6:547 7:228 8:262 9:100 10:59 11:31 12:21 13:11 14:5 15:1 16:9 17:6 18:1 21:1 23:1 28:1
