free_word_mitm_reducedn
N=13 mask=0x1fff msb=0x1000
candidate: M0=0x974 mode=random-fallback fill=0x1fff kernel=dM0=dM9=0x1000
prefixes=65536/67108864 mode=permuted-prefix-sample w59_per_prefix=8192 total=536870912
run_mode=scan registry_cap=1
sample_start=33423360
scan_elapsed=17.281s rate=31.07 Mtriples/s

D60 interface
  D60=0 matches: 65915 (random expectation 65536.0, enrichment 1.006x)
  prefixes with D60=0: 30658
  max D60=0 fiber per prefix: 24 at W57=0xdc0 W58=0x1d06
  largest D60 bucket: D=0x10f0 count=67087
  min D60 HW: 0
  D60 HW histogram: 0:65915 1:851460 2:5122686 3:18765305 4:46904158 5:84369133 6:112455255 7:112407962 8:84317988 9:46843170 10:18736142 11:5112143 12:853729 13:65866

Tail closure among D60=0 matches
  final tail collisions: 0
  best r61 HW: 9
  best r61 W1[57..59]=0x2ee,0xb0e,0xb91
  best r61 W2[57..59]=0x1c6a,0x1ff8,0xb87
  best tail HW: 16
  best tail r61 HW: 12
  best W1[57..59]=0xbfe,0x141a,0x1ee4
  best W2[57..59]=0x57a,0x1f3e,0x1eff

SUMMARY N=13 sample_start=33423360 prefixes=65536 total=536870912 d0=65915 best_tail=16 tail_r61=12 best_r61=9 tail_W1=0xbfe,0x141a,0x1ee4 tail_W2=0x57a,0x1f3e,0x1eff r61_W1=0x2ee,0xb0e,0xb91 r61_W2=0x1c6a,0x1ff8,0xb87

Scan-only witness registry
  registry_count=1 registry_cap=1
  witness[00] tail=16 r61=12 gh60=0x1320761 W1=0xbfe,0x141a,0x1ee4 W2=0x57a,0x1f3e,0x1eff

Scan-only r61 registry
  registry_count=1 registry_cap=1
  r61_witness[00] r61=9 tail=25 gh60=0x100521 W1=0x2ee,0xb0e,0xb91 W2=0x1c6a,0x1ff8,0xb87

D60=0 fiber histogram: 1:13889 2:8468 3:3592 4:2397 5:996 6:580 7:238 8:270 9:96 10:52 11:24 12:15 13:12 14:8 15:3 16:14 17:3 24:1
