free_word_mitm_reducedn
N=13 mask=0x1fff msb=0x1000
candidate: M0=0x974 mode=random-fallback fill=0x1fff kernel=dM0=dM9=0x1000
prefixes=65536/67108864 mode=permuted-prefix-sample w59_per_prefix=8192 total=536870912
run_mode=scan registry_cap=1
sample_start=50593792
scan_elapsed=22.494s rate=23.87 Mtriples/s

D60 interface
  D60=0 matches: 65071 (random expectation 65536.0, enrichment 0.993x)
  prefixes with D60=0: 30417
  max D60=0 fiber per prefix: 19 at W57=0x41e W58=0x18c0
  largest D60 bucket: D=0xfeb count=67049
  min D60 HW: 0
  D60 HW histogram: 0:65071 1:848948 2:5116768 3:18758366 4:46912455 5:84390179 6:112434963 7:112407703 8:84323151 9:46838170 10:18744087 11:5112332 12:853403 13:65316

Tail closure among D60=0 matches
  final tail collisions: 0
  best r61 HW: 9
  best r61 W1[57..59]=0x32e,0x1e1,0x19f5
  best r61 W2[57..59]=0x1caa,0x12ab,0x7fd
  best tail HW: 18
  best tail r61 HW: 20
  best W1[57..59]=0x19b1,0x175e,0x1767
  best W2[57..59]=0x132d,0xed9,0x779

SUMMARY N=13 sample_start=50593792 prefixes=65536 total=536870912 d0=65071 best_tail=18 tail_r61=20 best_r61=9 tail_W1=0x19b1,0x175e,0x1767 tail_W2=0x132d,0xed9,0x779 r61_W1=0x32e,0x1e1,0x19f5 r61_W2=0x1caa,0x12ab,0x7fd

Scan-only witness registry
  registry_count=1 registry_cap=1
  witness[00] tail=18 r61=20 gh60=0x393eb27 W1=0x19b1,0x175e,0x1767 W2=0x132d,0xed9,0x779

Scan-only r61 registry
  registry_count=1 registry_cap=1
  r61_witness[00] r61=9 tail=21 gh60=0x100521 W1=0x32e,0x1e1,0x19f5 W2=0x1caa,0x12ab,0x7fd

D60=0 fiber histogram: 1:13783 2:8532 3:3518 4:2331 5:973 6:576 7:231 8:242 9:101 10:51 11:24 12:17 13:9 14:4 15:3 16:12 17:6 18:3 19:1
