free_word_mitm_reducedn
N=13 mask=0x1fff msb=0x1000
candidate: M0=0x974 mode=random-fallback fill=0x1fff kernel=dM0=dM9=0x1000
prefixes=65536/67108864 mode=permuted-prefix-sample w59_per_prefix=8192 total=536870912
run_mode=scan registry_cap=1
sample_start=23986176
scan_elapsed=17.287s rate=31.06 Mtriples/s

D60 interface
  D60=0 matches: 65374 (random expectation 65536.0, enrichment 0.998x)
  prefixes with D60=0: 30427
  max D60=0 fiber per prefix: 24 at W57=0x12b6 W58=0x42b
  largest D60 bucket: D=0x19d9 count=67126
  min D60 HW: 0
  D60 HW histogram: 0:65374 1:851036 2:5108646 3:18736577 4:46866530 5:84338829 6:112485173 7:112441333 8:84350900 9:46874233 10:18734131 11:5106420 12:846682 13:65048

Tail closure among D60=0 matches
  final tail collisions: 0
  best r61 HW: 9
  best r61 W1[57..59]=0x368,0xcdc,0x1ebd
  best r61 W2[57..59]=0x1ce4,0x1024,0x1733
  best tail HW: 17
  best tail r61 HW: 11
  best W1[57..59]=0x1325,0xd71,0x87b
  best W2[57..59]=0xca1,0x1e7f,0x1a68

SUMMARY N=13 sample_start=23986176 prefixes=65536 total=536870912 d0=65374 best_tail=17 tail_r61=11 best_r61=9 tail_W1=0x1325,0xd71,0x87b tail_W2=0xca1,0x1e7f,0x1a68 r61_W1=0x368,0xcdc,0x1ebd r61_W2=0x1ce4,0x1024,0x1733

Scan-only witness registry
  registry_count=1 registry_cap=1
  witness[00] tail=17 r61=11 gh60=0x10652f W1=0x1325,0xd71,0x87b W2=0xca1,0x1e7f,0x1a68

Scan-only r61 registry
  registry_count=1 registry_cap=1
  r61_witness[00] r61=9 tail=30 gh60=0x100721 W1=0x368,0xcdc,0x1ebd W2=0x1ce4,0x1024,0x1733

D60=0 fiber histogram: 1:13854 2:8327 3:3545 4:2415 5:996 6:558 7:232 8:291 9:72 10:59 11:25 12:11 13:12 14:7 15:1 16:14 17:2 18:2 19:1 20:2 24:1
