free_word_mitm_reducedn
N=13 mask=0x1fff msb=0x1000
candidate: M0=0x974 mode=random-fallback fill=0x1fff kernel=dM0=dM9=0x1000
prefixes=65536/67108864 mode=permuted-prefix-sample w59_per_prefix=8192 total=536870912
run_mode=scan registry_cap=1
sample_start=34209792
scan_elapsed=17.455s rate=30.76 Mtriples/s

D60 interface
  D60=0 matches: 66234 (random expectation 65536.0, enrichment 1.011x)
  prefixes with D60=0: 30843
  max D60=0 fiber per prefix: 25 at W57=0x1298 W58=0x12ca
  largest D60 bucket: D=0x12ff count=67387
  min D60 HW: 0
  D60 HW histogram: 0:66234 1:854184 2:5111370 3:18744752 4:46846478 5:84352614 6:112466421 7:112486831 8:84330632 9:46836286 10:18741749 11:5115023 12:852612 13:65726

Tail closure among D60=0 matches
  final tail collisions: 0
  best r61 HW: 10
  best r61 W1[57..59]=0x136a,0xcad,0xb4e
  best r61 W2[57..59]=0xce6,0x104f,0x5e5
  best tail HW: 17
  best tail r61 HW: 14
  best W1[57..59]=0xf74,0x1b12,0xda1
  best W2[57..59]=0x8f0,0x1e16,0x478

SUMMARY N=13 sample_start=34209792 prefixes=65536 total=536870912 d0=66234 best_tail=17 tail_r61=14 best_r61=10 tail_W1=0xf74,0x1b12,0xda1 tail_W2=0x8f0,0x1e16,0x478 r61_W1=0x136a,0xcad,0xb4e r61_W2=0xce6,0x104f,0x5e5

Scan-only witness registry
  registry_count=1 registry_cap=1
  witness[00] tail=17 r61=14 gh60=0x309f21 W1=0xf74,0x1b12,0xda1 W2=0x8f0,0x1e16,0x478

Scan-only r61 registry
  registry_count=1 registry_cap=1
  r61_witness[00] r61=10 tail=33 gh60=0x108721 W1=0x136a,0xcad,0xb4e W2=0xce6,0x104f,0x5e5

D60=0 fiber histogram: 1:14065 2:8498 3:3537 4:2394 5:1053 6:555 7:231 8:258 9:108 10:62 11:21 12:18 13:11 14:3 15:2 16:20 17:2 18:2 20:1 21:1 25:1
