free_word_mitm_reducedn
N=13 mask=0x1fff msb=0x1000
candidate: M0=0x974 mode=random-fallback fill=0x1fff kernel=dM0=dM9=0x1000
prefixes=65536/67108864 mode=permuted-prefix-sample w59_per_prefix=8192 total=536870912
run_mode=scan registry_cap=1
sample_start=12124160
scan_elapsed=23.201s rate=23.14 Mtriples/s

D60 interface
  D60=0 matches: 65372 (random expectation 65536.0, enrichment 0.997x)
  prefixes with D60=0: 30505
  max D60=0 fiber per prefix: 24 at W57=0x16ae W58=0x167a
  largest D60 bucket: D=0xf57 count=66898
  min D60 HW: 0
  D60 HW histogram: 0:65372 1:848183 2:5104094 3:18737714 4:46848063 5:84340500 6:112464142 7:112489611 8:84357422 9:46842926 10:18738972 11:5114688 12:853460 13:65765

Tail closure among D60=0 matches
  final tail collisions: 0
  best r61 HW: 11
  best r61 W1[57..59]=0x1008,0x466,0x1046
  best r61 W2[57..59]=0x984,0x1022,0xd6d
  best tail HW: 19
  best tail r61 HW: 18
  best W1[57..59]=0x1e7,0x41d,0x972
  best W2[57..59]=0x1b63,0x133,0x176e

SUMMARY N=13 sample_start=12124160 prefixes=65536 total=536870912 d0=65372 best_tail=19 tail_r61=18 best_r61=11 tail_W1=0x1e7,0x41d,0x972 tail_W2=0x1b63,0x133,0x176e r61_W1=0x1008,0x466,0x1046 r61_W2=0x984,0x1022,0xd6d

Scan-only witness registry
  registry_count=1 registry_cap=1
  witness[00] tail=19 r61=18 gh60=0x3903b23 W1=0x1e7,0x41d,0x972 W2=0x1b63,0x133,0x176e

Scan-only r61 registry
  registry_count=1 registry_cap=1
  r61_witness[00] r61=11 tail=21 gh60=0x702be3 W1=0x5c7,0x658,0x1461 W2=0x1f43,0xdee,0xf90

D60=0 fiber histogram: 1:13853 2:8501 3:3466 4:2453 5:983 6:536 7:240 8:239 9:79 10:68 11:21 12:20 13:11 14:7 16:18 17:3 18:3 20:1 21:1 23:1 24:1
