free_word_mitm_reducedn
N=13 mask=0x1fff msb=0x1000
candidate: M0=0x974 mode=random-fallback fill=0x1fff kernel=dM0=dM9=0x1000
prefixes=65536/67108864 mode=permuted-prefix-sample w59_per_prefix=8192 total=536870912
run_mode=scan registry_cap=1
sample_start=6684672
scan_elapsed=23.595s rate=22.75 Mtriples/s

D60 interface
  D60=0 matches: 65617 (random expectation 65536.0, enrichment 1.001x)
  prefixes with D60=0: 30483
  max D60=0 fiber per prefix: 22 at W57=0x3c6 W58=0x77b
  largest D60 bucket: D=0x1128 count=67002
  min D60 HW: 0
  D60 HW histogram: 0:65617 1:852517 2:5121090 3:18761355 4:46906851 5:84384709 6:112464878 7:112463211 8:84299942 9:46814507 10:18719698 11:5099564 12:851141 13:65832

Tail closure among D60=0 matches
  final tail collisions: 0
  best r61 HW: 10
  best r61 W1[57..59]=0x1226,0xf13,0x1913
  best r61 W2[57..59]=0xba2,0x17d6,0xc98
  best tail HW: 17
  best tail r61 HW: 17
  best W1[57..59]=0x1b59,0x1e81,0xe3b
  best W2[57..59]=0x14d5,0x805,0x17ea

SUMMARY N=13 sample_start=6684672 prefixes=65536 total=536870912 d0=65617 best_tail=17 tail_r61=17 best_r61=10 tail_W1=0x1b59,0x1e81,0xe3b tail_W2=0x14d5,0x805,0x17ea r61_W1=0x1226,0xf13,0x1913 r61_W2=0xba2,0x17d6,0xc98

Scan-only witness registry
  registry_count=1 registry_cap=1
  witness[00] tail=17 r61=17 gh60=0x312e4e7 W1=0x1b59,0x1e81,0xe3b W2=0x14d5,0x805,0x17ea

Scan-only r61 registry
  registry_count=1 registry_cap=1
  r61_witness[00] r61=10 tail=21 gh60=0x321d21 W1=0x1ede,0x56,0x8b4 W2=0x185a,0x1aaa,0x239

D60=0 fiber histogram: 1:13824 2:8502 3:3386 4:2422 5:1068 6:558 7:213 8:261 9:95 10:63 11:31 12:22 13:7 14:6 15:6 16:12 17:3 18:1 19:2 22:1
