free_word_mitm_reducedn
N=13 mask=0x1fff msb=0x1000
candidate: M0=0x974 mode=random-fallback fill=0x1fff kernel=dM0=dM9=0x1000
prefixes=65536/67108864 mode=permuted-prefix-sample w59_per_prefix=8192 total=536870912
run_mode=scan registry_cap=1
sample_start=39976960
scan_elapsed=22.254s rate=24.13 Mtriples/s

D60 interface
  D60=0 matches: 65172 (random expectation 65536.0, enrichment 0.994x)
  prefixes with D60=0: 30365
  max D60=0 fiber per prefix: 17 at W57=0x18b6 W58=0x1a94
  largest D60 bucket: D=0xf97 count=67126
  min D60 HW: 0
  D60 HW histogram: 0:65172 1:848646 2:5103181 3:18734651 4:46844789 5:84326309 6:112467272 7:112494660 8:84365179 9:46860524 10:18737747 11:5107019 12:850883 13:64880

Tail closure among D60=0 matches
  final tail collisions: 0
  best r61 HW: 11
  best r61 W1[57..59]=0x12f8,0x2bf,0x1e27
  best r61 W2[57..59]=0xc74,0x17b9,0x7b2
  best tail HW: 20
  best tail r61 HW: 20
  best W1[57..59]=0xdad,0x66b,0x2d7
  best W2[57..59]=0x729,0xfb7,0xe13

SUMMARY N=13 sample_start=39976960 prefixes=65536 total=536870912 d0=65172 best_tail=20 tail_r61=20 best_r61=11 tail_W1=0xdad,0x66b,0x2d7 tail_W2=0x729,0xfb7,0xe13 r61_W1=0x12f8,0x2bf,0x1e27 r61_W2=0xc74,0x17b9,0x7b2

Scan-only witness registry
  registry_count=1 registry_cap=1
  witness[00] tail=20 r61=20 gh60=0x3903b3f W1=0xdad,0x66b,0x2d7 W2=0x729,0xfb7,0xe13

Scan-only r61 registry
  registry_count=1 registry_cap=1
  r61_witness[00] r61=11 tail=28 gh60=0x120521 W1=0x12f8,0x2bf,0x1e27 W2=0xc74,0x17b9,0x7b2

D60=0 fiber histogram: 1:13781 2:8368 3:3535 4:2442 5:958 6:532 7:252 8:287 9:74 10:59 11:27 12:17 13:9 14:9 15:4 16:7 17:4
