free_word_mitm_reducedn
N=13 mask=0x1fff msb=0x1000
candidate: M0=0x974 mode=random-fallback fill=0x1fff kernel=dM0=dM9=0x1000
prefixes=65536/67108864 mode=permuted-prefix-sample w59_per_prefix=8192 total=536870912
run_mode=scan registry_cap=1
sample_start=12976128
scan_elapsed=22.523s rate=23.84 Mtriples/s

D60 interface
  D60=0 matches: 65665 (random expectation 65536.0, enrichment 1.002x)
  prefixes with D60=0: 30518
  max D60=0 fiber per prefix: 22 at W57=0x13e9 W58=0x6fc
  largest D60 bucket: D=0x102c count=67173
  min D60 HW: 0
  D60 HW histogram: 0:65665 1:850759 2:5127991 3:18781046 4:46940444 5:84424310 6:112505672 7:112428390 8:84269102 9:46775292 10:18693393 11:5097586 12:846188 13:65074

Tail closure among D60=0 matches
  final tail collisions: 0
  best r61 HW: 10
  best r61 W1[57..59]=0x1356,0xfd5,0x5e
  best r61 W2[57..59]=0xcd2,0x155b,0xc33
  best tail HW: 20
  best tail r61 HW: 15
  best W1[57..59]=0xa29,0x11f4,0xe69
  best W2[57..59]=0x3a5,0xbed,0x1f98

SUMMARY N=13 sample_start=12976128 prefixes=65536 total=536870912 d0=65665 best_tail=20 tail_r61=15 best_r61=10 tail_W1=0xa29,0x11f4,0xe69 tail_W2=0x3a5,0xbed,0x1f98 r61_W1=0x1356,0xfd5,0x5e r61_W2=0xcd2,0x155b,0xc33

Scan-only witness registry
  registry_count=1 registry_cap=1
  witness[00] tail=20 r61=15 gh60=0xf0ab27 W1=0xa29,0x11f4,0xe69 W2=0x3a5,0xbed,0x1f98

Scan-only r61 registry
  registry_count=1 registry_cap=1
  r61_witness[00] r61=10 tail=31 gh60=0x3204e1 W1=0x1356,0xfd5,0x5e W2=0xcd2,0x155b,0xc33

D60=0 fiber histogram: 1:13879 2:8467 3:3537 4:2302 5:998 6:551 7:250 8:270 9:117 10:52 11:26 12:23 13:13 14:8 15:6 16:11 17:4 18:2 19:1 22:1
