free_word_mitm_reducedn
N=13 mask=0x1fff msb=0x1000
candidate: M0=0x974 mode=random-fallback fill=0x1fff kernel=dM0=dM9=0x1000
prefixes=65536/67108864 mode=permuted-prefix-sample w59_per_prefix=8192 total=536870912
run_mode=scan registry_cap=1
sample_start=61472768
scan_elapsed=22.395s rate=23.97 Mtriples/s

D60 interface
  D60=0 matches: 65410 (random expectation 65536.0, enrichment 0.998x)
  prefixes with D60=0: 30374
  max D60=0 fiber per prefix: 21 at W57=0x328 W58=0x1d44
  largest D60 bucket: D=0x259 count=66874
  min D60 HW: 0
  D60 HW histogram: 0:65410 1:850018 2:5107438 3:18755495 4:46903716 5:84368908 6:112461308 7:112451751 8:84316880 9:46832296 10:18730958 11:5107774 12:853406 13:65554

Tail closure among D60=0 matches
  final tail collisions: 0
  best r61 HW: 10
  best r61 W1[57..59]=0xea6,0x46a,0x232
  best r61 W2[57..59]=0x822,0xae,0x18a8
  best tail HW: 19
  best tail r61 HW: 16
  best W1[57..59]=0x1922,0x1834,0x1cbd
  best W2[57..59]=0x129e,0x1966,0x1334

SUMMARY N=13 sample_start=61472768 prefixes=65536 total=536870912 d0=65410 best_tail=19 tail_r61=16 best_r61=10 tail_W1=0x1922,0x1834,0x1cbd tail_W2=0x129e,0x1966,0x1334 r61_W1=0xea6,0x46a,0x232 r61_W2=0x822,0xae,0x18a8

Scan-only witness registry
  registry_count=1 registry_cap=1
  witness[00] tail=19 r61=16 gh60=0xcf8d21 W1=0x1922,0x1834,0x1cbd W2=0x129e,0x1966,0x1334

Scan-only r61 registry
  registry_count=1 registry_cap=1
  r61_witness[00] r61=10 tail=24 gh60=0x101d21 W1=0xea6,0x46a,0x232 W2=0x822,0xae,0x18a8

D60=0 fiber histogram: 1:13765 2:8422 3:3440 4:2440 5:982 6:583 7:257 8:265 9:89 10:50 11:18 12:24 13:9 14:6 15:2 16:12 17:2 18:5 19:1 20:1 21:1
