free_word_mitm_reducedn
N=13 mask=0x1fff msb=0x1000
candidate: M0=0x974 mode=random-fallback fill=0x1fff kernel=dM0=dM9=0x1000
prefixes=65536/67108864 mode=permuted-prefix-sample w59_per_prefix=8192 total=536870912
run_mode=scan registry_cap=1
sample_start=56164352
scan_elapsed=22.399s rate=23.97 Mtriples/s

D60 interface
  D60=0 matches: 65357 (random expectation 65536.0, enrichment 0.997x)
  prefixes with D60=0: 30434
  max D60=0 fiber per prefix: 21 at W57=0xafa W58=0x1963
  largest D60 bucket: D=0xb8c count=66993
  min D60 HW: 0
  D60 HW histogram: 0:65357 1:852947 2:5121230 3:18789783 4:46942980 5:84419831 6:112439845 7:112411912 8:84273415 9:46803032 10:18723814 11:5109340 12:851635 13:65791

Tail closure among D60=0 matches
  final tail collisions: 0
  best r61 HW: 9
  best r61 W1[57..59]=0x1396,0x13ae,0x919
  best r61 W2[57..59]=0xd12,0x1694,0x108c
  best tail HW: 19
  best tail r61 HW: 23
  best W1[57..59]=0x1159,0x168c,0x14c9
  best W2[57..59]=0xad5,0x40e,0x3a5

SUMMARY N=13 sample_start=56164352 prefixes=65536 total=536870912 d0=65357 best_tail=19 tail_r61=23 best_r61=9 tail_W1=0x1159,0x168c,0x14c9 tail_W2=0xad5,0x40e,0x3a5 r61_W1=0x1396,0x13ae,0x919 r61_W2=0xd12,0x1694,0x108c

Scan-only witness registry
  registry_count=1 registry_cap=1
  witness[00] tail=19 r61=23 gh60=0x3b2fce7 W1=0x1159,0x168c,0x14c9 W2=0xad5,0x40e,0x3a5

Scan-only r61 registry
  registry_count=1 registry_cap=1
  r61_witness[00] r61=9 tail=28 gh60=0x320761 W1=0x1396,0x13ae,0x919 W2=0xd12,0x1694,0x108c

D60=0 fiber histogram: 1:13786 2:8384 3:3558 4:2476 5:935 6:583 7:259 8:225 9:89 10:55 11:27 12:23 13:8 14:6 15:3 16:13 17:1 18:2 21:1
