free_word_mitm_reducedn
N=13 mask=0x1fff msb=0x1000
candidate: M0=0x974 mode=random-fallback fill=0x1fff kernel=dM0=dM9=0x1000
prefixes=65536/67108864 mode=permuted-prefix-sample w59_per_prefix=8192 total=536870912
run_mode=scan registry_cap=1
sample_start=36044800
scan_elapsed=23.433s rate=22.91 Mtriples/s

D60 interface
  D60=0 matches: 65477 (random expectation 65536.0, enrichment 0.999x)
  prefixes with D60=0: 30531
  max D60=0 fiber per prefix: 19 at W57=0x25e W58=0xd22
  largest D60 bucket: D=0x7d0 count=67020
  min D60 HW: 0
  D60 HW histogram: 0:65477 1:852580 2:5115434 3:18763312 4:46878774 5:84384011 6:112487789 7:112449726 8:84310777 9:46822589 10:18720660 11:5103695 12:851116 13:64972

Tail closure among D60=0 matches
  final tail collisions: 0
  best r61 HW: 10
  best r61 W1[57..59]=0x316,0x227,0x529
  best r61 W2[57..59]=0x1c92,0x14b5,0x3f2
  best tail HW: 18
  best tail r61 HW: 24
  best W1[57..59]=0xb89,0x1044,0x1281
  best W2[57..59]=0x505,0x748,0x99

SUMMARY N=13 sample_start=36044800 prefixes=65536 total=536870912 d0=65477 best_tail=18 tail_r61=24 best_r61=10 tail_W1=0xb89,0x1044,0x1281 tail_W2=0x505,0x748,0x99 r61_W1=0x316,0x227,0x529 r61_W2=0x1c92,0x14b5,0x3f2

Scan-only witness registry
  registry_count=1 registry_cap=1
  witness[00] tail=18 r61=24 gh60=0x330e767 W1=0xb89,0x1044,0x1281 W2=0x505,0x748,0x99

Scan-only r61 registry
  registry_count=1 registry_cap=1
  r61_witness[00] r61=10 tail=28 gh60=0x120561 W1=0x316,0x227,0x529 W2=0x1c92,0x14b5,0x3f2

D60=0 fiber histogram: 1:13963 2:8359 3:3470 4:2452 5:1009 6:563 7:216 8:249 9:99 10:64 11:28 12:24 13:10 14:6 15:4 16:10 17:2 18:1 19:2
