free_word_mitm_reducedn
N=13 mask=0x1fff msb=0x1000
candidate: M0=0x974 mode=random-fallback fill=0x1fff kernel=dM0=dM9=0x1000
prefixes=65536/67108864 mode=permuted-prefix-sample w59_per_prefix=8192 total=536870912
run_mode=scan registry_cap=1
sample_start=63111168
scan_elapsed=22.036s rate=24.36 Mtriples/s

D60 interface
  D60=0 matches: 65242 (random expectation 65536.0, enrichment 0.996x)
  prefixes with D60=0: 30360
  max D60=0 fiber per prefix: 18 at W57=0x133f W58=0x295
  largest D60 bucket: D=0xc70 count=67048
  min D60 HW: 0
  D60 HW histogram: 0:65242 1:854201 2:5123749 3:18792956 4:46949579 5:84443529 6:112484289 7:112399137 8:84247958 9:46784499 10:18708871 11:5097941 12:853338 13:65623

Tail closure among D60=0 matches
  final tail collisions: 0
  best r61 HW: 10
  best r61 W1[57..59]=0x416,0x10fa,0x18ed
  best r61 W2[57..59]=0x1d92,0x1428,0x1917
  best tail HW: 19
  best tail r61 HW: 13
  best W1[57..59]=0x1760,0x786,0xfe3
  best W2[57..59]=0x10dc,0x1542,0x1874

SUMMARY N=13 sample_start=63111168 prefixes=65536 total=536870912 d0=65242 best_tail=19 tail_r61=13 best_r61=10 tail_W1=0x1760,0x786,0xfe3 tail_W2=0x10dc,0x1542,0x1874 r61_W1=0x416,0x10fa,0x18ed r61_W2=0x1d92,0x1428,0x1917

Scan-only witness registry
  registry_count=1 registry_cap=1
  witness[00] tail=19 r61=13 gh60=0x3160f21 W1=0x1760,0x786,0xfe3 W2=0x10dc,0x1542,0x1874

Scan-only r61 registry
  registry_count=1 registry_cap=1
  r61_witness[00] r61=10 tail=24 gh60=0xd20761 W1=0x416,0x10fa,0x18ed W2=0x1d92,0x1428,0x1917

D60=0 fiber histogram: 1:13810 2:8417 3:3464 4:2363 5:1015 6:566 7:243 8:221 9:107 10:59 11:28 12:22 13:10 14:5 15:4 16:16 17:7 18:3
