free_word_mitm_reducedn
N=13 mask=0x1fff msb=0x1000
candidate: M0=0x974 mode=random-fallback fill=0x1fff kernel=dM0=dM9=0x1000
prefixes=65536/67108864 mode=permuted-prefix-sample w59_per_prefix=8192 total=536870912
run_mode=scan registry_cap=1
sample_start=42860544
scan_elapsed=23.681s rate=22.67 Mtriples/s

D60 interface
  D60=0 matches: 65969 (random expectation 65536.0, enrichment 1.007x)
  prefixes with D60=0: 30554
  max D60=0 fiber per prefix: 20 at W57=0x8e7 W58=0x1677
  largest D60 bucket: D=0x9a8 count=67188
  min D60 HW: 0
  D60 HW histogram: 0:65969 1:852861 2:5120419 3:18766903 4:46897206 5:84375646 6:112466853 7:112412998 8:84305582 9:46827508 10:18742184 11:5116558 12:854603 13:65622

Tail closure among D60=0 matches
  final tail collisions: 0
  best r61 HW: 11
  best r61 W1[57..59]=0x12e8,0x1cc,0x13d8
  best r61 W2[57..59]=0xc64,0x16d4,0x47e
  best tail HW: 18
  best tail r61 HW: 17
  best W1[57..59]=0xc5d,0x9ce,0x86
  best W2[57..59]=0x5d9,0x429,0x175a

SUMMARY N=13 sample_start=42860544 prefixes=65536 total=536870912 d0=65969 best_tail=18 tail_r61=17 best_r61=11 tail_W1=0xc5d,0x9ce,0x86 tail_W2=0x5d9,0x429,0x175a r61_W1=0x12e8,0x1cc,0x13d8 r61_W2=0xc64,0x16d4,0x47e

Scan-only witness registry
  registry_count=1 registry_cap=1
  witness[00] tail=18 r61=17 gh60=0x36e24df W1=0xc5d,0x9ce,0x86 W2=0x5d9,0x429,0x175a

Scan-only r61 registry
  registry_count=1 registry_cap=1
  r61_witness[00] r61=11 tail=24 gh60=0x521d21 W1=0xe0,0x1e66,0xc22 W2=0x1a5c,0x11de,0x623

D60=0 fiber histogram: 1:13845 2:8452 3:3497 4:2443 5:957 6:589 7:255 8:247 9:108 10:66 11:28 12:22 13:11 14:12 15:3 16:12 17:3 18:3 20:1
