free_word_mitm_reducedn
N=13 mask=0x1fff msb=0x1000
candidate: M0=0x974 mode=random-fallback fill=0x1fff kernel=dM0=dM9=0x1000
prefixes=65536/67108864 mode=permuted-prefix-sample w59_per_prefix=8192 total=536870912
run_mode=scan registry_cap=1
sample_start=8388608
scan_elapsed=23.066s rate=23.28 Mtriples/s

D60 interface
  D60=0 matches: 65273 (random expectation 65536.0, enrichment 0.996x)
  prefixes with D60=0: 30360
  max D60=0 fiber per prefix: 21 at W57=0x14bb W58=0x1ac5
  largest D60 bucket: D=0x45d count=67025
  min D60 HW: 0
  D60 HW histogram: 0:65273 1:851507 2:5122015 3:18760608 4:46899487 5:84366427 6:112438265 7:112395412 8:84329895 9:46856522 10:18752146 11:5116321 12:851732 13:65302

Tail closure among D60=0 matches
  final tail collisions: 0
  best r61 HW: 10
  best r61 W1[57..59]=0x290,0x151,0x112e
  best r61 W2[57..59]=0x1c0c,0x13ef,0x1766
  best tail HW: 18
  best tail r61 HW: 19
  best W1[57..59]=0x564,0x72d,0x1736
  best W2[57..59]=0x1ee0,0x1e24,0x162b

SUMMARY N=13 sample_start=8388608 prefixes=65536 total=536870912 d0=65273 best_tail=18 tail_r61=19 best_r61=10 tail_W1=0x564,0x72d,0x1736 tail_W2=0x1ee0,0x1e24,0x162b r61_W1=0x290,0x151,0x112e r61_W2=0x1c0c,0x13ef,0x1766

Scan-only witness registry
  registry_count=1 registry_cap=1
  witness[00] tail=18 r61=19 gh60=0xce8b21 W1=0x564,0x72d,0x1736 W2=0x1ee0,0x1e24,0x162b

Scan-only r61 registry
  registry_count=1 registry_cap=1
  r61_witness[00] r61=10 tail=23 gh60=0x100561 W1=0x290,0x151,0x112e W2=0x1c0c,0x13ef,0x1766

D60=0 fiber histogram: 1:13779 2:8459 3:3503 4:2358 5:926 6:568 7:246 8:279 9:90 10:54 11:33 12:26 13:5 14:6 15:3 16:14 17:5 18:2 19:2 20:1 21:1
