free_word_mitm_reducedn
N=13 mask=0x1fff msb=0x1000
candidate: M0=0x974 mode=random-fallback fill=0x1fff kernel=dM0=dM9=0x1000
prefixes=65536/67108864 mode=permuted-prefix-sample w59_per_prefix=8192 total=536870912
run_mode=scan registry_cap=1
sample_start=36372480
scan_elapsed=23.740s rate=22.61 Mtriples/s

D60 interface
  D60=0 matches: 65278 (random expectation 65536.0, enrichment 0.996x)
  prefixes with D60=0: 30496
  max D60=0 fiber per prefix: 22 at W57=0x747 W58=0x1fb5
  largest D60 bucket: D=0x12b0 count=67040
  min D60 HW: 0
  D60 HW histogram: 0:65278 1:853020 2:5112756 3:18759324 4:46901197 5:84365503 6:112439448 7:112441987 8:84343591 9:46824001 10:18739467 11:5109456 12:850352 13:65532

Tail closure among D60=0 matches
  final tail collisions: 0
  best r61 HW: 10
  best r61 W1[57..59]=0xf30,0x1b72,0xdd6
  best r61 W2[57..59]=0x8ac,0x16a0,0x141e
  best tail HW: 17
  best tail r61 HW: 17
  best W1[57..59]=0x1d8a,0xd92,0x1833
  best W2[57..59]=0x1706,0xbc5,0x704

SUMMARY N=13 sample_start=36372480 prefixes=65536 total=536870912 d0=65278 best_tail=17 tail_r61=17 best_r61=10 tail_W1=0x1d8a,0xd92,0x1833 tail_W2=0x1706,0xbc5,0x704 r61_W1=0xf30,0x1b72,0xdd6 r61_W2=0x8ac,0x16a0,0x141e

Scan-only witness registry
  registry_count=1 registry_cap=1
  witness[00] tail=17 r61=17 gh60=0x939b61 W1=0x1d8a,0xd92,0x1833 W2=0x1706,0xbc5,0x704

Scan-only r61 registry
  registry_count=1 registry_cap=1
  r61_witness[00] r61=10 tail=23 gh60=0x101d21 W1=0xf30,0x1b72,0xdd6 W2=0x8ac,0x16a0,0x141e

D60=0 fiber histogram: 1:13982 2:8364 3:3430 4:2475 5:965 6:537 7:238 8:254 9:112 10:68 11:25 12:13 13:8 14:6 15:1 16:8 17:3 18:5 20:1 22:1
