free_word_mitm_reducedn
N=13 mask=0x1fff msb=0x1000
candidate: M0=0x974 mode=random-fallback fill=0x1fff kernel=dM0=dM9=0x1000
prefixes=65536/67108864 mode=permuted-prefix-sample w59_per_prefix=8192 total=536870912
run_mode=scan registry_cap=1
sample_start=12320768
scan_elapsed=22.915s rate=23.43 Mtriples/s

D60 interface
  D60=0 matches: 65227 (random expectation 65536.0, enrichment 0.995x)
  prefixes with D60=0: 30593
  max D60=0 fiber per prefix: 20 at W57=0x12fa W58=0x936
  largest D60 bucket: D=0x703 count=66831
  min D60 HW: 0
  D60 HW histogram: 0:65227 1:853816 2:5119299 3:18757526 4:46892426 5:84384547 6:112499745 7:112448564 8:84307930 9:46808143 10:18717920 11:5099321 12:850911 13:65537

Tail closure among D60=0 matches
  final tail collisions: 0
  best r61 HW: 9
  best r61 W1[57..59]=0x1ed0,0x11c7,0x18b9
  best r61 W2[57..59]=0x184c,0x739,0xf51
  best tail HW: 18
  best tail r61 HW: 18
  best W1[57..59]=0x113f,0x5bf,0x1768
  best W2[57..59]=0xabb,0x11e2,0x332

SUMMARY N=13 sample_start=12320768 prefixes=65536 total=536870912 d0=65227 best_tail=18 tail_r61=18 best_r61=9 tail_W1=0x113f,0x5bf,0x1768 tail_W2=0xabb,0x11e2,0x332 r61_W1=0x1ed0,0x11c7,0x18b9 r61_W2=0x184c,0x739,0xf51

Scan-only witness registry
  registry_count=1 registry_cap=1
  witness[00] tail=18 r61=18 gh60=0x523ce3 W1=0x113f,0x5bf,0x1768 W2=0xabb,0x11e2,0x332

Scan-only r61 registry
  registry_count=1 registry_cap=1
  r61_witness[00] r61=9 tail=25 gh60=0x301de1 W1=0x1ed0,0x11c7,0x18b9 W2=0x184c,0x739,0xf51

D60=0 fiber histogram: 1:13942 2:8683 3:3414 4:2304 5:969 6:540 7:244 8:250 9:97 10:61 11:25 12:23 13:9 14:6 15:3 16:12 17:5 18:4 19:1 20:1
