free_word_mitm_reducedn
N=13 mask=0x1fff msb=0x1000
candidate: M0=0x974 mode=random-fallback fill=0x1fff kernel=dM0=dM9=0x1000
prefixes=65536/67108864 mode=permuted-prefix-sample w59_per_prefix=8192 total=536870912
run_mode=scan registry_cap=1
sample_start=23592960
scan_elapsed=17.661s rate=30.40 Mtriples/s

D60 interface
  D60=0 matches: 65691 (random expectation 65536.0, enrichment 1.002x)
  prefixes with D60=0: 30676
  max D60=0 fiber per prefix: 22 at W57=0x1340 W58=0x1686
  largest D60 bucket: D=0xd39 count=67195
  min D60 HW: 0
  D60 HW histogram: 0:65691 1:850982 2:5118988 3:18781922 4:46960484 5:84436965 6:112509581 7:112394071 8:84239699 9:46795305 10:18706324 11:5096033 12:849559 13:65308

Tail closure among D60=0 matches
  final tail collisions: 0
  best r61 HW: 11
  best r61 W1[57..59]=0xa65,0x1cc2,0xb25
  best r61 W2[57..59]=0x3e1,0x18d0,0x1cb9
  best tail HW: 16
  best tail r61 HW: 13
  best W1[57..59]=0x15d6,0x1d3a,0xb7f
  best W2[57..59]=0xf52,0x1abd,0x12b

SUMMARY N=13 sample_start=23592960 prefixes=65536 total=536870912 d0=65691 best_tail=16 tail_r61=13 best_r61=11 tail_W1=0x15d6,0x1d3a,0xb7f tail_W2=0xf52,0x1abd,0x12b r61_W1=0xa65,0x1cc2,0xb25 r61_W2=0x3e1,0x18d0,0x1cb9

Scan-only witness registry
  registry_count=1 registry_cap=1
  witness[00] tail=16 r61=13 gh60=0x9e0be1 W1=0x15d6,0x1d3a,0xb7f W2=0xf52,0x1abd,0x12b

Scan-only r61 registry
  registry_count=1 registry_cap=1
  r61_witness[00] r61=11 tail=20 gh60=0x110ace3 W1=0x753,0x132b,0x1bd1 W2=0xcf,0x1756,0x133

D60=0 fiber histogram: 1:14031 2:8439 3:3513 4:2358 5:1008 6:591 7:243 8:263 9:99 10:66 11:23 12:17 13:4 14:3 15:1 16:7 17:2 18:3 20:3 21:1 22:1
