free_word_mitm_reducedn
N=13 mask=0x1fff msb=0x1000
candidate: M0=0x974 mode=random-fallback fill=0x1fff kernel=dM0=dM9=0x1000
prefixes=65536/67108864 mode=permuted-prefix-sample w59_per_prefix=8192 total=536870912
run_mode=scan registry_cap=1
sample_start=8585216
scan_elapsed=23.217s rate=23.12 Mtriples/s

D60 interface
  D60=0 matches: 66014 (random expectation 65536.0, enrichment 1.007x)
  prefixes with D60=0: 30648
  max D60=0 fiber per prefix: 21 at W57=0x1ffe W58=0x174d
  largest D60 bucket: D=0x164 count=66931
  min D60 HW: 0
  D60 HW histogram: 0:66014 1:851016 2:5114390 3:18778758 4:46952827 5:84454442 6:112513004 7:112421605 8:84237659 9:46761077 10:18702200 11:5100618 12:851445 13:65857

Tail closure among D60=0 matches
  final tail collisions: 0
  best r61 HW: 11
  best r61 W1[57..59]=0x3fe,0x1c5d,0x1490
  best r61 W2[57..59]=0x1d7a,0x1e7d,0xd19
  best tail HW: 19
  best tail r61 HW: 17
  best W1[57..59]=0x1252,0x112f,0x1f38
  best W2[57..59]=0xbce,0x1adb,0x134a

SUMMARY N=13 sample_start=8585216 prefixes=65536 total=536870912 d0=66014 best_tail=19 tail_r61=17 best_r61=11 tail_W1=0x1252,0x112f,0x1f38 tail_W2=0xbce,0x1adb,0x134a r61_W1=0x3fe,0x1c5d,0x1490 r61_W2=0x1d7a,0x1e7d,0xd19

Scan-only witness registry
  registry_count=1 registry_cap=1
  witness[00] tail=19 r61=17 gh60=0x3b084e1 W1=0x1252,0x112f,0x1f38 W2=0xbce,0x1adb,0x134a

Scan-only r61 registry
  registry_count=1 registry_cap=1
  r61_witness[00] r61=11 tail=26 gh60=0x520761 W1=0x3fe,0x1c5d,0x1490 W2=0x1d7a,0x1e7d,0xd19

D60=0 fiber histogram: 1:13778 2:8674 3:3512 4:2403 5:969 6:535 7:241 8:271 9:99 10:75 11:28 12:26 13:12 14:4 15:1 16:11 17:3 18:3 20:2 21:1
