free_word_mitm_reducedn
N=13 mask=0x1fff msb=0x1000
candidate: M0=0x974 mode=random-fallback fill=0x1fff kernel=dM0=dM9=0x1000
prefixes=65536/67108864 mode=permuted-prefix-sample w59_per_prefix=8192 total=536870912
run_mode=scan registry_cap=1
sample_start=20905984
scan_elapsed=17.440s rate=30.78 Mtriples/s

D60 interface
  D60=0 matches: 65634 (random expectation 65536.0, enrichment 1.001x)
  prefixes with D60=0: 30466
  max D60=0 fiber per prefix: 21 at W57=0x181f W58=0x16cd
  largest D60 bucket: D=0xfbb count=67159
  min D60 HW: 0
  D60 HW histogram: 0:65634 1:853173 2:5112589 3:18754896 4:46883604 5:84368575 6:112475040 7:112409136 8:84320288 9:46850751 10:18751630 11:5109735 12:850460 13:65401

Tail closure among D60=0 matches
  final tail collisions: 0
  best r61 HW: 10
  best r61 W1[57..59]=0xfa8,0x19b8,0x1d4b
  best r61 W2[57..59]=0x924,0x1d60,0x14f1
  best tail HW: 18
  best tail r61 HW: 18
  best W1[57..59]=0xc99,0x125f,0x6ab
  best W2[57..59]=0x615,0xadb,0xdb

SUMMARY N=13 sample_start=20905984 prefixes=65536 total=536870912 d0=65634 best_tail=18 tail_r61=18 best_r61=10 tail_W1=0xc99,0x125f,0x6ab tail_W2=0x615,0xadb,0xdb r61_W1=0xfa8,0x19b8,0x1d4b r61_W2=0x924,0x1d60,0x14f1

Scan-only witness registry
  registry_count=1 registry_cap=1
  witness[00] tail=18 r61=18 gh60=0x3526567 W1=0xc99,0x125f,0x6ab W2=0x615,0xadb,0xdb

Scan-only r61 registry
  registry_count=1 registry_cap=1
  r61_witness[00] r61=10 tail=28 gh60=0x103d63 W1=0xe87,0xa5f,0x9a0 W2=0x803,0xe6a,0x1a1f

D60=0 fiber histogram: 1:13757 2:8431 3:3494 4:2451 5:1067 6:573 7:238 8:231 9:83 10:54 11:26 12:16 13:14 14:9 15:3 16:9 17:3 18:6 21:1
