free_word_mitm_reducedn
N=13 mask=0x1fff msb=0x1000
candidate: M0=0x974 mode=random-fallback fill=0x1fff kernel=dM0=dM9=0x1000
prefixes=65536/67108864 mode=permuted-prefix-sample w59_per_prefix=8192 total=536870912
run_mode=scan registry_cap=1
sample_start=8847360
scan_elapsed=22.624s rate=23.73 Mtriples/s

D60 interface
  D60=0 matches: 65706 (random expectation 65536.0, enrichment 1.003x)
  prefixes with D60=0: 30474
  max D60=0 fiber per prefix: 22 at W57=0x1659 W58=0x23e
  largest D60 bucket: D=0xf8c count=67134
  min D60 HW: 0
  D60 HW histogram: 0:65706 1:847907 2:5111145 3:18768516 4:46926041 5:84446145 6:112549990 7:112455265 8:84263662 9:46752754 10:18677400 11:5091811 12:848905 13:65665

Tail closure among D60=0 matches
  final tail collisions: 0
  best r61 HW: 10
  best r61 W1[57..59]=0x1fce,0xc35,0x432
  best r61 W2[57..59]=0x194a,0x1203,0x8ca
  best tail HW: 18
  best tail r61 HW: 15
  best W1[57..59]=0x101b,0x1c79,0xbfd
  best W2[57..59]=0x997,0xff0,0xcd2

SUMMARY N=13 sample_start=8847360 prefixes=65536 total=536870912 d0=65706 best_tail=18 tail_r61=15 best_r61=10 tail_W1=0x101b,0x1c79,0xbfd tail_W2=0x997,0xff0,0xcd2 r61_W1=0x1fce,0xc35,0x432 r61_W2=0x194a,0x1203,0x8ca

Scan-only witness registry
  registry_count=1 registry_cap=1
  witness[00] tail=18 r61=15 gh60=0x73bf63 W1=0x101b,0x1c79,0xbfd W2=0x997,0xff0,0xcd2

Scan-only r61 registry
  registry_count=1 registry_cap=1
  r61_witness[00] r61=10 tail=22 gh60=0x501fe1 W1=0x1fce,0xc35,0x432 W2=0x194a,0x1203,0x8ca

D60=0 fiber histogram: 1:13767 2:8501 3:3500 4:2388 5:1033 6:549 7:223 8:248 9:103 10:68 11:24 12:19 13:12 14:5 15:3 16:23 17:5 18:2 22:1
