free_word_mitm_reducedn
N=13 mask=0x1fff msb=0x1000
candidate: M0=0x974 mode=random-fallback fill=0x1fff kernel=dM0=dM9=0x1000
prefixes=65536/67108864 mode=permuted-prefix-sample w59_per_prefix=8192 total=536870912
run_mode=scan registry_cap=1
sample_start=60227584
scan_elapsed=23.115s rate=23.23 Mtriples/s

D60 interface
  D60=0 matches: 65478 (random expectation 65536.0, enrichment 0.999x)
  prefixes with D60=0: 30670
  max D60=0 fiber per prefix: 17 at W57=0x1df9 W58=0x194f
  largest D60 bucket: D=0xff4 count=67467
  min D60 HW: 0
  D60 HW histogram: 0:65478 1:851220 2:5112890 3:18741363 4:46878761 5:84352944 6:112487624 7:112476416 8:84353892 9:46826229 10:18717662 11:5094937 12:846634 13:64862

Tail closure among D60=0 matches
  final tail collisions: 0
  best r61 HW: 10
  best r61 W1[57..59]=0x98,0x80e,0xbd
  best r61 W2[57..59]=0x1a14,0x818,0x12b0
  best tail HW: 18
  best tail r61 HW: 20
  best W1[57..59]=0x192d,0xb42,0xb06
  best W2[57..59]=0x12a9,0x82d,0x18c0

SUMMARY N=13 sample_start=60227584 prefixes=65536 total=536870912 d0=65478 best_tail=18 tail_r61=20 best_r61=10 tail_W1=0x192d,0xb42,0xb06 tail_W2=0x12a9,0x82d,0x18c0 r61_W1=0x98,0x80e,0xbd r61_W2=0x1a14,0x818,0x12b0

Scan-only witness registry
  registry_count=1 registry_cap=1
  witness[00] tail=18 r61=20 gh60=0x1f02d3f W1=0x192d,0xb42,0xb06 W2=0x12a9,0x82d,0x18c0

Scan-only r61 registry
  registry_count=1 registry_cap=1
  r61_witness[00] r61=10 tail=22 gh60=0x300521 W1=0x46e,0xe57,0x1c80 W2=0x1dea,0x441,0xc96

D60=0 fiber histogram: 1:13997 2:8546 3:3475 4:2390 5:999 6:549 7:236 8:238 9:105 10:45 11:29 12:19 13:12 14:9 15:4 16:14 17:3
