free_word_mitm_reducedn
N=13 mask=0x1fff msb=0x1000
candidate: M0=0x974 mode=random-fallback fill=0x1fff kernel=dM0=dM9=0x1000
prefixes=65536/67108864 mode=permuted-prefix-sample w59_per_prefix=8192 total=536870912
run_mode=scan registry_cap=1
sample_start=22609920
scan_elapsed=17.092s rate=31.41 Mtriples/s

D60 interface
  D60=0 matches: 65585 (random expectation 65536.0, enrichment 1.001x)
  prefixes with D60=0: 30531
  max D60=0 fiber per prefix: 21 at W57=0x78e W58=0xa28
  largest D60 bucket: D=0xfec count=67053
  min D60 HW: 0
  D60 HW histogram: 0:65585 1:853616 2:5114036 3:18751770 4:46890342 5:84388244 6:112502440 7:112461617 8:84302585 9:46806681 10:18715583 11:5103113 12:850409 13:64891

Tail closure among D60=0 matches
  final tail collisions: 0
  best r61 HW: 9
  best r61 W1[57..59]=0xb06,0x1453,0x1c20
  best r61 W2[57..59]=0x482,0xee3,0x15a6
  best tail HW: 17
  best tail r61 HW: 19
  best W1[57..59]=0x7bf,0x1acc,0x1c29
  best W2[57..59]=0x13b,0x1793,0xfe6

SUMMARY N=13 sample_start=22609920 prefixes=65536 total=536870912 d0=65585 best_tail=17 tail_r61=19 best_r61=9 tail_W1=0x7bf,0x1acc,0x1c29 tail_W2=0x13b,0x1793,0xfe6 r61_W1=0xb06,0x1453,0x1c20 r61_W2=0x482,0xee3,0x15a6

Scan-only witness registry
  registry_count=1 registry_cap=1
  witness[00] tail=17 r61=19 gh60=0xf1efe3 W1=0x7bf,0x1acc,0x1c29 W2=0x13b,0x1793,0xfe6

Scan-only r61 registry
  registry_count=1 registry_cap=1
  r61_witness[00] r61=9 tail=23 gh60=0x108521 W1=0x2b2,0x1a5d,0x1f1a W2=0x1c2e,0xb21,0x19c1

D60=0 fiber histogram: 1:13808 2:8545 3:3505 4:2382 5:982 6:553 7:274 8:235 9:105 10:58 11:27 12:22 13:6 14:8 15:4 16:12 17:3 18:1 21:1
