free_word_mitm_reducedn
N=13 mask=0x1fff msb=0x1000
candidate: M0=0x974 mode=random-fallback fill=0x1fff kernel=dM0=dM9=0x1000
prefixes=65536/67108864 mode=permuted-prefix-sample w59_per_prefix=8192 total=536870912
run_mode=scan registry_cap=1
sample_start=35520512
scan_elapsed=23.518s rate=22.83 Mtriples/s

D60 interface
  D60=0 matches: 65864 (random expectation 65536.0, enrichment 1.005x)
  prefixes with D60=0: 30496
  max D60=0 fiber per prefix: 24 at W57=0x1c18 W58=0x1528
  largest D60 bucket: D=0x9b9 count=67038
  min D60 HW: 0
  D60 HW histogram: 0:65864 1:851498 2:5111439 3:18765478 4:46903861 5:84401850 6:112490184 7:112421535 8:84274047 9:46821900 10:18735051 11:5109406 12:852885 13:65914

Tail closure among D60=0 matches
  final tail collisions: 0
  best r61 HW: 10
  best r61 W1[57..59]=0x13d0,0x237,0x1f03
  best r61 W2[57..59]=0xd4c,0x18d,0x1fa9
  best tail HW: 17
  best tail r61 HW: 17
  best W1[57..59]=0x6df,0xf71,0x8f
  best W2[57..59]=0x5b,0x1dc,0x1085

SUMMARY N=13 sample_start=35520512 prefixes=65536 total=536870912 d0=65864 best_tail=17 tail_r61=17 best_r61=10 tail_W1=0x6df,0xf71,0x8f tail_W2=0x5b,0x1dc,0x1085 r61_W1=0x13d0,0x237,0x1f03 r61_W2=0xd4c,0x18d,0x1fa9

Scan-only witness registry
  registry_count=1 registry_cap=1
  witness[00] tail=17 r61=17 gh60=0x1122d23 W1=0x6df,0xf71,0x8f W2=0x5b,0x1dc,0x1085

Scan-only r61 registry
  registry_count=1 registry_cap=1
  r61_witness[00] r61=10 tail=29 gh60=0x5007e1 W1=0x13d0,0x237,0x1f03 W2=0xd4c,0x18d,0x1fa9

D60=0 fiber histogram: 1:13835 2:8431 3:3554 4:2344 5:997 6:569 7:227 8:258 9:99 10:72 11:38 12:25 13:5 14:10 15:4 16:16 17:3 18:3 19:3 20:1 21:1 24:1
