free_word_mitm_reducedn
N=13 mask=0x1fff msb=0x1000
candidate: M0=0x974 mode=random-fallback fill=0x1fff kernel=dM0=dM9=0x1000
prefixes=65536/67108864 mode=permuted-prefix-sample w59_per_prefix=8192 total=536870912
run_mode=scan registry_cap=1
sample_start=31195136
scan_elapsed=17.017s rate=31.55 Mtriples/s

D60 interface
  D60=0 matches: 65986 (random expectation 65536.0, enrichment 1.007x)
  prefixes with D60=0: 30556
  max D60=0 fiber per prefix: 22 at W57=0x197e W58=0x528
  largest D60 bucket: D=0xd45 count=66997
  min D60 HW: 0
  D60 HW histogram: 0:65986 1:853914 2:5121366 3:18773311 4:46937288 5:84432264 6:112503834 7:112439674 8:84250703 9:46782680 10:18704641 11:5091445 12:848334 13:65472

Tail closure among D60=0 matches
  final tail collisions: 0
  best r61 HW: 11
  best r61 W1[57..59]=0x446,0x12b1,0x125
  best r61 W2[57..59]=0x1dc2,0x12e5,0x17cd
  best tail HW: 18
  best tail r61 HW: 18
  best W1[57..59]=0xcb9,0x94c,0x180f
  best W2[57..59]=0x635,0x1fd8,0x1067

SUMMARY N=13 sample_start=31195136 prefixes=65536 total=536870912 d0=65986 best_tail=18 tail_r61=18 best_r61=11 tail_W1=0xcb9,0x94c,0x180f tail_W2=0x635,0x1fd8,0x1067 r61_W1=0x446,0x12b1,0x125 r61_W2=0x1dc2,0x12e5,0x17cd

Scan-only witness registry
  registry_count=1 registry_cap=1
  witness[00] tail=18 r61=18 gh60=0xcfa527 W1=0xcb9,0x94c,0x180f W2=0x635,0x1fd8,0x1067

Scan-only r61 registry
  registry_count=1 registry_cap=1
  r61_witness[00] r61=11 tail=28 gh60=0x300761 W1=0x388,0x4f1,0x1922 W2=0x1d04,0x6e9,0x1838

D60=0 fiber histogram: 1:13815 2:8517 3:3443 4:2434 5:1006 6:558 7:247 8:274 9:101 10:72 11:25 12:30 13:9 14:6 15:5 16:11 17:1 18:1 22:1
