free_word_mitm_reducedn
N=13 mask=0x1fff msb=0x1000
candidate: M0=0x974 mode=random-fallback fill=0x1fff kernel=dM0=dM9=0x1000
prefixes=65536/67108864 mode=permuted-prefix-sample w59_per_prefix=8192 total=536870912
run_mode=scan registry_cap=1
sample_start=36962304
scan_elapsed=22.970s rate=23.37 Mtriples/s

D60 interface
  D60=0 matches: 65345 (random expectation 65536.0, enrichment 0.997x)
  prefixes with D60=0: 30351
  max D60=0 fiber per prefix: 21 at W57=0x1270 W58=0x1d5
  largest D60 bucket: D=0x8d4 count=67071
  min D60 HW: 0
  D60 HW histogram: 0:65345 1:851904 2:5106128 3:18729207 4:46828422 5:84363493 6:112471365 7:112486258 8:84349993 9:46849759 10:18734400 11:5113820 12:854801 13:66017

Tail closure among D60=0 matches
  final tail collisions: 0
  best r61 HW: 10
  best r61 W1[57..59]=0xeaf,0x758,0x90
  best r61 W2[57..59]=0x82b,0xe95,0x70f
  best tail HW: 19
  best tail r61 HW: 16
  best W1[57..59]=0x74b,0x82c,0x2c3
  best W2[57..59]=0xc7,0xbdd,0x181d

SUMMARY N=13 sample_start=36962304 prefixes=65536 total=536870912 d0=65345 best_tail=19 tail_r61=16 best_r61=10 tail_W1=0x74b,0x82c,0x2c3 tail_W2=0xc7,0xbdd,0x181d r61_W1=0xeaf,0x758,0x90 r61_W2=0x82b,0xe95,0x70f

Scan-only witness registry
  registry_count=1 registry_cap=1
  witness[00] tail=19 r61=16 gh60=0x310ace3 W1=0x74b,0x82c,0x2c3 W2=0xc7,0xbdd,0x181d

Scan-only r61 registry
  registry_count=1 registry_cap=1
  r61_witness[00] r61=10 tail=21 gh60=0x103d23 W1=0xeaf,0x758,0x90 W2=0x82b,0xe95,0x70f

D60=0 fiber histogram: 1:13683 2:8483 3:3464 4:2449 5:966 6:577 7:215 8:290 9:105 10:52 11:14 12:14 13:7 14:7 15:6 16:11 17:2 18:2 19:2 20:1 21:1
