free_word_mitm_reducedn
N=13 mask=0x1fff msb=0x1000
candidate: M0=0x974 mode=random-fallback fill=0x1fff kernel=dM0=dM9=0x1000
prefixes=65536/67108864 mode=permuted-prefix-sample w59_per_prefix=8192 total=536870912
run_mode=scan registry_cap=1
sample_start=23789568
scan_elapsed=17.578s rate=30.54 Mtriples/s

D60 interface
  D60=0 matches: 65037 (random expectation 65536.0, enrichment 0.992x)
  prefixes with D60=0: 30462
  max D60=0 fiber per prefix: 22 at W57=0x10b8 W58=0x9f
  largest D60 bucket: D=0x1a12 count=67248
  min D60 HW: 0
  D60 HW histogram: 0:65037 1:851189 2:5115339 3:18744745 4:46889491 5:84368012 6:112462090 7:112435790 8:84311880 9:46858162 10:18740208 11:5111197 12:852124 13:65648

Tail closure among D60=0 matches
  final tail collisions: 0
  best r61 HW: 10
  best r61 W1[57..59]=0xca8,0x1a8,0x1a03
  best r61 W2[57..59]=0x624,0x54,0x2a9
  best tail HW: 16
  best tail r61 HW: 15
  best W1[57..59]=0x10b0,0x3ff,0xb54
  best W2[57..59]=0xa2c,0x1a2d,0x156a

SUMMARY N=13 sample_start=23789568 prefixes=65536 total=536870912 d0=65037 best_tail=16 tail_r61=15 best_r61=10 tail_W1=0x10b0,0x3ff,0xb54 tail_W2=0xa2c,0x1a2d,0x156a r61_W1=0xca8,0x1a8,0x1a03 r61_W2=0x624,0x54,0x2a9

Scan-only witness registry
  registry_count=1 registry_cap=1
  witness[00] tail=16 r61=15 gh60=0x501d21 W1=0x10b0,0x3ff,0xb54 W2=0xa2c,0x1a2d,0x156a

Scan-only r61 registry
  registry_count=1 registry_cap=1
  r61_witness[00] r61=10 tail=21 gh60=0x1500521 W1=0xca8,0x1a8,0x1a03 W2=0x624,0x54,0x2a9

D60=0 fiber histogram: 1:13965 2:8408 3:3472 4:2366 5:992 6:551 7:211 8:247 9:99 10:62 11:33 12:19 13:13 14:5 15:1 16:11 17:5 18:1 22:1
