free_word_mitm_reducedn
N=13 mask=0x1fff msb=0x1000
candidate: M0=0x974 mode=random-fallback fill=0x1fff kernel=dM0=dM9=0x1000
prefixes=65536/67108864 mode=permuted-prefix-sample w59_per_prefix=8192 total=536870912
run_mode=scan registry_cap=1
sample_start=25231360
scan_elapsed=17.450s rate=30.77 Mtriples/s

D60 interface
  D60=0 matches: 65834 (random expectation 65536.0, enrichment 1.005x)
  prefixes with D60=0: 30563
  max D60=0 fiber per prefix: 22 at W57=0x326 W58=0xb34
  largest D60 bucket: D=0x583 count=66969
  min D60 HW: 0
  D60 HW histogram: 0:65834 1:851272 2:5123058 3:18782973 4:46901793 5:84395285 6:112464171 7:112408666 8:84292751 9:46816723 10:18738284 11:5110026 12:855222 13:64854

Tail closure among D60=0 matches
  final tail collisions: 0
  best r61 HW: 11
  best r61 W1[57..59]=0x1269,0x1694,0x15bc
  best r61 W2[57..59]=0xbe5,0x1eac,0xe69
  best tail HW: 16
  best tail r61 HW: 17
  best W1[57..59]=0x18f5,0x1aa4,0x1939
  best W2[57..59]=0x1271,0x16a0,0x9d

SUMMARY N=13 sample_start=25231360 prefixes=65536 total=536870912 d0=65834 best_tail=16 tail_r61=17 best_r61=11 tail_W1=0x18f5,0x1aa4,0x1939 tail_W2=0x1271,0x16a0,0x9d r61_W1=0x1269,0x1694,0x15bc r61_W2=0xbe5,0x1eac,0xe69

Scan-only witness registry
  registry_count=1 registry_cap=1
  witness[00] tail=16 r61=15 gh60=0x1500b21 W1=0x96e,0x9a8,0x1098 W2=0x2ea,0x1e8f,0x930

Scan-only r61 registry
  registry_count=1 registry_cap=1
  r61_witness[00] r61=11 tail=25 gh60=0x90e527 W1=0x1269,0x1694,0x15bc W2=0xbe5,0x1eac,0xe69

D60=0 fiber histogram: 1:13861 2:8427 3:3510 4:2463 5:989 6:559 7:236 8:258 9:113 10:62 11:26 12:26 13:15 14:4 15:2 16:6 17:3 18:1 19:1 22:1
