free_word_mitm_reducedn
N=13 mask=0x1fff msb=0x1000
candidate: M0=0x974 mode=random-fallback fill=0x1fff kernel=dM0=dM9=0x1000
prefixes=65536/67108864 mode=permuted-prefix-sample w59_per_prefix=8192 total=536870912
run_mode=scan registry_cap=1
sample_start=33816576
scan_elapsed=17.320s rate=31.00 Mtriples/s

D60 interface
  D60=0 matches: 65322 (random expectation 65536.0, enrichment 0.997x)
  prefixes with D60=0: 30430
  max D60=0 fiber per prefix: 19 at W57=0x340 W58=0xb45
  largest D60 bucket: D=0x118c count=66907
  min D60 HW: 0
  D60 HW histogram: 0:65322 1:848606 2:5099536 3:18731283 4:46865830 5:84347243 6:112448519 7:112474513 8:84356247 9:46876718 10:18738267 11:5105077 12:848607 13:65144

Tail closure among D60=0 matches
  final tail collisions: 0
  best r61 HW: 9
  best r61 W1[57..59]=0x928,0xef1,0x38c
  best r61 W2[57..59]=0x2a4,0x101d,0x1b35
  best tail HW: 18
  best tail r61 HW: 16
  best W1[57..59]=0x10e2,0x10de,0x1603
  best W2[57..59]=0xa5e,0x634,0x2f1

SUMMARY N=13 sample_start=33816576 prefixes=65536 total=536870912 d0=65322 best_tail=18 tail_r61=16 best_r61=9 tail_W1=0x10e2,0x10de,0x1603 tail_W2=0xa5e,0x634,0x2f1 r61_W1=0x928,0xef1,0x38c r61_W2=0x2a4,0x101d,0x1b35

Scan-only witness registry
  registry_count=1 registry_cap=1
  witness[00] tail=18 r61=16 gh60=0xb59d21 W1=0x10e2,0x10de,0x1603 W2=0xa5e,0x634,0x2f1

Scan-only r61 registry
  registry_count=1 registry_cap=1
  r61_witness[00] r61=9 tail=29 gh60=0xb00d21 W1=0x928,0xef1,0x38c W2=0x2a4,0x101d,0x1b35

D60=0 fiber histogram: 1:13877 2:8467 3:3427 4:2439 5:913 6:531 7:235 8:266 9:103 10:74 11:24 12:29 13:15 14:6 15:3 16:15 17:2 18:3 19:1
