free_word_mitm_reducedn
N=13 mask=0x1fff msb=0x1000
candidate: M0=0x974 mode=random-fallback fill=0x1fff kernel=dM0=dM9=0x1000
prefixes=65536/67108864 mode=permuted-prefix-sample w59_per_prefix=8192 total=536870912
run_mode=scan registry_cap=1
sample_start=53149696
scan_elapsed=23.517s rate=22.83 Mtriples/s

D60 interface
  D60=0 matches: 65541 (random expectation 65536.0, enrichment 1.000x)
  prefixes with D60=0: 30542
  max D60=0 fiber per prefix: 21 at W57=0x11de W58=0x1cc3
  largest D60 bucket: D=0x10e0 count=67096
  min D60 HW: 0
  D60 HW histogram: 0:65541 1:853358 2:5112229 3:18754011 4:46878230 5:84369376 6:112477986 7:112455181 8:84326008 9:46834429 10:18721626 11:5104448 12:853447 13:65042

Tail closure among D60=0 matches
  final tail collisions: 0
  best r61 HW: 10
  best r61 W1[57..59]=0x1daf,0x175b,0xeb8
  best r61 W2[57..59]=0x172b,0x871,0x7f6
  best tail HW: 17
  best tail r61 HW: 20
  best W1[57..59]=0x7af,0x6f3,0x1422
  best W2[57..59]=0x12b,0x18c,0x94d

SUMMARY N=13 sample_start=53149696 prefixes=65536 total=536870912 d0=65541 best_tail=17 tail_r61=20 best_r61=10 tail_W1=0x7af,0x6f3,0x1422 tail_W2=0x12b,0x18c,0x94d r61_W1=0x1daf,0x175b,0xeb8 r61_W2=0x172b,0x871,0x7f6

Scan-only witness registry
  registry_count=1 registry_cap=1
  witness[00] tail=17 r61=20 gh60=0x1d1ef23 W1=0x7af,0x6f3,0x1422 W2=0x12b,0x18c,0x94d

Scan-only r61 registry
  registry_count=1 registry_cap=1
  r61_witness[00] r61=10 tail=29 gh60=0x903b23 W1=0x1daf,0x175b,0xeb8 W2=0x172b,0x871,0x7f6

D60=0 fiber histogram: 1:13883 2:8435 3:3534 4:2431 5:980 6:552 7:244 8:246 9:92 10:56 11:24 12:25 13:9 14:6 15:3 16:11 17:5 18:2 19:2 20:1 21:1
