free_word_mitm_reducedn
N=13 mask=0x1fff msb=0x1000
candidate: M0=0x974 mode=random-fallback fill=0x1fff kernel=dM0=dM9=0x1000
prefixes=65536/67108864 mode=permuted-prefix-sample w59_per_prefix=8192 total=536870912
run_mode=scan registry_cap=1
sample_start=19070976
scan_elapsed=17.492s rate=30.69 Mtriples/s

D60 interface
  D60=0 matches: 65995 (random expectation 65536.0, enrichment 1.007x)
  prefixes with D60=0: 30705
  max D60=0 fiber per prefix: 19 at W57=0x1cde W58=0x739
  largest D60 bucket: D=0x1690 count=67667
  min D60 HW: 0
  D60 HW histogram: 0:65995 1:853178 2:5122926 3:18785298 4:46957442 5:84448377 6:112502374 7:112388818 8:84246921 9:46781883 10:18698814 11:5101674 12:851144 13:66068

Tail closure among D60=0 matches
  final tail collisions: 0
  best r61 HW: 11
  best r61 W1[57..59]=0xf76,0x1ee1,0x139
  best r61 W2[57..59]=0x8f2,0x9b3,0x194c
  best tail HW: 17
  best tail r61 HW: 19
  best W1[57..59]=0x1275,0x1ca6,0x1568
  best W2[57..59]=0xbf1,0x4a4,0xc68

SUMMARY N=13 sample_start=19070976 prefixes=65536 total=536870912 d0=65995 best_tail=17 tail_r61=19 best_r61=11 tail_W1=0x1275,0x1ca6,0x1568 tail_W2=0xbf1,0x4a4,0xc68 r61_W1=0xf76,0x1ee1,0x139 r61_W2=0x8f2,0x9b3,0x194c

Scan-only witness registry
  registry_count=1 registry_cap=1
  witness[00] tail=17 r61=19 gh60=0x71e52f W1=0x1275,0x1ca6,0x1568 W2=0xbf1,0x4a4,0xc68

Scan-only r61 registry
  registry_count=1 registry_cap=1
  r61_witness[00] r61=11 tail=21 gh60=0x321f21 W1=0xf76,0x1ee1,0x139 W2=0x8f2,0x9b3,0x194c

D60=0 fiber histogram: 1:13931 2:8533 3:3524 4:2424 5:979 6:536 7:253 8:271 9:111 10:56 11:28 12:29 13:8 14:1 15:3 16:11 17:2 18:3 19:2
