free_word_mitm_reducedn
N=13 mask=0x1fff msb=0x1000
candidate: M0=0x974 mode=random-fallback fill=0x1fff kernel=dM0=dM9=0x1000
prefixes=65536/67108864 mode=permuted-prefix-sample w59_per_prefix=8192 total=536870912
run_mode=scan registry_cap=1
sample_start=24510464
scan_elapsed=17.253s rate=31.12 Mtriples/s

D60 interface
  D60=0 matches: 65350 (random expectation 65536.0, enrichment 0.997x)
  prefixes with D60=0: 30338
  max D60=0 fiber per prefix: 20 at W57=0x287 W58=0x1a0f
  largest D60 bucket: D=0xacb count=66945
  min D60 HW: 0
  D60 HW histogram: 0:65350 1:851388 2:5121624 3:18776342 4:46929271 5:84414407 6:112499122 7:112428201 8:84268581 9:46788728 10:18711824 11:5098712 12:851841 13:65521

Tail closure among D60=0 matches
  final tail collisions: 0
  best r61 HW: 8
  best r61 W1[57..59]=0x2ce,0xe52,0x5e5
  best r61 W2[57..59]=0x1c4a,0x1d3c,0x122d
  best tail HW: 16
  best tail r61 HW: 21
  best W1[57..59]=0x63a,0x5b7,0x1834
  best W2[57..59]=0x1fb6,0x1d2a,0x1db3

SUMMARY N=13 sample_start=24510464 prefixes=65536 total=536870912 d0=65350 best_tail=16 tail_r61=21 best_r61=8 tail_W1=0x63a,0x5b7,0x1834 tail_W2=0x1fb6,0x1d2a,0x1db3 r61_W1=0x2ce,0xe52,0x5e5 r61_W2=0x1c4a,0x1d3c,0x122d

Scan-only witness registry
  registry_count=1 registry_cap=1
  witness[00] tail=16 r61=21 gh60=0x1fe8b21 W1=0x63a,0x5b7,0x1834 W2=0x1fb6,0x1d2a,0x1db3

Scan-only r61 registry
  registry_count=1 registry_cap=1
  r61_witness[00] r61=8 tail=29 gh60=0x1005e1 W1=0x2ce,0xe52,0x5e5 W2=0x1c4a,0x1d3c,0x122d

D60=0 fiber histogram: 1:13821 2:8418 3:3391 4:2404 5:977 6:553 7:257 8:270 9:95 10:52 11:24 12:20 13:14 14:6 15:6 16:16 17:5 18:6 19:2 20:1
