free_word_mitm_reducedn
N=13 mask=0x1fff msb=0x1000
candidate: M0=0x974 mode=random-fallback fill=0x1fff kernel=dM0=dM9=0x1000
prefixes=65536/67108864 mode=permuted-prefix-sample w59_per_prefix=8192 total=536870912
run_mode=scan registry_cap=1
sample_start=23134208
scan_elapsed=17.277s rate=31.07 Mtriples/s

D60 interface
  D60=0 matches: 65561 (random expectation 65536.0, enrichment 1.000x)
  prefixes with D60=0: 30500
  max D60=0 fiber per prefix: 24 at W57=0x1270 W58=0xaf4
  largest D60 bucket: D=0x413 count=66948
  min D60 HW: 0
  D60 HW histogram: 0:65561 1:854014 2:5119159 3:18771802 4:46920669 5:84388525 6:112442672 7:112416801 8:84299837 9:46831989 10:18730481 11:5111001 12:853003 13:65398

Tail closure among D60=0 matches
  final tail collisions: 0
  best r61 HW: 11
  best r61 W1[57..59]=0x350,0x20b,0x5af
  best r61 W2[57..59]=0x1ccc,0x7f9,0x5b5
  best tail HW: 17
  best tail r61 HW: 18
  best W1[57..59]=0x19c0,0x290,0xb01
  best W2[57..59]=0x133c,0x160f,0x12b7

SUMMARY N=13 sample_start=23134208 prefixes=65536 total=536870912 d0=65561 best_tail=17 tail_r61=18 best_r61=11 tail_W1=0x19c0,0x290,0xb01 tail_W2=0x133c,0x160f,0x12b7 r61_W1=0x350,0x20b,0x5af r61_W2=0x1ccc,0x7f9,0x5b5

Scan-only witness registry
  registry_count=1 registry_cap=1
  witness[00] tail=17 r61=18 gh60=0xee0be1 W1=0x19c0,0x290,0xb01 W2=0x133c,0x160f,0x12b7

Scan-only r61 registry
  registry_count=1 registry_cap=1
  r61_witness[00] r61=11 tail=22 gh60=0x1004e1 W1=0x350,0x20b,0x5af W2=0x1ccc,0x7f9,0x5b5

D60=0 fiber histogram: 1:13812 2:8485 3:3525 4:2381 5:1015 6:558 7:243 8:217 9:119 10:55 11:25 12:19 13:16 14:2 15:5 16:18 17:1 18:2 20:1 24:1
