free_word_mitm_reducedn
N=13 mask=0x1fff msb=0x1000
candidate: M0=0x974 mode=random-fallback fill=0x1fff kernel=dM0=dM9=0x1000
prefixes=65536/67108864 mode=permuted-prefix-sample w59_per_prefix=8192 total=536870912
run_mode=scan registry_cap=1
sample_start=17367040
scan_elapsed=22.867s rate=23.48 Mtriples/s

D60 interface
  D60=0 matches: 66301 (random expectation 65536.0, enrichment 1.012x)
  prefixes with D60=0: 30583
  max D60=0 fiber per prefix: 20 at W57=0x1230 W58=0x651
  largest D60 bucket: D=0xc64 count=67133
  min D60 HW: 0
  D60 HW histogram: 0:66301 1:852755 2:5112220 3:18734939 4:46846743 5:84341607 6:112480752 7:112453793 8:84356200 9:46860791 10:18741601 11:5105487 12:852155 13:65568

Tail closure among D60=0 matches
  final tail collisions: 0
  best r61 HW: 11
  best r61 W1[57..59]=0x1090,0xbf4,0x1062
  best r61 W2[57..59]=0xa0c,0x20e,0x2fa
  best tail HW: 18
  best tail r61 HW: 14
  best W1[57..59]=0x10cc,0x14f0,0x1743
  best W2[57..59]=0xa48,0xa5e,0x1549

SUMMARY N=13 sample_start=17367040 prefixes=65536 total=536870912 d0=66301 best_tail=18 tail_r61=14 best_r61=11 tail_W1=0x10cc,0x14f0,0x1743 tail_W2=0xa48,0xa5e,0x1549 r61_W1=0x1090,0xbf4,0x1062 r61_W2=0xa0c,0x20e,0x2fa

Scan-only witness registry
  registry_count=1 registry_cap=1
  witness[00] tail=18 r61=14 gh60=0xf09de1 W1=0x10cc,0x14f0,0x1743 W2=0xa48,0xa5e,0x1549

Scan-only r61 registry
  registry_count=1 registry_cap=1
  r61_witness[00] r61=11 tail=29 gh60=0x501f61 W1=0x1f86,0xd99,0x17a9 W2=0x1902,0x1311,0x1bff

D60=0 fiber histogram: 1:13684 2:8561 3:3547 4:2398 5:1016 6:593 7:254 8:292 9:111 10:54 11:26 12:13 13:7 14:4 15:4 16:10 17:4 18:3 20:2
