free_word_mitm_reducedn
N=13 mask=0x1fff msb=0x1000
candidate: M0=0x974 mode=random-fallback fill=0x1fff kernel=dM0=dM9=0x1000
prefixes=65536/67108864 mode=permuted-prefix-sample w59_per_prefix=8192 total=536870912
run_mode=scan registry_cap=1
sample_start=41484288
scan_elapsed=22.525s rate=23.83 Mtriples/s

D60 interface
  D60=0 matches: 65903 (random expectation 65536.0, enrichment 1.006x)
  prefixes with D60=0: 30391
  max D60=0 fiber per prefix: 21 at W57=0x51b W58=0x1b15
  largest D60 bucket: D=0xe36 count=66978
  min D60 HW: 0
  D60 HW histogram: 0:65903 1:849473 2:5118256 3:18750345 4:46897785 5:84398594 6:112492595 7:112422372 8:84307160 9:46826189 10:18724088 11:5103934 12:848452 13:65766

Tail closure among D60=0 matches
  final tail collisions: 0
  best r61 HW: 10
  best r61 W1[57..59]=0x630,0x1b93,0xe6f
  best r61 W2[57..59]=0x1fac,0x137e,0x1367
  best tail HW: 18
  best tail r61 HW: 13
  best W1[57..59]=0x1169,0x935,0x72b
  best W2[57..59]=0xae5,0x1d72,0x1af8

SUMMARY N=13 sample_start=41484288 prefixes=65536 total=536870912 d0=65903 best_tail=18 tail_r61=13 best_r61=10 tail_W1=0x1169,0x935,0x72b tail_W2=0xae5,0x1d72,0x1af8 r61_W1=0x630,0x1b93,0xe6f r61_W2=0x1fac,0x137e,0x1367

Scan-only witness registry
  registry_count=1 registry_cap=1
  witness[00] tail=18 r61=10 gh60=0x700b21 W1=0x630,0x1b93,0xe6f W2=0x1fac,0x137e,0x1367

Scan-only r61 registry
  registry_count=1 registry_cap=1
  r61_witness[00] r61=10 tail=18 gh60=0x700b21 W1=0x630,0x1b93,0xe6f W2=0x1fac,0x137e,0x1367

D60=0 fiber histogram: 1:13650 2:8435 3:3615 4:2349 5:980 6:563 7:276 8:260 9:103 10:59 11:26 12:24 13:19 14:7 15:3 16:14 17:3 18:2 19:1 20:1 21:1
