free_word_mitm_reducedn
N=13 mask=0x1fff msb=0x1000
candidate: M0=0x974 mode=random-fallback fill=0x1fff kernel=dM0=dM9=0x1000
prefixes=65536/67108864 mode=permuted-prefix-sample w59_per_prefix=8192 total=536870912
run_mode=scan registry_cap=1
sample_start=18022400
scan_elapsed=21.931s rate=24.48 Mtriples/s

D60 interface
  D60=0 matches: 66094 (random expectation 65536.0, enrichment 1.009x)
  prefixes with D60=0: 30560
  max D60=0 fiber per prefix: 20 at W57=0x81e W58=0x7fb
  largest D60 bucket: D=0x990 count=67213
  min D60 HW: 0
  D60 HW histogram: 0:66094 1:856117 2:5129084 3:18794594 4:46959810 5:84453366 6:112484411 7:112382803 8:84245292 9:46779681 10:18699599 11:5099964 12:853925 13:66172

Tail closure among D60=0 matches
  final tail collisions: 0
  best r61 HW: 10
  best r61 W1[57..59]=0x171e,0x1a7,0x22f
  best r61 W2[57..59]=0x109a,0x1fdf,0x1d52
  best tail HW: 19
  best tail r61 HW: 21
  best W1[57..59]=0x3a2,0x1ace,0x1c63
  best W2[57..59]=0x1d1e,0x1b04,0x69c

SUMMARY N=13 sample_start=18022400 prefixes=65536 total=536870912 d0=66094 best_tail=19 tail_r61=21 best_r61=10 tail_W1=0x3a2,0x1ace,0x1c63 tail_W2=0x1d1e,0x1b04,0x69c r61_W1=0x171e,0x1a7,0x22f r61_W2=0x109a,0x1fdf,0x1d52

Scan-only witness registry
  registry_count=1 registry_cap=1
  witness[00] tail=19 r61=21 gh60=0x3ef8721 W1=0x3a2,0x1ace,0x1c63 W2=0x1d1e,0x1b04,0x69c

Scan-only r61 registry
  registry_count=1 registry_cap=1
  r61_witness[00] r61=10 tail=24 gh60=0x300721 W1=0x1370,0x1061,0x1aba W2=0xcec,0x14af,0x1de0

D60=0 fiber histogram: 1:13811 2:8486 3:3497 4:2406 5:985 6:569 7:274 8:284 9:98 10:57 11:38 12:15 13:12 14:2 15:1 16:15 17:4 18:5 20:1
