free_word_mitm_reducedn
N=13 mask=0x1fff msb=0x1000
candidate: M0=0x974 mode=random-fallback fill=0x1fff kernel=dM0=dM9=0x1000
prefixes=65536/67108864 mode=permuted-prefix-sample w59_per_prefix=8192 total=536870912
run_mode=scan registry_cap=1
sample_start=15794176
scan_elapsed=22.858s rate=23.49 Mtriples/s

D60 interface
  D60=0 matches: 65107 (random expectation 65536.0, enrichment 0.993x)
  prefixes with D60=0: 30364
  max D60=0 fiber per prefix: 20 at W57=0x1ba8 W58=0x1705
  largest D60 bucket: D=0x4cf count=66831
  min D60 HW: 0
  D60 HW histogram: 0:65107 1:851072 2:5113227 3:18768314 4:46876783 5:84390549 6:112485937 7:112435355 8:84314163 9:46829082 10:18718583 11:5106006 12:851557 13:65177

Tail closure among D60=0 matches
  final tail collisions: 0
  best r61 HW: 8
  best r61 W1[57..59]=0x2e7,0x1126,0x1670
  best r61 W2[57..59]=0x1c63,0x161d,0x186f
  best tail HW: 18
  best tail r61 HW: 16
  best W1[57..59]=0x190e,0x1255,0xe8a
  best W2[57..59]=0x128a,0x1067,0x1f52

SUMMARY N=13 sample_start=15794176 prefixes=65536 total=536870912 d0=65107 best_tail=18 tail_r61=16 best_r61=8 tail_W1=0x190e,0x1255,0xe8a tail_W2=0x128a,0x1067,0x1f52 r61_W1=0x2e7,0x1126,0x1670 r61_W2=0x1c63,0x161d,0x186f

Scan-only witness registry
  registry_count=1 registry_cap=1
  witness[00] tail=18 r61=14 gh60=0x3901ce1 W1=0xe46,0x4cd,0x27b W2=0x7c2,0x1bbd,0x10ac

Scan-only r61 registry
  registry_count=1 registry_cap=1
  r61_witness[00] r61=8 tail=27 gh60=0x102523 W1=0x2e7,0x1126,0x1670 W2=0x1c63,0x161d,0x186f

D60=0 fiber histogram: 1:13753 2:8514 3:3465 4:2348 5:1019 6:533 7:248 8:254 9:94 10:53 11:28 12:17 13:9 14:6 15:3 16:7 17:5 18:6 19:1 20:1
