free_word_mitm_reducedn
N=13 mask=0x1fff msb=0x1000
candidate: M0=0x974 mode=random-fallback fill=0x1fff kernel=dM0=dM9=0x1000
prefixes=65536/67108864 mode=permuted-prefix-sample w59_per_prefix=8192 total=536870912
run_mode=scan registry_cap=1
sample_start=51445760
scan_elapsed=23.075s rate=23.27 Mtriples/s

D60 interface
  D60=0 matches: 66364 (random expectation 65536.0, enrichment 1.013x)
  prefixes with D60=0: 30745
  max D60=0 fiber per prefix: 20 at W57=0x13eb W58=0x1f08
  largest D60 bucket: D=0x1164 count=67140
  min D60 HW: 0
  D60 HW histogram: 0:66364 1:854505 2:5117616 3:18766107 4:46897551 5:84367996 6:112459146 7:112431498 8:84301853 9:46843677 10:18741503 11:5107376 12:850246 13:65474

Tail closure among D60=0 matches
  final tail collisions: 0
  best r61 HW: 9
  best r61 W1[57..59]=0x46a,0x13d8,0x1451
  best r61 W2[57..59]=0x1de6,0x9ba,0x1286
  best tail HW: 17
  best tail r61 HW: 14
  best W1[57..59]=0x1264,0x1306,0x1ad9
  best W2[57..59]=0xbe0,0xb00,0x13b4

SUMMARY N=13 sample_start=51445760 prefixes=65536 total=536870912 d0=66364 best_tail=17 tail_r61=14 best_r61=9 tail_W1=0x1264,0x1306,0x1ad9 tail_W2=0xbe0,0xb00,0x13b4 r61_W1=0x46a,0x13d8,0x1451 r61_W2=0x1de6,0x9ba,0x1286

Scan-only witness registry
  registry_count=1 registry_cap=1
  witness[00] tail=17 r61=14 gh60=0x928521 W1=0x1264,0x1306,0x1ad9 W2=0xbe0,0xb00,0x13b4

Scan-only r61 registry
  registry_count=1 registry_cap=1
  r61_witness[00] r61=9 tail=29 gh60=0x308521 W1=0x46a,0x13d8,0x1451 W2=0x1de6,0x9ba,0x1286

D60=0 fiber histogram: 1:13920 2:8563 3:3464 4:2477 5:979 6:567 7:240 8:257 9:119 10:66 11:26 12:20 13:6 14:8 15:7 16:19 17:1 18:3 19:2 20:1
