free_word_mitm_reducedn
N=13 mask=0x1fff msb=0x1000
candidate: M0=0x974 mode=random-fallback fill=0x1fff kernel=dM0=dM9=0x1000
prefixes=65536/67108864 mode=permuted-prefix-sample w59_per_prefix=8192 total=536870912
run_mode=scan registry_cap=1
sample_start=51707904
scan_elapsed=23.090s rate=23.25 Mtriples/s

D60 interface
  D60=0 matches: 66142 (random expectation 65536.0, enrichment 1.009x)
  prefixes with D60=0: 30438
  max D60=0 fiber per prefix: 25 at W57=0x1c43 W58=0xa96
  largest D60 bucket: D=0x782 count=66953
  min D60 HW: 0
  D60 HW histogram: 0:66142 1:854234 2:5117606 3:18761946 4:46886776 5:84351411 6:112448463 7:112420756 8:84320099 9:46855805 10:18749495 11:5120355 12:852566 13:65258

Tail closure among D60=0 matches
  final tail collisions: 0
  best r61 HW: 11
  best r61 W1[57..59]=0x1bb,0x1d7e,0x1711
  best r61 W2[57..59]=0x1b37,0x1a40,0x59c
  best tail HW: 17
  best tail r61 HW: 14
  best W1[57..59]=0x1ffc,0xbb6,0x1708
  best W2[57..59]=0x1978,0xd72,0x654

SUMMARY N=13 sample_start=51707904 prefixes=65536 total=536870912 d0=66142 best_tail=17 tail_r61=14 best_r61=11 tail_W1=0x1ffc,0xbb6,0x1708 tail_W2=0x1978,0xd72,0x654 r61_W1=0x1bb,0x1d7e,0x1711 r61_W2=0x1b37,0x1a40,0x59c

Scan-only witness registry
  registry_count=1 registry_cap=1
  witness[00] tail=17 r61=14 gh60=0x579f21 W1=0x1ffc,0xbb6,0x1708 W2=0x1978,0xd72,0x654

Scan-only r61 registry
  registry_count=1 registry_cap=1
  r61_witness[00] r61=11 tail=23 gh60=0x1d02f7f W1=0x80d,0x17e4,0xaf6 W2=0x189,0xcbf,0x6a2

D60=0 fiber histogram: 1:13699 2:8392 3:3480 4:2511 5:1007 6:601 7:215 8:274 9:100 10:60 11:26 12:25 13:10 14:8 15:3 16:17 17:4 18:3 20:1 25:2
