free_word_mitm_reducedn
N=13 mask=0x1fff msb=0x1000
candidate: M0=0x974 mode=random-fallback fill=0x1fff kernel=dM0=dM9=0x1000
prefixes=65536/67108864 mode=permuted-prefix-sample w59_per_prefix=8192 total=536870912
run_mode=scan registry_cap=1
sample_start=52101120
scan_elapsed=23.328s rate=23.01 Mtriples/s

D60 interface
  D60=0 matches: 65114 (random expectation 65536.0, enrichment 0.994x)
  prefixes with D60=0: 30213
  max D60=0 fiber per prefix: 20 at W57=0x1311 W58=0xe6d
  largest D60 bucket: D=0x10be count=67114
  min D60 HW: 0
  D60 HW histogram: 0:65114 1:848621 2:5103127 3:18725752 4:46853716 5:84370276 6:112513829 7:112517826 8:84335453 9:46821929 10:18704298 11:5095443 12:850460 13:65068

Tail closure among D60=0 matches
  final tail collisions: 0
  best r61 HW: 11
  best r61 W1[57..59]=0x13be,0x12f0,0x110d
  best r61 W2[57..59]=0xd3a,0x1928,0x1d50
  best tail HW: 19
  best tail r61 HW: 13
  best W1[57..59]=0xde6,0xd17,0x1e31
  best W2[57..59]=0x762,0x9c2,0x9b8

SUMMARY N=13 sample_start=52101120 prefixes=65536 total=536870912 d0=65114 best_tail=19 tail_r61=13 best_r61=11 tail_W1=0xde6,0xd17,0x1e31 tail_W2=0x762,0x9c2,0x9b8 r61_W1=0x13be,0x12f0,0x110d r61_W2=0xd3a,0x1928,0x1d50

Scan-only witness registry
  registry_count=1 registry_cap=1
  witness[00] tail=19 r61=13 gh60=0x901b21 W1=0xde6,0xd17,0x1e31 W2=0x762,0x9c2,0x9b8

Scan-only r61 registry
  registry_count=1 registry_cap=1
  r61_witness[00] r61=11 tail=28 gh60=0x501ce1 W1=0x1048,0xfed,0x16c9 W2=0x9c4,0xc41,0x921

D60=0 fiber histogram: 1:13609 2:8442 3:3466 4:2394 5:1003 6:585 7:224 8:258 9:96 10:59 11:23 12:12 13:13 14:6 15:3 16:9 17:5 18:3 19:2 20:1
