free_word_mitm_reducedn
N=13 mask=0x1fff msb=0x1000
candidate: M0=0x974 mode=random-fallback fill=0x1fff kernel=dM0=dM9=0x1000
prefixes=65536/67108864 mode=permuted-prefix-sample w59_per_prefix=8192 total=536870912
run_mode=scan registry_cap=1
sample_start=65798144
scan_elapsed=23.406s rate=22.94 Mtriples/s

D60 interface
  D60=0 matches: 65193 (random expectation 65536.0, enrichment 0.995x)
  prefixes with D60=0: 30410
  max D60=0 fiber per prefix: 22 at W57=0x166b W58=0x11d5
  largest D60 bucket: D=0xa83 count=67051
  min D60 HW: 0
  D60 HW histogram: 0:65193 1:849884 2:5107969 3:18761899 4:46912615 5:84433000 6:112508757 7:112426094 8:84267781 9:46806360 10:18720416 11:5098019 12:847832 13:65093

Tail closure among D60=0 matches
  final tail collisions: 0
  best r61 HW: 10
  best r61 W1[57..59]=0x15d5,0x1c5b,0x163b
  best r61 W2[57..59]=0xf51,0x1a18,0x976
  best tail HW: 18
  best tail r61 HW: 23
  best W1[57..59]=0x2b5,0x1d67,0xc3a
  best W2[57..59]=0x1c31,0xe25,0x1cdc

SUMMARY N=13 sample_start=65798144 prefixes=65536 total=536870912 d0=65193 best_tail=18 tail_r61=23 best_r61=10 tail_W1=0x2b5,0x1d67,0xc3a tail_W2=0x1c31,0xe25,0x1cdc r61_W1=0x15d5,0x1c5b,0x163b r61_W2=0xf51,0x1a18,0x976

Scan-only witness registry
  registry_count=1 registry_cap=1
  witness[00] tail=18 r61=23 gh60=0x76252f W1=0x2b5,0x1d67,0xc3a W2=0x1c31,0xe25,0x1cdc

Scan-only r61 registry
  registry_count=1 registry_cap=1
  r61_witness[00] r61=10 tail=29 gh60=0x922bef W1=0x15d5,0x1c5b,0x163b W2=0xf51,0x1a18,0x976

D60=0 fiber histogram: 1:13737 2:8488 3:3508 4:2425 5:1032 6:539 7:215 8:228 9:103 10:51 11:34 12:17 13:7 14:5 15:1 16:12 17:2 18:3 20:2 22:1
