free_word_mitm_reducedn
N=13 mask=0x1fff msb=0x1000
candidate: M0=0x974 mode=random-fallback fill=0x1fff kernel=dM0=dM9=0x1000
prefixes=65536/67108864 mode=permuted-prefix-sample w59_per_prefix=8192 total=536870912
run_mode=scan registry_cap=1
sample_start=48431104
scan_elapsed=22.327s rate=24.05 Mtriples/s

D60 interface
  D60=0 matches: 65650 (random expectation 65536.0, enrichment 1.002x)
  prefixes with D60=0: 30315
  max D60=0 fiber per prefix: 22 at W57=0x667 W58=0x1b7e
  largest D60 bucket: D=0x1444 count=67239
  min D60 HW: 0
  D60 HW histogram: 0:65650 1:854913 2:5119553 3:18770632 4:46926689 5:84410743 6:112514340 7:112444170 8:84273397 9:46774778 10:18701769 11:5099451 12:849677 13:65150

Tail closure among D60=0 matches
  final tail collisions: 0
  best r61 HW: 10
  best r61 W1[57..59]=0x1350,0x1d65,0xc92
  best r61 W2[57..59]=0xccc,0xb5b,0x1a0a
  best tail HW: 18
  best tail r61 HW: 18
  best W1[57..59]=0x16e7,0xff6,0x1c59
  best W2[57..59]=0x1063,0x1a71,0x4f6

SUMMARY N=13 sample_start=48431104 prefixes=65536 total=536870912 d0=65650 best_tail=18 tail_r61=18 best_r61=10 tail_W1=0x16e7,0xff6,0x1c59 tail_W2=0x1063,0x1a71,0x4f6 r61_W1=0x1350,0x1d65,0xc92 r61_W2=0xccc,0xb5b,0x1a0a

Scan-only witness registry
  registry_count=1 registry_cap=1
  witness[00] tail=18 r61=18 gh60=0x1706d23 W1=0x16e7,0xff6,0x1c59 W2=0x1063,0x1a71,0x4f6

Scan-only r61 registry
  registry_count=1 registry_cap=1
  r61_witness[00] r61=10 tail=27 gh60=0x3004e1 W1=0x1350,0x1d65,0xc92 W2=0xccc,0xb5b,0x1a0a

D60=0 fiber histogram: 1:13487 2:8660 3:3507 4:2275 5:1059 6:555 7:269 8:240 9:107 10:77 11:30 12:10 13:10 14:2 15:6 16:14 17:1 18:2 21:2 22:2
