free_word_mitm_reducedn
N=14 mask=0x3fff msb=0x2000
candidate: M0=0x3d36 mode=random-fallback fill=0x3fff kernel=dM0=dM9=0x2000
prefixes=32768/268435456 mode=permuted-prefix-sample w59_per_prefix=16384 total=536870912
run_mode=scan registry_cap=16
sample_start=264404992
scan_elapsed=17.114s rate=31.37 Mtriples/s

D60 interface
  D60=0 matches: 32671 (random expectation 32768.0, enrichment 0.997x)
  prefixes with D60=0: 16537
  max D60=0 fiber per prefix: 16 at W57=0x1eb3 W58=0xb0
  largest D60 bucket: D=0xcb6 count=33800
  min D60 HW: 0
  D60 HW histogram: 0:32671 1:458773 2:2979879 3:11923619 4:32804059 5:65637572 6:98458165 7:112492058 8:98413382 9:65565223 10:32757036 11:11890416 12:2969151 13:456144 14:32764

Tail closure among D60=0 matches
  final tail collisions: 0
  best r61 HW: 14
  best r61 W1[57..59]=0x163b,0x3a7b,0x107f
  best r61 W2[57..59]=0x1548,0x1b07,0x3381
  best tail HW: 23
  best tail r61 HW: 22
  best W1[57..59]=0x283e,0x2b66,0x1ea1
  best W2[57..59]=0x274b,0x2c96,0x3be8

SUMMARY N=14 sample_start=264404992 prefixes=32768 total=536870912 d0=32671 best_tail=23 tail_r61=22 best_r61=14 tail_W1=0x283e,0x2b66,0x1ea1 tail_W2=0x274b,0x2c96,0x3be8 r61_W1=0x163b,0x3a7b,0x107f r61_W2=0x1548,0x1b07,0x3381

Scan-only witness registry
  registry_count=16 registry_cap=16
  witness[00] tail=23 r61=22 gh60=0x4b8ccaa W1=0x283e,0x2b66,0x1ea1 W2=0x274b,0x2c96,0x3be8
  witness[01] tail=24 r61=16 gh60=0xd888baa W1=0x9c1,0x7f6,0x89d W2=0x8ce,0x3fd,0x18fe
  witness[02] tail=24 r61=20 gh60=0xf93876a W1=0x33cd,0x258d,0x1ae4 W2=0x32da,0x2ae3,0x3181
  witness[03] tail=24 r61=21 gh60=0xb5d5c9e W1=0x3fe8,0x24a2,0x2c58 W2=0x3ef5,0x1d8f,0x1fa1
  witness[04] tail=24 r61=22 gh60=0xba185ee W1=0x329f,0x106a,0x2eb W2=0x31ac,0x718,0xd98
  witness[05] tail=25 r61=16 gh60=0xc90876a W1=0x2351,0xaa3,0x1454 W2=0x225e,0x1101,0x1c61
  witness[06] tail=25 r61=17 gh60=0xc8d7f9e W1=0x2fa8,0x60c,0x9 W2=0x2eb5,0x2e65,0x32eb
  witness[07] tail=25 r61=18 gh60=0x452456a W1=0xc52,0xa34,0x3f83 W2=0xb5f,0x104f,0x1545
  witness[08] tail=25 r61=19 gh60=0xfa984aa W1=0x3301,0x1938,0x1431 W2=0x320e,0x2fe8,0x3066
  witness[09] tail=25 r61=21 gh60=0x3d84ca6 W1=0x63c,0x955,0x39f2 W2=0x549,0x28e2,0x1a61
  witness[10] tail=25 r61=21 gh60=0xc92c49a W1=0xd46,0x3ec1,0x1e61 W2=0xc53,0x2519,0x17d6
  witness[11] tail=25 r61=23 gh60=0x59b84aa W1=0x2af1,0x36e1,0x373e W2=0x29fe,0x3e21,0x137d
  witness[12] tail=25 r61=23 gh60=0x5ed85ba W1=0x3a79,0x2129,0x27dc W2=0x3986,0xe4f,0x229d
  witness[13] tail=25 r61=24 gh60=0xc9887aa W1=0x1b7d,0x20b5,0x2ac2 W2=0x1a8a,0x2169,0x2060
  witness[14] tail=25 r61=24 gh60=0xda78bea W1=0x3991,0x3653,0x2cce W2=0x389e,0x4e6,0x24f1
  witness[15] tail=25 r61=25 gh60=0xcbf4cae W1=0x25f0,0x3e17,0x2918 W2=0x24fd,0x1ef7,0x3109

Scan-only r61 registry
  registry_count=16 registry_cap=16
  r61_witness[00] r61=14 tail=29 gh60=0xc5245a6 W1=0x14c4,0x2d83,0x33b6 W2=0x13d1,0x13e7,0x32de
  r61_witness[01] r61=14 tail=31 gh60=0x5c88ca6 W1=0x163b,0x3a7b,0x107f W2=0x1548,0x1b07,0x3381
  r61_witness[02] r61=14 tail=35 gh60=0x4a68f66 W1=0x3763,0x1f01,0x6ef W2=0x3670,0x1763,0x2b37
  r61_witness[03] r61=15 tail=29 gh60=0x48844a6 W1=0x1b2c,0x1e7b,0x3aa8 W2=0x1a39,0x3dd7,0xe4e
  r61_witness[04] r61=15 tail=37 gh60=0x4608cee W1=0x270f,0x2c4f,0x30a W2=0x261c,0x726,0xa36
  r61_witness[05] r61=16 tail=24 gh60=0xd888baa W1=0x9c1,0x7f6,0x89d W2=0x8ce,0x3fd,0x18fe
  r61_witness[06] r61=16 tail=25 gh60=0xc90876a W1=0x2351,0xaa3,0x1454 W2=0x225e,0x1101,0x1c61
  r61_witness[07] r61=16 tail=26 gh60=0x5e185e6 W1=0xa93,0x3731,0x2a8d W2=0x9a0,0x27fa,0x11aa
  r61_witness[08] r61=16 tail=28 gh60=0x4a67cea W1=0x2e12,0xd0b,0xb61 W2=0x2d1f,0xa83,0x38fd
  r61_witness[09] r61=16 tail=30 gh60=0x5a18cea W1=0x3811,0x2d2c,0x195d W2=0x371e,0x137,0x26ca
  r61_witness[10] r61=16 tail=31 gh60=0xb505d7a W1=0x5a,0x3e50,0x36a9 W2=0x3f67,0x249c,0x209
  r61_witness[11] r61=16 tail=31 gh60=0xd684b9a W1=0x56a,0x162f,0x220b W2=0x477,0x50e,0x525
  r61_witness[12] r61=16 tail=31 gh60=0x48a84e6 W1=0x1323,0x18aa,0x23b5 W2=0x1230,0x291d,0x2e0
  r61_witness[13] r61=16 tail=31 gh60=0xca09ce6 W1=0x1e0b,0x156b,0x101a W2=0x1d18,0x258f,0x290d
  r61_witness[14] r61=16 tail=31 gh60=0xc618cea W1=0x2611,0x9c9,0xb0b W2=0x251e,0x10d0,0x297
  r61_witness[15] r61=16 tail=35 gh60=0x48844a6 W1=0x1b2c,0x1e7b,0x31df W2=0x1a39,0x3dd7,0x585

D60=0 fiber histogram: 1:8046 2:4738 3:1775 4:1095 5:409 6:240 7:95 8:70 9:28 10:13 11:5 12:11 13:7 14:2 15:2 16:1
