free_word_mitm_reducedn
N=14 mask=0x3fff msb=0x2000
candidate: M0=0x3d36 mode=random-fallback fill=0x3fff kernel=dM0=dM9=0x2000
prefixes=32768/268435456 mode=permuted-prefix-sample w59_per_prefix=16384 total=536870912
run_mode=scan registry_cap=16
sample_start=85098496
scan_elapsed=15.205s rate=35.31 Mtriples/s

D60 interface
  D60=0 matches: 32449 (random expectation 32768.0, enrichment 0.990x)
  prefixes with D60=0: 16462
  max D60=0 fiber per prefix: 16 at W57=0x2d86 W58=0x272
  largest D60 bucket: D=0x240 count=33713
  min D60 HW: 0
  D60 HW histogram: 0:32449 1:457837 2:2980032 3:11924953 4:32802791 5:65649660 6:98463690 7:112538940 8:98403448 9:65548002 10:32726203 11:11890535 12:2963877 13:455926 14:32569

Tail closure among D60=0 matches
  final tail collisions: 0
  best r61 HW: 13
  best r61 W1[57..59]=0x26eb,0x594,0x19f0
  best r61 W2[57..59]=0x25f8,0x22b0,0x3feb
  best tail HW: 22
  best tail r61 HW: 26
  best W1[57..59]=0x2e85,0xeec,0x10f3
  best W2[57..59]=0x2d92,0x2a20,0x3d3c

SUMMARY N=14 sample_start=85098496 prefixes=32768 total=536870912 d0=32449 best_tail=22 tail_r61=26 best_r61=13 tail_W1=0x2e85,0xeec,0x10f3 tail_W2=0x2d92,0x2a20,0x3d3c r61_W1=0x26eb,0x594,0x19f0 r61_W2=0x25f8,0x22b0,0x3feb

Scan-only witness registry
  registry_count=16 registry_cap=16
  witness[00] tail=22 r61=26 gh60=0x466bd9a W1=0x2e85,0xeec,0x10f3 W2=0x2d92,0x2a20,0x3d3c
  witness[01] tail=23 r61=19 gh60=0x5a0cb9a W1=0x158a,0x1147,0x21f4 W2=0x1497,0x116a,0x398c
  witness[02] tail=23 r61=23 gh60=0x4b947aa W1=0xb6e,0x20db,0xbbd W2=0xa7b,0x23b4,0x29a3
  witness[03] tail=23 r61=23 gh60=0x468bfaa W1=0x2f81,0xdde,0xa54 W2=0x2e8e,0x3555,0x380e
  witness[04] tail=24 r61=15 gh60=0x460bbe6 W1=0x118b,0x3e40,0x569 W2=0x1098,0x2e08,0x3503
  witness[05] tail=24 r61=18 gh60=0x5ba8bba W1=0x39b5,0x15a3,0x16b8 W2=0x38c2,0x11fa,0x3cfe
  witness[06] tail=24 r61=23 gh60=0xca6fca6 W1=0xef4,0x1146,0x2457 W2=0xe01,0x34ed,0x1292
  witness[07] tail=25 r61=17 gh60=0x590cf9a W1=0x27ca,0x343b,0x30a2 W2=0x26d7,0x218e,0x29e8
  witness[08] tail=25 r61=19 gh60=0x4499ca6 W1=0x3e2b,0x3373,0x23d3 W2=0x3d38,0x10d,0x1206
  witness[09] tail=25 r61=20 gh60=0xce885a6 W1=0x326b,0x20a6,0x98 W2=0x3178,0x46b,0x107a
  witness[10] tail=25 r61=21 gh60=0x38b87ae W1=0xbbf,0x2700,0x29b8 W2=0xacc,0x2248,0x22d5
  witness[11] tail=25 r61=21 gh60=0xca184fa W1=0x3515,0x2ff2,0x3251 W2=0x3422,0x28e6,0x1f0
  witness[12] tail=25 r61=29 gh60=0xbff856e W1=0x3acf,0x16aa,0x2253 W2=0x39dc,0x474,0xd21
  witness[13] tail=26 r61=18 gh60=0xcb844a6 W1=0x12fc,0x207c,0x21ae W2=0x1209,0x14a,0x3cb0
  witness[14] tail=26 r61=18 gh60=0x4aacf66 W1=0x37e4,0x1218,0x53d W2=0x36f1,0x573,0x1a77
  witness[15] tail=26 r61=20 gh60=0xdc88caa W1=0x2831,0x3210,0x1c2c W2=0x273e,0x348f,0x392d

Scan-only r61 registry
  registry_count=16 registry_cap=16
  r61_witness[00] r61=13 tail=33 gh60=0x4b88ca6 W1=0x26eb,0x594,0x19f0 W2=0x25f8,0x22b0,0x3feb
  r61_witness[01] r61=13 tail=35 gh60=0x5484dba W1=0x18ba,0x686,0x2d03 W2=0x17c7,0x66,0x28d7
  r61_witness[02] r61=14 tail=27 gh60=0x4908f66 W1=0x75b,0x35cd,0x461 W2=0x668,0x20fb,0x26b9
  r61_witness[03] r61=14 tail=32 gh60=0x4889bae W1=0x1af,0x4b,0x34e2 W2=0xbc,0x3162,0x38fd
  r61_witness[04] r61=14 tail=36 gh60=0x4887cba W1=0xf3a,0x33bd,0x319a W2=0xe47,0x1ed,0x17c2
  r61_witness[05] r61=15 tail=24 gh60=0x460bbe6 W1=0x118b,0x3e40,0x569 W2=0x1098,0x2e08,0x3503
  r61_witness[06] r61=15 tail=28 gh60=0x4a087e6 W1=0xb8b,0x3126,0x6ee W2=0xa98,0x17f1,0x2dcd
  r61_witness[07] r61=15 tail=28 gh60=0x4984f9a W1=0x276a,0x16d7,0x3fea W2=0x2677,0x66e,0x247e
  r61_witness[08] r61=15 tail=33 gh60=0x4cb44ae W1=0x2430,0x378a,0x25dd W2=0x233d,0x162b,0x32b0
  r61_witness[09] r61=15 tail=39 gh60=0x448449a W1=0x42a,0xec4,0x1568 W2=0x337,0x3448,0x19b8
  r61_witness[10] r61=16 tail=28 gh60=0x4908b6e W1=0x19cf,0xe9b,0x31ba W2=0x18dc,0x14be,0x24c4
  r61_witness[11] r61=16 tail=30 gh60=0x4e05d9a W1=0x3e8a,0x26e3,0x33d7 W2=0x3d97,0x13fc,0x2546
  r61_witness[12] r61=16 tail=31 gh60=0x460459a W1=0x248a,0x2e1d,0x3594 W2=0x2397,0x1c7b,0x3fd1
  r61_witness[13] r61=16 tail=32 gh60=0xd4885a6 W1=0x32ab,0x1c4c,0x2adf W2=0x31b8,0x3f81,0x178f
  r61_witness[14] r61=16 tail=33 gh60=0xda187e6 W1=0x1b9b,0x1d1f,0x1c2d W2=0x1aa8,0x19da,0x511
  r61_witness[15] r61=16 tail=33 gh60=0xc5bc5ae W1=0x1cc0,0x39fe,0x25ae W2=0x1bcd,0x2e37,0x28e

D60=0 fiber histogram: 1:8030 2:4720 3:1730 4:1115 5:421 6:209 7:99 8:73 9:18 10:24 11:6 12:7 13:6 15:1 16:3
