free_word_mitm_reducedn repair_seed_walk
N=14 mask=0x3fff msb=0x2000
repair_d60_hw_limit=0 seed_cap=16 budget=5000000000 walk_only=1 walk_nonce=830018
seed[00] repaired_tail=10 r61=12 d60=0x0 d60_hw=0 gh60=0x5a247a6 W1=0x3384,0x997,0x12b7 W2=0x3291,0x28b,0x85b
seed[01] repaired_tail=16 r61=11 d60=0x0 d60_hw=0 gh60=0x4a184ea W1=0x221,0x2b8d,0x10d W2=0x12e,0x2f07,0x38d2
seed[02] repaired_tail=32 r61=11 d60=0x0 d60_hw=0 gh60=0x48884ae W1=0x1d3f,0x20c1,0x1dad W2=0x1c4c,0xcd1,0x17c7
seed[03] repaired_tail=14 r61=16 d60=0x0 d60_hw=0 gh60=0x4f0449a W1=0x3c4a,0x174,0x205b W2=0x3b57,0x37bc,0x2a96
seed[04] repaired_tail=15 r61=16 d60=0x0 d60_hw=0 gh60=0xba07cfa W1=0x2f1a,0xa34,0x3867 W2=0x2e27,0x22f0,0x47

D60 repair seed refinement
  input_seeds=5 retained_tail_seeds=16 retained_r61_seeds=16
  elapsed=262.696s budget=5000000000 tested=5000000000 repairable=485478 exact_D60=0=485478 collisions=0 seed_inserts=136 prefix_enums=0
  rate=19.03 Mtests/s repairable_rate=0.000097
  phase tested/repairable: single=215/7 double=4305/0 walk=4999995480/485471 prefix=0/0
  min refined D60 HW: 0 d60=0x0 at W1[57..59]=0x3384,0x997,0x12b7
  best repaired tail HW: 10 d60=0x0 d60_hw=0 r61=12 gh60=0x5a247a6
  best repaired tail W1[57..59]=0x3384,0x997,0x12b7
  best repaired tail W2[57..59]=0x3291,0x28b,0x85b
  best repaired r61 HW: 10 d60=0x0 d60_hw=0 tail=23 gh60=0x489bfaa
  best repaired r61 W1[57..59]=0xfb1,0xca0,0x13b
  best repaired r61 W2[57..59]=0xebe,0x1bf,0x2795

SUMMARY N=14 sample_start=0 prefixes=0 total=5000000000 d0=485478 best_tail=10 tail_r61=12 best_r61=10 tail_W1=0x3384,0x997,0x12b7 tail_W2=0x3291,0x28b,0x85b r61_W1=0xfb1,0xca0,0x13b r61_W2=0xebe,0x1bf,0x2795
