free_word_mitm_reducedn repair_seed_joint_walk
N=14 mask=0x3fff msb=0x2000
repair_d60_hw_limit=0 seed_cap=16 budget=5000000000 seed_mode=3 mode_param=835025
seed[00] repaired_tail=10 r61=12 d60=0x0 d60_hw=0 gh60=0x5a247a6 W1=0x3384,0x997,0x12b7 W2=0x3291,0x28b,0x85b
seed[01] repaired_tail=23 r61=9 d60=0x0 d60_hw=0 gh60=0x4a044e6 W1=0x121c,0x3035,0x3416 W2=0x1129,0x18f7,0x158b
seed[02] repaired_tail=11 r61=11 d60=0x0 d60_hw=0 gh60=0x4489caa W1=0x3e31,0xcdb,0x286a W2=0x3d3e,0x12da,0x25ff
seed[03] repaired_tail=13 r61=14 d60=0x0 d60_hw=0 gh60=0x4e04c9a W1=0x160a,0x1400,0x3d93 W2=0x1517,0xbc3,0x1f5e
seed[04] repaired_tail=19 r61=15 d60=0x0 d60_hw=0 gh60=0xc639cea W1=0x3e21,0x3e71,0x27b W2=0x3d2e,0x6e8,0x369f
seed[05] repaired_tail=19 r61=15 d60=0x0 d60_hw=0 gh60=0xca187fa W1=0x1395,0xe99,0x864 W2=0x12a2,0x11e5,0x3c06
seed[06] repaired_tail=19 r61=15 d60=0x0 d60_hw=0 gh60=0x5994cae W1=0x26f0,0x1dfb,0x1b7a W2=0x25fd,0xadb,0xe8e
seed[07] repaired_tail=19 r61=15 d60=0x0 d60_hw=0 gh60=0x4957b9e W1=0x31c8,0x2ae9,0x1412 W2=0x30d5,0x1142,0xb87
seed[08] repaired_tail=19 r61=15 d60=0x0 d60_hw=0 gh60=0x4a18cea W1=0x921,0x2c94,0x2a12 W2=0x82e,0x2c3f,0x3b2b
seed[09] repaired_tail=19 r61=15 d60=0x0 d60_hw=0 gh60=0x3688baa W1=0x2571,0x57f,0x270f W2=0x247e,0x646,0x1fa0

D60 repair seed refinement
  input_seeds=10 retained_tail_seeds=16 retained_r61_seeds=16
  elapsed=258.810s budget=5000000000 tested=5000000000 repairable=484965 exact_D60=0=484965 collisions=0 seed_inserts=61 prefix_enums=0
  rate=19.32 Mtests/s repairable_rate=0.000097
  phase tested/repairable: single=430/10 double=8610/2 walk=4999990960/484953 prefix=0/0
  min refined D60 HW: 0 d60=0x0 at W1[57..59]=0x3e31,0xcdb,0x286a
  best repaired tail HW: 10 d60=0x0 d60_hw=0 r61=12 gh60=0x5a247a6
  best repaired tail W1[57..59]=0x3384,0x997,0x12b7
  best repaired tail W2[57..59]=0x3291,0x28b,0x85b
  best repaired r61 HW: 9 d60=0x0 d60_hw=0 tail=23 gh60=0x4a044e6
  best repaired r61 W1[57..59]=0x121c,0x3035,0x3416
  best repaired r61 W2[57..59]=0x1129,0x18f7,0x158b
  best repaired joint score: 22 max=11 tail=11 r61=11 d60=0x0 d60_hw=0 gh60=0x4489caa improvements=0
  best repaired joint W1[57..59]=0x3e31,0xcdb,0x286a
  best repaired joint W2[57..59]=0x3d3e,0x12da,0x25ff

SUMMARY N=14 sample_start=0 prefixes=0 total=5000000000 d0=484965 best_tail=10 tail_r61=12 best_r61=9 best_joint=22 joint_max=11 joint_tail=11 joint_r61=11 tail_W1=0x3384,0x997,0x12b7 tail_W2=0x3291,0x28b,0x85b joint_W1=0x3e31,0xcdb,0x286a joint_W2=0x3d3e,0x12da,0x25ff r61_W1=0x121c,0x3035,0x3416 r61_W2=0x1129,0x18f7,0x158b
