free_word_mitm_reducedn repair_seed_walk
N=14 mask=0x3fff msb=0x2000
repair_d60_hw_limit=0 seed_cap=16 budget=5000000000 walk_only=1 walk_nonce=830219
seed[00] repaired_tail=11 r61=11 d60=0x0 d60_hw=0 gh60=0x4489caa W1=0x3e31,0xcdb,0x286a W2=0x3d3e,0x12da,0x25ff
seed[01] repaired_tail=10 r61=12 d60=0x0 d60_hw=0 gh60=0x5a247a6 W1=0x3384,0x997,0x12b7 W2=0x3291,0x28b,0x85b
seed[02] repaired_tail=23 r61=9 d60=0x0 d60_hw=0 gh60=0x4a044e6 W1=0x121c,0x3035,0x3416 W2=0x1129,0x18f7,0x158b
seed[03] repaired_tail=25 r61=9 d60=0x0 d60_hw=0 gh60=0x490bf6a W1=0x2f5d,0x3ab4,0x2a6f W2=0x2e6a,0x19bf,0x350d
seed[04] repaired_tail=31 r61=9 d60=0x0 d60_hw=0 gh60=0x48847ba W1=0x1bba,0xdf6,0x295e W2=0x1ac7,0xeb5,0x7f8
seed[05] repaired_tail=18 r61=10 d60=0x0 d60_hw=0 gh60=0x490876a W1=0xb4d,0xac8,0x286 W2=0xa5a,0x392a,0x2b8d
seed[06] repaired_tail=18 r61=10 d60=0x0 d60_hw=0 gh60=0x44a45ea W1=0x2ca2,0x3c60,0x21fb W2=0x2baf,0xd97,0x19ca
seed[07] repaired_tail=19 r61=10 d60=0x0 d60_hw=0 gh60=0xc885b9a W1=0x1daa,0x3bd0,0x7f6 W2=0x1cb7,0x2d19,0xf1a

D60 repair seed refinement
  input_seeds=8 retained_tail_seeds=16 retained_r61_seeds=16
  elapsed=322.981s budget=5000000000 tested=5000000000 repairable=484289 exact_D60=0=484289 collisions=0 seed_inserts=97 prefix_enums=0
  rate=15.48 Mtests/s repairable_rate=0.000097
  phase tested/repairable: single=344/10 double=6888/2 walk=4999992768/484277 prefix=0/0
  min refined D60 HW: 0 d60=0x0 at W1[57..59]=0x3384,0x997,0x12b7
  best repaired tail HW: 10 d60=0x0 d60_hw=0 r61=12 gh60=0x5a247a6
  best repaired tail W1[57..59]=0x3384,0x997,0x12b7
  best repaired tail W2[57..59]=0x3291,0x28b,0x85b
  best repaired r61 HW: 9 d60=0x0 d60_hw=0 tail=23 gh60=0x4a044e6
  best repaired r61 W1[57..59]=0x121c,0x3035,0x3416
  best repaired r61 W2[57..59]=0x1129,0x18f7,0x158b

SUMMARY N=14 sample_start=0 prefixes=0 total=5000000000 d0=484289 best_tail=10 tail_r61=12 best_r61=9 tail_W1=0x3384,0x997,0x12b7 tail_W2=0x3291,0x28b,0x85b r61_W1=0x121c,0x3035,0x3416 r61_W2=0x1129,0x18f7,0x158b
