free_word_mitm_reducedn repair_seed_joint_walk
N=14 mask=0x3fff msb=0x2000
repair_d60_hw_limit=0 seed_cap=16 budget=5000000000 seed_mode=3 mode_param=833902
seed[00] repaired_tail=10 r61=12 d60=0x0 d60_hw=0 gh60=0x5a247a6 W1=0x3384,0x997,0x12b7 W2=0x3291,0x28b,0x85b
seed[01] repaired_tail=23 r61=9 d60=0x0 d60_hw=0 gh60=0x4a044e6 W1=0x121c,0x3035,0x3416 W2=0x1129,0x18f7,0x158b
seed[02] repaired_tail=11 r61=11 d60=0x0 d60_hw=0 gh60=0x4489caa W1=0x3e31,0xcdb,0x286a W2=0x3d3e,0x12da,0x25ff
seed[03] repaired_tail=13 r61=14 d60=0x0 d60_hw=0 gh60=0x4e04c9a W1=0x160a,0x1400,0x3d93 W2=0x1517,0xbc3,0x1f5e
seed[04] repaired_tail=16 r61=15 d60=0x0 d60_hw=0 gh60=0xcd884aa W1=0x39f1,0x3710,0xb47 W2=0x38fe,0xd10,0x2840
seed[05] repaired_tail=16 r61=15 d60=0x0 d60_hw=0 gh60=0x4d78cae W1=0x182f,0x2718,0x22da W2=0x173c,0x2077,0x2e59
seed[06] repaired_tail=16 r61=15 d60=0x0 d60_hw=0 gh60=0x4a08cea W1=0x70d,0x38ca,0x37b9 W2=0x61a,0x3bbd,0x39ee
seed[07] repaired_tail=16 r61=16 d60=0x0 d60_hw=0 gh60=0xc618bee W1=0x298f,0x3786,0x6aa W2=0x289c,0x2a15,0x1ab1
seed[08] repaired_tail=36 r61=20 d60=0x1091 d60_hw=4 gh60=0x56247a6 W1=0x3384,0x3035,0x12b7 W2=0x3291,0x2929,0x3a3d
seed[09] repaired_tail=48 r61=32 d60=0x24b3 d60_hw=7 gh60=0x5a247a6 W1=0x3384,0x997,0x3416 W2=0x3291,0x28b,0x29ba
seed[10] repaired_tail=44 r61=28 d60=0x384b d60_hw=7 gh60=0xb6044e6 W1=0x121c,0x997,0x12b7 W2=0x1129,0x3259,0x1087
seed[11] repaired_tail=36 r61=31 d60=0x1f9f d60_hw=11 gh60=0x56247a6 W1=0x3384,0x3035,0x3416 W2=0x3291,0x2929,0x1b9c
seed[12] repaired_tail=39 r61=25 d60=0x3658 d60_hw=7 gh60=0xb6044e6 W1=0x121c,0x997,0x3416 W2=0x1129,0x3259,0x31e6
seed[13] repaired_tail=45 r61=31 d60=0x3186 d60_hw=6 gh60=0x4a044e6 W1=0x121c,0x3035,0x12b7 W2=0x1129,0x18f7,0x342c
seed[14] repaired_tail=44 r61=32 d60=0x803 d60_hw=3 gh60=0x7ae47a6 W1=0x3384,0xcdb,0x12b7 W2=0x3291,0x5cf,0x35e7
seed[15] repaired_tail=40 r61=34 d60=0x1609 d60_hw=5 gh60=0x5a247a6 W1=0x3384,0x997,0x286a W2=0x3291,0x28b,0x1e0e

D60 repair seed refinement
  input_seeds=16 retained_tail_seeds=16 retained_r61_seeds=16
  elapsed=320.915s budget=5000000000 tested=5000000000 repairable=485220 exact_D60=0=485220 collisions=0 seed_inserts=84 prefix_enums=0
  rate=15.58 Mtests/s repairable_rate=0.000097
  phase tested/repairable: single=688/11 double=13776/9 walk=4999985536/485200 prefix=0/0
  min refined D60 HW: 0 d60=0x0 at W1[57..59]=0x3e31,0xcdb,0x286a
  best repaired tail HW: 10 d60=0x0 d60_hw=0 r61=12 gh60=0x5a247a6
  best repaired tail W1[57..59]=0x3384,0x997,0x12b7
  best repaired tail W2[57..59]=0x3291,0x28b,0x85b
  best repaired r61 HW: 9 d60=0x0 d60_hw=0 tail=23 gh60=0x4a044e6
  best repaired r61 W1[57..59]=0x121c,0x3035,0x3416
  best repaired r61 W2[57..59]=0x1129,0x18f7,0x158b
  best repaired joint score: 22 max=11 tail=11 r61=11 d60=0x0 d60_hw=0 gh60=0x4489caa improvements=0
  best repaired joint W1[57..59]=0x3e31,0xcdb,0x286a
  best repaired joint W2[57..59]=0x3d3e,0x12da,0x25ff

SUMMARY N=14 sample_start=0 prefixes=0 total=5000000000 d0=485220 best_tail=10 tail_r61=12 best_r61=9 best_joint=22 joint_max=11 joint_tail=11 joint_r61=11 tail_W1=0x3384,0x997,0x12b7 tail_W2=0x3291,0x28b,0x85b joint_W1=0x3e31,0xcdb,0x286a joint_W2=0x3d3e,0x12da,0x25ff r61_W1=0x121c,0x3035,0x3416 r61_W2=0x1129,0x18f7,0x158b
