free_word_mitm_reducedn repair_seed_joint_walk
N=14 mask=0x3fff msb=0x2000
repair_d60_hw_limit=0 seed_cap=32 budget=5000000000 seed_mode=3 mode_param=835032
seed[00] repaired_tail=10 r61=12 d60=0x0 d60_hw=0 gh60=0x5a247a6 W1=0x3384,0x997,0x12b7 W2=0x3291,0x28b,0x85b
seed[01] repaired_tail=23 r61=9 d60=0x0 d60_hw=0 gh60=0x4a044e6 W1=0x121c,0x3035,0x3416 W2=0x1129,0x18f7,0x158b
seed[02] repaired_tail=11 r61=11 d60=0x0 d60_hw=0 gh60=0x4489caa W1=0x3e31,0xcdb,0x286a W2=0x3d3e,0x12da,0x25ff
seed[03] repaired_tail=13 r61=14 d60=0x0 d60_hw=0 gh60=0x4e04c9a W1=0x160a,0x1400,0x3d93 W2=0x1517,0xbc3,0x1f5e
seed[04] repaired_tail=19 r61=17 d60=0x0 d60_hw=0 gh60=0xce2849a W1=0x3309,0x2aaf,0x1688 W2=0x3216,0x23c4,0x23a2
seed[05] repaired_tail=19 r61=17 d60=0x0 d60_hw=0 gh60=0x465459e W1=0x468,0x1c3e,0xe10 W2=0x375,0x228a,0x8d5
seed[06] repaired_tail=19 r61=17 d60=0x0 d60_hw=0 gh60=0x450c57a W1=0x2c5a,0xe6c,0x251a W2=0x2b67,0x3f6d,0x1aa8
seed[07] repaired_tail=19 r61=17 d60=0x0 d60_hw=0 gh60=0xc95479e W1=0x3bc8,0x23d2,0x2ded W2=0x3ad5,0x2de6,0x1d98
seed[08] repaired_tail=19 r61=17 d60=0x0 d60_hw=0 gh60=0xda1bce6 W1=0xe13,0x1af6,0x289a W2=0xd20,0x3eae,0x19db
seed[09] repaired_tail=19 r61=17 d60=0x0 d60_hw=0 gh60=0xd664566 W1=0x2ce4,0x1213,0x3c18 W2=0x2bf1,0x2c61,0x329e
seed[10] repaired_tail=36 r61=20 d60=0x1091 d60_hw=4 gh60=0x56247a6 W1=0x3384,0x3035,0x12b7 W2=0x3291,0x2929,0x3a3d
seed[11] repaired_tail=48 r61=32 d60=0x24b3 d60_hw=7 gh60=0x5a247a6 W1=0x3384,0x997,0x3416 W2=0x3291,0x28b,0x29ba
seed[12] repaired_tail=44 r61=28 d60=0x384b d60_hw=7 gh60=0xb6044e6 W1=0x121c,0x997,0x12b7 W2=0x1129,0x3259,0x1087
seed[13] repaired_tail=36 r61=31 d60=0x1f9f d60_hw=11 gh60=0x56247a6 W1=0x3384,0x3035,0x3416 W2=0x3291,0x2929,0x1b9c
seed[14] repaired_tail=39 r61=25 d60=0x3658 d60_hw=7 gh60=0xb6044e6 W1=0x121c,0x997,0x3416 W2=0x1129,0x3259,0x31e6
seed[15] repaired_tail=45 r61=31 d60=0x3186 d60_hw=6 gh60=0x4a044e6 W1=0x121c,0x3035,0x12b7 W2=0x1129,0x18f7,0x342c
seed[16] repaired_tail=44 r61=32 d60=0x803 d60_hw=3 gh60=0x7ae47a6 W1=0x3384,0xcdb,0x12b7 W2=0x3291,0x5cf,0x35e7
seed[17] repaired_tail=40 r61=34 d60=0x1609 d60_hw=5 gh60=0x5a247a6 W1=0x3384,0x997,0x286a W2=0x3291,0x28b,0x1e0e
seed[18] repaired_tail=37 r61=23 d60=0x3c87 d60_hw=8 gh60=0x4489caa W1=0x3e31,0x997,0x12b7 W2=0x3d3e,0xf96,0x39f0
seed[19] repaired_tail=45 r61=31 d60=0x3525 d60_hw=7 gh60=0x7ae47a6 W1=0x3384,0xcdb,0x286a W2=0x3291,0x5cf,0xb9a
seed[20] repaired_tail=45 r61=34 d60=0x1b4 d60_hw=5 gh60=0x4489caa W1=0x3e31,0x997,0x286a W2=0x3d3e,0xf96,0xfa3
seed[21] repaired_tail=34 r61=24 d60=0x2136 d60_hw=6 gh60=0x4489caa W1=0x3e31,0xcdb,0x12b7 W2=0x3d3e,0x12da,0x104c
seed[22] repaired_tail=52 r61=37 d60=0x3d51 d60_hw=8 gh60=0x35ec7a6 W1=0x3384,0x1400,0x12b7 W2=0x3291,0xcf4,0x2614
seed[23] repaired_tail=42 r61=30 d60=0xc18 d60_hw=4 gh60=0x5a247a6 W1=0x3384,0x997,0x3d93 W2=0x3291,0x28b,0x3337
seed[24] repaired_tail=48 r61=39 d60=0x1336 d60_hw=7 gh60=0xfe0cc9a W1=0x160a,0x997,0x12b7 W2=0x1517,0x15a,0x7ea
seed[25] repaired_tail=38 r61=28 d60=0x8aa d60_hw=5 gh60=0x35ec7a6 W1=0x3384,0x1400,0x3d93 W2=0x3291,0xcf4,0x10f0
seed[26] repaired_tail=47 r61=34 d60=0x86a d60_hw=5 gh60=0xfe0cc9a W1=0x160a,0x997,0x3d93 W2=0x1517,0x15a,0x32c6
seed[27] repaired_tail=41 r61=29 d60=0x30dc d60_hw=7 gh60=0x4e04c9a W1=0x160a,0x1400,0x12b7 W2=0x1517,0xbc3,0x3482
seed[28] repaired_tail=39 r61=27 d60=0x1923 d60_hw=6 gh60=0x4a647a6 W1=0x3384,0x2aaf,0x12b7 W2=0x3291,0x23a3,0x277d
seed[29] repaired_tail=34 r61=24 d60=0x3cc4 d60_hw=7 gh60=0x5a247a6 W1=0x3384,0x997,0x1688 W2=0x3291,0x28b,0xc2c
seed[30] repaired_tail=49 r61=35 d60=0x278 d60_hw=5 gh60=0xf66849a W1=0x3309,0x997,0x12b7 W2=0x3216,0x2ac,0x618
seed[31] repaired_tail=40 r61=32 d60=0x3e36 d60_hw=9 gh60=0x4a647a6 W1=0x3384,0x2aaf,0x1688 W2=0x3291,0x23a3,0x2b4e

D60 repair seed refinement
  input_seeds=32 retained_tail_seeds=32 retained_r61_seeds=32
  elapsed=276.618s budget=5000000000 tested=5000000000 repairable=484751 exact_D60=0=484751 collisions=0 seed_inserts=223 prefix_enums=0
  rate=18.08 Mtests/s repairable_rate=0.000097
  phase tested/repairable: single=1376/17 double=27552/10 walk=4999971072/484724 prefix=0/0
  min refined D60 HW: 0 d60=0x0 at W1[57..59]=0x3e31,0xcdb,0x286a
  best repaired tail HW: 10 d60=0x0 d60_hw=0 r61=12 gh60=0x5a247a6
  best repaired tail W1[57..59]=0x3384,0x997,0x12b7
  best repaired tail W2[57..59]=0x3291,0x28b,0x85b
  best repaired r61 HW: 9 d60=0x0 d60_hw=0 tail=23 gh60=0x4a044e6
  best repaired r61 W1[57..59]=0x121c,0x3035,0x3416
  best repaired r61 W2[57..59]=0x1129,0x18f7,0x158b
  best repaired joint score: 22 max=11 tail=11 r61=11 d60=0x0 d60_hw=0 gh60=0x4489caa improvements=0
  best repaired joint W1[57..59]=0x3e31,0xcdb,0x286a
  best repaired joint W2[57..59]=0x3d3e,0x12da,0x25ff

SUMMARY N=14 sample_start=0 prefixes=0 total=5000000000 d0=484751 best_tail=10 tail_r61=12 best_r61=9 best_joint=22 joint_max=11 joint_tail=11 joint_r61=11 tail_W1=0x3384,0x997,0x12b7 tail_W2=0x3291,0x28b,0x85b joint_W1=0x3e31,0xcdb,0x286a joint_W2=0x3d3e,0x12da,0x25ff r61_W1=0x121c,0x3035,0x3416 r61_W2=0x1129,0x18f7,0x158b
