free_word_mitm_reducedn repair_seed_joint_energy
N=14 mask=0x3fff msb=0x2000
repair_d60_hw_limit=0 seed_cap=32 budget=1000000000 seed_mode=5 mode_param=834346
seed[00] repaired_tail=28 r61=10 d60=0x0 d60_hw=0 gh60=0x4a04ce6 W1=0x61c,0x522,0x2622 W2=0x529,0x2729,0x3fbf
seed[01] repaired_tail=19 r61=17 d60=0x0 d60_hw=0 gh60=0x5705b66 W1=0x1d4c,0x1e37,0x2d7e W2=0x1c59,0x2290,0xead
seed[02] repaired_tail=29 r61=11 d60=0x0 d60_hw=0 gh60=0x450449a W1=0xc4a,0x3a50,0xe9d W2=0xb57,0x209c,0x33b6
seed[03] repaired_tail=31 r61=11 d60=0x0 d60_hw=0 gh60=0xc887ba6 W1=0x11ac,0x22e8,0x1b8a W2=0x10b9,0x1233,0x2796
seed[04] repaired_tail=11 r61=12 d60=0x109 d60_hw=3 gh60=0x448c59a W1=0x4aa,0x1053,0x2db5 W2=0x3b7,0x3e07,0x2150
seed[05] repaired_tail=12 r61=12 d60=0x1eae d60_hw=9 gh60=0xd51859a W1=0x22c5,0x14ce,0x329b W2=0x21d2,0x137,0xa3f
seed[06] repaired_tail=23 r61=9 d60=0x0 d60_hw=0 gh60=0x4a044e6 W1=0x121c,0x3035,0x3416 W2=0x1129,0x18f7,0x158b
seed[07] repaired_tail=11 r61=11 d60=0x0 d60_hw=0 gh60=0x4489caa W1=0x3e31,0xcdb,0x286a W2=0x3d3e,0x12da,0x25ff
seed[08] repaired_tail=10 r61=12 d60=0x0 d60_hw=0 gh60=0x5a247a6 W1=0x3384,0x997,0x12b7 W2=0x3291,0x28b,0x85b

D60 repair seed refinement
  input_seeds=9 retained_tail_seeds=32 retained_r61_seeds=32
  elapsed=726.160s budget=1000000000 tested=1000000000 repairable=66338 exact_D60=0=66338 collisions=0 seed_inserts=180 prefix_enums=61034
  rate=1.38 Mtests/s repairable_rate=0.000066
  phase tested/repairable: single=378/2 double=7749/4 walk=10817/1 prefix=999981056/66331
  min refined D60 HW: 0 d60=0x0 at W1[57..59]=0x3e31,0xcdb,0x286a
  best repaired tail HW: 10 d60=0x0 d60_hw=0 r61=12 gh60=0x5a247a6
  best repaired tail W1[57..59]=0x3384,0x997,0x12b7
  best repaired tail W2[57..59]=0x3291,0x28b,0x85b
  best repaired r61 HW: 9 d60=0x0 d60_hw=0 tail=23 gh60=0x4a044e6
  best repaired r61 W1[57..59]=0x121c,0x3035,0x3416
  best repaired r61 W2[57..59]=0x1129,0x18f7,0x158b
  best repaired joint score: 22 max=11 tail=11 r61=11 d60=0x0 d60_hw=0 gh60=0x4489caa improvements=0
  best repaired joint W1[57..59]=0x3e31,0xcdb,0x286a
  best repaired joint W2[57..59]=0x3d3e,0x12da,0x25ff
  best repaired nonzero energy surrogate: 865 tail=11 r61=12 d60=0x109 d60_hw=3 gh60=0x448c59a improvements=17
  best repaired nonzero energy W1[57..59]=0x4aa,0x1053,0x2db5
  best repaired nonzero energy W2[57..59]=0x3b7,0x3e07,0x2150

SUMMARY N=14 sample_start=0 prefixes=0 total=1000000000 d0=66338 best_tail=10 tail_r61=12 best_r61=9 best_joint=22 joint_max=11 joint_tail=11 joint_r61=11 tail_W1=0x3384,0x997,0x12b7 tail_W2=0x3291,0x28b,0x85b joint_W1=0x3e31,0xcdb,0x286a joint_W2=0x3d3e,0x12da,0x25ff r61_W1=0x121c,0x3035,0x3416 r61_W2=0x1129,0x18f7,0x158b
