free_word_mitm_reducedn repair_seed_walk
N=14 mask=0x3fff msb=0x2000
repair_d60_hw_limit=0 seed_cap=16 budget=5000000000 walk_only=1 walk_nonce=830214
seed[00] repaired_tail=11 r61=11 d60=0x0 d60_hw=0 gh60=0x4489caa W1=0x3e31,0xcdb,0x286a W2=0x3d3e,0x12da,0x25ff
seed[01] repaired_tail=10 r61=12 d60=0x0 d60_hw=0 gh60=0x5a247a6 W1=0x3384,0x997,0x12b7 W2=0x3291,0x28b,0x85b
seed[02] repaired_tail=23 r61=9 d60=0x0 d60_hw=0 gh60=0x4a044e6 W1=0x121c,0x3035,0x3416 W2=0x1129,0x18f7,0x158b
seed[03] repaired_tail=16 r61=19 d60=0x0 d60_hw=0 gh60=0xcd14d6a W1=0x185e,0x1b4,0x1c91 W2=0x176b,0x11f4,0x1676
seed[04] repaired_tail=16 r61=19 d60=0x0 d60_hw=0 gh60=0xc77cd66 W1=0x26d4,0x24f2,0x3c8e W2=0x25e1,0x1f55,0x226d
seed[05] repaired_tail=16 r61=20 d60=0x0 d60_hw=0 gh60=0xfadc59a W1=0x1a86,0x2843,0x298f W2=0x1993,0x14b3,0x3c39
seed[06] repaired_tail=16 r61=20 d60=0x0 d60_hw=0 gh60=0xda7dbae W1=0x2180,0x37b5,0x3780 W2=0x208d,0x2a3d,0x18e7
seed[07] repaired_tail=16 r61=20 d60=0x0 d60_hw=0 gh60=0xd77c4a6 W1=0x1cec,0x1984,0x29d0 W2=0x1bf9,0x1760,0x2385

D60 repair seed refinement
  input_seeds=8 retained_tail_seeds=16 retained_r61_seeds=16
  elapsed=320.239s budget=5000000000 tested=5000000000 repairable=483922 exact_D60=0=483922 collisions=0 seed_inserts=77 prefix_enums=0
  rate=15.61 Mtests/s repairable_rate=0.000097
  phase tested/repairable: single=344/9 double=6888/2 walk=4999992768/483911 prefix=0/0
  min refined D60 HW: 0 d60=0x0 at W1[57..59]=0x3384,0x997,0x12b7
  best repaired tail HW: 10 d60=0x0 d60_hw=0 r61=12 gh60=0x5a247a6
  best repaired tail W1[57..59]=0x3384,0x997,0x12b7
  best repaired tail W2[57..59]=0x3291,0x28b,0x85b
  best repaired r61 HW: 9 d60=0x0 d60_hw=0 tail=23 gh60=0x4a044e6
  best repaired r61 W1[57..59]=0x121c,0x3035,0x3416
  best repaired r61 W2[57..59]=0x1129,0x18f7,0x158b

SUMMARY N=14 sample_start=0 prefixes=0 total=5000000000 d0=483922 best_tail=10 tail_r61=12 best_r61=9 tail_W1=0x3384,0x997,0x12b7 tail_W2=0x3291,0x28b,0x85b r61_W1=0x121c,0x3035,0x3416 r61_W2=0x1129,0x18f7,0x158b
