free_word_mitm_reducedn repair_seed_joint_walk
N=14 mask=0x3fff msb=0x2000
repair_d60_hw_limit=0 seed_cap=16 budget=5000000000 seed_mode=3 mode_param=834588
seed[00] repaired_tail=10 r61=12 d60=0x0 d60_hw=0 gh60=0x5a247a6 W1=0x3384,0x997,0x12b7 W2=0x3291,0x28b,0x85b
seed[01] repaired_tail=23 r61=9 d60=0x0 d60_hw=0 gh60=0x4a044e6 W1=0x121c,0x3035,0x3416 W2=0x1129,0x18f7,0x158b
seed[02] repaired_tail=11 r61=11 d60=0x0 d60_hw=0 gh60=0x4489caa W1=0x3e31,0xcdb,0x286a W2=0x3d3e,0x12da,0x25ff
seed[03] repaired_tail=13 r61=14 d60=0x0 d60_hw=0 gh60=0x4e04c9a W1=0x160a,0x1400,0x3d93 W2=0x1517,0xbc3,0x1f5e
seed[04] repaired_tail=11 r61=11 d60=0x37da d60_hw=10 gh60=0xc904766 W1=0x2bcc,0x1c6,0xdab W2=0x2ad9,0x2e0a,0x1f4e
seed[05] repaired_tail=8 r61=9 d60=0x3126 d60_hw=6 gh60=0x4908f6a W1=0x75d,0x24ea,0x2ccc W2=0x66a,0xff9,0x2bd3
seed[06] repaired_tail=20 r61=16 d60=0x0 d60_hw=0 gh60=0x4a98ca6 W1=0x8eb,0x2e0a,0x1ac7 W2=0x7f8,0x28a6,0x32d0
seed[07] repaired_tail=20 r61=16 d60=0x0 d60_hw=0 gh60=0xb61c5ea W1=0xa9e,0x2537,0x15a W2=0x9ab,0x234a,0x16cf
seed[08] repaired_tail=20 r61=16 d60=0x0 d60_hw=0 gh60=0xca8cbae W1=0x3570,0x288,0x15eb W2=0x347d,0xb20,0x45e
seed[09] repaired_tail=17 r61=20 d60=0x0 d60_hw=0 gh60=0x5e98baa W1=0x1581,0x3ab1,0x1ca5 W2=0x148e,0xb68,0xe0f

D60 repair seed refinement
  input_seeds=10 retained_tail_seeds=16 retained_r61_seeds=16
  elapsed=258.442s budget=5000000000 tested=5000000000 repairable=485996 exact_D60=0=485996 collisions=0 seed_inserts=65 prefix_enums=0
  rate=19.35 Mtests/s repairable_rate=0.000097
  phase tested/repairable: single=430/8 double=8610/3 walk=4999990960/485985 prefix=0/0
  min refined D60 HW: 0 d60=0x0 at W1[57..59]=0x3e31,0xcdb,0x286a
  best repaired tail HW: 8 d60=0x3126 d60_hw=6 r61=9 gh60=0x4908f6a
  best repaired tail W1[57..59]=0x75d,0x24ea,0x2ccc
  best repaired tail W2[57..59]=0x66a,0xff9,0x2bd3
  best repaired r61 HW: 9 d60=0x0 d60_hw=0 tail=23 gh60=0x4a044e6
  best repaired r61 W1[57..59]=0x121c,0x3035,0x3416
  best repaired r61 W2[57..59]=0x1129,0x18f7,0x158b
  best repaired joint score: 17 max=9 tail=8 r61=9 d60=0x3126 d60_hw=6 gh60=0x4908f6a improvements=0
  best repaired joint W1[57..59]=0x75d,0x24ea,0x2ccc
  best repaired joint W2[57..59]=0x66a,0xff9,0x2bd3

SUMMARY N=14 sample_start=0 prefixes=0 total=5000000000 d0=485996 best_tail=8 tail_r61=9 best_r61=9 best_joint=17 joint_max=9 joint_tail=8 joint_r61=9 tail_W1=0x75d,0x24ea,0x2ccc tail_W2=0x66a,0xff9,0x2bd3 joint_W1=0x75d,0x24ea,0x2ccc joint_W2=0x66a,0xff9,0x2bd3 r61_W1=0x121c,0x3035,0x3416 r61_W2=0x1129,0x18f7,0x158b
