free_word_mitm_reducedn repair_seed_joint_energy
N=14 mask=0x3fff msb=0x2000
repair_d60_hw_limit=0 seed_cap=32 budget=5000000000 seed_mode=5 mode_param=835405
seed[00] repaired_tail=8 r61=9 d60=0x3126 d60_hw=6 gh60=0x4908f6a W1=0x75d,0x24ea,0x2ccc W2=0x66a,0xff9,0x2bd3
seed[01] repaired_tail=26 r61=11 d60=0x0 d60_hw=0 gh60=0x4605ce6 W1=0x211c,0x2011,0x20f5 W2=0x2029,0xaa6,0x3638
seed[02] repaired_tail=30 r61=11 d60=0x0 d60_hw=0 gh60=0x36084ee W1=0x251f,0x18b,0x1429 W2=0x242c,0x1d95,0x1db9
seed[03] repaired_tail=29 r61=11 d60=0x0 d60_hw=0 gh60=0xd88bca6 W1=0x312b,0x38eb,0x19cc W2=0x3038,0x200d,0x172d
seed[04] repaired_tail=26 r61=11 d60=0x0 d60_hw=0 gh60=0x488bbaa W1=0x31b1,0x3e29,0x3d2c W2=0x30be,0x2740,0xeb5
seed[05] repaired_tail=22 r61=12 d60=0x0 d60_hw=0 gh60=0x4a08bee W1=0x258f,0x743,0x262 W2=0x249c,0x3dd2,0xe0e
seed[06] repaired_tail=32 r61=12 d60=0x0 d60_hw=0 gh60=0x56184e6 W1=0x3213,0x2fa1,0x3923 W2=0x3120,0x2f98,0x2243
seed[07] repaired_tail=22 r61=12 d60=0x0 d60_hw=0 gh60=0x48b47aa W1=0x13ae,0xc74,0x3c4d W2=0x12bb,0x1fbd,0x345c

D60 repair seed refinement
  input_seeds=8 retained_tail_seeds=32 retained_r61_seeds=32
  elapsed=3443.588s budget=5000000000 tested=5000000000 repairable=319803 exact_D60=0=319803 collisions=0 seed_inserts=235 prefix_enums=305175
  rate=1.45 Mtests/s repairable_rate=0.000064
  phase tested/repairable: single=336/0 double=6888/2 walk=5576/1 prefix=4999987200/319800
  min refined D60 HW: 0 d60=0x0 at W1[57..59]=0x75d,0x24ea,0x27c7
  best repaired tail HW: 8 d60=0x3126 d60_hw=6 r61=9 gh60=0x4908f6a
  best repaired tail W1[57..59]=0x75d,0x24ea,0x2ccc
  best repaired tail W2[57..59]=0x66a,0xff9,0x2bd3
  best repaired r61 HW: 9 d60=0x3126 d60_hw=6 tail=8 gh60=0x4908f6a
  best repaired r61 W1[57..59]=0x75d,0x24ea,0x2ccc
  best repaired r61 W2[57..59]=0x66a,0xff9,0x2bd3
  best repaired joint score: 17 max=9 tail=8 r61=9 d60=0x3126 d60_hw=6 gh60=0x4908f6a improvements=0
  best repaired joint W1[57..59]=0x75d,0x24ea,0x2ccc
  best repaired joint W2[57..59]=0x66a,0xff9,0x2bd3
  best repaired nonzero energy surrogate: 652 tail=8 r61=9 d60=0x3126 d60_hw=6 gh60=0x4908f6a improvements=12
  best repaired nonzero energy W1[57..59]=0x75d,0x24ea,0x2ccc
  best repaired nonzero energy W2[57..59]=0x66a,0xff9,0x2bd3

SUMMARY N=14 sample_start=0 prefixes=0 total=5000000000 d0=319803 best_tail=8 tail_r61=9 best_r61=9 best_joint=17 joint_max=9 joint_tail=8 joint_r61=9 tail_W1=0x75d,0x24ea,0x2ccc tail_W2=0x66a,0xff9,0x2bd3 joint_W1=0x75d,0x24ea,0x2ccc joint_W2=0x66a,0xff9,0x2bd3 r61_W1=0x75d,0x24ea,0x2ccc r61_W2=0x66a,0xff9,0x2bd3
