free_word_mitm_reducedn
N=14 mask=0x3fff msb=0x2000
candidate: M0=0x3d36 mode=random-fallback fill=0x3fff kernel=dM0=dM9=0x2000
prefixes=32768/268435456 mode=permuted-prefix-sample w59_per_prefix=16384 total=536870912
run_mode=scan registry_cap=16
sample_start=20611072
scan_elapsed=17.995s rate=29.83 Mtriples/s

D60 interface
  D60=0 matches: 32282 (random expectation 32768.0, enrichment 0.985x)
  prefixes with D60=0: 16548
  max D60=0 fiber per prefix: 16 at W57=0x2e71 W58=0x37f0
  largest D60 bucket: D=0x35d1 count=33758
  min D60 HW: 0
  D60 HW histogram: 0:32282 1:456432 2:2972408 3:11894144 4:32758767 5:65587892 6:98453884 7:112548770 8:98434009 9:65589848 10:32774418 11:11906517 12:2972030 13:457226 14:32285

Tail closure among D60=0 matches
  final tail collisions: 0
  best r61 HW: 13
  best r61 W1[57..59]=0x140d,0x1e89,0xdf2
  best r61 W2[57..59]=0x131a,0x36cf,0x3adf
  best tail HW: 23
  best tail r61 HW: 20
  best W1[57..59]=0x1282,0x160,0x2e97
  best W2[57..59]=0x118f,0x1e0d,0x36f

SUMMARY N=14 sample_start=20611072 prefixes=32768 total=536870912 d0=32282 best_tail=23 tail_r61=20 best_r61=13 tail_W1=0x1282,0x160,0x2e97 tail_W2=0x118f,0x1e0d,0x36f r61_W1=0x140d,0x1e89,0xdf2 r61_W2=0x131a,0x36cf,0x3adf

Scan-only witness registry
  registry_count=16 registry_cap=16
  witness[00] tail=23 r61=20 gh60=0x4a245aa W1=0x1282,0x160,0x2e97 W2=0x118f,0x1e0d,0x36f
  witness[01] tail=23 r61=20 gh60=0x4a88caa W1=0x37f1,0xab9,0x166a W2=0x36fe,0x1cb8,0x75c
  witness[02] tail=24 r61=17 gh60=0x4a88faa W1=0x76d,0x2375,0x993 W2=0x67a,0x11f8,0x2b19
  witness[03] tail=24 r61=20 gh60=0xd7e84a6 W1=0x3a33,0x3627,0x1fde W2=0x3940,0x3394,0xc30
  witness[04] tail=24 r61=22 gh60=0xca24daa W1=0x882,0x2f75,0xf14 W2=0x78f,0x3961,0x39f6
  witness[05] tail=24 r61=22 gh60=0xcf04b7a W1=0x39da,0x259d,0x2e3f W2=0x38e7,0x278d,0xc26
  witness[06] tail=24 r61=23 gh60=0xc6885a6 W1=0x2c7b,0x218b,0x1f99 W2=0x2b88,0x173e,0xfd
  witness[07] tail=24 r61=24 gh60=0x4d8c5aa W1=0x2cae,0x21b0,0x2422 W2=0x2bbb,0x1dd9,0xe95
  witness[08] tail=25 r61=15 gh60=0x5a884aa W1=0x31f1,0x3d9f,0x616 W2=0x30fe,0x111f,0x3ecd
  witness[09] tail=25 r61=18 gh60=0x5da44ea W1=0x422,0x955,0x6e2 W2=0x32f,0x12e4,0x78f
  witness[10] tail=25 r61=19 gh60=0x5b1cd66 W1=0x654,0x1c0e,0x13b8 W2=0x561,0x1651,0x36f6
  witness[11] tail=25 r61=19 gh60=0xc92bf7e W1=0x2fd7,0x23f,0x1292 W2=0x2ee4,0x287e,0xd9
  witness[12] tail=25 r61=20 gh60=0x390876a W1=0x33dd,0x2de1,0xa6d W2=0x32ea,0x322b,0x16d1
  witness[13] tail=25 r61=20 gh60=0x453cd7e W1=0x3658,0x3c5a,0x221b W2=0x3565,0x1a0e,0x2e10
  witness[14] tail=25 r61=22 gh60=0x5e38dea W1=0x168d,0x2209,0x3704 W2=0x159a,0x3e8,0x3b03
  witness[15] tail=25 r61=22 gh60=0x4c9cce6 W1=0x2624,0x2b66,0x7c1 W2=0x2531,0x2c9d,0x3528

Scan-only r61 registry
  registry_count=16 registry_cap=16
  r61_witness[00] r61=13 tail=36 gh60=0x46084ea W1=0x140d,0x1e89,0xdf2 W2=0x131a,0x36cf,0x3adf
  r61_witness[01] r61=14 tail=31 gh60=0xd498caa W1=0x2841,0x3c24,0x19b4 W2=0x274e,0x3d93,0x17b3
  r61_witness[02] r61=14 tail=33 gh60=0x4b0bf6a W1=0x2f61,0x2d2b,0x5f W2=0x2e6e,0x1c3a,0x13ec
  r61_witness[03] r61=15 tail=25 gh60=0x5a884aa W1=0x31f1,0x3d9f,0x616 W2=0x30fe,0x111f,0x3ecd
  r61_witness[04] r61=15 tail=26 gh60=0x36044e6 W1=0x250c,0xdf3,0x362a W2=0x2419,0x3cd5,0x22ec
  r61_witness[05] r61=15 tail=29 gh60=0x59a4be6 W1=0x9a4,0x330b,0x3149 W2=0x8b1,0x38fa,0x16f0
  r61_witness[06] r61=15 tail=29 gh60=0x5b0bb66 W1=0x31cb,0x38fb,0x15f5 W2=0x30d8,0x2e57,0xb72
  r61_witness[07] r61=15 tail=32 gh60=0x5609bea W1=0x3d8d,0x3732,0xf2c W2=0x3c9a,0x27bd,0x69c
  r61_witness[08] r61=15 tail=34 gh60=0xc984c9a W1=0x392a,0x37c9,0x1b8d W2=0x3837,0x2888,0x38c3
  r61_witness[09] r61=15 tail=35 gh60=0xc604bfa W1=0x399a,0x29f7,0x3ef5 W2=0x38a7,0x247b,0x32ae
  r61_witness[10] r61=16 tail=27 gh60=0x570876a W1=0x3bcd,0x3265,0x3f0a W2=0x3ada,0x35bb,0xae4
  r61_witness[11] r61=16 tail=31 gh60=0xfa185a6 W1=0x1c83,0x515,0x111c W2=0x1b90,0x29fa,0x2b5f
  r61_witness[12] r61=16 tail=31 gh60=0x5a2bc9a W1=0x3005,0xd5d,0x27b2 W2=0x2f12,0x2269,0x2152
  r61_witness[13] r61=16 tail=32 gh60=0xce89caa W1=0x3df1,0x1bbe,0x35d2 W2=0x3cfe,0x2641,0x3d26
  r61_witness[14] r61=16 tail=40 gh60=0x4aa9da6 W1=0x73,0x3ee8,0x37e5 W2=0x3f80,0x133e,0x24b3
  r61_witness[15] r61=16 tail=40 gh60=0x79884a6 W1=0x3d3b,0x32e,0x3ccd W2=0x3c48,0x1179,0x3071

D60=0 fiber histogram: 1:8161 2:4758 3:1717 4:1063 5:403 6:216 7:91 8:78 9:24 10:16 11:9 12:7 13:1 14:3 16:1
