free_word_mitm_reducedn
N=14 mask=0x3fff msb=0x2000
candidate: M0=0x3d36 mode=random-fallback fill=0x3fff kernel=dM0=dM9=0x2000
prefixes=32768/268435456 mode=permuted-prefix-sample w59_per_prefix=16384 total=536870912
run_mode=scan registry_cap=16
sample_start=73367552
scan_elapsed=20.671s rate=25.97 Mtriples/s

D60 interface
  D60=0 matches: 32991 (random expectation 32768.0, enrichment 1.007x)
  prefixes with D60=0: 16752
  max D60=0 fiber per prefix: 21 at W57=0x1b4c W58=0x37a8
  largest D60 bucket: D=0xbe2 count=34018
  min D60 HW: 0
  D60 HW histogram: 0:32991 1:459184 2:2977221 3:11910741 4:32778686 5:65624154 6:98453083 7:112509571 8:98418593 9:65574437 10:32757873 11:11907893 12:2975467 13:458165 14:32853

Tail closure among D60=0 matches
  final tail collisions: 0
  best r61 HW: 14
  best r61 W1[57..59]=0x11b5,0x3f50,0x348
  best r61 W2[57..59]=0x10c2,0x22a7,0x3714
  best tail HW: 22
  best tail r61 HW: 24
  best W1[57..59]=0x276f,0x50d,0x14b2
  best W2[57..59]=0x267c,0x3bd4,0x7fc

SUMMARY N=14 sample_start=73367552 prefixes=32768 total=536870912 d0=32991 best_tail=22 tail_r61=24 best_r61=14 tail_W1=0x276f,0x50d,0x14b2 tail_W2=0x267c,0x3bd4,0x7fc r61_W1=0x11b5,0x3f50,0x348 r61_W2=0x10c2,0x22a7,0x3714

Scan-only witness registry
  registry_count=16 registry_cap=16
  witness[00] tail=22 r61=19 gh60=0xf90bf6e W1=0x2f4f,0x30dc,0x65c W2=0x2e5c,0x181b,0x3e41
  witness[01] tail=22 r61=20 gh60=0xcad449a W1=0x2a46,0x3198,0x372e W2=0x2953,0x15a8,0x2cb2
  witness[02] tail=22 r61=20 gh60=0x5d745aa W1=0x2cbe,0x2ab3,0x2e9d W2=0x2bcb,0x27cc,0x1813
  witness[03] tail=22 r61=21 gh60=0xd4885ae W1=0xabf,0x162a,0x38f9 W2=0x9cc,0x3bd2,0x263e
  witness[04] tail=22 r61=24 gh60=0xce78fae W1=0x276f,0x50d,0x14b2 W2=0x267c,0x3bd4,0x7fc
  witness[05] tail=24 r61=24 gh60=0x489bbe6 W1=0x31a3,0x8e7,0x1d0 W2=0x30b0,0x157,0x2d1f
  witness[06] tail=24 r61=28 gh60=0xff2849e W1=0x1d47,0x6ff,0x4f W2=0x1c54,0x156a,0x3371
  witness[07] tail=25 r61=23 gh60=0xc9edd6a W1=0x20e2,0x357a,0x112f W2=0x1fef,0x3c82,0x370b
  witness[08] tail=25 r61=26 gh60=0xb998ba6 W1=0x9bb,0x10be,0x3d19 W2=0x8c8,0x1482,0x925
  witness[09] tail=25 r61=27 gh60=0xcd78ca6 W1=0x643,0x1189,0x297b W2=0x550,0xc5,0x237c
  witness[10] tail=26 r61=15 gh60=0x76284fe W1=0x2a17,0x30c5,0x3e70 W2=0x2924,0x3bed,0x3abd
  witness[11] tail=26 r61=16 gh60=0xce18bfa W1=0x1595,0x2263,0x3132 W2=0x14a2,0x23ee,0x8d1
  witness[12] tail=26 r61=17 gh60=0xd60c5fa W1=0x229a,0x33cd,0x3c6 W2=0x21a7,0x2162,0x3fd6
  witness[13] tail=26 r61=19 gh60=0x4a18ce6 W1=0x181b,0xcb4,0x31ee W2=0x1728,0x946,0x200f
  witness[14] tail=26 r61=20 gh60=0x4b2fda6 W1=0x10c4,0x1c36,0x1d0e W2=0xfd1,0x191d,0x142b
  witness[15] tail=26 r61=20 gh60=0xc8bbfe6 W1=0x2fa3,0x874,0x3a17 W2=0x2eb0,0x2364,0xeb0

Scan-only r61 registry
  registry_count=16 registry_cap=16
  r61_witness[00] r61=14 tail=31 gh60=0xc8abbba W1=0x11b5,0x3f50,0x348 W2=0x10c2,0x22a7,0x3714
  r61_witness[01] r61=14 tail=32 gh60=0x48847a6 W1=0x1bbc,0x25eb,0x38d9 W2=0x1ac9,0x1e1f,0x356f
  r61_witness[02] r61=14 tail=35 gh60=0x58a9f9e W1=0x1fa7,0x28c1,0x39cd W2=0x1eb4,0x1b25,0xc41
  r61_witness[03] r61=15 tail=26 gh60=0x76284fe W1=0x2a17,0x30c5,0x3e70 W2=0x2924,0x3bed,0x3abd
  r61_witness[04] r61=15 tail=31 gh60=0xf8984a6 W1=0x2333,0x3ffd,0x1d8c W2=0x2240,0x68,0x105d
  r61_witness[05] r61=15 tail=36 gh60=0x4a344ee W1=0x3520,0x3d23,0xb78 W2=0x342d,0x3a3a,0x1b6e
  r61_witness[06] r61=15 tail=36 gh60=0x4618cea W1=0x3921,0x33be,0x2497 W2=0x382e,0x865,0xc14
  r61_witness[07] r61=16 tail=26 gh60=0xce18bfa W1=0x1595,0x2263,0x3132 W2=0x14a2,0x23ee,0x8d1
  r61_witness[08] r61=16 tail=28 gh60=0x58884a6 W1=0x3d2b,0x2688,0x2b00 W2=0x3c38,0x35e3,0x1e29
  r61_witness[09] r61=16 tail=29 gh60=0x48b4baa W1=0x39be,0x32b,0x3131 W2=0x38cb,0xf63,0x20b4
  r61_witness[10] r61=16 tail=30 gh60=0x473ff6e W1=0xf60,0x3190,0x34d7 W2=0xe6d,0x16c0,0x135c
  r61_witness[11] r61=16 tail=31 gh60=0xce88daa W1=0x3671,0x3da1,0x1c4a W2=0x357e,0xd88,0x28a8
  r61_witness[12] r61=16 tail=32 gh60=0x3a0449a W1=0x3b0a,0x1678,0x2149 W2=0x3a17,0xf04,0x1cd5
  r61_witness[13] r61=16 tail=33 gh60=0x450cd6a W1=0x16ce,0xf73,0xbf4 W2=0x15db,0x1cc7,0x3174
  r61_witness[14] r61=16 tail=35 gh60=0x4604bfa W1=0x399a,0x221b,0x1d52 W2=0x38a7,0x1c9f,0x3d03
  r61_witness[15] r61=16 tail=36 gh60=0x44d849a W1=0x1c29,0x6a6,0x5c5 W2=0x1b36,0x3cb7,0x2c8c

D60=0 fiber histogram: 1:8240 2:4726 3:1791 4:1103 5:434 6:215 7:88 8:87 9:29 10:14 11:4 12:11 13:1 14:1 15:2 16:1 17:1 18:3 21:1
