free_word_mitm_reducedn
N=14 mask=0x3fff msb=0x2000
candidate: M0=0x3d36 mode=random-fallback fill=0x3fff kernel=dM0=dM9=0x2000
prefixes=32768/268435456 mode=permuted-prefix-sample w59_per_prefix=16384 total=536870912
run_mode=scan registry_cap=16
sample_start=23035904
scan_elapsed=20.707s rate=25.93 Mtriples/s

D60 interface
  D60=0 matches: 32967 (random expectation 32768.0, enrichment 1.006x)
  prefixes with D60=0: 16567
  max D60=0 fiber per prefix: 20 at W57=0x2bbd W58=0x3ea5
  largest D60 bucket: D=0x271e count=33780
  min D60 HW: 0
  D60 HW histogram: 0:32967 1:456444 2:2977505 3:11918305 4:32796246 5:65635116 6:98469858 7:112522245 8:98389202 9:65539426 10:32748123 11:11912802 12:2979587 13:460138 14:32948

Tail closure among D60=0 matches
  final tail collisions: 0
  best r61 HW: 12
  best r61 W1[57..59]=0x2910,0x1610,0x148d
  best r61 W2[57..59]=0x281d,0x2f8,0x86e
  best tail HW: 24
  best tail r61 HW: 19
  best W1[57..59]=0x1180,0x1bac,0xc93
  best W2[57..59]=0x108d,0x3e3c,0xa9e

SUMMARY N=14 sample_start=23035904 prefixes=32768 total=536870912 d0=32967 best_tail=24 tail_r61=19 best_r61=12 tail_W1=0x1180,0x1bac,0xc93 tail_W2=0x108d,0x3e3c,0xa9e r61_W1=0x2910,0x1610,0x148d r61_W2=0x281d,0x2f8,0x86e

Scan-only witness registry
  registry_count=16 registry_cap=16
  witness[00] tail=24 r61=19 gh60=0x46b7bae W1=0x1180,0x1bac,0xc93 W2=0x108d,0x3e3c,0xa9e
  witness[01] tail=24 r61=20 gh60=0x5a944ae W1=0x19f0,0x1b67,0x1651 W2=0x18fd,0x788,0x4d9
  witness[02] tail=24 r61=22 gh60=0xfe1cfea W1=0x78e,0x3321,0x1948 W2=0x69b,0x33b1,0x351b
  witness[03] tail=25 r61=18 gh60=0xcd285a6 W1=0x1cc3,0xca,0x2631 W2=0x1bd0,0x251f,0x593
  witness[04] tail=25 r61=24 gh60=0xba28ca6 W1=0x703,0x1c12,0x21a5 W2=0x610,0x17ce,0x2f6a
  witness[05] tail=25 r61=28 gh60=0x5984c9a W1=0x8ea,0xf77,0x10ee W2=0x7f7,0x30b6,0x39d4
  witness[06] tail=25 r61=29 gh60=0x55dc4fe W1=0x2b18,0x28be,0x2c61 W2=0x2a25,0x3be7,0x1b3e
  witness[07] tail=25 r61=29 gh60=0x7bf4d7a W1=0x36d6,0x17f7,0x27b W2=0x35e3,0xdc3,0x3b67
  witness[08] tail=26 r61=17 gh60=0xc49cdaa W1=0x16ae,0x35a0,0x55e W2=0x15bb,0x508,0x1c3f
  witness[09] tail=26 r61=19 gh60=0x3b87da6 W1=0xe7c,0x11e2,0x28e8 W2=0xd89,0x190d,0x2fcd
  witness[10] tail=26 r61=21 gh60=0x56e84fe W1=0x2517,0x25ef,0x16aa W2=0x2424,0x2107,0x2598
  witness[11] tail=26 r61=22 gh60=0xca08cee W1=0x191f,0x1620,0x1538 W2=0x182c,0x2e7,0x40d
  witness[12] tail=26 r61=25 gh60=0x493876e W1=0x33cf,0x3cba,0x36ec W2=0x32dc,0x1f4,0x362d
  witness[13] tail=26 r61=26 gh60=0x75bc4ba W1=0x1236,0x343c,0x2a1e W2=0x1143,0x297f,0x1377
  witness[14] tail=26 r61=26 gh60=0x56fc5e6 W1=0x129c,0x3c5c,0x3e2b W2=0x11a9,0x1d06,0x2df5
  witness[15] tail=26 r61=26 gh60=0x4e38dfa W1=0x3895,0x2afa,0xf56 W2=0x37a2,0x2755,0x34a7

Scan-only r61 registry
  registry_count=16 registry_cap=16
  r61_witness[00] r61=12 tail=27 gh60=0x4a14cee W1=0x2910,0x1610,0x148d W2=0x281d,0x2f8,0x86e
  r61_witness[01] r61=14 tail=29 gh60=0xca87ba6 W1=0x116c,0x790,0x1590 W2=0x1079,0x3b67,0x622
  r61_witness[02] r61=14 tail=31 gh60=0x491bb6a W1=0xdcd,0x11ed,0x3df7 W2=0xcda,0x2fe8,0x1be0
  r61_witness[03] r61=15 tail=31 gh60=0xc908b6e W1=0x154f,0x3ec,0x3923 W2=0x145c,0x607,0x346e
  r61_witness[04] r61=15 tail=32 gh60=0x44844a6 W1=0xc3c,0xdf3,0x29f W2=0xb49,0xd3f,0x294b
  r61_witness[05] r61=15 tail=32 gh60=0x588ffaa W1=0xfbe,0x334b,0x2940 W2=0xecb,0x2447,0x211d
  r61_witness[06] r61=16 tail=30 gh60=0x388c7aa W1=0xbae,0x19b0,0x1720 W2=0xabb,0x1bf9,0x2374
  r61_witness[07] r61=16 tail=30 gh60=0x476857a W1=0xcd5,0x124d,0x1f5d W2=0xbe2,0x575,0x9ff
  r61_witness[08] r61=16 tail=30 gh60=0x591bba6 W1=0x2dc3,0x29d4,0x196 W2=0x2cd0,0x2742,0x14e0
  r61_witness[09] r61=16 tail=31 gh60=0xc90bb6a W1=0xd51,0x121d,0x2aee W2=0xc5e,0x5c,0x2323
  r61_witness[10] r61=16 tail=31 gh60=0xc508d6e W1=0x36df,0x1426,0x857 W2=0x35ec,0x665,0x576
  r61_witness[11] r61=16 tail=32 gh60=0x4a0c4ea W1=0x41e,0x3a66,0x3ec6 W2=0x32b,0x491,0xf34
  r61_witness[12] r61=16 tail=33 gh60=0x4609ce6 W1=0x1f1b,0x1ffd,0xbb0 W2=0x1e28,0x3c01,0x21c7
  r61_witness[13] r61=16 tail=34 gh60=0x5c97cae W1=0x1030,0x522,0x3d53 W2=0xf3d,0x1202,0x3727
  r61_witness[14] r61=16 tail=34 gh60=0x4a08ce6 W1=0x280b,0x1eda,0x86a W2=0x2718,0x77c,0x1181
  r61_witness[15] r61=16 tail=36 gh60=0xc90876a W1=0x1be1,0x3cc5,0x9f7 W2=0x1aee,0x91b,0x3ec3

D60=0 fiber histogram: 1:8005 2:4811 3:1721 4:1118 5:423 6:230 7:93 8:85 9:22 10:20 11:14 12:14 13:4 14:4 15:1 16:1 20:1
