free_word_mitm_reducedn
N=14 mask=0x3fff msb=0x2000
candidate: M0=0x3d36 mode=random-fallback fill=0x3fff kernel=dM0=dM9=0x2000
prefixes=32768/268435456 mode=permuted-prefix-sample w59_per_prefix=16384 total=536870912
run_mode=scan registry_cap=16
sample_start=157253632
scan_elapsed=20.501s rate=26.19 Mtriples/s

D60 interface
  D60=0 matches: 32457 (random expectation 32768.0, enrichment 0.991x)
  prefixes with D60=0: 16553
  max D60=0 fiber per prefix: 17 at W57=0x3f97 W58=0x39ec
  largest D60 bucket: D=0x255b count=33918
  min D60 HW: 0
  D60 HW histogram: 0:32457 1:457521 2:2975365 3:11921967 4:32804505 5:65611537 6:98454007 7:112491959 8:98411293 9:65549673 10:32767312 11:11919155 12:2982209 13:459402 14:32550

Tail closure among D60=0 matches
  final tail collisions: 0
  best r61 HW: 14
  best r61 W1[57..59]=0x1211,0x3d77,0x1dcb
  best r61 W2[57..59]=0x111e,0x1301,0xe42
  best tail HW: 22
  best tail r61 HW: 23
  best W1[57..59]=0x979,0x1584,0x3b87
  best W2[57..59]=0x886,0x110f,0x11

SUMMARY N=14 sample_start=157253632 prefixes=32768 total=536870912 d0=32457 best_tail=22 tail_r61=23 best_r61=14 tail_W1=0x979,0x1584,0x3b87 tail_W2=0x886,0x110f,0x11 r61_W1=0x1211,0x3d77,0x1dcb r61_W2=0x111e,0x1301,0xe42

Scan-only witness registry
  registry_count=16 registry_cap=16
  witness[00] tail=22 r61=20 gh60=0xc965ca6 W1=0x2144,0x1e5d,0x303d W2=0x2051,0x2a1c,0x362b
  witness[01] tail=22 r61=23 gh60=0xc678bba W1=0x979,0x1584,0x3b87 W2=0x886,0x110f,0x11
  witness[02] tail=23 r61=20 gh60=0x468bcaa W1=0xef1,0x152c,0x385 W2=0xdfe,0x467,0x15c7
  witness[03] tail=24 r61=23 gh60=0xb7ebd7e W1=0x10d7,0x2288,0x21ef W2=0xfe4,0x12b7,0x3b9b
  witness[04] tail=24 r61=24 gh60=0xc9ebf7a W1=0xfd5,0x3cc5,0x3c9b W2=0xee2,0x18e0,0x2a8b
  witness[05] tail=25 r61=18 gh60=0xca844a6 W1=0x13ec,0x2b10,0x12c1 W2=0x12f9,0x3aee,0x1cb
  witness[06] tail=25 r61=19 gh60=0x4a945ae W1=0x3a80,0xd5d,0x1b72 W2=0x398d,0x286,0x418
  witness[07] tail=25 r61=20 gh60=0xb5e8ca6 W1=0x37f3,0x686,0x1b8c W2=0x3700,0x20b2,0x2c6e
  witness[08] tail=25 r61=20 gh60=0xcca84be W1=0x3a37,0x119d,0x3d42 W2=0x3944,0x2e3f,0xd6a
  witness[09] tail=25 r61=20 gh60=0xde085ee W1=0x3a8f,0x2c72,0x26dd W2=0x399c,0x22b4,0xa2e
  witness[10] tail=25 r61=21 gh60=0xcd8c5ae W1=0x1a70,0x3e74,0x3e27 W2=0x197d,0x32ad,0xea8
  witness[11] tail=25 r61=21 gh60=0x4e784e6 W1=0x2a0b,0x338,0x317 W2=0x2918,0xe1b,0x1227
  witness[12] tail=25 r61=21 gh60=0xcf1876a W1=0x33d1,0x4e,0x2e0b W2=0x32de,0x15a8,0x2005
  witness[13] tail=25 r61=22 gh60=0x55ec49e W1=0x1248,0x4c4,0x3eb9 W2=0x1155,0x112e,0x1bf9
  witness[14] tail=26 r61=16 gh60=0x496c4ea W1=0xb22,0x30d7,0x10d1 W2=0xa2f,0x3ab6,0x3de
  witness[15] tail=26 r61=16 gh60=0xca09dee W1=0x209f,0x876,0x351e W2=0x1fac,0x2aa5,0x75a

Scan-only r61 registry
  registry_count=16 registry_cap=16
  r61_witness[00] r61=14 tail=33 gh60=0x4a084ea W1=0x1211,0x3d77,0x1dcb W2=0x111e,0x1301,0xe42
  r61_witness[01] r61=14 tail=36 gh60=0x461bcea W1=0xe0d,0x2d93,0x3446 W2=0xd1a,0x20da,0xd19
  r61_witness[02] r61=16 tail=26 gh60=0x496c4ea W1=0xb22,0x30d7,0x10d1 W2=0xa2f,0x3ab6,0x3de
  r61_witness[03] r61=16 tail=26 gh60=0xca09dee W1=0x209f,0x876,0x351e W2=0x1fac,0x2aa5,0x75a
  r61_witness[04] r61=16 tail=26 gh60=0x47884aa W1=0x2431,0x298,0x2e6c W2=0x233e,0x918,0x3e4c
  r61_witness[05] r61=16 tail=30 gh60=0xbd2dd7a W1=0xd6,0x11b9,0x2eff W2=0x3fe3,0x3029,0x1e19
  r61_witness[06] r61=16 tail=30 gh60=0x491476a W1=0xb5e,0x2940,0x996 W2=0xa6b,0x2493,0x1e65
  r61_witness[07] r61=16 tail=30 gh60=0x4a2bda6 W1=0x3083,0xce5,0x33d5 W2=0x2f90,0x1047,0x3aad
  r61_witness[08] r61=16 tail=30 gh60=0xc518d7a W1=0x36d5,0x62d,0x321e W2=0x35e2,0x7f4,0x399b
  r61_witness[09] r61=16 tail=32 gh60=0xc688ca6 W1=0x15fb,0xa98,0x15e5 W2=0x1508,0x2ba4,0xabe
  r61_witness[10] r61=16 tail=33 gh60=0x449bdaa W1=0xec1,0x267a,0xf77 W2=0xdce,0x1d45,0x2e47
  r61_witness[11] r61=16 tail=35 gh60=0xf51456a W1=0xade,0x2a1e,0x20ed W2=0x9eb,0x2799,0x11a1
  r61_witness[12] r61=17 tail=26 gh60=0x4f8bcae W1=0x2eff,0x81,0x2948 W2=0x2e0c,0x5d8,0x38e9
  r61_witness[13] r61=17 tail=28 gh60=0x7a0bcea W1=0x110d,0x3420,0x3fbe W2=0x101a,0x2197,0x29ff
  r61_witness[14] r61=17 tail=28 gh60=0x55afdea W1=0x30a2,0x38ee,0xe83 W2=0x2faf,0x2fe6,0x65
  r61_witness[15] r61=17 tail=29 gh60=0xcbdbb9e W1=0x11a7,0x321a,0xde0 W2=0x10b4,0x1442,0x1a38

D60=0 fiber histogram: 1:8100 2:4755 3:1758 4:1097 5:388 6:228 7:88 8:74 9:26 10:22 11:5 12:5 13:3 14:2 16:1 17:1
