free_word_mitm_reducedn
N=14 mask=0x3fff msb=0x2000
candidate: M0=0x3d36 mode=random-fallback fill=0x3fff kernel=dM0=dM9=0x2000
prefixes=32768/268435456 mode=permuted-prefix-sample w59_per_prefix=16384 total=536870912
run_mode=scan registry_cap=16
sample_start=39813120
scan_elapsed=20.664s rate=25.98 Mtriples/s

D60 interface
  D60=0 matches: 32756 (random expectation 32768.0, enrichment 1.000x)
  prefixes with D60=0: 16509
  max D60=0 fiber per prefix: 16 at W57=0x398 W58=0x2c5e
  largest D60 bucket: D=0x2cf1 count=33871
  min D60 HW: 0
  D60 HW histogram: 0:32756 1:456054 2:2968788 3:11889456 4:32734474 5:65566590 6:98428350 7:112515678 8:98477378 9:65624752 10:32792772 11:11921138 12:2973366 13:457190 14:32170

Tail closure among D60=0 matches
  final tail collisions: 0
  best r61 HW: 13
  best r61 W1[57..59]=0x126c,0x19d4,0x71
  best r61 W2[57..59]=0x1179,0x3f8a,0x240f
  best tail HW: 20
  best tail r61 HW: 16
  best W1[57..59]=0x126,0x123e,0x117f
  best W2[57..59]=0x33,0x36cb,0x3a3c

SUMMARY N=14 sample_start=39813120 prefixes=32768 total=536870912 d0=32756 best_tail=20 tail_r61=16 best_r61=13 tail_W1=0x126,0x123e,0x117f tail_W2=0x33,0x36cb,0x3a3c r61_W1=0x126c,0x19d4,0x71 r61_W2=0x1179,0x3f8a,0x240f

Scan-only witness registry
  registry_count=16 registry_cap=16
  witness[00] tail=20 r61=16 gh60=0x4f55c9a W1=0x126,0x123e,0x117f W2=0x33,0x36cb,0x3a3c
  witness[01] tail=20 r61=20 gh60=0x7a34cfe W1=0x3618,0xced,0x88c W2=0x3525,0x1b45,0x557
  witness[02] tail=23 r61=19 gh60=0x5e54c9a W1=0x25e6,0x1f8d,0x24a3 W2=0x24f3,0x8e0,0x151e
  witness[03] tail=23 r61=25 gh60=0xda54cfa W1=0x3816,0x2db7,0x1140 W2=0x3723,0x1def,0x14d7
  witness[04] tail=23 r61=27 gh60=0xdb35d7e W1=0x1e58,0x1fec,0x2609 W2=0x1d65,0x241c,0x3017
  witness[05] tail=24 r61=18 gh60=0xca18ce6 W1=0x3913,0x1e73,0x3448 W2=0x3820,0xa99,0x1309
  witness[06] tail=24 r61=20 gh60=0x5e08be6 W1=0x158b,0x1440,0x6ea W2=0x1498,0x2e8e,0xd81
  witness[07] tail=24 r61=24 gh60=0x4a5db9e W1=0x2188,0x1916,0x1103 W2=0x2095,0xd03,0x31c7
  witness[08] tail=24 r61=24 gh60=0x7b1db66 W1=0x3d5c,0x1f04,0x3630 W2=0x3c69,0x2a55,0x358b
  witness[09] tail=25 r61=16 gh60=0x49884aa W1=0x24fd,0x3f02,0x679 W2=0x240a,0x6ee,0x299b
  witness[10] tail=25 r61=18 gh60=0x5fa859a W1=0x2a5,0x299b,0x322d W2=0x1b2,0x15c6,0x34b
  witness[11] tail=25 r61=18 gh60=0xc704566 W1=0x14dc,0x144b,0x1305 W2=0x13e9,0x1e6d,0x710
  witness[12] tail=25 r61=18 gh60=0xcb09b66 W1=0x1d5b,0x331b,0xf6f W2=0x1c68,0x3663,0x2008
  witness[13] tail=25 r61=20 gh60=0x790db6e W1=0x1de0,0x2744,0x1257 W2=0x1ced,0x2258,0x8
  witness[14] tail=25 r61=24 gh60=0xfcefde6 W1=0x10a4,0xe8d,0x102 W2=0xfb1,0xb66,0x29a5
  witness[15] tail=25 r61=25 gh60=0x5b3bc9a W1=0x1149,0x285f,0x2c72 W2=0x1056,0x38ef,0x81a

Scan-only r61 registry
  registry_count=16 registry_cap=16
  r61_witness[00] r61=13 tail=32 gh60=0x4d845a6 W1=0x126c,0x19d4,0x71 W2=0x1179,0x3f8a,0x240f
  r61_witness[01] r61=15 tail=30 gh60=0xb618c9a W1=0x805,0xdff,0x26e1 W2=0x712,0x318d,0x31ea
  r61_witness[02] r61=15 tail=33 gh60=0x468459a W1=0xc6a,0x2d11,0xbfa W2=0xb77,0x1baf,0x2b16
  r61_witness[03] r61=15 tail=34 gh60=0xd928b66 W1=0x15d3,0x1a4b,0x34b W2=0x14e0,0x3439,0xafb
  r61_witness[04] r61=15 tail=36 gh60=0x4ad5d9a W1=0x2066,0x1580,0x14a5 W2=0x1f73,0x2c65,0xe05
  r61_witness[05] r61=16 tail=20 gh60=0x4f55c9a W1=0x126,0x123e,0x117f W2=0x33,0x36cb,0x3a3c
  r61_witness[06] r61=16 tail=25 gh60=0x49884aa W1=0x24fd,0x3f02,0x679 W2=0x240a,0x6ee,0x299b
  r61_witness[07] r61=16 tail=28 gh60=0x3a844a6 W1=0x3afc,0x12d,0x3147 W2=0x3a09,0x21f9,0x900
  r61_witness[08] r61=16 tail=29 gh60=0x450c56a W1=0x3c5e,0x69,0x1f08 W2=0x3b6b,0xa70,0x2330
  r61_witness[09] r61=16 tail=30 gh60=0x4689bae W1=0x217f,0x1ce7,0x288e W2=0x208c,0x135e,0x575
  r61_witness[10] r61=16 tail=31 gh60=0x3b0db6a W1=0x1d4e,0x379a,0x158 W2=0x1c5b,0x3b96,0xe5
  r61_witness[11] r61=16 tail=31 gh60=0x4e08bea W1=0x359d,0x2d2,0x116f W2=0x34aa,0x54d,0xa0c
  r61_witness[12] r61=16 tail=32 gh60=0xcb2fda6 W1=0x10c4,0x3436,0x1684 W2=0xfd1,0x311d,0x3da3
  r61_witness[13] r61=16 tail=34 gh60=0x4a0bcea W1=0x310d,0x2a15,0x3932 W2=0x301a,0x2184,0xb2f
  r61_witness[14] r61=16 tail=35 gh60=0x4598daa W1=0x671,0x3c7d,0x679 W2=0x57e,0x3d64,0x3de1
  r61_witness[15] r61=16 tail=36 gh60=0xc609bea W1=0x21a1,0x1e4e,0x1e62 W2=0x20ae,0x1acd,0x1744

D60=0 fiber histogram: 1:7942 2:4761 3:1869 4:1047 5:403 6:250 7:86 8:75 9:31 10:23 11:9 12:6 13:2 14:2 15:2 16:1
