free_word_mitm_reducedn
N=14 mask=0x3fff msb=0x2000
candidate: M0=0x3d36 mode=random-fallback fill=0x3fff kernel=dM0=dM9=0x2000
prefixes=32768/268435456 mode=permuted-prefix-sample w59_per_prefix=16384 total=536870912
run_mode=scan registry_cap=16
sample_start=111181824
scan_elapsed=19.467s rate=27.58 Mtriples/s

D60 interface
  D60=0 matches: 32318 (random expectation 32768.0, enrichment 0.986x)
  prefixes with D60=0: 16470
  max D60=0 fiber per prefix: 25 at W57=0x3570 W58=0x3ed2
  largest D60 bucket: D=0x28be count=33740
  min D60 HW: 0
  D60 HW histogram: 0:32318 1:455046 2:2966180 3:11895043 4:32761131 5:65574009 6:98434451 7:112527819 8:98454990 9:65611005 10:32780257 11:11909286 12:2979541 13:457383 14:32453

Tail closure among D60=0 matches
  final tail collisions: 0
  best r61 HW: 14
  best r61 W1[57..59]=0x142c,0x37e0,0x2fda
  best r61 W2[57..59]=0x1339,0x73e,0x196
  best tail HW: 20
  best tail r61 HW: 17
  best W1[57..59]=0x125,0x35c8,0xeb
  best W2[57..59]=0x32,0x1650,0xcd1

SUMMARY N=14 sample_start=111181824 prefixes=32768 total=536870912 d0=32318 best_tail=20 tail_r61=17 best_r61=14 tail_W1=0x125,0x35c8,0xeb tail_W2=0x32,0x1650,0xcd1 r61_W1=0x142c,0x37e0,0x2fda r61_W2=0x1339,0x73e,0x196

Scan-only witness registry
  registry_count=16 registry_cap=16
  witness[00] tail=20 r61=17 gh60=0x5b69c9a W1=0x125,0x35c8,0xeb W2=0x32,0x1650,0xcd1
  witness[01] tail=21 r61=20 gh60=0xcb09f66 W1=0x1f5b,0x8e2,0x1135 W2=0x1e68,0x2a8a,0x56d
  witness[02] tail=22 r61=22 gh60=0x7bf44ea W1=0x150e,0x3be5,0x1798 W2=0x141b,0xff0,0x30f6
  witness[03] tail=23 r61=23 gh60=0xca7db66 W1=0x3de4,0x3ddf,0x3d35 W2=0x3cf1,0x58,0x3a72
  witness[04] tail=23 r61=24 gh60=0x49dcc9a W1=0x1606,0x33af,0x3629 W2=0x1513,0x2b3e,0x36ee
  witness[05] tail=23 r61=30 gh60=0x4b8cc9a W1=0x72a,0x3bd4,0xcbb W2=0x637,0x1e97,0x13d2
  witness[06] tail=24 r61=16 gh60=0xb48fdae W1=0x10c0,0x3e77,0x3a2b W2=0xfcd,0xb33,0x2851
  witness[07] tail=24 r61=18 gh60=0xcb88bae W1=0x96f,0x30df,0x605 W2=0x87c,0x2566,0x32b3
  witness[08] tail=24 r61=20 gh60=0x57944aa W1=0x32e,0x326a,0xc33 W2=0x23b,0x386b,0x2865
  witness[09] tail=24 r61=20 gh60=0x49b84aa W1=0x3d41,0xf77,0xd43 W2=0x3c4e,0x25a7,0x23f2
  witness[10] tail=24 r61=21 gh60=0xdd3457a W1=0xcd6,0x2d6b,0xf8b W2=0xbe3,0xc98,0x12a7
  witness[11] tail=24 r61=21 gh60=0xb988faa W1=0x3771,0x2d24,0x253b W2=0x367e,0x3aab,0x1ead
  witness[12] tail=24 r61=23 gh60=0xcabc4ae W1=0x31f0,0x314d,0x3c7 W2=0x30fd,0x1cee,0xdf9
  witness[13] tail=24 r61=26 gh60=0xc798d9a W1=0x16a5,0x22c5,0x252a W2=0x15b2,0x23a3,0x2fb8
  witness[14] tail=25 r61=18 gh60=0x495479a W1=0x3a6,0x2b12,0x29a W2=0x2b3,0x2cf2,0x1447
  witness[15] tail=25 r61=18 gh60=0x4aa8cba W1=0x28f9,0x19d5,0x1799 W2=0x2806,0x3c18,0x67b

Scan-only r61 registry
  registry_count=16 registry_cap=16
  r61_witness[00] r61=14 tail=28 gh60=0x45844a6 W1=0x142c,0x37e0,0x2fda W2=0x1339,0x73e,0x196
  r61_witness[01] r61=14 tail=35 gh60=0xc574d6e W1=0x2660,0xd32,0x33cf W2=0x256d,0x2e4e,0x23d9
  r61_witness[02] r61=15 tail=26 gh60=0x36047fa W1=0x139a,0x60,0x2269 W2=0x12a7,0x3fa5,0x3705
  r61_witness[03] r61=15 tail=27 gh60=0x48b5bae W1=0x1db0,0xde6,0x1b1a W2=0x1cbd,0x7ee,0x3439
  r61_witness[04] r61=15 tail=28 gh60=0x457849a W1=0x1c25,0x30bd,0x1419 W2=0x1b32,0x270a,0x2fc1
  r61_witness[05] r61=15 tail=29 gh60=0x489c4aa W1=0x53e,0x7a7,0x2167 W2=0x44b,0xd18,0x4c
  r61_witness[06] r61=15 tail=36 gh60=0xd8987ba W1=0x3bb5,0x3c99,0x24a2 W2=0x3ac2,0x3f6f,0x1caf
  r61_witness[07] r61=16 tail=24 gh60=0xb48fdae W1=0x10c0,0x3e77,0x3a2b W2=0xfcd,0xb33,0x2851
  r61_witness[08] r61=16 tail=28 gh60=0xd8ac4ba W1=0x1536,0x2032,0x1f14 W2=0x1443,0x16b5,0x2a7a
  r61_witness[09] r61=16 tail=28 gh60=0x4e05ce6 W1=0x1e1c,0x3cd7,0x35f7 W2=0x1d29,0x1cdc,0xad8
  r61_witness[10] r61=16 tail=30 gh60=0x4a1bf9a W1=0x2f85,0x33b3,0x2489 W2=0x2e92,0xc87,0x510
  r61_witness[11] r61=16 tail=31 gh60=0xbd2c59e W1=0x32c8,0xb44,0x1f6b W2=0x31d5,0x1fd6,0xd3f
  r61_witness[12] r61=16 tail=33 gh60=0x5a1c5a6 W1=0x3c84,0x1a61,0x22c5 W2=0x3b91,0x137,0x373d
  r61_witness[13] r61=16 tail=34 gh60=0xc8944aa W1=0x3b3e,0x35bb,0x363f W2=0x3a4b,0xe2c,0x3c5d
  r61_witness[14] r61=16 tail=34 gh60=0x4919b66 W1=0x3dd3,0x3f21,0x33a W2=0x3ce0,0x389,0x2134
  r61_witness[15] r61=16 tail=35 gh60=0x48b7fae W1=0xfb0,0x2f54,0x293c W2=0xebd,0x10a4,0x1277

D60=0 fiber histogram: 1:8072 2:4658 3:1810 4:1093 5:398 6:232 7:74 8:70 9:25 10:17 11:4 12:10 13:3 14:1 15:1 16:1 25:1
