free_word_mitm_reducedn
N=14 mask=0x3fff msb=0x2000
candidate: M0=0x3d36 mode=random-fallback fill=0x3fff kernel=dM0=dM9=0x2000
prefixes=32768/268435456 mode=permuted-prefix-sample w59_per_prefix=16384 total=536870912
run_mode=scan registry_cap=16
sample_start=237010944
scan_elapsed=19.257s rate=27.88 Mtriples/s

D60 interface
  D60=0 matches: 32155 (random expectation 32768.0, enrichment 0.981x)
  prefixes with D60=0: 16384
  max D60=0 fiber per prefix: 21 at W57=0x2da8 W58=0x1c71
  largest D60 bucket: D=0x94c count=33820
  min D60 HW: 0
  D60 HW histogram: 0:32155 1:455497 2:2971356 3:11899523 4:32757011 5:65562951 6:98397139 7:112503849 8:98483803 9:65629260 10:32796409 11:11918046 12:2975295 13:455790 14:32828

Tail closure among D60=0 matches
  final tail collisions: 0
  best r61 HW: 13
  best r61 W1[57..59]=0x349e,0x1ac,0x2022
  best r61 W2[57..59]=0x33ab,0xebb,0x2058
  best tail HW: 20
  best tail r61 HW: 22
  best W1[57..59]=0x282a,0x2e22,0xa24
  best W2[57..59]=0x2737,0x112d,0xd69

SUMMARY N=14 sample_start=237010944 prefixes=32768 total=536870912 d0=32155 best_tail=20 tail_r61=22 best_r61=13 tail_W1=0x282a,0x2e22,0xa24 tail_W2=0x2737,0x112d,0xd69 r61_W1=0x349e,0x1ac,0x2022 r61_W2=0x33ab,0xebb,0x2058

Scan-only witness registry
  registry_count=16 registry_cap=16
  witness[00] tail=20 r61=22 gh60=0xd49cc9a W1=0x282a,0x2e22,0xa24 W2=0x2737,0x112d,0xd69
  witness[01] tail=21 r61=21 gh60=0xde28cfa W1=0x3615,0xab9,0x2256 W2=0x3522,0x4fc,0x12e0
  witness[02] tail=22 r61=23 gh60=0xc66c766 W1=0xbe4,0x1272,0x13be W2=0xaf1,0x3548,0x3e2f
  witness[03] tail=22 r61=27 gh60=0xddf5d9a W1=0x3ea6,0x1626,0x294f W2=0x3db3,0x38a3,0x2c4c
  witness[04] tail=23 r61=18 gh60=0xf8884aa W1=0x1b41,0x3b39,0x27d6 W2=0x1a4e,0x11e9,0x3e51
  witness[05] tail=23 r61=24 gh60=0x4a984a6 W1=0x4fb,0x2ca3,0x96a W2=0x408,0x2a70,0x2641
  witness[06] tail=24 r61=18 gh60=0x4b0bd6e W1=0xecf,0x1319,0x2fd2 W2=0xddc,0x29e8,0x4ad
  witness[07] tail=24 r61=20 gh60=0xda044fa W1=0x251a,0x1e8c,0x2552 W2=0x2427,0x5c9,0xfbb
  witness[08] tail=24 r61=20 gh60=0x4e6cc9e W1=0x27e8,0xee8,0x32d W2=0x26f5,0xa5b,0x3a6e
  witness[09] tail=24 r61=24 gh60=0xcbbcbae W1=0x9b0,0x183a,0x52a W2=0x8bd,0xc42,0x24d6
  witness[10] tail=25 r61=17 gh60=0x4e24cea W1=0x712,0x1690,0x240a W2=0x61f,0x1d5c,0x2580
  witness[11] tail=25 r61=18 gh60=0x492877a W1=0xbd5,0x335d,0x24df W2=0xae2,0x2a35,0x1a75
  witness[12] tail=25 r61=21 gh60=0x5e8fdae W1=0x2e80,0x327d,0x3799 W2=0x2d8d,0xfa5,0x1eba
  witness[13] tail=25 r61=22 gh60=0x593849a W1=0x1d45,0x6bf,0x4 W2=0x1c52,0x3d06,0x7ad
  witness[14] tail=25 r61=23 gh60=0x49544be W1=0x1b38,0x6e0,0x1ab8 W2=0x1a45,0x2583,0x1b7
  witness[15] tail=25 r61=23 gh60=0x38e47ea W1=0x1ba2,0xe52,0x30b3 W2=0x1aaf,0xeb5,0x3e19

Scan-only r61 registry
  registry_count=16 registry_cap=16
  r61_witness[00] r61=13 tail=33 gh60=0x4a0c5ea W1=0x349e,0x1ac,0x2022 W2=0x33ab,0xebb,0x2058
  r61_witness[01] r61=14 tail=29 gh60=0x48884aa W1=0x353d,0x30c2,0x17dc W2=0x344a,0x52e,0xc6e
  r61_witness[02] r61=15 tail=30 gh60=0x5485ca6 W1=0x203c,0x1508,0x45 W2=0x1f49,0x1117,0x3d09
  r61_witness[03] r61=15 tail=32 gh60=0xba9fcae W1=0x1100,0x37f3,0x414 W2=0x100d,0x1943,0x3bec
  r61_witness[04] r61=15 tail=32 gh60=0x4a984a6 W1=0x21f3,0x19bb,0x1b3f W2=0x2100,0x6a6,0x1563
  r61_witness[05] r61=15 tail=35 gh60=0x4a0ddea W1=0x1e9e,0x11a2,0x773 W2=0x1dab,0x11f2,0x35d1
  r61_witness[06] r61=16 tail=28 gh60=0xc527daa W1=0x2ec2,0x15a2,0x333a W2=0x2dcf,0xe9a,0x1e36
  r61_witness[07] r61=16 tail=28 gh60=0x3609be6 W1=0x3d9b,0x3ff5,0x376d W2=0x3ca8,0x7b1,0x3783
  r61_witness[08] r61=16 tail=29 gh60=0x5a98fa6 W1=0x376b,0x429,0xba9 W2=0x3678,0x39ed,0x1b33
  r61_witness[09] r61=16 tail=30 gh60=0x4a184a6 W1=0x3b03,0x1d46,0xd50 W2=0x3a10,0x2e43,0x2921
  r61_witness[10] r61=16 tail=34 gh60=0x488bbaa W1=0x31b1,0x1d71,0x3fad W2=0x30be,0x688,0x1734
  r61_witness[11] r61=16 tail=37 gh60=0x5ad44ba W1=0x1bf6,0x25ea,0x123b W2=0x1b03,0x1ba9,0x1b3b
  r61_witness[12] r61=17 tail=25 gh60=0x4e24cea W1=0x712,0x1690,0x240a W2=0x61f,0x1d5c,0x2580
  r61_witness[13] r61=17 tail=27 gh60=0x46144ea W1=0x41e,0x1da5,0xca3 W2=0x32b,0x27d0,0x1b86
  r61_witness[14] r61=17 tail=29 gh60=0xc917b6e W1=0x2d50,0x3db1,0x1747 W2=0x2c5d,0x25d1,0x31ea
  r61_witness[15] r61=17 tail=30 gh60=0x788bca6 W1=0xf2b,0x312b,0x1b20 W2=0xe38,0x3c5,0x3f1a

D60=0 fiber histogram: 1:8009 2:4722 3:1771 4:1031 5:396 6:237 7:80 8:62 9:23 10:26 11:5 12:12 13:8 16:1 21:1
