free_word_mitm_reducedn
N=14 mask=0x3fff msb=0x2000
candidate: M0=0x3d36 mode=random-fallback fill=0x3fff kernel=dM0=dM9=0x2000
prefixes=32768/268435456 mode=permuted-prefix-sample w59_per_prefix=16384 total=536870912
run_mode=scan registry_cap=16
sample_start=52461568
scan_elapsed=19.597s rate=27.40 Mtriples/s

D60 interface
  D60=0 matches: 33267 (random expectation 32768.0, enrichment 1.015x)
  prefixes with D60=0: 16585
  max D60=0 fiber per prefix: 19 at W57=0xd42 W58=0x365c
  largest D60 bucket: D=0x2da3 count=34020
  min D60 HW: 0
  D60 HW histogram: 0:33267 1:456767 2:2978903 3:11907753 4:32780627 5:65591243 6:98406708 7:112503453 8:98454633 9:65600348 10:32780726 11:11909259 12:2976919 13:457300 14:33006

Tail closure among D60=0 matches
  final tail collisions: 0
  best r61 HW: 14
  best r61 W1[57..59]=0x2b5d,0x20aa,0x375e
  best r61 W2[57..59]=0x2a6a,0x19f0,0x1d7d
  best tail HW: 22
  best tail r61 HW: 24
  best W1[57..59]=0x24c8,0xe88,0x365e
  best W2[57..59]=0x23d5,0x14a6,0x1abd

SUMMARY N=14 sample_start=52461568 prefixes=32768 total=536870912 d0=33267 best_tail=22 tail_r61=24 best_r61=14 tail_W1=0x24c8,0xe88,0x365e tail_W2=0x23d5,0x14a6,0x1abd r61_W1=0x2b5d,0x20aa,0x375e r61_W2=0x2a6a,0x19f0,0x1d7d

Scan-only witness registry
  registry_count=16 registry_cap=16
  witness[00] tail=22 r61=24 gh60=0xc77c59e W1=0x24c8,0xe88,0x365e W2=0x23d5,0x14a6,0x1abd
  witness[01] tail=23 r61=17 gh60=0x4929b66 W1=0x1dd3,0x1b17,0x33d9 W2=0x1ce0,0x2787,0x324
  witness[02] tail=23 r61=19 gh60=0xce047e6 W1=0x3b9c,0xd76,0x16bd W2=0x3aa9,0x432,0x1ddc
  witness[03] tail=24 r61=17 gh60=0xb908f6e W1=0x374f,0x9a8,0x8f1 W2=0x365c,0x10eb,0x397
  witness[04] tail=24 r61=19 gh60=0xc6084ee W1=0x40f,0x2290,0x31e5 W2=0x31c,0xfb6,0x37e5
  witness[05] tail=24 r61=19 gh60=0x4f3476a W1=0x2bce,0x3ccc,0x303a W2=0x2adb,0x3933,0x1376
  witness[06] tail=24 r61=25 gh60=0xda7bb9e W1=0x3187,0x35a5,0x118d W2=0x3094,0x1c7d,0x36d3
  witness[07] tail=25 r61=20 gh60=0x491476a W1=0xbce,0x3ec2,0x2c55 W2=0xadb,0x121,0x2d4
  witness[08] tail=25 r61=21 gh60=0xd90477a W1=0x13da,0x1ddc,0x1f8d W2=0x12e7,0x1cb5,0x2690
  witness[09] tail=25 r61=23 gh60=0xcd78d6e W1=0x26df,0x3875,0x3949 W2=0x25ec,0x25b8,0x184a
  witness[10] tail=25 r61=24 gh60=0x48f84e6 W1=0x2323,0x3672,0x3757 W2=0x2230,0x33e9,0x3022
  witness[11] tail=25 r61=25 gh60=0x5b78b6a W1=0x2951,0xabf,0x3d72 W2=0x285e,0xcbe,0xb4f
  witness[12] tail=25 r61=26 gh60=0xfeec59e W1=0x468,0x2f2f,0x51c W2=0x375,0x357b,0x225
  witness[13] tail=25 r61=26 gh60=0xb67fc9a W1=0x100a,0x3d2,0x3e14 W2=0xf17,0x1517,0x1752
  witness[14] tail=25 r61=28 gh60=0xfa2cdfa W1=0x696,0x3ac0,0x20d8 W2=0x5a3,0x1d20,0x3f3e
  witness[15] tail=26 r61=16 gh60=0x4908b6a W1=0x5d1,0x706,0x25c7 W2=0x4de,0xd45,0x24d8

Scan-only r61 registry
  registry_count=16 registry_cap=16
  r61_witness[00] r61=14 tail=29 gh60=0x4908b6a W1=0x5dd,0x10bd,0x838 W2=0x4ea,0x6a4,0xdce
  r61_witness[01] r61=14 tail=34 gh60=0x590876a W1=0x2b5d,0x20aa,0x375e W2=0x2a6a,0x19f0,0x1d7d
  r61_witness[02] r61=15 tail=28 gh60=0x4a684fa W1=0x3219,0x293a,0x3cdb W2=0x3126,0x20c2,0x3c91
  r61_witness[03] r61=15 tail=30 gh60=0xc895caa W1=0x3f2e,0x798,0x8b7 W2=0x3e3b,0xd98,0xb17
  r61_witness[04] r61=15 tail=33 gh60=0x4898faa W1=0x17bd,0x164d,0x3ac4 W2=0x16ca,0x1450,0x3682
  r61_witness[05] r61=15 tail=33 gh60=0x4908b66 W1=0x39db,0x16df,0x30b0 W2=0x38e8,0x24a9,0x5e8
  r61_witness[06] r61=15 tail=34 gh60=0x4a044e6 W1=0x3d1c,0x12b2,0x1ec0 W2=0x3c29,0xd86,0x29b
  r61_witness[07] r61=15 tail=36 gh60=0x490c766 W1=0x3cc,0x118c,0x8c9 W2=0x2d9,0x3646,0x1edd
  r61_witness[08] r61=16 tail=26 gh60=0x4908b6a W1=0x5d1,0x706,0x25c7 W2=0x4de,0xd45,0x24d8
  r61_witness[09] r61=16 tail=29 gh60=0xc688ca6 W1=0x8eb,0x880,0x269b W2=0x7f8,0x31c,0x25b6
  r61_witness[10] r61=16 tail=30 gh60=0xca087ee W1=0xb9f,0x1da,0xf33 W2=0xaac,0x399c,0x36bc
  r61_witness[11] r61=16 tail=31 gh60=0x4a644a6 W1=0x34f4,0x1517,0x196c W2=0x3401,0x3303,0x30ba
  r61_witness[12] r61=16 tail=32 gh60=0xca8bca6 W1=0x10fb,0x2ad7,0x3883 W2=0x1008,0x1861,0x204
  r61_witness[13] r61=16 tail=33 gh60=0xca084ea W1=0x21d,0xf68,0x29d1 W2=0x12a,0x131e,0x2b5d
  r61_witness[14] r61=16 tail=35 gh60=0x4d1456e W1=0xc60,0x3642,0x2376 W2=0xb6d,0x1d85,0x3213
  r61_witness[15] r61=16 tail=37 gh60=0x4a845ba W1=0xc7a,0x2d44,0x2789 W2=0xb87,0x1cd3,0x268f

D60=0 fiber histogram: 1:7894 2:4832 3:1775 4:1155 5:430 6:263 7:80 8:74 9:31 10:24 11:9 12:5 13:3 15:1 16:5 17:1 18:2 19:1
