free_word_mitm_reducedn
N=14 mask=0x3fff msb=0x2000
candidate: M0=0x3d36 mode=random-fallback fill=0x3fff kernel=dM0=dM9=0x2000
prefixes=32768/268435456 mode=permuted-prefix-sample w59_per_prefix=16384 total=536870912
run_mode=scan registry_cap=64
sample_start=50593792
scan_elapsed=19.064s rate=28.16 Mtriples/s

D60 interface
  D60=0 matches: 32708 (random expectation 32768.0, enrichment 0.998x)
  prefixes with D60=0: 16630
  max D60=0 fiber per prefix: 18 at W57=0x1ebf W58=0x7d0
  largest D60 bucket: D=0x95e count=33760
  min D60 HW: 0
  D60 HW histogram: 0:32708 1:456241 2:2975510 3:11925139 4:32820210 5:65645432 6:98459386 7:112483156 8:98371485 9:65557979 10:32760567 11:11918238 12:2975241 13:457282 14:32338

Tail closure among D60=0 matches
  final tail collisions: 0
  best r61 HW: 10
  best r61 W1[57..59]=0x1daa,0x3bd0,0x7f6
  best r61 W2[57..59]=0x1cb7,0x2d19,0xf1a
  best tail HW: 19
  best tail r61 HW: 10
  best W1[57..59]=0x1daa,0x3bd0,0x7f6
  best W2[57..59]=0x1cb7,0x2d19,0xf1a

SUMMARY N=14 sample_start=50593792 prefixes=32768 total=536870912 d0=32708 best_tail=19 tail_r61=10 best_r61=10 tail_W1=0x1daa,0x3bd0,0x7f6 tail_W2=0x1cb7,0x2d19,0xf1a r61_W1=0x1daa,0x3bd0,0x7f6 r61_W2=0x1cb7,0x2d19,0xf1a

Scan-only witness registry
  registry_count=64 registry_cap=64
  witness[00] tail=19 r61=10 gh60=0xc885b9a W1=0x1daa,0x3bd0,0x7f6 W2=0x1cb7,0x2d19,0xf1a
  witness[01] tail=19 r61=18 gh60=0xdb0cb9a W1=0x29ca,0x33d7,0x3bda W2=0x28d7,0x1f2a,0x2690
  witness[02] tail=21 r61=17 gh60=0x48ac4ea W1=0x1d22,0x3249,0x355b W2=0x1c2f,0x6a4,0x10f
  witness[03] tail=23 r61=17 gh60=0x4c95daa W1=0x20ae,0x59a,0xaec W2=0x1fbb,0x182,0x318a
  witness[04] tail=23 r61=19 gh60=0x44a859a W1=0x3ca5,0xa7a,0x100c W2=0x3bb2,0x89f,0x1954
  witness[05] tail=23 r61=20 gh60=0x4c884aa W1=0xa31,0x2bcc,0x184f W2=0x93e,0x304c,0x10c8
  witness[06] tail=23 r61=21 gh60=0x4edc5ba W1=0x476,0x1b20,0x2397 W2=0x383,0x383b,0x222e
  witness[07] tail=23 r61=24 gh60=0x7f0856e W1=0x324f,0x3978,0x1964 W2=0x315c,0x30aa,0x3055
  witness[08] tail=23 r61=27 gh60=0xc6e5ce6 W1=0x1f14,0x95c,0x2808 W2=0x1e21,0x3611,0x2497
  witness[09] tail=24 r61=18 gh60=0x78f4b9a W1=0x19a6,0x2fd7,0x2b6b W2=0x18b3,0x3c2a,0x1b17
  witness[10] tail=24 r61=22 gh60=0x4fe7da6 W1=0x2eb4,0xafd,0x1032 W2=0x2dc1,0x3450,0x36d
  witness[11] tail=25 r61=17 gh60=0x4989ba6 W1=0x217b,0x3b9,0x1dd3 W2=0x2088,0xa6b,0x38e4
  witness[12] tail=25 r61=19 gh60=0xc62c5a6 W1=0x2484,0x28a,0x309d W2=0x2391,0x1a5e,0x1ac2
  witness[13] tail=25 r61=19 gh60=0xd99c4aa W1=0x2b3e,0x2f5c,0x1e9a W2=0x2a4b,0x36cd,0x3ddf
  witness[14] tail=25 r61=20 gh60=0xcd6bd66 W1=0x3053,0x2d,0x1cf9 W2=0x2f60,0x309,0x25e2
  witness[15] tail=25 r61=22 gh60=0xcae45a6 W1=0x32c4,0x20ad,0x3f53 W2=0x31d1,0x2311,0x1ca6

Scan-only r61 registry
  registry_count=64 registry_cap=64
  r61_witness[00] r61=10 tail=19 gh60=0xc885b9a W1=0x1daa,0x3bd0,0x7f6 W2=0x1cb7,0x2d19,0xf1a
  r61_witness[01] r61=14 tail=31 gh60=0x49884a6 W1=0x3cfb,0x3dd0,0x1128 W2=0x3c08,0xc9b,0x1fb9
  r61_witness[02] r61=15 tail=29 gh60=0xc6abda6 W1=0x2e73,0x15b7,0x1a12 W2=0x2d80,0x3f85,0x33ad
  r61_witness[03] r61=15 tail=30 gh60=0x4a0bfee W1=0xf9f,0x551,0xd75 W2=0xeac,0x270c,0x19d2
  r61_witness[04] r61=15 tail=33 gh60=0x4a1fcee W1=0xe20,0x35ca,0x3468 W2=0xd2d,0x916,0x270a
  r61_witness[05] r61=16 tail=28 gh60=0x7e0bde6 W1=0xe8b,0x32f1,0x3be0 W2=0xd98,0x3629,0x3288
  r61_witness[06] r61=16 tail=28 gh60=0x4508d6e W1=0x365f,0x16fe,0x6a4 W2=0x356c,0x1125,0x953
  r61_witness[07] r61=16 tail=29 gh60=0x5b04566 W1=0x24dc,0x1d5f,0xeeb W2=0x23e9,0x147d,0x11d8
  r61_witness[08] r61=16 tail=32 gh60=0xc50fd6e W1=0xe50,0x247c,0x3191 W2=0xd5d,0x3b2c,0x3bcb
  r61_witness[09] r61=16 tail=33 gh60=0x4a2cb9e W1=0x988,0x1693,0x2ef7 W2=0x895,0xc76,0x628
  r61_witness[10] r61=16 tail=33 gh60=0xc919b66 W1=0x1ddb,0x1c4c,0x25d0 W2=0x1ce8,0x279c,0x284a
  r61_witness[11] r61=16 tail=36 gh60=0x392877a W1=0x3b59,0x3b18,0x1a7a W2=0x3a66,0x5fc,0x1970
  r61_witness[12] r61=16 tail=37 gh60=0x4c84c9a W1=0x82a,0x16a9,0x5 W2=0x737,0x37ac,0x2f69
  r61_witness[13] r61=16 tail=37 gh60=0xc708d6a W1=0x36e1,0x35c9,0x1bda W2=0x35ee,0x808,0xd52
  r61_witness[14] r61=17 tail=21 gh60=0x48ac4ea W1=0x1d22,0x3249,0x355b W2=0x1c2f,0x6a4,0x10f
  r61_witness[15] r61=17 tail=23 gh60=0x4c95daa W1=0x20ae,0x59a,0xaec W2=0x1fbb,0x182,0x318a

D60=0 fiber histogram: 1:8183 2:4727 3:1780 4:1077 5:390 6:230 7:83 8:70 9:32 10:26 11:11 12:9 13:3 14:5 15:1 16:1 17:1 18:1
