free_word_mitm_reducedn
N=14 mask=0x3fff msb=0x2000
candidate: M0=0x3d36 mode=random-fallback fill=0x3fff kernel=dM0=dM9=0x2000
prefixes=32768/268435456 mode=permuted-prefix-sample w59_per_prefix=16384 total=536870912
run_mode=scan registry_cap=16
sample_start=44761088
scan_elapsed=16.351s rate=32.83 Mtriples/s

D60 interface
  D60=0 matches: 32664 (random expectation 32768.0, enrichment 0.997x)
  prefixes with D60=0: 16629
  max D60=0 fiber per prefix: 20 at W57=0x3039 W58=0x380c
  largest D60 bucket: D=0x3239 count=33859
  min D60 HW: 0
  D60 HW histogram: 0:32664 1:459043 2:2978867 3:11930862 4:32807982 5:65613839 6:98426432 7:112490763 8:98433280 9:65569211 10:32757209 11:11905495 12:2974051 13:458674 14:32540

Tail closure among D60=0 matches
  final tail collisions: 0
  best r61 HW: 13
  best r61 W1[57..59]=0x8d2,0x2ce4,0x2ca8
  best r61 W2[57..59]=0x7df,0x3958,0x380e
  best tail HW: 22
  best tail r61 HW: 19
  best W1[57..59]=0x11da,0xaf0,0x27ad
  best W2[57..59]=0x10e7,0x25e4,0x34a1

SUMMARY N=14 sample_start=44761088 prefixes=32768 total=536870912 d0=32664 best_tail=22 tail_r61=19 best_r61=13 tail_W1=0x11da,0xaf0,0x27ad tail_W2=0x10e7,0x25e4,0x34a1 r61_W1=0x8d2,0x2ce4,0x2ca8 r61_W2=0x7df,0x3958,0x380e

Scan-only witness registry
  registry_count=16 registry_cap=16
  witness[00] tail=22 r61=19 gh60=0xf907b7a W1=0x11da,0xaf0,0x27ad W2=0x10e7,0x25e4,0x34a1
  witness[01] tail=23 r61=21 gh60=0x568bdae W1=0x306f,0xd8f,0x2cb4 W2=0x2f7c,0x20d2,0x1277
  witness[02] tail=23 r61=21 gh60=0xfd284a6 W1=0x3443,0x2ad6,0x3bbc W2=0x3350,0x751,0x378
  witness[03] tail=23 r61=23 gh60=0xca1c7e6 W1=0x3b94,0x386e,0x1b7 W2=0x3aa1,0x30cc,0x1913
  witness[04] tail=24 r61=20 gh60=0xf9dc4fa W1=0x2a16,0x33d6,0x2951 W2=0x2923,0x1b0f,0x123d
  witness[05] tail=25 r61=22 gh60=0xcbe849a W1=0x3545,0x8c3,0x1bda W2=0x3452,0x3e90,0x1b5b
  witness[06] tail=25 r61=23 gh60=0xce15dee W1=0x20a0,0xb1b,0x3efb W2=0x1fad,0x2d4b,0x2f10
  witness[07] tail=25 r61=23 gh60=0x597cf7a W1=0x275a,0x3402,0x3d53 W2=0x2667,0x2412,0x179e
  witness[08] tail=25 r61=24 gh60=0xde0bce6 W1=0xe0b,0x22b0,0x258e W2=0xd18,0x25d8,0xfbc
  witness[09] tail=25 r61=24 gh60=0xde2ccfe W1=0x2818,0x130c,0x367a W2=0x2725,0xf64,0x26bb
  witness[10] tail=25 r61=26 gh60=0x4bb8dba W1=0x18b5,0x3f89,0x392 W2=0x17c2,0x3960,0x1baa
  witness[11] tail=26 r61=16 gh60=0x4a28dfe W1=0x697,0x1dfc,0x2dde W2=0x5a4,0x243b,0x28bf
  witness[12] tail=26 r61=17 gh60=0xca887aa W1=0x236d,0xd98,0x1825 W2=0x227a,0x5c,0x3c9
  witness[13] tail=26 r61=18 gh60=0xcb0459a W1=0x3aca,0xbc2,0x26bc W2=0x39d7,0x7aa,0x230d
  witness[14] tail=26 r61=20 gh60=0xca54dba W1=0x1676,0x2d64,0x2c0f W2=0x1583,0x1dbc,0x3746
  witness[15] tail=26 r61=20 gh60=0xcb9dfba W1=0x1fba,0x7c4,0x2a73 W2=0x1ec7,0x37c0,0x337c

Scan-only r61 registry
  registry_count=16 registry_cap=16
  r61_witness[00] r61=13 tail=29 gh60=0xcd24d6a W1=0x8d2,0x2ce4,0x2ca8 W2=0x7df,0x3958,0x380e
  r61_witness[01] r61=14 tail=28 gh60=0x48bc4a6 W1=0xb2c,0x2bc0,0x1674 W2=0xa39,0x3c1c,0x690
  r61_witness[02] r61=14 tail=30 gh60=0x562879e W1=0x1387,0x2d6b,0x1979 W2=0x1294,0x3808,0x368d
  r61_witness[03] r61=14 tail=31 gh60=0xda84cba W1=0x5fa,0x127a,0xa5e W2=0x507,0x3af2,0x300a
  r61_witness[04] r61=14 tail=32 gh60=0x4488caa W1=0x3631,0x36d6,0x2eb9 W2=0x353e,0xe55,0x5f2
  r61_witness[05] r61=15 tail=32 gh60=0x58a849e W1=0x1d27,0x1a1c,0x1b8 W2=0x1c34,0x284d,0x3e8
  r61_witness[06] r61=16 tail=26 gh60=0x4a28dfe W1=0x697,0x1dfc,0x2dde W2=0x5a4,0x243b,0x28bf
  r61_witness[07] r61=16 tail=32 gh60=0x4a045fa W1=0x3a9a,0x1925,0x1bd5 W2=0x39a7,0x123a,0x2260
  r61_witness[08] r61=16 tail=34 gh60=0x4b87cba W1=0x10fa,0x2a7f,0x3aa9 W2=0x1007,0x3b2f,0x2733
  r61_witness[09] r61=16 tail=35 gh60=0x4b1bda6 W1=0xec3,0x1ae9,0xcd5 W2=0xdd0,0x23f,0x98c
  r61_witness[10] r61=16 tail=36 gh60=0xd608cee W1=0x380f,0x39cd,0x10fd W2=0x371c,0x35b8,0xb5d
  r61_witness[11] r61=16 tail=38 gh60=0x4a1bfa6 W1=0xf83,0x1d87,0xcb9 W2=0xe90,0x2ef1,0x1ae
  r61_witness[12] r61=17 tail=26 gh60=0xca887aa W1=0x236d,0xd98,0x1825 W2=0x227a,0x5c,0x3c9
  r61_witness[13] r61=17 tail=28 gh60=0x4a085e6 W1=0x29b,0x1c68,0x328b W2=0x1a8,0x3015,0x1319
  r61_witness[14] r61=17 tail=28 gh60=0x4e8c4aa W1=0x4ee,0x2a9,0x118d W2=0x3fb,0x7aa,0x354a
  r61_witness[15] r61=17 tail=29 gh60=0xc6345ea W1=0x3c8e,0x13cc,0x21d2 W2=0x3b9b,0x1f6f,0x1f1a

D60=0 fiber histogram: 1:8194 2:4676 3:1776 4:1120 5:425 6:212 7:87 8:62 9:30 10:21 11:8 12:9 13:4 14:2 15:1 17:1 20:1
