free_word_mitm_reducedn
N=14 mask=0x3fff msb=0x2000
candidate: M0=0x3d36 mode=random-fallback fill=0x3fff kernel=dM0=dM9=0x2000
prefixes=32768/268435456 mode=permuted-prefix-sample w59_per_prefix=16384 total=536870912
run_mode=scan registry_cap=16
sample_start=212729856
scan_elapsed=15.854s rate=33.86 Mtriples/s

D60 interface
  D60=0 matches: 33112 (random expectation 32768.0, enrichment 1.010x)
  prefixes with D60=0: 16704
  max D60=0 fiber per prefix: 20 at W57=0x1e41 W58=0x341f
  largest D60 bucket: D=0x3050 count=33816
  min D60 HW: 0
  D60 HW histogram: 0:33112 1:457758 2:2977942 3:11920494 4:32803080 5:65593712 6:98417347 7:112492433 8:98429937 9:65585340 10:32787158 11:11906395 12:2976667 13:457092 14:32445

Tail closure among D60=0 matches
  final tail collisions: 0
  best r61 HW: 14
  best r61 W1[57..59]=0x372f,0x3643,0x42
  best r61 W2[57..59]=0x363c,0x21a2,0xa56
  best tail HW: 22
  best tail r61 HW: 18
  best W1[57..59]=0x3c9a,0x3a6a,0x3378
  best W2[57..59]=0x3ba7,0x35ff,0x1fba

SUMMARY N=14 sample_start=212729856 prefixes=32768 total=536870912 d0=33112 best_tail=22 tail_r61=18 best_r61=14 tail_W1=0x3c9a,0x3a6a,0x3378 tail_W2=0x3ba7,0x35ff,0x1fba r61_W1=0x372f,0x3643,0x42 r61_W2=0x363c,0x21a2,0xa56

Scan-only witness registry
  registry_count=16 registry_cap=16
  witness[00] tail=22 r61=18 gh60=0xce1c5fa W1=0x3c9a,0x3a6a,0x3378 W2=0x3ba7,0x35ff,0x1fba
  witness[01] tail=22 r61=25 gh60=0x4998cae W1=0x38ef,0x333a,0x2a78 W2=0x37fc,0x1d19,0x1e11
  witness[02] tail=22 r61=27 gh60=0xce6bb9a W1=0x3169,0x3dfe,0x28c1 W2=0x3076,0x2496,0x1ff3
  witness[03] tail=23 r61=21 gh60=0xc7a5f66 W1=0x3f64,0x2b74,0x576 W2=0x3e71,0x1555,0x2945
  witness[04] tail=24 r61=15 gh60=0x4b08d66 W1=0x26db,0x3fa6,0x2ef W2=0x25e8,0x1d64,0xfe4
  witness[05] tail=24 r61=16 gh60=0x5739d6a W1=0x4d,0x3f,0x3ae8 W2=0x3f5a,0x60e,0x3dc4
  witness[06] tail=24 r61=20 gh60=0xda0c4e6 W1=0x321c,0x906,0x3b2b W2=0x3129,0x33c8,0x2809
  witness[07] tail=24 r61=22 gh60=0xd60c5e6 W1=0x129c,0xa1e,0x348a W2=0x11a9,0x2ac8,0x360c
  witness[08] tail=24 r61=24 gh60=0x3e0fce6 W1=0x2e0c,0x2b80,0x2d99 W2=0x2d19,0x3891,0x144c
  witness[09] tail=24 r61=25 gh60=0x4e7459e W1=0x1468,0x18a2,0x27fc W2=0x1375,0x2eea,0x33ce
  witness[10] tail=24 r61=27 gh60=0xdbf8d9a W1=0x3669,0x8e9,0x163 W2=0x3576,0x3867,0x3354
  witness[11] tail=24 r61=28 gh60=0x5b37f7e W1=0x2f58,0x3ae2,0x1042 W2=0x2e65,0x2122,0x2252
  witness[12] tail=25 r61=15 gh60=0x5a787ea W1=0x2b9d,0x2aa9,0x228f W2=0x2aaa,0x1c67,0x1a3c
  witness[13] tail=25 r61=21 gh60=0xb698caa W1=0x37f1,0x188a,0x28ed W2=0x36fe,0x2a89,0x35e3
  witness[14] tail=25 r61=22 gh60=0xbaa4b66 W1=0x964,0x3975,0x2f47 W2=0x871,0x3f74,0x2b57
  witness[15] tail=25 r61=22 gh60=0xcd04d66 W1=0x36dc,0xc8a,0x1edd W2=0x35e9,0x3345,0x33f8

Scan-only r61 registry
  registry_count=16 registry_cap=16
  r61_witness[00] r61=14 tail=29 gh60=0x4888cae W1=0x372f,0x3643,0x42 W2=0x363c,0x21a2,0xa56
  r61_witness[01] r61=14 tail=38 gh60=0x4ea9cba W1=0x3ef9,0x2a62,0x365c W2=0x3e06,0x1121,0x5c6
  r61_witness[02] r61=15 tail=24 gh60=0x4b08d66 W1=0x26db,0x3fa6,0x2ef W2=0x25e8,0x1d64,0xfe4
  r61_witness[03] r61=15 tail=25 gh60=0x5a787ea W1=0x2b9d,0x2aa9,0x228f W2=0x2aaa,0x1c67,0x1a3c
  r61_witness[04] r61=15 tail=29 gh60=0x4fe8cba W1=0x28f9,0x22e,0x223c W2=0x2806,0x2471,0x2fd3
  r61_witness[05] r61=15 tail=30 gh60=0x4c89caa W1=0x3e2d,0x1e0d,0x363c W2=0x3d3a,0x23c8,0xf75
  r61_witness[06] r61=15 tail=31 gh60=0x4ae84fa W1=0x3215,0x306b,0x1b31 W2=0x3122,0x282f,0x1a27
  r61_witness[07] r61=15 tail=32 gh60=0x5878ba6 W1=0x39ab,0x329b,0xd20 W2=0x38b8,0x66f,0x2c7a
  r61_witness[08] r61=15 tail=33 gh60=0x4607de6 W1=0xe9c,0x3d77,0x2caa W2=0xda9,0xa0,0x32f1
  r61_witness[09] r61=15 tail=36 gh60=0x4b09d6e W1=0x1ecf,0x2477,0x3ebc W2=0x1ddc,0x104a,0x20df
  r61_witness[10] r61=16 tail=24 gh60=0x5739d6a W1=0x4d,0x3f,0x3ae8 W2=0x3f5a,0x60e,0x3dc4
  r61_witness[11] r61=16 tail=27 gh60=0x4a04f9a W1=0x278a,0x3bb0,0x3c62 W2=0x2697,0x298f,0x2a53
  r61_witness[12] r61=16 tail=29 gh60=0x4a0cdea W1=0x288e,0x507,0x26a6 W2=0x279b,0x1e7,0xccc
  r61_witness[13] r61=16 tail=30 gh60=0xcf08d6a W1=0x6dd,0x2145,0x2bfb W2=0x5ea,0x367c,0x3e9
  r61_witness[14] r61=16 tail=31 gh60=0xcb08b66 W1=0x19db,0x2343,0x2205 W2=0x18e8,0x3915,0x173d
  r61_witness[15] r61=16 tail=32 gh60=0x4a74f9a W1=0x786,0x367e,0x1015 W2=0x693,0x3661,0x3e01

D60=0 fiber histogram: 1:8074 2:4822 3:1815 4:1099 5:410 6:236 7:100 8:73 9:31 10:17 11:8 12:7 13:4 14:2 15:2 16:2 20:2
