free_word_mitm_reducedn
N=14 mask=0x3fff msb=0x2000
candidate: M0=0x3d36 mode=random-fallback fill=0x3fff kernel=dM0=dM9=0x2000
prefixes=32768/268435456 mode=permuted-prefix-sample w59_per_prefix=16384 total=536870912
run_mode=scan registry_cap=16
sample_start=221118464
scan_elapsed=15.899s rate=33.77 Mtriples/s

D60 interface
  D60=0 matches: 32755 (random expectation 32768.0, enrichment 1.000x)
  prefixes with D60=0: 16565
  max D60=0 fiber per prefix: 20 at W57=0xedd W58=0x18d2
  largest D60 bucket: D=0x1574 count=33753
  min D60 HW: 0
  D60 HW histogram: 0:32755 1:459788 2:2985507 3:11921682 4:32790214 5:65589807 6:98407993 7:112474814 8:98412061 9:65614375 10:32790385 11:11917940 12:2982324 13:458552 14:32715

Tail closure among D60=0 matches
  final tail collisions: 0
  best r61 HW: 10
  best r61 W1[57..59]=0x13bd,0x5ea,0x3d29
  best r61 W2[57..59]=0x12ca,0x82e,0x113f
  best tail HW: 18
  best tail r61 HW: 15
  best W1[57..59]=0x23ff,0x429,0x101e
  best W2[57..59]=0x230c,0x3439,0x1835

SUMMARY N=14 sample_start=221118464 prefixes=32768 total=536870912 d0=32755 best_tail=18 tail_r61=15 best_r61=10 tail_W1=0x23ff,0x429,0x101e tail_W2=0x230c,0x3439,0x1835 r61_W1=0x13bd,0x5ea,0x3d29 r61_W2=0x12ca,0x82e,0x113f

Scan-only witness registry
  registry_count=16 registry_cap=16
  witness[00] tail=18 r61=15 gh60=0x3ab84ae W1=0x23ff,0x429,0x101e W2=0x230c,0x3439,0x1835
  witness[01] tail=21 r61=10 gh60=0xc8887aa W1=0x13bd,0x5ea,0x3d29 W2=0x12ca,0x82e,0x113f
  witness[02] tail=22 r61=19 gh60=0xc768c9a W1=0x745,0x2f23,0x184e W2=0x652,0x1475,0x2cc7
  witness[03] tail=23 r61=17 gh60=0x5ba8bba W1=0x39b9,0xdd1,0xf3d W2=0x38c6,0x19ec,0x3765
  witness[04] tail=24 r61=21 gh60=0xda7c4aa W1=0x2b02,0x28d0,0x21ba W2=0x2a0f,0x3125,0x3787
  witness[05] tail=24 r61=22 gh60=0xd5944aa W1=0x222e,0x9e,0x1539 W2=0x213b,0x4df,0xa71
  witness[06] tail=24 r61=23 gh60=0x4494caa W1=0x262e,0xd45,0x3915 W2=0x253b,0x1585,0x2659
  witness[07] tail=25 r61=17 gh60=0x4a0bcee W1=0x110f,0x2f76,0xcc0 W2=0x101c,0x3cd1,0x1698
  witness[08] tail=25 r61=18 gh60=0x4788daa W1=0x671,0x203f,0x2836 W2=0x57e,0x2126,0x3670
  witness[09] tail=25 r61=19 gh60=0xb8b9faa W1=0x1fad,0xf3f,0x3e07 W2=0x1eba,0x3b52,0x1808
  witness[10] tail=25 r61=20 gh60=0xce844ba W1=0x34fa,0x3441,0xf0 W2=0x3407,0x2974,0x271e
  witness[11] tail=25 r61=22 gh60=0x5c885aa W1=0xac1,0x396b,0x3c2f W2=0x9ce,0x36f3,0x3bc7
  witness[12] tail=25 r61=22 gh60=0x49a456a W1=0x24e2,0x3de3,0x11 W2=0x23ef,0x6aa,0x976
  witness[13] tail=25 r61=24 gh60=0x590cb6a W1=0x254e,0x28e9,0x2f52 W2=0x245b,0x2ae9,0x267a
  witness[14] tail=25 r61=27 gh60=0x5e8bcaa W1=0xffd,0x38d4,0x2f3e W2=0xf0a,0x25ff,0x1b5c
  witness[15] tail=26 r61=18 gh60=0xdf8c4aa W1=0x3a2e,0x3506,0x2750 W2=0x393b,0xac7,0x675

Scan-only r61 registry
  registry_count=16 registry_cap=16
  r61_witness[00] r61=10 tail=21 gh60=0xc8887aa W1=0x13bd,0x5ea,0x3d29 W2=0x12ca,0x82e,0x113f
  r61_witness[01] r61=14 tail=29 gh60=0x4488dae W1=0x36af,0x194b,0x74c W2=0x35bc,0x1082,0x3360
  r61_witness[02] r61=14 tail=33 gh60=0x4908b6e W1=0x155f,0xc8d,0xb7e W2=0x146c,0xe9c,0x3a08
  r61_witness[03] r61=15 tail=18 gh60=0x3ab84ae W1=0x23ff,0x429,0x101e W2=0x230c,0x3439,0x1835
  r61_witness[04] r61=15 tail=27 gh60=0xc91876e W1=0x3bdf,0x16d3,0x11b5 W2=0x3aec,0x1901,0xfb5
  r61_witness[05] r61=15 tail=32 gh60=0xc5884a6 W1=0x3fb,0x2e2,0x3363 W2=0x308,0x30af,0xe77
  r61_witness[06] r61=15 tail=33 gh60=0xd604bfa W1=0x59a,0x3427,0x3f46 W2=0x4a7,0x26eb,0x21c5
  r61_witness[07] r61=15 tail=37 gh60=0x4489daa W1=0x1ead,0x925,0x1190 W2=0x1dba,0x16f8,0x2efb
  r61_witness[08] r61=16 tail=29 gh60=0x5888caa W1=0x272d,0x19bf,0x2477 W2=0x263a,0x1e3a,0xaa7
  r61_witness[09] r61=16 tail=29 gh60=0x4707c9a W1=0x2f4a,0x3797,0x3615 W2=0x2e57,0xe1c,0x49a
  r61_witness[10] r61=16 tail=30 gh60=0x4728f7e W1=0x757,0x2396,0x3e82 W2=0x664,0x1fd9,0xe6d
  r61_witness[11] r61=16 tail=30 gh60=0x4e247ea W1=0x2392,0x2759,0x1db9 W2=0x229f,0x1a2c,0x1dab
  r61_witness[12] r61=16 tail=30 gh60=0x3a087ea W1=0x3391,0x187f,0x20ab W2=0x329e,0x2e51,0xf17
  r61_witness[13] r61=16 tail=31 gh60=0x38887aa W1=0x13c1,0x53c,0x1314 W2=0x12ce,0x1784,0x581
  r61_witness[14] r61=16 tail=31 gh60=0x4a084ea W1=0x2b21,0x14d9,0xd10 W2=0x2a2e,0x1d03,0x33d2
  r61_witness[15] r61=16 tail=31 gh60=0x4aa44a6 W1=0x2bf4,0x3db4,0x1a4b W2=0x2b01,0x1aa2,0x2c86

D60=0 fiber histogram: 1:7954 2:4770 3:1885 4:1125 5:413 6:190 7:94 8:74 9:22 10:18 11:5 12:5 13:2 14:2 15:1 16:2 17:1 20:2
