c --- [ banner ] -------------------------------------------------------------
c 
c CaDiCaL SAT Solver
c Copyright (c) 2016-2025
c A. Biere, M. Fleury, N. Froleyks, K. Fazekas, F. Pollitt, T. Faller
c JKU Linz, University of Freiburg, TU Wien
c 
c Version 3.0.0
c Apple clang version 17.0.0 (clang-1700.6.3.2) -Wall -Wextra -O3 -DNDEBUG -DNCLOSEFROM
c Tue Dec 23 21:53:38 UTC 2025 Darwin Tahoe-arm64.local 25.2.0 arm64
c 
c --- [ limit ] --------------------------------------------------------------
c 
c setting conflict limit to 1000000 conflicts (due to '1000000')
c 
c --- [ parsing input ] ------------------------------------------------------
c 
c reading DIMACS file from 'cnfs_n32/sr61_cascade_m9cfea9ce_f00000000_bit31.cnf'
c opening file to read 'cnfs_n32/sr61_cascade_m9cfea9ce_f00000000_bit31.cnf'
c found 'p cnf 11221 47509' header
c parsed 47509 clauses in 0.01 seconds process time
c 
c --- [ options ] ------------------------------------------------------------
c 
c   --seed=7                       (different from default '0')
c 
c --- [ solving ] ------------------------------------------------------------
c 
c time measured in process time since initialization
c 
c  seconds  reduction conflicts       size tier2       variables
c         MB    restarts   redundant    glue  trail         remaining
c          level     rate       size/glu tier1  irredundant
c 
c *  0.01  0  0 0   0  0    0    0 0.0 0 0 2 6  0% 47444 11220 100%
c (  0.01  0  0 0   0  0    0    0 0.0 0 0 2 6  0% 47444 11220 100%
c .  0.01  0  0 0   0  0    0    0 0.0 0 0 2 6  0% 47444 11220 100%
c c  0.02  0  0 0   0  0    0    0 0.0 0 0 2 6  0% 46052 11220 100%
c d  0.02  0  0 0   0  0    0    0 0.0 0 0 2 6  0% 43696 10043 90%
c 2  0.02  0  0 0   0  0    0    0 0.0 0 0 2 6  0% 43536 10043 90%
c f  0.03  0  0 0   0  0    0    0 0.0 0 0 2 6  0% 43268 10311 92%
c e  0.05  0  0 0   0  0    0    0 0.0 0 0 2 6  0% 41840 7607 68%
c s  0.05  0  0 0   0  0    0    0 0.0 0 0 2 6  0% 41835 7607 68%
c s  0.05  0  0 0   0  0    0    0 0.0 0 0 2 6  0% 41824 7607 68%
c P  0.05  0  0 0   0  0    0    0 0.0 0 0 2 6  0% 41824 7607 68%
c )  0.05  0  0 0   0  0    0    0 0.0 0 0 2 6  0% 41824 7607 68%
c {  0.05  0  0 0   0  0    0    0 0.0 0 0 2 6  0% 41824 7607 68%
c -  0.06  0 438 1   6 10  301  238 1.6 4 2 2 6  7% 41824 7607 68%
c -  0.06  0 317 2  46 29  734  586 1.5 5 3 2 6  7% 41824 7607 68%
c }  0.06  0 264 2  83 27 1001  809 1.5 5 3 2 6  7% 41824 7607 68%
c [  0.06  0  0 2  83  0 1001  809 0.0 0 0 2 6  0% 41824 7607 68%
c O  0.06  0 495 2  83 496 1002  810 1.6 13 8 2 6 20% 41824 7607 68%
c -  0.07  0 473 3  83  3 1411  925 1.9 21 11 2 6 20% 41824 7607 68%
c ]  0.07  0 469 3  83  2 1783 1269 2.0 26 13 2 6 20% 41824 7607 68%
c 
c  seconds   reduction conflicts       size tier2      variables
c         MB     restarts   redundant    glue  trail        remaining
c           level     rate       size/glu tier1  irredundant
c 
c {  0.07  0 264 3  83 27 1783 1269 1.5 5 3 2 6  7% 41824 7607 68%
c 2  0.08  0 299 3 135 26 2186 1625 1.5 5 3 2 6 13% 41762 7607 68%
c p  0.08  0 299 3 135 26 2186 1627 1.5 5 3 2 6 13% 41742 7591 68%
c c  0.09  0 299 3 135 26 2186 1627 1.5 5 3 2 6 13% 41724 7591 68%
c d  0.09  0 299 3 135 26 2186 1623 1.5 5 3 2 6 13% 41710 7584 68%
c 2  0.09  0 299 3 135 26 2186 1623 1.5 5 3 2 6 13% 41706 7584 68%
c -  0.10  0 281 4 151 25 2351 1411 1.5 5 3 2 6 12% 41706 7584 68%
c O  0.10  0 220 4 233 21 3003 1991 1.6 5 3 2 6 11% 41706 7584 68%
c -  0.11  0 186 5 354 19 3564 2174 1.6 6 4 2 6 10% 41706 7584 68%
c }  0.11  0 170 5 423 18 4010 2568 1.6 6 4 2 6 12% 41706 7584 68%
c [  0.11  0 469 5 423  2 4010 2568 2.0 26 13 2 6 30% 41706 7584 68%
c s  0.12  0 407 5 423  2 4161 2693 2.0 26 13 2 6 32% 41686 7584 68%
c e  0.14  0 407 5 423  2 4161 2093 2.0 26 13 2 6 32% 41573 7085 63%
c s  0.14  0 407 5 423  2 4161 2062 2.0 26 13 2 6 32% 41427 7085 63%
c c  0.16  0 299 5 424  3 4688 2471 2.2 25 11 2 6 29% 41402 7071 63%
c d  0.16  0 299 5 424  3 4688 2468 2.2 25 11 2 6 29% 41394 7067 63%
c =  0.17  0 299 5 424  3 4688 2468 2.2 25 11 2 6 29% 41326 7016 63%
c -  0.18  0 277 6 424  2 5057 2227 1.9 30 16 3 10 27% 41326 7016 63%
c ]  0.19  0 250 6 425  2 5559 2709 2.0 34 17 2 4 26% 41326 7016 63%
c {  0.19  0 170 6 425 18 5559 2709 1.6 6 4 2 6 12% 41326 7016 63%
c 
c  seconds   reduction conflicts       size tier2      variables
c         MB     restarts   redundant    glue  trail        remaining
c           level     rate       size/glu tier1  irredundant
c 
c #  0.20  0 156 6 539 18 6004 3107 1.6 7 4 2 6 11% 41326 7016 63%
c -  0.21  0 137 7 694 17 6840 2689 1.7 7 4 2 3 10% 41326 7016 63%
c c  0.23  0 129 7 790 17 7291 3081 1.7 8 4 2 3 10% 41320 7015 63%
c =  0.23  0 129 7 790 17 7291 3081 1.7 8 4 2 3 10% 41262 6936 62%
c f  0.24  0 129 7 790 17 7291 3081 1.7 8 4 2 3  9% 41007 7190 64%
c -  0.26  0 113 8 1041 15 8907 3534 1.7 8 5 2 3  9% 41007 7190 64%
c }  0.27  0 108 8 1182 15 9545 4104 1.7 8 5 2 3  9% 41007 7190 64%
c [  0.27  0 250 8 1182  2 9545 4104 2.0 34 17 2 4 25% 41007 7190 64%
c c  0.29  0 223 8 1182  2 9988 4493 2.1 33 16 2 4 23% 40987 7189 64%
c =  0.29  0 223 8 1182  2 9988 4493 2.1 33 16 2 4 23% 40982 7134 64%
c t  0.29  0 223 8 1182  2 9988 4492 2.1 33 16 2 4 23% 40982 7134 64%
c I  0.30  0 223 8 1182  2 10006 4507 2.1 33 16 2 4 23% 40982 7134 64%
c -  0.32  0 182 9 1182  2 11266 4239 2.1 32 15 2 4 20% 40982 7134 64%
c =  0.36  0 159 9 1184  2 12775 5652 2.1 34 16 2 4 19% 40938 7101 63%
c ]  0.37  0 150 9 1184  2 13412 6175 2.1 32 16 2 3 18% 40938 7101 63%
c {  0.37  0 108 9 1184 15 13412 6175 1.7 8 5 2 3  9% 40938 7101 63%
c -  0.38  0 104 10 1278 15 13919 4862 1.7 8 5 2 3  9% 40938 7101 63%
c s  0.39  0 101 10 1312 14 14352 5000 1.7 8 5 2 3  9% 39939 7101 63%
c t  0.39  0 101 10 1312 14 14352 4999 1.7 8 5 2 3  9% 39939 7101 63%
c e  0.40  0 101 10 1312 14 14352 4685 1.7 8 5 2 3  9% 39937 6867 61%
c 
c  seconds   reductions   conflicts       size tier2      variables
c         MB      restarts     redundant    glue  trail        remaining
c           level       rate        size/glu tier1  irredundant
c 
c s  0.40  0 101 10 1312 14 14352 4624 1.7 8 5 2 3  9% 39719 6867 61%
c B  0.41  0 99 10 1386 14 15007 5181 1.7 9 5 2 3 11% 39709 6867 61%
c 2  0.42  0 97 10 1495 14 15640 5699 1.7 9 5 2 3 11% 39709 6867 61%
c =  0.43  0 97 10 1495 14 15640 5649 1.7 9 5 2 3 11% 39645 6804 61%
c f  0.44  0 97 10 1495 14 15640 5649 1.7 9 5 2 3 10% 39567 6864 61%
c -  0.46  0 93 11 1701 14 16869 5404 1.8 9 5 2 3 11% 39567 6864 61%
c d  0.48  0 89 11 1986 13 18591 6728 1.8 9 5 2 3 11% 39563 6837 61%
c c  0.49  0 89 11 1986 13 18591 6728 1.8 9 5 2 3 11% 39489 6837 61%
c d  0.49  0 89 11 1986 13 18591 6657 1.8 9 5 2 3 11% 39463 6824 61%
c 2  0.49  0 89 11 1986 13 18591 6656 1.8 9 5 2 3 11% 39457 6824 61%
c =  0.50  0 89 11 1986 13 18591 6656 1.8 9 5 2 3 11% 39441 6745 60%
c u  0.50  0 89 11 1986 13 18591 5983 1.8 9 5 2 3 11% 39417 6745 60%
c v  0.50  0 89 11 1986 13 18591 5860 1.8 9 5 2 3 11% 39417 6745 60%
c w  0.51  0 89 11 1986 13 18591 5858 1.8 9 5 2 3 11% 39417 6745 60%
c x  0.51  0 89 11 1986 13 18591 5856 1.8 9 5 2 3 11% 39372 6745 60%
c t  0.51  0 89 11 1986 13 18591 5853 1.8 9 5 2 3 11% 39370 6745 60%
c }  0.52  0 85 11 2153 13 19987 7051 1.8 9 5 2 3 11% 39370 6745 60%
c [  0.52  0 150 11 2153  2 19987 7051 2.1 32 16 2 3 20% 39370 6745 60%
c -  0.53  0 149 12 2153  2 20116 5571 2.1 32 15 2 3 21% 39370 6745 60%
c B  0.55  0 144 12 2154  2 21008 6414 2.2 33 15 2 3 22% 39370 6745 60%
c 
c  seconds   reductions   conflicts       size   tier2      variables
c         MB      restarts     redundant     glue   trail        remaining
c           level       rate        size/glue  tier1  irredundant
c 
c 2  0.55  0 142 12 2154  2 21601 6978 2.2 33 15 1 2 23% 39368 6745 60%
c d  0.56  0 142 12 2154  2 21601 6931 2.2 33 15 1 2 23% 39368 6735 60%
c c  0.56  0 142 12 2154  2 21601 6931 2.2 33 15 1 2 23% 39292 6735 60%
c d  0.57  0 142 12 2154  2 21601 6907 2.2 33 15 1 2 23% 39276 6727 60%
c =  0.57  0 142 12 2154  2 21601 6907 2.2 33 15 1 2 23% 39276 6655 59%
c f  0.58  0 142 12 2154  2 21601 6905 2.2 33 15 1 2 23% 39187 6735 60%
c -  0.62  0 136 13 2155  2 23666 6196 2.3 35 16 1 2 24% 39187 6735 60%
c =  0.65  0 132 13 2155  2 24680 7159 2.3 36 15 1 2 25% 39178 6722 60%
c ]  0.69  0 135 13 2156  2 27352 9680 2.2 37 17 1 2 25% 39178 6722 60%
c {  0.69  0 85 13 2156 13 27352 9680 1.8 9 5 2 3 11% 39178 6722 60%
c -  0.70  0 85 14 2200 13 27511 6603 1.8 9 5 2 3 11% 39178 6722 60%
c d  0.70  0 84 14 2239 13 27818 6860 1.8 9 5 2 3 11% 39178 6720 60%
c 2  0.70  0 84 14 2239 13 27818 6860 1.8 9 5 2 3 11% 39176 6720 60%
c =  0.71  0 84 14 2239 13 27818 6860 1.8 9 5 2 3 11% 39154 6703 60%
c f  0.72  0 84 14 2239 13 27818 6858 1.8 9 5 2 3 11% 39146 6709 60%
c W  0.73  0 84 14 2270 13 28010 7036 1.8 10 5 2 3 11% 39146 6709 60%
c s  0.76  0 81 14 2489 13 29544 8136 1.8 10 5 2 3 11% 37802 6709 60%
c t  0.76  0 81 14 2489 13 29544 8135 1.8 10 5 2 3 11% 37802 6709 60%
c e  0.76  0 81 14 2489 13 29544 7173 1.8 10 5 2 3 11% 37779 6588 59%
c s  0.77  0 81 14 2489 13 29544 7091 1.8 10 5 2 3 11% 37716 6588 59%
c 
c  seconds  reductions   conflicts       size  tier2      variables
c         MB     restarts     redundant     glue  trail        remaining
c          level       rate        size/glue tier1  irredundant
c 
c e  0.77  0 81 14 2489 13 29544 7048 1.8 10 5 2 3 11% 37705 6585 59%
c -  0.80  0 78 15 2844 12 31659 6997 1.8 10 6 2 3 10% 37705 6585 59%
c 2  0.80  0 78 15 2844 12 31659 6981 1.8 10 6 2 3 10% 37705 6585 59%
c d  0.80  0 78 15 2844 12 31659 6960 1.8 10 6 2 3 10% 37705 6580 59%
c c  0.81  0 78 15 2844 12 31659 6960 1.8 10 6 2 3 10% 37685 6580 59%
c d  0.81  0 78 15 2844 12 31659 6952 1.8 10 6 2 3 10% 37677 6576 59%
c 2  0.81  0 78 15 2844 12 31659 6952 1.8 10 6 2 3 10% 37673 6576 59%
c =  0.82  0 78 15 2844 12 31659 6921 1.8 10 6 2 3 10% 37577 6436 57%
c }  0.89  0 74 15 3566 12 35837 10719 1.8 11 6 2 3 11% 37577 6436 57%
c [  0.89  0 135 15 3566  2 35837 10719 2.2 37 17 1 2 25% 37577 6436 57%
c W  0.90  0 134 15 3566  2 36011 10891 2.2 37 17 1 2 25% 37577 6436 57%
c -  0.90  0 134 16 3566  2 36109 8517 2.2 37 17 1 2 25% 37577 6436 57%
c d  0.91  0 134 16 3566  2 36109 8478 2.2 37 17 1 2 25% 37577 6433 57%
c p  0.91  0 134 16 3566  2 36109 8503 2.2 37 17 1 2 25% 37577 6433 57%
c c  0.91  0 134 16 3566  2 36109 8503 2.2 37 17 1 2 25% 37487 6433 57%
c d  0.92  0 134 16 3566  2 36109 8488 2.2 37 17 1 2 25% 37471 6425 57%
c 2  0.92  0 134 16 3566  2 36109 8488 2.2 37 17 1 2 25% 37469 6425 57%
c =  0.93  0 134 16 3566  2 36109 8488 2.2 37 17 1 2 25% 37468 6359 57%
c u  0.93  0 134 16 3566  2 36109 7402 2.2 37 17 1 2 25% 37214 6359 57%
c v  0.93  0 134 16 3566  2 36109 7179 2.2 37 17 1 2 25% 37214 6359 57%
c 
c  seconds   reductions   conflicts       size   tier2      variables
c         MB      restarts     redundant     glue   trail        remaining
c           level       rate        size/glue  tier1  irredundant
c 
c w  0.93  0 134 16 3566  2 36109 7179 2.2 37 17 1 2 25% 37214 6359 57%
c f  0.94  0 134 16 3566  2 36109 7163 2.2 37 17 1 2 24% 37185 6392 57%
c -  1.04  0 126 17 3570  2 40859 7974 2.4 42 18 1 2 24% 37185 6392 57%
c d  1.04  0 126 17 3570  2 40859 7958 2.4 42 18 1 2 24% 37185 6389 57%
c c  1.05  0 126 17 3570  2 40859 7958 2.4 42 18 1 2 24% 37157 6389 57%
c d  1.05  0 126 17 3570  2 40859 7947 2.4 42 18 1 2 24% 37151 6386 57%
c 2  1.05  0 126 17 3570  2 40859 7947 2.4 42 18 1 2 24% 37147 6386 57%
c =  1.06  0 126 17 3570  2 40859 7933 2.4 42 18 1 2 24% 36797 6226 55%
c ]  1.15  0 122 17 3572  2 44931 11840 2.4 43 18 1 2 30% 36797 6226 55%
c {  1.15  0 74 17 3572 12 44931 11840 1.8 11 6 2 3 12% 36797 6226 55%
c F  1.16  0 74 17 3593 12 45013 11915 1.8 11 6 2 3 12% 36797 6226 55%
c -  1.17  0 73 18 3740 12 45912 8702 1.8 11 6 2 3 12% 36797 6226 55%
c 2  1.17  0 73 18 3740 12 45912 8702 1.8 11 6 2 3 12% 36795 6226 55%
c p  1.17  0 73 18 3740 12 45912 8755 1.8 11 6 2 3 12% 36795 6226 55%
c c  1.18  0 73 18 3740 12 45912 8755 1.8 11 6 2 3 12% 36783 6226 55%
c =  1.19  0 73 18 3740 12 45912 8754 1.8 11 6 2 3 12% 36764 6146 55%
c f  1.20  0 73 18 3740 12 45912 8754 1.8 11 6 2 3 12% 36722 6187 55%
c s  1.27  0 71 18 4335 12 49686 11810 1.8 11 6 2 3 12% 34885 6187 55%
c e  1.28  0 71 18 4335 12 49686 11353 1.8 11 6 2 3 12% 29232 5334 48%
c s  1.28  0 71 18 4335 12 49686 11286 1.8 11 6 2 3 12% 29220 5334 48%
c 
c  seconds  reductions   conflicts        size  tier2      variables
c         MB     restarts      redundant     glue  trail        remaining
c          level       rate         size/glue tier1  irredundant
c 
c e  1.28  0 71 18 4335 12 49686 11252 1.8 11 6 2 3 12% 29219 5333 48%
c -  1.32  0 70 19 4688 12 51268 9648 1.8 11 6 2 3 15% 29219 5333 48%
c 2  1.32  0 70 19 4688 12 51268 9645 1.8 11 6 2 3 15% 29219 5333 48%
c p  1.32  0 70 19 4688 12 51268 9931 1.8 11 6 2 3 15% 29215 5329 47%
c =  1.34  0 70 19 4688 12 51268 9911 1.8 11 6 2 3 15% 29206 5324 47%
c u  1.35  0 70 19 4688 12 51268 9486 1.8 11 6 2 3 15% 29206 5324 47%
c v  1.35  0 70 19 4688 12 51268 9383 1.8 11 6 2 3 15% 29206 5324 47%
c x  1.35  0 70 19 4688 12 51268 9383 1.8 11 6 2 3 15% 29201 5324 47%
c t  1.35  0 70 19 4688 12 51268 9380 1.8 11 6 2 3 15% 29201 5324 47%
c f  1.35  0 70 19 4688 12 51268 9369 1.8 11 6 2 3 15% 29165 5370 48%
c B  1.42  0 68 19 5322 12 55015 12839 1.9 12 6 2 3 15% 29165 5370 48%
c }  1.42  0 68 19 5360 12 55192 13003 1.9 12 6 2 3 15% 29165 5370 48%
c [  1.42  0 122 19 5360  2 55192 13003 2.4 43 18 1 2 35% 29165 5370 48%
c -  1.47  0 120 20 5360  2 56929 10733 2.5 45 18 1 2 36% 29165 5370 48%
c d  1.47  0 120 20 5360  2 56929 10721 2.5 45 18 1 2 36% 29150 5368 48%
c p  1.47  0 120 20 5360  2 56929 10756 2.5 45 18 1 2 36% 29150 5368 48%
c 2  1.47  0 120 20 5360  2 56929 10756 2.5 45 18 1 2 36% 29148 5368 48%
c =  1.48  0 120 20 5360  2 56929 10736 2.5 45 18 1 2 36% 29134 5364 48%
c f  1.48  0 120 20 5360  2 56929 10726 2.5 45 18 1 2 36% 29140 5368 48%
c -  1.62  0 116 21 5361  1 62894 11669 2.5 47 19 1 2 32% 29140 5368 48%
c 
c  seconds   reductions   conflicts        size   tier2      variables
c         MB      restarts      redundant     glue   trail        remaining
c           level       rate         size/glue  tier1  irredundant
c 
c p  1.63  0 116 21 5361  1 62894 11670 2.5 47 19 1 2 32% 29140 5368 48%
c =  1.64  0 116 21 5361  1 62894 11670 2.5 47 19 1 2 32% 29137 5365 48%
c u  1.65  0 116 21 5361  1 62894 11242 2.5 47 19 1 2 32% 29130 5365 48%
c v  1.65  0 116 21 5361  1 62894 11164 2.5 47 19 1 2 32% 29130 5365 48%
c w  1.65  0 116 21 5361  1 62894 11163 2.5 47 19 1 2 32% 29130 5365 48%
c 2  1.65  0 116 21 5361  1 62894 11160 2.5 47 19 1 2 32% 29130 5365 48%
c O  1.73  0 113 21 5361  1 66016 14152 2.4 49 20 1 2 31% 29130 5365 48%
c ]  1.76  0 112 21 5362  1 67473 15531 2.4 48 20 1 2 31% 29130 5365 48%
c {  1.76  0 68 21 5362 12 67473 15531 1.9 12 6 2 3 15% 29130 5365 48%
c -  1.80  0 67 22 5733 12 69163 11997 1.9 12 6 2 3 15% 29130 5365 48%
c p  1.80  0 67 22 5733 12 69163 12202 1.9 12 6 2 3 15% 29130 5365 48%
c f  1.82  0 67 22 5733 12 69163 12127 1.9 12 6 2 3 15% 29173 5391 48%
c s  1.93  0 66 22 6692 12 74225 16530 1.9 12 7 1 2 15% 29128 5391 48%
c t  1.93  0 66 22 6692 12 74225 16530 1.9 12 7 1 2 15% 29126 5391 48%
c e  1.93  0 66 22 6692 12 74225 16122 1.9 12 7 1 2 15% 28245 5229 47%
c s  1.94  0 66 22 6692 12 74225 16062 1.9 12 7 1 2 15% 28233 5229 47%
c e  1.94  0 66 22 6692 12 74225 16058 1.9 12 7 1 2 15% 28232 5228 47%
c -  1.98  0 66 23 7049 12 75737 11151 1.9 13 7 1 2 15% 28232 5228 47%
c 2  1.98  0 66 23 7049 12 75737 11148 1.9 13 7 1 2 15% 28232 5228 47%
c d  1.98  0 66 23 7049 12 75737 11147 1.9 13 7 1 2 15% 28231 5227 47%
c 
c  seconds  reductions   conflicts        size  tier2      variables
c         MB     restarts      redundant     glue  trail        remaining
c          level       rate         size/glue tier1  irredundant
c 
c p  1.99  0 66 23 7049 12 75737 11792 1.9 13 7 1 2 15% 28231 5227 47%
c 2  1.99  0 66 23 7049 12 75737 11791 1.9 13 7 1 2 15% 28231 5227 47%
c u  1.99  0 66 23 7049 12 75737 11226 1.9 13 7 1 2 15% 28231 5227 47%
c v  1.99  0 66 23 7049 12 75737 10960 1.9 13 7 1 2 15% 28231 5227 47%
c t  1.99  0 66 23 7049 12 75737 10960 1.9 13 7 1 2 15% 28230 5227 47%
c f  2.00  0 66 23 7049 12 75737 10839 1.9 13 7 1 2 15% 28280 5294 47%
c W  2.07  0 65 23 7436 12 78018 12933 1.9 13 7 1 2 15% 28280 5294 47%
c }  2.08  0 65 23 7550 12 78574 13450 1.9 13 7 1 2 15% 28280 5294 47%
c [  2.08  0 112 23 7550  1 78574 13450 2.4 48 20 1 2 30% 28280 5294 47%
c -  2.17  0 110 24 7553  1 82617 11203 2.4 48 20 1 2 29% 28280 5294 47%
c p  2.17  0 110 24 7553  1 82617 11210 2.4 48 20 1 2 29% 28280 5294 47%
c =  2.19  0 110 24 7553  1 82617 11210 2.4 48 20 1 2 29% 28273 5287 47%
c t  2.19  0 110 24 7553  1 82617 11210 2.4 48 20 1 2 29% 28272 5287 47%
c 2  2.19  0 110 24 7553  1 82617 11205 2.4 48 20 1 2 29% 28272 5287 47%
c -  2.38  0 106 25 7556  1 89803 11642 2.6 53 21 1 2 30% 28272 5287 47%
c p  2.38  0 106 25 7556  1 89803 11830 2.6 53 21 1 2 30% 28272 5287 47%
c =  2.39  0 106 25 7556  1 89803 11830 2.6 53 21 1 2 30% 28270 5285 47%
c u  2.40  0 106 25 7556  1 89803 11419 2.6 53 21 1 2 30% 28270 5285 47%
c v  2.40  0 106 25 7556  1 89803 11268 2.6 53 21 1 2 30% 28270 5285 47%
c w  2.40  0 106 25 7556  1 89803 11268 2.6 53 21 1 2 30% 28270 5285 47%
c 
c  seconds   reductions   conflicts        size   tier2      variables
c         MB      restarts      redundant     glue   trail        remaining
c           level       rate         size/glue  tier1  irredundant
c 
c x  2.40  0 106 25 7556  1 89803 11268 2.6 53 21 1 2 30% 28267 5285 47%
c 2  2.40  0 106 25 7556  1 89803 11266 2.6 53 21 1 2 30% 28267 5285 47%
c f  2.40  0 106 25 7556  1 89803 11259 2.6 53 21 1 2 30% 28271 5288 47%
c B  2.44  0 106 25 7557  1 91021 12434 2.6 54 21 1 2 30% 28271 5288 47%
c ]  2.53  0 106 25 7560  1 94860 16121 2.6 56 21 1 2 30% 28271 5288 47%
c {  2.53  0 65 25 7560 12 94860 16121 1.9 13 7 1 2 15% 28271 5288 47%
c -  2.58  0 64 26 7938 12 97295 11548 1.9 13 7 1 2 15% 28271 5288 47%
c p  2.58  0 64 26 7938 12 97295 11927 1.9 13 7 1 2 15% 28271 5288 47%
c f  2.59  0 64 26 7938 12 97295 11921 1.9 13 7 1 2 15% 28276 5289 47%
c s  2.72  0 64 26 8992 12 103423 17383 1.9 13 7 1 2 15% 28243 5289 47%
c e  2.73  0 64 26 8992 12 103423 16676 1.9 13 7 1 2 15% 28234 5261 47%
c s  2.73  0 64 26 8992 12 103423 16645 1.9 13 7 1 2 15% 28233 5261 47%
c #  2.77  0 63 26 9234 12 105022 18112 1.9 13 7 1 2 15% 28232 5261 47%
c -  2.77  0 63 27 9244 12 105094 12328 1.9 13 7 1 2 15% 28232 5261 47%
c p  2.77  0 63 27 9244 12 105094 12348 1.9 13 7 1 2 15% 28232 5261 47%
c u  2.78  0 63 27 9244 12 105094 11715 1.9 13 7 1 2 15% 28232 5261 47%
c v  2.78  0 63 27 9244 12 105094 11525 1.9 13 7 1 2 15% 28232 5261 47%
c w  2.78  0 63 27 9244 12 105094 11524 1.9 13 7 1 2 15% 28232 5261 47%
c t  2.78  0 63 27 9244 12 105094 11523 1.9 13 7 1 2 15% 28232 5261 47%
c f  2.78  0 63 27 9244 12 105094 11520 1.9 13 7 1 2 15% 28213 5283 47%
c 
c  seconds  reductions    conflicts         size  tier2      variables
c         MB      restarts       redundant     glue  trail        remaining
c          level        rate          size/glue tier1  irredundant
c 
c }  2.90  0 63 27 10099 12 111288 17188 1.9 14 7 1 2 15% 28213 5283 47%
c [  2.90  0 106 27 10099  1 111288 17188 2.6 56 21 1 2 30% 28213 5283 47%
c -  2.94  0 105 28 10101  1 113200 13005 2.6 55 21 1 2 30% 28213 5283 47%
c p  2.94  0 105 28 10101  1 113200 13341 2.6 55 21 1 2 30% 28213 5283 47%
c f  2.97  0 105 28 10101  1 113200 13328 2.6 55 21 1 2 30% 28222 5286 47%
c W  3.13  0 106 28 10103  1 120024 19885 2.5 54 21 1 2 31% 28222 5286 47%
c -  3.18  0 105 29 10103  1 121612 13478 2.6 54 21 1 2 31% 28222 5286 47%
c p  3.18  0 105 29 10103  1 121612 13633 2.6 54 21 1 2 31% 28222 5286 47%
c u  3.18  0 105 29 10103  1 121612 13331 2.6 54 21 1 2 31% 28222 5286 47%
c v  3.19  0 105 29 10103  1 121612 13231 2.6 54 21 1 2 31% 28222 5286 47%
c w  3.19  0 105 29 10103  1 121612 13231 2.6 54 21 1 2 31% 28222 5286 47%
c x  3.19  0 105 29 10103  1 121612 13229 2.6 54 21 1 2 31% 28216 5286 47%
c t  3.19  0 105 29 10103  1 121612 13229 2.6 54 21 1 2 31% 28215 5286 47%
c -  3.41  0 102 30 10104  1 130330 12855 2.5 56 22 1 2 32% 28215 5286 47%
c p  3.41  0 102 30 10104  1 130330 12874 2.5 56 22 1 2 32% 28215 5286 47%
c ]  3.44  0 102 30 10104  1 131402 13907 2.5 56 22 1 2 32% 28215 5286 47%
c {  3.44  0 63 30 10104 12 131402 13907 1.9 14 7 1 2 15% 28215 5286 47%
c B  3.53  0 63 30 10748 12 136026 18208 1.9 14 7 1 2 15% 28215 5286 47%
c s  3.57  0 63 30 10989 12 137359 19307 1.9 14 7 1 2 15% 28210 5286 47%
c e  3.58  0 63 30 10989 12 137359 18483 1.9 14 7 1 2 15% 28208 5254 47%
c 
c  seconds  reductions    conflicts         size  tier2      variables
c         MB      restarts       redundant     glue  trail        remaining
c          level        rate          size/glue tier1  irredundant
c 
c s  3.58  0 63 30 10989 12 137359 18447 1.9 14 7 1 2 15% 28189 5254 47%
c -  3.63  0 62 31 11311 12 139357 13730 1.9 14 7 1 2 15% 28187 5254 47%
c 2  3.63  0 62 31 11311 12 139357 13725 1.9 14 7 1 2 15% 28187 5254 47%
c p  3.64  0 62 31 11311 12 139357 14192 1.9 14 7 1 2 15% 28187 5254 47%
c u  3.66  0 62 31 11311 12 139357 13631 1.9 14 7 1 2 15% 28187 5254 47%
c v  3.67  0 62 31 11311 12 139357 13400 1.9 14 7 1 2 15% 28187 5254 47%
c f  3.67  0 62 31 11311 12 139357 13400 1.9 14 7 1 2 15% 28164 5277 47%
c -  3.86  0 62 32 12558 11 148689 14723 1.9 14 8 1 2 16% 28164 5277 47%
c p  3.86  0 62 32 12558 11 148689 14743 1.9 14 8 1 2 16% 28164 5277 47%
c u  3.87  0 62 32 12558 11 148689 14504 1.9 14 8 1 2 16% 28164 5277 47%
c v  3.87  0 62 32 12558 11 148689 14412 1.9 14 8 1 2 16% 28164 5277 47%
c w  3.87  0 62 32 12558 11 148689 14412 1.9 14 8 1 2 16% 28164 5277 47%
c }  3.92  0 61 32 12831 11 151493 16964 1.9 15 8 1 2 16% 28164 5277 47%
c [  3.92  0 102 32 12831  1 151493 16964 2.5 56 22 1 2 31% 28164 5277 47%
c I  3.95  0 101 32 12831  1 153027 18442 2.5 55 22 1 2 32% 28164 5277 47%
c -  4.09  0 99 33 12831  1 158329 15567 2.6 56 21 1 2 32% 28164 5277 47%
c p  4.09  0 99 33 12831  1 158329 15918 2.6 56 21 1 2 32% 28164 5277 47%
c f  4.10  0 99 33 12831  1 158329 15917 2.6 56 21 1 2 32% 28164 5278 47%
c -  4.38  0 98 34 12834  1 168276 15647 2.6 60 23 1 2 31% 28164 5278 47%
c p  4.39  0 98 34 12834  1 168276 15758 2.6 60 23 1 2 31% 28164 5278 47%
c 
c  seconds  reductions    conflicts         size   tier2      variables
c         MB      restarts       redundant     glue   trail        remaining
c          level        rate          size/glue  tier1  irredundant
c 
c u  4.39  0 98 34 12834  1 168276 15350 2.6 60 23 1 2 31% 28164 5278 47%
c v  4.39  0 98 34 12834  1 168276 15233 2.6 60 23 1 2 31% 28164 5278 47%
c w  4.39  0 98 34 12834  1 168276 15232 2.6 60 23 1 2 31% 28164 5278 47%
c x  4.40  0 98 34 12834  1 168276 15232 2.6 60 23 1 2 31% 28086 5278 47%
c t  4.40  0 98 34 12834  1 168276 15230 2.6 60 23 1 2 31% 28085 5278 47%
c f  4.40  0 98 34 12834  1 168276 15230 2.6 60 23 1 2 31% 28080 5283 47%
c B  4.46  0 98 34 12837  1 171028 17872 2.6 60 23 1 2 31% 28080 5283 47%
c ]  4.58  0 97 34 12838  1 175783 22435 2.6 60 23 1 2 30% 28080 5283 47%
c {  4.58  0 61 34 12838 11 175783 22435 1.9 15 8 1 2 15% 28080 5283 47%
c s  4.59  0 61 34 12909 11 176136 22633 1.9 15 8 1 2 15% 28049 5283 47%
c e  4.60  0 61 34 12909 11 176136 21777 1.9 15 8 1 2 15% 28048 5242 47%
c s  4.60  0 61 34 12909 11 176136 21732 1.9 15 8 1 2 15% 28043 5242 47%
c -  4.66  0 61 35 13267 11 178532 15591 1.9 15 8 1 2 16% 28043 5242 47%
c p  4.67  0 61 35 13267 11 178532 15958 1.9 15 8 1 2 16% 28043 5242 47%
c =  4.69  0 61 35 13267 11 178532 15958 1.9 15 8 1 2 16% 28041 5240 47%
c f  4.69  0 61 35 13267 11 178532 15958 1.9 15 8 1 2 15% 27999 5282 47%
c -  4.93  0 61 36 14816 11 189095 17257 1.9 15 8 1 2 15% 27999 5282 47%
c p  4.93  0 61 36 14816 11 189095 17379 1.9 15 8 1 2 15% 27999 5282 47%
c u  4.94  0 61 36 14816 11 189095 16988 1.9 15 8 1 2 15% 27999 5282 47%
c v  4.94  0 61 36 14816 11 189095 16689 1.9 15 8 1 2 15% 27999 5282 47%
c 
c  seconds  reductions    conflicts         size  tier2      variables
c         MB      restarts       redundant     glue  trail        remaining
c          level        rate          size/glue tier1  irredundant
c 
c w  4.94  0 61 36 14816 11 189095 16689 1.9 15 8 1 2 15% 27999 5282 47%
c W  5.01  0 61 36 14970 11 190031 17548 1.9 15 8 1 2 15% 27999 5282 47%
c }  5.18  0 60 36 15949 11 198045 24904 1.9 15 8 1 2 15% 27999 5282 47%
c [  5.18  0 97 36 15949  1 198045 24904 2.6 60 23 1 2 30% 27999 5282 47%
c -  5.23  0 96 37 15950  1 199968 18125 2.6 60 23 1 2 30% 27999 5282 47%
c p  5.23  0 96 37 15950  1 199968 18484 2.6 60 23 1 2 30% 27999 5282 47%
c u  5.26  0 96 37 15950  1 199968 18233 2.6 60 23 1 2 30% 27999 5282 47%
c v  5.26  0 96 37 15950  1 199968 18153 2.6 60 23 1 2 30% 27999 5282 47%
c w  5.26  0 96 37 15950  1 199968 18153 2.6 60 23 1 2 30% 27999 5282 47%
c x  5.26  0 96 37 15950  1 199968 18153 2.6 60 23 1 2 30% 27961 5282 47%
c f  5.26  0 96 37 15950  1 199968 18150 2.6 60 23 1 2 30% 27963 5283 47%
c W  5.56  0 96 37 15956  1 210033 27895 2.6 62 24 1 2 31% 27963 5283 47%
c -  5.60  0 96 38 15956  1 211148 18374 2.6 63 24 1 2 31% 27963 5283 47%
c p  5.60  0 96 38 15956  1 211148 18499 2.6 63 24 1 2 31% 27963 5283 47%
c u  5.61  0 96 38 15956  1 211148 18395 2.6 63 24 1 2 31% 27963 5283 47%
c v  5.61  0 96 38 15956  1 211148 18299 2.6 63 24 1 2 31% 27963 5283 47%
c w  5.61  0 96 38 15956  1 211148 18299 2.6 63 24 1 2 31% 27963 5283 47%
c s  5.86  0 96 38 15957  1 219687 26407 2.6 65 25 1 2 31% 27963 5283 47%
c t  5.86  0 96 38 15957  1 219687 26396 2.6 65 25 1 2 31% 27961 5283 47%
c e  5.87  0 96 38 15957  1 219687 24681 2.6 65 25 1 2 31% 27960 5268 47%
c 
c  seconds  reductions    conflicts         size   tier2      variables
c         MB      restarts       redundant     glue   trail        remaining
c          level        rate          size/glue  tier1  irredundant
c 
c s  5.87  0 96 38 15957  1 219687 24639 2.6 65 25 1 2 31% 27956 5268 47%
c -  5.97  0 97 39 15960  1 222637 16804 2.6 66 25 1 2 31% 27956 5268 47%
c 2  5.97  0 97 39 15960  1 222637 16802 2.6 66 25 1 2 31% 27956 5268 47%
c p  5.97  0 97 39 15960  1 222637 17148 2.6 66 25 1 2 31% 27956 5268 47%
c u  5.99  0 97 39 15960  1 222637 16982 2.6 66 25 1 2 31% 27956 5268 47%
c v  5.99  0 97 39 15960  1 222637 16981 2.6 66 25 1 2 31% 27956 5268 47%
c w  5.99  0 97 39 15960  1 222637 16980 2.6 66 25 1 2 31% 27956 5268 47%
c f  5.99  0 97 39 15960  1 222637 16979 2.6 66 25 1 2 31% 27952 5273 47%
c ]  6.07  0 97 39 15962  1 225993 20206 2.6 65 25 1 2 31% 27952 5273 47%
c {  6.07  0 60 39 15962 11 225993 20206 1.9 15 8 1 2 15% 27952 5273 47%
c F  6.18  0 60 39 16623 11 231035 24778 2.0 15 8 1 2 16% 27952 5273 47%
c -  6.26  0 60 40 17139 11 234433 18279 2.0 15 8 1 2 16% 27952 5273 47%
c p  6.27  0 60 40 17139 11 234433 18406 2.0 15 8 1 2 16% 27952 5273 47%
c =  6.29  0 60 40 17139 11 234433 18403 2.0 15 8 1 2 16% 27949 5271 47%
c u  6.30  0 60 40 17139 11 234433 18223 2.0 15 8 1 2 16% 27949 5271 47%
c v  6.30  0 60 40 17139 11 234433 18187 2.0 15 8 1 2 16% 27949 5271 47%
c x  6.30  0 60 40 17139 11 234433 18187 2.0 15 8 1 2 16% 27945 5271 47%
c 2  6.30  0 60 40 17139 11 234433 18186 2.0 15 8 1 2 16% 27945 5271 47%
c f  6.30  0 60 40 17139 11 234433 18185 2.0 15 8 1 2 16% 27945 5272 47%
c -  6.58  0 60 41 18679 10 246539 19761 2.0 16 8 1 2 16% 27945 5272 47%
c 
c  seconds  reductions    conflicts         size  tier2      variables
c         MB      restarts       redundant     glue  trail        remaining
c          level        rate          size/glue tier1  irredundant
c 
c p  6.58  0 60 41 18679 10 246539 20118 2.0 16 8 1 2 16% 27945 5272 47%
c u  6.59  0 60 41 18679 10 246539 19780 2.0 16 8 1 2 16% 27945 5272 47%
c v  6.59  0 60 41 18679 10 246539 19597 2.0 16 8 1 2 16% 27945 5272 47%
c }  6.72  0 60 41 19417 10 252236 24830 2.0 16 8 1 2 16% 27945 5272 47%
c [  6.72  0 97 41 19417  1 252236 24830 2.6 65 25 1 2 31% 27945 5272 47%
c O  6.74  0 97 41 19418  1 253036 25609 2.6 65 25 1 2 31% 27945 5272 47%
c -  6.91  0 97 42 19420  1 258952 20508 2.6 65 25 1 2 31% 27945 5272 47%
c p  6.91  0 97 42 19420  1 258952 20628 2.6 65 25 1 2 31% 27945 5272 47%
c u  6.94  0 97 42 19420  1 258952 20484 2.6 65 25 1 2 31% 27945 5272 47%
c v  6.95  0 97 42 19420  1 258952 20396 2.6 65 25 1 2 31% 27945 5272 47%
c w  6.95  0 97 42 19420  1 258952 20395 2.6 65 25 1 2 31% 27945 5272 47%
c s  7.20  0 97 42 19426  1 267845 28801 2.5 64 25 1 2 30% 27943 5272 47%
c e  7.20  0 97 42 19426  1 267845 28795 2.5 64 25 1 2 30% 27836 5253 47%
c s  7.21  0 97 42 19426  1 267845 28754 2.5 64 25 1 2 30% 27836 5253 47%
c -  7.31  0 97 43 19427  1 271673 20828 2.5 64 25 1 2 30% 27836 5253 47%
c p  7.32  0 97 43 19427  1 271673 21172 2.5 64 25 1 2 30% 27836 5253 47%
c u  7.32  0 97 43 19427  1 271673 20996 2.5 64 25 1 2 30% 27836 5253 47%
c v  7.32  0 97 43 19427  1 271673 20878 2.5 64 25 1 2 30% 27836 5253 47%
c w  7.32  0 97 43 19427  1 271673 20878 2.5 64 25 1 2 30% 27836 5253 47%
c f  7.33  0 97 43 19427  1 271673 20878 2.5 64 25 1 2 30% 27835 5254 47%
c 
c  seconds  reductions    conflicts         size   tier2      variables
c         MB      restarts       redundant     glue   trail        remaining
c          level        rate          size/glue  tier1  irredundant
c 
c B  7.43  0 97 43 19427  1 276037 25049 2.5 62 25 1 2 29% 27835 5254 47%
c -  7.65  0 96 44 19428  1 284705 20711 2.5 63 25 1 2 29% 27835 5254 47%
c p  7.65  0 96 44 19428  1 284705 20827 2.5 63 25 1 2 29% 27835 5254 47%
c u  7.66  0 96 44 19428  1 284705 20703 2.5 63 25 1 2 29% 27835 5254 47%
c v  7.66  0 96 44 19428  1 284705 20643 2.5 63 25 1 2 29% 27835 5254 47%
c w  7.66  0 96 44 19428  1 284705 20643 2.5 63 25 1 2 29% 27835 5254 47%
c ]  7.71  0 97 44 19428  1 286322 22211 2.5 63 25 1 2 29% 27834 5254 47%
c {  7.71  0 60 44 19428 10 286322 22211 2.0 16 8 1 2 16% 27834 5254 47%
c -  8.00  0 60 45 20851 10 298044 21970 2.0 16 8 1 2 16% 27834 5254 47%
c p  8.00  0 60 45 20851 10 298044 22341 2.0 16 8 1 2 16% 27834 5254 47%
c u  8.04  0 60 45 20851 10 298044 22092 2.0 16 8 1 2 16% 27834 5254 47%
c v  8.04  0 60 45 20851 10 298044 21950 2.0 16 8 1 2 16% 27834 5254 47%
c B  8.09  0 60 45 21116 10 300040 23779 2.0 16 8 1 2 16% 27834 5254 47%
c -  8.40  0 59 46 22598 10 311693 23404 2.0 17 8 1 2 16% 27834 5254 47%
c p  8.40  0 59 46 22598 10 311693 23845 2.0 17 8 1 2 16% 27834 5254 47%
c u  8.42  0 59 46 22598 10 311693 23638 2.0 17 8 1 2 16% 27834 5254 47%
c v  8.42  0 59 46 22598 10 311693 23427 2.0 17 8 1 2 16% 27834 5254 47%
c t  8.42  0 59 46 22598 10 311693 23426 2.0 17 8 1 2 16% 27834 5254 47%
c }  8.48  0 59 46 22965 10 314247 25763 2.0 17 8 1 2 16% 27834 5254 47%
c [  8.48  0 97 46 22965  1 314247 25763 2.5 63 25 1 2 29% 27834 5254 47%
c 
c  seconds  reductions    conflicts         size   tier2      variables
c         MB      restarts       redundant     glue   trail        remaining
c          level        rate          size/glue  tier1  irredundant
c 
c s  8.70  0 95 46 22965  1 320773 31921 2.5 63 25 1 2 29% 27833 5254 47%
c e  8.71  0 95 46 22965  1 320773 31920 2.5 63 25 1 2 29% 27833 5253 47%
c s  8.71  0 95 46 22965  1 320773 31875 2.5 63 25 1 2 29% 27833 5253 47%
c W  8.93  0 95 46 22966  1 325041 36026 2.5 64 25 1 2 29% 27833 5253 47%
c -  8.95  0 95 47 22966  1 325650 23941 2.5 64 25 1 2 29% 27833 5253 47%
c p  8.95  0 95 47 22966  1 325650 24129 2.5 64 25 1 2 29% 27833 5253 47%
c u  8.96  0 95 47 22966  1 325650 23793 2.5 64 25 1 2 29% 27833 5253 47%
c v  8.96  0 95 47 22966  1 325650 23680 2.5 64 25 1 2 29% 27833 5253 47%
c w  8.96  0 95 47 22966  1 325650 23676 2.5 64 25 1 2 29% 27833 5253 47%
c f  8.96  0 95 47 22966  1 325650 23676 2.5 64 25 1 2 29% 27832 5254 47%
c -  9.35  0 95 48 22966  1 339916 23552 2.6 64 24 1 2 30% 27832 5254 47%
c p  9.35  0 95 48 22966  1 339916 23794 2.6 64 24 1 2 30% 27832 5254 47%
c u  9.36  0 95 48 22966  1 339916 23658 2.6 64 24 1 2 30% 27832 5254 47%
c v  9.36  0 95 48 22966  1 339916 23580 2.6 64 24 1 2 30% 27832 5254 47%
c w  9.36  0 95 48 22966  1 339916 23579 2.6 64 24 1 2 30% 27832 5254 47%
c ]  9.65  0 94 48 22966  1 350036 33392 2.6 63 24 1 2 29% 27832 5254 47%
c {  9.65  0 59 48 22966 10 350036 33392 2.0 17 8 1 2 16% 27832 5254 47%
c W  9.70  0 59 48 23086 10 351047 34343 2.0 17 8 1 2 16% 27832 5254 47%
c -  9.80  0 59 49 23546 10 354491 24074 2.0 17 8 1 2 16% 27832 5254 47%
c p  9.81  0 59 49 23546 10 354491 24464 2.0 17 8 1 2 16% 27832 5254 47%
c 
c  seconds  reductions    conflicts         size  tier2      variables
c         MB      restarts       redundant     glue  trail        remaining
c          level        rate          size/glue tier1  irredundant
c 
c u  9.82  0 59 49 23546 10 354491 24358 2.0 17 8 1 2 16% 27832 5254 47%
c v  9.82  0 59 49 23546 10 354491 24256 2.0 17 8 1 2 16% 27832 5254 47%
c w  9.82  0 59 49 23546 10 354491 24256 2.0 17 8 1 2 16% 27832 5254 47%
c - 10.23  0 59 50 25454 10 369375 25629 2.0 17 9 1 2 16% 27832 5254 47%
c p 10.23  0 59 50 25454 10 369375 26074 2.0 17 9 1 2 16% 27832 5254 47%
c u 10.24  0 59 50 25454 10 369375 25817 2.0 17 9 1 2 16% 27832 5254 47%
c v 10.24  0 59 50 25454 10 369375 25658 2.0 17 9 1 2 16% 27832 5254 47%
c w 10.24  0 59 50 25454 10 369375 25658 2.0 17 9 1 2 16% 27832 5254 47%
c # 10.48  0 59 50 26587 10 378048 33669 2.0 17 9 1 2 16% 27832 5254 47%
c s 10.50  0 59 50 26658 10 378508 33815 2.0 17 9 1 2 16% 27832 5254 47%
c s 10.52  0 59 50 26658 10 378508 33769 2.0 17 9 1 2 16% 27832 5254 47%
c ^ 10.52  0 59 50 26658 10 378508 33769 2.0 17 9 1 2 16% 27832 5254 47%
c } 10.56  0 59 50 26842 10 379815 34976 2.0 17 9 1 2 16% 27832 5254 47%
c [ 10.56  0 94 50 26842  1 379815 34976 2.6 63 24 1 2 29% 27832 5254 47%
c - 10.67  0 92 51 26842  1 384569 26540 2.7 63 24 1 2 29% 27832 5254 47%
c p 10.67  0 92 51 26842  1 384569 26943 2.7 63 24 1 2 29% 27832 5254 47%
c u 10.68  0 92 51 26842  1 384569 26686 2.7 63 24 1 2 29% 27832 5254 47%
c v 10.68  0 92 51 26842  1 384569 26503 2.7 63 24 1 2 29% 27832 5254 47%
c w 10.69  0 92 51 26842  1 384569 26503 2.7 63 24 1 2 29% 27832 5254 47%
c - 11.12  0 92 52 26850  1 400073 26884 2.5 62 24 1 2 29% 27832 5254 47%
c 
c  seconds  reductions    conflicts         size   tier2      variables
c         MB      restarts       redundant     glue   trail        remaining
c          level        rate          size/glue  tier1  irredundant
c 
c p 11.12  0 92 52 26850  1 400073 27000 2.5 62 24 1 2 29% 27832 5254 47%
c u 11.13  0 92 52 26850  1 400073 26890 2.5 62 24 1 2 29% 27832 5254 47%
c v 11.13  0 92 52 26850  1 400073 26824 2.5 62 24 1 2 29% 27832 5254 47%
c w 11.14  0 92 52 26850  1 400073 26822 2.5 62 24 1 2 29% 27832 5254 47%
c I 11.29  0 92 52 26854  1 406049 32585 2.5 61 24 1 2 29% 27832 5254 47%
c - 11.55  0 91 53 26857  1 415886 26483 2.5 61 24 1 2 29% 27832 5254 47%
c p 11.55  0 91 53 26857  1 415886 26765 2.5 61 24 1 2 29% 27832 5254 47%
c u 11.56  0 91 53 26857  1 415886 26639 2.5 61 24 1 2 29% 27832 5254 47%
c v 11.56  0 91 53 26857  1 415886 26536 2.5 61 24 1 2 29% 27832 5254 47%
c w 11.56  0 91 53 26857  1 415886 26535 2.5 61 24 1 2 29% 27832 5254 47%
c ] 11.83  0 91 53 26860  1 424591 34905 2.4 62 25 1 2 29% 27832 5254 47%
c { 11.83  0 59 53 26860 10 424591 34905 2.0 17 9 1 2 16% 27832 5254 47%
c - 12.05  0 59 54 27694 10 432009 27365 2.0 17 9 1 2 16% 27832 5254 47%
c p 12.05  0 59 54 27694 10 432009 27770 2.0 17 9 1 2 16% 27832 5254 47%
c = 12.10  0 59 54 27694 10 432009 27770 2.0 17 9 1 2 16% 27830 5252 47%
c u 12.11  0 59 54 27694 10 432009 27576 2.0 17 9 1 2 16% 27830 5252 47%
c v 12.11  0 59 54 27694 10 432009 27442 2.0 17 9 1 2 16% 27830 5252 47%
c w 12.11  0 59 54 27694 10 432009 27441 2.0 17 9 1 2 16% 27830 5252 47%
c 2 12.11  0 59 54 27694 10 432009 27439 2.0 17 9 1 2 16% 27830 5252 47%
c B 12.20  0 59 54 28131 10 435051 30222 2.0 17 9 1 2 16% 27830 5252 47%
c 
c  seconds  reductions    conflicts         size  tier2      variables
c         MB      restarts       redundant     glue  trail        remaining
c          level        rate          size/glue tier1  irredundant
c 
c s 12.38  0 59 54 28910 10 441045 35559 2.0 18 9 1 2 16% 27830 5252 47%
c e 12.40  0 59 54 28910 10 441045 26224 2.0 18 9 1 2 16% 28258 4803 43%
c s 12.41  0 59 54 28910 10 441045 26144 2.0 18 9 1 2 16% 28159 4803 43%
c e 12.41  0 59 54 28910 10 441045 26096 2.0 18 9 1 2 16% 28134 4798 43%
c - 12.59  0 59 55 29722 10 448440 22995 2.0 18 9 1 2 17% 28134 4798 43%
c 2 12.59  0 59 55 29722 10 448440 22916 2.0 18 9 1 2 17% 28134 4798 43%
c p 12.59  0 59 55 29722 10 448440 23251 2.0 18 9 1 2 17% 28134 4798 43%
c u 12.60  0 59 55 29722 10 448440 23099 2.0 18 9 1 2 17% 28134 4798 43%
c v 12.60  0 59 55 29722 10 448440 22965 2.0 18 9 1 2 17% 28134 4798 43%
c t 12.61  0 59 55 29722 10 448440 22965 2.0 18 9 1 2 17% 28131 4798 43%
c f 12.61  0 59 55 29722 10 448440 22958 2.0 18 9 1 2 17% 28074 4829 43%
c } 12.92  0 59 55 31077  9 461438 35019 2.0 18 9 1 2 18% 28074 4829 43%
c [ 12.92  0 91 55 31077  1 461438 35019 2.4 62 25 1 2 34% 28074 4829 43%
c B 13.01  0 92 55 31080  1 465052 38524 2.4 61 25 1 2 33% 28074 4829 43%
c - 13.02  0 92 56 31080  1 465181 25523 2.4 61 25 1 2 33% 28074 4829 43%
c p 13.02  0 92 56 31080  1 465181 25861 2.4 61 25 1 2 33% 28074 4829 43%
c u 13.03  0 92 56 31080  1 465181 25572 2.4 61 25 1 2 33% 28074 4829 43%
c v 13.03  0 92 56 31080  1 465181 25430 2.4 61 25 1 2 33% 28074 4829 43%
c w 13.03  0 92 56 31080  1 465181 25429 2.4 61 25 1 2 33% 28074 4829 43%
c f 13.04  0 92 56 31080  1 465181 25421 2.4 61 25 1 2 33% 28078 4831 43%
c 
c  seconds  reductions    conflicts         size   tier2      variables
c         MB      restarts       redundant     glue   trail        remaining
c          level        rate          size/glue  tier1  irredundant
c 
c - 13.47  0 92 57 31088  1 482234 25947 2.4 61 26 1 2 33% 28078 4831 43%
c p 13.47  0 92 57 31088  1 482234 26262 2.4 61 26 1 2 33% 28078 4831 43%
c = 13.50  0 92 57 31088  1 482234 26262 2.4 61 26 1 2 33% 28077 4830 43%
c u 13.50  0 92 57 31088  1 482234 26154 2.4 61 26 1 2 33% 28077 4830 43%
c v 13.51  0 92 57 31088  1 482234 26069 2.4 61 26 1 2 33% 28077 4830 43%
c w 13.51  0 92 57 31088  1 482234 26068 2.4 61 26 1 2 33% 28077 4830 43%
c W 14.02  0 91 57 31090  1 496053 39396 2.3 61 27 1 2 31% 28077 4830 43%
c - 14.14  0 91 58 31090  1 499594 24777 2.3 61 27 1 2 31% 28077 4830 43%
c p 14.15  0 91 58 31090  1 499594 25092 2.3 61 27 1 2 31% 28077 4830 43%
c u 14.15  0 91 58 31090  1 499594 24808 2.3 61 27 1 2 31% 28077 4830 43%
c v 14.16  0 91 58 31090  1 499594 24627 2.3 61 27 1 2 31% 28077 4830 43%
c w 14.16  0 91 58 31090  1 499594 24627 2.3 61 27 1 2 31% 28077 4830 43%
c t 14.16  0 91 58 31090  1 499594 24626 2.3 61 27 1 2 31% 28077 4830 43%
c ] 14.51  0 90 58 31093  1 511187 35791 2.3 61 27 1 2 31% 28077 4830 43%
c { 14.51  0 59 58 31093  9 511187 35791 2.0 18 9 1 2 18% 28077 4830 43%
c s 14.55  0 59 58 31230  9 512496 36796 2.0 18 9 1 2 18% 28070 4830 43%
c s 14.57  0 59 58 31230  9 512496 36757 2.0 18 9 1 2 18% 28070 4830 43%
c ^ 14.57  0 59 58 31230  9 512496 36757 2.0 18 9 1 2 18% 28070 4830 43%
c - 14.69  0 59 59 31625  9 517264 25528 2.0 18 9 1 2 18% 28070 4830 43%
c p 14.69  0 59 59 31625  9 517264 25838 2.0 18 9 1 2 18% 28070 4830 43%
c 
c  seconds  reductions    conflicts         size  tier2      variables
c         MB      restarts       redundant     glue  trail        remaining
c          level        rate          size/glue tier1  irredundant
c 
c u 14.74  0 59 59 31625  9 517264 25644 2.0 18 9 1 2 18% 28070 4830 43%
c v 14.74  0 59 59 31625  9 517264 25532 2.0 18 9 1 2 18% 28070 4830 43%
c W 15.04  0 59 59 32904  9 528054 35590 2.0 18 9 1 2 18% 28070 4830 43%
c - 15.25  0 59 60 33679  9 535246 27887 2.0 18 9 1 2 18% 28070 4830 43%
c p 15.25  0 59 60 33679  9 535246 28181 2.0 18 9 1 2 18% 28070 4830 43%
c u 15.26  0 59 60 33679  9 535246 27908 2.0 18 9 1 2 18% 28070 4830 43%
c v 15.26  0 59 60 33679  9 535246 27691 2.0 18 9 1 2 18% 28070 4830 43%
c w 15.26  0 59 60 33679  9 535246 27691 2.0 18 9 1 2 18% 28070 4830 43%
c } 15.73  0 59 60 35605  9 551216 42543 2.0 18 9 1 2 18% 28070 4830 43%
c [ 15.73  0 90 60 35605  1 551216 42543 2.3 61 27 1 2 31% 28070 4830 43%
c - 15.79  0 90 61 35607  1 553537 29491 2.3 61 27 1 2 31% 28070 4830 43%
c p 15.80  0 90 61 35607  1 553537 29783 2.3 61 27 1 2 31% 28070 4830 43%
c u 15.81  0 90 61 35607  1 553537 29468 2.3 61 27 1 2 31% 28070 4830 43%
c v 15.81  0 90 61 35607  1 553537 29298 2.3 61 27 1 2 31% 28070 4830 43%
c w 15.81  0 90 61 35607  1 553537 29297 2.3 61 27 1 2 31% 28070 4830 43%
c O 16.03  0 90 61 35610  1 561055 36609 2.3 62 27 1 2 31% 28070 4830 43%
c - 16.33  0 91 62 35616  1 572138 29857 2.3 61 27 1 2 31% 28070 4830 43%
c p 16.33  0 91 62 35616  1 572138 30147 2.3 61 27 1 2 31% 28070 4830 43%
c u 16.37  0 91 62 35616  1 572138 30100 2.3 61 27 1 2 31% 28070 4830 43%
c v 16.37  0 91 62 35616  1 572138 29952 2.3 61 27 1 2 31% 28070 4830 43%
c 
c  seconds  reductions    conflicts         size   tier2      variables
c         MB      restarts       redundant     glue   trail        remaining
c          level        rate          size/glue  tier1  irredundant
c 
c w 16.37  0 91 62 35616  1 572138 29952 2.3 61 27 1 2 31% 28070 4830 43%
c x 16.38  0 91 62 35616  1 572138 29952 2.3 61 27 1 2 31% 28066 4830 43%
c s 16.87  0 89 62 35623  1 588665 45550 2.2 62 27 1 2 31% 28065 4830 43%
c e 16.88  0 89 62 35623  1 588665 33044 2.2 62 27 1 2 31% 28457 4626 41%
c s 16.90  0 89 62 35623  1 588665 32966 2.2 62 27 1 2 31% 28438 4626 41%
c - 16.98  0 90 63 35624  1 591047 23737 2.2 62 28 1 2 31% 28434 4626 41%
c 2 16.98  0 90 63 35624  1 591047 23733 2.2 62 28 1 2 31% 28434 4626 41%
c p 16.99  0 90 63 35624  1 591047 23979 2.2 62 28 1 2 31% 28434 4626 41%
c u 17.00  0 90 63 35624  1 591047 23836 2.2 62 28 1 2 31% 28434 4626 41%
c v 17.00  0 90 63 35624  1 591047 23827 2.2 62 28 1 2 31% 28434 4626 41%
c w 17.00  0 90 63 35624  1 591047 23824 2.2 62 28 1 2 31% 28434 4626 41%
c t 17.00  0 90 63 35624  1 591047 23824 2.2 62 28 1 2 31% 28433 4626 41%
c f 17.01  0 90 63 35624  1 591047 23817 2.2 62 28 1 2 31% 28392 4642 41%
c B 17.11  0 90 63 35626  1 595056 27730 2.2 63 28 1 2 31% 28392 4642 41%
c - 17.51  0 90 64 35632  1 610266 25471 2.2 63 28 1 2 31% 28392 4642 41%
c p 17.51  0 90 64 35632  1 610266 25728 2.2 63 28 1 2 31% 28392 4642 41%
c u 17.52  0 90 64 35632  1 610266 25598 2.2 63 28 1 2 31% 28392 4642 41%
c v 17.52  0 90 64 35632  1 610266 25466 2.2 63 28 1 2 31% 28392 4642 41%
c w 17.52  0 90 64 35632  1 610266 25464 2.2 63 28 1 2 31% 28392 4642 41%
c ] 17.54  0 90 64 35632  1 611146 26324 2.2 63 28 1 2 31% 28392 4642 41%
c 
c  seconds  reductions    conflicts         size  tier2      variables
c         MB      restarts       redundant     glue  trail        remaining
c          level        rate          size/glue tier1  irredundant
c 
c { 17.54  0 59 64 35632  9 611146 26324 2.0 18 9 1 2 18% 28392 4642 41%
c - 18.01  0 59 65 37460  9 629796 28122 2.0 19 9 1 2 17% 28392 4642 41%
c p 18.02  0 59 65 37460  9 629796 28361 2.0 19 9 1 2 17% 28392 4642 41%
c u 18.03  0 59 65 37460  9 629796 28031 2.0 19 9 1 2 17% 28392 4642 41%
c v 18.03  0 59 65 37460  9 629796 27765 2.0 19 9 1 2 17% 28392 4642 41%
c F 18.04  0 59 65 37478  9 630058 27997 2.0 19 9 1 2 17% 28392 4642 41%
c - 18.60  0 59 66 39756  9 649636 30077 2.0 19 9 1 2 17% 28392 4642 41%
c p 18.61  0 59 66 39756  9 649636 30314 2.0 19 9 1 2 17% 28392 4642 41%
c u 18.67  0 59 66 39756  9 649636 30013 2.0 19 9 1 2 17% 28392 4642 41%
c v 18.67  0 59 66 39756  9 649636 29863 2.0 19 9 1 2 17% 28392 4642 41%
c } 18.88  0 59 66 40607  9 657069 36778 2.0 19 9 1 2 17% 28392 4642 41%
c [ 18.88  0 90 66 40607  1 657069 36778 2.2 63 28 1 2 31% 28392 4642 41%
c W 19.23  0 89 66 40608  1 666062 45502 2.2 62 28 1 2 30% 28392 4642 41%
c - 19.33  0 89 67 40608  1 669786 31262 2.2 62 28 1 2 30% 28392 4642 41%
c p 19.33  0 89 67 40608  1 669786 31496 2.2 62 28 1 2 30% 28392 4642 41%
c u 19.34  0 89 67 40608  1 669786 31278 2.2 62 28 1 2 30% 28392 4642 41%
c v 19.35  0 89 67 40608  1 669786 31023 2.2 62 28 1 2 30% 28392 4642 41%
c w 19.35  0 89 67 40608  1 669786 31022 2.2 62 28 1 2 30% 28392 4642 41%
c t 19.35  0 89 67 40608  1 669786 31022 2.2 62 28 1 2 30% 28391 4642 41%
c s 19.43  0 89 67 40608  1 672499 33274 2.3 62 27 1 2 30% 28382 4642 41%
c 
c  seconds  reductions    conflicts         size   tier2      variables
c         MB      restarts       redundant     glue   trail        remaining
c          level        rate          size/glue  tier1  irredundant
c 
c e 19.43  0 89 67 40608  1 672499 33256 2.3 62 27 1 2 30% 28385 4640 41%
c s 19.45  0 89 67 40608  1 672499 33161 2.3 62 27 1 2 30% 28385 4640 41%
c - 20.02  0 89 68 40609  1 690249 30947 2.3 64 27 1 2 30% 28384 4640 41%
c p 20.02  0 89 68 40609  1 690249 31182 2.3 64 27 1 2 30% 28384 4640 41%
c u 20.03  0 89 68 40609  1 690249 31072 2.3 64 27 1 2 30% 28384 4640 41%
c v 20.04  0 89 68 40609  1 690249 30946 2.3 64 27 1 2 30% 28384 4640 41%
c w 20.04  0 89 68 40609  1 690249 30944 2.3 64 27 1 2 30% 28384 4640 41%
c I 20.45  0 87 68 40609  1 703064 43412 2.4 64 27 1 2 30% 28384 4640 41%
c - 20.69  0 87 69 40610  1 711019 30000 2.4 65 27 1 2 30% 28384 4640 41%
c p 20.69  0 87 69 40610  1 711019 30234 2.4 65 27 1 2 30% 28384 4640 41%
c u 20.70  0 87 69 40610  1 711019 30031 2.4 65 27 1 2 30% 28384 4640 41%
c v 20.71  0 87 69 40610  1 711019 29847 2.4 65 27 1 2 30% 28384 4640 41%
c w 20.71  0 87 69 40610  1 711019 29846 2.4 65 27 1 2 30% 28384 4640 41%
c ] 20.87  0 87 69 40610  1 716780 35470 2.4 65 27 1 2 30% 28384 4640 41%
c { 20.87  0 59 69 40610  9 716780 35470 2.0 19 9 1 2 17% 28384 4640 41%
c - 21.36  0 59 70 42367  9 732101 31904 2.0 19 10 1 2 17% 28384 4640 41%
c p 21.36  0 59 70 42367  9 732101 32136 2.0 19 10 1 2 17% 28384 4640 41%
c u 21.37  0 59 70 42367  9 732101 32022 2.0 19 10 1 2 17% 28384 4640 41%
c v 21.37  0 59 70 42367  9 732101 31744 2.0 19 10 1 2 17% 28384 4640 41%
c w 21.37  0 59 70 42367  9 732101 31744 2.0 19 10 1 2 17% 28384 4640 41%
c 
c  seconds  reductions    conflicts         size   tier2      variables
c         MB      restarts       redundant     glue   trail        remaining
c          level        rate          size/glue  tier1  irredundant
c 
c B 21.64  0 59 70 43482  9 741066 40155 2.0 19 10 1 2 17% 28384 4640 41%
c - 22.11  0 59 71 45197  9 753491 33986 2.0 20 10 1 2 17% 28384 4640 41%
c p 22.11  0 59 71 45197  9 753491 34220 2.0 20 10 1 2 17% 28384 4640 41%
c u 22.19  0 59 71 45197  9 753491 33855 2.0 20 10 1 2 17% 28384 4640 41%
c v 22.20  0 59 71 45197  9 753491 33660 2.0 20 10 1 2 17% 28384 4640 41%
c } 22.36  0 59 71 45842  9 759100 38889 2.0 20 10 1 2 17% 28384 4640 41%
c [ 22.36  0 87 71 45842  1 759100 38889 2.4 65 27 1 2 30% 28384 4640 41%
c s 22.43  0 87 71 45842  1 761337 40703 2.4 65 27 1 2 30% 28384 4640 41%
c s 22.45  0 87 71 45842  1 761337 40631 2.4 65 27 1 2 30% 28384 4640 41%
c ^ 22.45  0 87 71 45842  1 761337 40631 2.4 65 27 1 2 30% 28384 4640 41%
c - 22.97  0 86 72 45842  1 775193 34538 2.4 68 28 1 2 31% 28384 4640 41%
c p 22.98  0 86 72 45842  1 775193 34769 2.4 68 28 1 2 31% 28384 4640 41%
c u 22.99  0 86 72 45842  1 775193 34661 2.4 68 28 1 2 31% 28384 4640 41%
c v 22.99  0 86 72 45842  1 775193 34391 2.4 68 28 1 2 31% 28384 4640 41%
c w 22.99  0 86 72 45842  1 775193 34390 2.4 68 28 1 2 31% 28384 4640 41%
c B 23.14  0 86 72 45842  1 780069 39064 2.4 68 29 1 2 31% 28384 4640 41%
c - 23.69  0 85 73 45842  1 797205 33985 2.3 67 29 1 2 30% 28384 4640 41%
c p 23.70  0 85 73 45842  1 797205 34211 2.3 67 29 1 2 30% 28384 4640 41%
c u 23.71  0 85 73 45842  1 797205 34024 2.3 67 29 1 2 30% 28384 4640 41%
c v 23.72  0 85 73 45842  1 797205 33881 2.3 67 29 1 2 30% 28384 4640 41%
c 
c  seconds  reductions    conflicts         size   tier2      variables
c         MB      restarts       redundant     glue   trail        remaining
c          level        rate          size/glue  tier1  irredundant
c 
c w 23.72  0 85 73 45842  1 797205 33881 2.3 67 29 1 2 30% 28384 4640 41%
c ] 24.44  0 84 73 45843  1 819370 55300 2.3 65 29 1 2 29% 28384 4640 41%
c { 24.44  0 59 73 45843  9 819370 55300 2.0 20 10 1 2 17% 28384 4640 41%
c - 24.45  0 59 74 45865  9 819526 32909 2.0 20 10 1 2 17% 28384 4640 41%
c p 24.45  0 59 74 45865  9 819526 33134 2.0 20 10 1 2 17% 28384 4640 41%
c u 24.46  0 59 74 45865  9 819526 32922 2.0 20 10 1 2 17% 28384 4640 41%
c v 24.47  0 59 74 45865  9 819526 32681 2.0 20 10 1 2 17% 28384 4640 41%
c w 24.47  0 59 74 45865  9 819526 32681 2.0 20 10 1 2 17% 28384 4640 41%
c W 24.60  0 59 74 45935  9 820075 33203 2.0 20 10 1 2 17% 28384 4640 41%
c - 25.33  0 60 75 48594  9 842159 35695 2.0 20 10 1 2 17% 28384 4640 41%
c p 25.33  0 60 75 48594  9 842159 35920 2.0 20 10 1 2 17% 28384 4640 41%
c u 25.35  0 60 75 48594  9 842159 35784 2.0 20 10 1 2 17% 28384 4640 41%
c v 25.36  0 60 75 48594  9 842159 35482 2.0 20 10 1 2 17% 28384 4640 41%
c w 25.36  0 60 75 48594  9 842159 35481 2.0 20 10 1 2 17% 28384 4640 41%
c s 25.82  0 60 75 50195  9 855401 47634 2.0 20 10 1 2 17% 28384 4640 41%
c e 25.83  0 60 75 50195  9 855401 34186 2.0 20 10 1 2 17% 29636 4200 37%
c s 25.85  0 60 75 50195  9 855401 34054 2.0 20 10 1 2 17% 29553 4200 37%
c e 25.85  0 60 75 50195  9 855401 34006 2.0 20 10 1 2 17% 29650 4160 37%
c # 26.01  0 60 75 50742  9 861077 39324 2.0 20 10 1 2 19% 29650 4160 37%
c - 26.14  0 60 76 51196  9 865101 29673 2.0 20 10 1 2 19% 29650 4160 37%
c 
c  seconds  reductions    conflicts         size   tier2      variables
c         MB      restarts       redundant     glue   trail        remaining
c          level        rate          size/glue  tier1  irredundant
c 
c 2 26.14  0 60 76 51196  9 865101 29670 2.0 20 10 1 2 19% 29650 4160 37%
c p 26.14  0 60 76 51196  9 865101 29757 2.0 20 10 1 2 19% 29650 4160 37%
c u 26.16  0 60 76 51196  9 865101 29358 2.0 20 10 1 2 19% 29650 4160 37%
c v 26.16  0 60 76 51196  9 865101 28985 2.0 20 10 1 2 19% 29650 4160 37%
c t 26.16  0 60 76 51196  9 865101 28985 2.0 20 10 1 2 19% 29649 4160 37%
c f 26.17  0 60 76 51196  9 865101 28985 2.0 20 10 1 2 18% 29579 4174 37%
c } 26.24  0 60 76 51445  9 867849 31589 2.0 20 10 1 2 19% 29579 4174 37%
c [ 26.24  0 84 76 51445  1 867849 31589 2.3 65 29 1 2 34% 29579 4174 37%
c - 26.86  0 84 77 51457  1 888354 31545 2.3 68 30 1 2 33% 29579 4174 37%
c p 26.86  0 84 77 51457  1 888354 31629 2.3 68 30 1 2 33% 29579 4174 37%
c u 26.91  0 84 77 51457  1 888354 31302 2.3 68 30 1 2 33% 29579 4174 37%
c v 26.92  0 84 77 51457  1 888354 31178 2.3 68 30 1 2 33% 29579 4174 37%
c w 26.92  0 84 77 51457  1 888354 31178 2.3 68 30 1 2 33% 29579 4174 37%
c W 27.40  0 84 77 51462  1 903078 45420 2.3 68 30 1 2 32% 29579 4174 37%
c - 27.66  0 85 78 51466  1 911918 30560 2.2 68 31 1 2 32% 29579 4174 37%
c p 27.66  0 85 78 51466  1 911918 30643 2.2 68 31 1 2 32% 29579 4174 37%
c u 27.67  0 85 78 51466  1 911918 30549 2.2 68 31 1 2 32% 29579 4174 37%
c v 27.67  0 85 78 51466  1 911918 30314 2.2 68 31 1 2 32% 29579 4174 37%
c w 27.67  0 85 78 51466  1 911918 30310 2.2 68 31 1 2 32% 29579 4174 37%
c t 27.67  0 85 78 51466  1 911918 30309 2.2 68 31 1 2 32% 29579 4174 37%
c 
c  seconds  reductions    conflicts         size   tier2      variables
c         MB      restarts       redundant     glue   trail        remaining
c          level        rate          size/glue  tier1  irredundant
c 
c - 28.43  0 85 79 51475  1 935791 30338 2.2 70 31 1 2 32% 29579 4174 37%
c p 28.44  0 85 79 51475  1 935791 30419 2.2 70 31 1 2 32% 29579 4174 37%
c u 28.44  0 85 79 51475  1 935791 30233 2.2 70 31 1 2 32% 29579 4174 37%
c v 28.45  0 85 79 51475  1 935791 30126 2.2 70 31 1 2 32% 29579 4174 37%
c w 28.45  0 85 79 51475  1 935791 30126 2.2 70 31 1 2 32% 29579 4174 37%
c O 28.74  0 84 79 51475  1 946079 40040 2.3 70 31 1 2 31% 29567 4174 37%
c ] 28.77  0 84 79 51475  1 947076 41012 2.3 70 31 1 2 31% 29567 4174 37%
c { 28.77  0 60 79 51475  9 947076 41012 2.0 20 10 1 2 19% 29567 4174 37%
c - 29.19  0 61 80 52787  9 959976 32574 2.0 21 10 1 2 19% 29567 4174 37%
c p 29.19  0 61 80 52787  9 959976 32651 2.0 21 10 1 2 19% 29567 4174 37%
c u 29.21  0 61 80 52787  9 959976 32458 2.0 21 10 1 2 19% 29567 4174 37%
c v 29.21  0 61 80 52787  9 959976 32265 2.0 21 10 1 2 19% 29567 4174 37%
c w 29.21  0 61 80 52787  9 959976 32264 2.0 21 10 1 2 19% 29567 4174 37%
c s 29.31  0 61 80 53116  9 963070 34960 2.0 21 10 1 2 19% 29554 4174 37%
c e 29.32  0 61 80 53116  9 963070 34931 2.0 21 10 1 2 19% 29570 4169 37%
c s 29.33  0 61 80 53116  9 963070 34876 2.0 21 10 1 2 19% 29566 4169 37%
c - 30.05  0 61 81 55438  9 984470 34943 2.0 21 10 1 2 19% 29566 4169 37%
c p 30.05  0 61 81 55438  9 984470 35019 2.0 21 10 1 2 19% 29566 4169 37%
c u 30.07  0 61 81 55438  9 984470 34790 2.0 21 10 1 2 19% 29566 4169 37%
c v 30.07  0 61 81 55438  9 984470 34439 2.0 21 10 1 2 19% 29566 4169 37%
c 
c  seconds  reductions    conflicts         size   tier2      variables
c         MB      restarts       redundant     glue   trail        remaining
c          level        rate          size/glue  tier1  irredundant
c 
c w 30.07  0 61 81 55438  9 984470 34437 2.0 21 10 1 2 19% 29566 4169 37%
c f 30.08  0 61 81 55438  9 984470 34437 2.0 21 10 1 2 19% 29561 4170 37%
c B 30.24  0 62 81 56055  9 990080 39738 2.0 21 10 1 2 19% 29561 4170 37%
c } 30.57  0 62 81 57207  9 999693 48849 2.0 21 11 1 2 19% 29561 4170 37%
c [ 30.57  0 84 81 57207  1 999693 48849 2.3 70 31 1 2 31% 29561 4170 37%
c ] 30.58  0 84 81 57207  1 1000000 49140 2.3 70 31 1 2 31% 29561 4170 37%
c ? 30.58  0 84 81 57207  1 1000000 49140 2.3 70 31 1 2 31% 29561 4170 37%
c 
c --- [ result ] -------------------------------------------------------------
c 
c UNKNOWN
c 
c --- [ run-time profiling ] -------------------------------------------------
c 
c process time taken by individual solving procedures
c (percentage relative to process time for solving)
c 
c        28.02   91.66% search
c        15.38   50.29% stable
c        12.04   39.38% unstable
c         2.55    8.34% simplify
c         0.67    2.19% vivify
c         0.64    2.08% sweep
c         0.61    1.98% walk
c         0.35    1.14% subsume
c         0.30    0.97% factor
c         0.18    0.59% congruence
c         0.14    0.46% elim
c         0.06    0.21% probe
c         0.06    0.18% ternary
c         0.05    0.15% preprocess
c         0.02    0.07% backbone
c         0.01    0.04% fastelim
c         0.01    0.02% parse
c         0.00    0.00% lucky
c   =================================
c        30.57   99.98% solve
c 
c last line shows process time for solving
c (percentage relative to total process time)
c 
c --- [ statistics ] ---------------------------------------------------------
c 
c chronological:            269029        26.90 %  of conflicts
c conflicts:               1000000     32709.02    per second
c backbone:                1388971     11311.76 %  of vars
c decisions:               4852007    158704.37    per second
c eliminated:                 5859        47.72 %  of all variables
c factored:                   1058        25.34 %  of variables
c fixed:                         1         0.01 %  of all variables
c learned:                  966320        96.63 %  per conflict
c learned_lits:           51143287       100.00 %  learned literals
c minimized:                     0         0.00 %  learned literals
c shrunken:                2879031         5.63 %  learned literals
c minishrunken:            5482744        10.72 %  learned literals
c otfs:                      15543         1.55 %  of conflict
c propagations:          174440818         5.71 M  per second
c reduced:                  826754        82.68 %  per conflict
c rephased:                     44     22727.27    interval
c restarts:                  57207        17.48    interval
c stabilizing:                  19        54.48 %  of conflicts
c substituted:                2249        18.32 %  of all variables
c sweep equivs:                917        14.62 %  of swept variables
c subsumed:                  34897         3.18 %  of all clauses
c strengthened:              50718         4.62 %  of all clauses
c ticks:                2434046703        14.31    propagation
c vivified:                  12841         1.17 %  of all clauses
c walked:                       13     76923.08    interval
c weakened:                  40796         2.92    average size
c congruence:                   23     43478.26    interval
c 
c seconds are measured in process time for solving
c 
c --- [ glue usage ] ---------------------------------------------------------
c 
c focused glue 1 used 2425526 clauses 73.83% accumulated 73.83% tier1
c focused glue 2 used 452047 clauses 13.75% accumulated 87.59% tier2
c 
c stable glue 1 used 4915440 clauses 62.70% accumulated 62.70% tier1
c stable glue 2 used 1020020 clauses 13.01% accumulated 75.72% tier2
c 
c 
c --- [ resources ] ----------------------------------------------------------
c 
c total process time since initialization:        30.58    seconds
c total real time since initialization:           30.60    seconds
c maximum resident set size of process:       109744.00    MB
c 
c --- [ shutting down ] ------------------------------------------------------
c 
c exit 0
