free_word_mitm_reducedn
N=14 mask=0x3fff msb=0x2000
candidate: M0=0x3d36 mode=random-fallback fill=0x3fff kernel=dM0=dM9=0x2000
prefixes=32768/268435456 mode=permuted-prefix-sample w59_per_prefix=16384 total=536870912
run_mode=scan registry_cap=16
sample_start=108527616
scan_elapsed=23.154s rate=23.19 Mtriples/s

D60 interface
  D60=0 matches: 32419 (random expectation 32768.0, enrichment 0.989x)
  prefixes with D60=0: 16451
  max D60=0 fiber per prefix: 18 at W57=0x23e4 W58=0x7a5
  largest D60 bucket: D=0x27a1 count=33743
  min D60 HW: 0
  D60 HW histogram: 0:32419 1:457232 2:2976955 3:11920395 4:32813730 5:65686257 6:98537260 7:112537781 8:98382257 9:65509954 10:32701699 11:11863896 12:2961267 13:456847 14:32963

Tail closure among D60=0 matches
  final tail collisions: 0
  best r61 HW: 15
  best r61 W1[57..59]=0x184a,0x397c,0x2d43
  best r61 W2[57..59]=0x1757,0x2abb,0x162a
  best tail HW: 20
  best tail r61 HW: 21
  best W1[57..59]=0x3f9c,0x36e8,0x158c
  best W2[57..59]=0x3ea9,0x1d25,0x27d7

SUMMARY N=14 sample_start=108527616 prefixes=32768 total=536870912 d0=32419 best_tail=20 tail_r61=21 best_r61=15 tail_W1=0x3f9c,0x36e8,0x158c tail_W2=0x3ea9,0x1d25,0x27d7 r61_W1=0x184a,0x397c,0x2d43 r61_W2=0x1757,0x2abb,0x162a

Scan-only witness registry
  registry_count=16 registry_cap=16
  witness[00] tail=20 r61=21 gh60=0xba0dfe6 W1=0x3f9c,0x36e8,0x158c W2=0x3ea9,0x1d25,0x27d7
  witness[01] tail=22 r61=20 gh60=0x798dcaa W1=0x212e,0x2ab7,0x342d W2=0x203b,0x2eb7,0x1949
  witness[02] tail=22 r61=22 gh60=0xcd3bd6a W1=0x3061,0xb9d,0x1432 W2=0x2f6e,0x365c,0x57a
  witness[03] tail=23 r61=17 gh60=0x4598d9a W1=0x6a5,0x3e76,0x1d5c W2=0x5b2,0x2d60,0x1471
  witness[04] tail=23 r61=18 gh60=0x4fd9b7a W1=0x3d59,0x1d9b,0x1ca6 W2=0x3c66,0x19e2,0x1f81
  witness[05] tail=23 r61=20 gh60=0xba2dca6 W1=0x4,0x1eb2,0x2442 W2=0x3f11,0x36ed,0x225e
  witness[06] tail=23 r61=24 gh60=0x3b2879a W1=0xbc9,0x2a71,0x1ecf W2=0xad6,0x2c98,0x2805
  witness[07] tail=24 r61=15 gh60=0x4914b6a W1=0x395e,0x9e6,0x270b W2=0x386b,0x141e,0x2be2
  witness[08] tail=24 r61=23 gh60=0xcd98ca6 W1=0x2633,0x2e94,0xcf1 W2=0x2540,0x1ec0,0x1643
  witness[09] tail=25 r61=15 gh60=0xdb04c9a W1=0x184a,0x397c,0x2d43 W2=0x1757,0x2abb,0x162a
  witness[10] tail=25 r61=18 gh60=0x5794caa W1=0x17ee,0x177f,0x1c2d W2=0x16fb,0x293f,0x1caf
  witness[11] tail=25 r61=19 gh60=0x4d3dd7a W1=0x2056,0x14ab,0x748 W2=0x1f63,0x32fb,0x28dd
  witness[12] tail=25 r61=20 gh60=0x471bd6a W1=0x2edd,0x70f,0x3ad W2=0x2dea,0x7ca,0x3ac2
  witness[13] tail=25 r61=21 gh60=0x45ac5ba W1=0x2476,0x3b3a,0x21a4 W2=0x2383,0x1a55,0x21b8
  witness[14] tail=25 r61=21 gh60=0x4568d7e W1=0x26d7,0xec6,0x1c5 W2=0x25e4,0x1c99,0x389c
  witness[15] tail=25 r61=22 gh60=0xda38d9e W1=0x3887,0x25a4,0x3759 W2=0x3794,0x393a,0x3697

Scan-only r61 registry
  registry_count=16 registry_cap=16
  r61_witness[00] r61=15 tail=24 gh60=0x4914b6a W1=0x395e,0x9e6,0x270b W2=0x386b,0x141e,0x2be2
  r61_witness[01] r61=15 tail=25 gh60=0xdb04c9a W1=0x184a,0x397c,0x2d43 W2=0x1757,0x2abb,0x162a
  r61_witness[02] r61=15 tail=28 gh60=0xcb2bb7a W1=0xd59,0x8c,0x2d11 W2=0xc66,0x2fcb,0x14cb
  r61_witness[03] r61=15 tail=31 gh60=0xd897fae W1=0x2fc0,0x3cde,0x1431 W2=0x2ecd,0x2412,0x1c97
  r61_witness[04] r61=15 tail=33 gh60=0x4a045e6 W1=0x228c,0x2aa1,0x268c W2=0x2199,0x3f5b,0x1755
  r61_witness[05] r61=15 tail=34 gh60=0xde184e6 W1=0x231b,0xcc3,0x14a0 W2=0x2228,0x2a88,0x10fd
  r61_witness[06] r61=16 tail=27 gh60=0x589dbae W1=0x1db0,0x4b1,0x1e16 W2=0x1cbd,0x3eb9,0x1ba7
  r61_witness[07] r61=16 tail=30 gh60=0x4ee87be W1=0x1377,0xbd0,0xd74 W2=0x1284,0x1716,0x2aa2
  r61_witness[08] r61=16 tail=31 gh60=0xd6887aa W1=0x2381,0x10f8,0x85a W2=0x228e,0x14b0,0x37ae
  r61_witness[09] r61=16 tail=32 gh60=0x5e884a6 W1=0x14eb,0x36a,0x298f W2=0x13f8,0x1347,0x1597
  r61_witness[10] r61=16 tail=34 gh60=0x4c8449a W1=0x2c2a,0x3f7f,0x1b W2=0x2b37,0x2589,0x1737
  r61_witness[11] r61=16 tail=34 gh60=0xca08de6 W1=0x368b,0x2098,0x4f W2=0x3598,0xad6,0xd2
  r61_witness[12] r61=16 tail=35 gh60=0x4984b9a W1=0x39aa,0x1719,0x24f2 W2=0x38b7,0x1128,0x2ac6
  r61_witness[13] r61=16 tail=38 gh60=0x4d08d66 W1=0x64b,0x3f8,0x231e W2=0x558,0x22aa,0x2083
  r61_witness[14] r61=16 tail=39 gh60=0x4e084ee W1=0x150f,0x247a,0x3df3 W2=0x141c,0x1494,0x1bc3
  r61_witness[15] r61=16 tail=40 gh60=0x44844ba W1=0x243a,0x3afb,0x3dbb W2=0x2347,0x216e,0x2331

D60=0 fiber histogram: 1:7979 2:4741 3:1809 4:1059 5:440 6:203 7:75 8:67 9:35 10:18 11:7 12:8 13:2 14:4 15:1 16:1 17:1 18:1
