free_word_mitm_reducedn
N=14 mask=0x3fff msb=0x2000
candidate: M0=0x3d36 mode=random-fallback fill=0x3fff kernel=dM0=dM9=0x2000
prefixes=32768/268435456 mode=permuted-prefix-sample w59_per_prefix=16384 total=536870912
run_mode=scan registry_cap=16
sample_start=41418752
scan_elapsed=23.290s rate=23.05 Mtriples/s

D60 interface
  D60=0 matches: 32703 (random expectation 32768.0, enrichment 0.998x)
  prefixes with D60=0: 16588
  max D60=0 fiber per prefix: 18 at W57=0x2ddd W58=0x30f5
  largest D60 bucket: D=0xd69 count=33996
  min D60 HW: 0
  D60 HW histogram: 0:32703 1:457070 2:2977738 3:11926758 4:32818074 5:65662328 6:98450939 7:112490880 8:98383401 9:65561647 10:32747912 11:11902845 12:2970104 13:455797 14:32716

Tail closure among D60=0 matches
  final tail collisions: 0
  best r61 HW: 13
  best r61 W1[57..59]=0x2a9a,0x1d4f,0x3fd4
  best r61 W2[57..59]=0x29a7,0xc64,0x206b
  best tail HW: 22
  best tail r61 HW: 25
  best W1[57..59]=0x21bd,0x38ee,0x1e72
  best W2[57..59]=0x20ca,0x2335,0x3fa8

SUMMARY N=14 sample_start=41418752 prefixes=32768 total=536870912 d0=32703 best_tail=22 tail_r61=25 best_r61=13 tail_W1=0x21bd,0x38ee,0x1e72 tail_W2=0x20ca,0x2335,0x3fa8 r61_W1=0x2a9a,0x1d4f,0x3fd4 r61_W2=0x29a7,0xc64,0x206b

Scan-only witness registry
  registry_count=16 registry_cap=16
  witness[00] tail=22 r61=25 gh60=0x79b9baa W1=0x21bd,0x38ee,0x1e72 W2=0x20ca,0x2335,0x3fa8
  witness[01] tail=23 r61=22 gh60=0xcae4baa W1=0x572,0x2837,0x45f W2=0x47f,0x1913,0x2e3a
  witness[02] tail=24 r61=19 gh60=0xf5685a6 W1=0x2c3,0x23e4,0x229f W2=0x1d0,0x1737,0x34b5
  witness[03] tail=24 r61=22 gh60=0x450c566 W1=0x2ccc,0x33f3,0x701 W2=0x2bd9,0x2c27,0x3f79
  witness[04] tail=24 r61=24 gh60=0xd4abc9e W1=0x1027,0x24d3,0x3080 W2=0xf34,0x2543,0x1198
  witness[05] tail=25 r61=23 gh60=0x371876a W1=0x33cd,0x2d30,0x35f2 W2=0x32da,0x3286,0x1823
  witness[06] tail=25 r61=24 gh60=0x4fd859e W1=0x4a7,0xdac,0x1223 W2=0x3b4,0x137b,0x3969
  witness[07] tail=25 r61=24 gh60=0x39b87ba W1=0x33b9,0x1914,0x2c8 W2=0x32c6,0x29ee,0x1b8b
  witness[08] tail=25 r61=30 gh60=0xcffc4ae W1=0x23f0,0x547,0x52d W2=0x22fd,0x2468,0x328b
  witness[09] tail=26 r61=18 gh60=0x4a9c49a W1=0x23ea,0x1a8b,0xf5c W2=0x22f7,0x93,0x17f5
  witness[10] tail=26 r61=18 gh60=0x488c4ae W1=0x3530,0x2221,0x2e01 W2=0x343d,0x1fc2,0x2a7a
  witness[11] tail=26 r61=19 gh60=0x5607be6 W1=0xd8c,0x30b1,0x271f W2=0xc99,0x237a,0x142e
  witness[12] tail=26 r61=21 gh60=0x4d2fc9e W1=0x2e48,0x2e1c,0x31ce W2=0x2d55,0x18cd,0x2ce9
  witness[13] tail=26 r61=22 gh60=0xc5b859e W1=0xca7,0x1b39,0x807 W2=0xbb4,0x2186,0xb44
  witness[14] tail=26 r61=23 gh60=0xc93876a W1=0x1bd1,0x7c6,0x15a8 W2=0x1ade,0x1528,0x1530
  witness[15] tail=26 r61=25 gh60=0xba3ccea W1=0x1912,0x2ea9,0xa35 W2=0x181f,0x3e79,0x13e9

Scan-only r61 registry
  registry_count=16 registry_cap=16
  r61_witness[00] r61=13 tail=29 gh60=0x4a045fa W1=0x2a9a,0x1d4f,0x3fd4 W2=0x29a7,0xc64,0x206b
  r61_witness[01] r61=15 tail=27 gh60=0x48884aa W1=0x341,0x3f72,0x20d4 W2=0x24e,0x6a2,0xe70
  r61_witness[02] r61=15 tail=31 gh60=0x4b8bcaa W1=0x303d,0x16a2,0x5ad W2=0x2f4a,0xd51,0x1513
  r61_witness[03] r61=15 tail=33 gh60=0xce084ee W1=0xb0f,0x3ea4,0x3393 W2=0xa1c,0x1bba,0x1e24
  r61_witness[04] r61=15 tail=36 gh60=0x4a2bc9a W1=0x2e05,0x192d,0x10f2 W2=0x2d12,0x3439,0x2c32
  r61_witness[05] r61=16 tail=29 gh60=0xcb89bae W1=0x216f,0xffd,0x24bd W2=0x207c,0x588,0x3a5e
  r61_witness[06] r61=16 tail=29 gh60=0xcb08d6a W1=0x36cd,0x33bd,0x3952 W2=0x35da,0x1504,0x1280
  r61_witness[07] r61=16 tail=32 gh60=0xd708b6a W1=0x35d1,0x34cb,0x2079 W2=0x34de,0x706,0x2ef9
  r61_witness[08] r61=16 tail=34 gh60=0x5888fa6 W1=0x7ab,0x138b,0x141d W2=0x6b8,0x39df,0x1a89
  r61_witness[09] r61=16 tail=34 gh60=0x496879a W1=0xbc5,0x1b1f,0x108b W2=0xad2,0xd42,0x99a
  r61_witness[10] r61=16 tail=36 gh60=0x4884b9a W1=0x29aa,0x2bff,0x2f67 W2=0x28b7,0x190a,0x2189
  r61_witness[11] r61=17 tail=27 gh60=0x3a044e6 W1=0xd1c,0x26e,0x39d W2=0xc29,0x3246,0x2a43
  r61_witness[12] r61=17 tail=27 gh60=0xdcbc5a6 W1=0x14b4,0x2832,0x36f5 W2=0x13c1,0xf86,0x12a9
  r61_witness[13] r61=17 tail=28 gh60=0x4aa8cba W1=0x6f9,0x60e,0xfb1 W2=0x606,0x2a51,0x3f90
  r61_witness[14] r61=17 tail=28 gh60=0xc8b84aa W1=0xd3d,0x15f6,0x1008 W2=0xc4a,0x1ce2,0xda6
  r61_witness[15] r61=17 tail=29 gh60=0x3a3859a W1=0x1c89,0x3fff,0x2b5b W2=0x1b96,0x2efe,0x28f1

D60=0 fiber histogram: 1:8041 2:4751 3:1847 4:1097 5:404 6:228 7:80 8:70 9:32 10:22 11:3 12:3 13:3 14:3 15:1 16:2 18:1
