free_word_mitm_reducedn
N=14 mask=0x3fff msb=0x2000
candidate: M0=0x3d36 mode=random-fallback fill=0x3fff kernel=dM0=dM9=0x2000
prefixes=32768/268435456 mode=permuted-prefix-sample w59_per_prefix=16384 total=536870912
run_mode=scan registry_cap=16
sample_start=252837888
scan_elapsed=11.284s rate=47.58 Mtriples/s

D60 interface
  D60=0 matches: 32546 (random expectation 32768.0, enrichment 0.993x)
  prefixes with D60=0: 16465
  max D60=0 fiber per prefix: 20 at W57=0x30f5 W58=0x1163
  largest D60 bucket: D=0x28fa count=33874
  min D60 HW: 0
  D60 HW histogram: 0:32546 1:456041 2:2977685 3:11913212 4:32797388 5:65627246 6:98435408 7:112477111 8:98380311 9:65577458 10:32795479 11:11930557 12:2979334 13:458392 14:32744

Tail closure among D60=0 matches
  final tail collisions: 0
  best r61 HW: 14
  best r61 W1[57..59]=0x3ff,0x24ef,0x2302
  best r61 W2[57..59]=0x30c,0x12ff,0x2cc1
  best tail HW: 22
  best tail r61 HW: 21
  best W1[57..59]=0x32b7,0x3daf,0x1917
  best W2[57..59]=0x31c4,0x10e9,0x9a4

SUMMARY N=14 sample_start=252837888 prefixes=32768 total=536870912 d0=32546 best_tail=22 tail_r61=21 best_r61=14 tail_W1=0x32b7,0x3daf,0x1917 tail_W2=0x31c4,0x10e9,0x9a4 r61_W1=0x3ff,0x24ef,0x2302 r61_W2=0x30c,0x12ff,0x2cc1

Scan-only witness registry
  registry_count=16 registry_cap=16
  witness[00] tail=22 r61=18 gh60=0xce844a6 W1=0xbfc,0x2109,0x2ded W2=0xb09,0x20d5,0x45f
  witness[01] tail=22 r61=21 gh60=0xd4a85be W1=0x32b7,0x3daf,0x1917 W2=0x31c4,0x10e9,0x9a4
  witness[02] tail=23 r61=20 gh60=0x77f849a W1=0x22e9,0x291a,0x3f61 W2=0x21f6,0x11ed,0xf93
  witness[03] tail=23 r61=23 gh60=0xfbf849a W1=0x3245,0x27ed,0x6be W2=0x3152,0x1c7a,0x17f8
  witness[04] tail=23 r61=24 gh60=0x366c7a6 W1=0x1374,0x28fa,0x864 W2=0x1281,0x24de,0x3caa
  witness[05] tail=24 r61=18 gh60=0xcb885ae W1=0x12af,0x3155,0x2460 W2=0x11bc,0x268d,0x1da3
  witness[06] tail=24 r61=19 gh60=0x4a54cfa W1=0x2816,0x152f,0x1915 W2=0x2723,0x3967,0x1872
  witness[07] tail=24 r61=20 gh60=0x4a6849a W1=0x9e9,0x3a59,0x29b W2=0x8f6,0x1e62,0x3269
  witness[08] tail=24 r61=21 gh60=0x36edb9e W1=0x1d88,0x12ec,0x34fe W2=0x1c95,0xad9,0x1c39
  witness[09] tail=24 r61=26 gh60=0xb568c9a W1=0x3825,0xf5e,0x11f2 W2=0x3732,0x24,0x1f54
  witness[10] tail=24 r61=27 gh60=0xded7cbe W1=0x2ff8,0x287d,0x683 W2=0x2f05,0xf61,0x22b9
  witness[11] tail=25 r61=17 gh60=0x4ae4b66 W1=0x29d4,0x327d,0x34bc W2=0x28e1,0x3870,0x1215
  witness[12] tail=25 r61=18 gh60=0x3d8fdba W1=0xeba,0x85c,0x200e W2=0xdc7,0x2abc,0x522
  witness[13] tail=25 r61=21 gh60=0xdba7b66 W1=0x1164,0x17a8,0x5b3 W2=0x1071,0xa25,0x2a00
  witness[14] tail=25 r61=22 gh60=0x49e7de6 W1=0x1094,0x40,0x35f4 W2=0xfa1,0x3d89,0x1a4b
  witness[15] tail=25 r61=22 gh60=0x57944ae W1=0x2330,0x146,0x7cc W2=0x223d,0x3167,0x21f2

Scan-only r61 registry
  registry_count=16 registry_cap=16
  r61_witness[00] r61=14 tail=33 gh60=0xc6884ae W1=0x3ff,0x24ef,0x2302 W2=0x30c,0x12ff,0x2cc1
  r61_witness[01] r61=15 tail=31 gh60=0x460dfea W1=0x1f8e,0x3a30,0x3a56 W2=0x1e9b,0x38c0,0xff0
  r61_witness[02] r61=16 tail=28 gh60=0xbe085ea W1=0x29d,0x1ddd,0x365c W2=0x1aa,0x296b,0x17b2
  r61_witness[03] r61=16 tail=29 gh60=0x4f77b7e W1=0x11d8,0x928,0x354f W2=0x10e5,0x2c48,0x407
  r61_witness[04] r61=16 tail=31 gh60=0xc5884aa W1=0x2c2d,0x37a,0x2015 W2=0x2b3a,0x7b6,0x3f64
  r61_witness[05] r61=16 tail=32 gh60=0xce28cfe W1=0x3817,0x2213,0x3279 W2=0x3724,0x3e7a,0x72d
  r61_witness[06] r61=16 tail=33 gh60=0x5a05bfa W1=0x19a,0xe26,0x278a W2=0xa7,0x3aaa,0x29f1
  r61_witness[07] r61=16 tail=33 gh60=0x449bde6 W1=0x2ea3,0x20d7,0x3bca W2=0x2db0,0xe37,0x3a27
  r61_witness[08] r61=16 tail=34 gh60=0xce8449a W1=0x4ea,0x2138,0x1b5c W2=0x3f7,0x778,0x2d66
  r61_witness[09] r61=16 tail=34 gh60=0x4919b6a W1=0x1d51,0x7b4,0x371 W2=0x1c5e,0xbef,0x99b
  r61_witness[10] r61=16 tail=38 gh60=0x4974b6a W1=0x29ce,0x1382,0x783 W2=0x28db,0x9ca,0x2563
  r61_witness[11] r61=17 tail=25 gh60=0x4ae4b66 W1=0x29d4,0x327d,0x34bc W2=0x28e1,0x3870,0x1215
  r61_witness[12] r61=17 tail=27 gh60=0xc95849a W1=0x1d49,0x13a,0x3393 W2=0x1c56,0x37c5,0x3170
  r61_witness[13] r61=17 tail=28 gh60=0x5e084e6 W1=0x1b1b,0x31be,0x2fe W2=0x1a28,0x2481,0x2a1d
  r61_witness[14] r61=17 tail=28 gh60=0xd56dcaa W1=0x2032,0x1e4d,0x2d99 W2=0x1f3f,0x2251,0x153e
  r61_witness[15] r61=17 tail=28 gh60=0x4779d66 W1=0x3ed3,0x2e8e,0x278b W2=0x3de0,0x22e6,0x26a5

D60=0 fiber histogram: 1:7965 2:4720 3:1813 4:1092 5:443 6:212 7:79 8:74 9:29 10:19 11:5 12:6 13:3 14:1 16:1 17:1 18:1 20:1
