free_word_mitm_reducedn
N=14 mask=0x3fff msb=0x2000
candidate: M0=0x3d36 mode=random-fallback fill=0x3fff kernel=dM0=dM9=0x2000
prefixes=32768/268435456 mode=permuted-prefix-sample w59_per_prefix=16384 total=536870912
run_mode=scan registry_cap=16
sample_start=222330880
scan_elapsed=21.865s rate=24.55 Mtriples/s

D60 interface
  D60=0 matches: 32617 (random expectation 32768.0, enrichment 0.995x)
  prefixes with D60=0: 16465
  max D60=0 fiber per prefix: 26 at W57=0xf4d W58=0x2912
  largest D60 bucket: D=0xbad count=33796
  min D60 HW: 0
  D60 HW histogram: 0:32617 1:457452 2:2976053 3:11928721 4:32834134 5:65700869 6:98506637 7:112518268 8:98369080 9:65515740 10:32709921 11:11871596 12:2961820 13:455972 14:32032

Tail closure among D60=0 matches
  final tail collisions: 0
  best r61 HW: 14
  best r61 W1[57..59]=0x230a,0x3fcf,0x3d7
  best r61 W2[57..59]=0x2217,0x28cd,0x986
  best tail HW: 18
  best tail r61 HW: 19
  best W1[57..59]=0x1286,0x1695,0x3f0b
  best W2[57..59]=0x1193,0x383,0x3f39

SUMMARY N=14 sample_start=222330880 prefixes=32768 total=536870912 d0=32617 best_tail=18 tail_r61=19 best_r61=14 tail_W1=0x1286,0x1695,0x3f0b tail_W2=0x1193,0x383,0x3f39 r61_W1=0x230a,0x3fcf,0x3d7 r61_W2=0x2217,0x28cd,0x986

Scan-only witness registry
  registry_count=16 registry_cap=16
  witness[00] tail=18 r61=19 gh60=0x765459a W1=0x1286,0x1695,0x3f0b W2=0x1193,0x383,0x3f39
  witness[01] tail=23 r61=19 gh60=0x5e3bcfe W1=0x3017,0x17b3,0x1e97 W2=0x2f24,0xe9a,0x37c4
  witness[02] tail=23 r61=22 gh60=0xc93876a W1=0x3cd,0x11eb,0x28ae W2=0x2da,0xa45,0xa6c
  witness[03] tail=23 r61=22 gh60=0xd908b6a W1=0x25dd,0x2532,0x2259 W2=0x24ea,0x1321,0x184
  witness[04] tail=24 r61=18 gh60=0xdb88baa W1=0x1981,0x34c2,0x175a W2=0x188e,0x139,0x3247
  witness[05] tail=24 r61=21 gh60=0x3d0856a W1=0x2c5d,0x3559,0x1281 W2=0x2b6a,0xa4f,0x510
  witness[06] tail=24 r61=25 gh60=0xbd784ae W1=0x22f,0xe85,0x2e56 W2=0x13c,0x38a5,0x1972
  witness[07] tail=24 r61=25 gh60=0xfb88da6 W1=0x16bb,0x30a,0x1d41 W2=0x15c8,0x2bae,0x34a9
  witness[08] tail=25 r61=19 gh60=0xd9884aa W1=0x301,0x1ab,0xb2a W2=0x20e,0x95b,0xcd9
  witness[09] tail=25 r61=19 gh60=0xcd37d7e W1=0x1058,0x32e,0x1a05 W2=0xf65,0x337e,0x2f9d
  witness[10] tail=25 r61=20 gh60=0xda27de6 W1=0x3094,0x562,0x8eb W2=0x2fa1,0xcb3,0x4d5
  witness[11] tail=25 r61=21 gh60=0xd918f6a W1=0x761,0x2fa1,0x3ae9 W2=0x66e,0x2ab4,0x27b7
  witness[12] tail=25 r61=21 gh60=0xc68fcba W1=0x2dfa,0x30a,0x23c4 W2=0x2d07,0x2002,0x2eaf
  witness[13] tail=25 r61=22 gh60=0xca3fdfe W1=0x3098,0x89f,0x2fd7 W2=0x2fa5,0x3f67,0x1bce
  witness[14] tail=25 r61=24 gh60=0xce78bfe W1=0x597,0x3cdb,0x2eaa W2=0x4a4,0x336a,0x7e8
  witness[15] tail=25 r61=25 gh60=0x4b9c76a W1=0x3362,0x35be,0x1faa W2=0x326f,0x3639,0x1597

Scan-only r61 registry
  registry_count=16 registry_cap=16
  r61_witness[00] r61=14 tail=27 gh60=0x5a0449a W1=0x230a,0x3fcf,0x3d7 W2=0x2217,0x28cd,0x986
  r61_witness[01] r61=14 tail=35 gh60=0x78884a6 W1=0x233b,0x204b,0x92f W2=0x2248,0x198,0x3069
  r61_witness[02] r61=15 tail=31 gh60=0x44d459a W1=0x24a6,0x1bb6,0xa4a W2=0x23b3,0x396e,0x8a6
  r61_witness[03] r61=15 tail=31 gh60=0x3908b6a W1=0x25e1,0x286f,0x243 W2=0x24ee,0x26a2,0x35f6
  r61_witness[04] r61=15 tail=32 gh60=0x4a08dea W1=0x389d,0xf1e,0x3c W2=0x37aa,0x2be9,0x319d
  r61_witness[05] r61=15 tail=33 gh60=0x4a085ee W1=0x28f,0x2fd4,0x2ec0 W2=0x19c,0x1292,0x1248
  r61_witness[06] r61=16 tail=30 gh60=0xd8d5c9a W1=0x3f26,0x139e,0x28b0 W2=0x3e33,0x3a2b,0xb68
  r61_witness[07] r61=16 tail=31 gh60=0xc504566 W1=0x14dc,0x161f,0x3363 W2=0x13e9,0x2041,0x29d6
  r61_witness[08] r61=16 tail=31 gh60=0xc8b5bae W1=0x1db0,0x3a66,0x2638 W2=0x1cbd,0x346e,0xbe7
  r61_witness[09] r61=16 tail=32 gh60=0x5989cae W1=0xff,0x218f,0xe32 W2=0xc,0x3dde,0xeab
  r61_witness[10] r61=16 tail=32 gh60=0x4b8fb9a W1=0x116a,0x3dbb,0x3830 W2=0x1077,0x2058,0x5cd
  r61_witness[11] r61=16 tail=33 gh60=0x4909b6a W1=0x1d1,0x10ca,0x268a W2=0xde,0xfc5,0x442
  r61_witness[12] r61=16 tail=33 gh60=0x4a087ea W1=0x39d,0x2339,0x2118 W2=0x2aa,0x14f7,0x3f5
  r61_witness[13] r61=16 tail=33 gh60=0x55a45a6 W1=0x1274,0x260d,0x357a W2=0x1181,0x2bd1,0x3b99
  r61_witness[14] r61=16 tail=33 gh60=0x48b7cae W1=0x3140,0x2c0e,0x1b32 W2=0x304d,0x3ee2,0x1d9
  r61_witness[15] r61=16 tail=33 gh60=0x59847a6 W1=0x336c,0x1fcc,0x285a W2=0x3279,0x1a22,0x324e

D60=0 fiber histogram: 1:7936 2:4746 3:1845 4:1084 5:398 6:226 7:81 8:70 9:35 10:23 11:3 12:9 13:1 14:2 15:1 17:1 18:1 20:1 22:1 26:1
