free_word_mitm_reducedn
N=14 mask=0x3fff msb=0x2000
candidate: M0=0x3d36 mode=random-fallback fill=0x3fff kernel=dM0=dM9=0x2000
prefixes=32768/268435456 mode=permuted-prefix-sample w59_per_prefix=16384 total=536870912
run_mode=scan registry_cap=16
sample_start=247496704
scan_elapsed=21.836s rate=24.59 Mtriples/s

D60 interface
  D60=0 matches: 32495 (random expectation 32768.0, enrichment 0.992x)
  prefixes with D60=0: 16434
  max D60=0 fiber per prefix: 17 at W57=0x3e79 W58=0x3152
  largest D60 bucket: D=0xf97 count=33774
  min D60 HW: 0
  D60 HW histogram: 0:32495 1:458559 2:2977846 3:11909177 4:32803692 5:65636724 6:98471320 7:112518799 8:98387671 9:65556608 10:32754617 11:11900322 12:2972785 13:457565 14:32732

Tail closure among D60=0 matches
  final tail collisions: 0
  best r61 HW: 15
  best r61 W1[57..59]=0xacb,0x3f8b,0x34bd
  best r61 W2[57..59]=0x9d8,0xfd6,0x1b61
  best tail HW: 22
  best tail r61 HW: 21
  best W1[57..59]=0x32c6,0x161b,0x2549
  best W2[57..59]=0x31d3,0x28d,0x1b18

SUMMARY N=14 sample_start=247496704 prefixes=32768 total=536870912 d0=32495 best_tail=22 tail_r61=21 best_r61=15 tail_W1=0x32c6,0x161b,0x2549 tail_W2=0x31d3,0x28d,0x1b18 r61_W1=0xacb,0x3f8b,0x34bd r61_W2=0x9d8,0xfd6,0x1b61

Scan-only witness registry
  registry_count=16 registry_cap=16
  witness[00] tail=22 r61=21 gh60=0xb6d459a W1=0x32c6,0x161b,0x2549 W2=0x31d3,0x28d,0x1b18
  witness[01] tail=22 r61=23 gh60=0xcdb85ba W1=0x275,0x32e7,0x26a2 W2=0x182,0x1e8d,0x1cf3
  witness[02] tail=23 r61=16 gh60=0xc8847ba W1=0x13ba,0x1089,0x13a2 W2=0x12c7,0x1348,0x1434
  witness[03] tail=23 r61=19 gh60=0x3908b66 W1=0x54b,0x2da8,0x141e W2=0x458,0x3b8a,0x3c3e
  witness[04] tail=23 r61=19 gh60=0x4607ce6 W1=0xe0c,0x2f9d,0x10f8 W2=0xd19,0x2b6,0x234f
  witness[05] tail=24 r61=26 gh60=0xcef8b6a W1=0x35e1,0x95f,0x332a W2=0x34ee,0x1b8e,0x1b98
  witness[06] tail=24 r61=29 gh60=0x3ae5d6a W1=0x1e52,0x38ef,0x3b99 W2=0x1d5f,0xcdf,0x380f
  witness[07] tail=25 r61=19 gh60=0xdd0dd7a W1=0x20da,0xabf,0x2394 W2=0x1fe7,0x312b,0x2e66
  witness[08] tail=25 r61=20 gh60=0x470bf6a W1=0xf5d,0x37f1,0x684 W2=0xe6a,0x14fc,0x2f27
  witness[09] tail=25 r61=20 gh60=0x4954f7e W1=0x37d8,0x1579,0x2945 W2=0x36e5,0x19b5,0x2a62
  witness[10] tail=25 r61=21 gh60=0xcb0856a W1=0xcdd,0x3471,0x36bb W2=0xbea,0x787,0x2239
  witness[11] tail=25 r61=23 gh60=0xdb85da6 W1=0x7c,0x724,0x3c19 W2=0x3f89,0x37c7,0x360b
  witness[12] tail=25 r61=23 gh60=0x37187a6 W1=0x1bc3,0x126f,0x119f W2=0x1ad0,0xb64,0x1d52
  witness[13] tail=25 r61=23 gh60=0xda684be W1=0x3bf7,0x653,0x2a2b W2=0x3b04,0x25f1,0x3584
  witness[14] tail=25 r61=29 gh60=0xfd8fda6 W1=0x30ac,0x1abb,0xb69 W2=0x2fb9,0x3dfe,0x285
  witness[15] tail=26 r61=16 gh60=0x3e084ea W1=0x341d,0x3d6a,0x1862 W2=0x332a,0x169c,0x1f5b

Scan-only r61 registry
  registry_count=16 registry_cap=16
  r61_witness[00] r61=15 tail=27 gh60=0x460dfe6 W1=0x1f8c,0x13de,0x3579 W2=0x1e99,0x3a2b,0x2123
  r61_witness[01] r61=15 tail=28 gh60=0x4d08566 W1=0xacb,0x3f8b,0x34bd W2=0x9d8,0xfd6,0x1b61
  r61_witness[02] r61=15 tail=30 gh60=0x48787aa W1=0x23ad,0x2c37,0x2987 W2=0x22ba,0x1e8b,0x7e
  r61_witness[03] r61=15 tail=33 gh60=0x3a347fa W1=0x3396,0x2998,0xaf5 W2=0x32a3,0x3ae9,0x203a
  r61_witness[04] r61=15 tail=35 gh60=0xc6085ea W1=0x2c9d,0x2eff,0x3bb W2=0x2baa,0x3c8d,0x8ef
  r61_witness[05] r61=16 tail=23 gh60=0xc8847ba W1=0x13ba,0x1089,0x13a2 W2=0x12c7,0x1348,0x1434
  r61_witness[06] r61=16 tail=26 gh60=0x3e084ea W1=0x341d,0x3d6a,0x1862 W2=0x332a,0x169c,0x1f5b
  r61_witness[07] r61=16 tail=27 gh60=0x4608fe6 W1=0x179b,0x2566,0x18a2 W2=0x16a8,0x1e20,0x17a5
  r61_witness[08] r61=16 tail=29 gh60=0x4f0bd6e W1=0x104f,0xcd5,0x3b5 W2=0xf5c,0x1da4,0xae8
  r61_witness[09] r61=16 tail=29 gh60=0x4a7dcaa W1=0x3ef2,0x17d9,0x3276 W2=0x3dff,0x1a21,0x17a5
  r61_witness[10] r61=16 tail=30 gh60=0xcc884aa W1=0x2241,0x3f02,0x626 W2=0x214e,0x3f2,0x20be
  r61_witness[11] r61=16 tail=32 gh60=0x4c884ae W1=0x223f,0x1b6e,0x3480 W2=0x214c,0x87e,0x1fe8
  r61_witness[12] r61=16 tail=32 gh60=0xc98479a W1=0x33aa,0x3db4,0x1b8c W2=0x32b7,0x3f84,0x256c
  r61_witness[13] r61=16 tail=35 gh60=0x390c76e W1=0xb50,0x2fc9,0x25a4 W2=0xa5d,0x2a10,0x390b
  r61_witness[14] r61=17 tail=27 gh60=0xc708d66 W1=0x16db,0x26b3,0x15c W2=0x15e8,0x1175,0x2d3c
  r61_witness[15] r61=17 tail=27 gh60=0x3b08b6e W1=0x255f,0x7a4,0x6e5 W2=0x246c,0x3daf,0x3acf

D60=0 fiber histogram: 1:7915 2:4805 3:1775 4:1072 5:422 6:218 7:80 8:75 9:20 10:29 11:4 12:5 13:3 14:5 15:1 16:4 17:1
