free_word_mitm_reducedn
N=14 mask=0x3fff msb=0x2000
candidate: M0=0x3d36 mode=random-fallback fill=0x3fff kernel=dM0=dM9=0x2000
prefixes=32768/268435456 mode=permuted-prefix-sample w59_per_prefix=16384 total=536870912
run_mode=scan registry_cap=16
sample_start=13991936
scan_elapsed=19.765s rate=27.16 Mtriples/s

D60 interface
  D60=0 matches: 32427 (random expectation 32768.0, enrichment 0.990x)
  prefixes with D60=0: 16452
  max D60=0 fiber per prefix: 20 at W57=0xd7c W58=0x26b
  largest D60 bucket: D=0x2c4e count=33986
  min D60 HW: 0
  D60 HW histogram: 0:32427 1:458047 2:2983960 3:11935179 4:32858784 5:65694177 6:98510275 7:112512240 8:98358589 9:65484937 10:32702534 11:11883286 12:2967774 13:456195 14:32508

Tail closure among D60=0 matches
  final tail collisions: 0
  best r61 HW: 14
  best r61 W1[57..59]=0x1da,0x25f2,0x335d
  best r61 W2[57..59]=0xe7,0x15e6,0x2a34
  best tail HW: 22
  best tail r61 HW: 20
  best W1[57..59]=0x3164,0x31d8,0x3114
  best W2[57..59]=0x3071,0x2655,0x1687

SUMMARY N=14 sample_start=13991936 prefixes=32768 total=536870912 d0=32427 best_tail=22 tail_r61=20 best_r61=14 tail_W1=0x3164,0x31d8,0x3114 tail_W2=0x3071,0x2655,0x1687 r61_W1=0x1da,0x25f2,0x335d r61_W2=0xe7,0x15e6,0x2a34

Scan-only witness registry
  registry_count=16 registry_cap=16
  witness[00] tail=22 r61=20 gh60=0xd9e7b66 W1=0x3164,0x31d8,0x3114 W2=0x3071,0x2655,0x1687
  witness[01] tail=24 r61=18 gh60=0xb708d6a W1=0x185d,0x2a7c,0x16ae W2=0x176a,0x6b7,0x474
  witness[02] tail=24 r61=22 gh60=0xda284e6 W1=0xb13,0x208f,0x3579 W2=0xa20,0x1d70,0xd4d
  witness[03] tail=24 r61=23 gh60=0x4a87ca6 W1=0x2efc,0x1c6,0x3ee2 W2=0x2e09,0x3ad9,0x3800
  witness[04] tail=25 r61=16 gh60=0xca0459a W1=0x28a,0x17b1,0x2fda W2=0x197,0x487,0x193b
  witness[05] tail=25 r61=18 gh60=0xcd0856e W1=0x34cf,0x358c,0x16e7 W2=0x33dc,0x2736,0x3421
  witness[06] tail=25 r61=19 gh60=0xbe28ca6 W1=0x903,0xb52,0x2fd4 W2=0x810,0x258e,0x21d1
  witness[07] tail=25 r61=19 gh60=0xf9987aa W1=0xbc1,0x32a5,0xfde W2=0xace,0x35ed,0xed1
  witness[08] tail=25 r61=22 gh60=0xdd1c566 W1=0x2cc,0x3ad6,0x225b W2=0x1d9,0x920,0x2305
  witness[09] tail=25 r61=23 gh60=0x49bcca6 W1=0x26ec,0x235a,0x2ec1 W2=0x25f9,0x3077,0x75f
  witness[10] tail=25 r61=25 gh60=0x45a8dba W1=0x675,0x1a87,0x3988 W2=0x582,0xaee,0x1faa
  witness[11] tail=25 r61=25 gh60=0xfb0fb6a W1=0xdce,0x3284,0x8f3 W2=0xcdb,0x2084,0x26e4
  witness[12] tail=25 r61=25 gh60=0x38944aa W1=0x333e,0x3192,0x18b8 W2=0x324b,0x783,0x1475
  witness[13] tail=25 r61=28 gh60=0xc72849e W1=0x1c47,0x3b88,0x33d4 W2=0x1b54,0x19f3,0x1da6
  witness[14] tail=26 r61=17 gh60=0xca245aa W1=0x3282,0x2e46,0x2e0b W2=0x318f,0x8f3,0x16ed
  witness[15] tail=26 r61=19 gh60=0x5adcc9a W1=0x8e6,0x3ef2,0x1fc7 W2=0x7f3,0x207d,0x29d4

Scan-only r61 registry
  registry_count=16 registry_cap=16
  r61_witness[00] r61=14 tail=31 gh60=0x4905b7a W1=0x1da,0x25f2,0x335d W2=0xe7,0x15e6,0x2a34
  r61_witness[01] r61=15 tail=32 gh60=0x48b8f9a W1=0x7a9,0x1290,0x38d5 W2=0x6b6,0xfbe,0x24bd
  r61_witness[02] r61=15 tail=32 gh60=0x4894fae W1=0x27c0,0x3629,0x36c8 W2=0x26cd,0x2b61,0x76c
  r61_witness[03] r61=16 tail=25 gh60=0xca0459a W1=0x28a,0x17b1,0x2fda W2=0x197,0x487,0x193b
  r61_witness[04] r61=16 tail=27 gh60=0xcb24caa W1=0x1642,0x3967,0x1df5 W2=0x154f,0x11fb,0x377d
  r61_witness[05] r61=16 tail=28 gh60=0x39ac4e6 W1=0x1324,0x30c5,0x33ca W2=0x1231,0x2d49,0x1487
  r61_witness[06] r61=16 tail=28 gh60=0xc8a9c9a W1=0x2125,0x50c,0x1ca3 W2=0x2032,0x239c,0x3af4
  r61_witness[07] r61=16 tail=29 gh60=0xb90bf6e W1=0xfdf,0x398b,0x1ae6 W2=0xeec,0x1eba,0x38fe
  r61_witness[08] r61=16 tail=29 gh60=0x5a04ce6 W1=0x190c,0x2686,0x3797 W2=0x1819,0x1e2d,0xe48
  r61_witness[09] r61=16 tail=29 gh60=0x4708566 W1=0x2c5b,0x2ea9,0x15b4 W2=0x2b68,0x23e0,0x3528
  r61_witness[10] r61=16 tail=29 gh60=0x4618ce6 W1=0x391b,0x790,0x3fd6 W2=0x3828,0x1412,0xadb
  r61_witness[11] r61=16 tail=30 gh60=0x4a64caa W1=0x3802,0x3853,0x2a4c W2=0x370f,0xb67,0x39fe
  r61_witness[12] r61=16 tail=32 gh60=0xce0bce6 W1=0xe0b,0x248d,0x45 W2=0xd18,0x27b5,0x10ac
  r61_witness[13] r61=16 tail=32 gh60=0x4a1bcfa W1=0x1015,0xf0e,0x679 W2=0xf22,0x1bd9,0x2754
  r61_witness[14] r61=16 tail=32 gh60=0x491bfa6 W1=0x2fc3,0x1914,0x1f1b W2=0x2ed0,0x3402,0x3cc5
  r61_witness[15] r61=16 tail=33 gh60=0x4a044e6 W1=0x151c,0x2ea9,0x217d W2=0x1429,0x297b,0x2d92

D60=0 fiber histogram: 1:8028 2:4666 3:1828 4:1085 5:407 6:211 7:77 8:70 9:29 10:27 11:8 12:6 13:4 14:1 16:2 17:2 20:1
