free_word_mitm_reducedn
N=14 mask=0x3fff msb=0x2000
candidate: M0=0x3d36 mode=random-fallback fill=0x3fff kernel=dM0=dM9=0x2000
prefixes=32768/268435456 mode=permuted-prefix-sample w59_per_prefix=16384 total=536870912
run_mode=scan registry_cap=16
sample_start=223707136
scan_elapsed=19.432s rate=27.63 Mtriples/s

D60 interface
  D60=0 matches: 32554 (random expectation 32768.0, enrichment 0.993x)
  prefixes with D60=0: 16413
  max D60=0 fiber per prefix: 24 at W57=0x3d5b W58=0x29dd
  largest D60 bucket: D=0x2c9a count=33703
  min D60 HW: 0
  D60 HW histogram: 0:32554 1:457075 2:2972137 3:11904627 4:32769699 5:65585747 6:98443715 7:112531562 8:98439847 9:65597094 10:32771985 11:11906427 12:2967539 13:458148 14:32756

Tail closure among D60=0 matches
  final tail collisions: 0
  best r61 HW: 12
  best r61 W1[57..59]=0x24bb,0x1880,0x2f10
  best r61 W2[57..59]=0x23c8,0xfa5,0xc14
  best tail HW: 23
  best tail r61 HW: 23
  best W1[57..59]=0x2bf5,0x474,0xaee
  best W2[57..59]=0x2b02,0x2a32,0x3ca1

SUMMARY N=14 sample_start=223707136 prefixes=32768 total=536870912 d0=32554 best_tail=23 tail_r61=23 best_r61=12 tail_W1=0x2bf5,0x474,0xaee tail_W2=0x2b02,0x2a32,0x3ca1 r61_W1=0x24bb,0x1880,0x2f10 r61_W2=0x23c8,0xfa5,0xc14

Scan-only witness registry
  registry_count=16 registry_cap=16
  witness[00] tail=23 r61=23 gh60=0xcae84ba W1=0x2bf5,0x474,0xaee W2=0x2b02,0x2a32,0x3ca1
  witness[01] tail=24 r61=15 gh60=0x4a78dfe W1=0x3897,0x1f31,0x3c02 W2=0x37a4,0x3370,0x3a32
  witness[02] tail=24 r61=18 gh60=0x7a085e6 W1=0x1a8b,0x13f8,0x351f W2=0x1998,0x3bb7,0x27f9
  witness[03] tail=24 r61=25 gh60=0xf91db66 W1=0x14c,0xf9a,0x2343 W2=0x59,0x16fb,0x84e
  witness[04] tail=25 r61=15 gh60=0x4607be6 W1=0x118c,0x321b,0x5f W2=0x1099,0x21e4,0xfe8
  witness[05] tail=25 r61=17 gh60=0x59f4cee W1=0x620,0x2f10,0x3f51 W2=0x52d,0x10dc,0x5d0
  witness[06] tail=25 r61=18 gh60=0x4918b66 W1=0x2953,0x3ba2,0x395d W2=0x2860,0x3d8c,0x1ef7
  witness[07] tail=25 r61=22 gh60=0x4d3456e W1=0xad0,0x2d76,0xe8b W2=0x9dd,0xa45,0x19bd
  witness[08] tail=25 r61=23 gh60=0xcf3c5aa W1=0x2ac2,0x3a4a,0x484 W2=0x29cf,0x607,0xb17
  witness[09] tail=25 r61=24 gh60=0xc89849a W1=0x2b25,0x30f7,0x13dc W2=0x2a32,0x1888,0x2782
  witness[10] tail=25 r61=25 gh60=0xc77bfaa W1=0x2fb1,0x677,0x329a W2=0x2ebe,0x318e,0x1359
  witness[11] tail=26 r61=18 gh60=0x4e144ee W1=0xc20,0x3c2a,0x2b81 W2=0xb2d,0x1bb5,0x32c6
  witness[12] tail=26 r61=18 gh60=0xc48dca6 W1=0x3e2c,0x2b39,0x196a W2=0x3d39,0xcd4,0x3c21
  witness[13] tail=26 r61=19 gh60=0xd887ca6 W1=0x2f2c,0x124e,0x20b4 W2=0x2e39,0x6f1,0x31d0
  witness[14] tail=26 r61=20 gh60=0xcf185a6 W1=0x2c3,0x1c92,0x1aa9 W2=0x1d0,0xfe5,0x220b
  witness[15] tail=26 r61=20 gh60=0xcb1bb6a W1=0xdcd,0x1ea5,0x14ec W2=0xcda,0x3ca0,0x310d

Scan-only r61 registry
  registry_count=16 registry_cap=16
  r61_witness[00] r61=12 tail=27 gh60=0x760bcea W1=0x1021,0x32c5,0x20df W2=0xf2e,0x2040,0xcbb
  r61_witness[01] r61=12 tail=28 gh60=0x44885a6 W1=0x24bb,0x1880,0x2f10 W2=0x23c8,0xfa5,0xc14
  r61_witness[02] r61=14 tail=29 gh60=0x5a8cda6 W1=0x366c,0x1952,0xfa1 W2=0x3579,0x187,0xc58
  r61_witness[03] r61=14 tail=30 gh60=0x49984ae W1=0x153f,0x3fc5,0x2349 W2=0x144c,0x2e55,0xbe2
  r61_witness[04] r61=15 tail=24 gh60=0x4a78dfe W1=0x3897,0x1f31,0x3c02 W2=0x37a4,0x3370,0x3a32
  r61_witness[05] r61=15 tail=25 gh60=0x4607be6 W1=0x118c,0x321b,0x5f W2=0x1099,0x21e4,0xfe8
  r61_witness[06] r61=15 tail=29 gh60=0x4618ba6 W1=0x3983,0x959,0x254 W2=0x3890,0x1dbd,0x2c10
  r61_witness[07] r61=15 tail=33 gh60=0x4ae7d6a W1=0x1052,0x1341,0x3afd W2=0xf5f,0xc15,0x3214
  r61_witness[08] r61=15 tail=33 gh60=0x555459e W1=0x22a8,0x31d0,0x2f67 W2=0x21b5,0x3628,0xc4e
  r61_witness[09] r61=16 tail=27 gh60=0x4ca85ba W1=0x1cb5,0x2037,0x2928 W2=0x1bc2,0x1d4d,0x3324
  r61_witness[10] r61=16 tail=29 gh60=0x590449a W1=0x134a,0x173f,0x322c W2=0x1257,0xfbd,0x392d
  r61_witness[11] r61=16 tail=29 gh60=0xce084ee W1=0x3d0f,0x1caa,0x1a6c W2=0x3c1c,0xc44,0xd95
  r61_witness[12] r61=16 tail=30 gh60=0x4e3859a W1=0x1a85,0x3112,0x102c W2=0x1992,0x2d8d,0x189c
  r61_witness[13] r61=16 tail=31 gh60=0xfa084ee W1=0x1c1f,0x2d50,0x268b W2=0x1b2c,0x2de6,0xa9
  r61_witness[14] r61=16 tail=34 gh60=0x4918766 W1=0x134b,0x909,0x2f3f W2=0x1258,0x3cbe,0x2b6e
  r61_witness[15] r61=16 tail=34 gh60=0x3a085e6 W1=0x348b,0x4e8,0x1b34 W2=0x3398,0xea5,0x2bfd

D60=0 fiber histogram: 1:7838 2:4779 3:1854 4:1143 5:374 6:190 7:84 8:81 9:25 10:17 11:7 12:10 14:5 16:1 17:1 19:1 20:2 24:1
