free_word_mitm_reducedn
N=14 mask=0x3fff msb=0x2000
candidate: M0=0x3d36 mode=random-fallback fill=0x3fff kernel=dM0=dM9=0x2000
prefixes=32768/268435456 mode=permuted-prefix-sample w59_per_prefix=16384 total=536870912
run_mode=scan registry_cap=16
sample_start=181764096
scan_elapsed=19.840s rate=27.06 Mtriples/s

D60 interface
  D60=0 matches: 33189 (random expectation 32768.0, enrichment 1.013x)
  prefixes with D60=0: 16532
  max D60=0 fiber per prefix: 21 at W57=0xf49 W58=0xab9
  largest D60 bucket: D=0xadc count=33735
  min D60 HW: 0
  D60 HW histogram: 0:33189 1:458702 2:2975481 3:11915941 4:32794731 5:65624334 6:98469863 7:112515305 8:98431691 9:65557094 10:32745637 11:11891803 12:2968385 13:456316 14:32440

Tail closure among D60=0 matches
  final tail collisions: 0
  best r61 HW: 14
  best r61 W1[57..59]=0x1f6c,0x20da,0xcde
  best r61 W2[57..59]=0x1e79,0x531,0x3bdc
  best tail HW: 21
  best tail r61 HW: 19
  best W1[57..59]=0x2a77,0x10cc,0x307d
  best W2[57..59]=0x2984,0x1416,0x18b6

SUMMARY N=14 sample_start=181764096 prefixes=32768 total=536870912 d0=33189 best_tail=21 tail_r61=19 best_r61=14 tail_W1=0x2a77,0x10cc,0x307d tail_W2=0x2984,0x1416,0x18b6 r61_W1=0x1f6c,0x20da,0xcde r61_W2=0x1e79,0x531,0x3bdc

Scan-only witness registry
  registry_count=16 registry_cap=16
  witness[00] tail=21 r61=19 gh60=0xde585be W1=0x2a77,0x10cc,0x307d W2=0x2984,0x1416,0x18b6
  witness[01] tail=22 r61=22 gh60=0x5479da6 W1=0x20ab,0x30d0,0x3230 W2=0x1fb8,0x2102,0x3a72
  witness[02] tail=23 r61=19 gh60=0x4fa5caa W1=0x132,0x698,0x176b W2=0x3f,0xa5c,0x341a
  witness[03] tail=23 r61=20 gh60=0x3f3449e W1=0x1448,0x1fef,0x260e W2=0x1355,0x2dd9,0x30c9
  witness[04] tail=23 r61=20 gh60=0x3e0c7ea W1=0x2b8e,0x349f,0xf9b W2=0x2a9b,0x396e,0x2420
  witness[05] tail=23 r61=21 gh60=0x46f7d9a W1=0xec6,0x3639,0x180e W2=0xdd3,0x8f2,0x21b5
  witness[06] tail=24 r61=14 gh60=0x46085ea W1=0x49d,0x661,0x1367 W2=0x3aa,0x146f,0xc54
  witness[07] tail=24 r61=19 gh60=0x4b18766 W1=0x3cb,0x1726,0x3796 W2=0x2d8,0x3fdf,0x16a8
  witness[08] tail=24 r61=19 gh60=0xcb38d7e W1=0x38d7,0x8d7,0x991 W2=0x37e4,0x1482,0x1787
  witness[09] tail=24 r61=22 gh60=0x4bf4faa W1=0x27be,0x226b,0x3b16 W2=0x26cb,0x1f63,0x21f3
  witness[10] tail=24 r61=23 gh60=0x45944aa W1=0x13ee,0x295c,0xde5 W2=0x12fb,0x19d,0x27c7
  witness[11] tail=24 r61=23 gh60=0xc8d8b9e W1=0x15a7,0x11a3,0x630 W2=0x14b4,0x1ac5,0x3770
  witness[12] tail=24 r61=23 gh60=0x46bdba6 W1=0x216c,0x214d,0x25a7 W2=0x2079,0x2324,0x32af
  witness[13] tail=24 r61=23 gh60=0x3a0cbfa W1=0x359a,0x142c,0x1db5 W2=0x34a7,0x11f0,0x28fe
  witness[14] tail=25 r61=18 gh60=0x45984aa W1=0xbed,0x261a,0x354a W2=0xafa,0x2cd6,0x2bfd
  witness[15] tail=25 r61=19 gh60=0xc88bbaa W1=0x31ad,0x3598,0x1e02 W2=0x30ba,0xeeb,0x3b84

Scan-only r61 registry
  registry_count=16 registry_cap=16
  r61_witness[00] r61=14 tail=24 gh60=0x46085ea W1=0x49d,0x661,0x1367 W2=0x3aa,0x146f,0xc54
  r61_witness[01] r61=14 tail=29 gh60=0xc685fa6 W1=0x1f6c,0x20da,0xcde W2=0x1e79,0x531,0x3bdc
  r61_witness[02] r61=14 tail=31 gh60=0x4908b6a W1=0x19d1,0x262b,0x315 W2=0x18de,0x2c2e,0x208d
  r61_witness[03] r61=15 tail=28 gh60=0xce1bde6 W1=0x308b,0x3202,0x2ca0 W2=0x2f98,0x19c2,0x25bc
  r61_witness[04] r61=15 tail=29 gh60=0x5937b6a W1=0xdce,0x3e6f,0x2548 W2=0xcdb,0x2c6f,0x3312
  r61_witness[05] r61=15 tail=31 gh60=0x58944ae W1=0x330,0x2762,0xafc W2=0x23d,0x1583,0x3d6a
  r61_witness[06] r61=15 tail=31 gh60=0x4628da6 W1=0x2683,0x15b2,0xd64 W2=0x2590,0xd96,0x3e56
  r61_witness[07] r61=15 tail=32 gh60=0x4a08be6 W1=0x59b,0x28e7,0x3631 W2=0x4a8,0x2f25,0x28f
  r61_witness[08] r61=15 tail=34 gh60=0x4608de6 W1=0x269b,0x2920,0x167 W2=0x25a8,0x3f4e,0x1296
  r61_witness[09] r61=15 tail=37 gh60=0x4a0bdea W1=0x2e91,0x108a,0x22b0 W2=0x2d9e,0x3ded,0x2f4a
  r61_witness[10] r61=16 tail=29 gh60=0x4654b9a W1=0x966,0x9ff,0x774 W2=0x873,0x5ea,0x1ea9
  r61_witness[11] r61=16 tail=29 gh60=0xc90bb6a W1=0x2d5d,0x1c6c,0x29ce W2=0x2c6a,0x3d57,0x2e8
  r61_witness[12] r61=16 tail=30 gh60=0x4d884aa W1=0x2bed,0x2424,0x29d7 W2=0x2afa,0x28e0,0x1788
  r61_witness[13] r61=16 tail=31 gh60=0xc508d66 W1=0x16cb,0x38cd,0x2bbc W2=0x15d8,0x229b,0x1770
  r61_witness[14] r61=16 tail=32 gh60=0xc5885ae W1=0x34af,0x1bce,0x265b W2=0x33bc,0x1186,0x245f
  r61_witness[15] r61=16 tail=33 gh60=0x498bbaa W1=0xdc1,0x3f03,0x2b0d W2=0xcce,0x364e,0x30ea

D60=0 fiber histogram: 1:7864 2:4748 3:1889 4:1119 5:425 6:246 7:88 8:66 9:31 10:24 11:6 12:18 14:1 16:3 18:1 19:1 20:1 21:1
