free_word_mitm_reducedn
N=14 mask=0x3fff msb=0x2000
candidate: M0=0x3d36 mode=random-fallback fill=0x3fff kernel=dM0=dM9=0x2000
prefixes=32768/268435456 mode=permuted-prefix-sample w59_per_prefix=16384 total=536870912
run_mode=scan registry_cap=16
sample_start=257261568
scan_elapsed=18.323s rate=29.30 Mtriples/s

D60 interface
  D60=0 matches: 32419 (random expectation 32768.0, enrichment 0.989x)
  prefixes with D60=0: 16440
  max D60=0 fiber per prefix: 18 at W57=0x82f W58=0x3e6e
  largest D60 bucket: D=0x2a65 count=33899
  min D60 HW: 0
  D60 HW histogram: 0:32419 1:456757 2:2975306 3:11928565 4:32818072 5:65663450 6:98502051 7:112524694 8:98382554 9:65528102 10:32717949 11:11880983 12:2969311 13:457601 14:33098

Tail closure among D60=0 matches
  final tail collisions: 0
  best r61 HW: 13
  best r61 W1[57..59]=0x128b,0x2a80,0x5e2
  best r61 W2[57..59]=0x1198,0x103d,0x2200
  best tail HW: 20
  best tail r61 HW: 15
  best W1[57..59]=0x635,0x1cf6,0x3612
  best W2[57..59]=0x542,0x4b1,0x19f7

SUMMARY N=14 sample_start=257261568 prefixes=32768 total=536870912 d0=32419 best_tail=20 tail_r61=15 best_r61=13 tail_W1=0x635,0x1cf6,0x3612 tail_W2=0x542,0x4b1,0x19f7 r61_W1=0x128b,0x2a80,0x5e2 r61_W2=0x1198,0x103d,0x2200

Scan-only witness registry
  registry_count=16 registry_cap=16
  witness[00] tail=20 r61=15 gh60=0xcca8cba W1=0x635,0x1cf6,0x3612 W2=0x542,0x4b1,0x19f7
  witness[01] tail=22 r61=19 gh60=0xce784ae W1=0x24ff,0x739,0x18cd W2=0x240c,0x2749,0x2a94
  witness[02] tail=23 r61=20 gh60=0x593476a W1=0x3bce,0x1120,0x2734 W2=0x3adb,0x287b,0x183c
  witness[03] tail=23 r61=26 gh60=0xc9bdcba W1=0x213a,0x51c,0x3792 W2=0x2047,0x2950,0x30f6
  witness[04] tail=24 r61=18 gh60=0x56084ea W1=0x230d,0x3026,0x2dc3 W2=0x221a,0x3498,0x1c57
  witness[05] tail=24 r61=22 gh60=0x5d74d9e W1=0x28c8,0x8a8,0x2643 W2=0x27d5,0x9c7,0x27c1
  witness[06] tail=24 r61=23 gh60=0x76b8caa W1=0x37ed,0x3858,0x54f W2=0x36fa,0xa13,0x366a
  witness[07] tail=25 r61=23 gh60=0xc50856a W1=0x2ce1,0x1a87,0x2c61 W2=0x2bee,0x17a9,0x37b5
  witness[08] tail=25 r61=27 gh60=0xfafc4fe W1=0x218,0xbc5,0x8bd W2=0x125,0xb5e,0x139c
  witness[09] tail=25 r61=27 gh60=0xdb6cf9a W1=0x7a6,0x3f32,0x36cb W2=0x6b3,0x3c51,0x3810
  witness[10] tail=25 r61=28 gh60=0xfbd859e W1=0x2a7,0x29fc,0x2e07 W2=0x1b4,0x2e4b,0xef6
  witness[11] tail=25 r61=29 gh60=0xb5dbd7e W1=0x30d7,0x354a,0x36df W2=0x2fe4,0x2779,0x2b8
  witness[12] tail=26 r61=16 gh60=0x4b8c5aa W1=0x126e,0x220b,0xc05 W2=0x117b,0x2fa4,0x3486
  witness[13] tail=26 r61=17 gh60=0xc899baa W1=0x1dad,0x3ec,0x5fe W2=0x1cba,0x31ff,0x32e4
  witness[14] tail=26 r61=17 gh60=0xcb89baa W1=0x3dad,0x5e1,0xd8c W2=0x3cba,0x33f4,0x23ef
  witness[15] tail=26 r61=18 gh60=0x4934b6a W1=0x15ce,0x5fc,0x1be3 W2=0x14db,0x1400,0x343b

Scan-only r61 registry
  registry_count=16 registry_cap=16
  r61_witness[00] r61=13 tail=29 gh60=0xca085e6 W1=0x128b,0x2a80,0x5e2 W2=0x1198,0x103d,0x2200
  r61_witness[01] r61=14 tail=34 gh60=0x4908b6a W1=0x25cd,0x3337,0xedd W2=0x24da,0x213a,0x2c73
  r61_witness[02] r61=15 tail=20 gh60=0xcca8cba W1=0x635,0x1cf6,0x3612 W2=0x542,0x4b1,0x19f7
  r61_witness[03] r61=15 tail=34 gh60=0xba88fae W1=0x277f,0xab9,0x2b7e W2=0x268c,0x70,0x2789
  r61_witness[04] r61=15 tail=38 gh60=0x450bd6e W1=0x2edf,0x3766,0x147c W2=0x2dec,0x1025,0x1ade
  r61_witness[05] r61=16 tail=26 gh60=0x4b8c5aa W1=0x126e,0x220b,0xc05 W2=0x117b,0x2fa4,0x3486
  r61_witness[06] r61=16 tail=27 gh60=0x4a984a6 W1=0x1afb,0x2e26,0x2045 W2=0x1a08,0x1cf1,0x2528
  r61_witness[07] r61=16 tail=27 gh60=0xd50fd66 W1=0x30cc,0x1972,0xeef W2=0x2fd9,0x3c9f,0x20f3
  r61_witness[08] r61=16 tail=30 gh60=0xc618cea W1=0x61d,0x59d,0x3763 W2=0x52a,0xb54,0x2c35
  r61_witness[09] r61=16 tail=30 gh60=0x4494daa W1=0x26be,0x1651,0x26f W2=0x25cb,0x15a9,0x7b3
  r61_witness[10] r61=16 tail=31 gh60=0x4a1bfe6 W1=0x2f93,0x304d,0x3422 W2=0x2ea0,0xbad,0x1ca2
  r61_witness[11] r61=16 tail=33 gh60=0x4908b6e W1=0x9cf,0x217d,0x3f6b W2=0x8dc,0x139c,0x23a5
  r61_witness[12] r61=16 tail=35 gh60=0x5e944aa W1=0x11ee,0x1efe,0x10ee W2=0x10fb,0x34bf,0xcd6
  r61_witness[13] r61=16 tail=37 gh60=0xf608cea W1=0x381d,0x270a,0x3040 W2=0x372a,0x3bbd,0xd58
  r61_witness[14] r61=17 tail=26 gh60=0xc899baa W1=0x1dad,0x3ec,0x5fe W2=0x1cba,0x31ff,0x32e4
  r61_witness[15] r61=17 tail=26 gh60=0xcb89baa W1=0x3dad,0x5e1,0xd8c W2=0x3cba,0x33f4,0x23ef

D60=0 fiber histogram: 1:8019 2:4655 3:1827 4:1081 5:398 6:231 7:78 8:82 9:33 10:21 11:6 12:3 13:1 16:1 17:3 18:1
