free_word_mitm_reducedn
N=14 mask=0x3fff msb=0x2000
candidate: M0=0x3d36 mode=random-fallback fill=0x3fff kernel=dM0=dM9=0x2000
prefixes=32768/268435456 mode=permuted-prefix-sample w59_per_prefix=16384 total=536870912
run_mode=scan registry_cap=16
sample_start=232095744
scan_elapsed=19.501s rate=27.53 Mtriples/s

D60 interface
  D60=0 matches: 32508 (random expectation 32768.0, enrichment 0.992x)
  prefixes with D60=0: 16599
  max D60=0 fiber per prefix: 20 at W57=0x210a W58=0x1c55
  largest D60 bucket: D=0x98d count=33828
  min D60 HW: 0
  D60 HW histogram: 0:32508 1:457392 2:2974114 3:11917477 4:32816516 5:65674006 6:98535153 7:112555954 8:98387268 9:65506262 10:32693744 11:11872301 12:2961293 13:454248 14:32676

Tail closure among D60=0 matches
  final tail collisions: 0
  best r61 HW: 13
  best r61 W1[57..59]=0x275a,0x39df,0x39db
  best r61 W2[57..59]=0x2667,0x29ef,0x3aba
  best tail HW: 20
  best tail r61 HW: 25
  best W1[57..59]=0x433,0x3704,0xe2e
  best W2[57..59]=0x340,0x36f,0x2244

SUMMARY N=14 sample_start=232095744 prefixes=32768 total=536870912 d0=32508 best_tail=20 tail_r61=25 best_r61=13 tail_W1=0x433,0x3704,0xe2e tail_W2=0x340,0x36f,0x2244 r61_W1=0x275a,0x39df,0x39db r61_W2=0x2667,0x29ef,0x3aba

Scan-only witness registry
  registry_count=16 registry_cap=16
  witness[00] tail=20 r61=25 gh60=0xcdb84a6 W1=0x433,0x3704,0xe2e W2=0x340,0x36f,0x2244
  witness[01] tail=21 r61=22 gh60=0xdb9fbe6 W1=0xda4,0x2ea3,0x3c14 W2=0xcb1,0x220c,0x3ac9
  witness[02] tail=23 r61=19 gh60=0x7e24ba6 W1=0x1984,0x232e,0xa36 W2=0x1891,0x37a3,0x3bbb
  witness[03] tail=23 r61=22 gh60=0x4669da6 W1=0x3e73,0x3150,0x1258 W2=0x3d80,0x2c26,0x337d
  witness[04] tail=23 r61=24 gh60=0xc967baa W1=0x31c2,0x377e,0x2a1a W2=0x30cf,0xb96,0x39a6
  witness[05] tail=24 r61=23 gh60=0x4ba879e W1=0x2b67,0x3a31,0x38e1 W2=0x2a74,0x3482,0x2e2c
  witness[06] tail=24 r61=24 gh60=0xfa3c5ea W1=0x249e,0x3620,0x3984 W2=0x23ab,0x3633,0x1524
  witness[07] tail=24 r61=25 gh60=0xbe69c9e W1=0x1ee7,0x20db,0x2a02 W2=0x1df4,0x1dcf,0x3712
  witness[08] tail=25 r61=18 gh60=0xc71bb6a W1=0x11d1,0x10b3,0x2c5f W2=0x10de,0x3bb2,0x3b72
  witness[09] tail=25 r61=22 gh60=0xd718b7a W1=0x1555,0x2175,0xf52 W2=0x1462,0x226c,0x15c3
  witness[10] tail=25 r61=24 gh60=0xbfd459e W1=0x1aa8,0xe43,0x1bcf W2=0x19b5,0x2215,0x8b4
  witness[11] tail=25 r61=24 gh60=0xcb3fd6a W1=0x2e4e,0x3b86,0x289f W2=0x2d5b,0x2c76,0x3344
  witness[12] tail=25 r61=24 gh60=0x4e985a6 W1=0x326b,0xcb7,0xd95 W2=0x3178,0x307c,0x1bb4
  witness[13] tail=26 r61=23 gh60=0x448c5a6 W1=0xcac,0x32ee,0x2c98 W2=0xbb9,0x2932,0x2689
  witness[14] tail=26 r61=23 gh60=0xf798766 W1=0x1363,0xa62,0x2dcc W2=0x1270,0x3cbd,0x1a1b
  witness[15] tail=26 r61=24 gh60=0xc4885a6 W1=0xcab,0x50f,0x2c81 W2=0xbb8,0x3b42,0xd8f

Scan-only r61 registry
  registry_count=16 registry_cap=16
  r61_witness[00] r61=13 tail=35 gh60=0xca2bcfa W1=0x3015,0x1503,0x3dc W2=0x2f22,0x2bc6,0x14f9
  r61_witness[01] r61=13 tail=40 gh60=0x4904f7a W1=0x275a,0x39df,0x39db W2=0x2667,0x29ef,0x3aba
  r61_witness[02] r61=14 tail=31 gh60=0x48abbba W1=0x2db9,0x3293,0x1c02 W2=0x2cc6,0x1fe6,0x11cd
  r61_witness[03] r61=14 tail=34 gh60=0x5a05c9a W1=0x10a,0x1675,0x553 W2=0x17,0x357e,0x434
  r61_witness[04] r61=15 tail=27 gh60=0xd8844a6 W1=0x352c,0x192,0xbf W2=0x3439,0x3ef0,0x8a7
  r61_witness[05] r61=15 tail=31 gh60=0x4a384ee W1=0x341f,0x3e2,0x27d6 W2=0x332c,0x4f8,0x5b3
  r61_witness[06] r61=16 tail=30 gh60=0x3c884a6 W1=0x42b,0x3475,0x21a0 W2=0x338,0x20d2,0xc64
  r61_witness[07] r61=16 tail=30 gh60=0x360fb9a W1=0x2d8a,0x31c0,0x2f81 W2=0x2c97,0x10dd,0x2b94
  r61_witness[08] r61=16 tail=31 gh60=0x4a6849e W1=0xbe7,0x3f34,0x1cd1 W2=0xaf4,0xddd,0x3692
  r61_witness[09] r61=16 tail=32 gh60=0x46a4b66 W1=0x15e4,0x3bc1,0x1308 W2=0x14f1,0x18c4,0x177f
  r61_witness[10] r61=16 tail=32 gh60=0x4a38ce6 W1=0x261b,0x25fe,0x34a0 W2=0x2528,0x3414,0x122
  r61_witness[11] r61=16 tail=32 gh60=0x58bbbaa W1=0x2dad,0x24f1,0x205b W2=0x2cba,0x104,0x20a1
  r61_witness[12] r61=16 tail=33 gh60=0xd72857a W1=0x1ad9,0x2ad4,0x1b59 W2=0x19e6,0x1168,0x3568
  r61_witness[13] r61=16 tail=33 gh60=0x491cb6e W1=0x2550,0xb73,0x1f08 W2=0x245d,0x3d93,0xf34
  r61_witness[14] r61=16 tail=34 gh60=0x58884aa W1=0x331,0x152c,0x255 W2=0x23e,0x1b6c,0x8f9
  r61_witness[15] r61=16 tail=35 gh60=0x468c4ae W1=0x400,0x36df,0x3ea4 W2=0x30d,0x14f0,0x133f

D60=0 fiber histogram: 1:8084 2:4878 3:1769 4:1020 5:383 6:220 7:90 8:84 9:29 10:21 11:6 12:7 13:2 14:1 15:1 16:3 20:1
