free_word_mitm_reducedn
N=14 mask=0x3fff msb=0x2000
candidate: M0=0x3d36 mode=random-fallback fill=0x3fff kernel=dM0=dM9=0x2000
prefixes=32768/268435456 mode=permuted-prefix-sample w59_per_prefix=16384 total=536870912
run_mode=scan registry_cap=16
sample_start=131432448
scan_elapsed=19.845s rate=27.05 Mtriples/s

D60 interface
  D60=0 matches: 32347 (random expectation 32768.0, enrichment 0.987x)
  prefixes with D60=0: 16504
  max D60=0 fiber per prefix: 22 at W57=0x2dab W58=0x95d
  largest D60 bucket: D=0x1720 count=33830
  min D60 HW: 0
  D60 HW histogram: 0:32347 1:456659 2:2973012 3:11910398 4:32805157 5:65659391 6:98516348 7:112502681 8:98394329 9:65530640 10:32731185 11:11897370 12:2972302 13:456524 14:32569

Tail closure among D60=0 matches
  final tail collisions: 0
  best r61 HW: 14
  best r61 W1[57..59]=0x215f,0x29cc,0x692
  best r61 W2[57..59]=0x206c,0x19d7,0x2258
  best tail HW: 16
  best tail r61 HW: 20
  best W1[57..59]=0x1cec,0x1984,0x29d0
  best W2[57..59]=0x1bf9,0x1760,0x2385

SUMMARY N=14 sample_start=131432448 prefixes=32768 total=536870912 d0=32347 best_tail=16 tail_r61=20 best_r61=14 tail_W1=0x1cec,0x1984,0x29d0 tail_W2=0x1bf9,0x1760,0x2385 r61_W1=0x215f,0x29cc,0x692 r61_W2=0x206c,0x19d7,0x2258

Scan-only witness registry
  registry_count=16 registry_cap=16
  witness[00] tail=16 r61=20 gh60=0xd77c4a6 W1=0x1cec,0x1984,0x29d0 W2=0x1bf9,0x1760,0x2385
  witness[01] tail=21 r61=21 gh60=0xd9bc7ba W1=0xb7a,0x2679,0x1eef W2=0xa87,0x19c8,0x2f33
  witness[02] tail=21 r61=21 gh60=0x7915b6e W1=0x21d0,0x9d9,0x1f W2=0x20dd,0xfd,0x23e3
  witness[03] tail=24 r61=15 gh60=0x49887aa W1=0x2bc1,0x9a,0x2b09 W2=0x2ace,0x1e2,0x35c4
  witness[04] tail=24 r61=18 gh60=0x57ac7aa W1=0x3b72,0x3d0e,0xc03 W2=0x3a7f,0xeb,0x1e11
  witness[05] tail=24 r61=19 gh60=0x453456e W1=0xc60,0x31a6,0x2671 W2=0xb6d,0x18e9,0x2f53
  witness[06] tail=24 r61=19 gh60=0x48a9c9e W1=0x2127,0x2cca,0x1585 W2=0x2034,0x233e,0x257e
  witness[07] tail=24 r61=20 gh60=0xc8ebce6 W1=0xf23,0xa15,0x303c W2=0xe30,0x394d,0x1fdc
  witness[08] tail=24 r61=24 gh60=0xc9ec7a6 W1=0x3bb4,0x2033,0x3696 W2=0x3ac1,0x1c09,0x20a8
  witness[09] tail=24 r61=26 gh60=0x5e17cee W1=0x2e10,0x1fb3,0x35da W2=0x2d1d,0x2d07,0x6fb
  witness[10] tail=25 r61=19 gh60=0xc504566 W1=0x244c,0xe07,0x2a2b W2=0x2359,0x3c51,0x14ea
  witness[11] tail=25 r61=19 gh60=0x451cd7a W1=0x26da,0x3ed2,0x379 W2=0x25e7,0x289a,0x2415
  witness[12] tail=25 r61=19 gh60=0xc90876a W1=0x2bdd,0x1745,0x2f2b W2=0x2aea,0x893,0x354d
  witness[13] tail=25 r61=21 gh60=0xcd0457a W1=0x1a5a,0x2191,0x2234 W2=0x1967,0x2432,0x2a47
  witness[14] tail=25 r61=21 gh60=0x4a884aa W1=0x1d01,0x1f6a,0x3ade W2=0x1c0e,0x341a,0xbd3
  witness[15] tail=25 r61=25 gh60=0x4cd459e W1=0x12a8,0xe0,0x2900 W2=0x11b5,0x1534,0x3230

Scan-only r61 registry
  registry_count=16 registry_cap=16
  r61_witness[00] r61=14 tail=29 gh60=0x4e0cbea W1=0x199e,0x261b,0xee2 W2=0x18ab,0x30db,0x26f8
  r61_witness[01] r61=14 tail=34 gh60=0x4609cee W1=0x1e1f,0x1fc3,0x34b1 W2=0x1d2c,0x101a,0x1e5a
  r61_witness[02] r61=14 tail=37 gh60=0x4909b6e W1=0x215f,0x29cc,0x692 W2=0x206c,0x19d7,0x2258
  r61_witness[03] r61=15 tail=24 gh60=0x49887aa W1=0x2bc1,0x9a,0x2b09 W2=0x2ace,0x1e2,0x35c4
  r61_witness[04] r61=15 tail=30 gh60=0x4a044fa W1=0x131a,0x16a2,0x2ea6 W2=0x1227,0xc5f,0x1fa7
  r61_witness[05] r61=15 tail=31 gh60=0xca2849a W1=0x3c09,0x2995,0x1a2 W2=0x3b16,0x206c,0x1f05
  r61_witness[06] r61=15 tail=31 gh60=0x3919b66 W1=0x3d5b,0x1bdd,0x10b2 W2=0x3c68,0x272d,0x3652
  r61_witness[07] r61=15 tail=32 gh60=0xc8844ba W1=0x353a,0x36dd,0x3049 W2=0x3447,0x2b94,0x2e3
  r61_witness[08] r61=15 tail=37 gh60=0x450bd6a W1=0xe61,0x27ce,0x107 W2=0xd6e,0x16ad,0x2b1f
  r61_witness[09] r61=16 tail=26 gh60=0x460ccea W1=0x91e,0x409,0x3ba5 W2=0x82b,0x805,0x314f
  r61_witness[10] r61=16 tail=30 gh60=0x4a844a6 W1=0x3cfc,0x286d,0x2bfb W2=0x3c09,0x2739,0x15f5
  r61_witness[11] r61=16 tail=31 gh60=0x460bdea W1=0xea1,0x2374,0x191a W2=0xdae,0x16bf,0x1178
  r61_witness[12] r61=16 tail=32 gh60=0x570bd6e W1=0x10df,0x7ba,0x1186 W2=0xfec,0x1859,0x1c54
  r61_witness[13] r61=16 tail=32 gh60=0x4b887a6 W1=0x3b6b,0x2473,0xc99 W2=0x3a78,0x2036,0x2443
  r61_witness[14] r61=16 tail=33 gh60=0x4905b7a W1=0x21da,0x2ffc,0x395e W2=0x20e7,0x17f8,0x81f
  r61_witness[15] r61=16 tail=33 gh60=0x48a7baa W1=0x31b2,0x2ab4,0x291b W2=0x30bf,0x3fc0,0x2ce

D60=0 fiber histogram: 1:8111 2:4710 3:1752 4:1094 5:393 6:230 7:81 8:66 9:20 10:19 11:9 12:7 13:3 14:1 15:2 16:2 17:1 18:1 19:1 22:1
