free_word_mitm_reducedn
N=14 mask=0x3fff msb=0x2000
candidate: M0=0x3d36 mode=random-fallback fill=0x3fff kernel=dM0=dM9=0x2000
prefixes=32768/268435456 mode=permuted-prefix-sample w59_per_prefix=16384 total=536870912
run_mode=scan registry_cap=16
sample_start=265650176
scan_elapsed=18.062s rate=29.72 Mtriples/s

D60 interface
  D60=0 matches: 32648 (random expectation 32768.0, enrichment 0.996x)
  prefixes with D60=0: 16466
  max D60=0 fiber per prefix: 16 at W57=0x3009 W58=0x2f61
  largest D60 bucket: D=0x119d count=33702
  min D60 HW: 0
  D60 HW histogram: 0:32648 1:457343 2:2971734 3:11903022 4:32776890 5:65615068 6:98489812 7:112556097 8:98434209 9:65549319 10:32736066 11:11890597 12:2969522 13:456391 14:32194

Tail closure among D60=0 matches
  final tail collisions: 0
  best r61 HW: 14
  best r61 W1[57..59]=0x2bd2,0x1f58,0xc45
  best r61 W2[57..59]=0x2adf,0xbc3,0x2529
  best tail HW: 20
  best tail r61 HW: 18
  best W1[57..59]=0x2fbe,0x100d,0x2d0c
  best W2[57..59]=0x2ecb,0x3701,0x241d

SUMMARY N=14 sample_start=265650176 prefixes=32768 total=536870912 d0=32648 best_tail=20 tail_r61=18 best_r61=14 tail_W1=0x2fbe,0x100d,0x2d0c tail_W2=0x2ecb,0x3701,0x241d r61_W1=0x2bd2,0x1f58,0xc45 r61_W2=0x2adf,0xbc3,0x2529

Scan-only witness registry
  registry_count=16 registry_cap=16
  witness[00] tail=20 r61=18 gh60=0x489ffaa W1=0x2fbe,0x100d,0x2d0c W2=0x2ecb,0x3701,0x241d
  witness[01] tail=21 r61=21 gh60=0xddd449e W1=0x19e8,0x33a5,0x7e0 W2=0x18f5,0x3fdb,0x37fe
  witness[02] tail=22 r61=18 gh60=0xc887fba W1=0xfba,0x12b1,0x1d8a W2=0xec7,0x32b1,0x3ca2
  witness[03] tail=22 r61=20 gh60=0xc669d9e W1=0x3e87,0x2981,0x2de0 W2=0x3d94,0x3295,0x3622
  witness[04] tail=22 r61=25 gh60=0xcb58f9e W1=0x27c7,0x3ac4,0x3db9 W2=0x26d4,0x3072,0x215c
  witness[05] tail=23 r61=20 gh60=0xbae8566 W1=0x3a53,0x2aeb,0x2e8f W2=0x3960,0x3028,0x1809
  witness[06] tail=23 r61=23 gh60=0x56747fa W1=0x396,0x1382,0x1486 W2=0x2a3,0x18d3,0x23e4
  witness[07] tail=24 r61=15 gh60=0xc694caa W1=0x18fe,0x253b,0x947 W2=0x180b,0x382b,0x3597
  witness[08] tail=24 r61=17 gh60=0x4e5859e W1=0x1487,0x198c,0x20bc W2=0x1394,0x3029,0x3af0
  witness[09] tail=24 r61=17 gh60=0x4af4d6a W1=0x285e,0x2360,0xa3f W2=0x276b,0x1e9c,0x3296
  witness[10] tail=24 r61=19 gh60=0xce084ea W1=0x1c0d,0xec8,0x1caf W2=0x1b1a,0x288e,0x139c
  witness[11] tail=24 r61=22 gh60=0x5e88da6 W1=0x167b,0x1048,0x3f74 W2=0x1588,0x397c,0x3473
  witness[12] tail=25 r61=19 gh60=0x589bc9a W1=0x2f25,0xbb3,0x334d W2=0x2e32,0x263f,0x1800
  witness[13] tail=25 r61=20 gh60=0xc907f66 W1=0xf5c,0x110b,0xbdf W2=0xe69,0x25b8,0x1772
  witness[14] tail=25 r61=22 gh60=0x7a3bde6 W1=0x109b,0x24ec,0x1a65 W2=0xfa8,0x294,0x37bd
  witness[15] tail=25 r61=22 gh60=0xfe0479a W1=0x3b8a,0x3852,0x10e0 W2=0x3a97,0x3aee,0x370a

Scan-only r61 registry
  registry_count=16 registry_cap=16
  r61_witness[00] r61=14 tail=26 gh60=0xd92476a W1=0x2bd2,0x1f58,0xc45 W2=0x2adf,0xbc3,0x2529
  r61_witness[01] r61=15 tail=24 gh60=0xc694caa W1=0x18fe,0x253b,0x947 W2=0x180b,0x382b,0x3597
  r61_witness[02] r61=15 tail=29 gh60=0xc888ca6 W1=0x393b,0x1163,0x137e W2=0x3848,0x1b6f,0x2600
  r61_witness[03] r61=15 tail=34 gh60=0x461bfee W1=0x2f8f,0x1710,0x3a29 W2=0x2e9c,0x2e3,0x1ff3
  r61_witness[04] r61=15 tail=37 gh60=0x4888ca6 W1=0x93b,0x3069,0x17 W2=0x848,0x2975,0x249b
  r61_witness[05] r61=16 tail=26 gh60=0x4508566 W1=0x3ccb,0x27f1,0x222a W2=0x3bd8,0x2718,0x308a
  r61_witness[06] r61=16 tail=27 gh60=0x5b0bd6a W1=0x304d,0x322f,0x3e4c W2=0x2f5a,0x2cfa,0x3277
  r61_witness[07] r61=16 tail=28 gh60=0x78887aa W1=0x3bbd,0x3877,0x15f2 W2=0x3aca,0x3abb,0x2edb
  r61_witness[08] r61=16 tail=31 gh60=0x4608cea W1=0x370d,0x1e7,0x2841 W2=0x361a,0x17de,0xba1
  r61_witness[09] r61=16 tail=33 gh60=0x4924766 W1=0xbd4,0xf7,0x3031 W2=0xae1,0x23c1,0xe65
  r61_witness[10] r61=16 tail=33 gh60=0xdae84a6 W1=0x1a43,0x1c02,0xed W2=0x1950,0x167f,0x280a
  r61_witness[11] r61=16 tail=33 gh60=0x58844a6 W1=0x1b2c,0x34b7,0x3981 W2=0x1a39,0x1413,0x373
  r61_witness[12] r61=16 tail=33 gh60=0x4a08dea W1=0x2891,0x2770,0x890 W2=0x279e,0x204f,0x28fb
  r61_witness[13] r61=16 tail=34 gh60=0x44884aa W1=0x1c3d,0x398f,0x2340 W2=0x1b4a,0xdbb,0x3708
  r61_witness[14] r61=16 tail=34 gh60=0x4488dae W1=0x26bf,0x321b,0x2d6c W2=0x25cc,0x1942,0x20c
  r61_witness[15] r61=16 tail=34 gh60=0x4e07ce6 W1=0x2e1c,0xd55,0xec4 W2=0x2d29,0x1a56,0x1865

D60=0 fiber histogram: 1:7892 2:4797 3:1814 4:1102 5:413 6:218 7:78 8:82 9:29 10:16 11:9 12:5 13:2 14:5 15:3 16:1
