free_word_mitm_reducedn
N=14 mask=0x3fff msb=0x2000
candidate: M0=0x3d36 mode=random-fallback fill=0x3fff kernel=dM0=dM9=0x2000
prefixes=32768/268435456 mode=permuted-prefix-sample w59_per_prefix=16384 total=536870912
run_mode=scan registry_cap=128
sample_start=79855616
scan_elapsed=15.638s rate=34.33 Mtriples/s
refine_elapsed=14.303s repair_refine_elapsed=0.000s total_elapsed=29.941s

D60 interface
  D60=0 matches: 32563 (random expectation 32768.0, enrichment 0.994x)
  prefixes with D60=0: 16545
  max D60=0 fiber per prefix: 17 at W57=0x1100 W58=0x906
  largest D60 bucket: D=0xfb0 count=33788
  min D60 HW: 0
  D60 HW histogram: 0:32563 1:455709 2:2977625 3:11939274 4:32848919 5:65690993 6:98482559 7:112472264 8:98355586 9:65526723 10:32735245 11:11893052 12:2970720 13:457206 14:32474

Tail closure among D60=0 matches
  final tail collisions: 0
  best r61 HW: 12
  best r61 W1[57..59]=0xe90,0x127a,0x30e2
  best r61 W2[57..59]=0xd9d,0x25b6,0x3976
  best tail HW: 21
  best tail r61 HW: 16
  best W1[57..59]=0x15aa,0x18c5,0x14c4
  best W2[57..59]=0x14b7,0x1a0c,0x1d14

SUMMARY N=14 sample_start=79855616 prefixes=32768 total=536870912 d0=32563 best_tail=21 tail_r61=16 best_r61=12 tail_W1=0x15aa,0x18c5,0x14c4 tail_W2=0x14b7,0x1a0c,0x1d14 r61_W1=0xe90,0x127a,0x30e2 r61_W2=0xd9d,0x25b6,0x3976

Scan-only witness registry
  registry_count=128 registry_cap=128
  witness[00] tail=19 r61=21 gh60=0x3b0449a W1=0x44a,0x1dd9,0x2a43 W2=0x357,0x3a3,0x37f1
  witness[01] tail=21 r61=16 gh60=0x4b84b9a W1=0x15aa,0x18c5,0x14c4 W2=0x14b7,0x1a0c,0x1d14
  witness[02] tail=21 r61=23 gh60=0x36784e6 W1=0x313,0x1d18,0xb01 W2=0x220,0x1bfb,0x1d02
  witness[03] tail=22 r61=22 gh60=0xde2ccea W1=0x912,0xce1,0x216c W2=0x81f,0x11ad,0x3731
  witness[04] tail=23 r61=18 gh60=0xc96bba6 W1=0x2dc3,0x12c3,0x1109 W2=0x2cd0,0x1031,0x295
  witness[05] tail=23 r61=19 gh60=0xdfd879e W1=0x1367,0x770,0x390d W2=0x1274,0x11c7,0x6dd
  witness[06] tail=24 r61=16 gh60=0xcad459a W1=0x3286,0x2b47,0x99c W2=0x3193,0x182d,0x2fc0
  witness[07] tail=24 r61=19 gh60=0xc91476e W1=0x1350,0x3ba5,0xaaf W2=0x125d,0x2e0,0xdf2
  witness[08] tail=24 r61=19 gh60=0x459c4a6 W1=0x13ec,0x3b77,0x3968 W2=0x12f9,0xb55,0x2643
  witness[09] tail=24 r61=20 gh60=0x598c7aa W1=0x237e,0x2173,0x1f6 W2=0x228b,0x253c,0x2a21
  witness[10] tail=24 r61=20 gh60=0xcad877e W1=0x23d7,0x10ab,0x1f0f W2=0x22e4,0xf6f,0x18a2
  witness[11] tail=24 r61=20 gh60=0xd88bfa6 W1=0x2fab,0x3b7f,0x134b W2=0x2eb8,0x1651,0x123a
  witness[12] tail=24 r61=21 gh60=0x55d5d7e W1=0x58,0x3ebc,0x2ce2 W2=0x3f65,0x514,0x2534
  witness[13] tail=24 r61=21 gh60=0xfa0cc9a W1=0x60a,0x16b9,0x24ee W2=0x517,0x80,0x2c1
  witness[14] tail=24 r61=21 gh60=0xca084ea W1=0x3b1d,0x2946,0xd0b W2=0x3a2a,0x228,0x26a0
  witness[15] tail=24 r61=23 gh60=0xc9b8fae W1=0x27af,0x3f6f,0x3225 W2=0x26bc,0x35c6,0x2b86

Scan-only r61 registry
  registry_count=128 registry_cap=128
  r61_witness[00] r61=12 tail=33 gh60=0x4a0fdee W1=0xe90,0x127a,0x30e2 W2=0xd9d,0x25b6,0x3976
  r61_witness[01] r61=14 tail=29 gh60=0x7908b6e W1=0x5df,0x2164,0x1bf2 W2=0x4ec,0x176f,0x2830
  r61_witness[02] r61=14 tail=32 gh60=0x4a0fdee W1=0xe90,0x127a,0x18e6 W2=0xd9d,0x25b6,0x217a
  r61_witness[03] r61=15 tail=29 gh60=0x44885ae W1=0x34af,0xd92,0x4a9 W2=0x33bc,0x34a,0x360f
  r61_witness[04] r61=15 tail=31 gh60=0x3a087ee W1=0x239f,0x1b7f,0x2d02 W2=0x22ac,0x1341,0x1cca
  r61_witness[05] r61=15 tail=32 gh60=0x460bfea W1=0xf9d,0x102a,0x858 W2=0xeaa,0x31a1,0x1e8
  r61_witness[06] r61=16 tail=21 gh60=0x4b84b9a W1=0x15aa,0x18c5,0x14c4 W2=0x14b7,0x1a0c,0x1d14
  r61_witness[07] r61=16 tail=24 gh60=0xcad459a W1=0x3286,0x2b47,0x99c W2=0x3193,0x182d,0x2fc0
  r61_witness[08] r61=16 tail=25 gh60=0x7a284fe W1=0xb17,0x1d90,0x28e2 W2=0xa24,0x1aa8,0x3bde
  r61_witness[09] r61=16 tail=29 gh60=0x7a085ee W1=0xc8f,0x1867,0x1a2 W2=0xb9c,0x3b25,0xa03
  r61_witness[10] r61=16 tail=29 gh60=0x4a08de6 W1=0x268b,0xa05,0x34f4 W2=0x2598,0x213f,0x1ce2
  r61_witness[11] r61=16 tail=30 gh60=0x470856a W1=0x3461,0x1ccb,0x2cb9 W2=0x336e,0x2551,0x76e
  r61_witness[12] r61=16 tail=30 gh60=0x4495daa W1=0x3ebe,0x3e92,0x3d5f W2=0x3dcb,0x6e,0x19f
  r61_witness[13] r61=16 tail=32 gh60=0xc59c5e6 W1=0x2ca4,0x2042,0x2327 W2=0x2bb1,0x39a0,0x10d0
  r61_witness[14] r61=16 tail=33 gh60=0x4618fe6 W1=0x379b,0x3,0x1bc5 W2=0x36a8,0x38bd,0x9d
  r61_witness[15] r61=16 tail=33 gh60=0x4a085ea W1=0x3a9d,0x224e,0x1ead W2=0x39aa,0x3f58,0x1246

Second-stage local refinement
  seed pool: count=128 cap=128
  top seeds: [tail19/r6121 W=0x44a,0x1dd9,0x2a43] [tail21/r6116 W=0x15aa,0x18c5,0x14c4] [tail21/r6123 W=0x313,0x1d18,0xb01] [tail22/r6122 W=0x912,0xce1,0x216c] [tail23/r6118 W=0x2dc3,0x12c3,0x1109] [tail23/r6119 W=0x1367,0x770,0x390d] [tail24/r6116 W=0x3286,0x2b47,0x99c] [tail24/r6119 W=0x1350,0x3ba5,0xaaf]
  budget=500000000 tested=500000000 D60=0=30529 collisions=0 seed_inserts=62 prefix_enums=30514
  D60=0 rate: 0.000061
  phase tested/D60=0: single=3108/19 double=63714/15 walk=0/0 prefix=499933178/30495
  min refined D60 HW: 0 d60=0x0 at W1[57..59]=0x15aa,0x18c5,0x14c4
  best refined tail HW: 19 (scan best 21, improvements=1)
  best refined tail W1[57..59]=0x44a,0x1dd9,0x2a43
  best refined tail W2[57..59]=0x357,0x3a3,0x37f1
  best refined r61 HW: 12 (scan best 12, improvements=0)
  best refined r61 W1[57..59]=0xe90,0x127a,0x30e2
  best refined r61 W2[57..59]=0xd9d,0x25b6,0x3976

D60=0 fiber histogram: 1:8125 2:4728 3:1722 4:1080 5:410 6:251 7:73 8:79 9:30 10:26 11:8 12:4 13:3 14:3 16:1 17:2
