free_word_mitm_reducedn
N=14 mask=0x3fff msb=0x2000
candidate: M0=0x3d36 mode=random-fallback fill=0x3fff kernel=dM0=dM9=0x2000
prefixes=32768/268435456 mode=permuted-prefix-sample w59_per_prefix=16384 total=536870912
run_mode=scan registry_cap=128
sample_start=121798656
scan_elapsed=18.053s rate=29.74 Mtriples/s
refine_elapsed=16.708s repair_refine_elapsed=0.000s total_elapsed=34.761s

D60 interface
  D60=0 matches: 32643 (random expectation 32768.0, enrichment 0.996x)
  prefixes with D60=0: 16452
  max D60=0 fiber per prefix: 19 at W57=0x1326 W58=0x2408
  largest D60 bucket: D=0xd98 count=33762
  min D60 HW: 0
  D60 HW histogram: 0:32643 1:459264 2:2987997 3:11951334 4:32854732 5:65644090 6:98439617 7:112469590 8:98361280 9:65532124 10:32754954 11:11914894 12:2977074 13:458287 14:33032

Tail closure among D60=0 matches
  final tail collisions: 0
  best r61 HW: 11
  best r61 W1[57..59]=0x238b,0x1963,0x1933
  best r61 W2[57..59]=0x2298,0xac,0x3bd2
  best tail HW: 21
  best tail r61 HW: 21
  best W1[57..59]=0x22aa,0x728,0x3fa0
  best W2[57..59]=0x21b7,0x3354,0x1ecf

SUMMARY N=14 sample_start=121798656 prefixes=32768 total=536870912 d0=32643 best_tail=21 tail_r61=21 best_r61=11 tail_W1=0x22aa,0x728,0x3fa0 tail_W2=0x21b7,0x3354,0x1ecf r61_W1=0x238b,0x1963,0x1933 r61_W2=0x2298,0xac,0x3bd2

Scan-only witness registry
  registry_count=128 registry_cap=128
  witness[00] tail=21 r61=21 gh60=0xb58459a W1=0x22aa,0x728,0x3fa0 W2=0x21b7,0x3354,0x1ecf
  witness[01] tail=22 r61=17 gh60=0xcee8cfa W1=0x1715,0x2630,0x317a W2=0x1622,0x1ca3,0x105c
  witness[02] tail=22 r61=20 gh60=0x3695baa W1=0x3d7e,0x3c94,0x169b W2=0x3c8b,0x3a1c,0x2d6a
  witness[03] tail=22 r61=22 gh60=0xd6d8dfe W1=0x1897,0xf00,0x3eca W2=0x17a4,0x233f,0x2f17
  witness[04] tail=24 r61=11 gh60=0x4e087e6 W1=0x238b,0x1963,0x1933 W2=0x2298,0xac,0x3bd2
  witness[05] tail=24 r61=20 gh60=0x58b87aa W1=0x1bbd,0x1a31,0x3d38 W2=0x1aca,0x1a75,0x1c8f
  witness[06] tail=24 r61=23 gh60=0xca88baa W1=0x57d,0x2a96,0x2795 W2=0x48a,0x1b09,0x332c
  witness[07] tail=24 r61=27 gh60=0xdef9c9e W1=0x1ee7,0x2c8a,0x1022 W2=0x1df4,0x297e,0xb6b
  witness[08] tail=25 r61=17 gh60=0xc788fa6 W1=0x27bb,0x10d1,0x2d76 W2=0x26c8,0x3615,0x1e98
  witness[09] tail=25 r61=17 gh60=0x5b98bae W1=0x397f,0x34d4,0xbf6 W2=0x388c,0x394b,0x3313
  witness[10] tail=25 r61=18 gh60=0x3d0856a W1=0x2451,0x2edb,0x3b5e W2=0x235e,0x3169,0x3bea
  witness[11] tail=25 r61=18 gh60=0xc9b7baa W1=0x317e,0x349e,0x2dca W2=0x308b,0x1d66,0x25d1
  witness[12] tail=25 r61=19 gh60=0xb494dae W1=0x38c0,0x2af7,0x3157 W2=0x37cd,0x1d2f,0xc34
  witness[13] tail=25 r61=20 gh60=0x392877a W1=0x23d9,0xa2a,0x2e2b W2=0x22e6,0x90e,0x1192
  witness[14] tail=25 r61=21 gh60=0x45844ba W1=0x3fa,0x1bbd,0x2fc2 W2=0x307,0xb4,0x123e
  witness[15] tail=25 r61=23 gh60=0xca59f9e W1=0x1f67,0xcca,0xfaa W2=0x1e74,0x39e,0x173b

Scan-only r61 registry
  registry_count=128 registry_cap=128
  r61_witness[00] r61=11 tail=24 gh60=0x4e087e6 W1=0x238b,0x1963,0x1933 W2=0x2298,0xac,0x3bd2
  r61_witness[01] r61=14 tail=30 gh60=0x4b1bf66 W1=0xfd3,0x3b98,0x15de W2=0xee0,0x1064,0x88d
  r61_witness[02] r61=14 tail=33 gh60=0x4e87c9a W1=0x30ea,0x2160,0x2189 W2=0x2ff7,0x3a25,0x20af
  r61_witness[03] r61=15 tail=27 gh60=0x54985aa W1=0xac1,0x25,0x346d W2=0x9ce,0x3dad,0x2ef3
  r61_witness[04] r61=15 tail=27 gh60=0x4c9bdaa W1=0x30ad,0x372d,0x1a8d W2=0x2fba,0x2e00,0x412
  r61_witness[05] r61=15 tail=28 gh60=0x4754b7a W1=0x29d6,0x3dfb,0x33ff W2=0x28e3,0x333f,0x3da8
  r61_witness[06] r61=15 tail=29 gh60=0x4589daa W1=0x1eb1,0x131c,0x99d W2=0x1dbe,0x10f3,0x19a9
  r61_witness[07] r61=15 tail=31 gh60=0x4a045e6 W1=0x3c9c,0xeb8,0x20c4 W2=0x3ba9,0x1164,0x3519
  r61_witness[08] r61=15 tail=32 gh60=0x4a884ae W1=0x12ef,0x1cbb,0x3370 W2=0x11fc,0xe5b,0x3073
  r61_witness[09] r61=15 tail=35 gh60=0x4689cae W1=0xef,0x356d,0x11f2 W2=0x3ffc,0x11d0,0xd59
  r61_witness[10] r61=15 tail=35 gh60=0x4a08cea W1=0x391d,0x32fd,0x29d1 W2=0x382a,0x7e0,0x785
  r61_witness[11] r61=16 tail=29 gh60=0x4b0876a W1=0x2b4d,0xaf3,0x57 W2=0x2a5a,0x34d,0x979
  r61_witness[12] r61=16 tail=29 gh60=0x48b8cbe W1=0x3737,0x2d77,0x30c1 W2=0x3644,0x395a,0x1867
  r61_witness[13] r61=16 tail=31 gh60=0x4b29c9a W1=0x145,0x3099,0x3d1a W2=0x52,0xf69,0xd2c
  r61_witness[14] r61=16 tail=33 gh60=0x461dbe6 W1=0x194,0xf3f,0x2494 W2=0xa1,0x131c,0x181c
  r61_witness[15] r61=16 tail=33 gh60=0xc91bb6a W1=0x11d1,0x1c62,0xb38 W2=0x10de,0x761,0x2a1e

Second-stage local refinement
  seed pool: count=128 cap=128
  top seeds: [tail21/r6121 W=0x22aa,0x728,0x3fa0] [tail22/r6117 W=0x1715,0x2630,0x317a] [tail22/r6120 W=0x3d7e,0x3c94,0x169b] [tail22/r6122 W=0x1897,0xf00,0x3eca] [tail24/r6111 W=0x238b,0x1963,0x1933] [tail24/r6120 W=0x1bbd,0x1a31,0x3d38] [tail24/r6123 W=0x57d,0x2a96,0x2795] [tail24/r6127 W=0x1ee7,0x2c8a,0x1022]
  budget=500000000 tested=500000000 D60=0=31016 collisions=0 seed_inserts=63 prefix_enums=30514
  D60=0 rate: 0.000062
  phase tested/D60=0: single=3108/15 double=63714/11 walk=0/0 prefix=499933178/30990
  min refined D60 HW: 0 d60=0x0 at W1[57..59]=0x22aa,0x728,0x38f3
  best refined tail HW: 21 (scan best 21, improvements=0)
  best refined tail W1[57..59]=0x22aa,0x728,0x3fa0
  best refined tail W2[57..59]=0x21b7,0x3354,0x1ecf
  best refined r61 HW: 11 (scan best 11, improvements=0)
  best refined r61 W1[57..59]=0x238b,0x1963,0x1933
  best refined r61 W2[57..59]=0x2298,0xac,0x3bd2

D60=0 fiber histogram: 1:7958 2:4722 3:1771 4:1135 5:423 6:211 7:84 8:70 9:28 10:21 11:10 12:6 14:3 15:2 16:1 17:2 18:2 19:3
