free_word_mitm_reducedn
N=14 mask=0x3fff msb=0x2000
candidate: M0=0x3d36 mode=random-fallback fill=0x3fff kernel=dM0=dM9=0x2000
prefixes=32768/268435456 mode=permuted-prefix-sample w59_per_prefix=16384 total=536870912
run_mode=scan registry_cap=16
sample_start=34832384
scan_elapsed=19.174s rate=28.00 Mtriples/s

D60 interface
  D60=0 matches: 32962 (random expectation 32768.0, enrichment 1.006x)
  prefixes with D60=0: 16738
  max D60=0 fiber per prefix: 18 at W57=0x35c4 W58=0x243b
  largest D60 bucket: D=0x24ec count=33846
  min D60 HW: 0
  D60 HW histogram: 0:32962 1:457101 2:2975901 3:11912274 4:32770042 5:65583135 6:98408450 7:112483595 8:98424221 9:65614015 10:32803482 11:11932258 12:2981533 13:459278 14:32665

Tail closure among D60=0 matches
  final tail collisions: 0
  best r61 HW: 13
  best r61 W1[57..59]=0x268c,0xe4e,0x3972
  best r61 W2[57..59]=0x2599,0x2989,0x24b9
  best tail HW: 19
  best tail r61 HW: 19
  best W1[57..59]=0x2039,0x1f51,0x3219
  best W2[57..59]=0x1f46,0x3fd0,0x1fba

SUMMARY N=14 sample_start=34832384 prefixes=32768 total=536870912 d0=32962 best_tail=19 tail_r61=19 best_r61=13 tail_W1=0x2039,0x1f51,0x3219 tail_W2=0x1f46,0x3fd0,0x1fba r61_W1=0x268c,0xe4e,0x3972 r61_W2=0x2599,0x2989,0x24b9

Scan-only witness registry
  registry_count=16 registry_cap=16
  witness[00] tail=19 r61=19 gh60=0xcce9cba W1=0x2039,0x1f51,0x3219 W2=0x1f46,0x3fd0,0x1fba
  witness[01] tail=19 r61=20 gh60=0x4f0856a W1=0x3a61,0x348e,0x25ed W2=0x396e,0x3934,0x33da
  witness[02] tail=22 r61=18 gh60=0x4d7856a W1=0x45d,0x728,0x27b7 W2=0x36a,0x14a6,0x238c
  witness[03] tail=22 r61=25 gh60=0xdbb9baa W1=0x3d81,0x1cd9,0xb72 W2=0x3c8e,0x1e90,0x3038
  witness[04] tail=23 r61=15 gh60=0x4c89da6 W1=0x3ebb,0x3bb3,0x1598 W2=0x3dc8,0x1159,0x3bc9
  witness[05] tail=23 r61=21 gh60=0xc4a44e6 W1=0x3424,0x12c,0x3761 W2=0x3331,0x2da0,0x2b6
  witness[06] tail=23 r61=25 gh60=0xbae7b66 W1=0x11d4,0x267e,0x3464 W2=0x10e1,0x19eb,0x3e72
  witness[07] tail=23 r61=26 gh60=0xc79dca6 W1=0x3f2c,0x1fab,0x30c3 W2=0x3e39,0x2d46,0x2b3c
  witness[08] tail=24 r61=18 gh60=0x460bcea W1=0x1121,0x234c,0x2b7e W2=0x102e,0x1077,0x1ef0
  witness[09] tail=24 r61=20 gh60=0xbc985ae W1=0x22bf,0x5b7,0x3137 W2=0x21cc,0x2adf,0x101b
  witness[10] tail=24 r61=22 gh60=0xc77cdaa W1=0x16b2,0x3002,0xd2c W2=0x15bf,0xf6e,0xf7
  witness[11] tail=24 r61=23 gh60=0xd584cba W1=0x183a,0x3bb8,0x2025 W2=0x1747,0x2db0,0x31bd
  witness[12] tail=25 r61=19 gh60=0xca0ddee W1=0x1ea0,0x10f2,0x1ecf W2=0x1dad,0x3922,0x22f3
  witness[13] tail=25 r61=20 gh60=0x4e7c4aa W1=0x3f2,0xa01,0xf8 W2=0x2ff,0xf06,0xc2f
  witness[14] tail=25 r61=20 gh60=0xc53cd66 W1=0x3654,0x343c,0x290d W2=0x3561,0x17b,0x1f18
  witness[15] tail=25 r61=22 gh60=0xd757bba W1=0xdb6,0x2383,0xa26 W2=0xcc3,0x168f,0x2b0b

Scan-only r61 registry
  registry_count=16 registry_cap=16
  r61_witness[00] r61=13 tail=27 gh60=0x4604de6 W1=0x268c,0xe4e,0x3972 W2=0x2599,0x2989,0x24b9
  r61_witness[01] r61=13 tail=33 gh60=0x4999caa W1=0xfd,0x1f4c,0xb54 W2=0xa,0x23b7,0x2ff0
  r61_witness[02] r61=14 tail=29 gh60=0x4a845a6 W1=0x327c,0x13b8,0x26ae W2=0x3189,0x365e,0x2dca
  r61_witness[03] r61=15 tail=23 gh60=0x4c89da6 W1=0x3ebb,0x3bb3,0x1598 W2=0x3dc8,0x1159,0x3bc9
  r61_witness[04] r61=15 tail=28 gh60=0x5618c9a W1=0x2805,0x3704,0x74e W2=0x2712,0x188a,0x18e9
  r61_witness[05] r61=15 tail=38 gh60=0x4488ca6 W1=0x63b,0x634,0x3195 W2=0x548,0x15c0,0x325c
  r61_witness[06] r61=16 tail=28 gh60=0x4a0cc9a W1=0x180a,0x91b,0x765 W2=0x1717,0x3ade,0x2fa9
  r61_witness[07] r61=16 tail=28 gh60=0x56084e6 W1=0x321b,0x9f,0x74b W2=0x3128,0x1f70,0x18de
  r61_witness[08] r61=16 tail=32 gh60=0xc6884ae W1=0x13ff,0x2872,0x28b4 W2=0x130c,0x2782,0xe66
  r61_witness[09] r61=16 tail=33 gh60=0x36047e6 W1=0xb9c,0x2438,0x14a W2=0xaa9,0xff8,0x1bc4
  r61_witness[10] r61=16 tail=33 gh60=0x760c4fa W1=0x1a1a,0x1e58,0x566 W2=0x1927,0x1145,0x965
  r61_witness[11] r61=16 tail=33 gh60=0x48a4caa W1=0x2732,0x15ff,0x2d50 W2=0x263f,0x1a43,0x1ffb
  r61_witness[12] r61=16 tail=33 gh60=0x490bb6e W1=0x31cf,0x336c,0x171 W2=0x30dc,0x188b,0xd87
  r61_witness[13] r61=16 tail=33 gh60=0x5a88caa W1=0x35fd,0xb31,0x14aa W2=0x350a,0x23dc,0x296e
  r61_witness[14] r61=16 tail=34 gh60=0x5b08f6e W1=0x7df,0x306b,0x29cc W2=0x6ec,0x2396,0xd96
  r61_witness[15] r61=16 tail=38 gh60=0xc988ba6 W1=0x39ab,0x23d4,0xc28 W2=0x38b8,0x37a8,0x1bf3

D60=0 fiber histogram: 1:8166 2:4792 3:1787 4:1100 5:434 6:236 7:90 8:66 9:27 10:15 11:9 12:9 13:3 16:2 18:2
