free_word_mitm_reducedn
N=14 mask=0x3fff msb=0x2000
candidate: M0=0x3d36 mode=random-fallback fill=0x3fff kernel=dM0=dM9=0x2000
prefixes=32768/268435456 mode=permuted-prefix-sample w59_per_prefix=16384 total=536870912
run_mode=scan registry_cap=16
sample_start=76775424
scan_elapsed=18.852s rate=28.48 Mtriples/s

D60 interface
  D60=0 matches: 32464 (random expectation 32768.0, enrichment 0.991x)
  prefixes with D60=0: 16441
  max D60=0 fiber per prefix: 19 at W57=0x1ebd W58=0x2b67
  largest D60 bucket: D=0x948 count=33860
  min D60 HW: 0
  D60 HW histogram: 0:32464 1:458137 2:2980438 3:11918343 4:32799642 5:65611709 6:98426069 7:112515641 8:98413759 9:65572112 10:32751134 11:11918149 12:2981822 13:458644 14:32849

Tail closure among D60=0 matches
  final tail collisions: 0
  best r61 HW: 14
  best r61 W1[57..59]=0x10ec,0x157e,0x25e
  best r61 W2[57..59]=0xff9,0x3715,0x1784
  best tail HW: 23
  best tail r61 HW: 24
  best W1[57..59]=0x36d4,0x949,0x13dc
  best W2[57..59]=0x35e1,0xea0,0x29f

SUMMARY N=14 sample_start=76775424 prefixes=32768 total=536870912 d0=32464 best_tail=23 tail_r61=24 best_r61=14 tail_W1=0x36d4,0x949,0x13dc tail_W2=0x35e1,0xea0,0x29f r61_W1=0x10ec,0x157e,0x25e r61_W2=0xff9,0x3715,0x1784

Scan-only witness registry
  registry_count=16 registry_cap=16
  witness[00] tail=23 r61=22 gh60=0xb89dba6 W1=0x21b4,0x39b0,0x168e W2=0x20c1,0x3f03,0x358
  witness[01] tail=23 r61=24 gh60=0x4ee4d66 W1=0x36d4,0x949,0x13dc W2=0x35e1,0xea0,0x29f
  witness[02] tail=23 r61=25 gh60=0xfe8c5a6 W1=0x247c,0xb11,0x2ab7 W2=0x2389,0x2b7,0x1565
  witness[03] tail=24 r61=17 gh60=0x7d8449a W1=0x42a,0x1518,0x1b3e W2=0x337,0x3a9c,0x1813
  witness[04] tail=24 r61=18 gh60=0x5afbd7e W1=0xe57,0x82d,0x3722 W2=0xd64,0x3e5c,0x2ed6
  witness[05] tail=24 r61=23 gh60=0x5a9fca6 W1=0x2efc,0x2009,0x35f0 W2=0x2e09,0x191c,0x401
  witness[06] tail=24 r61=24 gh60=0xd5984a6 W1=0x322b,0x2769,0x30e7 W2=0x3138,0x2c6,0x385e
  witness[07] tail=24 r61=27 gh60=0x7a3c4ea W1=0xb1e,0x16bf,0x1968 W2=0xa2b,0x20ba,0x2de4
  witness[08] tail=25 r61=21 gh60=0x55dc49e W1=0x1b08,0x1ff,0x3474 W2=0x1a15,0x226f,0x2991
  witness[09] tail=25 r61=21 gh60=0x4a1dce6 W1=0x211c,0x1f4a,0x2039 W2=0x2029,0x9df,0x17c9
  witness[10] tail=25 r61=22 gh60=0x5cb8cae W1=0x63f,0x1f5c,0xac6 W2=0x54c,0xeab,0x18f4
  witness[11] tail=25 r61=26 gh60=0xcbf879a W1=0x2365,0x1f68,0x1207 W2=0x2272,0x11b7,0x9b6
  witness[12] tail=25 r61=26 gh60=0x58bc49a W1=0x2b2a,0x2656,0x974 W2=0x2a37,0xe20,0x2046
  witness[13] tail=26 r61=17 gh60=0x4a2859e W1=0x487,0x24f4,0x3553 W2=0x394,0x2b85,0x2c38
  witness[14] tail=26 r61=18 gh60=0xde09de6 W1=0x3e9b,0x2bf5,0x2399 W2=0x3da8,0x421,0x1e94
  witness[15] tail=26 r61=21 gh60=0xc799caa W1=0x1dfd,0x309f,0x2f62 W2=0x1d0a,0x3aca,0xa35

Scan-only r61 registry
  registry_count=16 registry_cap=16
  r61_witness[00] r61=14 tail=27 gh60=0xc987ca6 W1=0x10ec,0x157e,0x25e W2=0xff9,0x3715,0x1784
  r61_witness[01] r61=14 tail=32 gh60=0x4a05de6 W1=0x9c,0x1e33,0x3e0f W2=0x3fa9,0x10e0,0x29d0
  r61_witness[02] r61=14 tail=37 gh60=0xc88cbae W1=0x29c0,0x18ca,0x370d W2=0x28cd,0xcc2,0x2006
  r61_witness[03] r61=15 tail=28 gh60=0x4489daa W1=0x1ebd,0x2b67,0x1717 W2=0x1dca,0x392e,0x2848
  r61_witness[04] r61=15 tail=32 gh60=0xc50856a W1=0x461,0x1c65,0x2592 W2=0x36e,0x19e7,0x2f1f
  r61_witness[05] r61=15 tail=33 gh60=0x5a085e6 W1=0x1a8b,0x183b,0x3278 W2=0x1998,0x3ffa,0x2a5a
  r61_witness[06] r61=15 tail=35 gh60=0x4588daa W1=0x66d,0x2e65,0x2113 W2=0x57a,0x3f48,0x1d6f
  r61_witness[07] r61=15 tail=38 gh60=0x4a89cae W1=0x1eff,0xe8c,0xd2c W2=0x1e0c,0x2cdb,0x22c0
  r61_witness[08] r61=15 tail=39 gh60=0x460cfee W1=0x7a0,0x30b9,0x163f W2=0x6ad,0x287d,0x29e3
  r61_witness[09] r61=15 tail=41 gh60=0xb904f7a W1=0x7da,0x114f,0x164 W2=0x6e7,0x15f,0x35ca
  r61_witness[10] r61=16 tail=27 gh60=0x4618cee W1=0x91f,0x42b,0x17e6 W2=0x82c,0x1bf6,0x31f0
  r61_witness[11] r61=16 tail=27 gh60=0x4a287a6 W1=0x2b83,0x2f0a,0x1af W2=0x2a90,0x196f,0x1b07
  r61_witness[12] r61=16 tail=29 gh60=0xda09fea W1=0x3fa1,0x110a,0x995 W2=0x3eae,0xf89,0x3c3b
  r61_witness[13] r61=16 tail=30 gh60=0x56045fa W1=0x3a9a,0x316f,0x17f0 W2=0x39a7,0x2a84,0x3261
  r61_witness[14] r61=16 tail=31 gh60=0x4635cfa W1=0x3e16,0x37cc,0x9f4 W2=0x3d23,0x2084,0x914
  r61_witness[15] r61=16 tail=32 gh60=0x4634cee W1=0x620,0x2f68,0x15cb W2=0x52d,0x1134,0x2a33

D60=0 fiber histogram: 1:7913 2:4827 3:1757 4:1064 5:435 6:223 7:88 8:64 9:30 10:21 11:6 12:4 13:3 14:1 15:2 16:1 17:1 19:1
