free_word_mitm_reducedn
N=14 mask=0x3fff msb=0x2000
candidate: M0=0x3d36 mode=random-fallback fill=0x3fff kernel=dM0=dM9=0x2000
prefixes=32768/268435456 mode=permuted-prefix-sample w59_per_prefix=16384 total=536870912
run_mode=repair registry_cap=64
repair_d60_hw_limit=3
sample_start=54001664
scan_elapsed=24.095s rate=22.28 Mtriples/s

D60 interface
  D60=0 matches: 32835 (random expectation 32768.0, enrichment 1.002x)
  prefixes with D60=0: 16638
  max D60=0 fiber per prefix: 20 at W57=0xe65 W58=0x3f5d
  largest D60 bucket: D=0x3106 count=33825
  min D60 HW: 0
  D60 HW histogram: 0:32835 1:458079 2:2984566 3:11930932 4:32807865 5:65613540 6:98405002 7:112471474 8:98409124 9:65578447 10:32791450 11:11917374 12:2978640 13:459046 14:32538

Tail closure among D60=0 matches
  final tail collisions: 0
  best r61 HW: 11
  best r61 W1[57..59]=0x1121,0x3f31,0x618
  best r61 W2[57..59]=0x102e,0x2c5c,0x197f
  best tail HW: 16
  best tail r61 HW: 14
  best W1[57..59]=0x3a8c,0xa1e,0x2c98
  best W2[57..59]=0x3999,0x2bde,0x19ba

SUMMARY N=14 sample_start=54001664 prefixes=32768 total=536870912 d0=32835 best_tail=16 tail_r61=14 best_r61=11 tail_W1=0x3a8c,0xa1e,0x2c98 tail_W2=0x3999,0x2bde,0x19ba r61_W1=0x1121,0x3f31,0x618 r61_W2=0x102e,0x2c5c,0x197f

Scan-only witness registry
  registry_count=64 registry_cap=64
  witness[00] tail=16 r61=14 gh60=0xfa045e6 W1=0x3a8c,0xa1e,0x2c98 W2=0x3999,0x2bde,0x19ba
  witness[01] tail=22 r61=22 gh60=0x4bf876a W1=0x3bdd,0x1272,0x1c13 W2=0x3aea,0x14bc,0x18d2
  witness[02] tail=23 r61=17 gh60=0xd90bb6e W1=0x2dcf,0x695,0x30c8 W2=0x2cdc,0x2eb4,0x2873
  witness[03] tail=23 r61=19 gh60=0x462ccaa W1=0x2902,0x3fba,0x64 W2=0x280f,0x18e,0x254f
  witness[04] tail=23 r61=24 gh60=0xdaecdbe W1=0x878,0x1495,0x772 W2=0x785,0x16d1,0x728
  witness[05] tail=24 r61=17 gh60=0x4889caa W1=0x131,0x310b,0x18c2 W2=0x3e,0x30ca,0x11d7
  witness[06] tail=24 r61=21 gh60=0xceac56a W1=0x1ce2,0x7b3,0x276d W2=0x1bef,0x24fe,0x2b5d
  witness[07] tail=25 r61=19 gh60=0xcd1456e W1=0x2250,0x1d4d,0x1983 W2=0x215d,0x397c,0xf0c
  witness[08] tail=25 r61=20 gh60=0x78b44ae W1=0xb40,0x220b,0x304e W2=0xa4d,0x139c,0x363e
  witness[09] tail=25 r61=23 gh60=0x55285a6 W1=0x32c3,0x3de,0x28bb W2=0x31d0,0x631,0x1c0e
  witness[10] tail=25 r61=24 gh60=0xbbfdd66 W1=0x204c,0x15b2,0x18ac W2=0x1f59,0x3fb,0x2bb
  witness[11] tail=25 r61=24 gh60=0xd9bc49e W1=0x2328,0x3b2f,0xf5f W2=0x2235,0xb67,0x1eeb
  witness[12] tail=26 r61=15 gh60=0x49847a6 W1=0x1bbc,0x3cf5,0x930 W2=0x1ac9,0x3529,0x2360
  witness[13] tail=26 r61=19 gh60=0x7b08d6e W1=0x18df,0x2999,0x2a86 W2=0x17ec,0x1dc0,0x1943
  witness[14] tail=26 r61=19 gh60=0x49a5baa W1=0x21b2,0x1c16,0x3e50 W2=0x20bf,0x922,0x2dc5
  witness[15] tail=26 r61=19 gh60=0xcea85a6 W1=0x3c73,0x559,0x3589 W2=0x3b80,0x2d2e,0x32fb

Scan-only r61 registry
  registry_count=64 registry_cap=64
  r61_witness[00] r61=11 tail=27 gh60=0x460bcea W1=0x1121,0x3f31,0x618 W2=0x102e,0x2c5c,0x197f
  r61_witness[01] r61=14 tail=16 gh60=0xfa045e6 W1=0x3a8c,0xa1e,0x2c98 W2=0x3999,0x2bde,0x19ba
  r61_witness[02] r61=14 tail=28 gh60=0x46185e6 W1=0x1c8b,0x1abd,0x2fa4 W2=0x1b98,0x247c,0x1134
  r61_witness[03] r61=15 tail=26 gh60=0x49847a6 W1=0x1bbc,0x3cf5,0x930 W2=0x1ac9,0x3529,0x2360
  r61_witness[04] r61=15 tail=30 gh60=0x46544fe W1=0x418,0x2a8a,0x1298 W2=0x325,0x2ba3,0x31f5
  r61_witness[05] r61=15 tail=41 gh60=0x450bd6a W1=0x2e51,0x2560,0x2fe1 W2=0x2d5e,0x164f,0xe21
  r61_witness[06] r61=16 tail=28 gh60=0x5c84da6 W1=0x16ac,0x212b,0x70f W2=0x15b9,0x8f0,0x2b8d
  r61_witness[07] r61=16 tail=28 gh60=0x4c984e6 W1=0x3c23,0x38d4,0x1d7e W2=0x3b30,0x1755,0x2f91
  r61_witness[08] r61=16 tail=29 gh60=0x4f0876a W1=0x1b61,0x10ad,0x89a W2=0x1a6e,0x24fb,0x2506
  r61_witness[09] r61=16 tail=30 gh60=0x590bf6a W1=0xf51,0x2d70,0x10df W2=0xe5e,0x1a8f,0x947
  r61_witness[10] r61=16 tail=31 gh60=0x4989cae W1=0x213f,0x1875,0x502 W2=0x204c,0x3048,0x7e1
  r61_witness[11] r61=16 tail=32 gh60=0x568c4a6 W1=0x2cfc,0x1dba,0x377c W2=0x2c09,0xb86,0xd4d
  r61_witness[12] r61=16 tail=32 gh60=0x4b7449e W1=0x3a48,0x750,0x25f1 W2=0x3955,0x1344,0x15c9
  r61_witness[13] r61=16 tail=32 gh60=0xc905f7a W1=0x3f5a,0x6ae,0x2bc2 W2=0x3e67,0x30ca,0x223d
  r61_witness[14] r61=16 tail=36 gh60=0xc60449a W1=0x2c0a,0x8d6,0xcf0 W2=0x2b17,0x2f96,0x34e7
  r61_witness[15] r61=16 tail=37 gh60=0x48a84be W1=0x3537,0x3da7,0x12c9 W2=0x3444,0xa49,0x3316

D60 repair probe registry
  repair_candidates=15373577 d60_hw_limit=3
  best repaired tail HW: 13 d60=0x45 d60_hw=3 r61=11 gh60=0x38984aa
  best repaired tail W1[57..59]=0x2531,0x33e6,0x39a5
  best repaired tail W2[57..59]=0x243e,0x3aa6,0x35f4
  best repaired r61 HW: 10 d60=0xa08 d60_hw=3 tail=27 gh60=0x4a0bfee
  best repaired r61 W1[57..59]=0x2f9f,0x1c41,0x377
  best repaired r61 W2[57..59]=0x2eac,0x804,0xf50
  repaired_tail_registry_count=64 registry_cap=64
  repair_witness[00] tail=13 r61=11 d60=0x45 d60_hw=3 gh60=0x38984aa W1=0x2531,0x33e6,0x39a5 W2=0x243e,0x3aa6,0x35f4
  repair_witness[01] tail=15 r61=14 d60=0x640 d60_hw=3 gh60=0x4a0dcee W1=0x120,0x2e62,0x123b W2=0x2d,0x18ba,0x1d8f
  repair_witness[02] tail=15 r61=16 d60=0xa00 d60_hw=2 gh60=0x55e84a6 W1=0x3a43,0xe5e,0x309f W2=0x3950,0xadb,0x4fa
  repair_witness[03] tail=15 r61=17 d60=0x2208 d60_hw=3 gh60=0x4cabca6 W1=0x1033,0x3175,0x3684 W2=0xf40,0x321f,0x335f
  repair_witness[04] tail=15 r61=19 d60=0x422 d60_hw=3 gh60=0x59b449a W1=0x526,0x1a04,0x3386 W2=0x433,0x3f94,0x136b
  repair_witness[05] tail=15 r61=20 d60=0x1880 d60_hw=3 gh60=0xf9fcbaa W1=0x15c2,0x16ac,0xd4c W2=0x14cf,0x1708,0x1223
  repair_witness[06] tail=15 r61=20 d60=0x810 d60_hw=2 gh60=0x5f39d66 W1=0x3e4b,0x217f,0x27f4 W2=0x3d58,0x3d2f,0x2e24
  repair_witness[07] tail=16 r61=14 d60=0x201 d60_hw=2 gh60=0xc4885aa W1=0x14c1,0x22b3,0x3e53 W2=0x13ce,0x313b,0xaf4
  repair_witness[08] tail=16 r61=17 d60=0x409 d60_hw=3 gh60=0xcc94caa W1=0x262e,0x288d,0x2d16 W2=0x253b,0x30cd,0x326
  repair_witness[09] tail=16 r61=17 d60=0x2840 d60_hw=3 gh60=0x4d6857a W1=0x2ad9,0x2a16,0x38af W2=0x29e6,0x4aa,0x1a9a
  repair_witness[10] tail=16 r61=19 d60=0x214 d60_hw=3 gh60=0x4b78da6 W1=0x16b3,0x3db1,0x2114 W2=0x15c0,0x4f5,0x1f81
  repair_witness[11] tail=16 r61=19 d60=0x1400 d60_hw=2 gh60=0x75545be W1=0x2ab8,0x168e,0x7d4 W2=0x29c5,0x1955,0x214c
  repair_witness[12] tail=16 r61=21 d60=0x1104 d60_hw=3 gh60=0xc6fbbaa W1=0x3181,0x1a9f,0x2bca W2=0x308e,0x3f16,0x4c0
  repair_witness[13] tail=17 r61=13 d60=0x310 d60_hw=3 gh60=0x4ab45aa W1=0x47e,0x32aa,0x2a53 W2=0x38b,0x30b3,0x2d36
  repair_witness[14] tail=17 r61=13 d60=0x840 d60_hw=2 gh60=0x491bf6a W1=0x2fd1,0x2e87,0x10f7 W2=0x2ede,0x1da6,0x4b2
  repair_witness[15] tail=17 r61=15 d60=0x5 d60_hw=2 gh60=0xc71bf6a W1=0xf4d,0x2648,0x3090 W2=0xe5a,0x363,0x358
  repaired_r61_registry_count=64 registry_cap=64
  repair_r61_witness[00] r61=10 tail=25 d60=0xd0 d60_hw=3 gh60=0x4b04566 W1=0x1a5c,0x1d62,0x35b1 W2=0x1969,0x3f7e,0x3cfc
  repair_r61_witness[01] r61=10 tail=27 d60=0xa08 d60_hw=3 gh60=0x4a0bfee W1=0x2f9f,0x1c41,0x377 W2=0x2eac,0x804,0xf50
  repair_r61_witness[02] r61=10 tail=35 d60=0x30 d60_hw=2 gh60=0x48844ba W1=0x53a,0x320b,0x27c6 W2=0x447,0x16be,0x12c8
  repair_r61_witness[03] r61=10 tail=36 d60=0x1088 d60_hw=3 gh60=0x4c885aa W1=0xab1,0x3d4,0x37bb W2=0x9be,0x6c,0x61e
  repair_r61_witness[04] r61=11 tail=13 d60=0x45 d60_hw=3 gh60=0x38984aa W1=0x2531,0x33e6,0x39a5 W2=0x243e,0x3aa6,0x35f4
  repair_r61_witness[05] r61=11 tail=20 d60=0x1048 d60_hw=3 gh60=0xc6145ee W1=0xca0,0x19e,0x331b W2=0xbad,0x2951,0x3db8
  repair_r61_witness[06] r61=11 tail=22 d60=0x800 d60_hw=1 gh60=0x4909b6e W1=0x21df,0x3d40,0x2949 W2=0x20ec,0x3553,0x2717
  repair_r61_witness[07] r61=11 tail=22 d60=0x808 d60_hw=2 gh60=0x4898bae W1=0x35af,0x3264,0x49b W2=0x34bc,0x3a7b,0x31b8
  repair_r61_witness[08] r61=11 tail=22 d60=0x8c d60_hw=3 gh60=0x4a08dea W1=0x3891,0x3eb2,0x342a W2=0x379e,0xa95,0xc6d
  repair_r61_witness[09] r61=11 tail=24 d60=0x1048 d60_hw=3 gh60=0x452c566 W1=0x4d4,0x29eb,0x1c0d W2=0x3e1,0x3a27,0x292a
  repair_r61_witness[10] r61=11 tail=24 d60=0x13 d60_hw=3 gh60=0x460bcee W1=0xe1f,0x1510,0x1094 W2=0xd2c,0x386b,0x3dbc
  repair_r61_witness[11] r61=11 tail=25 d60=0x114 d60_hw=3 gh60=0x4509d6e W1=0x1ecf,0x29bf,0x38c8 W2=0x1ddc,0x1592,0x747
  repair_r61_witness[12] r61=11 tail=25 d60=0x2003 d60_hw=3 gh60=0x4b185a6 W1=0x24c3,0x2937,0xed3 W2=0x23d0,0x8a,0x3f4a
  repair_r61_witness[13] r61=11 tail=25 d60=0x1021 d60_hw=3 gh60=0xc90bb6a W1=0x2ddd,0x2ff5,0x3065 W2=0x2cea,0x10e0,0x1280
  repair_r61_witness[14] r61=11 tail=26 d60=0x3000 d60_hw=2 gh60=0x4884fa6 W1=0x17ac,0x2745,0x1057 W2=0x16b9,0x1c8a,0x13cf
  repair_r61_witness[15] r61=11 tail=27 d60=0x224 d60_hw=3 gh60=0x4904b66 W1=0x29dc,0x395a,0x32d7 W2=0x28e9,0x3f29,0x99c

D60=0 fiber histogram: 1:8109 2:4844 3:1676 4:1135 5:410 6:223 7:82 8:73 9:30 10:22 11:8 12:13 13:6 14:1 15:2 16:3 20:1
