free_word_mitm_reducedn
N=14 mask=0x3fff msb=0x2000
candidate: M0=0x3d36 mode=random-fallback fill=0x3fff kernel=dM0=dM9=0x2000
prefixes=32768/268435456 mode=permuted-prefix-sample w59_per_prefix=16384 total=536870912
run_mode=scan registry_cap=16
sample_start=266403840
scan_elapsed=11.057s rate=48.55 Mtriples/s

D60 interface
  D60=0 matches: 32851 (random expectation 32768.0, enrichment 1.003x)
  prefixes with D60=0: 16443
  max D60=0 fiber per prefix: 32 at W57=0x1065 W58=0x1b2f
  largest D60 bucket: D=0x5ec count=33681
  min D60 HW: 0
  D60 HW histogram: 0:32851 1:458453 2:2978372 3:11926969 4:32798158 5:65632353 6:98459951 7:112502504 8:98386265 9:65572713 10:32753069 11:11903269 12:2976196 13:457187 14:32602

Tail closure among D60=0 matches
  final tail collisions: 0
  best r61 HW: 12
  best r61 W1[57..59]=0x8f4,0x27ee,0x346a
  best r61 W2[57..59]=0x801,0x331b,0x2d06
  best tail HW: 21
  best tail r61 HW: 20
  best W1[57..59]=0x12e9,0x1e01,0x3665
  best W2[57..59]=0x11f6,0x16d8,0x3c23

SUMMARY N=14 sample_start=266403840 prefixes=32768 total=536870912 d0=32851 best_tail=21 tail_r61=20 best_r61=12 tail_W1=0x12e9,0x1e01,0x3665 tail_W2=0x11f6,0x16d8,0x3c23 r61_W1=0x8f4,0x27ee,0x346a r61_W2=0x801,0x331b,0x2d06

Scan-only witness registry
  registry_count=16 registry_cap=16
  witness[00] tail=21 r61=20 gh60=0x4aa849a W1=0x12e9,0x1e01,0x3665 W2=0x11f6,0x16d8,0x3c23
  witness[01] tail=23 r61=27 gh60=0xc635dee W1=0x1e90,0x2f81,0x1936 W2=0x1d9d,0x17c1,0x312e
  witness[02] tail=24 r61=19 gh60=0x4aabdba W1=0x3079,0x2d55,0x1a8b W2=0x2f86,0x3038,0x394e
  witness[03] tail=25 r61=16 gh60=0x461cfaa W1=0x3782,0x34e2,0xed7 W2=0x368f,0x338e,0x1c8d
  witness[04] tail=25 r61=20 gh60=0xdf98566 W1=0x22e3,0x1a20,0x2057 W2=0x21f0,0x188f,0x60d
  witness[05] tail=25 r61=22 gh60=0xbab8ca6 W1=0x8eb,0x2bbf,0x2983 W2=0x7f8,0x265b,0x2c69
  witness[06] tail=25 r61=24 gh60=0xf965caa W1=0x2132,0x3468,0x1991 W2=0x203f,0x382c,0x2746
  witness[07] tail=26 r61=13 gh60=0x4889cae W1=0x12f,0x2100,0xf54 W2=0x3c,0x38df,0xfde
  witness[08] tail=26 r61=18 gh60=0x5b7859e W1=0x4a7,0x2420,0x20b5 W2=0x3b4,0x29ef,0xce1
  witness[09] tail=26 r61=18 gh60=0x4a2cd9a W1=0x686,0x110b,0x376b W2=0x593,0x32ae,0x84a
  witness[10] tail=26 r61=18 gh60=0x3d28ca6 W1=0x3643,0x2101,0x6a7 W2=0x3550,0x213d,0x30e9
  witness[11] tail=26 r61=19 gh60=0x5a2cc9e W1=0x2908,0x3dff,0x3eea W2=0x2815,0x7aa,0x3a01
  witness[12] tail=26 r61=20 gh60=0xcb0856a W1=0x1cdd,0x2a20,0x1b2 W2=0x1bea,0x242,0x3369
  witness[13] tail=26 r61=20 gh60=0xcc84c9a W1=0x382a,0x2027,0x35cc W2=0x3737,0x1126,0x16e
  witness[14] tail=26 r61=21 gh60=0xda0ccee W1=0x1920,0x3653,0x2e28 W2=0x182d,0x2f2b,0x2480
  witness[15] tail=26 r61=22 gh60=0x4b5ccbe W1=0x838,0x288d,0x27d W2=0x745,0x226d,0xbb

Scan-only r61 registry
  registry_count=16 registry_cap=16
  r61_witness[00] r61=12 tail=27 gh60=0x4a145ea W1=0x49e,0x27f1,0x3143 W2=0x3ab,0x2a04,0x25e6
  r61_witness[01] r61=12 tail=29 gh60=0x4664ca6 W1=0x8f4,0x27ee,0x346a W2=0x801,0x331b,0x2d06
  r61_witness[02] r61=12 tail=31 gh60=0xca084ea W1=0x221d,0x30b1,0x1e34 W2=0x212a,0x3267,0x3c11
  r61_witness[03] r61=13 tail=26 gh60=0x4889cae W1=0x12f,0x2100,0xf54 W2=0x3c,0x38df,0xfde
  r61_witness[04] r61=14 tail=27 gh60=0x4c88ca6 W1=0x62b,0x28ae,0x20d0 W2=0x538,0x394a,0x3e75
  r61_witness[05] r61=14 tail=30 gh60=0x38a849a W1=0x2525,0x3db8,0x23c0 W2=0x2432,0x234b,0x3fd4
  r61_witness[06] r61=15 tail=30 gh60=0x4889caa W1=0x212d,0x3f61,0x349a W2=0x203a,0x3f5c,0x119b
  r61_witness[07] r61=15 tail=30 gh60=0xca0ccfa W1=0x391a,0xd8c,0x1dbe W2=0x3827,0x3dc8,0x3d36
  r61_witness[08] r61=15 tail=33 gh60=0x4d08d66 W1=0x26db,0x1c62,0x2acc W2=0x25e8,0x3a20,0x181
  r61_witness[09] r61=15 tail=34 gh60=0x45b44ba W1=0x13f6,0x2387,0x2f48 W2=0x1303,0x1ac6,0x37e5
  r61_witness[10] r61=15 tail=34 gh60=0x592849e W1=0x2547,0x30a,0x17d7 W2=0x2454,0xf7,0xebe
  r61_witness[11] r61=16 tail=25 gh60=0x461cfaa W1=0x3782,0x34e2,0xed7 W2=0x368f,0x338e,0x1c8d
  r61_witness[12] r61=16 tail=27 gh60=0xcaebb7a W1=0x11d9,0xaf3,0x3713 W2=0x10e6,0x35f2,0x587
  r61_witness[13] r61=16 tail=29 gh60=0x4d39d9a W1=0xc5,0x198e,0xde1 W2=0x3fd2,0x2e,0x34f0
  r61_witness[14] r61=16 tail=29 gh60=0x4e19ce6 W1=0x2113,0x85f,0x2e2e W2=0x2020,0x2283,0x269e
  r61_witness[15] r61=16 tail=29 gh60=0x5a3bcee W1=0x2f0f,0x1fc9,0x2c3d W2=0x2e1c,0x291c,0x3ed

D60=0 fiber histogram: 1:7892 2:4711 3:1846 4:1108 5:403 6:220 7:94 8:85 9:28 10:27 11:13 12:7 13:4 14:1 15:2 17:1 32:1
