free_word_mitm_reducedn
N=14 mask=0x3fff msb=0x2000
candidate: M0=0x3d36 mode=random-fallback fill=0x3fff kernel=dM0=dM9=0x2000
prefixes=32768/268435456 mode=permuted-prefix-sample w59_per_prefix=16384 total=536870912
run_mode=scan registry_cap=16
sample_start=182517760
scan_elapsed=15.798s rate=33.98 Mtriples/s

D60 interface
  D60=0 matches: 32859 (random expectation 32768.0, enrichment 1.003x)
  prefixes with D60=0: 16651
  max D60=0 fiber per prefix: 21 at W57=0x3d03 W58=0xcb9
  largest D60 bucket: D=0x262 count=33962
  min D60 HW: 0
  D60 HW histogram: 0:32859 1:456486 2:2981026 3:11936313 4:32832705 5:65642763 6:98461160 7:112479023 8:98383304 9:65545717 10:32753832 11:11901825 12:2974524 13:457052 14:32323

Tail closure among D60=0 matches
  final tail collisions: 0
  best r61 HW: 13
  best r61 W1[57..59]=0x313f,0x2ed9,0x77c
  best r61 W2[57..59]=0x304c,0x35ac,0x37a9
  best tail HW: 21
  best tail r61 HW: 23
  best W1[57..59]=0x9b7,0x17ff,0x1535
  best W2[57..59]=0x8c4,0xb16,0x1dde

SUMMARY N=14 sample_start=182517760 prefixes=32768 total=536870912 d0=32859 best_tail=21 tail_r61=23 best_r61=13 tail_W1=0x9b7,0x17ff,0x1535 tail_W2=0x8c4,0xb16,0x1dde r61_W1=0x313f,0x2ed9,0x77c r61_W2=0x304c,0x35ac,0x37a9

Scan-only witness registry
  registry_count=16 registry_cap=16
  witness[00] tail=21 r61=17 gh60=0x49b44be W1=0x2538,0x3ff5,0x1fba W2=0x2445,0xe94,0x20b5
  witness[01] tail=21 r61=23 gh60=0xb8e8bbe W1=0x9b7,0x17ff,0x1535 W2=0x8c4,0xb16,0x1dde
  witness[02] tail=22 r61=18 gh60=0x4dd8c9a W1=0x7e9,0x29d2,0x1bdd W2=0x6f6,0xb5c,0x1c7c
  witness[03] tail=22 r61=19 gh60=0xbca8cba W1=0x3839,0x1751,0x72e W2=0x3746,0x954,0x24b5
  witness[04] tail=23 r61=21 gh60=0xce88da6 W1=0x187b,0x3c6c,0x141a W2=0x1788,0x3f20,0xa27
  witness[05] tail=23 r61=22 gh60=0x77b47ba W1=0x2bb6,0x2c88,0x7f9 W2=0x2ac3,0x2d4f,0x3581
  witness[06] tail=24 r61=18 gh60=0xc6085ee W1=0x349f,0x16b5,0x1798 W2=0x33ac,0xfe3,0xec9
  witness[07] tail=24 r61=19 gh60=0xce0cfe6 W1=0x279c,0x28df,0x14a8 W2=0x26a9,0x109e,0x209a
  witness[08] tail=24 r61=20 gh60=0x792c49a W1=0x2346,0x28e2,0x31ed W2=0x2253,0x1130,0x2c5d
  witness[09] tail=24 r61=23 gh60=0xdc885aa W1=0xcad,0x3093,0x118a W2=0xbba,0x3ea7,0x3f00
  witness[10] tail=24 r61=24 gh60=0x5a09dee W1=0x3e9f,0x2c8b,0x37e3 W2=0x3dac,0x14ba,0x2c3c
  witness[11] tail=24 r61=25 gh60=0x5af87ea W1=0x3b8d,0x3576,0x18f5 W2=0x3a9a,0x3944,0x123e
  witness[12] tail=25 r61=17 gh60=0xfa7ccae W1=0x5f0,0x3a24,0x26bd W2=0x4fd,0x1b04,0x1bd5
  witness[13] tail=25 r61=17 gh60=0x49884ae W1=0x2b3f,0x21bf,0xef4 W2=0x2a4c,0x14f,0x31c2
  witness[14] tail=25 r61=18 gh60=0x38e84ba W1=0x3b39,0x1dde,0x17a0 W2=0x3a46,0x16a0,0x1906
  witness[15] tail=25 r61=19 gh60=0xc5a44a6 W1=0x3434,0x1d79,0x7c3 W2=0x3341,0xae5,0x2870

Scan-only r61 registry
  registry_count=16 registry_cap=16
  r61_witness[00] r61=13 tail=30 gh60=0x489bcae W1=0x313f,0x2ed9,0x77c W2=0x304c,0x35ac,0x37a9
  r61_witness[01] r61=14 tail=30 gh60=0x4a087ee W1=0x239f,0x3196,0xe91 W2=0x22ac,0x2958,0x13fd
  r61_witness[02] r61=14 tail=37 gh60=0xc60bfea W1=0xf91,0x1c8a,0xb12 W2=0xe9e,0xe15,0x3ec0
  r61_witness[03] r61=15 tail=31 gh60=0xc90876a W1=0x33cd,0x238f,0x1b1f W2=0x32da,0x28e5,0x34ba
  r61_witness[04] r61=15 tail=34 gh60=0x36244ea W1=0x2d12,0x8de,0x2aa2 W2=0x2c1f,0x11a9,0x2eef
  r61_witness[05] r61=15 tail=35 gh60=0x4594cae W1=0x3630,0x1aaf,0x1e46 W2=0x353d,0xa0f,0x325a
  r61_witness[06] r61=15 tail=37 gh60=0x4615cea W1=0x1f1e,0x3bd9,0x20a8 W2=0x1e2b,0x51,0x3cff
  r61_witness[07] r61=16 tail=27 gh60=0x4a0449a W1=0x220a,0x2a5f,0x27d1 W2=0x2117,0xf1d,0x20b4
  r61_witness[08] r61=16 tail=30 gh60=0x4b0bf6e W1=0xfcf,0x5d,0x1a63 W2=0xedc,0x259c,0x2852
  r61_witness[09] r61=16 tail=31 gh60=0x4d0c56a W1=0x3a5e,0x2e89,0x26d4 W2=0x396b,0x3730,0x1e8c
  r61_witness[10] r61=16 tail=33 gh60=0x54885ae W1=0x2af,0x627,0x9e5 W2=0x1bc,0x285f,0x2c28
  r61_witness[11] r61=16 tail=34 gh60=0x4b87ca6 W1=0xe3c,0x14e4,0x1473 W2=0xd49,0x276b,0x1c49
  r61_witness[12] r61=16 tail=36 gh60=0xc90bb6e W1=0x31cf,0x2c5,0x359e W2=0x30dc,0x27e4,0x1469
  r61_witness[13] r61=16 tail=37 gh60=0x451856e W1=0x14cf,0x372,0x1cd3 W2=0x13dc,0x3b24,0x3b4f
  r61_witness[14] r61=16 tail=37 gh60=0xd4845a6 W1=0x2aac,0x4b,0x2dc6 W2=0x29b9,0x128f,0x189e
  r61_witness[15] r61=16 tail=42 gh60=0xd50cd6a W1=0x185e,0x2c21,0x426 W2=0x176b,0x3c61,0xc3a

D60=0 fiber histogram: 1:8043 2:4840 3:1834 4:1053 5:424 6:225 7:82 8:84 9:25 10:21 11:7 12:3 13:1 14:4 16:2 18:2 21:1
