free_word_mitm_reducedn
N=14 mask=0x3fff msb=0x2000
candidate: M0=0x3d36 mode=random-fallback fill=0x3fff kernel=dM0=dM9=0x2000
prefixes=32768/268435456 mode=permuted-prefix-sample w59_per_prefix=16384 total=536870912
run_mode=scan registry_cap=16
sample_start=224460800
scan_elapsed=15.601s rate=34.41 Mtriples/s

D60 interface
  D60=0 matches: 32739 (random expectation 32768.0, enrichment 0.999x)
  prefixes with D60=0: 16534
  max D60=0 fiber per prefix: 16 at W57=0x2933 W58=0x21bf
  largest D60 bucket: D=0x975 count=33760
  min D60 HW: 0
  D60 HW histogram: 0:32739 1:457419 2:2973949 3:11925093 4:32813665 5:65668838 6:98518412 7:112521435 8:98377770 9:65520752 10:32725000 11:11880260 12:2967233 13:455972 14:32375

Tail closure among D60=0 matches
  final tail collisions: 0
  best r61 HW: 14
  best r61 W1[57..59]=0x1a3d,0x2ef7,0x2fba
  best r61 W2[57..59]=0x194a,0x1a3,0x3876
  best tail HW: 21
  best tail r61 HW: 21
  best W1[57..59]=0x30d3,0x15d3,0x2584
  best W2[57..59]=0x2fe0,0x188f,0x2663

SUMMARY N=14 sample_start=224460800 prefixes=32768 total=536870912 d0=32739 best_tail=21 tail_r61=21 best_r61=14 tail_W1=0x30d3,0x15d3,0x2584 tail_W2=0x2fe0,0x188f,0x2663 r61_W1=0x1a3d,0x2ef7,0x2fba r61_W2=0x194a,0x1a3,0x3876

Scan-only witness registry
  registry_count=16 registry_cap=16
  witness[00] tail=21 r61=18 gh60=0xbb98dae W1=0x8af,0x2156,0x250c W2=0x7bc,0x38d,0x3306
  witness[01] tail=21 r61=21 gh60=0x7b1bd66 W1=0x30d3,0x15d3,0x2584 W2=0x2fe0,0x188f,0x2663
  witness[02] tail=22 r61=29 gh60=0xddd9cbe W1=0x3ff7,0x17a4,0x1201 W2=0x3f04,0x2483,0x1dae
  witness[03] tail=23 r61=17 gh60=0xf9884aa W1=0xaf1,0x4ee,0x19e7 W2=0x9fe,0xe2e,0x3e4f
  witness[04] tail=23 r61=17 gh60=0xda24cea W1=0x1812,0x30ee,0x1e31 W2=0x171f,0xee,0x22dd
  witness[05] tail=23 r61=22 gh60=0x7937f7a W1=0xfd6,0x2322,0x10ec W2=0xee3,0xf42,0x194d
  witness[06] tail=23 r61=24 gh60=0x4ffcbaa W1=0x397e,0x2018,0xbbc W2=0x388b,0x2ce0,0x1310
  witness[07] tail=24 r61=21 gh60=0xdc884aa W1=0x2431,0x372b,0x1d49 W2=0x233e,0x3dab,0x2658
  witness[08] tail=24 r61=26 gh60=0xbd1456a W1=0xade,0x229c,0x2211 W2=0x9eb,0x2017,0x24af
  witness[09] tail=24 r61=26 gh60=0x57f9b66 W1=0x1dd3,0x3041,0x23e5 W2=0x1ce0,0x3cb1,0x262d
  witness[10] tail=25 r61=19 gh60=0xca98cae W1=0x6ef,0x1c89,0x3406 W2=0x5fc,0x3968,0x254
  witness[11] tail=25 r61=19 gh60=0x59f84ea W1=0x2c11,0x26e5,0x39a9 W2=0x2b1e,0x2b6b,0x3191
  witness[12] tail=25 r61=19 gh60=0x3a88daa W1=0x367d,0x2bac,0x168b W2=0x358a,0xc7f,0x841
  witness[13] tail=25 r61=20 gh60=0xca6dfa6 W1=0x1f84,0x120e,0x38e0 W2=0x1e91,0x3681,0x2497
  witness[14] tail=25 r61=21 gh60=0xca39dea W1=0x1e91,0xf4b,0x3e07 W2=0x1d9e,0xfaa,0x1b31
  witness[15] tail=25 r61=22 gh60=0xdd99caa W1=0x3e2d,0x2cb4,0x37b6 W2=0x3d3a,0x326f,0x1d68

Scan-only r61 registry
  registry_count=16 registry_cap=16
  r61_witness[00] r61=14 tail=29 gh60=0x4c884aa W1=0x1a3d,0x2ef7,0x2fba W2=0x194a,0x1a3,0x3876
  r61_witness[01] r61=14 tail=32 gh60=0xcd5459a W1=0xcc6,0xbb6,0x34bb W2=0xbd3,0x2a2e,0x379c
  r61_witness[02] r61=15 tail=35 gh60=0x4918f6a W1=0x7d1,0x1ca3,0x1b71 W2=0x6de,0x20c2,0x2f5b
  r61_witness[03] r61=16 tail=27 gh60=0xc984ba6 W1=0x397c,0x6f,0x251a W2=0x3889,0x14b4,0x13be
  r61_witness[04] r61=16 tail=30 gh60=0xf8987e6 W1=0xba3,0x1656,0x17b1 W2=0xab0,0x3e43,0x1821
  r61_witness[05] r61=16 tail=32 gh60=0x55244aa W1=0x1242,0x1286,0xee4 W2=0x114f,0x269b,0x33b6
  r61_witness[06] r61=16 tail=33 gh60=0xc5884aa W1=0x401,0xa6f,0x2e55 W2=0x30e,0x105f,0x3e2c
  r61_witness[07] r61=16 tail=33 gh60=0xc928f7a W1=0x759,0x27e6,0x2dd3 W2=0x666,0x2409,0x558
  r61_witness[08] r61=16 tail=34 gh60=0x3904b66 W1=0x5cc,0x2b14,0x2537 W2=0x4d9,0x2cef,0x2caf
  r61_witness[09] r61=16 tail=34 gh60=0x4a3dc9a W1=0x200a,0x3bec,0x1260 W2=0x1f17,0x1d2d,0x145
  r61_witness[10] r61=16 tail=36 gh60=0x45b8da6 W1=0x1673,0x394,0x31af W2=0x1580,0xb68,0x5ca
  r61_witness[11] r61=17 tail=23 gh60=0xf9884aa W1=0xaf1,0x4ee,0x19e7 W2=0x9fe,0xe2e,0x3e4f
  r61_witness[12] r61=17 tail=23 gh60=0xda24cea W1=0x1812,0x30ee,0x1e31 W2=0x171f,0xee,0x22dd
  r61_witness[13] r61=17 tail=26 gh60=0x560bde6 W1=0x108b,0x9e8,0xb09 W2=0xf98,0x27a0,0x2c27
  r61_witness[14] r61=17 tail=26 gh60=0x4d1fc9a W1=0x2e4a,0x1624,0x25f4 W2=0x2d57,0x30e9,0x1550
  r61_witness[15] r61=17 tail=28 gh60=0x4607ce6 W1=0xe1c,0x911,0x3528 W2=0xd29,0x1c1a,0x485

D60=0 fiber histogram: 1:7976 2:4800 3:1772 4:1105 5:418 6:235 7:80 8:80 9:21 10:19 11:8 12:9 13:5 14:4 15:1 16:1
