free_word_mitm_reducedn
N=14 mask=0x3fff msb=0x2000
candidate: M0=0x3d36 mode=random-fallback fill=0x3fff kernel=dM0=dM9=0x2000
prefixes=32768/268435456 mode=permuted-prefix-sample w59_per_prefix=16384 total=536870912
run_mode=scan registry_cap=16
sample_start=50200576
scan_elapsed=15.897s rate=33.77 Mtriples/s

D60 interface
  D60=0 matches: 32581 (random expectation 32768.0, enrichment 0.994x)
  prefixes with D60=0: 16522
  max D60=0 fiber per prefix: 21 at W57=0x33c6 W58=0x2478
  largest D60 bucket: D=0x12e2 count=33667
  min D60 HW: 0
  D60 HW histogram: 0:32581 1:459440 2:2984013 3:11939063 4:32809763 5:65598946 6:98414393 7:112475133 8:98389095 9:65579297 10:32787589 11:11926267 12:2982980 13:459464 14:32888

Tail closure among D60=0 matches
  final tail collisions: 0
  best r61 HW: 13
  best r61 W1[57..59]=0x3a51,0x1077,0xfee
  best r61 W2[57..59]=0x395e,0x1629,0x2d26
  best tail HW: 23
  best tail r61 HW: 26
  best W1[57..59]=0x32df,0x2f57,0x2778
  best W2[57..59]=0x31ec,0x1d95,0x367a

SUMMARY N=14 sample_start=50200576 prefixes=32768 total=536870912 d0=32581 best_tail=23 tail_r61=26 best_r61=13 tail_W1=0x32df,0x2f57,0x2778 tail_W2=0x31ec,0x1d95,0x367a r61_W1=0x3a51,0x1077,0xfee r61_W2=0x395e,0x1629,0x2d26

Scan-only witness registry
  registry_count=16 registry_cap=16
  witness[00] tail=23 r61=26 gh60=0xf70856e W1=0x32df,0x2f57,0x2778 W2=0x31ec,0x1d95,0x367a
  witness[01] tail=24 r61=16 gh60=0xcb38da6 W1=0x38c3,0x1df0,0x904 W2=0x37d0,0xc4,0x1724
  witness[02] tail=24 r61=21 gh60=0xc498caa W1=0x63d,0xeba,0x9ca W2=0x54a,0x15e5,0x1ff9
  witness[03] tail=24 r61=22 gh60=0xce7c4a6 W1=0x12f4,0x3348,0x31b4 W2=0x1201,0x3534,0x58b
  witness[04] tail=24 r61=24 gh60=0xf5fc566 W1=0x2acc,0x3b8d,0x5b2 W2=0x29d9,0x11e1,0x1ef1
  witness[05] tail=24 r61=25 gh60=0xd978b7e W1=0x3957,0x2d43,0x17f0 W2=0x3864,0x3366,0x3568
  witness[06] tail=25 r61=18 gh60=0xba65b66 W1=0x2164,0x3c32,0x1b3a W2=0x2071,0x3cab,0x20a1
  witness[07] tail=25 r61=18 gh60=0xbb3bf6a W1=0x2fcd,0x306c,0x3431 W2=0x2eda,0xf87,0x1e7b
  witness[08] tail=25 r61=19 gh60=0x599fca6 W1=0xf34,0x2632,0x2e88 W2=0xe41,0x55d,0x25f
  witness[09] tail=25 r61=21 gh60=0xcb8cfae W1=0x780,0x25d8,0x28a2 W2=0x68d,0x1ba0,0x15b9
  witness[10] tail=25 r61=21 gh60=0x4eebb9a W1=0x2d69,0xb6d,0x718 W2=0x2c76,0x3645,0x438
  witness[11] tail=25 r61=23 gh60=0xcaec59e W1=0x268,0x77f,0x33d6 W2=0x175,0xc4b,0x2e08
  witness[12] tail=25 r61=23 gh60=0xf9bc4be W1=0x3338,0x3420,0x33e0 W2=0x3245,0x1343,0xad
  witness[13] tail=25 r61=24 gh60=0x5ae8fa6 W1=0x773,0x2a57,0x3f0f W2=0x680,0x112b,0x178f
  witness[14] tail=25 r61=24 gh60=0xba1dce6 W1=0x3f1c,0x33be,0x64c W2=0x3e29,0x3fd3,0x161b
  witness[15] tail=25 r61=26 gh60=0xd5b849e W1=0x29e7,0x222a,0x713 W2=0x28f4,0x2e5b,0xf2f

Scan-only r61 registry
  registry_count=16 registry_cap=16
  r61_witness[00] r61=13 tail=32 gh60=0x4d0856a W1=0x3a51,0x1077,0xfee W2=0x395e,0x1629,0x2d26
  r61_witness[01] r61=14 tail=26 gh60=0x49a9ca6 W1=0x3ef3,0x15d1,0x2b7 W2=0x3e00,0x147f,0x918
  r61_witness[02] r61=14 tail=28 gh60=0xca24caa W1=0x2702,0x469,0xa36 W2=0x260f,0x83d,0x3ef8
  r61_witness[03] r61=14 tail=33 gh60=0xc90bb6a W1=0x2d51,0x3414,0x2884 W2=0x2c5e,0x2453,0x240
  r61_witness[04] r61=15 tail=27 gh60=0x4687bba W1=0x117a,0x14dd,0x28ea W2=0x1087,0x386d,0x35ca
  r61_witness[05] r61=15 tail=28 gh60=0x491c7a6 W1=0x3c4,0x1fea,0x3537 W2=0x2d1,0x94e,0x3f99
  r61_witness[06] r61=15 tail=35 gh60=0x4e187ee W1=0x3b9f,0x3f82,0x1e27 W2=0x3aac,0xa40,0x2fa6
  r61_witness[07] r61=15 tail=40 gh60=0x4709b6a W1=0x21d1,0x1902,0x3098 W2=0x20de,0x1005,0x13fc
  r61_witness[08] r61=16 tail=24 gh60=0xcb38da6 W1=0x38c3,0x1df0,0x904 W2=0x37d0,0xc4,0x1724
  r61_witness[09] r61=16 tail=27 gh60=0x4d08566 W1=0x12cb,0x1946,0x3dfd W2=0x11d8,0x3e93,0x8ed
  r61_witness[10] r61=16 tail=28 gh60=0x4a084ea W1=0x41d,0x2c89,0x2c41 W2=0x32a,0x32bf,0x163e
  r61_witness[11] r61=16 tail=30 gh60=0x4fa456a W1=0x24e2,0x2623,0x356 W2=0x23ef,0x2eea,0x2567
  r61_witness[12] r61=16 tail=30 gh60=0x4b04c9a W1=0x264a,0xc30,0xcbf W2=0x2557,0x3373,0xac
  r61_witness[13] r61=16 tail=31 gh60=0xca645aa W1=0x472,0x3200,0x2e7 W2=0x37f,0x3f1d,0x331
  r61_witness[14] r61=16 tail=31 gh60=0x44884a6 W1=0x343b,0xbad,0xa3b W2=0x3348,0x7fa,0x3496
  r61_witness[15] r61=16 tail=32 gh60=0x5d87cba W1=0xffa,0xfa1,0x2ec2 W2=0xf07,0x2091,0x295c

D60=0 fiber histogram: 1:8090 2:4715 3:1726 4:1106 5:416 6:241 7:90 8:65 9:23 10:21 11:9 12:10 13:4 14:3 16:2 21:1
