free_word_mitm_reducedn
N=14 mask=0x3fff msb=0x2000
candidate: M0=0x3d36 mode=random-fallback fill=0x3fff kernel=dM0=dM9=0x2000
prefixes=32768/268435456 mode=permuted-prefix-sample w59_per_prefix=16384 total=536870912
run_mode=scan registry_cap=16
sample_start=251527168
scan_elapsed=15.276s rate=35.14 Mtriples/s

D60 interface
  D60=0 matches: 33009 (random expectation 32768.0, enrichment 1.007x)
  prefixes with D60=0: 16595
  max D60=0 fiber per prefix: 16 at W57=0x1131 W58=0xd08
  largest D60 bucket: D=0x11cd count=33745
  min D60 HW: 0
  D60 HW histogram: 0:33009 1:457390 2:2977992 3:11924366 4:32786102 5:65586010 6:98388641 7:112482071 8:98453069 9:65606820 10:32797491 11:11915306 12:2973229 13:457051 14:32365

Tail closure among D60=0 matches
  final tail collisions: 0
  best r61 HW: 14
  best r61 W1[57..59]=0x3ac1,0x2acf,0xb10
  best r61 W2[57..59]=0x39ce,0x3757,0x11cf
  best tail HW: 21
  best tail r61 HW: 18
  best W1[57..59]=0x1ec4,0xadf,0x82c
  best W2[57..59]=0x1dd1,0x546,0x22cc

SUMMARY N=14 sample_start=251527168 prefixes=32768 total=536870912 d0=33009 best_tail=21 tail_r61=18 best_r61=14 tail_W1=0x1ec4,0xadf,0x82c tail_W2=0x1dd1,0x546,0x22cc r61_W1=0x3ac1,0x2acf,0xb10 r61_W2=0x39ce,0x3757,0x11cf

Scan-only witness registry
  registry_count=16 registry_cap=16
  witness[00] tail=21 r61=18 gh60=0xc725da6 W1=0x1ec4,0xadf,0x82c W2=0x1dd1,0x546,0x22cc
  witness[01] tail=22 r61=16 gh60=0xdb08b6a W1=0x5dd,0x2156,0x22a7 W2=0x4ea,0x173d,0x686
  witness[02] tail=23 r61=17 gh60=0xce387ee W1=0x138f,0xf21,0x72c W2=0x129c,0x1af3,0x29ec
  witness[03] tail=23 r61=19 gh60=0x57a85ba W1=0x32b5,0xfa0,0xd0f W2=0x31c2,0xab6,0x2add
  witness[04] tail=23 r61=23 gh60=0x5bbbba6 W1=0x1173,0x302d,0xd9 W2=0x1080,0x2003,0x5a8
  witness[05] tail=24 r61=19 gh60=0xba39ce6 W1=0x201b,0x322e,0x1dbe W2=0x1f28,0x1cc2,0x158
  witness[06] tail=24 r61=20 gh60=0x5b08766 W1=0x1b5b,0x26d4,0x2558 W2=0x1a68,0x1aff,0x17f1
  witness[07] tail=24 r61=21 gh60=0x5708766 W1=0x2bcb,0x3807,0x306 W2=0x2ad8,0x284a,0x1e8e
  witness[08] tail=24 r61=24 gh60=0xd8d5b9e W1=0x21a8,0x2f00,0x3abe W2=0x20b5,0x2415,0x3e40
  witness[09] tail=24 r61=24 gh60=0xd6e8cfe W1=0x3817,0x1f6e,0x188d W2=0x3724,0x3bd5,0x31bb
  witness[10] tail=25 r61=14 gh60=0x75985aa W1=0x3ac1,0x2acf,0xb10 W2=0x39ce,0x3757,0x11cf
  witness[11] tail=25 r61=20 gh60=0xde9c79a W1=0xb6a,0x26e4,0x301d W2=0xa77,0x1942,0x3eb4
  witness[12] tail=25 r61=20 gh60=0x5ee84e6 W1=0x2a13,0x3d9f,0x2799 W2=0x2920,0x2890,0x2a92
  witness[13] tail=25 r61=20 gh60=0xb98bbaa W1=0x31c1,0x1b13,0x34a7 W2=0x30ce,0x316,0x3701
  witness[14] tail=25 r61=21 gh60=0xba24cea W1=0x1912,0x2e8c,0x3f54 W2=0x181f,0x3e5c,0x3c75
  witness[15] tail=25 r61=23 gh60=0x48a47ea W1=0x3a2,0xe83,0x90f W2=0x2af,0x3ea,0x39e8

Scan-only r61 registry
  registry_count=16 registry_cap=16
  r61_witness[00] r61=14 tail=25 gh60=0x75985aa W1=0x3ac1,0x2acf,0xb10 W2=0x39ce,0x3757,0x11cf
  r61_witness[01] r61=15 tail=27 gh60=0xba085e6 W1=0x329b,0x189e,0x113c W2=0x31a8,0x3f47,0x33dd
  r61_witness[02] r61=15 tail=28 gh60=0xca84b9a W1=0x256a,0x1bbf,0x3b02 W2=0x2477,0xc96,0x3d1a
  r61_witness[03] r61=15 tail=29 gh60=0xc888caa W1=0x1941,0x2789,0x26b7 W2=0x184e,0x39b8,0x1d51
  r61_witness[04] r61=15 tail=29 gh60=0x4f89caa W1=0x3f01,0x3707,0x2cb5 W2=0x3e0e,0x3d36,0x235c
  r61_witness[05] r61=15 tail=30 gh60=0x4b8479a W1=0x3b6a,0xbc9,0x3b8f W2=0x3a77,0xe2b,0x13bf
  r61_witness[06] r61=15 tail=33 gh60=0x4e29cfa W1=0x1f19,0xc6b,0x1c0e W2=0x1e26,0x3122,0x32e9
  r61_witness[07] r61=15 tail=34 gh60=0x46185ea W1=0x48d,0xacc,0x26b2 W2=0x39a,0x17e6,0x1ee8
  r61_witness[08] r61=15 tail=34 gh60=0x4a09dea W1=0x1ea1,0x17ae,0x2a68 W2=0x1dae,0x17fd,0x2f4a
  r61_witness[09] r61=15 tail=35 gh60=0xca084e6 W1=0x3a1b,0x2709,0x320e W2=0x3928,0x3dc,0x292c
  r61_witness[10] r61=15 tail=37 gh60=0x78887a6 W1=0x23bb,0x199b,0x263a W2=0x22c8,0x560,0x1ae4
  r61_witness[11] r61=15 tail=38 gh60=0xc8844ba W1=0x3b3a,0x192c,0x18b5 W2=0x3a47,0x11e3,0x32cd
  r61_witness[12] r61=15 tail=41 gh60=0x48884aa W1=0x253d,0x3e80,0x2e84 W2=0x244a,0x5ec,0x1006
  r61_witness[13] r61=16 tail=22 gh60=0xdb08b6a W1=0x5dd,0x2156,0x22a7 W2=0x4ea,0x173d,0x686
  r61_witness[14] r61=16 tail=26 gh60=0x4a24de6 W1=0x1694,0xab5,0x2650 W2=0x15a1,0x1084,0x1420
  r61_witness[15] r61=16 tail=29 gh60=0x4a25caa W1=0x2102,0x2b3a,0x3846 W2=0x200f,0x2b8e,0x230a

D60=0 fiber histogram: 1:7941 2:4759 3:1910 4:1108 5:410 6:244 7:87 8:63 9:28 10:18 11:7 12:15 13:1 14:2 15:1 16:1
