free_word_mitm_reducedn
N=14 mask=0x3fff msb=0x2000
candidate: M0=0x3d36 mode=random-fallback fill=0x3fff kernel=dM0=dM9=0x2000
prefixes=32768/268435456 mode=permuted-prefix-sample w59_per_prefix=16384 total=536870912
run_mode=scan registry_cap=16
sample_start=201195520
scan_elapsed=15.707s rate=34.18 Mtriples/s

D60 interface
  D60=0 matches: 32877 (random expectation 32768.0, enrichment 1.003x)
  prefixes with D60=0: 16456
  max D60=0 fiber per prefix: 19 at W57=0x1151 W58=0x32c6
  largest D60 bucket: D=0x129 count=33711
  min D60 HW: 0
  D60 HW histogram: 0:32877 1:458858 2:2981215 3:11930181 4:32783985 5:65585854 6:98388449 7:112474199 8:98438278 9:65615717 10:32793384 11:11916910 12:2980384 13:458282 14:32339

Tail closure among D60=0 matches
  final tail collisions: 0
  best r61 HW: 13
  best r61 W1[57..59]=0x1dba,0x1eb7,0x3650
  best r61 W2[57..59]=0x1cc7,0x10f3,0xf8c
  best tail HW: 20
  best tail r61 HW: 20
  best W1[57..59]=0x1ca4,0x24d8,0x2ebc
  best W2[57..59]=0x1bb1,0x932,0x81a

SUMMARY N=14 sample_start=201195520 prefixes=32768 total=536870912 d0=32877 best_tail=20 tail_r61=20 best_r61=13 tail_W1=0x1ca4,0x24d8,0x2ebc tail_W2=0x1bb1,0x932,0x81a r61_W1=0x1dba,0x1eb7,0x3650 r61_W2=0x1cc7,0x10f3,0xf8c

Scan-only witness registry
  registry_count=16 registry_cap=16
  witness[00] tail=20 r61=20 gh60=0xc5bc5e6 W1=0x1ca4,0x24d8,0x2ebc W2=0x1bb1,0x932,0x81a
  witness[01] tail=23 r61=19 gh60=0x7794bae W1=0x570,0x49b,0x178c W2=0x47d,0x3d33,0x8b
  witness[02] tail=23 r61=21 gh60=0x5f08d66 W1=0x84b,0x3463,0x2ec1 W2=0x758,0x2cb5,0x12e5
  witness[03] tail=23 r61=27 gh60=0xc7f7cae W1=0x30f0,0x19cc,0x2bdf W2=0x2ffd,0x3130,0x1a90
  witness[04] tail=24 r61=26 gh60=0x5fe8566 W1=0x453,0x39f7,0x3d81 W2=0x360,0x165a,0x3817
  witness[05] tail=25 r61=16 gh60=0x590876a W1=0x1351,0x3339,0x1629 W2=0x125e,0x693,0x39a
  witness[06] tail=25 r61=17 gh60=0xc60449a W1=0xc0a,0xbc4,0x124d W2=0xb17,0x328c,0x3ac6
  witness[07] tail=25 r61=19 gh60=0xfe1bdee W1=0x2e8f,0x640,0x2eea W2=0x2d9c,0x2383,0xeb7
  witness[08] tail=25 r61=20 gh60=0x7b645ea W1=0x2a2,0x143f,0x10b W2=0x1af,0x2376,0x35c0
  witness[09] tail=25 r61=21 gh60=0xcbe456a W1=0x22d2,0xfb,0x3352 W2=0x21df,0x516,0xaeb
  witness[10] tail=25 r61=23 gh60=0xc604c9a W1=0x360a,0x1fa4,0x33cd W2=0x3517,0x196f,0x28c8
  witness[11] tail=25 r61=24 gh60=0x4bac5aa W1=0x4b2,0x2591,0x109b W2=0x3bf,0x323e,0x39a1
  witness[12] tail=25 r61=24 gh60=0x3d5c5ba W1=0x24b6,0x2eae,0x794 W2=0x23c3,0xd55,0x144b
  witness[13] tail=25 r61=24 gh60=0x3a885aa W1=0x3c71,0x22bd,0x1ef8 W2=0x3b7e,0x3265,0x15d1
  witness[14] tail=25 r61=25 gh60=0x37a84be W1=0x2cf7,0x2d96,0x1cd W2=0x2c04,0x2b38,0x241f
  witness[15] tail=26 r61=16 gh60=0xc894cae W1=0x1740,0x3d37,0x3e8 W2=0x164d,0x3987,0x90c

Scan-only r61 registry
  registry_count=16 registry_cap=16
  r61_witness[00] r61=13 tail=31 gh60=0x4985bba W1=0x1dba,0x1eb7,0x3650 W2=0x1cc7,0x10f3,0xf8c
  r61_witness[01] r61=15 tail=28 gh60=0xd9684a6 W1=0xb33,0x2782,0x1070 W2=0xa40,0x27ef,0x22da
  r61_witness[02] r61=15 tail=38 gh60=0x4928f7a W1=0x37d9,0x771,0x357e W2=0x36e6,0x178c,0x37d6
  r61_witness[03] r61=16 tail=25 gh60=0x590876a W1=0x1351,0x3339,0x1629 W2=0x125e,0x693,0x39a
  r61_witness[04] r61=16 tail=26 gh60=0xc894cae W1=0x1740,0x3d37,0x3e8 W2=0x164d,0x3987,0x90c
  r61_witness[05] r61=16 tail=29 gh60=0x4c88caa W1=0x631,0x3518,0x2948 W2=0x53e,0x3d97,0x21bf
  r61_witness[06] r61=16 tail=29 gh60=0x4ae8cfe W1=0x717,0x45,0x106e W2=0x624,0x3a9c,0xce5
  r61_witness[07] r61=16 tail=31 gh60=0xca147ee W1=0x33a0,0xfe9,0x1589 W2=0x32ad,0x18a8,0x1bc2
  r61_witness[08] r61=16 tail=34 gh60=0x7a08dee W1=0x168f,0x19ae,0x321f W2=0x159c,0x1371,0x2e2b
  r61_witness[09] r61=16 tail=34 gh60=0x46185e6 W1=0x349b,0x20fc,0xa52 W2=0x33a8,0x29a5,0xbe2
  r61_witness[10] r61=16 tail=36 gh60=0x7a18dee W1=0x389f,0x290a,0x22a W2=0x37ac,0x1db9,0x2760
  r61_witness[11] r61=16 tail=38 gh60=0x4f04766 W1=0x23dc,0x3123,0x8f8 W2=0x22e9,0x1cd1,0x1bd9
  r61_witness[12] r61=17 tail=25 gh60=0xc60449a W1=0xc0a,0xbc4,0x124d W2=0xb17,0x328c,0x3ac6
  r61_witness[13] r61=17 tail=26 gh60=0x4708d6a W1=0x36e1,0x7d1,0x2c95 W2=0x35ee,0x1a10,0x2401
  r61_witness[14] r61=17 tail=27 gh60=0x5b04f66 W1=0x174c,0x6ee,0x1e21 W2=0x1659,0x3a25,0x8a
  r61_witness[15] r61=17 tail=28 gh60=0x4b18d6a W1=0x8dd,0x27f8,0x302b W2=0x7ea,0x374f,0x2088

D60=0 fiber histogram: 1:7927 2:4691 3:1833 4:1104 5:408 6:233 7:88 8:87 9:31 10:23 11:6 12:14 13:2 14:6 15:1 16:1 19:1
