free_word_mitm_reducedn
N=14 mask=0x3fff msb=0x2000
candidate: M0=0x3d36 mode=random-fallback fill=0x3fff kernel=dM0=dM9=0x2000
prefixes=32768/268435456 mode=permuted-prefix-sample w59_per_prefix=16384 total=536870912
run_mode=scan registry_cap=16
sample_start=198901760
scan_elapsed=18.103s rate=29.66 Mtriples/s

D60 interface
  D60=0 matches: 32505 (random expectation 32768.0, enrichment 0.992x)
  prefixes with D60=0: 16555
  max D60=0 fiber per prefix: 20 at W57=0x850 W58=0x11d9
  largest D60 bucket: D=0x11b1 count=33766
  min D60 HW: 0
  D60 HW histogram: 0:32505 1:458182 2:2972225 3:11919331 4:32813631 5:65664011 6:98475703 7:112507818 8:98423659 9:65535265 10:32737446 11:11878807 12:2965249 13:454830 14:32250

Tail closure among D60=0 matches
  final tail collisions: 0
  best r61 HW: 14
  best r61 W1[57..59]=0x19fb,0x2fc5,0x1a32
  best r61 W2[57..59]=0x1908,0xa90,0x950
  best tail HW: 21
  best tail r61 HW: 22
  best W1[57..59]=0x3bff,0x3955,0x1e15
  best W2[57..59]=0x3b0c,0x37e5,0x4ee

SUMMARY N=14 sample_start=198901760 prefixes=32768 total=536870912 d0=32505 best_tail=21 tail_r61=22 best_r61=14 tail_W1=0x3bff,0x3955,0x1e15 tail_W2=0x3b0c,0x37e5,0x4ee r61_W1=0x19fb,0x2fc5,0x1a32 r61_W2=0x1908,0xa90,0x950

Scan-only witness registry
  registry_count=16 registry_cap=16
  witness[00] tail=21 r61=22 gh60=0xcdb84ae W1=0x3bff,0x3955,0x1e15 W2=0x3b0c,0x37e5,0x4ee
  witness[01] tail=22 r61=28 gh60=0xfef9cbe W1=0x3ff7,0x33c1,0x3cd7 W2=0x3f04,0xa0,0x1889
  witness[02] tail=23 r61=21 gh60=0x7e18fea W1=0x279d,0x8c6,0x21 W2=0x26aa,0x3445,0x1c3
  witness[03] tail=24 r61=19 gh60=0xc8a84ba W1=0xb39,0x32d7,0x2c57 W2=0xa46,0x1b95,0x3fa5
  witness[04] tail=24 r61=19 gh60=0xc799b66 W1=0x1de3,0x2128,0xc92 W2=0x1cf0,0x2ba8,0xfb8
  witness[05] tail=24 r61=23 gh60=0xcef44ee W1=0xb10,0x14ea,0xb49 W2=0xa1d,0x611,0x82e
  witness[06] tail=24 r61=24 gh60=0x4a68c9e W1=0x5e7,0x33e8,0x319e W2=0x4f4,0x352,0x2d83
  witness[07] tail=25 r61=23 gh60=0x59944ae W1=0x24f0,0x2bf2,0x3ff5 W2=0x23fd,0x1b13,0x3097
  witness[08] tail=25 r61=25 gh60=0xc68cca6 W1=0x18fc,0x1f60,0x31a5 W2=0x1809,0x19ed,0x1e1c
  witness[09] tail=25 r61=27 gh60=0xda2c59e W1=0x3a88,0x2c5d,0x1ad W2=0x3995,0xe5,0x128
  witness[10] tail=26 r61=19 gh60=0xca687be W1=0x1377,0x1c61,0x2d8e W2=0x1284,0x27a7,0x1044
  witness[11] tail=26 r61=20 gh60=0x4724566 W1=0x4d4,0xb7c,0x29ec W2=0x3e1,0x1bb8,0x674
  witness[12] tail=26 r61=21 gh60=0xd5d459a W1=0x3aa6,0x2a87,0x3bdc W2=0x39b3,0x1641,0x10bc
  witness[13] tail=26 r61=22 gh60=0x4d6bd9a W1=0x30a9,0x2a0f,0x2cfa W2=0x2fb6,0x3277,0x1071
  witness[14] tail=26 r61=23 gh60=0xdb08766 W1=0xbcb,0x266c,0x966 W2=0xad8,0xca7,0x2e03
  witness[15] tail=26 r61=23 gh60=0x4b9cca6 W1=0x282c,0x2ae8,0x2348 W2=0x2739,0x2505,0x26df

Scan-only r61 registry
  registry_count=16 registry_cap=16
  r61_witness[00] r61=14 tail=29 gh60=0x4884ba6 W1=0x15bc,0x1557,0x388e W2=0x14c9,0x2d0c,0x2ba2
  r61_witness[01] r61=14 tail=37 gh60=0x3a045e6 W1=0x248c,0x37b,0x127d W2=0x2399,0x3a35,0x3fa1
  r61_witness[02] r61=14 tail=39 gh60=0xca884a6 W1=0x19fb,0x2fc5,0x1a32 W2=0x1908,0xa90,0x950
  r61_witness[03] r61=15 tail=29 gh60=0x4708f6e W1=0x17cf,0x3c07,0x1938 W2=0x16dc,0x34a,0x2752
  r61_witness[04] r61=16 tail=27 gh60=0x460dce6 W1=0x1e0c,0x3b2a,0x244 W2=0x1d19,0x1b3f,0x11fa
  r61_witness[05] r61=16 tail=29 gh60=0x4a79dea W1=0x20a1,0x490,0x1f45 W2=0x1fae,0x3edf,0x18fc
  r61_witness[06] r61=16 tail=30 gh60=0x455449a W1=0xc26,0xec9,0x1ae2 W2=0xb33,0x3517,0x33e9
  r61_witness[07] r61=16 tail=30 gh60=0xc4985ae W1=0x1cbf,0x3613,0x3098 W2=0x1bcc,0x2a3b,0x3146
  r61_witness[08] r61=16 tail=30 gh60=0x7a38dea W1=0x288d,0x1ec,0xf52 W2=0x279a,0xac7,0x3669
  r61_witness[09] r61=16 tail=32 gh60=0xc6785e6 W1=0x1c9b,0x1503,0x6ab W2=0x1ba8,0x1dae,0x343e
  r61_witness[10] r61=16 tail=44 gh60=0x4a0bdea W1=0xea1,0x212d,0x18d5 W2=0xdae,0x1478,0x2cb0
  r61_witness[11] r61=17 tail=28 gh60=0xcd08d66 W1=0x16cb,0x3a86,0x8e4 W2=0x15d8,0x2454,0x2659
  r61_witness[12] r61=17 tail=28 gh60=0x4664ce6 W1=0x1914,0x36b9,0x3163 W2=0x1821,0xef0,0xe03
  r61_witness[13] r61=17 tail=28 gh60=0x4609fea W1=0x1fa1,0x3e76,0x29b8 W2=0x1eae,0x3cf5,0xfe6
  r61_witness[14] r61=17 tail=28 gh60=0xca7bcaa W1=0x3101,0x4e4,0x10f1 W2=0x300e,0x381b,0xf13
  r61_witness[15] r61=17 tail=28 gh60=0x4f08b6a W1=0x3951,0x26cc,0x3f98 W2=0x385e,0x2ccf,0x2fb5

D60=0 fiber histogram: 1:8129 2:4677 3:1762 4:1143 5:406 6:240 7:71 8:63 9:21 10:22 11:5 12:5 13:2 14:3 15:1 16:2 17:2 20:1
