free_word_mitm_reducedn
N=14 mask=0x3fff msb=0x2000
candidate: M0=0x3d36 mode=random-fallback fill=0x3fff kernel=dM0=dM9=0x2000
prefixes=32768/268435456 mode=permuted-prefix-sample w59_per_prefix=16384 total=536870912
run_mode=scan registry_cap=16
sample_start=81461248
scan_elapsed=17.302s rate=31.03 Mtriples/s

D60 interface
  D60=0 matches: 33082 (random expectation 32768.0, enrichment 1.010x)
  prefixes with D60=0: 16642
  max D60=0 fiber per prefix: 20 at W57=0x197 W58=0xebc
  largest D60 bucket: D=0xe19 count=33856
  min D60 HW: 0
  D60 HW histogram: 0:33082 1:458313 2:2977152 3:11925181 4:32821566 5:65674681 6:98491069 7:112509430 8:98373717 9:65524287 10:32736047 11:11889795 12:2969043 13:455357 14:32192

Tail closure among D60=0 matches
  final tail collisions: 0
  best r61 HW: 13
  best r61 W1[57..59]=0x3e8b,0x3a8c,0x1d6c
  best r61 W2[57..59]=0x3d98,0x12c8,0x3268
  best tail HW: 21
  best tail r61 HW: 21
  best W1[57..59]=0x3704,0x1771,0xfd7
  best W2[57..59]=0x3611,0x142e,0x220c

SUMMARY N=14 sample_start=81461248 prefixes=32768 total=536870912 d0=33082 best_tail=21 tail_r61=21 best_r61=13 tail_W1=0x3704,0x1771,0xfd7 tail_W2=0x3611,0x142e,0x220c r61_W1=0x3e8b,0x3a8c,0x1d6c r61_W2=0x3d98,0x12c8,0x3268

Scan-only witness registry
  registry_count=16 registry_cap=16
  witness[00] tail=21 r61=21 gh60=0xde7cca6 W1=0x3704,0x1771,0xfd7 W2=0x3611,0x142e,0x220c
  witness[01] tail=23 r61=22 gh60=0x45afc9e W1=0xe28,0x2abb,0x3a94 W2=0xd35,0x1d2c,0x212
  witness[02] tail=24 r61=16 gh60=0x5d0bd6a W1=0x2e4d,0x3f8a,0x123 W2=0x2d5a,0x75,0x3b69
  witness[03] tail=24 r61=17 gh60=0x4a084ea W1=0xd0d,0x3bd5,0x2e6c W2=0xc1a,0x3e47,0x1004
  witness[04] tail=24 r61=18 gh60=0x4b0856e W1=0x22cf,0xbf7,0x3579 W2=0x21dc,0x344d,0x1744
  witness[05] tail=24 r61=20 gh60=0x5a784ee W1=0xb1f,0x27ff,0x3841 W2=0xa2c,0x609,0x2fec
  witness[06] tail=24 r61=21 gh60=0x5b1879a W1=0x13c5,0x128,0x3df4 W2=0x12d2,0x34d,0x37f0
  witness[07] tail=24 r61=21 gh60=0x4904b66 W1=0x294c,0x3eea,0x1f7d W2=0x2859,0x3cc5,0x2544
  witness[08] tail=24 r61=21 gh60=0xca184ee W1=0x2b0f,0x152a,0x324c W2=0x2a1c,0x3440,0x228b
  witness[09] tail=24 r61=21 gh60=0xca77fee W1=0x2f90,0x12bd,0x2c88 W2=0x2e9d,0x3e91,0xef0
  witness[10] tail=24 r61=22 gh60=0x789dfe6 W1=0x1fa4,0x3e9,0x12a7 W2=0x1eb1,0x29d6,0xed7
  witness[11] tail=24 r61=29 gh60=0xf6b85a6 W1=0x227b,0x345f,0x2fb3 W2=0x2188,0xa14,0x348
  witness[12] tail=25 r61=18 gh60=0x4de85be W1=0x12b7,0xdc3,0x2f2d W2=0x11c4,0x22fd,0x359e
  witness[13] tail=25 r61=18 gh60=0x4a28cfe W1=0x2617,0x14a4,0x600 W2=0x2524,0x230b,0x1d5b
  witness[14] tail=25 r61=22 gh60=0x5c99caa W1=0x3e41,0x14d8,0xcb5 W2=0x3d4e,0x1acb,0x1d57
  witness[15] tail=25 r61=24 gh60=0x46284a6 W1=0xc03,0xbad,0xbe6 W2=0xb10,0x1baa,0x14a5

Scan-only r61 registry
  registry_count=16 registry_cap=16
  r61_witness[00] r61=13 tail=31 gh60=0x4619de6 W1=0x3e8b,0x3a8c,0x1d6c W2=0x3d98,0x12c8,0x3268
  r61_witness[01] r61=14 tail=26 gh60=0x4ea4d6a W1=0x1862,0x1566,0xc40 W2=0x176f,0x35ca,0x909
  r61_witness[02] r61=14 tail=32 gh60=0x58a84be W1=0x3337,0xeda,0x3ef3 W2=0x3244,0x1dfc,0x3b23
  r61_witness[03] r61=15 tail=33 gh60=0xce184ea W1=0x1321,0x1d0b,0x7d1 W2=0x122e,0x35b1,0x282
  r61_witness[04] r61=15 tail=35 gh60=0x4a185ee W1=0x2c8f,0x1a66,0x2170 W2=0x2b9c,0x3f24,0x3fcf
  r61_witness[05] r61=16 tail=24 gh60=0x5d0bd6a W1=0x2e4d,0x3f8a,0x123 W2=0x2d5a,0x75,0x3b69
  r61_witness[06] r61=16 tail=26 gh60=0x78987aa W1=0x33bd,0x38b8,0x24a6 W2=0x32ca,0x38fc,0x1df9
  r61_witness[07] r61=16 tail=27 gh60=0x4b28b7a W1=0x559,0x3b7b,0x2da3 W2=0x466,0x39be,0x3f31
  r61_witness[08] r61=16 tail=30 gh60=0x4a087e6 W1=0x2b8b,0x18e5,0x2721 W2=0x2a98,0x1b0,0x11bf
  r61_witness[09] r61=16 tail=31 gh60=0xcd08566 W1=0x32cb,0x27bf,0x38ae W2=0x31d8,0x704,0x41f
  r61_witness[10] r61=16 tail=34 gh60=0x488c4aa W1=0x2d2e,0x97c,0x294c W2=0x2c3b,0xd7d,0x3ded
  r61_witness[11] r61=16 tail=34 gh60=0xc8887ae W1=0x33af,0xb6d,0x2a56 W2=0x32bc,0x14c5,0x24e1
  r61_witness[12] r61=16 tail=36 gh60=0x490876e W1=0x135f,0x3cf3,0x1154 W2=0x126c,0x3f21,0x2aa3
  r61_witness[13] r61=16 tail=39 gh60=0xc8984a6 W1=0x533,0x2f01,0x2f5b W2=0x440,0xb6c,0x1cbd
  r61_witness[14] r61=17 tail=24 gh60=0x4a084ea W1=0xd0d,0x3bd5,0x2e6c W2=0xc1a,0x3e47,0x1004
  r61_witness[15] r61=17 tail=27 gh60=0x4b1856a W1=0xce1,0xc75,0x1b57 W2=0xbee,0xf8f,0x1a25

D60=0 fiber histogram: 1:8036 2:4762 3:1820 4:1133 5:420 6:233 7:83 8:78 9:26 10:21 11:8 12:12 13:3 14:2 15:1 16:2 17:1 20:1
