free_word_mitm_reducedn
N=14 mask=0x3fff msb=0x2000
candidate: M0=0x3d36 mode=random-fallback fill=0x3fff kernel=dM0=dM9=0x2000
prefixes=32768/268435456 mode=permuted-prefix-sample w59_per_prefix=16384 total=536870912
run_mode=scan registry_cap=16
sample_start=115015680
scan_elapsed=18.162s rate=29.56 Mtriples/s

D60 interface
  D60=0 matches: 32804 (random expectation 32768.0, enrichment 1.001x)
  prefixes with D60=0: 16498
  max D60=0 fiber per prefix: 18 at W57=0xee5 W58=0x3ffb
  largest D60 bucket: D=0xc9c count=33782
  min D60 HW: 0
  D60 HW histogram: 0:32804 1:460061 2:2982393 3:11924810 4:32800656 5:65624340 6:98440159 7:112503686 8:98411974 9:65566421 10:32760432 11:11902093 12:2972058 13:456398 14:32627

Tail closure among D60=0 matches
  final tail collisions: 0
  best r61 HW: 13
  best r61 W1[57..59]=0x1e9f,0x34b3,0x21b2
  best r61 W2[57..59]=0x1dac,0x1ce2,0x3c5c
  best tail HW: 22
  best tail r61 HW: 19
  best W1[57..59]=0xd21,0x37f1,0x156d
  best W2[57..59]=0xc2e,0x3b9b,0x36a4

SUMMARY N=14 sample_start=115015680 prefixes=32768 total=536870912 d0=32804 best_tail=22 tail_r61=19 best_r61=13 tail_W1=0xd21,0x37f1,0x156d tail_W2=0xc2e,0x3b9b,0x36a4 r61_W1=0x1e9f,0x34b3,0x21b2 r61_W2=0x1dac,0x1ce2,0x3c5c

Scan-only witness registry
  registry_count=16 registry_cap=16
  witness[00] tail=22 r61=19 gh60=0xd918b6e W1=0x95f,0xb32,0x191e W2=0x86c,0x545,0x35a7
  witness[01] tail=22 r61=19 gh60=0xfa084ea W1=0xd21,0x37f1,0x156d W2=0xc2e,0x3b9b,0x36a4
  witness[02] tail=22 r61=20 gh60=0x46944aa W1=0x23ee,0x1e44,0xcf2 W2=0x22fb,0x2585,0x1cb4
  witness[03] tail=23 r61=20 gh60=0xd50459a W1=0x3aca,0x2b82,0x2d30 W2=0x39d7,0x276a,0x20c5
  witness[04] tail=24 r61=24 gh60=0xc75cc9a W1=0x2946,0x7ef,0x2892 W2=0x2853,0x293e,0x148a
  witness[05] tail=24 r61=26 gh60=0x472cb7e W1=0x958,0x3682,0x2dfd W2=0x865,0x2ba6,0x2fa2
  witness[06] tail=25 r61=16 gh60=0x56685ba W1=0xa75,0x8fc,0xd4a W2=0x982,0x3622,0x3ec4
  witness[07] tail=25 r61=18 gh60=0xda1849a W1=0xd05,0x1970,0x462 W2=0xc12,0x3f,0x271d
  witness[08] tail=25 r61=18 gh60=0x4a08dea W1=0x16a1,0x6cf,0x6d1 W2=0x15ae,0x199e,0x56b
  witness[09] tail=25 r61=18 gh60=0x4589da6 W1=0x1e6b,0x6af,0x2e2c W2=0x1d78,0x20f5,0x2a93
  witness[10] tail=25 r61=19 gh60=0x5b1bd66 W1=0x30d3,0x11db,0x1a04 W2=0x2fe0,0x1497,0x2622
  witness[11] tail=25 r61=20 gh60=0x4b3856e W1=0x32df,0x1ff0,0x37b6 W2=0x31ec,0xe2e,0x1f9
  witness[12] tail=25 r61=22 gh60=0x5b08d66 W1=0x284b,0x36dc,0x230f W2=0x2758,0x2726,0x2eb0
  witness[13] tail=25 r61=23 gh60=0xcb1c4a6 W1=0xa44,0x2495,0x370e W2=0x951,0x2213,0x3630
  witness[14] tail=25 r61=25 gh60=0x47b8fe6 W1=0x27a3,0xb97,0x2ee0 W2=0x26b0,0x2f05,0x1017
  witness[15] tail=25 r61=25 gh60=0xce8fca6 W1=0x2eec,0x12b5,0x1d56 W2=0x2df9,0xbd4,0x2e3f

Scan-only r61 registry
  registry_count=16 registry_cap=16
  r61_witness[00] r61=13 tail=28 gh60=0x3a09dee W1=0x1e9f,0x34b3,0x21b2 W2=0x1dac,0x1ce2,0x3c5c
  r61_witness[01] r61=14 tail=26 gh60=0xdb28ba6 W1=0x29c3,0x31b3,0x29db W2=0x28d0,0x35a7,0xb02
  r61_witness[02] r61=15 tail=27 gh60=0x4b8bdaa W1=0x1081,0x1fcd,0xd4c W2=0xf8e,0xd2c,0x1543
  r61_witness[03] r61=15 tail=30 gh60=0x588ccba W1=0x173a,0x12ff,0x3261 W2=0x1647,0x6b7,0x2b4e
  r61_witness[04] r61=15 tail=31 gh60=0x48884ae W1=0x52f,0x17af,0x3542 W2=0x43c,0x344f,0x1d59
  r61_witness[05] r61=15 tail=32 gh60=0x4b1856a W1=0xc51,0x285f,0x6aa W2=0xb5e,0x2275,0x5c0
  r61_witness[06] r61=15 tail=33 gh60=0x46184e6 W1=0x2c13,0x681,0x1414 W2=0x2b20,0x1372,0xddd
  r61_witness[07] r61=15 tail=33 gh60=0x5914b6e W1=0x35e0,0x145c,0x1de1 W2=0x34ed,0x1a6c,0x1d26
  r61_witness[08] r61=15 tail=34 gh60=0x4ab879a W1=0xb65,0x3a4c,0x1fbc W2=0xa72,0x2ca1,0x3b1e
  r61_witness[09] r61=15 tail=36 gh60=0x4a38dea W1=0x16a1,0xaba,0x31ee W2=0x15ae,0x1d89,0x1088
  r61_witness[10] r61=15 tail=38 gh60=0xca04cfa W1=0x71a,0x1627,0xfef W2=0x627,0x3c63,0x2d42
  r61_witness[11] r61=16 tail=25 gh60=0x56685ba W1=0xa75,0x8fc,0xd4a W2=0x982,0x3622,0x3ec4
  r61_witness[12] r61=16 tail=27 gh60=0x4509d6a W1=0x3e61,0x16c0,0x3941 W2=0x3d6e,0x12a3,0x1ce1
  r61_witness[13] r61=16 tail=28 gh60=0xfe99daa W1=0x81,0x3cdd,0x149e W2=0x3f8e,0x3934,0x3b86
  r61_witness[14] r61=16 tail=29 gh60=0xc508d6e W1=0x16df,0x2aa2,0x17d5 W2=0x15ec,0x24e9,0x3a5c
  r61_witness[15] r61=16 tail=32 gh60=0x4694baa W1=0x296e,0x3027,0x209 W2=0x287b,0x2cff,0x15bf

D60=0 fiber histogram: 1:7914 2:4763 3:1896 4:1049 5:396 6:233 7:94 8:76 9:24 10:21 11:11 12:7 13:4 14:3 15:3 16:3 18:1
