free_word_mitm_reducedn
N=14 mask=0x3fff msb=0x2000
candidate: M0=0x3d36 mode=random-fallback fill=0x3fff kernel=dM0=dM9=0x2000
prefixes=32768/268435456 mode=permuted-prefix-sample w59_per_prefix=16384 total=536870912
run_mode=scan registry_cap=16
sample_start=98828288
scan_elapsed=15.351s rate=34.97 Mtriples/s

D60 interface
  D60=0 matches: 32679 (random expectation 32768.0, enrichment 0.997x)
  prefixes with D60=0: 16474
  max D60=0 fiber per prefix: 20 at W57=0xcd W58=0x2904
  largest D60 bucket: D=0x2a41 count=33874
  min D60 HW: 0
  D60 HW histogram: 0:32679 1:457387 2:2978726 3:11922200 4:32795362 5:65637558 6:98460130 7:112507912 8:98421788 9:65540495 10:32747518 11:11902661 12:2976276 13:457443 14:32777

Tail closure among D60=0 matches
  final tail collisions: 0
  best r61 HW: 14
  best r61 W1[57..59]=0x1c1b,0x10d5,0x3b24
  best r61 W2[57..59]=0x1b28,0x11a8,0xe1a
  best tail HW: 20
  best tail r61 HW: 27
  best W1[57..59]=0x214,0x35f,0x25e
  best W2[57..59]=0x121,0x243,0xc02

SUMMARY N=14 sample_start=98828288 prefixes=32768 total=536870912 d0=32679 best_tail=20 tail_r61=27 best_r61=14 tail_W1=0x214,0x35f,0x25e tail_W2=0x121,0x243,0xc02 r61_W1=0x1c1b,0x10d5,0x3b24 r61_W2=0x1b28,0x11a8,0xe1a

Scan-only witness registry
  registry_count=16 registry_cap=16
  witness[00] tail=20 r61=21 gh60=0xd989ca6 W1=0x212b,0x24c9,0x2b92 W2=0x2038,0x1ce3,0x36a9
  witness[01] tail=20 r61=27 gh60=0xfe3c4e6 W1=0x214,0x35f,0x25e W2=0x121,0x243,0xc02
  witness[02] tail=22 r61=19 gh60=0x38884a6 W1=0x3b3b,0x2a83,0xd99 W2=0x3a48,0x1ace,0x1e52
  witness[03] tail=23 r61=21 gh60=0xdb1db66 W1=0x3d4c,0x318a,0x2d0b W2=0x3c59,0x3deb,0x1b31
  witness[04] tail=23 r61=22 gh60=0xca6c4be W1=0x19f8,0x155b,0x3378 W2=0x1905,0x207a,0x3625
  witness[05] tail=23 r61=23 gh60=0xc9dcc9e W1=0x1808,0x25c7,0xe08 W2=0x1715,0x2f76,0x3fbf
  witness[06] tail=23 r61=25 gh60=0x7a284e6 W1=0xd13,0x25af,0x15e4 W2=0xc20,0x90,0x2e47
  witness[07] tail=23 r61=25 gh60=0xc4984aa W1=0x142d,0x2fe5,0x312f W2=0x133a,0x7a1,0x1a14
  witness[08] tail=24 r61=18 gh60=0x388cba6 W1=0x5ac,0x2452,0x1ae7 W2=0x4b9,0x2c17,0x8cb
  witness[09] tail=24 r61=19 gh60=0x5f18566 W1=0x1453,0x3874,0x17b4 W2=0x1360,0x17cb,0xbfb
  witness[10] tail=24 r61=19 gh60=0xce1bcea W1=0x3121,0x2196,0x28cd W2=0x302e,0x18b9,0x3069
  witness[11] tail=25 r61=15 gh60=0x4a0fce6 W1=0x2e0c,0x1138,0x1f70 W2=0x2d19,0x1e49,0x38aa
  witness[12] tail=25 r61=18 gh60=0x5e3ccfe W1=0x3918,0x32f4,0x1da4 W2=0x3825,0xb5c,0x38c1
  witness[13] tail=25 r61=20 gh60=0xca245e6 W1=0xc94,0x1857,0xcbd W2=0xba1,0x2f21,0x2957
  witness[14] tail=25 r61=20 gh60=0xdb69b9a W1=0x3dc5,0x1811,0x26a7 W2=0x3cd2,0x571,0x20f7
  witness[15] tail=25 r61=21 gh60=0x4d0fd6a W1=0x2ede,0x45e,0xc28 W2=0x2deb,0x351e,0x1ce0

Scan-only r61 registry
  registry_count=16 registry_cap=16
  r61_witness[00] r61=14 tail=31 gh60=0xc6084e6 W1=0x1c1b,0x10d5,0x3b24 W2=0x1b28,0x11a8,0xe1a
  r61_witness[01] r61=15 tail=25 gh60=0x4a0fce6 W1=0x2e0c,0x1138,0x1f70 W2=0x2d19,0x1e49,0x38aa
  r61_witness[02] r61=15 tail=29 gh60=0x4b0bd6a W1=0x2e4d,0x67e,0x2dcf W2=0x2d5a,0x769,0x3b89
  r61_witness[03] r61=15 tail=31 gh60=0x49884a6 W1=0x32b,0x2b1d,0x35da W2=0x238,0x97a,0x397
  r61_witness[04] r61=15 tail=32 gh60=0xc628fe6 W1=0x793,0x1ba2,0xc3b W2=0x6a0,0x7c,0x1be6
  r61_witness[05] r61=15 tail=37 gh60=0xc90876a W1=0x33e1,0x24a7,0x3c47 W2=0x32ee,0x38f5,0x13e4
  r61_witness[06] r61=16 tail=28 gh60=0x4508d6a W1=0x365d,0x20ff,0x254d W2=0x356a,0x3b62,0x20cb
  r61_witness[07] r61=16 tail=29 gh60=0x460fbee W1=0x1190,0x1c1a,0x17c0 W2=0x109d,0x3ba6,0x1968
  r61_witness[08] r61=16 tail=29 gh60=0xcf88faa W1=0x276d,0x1508,0x2f45 W2=0x267a,0x38b,0x29f0
  r61_witness[09] r61=16 tail=30 gh60=0x452fd7a W1=0x2e56,0x3ad7,0xaca W2=0x2d63,0xb47,0x1383
  r61_witness[10] r61=16 tail=30 gh60=0x451849a W1=0x3445,0x548,0x19bd W2=0x3352,0x3b55,0x3c5d
  r61_witness[11] r61=16 tail=30 gh60=0xcc8dda6 W1=0x3eac,0x111d,0x2b93 W2=0x3db9,0x2ae0,0xb8
  r61_witness[12] r61=16 tail=31 gh60=0x490c76a W1=0x1b4e,0xecb,0x2aa0 W2=0x1a5b,0x2826,0xc38
  r61_witness[13] r61=16 tail=33 gh60=0xcb04c9a W1=0x84a,0x25fc,0x30e5 W2=0x757,0x947,0x5ae
  r61_witness[14] r61=16 tail=33 gh60=0x4a0bcea W1=0x101d,0x164a,0x3e94 W2=0xf2a,0x381,0x14e8
  r61_witness[15] r61=16 tail=33 gh60=0x4a0db9a W1=0x3d8a,0x1172,0xaf1 W2=0x3c97,0x3f8b,0x3bf5

D60=0 fiber histogram: 1:7992 2:4748 3:1665 4:1160 5:442 6:230 7:102 8:64 9:36 10:14 11:7 12:5 13:3 14:1 15:1 16:1 17:1 18:1 20:1
