free_word_mitm_reducedn
N=14 mask=0x3fff msb=0x2000
candidate: M0=0x3d36 mode=random-fallback fill=0x3fff kernel=dM0=dM9=0x2000
prefixes=32768/268435456 mode=permuted-prefix-sample w59_per_prefix=16384 total=536870912
run_mode=scan registry_cap=16
sample_start=157548544
scan_elapsed=15.639s rate=34.33 Mtriples/s

D60 interface
  D60=0 matches: 33065 (random expectation 32768.0, enrichment 1.009x)
  prefixes with D60=0: 16718
  max D60=0 fiber per prefix: 16 at W57=0x3351 W58=0x3aa6
  largest D60 bucket: D=0x905 count=33865
  min D60 HW: 0
  D60 HW histogram: 0:33065 1:459266 2:2979084 3:11923352 4:32810633 5:65614574 6:98434128 7:112511125 8:98427046 9:65570885 10:32758957 11:11891871 12:2968386 13:456244 14:32296

Tail closure among D60=0 matches
  final tail collisions: 0
  best r61 HW: 13
  best r61 W1[57..59]=0x984,0x2ad6,0x30fe
  best r61 W2[57..59]=0x891,0x2f4b,0x272c
  best tail HW: 20
  best tail r61 HW: 25
  best W1[57..59]=0x1ad3,0x26c5,0x19a1
  best W2[57..59]=0x19e0,0x2e22,0x1417

SUMMARY N=14 sample_start=157548544 prefixes=32768 total=536870912 d0=33065 best_tail=20 tail_r61=25 best_r61=13 tail_W1=0x1ad3,0x26c5,0x19a1 tail_W2=0x19e0,0x2e22,0x1417 r61_W1=0x984,0x2ad6,0x30fe r61_W2=0x891,0x2f4b,0x272c

Scan-only witness registry
  registry_count=16 registry_cap=16
  witness[00] tail=20 r61=25 gh60=0x5538566 W1=0x1ad3,0x26c5,0x19a1 W2=0x19e0,0x2e22,0x1417
  witness[01] tail=22 r61=17 gh60=0xca2859a W1=0x2c89,0x2474,0x247a W2=0x2b96,0x36f,0x1a3a
  witness[02] tail=22 r61=21 gh60=0xcb99daa W1=0x6d,0x2db5,0x154b W2=0x3f7a,0x3a1c,0x2cf0
  witness[03] tail=23 r61=19 gh60=0xc934f6a W1=0x175e,0x3cee,0x1744 W2=0x166b,0x10fe,0x2ba8
  witness[04] tail=23 r61=22 gh60=0xc5dbf9a W1=0xf89,0x290c,0x152e W2=0xe96,0x19e4,0x27f7
  witness[05] tail=23 r61=22 gh60=0xbbfbcfa W1=0x1019,0x3cf8,0x107e W2=0xf26,0xa07,0x1344
  witness[06] tail=23 r61=24 gh60=0x37e879e W1=0x1367,0x2c76,0x295e W2=0x1274,0x36cd,0x20b8
  witness[07] tail=23 r61=24 gh60=0xde99bba W1=0x1d75,0x2f97,0x28b9 W2=0x1c82,0x221a,0x1f19
  witness[08] tail=23 r61=24 gh60=0xcce7dea W1=0x2ea2,0x31f5,0x2ea9 W2=0x2daf,0x2eed,0x3478
  witness[09] tail=23 r61=27 gh60=0x765c49e W1=0x2b08,0x3159,0x213 W2=0x2a15,0x1c5,0x3350
  witness[10] tail=24 r61=21 gh60=0xded7d9e W1=0xe88,0x3513,0x1a65 W2=0xd95,0x2c1c,0x28cb
  witness[11] tail=24 r61=21 gh60=0xc637cfa W1=0x1116,0x25de,0x278c W2=0x1023,0x32ee,0x748
  witness[12] tail=24 r61=22 gh60=0x4a08ce6 W1=0x61b,0x6cb,0x26b W2=0x528,0x14e1,0x2a1d
  witness[13] tail=24 r61=22 gh60=0x4a5bcfe W1=0x3117,0x1d88,0x1992 W2=0x3024,0x45f,0x1b37
  witness[14] tail=24 r61=22 gh60=0xcabc49e W1=0x3be8,0x2ce4,0x13ac W2=0x3af5,0x3b92,0x13fa
  witness[15] tail=24 r61=24 gh60=0xf6fc5a6 W1=0x1284,0x3a92,0x14f W2=0x1191,0x3f66,0x37c8

Scan-only r61 registry
  registry_count=16 registry_cap=16
  r61_witness[00] r61=13 tail=25 gh60=0x4624ba6 W1=0x984,0x2ad6,0x30fe W2=0x891,0x2f4b,0x272c
  r61_witness[01] r61=13 tail=27 gh60=0xca34dfa W1=0x696,0x14d1,0x145f W2=0x5a3,0x3731,0x3a47
  r61_witness[02] r61=14 tail=29 gh60=0x76084ee W1=0x3b1f,0x39d8,0x100 W2=0x3a2c,0x2ade,0x32d4
  r61_witness[03] r61=14 tail=39 gh60=0xc90477a W1=0x335a,0x32ea,0x1495 W2=0x3267,0x33c3,0x1012
  r61_witness[04] r61=15 tail=25 gh60=0x54f45aa W1=0x2be,0x3838,0x2cb4 W2=0x1cb,0x3351,0x3c11
  r61_witness[05] r61=15 tail=28 gh60=0x44884aa W1=0x142d,0x19d0,0x1c4b W2=0x133a,0x318c,0x3f35
  r61_witness[06] r61=15 tail=29 gh60=0x5a1bdea W1=0xe9d,0x3af9,0x2077 W2=0xdaa,0x3e40,0x34ae
  r61_witness[07] r61=15 tail=29 gh60=0x4a085e6 W1=0x328b,0xd4c,0x1d08 W2=0x3198,0x3509,0xfd2
  r61_witness[08] r61=15 tail=30 gh60=0x5e0c4ea W1=0x2d1e,0x2591,0x34f3 W2=0x2c2b,0x2f0c,0x1729
  r61_witness[09] r61=15 tail=33 gh60=0x491476a W1=0x1b5e,0x5aa,0x19f4 W2=0x1a6b,0x1df9,0x1c1b
  r61_witness[10] r61=15 tail=37 gh60=0x46084e6 W1=0x1c0b,0x220b,0x20c1 W2=0x1b18,0x23f2,0x3223
  r61_witness[11] r61=16 tail=26 gh60=0x5a884aa W1=0x2bed,0x6d1,0x2026 W2=0x2afa,0xb8d,0xa2
  r61_witness[12] r61=16 tail=27 gh60=0x4889faa W1=0x3fc1,0x3f32,0x24ac W2=0x3ece,0x3b3d,0x21b8
  r61_witness[13] r61=16 tail=30 gh60=0xca0449a W1=0x50a,0x1f3,0xaa4 W2=0x417,0x2879,0x260f
  r61_witness[14] r61=16 tail=31 gh60=0x4924caa W1=0x3742,0x244d,0x1da2 W2=0x364f,0x38a1,0x1caa
  r61_witness[15] r61=16 tail=32 gh60=0x4608cea W1=0x3711,0x3d1,0x1c30 W2=0x361e,0x198c,0x2aaa

D60=0 fiber histogram: 1:8132 2:4708 3:1883 4:1069 5:468 6:237 7:83 8:75 9:25 10:22 11:5 12:5 13:1 14:2 16:3
