free_word_mitm_reducedn
N=14 mask=0x3fff msb=0x2000
candidate: M0=0x3d36 mode=random-fallback fill=0x3fff kernel=dM0=dM9=0x2000
prefixes=32768/268435456 mode=permuted-prefix-sample w59_per_prefix=16384 total=536870912
run_mode=scan registry_cap=16
sample_start=241434624
scan_elapsed=15.632s rate=34.34 Mtriples/s

D60 interface
  D60=0 matches: 32893 (random expectation 32768.0, enrichment 1.004x)
  prefixes with D60=0: 16581
  max D60=0 fiber per prefix: 22 at W57=0x3aed W58=0x7a7
  largest D60 bucket: D=0x24f0 count=33829
  min D60 HW: 0
  D60 HW histogram: 0:32893 1:458676 2:2983156 3:11943969 4:32832850 5:65645637 6:98438513 7:112504917 8:98368004 9:65545989 10:32756872 11:11895186 12:2973519 13:457912 14:32819

Tail closure among D60=0 matches
  final tail collisions: 0
  best r61 HW: 11
  best r61 W1[57..59]=0x3aca,0x1476,0x2f2e
  best r61 W2[57..59]=0x39d7,0x105e,0x135f
  best tail HW: 22
  best tail r61 HW: 16
  best W1[57..59]=0x338f,0x3e8e,0x1f7f
  best W2[57..59]=0x329c,0xc60,0x316f

SUMMARY N=14 sample_start=241434624 prefixes=32768 total=536870912 d0=32893 best_tail=22 tail_r61=16 best_r61=11 tail_W1=0x338f,0x3e8e,0x1f7f tail_W2=0x329c,0xc60,0x316f r61_W1=0x3aca,0x1476,0x2f2e r61_W2=0x39d7,0x105e,0x135f

Scan-only witness registry
  registry_count=16 registry_cap=16
  witness[00] tail=22 r61=16 gh60=0x4a087ee W1=0x338f,0x3e8e,0x1f7f W2=0x329c,0xc60,0x316f
  witness[01] tail=23 r61=21 gh60=0x4518566 W1=0x34cb,0x3d11,0x3f34 W2=0x33d8,0x3e36,0x3ddb
  witness[02] tail=23 r61=24 gh60=0x5aa8566 W1=0x3ae3,0x2184,0x3565 W2=0x39f0,0x22ed,0x33d7
  witness[03] tail=24 r61=15 gh60=0x4b64caa W1=0x3932,0x37e1,0x25ea W2=0x383f,0x925,0x2b72
  witness[04] tail=24 r61=17 gh60=0x3a884aa W1=0x3aed,0x7a7,0xb75 W2=0x39fa,0x21a3,0x2044
  witness[05] tail=24 r61=20 gh60=0x3908766 W1=0x135b,0x2d4,0x2175 W2=0x1268,0x357d,0x3210
  witness[06] tail=25 r61=21 gh60=0xd607bfa W1=0x2d9a,0xd4c,0x3f1 W2=0x2ca7,0x2b18,0x3e6c
  witness[07] tail=25 r61=22 gh60=0xcb8c7aa W1=0x336e,0x271b,0x324c W2=0x327b,0x38f4,0x10c1
  witness[08] tail=25 r61=23 gh60=0x5d78d7a W1=0x659,0x6c8,0x20c5 W2=0x566,0x24bb,0x2b28
  witness[09] tail=25 r61=24 gh60=0xda5459e W1=0x1488,0x262d,0x3fd6 W2=0x1395,0x3cbb,0x2447
  witness[10] tail=25 r61=25 gh60=0x3bb8bbe W1=0x15b7,0x292f,0x1cc W2=0x14c4,0x304a,0x180d
  witness[11] tail=25 r61=26 gh60=0x3fe859a W1=0x3c89,0x238e,0x3be5 W2=0x3b96,0x1285,0xe0f
  witness[12] tail=25 r61=27 gh60=0x798dfaa W1=0x1fae,0x3eeb,0xd60 W2=0x1ebb,0x3ef3,0x2bc
  witness[13] tail=26 r61=17 gh60=0x3a18d9a W1=0x685,0x3a13,0xee W2=0x592,0x2bc1,0x1bcb
  witness[14] tail=26 r61=18 gh60=0x5b8cca6 W1=0x5fc,0x3ec2,0x3eb3 W2=0x509,0x1ecf,0x3138
  witness[15] tail=26 r61=19 gh60=0xc715f6e W1=0x1f60,0x120f,0x3bc8 W2=0x1e6d,0x43b,0x1885

Scan-only r61 registry
  registry_count=16 registry_cap=16
  r61_witness[00] r61=11 tail=28 gh60=0x4d0459a W1=0x3aca,0x1476,0x2f2e W2=0x39d7,0x105e,0x135f
  r61_witness[01] r61=12 tail=30 gh60=0x4a1ccee W1=0x1710,0x3027,0x1408 W2=0x161d,0x2a13,0x20ea
  r61_witness[02] r61=13 tail=27 gh60=0x46084e6 W1=0x1c0b,0x60b,0x3706 W2=0x1b18,0x7f2,0x23b0
  r61_witness[03] r61=13 tail=33 gh60=0x4a95cae W1=0x0,0x38d0,0x2c37 W2=0x3f0d,0x1120,0x3a6f
  r61_witness[04] r61=14 tail=29 gh60=0x4a144ee W1=0x210,0x637,0x1f02 W2=0x11d,0x24ce,0x35e9
  r61_witness[05] r61=14 tail=31 gh60=0x4884b9a W1=0x5aa,0x6d3,0x22e4 W2=0x4b7,0x3526,0x2ef2
  r61_witness[06] r61=15 tail=24 gh60=0x4b64caa W1=0x3932,0x37e1,0x25ea W2=0x383f,0x925,0x2b72
  r61_witness[07] r61=15 tail=29 gh60=0x4907b66 W1=0xd5c,0x2b6f,0x2fd4 W2=0xc69,0x22bc,0x36d7
  r61_witness[08] r61=15 tail=30 gh60=0x4888ba6 W1=0x5bb,0x97c,0x12ec W2=0x4c8,0x1140,0x3873
  r61_witness[09] r61=15 tail=30 gh60=0xc989faa W1=0x3fb1,0x1253,0x212e W2=0x3ebe,0xe6a,0xf75
  r61_witness[10] r61=15 tail=34 gh60=0x4e644a6 W1=0x13f4,0x12ef,0x33fd W2=0x1301,0x2db,0x2f1d
  r61_witness[11] r61=15 tail=34 gh60=0xc908b66 W1=0x355b,0x927,0x1732 W2=0x3468,0x22f9,0x113a
  r61_witness[12] r61=15 tail=36 gh60=0x4884ca6 W1=0x193c,0x23e5,0x10a0 W2=0x1849,0x1df2,0x3d46
  r61_witness[13] r61=15 tail=37 gh60=0xc58bdaa W1=0xeb1,0x3315,0x1e54 W2=0xdbe,0x29f4,0x25e3
  r61_witness[14] r61=15 tail=37 gh60=0x5a08de6 W1=0x188b,0x5c,0x30c3 W2=0x1798,0x41a,0x316
  r61_witness[15] r61=16 tail=22 gh60=0x4a087ee W1=0x338f,0x3e8e,0x1f7f W2=0x329c,0xc60,0x316f

D60=0 fiber histogram: 1:7920 2:4891 3:1783 4:1112 5:404 6:245 7:72 8:90 9:19 10:22 11:9 12:8 13:2 14:1 15:1 17:1 22:1
