free_word_mitm_reducedn
N=14 mask=0x3fff msb=0x2000
candidate: M0=0x3d36 mode=random-fallback fill=0x3fff kernel=dM0=dM9=0x2000
prefixes=32768/268435456 mode=permuted-prefix-sample w59_per_prefix=16384 total=536870912
run_mode=scan registry_cap=16
sample_start=191102976
scan_elapsed=15.552s rate=34.52 Mtriples/s

D60 interface
  D60=0 matches: 32769 (random expectation 32768.0, enrichment 1.000x)
  prefixes with D60=0: 16553
  max D60=0 fiber per prefix: 16 at W57=0x3f8a W58=0x23d0
  largest D60 bucket: D=0x540 count=33800
  min D60 HW: 0
  D60 HW histogram: 0:32769 1:457431 2:2981494 3:11935862 4:32803606 5:65638312 6:98447582 7:112473463 8:98381640 9:65568135 10:32766074 11:11919281 12:2975266 13:457870 14:32127

Tail closure among D60=0 matches
  final tail collisions: 0
  best r61 HW: 12
  best r61 W1[57..59]=0x213c,0x3572,0x2f39
  best r61 W2[57..59]=0x2049,0x2181,0x27df
  best tail HW: 20
  best tail r61 HW: 19
  best W1[57..59]=0x2471,0x23a3,0x3190
  best W2[57..59]=0x237e,0x22cb,0x2a70

SUMMARY N=14 sample_start=191102976 prefixes=32768 total=536870912 d0=32769 best_tail=20 tail_r61=19 best_r61=12 tail_W1=0x2471,0x23a3,0x3190 tail_W2=0x237e,0x22cb,0x2a70 r61_W1=0x213c,0x3572,0x2f39 r61_W2=0x2049,0x2181,0x27df

Scan-only witness registry
  registry_count=16 registry_cap=16
  witness[00] tail=20 r61=19 gh60=0x4ff85aa W1=0x2471,0x23a3,0x3190 W2=0x237e,0x22cb,0x2a70
  witness[01] tail=22 r61=19 gh60=0x478dfaa W1=0x1fbe,0x17b5,0x8b9 W2=0x1ecb,0x17b1,0x3ae0
  witness[02] tail=23 r61=16 gh60=0x4b284a6 W1=0x1b43,0x4de,0x2ce4 W2=0x1a50,0x135b,0x36fc
  witness[03] tail=23 r61=16 gh60=0x56045fa W1=0x329a,0x184c,0x3b W2=0x31a7,0x13e1,0x3b56
  witness[04] tail=23 r61=23 gh60=0xc9f7c9e W1=0x1148,0x240f,0x1b77 W2=0x1055,0x20c0,0x1c7e
  witness[05] tail=23 r61=25 gh60=0xfb8dd9a W1=0xaa,0x3d3,0x3dea W2=0x3fb7,0x3044,0x2a5c
  witness[06] tail=24 r61=19 gh60=0xc909b6a W1=0x1d1,0x5b,0x2cb5 W2=0xde,0x3f56,0x378a
  witness[07] tail=24 r61=19 gh60=0x74fdd7a W1=0x20da,0x3865,0xff W2=0x1fe7,0x1ed1,0xc38
  witness[08] tail=24 r61=19 gh60=0xcb1bb66 W1=0x2d5b,0x3f9a,0x2d72 W2=0x2c68,0x38e6,0x3ea0
  witness[09] tail=24 r61=22 gh60=0xcb18b6e W1=0x19df,0x1a38,0x1cc7 W2=0x18ec,0x204f,0x118c
  witness[10] tail=24 r61=22 gh60=0xc665daa W1=0x1e72,0x468,0x1270 W2=0x1d7f,0x12c8,0x822
  witness[11] tail=24 r61=23 gh60=0xca57f9e W1=0xf88,0x232d,0x206 W2=0xe95,0x856,0x15af
  witness[12] tail=25 r61=12 gh60=0x4885ca6 W1=0x213c,0x3572,0x2f39 W2=0x2049,0x2181,0x27df
  witness[13] tail=25 r61=19 gh60=0x46a8b66 W1=0x5e3,0x399f,0x16a5 W2=0x4f0,0x3e95,0x1f4
  witness[14] tail=25 r61=20 gh60=0xca35fea W1=0x1f9e,0x35f7,0x342d W2=0x1eab,0x3477,0x1a5d
  witness[15] tail=25 r61=21 gh60=0xcfd879e W1=0x33c7,0x37ba,0x1f6d W2=0x32d4,0x1db,0x178e

Scan-only r61 registry
  registry_count=16 registry_cap=16
  r61_witness[00] r61=12 tail=25 gh60=0x4885ca6 W1=0x213c,0x3572,0x2f39 W2=0x2049,0x2181,0x27df
  r61_witness[01] r61=13 tail=28 gh60=0xbb07d66 W1=0x104c,0x251d,0x2d01 W2=0xf59,0x66a,0x15e7
  r61_witness[02] r61=15 tail=31 gh60=0x3607b9a W1=0xd8a,0x3a8d,0x24fd W2=0xc97,0x21aa,0x3e81
  r61_witness[03] r61=15 tail=33 gh60=0x4d07d66 W1=0xe4c,0x20bf,0x2280 W2=0xd59,0x276c,0x1abd
  r61_witness[04] r61=16 tail=23 gh60=0x4b284a6 W1=0x1b43,0x4de,0x2ce4 W2=0x1a50,0x135b,0x36fc
  r61_witness[05] r61=16 tail=23 gh60=0x56045fa W1=0x329a,0x184c,0x3b W2=0x31a7,0x13e1,0x3b56
  r61_witness[06] r61=16 tail=29 gh60=0x3908b6a W1=0x5cd,0x3e04,0x30e5 W2=0x4da,0x33ff,0x147
  r61_witness[07] r61=16 tail=30 gh60=0x4b05b66 W1=0x3d4c,0x3b9f,0x2001 W2=0x3c59,0x800,0xc4
  r61_witness[08] r61=16 tail=31 gh60=0x48987aa W1=0x1bb1,0x1378,0x35cf W2=0x1abe,0x24d0,0x12b8
  r61_witness[09] r61=16 tail=33 gh60=0x3a04de6 W1=0x68c,0xed8,0xee4 W2=0x599,0x2a13,0x25d0
  r61_witness[10] r61=16 tail=34 gh60=0x36184e6 W1=0x331b,0x938,0x1953 W2=0x3228,0x3bf9,0x1c36
  r61_witness[11] r61=16 tail=36 gh60=0x36184e6 W1=0x1d13,0x169f,0xb37 W2=0x1c20,0x884,0x129f
  r61_witness[12] r61=16 tail=36 gh60=0x4e0dfea W1=0x1f8e,0x2518,0x1745 W2=0x1e9b,0x23a8,0xdeb
  r61_witness[13] r61=16 tail=36 gh60=0xca04f9a W1=0x278a,0x2f68,0x388d W2=0x2697,0x1d47,0x736
  r61_witness[14] r61=16 tail=38 gh60=0xc608ce6 W1=0x170b,0x30b,0x13e3 W2=0x1618,0x3121,0x9
  r61_witness[15] r61=17 tail=28 gh60=0x4d88cae W1=0x83f,0x1c0f,0x380d W2=0x74c,0x55e,0x1b39

D60=0 fiber histogram: 1:7970 2:4803 3:1792 4:1091 5:429 6:246 7:85 8:80 9:23 10:17 11:3 12:5 13:3 14:4 16:2
