free_word_mitm_reducedn
N=14 mask=0x3fff msb=0x2000
candidate: M0=0x3d36 mode=random-fallback fill=0x3fff kernel=dM0=dM9=0x2000
prefixes=32768/268435456 mode=permuted-prefix-sample w59_per_prefix=16384 total=536870912
run_mode=scan registry_cap=16
sample_start=133758976
scan_elapsed=15.474s rate=34.69 Mtriples/s

D60 interface
  D60=0 matches: 32173 (random expectation 32768.0, enrichment 0.982x)
  prefixes with D60=0: 16332
  max D60=0 fiber per prefix: 32 at W57=0x873 W58=0x1ee2
  largest D60 bucket: D=0x2b5c count=33880
  min D60 HW: 0
  D60 HW histogram: 0:32173 1:457229 2:2978283 3:11909086 4:32783431 5:65628281 6:98467132 7:112526933 8:98426693 9:65557771 10:32754031 11:11894503 12:2966642 13:456274 14:32450

Tail closure among D60=0 matches
  final tail collisions: 0
  best r61 HW: 13
  best r61 W1[57..59]=0x10a,0x3606,0x3971
  best r61 W2[57..59]=0x17,0x150f,0x5bd
  best tail HW: 21
  best tail r61 HW: 18
  best W1[57..59]=0x371b,0x22d8,0x19a1
  best W2[57..59]=0x3628,0x11da,0x91a

SUMMARY N=14 sample_start=133758976 prefixes=32768 total=536870912 d0=32173 best_tail=21 tail_r61=18 best_r61=13 tail_W1=0x371b,0x22d8,0x19a1 tail_W2=0x3628,0x11da,0x91a r61_W1=0x10a,0x3606,0x3971 r61_W2=0x17,0x150f,0x5bd

Scan-only witness registry
  registry_count=16 registry_cap=16
  witness[00] tail=21 r61=18 gh60=0xca18ce6 W1=0x371b,0x22d8,0x19a1 W2=0x3628,0x11da,0x91a
  witness[01] tail=23 r61=17 gh60=0xcb0449a W1=0x2c4a,0xba6,0x1590 W2=0x2b57,0x31ea,0x3edf
  witness[02] tail=23 r61=19 gh60=0xf9887aa W1=0x3b71,0x22d5,0x1cb3 W2=0x3a7e,0x369d,0x3364
  witness[03] tail=23 r61=27 gh60=0xf598daa W1=0x86d,0x3426,0xf47 W2=0x77a,0x3f09,0x1df7
  witness[04] tail=23 r61=27 gh60=0xcbe456a W1=0x2ae2,0x21ae,0x14ef W2=0x29ef,0x2e55,0x496
  witness[05] tail=24 r61=19 gh60=0x4997caa W1=0xeee,0x322c,0x16d3 W2=0xdfb,0x25a8,0x2abd
  witness[06] tail=24 r61=22 gh60=0xb53856a W1=0xa5d,0x2b90,0x232 W2=0x96a,0x352e,0x3369
  witness[07] tail=25 r61=14 gh60=0xba29cfa W1=0x3f19,0x10bc,0x2b06 W2=0x3e26,0x3573,0x2f67
  witness[08] tail=25 r61=19 gh60=0xf88479a W1=0xbaa,0x28d1,0x310f W2=0xab7,0x1aa3,0x2b3a
  witness[09] tail=25 r61=22 gh60=0xb929c9e W1=0x1f47,0x21bb,0x3d69 W2=0x1e54,0x1c67,0x146
  witness[10] tail=25 r61=22 gh60=0xde0c7ee W1=0x33a0,0x1230,0x1940 W2=0x32ad,0x1aef,0xeb4
  witness[11] tail=25 r61=22 gh60=0x3eb45aa W1=0x347e,0x12f8,0x2575 W2=0x338b,0x2001,0x3ead
  witness[12] tail=25 r61=23 gh60=0xca344fa W1=0xa16,0x174f,0x28ff W2=0x923,0x3c88,0x2f35
  witness[13] tail=25 r61=23 gh60=0xca247e6 W1=0x2b94,0x3701,0x3e3c W2=0x2aa1,0x245b,0xe94
  witness[14] tail=25 r61=24 gh60=0x4cf4dae W1=0x28b0,0xef5,0x1b28 W2=0x27bd,0x313d,0x5ef
  witness[15] tail=25 r61=26 gh60=0xbb1bf66 W1=0x2fdb,0x13fe,0x12d3 W2=0x2ee8,0x2aaa,0x9de

Scan-only r61 registry
  registry_count=16 registry_cap=16
  r61_witness[00] r61=13 tail=34 gh60=0x460dc9a W1=0x10a,0x3606,0x3971 W2=0x17,0x150f,0x5bd
  r61_witness[01] r61=14 tail=25 gh60=0xba29cfa W1=0x3f19,0x10bc,0x2b06 W2=0x3e26,0x3573,0x2f67
  r61_witness[02] r61=14 tail=37 gh60=0xd889caa W1=0x1f31,0x2a0b,0x2429 W2=0x1e3e,0x2bca,0x1788
  r61_witness[03] r61=15 tail=29 gh60=0x5a044fa W1=0x141a,0x288c,0xbbe W2=0x1327,0x1b79,0x335d
  r61_witness[04] r61=15 tail=31 gh60=0x4a8479a W1=0x236a,0x1da8,0x3335 W2=0x2277,0x1000,0xec5
  r61_witness[05] r61=15 tail=35 gh60=0x4924baa W1=0x29c2,0x3dc1,0x2eb W2=0x28cf,0x29dd,0x115
  r61_witness[06] r61=16 tail=28 gh60=0x4898baa W1=0x9c1,0xded,0x2998 W2=0x8ce,0x9f4,0x19f4
  r61_witness[07] r61=16 tail=28 gh60=0x4888baa W1=0x35bd,0x22ee,0x519 W2=0x34ca,0x22f1,0x1020
  r61_witness[08] r61=16 tail=29 gh60=0x4a984ba W1=0x2cf5,0xc49,0x2485 W2=0x2c02,0x31c7,0x1f62
  r61_witness[09] r61=16 tail=35 gh60=0x4635cfa W1=0x2116,0x1b2,0xbe8 W2=0x2023,0x24ba,0x966
  r61_witness[10] r61=16 tail=37 gh60=0x490876e W1=0x3cf,0x2e1e,0x8f W2=0x2dc,0x265c,0xe59
  r61_witness[11] r61=16 tail=37 gh60=0xce247a6 W1=0x1b84,0x332,0x1349 W2=0x1a91,0x3ca8,0x2939
  r61_witness[12] r61=17 tail=23 gh60=0xcb0449a W1=0x2c4a,0xba6,0x1590 W2=0x2b57,0x31ea,0x3edf
  r61_witness[13] r61=17 tail=28 gh60=0x4cddcbe W1=0x2038,0xea,0x34b1 W2=0x1f45,0x3d4a,0x2cc6
  r61_witness[14] r61=17 tail=29 gh60=0xf88479a W1=0xbaa,0x28d1,0x917 W2=0xab7,0x1aa3,0x342
  r61_witness[15] r61=17 tail=29 gh60=0xca8bcaa W1=0x2ff1,0x7c3,0x31cc W2=0x2efe,0x3b46,0x6d5

D60=0 fiber histogram: 1:7932 2:4750 3:1766 4:1031 5:416 6:208 7:89 8:60 9:24 10:26 11:5 12:10 13:5 14:3 15:3 16:1 17:1 20:1 32:1
