free_word_mitm_reducedn
N=14 mask=0x3fff msb=0x2000
candidate: M0=0x3d36 mode=random-fallback fill=0x3fff kernel=dM0=dM9=0x2000
prefixes=32768/268435456 mode=permuted-prefix-sample w59_per_prefix=16384 total=536870912
run_mode=scan registry_cap=16
sample_start=108593152
scan_elapsed=15.366s rate=34.94 Mtriples/s

D60 interface
  D60=0 matches: 33070 (random expectation 32768.0, enrichment 1.009x)
  prefixes with D60=0: 16684
  max D60=0 fiber per prefix: 18 at W57=0x3ae5 W58=0x1811
  largest D60 bucket: D=0x2668 count=33774
  min D60 HW: 0
  D60 HW histogram: 0:33070 1:457288 2:2975587 3:11910425 4:32783785 5:65606572 6:98442195 7:112493185 8:98404841 9:65588978 10:32787551 11:11916777 12:2978479 13:459222 14:32957

Tail closure among D60=0 matches
  final tail collisions: 0
  best r61 HW: 14
  best r61 W1[57..59]=0x36db,0x215c,0x3af1
  best r61 W2[57..59]=0x35e8,0x416,0x20b2
  best tail HW: 21
  best tail r61 HW: 23
  best W1[57..59]=0x105f,0x1e3e,0x1137
  best W2[57..59]=0xf6c,0x2efd,0x1d82

SUMMARY N=14 sample_start=108593152 prefixes=32768 total=536870912 d0=33070 best_tail=21 tail_r61=23 best_r61=14 tail_W1=0x105f,0x1e3e,0x1137 tail_W2=0xf6c,0x2efd,0x1d82 r61_W1=0x36db,0x215c,0x3af1 r61_W2=0x35e8,0x416,0x20b2

Scan-only witness registry
  registry_count=16 registry_cap=16
  witness[00] tail=21 r61=19 gh60=0x4a69ba6 W1=0x173,0x1199,0x226 W2=0x80,0x176f,0x2fd2
  witness[01] tail=21 r61=23 gh60=0xff0bd6e W1=0x105f,0x1e3e,0x1137 W2=0xf6c,0x2efd,0x1d82
  witness[02] tail=23 r61=21 gh60=0x4ff45fe W1=0x2a98,0x3a0f,0x5e9 W2=0x29a5,0x150,0x2484
  witness[03] tail=23 r61=22 gh60=0x49a5ce6 W1=0x124,0x2f08,0x39d1 W2=0x31,0x38cd,0x3c16
  witness[04] tail=23 r61=25 gh60=0x4ee8ce6 W1=0x2613,0x393f,0x112b W2=0x2520,0x27f1,0x1984
  witness[05] tail=24 r61=18 gh60=0x46684fe W1=0xc17,0x7a1,0x3d3e W2=0xb24,0x1349,0x1ade
  witness[06] tail=24 r61=20 gh60=0xccd45be W1=0xab8,0x19d8,0x3837 W2=0x9c5,0x1e9f,0x36d1
  witness[07] tail=24 r61=23 gh60=0xdfd7c9a W1=0x3026,0x3552,0x3e2b W2=0x2f33,0x9a3,0x1089
  witness[08] tail=24 r61=25 gh60=0x4d68c9e W1=0x2627,0xd5b,0x2c6a W2=0x2534,0x1e51,0x29a4
  witness[09] tail=24 r61=25 gh60=0xb53856a W1=0x32cd,0x2b55,0x12d6 W2=0x31da,0xa5b,0x1035
  witness[10] tail=24 r61=26 gh60=0xbbec4fa W1=0x216,0x7d7,0x2a67 W2=0x123,0x2f90,0x2b42
  witness[11] tail=25 r61=18 gh60=0x4b885ae W1=0x1c7f,0x125a,0x23c5 W2=0x1b8c,0x712,0x3cf8
  witness[12] tail=25 r61=18 gh60=0x4b1476e W1=0x23e0,0x30d1,0x27f5 W2=0x22ed,0x2c04,0x2268
  witness[13] tail=25 r61=19 gh60=0xcf885aa W1=0x24b1,0x3618,0x253e W2=0x23be,0x34b0,0xe2
  witness[14] tail=25 r61=22 gh60=0x571856e W1=0xa5f,0xd39,0x2a2 W2=0x96c,0x36db,0x19ca
  witness[15] tail=25 r61=26 gh60=0xcafc59a W1=0x34c6,0x1eee,0x2b3e W2=0x33d3,0xce0,0x1270

Scan-only r61 registry
  registry_count=16 registry_cap=16
  r61_witness[00] r61=14 tail=28 gh60=0xc508d66 W1=0x36db,0x215c,0x3af1 W2=0x35e8,0x416,0x20b2
  r61_witness[01] r61=15 tail=30 gh60=0xca08dee W1=0x188f,0x1a7d,0x1d8a W2=0x179c,0xe40,0x28fa
  r61_witness[02] r61=15 tail=34 gh60=0x4964b66 W1=0x954,0x331d,0x2f04 W2=0x861,0x3910,0x2e26
  r61_witness[03] r61=16 tail=27 gh60=0xce04bfa W1=0x359a,0x31bd,0x37b7 W2=0x34a7,0x2f81,0x209e
  r61_witness[04] r61=16 tail=28 gh60=0x5484dba W1=0x8ba,0x390e,0x3106 W2=0x7c7,0x22ea,0x3cdc
  r61_witness[05] r61=16 tail=29 gh60=0x4d0459a W1=0x2cca,0xcc8,0x32d W2=0x2bd7,0x3b3c,0x1946
  r61_witness[06] r61=16 tail=30 gh60=0x4b14d6a W1=0x36ce,0x29c6,0xe07 W2=0x35db,0x3f12,0x374
  r61_witness[07] r61=16 tail=32 gh60=0x4b08f6a W1=0x374d,0x3b09,0x16d6 W2=0x365a,0x3228,0x550
  r61_witness[08] r61=16 tail=33 gh60=0x460bcea W1=0x2e21,0x3bed,0x333c W2=0x2d2e,0x3960,0x1937
  r61_witness[09] r61=16 tail=35 gh60=0xba884aa W1=0x39ed,0x2047,0x2947 W2=0x38fa,0x3683,0x1c9a
  r61_witness[10] r61=16 tail=36 gh60=0x4a57cba W1=0x2ff6,0x2b5,0x7a9 W2=0x2f03,0x1979,0x270c
  r61_witness[11] r61=16 tail=39 gh60=0x4888baa W1=0x25b1,0x345c,0x22fd W2=0x24be,0x34b3,0x301c
  r61_witness[12] r61=16 tail=39 gh60=0x4d08d6e W1=0x38df,0x2ce2,0x283 W2=0x37ec,0x1901,0x2d62
  r61_witness[13] r61=16 tail=40 gh60=0x56085ee W1=0x129f,0x222d,0x7c8 W2=0x11ac,0x16db,0x38b9
  r61_witness[14] r61=17 tail=26 gh60=0x397876a W1=0x2b61,0x34f1,0x240a W2=0x2a6e,0x3e3b,0x514
  r61_witness[15] r61=17 tail=26 gh60=0x58afb9a W1=0x2da6,0x2de7,0x3504 W2=0x2cb3,0x1800,0x30be

D60=0 fiber histogram: 1:8079 2:4798 3:1811 4:1113 5:436 6:208 7:86 8:60 9:28 10:29 11:12 12:13 13:2 14:2 15:1 16:3 17:1 18:2
