free_word_mitm_reducedn
N=14 mask=0x3fff msb=0x2000
candidate: M0=0x3d36 mode=random-fallback fill=0x3fff kernel=dM0=dM9=0x2000
prefixes=32768/268435456 mode=permuted-prefix-sample w59_per_prefix=16384 total=536870912
run_mode=scan registry_cap=16
sample_start=200867840
scan_elapsed=15.356s rate=34.96 Mtriples/s

D60 interface
  D60=0 matches: 32903 (random expectation 32768.0, enrichment 1.004x)
  prefixes with D60=0: 16487
  max D60=0 fiber per prefix: 18 at W57=0x3282 W58=0x21d7
  largest D60 bucket: D=0x326b count=33980
  min D60 HW: 0
  D60 HW histogram: 0:32903 1:456923 2:2977192 3:11912668 4:32784235 5:65603535 6:98441322 7:112493627 8:98399110 9:65587253 10:32796770 11:11921225 12:2975334 13:456130 14:32685

Tail closure among D60=0 matches
  final tail collisions: 0
  best r61 HW: 13
  best r61 W1[57..59]=0x272b,0x24b2,0x26b4
  best r61 W2[57..59]=0x2638,0x14e,0x2cc5
  best tail HW: 21
  best tail r61 HW: 22
  best W1[57..59]=0x333c,0x3da4,0x2902
  best W2[57..59]=0x3249,0x1bf2,0x3c41

SUMMARY N=14 sample_start=200867840 prefixes=32768 total=536870912 d0=32903 best_tail=21 tail_r61=22 best_r61=13 tail_W1=0x333c,0x3da4,0x2902 tail_W2=0x3249,0x1bf2,0x3c41 r61_W1=0x272b,0x24b2,0x26b4 r61_W2=0x2638,0x14e,0x2cc5

Scan-only witness registry
  registry_count=16 registry_cap=16
  witness[00] tail=21 r61=22 gh60=0xf9b9bbe W1=0x1b7,0x2267,0x3a4c W2=0xc4,0x147e,0x2910
  witness[01] tail=21 r61=22 gh60=0x79844a6 W1=0x333c,0x3da4,0x2902 W2=0x3249,0x1bf2,0x3c41
  witness[02] tail=22 r61=21 gh60=0x5908b6e W1=0x394f,0x2d10,0x35ff W2=0x385c,0x3333,0xfae
  witness[03] tail=23 r61=15 gh60=0x5c885a6 W1=0x22bb,0x29c8,0x3822 W2=0x21c8,0x3eed,0x1730
  witness[04] tail=23 r61=23 gh60=0x7e8cfaa W1=0x77e,0x4a0,0x1702 W2=0x68b,0x228,0x1758
  witness[05] tail=23 r61=24 gh60=0xfaf85ba W1=0x3c79,0x3b7e,0x26c1 W2=0x3b86,0x2b24,0x264f
  witness[06] tail=24 r61=17 gh60=0xc914b6a W1=0x15ce,0x33a2,0x1827 W2=0x14db,0x1a6,0x83c
  witness[07] tail=24 r61=18 gh60=0x4918b6a W1=0x561,0x33e2,0x27fa W2=0x46e,0x3215,0xde5
  witness[08] tail=24 r61=28 gh60=0xb7d45ba W1=0x2ab6,0x24e,0x2dc2 W2=0x29c3,0x1cf5,0x1797
  witness[09] tail=24 r61=29 gh60=0xc8fcbea W1=0x9a2,0x2df9,0x1b00 W2=0x8af,0x1c21,0x12bc
  witness[10] tail=25 r61=19 gh60=0xfbb9daa W1=0x1ebd,0xb5,0x1095 W2=0x1dca,0xe7c,0x3fb8
  witness[11] tail=25 r61=22 gh60=0xcf14b6a W1=0x255e,0x2464,0x2d37 W2=0x246b,0x2650,0x2d7e
  witness[12] tail=25 r61=22 gh60=0x5da849a W1=0x2be9,0xc78,0x3207 W2=0x2af6,0x3309,0x873
  witness[13] tail=25 r61=23 gh60=0x7fb8bba W1=0x575,0x7fe,0x3dc3 W2=0x482,0x3885,0x1623
  witness[14] tail=25 r61=23 gh60=0xd93cf66 W1=0x275c,0x143,0x1164 W2=0x2669,0x206a,0x273
  witness[15] tail=25 r61=23 gh60=0x76785ae W1=0x326f,0x3b9a,0x2062 W2=0x317c,0x2f62,0x2db7

Scan-only r61 registry
  registry_count=16 registry_cap=16
  r61_witness[00] r61=13 tail=29 gh60=0x4888ca6 W1=0x272b,0x24b2,0x26b4 W2=0x2638,0x14e,0x2cc5
  r61_witness[01] r61=15 tail=23 gh60=0x5c885a6 W1=0x22bb,0x29c8,0x3822 W2=0x21c8,0x3eed,0x1730
  r61_witness[02] r61=15 tail=27 gh60=0x4608bea W1=0x299d,0x3ae7,0x6c W2=0x28aa,0x25a6,0x2f58
  r61_witness[03] r61=15 tail=30 gh60=0xd4984ae W1=0xa2f,0x3072,0x1a W2=0x93c,0x1d12,0x1991
  r61_witness[04] r61=15 tail=30 gh60=0x4e57c9e W1=0xf08,0x3d19,0x1b71 W2=0xe15,0x4a,0x33f6
  r61_witness[05] r61=15 tail=36 gh60=0x4a184ee W1=0xa1f,0x1f93,0x1d1a W2=0x92c,0x9ad,0x3508
  r61_witness[06] r61=16 tail=30 gh60=0xca945aa W1=0x47e,0x1fe,0x3dcc W2=0x38b,0x7,0x3478
  r61_witness[07] r61=16 tail=31 gh60=0xca24da6 W1=0x2684,0x274c,0x131b W2=0x2591,0x1f21,0x20e9
  r61_witness[08] r61=16 tail=32 gh60=0x4b1bb6a W1=0x115d,0x6ee,0x182f W2=0x106a,0x2119,0x11bb
  r61_witness[09] r61=16 tail=32 gh60=0xce884ae W1=0x2bff,0x3d,0x26fd W2=0x2b0c,0x2dcd,0x3ca7
  r61_witness[10] r61=16 tail=32 gh60=0x48b8fe6 W1=0x37a3,0x3874,0x2dcb W2=0x36b0,0x30de,0x3bdf
  r61_witness[11] r61=16 tail=33 gh60=0xce08ce6 W1=0x271b,0xfe8,0x27a W2=0x2628,0x29ee,0x1ff5
  r61_witness[12] r61=16 tail=34 gh60=0xcd08d6a W1=0x1661,0x1901,0xc60 W2=0x156e,0x2b60,0x13cc
  r61_witness[13] r61=16 tail=38 gh60=0x460c5e6 W1=0x3c8c,0x21bb,0xbd0 W2=0x3b99,0x257b,0x2e7e
  r61_witness[14] r61=16 tail=39 gh60=0x36844a6 W1=0x24ec,0xea2,0x26be W2=0x23f9,0x3d80,0x1e55
  r61_witness[15] r61=17 tail=24 gh60=0xc914b6a W1=0x15ce,0x33a2,0x1827 W2=0x14db,0x1a6,0x83c

D60=0 fiber histogram: 1:7935 2:4696 3:1814 4:1111 5:450 6:246 7:91 8:74 9:22 10:26 11:10 12:5 13:1 14:3 16:1 18:2
