free_word_mitm_reducedn
N=14 mask=0x3fff msb=0x2000
candidate: M0=0x3d36 mode=random-fallback fill=0x3fff kernel=dM0=dM9=0x2000
prefixes=32768/268435456 mode=permuted-prefix-sample w59_per_prefix=16384 total=536870912
run_mode=scan registry_cap=16
sample_start=242810880
scan_elapsed=15.639s rate=34.33 Mtriples/s

D60 interface
  D60=0 matches: 32349 (random expectation 32768.0, enrichment 0.987x)
  prefixes with D60=0: 16418
  max D60=0 fiber per prefix: 19 at W57=0x36ab W58=0x12aa
  largest D60 bucket: D=0x291d count=33792
  min D60 HW: 0
  D60 HW histogram: 0:32349 1:458033 2:2973590 3:11915355 4:32791173 5:65594017 6:98423471 7:112471217 8:98391028 9:65620722 10:32805660 11:11924650 12:2978794 13:457975 14:32878

Tail closure among D60=0 matches
  final tail collisions: 0
  best r61 HW: 13
  best r61 W1[57..59]=0x1c1b,0x11b9,0x3b91
  best r61 W2[57..59]=0x1b28,0x128c,0x1dff
  best tail HW: 22
  best tail r61 HW: 25
  best W1[57..59]=0x3757,0x517,0x961
  best W2[57..59]=0x3664,0xd5a,0x28c4

SUMMARY N=14 sample_start=242810880 prefixes=32768 total=536870912 d0=32349 best_tail=22 tail_r61=25 best_r61=13 tail_W1=0x3757,0x517,0x961 tail_W2=0x3664,0xd5a,0x28c4 r61_W1=0x1c1b,0x11b9,0x3b91 r61_W2=0x1b28,0x128c,0x1dff

Scan-only witness registry
  registry_count=16 registry_cap=16
  witness[00] tail=22 r61=13 gh60=0xde084e6 W1=0x1c1b,0x11b9,0x3b91 W2=0x1b28,0x128c,0x1dff
  witness[01] tail=22 r61=25 gh60=0xdf58f7e W1=0x3757,0x517,0x961 W2=0x3664,0xd5a,0x28c4
  witness[02] tail=23 r61=22 gh60=0x4af84a6 W1=0x1c03,0x3675,0x3ee6 W2=0x1b10,0x1372,0x1fec
  witness[03] tail=23 r61=26 gh60=0xdf78fbe W1=0x37b7,0x227b,0xbb2 W2=0x36c4,0x28d6,0x32c5
  witness[04] tail=24 r61=16 gh60=0xce084e6 W1=0x30b,0xe2e,0xc52 W2=0x218,0x2cff,0x2a70
  witness[05] tail=24 r61=18 gh60=0x39844a6 W1=0x3afc,0x218b,0x3e67 W2=0x3a09,0x257,0x1c8c
  witness[06] tail=24 r61=19 gh60=0xba945ae W1=0x2a80,0x3ecb,0x227d W2=0x298d,0x22f4,0x2a46
  witness[07] tail=24 r61=20 gh60=0x497449e W1=0x3b48,0x26e8,0x3ad9 W2=0x3a55,0x6dc,0xe83
  witness[08] tail=24 r61=21 gh60=0xca984a6 W1=0x2afb,0xcd1,0x2bd8 W2=0x2a08,0x2c9c,0x1f6e
  witness[09] tail=25 r61=17 gh60=0x4f884a6 W1=0x153b,0x242e,0xa36 W2=0x1448,0x327b,0x278c
  witness[10] tail=25 r61=18 gh60=0xca08cee W1=0x81f,0x2d35,0x27ff W2=0x72c,0x1510,0xcbf
  witness[11] tail=25 r61=19 gh60=0xce084ea W1=0x321d,0x1996,0x2845 W2=0x312a,0x3048,0x1d2d
  witness[12] tail=25 r61=20 gh60=0xca68da6 W1=0x1673,0x1b89,0x2a13 W2=0x1580,0x235d,0x3148
  witness[13] tail=25 r61=20 gh60=0x5b35f7e W1=0x3f58,0x46e,0x24a4 W2=0x3e65,0x3eb6,0x6b8
  witness[14] tail=25 r61=23 gh60=0x3a3449e W1=0x308,0x3cbb,0x3a4 W2=0x215,0xdad,0x163d
  witness[15] tail=25 r61=27 gh60=0x4b3c7a6 W1=0x33c4,0x1540,0x3888 W2=0x32d1,0xda4,0x1ff1

Scan-only r61 registry
  registry_count=16 registry_cap=16
  r61_witness[00] r61=13 tail=22 gh60=0xde084e6 W1=0x1c1b,0x11b9,0x3b91 W2=0x1b28,0x128c,0x1dff
  r61_witness[01] r61=14 tail=26 gh60=0x4a184ea W1=0x350d,0x132f,0x3ca9 W2=0x341a,0x2d25,0xe08
  r61_witness[02] r61=14 tail=28 gh60=0x5a084e6 W1=0x340b,0x2d6c,0x1582 W2=0x3318,0x2f51,0x78c
  r61_witness[03] r61=15 tail=29 gh60=0x3a68566 W1=0x2ce3,0x35eb,0x3fc7 W2=0x2bf0,0x1438,0x262e
  r61_witness[04] r61=16 tail=24 gh60=0xce084e6 W1=0x30b,0xe2e,0xc52 W2=0x218,0x2cff,0x2a70
  r61_witness[05] r61=16 tail=34 gh60=0x456857a W1=0x459,0x3d39,0x1525 W2=0x366,0x19cd,0x3c40
  r61_witness[06] r61=16 tail=34 gh60=0x4a185ea W1=0x2c91,0x9bd,0x438 W2=0x2b9e,0x65b,0x3cd8
  r61_witness[07] r61=16 tail=34 gh60=0x490449a W1=0x2d4a,0x33c0,0x33c6 W2=0x2c57,0x1a44,0x1c27
  r61_witness[08] r61=16 tail=36 gh60=0x4cb84aa W1=0x231,0x148e,0x2351 W2=0x13e,0x168e,0x171e
  r61_witness[09] r61=16 tail=37 gh60=0x4a0dbee W1=0x3da0,0xa06,0x3756 W2=0x3cad,0x186,0x28fa
  r61_witness[10] r61=16 tail=39 gh60=0x3928766 W1=0x1353,0x333e,0x3b6f W2=0x1260,0x2685,0x375e
  r61_witness[11] r61=17 tail=25 gh60=0x4f884a6 W1=0x153b,0x242e,0xa36 W2=0x1448,0x327b,0x278c
  r61_witness[12] r61=17 tail=27 gh60=0x4928f7a W1=0x17d9,0x21ed,0xc09 W2=0x16e6,0x2a10,0xe63
  r61_witness[13] r61=17 tail=28 gh60=0xc72cba6 W1=0x9c4,0x54b,0x1f4e W2=0x8d1,0x930,0x24f9
  r61_witness[14] r61=17 tail=28 gh60=0x4f8479a W1=0x1b6a,0x2a45,0x676 W2=0x1a77,0x2c9f,0x14b8
  r61_witness[15] r61=17 tail=28 gh60=0xc60c4fa W1=0x1c1a,0x1c04,0xd7a W2=0x1b27,0x1171,0x36a6

D60=0 fiber histogram: 1:8014 2:4653 3:1819 4:1076 5:411 6:227 7:91 8:59 9:20 10:22 11:8 12:6 13:1 14:5 15:2 16:1 17:2 19:1
