free_word_mitm_reducedn
N=14 mask=0x3fff msb=0x2000
candidate: M0=0x3d36 mode=random-fallback fill=0x3fff kernel=dM0=dM9=0x2000
prefixes=32768/268435456 mode=permuted-prefix-sample w59_per_prefix=16384 total=536870912
run_mode=scan registry_cap=16
sample_start=150536192
scan_elapsed=15.454s rate=34.74 Mtriples/s

D60 interface
  D60=0 matches: 32743 (random expectation 32768.0, enrichment 0.999x)
  prefixes with D60=0: 16591
  max D60=0 fiber per prefix: 14 at W57=0x41f W58=0x1679
  largest D60 bucket: D=0xbec count=34093
  min D60 HW: 0
  D60 HW histogram: 0:32743 1:458327 2:2988681 3:11942613 4:32815581 5:65603381 6:98411254 7:112451479 8:98399772 9:65601038 10:32787806 11:11909602 12:2977713 13:458061 14:32861

Tail closure among D60=0 matches
  final tail collisions: 0
  best r61 HW: 13
  best r61 W1[57..59]=0x1e1c,0x39e1,0x3461
  best r61 W2[57..59]=0x1d29,0x19e6,0x3304
  best tail HW: 21
  best tail r61 HW: 14
  best W1[57..59]=0x379f,0x3937,0x11e2
  best W2[57..59]=0x36ac,0x1f6,0x19ce

SUMMARY N=14 sample_start=150536192 prefixes=32768 total=536870912 d0=32743 best_tail=21 tail_r61=14 best_r61=13 tail_W1=0x379f,0x3937,0x11e2 tail_W2=0x36ac,0x1f6,0x19ce r61_W1=0x1e1c,0x39e1,0x3461 r61_W2=0x1d29,0x19e6,0x3304

Scan-only witness registry
  registry_count=16 registry_cap=16
  witness[00] tail=21 r61=14 gh60=0x4e08fee W1=0x379f,0x3937,0x11e2 W2=0x36ac,0x1f6,0x19ce
  witness[01] tail=22 r61=19 gh60=0x4b1456e W1=0x3cd0,0x249e,0x288d W2=0x3bdd,0x17c9,0x313e
  witness[02] tail=23 r61=19 gh60=0xbb28b7a W1=0x19d5,0x150e,0xb50 W2=0x18e2,0xb4d,0x3208
  witness[03] tail=23 r61=19 gh60=0xda25ce6 W1=0x2014,0x33da,0x3175 W2=0x1f21,0xdff,0x453
  witness[04] tail=23 r61=19 gh60=0xcd3456e W1=0x2a60,0x12f8,0x2d W2=0x296d,0x3293,0xacb
  witness[05] tail=23 r61=25 gh60=0x57e8dfa W1=0x899,0x3b71,0x30fb W2=0x7a6,0x13d0,0x1ce2
  witness[06] tail=24 r61=17 gh60=0x4a284e6 W1=0x3213,0x2573,0x2619 W2=0x3120,0x256a,0x257c
  witness[07] tail=24 r61=18 gh60=0xc9b9b9a W1=0x3d65,0x317c,0xb4a W2=0x3c72,0x2514,0x2763
  witness[08] tail=24 r61=19 gh60=0x4fdbdfe W1=0xe97,0x24f7,0x36cc W2=0xda4,0x17b6,0xbc9
  witness[09] tail=24 r61=22 gh60=0xce38cee W1=0x180f,0x2d5b,0x2ea7 W2=0x171c,0x2946,0x2f64
  witness[10] tail=24 r61=22 gh60=0x4af476e W1=0x2be0,0x1834,0x182e W2=0x2aed,0x1567,0x37b9
  witness[11] tail=24 r61=25 gh60=0xc8984ba W1=0x3535,0x2d67,0x1973 W2=0x3442,0x21e5,0x2b59
  witness[12] tail=25 r61=16 gh60=0xcaf9baa W1=0x1d7d,0x6e0,0x2c87 W2=0x1c8a,0x3853,0x3c74
  witness[13] tail=25 r61=17 gh60=0x4e2bc9a W1=0xe09,0x349f,0x1362 W2=0xd16,0x7ef,0x1b06
  witness[14] tail=25 r61=19 gh60=0x4dfc4aa W1=0x1502,0x2b4d,0x1922 W2=0x140f,0x2a2,0x247c
  witness[15] tail=25 r61=21 gh60=0xcbf44ae W1=0x1230,0x2fde,0x22ca W2=0x113d,0x1cff,0x16fb

Scan-only r61 registry
  registry_count=16 registry_cap=16
  r61_witness[00] r61=13 tail=32 gh60=0x4605ce6 W1=0x1e1c,0x39e1,0x3461 W2=0x1d29,0x19e6,0x3304
  r61_witness[01] r61=14 tail=21 gh60=0x4e08fee W1=0x379f,0x3937,0x11e2 W2=0x36ac,0x1f6,0x19ce
  r61_witness[02] r61=14 tail=32 gh60=0x4b0bd66 W1=0xecb,0x12fb,0x2f6a W2=0xdd8,0x19c7,0x3cab
  r61_witness[03] r61=14 tail=35 gh60=0x4b0ff6e W1=0xfd0,0xe1c,0x3502 W2=0xedd,0x335c,0x3018
  r61_witness[04] r61=14 tail=37 gh60=0x3a144ee W1=0x2b20,0x1596,0x2729 W2=0x2a2d,0x9b1,0xaf5
  r61_witness[05] r61=15 tail=26 gh60=0xcb08566 W1=0x1ccb,0x318d,0xa93 W2=0x1bd8,0x3abc,0x3c1b
  r61_witness[06] r61=15 tail=26 gh60=0xc4884aa W1=0x2441,0x15ea,0x1a33 W2=0x234e,0x1d5a,0x12e7
  r61_witness[07] r61=15 tail=28 gh60=0x448cdae W1=0x36c0,0xa90,0x769 W2=0x35cd,0x2c8,0x2570
  r61_witness[08] r61=15 tail=29 gh60=0xda29cfa W1=0x1f19,0x22c7,0x1ca4 W2=0x1e26,0x77e,0x14c7
  r61_witness[09] r61=15 tail=34 gh60=0x5888caa W1=0x931,0xe01,0x346f W2=0x83e,0x1040,0x3ae3
  r61_witness[10] r61=16 tail=25 gh60=0xcaf9baa W1=0x1d7d,0x6e0,0x2c87 W2=0x1c8a,0x3853,0x3c74
  r61_witness[11] r61=16 tail=27 gh60=0xc8abb9a W1=0x2da5,0xa32,0xc08 W2=0x2cb2,0x2856,0x38f9
  r61_witness[12] r61=16 tail=30 gh60=0x7918b66 W1=0x953,0x173e,0x2593 W2=0x860,0x2130,0x194e
  r61_witness[13] r61=16 tail=30 gh60=0xfb0c76e W1=0x23e0,0x6bc,0x81a W2=0x22ed,0x1ef,0x1cd3
  r61_witness[14] r61=16 tail=31 gh60=0x4714d6a W1=0x16de,0xab0,0x1f93 W2=0x15eb,0x18f8,0x27f0
  r61_witness[15] r61=16 tail=33 gh60=0x4507d7a W1=0x2e5a,0x30f8,0x1c59 W2=0x2d67,0x115c,0x2a08

D60=0 fiber histogram: 1:8021 2:4792 3:1775 4:1125 5:435 6:227 7:89 8:64 9:28 10:14 11:9 12:8 13:2 14:2
