free_word_mitm_reducedn
N=14 mask=0x3fff msb=0x2000
candidate: M0=0x3d36 mode=random-fallback fill=0x3fff kernel=dM0=dM9=0x2000
prefixes=32768/268435456 mode=permuted-prefix-sample w59_per_prefix=16384 total=536870912
run_mode=scan registry_cap=16
sample_start=192479232
scan_elapsed=15.460s rate=34.73 Mtriples/s

D60 interface
  D60=0 matches: 32562 (random expectation 32768.0, enrichment 0.994x)
  prefixes with D60=0: 16518
  max D60=0 fiber per prefix: 22 at W57=0x1206 W58=0x3612
  largest D60 bucket: D=0x2e04 count=33749
  min D60 HW: 0
  D60 HW histogram: 0:32562 1:457763 2:2972917 3:11913996 4:32793331 5:65614091 6:98413856 7:112485212 8:98414458 9:65604343 10:32786414 11:11914866 12:2976172 13:458319 14:32612

Tail closure among D60=0 matches
  final tail collisions: 0
  best r61 HW: 13
  best r61 W1[57..59]=0x159c,0x375c,0x2ba3
  best r61 W2[57..59]=0x14a9,0xd97,0x2c4
  best tail HW: 22
  best tail r61 HW: 20
  best W1[57..59]=0x18c3,0x3457,0x10
  best W2[57..59]=0x17d0,0x172b,0x2f37

SUMMARY N=14 sample_start=192479232 prefixes=32768 total=536870912 d0=32562 best_tail=22 tail_r61=20 best_r61=13 tail_W1=0x18c3,0x3457,0x10 tail_W2=0x17d0,0x172b,0x2f37 r61_W1=0x159c,0x375c,0x2ba3 r61_W2=0x14a9,0xd97,0x2c4

Scan-only witness registry
  registry_count=16 registry_cap=16
  witness[00] tail=22 r61=20 gh60=0x7f18da6 W1=0x18c3,0x3457,0x10 W2=0x17d0,0x172b,0x2f37
  witness[01] tail=22 r61=21 gh60=0x4be8cba W1=0x16f9,0x57c,0x3634 W2=0x1606,0x39bb,0x3a93
  witness[02] tail=23 r61=15 gh60=0xc608cea W1=0x171d,0x2e62,0x9c4 W2=0x162a,0x545,0x1f75
  witness[03] tail=23 r61=23 gh60=0xc79ccaa W1=0x28fe,0x1de6,0x1db4 W2=0x280b,0x1fd6,0x1405
  witness[04] tail=24 r61=24 gh60=0x49edb7a W1=0x3dd6,0x2389,0x1806 W2=0x3ce3,0x2789,0x19e8
  witness[05] tail=25 r61=20 gh60=0x4a085ee W1=0x1c8f,0x739,0x3be W2=0x1b9c,0xfb,0x38ce
  witness[06] tail=25 r61=22 gh60=0x368c4a6 W1=0x32fc,0x1413,0x1cd3 W2=0x3209,0x32e1,0x3fd3
  witness[07] tail=25 r61=23 gh60=0x49b47ae W1=0x2bb0,0x3797,0x15c W2=0x2abd,0x2fe0,0x831
  witness[08] tail=25 r61=23 gh60=0x5b8bdaa W1=0x2eb1,0x2fee,0x1bde W2=0x2dbe,0x1cc5,0x188
  witness[09] tail=25 r61=24 gh60=0xc5fbd9a W1=0x2ec9,0x747,0x1729 W2=0x2dd6,0x15ef,0x366e
  witness[10] tail=25 r61=24 gh60=0x4bd85ba W1=0x3279,0x3f93,0x1ed1 W2=0x3186,0x2b39,0x789
  witness[11] tail=25 r61=25 gh60=0xd914f6e W1=0x27d0,0xcae,0x21b0 W2=0x26dd,0x4f6,0x1c6b
  witness[12] tail=26 r61=15 gh60=0x398449a W1=0x352a,0x277a,0x1688 W2=0x3437,0x1d3a,0x2de3
  witness[13] tail=26 r61=17 gh60=0xceabba6 W1=0x3173,0x1693,0x2031 W2=0x3080,0xc61,0x25f8
  witness[14] tail=26 r61=18 gh60=0x7e0449a W1=0x2d0a,0x3444,0x3e97 W2=0x2c17,0x1b44,0x106b
  witness[15] tail=26 r61=18 gh60=0x46abd66 W1=0x2ee3,0x234,0x693 W2=0x2df0,0x28a0,0x1032

Scan-only r61 registry
  registry_count=16 registry_cap=16
  r61_witness[00] r61=13 tail=36 gh60=0x4a04be6 W1=0x159c,0x375c,0x2ba3 W2=0x14a9,0xd97,0x2c4
  r61_witness[01] r61=15 tail=23 gh60=0xc608cea W1=0x171d,0x2e62,0x9c4 W2=0x162a,0x545,0x1f75
  r61_witness[02] r61=15 tail=26 gh60=0x398449a W1=0x352a,0x277a,0x1688 W2=0x3437,0x1d3a,0x2de3
  r61_witness[03] r61=15 tail=32 gh60=0x4884ba6 W1=0x5bc,0x3a15,0x55c W2=0x4c9,0x1ca,0x3ff6
  r61_witness[04] r61=16 tail=28 gh60=0x4b0bb6a W1=0x11cd,0x1307,0x254d W2=0x10da,0x2e42,0x2d00
  r61_witness[05] r61=16 tail=30 gh60=0xb904f66 W1=0x74c,0x85a,0xf39 W2=0x659,0x309d,0x2b9f
  r61_witness[06] r61=16 tail=30 gh60=0x59d7b7e W1=0x11d8,0x2af4,0x94d W2=0x10e5,0xe14,0x280b
  r61_witness[07] r61=16 tail=34 gh60=0x4605ce6 W1=0x1f1c,0xa25,0x2fe5 W2=0x1e29,0x163a,0x3044
  r61_witness[08] r61=16 tail=34 gh60=0x4e184ea W1=0x2b21,0x1960,0xa12 W2=0x2a2e,0x218a,0x143f
  r61_witness[09] r61=16 tail=38 gh60=0x4988caa W1=0x28ed,0x1f28,0x3d7f W2=0x27fa,0x2223,0x592
  r61_witness[10] r61=17 tail=26 gh60=0xceabba6 W1=0x3173,0x1693,0x2031 W2=0x3080,0xc61,0x25f8
  r61_witness[11] r61=17 tail=27 gh60=0x4a3bce6 W1=0x111b,0x39c9,0x32dc W2=0x1028,0x2751,0x1c4c
  r61_witness[12] r61=17 tail=27 gh60=0xd6187ea W1=0x2b91,0xb8e,0xf62 W2=0x2a9e,0xc5c,0xbcf
  r61_witness[13] r61=17 tail=29 gh60=0x4b04566 W1=0x12cc,0x1f81,0x19fe W2=0x11d9,0x8cf,0x3f19
  r61_witness[14] r61=17 tail=29 gh60=0x566c56a W1=0x1ce2,0x2d07,0x3800 W2=0x1bef,0xa52,0x2c11
  r61_witness[15] r61=17 tail=29 gh60=0x4b08d6a W1=0x26d1,0x3c49,0x24a1 W2=0x25de,0x3aa0,0x333d

D60=0 fiber histogram: 1:8024 2:4741 3:1782 4:1117 5:426 6:214 7:74 8:68 9:36 10:14 11:5 12:6 13:3 14:1 15:1 16:2 17:2 19:1 22:1
