free_word_mitm_reducedn
N=14 mask=0x3fff msb=0x2000
candidate: M0=0x3d36 mode=random-fallback fill=0x3fff kernel=dM0=dM9=0x2000
prefixes=32768/268435456 mode=permuted-prefix-sample w59_per_prefix=16384 total=536870912
run_mode=scan registry_cap=16
sample_start=230850560
scan_elapsed=14.407s rate=37.27 Mtriples/s

D60 interface
  D60=0 matches: 32408 (random expectation 32768.0, enrichment 0.989x)
  prefixes with D60=0: 16397
  max D60=0 fiber per prefix: 20 at W57=0x3e3d W58=0x3dbb
  largest D60 bucket: D=0x1219 count=33823
  min D60 HW: 0
  D60 HW histogram: 0:32408 1:458810 2:2981795 3:11930528 4:32806053 5:65598417 6:98394620 7:112497413 8:98405402 9:65594903 10:32785311 11:11920429 12:2972809 13:458798 14:33216

Tail closure among D60=0 matches
  final tail collisions: 0
  best r61 HW: 13
  best r61 W1[57..59]=0x7cd,0x2164,0x3b3b
  best r61 W2[57..59]=0x6da,0x157f,0x19da
  best tail HW: 24
  best tail r61 HW: 22
  best W1[57..59]=0x9b4,0x208a,0x3f0b
  best W2[57..59]=0x8c1,0x245f,0x1daa

SUMMARY N=14 sample_start=230850560 prefixes=32768 total=536870912 d0=32408 best_tail=24 tail_r61=22 best_r61=13 tail_W1=0x9b4,0x208a,0x3f0b tail_W2=0x8c1,0x245f,0x1daa r61_W1=0x7cd,0x2164,0x3b3b r61_W2=0x6da,0x157f,0x19da

Scan-only witness registry
  registry_count=16 registry_cap=16
  witness[00] tail=24 r61=22 gh60=0xc9e4ba6 W1=0x9b4,0x208a,0x3f0b W2=0x8c1,0x245f,0x1daa
  witness[01] tail=24 r61=22 gh60=0xca5bc9a W1=0x1009,0x2f30,0x3ed1 W2=0xf16,0x3c80,0x3bbb
  witness[02] tail=24 r61=22 gh60=0xd61c79a W1=0x1b8a,0x3821,0x20c6 W2=0x1a97,0x3ac5,0x3ef4
  witness[03] tail=24 r61=24 gh60=0xcbf7cae W1=0xe30,0x2140,0x2453 W2=0xd3d,0x3420,0x288a
  witness[04] tail=25 r61=18 gh60=0x3a287e6 W1=0x1b93,0x3065,0x1dcf W2=0x1aa0,0x2ec2,0x24a0
  witness[05] tail=25 r61=19 gh60=0xcb34b6a W1=0x39de,0xd50,0x303c W2=0x38eb,0x1f80,0x3d36
  witness[06] tail=25 r61=22 gh60=0xca187e6 W1=0x2b8b,0x8f0,0x33d W2=0x2a98,0x31bb,0x1212
  witness[07] tail=25 r61=24 gh60=0x5b84da6 W1=0x36ac,0x347d,0xe87 W2=0x35b9,0x1c42,0xa6d
  witness[08] tail=25 r61=26 gh60=0x3b77d6a W1=0x2e4e,0x215f,0x2725 W2=0x2d5b,0x124f,0x13b2
  witness[09] tail=26 r61=18 gh60=0x4ae45a6 W1=0x2c84,0x3284,0x17a0 W2=0x2b91,0x85a,0x2eb
  witness[10] tail=26 r61=19 gh60=0xd629cfa W1=0x2019,0x22ff,0x311e W2=0x1f26,0x606,0x23f7
  witness[11] tail=26 r61=19 gh60=0xc9244aa W1=0x2342,0x38e,0x278d W2=0x224f,0xce3,0xaaf
  witness[12] tail=26 r61=20 gh60=0x4574cae W1=0x3630,0x34ad,0x1880 W2=0x353d,0x240d,0x1248
  witness[13] tail=26 r61=21 gh60=0xde547ba W1=0x2b76,0x30a,0x121a W2=0x2a83,0x465,0x3c49
  witness[14] tail=26 r61=21 gh60=0x76ec56a W1=0x3ad2,0x1dd,0x33ea W2=0x39df,0x236c,0x5c9
  witness[15] tail=26 r61=22 gh60=0xfb944ae W1=0x240,0x1bd6,0x7a5 W2=0x14d,0x36e7,0x34a8

Scan-only r61 registry
  registry_count=16 registry_cap=16
  r61_witness[00] r61=13 tail=33 gh60=0x4908f6a W1=0x7cd,0x2164,0x3b3b W2=0x6da,0x157f,0x19da
  r61_witness[01] r61=14 tail=29 gh60=0x4a1849a W1=0x1305,0x366b,0x1cf1 W2=0x1212,0x2f34,0xb98
  r61_witness[02] r61=14 tail=31 gh60=0xc89bcaa W1=0x1141,0x2a76,0x1570 W2=0x104e,0x1b21,0x2bd4
  r61_witness[03] r61=15 tail=30 gh60=0x45885aa W1=0x1c71,0x3518,0x3154 W2=0x1b7e,0x2c0,0x2b27
  r61_witness[04] r61=15 tail=34 gh60=0x750457a W1=0xa5a,0x283b,0x3a2 W2=0x967,0xce4,0x330
  r61_witness[05] r61=15 tail=34 gh60=0x460bce6 W1=0xe1b,0x1b5a,0x11e1 W2=0xd28,0x1e72,0x1fe3
  r61_witness[06] r61=15 tail=35 gh60=0x46044e6 W1=0x3c1c,0x29c0,0x1b3b W2=0x3b29,0x3484,0x1724
  r61_witness[07] r61=16 tail=28 gh60=0x5899b9a W1=0x1a5,0x2ffd,0xd4 W2=0xb2,0x1b65,0x265b
  r61_witness[08] r61=16 tail=28 gh60=0xda887aa W1=0x3371,0x1f7b,0x2046 W2=0x327e,0x3143,0x37ff
  r61_witness[09] r61=16 tail=29 gh60=0xc985ba6 W1=0x1bc,0x158c,0x598 W2=0xc9,0x1bc3,0x1c4e
  r61_witness[10] r61=16 tail=29 gh60=0x4d884aa W1=0x1401,0x3172,0x3561 W2=0x130e,0x862,0x2145
  r61_witness[11] r61=16 tail=30 gh60=0x7f0db66 W1=0x1dcc,0x1fa4,0x4d8 W2=0x1cd9,0x2c05,0x2283
  r61_witness[12] r61=16 tail=32 gh60=0xc508d66 W1=0x65b,0xd5e,0x585 W2=0x568,0x2afc,0xdda
  r61_witness[13] r61=16 tail=33 gh60=0x4905c9a W1=0x1f4a,0x3d61,0x143e W2=0x1e57,0x23e2,0x3b5f
  r61_witness[14] r61=16 tail=34 gh60=0x452857a W1=0x4d5,0x2927,0x396c W2=0x3e2,0x1dcf,0x2949
  r61_witness[15] r61=16 tail=36 gh60=0x4e14cea W1=0x190e,0x37de,0x28c6 W2=0x181b,0x7ea,0x16d7

D60=0 fiber histogram: 1:7898 2:4762 3:1807 4:1078 5:411 6:224 7:78 8:69 9:30 10:16 11:6 12:4 13:4 14:4 15:1 16:1 17:2 19:1 20:1
