free_word_mitm_reducedn
N=14 mask=0x3fff msb=0x2000
candidate: M0=0x3d36 mode=random-fallback fill=0x3fff kernel=dM0=dM9=0x2000
prefixes=32768/268435456 mode=permuted-prefix-sample w59_per_prefix=16384 total=536870912
run_mode=scan registry_cap=128
sample_start=47874048
scan_elapsed=19.179s rate=27.99 Mtriples/s
refine_elapsed=17.505s repair_refine_elapsed=0.000s total_elapsed=36.684s

D60 interface
  D60=0 matches: 32504 (random expectation 32768.0, enrichment 0.992x)
  prefixes with D60=0: 16406
  max D60=0 fiber per prefix: 32 at W57=0x1542 W58=0xcf1
  largest D60 bucket: D=0x352a count=33796
  min D60 HW: 0
  D60 HW histogram: 0:32504 1:456761 2:2978433 3:11917585 4:32794608 5:65601536 6:98387945 7:112485753 8:98405673 9:65603396 10:32798421 11:11932554 12:2983438 13:459319 14:32986

Tail closure among D60=0 matches
  final tail collisions: 0
  best r61 HW: 14
  best r61 W1[57..59]=0x2b8b,0x34d0,0x2060
  best r61 W2[57..59]=0x2a98,0x1d9b,0xa3d
  best tail HW: 19
  best tail r61 HW: 18
  best W1[57..59]=0x70e,0x3c70,0x3635
  best W2[57..59]=0x61b,0x378,0x372b

SUMMARY N=14 sample_start=47874048 prefixes=32768 total=536870912 d0=32504 best_tail=19 tail_r61=18 best_r61=14 tail_W1=0x70e,0x3c70,0x3635 tail_W2=0x61b,0x378,0x372b r61_W1=0x2b8b,0x34d0,0x2060 r61_W2=0x2a98,0x1d9b,0xa3d

Scan-only witness registry
  registry_count=128 registry_cap=128
  witness[00] tail=19 r61=18 gh60=0x5e34cea W1=0x70e,0x3c70,0x3635 W2=0x61b,0x378,0x372b
  witness[01] tail=22 r61=19 gh60=0x4a59cba W1=0x1ff9,0x2d21,0xec8 W2=0x1f06,0x1220,0x18bf
  witness[02] tail=22 r61=20 gh60=0xd99bba6 W1=0xd7b,0x265a,0x114a W2=0xc88,0x1a14,0x195a
  witness[03] tail=23 r61=17 gh60=0xca185ea W1=0xa9d,0x290a,0x2c66 W2=0x9aa,0x3318,0x3085
  witness[04] tail=23 r61=17 gh60=0x48abb9e W1=0x31a7,0x1c80,0x26b5 W2=0x30b4,0x6a8,0xd2a
  witness[05] tail=23 r61=18 gh60=0xc638ca6 W1=0x703,0x2483,0x31bb W2=0x610,0x203f,0x2148
  witness[06] tail=23 r61=18 gh60=0x3728766 W1=0x1b53,0x209f,0x17f0 W2=0x1a60,0x1664,0xacb
  witness[07] tail=23 r61=18 gh60=0x4975bae W1=0x21c0,0x79c,0x2778 W2=0x20cd,0x3d98,0x2658
  witness[08] tail=23 r61=18 gh60=0xdeb8ca6 W1=0x27f3,0x13dd,0x1991 W2=0x2700,0x1f09,0x12dd
  witness[09] tail=23 r61=23 gh60=0x36a879a W1=0x2369,0x25dc,0x121d W2=0x2276,0x282f,0x1bc5
  witness[10] tail=23 r61=24 gh60=0x7e387fa W1=0x3b99,0x120,0x400 W2=0x3aa6,0x1470,0x9c0
  witness[11] tail=24 r61=15 gh60=0x5e244aa W1=0x302,0x3470,0x179 W2=0x20f,0x3c45,0x657
  witness[12] tail=24 r61=16 gh60=0x466bd66 W1=0x30e3,0x1a90,0x2514 W2=0x2ff0,0x1e5c,0x1752
  witness[13] tail=24 r61=20 gh60=0x4e18cea W1=0x160d,0x2f52,0x1cf6 W2=0x151a,0x919,0x1469
  witness[14] tail=24 r61=21 gh60=0x4abc59a W1=0x2a6a,0x2304,0x1293 W2=0x2977,0xf1a,0x231
  witness[15] tail=24 r61=22 gh60=0x4e5449a W1=0x1c06,0x1fe6,0x20b8 W2=0x1b13,0x16f6,0x2bb3

Scan-only r61 registry
  registry_count=128 registry_cap=128
  r61_witness[00] r61=14 tail=33 gh60=0x4a187e6 W1=0x2b8b,0x34d0,0x2060 W2=0x2a98,0x1d9b,0xa3d
  r61_witness[01] r61=15 tail=31 gh60=0xd9884ae W1=0xb2f,0x18b4,0x3529 W2=0xa3c,0x3954,0x16dc
  r61_witness[02] r61=15 tail=31 gh60=0x79f449e W1=0x1b48,0xdc,0x35d0 W2=0x1a55,0x20c8,0x297a
  r61_witness[03] r61=16 tail=24 gh60=0x466bd66 W1=0x30e3,0x1a90,0x2514 W2=0x2ff0,0x1e5c,0x1752
  r61_witness[04] r61=16 tail=25 gh60=0x49844ba W1=0x3b3a,0x1586,0x26fe W2=0x3a47,0xe3d,0x15da
  r61_witness[05] r61=16 tail=28 gh60=0xfb88ba6 W1=0x156b,0x2ade,0xb4f W2=0x1478,0x322,0x26f3
  r61_witness[06] r61=16 tail=28 gh60=0x3888baa W1=0x35ad,0xff8,0x23b8 W2=0x34ba,0x100b,0x1852
  r61_witness[07] r61=16 tail=29 gh60=0x44b85aa W1=0x3cb1,0x1aa8,0x3eb2 W2=0x3bbe,0x29c0,0x35ce
  r61_witness[08] r61=16 tail=31 gh60=0x4f0fd66 W1=0xe5c,0x3c80,0x24fd W2=0xd69,0x31d,0x3079
  r61_witness[09] r61=16 tail=31 gh60=0x4a39ca6 W1=0x1e03,0x12d1,0x86 W2=0x1d10,0x58b,0x2bb8
  r61_witness[10] r61=16 tail=31 gh60=0x4688cae W1=0x25ff,0x210c,0x227f W2=0x250c,0x10db,0x1824
  r61_witness[11] r61=16 tail=32 gh60=0x4a0c4ea W1=0x150e,0x1b02,0x1ff3 W2=0x141b,0x2f0d,0x3029
  r61_witness[12] r61=16 tail=32 gh60=0x4e09dea W1=0x208d,0x44a,0xe4a W2=0x1f9a,0xea5,0x23ee
  r61_witness[13] r61=16 tail=32 gh60=0xc9187a6 W1=0x23c3,0x1c6f,0x281d W2=0x22d0,0x7e2,0x604
  r61_witness[14] r61=16 tail=32 gh60=0xca0bcea W1=0x3021,0x3849,0x3f4a W2=0x2f2e,0x2fbc,0x2a0d
  r61_witness[15] r61=16 tail=34 gh60=0x7a044e6 W1=0x21c,0x22bb,0x17b2 W2=0x129,0x281,0x304c

Second-stage local refinement
  seed pool: count=128 cap=128
  top seeds: [tail19/r6118 W=0x70e,0x3c70,0x3635] [tail22/r6119 W=0x1ff9,0x2d21,0xec8] [tail22/r6120 W=0xd7b,0x265a,0x114a] [tail23/r6117 W=0xa9d,0x290a,0x2c66] [tail23/r6117 W=0x31a7,0x1c80,0x26b5] [tail23/r6118 W=0x703,0x2483,0x31bb] [tail23/r6118 W=0x1b53,0x209f,0x17f0] [tail23/r6118 W=0x21c0,0x79c,0x2778]
  budget=500000000 tested=500000000 D60=0=31671 collisions=0 seed_inserts=77 prefix_enums=30514
  D60=0 rate: 0.000063
  phase tested/D60=0: single=3108/24 double=63714/15 walk=0/0 prefix=499933178/31632
  min refined D60 HW: 0 d60=0x0 at W1[57..59]=0x70e,0x3c70,0x1635
  best refined tail HW: 19 (scan best 19, improvements=0)
  best refined tail W1[57..59]=0x70e,0x3c70,0x3635
  best refined tail W2[57..59]=0x61b,0x378,0x372b
  best refined r61 HW: 14 (scan best 14, improvements=0)
  best refined r61 W1[57..59]=0x2b8b,0x34d0,0x2060
  best refined r61 W2[57..59]=0x2a98,0x1d9b,0xa3d

D60=0 fiber histogram: 1:7948 2:4686 3:1815 4:1105 5:405 6:208 7:69 8:84 9:44 10:20 11:8 12:5 13:2 14:3 15:1 16:2 32:1
