free_word_mitm_reducedn
N=14 mask=0x3fff msb=0x2000
candidate: M0=0x3d36 mode=random-fallback fill=0x3fff kernel=dM0=dM9=0x2000
prefixes=32768/268435456 mode=permuted-prefix-sample w59_per_prefix=16384 total=536870912
run_mode=scan registry_cap=16
sample_start=231440384
scan_elapsed=19.921s rate=26.95 Mtriples/s

D60 interface
  D60=0 matches: 32902 (random expectation 32768.0, enrichment 1.004x)
  prefixes with D60=0: 16526
  max D60=0 fiber per prefix: 18 at W57=0x10be W58=0x8ea
  largest D60 bucket: D=0x12b5 count=33902
  min D60 HW: 0
  D60 HW histogram: 0:32902 1:459687 2:2973231 3:11891241 4:32760521 5:65569552 6:98439840 7:112553738 8:98461824 9:65609929 10:32777670 11:11887466 12:2965468 13:455072 14:32771

Tail closure among D60=0 matches
  final tail collisions: 0
  best r61 HW: 14
  best r61 W1[57..59]=0x2602,0x3993,0x3227
  best r61 W2[57..59]=0x250f,0x1a7,0x883
  best tail HW: 21
  best tail r61 HW: 19
  best W1[57..59]=0x946,0x4e4,0xae1
  best W2[57..59]=0x853,0x283b,0x30d4

SUMMARY N=14 sample_start=231440384 prefixes=32768 total=536870912 d0=32902 best_tail=21 tail_r61=19 best_r61=14 tail_W1=0x946,0x4e4,0xae1 tail_W2=0x853,0x283b,0x30d4 r61_W1=0x2602,0x3993,0x3227 r61_W2=0x250f,0x1a7,0x883

Scan-only witness registry
  registry_count=16 registry_cap=16
  witness[00] tail=21 r61=19 gh60=0xc754c9a W1=0x946,0x4e4,0xae1 W2=0x853,0x283b,0x30d4
  witness[01] tail=21 r61=22 gh60=0x4d245aa W1=0xcc2,0x36b,0x10b0 W2=0xbcf,0x12a8,0x3250
  witness[02] tail=22 r61=21 gh60=0xf90479a W1=0x33ca,0x1b23,0x1cc4 W2=0x32d7,0x1d29,0x982
  witness[03] tail=23 r61=14 gh60=0xba19fee W1=0x3f9f,0x37c1,0x3975 W2=0x3eac,0x2e80,0x1691
  witness[04] tail=23 r61=21 gh60=0xba2bc9a W1=0xf05,0x1cb8,0x3ee2 W2=0xe12,0x2c04,0x3b80
  witness[05] tail=24 r61=17 gh60=0x493476e W1=0x13d0,0x3fff,0x2fe4 W2=0x12dd,0xf42,0x23c
  witness[06] tail=24 r61=19 gh60=0x4b9bda6 W1=0x106b,0x231c,0x10d8 W2=0xf78,0xe2,0x37b6
  witness[07] tail=24 r61=23 gh60=0xd8984ba W1=0x3335,0x1a06,0x826 W2=0x3242,0x1104,0x13ab
  witness[08] tail=24 r61=25 gh60=0x3e64766 W1=0x2b64,0x961,0x3230 W2=0x2a71,0x2f37,0xbc5
  witness[09] tail=24 r61=26 gh60=0x4b14d6e W1=0x2860,0x3bac,0x25ff W2=0x276d,0x16e8,0x23ea
  witness[10] tail=25 r61=19 gh60=0xc4845a6 W1=0x34bc,0x33f2,0x3c18 W2=0x33c9,0x3828,0x12fa
  witness[11] tail=25 r61=19 gh60=0xc5a9dba W1=0x3eb5,0x2d42,0x25 W2=0x3dc2,0x1b95,0x3ba3
  witness[12] tail=25 r61=20 gh60=0xc51bd66 W1=0xecb,0xd,0x383e W2=0xdd8,0x6d9,0x28d9
  witness[13] tail=25 r61=22 gh60=0xb6accbe W1=0x17f8,0x30f3,0x3188 W2=0x1705,0x3b53,0x2e53
  witness[14] tail=25 r61=23 gh60=0x4a14cea W1=0x271e,0x1658,0x1064 W2=0x262b,0x1c54,0x6cf
  witness[15] tail=26 r61=17 gh60=0xd60c4e6 W1=0x2a0c,0x2c5d,0xa3b W2=0x2919,0xb31,0x3ebd

Scan-only r61 registry
  registry_count=16 registry_cap=16
  r61_witness[00] r61=14 tail=23 gh60=0xba19fee W1=0x3f9f,0x37c1,0x3975 W2=0x3eac,0x2e80,0x1691
  r61_witness[01] r61=14 tail=28 gh60=0x4a24caa W1=0x2602,0x3993,0x3227 W2=0x250f,0x1a7,0x883
  r61_witness[02] r61=15 tail=29 gh60=0x59987aa W1=0x1b81,0x32d1,0x2d19 W2=0x1a8e,0x389,0x2339
  r61_witness[03] r61=15 tail=31 gh60=0x4a044e6 W1=0x250c,0x1d87,0x3d9f W2=0x2419,0xc69,0x2062
  r61_witness[04] r61=15 tail=34 gh60=0x458c5a6 W1=0xcac,0xfa6,0xf6a W2=0xbb9,0x5ea,0x649
  r61_witness[05] r61=15 tail=37 gh60=0x44884aa W1=0x2c3d,0xd4c,0x29c1 W2=0x2b4a,0x1278,0x14d6
  r61_witness[06] r61=16 tail=27 gh60=0x4a08ce6 W1=0x190b,0x195f,0x3068 W2=0x1818,0x24f5,0x65a
  r61_witness[07] r61=16 tail=28 gh60=0x5e08bea W1=0x25a1,0x2a65,0xddb W2=0x24ae,0x2928,0x1429
  r61_witness[08] r61=16 tail=30 gh60=0x45e7faa W1=0xf82,0xe52,0xc98 W2=0xe8f,0x3406,0x110d
  r61_witness[09] r61=16 tail=32 gh60=0x3e084ea W1=0x421,0x271f,0x2be8 W2=0x32e,0x2d19,0x4d4
  r61_witness[10] r61=16 tail=32 gh60=0x58a84ba W1=0x2b35,0x88e,0x31ed W2=0x2a42,0x2f08,0x3c1e
  r61_witness[11] r61=16 tail=34 gh60=0x4988faa W1=0x17c1,0x2d91,0x3b72 W2=0x16ce,0x3b98,0x6be
  r61_witness[12] r61=16 tail=36 gh60=0x4619de6 W1=0x1e8b,0x1f81,0x2d1f W2=0x1d98,0x37bd,0x3d80
  r61_witness[13] r61=16 tail=36 gh60=0xcf0876a W1=0x33e1,0xb2,0x125b W2=0x32ee,0x1500,0x39d3
  r61_witness[14] r61=16 tail=37 gh60=0x448bcae W1=0xe2f,0x2655,0x1853 W2=0xd3c,0xd34,0xb24
  r61_witness[15] r61=17 tail=24 gh60=0x493476e W1=0x13d0,0x3fff,0x2fe4 W2=0x12dd,0xf42,0x23c

D60=0 fiber histogram: 1:7946 2:4735 3:1828 4:1154 5:408 6:217 7:93 8:68 9:22 10:21 11:12 12:7 13:3 14:6 16:2 17:2 18:2
