free_word_mitm_reducedn
N=14 mask=0x3fff msb=0x2000
candidate: M0=0x3d36 mode=random-fallback fill=0x3fff kernel=dM0=dM9=0x2000
prefixes=32768/268435456 mode=permuted-prefix-sample w59_per_prefix=16384 total=536870912
run_mode=scan registry_cap=16
sample_start=197885952
scan_elapsed=20.062s rate=26.76 Mtriples/s

D60 interface
  D60=0 matches: 32637 (random expectation 32768.0, enrichment 0.996x)
  prefixes with D60=0: 16527
  max D60=0 fiber per prefix: 16 at W57=0x1604 W58=0x1622
  largest D60 bucket: D=0x2db6 count=33827
  min D60 HW: 0
  D60 HW histogram: 0:32637 1:456229 2:2966445 3:11897251 4:32775598 5:65621639 6:98444246 7:112527663 8:98436324 9:65582929 10:32756310 11:11910404 12:2973245 13:457188 14:32804

Tail closure among D60=0 matches
  final tail collisions: 0
  best r61 HW: 14
  best r61 W1[57..59]=0x16c1,0x3f77,0x224e
  best r61 W2[57..59]=0x15ce,0xfbe,0x34e3
  best tail HW: 20
  best tail r61 HW: 25
  best W1[57..59]=0x384f,0x33f3,0x2c8a
  best W2[57..59]=0x375c,0x2746,0x10f

SUMMARY N=14 sample_start=197885952 prefixes=32768 total=536870912 d0=32637 best_tail=20 tail_r61=25 best_r61=14 tail_W1=0x384f,0x33f3,0x2c8a tail_W2=0x375c,0x2746,0x10f r61_W1=0x16c1,0x3f77,0x224e r61_W2=0x15ce,0xfbe,0x34e3

Scan-only witness registry
  registry_count=16 registry_cap=16
  witness[00] tail=20 r61=25 gh60=0xb708d6e W1=0x384f,0x33f3,0x2c8a W2=0x375c,0x2746,0x10f
  witness[01] tail=22 r61=23 gh60=0xce6c4a6 W1=0x2404,0x2cde,0x2ff4 W2=0x2311,0xcda,0x2a29
  witness[02] tail=24 r61=15 gh60=0x4babd9e W1=0x10a7,0x3b5b,0x2d77 W2=0xfb4,0x2ba3,0xf6d
  witness[03] tail=24 r61=19 gh60=0x49b8ca6 W1=0x92b,0x3418,0x1fd0 W2=0x838,0x2e34,0x3a3e
  witness[04] tail=24 r61=22 gh60=0x5f887aa W1=0x3bad,0x3450,0x1fd7 W2=0x3aba,0x37a4,0x1bbe
  witness[05] tail=25 r61=16 gh60=0xcd55d9a W1=0xa6,0x2a8c,0x3f47 W2=0x3fb3,0x709,0x258e
  witness[06] tail=25 r61=17 gh60=0x4895baa W1=0x21ae,0x352a,0x3ee5 W2=0x20bb,0x3272,0x26d3
  witness[07] tail=25 r61=19 gh60=0x7997caa W1=0xeee,0xb3e,0x179d W2=0xdfb,0x3eba,0xf02
  witness[08] tail=25 r61=19 gh60=0x570bb6a W1=0x2d5d,0xd24,0x2279 W2=0x2c6a,0x2e0f,0x1593
  witness[09] tail=25 r61=19 gh60=0x470bd66 W1=0x2edb,0x2ecc,0x3bf3 W2=0x2de8,0x3788,0x3713
  witness[10] tail=25 r61=20 gh60=0x56f8566 W1=0x24e3,0x235b,0x33e W2=0x23f0,0x3faa,0x2b8c
  witness[11] tail=25 r61=22 gh60=0xcd3cd9a W1=0x36ca,0x3d9b,0x2cf7 W2=0x35d7,0x3ec2,0x3a86
  witness[12] tail=25 r61=23 gh60=0x750cd6e W1=0x860,0x11b7,0x2c8b W2=0x76d,0x34fb,0x3a30
  witness[13] tail=25 r61=24 gh60=0xc9e4ba6 W1=0x9c4,0x3872,0x20ad W2=0x8d1,0x3c57,0x36d6
  witness[14] tail=25 r61=25 gh60=0xda99baa W1=0x3d7d,0xde7,0x3531 W2=0x3c8a,0x3f5a,0x16d6
  witness[15] tail=26 r61=18 gh60=0xc754d7a W1=0x16d6,0x55d,0x1739 W2=0x15e3,0x3331,0x210a

Scan-only r61 registry
  registry_count=16 registry_cap=16
  r61_witness[00] r61=14 tail=30 gh60=0x44b8daa W1=0x16c1,0x3f77,0x224e W2=0x15ce,0xfbe,0x34e3
  r61_witness[01] r61=14 tail=33 gh60=0x4a58dbe W1=0x677,0x32e8,0x1e69 W2=0x584,0x3b33,0x353e
  r61_witness[02] r61=15 tail=24 gh60=0x4babd9e W1=0x10a7,0x3b5b,0x2d77 W2=0xfb4,0x2ba3,0xf6d
  r61_witness[03] r61=15 tail=28 gh60=0xd56859a W1=0x3ac5,0x97a,0x177c W2=0x39d2,0x559,0x27e4
  r61_witness[04] r61=15 tail=31 gh60=0xb4985aa W1=0x12ad,0x268a,0x434 W2=0x11ba,0x39e,0xf5d
  r61_witness[05] r61=16 tail=25 gh60=0xcd55d9a W1=0xa6,0x2a8c,0x3f47 W2=0x3fb3,0x709,0x258e
  r61_witness[06] r61=16 tail=32 gh60=0x5a25ca6 W1=0x4,0x2a03,0x18ba W2=0x3f11,0x23e,0xa6
  r61_witness[07] r61=16 tail=34 gh60=0x4c88dae W1=0x8af,0x3448,0x38ad W2=0x7bc,0x167f,0x1524
  r61_witness[08] r61=16 tail=35 gh60=0x49b44be W1=0x1cf8,0x13de,0x376e W2=0x1c05,0x317d,0xbc7
  r61_witness[09] r61=16 tail=36 gh60=0xcc87d9a W1=0x10aa,0xcce,0x2956 W2=0xfb7,0x293b,0x216
  r61_witness[10] r61=16 tail=36 gh60=0xca2bbfa W1=0x2d99,0x58d,0xad6 W2=0x2ca6,0x3364,0x1619
  r61_witness[11] r61=16 tail=37 gh60=0x44885aa W1=0x34bd,0x39d1,0x1339 W2=0x33ca,0x1655,0x1ec4
  r61_witness[12] r61=16 tail=38 gh60=0x4888baa W1=0x39c1,0x7f9,0x237e W2=0x38ce,0x1400,0x2180
  r61_witness[13] r61=16 tail=40 gh60=0xca044e6 W1=0x241c,0x437,0x19fa W2=0x2329,0x3fd,0x280b
  r61_witness[14] r61=17 tail=25 gh60=0x4895baa W1=0x21ae,0x352a,0x3ee5 W2=0x20bb,0x3272,0x26d3
  r61_witness[15] r61=17 tail=29 gh60=0xc884c9a W1=0x92a,0x3e63,0x3efe W2=0x837,0x1f26,0x130e

D60=0 fiber histogram: 1:7996 2:4686 3:1895 4:1089 5:426 6:220 7:80 8:78 9:23 10:12 11:6 12:13 13:1 16:2
