free_word_mitm_reducedn
N=14 mask=0x3fff msb=0x2000
candidate: M0=0x3d36 mode=random-fallback fill=0x3fff kernel=dM0=dM9=0x2000
prefixes=32768/268435456 mode=permuted-prefix-sample w59_per_prefix=16384 total=536870912
run_mode=scan registry_cap=16
sample_start=71794688
scan_elapsed=21.696s rate=24.75 Mtriples/s

D60 interface
  D60=0 matches: 32468 (random expectation 32768.0, enrichment 0.991x)
  prefixes with D60=0: 16478
  max D60=0 fiber per prefix: 17 at W57=0x3a61 W58=0x2d9e
  largest D60 bucket: D=0x240d count=33958
  min D60 HW: 0
  D60 HW histogram: 0:32468 1:456661 2:2969909 3:11914166 4:32801136 5:65634958 6:98469958 7:112511806 8:98399037 9:65566941 10:32760104 11:11896285 12:2970408 13:454643 14:32432

Tail closure among D60=0 matches
  final tail collisions: 0
  best r61 HW: 14
  best r61 W1[57..59]=0x13dc,0x323c,0x342c
  best r61 W2[57..59]=0x12e9,0x30ee,0x1c3c
  best tail HW: 24
  best tail r61 HW: 22
  best W1[57..59]=0x24e0,0x16ad,0x56d
  best W2[57..59]=0x23ed,0x3e50,0x3331

SUMMARY N=14 sample_start=71794688 prefixes=32768 total=536870912 d0=32468 best_tail=24 tail_r61=22 best_r61=14 tail_W1=0x24e0,0x16ad,0x56d tail_W2=0x23ed,0x3e50,0x3331 r61_W1=0x13dc,0x323c,0x342c r61_W2=0x12e9,0x30ee,0x1c3c

Scan-only witness registry
  registry_count=16 registry_cap=16
  witness[00] tail=24 r61=21 gh60=0xba6fffa W1=0x2f96,0x3d3d,0x3f49 W2=0x2ea3,0x27d5,0x3197
  witness[01] tail=24 r61=22 gh60=0x4f7456e W1=0x24e0,0x16ad,0x56d W2=0x23ed,0x3e50,0x3331
  witness[02] tail=24 r61=23 gh60=0xcca8d9a W1=0x18a5,0x31ef,0x20d6 W2=0x17b2,0x2ccd,0x36b
  witness[03] tail=25 r61=18 gh60=0xba04fe6 W1=0x78c,0x798,0x1a8e W2=0x699,0x3063,0x18ac
  witness[04] tail=25 r61=19 gh60=0xc5e4caa W1=0x702,0x1a7d,0x31b1 W2=0x60f,0x1e51,0x826
  witness[05] tail=25 r61=19 gh60=0x7a2c5a6 W1=0x3484,0x17a0,0x3369 W2=0x3391,0x3c74,0x1d1f
  witness[06] tail=25 r61=19 gh60=0x5e15fea W1=0x3f9e,0x26a7,0x1f62 W2=0x3eab,0x2527,0x2f83
  witness[07] tail=25 r61=20 gh60=0x4babbba W1=0x2db9,0x33e6,0x325c W2=0x2cc6,0x2139,0x2bd4
  witness[08] tail=25 r61=21 gh60=0xbaf8fea W1=0x79d,0x656,0x2130 W2=0x6aa,0x31d5,0x3dcc
  witness[09] tail=25 r61=21 gh60=0x472bb7a W1=0x31d5,0x134d,0x3528 W2=0x30e2,0x3088,0xe9b
  witness[10] tail=26 r61=14 gh60=0xc899faa W1=0x1fb1,0xeda,0xed2 W2=0x1ebe,0xaf1,0x1336
  witness[11] tail=26 r61=16 gh60=0x3bd4cfe W1=0x1618,0x2f03,0x1bdb W2=0x1525,0x3d5b,0x198e
  witness[12] tail=26 r61=16 gh60=0x4708f6e W1=0x37df,0xa75,0x1543 W2=0x36ec,0xaa4,0x15c1
  witness[13] tail=26 r61=18 gh60=0x4b1c4a6 W1=0x344,0x34e6,0x26e6 W2=0x251,0x2462,0xb3c
  witness[14] tail=26 r61=18 gh60=0x3618be6 W1=0x3593,0x3ccf,0x8b4 W2=0x34a0,0x172d,0xb9a
  witness[15] tail=26 r61=21 gh60=0xd52857e W1=0x3257,0x3603,0xfd0 W2=0x3164,0xd37,0xff7

Scan-only r61 registry
  registry_count=16 registry_cap=16
  r61_witness[00] r61=14 tail=26 gh60=0xc899faa W1=0x1fb1,0xeda,0xed2 W2=0x1ebe,0xaf1,0x1336
  r61_witness[01] r61=14 tail=37 gh60=0x4a085ee W1=0x48f,0x1669,0x33bf W2=0x39c,0x3ba7,0x1f24
  r61_witness[02] r61=14 tail=38 gh60=0xdb0c766 W1=0x13dc,0x323c,0x342c W2=0x12e9,0x30ee,0x1c3c
  r61_witness[03] r61=16 tail=26 gh60=0x3bd4cfe W1=0x1618,0x2f03,0x1bdb W2=0x1525,0x3d5b,0x198e
  r61_witness[04] r61=16 tail=26 gh60=0x4708f6e W1=0x37df,0xa75,0x1543 W2=0x36ec,0xaa4,0x15c1
  r61_witness[05] r61=16 tail=28 gh60=0x458ccae W1=0x5f0,0x27c6,0x3b97 W2=0x4fd,0x8a6,0x2a00
  r61_witness[06] r61=16 tail=31 gh60=0x7e07b9a W1=0x118a,0x35ef,0x24b0 W2=0x1097,0x18cc,0x3612
  r61_witness[07] r61=16 tail=35 gh60=0x4898ca6 W1=0x172b,0x176f,0x124 W2=0x1638,0x30b,0x2460
  r61_witness[08] r61=16 tail=35 gh60=0x4954b9e W1=0x35c8,0x2088,0x2941 W2=0x34d5,0x29db,0x2956
  r61_witness[09] r61=16 tail=36 gh60=0x45885ae W1=0x4af,0x343c,0x11d0 W2=0x3bc,0x18f4,0x7a2
  r61_witness[10] r61=16 tail=36 gh60=0x4d88da6 W1=0x6bb,0x251,0x1db5 W2=0x5c8,0x19f5,0xe53
  r61_witness[11] r61=16 tail=37 gh60=0xc8984a6 W1=0x232b,0x2db8,0x1be8 W2=0x2238,0xe15,0x3b50
  r61_witness[12] r61=16 tail=49 gh60=0x4889baa W1=0x1dbd,0x1433,0x9f W2=0x1cca,0x13a,0x2498
  r61_witness[13] r61=17 tail=28 gh60=0xbaa84a6 W1=0x1f3,0x3468,0x35f W2=0x100,0x1f53,0xe70
  r61_witness[14] r61=17 tail=28 gh60=0x4d07d66 W1=0xe5c,0x2059,0x14a6 W2=0xd69,0x26f6,0x2d5f
  r61_witness[15] r61=17 tail=28 gh60=0x4aa45aa W1=0x3272,0x22ba,0xe5c W2=0x317f,0x3e57,0xf1f

D60=0 fiber histogram: 1:7958 2:4754 3:1836 4:1113 5:380 6:223 7:70 8:73 9:34 10:18 11:5 12:7 13:1 14:2 15:1 16:2 17:1
