free_word_mitm_reducedn
N=14 mask=0x3fff msb=0x2000
candidate: M0=0x3d36 mode=random-fallback fill=0x3fff kernel=dM0=dM9=0x2000
prefixes=32768/268435456 mode=permuted-prefix-sample w59_per_prefix=16384 total=536870912
run_mode=scan registry_cap=16
sample_start=138903552
scan_elapsed=21.879s rate=24.54 Mtriples/s

D60 interface
  D60=0 matches: 32544 (random expectation 32768.0, enrichment 0.993x)
  prefixes with D60=0: 16444
  max D60=0 fiber per prefix: 22 at W57=0x2fc0 W58=0x1909
  largest D60 bucket: D=0x274e count=33770
  min D60 HW: 0
  D60 HW histogram: 0:32544 1:455992 2:2968965 3:11908149 4:32786227 5:65636097 6:98482542 7:112511308 8:98415241 9:65575264 10:32748985 11:11896186 12:2967734 13:453748 14:31930

Tail closure among D60=0 matches
  final tail collisions: 0
  best r61 HW: 13
  best r61 W1[57..59]=0x2172,0x1186,0x1c98
  best r61 W2[57..59]=0x207f,0x3b26,0xb4d
  best tail HW: 23
  best tail r61 HW: 18
  best W1[57..59]=0x1d18,0xe4c,0x2b26
  best W2[57..59]=0x1c25,0x2bf5,0x2ebc

SUMMARY N=14 sample_start=138903552 prefixes=32768 total=536870912 d0=32544 best_tail=23 tail_r61=18 best_r61=13 tail_W1=0x1d18,0xe4c,0x2b26 tail_W2=0x1c25,0x2bf5,0x2ebc r61_W1=0x2172,0x1186,0x1c98 r61_W2=0x207f,0x3b26,0xb4d

Scan-only witness registry
  registry_count=16 registry_cap=16
  witness[00] tail=23 r61=18 gh60=0x77dc4fe W1=0x1d18,0xe4c,0x2b26 W2=0x1c25,0x2bf5,0x2ebc
  witness[01] tail=24 r61=20 gh60=0x3a985a6 W1=0x2c73,0x1b55,0x2523 W2=0x2b80,0x302a,0x4e5
  witness[02] tail=24 r61=21 gh60=0xda28da6 W1=0x683,0x193a,0x3532 W2=0x590,0x111e,0x1a2
  witness[03] tail=24 r61=21 gh60=0x4a24cea W1=0x812,0x176,0x1499 W2=0x71f,0x672,0x3ca9
  witness[04] tail=24 r61=22 gh60=0x4738d6a W1=0x661,0x1bbe,0x190c W2=0x56e,0x1921,0x2424
  witness[05] tail=24 r61=24 gh60=0x4bf8f6e W1=0x274f,0x2b6f,0xd72 W2=0x265c,0x1fae,0x29ac
  witness[06] tail=24 r61=28 gh60=0x3bbc4aa W1=0xb2e,0x1eae,0xbb5 W2=0xa3b,0x272f,0x317c
  witness[07] tail=25 r61=17 gh60=0x4ea9bba W1=0x1d79,0x1d7a,0x1249 W2=0x1c86,0x2041,0x253f
  witness[08] tail=25 r61=17 gh60=0x4a0cbfa W1=0x259a,0x27a,0x3e95 W2=0x24a7,0x353e,0x37f9
  witness[09] tail=25 r61=18 gh60=0x57ecc9a W1=0x826,0x1592,0x21b0 W2=0x733,0x3661,0x2bee
  witness[10] tail=25 r61=18 gh60=0x3c84ca6 W1=0x262c,0x360f,0x1e13 W2=0x2539,0x16ac,0x1cd4
  witness[11] tail=25 r61=20 gh60=0x4b3856a W1=0xc61,0x24ed,0x1de9 W2=0xb6e,0x1fef,0x986
  witness[12] tail=25 r61=20 gh60=0x4f8dbaa W1=0x216e,0xe49,0x2be8 W2=0x207b,0x825,0x8c7
  witness[13] tail=25 r61=22 gh60=0xcfa84be W1=0x1c37,0x3c11,0x141e W2=0x1b44,0x1933,0x27f8
  witness[14] tail=25 r61=24 gh60=0x371bba6 W1=0x2dc3,0x2df4,0x2e7d W2=0x2cd0,0x2b62,0x3622
  witness[15] tail=25 r61=28 gh60=0x365c49e W1=0x3308,0x298c,0x7fc W2=0x3215,0xa82,0x37

Scan-only r61 registry
  registry_count=16 registry_cap=16
  r61_witness[00] r61=13 tail=34 gh60=0x46a5baa W1=0x2172,0x1186,0x1c98 W2=0x207f,0x3b26,0xb4d
  r61_witness[01] r61=14 tail=26 gh60=0x4a05d9a W1=0x1e8a,0x263d,0x34c2 W2=0x1d97,0x155e,0x23ef
  r61_witness[02] r61=14 tail=30 gh60=0x4a084ea W1=0x141d,0x3397,0x26d1 W2=0x132a,0xac9,0x3946
  r61_witness[03] r61=14 tail=34 gh60=0x4d04d66 W1=0x16cc,0x37ea,0xf8a W2=0x15d9,0x25b9,0x1b07
  r61_witness[04] r61=15 tail=37 gh60=0x4b05f7a W1=0x3fda,0x36e6,0x1fe4 W2=0x3ee7,0x28fa,0x132f
  r61_witness[05] r61=16 tail=28 gh60=0xca08dea W1=0x188d,0x26ab,0x1cc8 W2=0x179a,0x28a,0x1518
  r61_witness[06] r61=16 tail=28 gh60=0x4ca8d9a W1=0x18a5,0x1ef,0x1239 W2=0x17b2,0x3ccd,0x14d6
  r61_witness[07] r61=16 tail=29 gh60=0xc968c9a W1=0x2929,0x273e,0x1a63 W2=0x2836,0xa14,0xc72
  r61_witness[08] r61=16 tail=30 gh60=0x38884aa W1=0x2b3d,0x3bcd,0x28f6 W2=0x2a4a,0x339,0x21d1
  r61_witness[09] r61=16 tail=31 gh60=0xcd8ccae W1=0x2840,0xa9e,0x21af W2=0x274d,0x23ee,0x2b6a
  r61_witness[10] r61=16 tail=32 gh60=0xf704b66 W1=0x54c,0xfbe,0x1b26 W2=0x459,0x19a1,0x226
  r61_witness[11] r61=16 tail=33 gh60=0x5989baa W1=0x1c1,0x3222,0x239e W2=0xce,0x2c2d,0x2e42
  r61_witness[12] r61=16 tail=33 gh60=0x5a185ea W1=0xc9d,0x2141,0xf91 W2=0xbaa,0x2ccf,0x2a4b
  r61_witness[13] r61=16 tail=33 gh60=0x3ad7b7a W1=0xdd6,0xa66,0x282d W2=0xce3,0x3966,0x399c
  r61_witness[14] r61=16 tail=33 gh60=0xc608be6 W1=0x299b,0x3d00,0x14ad W2=0x28a8,0x3f3e,0x1058
  r61_witness[15] r61=16 tail=35 gh60=0x4a084ea W1=0x141d,0x3397,0x6ef W2=0x132a,0xac9,0x1964

D60=0 fiber histogram: 1:7977 2:4700 3:1777 4:1131 5:413 6:233 7:72 8:62 9:28 10:24 11:8 12:10 14:4 16:1 17:1 18:1 20:1 22:1
