free_word_mitm_reducedn
N=14 mask=0x3fff msb=0x2000
candidate: M0=0x3d36 mode=random-fallback fill=0x3fff kernel=dM0=dM9=0x2000
prefixes=32768/268435456 mode=permuted-prefix-sample w59_per_prefix=16384 total=536870912
run_mode=scan registry_cap=16
sample_start=164069376
scan_elapsed=22.117s rate=24.27 Mtriples/s

D60 interface
  D60=0 matches: 32719 (random expectation 32768.0, enrichment 0.999x)
  prefixes with D60=0: 16595
  max D60=0 fiber per prefix: 31 at W57=0x21ad W58=0x1625
  largest D60 bucket: D=0xd56 count=33910
  min D60 HW: 0
  D60 HW histogram: 0:32719 1:455983 2:2968366 3:11893709 4:32787992 5:65642518 6:98506637 7:112553657 8:98405747 9:65536974 10:32736045 11:11892894 12:2970089 13:455245 14:32337

Tail closure among D60=0 matches
  final tail collisions: 0
  best r61 HW: 12
  best r61 W1[57..59]=0x2dc4,0x19d3,0x3745
  best r61 W2[57..59]=0x2cd1,0x1332,0xe45
  best tail HW: 22
  best tail r61 HW: 22
  best W1[57..59]=0x2d49,0xfb8,0x34b1
  best W2[57..59]=0x2c56,0x3647,0x2e7e

SUMMARY N=14 sample_start=164069376 prefixes=32768 total=536870912 d0=32719 best_tail=22 tail_r61=22 best_r61=12 tail_W1=0x2d49,0xfb8,0x34b1 tail_W2=0x2c56,0x3647,0x2e7e r61_W1=0x2dc4,0x19d3,0x3745 r61_W2=0x2cd1,0x1332,0xe45

Scan-only witness registry
  registry_count=16 registry_cap=16
  witness[00] tail=22 r61=18 gh60=0xcad849e W1=0x9e7,0x253,0x2928 W2=0x8f4,0xe7c,0x1d56
  witness[01] tail=22 r61=22 gh60=0xd95849a W1=0x2d49,0xfb8,0x34b1 W2=0x2c56,0x3647,0x2e7e
  witness[02] tail=23 r61=21 gh60=0xbb08b6e W1=0x294f,0x29e2,0x77 W2=0x285c,0x1c01,0x10c9
  witness[03] tail=23 r61=25 gh60=0xff0fb6e W1=0x2d50,0x2468,0xca9 W2=0x2c5d,0xc88,0x12f6
  witness[04] tail=24 r61=20 gh60=0x4d5fc9a W1=0x1046,0x3ef2,0xe9d W2=0xf53,0xb83,0x1ffd
  witness[05] tail=24 r61=21 gh60=0xfb04566 W1=0x2acc,0x19c0,0x1109 W2=0x29d9,0x3014,0x2cbf
  witness[06] tail=24 r61=22 gh60=0xc58bdaa W1=0x2ead,0x3288,0x12aa W2=0x2dba,0x2f5b,0x18b2
  witness[07] tail=24 r61=23 gh60=0xfb7849e W1=0x2a47,0x21ac,0x187 W2=0x2954,0x2d9b,0x22c6
  witness[08] tail=25 r61=16 gh60=0xba084ee W1=0x321f,0xaec,0x33d9 W2=0x312c,0x982,0xe0e
  witness[09] tail=25 r61=17 gh60=0xcb1bd7a W1=0x2ed5,0x1eab,0x93e W2=0x2de2,0x3ef6,0x10b6
  witness[10] tail=25 r61=18 gh60=0x3a087e6 W1=0x3b8b,0xd84,0x1da8 W2=0x3a98,0x953,0x34c6
  witness[11] tail=25 r61=21 gh60=0x4a944aa W1=0x34ee,0x34e8,0x1058 W2=0x33fb,0xae9,0x1550
  witness[12] tail=25 r61=22 gh60=0xc4ffc9a W1=0xe26,0x1cc1,0x1da9 W2=0xd33,0x2f12,0x194f
  witness[13] tail=25 r61=22 gh60=0xb62c4ea W1=0x3a12,0x20e3,0x24d W2=0x391f,0x32e2,0x13d3
  witness[14] tail=25 r61=22 gh60=0xc639cfa W1=0x3f19,0x7e,0xfc2 W2=0x3e26,0x2535,0x3418
  witness[15] tail=25 r61=24 gh60=0x4e784aa W1=0x29f1,0x3241,0x20f W2=0x28fe,0x3541,0x353d

Scan-only r61 registry
  registry_count=16 registry_cap=16
  r61_witness[00] r61=12 tail=26 gh60=0x4927ba6 W1=0x2dc4,0x19d3,0x3745 W2=0x2cd1,0x1332,0xe45
  r61_witness[01] r61=14 tail=26 gh60=0x4484ca6 W1=0x63c,0x2f9,0xa21 W2=0x549,0x2286,0x3747
  r61_witness[02] r61=15 tail=29 gh60=0xc618be6 W1=0x299b,0x3715,0x18ad W2=0x28a8,0x3953,0x1179
  r61_witness[03] r61=15 tail=32 gh60=0xd50bd6a W1=0x305d,0x2a61,0x3e6 W2=0x2f6a,0x251c,0x17f9
  r61_witness[04] r61=15 tail=37 gh60=0x3a07b9a W1=0xd8a,0x3b33,0x46b W2=0xc97,0x2250,0x228d
  r61_witness[05] r61=15 tail=44 gh60=0x4908b6a W1=0x54d,0x3f88,0x8de W2=0x45a,0x2d8b,0x1725
  r61_witness[06] r61=16 tail=25 gh60=0xba084ee W1=0x321f,0xaec,0x33d9 W2=0x312c,0x982,0xe0e
  r61_witness[07] r61=16 tail=26 gh60=0x4e0459a W1=0xc8a,0x3904,0x3609 W2=0xb97,0x27dc,0x28de
  r61_witness[08] r61=16 tail=29 gh60=0x4908f6a W1=0x27cd,0x8e8,0x18b0 W2=0x26da,0x350b,0x3ab7
  r61_witness[09] r61=16 tail=30 gh60=0xda19ce6 W1=0xb,0x1178,0x319b W2=0x3f18,0x3c1c,0x3603
  r61_witness[10] r61=16 tail=32 gh60=0x3a0c5ea W1=0x1c8e,0x1f31,0x2c6e W2=0x1b9b,0x2cd4,0x1d03
  r61_witness[11] r61=16 tail=32 gh60=0x4628ce6 W1=0x3713,0xc20,0x3b8b W2=0x3620,0x19c6,0xafa
  r61_witness[12] r61=16 tail=33 gh60=0x4a08cee W1=0x371f,0x15d7,0xf76 W2=0x362c,0x49e,0x2356
  r61_witness[13] r61=16 tail=37 gh60=0x75a7d66 W1=0x1064,0x3d1c,0x1a32 W2=0xf71,0x3e09,0x2f34
  r61_witness[14] r61=16 tail=38 gh60=0xc52857a W1=0x24d9,0xffd,0x2749 W2=0x23e6,0x2ab1,0x262e
  r61_witness[15] r61=17 tail=25 gh60=0xcb1bd7a W1=0x2ed5,0x1eab,0x93e W2=0x2de2,0x3ef6,0x10b6

D60=0 fiber histogram: 1:7992 2:4860 3:1785 4:1107 5:418 6:236 7:70 8:68 9:16 10:15 11:1 12:11 13:8 14:3 15:1 17:1 18:1 20:1 31:1
