free_word_mitm_reducedn
N=14 mask=0x3fff msb=0x2000
candidate: M0=0x3d36 mode=random-fallback fill=0x3fff kernel=dM0=dM9=0x2000
prefixes=32768/268435456 mode=permuted-prefix-sample w59_per_prefix=16384 total=536870912
run_mode=scan registry_cap=16
sample_start=90800128
scan_elapsed=20.075s rate=26.74 Mtriples/s

D60 interface
  D60=0 matches: 32360 (random expectation 32768.0, enrichment 0.988x)
  prefixes with D60=0: 16364
  max D60=0 fiber per prefix: 20 at W57=0x30db W58=0x3b02
  largest D60 bucket: D=0x2e35 count=33850
  min D60 HW: 0
  D60 HW histogram: 0:32360 1:455713 2:2978944 3:11917893 4:32798364 5:65603143 6:98479930 7:112523581 8:98385566 9:65553767 10:32774862 11:11905209 12:2972249 13:456820 14:32511

Tail closure among D60=0 matches
  final tail collisions: 0
  best r61 HW: 13
  best r61 W1[57..59]=0x22eb,0x2d4f,0xa2f
  best r61 W2[57..59]=0x21f8,0xe2c,0x3039
  best tail HW: 21
  best tail r61 HW: 20
  best W1[57..59]=0x31eb,0xa25,0x2f8f
  best W2[57..59]=0x30f8,0x2602,0x11e

SUMMARY N=14 sample_start=90800128 prefixes=32768 total=536870912 d0=32360 best_tail=21 tail_r61=20 best_r61=13 tail_W1=0x31eb,0xa25,0x2f8f tail_W2=0x30f8,0x2602,0x11e r61_W1=0x22eb,0x2d4f,0xa2f r61_W2=0x21f8,0xe2c,0x3039

Scan-only witness registry
  registry_count=16 registry_cap=16
  witness[00] tail=21 r61=16 gh60=0xc6284fe W1=0x2c17,0x2880,0x4f3 W2=0x2b24,0x3628,0x1da6
  witness[01] tail=21 r61=20 gh60=0xdd884a6 W1=0x31eb,0xa25,0x2f8f W2=0x30f8,0x2602,0x11e
  witness[02] tail=23 r61=18 gh60=0xc698cae W1=0x26ef,0x355d,0x34d1 W2=0x25fc,0x123c,0x2731
  witness[03] tail=23 r61=19 gh60=0x489c79a W1=0x1baa,0x28c0,0x2ce1 W2=0x1ab7,0x2a86,0x4dc
  witness[04] tail=23 r61=20 gh60=0x4c88ca6 W1=0x162b,0x107d,0x29fb W2=0x1538,0x3019,0x15bd
  witness[05] tail=23 r61=20 gh60=0xcb0876a W1=0x3bd1,0x2123,0xeb8 W2=0x3ade,0x347d,0x908
  witness[06] tail=23 r61=21 gh60=0xf89fc9a W1=0x112a,0x17b3,0x2869 W2=0x1037,0x23f8,0x214b
  witness[07] tail=24 r61=18 gh60=0x36084e6 W1=0x331b,0x3b06,0x147e W2=0x3228,0x2dc7,0x1c97
  witness[08] tail=24 r61=19 gh60=0xc9844ba W1=0x353a,0x2b6d,0x2a3f W2=0x3447,0x2024,0x337f
  witness[09] tail=24 r61=20 gh60=0x760c7e6 W1=0x39c,0xaf8,0x3046 W2=0x2a9,0x3936,0x30c3
  witness[10] tail=24 r61=20 gh60=0xc8f47aa W1=0x2bae,0xeed,0x2891 W2=0x2abb,0xf36,0x9f8
  witness[11] tail=24 r61=22 gh60=0xfb984a6 W1=0x9eb,0x3aa3,0x10f1 W2=0x8f8,0x77e,0x13d4
  witness[12] tail=24 r61=23 gh60=0xcbd879a W1=0x33a9,0x2b5e,0x2011 W2=0x32b6,0x3d49,0x1849
  witness[13] tail=24 r61=24 gh60=0xf9dbc9e W1=0x2ee7,0x3c70,0x478 W2=0x2df4,0x2360,0x365f
  witness[14] tail=24 r61=26 gh60=0x36bc79a W1=0x1b6a,0x2d1a,0x54a W2=0x1a77,0x2f74,0x7cf
  witness[15] tail=24 r61=27 gh60=0xb9b8fae W1=0x37af,0x1700,0x9d7 W2=0x36bc,0x1c57,0x2c36

Scan-only r61 registry
  registry_count=16 registry_cap=16
  r61_witness[00] r61=13 tail=28 gh60=0xfa884a6 W1=0x22eb,0x2d4f,0xa2f W2=0x21f8,0xe2c,0x3039
  r61_witness[01] r61=14 tail=33 gh60=0x4a8fba6 W1=0x117c,0xbb7,0x48f W2=0x1089,0x3e82,0xcfe
  r61_witness[02] r61=15 tail=28 gh60=0x5898faa W1=0x37ad,0x3757,0x2f2f W2=0x36ba,0x346a,0x32c7
  r61_witness[03] r61=15 tail=31 gh60=0x4a0bfee W1=0xf8f,0x29ab,0x3884 W2=0xe9c,0xb76,0x3b59
  r61_witness[04] r61=16 tail=21 gh60=0xc6284fe W1=0x2c17,0x2880,0x4f3 W2=0x2b24,0x3628,0x1da6
  r61_witness[05] r61=16 tail=27 gh60=0xcb0457a W1=0x2da,0x2c9c,0x394 W2=0x1e7,0x1b9d,0xd1d
  r61_witness[06] r61=16 tail=27 gh60=0x3a387fe W1=0x397,0x15f1,0x3317 W2=0x2a4,0xf41,0x2a0f
  r61_witness[07] r61=16 tail=30 gh60=0xc588caa W1=0x1631,0x374e,0x34de W2=0x153e,0xecd,0x2345
  r61_witness[08] r61=16 tail=31 gh60=0x4e385ee W1=0x48f,0x11a6,0x22d8 W2=0x39c,0x36e4,0x3841
  r61_witness[09] r61=16 tail=31 gh60=0x462849e W1=0xc07,0x1997,0x1355 W2=0xb14,0x288a,0x109a
  r61_witness[10] r61=16 tail=32 gh60=0x4889faa W1=0x1fad,0xac5,0x3d4a W2=0x1eba,0x36d8,0x16cd
  r61_witness[11] r61=16 tail=33 gh60=0x592bc9a W1=0x1145,0x7f,0x3af9 W2=0x1052,0x114b,0x3a61
  r61_witness[12] r61=16 tail=33 gh60=0x466fcaa W1=0x2e02,0x2ae3,0x3ae1 W2=0x2d0f,0x287f,0x21c2
  r61_witness[13] r61=16 tail=33 gh60=0x490876a W1=0x3bdd,0x32b0,0x28af W2=0x3aea,0x34fa,0x2076
  r61_witness[14] r61=16 tail=34 gh60=0xcc844ba W1=0x2a3a,0x1b3e,0x2fb5 W2=0x2947,0x3db1,0x2a2f
  r61_witness[15] r61=16 tail=34 gh60=0x4a685fa W1=0x2a95,0x39b,0xc16 W2=0x29a2,0x2eb7,0x3b32

D60=0 fiber histogram: 1:7889 2:4736 3:1803 4:1106 5:386 6:220 7:83 8:77 9:18 10:14 11:14 12:5 13:3 14:3 15:2 16:1 18:2 20:2
