free_word_mitm_reducedn
N=14 mask=0x3fff msb=0x2000
candidate: M0=0x3d36 mode=random-fallback fill=0x3fff kernel=dM0=dM9=0x2000
prefixes=32768/268435456 mode=permuted-prefix-sample w59_per_prefix=16384 total=536870912
run_mode=scan registry_cap=16
sample_start=6914048
scan_elapsed=20.088s rate=26.73 Mtriples/s

D60 interface
  D60=0 matches: 32853 (random expectation 32768.0, enrichment 1.003x)
  prefixes with D60=0: 16649
  max D60=0 fiber per prefix: 23 at W57=0x314b W58=0x545
  largest D60 bucket: D=0x32f5 count=33731
  min D60 HW: 0
  D60 HW histogram: 0:32853 1:456996 2:2981252 3:11933725 4:32807808 5:65619512 6:98411731 7:112445905 8:98402804 9:65599881 10:32780851 11:11926142 12:2980106 13:458579 14:32767

Tail closure among D60=0 matches
  final tail collisions: 0
  best r61 HW: 14
  best r61 W1[57..59]=0x2c5d,0x2ecd,0x33e0
  best r61 W2[57..59]=0x2b6a,0x3c3,0x204a
  best tail HW: 22
  best tail r61 HW: 21
  best W1[57..59]=0x1d0d,0x187,0x3c33
  best W2[57..59]=0x1c1a,0x1afd,0x50c

SUMMARY N=14 sample_start=6914048 prefixes=32768 total=536870912 d0=32853 best_tail=22 tail_r61=21 best_r61=14 tail_W1=0x1d0d,0x187,0x3c33 tail_W2=0x1c1a,0x1afd,0x50c r61_W1=0x2c5d,0x2ecd,0x33e0 r61_W2=0x2b6a,0x3c3,0x204a

Scan-only witness registry
  registry_count=16 registry_cap=16
  witness[00] tail=22 r61=21 gh60=0xfe084ea W1=0x1d0d,0x187,0x3c33 W2=0x1c1a,0x1afd,0x50c
  witness[01] tail=24 r61=16 gh60=0x79ebb66 W1=0xdd3,0x806,0x2e23 W2=0xce0,0x3e72,0xa5f
  witness[02] tail=24 r61=21 gh60=0x37847a6 W1=0x1bac,0x2c3f,0x8fc W2=0x1ab9,0x2583,0x1ecd
  witness[03] tail=24 r61=25 gh60=0xcaa44aa W1=0x1af2,0xc87,0x11ae W2=0x19ff,0x24cc,0x3e71
  witness[04] tail=25 r61=14 gh60=0xc50856a W1=0x2c5d,0x2ecd,0x33e0 W2=0x2b6a,0x3c3,0x204a
  witness[05] tail=25 r61=17 gh60=0x4e044e6 W1=0xa0c,0x2640,0x2ede W2=0x919,0x314,0x247f
  witness[06] tail=25 r61=19 gh60=0xcfa84ba W1=0x2cf9,0x885,0x652 W2=0x2c06,0x2e47,0x18e
  witness[07] tail=25 r61=20 gh60=0xca685be W1=0x3c77,0x8bf,0x3aeb W2=0x3b84,0x2085,0x346
  witness[08] tail=25 r61=23 gh60=0xce6456a W1=0x1ce2,0x6,0x2bb9 W2=0x1bef,0x1d51,0x427
  witness[09] tail=25 r61=23 gh60=0x45644a6 W1=0x3c34,0x33d0,0x3a43 W2=0x3b41,0x233e,0x1aef
  witness[10] tail=25 r61=25 gh60=0x4ca8d9a W1=0x28a5,0x2c1c,0x2da9 W2=0x27b2,0x16fe,0x311d
  witness[11] tail=25 r61=25 gh60=0x4b08b66 W1=0x29db,0x3ce,0x189e W2=0x28e8,0xd9c,0x395b
  witness[12] tail=25 r61=26 gh60=0xcd55d9a W1=0xa6,0xe64,0x74f W2=0x3fb3,0x2ae1,0x2fae
  witness[13] tail=25 r61=26 gh60=0x4a9cf66 W1=0x764,0x3a88,0x252e W2=0x671,0x21e7,0x2979
  witness[14] tail=26 r61=21 gh60=0x54bc4ba W1=0x2236,0x1e9e,0x3e93 W2=0x2143,0x3dd,0x1937
  witness[15] tail=26 r61=21 gh60=0xd728b66 W1=0x3553,0x147b,0x141c W2=0x3460,0x2e69,0x22a0

Scan-only r61 registry
  registry_count=16 registry_cap=16
  r61_witness[00] r61=14 tail=25 gh60=0xc50856a W1=0x2c5d,0x2ecd,0x33e0 W2=0x2b6a,0x3c3,0x204a
  r61_witness[01] r61=15 tail=31 gh60=0x4608fea W1=0x178d,0x338f,0x2ac5 W2=0x169a,0x331e,0x4c5
  r61_witness[02] r61=15 tail=31 gh60=0x7887c9a W1=0x2f2a,0x314a,0x810 W2=0x2e37,0x78f,0x3a0b
  r61_witness[03] r61=15 tail=34 gh60=0x48847ba W1=0x13ba,0xbfd,0x1fc6 W2=0x12c7,0xebc,0x1f46
  r61_witness[04] r61=16 tail=24 gh60=0x79ebb66 W1=0xdd3,0x806,0x2e23 W2=0xce0,0x3e72,0xa5f
  r61_witness[05] r61=16 tail=28 gh60=0x49d4b9a W1=0x966,0x1e8f,0x2f8f W2=0x873,0x1a7a,0x1d67
  r61_witness[06] r61=16 tail=32 gh60=0x4e084ee W1=0x51f,0x192,0x1636 W2=0x42c,0x1f9c,0x3402
  r61_witness[07] r61=16 tail=32 gh60=0x4954f7e W1=0x27d8,0x2dfd,0xe30 W2=0x26e5,0x2641,0x333
  r61_witness[08] r61=16 tail=32 gh60=0x4499caa W1=0x3e2d,0x1f93,0x29ac W2=0x3d3a,0x254e,0x18e5
  r61_witness[09] r61=16 tail=33 gh60=0x4a0bfee W1=0xf8f,0x5ab,0x3754 W2=0xe9c,0x2776,0x3f31
  r61_witness[10] r61=16 tail=34 gh60=0x48847ba W1=0x13ba,0xbfd,0x17c6 W2=0x12c7,0xebc,0x1746
  r61_witness[11] r61=16 tail=36 gh60=0x4f87dba W1=0x107a,0x3e09,0x3c5c W2=0xf87,0x1ed9,0x19ca
  r61_witness[12] r61=16 tail=36 gh60=0x4624bea W1=0x1992,0x2cf4,0x2fa4 W2=0x189f,0x278c,0x16c0
  r61_witness[13] r61=16 tail=36 gh60=0xca08cea W1=0x370d,0x3277,0x1f65 W2=0x361a,0x86e,0x29
  r61_witness[14] r61=16 tail=37 gh60=0x5904c9a W1=0x274a,0x190,0x28c8 W2=0x2657,0x2493,0x2469
  r61_witness[15] r61=17 tail=25 gh60=0x4e044e6 W1=0xa0c,0x2640,0x2ede W2=0x919,0x314,0x247f

D60=0 fiber histogram: 1:8078 2:4747 3:1852 4:1117 5:436 6:191 7:85 8:74 9:26 10:21 11:4 12:6 13:2 14:4 15:2 16:2 17:1 23:1
