free_word_mitm_reducedn
N=14 mask=0x3fff msb=0x2000
candidate: M0=0x3d36 mode=random-fallback fill=0x3fff kernel=dM0=dM9=0x2000
prefixes=32768/268435456 mode=permuted-prefix-sample w59_per_prefix=16384 total=536870912
run_mode=scan registry_cap=16
sample_start=107577344
scan_elapsed=20.053s rate=26.77 Mtriples/s

D60 interface
  D60=0 matches: 32939 (random expectation 32768.0, enrichment 1.005x)
  prefixes with D60=0: 16624
  max D60=0 fiber per prefix: 17 at W57=0xf9 W58=0x2847
  largest D60 bucket: D=0x3ddc count=33839
  min D60 HW: 0
  D60 HW histogram: 0:32939 1:457025 2:2982321 3:11931319 4:32831920 5:65675335 6:98475422 7:112504094 8:98354010 9:65534490 10:32742385 11:11891503 12:2969255 13:456269 14:32625

Tail closure among D60=0 matches
  final tail collisions: 0
  best r61 HW: 15
  best r61 W1[57..59]=0x2b09,0x10f1,0x222b
  best r61 W2[57..59]=0x2a16,0x397c,0x205c
  best tail HW: 23
  best tail r61 HW: 20
  best W1[57..59]=0x2647,0x2203,0x663
  best W2[57..59]=0x2554,0x3131,0x18c8

SUMMARY N=14 sample_start=107577344 prefixes=32768 total=536870912 d0=32939 best_tail=23 tail_r61=20 best_r61=15 tail_W1=0x2647,0x2203,0x663 tail_W2=0x2554,0x3131,0x18c8 r61_W1=0x2b09,0x10f1,0x222b r61_W2=0x2a16,0x397c,0x205c

Scan-only witness registry
  registry_count=16 registry_cap=16
  witness[00] tail=23 r61=20 gh60=0xcb38c9e W1=0x2647,0x2203,0x663 W2=0x2554,0x3131,0x18c8
  witness[01] tail=24 r61=21 gh60=0x5ae4d6a W1=0x16d2,0x1df8,0x3f4d W2=0x15df,0x3b50,0x2f04
  witness[02] tail=24 r61=23 gh60=0xfba8ca6 W1=0x37f3,0x2dce,0x1a4d W2=0x3700,0x7fa,0x3d33
  witness[03] tail=24 r61=27 gh60=0xdfd8c9e W1=0x3947,0x795,0x2585 W2=0x3854,0x12c7,0x1418
  witness[04] tail=25 r61=17 gh60=0x478bfae W1=0xfaf,0x1f69,0x1c23 W2=0xebc,0x4c8,0x124e
  witness[05] tail=25 r61=17 gh60=0x599c4a6 W1=0x153c,0x24f7,0x1026 W2=0x1449,0x2345,0x2a77
  witness[06] tail=25 r61=20 gh60=0x4d84dba W1=0x6ba,0x279a,0x9ec W2=0x5c7,0x1776,0x23d8
  witness[07] tail=25 r61=21 gh60=0x372877e W1=0x1b57,0x1add,0x3ac0 W2=0x1a64,0x1f99,0xf55
  witness[08] tail=25 r61=23 gh60=0xfa145ea W1=0x1c8e,0x2844,0x2ac9 W2=0x1b9b,0x35e7,0x1355
  witness[09] tail=25 r61=23 gh60=0x46d4d9e W1=0x3688,0x364e,0x32de W2=0x3595,0xfd5,0x3888
  witness[10] tail=25 r61=24 gh60=0x5a68ba6 W1=0x2973,0x17f0,0x9de W2=0x2880,0x1c44,0x2210
  witness[11] tail=25 r61=24 gh60=0xb58fca6 W1=0x2fec,0xb91,0x3e69 W2=0x2ef9,0x3330,0x3fe7
  witness[12] tail=25 r61=25 gh60=0xff0cd6e W1=0x16d0,0x3e4f,0xd25 W2=0x15dd,0x3ba3,0x24b4
  witness[13] tail=25 r61=26 gh60=0xcf88dae W1=0x187f,0x73,0x766 W2=0x178c,0x332a,0x2edc
  witness[14] tail=26 r61=15 gh60=0x4a044e6 W1=0x50c,0x1355,0x280b W2=0x419,0x437,0x72c
  witness[15] tail=26 r61=16 gh60=0x552456a W1=0x22d2,0x3441,0x1e1e W2=0x21df,0x385c,0x1330

Scan-only r61 registry
  registry_count=16 registry_cap=16
  r61_witness[00] r61=15 tail=26 gh60=0x4a044e6 W1=0x50c,0x1355,0x280b W2=0x419,0x437,0x72c
  r61_witness[01] r61=15 tail=27 gh60=0x4ad849a W1=0x2b09,0x10f1,0x222b W2=0x2a16,0x397c,0x205c
  r61_witness[02] r61=15 tail=34 gh60=0xc887ca6 W1=0x113c,0x2026,0xea9 W2=0x1049,0x3d2d,0x1333
  r61_witness[03] r61=15 tail=36 gh60=0x5959b7a W1=0x1dd9,0x5dc,0x1ba7 W2=0x1ce6,0x223,0x3fec
  r61_witness[04] r61=15 tail=37 gh60=0x44844a6 W1=0x242c,0x30ee,0x7a2 W2=0x2339,0x2f4c,0xac0
  r61_witness[05] r61=16 tail=26 gh60=0x552456a W1=0x22d2,0x3441,0x1e1e W2=0x21df,0x385c,0x1330
  r61_witness[06] r61=16 tail=30 gh60=0x3d2859a W1=0xcc9,0x13c9,0x1038 W2=0xbd6,0x3230,0x3a0a
  r61_witness[07] r61=16 tail=31 gh60=0xbb0856a W1=0x32d1,0x217c,0x2607 W2=0x31de,0x3086,0x3e06
  r61_witness[08] r61=16 tail=32 gh60=0x5f1456e W1=0x2ad0,0x2610,0x8dd W2=0x29dd,0xce7,0x18ce
  r61_witness[09] r61=16 tail=36 gh60=0x490477a W1=0x235a,0x3dc8,0x2c83 W2=0x2267,0x3099,0x2b5c
  r61_witness[10] r61=16 tail=37 gh60=0x4a09de6 W1=0x208b,0x17b7,0x94 W2=0x1f98,0xa73,0x39ef
  r61_witness[11] r61=16 tail=38 gh60=0x7a09cea W1=0x1e0d,0x3bb6,0x254c W2=0x1d1a,0x3f9,0x29c3
  r61_witness[12] r61=16 tail=38 gh60=0x4a1bfee W1=0x2f8f,0x3fa0,0x2113 W2=0x2e9c,0x2b73,0x571
  r61_witness[13] r61=16 tail=39 gh60=0x488449a W1=0x2b2a,0x1ca3,0xf9d W2=0x2a37,0x46d,0x2be1
  r61_witness[14] r61=17 tail=25 gh60=0x478bfae W1=0xfaf,0x1f69,0x1c23 W2=0xebc,0x4c8,0x124e
  r61_witness[15] r61=17 tail=25 gh60=0x599c4a6 W1=0x153c,0x24f7,0x1026 W2=0x1449,0x2345,0x2a77

D60=0 fiber histogram: 1:8024 2:4778 3:1803 4:1114 5:427 6:244 7:104 8:68 9:30 10:17 11:4 12:9 14:1 17:1
