free_word_mitm_reducedn
N=14 mask=0x3fff msb=0x2000
candidate: M0=0x3d36 mode=random-fallback fill=0x3fff kernel=dM0=dM9=0x2000
prefixes=32768/268435456 mode=permuted-prefix-sample w59_per_prefix=16384 total=536870912
run_mode=scan registry_cap=16
sample_start=233406464
scan_elapsed=20.196s rate=26.58 Mtriples/s

D60 interface
  D60=0 matches: 32614 (random expectation 32768.0, enrichment 0.995x)
  prefixes with D60=0: 16496
  max D60=0 fiber per prefix: 34 at W57=0x3f3c W58=0x2ed7
  largest D60 bucket: D=0x508 count=33815
  min D60 HW: 0
  D60 HW histogram: 0:32614 1:456743 2:2977436 3:11915666 4:32788886 5:65625744 6:98443774 7:112489851 8:98381608 9:65586657 10:32789015 11:11915429 12:2977196 13:457740 14:32553

Tail closure among D60=0 matches
  final tail collisions: 0
  best r61 HW: 14
  best r61 W1[57..59]=0x148c,0x2d23,0x2699
  best r61 W2[57..59]=0x1399,0x30e1,0x29dd
  best tail HW: 23
  best tail r61 HW: 23
  best W1[57..59]=0x252a,0x974,0x392
  best W2[57..59]=0x2437,0x2f40,0xca

SUMMARY N=14 sample_start=233406464 prefixes=32768 total=536870912 d0=32614 best_tail=23 tail_r61=23 best_r61=14 tail_W1=0x252a,0x974,0x392 tail_W2=0x2437,0x2f40,0xca r61_W1=0x148c,0x2d23,0x2699 r61_W2=0x1399,0x30e1,0x29dd

Scan-only witness registry
  registry_count=16 registry_cap=16
  witness[00] tail=23 r61=17 gh60=0x4cbbc9a W1=0x2e29,0x2766,0xc64 W2=0x2d36,0x5f6,0x18d5
  witness[01] tail=23 r61=18 gh60=0x489bca6 W1=0x313b,0x1e7b,0x1a0b W2=0x3048,0x589,0x1648
  witness[02] tail=23 r61=23 gh60=0xc98449a W1=0x252a,0x974,0x392 W2=0x2437,0x2f40,0xca
  witness[03] tail=24 r61=21 gh60=0xde38ce6 W1=0x81b,0x32e2,0x3c76 W2=0x728,0x1a78,0x108c
  witness[04] tail=24 r61=23 gh60=0xbed5c9a W1=0x2006,0x1d79,0x213 W2=0x1f13,0x3e86,0x282c
  witness[05] tail=24 r61=23 gh60=0xdbd7d9a W1=0x30c6,0x3b31,0x1782 W2=0x2fd3,0x3fea,0x29bc
  witness[06] tail=25 r61=17 gh60=0xc698cae W1=0x5ff,0x1003,0x2ad7 W2=0x50c,0x3fd2,0x3fbb
  witness[07] tail=25 r61=17 gh60=0x4a7bc9a W1=0x1105,0xaee,0x3eab W2=0x1012,0x183a,0x3bd8
  witness[08] tail=25 r61=19 gh60=0xcd34d7e W1=0x26d8,0x1db9,0x23a5 W2=0x25e5,0x278d,0x3c3d
  witness[09] tail=25 r61=24 gh60=0xd539d7e W1=0x2057,0x1fb3,0x23b W2=0x1f64,0x1e02,0x2e9c
  witness[10] tail=25 r61=25 gh60=0xf6ec59a W1=0x286,0x1f04,0x24ba W2=0x193,0x3be6,0x1ced
  witness[11] tail=25 r61=26 gh60=0x3dec79e W1=0x1b88,0x3159,0x250a W2=0x1a95,0x3c09,0x731
  witness[12] tail=26 r61=18 gh60=0xde184a6 W1=0xc03,0x1c6f,0x1f45 W2=0xb10,0x2c6c,0x1e11
  witness[13] tail=26 r61=19 gh60=0xba08be6 W1=0x99b,0x3048,0x3225 W2=0x8a8,0x3286,0x52b
  witness[14] tail=26 r61=19 gh60=0xcad8dbe W1=0x1877,0x2c0e,0x38b5 W2=0x1784,0x3e55,0x5b9
  witness[15] tail=26 r61=19 gh60=0x5a0c5ee W1=0x2ca0,0x2dd1,0x1222 W2=0x2bad,0x1784,0x3e36

Scan-only r61 registry
  registry_count=16 registry_cap=16
  r61_witness[00] r61=14 tail=29 gh60=0x498bbae W1=0x116f,0x164b,0x1015 W2=0x107c,0x35d6,0x1c22
  r61_witness[01] r61=14 tail=32 gh60=0x56084ea W1=0x20d,0x3492,0x3ac0 W2=0x11a,0x3754,0x1bd0
  r61_witness[02] r61=14 tail=32 gh60=0x7a045e6 W1=0x148c,0x2d23,0x2699 W2=0x1399,0x30e1,0x29dd
  r61_witness[03] r61=14 tail=33 gh60=0x4b884ae W1=0x252f,0x3a90,0x444 W2=0x243c,0x1930,0x2700
  r61_witness[04] r61=14 tail=36 gh60=0x4a08cee W1=0x190f,0x289,0x31a1 W2=0x181c,0x2e64,0x731
  r61_witness[05] r61=15 tail=31 gh60=0x4918c9a W1=0x1745,0x1b84,0x1332 W2=0x1652,0xeca,0x43b
  r61_witness[06] r61=15 tail=32 gh60=0x4609dea W1=0x3ea1,0x2fe,0x3971 W2=0x3dae,0x34d,0x3ae3
  r61_witness[07] r61=15 tail=35 gh60=0x4f0bb6a W1=0x11e1,0x2822,0x37fb W2=0x10ee,0x1211,0x8d7
  r61_witness[08] r61=16 tail=29 gh60=0x4b885aa W1=0x1c71,0x11e4,0x10fa W2=0x1b7e,0x1f8c,0x613
  r61_witness[09] r61=16 tail=31 gh60=0x589bfa6 W1=0xfab,0xe41,0x2868 W2=0xeb8,0x231b,0x39f7
  r61_witness[10] r61=16 tail=32 gh60=0x4604de6 W1=0x268c,0x1086,0x33c3 W2=0x2599,0x2bc1,0x1e1a
  r61_witness[11] r61=16 tail=32 gh60=0x5a08ce6 W1=0x270b,0x1dde,0xc3b W2=0x2618,0x38f0,0x342e
  r61_witness[12] r61=16 tail=32 gh60=0x4b884aa W1=0x2a01,0x3a5d,0x3ab4 W2=0x290e,0x3e4d,0x3c
  r61_witness[13] r61=16 tail=37 gh60=0x551856e W1=0x25f,0x24ab,0x1cec W2=0x16c,0xfcd,0x1831
  r61_witness[14] r61=16 tail=37 gh60=0x499cca6 W1=0x1934,0x1d39,0x3c6d W2=0x1841,0x36e6,0x1f4c
  r61_witness[15] r61=16 tail=38 gh60=0x4e1859a W1=0x3a85,0x1bc1,0x12f9 W2=0x3992,0x1834,0x9ff

D60=0 fiber histogram: 1:7943 2:4786 3:1832 4:1078 5:419 6:224 7:70 8:75 9:21 10:24 11:9 12:5 13:3 14:2 15:1 17:1 19:1 22:1 34:1
