free_word_mitm_reducedn
N=14 mask=0x3fff msb=0x2000
candidate: M0=0x3d36 mode=random-fallback fill=0x3fff kernel=dM0=dM9=0x2000
prefixes=32768/268435456 mode=permuted-prefix-sample w59_per_prefix=16384 total=536870912
run_mode=scan registry_cap=16
sample_start=15302656
scan_elapsed=20.009s rate=26.83 Mtriples/s

D60 interface
  D60=0 matches: 33394 (random expectation 32768.0, enrichment 1.019x)
  prefixes with D60=0: 16719
  max D60=0 fiber per prefix: 24 at W57=0x2db1 W58=0x2ea9
  largest D60 bucket: D=0x2d75 count=33850
  min D60 HW: 0
  D60 HW histogram: 0:33394 1:460822 2:2987003 3:11932187 4:32801033 5:65634247 6:98465265 7:112494757 8:98376188 9:65560601 10:32754283 11:11906747 12:2976328 13:455448 14:32609

Tail closure among D60=0 matches
  final tail collisions: 0
  best r61 HW: 12
  best r61 W1[57..59]=0x194c,0x3092,0x3e5b
  best r61 W2[57..59]=0x1859,0x269,0x24fc
  best tail HW: 21
  best tail r61 HW: 15
  best W1[57..59]=0x3542,0x3fbd,0x2253
  best W2[57..59]=0x344f,0x1492,0x1e6e

SUMMARY N=14 sample_start=15302656 prefixes=32768 total=536870912 d0=33394 best_tail=21 tail_r61=15 best_r61=12 tail_W1=0x3542,0x3fbd,0x2253 tail_W2=0x344f,0x1492,0x1e6e r61_W1=0x194c,0x3092,0x3e5b r61_W2=0x1859,0x269,0x24fc

Scan-only witness registry
  registry_count=16 registry_cap=16
  witness[00] tail=21 r61=15 gh60=0xc92c4aa W1=0x3542,0x3fbd,0x2253 W2=0x344f,0x1492,0x1e6e
  witness[01] tail=22 r61=19 gh60=0xcf99fae W1=0x3fbf,0x3b6c,0x2651 W2=0x3ecc,0x2fb7,0x14a3
  witness[02] tail=22 r61=20 gh60=0x3afc4ba W1=0x4f6,0x1190,0x3620 W2=0x403,0x3693,0x1791
  witness[03] tail=22 r61=20 gh60=0x4c885aa W1=0xabd,0x33c9,0x30ec W2=0x9ca,0x14d,0x294
  witness[04] tail=22 r61=20 gh60=0xcf24566 W1=0xc54,0x1aa9,0x1d83 W2=0xb61,0x310b,0x3e71
  witness[05] tail=22 r61=24 gh60=0x4ae849a W1=0x505,0x2cba,0x15b8 W2=0x412,0x1307,0x2ffe
  witness[06] tail=23 r61=22 gh60=0xd918b6a W1=0x19e1,0x31af,0x344e W2=0x18ee,0x37a6,0x32e4
  witness[07] tail=24 r61=19 gh60=0xf91bb66 W1=0x114b,0x2d50,0x28ef W2=0x1058,0x20ac,0x16ba
  witness[08] tail=24 r61=20 gh60=0xc71cdaa W1=0x26c2,0x1e1e,0x1afa W2=0x25cf,0x2d9a,0x8e
  witness[09] tail=24 r61=22 gh60=0x4b884aa W1=0x2a01,0x365d,0x20d0 W2=0x290e,0x3a4d,0x2158
  witness[10] tail=24 r61=23 gh60=0xc96bc9a W1=0xf49,0x949,0x55e W2=0xe56,0x1bd9,0x13fa
  witness[11] tail=25 r61=19 gh60=0x390c49a W1=0x1b4a,0xd71,0x16b0 W2=0x1a57,0x571,0x87f
  witness[12] tail=25 r61=19 gh60=0xdb89daa W1=0x2071,0x12b5,0x2e02 W2=0x1f7e,0xf20,0x545
  witness[13] tail=25 r61=20 gh60=0x49a9c9a W1=0xe5,0xa16,0x24b4 W2=0x3ff2,0x2f1e,0x149f
  witness[14] tail=25 r61=21 gh60=0xcb8cfaa W1=0x76e,0xe96,0x2d92 W2=0x67b,0xd2e,0x25af
  witness[15] tail=25 r61=21 gh60=0x49b4caa W1=0x16ee,0x2e79,0x1620 W2=0x15fb,0x279,0xe8b

Scan-only r61 registry
  registry_count=16 registry_cap=16
  r61_witness[00] r61=12 tail=30 gh60=0x4904b66 W1=0x194c,0x3092,0x3e5b W2=0x1859,0x269,0x24fc
  r61_witness[01] r61=13 tail=31 gh60=0x4899ba6 W1=0x1ab,0x2baf,0x30ad W2=0xb8,0x2d01,0x9e2
  r61_witness[02] r61=15 tail=21 gh60=0xc92c4aa W1=0x3542,0x3fbd,0x2253 W2=0x344f,0x1492,0x1e6e
  r61_witness[03] r61=15 tail=27 gh60=0xfa05b9a W1=0x1d8a,0x154b,0x1452 W2=0x1c97,0x56c,0x1d4a
  r61_witness[04] r61=15 tail=28 gh60=0x790bb6e W1=0x114f,0x3478,0x3a0f W2=0x105c,0x1797,0x1c00
  r61_witness[05] r61=15 tail=28 gh60=0x593bb7a W1=0x31d5,0x1c60,0x3eeb W2=0x30e2,0x399b,0x8f5
  r61_witness[06] r61=15 tail=30 gh60=0x4e18cea W1=0x1611,0x1b90,0x3aa6 W2=0x151e,0x359b,0x11c7
  r61_witness[07] r61=15 tail=33 gh60=0x7a184e6 W1=0x130b,0x2e32,0x10b1 W2=0x1218,0x2007,0x1548
  r61_witness[08] r61=15 tail=33 gh60=0xc887ca6 W1=0x2f3c,0xbd2,0xea8 W2=0x2e49,0x61,0x24
  r61_witness[09] r61=15 tail=35 gh60=0x4a3849a W1=0x205,0x262d,0x3392 W2=0x112,0xb3a,0x1418
  r61_witness[10] r61=15 tail=35 gh60=0x5708566 W1=0x3a5b,0xfe0,0x4fc W2=0x3968,0x3403,0x1405
  r61_witness[11] r61=16 tail=29 gh60=0x4708f6a W1=0x37cd,0x1b2a,0x1e60 W2=0x36da,0x1a41,0x1153
  r61_witness[12] r61=16 tail=30 gh60=0xcd88caa W1=0x17fd,0xfbd,0x3dd9 W2=0x170a,0x2268,0x30f7
  r61_witness[13] r61=16 tail=31 gh60=0xca08bee W1=0x299f,0x3565,0x2c0b W2=0x28ac,0x27e8,0x375b
  r61_witness[14] r61=16 tail=32 gh60=0x48bbbe6 W1=0x2da3,0x3d73,0x7ec W2=0x2cb0,0x3ae3,0x36f4
  r61_witness[15] r61=16 tail=33 gh60=0x5a04ce6 W1=0x270c,0xba8,0x828 W2=0x2619,0x1acb,0x394d

D60=0 fiber histogram: 1:7922 2:4860 3:1949 4:1084 5:438 6:238 7:87 8:66 9:29 10:16 11:12 12:5 13:4 14:2 16:5 17:1 24:1
