free_word_mitm_reducedn
N=14 mask=0x3fff msb=0x2000
candidate: M0=0x3d36 mode=random-fallback fill=0x3fff kernel=dM0=dM9=0x2000
prefixes=32768/268435456 mode=permuted-prefix-sample w59_per_prefix=16384 total=536870912
run_mode=scan registry_cap=16
sample_start=93880320
scan_elapsed=19.133s rate=28.06 Mtriples/s

D60 interface
  D60=0 matches: 32840 (random expectation 32768.0, enrichment 1.002x)
  prefixes with D60=0: 16604
  max D60=0 fiber per prefix: 19 at W57=0x1c60 W58=0x24a7
  largest D60 bucket: D=0x11e0 count=33770
  min D60 HW: 0
  D60 HW histogram: 0:32840 1:458424 2:2984238 3:11940917 4:32850712 5:65697987 6:98478213 7:112476423 8:98358821 9:65517627 10:32723139 11:11890274 12:2971266 13:457581 14:32450

Tail closure among D60=0 matches
  final tail collisions: 0
  best r61 HW: 14
  best r61 W1[57..59]=0x332b,0x2b51,0x2798
  best r61 W2[57..59]=0x3238,0x1aae,0x2fa8
  best tail HW: 22
  best tail r61 HW: 19
  best W1[57..59]=0x39e,0x11e3,0x1e52
  best W2[57..59]=0x2ab,0x17a6,0x3b5c

SUMMARY N=14 sample_start=93880320 prefixes=32768 total=536870912 d0=32840 best_tail=22 tail_r61=19 best_r61=14 tail_W1=0x39e,0x11e3,0x1e52 tail_W2=0x2ab,0x17a6,0x3b5c r61_W1=0x332b,0x2b51,0x2798 r61_W2=0x3238,0x1aae,0x2fa8

Scan-only witness registry
  registry_count=16 registry_cap=16
  witness[00] tail=22 r61=19 gh60=0xce347ea W1=0x39e,0x11e3,0x1e52 W2=0x2ab,0x17a6,0x3b5c
  witness[01] tail=23 r61=18 gh60=0x4d0459a W1=0x2aca,0x6c0,0xbf4 W2=0x29d7,0x32b4,0x3ea5
  witness[02] tail=23 r61=18 gh60=0x5a1849a W1=0x3a05,0x35f6,0x3217 W2=0x3912,0x2a89,0x2592
  witness[03] tail=23 r61=20 gh60=0xcd08566 W1=0x2ccb,0x3ce8,0x230c W2=0x2bd8,0x391b,0x2fd
  witness[04] tail=23 r61=20 gh60=0xc5e8d66 W1=0x3653,0x162b,0x3dc1 W2=0x3560,0x1f69,0x1c78
  witness[05] tail=23 r61=24 gh60=0xd87bfaa W1=0xfad,0x356,0x1f4e W2=0xeba,0x2871,0x2cac
  witness[06] tail=24 r61=18 gh60=0xd5985aa W1=0x2b1,0x3206,0x315c W2=0x1be,0x2c1e,0x289e
  witness[07] tail=24 r61=19 gh60=0x451c566 W1=0x34dc,0xd1e,0x23b9 W2=0x33e9,0x1138,0xc57
  witness[08] tail=24 r61=19 gh60=0x7e18cfa W1=0x3915,0xbb,0xd69 W2=0x3822,0x352e,0x18e3
  witness[09] tail=24 r61=21 gh60=0xdaabd66 W1=0xe63,0x1788,0x2196 W2=0xd70,0x3ed4,0x2cfd
  witness[10] tail=24 r61=26 gh60=0x4a3c4ea W1=0x3312,0x222e,0x16a6 W2=0x321f,0x39fd,0x1b91
  witness[11] tail=25 r61=16 gh60=0xce1879a W1=0x1b85,0x393d,0x1d2f W2=0x1a92,0x3bd8,0xfb9
  witness[12] tail=25 r61=18 gh60=0x4d244a6 W1=0xc44,0x2336,0x1fb8 W2=0xb51,0x2b4,0x1e6
  witness[13] tail=25 r61=19 gh60=0xc58bcae W1=0xe3f,0x3678,0xa6 W2=0xd4c,0x1d43,0xbd8
  witness[14] tail=25 r61=21 gh60=0x7b0856e W1=0x1a4f,0x1da0,0xc76 W2=0x195c,0xd4a,0x21b6
  witness[15] tail=25 r61=24 gh60=0xf93bb7a W1=0xdd5,0x2b1b,0xe W2=0xce2,0xa16,0x191a

Scan-only r61 registry
  registry_count=16 registry_cap=16
  r61_witness[00] r61=14 tail=26 gh60=0x3b984a6 W1=0x332b,0x2b51,0x2798 W2=0x3238,0x1aae,0x2fa8
  r61_witness[01] r61=14 tail=31 gh60=0x450856a W1=0x14cd,0x2fff,0x51e W2=0x13da,0x7ad,0x23e5
  r61_witness[02] r61=15 tail=28 gh60=0x58a44aa W1=0x3332,0x3ec,0xad7 W2=0x323f,0x1b31,0x3542
  r61_witness[03] r61=15 tail=30 gh60=0xc6545ba W1=0x476,0x27ef,0x1c31 W2=0x383,0x50a,0x1808
  r61_witness[04] r61=15 tail=31 gh60=0x3b09d66 W1=0x3e4b,0x2514,0x286c W2=0x3d58,0xc4,0x1ef3
  r61_witness[05] r61=15 tail=32 gh60=0x490bb6e W1=0x2d5f,0x1026,0xa73 W2=0x2c6c,0x3935,0x10b9
  r61_witness[06] r61=15 tail=36 gh60=0x49884ae W1=0x53f,0x22d1,0x8c2 W2=0x44c,0x61,0x159f
  r61_witness[07] r61=16 tail=25 gh60=0xce1879a W1=0x1b85,0x393d,0x1d2f W2=0x1a92,0x3bd8,0xfb9
  r61_witness[08] r61=16 tail=26 gh60=0x5a3859a W1=0x1a89,0x3660,0xc2b W2=0x1996,0x22df,0x1f49
  r61_witness[09] r61=16 tail=28 gh60=0xc4b9caa W1=0x1e31,0x2832,0x2677 W2=0x1d3e,0x2e31,0xb98
  r61_witness[10] r61=16 tail=28 gh60=0xda087ea W1=0x3b91,0x4e9,0x1577 W2=0x3a9e,0x18bb,0x53d
  r61_witness[11] r61=16 tail=29 gh60=0xc98bbae W1=0x2daf,0x2481,0x3e80 W2=0x2cbc,0x1098,0x1847
  r61_witness[12] r61=16 tail=31 gh60=0x4a18ce6 W1=0x271b,0x429,0x353e W2=0x2628,0x1e2f,0x1846
  r61_witness[13] r61=16 tail=36 gh60=0x460bce6 W1=0x2e0b,0x3ea8,0x21a W2=0x2d18,0x3bc8,0x37c
  r61_witness[14] r61=17 tail=26 gh60=0xc6545be W1=0x3c78,0x3a0a,0x99c W2=0x3b85,0x11c1,0x197d
  r61_witness[15] r61=17 tail=28 gh60=0xc8a84a6 W1=0x2b33,0x243e,0x1ff1 W2=0x2a40,0x22ab,0x3444

D60=0 fiber histogram: 1:8055 2:4747 3:1796 4:1124 5:431 6:212 7:83 8:83 9:37 10:20 11:6 12:4 13:3 14:1 16:1 19:1
