free_word_mitm_reducedn
N=14 mask=0x3fff msb=0x2000
candidate: M0=0x3d36 mode=random-fallback fill=0x3fff kernel=dM0=dM9=0x2000
prefixes=32768/268435456 mode=permuted-prefix-sample w59_per_prefix=16384 total=536870912
run_mode=scan registry_cap=16
sample_start=189136896
scan_elapsed=16.647s rate=32.25 Mtriples/s

D60 interface
  D60=0 matches: 32792 (random expectation 32768.0, enrichment 1.001x)
  prefixes with D60=0: 16609
  max D60=0 fiber per prefix: 17 at W57=0xf33 W58=0x2ff3
  largest D60 bucket: D=0xdc0 count=33754
  min D60 HW: 0
  D60 HW histogram: 0:32792 1:459697 2:2980690 3:11931709 4:32837337 5:65667279 6:98453086 7:112535118 8:98389943 9:65525677 10:32722976 11:11879163 12:2965763 13:456903 14:32779

Tail closure among D60=0 matches
  final tail collisions: 0
  best r61 HW: 13
  best r61 W1[57..59]=0xe55,0x3316,0x3887
  best r61 W2[57..59]=0xd62,0x1181,0x1653
  best tail HW: 20
  best tail r61 HW: 17
  best W1[57..59]=0x259,0x1c1f,0x3c37
  best W2[57..59]=0x166,0x3753,0xe69

SUMMARY N=14 sample_start=189136896 prefixes=32768 total=536870912 d0=32792 best_tail=20 tail_r61=17 best_r61=13 tail_W1=0x259,0x1c1f,0x3c37 tail_W2=0x166,0x3753,0xe69 r61_W1=0xe55,0x3316,0x3887 r61_W2=0xd62,0x1181,0x1653

Scan-only witness registry
  registry_count=16 registry_cap=16
  witness[00] tail=20 r61=17 gh60=0xfb3857a W1=0x259,0x1c1f,0x3c37 W2=0x166,0x3753,0xe69
  witness[01] tail=21 r61=22 gh60=0xc654cfe W1=0x1918,0x1cfd,0x35cf W2=0x1825,0x3565,0x13f0
  witness[02] tail=22 r61=19 gh60=0xca65da6 W1=0x84,0x1557,0x1574 W2=0x3f91,0x25aa,0x22c2
  witness[03] tail=22 r61=19 gh60=0xda784ae W1=0x9ff,0x2f2e,0x2004 W2=0x90c,0x1d3e,0x2c43
  witness[04] tail=22 r61=19 gh60=0x5e84ba6 W1=0x256c,0x6f3,0x1a03 W2=0x2479,0xf48,0x1599
  witness[05] tail=23 r61=18 gh60=0x5a0c7fa W1=0xb9a,0x1d36,0x2782 W2=0xaa7,0x107b,0x32ae
  witness[06] tail=24 r61=21 gh60=0xdf38b7a W1=0x25d5,0x1c9b,0x1632 W2=0x24e2,0xa9a,0x2bd2
  witness[07] tail=24 r61=22 gh60=0xbb64b66 W1=0x3954,0x175b,0x13dc W2=0x3861,0x314a,0x2291
  witness[08] tail=24 r61=23 gh60=0xcde8ca6 W1=0x17f3,0x409,0x5f2 W2=0x1700,0x1e35,0x120
  witness[09] tail=24 r61=26 gh60=0x39644ea W1=0x3322,0x37fb,0x13a7 W2=0x322f,0xe56,0x38a8
  witness[10] tail=24 r61=27 gh60=0xcff8cba W1=0x2935,0x477,0x2f56 W2=0x2842,0x2672,0x1a54
  witness[11] tail=25 r61=16 gh60=0x4a184e6 W1=0x121b,0x1b3c,0x3c25 W2=0x1128,0x380d,0x311
  witness[12] tail=25 r61=18 gh60=0xd5bbda6 W1=0x10ab,0x2eb5,0x3839 W2=0xfb8,0xfef,0x3b83
  witness[13] tail=25 r61=19 gh60=0x5afccfa W1=0x291a,0x17c0,0x1cd3 W2=0x2827,0x3bfc,0x1677
  witness[14] tail=25 r61=24 gh60=0x4a1ccee W1=0x820,0x243,0x1bbd W2=0x72d,0x1e0f,0x2fb
  witness[15] tail=25 r61=26 gh60=0xb5e8d7a W1=0x2855,0x27f1,0x2300 W2=0x2762,0x17b8,0xed8

Scan-only r61 registry
  registry_count=16 registry_cap=16
  r61_witness[00] r61=13 tail=32 gh60=0x4b2bd7a W1=0xe55,0x3316,0x3887 W2=0xd62,0x1181,0x1653
  r61_witness[01] r61=14 tail=27 gh60=0x4985c9a W1=0x212a,0x1b12,0x249 W2=0x2037,0x3d5b,0x103
  r61_witness[02] r61=15 tail=28 gh60=0x4885cba W1=0x13a,0x2de7,0x3765 W2=0x47,0x121b,0x3d63
  r61_witness[03] r61=15 tail=33 gh60=0x58884a6 W1=0x3d2b,0x615,0x26b2 W2=0x3c38,0x1570,0x32a6
  r61_witness[04] r61=15 tail=35 gh60=0x5908766 W1=0x3cb,0x3410,0x1e99 W2=0x2d8,0x1cc9,0x2531
  r61_witness[05] r61=15 tail=36 gh60=0x4918766 W1=0xbd3,0xc02,0x327b W2=0xae0,0x32cb,0x3aa5
  r61_witness[06] r61=16 tail=25 gh60=0x4a184e6 W1=0x121b,0x1b3c,0x3c25 W2=0x1128,0x380d,0x311
  r61_witness[07] r61=16 tail=26 gh60=0xc8944ae W1=0x530,0x8aa,0x729 W2=0x43d,0x354b,0x3ad9
  r61_witness[08] r61=16 tail=26 gh60=0x3b3879a W1=0x13c5,0x2c44,0x2a52 W2=0x12d2,0x2e69,0xec0
  r61_witness[09] r61=16 tail=26 gh60=0x59e84be W1=0x1d37,0x11c2,0x2c56 W2=0x1c44,0x1ee4,0x12c3
  r61_witness[10] r61=16 tail=30 gh60=0xc608cea W1=0x3711,0x3e0e,0x33a0 W2=0x361e,0x13c9,0x3e4b
  r61_witness[11] r61=16 tail=31 gh60=0xc4a859a W1=0x2ca9,0x45a,0x263d W2=0x2bb6,0x227f,0x7e7
  r61_witness[12] r61=16 tail=32 gh60=0x468ccaa W1=0x35fe,0x15a2,0xa74 W2=0x350b,0x2e52,0x2f55
  r61_witness[13] r61=16 tail=33 gh60=0x4bb44aa W1=0x2fe,0x3206,0x354 W2=0x20b,0x3977,0x283d
  r61_witness[14] r61=16 tail=35 gh60=0xc90bb6a W1=0x2ddd,0x3878,0x4b7 W2=0x2cea,0x1963,0x2149
  r61_witness[15] r61=16 tail=36 gh60=0x5a18dfa W1=0x2695,0x2324,0x68e W2=0x25a2,0x117f,0x24c

D60=0 fiber histogram: 1:8078 2:4759 3:1767 4:1137 5:421 6:212 7:94 8:67 9:32 10:18 11:6 12:9 13:2 14:2 15:1 16:3 17:1
