free_word_mitm_reducedn
N=14 mask=0x3fff msb=0x2000
candidate: M0=0x3d36 mode=random-fallback fill=0x3fff kernel=dM0=dM9=0x2000
prefixes=32768/268435456 mode=permuted-prefix-sample w59_per_prefix=16384 total=536870912
run_mode=scan registry_cap=16
sample_start=88473600
scan_elapsed=16.499s rate=32.54 Mtriples/s

D60 interface
  D60=0 matches: 32276 (random expectation 32768.0, enrichment 0.985x)
  prefixes with D60=0: 16434
  max D60=0 fiber per prefix: 16 at W57=0x1d60 W58=0x33c4
  largest D60 bucket: D=0x850 count=33840
  min D60 HW: 0
  D60 HW histogram: 0:32276 1:458026 2:2977168 3:11921105 4:32794730 5:65652030 6:98484355 7:112534383 8:98402361 9:65542627 10:32728341 11:11884837 12:2969708 13:456510 14:32455

Tail closure among D60=0 matches
  final tail collisions: 0
  best r61 HW: 15
  best r61 W1[57..59]=0x2b8,0x13a4,0x2b6f
  best r61 W2[57..59]=0x1c5,0x16eb,0x2fe7
  best tail HW: 18
  best tail r61 HW: 20
  best W1[57..59]=0x3496,0x3795,0xf54
  best W2[57..59]=0x33a3,0x24b6,0x356b

SUMMARY N=14 sample_start=88473600 prefixes=32768 total=536870912 d0=32276 best_tail=18 tail_r61=20 best_r61=15 tail_W1=0x3496,0x3795,0xf54 tail_W2=0x33a3,0x24b6,0x356b r61_W1=0x2b8,0x13a4,0x2b6f r61_W2=0x1c5,0x16eb,0x2fe7

Scan-only witness registry
  registry_count=16 registry_cap=16
  witness[00] tail=18 r61=20 gh60=0xde6c5fa W1=0x3496,0x3795,0xf54 W2=0x33a3,0x24b6,0x356b
  witness[01] tail=23 r61=15 gh60=0x54ac5be W1=0x2b8,0x13a4,0x2b6f W2=0x1c5,0x16eb,0x2fe7
  witness[02] tail=23 r61=19 gh60=0xca184ee W1=0x51f,0x11ec,0x127 W2=0x42c,0x2ff6,0xdd5
  witness[03] tail=23 r61=21 gh60=0x5aa8b66 W1=0x9e3,0x2083,0x1b80 W2=0x8f0,0x2179,0x3b03
  witness[04] tail=23 r61=21 gh60=0xde384fa W1=0x1315,0x3e9a,0x2e25 W2=0x1222,0x380e,0x3201
  witness[05] tail=23 r61=21 gh60=0xff8cdae W1=0x1680,0x24e,0xe6 W2=0x158d,0x3af6,0x1c8
  witness[06] tail=24 r61=20 gh60=0x7d1c566 W1=0x1c5c,0x2a6d,0xad9 W2=0x1b69,0x2ea9,0x21d6
  witness[07] tail=24 r61=21 gh60=0x4894baa W1=0x19ae,0x1bcf,0x363f W2=0x18bb,0x2817,0x17d7
  witness[08] tail=24 r61=24 gh60=0xca385e6 W1=0x3c8b,0x2d35,0x1939 W2=0x3b98,0x34f4,0x926
  witness[09] tail=25 r61=16 gh60=0xca0db9a W1=0x3d8a,0x3d9a,0x110b W2=0x3c97,0x2bb3,0x2eb7
  witness[10] tail=25 r61=17 gh60=0x4a6cbfe W1=0x2598,0x3a68,0x2683 W2=0x24a5,0x34f8,0x1848
  witness[11] tail=25 r61=20 gh60=0xd4a4dea W1=0x38a2,0xa08,0x32bd W2=0x37af,0x227c,0x21b6
  witness[12] tail=25 r61=21 gh60=0xba385ea W1=0x129d,0x9dd,0x17e2 W2=0x11aa,0x2667,0x21f3
  witness[13] tail=25 r61=21 gh60=0x3de8d9a W1=0x16c5,0x36e6,0x180 W2=0x15d2,0x360c,0xd32
  witness[14] tail=25 r61=21 gh60=0xb90bb66 W1=0x31db,0x25a0,0x2f40 W2=0x30e8,0x19ec,0x3aa3
  witness[15] tail=25 r61=22 gh60=0xf6245a6 W1=0x2a84,0x2d4c,0x1302 W2=0x2991,0x2122,0x5c7

Scan-only r61 registry
  registry_count=16 registry_cap=16
  r61_witness[00] r61=15 tail=23 gh60=0x54ac5be W1=0x2b8,0x13a4,0x2b6f W2=0x1c5,0x16eb,0x2fe7
  r61_witness[01] r61=15 tail=27 gh60=0x49987aa W1=0xbc1,0x1ba4,0x3b31 W2=0xace,0x1eec,0x13be
  r61_witness[02] r61=16 tail=25 gh60=0xca0db9a W1=0x3d8a,0x3d9a,0x110b W2=0x3c97,0x2bb3,0x2eb7
  r61_witness[03] r61=16 tail=28 gh60=0x4e69bfa W1=0x2199,0x1f8b,0x3b20 W2=0x20a6,0x1c1a,0x183
  r61_witness[04] r61=16 tail=28 gh60=0x4b84fa6 W1=0x37bc,0x3edb,0x23d6 W2=0x36c9,0x3510,0x698
  r61_witness[05] r61=16 tail=30 gh60=0x5a085e6 W1=0x128b,0x1955,0x69f W2=0x1198,0x3f12,0x34a
  r61_witness[06] r61=16 tail=30 gh60=0xc495cae W1=0x3e30,0x160,0x2842 W2=0x3d3d,0x2340,0x1b9c
  r61_witness[07] r61=16 tail=31 gh60=0xc498ca6 W1=0x62b,0x21bd,0x713 W2=0x538,0x3259,0x5
  r61_witness[08] r61=16 tail=33 gh60=0xc6084ee W1=0xc1f,0x2135,0x1c4 W2=0xb2c,0xccf,0x1b30
  r61_witness[09] r61=16 tail=35 gh60=0x4a14cee W1=0x810,0x3964,0x84c W2=0x71d,0x163c,0x1c01
  r61_witness[10] r61=16 tail=35 gh60=0x460cce6 W1=0x290c,0x3275,0x2aad W2=0x2819,0x1f18,0x1edf
  r61_witness[11] r61=17 tail=25 gh60=0x4a6cbfe W1=0x2598,0x3a68,0x2683 W2=0x24a5,0x34f8,0x1848
  r61_witness[12] r61=17 tail=27 gh60=0x4c845ba W1=0x32ba,0x1447,0x2f76 W2=0x31c7,0xf66,0x14a6
  r61_witness[13] r61=17 tail=28 gh60=0xcba8d66 W1=0x1663,0x39d9,0x3e78 W2=0x1570,0x3c23,0x515
  r61_witness[14] r61=17 tail=28 gh60=0xc8a84be W1=0x2337,0x26dc,0x415 W2=0x2244,0x27fa,0x1f61
  r61_witness[15] r61=17 tail=30 gh60=0xc48bdaa W1=0xeb1,0x153d,0x205c W2=0xdbe,0xc1c,0x2969

D60=0 fiber histogram: 1:7935 2:4783 3:1784 4:1082 5:415 6:240 7:84 8:61 9:27 10:14 11:1 12:3 13:2 16:3
