free_word_mitm_reducedn
N=14 mask=0x3fff msb=0x2000
candidate: M0=0x3d36 mode=random-fallback fill=0x3fff kernel=dM0=dM9=0x2000
prefixes=32768/268435456 mode=permuted-prefix-sample w59_per_prefix=16384 total=536870912
run_mode=scan registry_cap=16
sample_start=38141952
scan_elapsed=16.373s rate=32.79 Mtriples/s

D60 interface
  D60=0 matches: 33133 (random expectation 32768.0, enrichment 1.011x)
  prefixes with D60=0: 16681
  max D60=0 fiber per prefix: 18 at W57=0x318a W58=0x2b51
  largest D60 bucket: D=0xdc1 count=33864
  min D60 HW: 0
  D60 HW histogram: 0:33133 1:460300 2:2987007 3:11938915 4:32830188 5:65676583 6:98470467 7:112490800 8:98365256 9:65519530 10:32727902 11:11905911 12:2974268 13:457986 14:32666

Tail closure among D60=0 matches
  final tail collisions: 0
  best r61 HW: 14
  best r61 W1[57..59]=0x3c32,0x2881,0x302c
  best r61 W2[57..59]=0x3b3f,0x3f86,0x38a7
  best tail HW: 23
  best tail r61 HW: 22
  best W1[57..59]=0x359,0x2e39,0xb9d
  best W2[57..59]=0x266,0x2f1d,0x24

SUMMARY N=14 sample_start=38141952 prefixes=32768 total=536870912 d0=33133 best_tail=23 tail_r61=22 best_r61=14 tail_W1=0x359,0x2e39,0xb9d tail_W2=0x266,0x2f1d,0x24 r61_W1=0x3c32,0x2881,0x302c r61_W2=0x3b3f,0x3f86,0x38a7

Scan-only witness registry
  registry_count=16 registry_cap=16
  witness[00] tail=23 r61=17 gh60=0x4b95cae W1=0x3ef0,0x7fe,0x3123 W2=0x3dfd,0x3262,0x389b
  witness[01] tail=23 r61=22 gh60=0x492877a W1=0x359,0x2e39,0xb9d W2=0x266,0x2f1d,0x24
  witness[02] tail=23 r61=23 gh60=0xdf68cba W1=0x1635,0x2ed0,0x2670 W2=0x1542,0x268f,0x3964
  witness[03] tail=23 r61=28 gh60=0xd4b8c9a W1=0x1825,0x1e64,0x3708 W2=0x1732,0x1132,0x1512
  witness[04] tail=24 r61=17 gh60=0x367849a W1=0x3305,0x379b,0x32ff W2=0x3212,0x306c,0x4d6
  witness[05] tail=24 r61=25 gh60=0x5734b6a W1=0x254e,0x10de,0xb1f W2=0x245b,0x12de,0xc71
  witness[06] tail=24 r61=29 gh60=0x3d9fdae W1=0x2e80,0x36cb,0x1595 W2=0x2d8d,0x13f3,0x1ab7
  witness[07] tail=25 r61=15 gh60=0x4b09f6a W1=0x3f5d,0x24ce,0x36af W2=0x3e6a,0xedd,0x3919
  witness[08] tail=25 r61=17 gh60=0x3a344fe W1=0x518,0x3966,0x1328 W2=0x425,0xa8f,0x3ec1
  witness[09] tail=25 r61=21 gh60=0xdf2bd9a W1=0x2ec9,0x2ea0,0x5f6 W2=0x2dd6,0x3d48,0x915
  witness[10] tail=25 r61=22 gh60=0x755c4be W1=0x1a38,0x8ff,0x22b0 W2=0x1945,0x13a2,0xa9f
  witness[11] tail=25 r61=22 gh60=0xcfb44aa W1=0x1bee,0x1fd3,0x87e W2=0x1afb,0x3594,0x653
  witness[12] tail=25 r61=23 gh60=0x4a2c5a6 W1=0xa84,0x372d,0x1962 W2=0x991,0x2d03,0x755
  witness[13] tail=25 r61=23 gh60=0xca2859e W1=0x3287,0x1822,0x360b W2=0x3194,0x2d37,0x1fe6
  witness[14] tail=25 r61=24 gh60=0xca57cbe W1=0xef8,0x3169,0x9c9 W2=0xe05,0x3445,0x3274
  witness[15] tail=25 r61=25 gh60=0xc888cae W1=0x292f,0x2d91,0x10e2 W2=0x283c,0x7f0,0x1e62

Scan-only r61 registry
  registry_count=16 registry_cap=16
  r61_witness[00] r61=14 tail=32 gh60=0xc4a44aa W1=0x3c32,0x2881,0x302c W2=0x3b3f,0x3f86,0x38a7
  r61_witness[01] r61=14 tail=33 gh60=0x4608cee W1=0x70f,0x96b,0x303d W2=0x61c,0x2442,0xe6d
  r61_witness[02] r61=15 tail=25 gh60=0x4b09f6a W1=0x3f5d,0x24ce,0x36af W2=0x3e6a,0xedd,0x3919
  r61_witness[03] r61=15 tail=30 gh60=0xb688daa W1=0x187d,0x3939,0x3e32 W2=0x178a,0x140c,0x3145
  r61_witness[04] r61=15 tail=30 gh60=0x4938b9e W1=0x19c7,0x28f2,0x3bc9 W2=0x18d4,0x2b5c,0x87f
  r61_witness[05] r61=15 tail=30 gh60=0xca09bee W1=0x1d8f,0x34ac,0x368c W2=0x1c9c,0x2d3b,0x750
  r61_witness[06] r61=15 tail=31 gh60=0xd4884a6 W1=0x3a2b,0x79d,0x11c6 W2=0x3938,0x24f8,0x1310
  r61_witness[07] r61=15 tail=33 gh60=0xc604cfa W1=0x371a,0x63d,0x2ab4 W2=0x3627,0x3879,0x2677
  r61_witness[08] r61=15 tail=35 gh60=0x3a084ea W1=0x2b0d,0x2c9d,0x1ac W2=0x2a1a,0x338f,0x15cd
  r61_witness[09] r61=16 tail=27 gh60=0x7b0479a W1=0x33ca,0x2b55,0x625 W2=0x32d7,0x2d5b,0x3a71
  r61_witness[10] r61=16 tail=28 gh60=0x49784aa W1=0x3541,0x384d,0x1ff4 W2=0x344e,0xcfd,0x2f1d
  r61_witness[11] r61=16 tail=28 gh60=0xc888caa W1=0x3941,0x109,0x96 W2=0x384e,0x1338,0x162a
  r61_witness[12] r61=16 tail=29 gh60=0x590bb6a W1=0x2dd1,0x3ac1,0x1faa W2=0x2cde,0x2b00,0xca3
  r61_witness[13] r61=16 tail=30 gh60=0x39887aa W1=0x236d,0x3c74,0x4e8 W2=0x227a,0x2f38,0x10dd
  r61_witness[14] r61=16 tail=30 gh60=0x46e9d9e W1=0x3e67,0x1098,0x3fd0 W2=0x3d74,0x1b74,0x92f
  r61_witness[15] r61=16 tail=32 gh60=0xc4a44aa W1=0x3c32,0x2881,0x282c W2=0x3b3f,0x3f86,0x30a7

D60=0 fiber histogram: 1:7926 2:4909 3:1853 4:1095 5:450 6:224 7:78 8:85 9:29 10:16 11:4 12:6 13:2 14:1 17:1 18:2
