free_word_mitm_reducedn
N=14 mask=0x3fff msb=0x2000
candidate: M0=0x3d36 mode=random-fallback fill=0x3fff kernel=dM0=dM9=0x2000
prefixes=32768/268435456 mode=permuted-prefix-sample w59_per_prefix=16384 total=536870912
run_mode=scan registry_cap=16
sample_start=112754688
scan_elapsed=19.302s rate=27.81 Mtriples/s

D60 interface
  D60=0 matches: 32674 (random expectation 32768.0, enrichment 0.997x)
  prefixes with D60=0: 16714
  max D60=0 fiber per prefix: 17 at W57=0x3b89 W58=0x1904
  largest D60 bucket: D=0xaed count=33713
  min D60 HW: 0
  D60 HW histogram: 0:32674 1:456916 2:2973433 3:11926178 4:32802004 5:65606638 6:98413668 7:112488287 8:98429003 9:65588547 10:32781668 11:11903693 12:2976830 13:458491 14:32882

Tail closure among D60=0 matches
  final tail collisions: 0
  best r61 HW: 15
  best r61 W1[57..59]=0x2840,0x37b2,0xe95
  best r61 W2[57..59]=0x274d,0x1102,0x3a19
  best tail HW: 22
  best tail r61 HW: 20
  best W1[57..59]=0x25f7,0x3b7f,0x36b0
  best W2[57..59]=0x2504,0xbe2,0x1f08

SUMMARY N=14 sample_start=112754688 prefixes=32768 total=536870912 d0=32674 best_tail=22 tail_r61=20 best_r61=15 tail_W1=0x25f7,0x3b7f,0x36b0 tail_W2=0x2504,0xbe2,0x1f08 r61_W1=0x2840,0x37b2,0xe95 r61_W2=0x274d,0x1102,0x3a19

Scan-only witness registry
  registry_count=16 registry_cap=16
  witness[00] tail=22 r61=20 gh60=0xca58cbe W1=0x25f7,0x3b7f,0x36b0 W2=0x2504,0xbe2,0x1f08
  witness[01] tail=23 r61=22 gh60=0x5a99bba W1=0x3d75,0x55b,0x2a4b W2=0x3c82,0x37de,0x2367
  witness[02] tail=23 r61=23 gh60=0xce28cfa W1=0x3715,0x1add,0x30f7 W2=0x3622,0x1150,0x203b
  witness[03] tail=23 r61=25 gh60=0xfb9bfa6 W1=0xf73,0xd01,0x41c W2=0xe80,0x1e57,0x36eb
  witness[04] tail=24 r61=19 gh60=0xb88ccae W1=0x2740,0x396e,0x878 W2=0x264d,0x24be,0x171a
  witness[05] tail=24 r61=19 gh60=0x397849a W1=0x3529,0x2e86,0x1cfb W2=0x3436,0x2451,0x1526
  witness[06] tail=24 r61=20 gh60=0xc595cae W1=0x3e30,0x12f2,0x23a1 W2=0x3d3d,0x34d2,0x3c2f
  witness[07] tail=24 r61=26 gh60=0xdfbbdaa W1=0x10ad,0x2405,0x2f75 W2=0xfba,0x24e0,0x3749
  witness[08] tail=25 r61=18 gh60=0x4b5449a W1=0x3346,0x329d,0x352e W2=0x3253,0x2aef,0x107
  witness[09] tail=25 r61=20 gh60=0x59884a6 W1=0x233b,0x3bab,0x1fcd W2=0x2248,0x1cf8,0x1df4
  witness[10] tail=25 r61=21 gh60=0x4a7c766 W1=0x1364,0x32bd,0x2824 W2=0x1271,0x2919,0xd47
  witness[11] tail=25 r61=21 gh60=0xcfe85a6 W1=0x3a83,0x33ef,0x3b54 W2=0x3990,0x38d4,0x38fa
  witness[12] tail=25 r61=24 gh60=0xcb6bcba W1=0x3139,0x32be,0x847 W2=0x3046,0x901,0xe6
  witness[13] tail=25 r61=25 gh60=0xdfec49e W1=0x23e8,0x1bf7,0x3d66 W2=0x22f5,0x1a2b,0xe42
  witness[14] tail=25 r61=29 gh60=0xba345ee W1=0x3290,0x1a0d,0x2afe W2=0x319d,0xdd0,0x2b4f
  witness[15] tail=25 r61=30 gh60=0xbff45ae W1=0x2a70,0x2ead,0x1330 W2=0x297d,0x11e6,0x3026

Scan-only r61 registry
  registry_count=16 registry_cap=16
  r61_witness[00] r61=15 tail=31 gh60=0x748ccae W1=0x2840,0x37b2,0xe95 W2=0x274d,0x1102,0x3a19
  r61_witness[01] r61=15 tail=32 gh60=0x550856a W1=0xad1,0x3be6,0x6eb W2=0x9de,0x3c74,0x39dc
  r61_witness[02] r61=16 tail=26 gh60=0xc88bba6 W1=0x2dab,0x3fc4,0x33bb W2=0x2cb8,0x3c16,0x1443
  r61_witness[03] r61=16 tail=30 gh60=0xc588caa W1=0x1631,0x353a,0x1bd6 W2=0x153e,0xcb9,0x1e4d
  r61_witness[04] r61=16 tail=31 gh60=0x5a29fe6 W1=0x1f93,0x9d9,0x196b W2=0x1ea0,0x3035,0x2b72
  r61_witness[05] r61=16 tail=33 gh60=0x462bdfe W1=0xe97,0x2fcd,0x7b1 W2=0xda4,0x228c,0x191e
  r61_witness[06] r61=16 tail=33 gh60=0x748ccae W1=0x2840,0x37b2,0x695 W2=0x274d,0x1102,0x3219
  r61_witness[07] r61=16 tail=35 gh60=0xca2bc9e W1=0x2e07,0x19eb,0x28c0 W2=0x2d14,0x151b,0x3200
  r61_witness[08] r61=17 tail=27 gh60=0x4b0c566 W1=0x2acc,0xcbf,0x1173 W2=0x29d9,0x2313,0x1993
  r61_witness[09] r61=17 tail=28 gh60=0x58b8b9a W1=0x25a5,0xb66,0x26c5 W2=0x24b2,0x3b88,0x3393
  r61_witness[10] r61=17 tail=30 gh60=0x4b09b6e W1=0x1cf,0x896,0x246a W2=0xdc,0x37b1,0x1c48
  r61_witness[11] r61=17 tail=30 gh60=0xc9244a6 W1=0xb44,0x372,0x8e3 W2=0xa51,0x34f0,0xc09
  r61_witness[12] r61=17 tail=30 gh60=0xca244ea W1=0x2a12,0x30f2,0x1c71 W2=0x291f,0x37ed,0x893
  r61_witness[13] r61=17 tail=30 gh60=0x4989fa6 W1=0x3f7b,0x3475,0x23bb W2=0x3e88,0x1ca7,0x5b2
  r61_witness[14] r61=17 tail=31 gh60=0xc8b44ae W1=0x1540,0x1220,0x8ad W2=0x144d,0x10b1,0x3f3e
  r61_witness[15] r61=17 tail=32 gh60=0x5624be6 W1=0x1594,0x25cd,0x2c90 W2=0x14a1,0x3c2c,0x345c

D60=0 fiber histogram: 1:8203 2:4796 3:1812 4:1034 5:438 6:216 7:79 8:68 9:24 10:24 11:4 12:3 13:4 14:5 16:2 17:2
