free_word_mitm_reducedn
N=14 mask=0x3fff msb=0x2000
candidate: M0=0x3d36 mode=random-fallback fill=0x3fff kernel=dM0=dM9=0x2000
prefixes=32768/268435456 mode=permuted-prefix-sample w59_per_prefix=16384 total=536870912
run_mode=scan registry_cap=16
sample_start=54034432
scan_elapsed=19.212s rate=27.94 Mtriples/s

D60 interface
  D60=0 matches: 32938 (random expectation 32768.0, enrichment 1.005x)
  prefixes with D60=0: 16512
  max D60=0 fiber per prefix: 17 at W57=0x11cf W58=0x19b
  largest D60 bucket: D=0x2a4f count=33730
  min D60 HW: 0
  D60 HW histogram: 0:32938 1:458674 2:2977633 3:11916402 4:32796256 5:65627231 6:98449288 7:112512684 8:98415375 9:65580829 10:32757221 11:11890449 12:2968878 13:454562 14:32492

Tail closure among D60=0 matches
  final tail collisions: 0
  best r61 HW: 13
  best r61 W1[57..59]=0x17bb,0x3e84,0x3707
  best r61 W2[57..59]=0x16c8,0x34c8,0x3a1e
  best tail HW: 23
  best tail r61 HW: 13
  best W1[57..59]=0x17bb,0x3e84,0x3707
  best W2[57..59]=0x16c8,0x34c8,0x3a1e

SUMMARY N=14 sample_start=54034432 prefixes=32768 total=536870912 d0=32938 best_tail=23 tail_r61=13 best_r61=13 tail_W1=0x17bb,0x3e84,0x3707 tail_W2=0x16c8,0x34c8,0x3a1e r61_W1=0x17bb,0x3e84,0x3707 r61_W2=0x16c8,0x34c8,0x3a1e

Scan-only witness registry
  registry_count=16 registry_cap=16
  witness[00] tail=23 r61=13 gh60=0xd898fa6 W1=0x17bb,0x3e84,0x3707 W2=0x16c8,0x34c8,0x3a1e
  witness[01] tail=23 r61=19 gh60=0x7888baa W1=0x25b1,0x2f1d,0x8e W2=0x24be,0x2f74,0x2b09
  witness[02] tail=23 r61=21 gh60=0xba39dee W1=0x8f,0x20d6,0x17aa W2=0x3f9c,0x315,0x39e2
  witness[03] tail=24 r61=21 gh60=0xdb88ba6 W1=0x5bb,0x1b21,0x651 W2=0x4c8,0x22e5,0x9e5
  witness[04] tail=25 r61=17 gh60=0x55984ba W1=0x39f5,0x1d97,0x39fd W2=0x3902,0x12d1,0x47a
  witness[05] tail=25 r61=18 gh60=0xc609cee W1=0x11f,0x30d7,0x3256 W2=0x2c,0xb1e,0x348b
  witness[06] tail=25 r61=19 gh60=0x4b584be W1=0x2c37,0x222a,0x33cf W2=0x2b44,0x2f48,0x3026
  witness[07] tail=25 r61=20 gh60=0x54884aa W1=0x23d,0x351b,0x1ea1 W2=0x14a,0x3847,0x1900
  witness[08] tail=25 r61=20 gh60=0x36a47a6 W1=0x2b74,0xa2e,0x3386 W2=0x2a81,0x3394,0x396c
  witness[09] tail=25 r61=23 gh60=0x4eb85a6 W1=0x226b,0x22e,0x3e99 W2=0x2178,0x16f3,0x15fe
  witness[10] tail=25 r61=24 gh60=0xd9944aa W1=0x34fe,0xaf0,0x2a78 W2=0x340b,0x1fe1,0x3372
  witness[11] tail=25 r61=27 gh60=0xd75457a W1=0x2d6,0x3d60,0x826 W2=0x1e3,0x1c6d,0x2419
  witness[12] tail=26 r61=14 gh60=0x48a9c9a W1=0x2125,0x1d88,0x2143 W2=0x2032,0x3c18,0x2f0c
  witness[13] tail=26 r61=16 gh60=0x4e845ba W1=0x1c7a,0x1814,0x218c W2=0x1b87,0x159f,0x1f8
  witness[14] tail=26 r61=18 gh60=0x5608ce6 W1=0x281b,0x3ed8,0x2116 W2=0x2728,0x266e,0x64d
  witness[15] tail=26 r61=19 gh60=0xc658cfe W1=0x1617,0x144d,0x3dab W2=0x1524,0x36b4,0x2204

Scan-only r61 registry
  registry_count=16 registry_cap=16
  r61_witness[00] r61=13 tail=23 gh60=0xd898fa6 W1=0x17bb,0x3e84,0x3707 W2=0x16c8,0x34c8,0x3a1e
  r61_witness[01] r61=13 tail=30 gh60=0x490876e W1=0x3bdf,0x2a45,0x3588 W2=0x3aec,0x2c73,0x95a
  r61_witness[02] r61=14 tail=26 gh60=0x48a9c9a W1=0x2125,0x1d88,0x2143 W2=0x2032,0x3c18,0x2f0c
  r61_witness[03] r61=14 tail=28 gh60=0xca084ee W1=0xd1f,0xef6,0x2c3d W2=0xc2c,0x2a80,0x154a
  r61_witness[04] r61=14 tail=30 gh60=0xc6044e6 W1=0x2c0c,0x2494,0x39fb W2=0x2b19,0x2568,0x180
  r61_witness[05] r61=14 tail=30 gh60=0x468fca6 W1=0x30ec,0xdc1,0x3b23 W2=0x2ff9,0x2560,0x1784
  r61_witness[06] r61=14 tail=38 gh60=0xd60459a W1=0x228a,0x2e37,0x138a W2=0x2197,0x1b15,0x392d
  r61_witness[07] r61=15 tail=29 gh60=0x5914f6a W1=0x37de,0x33aa,0x2bb2 W2=0x36eb,0x7ba,0x35e9
  r61_witness[08] r61=15 tail=32 gh60=0x4908b6e W1=0x295f,0x7c0,0x2357 W2=0x286c,0x39cb,0x28f2
  r61_witness[09] r61=16 tail=26 gh60=0x4e845ba W1=0x1c7a,0x1814,0x218c W2=0x1b87,0x159f,0x1f8
  r61_witness[10] r61=16 tail=28 gh60=0x448bdaa W1=0xead,0x39a7,0x1a4 W2=0xdba,0x82,0x1ee9
  r61_witness[11] r61=16 tail=29 gh60=0x490cb6e W1=0x5e0,0x2dfb,0x3522 W2=0x4ed,0x2007,0x24b8
  r61_witness[12] r61=16 tail=31 gh60=0x4904f9a W1=0x27ca,0x3c9e,0x1217 W2=0x26d7,0x29f1,0x2ef6
  r61_witness[13] r61=16 tail=34 gh60=0xc534d6e W1=0x6e0,0x302a,0xc52 W2=0x5ed,0x1166,0x34f0
  r61_witness[14] r61=16 tail=34 gh60=0x487bca6 W1=0x312b,0x235e,0x48a W2=0x3038,0xa80,0x21c4
  r61_witness[15] r61=16 tail=35 gh60=0xc608cea W1=0x2711,0xeb0,0x2478 W2=0x261e,0x1167,0x3af7

D60=0 fiber histogram: 1:8008 2:4655 3:1827 4:1095 5:441 6:232 7:95 8:80 9:27 10:21 11:8 12:8 13:3 14:5 15:2 16:4 17:1
