free_word_mitm_reducedn
N=14 mask=0x3fff msb=0x2000
candidate: M0=0x3d36 mode=random-fallback fill=0x3fff kernel=dM0=dM9=0x2000
prefixes=32768/268435456 mode=permuted-prefix-sample w59_per_prefix=16384 total=536870912
run_mode=scan registry_cap=16
sample_start=13828096
scan_elapsed=18.625s rate=28.83 Mtriples/s

D60 interface
  D60=0 matches: 32609 (random expectation 32768.0, enrichment 0.995x)
  prefixes with D60=0: 16558
  max D60=0 fiber per prefix: 21 at W57=0xf6f W58=0x3276
  largest D60 bucket: D=0x2fb8 count=33932
  min D60 HW: 0
  D60 HW histogram: 0:32609 1:458422 2:2975493 3:11903653 4:32788519 5:65614002 6:98471700 7:112510641 8:98432103 9:65567033 10:32752443 11:11901464 12:2974117 13:456279 14:32434

Tail closure among D60=0 matches
  final tail collisions: 0
  best r61 HW: 14
  best r61 W1[57..59]=0x2d83,0x3e,0x1cc
  best r61 W2[57..59]=0x2c90,0x3a20,0x2b23
  best tail HW: 22
  best tail r61 HW: 22
  best W1[57..59]=0x8c8,0x2be1,0xbbb
  best W2[57..59]=0x7d5,0x2ef8,0x6b0

SUMMARY N=14 sample_start=13828096 prefixes=32768 total=536870912 d0=32609 best_tail=22 tail_r61=22 best_r61=14 tail_W1=0x8c8,0x2be1,0xbbb tail_W2=0x7d5,0x2ef8,0x6b0 r61_W1=0x2d83,0x3e,0x1cc r61_W2=0x2c90,0x3a20,0x2b23

Scan-only witness registry
  registry_count=16 registry_cap=16
  witness[00] tail=22 r61=14 gh60=0x4a3bba6 W1=0x2d83,0x3e,0x1cc W2=0x2c90,0x3a20,0x2b23
  witness[01] tail=22 r61=21 gh60=0xcab85ba W1=0x1c75,0x2dd4,0x2206 W2=0x1b82,0x2b76,0x23c5
  witness[02] tail=22 r61=22 gh60=0xdf2cd9e W1=0x8c8,0x2be1,0xbbb W2=0x7d5,0x2ef8,0x6b0
  witness[03] tail=22 r61=22 gh60=0x5f0bb6e W1=0x2d4f,0xa64,0x19da W2=0x2c5c,0x3283,0x1250
  witness[04] tail=23 r61=14 gh60=0xc899ce6 W1=0x1f23,0x5d,0x7c4 W2=0x1e30,0x3c91,0xe95
  witness[05] tail=23 r61=17 gh60=0xd8a4be6 W1=0x29a4,0x71f,0x214e W2=0x28b1,0xd0e,0x136b
  witness[06] tail=23 r61=17 gh60=0x4b99caa W1=0x3f2d,0x304b,0x3e9c W2=0x3e3a,0x3246,0x2253
  witness[07] tail=23 r61=23 gh60=0x38dcb9e W1=0x25a8,0x1a0,0x1b0d W2=0x24b5,0x39b7,0x4df
  witness[08] tail=23 r61=27 gh60=0xfda4daa W1=0x8b2,0x3431,0x2ad6 W2=0x7bf,0x3e9d,0xfb4
  witness[09] tail=24 r61=20 gh60=0x5a35b9e W1=0x188,0x1d07,0x21dd W2=0x95,0xeec,0x1bc5
  witness[10] tail=24 r61=20 gh60=0xd5985a6 W1=0x32bb,0x440,0x2569 W2=0x31c8,0x2665,0xc51
  witness[11] tail=24 r61=21 gh60=0x5a2879a W1=0x1385,0x2b0c,0x3c49 W2=0x1292,0x2da5,0x1bec
  witness[12] tail=24 r61=21 gh60=0x46a85ba W1=0x3479,0x2579,0x37f2 W2=0x3386,0x129f,0x2419
  witness[13] tail=24 r61=23 gh60=0xfe2ddea W1=0x1e92,0x3e92,0x3f48 W2=0x1d9f,0xef6,0x4fc
  witness[14] tail=25 r61=19 gh60=0x4918f66 W1=0x2753,0x472,0x3ff6 W2=0x2660,0x28bc,0xe60
  witness[15] tail=25 r61=22 gh60=0x5a94fae W1=0x2780,0x21b1,0x61d W2=0x268d,0x1779,0x2697

Scan-only r61 registry
  registry_count=16 registry_cap=16
  r61_witness[00] r61=14 tail=22 gh60=0x4a3bba6 W1=0x2d83,0x3e,0x1cc W2=0x2c90,0x3a20,0x2b23
  r61_witness[01] r61=14 tail=23 gh60=0xc899ce6 W1=0x1f23,0x5d,0x7c4 W2=0x1e30,0x3c91,0xe95
  r61_witness[02] r61=14 tail=32 gh60=0x48a44aa W1=0xd32,0x3c0f,0x1a73 W2=0xc3f,0x254,0x1a9e
  r61_witness[03] r61=14 tail=38 gh60=0x4a0ccee W1=0x720,0x3e6d,0x1bc7 W2=0x62d,0x2c49,0x262b
  r61_witness[04] r61=15 tail=29 gh60=0xb5a8566 W1=0x263,0x871,0xe1a W2=0x170,0x3c0,0x28f
  r61_witness[05] r61=15 tail=30 gh60=0x3a984a6 W1=0xcf3,0x2a5d,0x3c6e W2=0xc00,0x94a,0x3c50
  r61_witness[06] r61=15 tail=32 gh60=0x48a84a6 W1=0x333,0x1bee,0xb2a W2=0x240,0x1a59,0x2564
  r61_witness[07] r61=15 tail=32 gh60=0x4889fae W1=0x1faf,0x110c,0xa28 W2=0x1ebc,0x563,0x2230
  r61_witness[08] r61=15 tail=33 gh60=0x3a1bbfa W1=0x2d95,0x30c6,0x2a05 W2=0x2ca2,0xe59,0x2b23
  r61_witness[09] r61=16 tail=30 gh60=0x4968c9a W1=0x949,0x1ccd,0x2cd2 W2=0x856,0x3fe3,0x2c55
  r61_witness[10] r61=16 tail=31 gh60=0x4657bba W1=0x3176,0xd79,0x1f50 W2=0x3083,0x374d,0x348b
  r61_witness[11] r61=16 tail=31 gh60=0xc508d6a W1=0x3651,0x19f,0x3a49 W2=0x355e,0xb12,0x39a5
  r61_witness[12] r61=16 tail=33 gh60=0x49abbba W1=0xd75,0x10fe,0x20da W2=0xc82,0x3485,0x72c
  r61_witness[13] r61=16 tail=33 gh60=0xc4884a6 W1=0x3c3b,0x131e,0x46 W2=0x3b48,0x1169,0xd9f
  r61_witness[14] r61=16 tail=34 gh60=0x4e04ce6 W1=0x70c,0x2e3c,0xd0c W2=0x619,0x3d5f,0x8bd
  r61_witness[15] r61=16 tail=35 gh60=0xca5bf9e W1=0x2f67,0x261b,0x1db5 W2=0x2e74,0xef3,0x245d

D60=0 fiber histogram: 1:8058 2:4763 3:1809 4:1090 5:374 6:231 7:88 8:69 9:27 10:21 11:9 12:9 13:2 14:3 16:3 17:1 21:1
