free_word_mitm_reducedn
N=14 mask=0x3fff msb=0x2000
candidate: M0=0x3d36 mode=random-fallback fill=0x3fff kernel=dM0=dM9=0x2000
prefixes=32768/268435456 mode=permuted-prefix-sample w59_per_prefix=16384 total=536870912
run_mode=scan registry_cap=16
sample_start=64159744
scan_elapsed=18.478s rate=29.05 Mtriples/s

D60 interface
  D60=0 matches: 32468 (random expectation 32768.0, enrichment 0.991x)
  prefixes with D60=0: 16388
  max D60=0 fiber per prefix: 21 at W57=0x30d2 W58=0x1d86
  largest D60 bucket: D=0xe11 count=33948
  min D60 HW: 0
  D60 HW histogram: 0:32468 1:456465 2:2979524 3:11934627 4:32834896 5:65658679 6:98492657 7:112527643 8:98360464 9:65506186 10:32722000 11:11898468 12:2976062 13:458284 14:32489

Tail closure among D60=0 matches
  final tail collisions: 0
  best r61 HW: 15
  best r61 W1[57..59]=0x3f1e,0xd36,0xbd8
  best r61 W2[57..59]=0x3e2b,0x11ae,0x3f86
  best tail HW: 20
  best tail r61 HW: 23
  best W1[57..59]=0x3a36,0x19a4,0x33c1
  best W2[57..59]=0x3943,0xe67,0x1a64

SUMMARY N=14 sample_start=64159744 prefixes=32768 total=536870912 d0=32468 best_tail=20 tail_r61=23 best_r61=15 tail_W1=0x3a36,0x19a4,0x33c1 tail_W2=0x3943,0xe67,0x1a64 r61_W1=0x3f1e,0xd36,0xbd8 r61_W2=0x3e2b,0x11ae,0x3f86

Scan-only witness registry
  registry_count=16 registry_cap=16
  witness[00] tail=20 r61=23 gh60=0xbcd44ba W1=0x3a36,0x19a4,0x33c1 W2=0x3943,0xe67,0x1a64
  witness[01] tail=22 r61=16 gh60=0xc71cf6e W1=0x1760,0x1903,0x2fa0 W2=0x166d,0x1d33,0x1724
  witness[02] tail=23 r61=17 gh60=0xcca84ba W1=0x2a35,0x4ea,0x2c39 W2=0x2942,0x27a4,0x2ba2
  witness[03] tail=23 r61=20 gh60=0xcd38d9e W1=0x16c7,0x14a9,0x2707 W2=0x15d4,0x2bb3,0xe98
  witness[04] tail=23 r61=21 gh60=0x7f08b6a W1=0x25cd,0x1850,0x19c W2=0x24da,0x653,0x337e
  witness[05] tail=23 r61=25 gh60=0x5ef456e W1=0x22d0,0x1f4b,0x22fc W2=0x21dd,0x3a2,0x183f
  witness[06] tail=24 r61=21 gh60=0xb627ce6 W1=0x3014,0x3e7c,0x796 W2=0x2f21,0x59d,0x84b
  witness[07] tail=24 r61=29 gh60=0xc9fdbae W1=0x1db0,0x368d,0x1a28 W2=0x1cbd,0x3095,0x1a56
  witness[08] tail=25 r61=18 gh60=0xda14dee W1=0x1890,0x11ba,0x36d9 W2=0x179d,0x17e,0x3b26
  witness[09] tail=25 r61=19 gh60=0x4e984ba W1=0x3bf5,0x2ca7,0x1eef W2=0x3b02,0x2461,0x12dc
  witness[10] tail=25 r61=21 gh60=0x4aa8d9e W1=0x667,0x1455,0x1180 W2=0x574,0x1baf,0x2145
  witness[11] tail=25 r61=22 gh60=0x5a7c4ea W1=0x31e,0x1208,0x2a57 W2=0x22b,0x1d83,0x3c0a
  witness[12] tail=25 r61=22 gh60=0xca0ccea W1=0x180e,0x2b19,0x45e W2=0x171b,0x3ad5,0x784
  witness[13] tail=25 r61=22 gh60=0x5d7c4e6 W1=0x3424,0x1817,0x1e71 W2=0x3331,0x48b,0x3f6e
  witness[14] tail=25 r61=22 gh60=0xc9ecba6 W1=0x39b4,0x3303,0x3dbf W2=0x38c1,0x6d8,0x2b51
  witness[15] tail=25 r61=25 gh60=0x798fbaa W1=0x116e,0x3d1f,0x3623 W2=0x107b,0x30fb,0x134f

Scan-only r61 registry
  registry_count=16 registry_cap=16
  r61_witness[00] r61=15 tail=26 gh60=0x4718f66 W1=0x375b,0x25f1,0x32d9 W2=0x3668,0x1e23,0x11a3
  r61_witness[01] r61=15 tail=27 gh60=0xc60dcea W1=0x3f1e,0xd36,0xbd8 W2=0x3e2b,0x11ae,0x3f86
  r61_witness[02] r61=15 tail=31 gh60=0xbaa84a6 W1=0x9f3,0x23bb,0x2934 W2=0x900,0x10a8,0x2c11
  r61_witness[03] r61=15 tail=31 gh60=0x48f8766 W1=0xbcb,0x3fe1,0xf83 W2=0xad8,0x261c,0x23a1
  r61_witness[04] r61=15 tail=31 gh60=0x450c57a W1=0x3c5a,0x3f12,0x32a W2=0x3b67,0x3a1b,0x10a0
  r61_witness[05] r61=15 tail=31 gh60=0xce09fee W1=0x3f9f,0x3e22,0x1e7 W2=0x3eac,0x34e1,0x1843
  r61_witness[06] r61=15 tail=32 gh60=0x489c4ae W1=0x1530,0x25f3,0x2477 W2=0x143d,0x2594,0x20d8
  r61_witness[07] r61=15 tail=33 gh60=0x4a04ce6 W1=0x380c,0x97a,0x188e W2=0x3719,0x1111,0x202b
  r61_witness[08] r61=16 tail=22 gh60=0xc71cf6e W1=0x1760,0x1903,0x2fa0 W2=0x166d,0x1d33,0x1724
  r61_witness[09] r61=16 tail=26 gh60=0xc888baa W1=0x9bd,0xa4d,0x1923 W2=0x8ca,0x3690,0x182b
  r61_witness[10] r61=16 tail=32 gh60=0x452857a W1=0x1cd9,0xe60,0x3f1c W2=0x1be6,0x3794,0x2e1b
  r61_witness[11] r61=16 tail=32 gh60=0xc889baa W1=0x1dad,0x2905,0x12ae W2=0x1cba,0x1718,0x3abd
  r61_witness[12] r61=16 tail=33 gh60=0x5a1bdee W1=0x2e9f,0x1903,0x1893 W2=0x2dac,0x3636,0x23ae
  r61_witness[13] r61=16 tail=37 gh60=0x4b07f66 W1=0xf5c,0x839,0x39f9 W2=0xe69,0x1ce6,0xef6
  r61_witness[14] r61=16 tail=39 gh60=0x4928b7e W1=0x1557,0x204c,0x2d61 W2=0x1464,0x2167,0xca8
  r61_witness[15] r61=16 tail=39 gh60=0x4e08bea W1=0x29a1,0x2dc1,0x12ed W2=0x28ae,0x2844,0xd7f

D60=0 fiber histogram: 1:7873 2:4797 3:1751 4:1111 5:394 6:249 7:72 8:70 9:27 10:16 11:8 12:6 13:4 14:3 15:2 16:2 17:1 19:1 21:1
