free_word_mitm_reducedn
N=14 mask=0x3fff msb=0x2000
candidate: M0=0x3d36 mode=random-fallback fill=0x3fff kernel=dM0=dM9=0x2000
prefixes=32768/268435456 mode=permuted-prefix-sample w59_per_prefix=16384 total=536870912
run_mode=scan registry_cap=16
sample_start=80936960
scan_elapsed=18.622s rate=28.83 Mtriples/s

D60 interface
  D60=0 matches: 32330 (random expectation 32768.0, enrichment 0.987x)
  prefixes with D60=0: 16456
  max D60=0 fiber per prefix: 26 at W57=0x564 W58=0x10c8
  largest D60 bucket: D=0x2b69 count=33893
  min D60 HW: 0
  D60 HW histogram: 0:32330 1:455890 2:2975359 3:11916878 4:32800922 5:65623028 6:98452017 7:112491733 8:98435325 9:65577560 10:32754165 11:11896776 12:2970954 13:455335 14:32640

Tail closure among D60=0 matches
  final tail collisions: 0
  best r61 HW: 13
  best r61 W1[57..59]=0x3e9f,0xff3,0x2e9b
  best r61 W2[57..59]=0x3dac,0x3822,0x949
  best tail HW: 20
  best tail r61 HW: 22
  best W1[57..59]=0x3a39,0x3f17,0x1d89
  best W2[57..59]=0x3946,0x3399,0xea

SUMMARY N=14 sample_start=80936960 prefixes=32768 total=536870912 d0=32330 best_tail=20 tail_r61=22 best_r61=13 tail_W1=0x3a39,0x3f17,0x1d89 tail_W2=0x3946,0x3399,0xea r61_W1=0x3e9f,0xff3,0x2e9b r61_W2=0x3dac,0x3822,0x949

Scan-only witness registry
  registry_count=16 registry_cap=16
  witness[00] tail=20 r61=22 gh60=0xfdf84ba W1=0x3a39,0x3f17,0x1d89 W2=0x3946,0x3399,0xea
  witness[01] tail=21 r61=15 gh60=0x4f58d9e W1=0x16c7,0x24be,0x3ed6 W2=0x15d4,0x3bc8,0x14b9
  witness[02] tail=21 r61=23 gh60=0x3fa4766 W1=0x3be4,0x3a13,0x3f65 W2=0x3af1,0x2fed,0x1953
  witness[03] tail=22 r61=25 gh60=0xcd9c4a6 W1=0x21ec,0xf9d,0x2aab W2=0x20f9,0x2c7b,0x2648
  witness[04] tail=23 r61=16 gh60=0x4b1bb66 W1=0x3153,0x2a48,0x292b W2=0x3060,0x1fb4,0x8ba
  witness[05] tail=23 r61=18 gh60=0x5d685e6 W1=0x3ca3,0xae7,0x38e8 W2=0x3bb0,0x3140,0x2876
  witness[06] tail=23 r61=23 gh60=0x7fd84be W1=0x3437,0x1254,0x1299 W2=0x3344,0x2ef6,0x11af
  witness[07] tail=23 r61=26 gh60=0x7bd449e W1=0xd28,0x2201,0x3708 W2=0xc35,0x302f,0x2c07
  witness[08] tail=24 r61=21 gh60=0x4e2c59e W1=0x3a88,0x1dbd,0x1040 W2=0x3995,0x3245,0x35a9
  witness[09] tail=24 r61=24 gh60=0xd9f8f9a W1=0x27c5,0x2649,0x2a07 W2=0x26d2,0x13b3,0x1509
  witness[10] tail=25 r61=17 gh60=0xcafc4ba W1=0xafa,0x1285,0x2960 W2=0xa07,0x3bbc,0x1ab8
  witness[11] tail=25 r61=17 gh60=0xd8944aa W1=0x153e,0x273e,0x3019 W2=0x144b,0x3daf,0x17ab
  witness[12] tail=25 r61=25 gh60=0xcdfc59a W1=0x2c6a,0x4ec,0x12fa W2=0x2b77,0x3382,0x3160
  witness[13] tail=25 r61=26 gh60=0x75b85be W1=0x2a77,0x3c0f,0x2d44 W2=0x2984,0x3f59,0xbe5
  witness[14] tail=25 r61=29 gh60=0xbd0c566 W1=0x12dc,0x21e8,0x3b74 W2=0x11e9,0xa2a,0x19cd
  witness[15] tail=26 r61=15 gh60=0x4a64caa W1=0x5f2,0x3d35,0x11d4 W2=0x4ff,0x639,0x1fa0

Scan-only r61 registry
  registry_count=16 registry_cap=16
  r61_witness[00] r61=13 tail=28 gh60=0x3a09dee W1=0x3e9f,0xff3,0x2e9b W2=0x3dac,0x3822,0x949
  r61_witness[01] r61=13 tail=36 gh60=0x450856a W1=0x4dd,0x390b,0x298f W2=0x3ea,0xea1,0x384e
  r61_witness[02] r61=14 tail=30 gh60=0xca187e6 W1=0x2b93,0x18d4,0xd4f W2=0x2aa0,0x22d,0x196f
  r61_witness[03] r61=14 tail=32 gh60=0x4607be6 W1=0x318c,0xd53,0x200e W2=0x3099,0x724,0x3017
  r61_witness[04] r61=14 tail=32 gh60=0x5908b6a W1=0x39dd,0x24f0,0x3001 W2=0x38ea,0x231b,0x328
  r61_witness[05] r61=15 tail=21 gh60=0x4f58d9e W1=0x16c7,0x24be,0x3ed6 W2=0x15d4,0x3bc8,0x14b9
  r61_witness[06] r61=15 tail=26 gh60=0x4a64caa W1=0x5f2,0x3d35,0x11d4 W2=0x4ff,0x639,0x1fa0
  r61_witness[07] r61=15 tail=29 gh60=0xc4a849e W1=0x1427,0x3f80,0x1656 W2=0x1334,0x1d33,0x145f
  r61_witness[08] r61=15 tail=29 gh60=0x48f44be W1=0x2538,0x235d,0xcdf W2=0x2445,0x31fc,0x1342
  r61_witness[09] r61=15 tail=31 gh60=0x489ccba W1=0x93a,0x11a3,0x2f90 W2=0x847,0x3357,0x1e0b
  r61_witness[10] r61=15 tail=34 gh60=0x3898bae W1=0x15bf,0x182a,0x2543 W2=0x14cc,0x2031,0xb1b
  r61_witness[11] r61=15 tail=34 gh60=0xc8984a6 W1=0x1d33,0x20c9,0xb47 W2=0x1c40,0xe36,0x57c
  r61_witness[12] r61=15 tail=34 gh60=0x4499daa W1=0x3ebd,0xe1d,0xa12 W2=0x3dca,0x1be4,0xcd
  r61_witness[13] r61=16 tail=23 gh60=0x4b1bb66 W1=0x3153,0x2a48,0x292b W2=0x3060,0x1fb4,0x8ba
  r61_witness[14] r61=16 tail=27 gh60=0xca7449e W1=0x208,0x2c29,0x3fe4 W2=0x115,0x291b,0x4a4
  r61_witness[15] r61=16 tail=27 gh60=0x491876e W1=0x334f,0x2393,0x216 W2=0x325c,0x30d5,0x26c3

D60=0 fiber histogram: 1:7971 2:4779 3:1791 4:1072 5:432 6:211 7:71 8:66 9:26 10:16 11:3 12:9 13:2 14:3 16:1 22:2 26:1
