free_word_mitm_reducedn
N=14 mask=0x3fff msb=0x2000
candidate: M0=0x3d36 mode=random-fallback fill=0x3fff kernel=dM0=dM9=0x2000
prefixes=32768/268435456 mode=permuted-prefix-sample w59_per_prefix=16384 total=536870912
run_mode=scan registry_cap=16
sample_start=131268608
scan_elapsed=18.234s rate=29.44 Mtriples/s

D60 interface
  D60=0 matches: 32236 (random expectation 32768.0, enrichment 0.984x)
  prefixes with D60=0: 16327
  max D60=0 fiber per prefix: 17 at W57=0x2f64 W58=0x20a8
  largest D60 bucket: D=0x2cd8 count=33864
  min D60 HW: 0
  D60 HW histogram: 0:32236 1:455983 2:2971737 3:11907812 4:32791284 5:65633811 6:98484881 7:112532149 8:98419468 9:65551255 10:32747651 11:11887689 12:2967593 13:454777 14:32586

Tail closure among D60=0 matches
  final tail collisions: 0
  best r61 HW: 13
  best r61 W1[57..59]=0x88c,0x3b8d,0xe93
  best r61 W2[57..59]=0x799,0x3048,0x995
  best tail HW: 23
  best tail r61 HW: 19
  best W1[57..59]=0xa18,0xa80,0x1f8d
  best W2[57..59]=0x925,0x799,0x2f90

SUMMARY N=14 sample_start=131268608 prefixes=32768 total=536870912 d0=32236 best_tail=23 tail_r61=19 best_r61=13 tail_W1=0xa18,0xa80,0x1f8d tail_W2=0x925,0x799,0x2f90 r61_W1=0x88c,0x3b8d,0xe93 r61_W2=0x799,0x3048,0x995

Scan-only witness registry
  registry_count=16 registry_cap=16
  witness[00] tail=23 r61=19 gh60=0xce2c4fe W1=0xa18,0xa80,0x1f8d W2=0x925,0x799,0x2f90
  witness[01] tail=23 r61=20 gh60=0xb48bcaa W1=0x1031,0x1cd2,0xf3e W2=0xf3e,0xdd1,0x3727
  witness[02] tail=24 r61=17 gh60=0xc494cae W1=0x2630,0x1727,0x3200 W2=0x253d,0x3787,0x258
  witness[03] tail=24 r61=19 gh60=0x5af4dee W1=0x3890,0x1fc4,0x564 W2=0x379d,0xf88,0x354d
  witness[04] tail=24 r61=20 gh60=0x4b1857a W1=0x2455,0x2d79,0x13e5 W2=0x2362,0x2001,0x3d9
  witness[05] tail=24 r61=20 gh60=0x4ad9b9e W1=0x3dc7,0x2e11,0x4e W2=0x3cd4,0x2375,0xb9e
  witness[06] tail=24 r61=21 gh60=0xc6e8d7e W1=0x16d7,0x319d,0x3807 W2=0x15e4,0xb70,0x3cce
  witness[07] tail=24 r61=23 gh60=0xda1c4ee W1=0x1210,0xda8,0x315f W2=0x111d,0x3743,0xf95
  witness[08] tail=24 r61=28 gh60=0xffecbba W1=0x15b6,0x1fd1,0x682 W2=0x14c3,0x2edd,0x363f
  witness[09] tail=25 r61=17 gh60=0x4a68dfa W1=0x895,0x2fe6,0xbeb W2=0x7a2,0x1841,0x3d7e
  witness[10] tail=25 r61=17 gh60=0x4a5449a W1=0x1be6,0x1b9d,0xc8d W2=0x1af3,0x1273,0xc9a
  witness[11] tail=25 r61=17 gh60=0x7a044e6 W1=0x3b0c,0x1c1c,0x2d4 W2=0x3a19,0x3a04,0xb40
  witness[12] tail=25 r61=17 gh60=0x4535d7a W1=0x3e56,0xc48,0x129e W2=0x3d63,0x28c0,0x478
  witness[13] tail=25 r61=19 gh60=0xb618cea W1=0x2821,0x3c70,0xd78 W2=0x272e,0x3c6b,0x391a
  witness[14] tail=25 r61=23 gh60=0x4898fa6 W1=0x7bb,0x3646,0x2847 W2=0x6c8,0x1b8a,0x28bc
  witness[15] tail=25 r61=23 gh60=0xc4fc5ba W1=0x3cba,0x3061,0x1a6c W2=0x3bc7,0x2f80,0x2968

Scan-only r61 registry
  registry_count=16 registry_cap=16
  r61_witness[00] r61=13 tail=28 gh60=0x560cde6 W1=0x88c,0x3b8d,0xe93 W2=0x799,0x3048,0x995
  r61_witness[01] r61=14 tail=35 gh60=0x4b04f7a W1=0x75a,0x232d,0x2edd W2=0x667,0xb45,0xbf2
  r61_witness[02] r61=14 tail=36 gh60=0x4b0856a W1=0x261,0x34c8,0x24c W2=0x16e,0x2fea,0x2450
  r61_witness[03] r61=14 tail=36 gh60=0x4a244a6 W1=0xb04,0x34a8,0x2b7b W2=0xa11,0x26a6,0x3d4f
  r61_witness[04] r61=15 tail=27 gh60=0xcee8dfa W1=0x1899,0x1613,0x293b W2=0x17a6,0x272,0x320
  r61_witness[05] r61=15 tail=29 gh60=0x49b7c9e W1=0x2f28,0x2454,0x3807 W2=0x2e35,0x1ac5,0x22ea
  r61_witness[06] r61=15 tail=30 gh60=0x4a84ba6 W1=0x56c,0x172d,0x2817 W2=0x479,0x1f82,0x2733
  r61_witness[07] r61=15 tail=33 gh60=0x48884aa W1=0x3b3d,0x83,0xdd5 W2=0x3a4a,0x18ef,0x2ad7
  r61_witness[08] r61=16 tail=26 gh60=0x76087ee W1=0x2b8f,0x1197,0x217 W2=0x2a9c,0xa65,0x3266
  r61_witness[09] r61=16 tail=28 gh60=0x5a185e6 W1=0x1c9b,0x3e78,0x3347 W2=0x1ba8,0x723,0x2dbc
  r61_witness[10] r61=16 tail=28 gh60=0x560449a W1=0x3a0a,0x3a44,0x142b W2=0x3917,0x2e90,0xf9e
  r61_witness[11] r61=16 tail=31 gh60=0xc8884aa W1=0x1d41,0xa14,0x2913 W2=0x1c4e,0x1e44,0x231c
  r61_witness[12] r61=16 tail=34 gh60=0x4e0bcea W1=0xf1d,0xa72,0x11b8 W2=0xe2a,0x39d9,0x10f8
  r61_witness[13] r61=16 tail=35 gh60=0xc88449a W1=0x32a,0x2faa,0xa64 W2=0x237,0x17ee,0x13fc
  r61_witness[14] r61=17 tail=24 gh60=0xc494cae W1=0x2630,0x1727,0x3200 W2=0x253d,0x3787,0x258
  r61_witness[15] r61=17 tail=25 gh60=0x4a5449a W1=0x1be6,0x1b9d,0xc8d W2=0x1af3,0x1273,0xc9a

D60=0 fiber histogram: 1:7908 2:4648 3:1793 4:1149 5:401 6:214 7:89 8:69 9:16 10:20 11:6 12:7 13:3 14:2 15:1 17:1
