free_word_mitm_reducedn
N=14 mask=0x3fff msb=0x2000
candidate: M0=0x3d36 mode=random-fallback fill=0x3fff kernel=dM0=dM9=0x2000
prefixes=32768/268435456 mode=permuted-prefix-sample w59_per_prefix=16384 total=536870912
run_mode=scan registry_cap=16
sample_start=164823040
scan_elapsed=18.594s rate=28.87 Mtriples/s

D60 interface
  D60=0 matches: 32382 (random expectation 32768.0, enrichment 0.988x)
  prefixes with D60=0: 16429
  max D60=0 fiber per prefix: 16 at W57=0x3df5 W58=0x2905
  largest D60 bucket: D=0x9cd count=34019
  min D60 HW: 0
  D60 HW histogram: 0:32382 1:458166 2:2986925 3:11941302 4:32846180 5:65690980 6:98480274 7:112483319 8:98358005 9:65510718 10:32730175 11:11893133 12:2970537 13:455821 14:32995

Tail closure among D60=0 matches
  final tail collisions: 0
  best r61 HW: 13
  best r61 W1[57..59]=0x2349,0x5a8,0x39ad
  best r61 W2[57..59]=0x2256,0x2e35,0x32f9
  best tail HW: 20
  best tail r61 HW: 21
  best W1[57..59]=0x174d,0x329c,0x236f
  best W2[57..59]=0x165a,0x31b3,0x535

SUMMARY N=14 sample_start=164823040 prefixes=32768 total=536870912 d0=32382 best_tail=20 tail_r61=21 best_r61=13 tail_W1=0x174d,0x329c,0x236f tail_W2=0x165a,0x31b3,0x535 r61_W1=0x2349,0x5a8,0x39ad r61_W2=0x2256,0x2e35,0x32f9

Scan-only witness registry
  registry_count=16 registry_cap=16
  witness[00] tail=20 r61=21 gh60=0x4f38f6a W1=0x174d,0x329c,0x236f W2=0x165a,0x31b3,0x535
  witness[01] tail=21 r61=14 gh60=0x4a9fcaa W1=0x10ee,0x35fd,0x296b W2=0xffb,0x2779,0x1e02
  witness[02] tail=22 r61=16 gh60=0xc5f4d9a W1=0x2666,0x1895,0x9e5 W2=0x2573,0x39f8,0xb02
  witness[03] tail=23 r61=18 gh60=0x490876a W1=0x3e1,0x1e19,0x2da9 W2=0x2ee,0x2763,0x2f3a
  witness[04] tail=23 r61=18 gh60=0xcd3857a W1=0x1a55,0x3bb8,0x3420 W2=0x1962,0x3a60,0x15b3
  witness[05] tail=23 r61=21 gh60=0x57e85a6 W1=0x1ac3,0xa52,0x267e W2=0x19d0,0xca7,0x2555
  witness[06] tail=24 r61=22 gh60=0x770c57a W1=0x2da,0x34f,0xbf5 W2=0x1e7,0x3250,0x153e
  witness[07] tail=25 r61=17 gh60=0x4af879a W1=0x2369,0x2766,0xc7c W2=0x2276,0x29b9,0x355f
  witness[08] tail=25 r61=20 gh60=0x7a98ca6 W1=0x8eb,0x1312,0x23e9 W2=0x7f8,0xdae,0x931
  witness[09] tail=25 r61=20 gh60=0x58b44aa W1=0x253e,0x2e2e,0x2631 W2=0x244b,0x359f,0x28de
  witness[10] tail=25 r61=25 gh60=0xbb28f9e W1=0x27c7,0x2ddd,0x3351 W2=0x26d4,0x238b,0x3889
  witness[11] tail=25 r61=26 gh60=0xdb38d66 W1=0x2853,0x36b6,0x2d0f W2=0x2760,0x790,0x133c
  witness[12] tail=25 r61=28 gh60=0xcaf85aa W1=0xc6d,0x386a,0x3258 W2=0xb7a,0x70e,0x348c
  witness[13] tail=25 r61=29 gh60=0x3ed857e W1=0x4d7,0x324f,0x35db W2=0x3e4,0x36fb,0x25a1
  witness[14] tail=25 r61=29 gh60=0x56e87a6 W1=0xb73,0x20f7,0x3b08 W2=0xa80,0xc4c,0x39a0
  witness[15] tail=26 r61=16 gh60=0x5a0c4ea W1=0x3a0e,0x2581,0x2df5 W2=0x391b,0x37bc,0x202f

Scan-only r61 registry
  registry_count=16 registry_cap=16
  r61_witness[00] r61=13 tail=30 gh60=0x495849a W1=0x2349,0x5a8,0x39ad W2=0x2256,0x2e35,0x32f9
  r61_witness[01] r61=13 tail=35 gh60=0x47844a6 W1=0x2bec,0x973,0xece W2=0x2af9,0x64f,0x2e6e
  r61_witness[02] r61=14 tail=21 gh60=0x4a9fcaa W1=0x10ee,0x35fd,0x296b W2=0xffb,0x2779,0x1e02
  r61_witness[03] r61=15 tail=32 gh60=0x4a0bdea W1=0xe91,0x25ae,0x2bd3 W2=0xd9e,0x1909,0xb5
  r61_witness[04] r61=15 tail=36 gh60=0xca68f9a W1=0x3789,0x30e5,0x18b W2=0x3696,0xbb,0x1974
  r61_witness[05] r61=16 tail=22 gh60=0xc5f4d9a W1=0x2666,0x1895,0x9e5 W2=0x2573,0x39f8,0xb02
  r61_witness[06] r61=16 tail=26 gh60=0x5a0c4ea W1=0x3a0e,0x2581,0x2df5 W2=0x391b,0x37bc,0x202f
  r61_witness[07] r61=16 tail=27 gh60=0x4a09cea W1=0x210d,0x10b,0x16ab W2=0x201a,0x37e,0x3b30
  r61_witness[08] r61=16 tail=29 gh60=0xca8c7a6 W1=0x136c,0x15e9,0x36ec W2=0x1279,0x123f,0x1381
  r61_witness[09] r61=16 tail=32 gh60=0x48a8cbe W1=0x737,0x1be7,0x33eb W2=0x644,0x17c6,0x7bf
  r61_witness[10] r61=16 tail=33 gh60=0xba24cea W1=0x3912,0x2a7a,0x3ce5 W2=0x381f,0x3a4a,0x3964
  r61_witness[11] r61=16 tail=37 gh60=0xd508d66 W1=0x38cb,0x124e,0x1584 W2=0x37d8,0xd74,0x3f65
  r61_witness[12] r61=16 tail=39 gh60=0x4ce9d9e W1=0x3ea7,0x3682,0x127c W2=0x3db4,0x3cce,0xb7b
  r61_witness[13] r61=17 tail=25 gh60=0x4af879a W1=0x2369,0x2766,0xc7c W2=0x2276,0x29b9,0x355f
  r61_witness[14] r61=17 tail=26 gh60=0xd9887aa W1=0x3b1,0x2f67,0x28ed W2=0x2be,0x2fbf,0x2b44
  r61_witness[15] r61=17 tail=29 gh60=0xd9887aa W1=0x3b1,0x2f67,0x2aed W2=0x2be,0x2fbf,0x2d44

D60=0 fiber histogram: 1:7961 2:4786 3:1751 4:1077 5:391 6:222 7:87 8:82 9:31 10:21 11:7 12:6 13:4 14:1 16:2
