free_word_mitm_reducedn
N=14 mask=0x3fff msb=0x2000
candidate: M0=0x3d36 mode=random-fallback fill=0x3fff kernel=dM0=dM9=0x2000
prefixes=32768/268435456 mode=permuted-prefix-sample w59_per_prefix=16384 total=536870912
run_mode=scan registry_cap=16
sample_start=195198976
scan_elapsed=11.957s rate=44.90 Mtriples/s

D60 interface
  D60=0 matches: 32061 (random expectation 32768.0, enrichment 0.978x)
  prefixes with D60=0: 16456
  max D60=0 fiber per prefix: 28 at W57=0x135b W58=0x3356
  largest D60 bucket: D=0xdad count=33789
  min D60 HW: 0
  D60 HW histogram: 0:32061 1:454636 2:2967897 3:11900342 4:32776105 5:65601081 6:98467494 7:112541284 8:98452825 9:65576325 10:32751653 11:11893858 12:2968137 13:454881 14:32333

Tail closure among D60=0 matches
  final tail collisions: 0
  best r61 HW: 14
  best r61 W1[57..59]=0x34bb,0x18c9,0x31f6
  best r61 W2[57..59]=0x33c8,0x1cee,0x1c6f
  best tail HW: 21
  best tail r61 HW: 18
  best W1[57..59]=0x1705,0x4d1,0x20fe
  best W2[57..59]=0x1612,0x389b,0x33f8

SUMMARY N=14 sample_start=195198976 prefixes=32768 total=536870912 d0=32061 best_tail=21 tail_r61=18 best_r61=14 tail_W1=0x1705,0x4d1,0x20fe tail_W2=0x1612,0x389b,0x33f8 r61_W1=0x34bb,0x18c9,0x31f6 r61_W2=0x33c8,0x1cee,0x1c6f

Scan-only witness registry
  registry_count=16 registry_cap=16
  witness[00] tail=21 r61=18 gh60=0xca18c9a W1=0x1705,0x4d1,0x20fe W2=0x1612,0x389b,0x33f8
  witness[01] tail=23 r61=22 gh60=0x48fc4be W1=0x2b38,0x348d,0x1128 W2=0x2a45,0x32c,0x2f90
  witness[02] tail=24 r61=18 gh60=0xb5884aa W1=0x3a01,0xa16,0x19b6 W2=0x390e,0x1f06,0x3258
  witness[03] tail=24 r61=21 gh60=0xba35cee W1=0x10,0x325b,0x3669 W2=0x3f1d,0xcb3,0x134a
  witness[04] tail=24 r61=21 gh60=0x3b7c4ae W1=0x3530,0x3c13,0xecd W2=0x343d,0x39b4,0xd81
  witness[05] tail=24 r61=24 gh60=0xc894cae W1=0x3730,0x71,0x3e40 W2=0x363d,0x3bd1,0x1ad8
  witness[06] tail=25 r61=22 gh60=0x5a2cb9e W1=0x2588,0x37e3,0x3a6f W2=0x2495,0x2ece,0x246
  witness[07] tail=25 r61=23 gh60=0x5b3c4aa W1=0x2d42,0x1f0e,0x3df7 W2=0x2c4f,0x2463,0x2f8e
  witness[08] tail=25 r61=24 gh60=0xca58f9a W1=0x1789,0xb1b,0x1d75 W2=0x1696,0x18f9,0xc5f
  witness[09] tail=25 r61=25 gh60=0xf8b9bba W1=0x21b9,0xfa3,0x342a W2=0x20c6,0x9ba,0x14b4
  witness[10] tail=26 r61=16 gh60=0x490876e W1=0x13df,0x3d8b,0x166e W2=0x12ec,0x7c1,0x3339
  witness[11] tail=26 r61=16 gh60=0x4968fa6 W1=0x27c3,0x6cb,0xe59 W2=0x26d0,0x2c3f,0x3d52
  witness[12] tail=26 r61=17 gh60=0xda084e6 W1=0x350b,0x2d24,0x888 W2=0x3418,0x3ef9,0x18de
  witness[13] tail=26 r61=18 gh60=0x4ea849a W1=0x4e5,0x786,0xbf7 W2=0x3f2,0x2d8d,0x9ec
  witness[14] tail=26 r61=18 gh60=0x4b09b6a W1=0x1d61,0x33e8,0x3955 W2=0x1c6e,0x3713,0x1451
  witness[15] tail=26 r61=19 gh60=0xd70c76a W1=0x235e,0x2ba4,0x18e9 W2=0x226b,0x2eef,0x1321

Scan-only r61 registry
  registry_count=16 registry_cap=16
  r61_witness[00] r61=14 tail=28 gh60=0x4c885a6 W1=0x34bb,0x18c9,0x31f6 W2=0x33c8,0x1cee,0x1c6f
  r61_witness[01] r61=14 tail=30 gh60=0x3918766 W1=0x135b,0x3356,0x16d4 W2=0x1268,0x25ff,0x1b65
  r61_witness[02] r61=15 tail=30 gh60=0x495877e W1=0xb57,0x228c,0x374f W2=0xa64,0x2150,0x2c31
  r61_witness[03] r61=15 tail=31 gh60=0xca38d9a W1=0x889,0x2e45,0x3e8b W2=0x796,0x9f7,0x8a4
  r61_witness[04] r61=15 tail=37 gh60=0xca07ce6 W1=0x110c,0x143d,0x17ca W2=0x1019,0x31e6,0x391
  r61_witness[05] r61=16 tail=26 gh60=0x490876e W1=0x13df,0x3d8b,0x166e W2=0x12ec,0x7c1,0x3339
  r61_witness[06] r61=16 tail=26 gh60=0x4968fa6 W1=0x27c3,0x6cb,0xe59 W2=0x26d0,0x2c3f,0x3d52
  r61_witness[07] r61=16 tail=27 gh60=0x59884a6 W1=0x232b,0x23a9,0x34ba W2=0x2238,0x406,0x38a5
  r61_witness[08] r61=16 tail=31 gh60=0x3928b7a W1=0x15d9,0x1b18,0x13ee W2=0x14e6,0x245b,0x1228
  r61_witness[09] r61=16 tail=31 gh60=0x3605be6 W1=0x1d9c,0x3a87,0x2d93 W2=0x1ca9,0x244,0x3403
  r61_witness[10] r61=16 tail=31 gh60=0x488449a W1=0x2b2a,0x357,0x2e9a W2=0x2a37,0x2b21,0xbbe
  r61_witness[11] r61=16 tail=32 gh60=0x78a7cea W1=0xf22,0x78f,0x3a53 W2=0xe2f,0x366f,0x2c0f
  r61_witness[12] r61=16 tail=33 gh60=0xc60bce6 W1=0xf0b,0x2200,0x705 W2=0xe18,0x3118,0x1543
  r61_witness[13] r61=16 tail=38 gh60=0x492bb7a W1=0xdd9,0xd8b,0xe9a W2=0xce6,0x3cca,0x14e3
  r61_witness[14] r61=17 tail=26 gh60=0xda084e6 W1=0x350b,0x2d24,0x888 W2=0x3418,0x3ef9,0x18de
  r61_witness[15] r61=17 tail=27 gh60=0xcea8c9a W1=0x7e5,0xe13,0x3260 W2=0x6f2,0x2f59,0x1011

D60=0 fiber histogram: 1:8129 2:4700 3:1790 4:1039 5:364 6:223 7:64 8:74 9:30 10:19 11:5 12:6 13:2 14:4 15:1 16:1 17:1 19:1 20:1 24:1 28:1
