free_word_mitm_reducedn
N=14 mask=0x3fff msb=0x2000
candidate: M0=0x3d36 mode=random-fallback fill=0x3fff kernel=dM0=dM9=0x2000
prefixes=32768/268435456 mode=permuted-prefix-sample w59_per_prefix=16384 total=536870912
run_mode=scan registry_cap=16
sample_start=127664128
scan_elapsed=18.363s rate=29.24 Mtriples/s

D60 interface
  D60=0 matches: 32811 (random expectation 32768.0, enrichment 1.001x)
  prefixes with D60=0: 16557
  max D60=0 fiber per prefix: 20 at W57=0x11e1 W58=0x329f
  largest D60 bucket: D=0x1166 count=33870
  min D60 HW: 0
  D60 HW histogram: 0:32811 1:457263 2:2975255 3:11901126 4:32745205 5:65579339 6:98420531 7:112540479 8:98452970 9:65609728 10:32783614 11:11910180 12:2973313 13:456641 14:32457

Tail closure among D60=0 matches
  final tail collisions: 0
  best r61 HW: 15
  best r61 W1[57..59]=0x3e55,0x48,0x3a1d
  best r61 W2[57..59]=0x3d62,0x2cbb,0x2517
  best tail HW: 20
  best tail r61 HW: 20
  best W1[57..59]=0x164,0x25eb,0x17f6
  best W2[57..59]=0x71,0x2e6c,0x3383

SUMMARY N=14 sample_start=127664128 prefixes=32768 total=536870912 d0=32811 best_tail=20 tail_r61=20 best_r61=15 tail_W1=0x164,0x25eb,0x17f6 tail_W2=0x71,0x2e6c,0x3383 r61_W1=0x3e55,0x48,0x3a1d r61_W2=0x3d62,0x2cbb,0x2517

Scan-only witness registry
  registry_count=16 registry_cap=16
  witness[00] tail=20 r61=20 gh60=0xca7db66 W1=0x164,0x25eb,0x17f6 W2=0x71,0x2e6c,0x3383
  witness[01] tail=22 r61=17 gh60=0x5c985ba W1=0x3cb5,0x1d39,0x3023 W2=0x3bc2,0x1c4f,0x1d0
  witness[02] tail=22 r61=18 gh60=0x59987aa W1=0x3bbd,0x1d99,0x33d1 W2=0x3aca,0x1fdd,0x1097
  witness[03] tail=23 r61=16 gh60=0xd50856a W1=0x3a5d,0x3a1b,0x2168 W2=0x396a,0xebd,0x2f2a
  witness[04] tail=23 r61=25 gh60=0x578c4a6 W1=0x3cec,0x2486,0x1042 W2=0x3bf9,0x2462,0x11f9
  witness[05] tail=24 r61=19 gh60=0x3abc4aa W1=0xafe,0x2fb6,0x3bac W2=0xa0b,0x39a7,0x1e39
  witness[06] tail=24 r61=19 gh60=0x5e08ce6 W1=0x180b,0x3af,0x2251 W2=0x1718,0x3f55,0x3fb7
  witness[07] tail=24 r61=20 gh60=0x4fe8da6 W1=0x18b3,0x2ef4,0x2edf W2=0x17c0,0x10b8,0x3bbe
  witness[08] tail=24 r61=27 gh60=0xbb88daa W1=0x287d,0x3876,0x3f33 W2=0x278a,0x249,0x3917
  witness[09] tail=24 r61=28 gh60=0xd69c4ae W1=0x1200,0x2293,0x14af W2=0x110d,0xf24,0x1008
  witness[10] tail=25 r61=16 gh60=0x499bbae W1=0xd6f,0x1421,0x2a92 W2=0xc7c,0x36ac,0xaf3
  witness[11] tail=25 r61=17 gh60=0x4609be6 W1=0x19b,0x294d,0x170a W2=0xa8,0x2e09,0xbc1
  witness[12] tail=25 r61=17 gh60=0xd909f66 W1=0x3f5b,0x2172,0x395c W2=0x3e68,0xb22,0x2d34
  witness[13] tail=25 r61=18 gh60=0x4a044fa W1=0x321a,0x1b8a,0x1784 W2=0x3127,0xef7,0x34d9
  witness[14] tail=25 r61=19 gh60=0x4988cae W1=0x72f,0xb61,0xf82 W2=0x63c,0x27c0,0x32de
  witness[15] tail=25 r61=21 gh60=0xdf04566 W1=0x25c,0x1db5,0x1ea6 W2=0x169,0x34d3,0x3601

Scan-only r61 registry
  registry_count=16 registry_cap=16
  r61_witness[00] r61=15 tail=33 gh60=0x4c9bca6 W1=0x103b,0x28bf,0x3f81 W2=0xf48,0x9c5,0x3016
  r61_witness[01] r61=15 tail=33 gh60=0x4569d7a W1=0x3e55,0x48,0x3a1d W2=0x3d62,0x2cbb,0x2517
  r61_witness[02] r61=16 tail=23 gh60=0xd50856a W1=0x3a5d,0x3a1b,0x2168 W2=0x396a,0xebd,0x2f2a
  r61_witness[03] r61=16 tail=25 gh60=0x499bbae W1=0xd6f,0x1421,0x2a92 W2=0xc7c,0x36ac,0xaf3
  r61_witness[04] r61=16 tail=28 gh60=0x4b885aa W1=0x24b1,0x297f,0x2c05 W2=0x23be,0x2817,0x3164
  r61_witness[05] r61=16 tail=30 gh60=0x790876e W1=0x3b5f,0x1fde,0x1251 W2=0x3a6c,0x2a14,0x501
  r61_witness[06] r61=16 tail=34 gh60=0x46384ea W1=0x2c1d,0x23ce,0x3092 W2=0x2b2a,0x2984,0x12a2
  r61_witness[07] r61=16 tail=35 gh60=0xd888caa W1=0x3931,0xc77,0xdad W2=0x383e,0x1db6,0x2a8b
  r61_witness[08] r61=16 tail=36 gh60=0x4a085e6 W1=0x2c8b,0x2e7d,0x2717 W2=0x2b98,0x2338,0x2e09
  r61_witness[09] r61=17 tail=22 gh60=0x5c985ba W1=0x3cb5,0x1d39,0x3023 W2=0x3bc2,0x1c4f,0x1d0
  r61_witness[10] r61=17 tail=25 gh60=0x4609be6 W1=0x19b,0x294d,0x170a W2=0xa8,0x2e09,0xbc1
  r61_witness[11] r61=17 tail=25 gh60=0xd909f66 W1=0x3f5b,0x2172,0x395c W2=0x3e68,0xb22,0x2d34
  r61_witness[12] r61=17 tail=26 gh60=0x3c884aa W1=0x431,0x2868,0x6f8 W2=0x33e,0x2ce8,0x29c5
  r61_witness[13] r61=17 tail=28 gh60=0x4897caa W1=0x2f2e,0x252e,0x58c W2=0x2e3b,0x1a36,0x2762
  r61_witness[14] r61=17 tail=28 gh60=0x4569d7a W1=0x3e55,0x48,0x23f5 W2=0x3d62,0x2cbb,0xeef
  r61_witness[15] r61=17 tail=29 gh60=0x448dca6 W1=0x1e2c,0x2451,0x2130 W2=0x1d39,0x5ec,0x23d5

D60=0 fiber histogram: 1:8046 2:4737 3:1764 4:1097 5:426 6:237 7:103 8:80 9:25 10:22 11:8 12:5 13:2 14:2 15:1 16:1 20:1
