free_word_mitm_reducedn
N=14 mask=0x3fff msb=0x2000
candidate: M0=0x3d36 mode=random-fallback fill=0x3fff kernel=dM0=dM9=0x2000
prefixes=32768/268435456 mode=permuted-prefix-sample w59_per_prefix=16384 total=536870912
run_mode=scan registry_cap=16
sample_start=136052736
scan_elapsed=18.652s rate=28.78 Mtriples/s

D60 interface
  D60=0 matches: 32801 (random expectation 32768.0, enrichment 1.001x)
  prefixes with D60=0: 16599
  max D60=0 fiber per prefix: 18 at W57=0x2184 W58=0x2fb3
  largest D60 bucket: D=0xf1c count=33787
  min D60 HW: 0
  D60 HW histogram: 0:32801 1:456129 2:2972289 3:11909163 4:32769797 5:65601809 6:98408089 7:112510721 8:98446106 9:65610196 10:32783762 11:11903178 12:2975929 13:458418 14:32525

Tail closure among D60=0 matches
  final tail collisions: 0
  best r61 HW: 14
  best r61 W1[57..59]=0x2a5d,0x901,0x3394
  best r61 W2[57..59]=0x296a,0x1c97,0x294a
  best tail HW: 22
  best tail r61 HW: 18
  best W1[57..59]=0x2b87,0x1311,0x3cfd
  best W2[57..59]=0x2a94,0xdac,0x19e2

SUMMARY N=14 sample_start=136052736 prefixes=32768 total=536870912 d0=32801 best_tail=22 tail_r61=18 best_r61=14 tail_W1=0x2b87,0x1311,0x3cfd tail_W2=0x2a94,0xdac,0x19e2 r61_W1=0x2a5d,0x901,0x3394 r61_W2=0x296a,0x1c97,0x294a

Scan-only witness registry
  registry_count=16 registry_cap=16
  witness[00] tail=22 r61=18 gh60=0xca7879e W1=0x2b87,0x1311,0x3cfd W2=0x2a94,0xdac,0x19e2
  witness[01] tail=23 r61=17 gh60=0x3918766 W1=0x33d3,0x31bc,0x3639 W2=0x32e0,0x2703,0xa81
  witness[02] tail=23 r61=19 gh60=0xca0dcfa W1=0x11a,0x2261,0x136e W2=0x27,0x51d,0x1a62
  witness[03] tail=23 r61=19 gh60=0xd618be6 W1=0x358b,0x2839,0x15bb W2=0x3498,0x287,0x39e7
  witness[04] tail=23 r61=19 gh60=0x5a7449a W1=0x3be6,0x219b,0x337 W2=0x3af3,0x1869,0x1281
  witness[05] tail=23 r61=24 gh60=0x5ae8566 W1=0x2463,0x1ecd,0x23a0 W2=0x2370,0x3234,0x3974
  witness[06] tail=24 r61=17 gh60=0x5a1bcea W1=0x3121,0x1bf6,0x3009 W2=0x302e,0x1319,0x1d5
  witness[07] tail=24 r61=19 gh60=0xc6644aa W1=0x2c02,0x2117,0x2794 W2=0x2b0f,0x26ac,0x1dc6
  witness[08] tail=24 r61=20 gh60=0x4a0cbe6 W1=0x199c,0x31a9,0x346 W2=0x18a9,0x3e4,0x1bac
  witness[09] tail=24 r61=20 gh60=0x5665d66 W1=0x2064,0xbc6,0x1b90 W2=0x1f71,0x19af,0x2ad0
  witness[10] tail=24 r61=20 gh60=0xce98ca6 W1=0x38eb,0x1015,0x38a3 W2=0x37f8,0x19b1,0x5a3
  witness[11] tail=24 r61=22 gh60=0xcf99fae W1=0x3faf,0x26f5,0x604 W2=0x3ebc,0x1b4c,0x294d
  witness[12] tail=25 r61=17 gh60=0xd72849a W1=0x2545,0x26bd,0x1d3c W2=0x2452,0xc86,0x17ac
  witness[13] tail=25 r61=17 gh60=0x4a084ea W1=0x3221,0x1e25,0x1244 W2=0x312e,0x349b,0x24f3
  witness[14] tail=25 r61=18 gh60=0x44784a6 W1=0xc2b,0x3539,0x4e4 W2=0xb38,0x2394,0x2e88
  witness[15] tail=25 r61=19 gh60=0xcfa849a W1=0x4e5,0x379,0x2fb5 W2=0x3f2,0x2980,0x9f7

Scan-only r61 registry
  registry_count=16 registry_cap=16
  r61_witness[00] r61=14 tail=29 gh60=0x4d0856a W1=0x2a5d,0x901,0x3394 W2=0x296a,0x1c97,0x294a
  r61_witness[01] r61=15 tail=32 gh60=0x5b0449a W1=0x134a,0x3861,0x2948 W2=0x1257,0x30df,0x38fb
  r61_witness[02] r61=15 tail=33 gh60=0x3a084ea W1=0x41d,0x3e4c,0x148f W2=0x32a,0x482,0x2442
  r61_witness[03] r61=15 tail=33 gh60=0x7609cee W1=0x201f,0x1343,0xf2d W2=0x1f2c,0x3d9a,0xd77
  r61_witness[04] r61=16 tail=26 gh60=0xde05de6 W1=0x3e8c,0x3195,0x2da6 W2=0x3d99,0x9d2,0x29fb
  r61_witness[05] r61=16 tail=27 gh60=0x4a084ee W1=0x2d0f,0x1adc,0xa6c W2=0x2c1c,0x3772,0xeed
  r61_witness[06] r61=16 tail=30 gh60=0x5e0bce6 W1=0x301b,0x2f0b,0x2632 W2=0x2f28,0x69b,0x1b85
  r61_witness[07] r61=16 tail=31 gh60=0x4a184ee W1=0x341f,0x3eef,0x2bbd W2=0x332c,0x5,0x9a4
  r61_witness[08] r61=16 tail=33 gh60=0x49e849a W1=0xd45,0x3640,0xcde W2=0xc52,0x1c93,0x2747
  r61_witness[09] r61=16 tail=33 gh60=0x44885a6 W1=0x2cab,0x3a3b,0x198b W2=0x2bb8,0x2e6e,0x1579
  r61_witness[10] r61=16 tail=39 gh60=0xca09bea W1=0x3d91,0x246d,0x3bb5 W2=0x3c9e,0x253c,0x1ec
  r61_witness[11] r61=17 tail=23 gh60=0x3918766 W1=0x33d3,0x31bc,0x3639 W2=0x32e0,0x2703,0xa81
  r61_witness[12] r61=17 tail=24 gh60=0x5a1bcea W1=0x3121,0x1bf6,0x3009 W2=0x302e,0x1319,0x1d5
  r61_witness[13] r61=17 tail=25 gh60=0xd72849a W1=0x2545,0x26bd,0x1d3c W2=0x2452,0xc86,0x17ac
  r61_witness[14] r61=17 tail=25 gh60=0x4a084ea W1=0x3221,0x1e25,0x1244 W2=0x312e,0x349b,0x24f3
  r61_witness[15] r61=17 tail=26 gh60=0x57b84a6 W1=0xd2b,0x3768,0x277c W2=0xc38,0x35c3,0xb56

D60=0 fiber histogram: 1:8067 2:4721 3:1881 4:1054 5:411 6:220 7:95 8:75 9:24 10:26 11:11 12:6 13:2 14:1 16:3 18:2
