free_word_mitm_reducedn
N=14 mask=0x3fff msb=0x2000
candidate: M0=0x3d36 mode=random-fallback fill=0x3fff kernel=dM0=dM9=0x2000
prefixes=32768/268435456 mode=permuted-prefix-sample w59_per_prefix=16384 total=536870912
run_mode=scan registry_cap=16
sample_start=1867776
scan_elapsed=18.850s rate=28.48 Mtriples/s

D60 interface
  D60=0 matches: 32659 (random expectation 32768.0, enrichment 0.997x)
  prefixes with D60=0: 16605
  max D60=0 fiber per prefix: 18 at W57=0x34e9 W58=0x3fda
  largest D60 bucket: D=0x739 count=33852
  min D60 HW: 0
  D60 HW histogram: 0:32659 1:454328 2:2970705 3:11919451 4:32796594 5:65639699 6:98456255 7:112500488 8:98407190 9:65559009 10:32764442 11:11907646 12:2973431 13:456164 14:32851

Tail closure among D60=0 matches
  final tail collisions: 0
  best r61 HW: 12
  best r61 W1[57..59]=0x23b1,0x297a,0x2d90
  best r61 W2[57..59]=0x22be,0x2bd2,0x26b4
  best tail HW: 21
  best tail r61 HW: 20
  best W1[57..59]=0x12f0,0x1222,0x3ea9
  best W2[57..59]=0x11fd,0x13c3,0xe08

SUMMARY N=14 sample_start=1867776 prefixes=32768 total=536870912 d0=32659 best_tail=21 tail_r61=20 best_r61=12 tail_W1=0x12f0,0x1222,0x3ea9 tail_W2=0x11fd,0x13c3,0xe08 r61_W1=0x23b1,0x297a,0x2d90 r61_W2=0x22be,0x2bd2,0x26b4

Scan-only witness registry
  registry_count=16 registry_cap=16
  witness[00] tail=21 r61=17 gh60=0x4608ce6 W1=0x171b,0x1489,0x789 W2=0x1628,0x38b,0x16b3
  witness[01] tail=21 r61=20 gh60=0x59f44ae W1=0x12f0,0x1222,0x3ea9 W2=0x11fd,0x13c3,0xe08
  witness[02] tail=22 r61=14 gh60=0x56b859a W1=0x3269,0x386f,0x167 W2=0x3176,0x252e,0x1b07
  witness[03] tail=22 r61=27 gh60=0xf9e4ba6 W1=0x19c4,0x35f6,0x1c03 W2=0x18d1,0x9db,0x2f45
  witness[04] tail=23 r61=17 gh60=0x48b4faa W1=0x17be,0xac7,0x2ff0 W2=0x16cb,0x18bf,0x22bb
  witness[05] tail=24 r61=20 gh60=0xc9b8baa W1=0x2981,0x3f7,0x71d W2=0x288e,0x6e,0x38d0
  witness[06] tail=24 r61=22 gh60=0xbd1856a W1=0x3a51,0x3679,0x2377 W2=0x395e,0x3c2b,0x37e8
  witness[07] tail=24 r61=23 gh60=0x47a4de6 W1=0x36a4,0xbb5,0x39ea W2=0x35b1,0x1210,0xc35
  witness[08] tail=24 r61=25 gh60=0xff0dd6a W1=0xde,0x3a4c,0x26dc W2=0x3feb,0x3828,0xc55
  witness[09] tail=24 r61=30 gh60=0xbb78cba W1=0x3839,0x16d7,0x3014 W2=0x3746,0x8da,0xa4e
  witness[10] tail=25 r61=19 gh60=0x4d18d6a W1=0x85d,0x1ec3,0x312c W2=0x76a,0x2602,0x192c
  witness[11] tail=25 r61=19 gh60=0x45ac59a W1=0x3466,0x2f45,0x8ac W2=0x3373,0x1d75,0x3d80
  witness[12] tail=25 r61=21 gh60=0x3a3c4ea W1=0xd12,0x66f,0x1da1 W2=0xc1f,0xd3a,0x26f1
  witness[13] tail=25 r61=22 gh60=0xfa787ba W1=0x2b79,0x3df0,0x124c W2=0x2a86,0x3f3a,0x393f
  witness[14] tail=25 r61=23 gh60=0x47f4cba W1=0x28f6,0x2512,0x2a0c W2=0x2803,0x796,0x1809
  witness[15] tail=25 r61=24 gh60=0xcea4caa W1=0x27f2,0x1bbb,0x2e3c W2=0x26ff,0x1ebf,0xcf9

Scan-only r61 registry
  registry_count=16 registry_cap=16
  r61_witness[00] r61=12 tail=27 gh60=0xc8987aa W1=0x23b1,0x297a,0x2d90 W2=0x22be,0x2bd2,0x26b4
  r61_witness[01] r61=13 tail=26 gh60=0x5a084ea W1=0x2311,0xc4,0x2177 W2=0x221e,0x57a,0x20b1
  r61_witness[02] r61=13 tail=28 gh60=0x4509d6a W1=0x1ed1,0x3c62,0xa5d W2=0x1dde,0x3835,0x19cd
  r61_witness[03] r61=14 tail=22 gh60=0x56b859a W1=0x3269,0x386f,0x167 W2=0x3176,0x252e,0x1b07
  r61_witness[04] r61=15 tail=31 gh60=0x450856a W1=0x451,0x47a,0x28f3 W2=0x35e,0x110,0x86b
  r61_witness[05] r61=15 tail=31 gh60=0xc50457a W1=0x4da,0x3b6,0x187a W2=0x3e7,0x3457,0x1fed
  r61_witness[06] r61=15 tail=33 gh60=0x4d27d66 W1=0x10d4,0x332e,0x1199 W2=0xfe1,0x33eb,0x22f1
  r61_witness[07] r61=16 tail=28 gh60=0x48b8ba6 W1=0x5b3,0xf77,0x2e63 W2=0x4c0,0x175b,0x2747
  r61_witness[08] r61=16 tail=28 gh60=0xc65bcfe W1=0xf17,0x3fd4,0x51f W2=0xe24,0x2eb3,0xaa8
  r61_witness[09] r61=16 tail=28 gh60=0xcd08566 W1=0x3a5b,0x1c9c,0x2d19 W2=0x3968,0xbf,0x2576
  r61_witness[10] r61=16 tail=35 gh60=0x48884ae W1=0x152f,0x2832,0x185b W2=0x143c,0x17d2,0x2ef5
  r61_witness[11] r61=16 tail=36 gh60=0x5989baa W1=0x3db1,0x167f,0x2cfe W2=0x3cbe,0x14d6,0xae9
  r61_witness[12] r61=16 tail=37 gh60=0x5488dae W1=0x18af,0x29f6,0x3ae7 W2=0x17bc,0x1b2d,0x3d34
  r61_witness[13] r61=16 tail=38 gh60=0x790bb66 W1=0x11cb,0x392e,0x33ba W2=0x10d8,0x2c8a,0x1de1
  r61_witness[14] r61=17 tail=21 gh60=0x4608ce6 W1=0x171b,0x1489,0x789 W2=0x1628,0x38b,0x16b3
  r61_witness[15] r61=17 tail=23 gh60=0x48b4faa W1=0x17be,0xac7,0x2ff0 W2=0x16cb,0x18bf,0x22bb

D60=0 fiber histogram: 1:7945 2:4950 3:1815 4:1089 5:397 6:191 7:66 8:75 9:28 10:25 11:6 12:5 13:4 14:4 16:3 18:2
