free_word_mitm_reducedn
N=14 mask=0x3fff msb=0x2000
candidate: M0=0x3d36 mode=random-fallback fill=0x3fff kernel=dM0=dM9=0x2000
prefixes=32768/268435456 mode=permuted-prefix-sample w59_per_prefix=16384 total=536870912
run_mode=scan registry_cap=16
sample_start=213647360
scan_elapsed=19.051s rate=28.18 Mtriples/s

D60 interface
  D60=0 matches: 32588 (random expectation 32768.0, enrichment 0.995x)
  prefixes with D60=0: 16695
  max D60=0 fiber per prefix: 19 at W57=0x2646 W58=0x1b4b
  largest D60 bucket: D=0x10be count=33697
  min D60 HW: 0
  D60 HW histogram: 0:32588 1:457288 2:2984416 3:11939177 4:32851480 5:65682785 6:98510606 7:112521891 8:98346322 9:65485505 10:32701559 11:11890206 12:2974511 13:459531 14:33047

Tail closure among D60=0 matches
  final tail collisions: 0
  best r61 HW: 13
  best r61 W1[57..59]=0x2e98,0x1cdc,0x1a48
  best r61 W2[57..59]=0x2da5,0x19a4,0x24ed
  best tail HW: 22
  best tail r61 HW: 23
  best W1[57..59]=0x35f2,0x26a3,0x3ff9
  best W2[57..59]=0x34ff,0x3ea7,0x4c8

SUMMARY N=14 sample_start=213647360 prefixes=32768 total=536870912 d0=32588 best_tail=22 tail_r61=23 best_r61=13 tail_W1=0x35f2,0x26a3,0x3ff9 tail_W2=0x34ff,0x3ea7,0x4c8 r61_W1=0x2e98,0x1cdc,0x1a48 r61_W2=0x2da5,0x19a4,0x24ed

Scan-only witness registry
  registry_count=16 registry_cap=16
  witness[00] tail=22 r61=23 gh60=0x4be4caa W1=0x35f2,0x26a3,0x3ff9 W2=0x34ff,0x3ea7,0x4c8
  witness[01] tail=23 r61=19 gh60=0x4febcfa W1=0x1015,0x129b,0x2dac W2=0xf22,0x1f66,0x1de0
  witness[02] tail=24 r61=20 gh60=0xbad457a W1=0x256,0x2564,0x7fd W2=0x163,0x3c99,0x15ec
  witness[03] tail=24 r61=20 gh60=0xc52857e W1=0x2457,0x1996,0x2734 W2=0x2364,0x1c62,0x26fa
  witness[04] tail=24 r61=21 gh60=0xce0ccee W1=0x720,0x16e1,0x2507 W2=0x62d,0x4bd,0x3127
  witness[05] tail=24 r61=21 gh60=0xcd14d6a W1=0x18ce,0x640,0x3b5e W2=0x17db,0xdb4,0x3cf9
  witness[06] tail=24 r61=24 gh60=0xcbf8566 W1=0x45b,0x1ec9,0x3183 W2=0x368,0x1c06,0x89c
  witness[07] tail=24 r61=25 gh60=0xf4985e6 W1=0x2a3,0x2076,0x2bb W2=0x1b0,0x13d5,0xb28
  witness[08] tail=25 r61=19 gh60=0xca247a6 W1=0xb84,0x814,0x1315 W2=0xa91,0x348a,0xe71
  witness[09] tail=25 r61=21 gh60=0x7e35c9a W1=0x3f06,0xa7b,0x3308 W2=0x3e13,0x2bd0,0xed7
  witness[10] tail=25 r61=24 gh60=0x490fc9a W1=0xf4a,0x303a,0x13f5 W2=0xe57,0x3ebf,0x1c3b
  witness[11] tail=25 r61=25 gh60=0xc7fc59a W1=0x2cc6,0x2787,0x35a2 W2=0x2bd3,0x607,0x165a
  witness[12] tail=25 r61=29 gh60=0xc7b8caa W1=0x8f1,0x1a6c,0x2705 W2=0x7fe,0x1d2b,0x370b
  witness[13] tail=26 r61=17 gh60=0x4908766 W1=0x2bdb,0x2f29,0xc0d W2=0x2ae8,0x2058,0x2cd9
  witness[14] tail=26 r61=18 gh60=0x4e0c4fa W1=0x151a,0xab7,0xeab W2=0x1427,0x3df4,0x5cf
  witness[15] tail=26 r61=19 gh60=0x5e047e6 W1=0x2b8c,0xc98,0x867 W2=0x2a99,0x3964,0x1f2c

Scan-only r61 registry
  registry_count=16 registry_cap=16
  r61_witness[00] r61=13 tail=29 gh60=0x4657dfe W1=0x2e98,0x1cdc,0x1a48 W2=0x2da5,0x19a4,0x24ed
  r61_witness[01] r61=14 tail=33 gh60=0x78a7bea W1=0x31a2,0xd77,0x2a50 W2=0x30af,0x259f,0x1800
  r61_witness[02] r61=14 tail=38 gh60=0x488bfae W1=0x2faf,0x49a,0x269b W2=0x2ebc,0x2ff1,0x2f35
  r61_witness[03] r61=15 tail=30 gh60=0x4604fe6 W1=0x378c,0x26cc,0xe29 W2=0x3699,0x1a9b,0xa48
  r61_witness[04] r61=15 tail=39 gh60=0x460bdea W1=0xe91,0xa22,0x1182 W2=0xd9e,0x3d7d,0x2574
  r61_witness[05] r61=16 tail=29 gh60=0xc974b6e W1=0x39d0,0x2df8,0x6c4 W2=0x38dd,0x3014,0x3ba0
  r61_witness[06] r61=16 tail=30 gh60=0x592877a W1=0x3b59,0x278d,0x263b W2=0x3a66,0x3271,0x425
  r61_witness[07] r61=16 tail=35 gh60=0x4698d66 W1=0x26e3,0x2ab8,0x36b2 W2=0x25f0,0x2526,0xbe9
  r61_witness[08] r61=16 tail=35 gh60=0x3b0479a W1=0x2bca,0x2c80,0x180a W2=0x2ad7,0x1e94,0x2c0
  r61_witness[09] r61=16 tail=37 gh60=0x5a38cee W1=0x290f,0x1e76,0x26dd W2=0x281c,0x374d,0x2c4b
  r61_witness[10] r61=16 tail=38 gh60=0x4888caa W1=0x293d,0x25a9,0x4c7 W2=0x284a,0x2714,0x29db
  r61_witness[11] r61=16 tail=38 gh60=0x4a1c5fa W1=0x3c9a,0x1f02,0x39ef W2=0x3ba7,0x1a97,0xd69
  r61_witness[12] r61=17 tail=26 gh60=0x4908766 W1=0x2bdb,0x2f29,0xc0d W2=0x2ae8,0x2058,0x2cd9
  r61_witness[13] r61=17 tail=27 gh60=0xccf859a W1=0x2aa5,0x1777,0x35c W2=0x29b2,0x318,0x3bad
  r61_witness[14] r61=17 tail=27 gh60=0xcab8faa W1=0x376d,0x32ed,0x3005 W2=0x367a,0x3070,0x3430
  r61_witness[15] r61=17 tail=28 gh60=0x466859a W1=0xc85,0x3822,0x2082 W2=0xb92,0x2711,0x3d5e

D60=0 fiber histogram: 1:8210 2:4806 3:1791 4:1051 5:402 6:219 7:66 8:70 9:29 10:21 11:13 12:9 13:2 14:3 16:1 18:1 19:1
