free_word_mitm_reducedn
N=14 mask=0x3fff msb=0x2000
candidate: M0=0x3d36 mode=random-fallback fill=0x3fff kernel=dM0=dM9=0x2000
prefixes=32768/268435456 mode=permuted-prefix-sample w59_per_prefix=16384 total=536870912
run_mode=scan registry_cap=16
sample_start=145260544
scan_elapsed=19.168s rate=28.01 Mtriples/s

D60 interface
  D60=0 matches: 32375 (random expectation 32768.0, enrichment 0.988x)
  prefixes with D60=0: 16368
  max D60=0 fiber per prefix: 20 at W57=0x3e1d W58=0x1360
  largest D60 bucket: D=0x2aa4 count=33792
  min D60 HW: 0
  D60 HW histogram: 0:32375 1:456054 2:2972630 3:11913051 4:32789370 5:65616402 6:98441608 7:112486427 8:98423439 9:65586296 10:32776638 11:11910462 12:2975907 13:457694 14:32559

Tail closure among D60=0 matches
  final tail collisions: 0
  best r61 HW: 14
  best r61 W1[57..59]=0x1d91,0x892,0x2854
  best r61 W2[57..59]=0x1c9e,0x961,0x207
  best tail HW: 23
  best tail r61 HW: 17
  best W1[57..59]=0x945,0xfb3,0x1fbf
  best W2[57..59]=0x852,0x3305,0x132e

SUMMARY N=14 sample_start=145260544 prefixes=32768 total=536870912 d0=32375 best_tail=23 tail_r61=17 best_r61=14 tail_W1=0x945,0xfb3,0x1fbf tail_W2=0x852,0x3305,0x132e r61_W1=0x1d91,0x892,0x2854 r61_W2=0x1c9e,0x961,0x207

Scan-only witness registry
  registry_count=16 registry_cap=16
  witness[00] tail=23 r61=17 gh60=0x4968c9a W1=0x945,0xfb3,0x1fbf W2=0x852,0x3305,0x132e
  witness[01] tail=23 r61=27 gh60=0x7df8cae W1=0x35ef,0x32df,0x254 W2=0x34fc,0x32be,0xf04
  witness[02] tail=24 r61=17 gh60=0x55885aa W1=0x1ab1,0x23c3,0xd5e W2=0x19be,0x2f5b,0x3104
  witness[03] tail=24 r61=17 gh60=0x4e147ea W1=0x3b8e,0x2ce0,0x2e69 W2=0x3a9b,0x3cb3,0x36f8
  witness[04] tail=24 r61=20 gh60=0x5a144ee W1=0x1d20,0x249a,0x1538 W2=0x1c2d,0x2131,0x3487
  witness[05] tail=24 r61=25 gh60=0xdfdc57a W1=0xad6,0x1798,0x1722 W2=0x9e3,0x3425,0x16bb
  witness[06] tail=24 r61=25 gh60=0x3d75d6e W1=0x3e60,0x284f,0x1115 W2=0x3d6d,0x13f3,0x147e
  witness[07] tail=25 r61=18 gh60=0xca7bc9a W1=0xee5,0x3f69,0x52d W2=0xdf2,0xe75,0x37b6
  witness[08] tail=25 r61=18 gh60=0x5e88faa W1=0x376d,0x1872,0x136 W2=0x367a,0x15f5,0x9d
  witness[09] tail=25 r61=19 gh60=0xc729d7a W1=0x3ed9,0xed6,0x33c0 W2=0x3de6,0x3325,0x20b2
  witness[10] tail=25 r61=20 gh60=0xd6085ee W1=0x29f,0x3ed3,0x673 W2=0x1ac,0x2285,0x2e44
  witness[11] tail=25 r61=20 gh60=0xc658bfa W1=0x3999,0x845,0x25a7 W2=0x38a6,0x16d4,0x9fa
  witness[12] tail=25 r61=20 gh60=0xc788ba6 W1=0x39bb,0xd97,0x2e78 W2=0x38c8,0x215b,0xb6a
  witness[13] tail=25 r61=21 gh60=0xdcbbdaa W1=0x30ad,0x8ba,0x3936 W2=0x2fba,0x3f8d,0x2761
  witness[14] tail=25 r61=23 gh60=0x7b0fb66 W1=0xd4c,0x310a,0x11c4 W2=0xc59,0x2767,0x7d1
  witness[15] tail=25 r61=23 gh60=0xda885a6 W1=0x227b,0x17e2,0x115a W2=0x2188,0x2d97,0x132

Scan-only r61 registry
  registry_count=16 registry_cap=16
  r61_witness[00] r61=14 tail=30 gh60=0x4a0bdee W1=0x2e9f,0x1711,0x32df W2=0x2dac,0x3444,0x3e08
  r61_witness[01] r61=14 tail=37 gh60=0x4a39bea W1=0x1d91,0x892,0x2854 W2=0x1c9e,0x961,0x207
  r61_witness[02] r61=15 tail=26 gh60=0xc90479a W1=0x13ca,0x1d9d,0x392f W2=0x12d7,0x1fab,0x86a
  r61_witness[03] r61=15 tail=32 gh60=0x4e085ea W1=0x1c9d,0x1405,0x16cc W2=0x1baa,0x348f,0x1850
  r61_witness[04] r61=15 tail=35 gh60=0x450bd6e W1=0xe5f,0x1976,0x2f44 W2=0xd6c,0x3015,0x1a66
  r61_witness[05] r61=15 tail=38 gh60=0x4a8dcae W1=0x3e00,0xaeb,0x6cd W2=0x3d0d,0x293b,0x3ede
  r61_witness[06] r61=16 tail=27 gh60=0x4619fea W1=0x3f91,0xafa,0x1fa1 W2=0x3e9e,0x989,0x655
  r61_witness[07] r61=16 tail=29 gh60=0x79e4baa W1=0x15b2,0x6b7,0x1017 W2=0x14bf,0x703,0x2e9b
  r61_witness[08] r61=16 tail=29 gh60=0x470cd6a W1=0x26de,0x174b,0x17c2 W2=0x25eb,0x108f,0x28ee
  r61_witness[09] r61=16 tail=30 gh60=0xc60c4e6 W1=0x1c0c,0xe4f,0x1339 W2=0x1b19,0x1c27,0x152b
  r61_witness[10] r61=16 tail=30 gh60=0x4678cee W1=0x271f,0x4bb,0x43f W2=0x262c,0x1e86,0x2acc
  r61_witness[11] r61=16 tail=34 gh60=0xc619c9a W1=0x1e05,0x3dfd,0x2623 W2=0x1d12,0x2905,0x2f2
  r61_witness[12] r61=16 tail=36 gh60=0xc908b6a W1=0x9dd,0x2a19,0x3b0e W2=0x8ea,0x1c40,0x2430
  r61_witness[13] r61=16 tail=38 gh60=0x4e144ea W1=0x3a1e,0x3c6e,0x10ac W2=0x392b,0xd95,0xe67
  r61_witness[14] r61=16 tail=41 gh60=0xb898fae W1=0x27af,0x1c92,0x1b61 W2=0x26bc,0x12e9,0x2d1d
  r61_witness[15] r61=17 tail=23 gh60=0x4968c9a W1=0x945,0xfb3,0x1fbf W2=0x852,0x3305,0x132e

D60=0 fiber histogram: 1:7925 2:4731 3:1721 4:1102 5:437 6:238 7:78 8:79 9:20 10:12 11:6 12:6 13:7 14:3 16:1 19:1 20:1
