free_word_mitm_reducedn
N=14 mask=0x3fff msb=0x2000
candidate: M0=0x3d36 mode=random-fallback fill=0x3fff kernel=dM0=dM9=0x2000
prefixes=32768/268435456 mode=permuted-prefix-sample w59_per_prefix=16384 total=536870912
run_mode=scan registry_cap=16
sample_start=245923840
scan_elapsed=18.858s rate=28.47 Mtriples/s

D60 interface
  D60=0 matches: 32713 (random expectation 32768.0, enrichment 0.998x)
  prefixes with D60=0: 16630
  max D60=0 fiber per prefix: 16 at W57=0x1d75 W58=0x25fc
  largest D60 bucket: D=0x1595 count=33779
  min D60 HW: 0
  D60 HW histogram: 0:32713 1:458055 2:2979750 3:11915216 4:32798201 5:65633690 6:98516205 7:112509981 8:98420430 9:65545355 10:32725448 11:11878817 12:2967545 13:456755 14:32751

Tail closure among D60=0 matches
  final tail collisions: 0
  best r61 HW: 14
  best r61 W1[57..59]=0x911,0x19af,0x169c
  best r61 W2[57..59]=0x81e,0x1a66,0x17d6
  best tail HW: 21
  best tail r61 HW: 20
  best W1[57..59]=0xfad,0x81,0x194d
  best W2[57..59]=0xeba,0x259c,0x570

SUMMARY N=14 sample_start=245923840 prefixes=32768 total=536870912 d0=32713 best_tail=21 tail_r61=20 best_r61=14 tail_W1=0xfad,0x81,0x194d tail_W2=0xeba,0x259c,0x570 r61_W1=0x911,0x19af,0x169c r61_W2=0x81e,0x1a66,0x17d6

Scan-only witness registry
  registry_count=16 registry_cap=16
  witness[00] tail=21 r61=20 gh60=0xc89bfaa W1=0xfad,0x81,0x194d W2=0xeba,0x259c,0x570
  witness[01] tail=22 r61=24 gh60=0x4b3479e W1=0x2bc8,0x2286,0x1deb W2=0x2ad5,0x1ca6,0x213f
  witness[02] tail=23 r61=17 gh60=0x48a8c9a W1=0x725,0x296d,0x1df9 W2=0x632,0xc77,0xcea
  witness[03] tail=23 r61=18 gh60=0x4bdbbbe W1=0x2d77,0x24aa,0x21d6 W2=0x2c84,0xe2d,0x355b
  witness[04] tail=23 r61=21 gh60=0xca9ccae W1=0x2600,0x126e,0x3b53 W2=0x250d,0x323e,0x2472
  witness[05] tail=24 r61=17 gh60=0xca29c9a W1=0x3f05,0x3636,0x2b14 W2=0x3e12,0x1b86,0x25b3
  witness[06] tail=24 r61=22 gh60=0xc5a84ba W1=0x1439,0x1216,0x25f9 W2=0x1346,0x898,0x21d9
  witness[07] tail=24 r61=22 gh60=0xc488dae W1=0x36bf,0x3e5c,0x136d W2=0x35cc,0x3683,0x2d06
  witness[08] tail=24 r61=25 gh60=0xdbe879a W1=0x369,0x237f,0x3ad2 W2=0x276,0x25da,0x2920
  witness[09] tail=24 r61=25 gh60=0xdaf449a W1=0xce6,0x24d5,0x1edb W2=0xbf3,0xb5f,0x2196
  witness[10] tail=24 r61=25 gh60=0xcae849e W1=0x3a47,0x125b,0x3bb0 W2=0x3954,0x2e4e,0x2776
  witness[11] tail=24 r61=29 gh60=0x4b5cb7e W1=0x15d8,0x746,0x2c8f W2=0x14e5,0x146a,0x481
  witness[12] tail=25 r61=19 gh60=0x4734b7e W1=0x1958,0xcf5,0x265e W2=0x1865,0xf11,0x5e2
  witness[13] tail=25 r61=21 gh60=0x7488daa W1=0x18ad,0x103d,0x24d7 W2=0x17ba,0x2990,0x19f4
  witness[14] tail=25 r61=22 gh60=0x79844a6 W1=0x2d3c,0x1635,0x2924 W2=0x2c49,0x381,0x2645
  witness[15] tail=25 r61=24 gh60=0xcbabf9a W1=0xf65,0x368b,0x2a27 W2=0xe72,0x171f,0x1c89

Scan-only r61 registry
  registry_count=16 registry_cap=16
  r61_witness[00] r61=14 tail=33 gh60=0xc608cea W1=0x911,0x19af,0x169c W2=0x81e,0x1a66,0x17d6
  r61_witness[01] r61=15 tail=29 gh60=0x45985ae W1=0x3cbf,0xb76,0xa32 W2=0x3bcc,0x19e,0x3529
  r61_witness[02] r61=15 tail=33 gh60=0x558dcae W1=0x0,0x35f,0x2b70 W2=0x3f0d,0x1baf,0x3411
  r61_witness[03] r61=16 tail=26 gh60=0xca044e6 W1=0x131c,0x387,0x2c11 W2=0x1229,0x2059,0x3b1c
  r61_witness[04] r61=16 tail=28 gh60=0x78a7bea W1=0x11a2,0x2907,0x3faf W2=0x10af,0x727,0x2f23
  r61_witness[05] r61=16 tail=29 gh60=0x4b77b9a W1=0x31c6,0xff7,0x291d W2=0x30d3,0x3690,0x3f37
  r61_witness[06] r61=16 tail=30 gh60=0x4e08be6 W1=0x359b,0x1b1d,0xbc4 W2=0x34a8,0x3557,0xb9e
  r61_witness[07] r61=16 tail=31 gh60=0xca09bea W1=0x1d9d,0xa49,0x2f65 W2=0x1caa,0x39c4,0x1cc2
  r61_witness[08] r61=16 tail=33 gh60=0x4b09b6e W1=0x214f,0x223e,0x2fc9 W2=0x205c,0x1159,0x301f
  r61_witness[09] r61=16 tail=33 gh60=0x4688ba6 W1=0x296b,0xe4c,0x215d W2=0x2878,0x1290,0x31f4
  r61_witness[10] r61=16 tail=35 gh60=0xca044e6 W1=0x230c,0x11ad,0x364d W2=0x2219,0x228f,0x121a
  r61_witness[11] r61=16 tail=36 gh60=0x4d0856a W1=0xc61,0x30ac,0x104d W2=0xb6e,0x2bae,0x1d46
  r61_witness[12] r61=17 tail=23 gh60=0x48a8c9a W1=0x725,0x296d,0x1df9 W2=0x632,0xc77,0xcea
  r61_witness[13] r61=17 tail=24 gh60=0xca29c9a W1=0x3f05,0x3636,0x2b14 W2=0x3e12,0x1b86,0x25b3
  r61_witness[14] r61=17 tail=26 gh60=0x4a884aa W1=0x24fd,0x3ae1,0x106 W2=0x240a,0x2cd,0x22af
  r61_witness[15] r61=17 tail=26 gh60=0x5a045fa W1=0x349a,0x2724,0x2260 W2=0x33a7,0x2439,0x21bf

D60=0 fiber histogram: 1:8082 2:4817 3:1811 4:1040 5:413 6:238 7:80 8:86 9:27 10:12 11:10 12:6 13:1 14:3 15:1 16:3
