free_word_mitm_reducedn
N=14 mask=0x3fff msb=0x2000
candidate: M0=0x3d36 mode=random-fallback fill=0x3fff kernel=dM0=dM9=0x2000
prefixes=32768/268435456 mode=permuted-prefix-sample w59_per_prefix=16384 total=536870912
run_mode=scan registry_cap=16
sample_start=246710272
scan_elapsed=20.227s rate=26.54 Mtriples/s

D60 interface
  D60=0 matches: 32506 (random expectation 32768.0, enrichment 0.992x)
  prefixes with D60=0: 16486
  max D60=0 fiber per prefix: 21 at W57=0xc2c W58=0xcf8
  largest D60 bucket: D=0xd73 count=33767
  min D60 HW: 0
  D60 HW histogram: 0:32506 1:453928 2:2974708 3:11914820 4:32803707 5:65625659 6:98435406 7:112526552 8:98420270 9:65586302 10:32742499 11:11897200 12:2968179 13:456482 14:32694

Tail closure among D60=0 matches
  final tail collisions: 0
  best r61 HW: 11
  best r61 W1[57..59]=0x112e,0x378c,0xd96
  best r61 W2[57..59]=0x103b,0x248c,0x311c
  best tail HW: 20
  best tail r61 HW: 23
  best W1[57..59]=0x1d83,0x134c,0x2fa9
  best W2[57..59]=0x1c90,0x1d2e,0x109c

SUMMARY N=14 sample_start=246710272 prefixes=32768 total=536870912 d0=32506 best_tail=20 tail_r61=23 best_r61=11 tail_W1=0x1d83,0x134c,0x2fa9 tail_W2=0x1c90,0x1d2e,0x109c r61_W1=0x112e,0x378c,0xd96 r61_W2=0x103b,0x248c,0x311c

Scan-only witness registry
  registry_count=16 registry_cap=16
  witness[00] tail=20 r61=23 gh60=0x5639ba6 W1=0x1d83,0x134c,0x2fa9 W2=0x1c90,0x1d2e,0x109c
  witness[01] tail=23 r61=22 gh60=0xcf5479a W1=0x2bc6,0x2e2,0x34b7 W2=0x2ad3,0x502,0x210
  witness[02] tail=24 r61=17 gh60=0x4704d66 W1=0x164c,0x3cb6,0x26a4 W2=0x1559,0x225d,0x73d
  witness[03] tail=24 r61=20 gh60=0xcae4ca6 W1=0x644,0x1b22,0x3667 W2=0x551,0x1a5f,0x143e
  witness[04] tail=25 r61=17 gh60=0x4f39d7e W1=0x2057,0x2e64,0x194b W2=0x1f64,0x2cb3,0x605
  witness[05] tail=25 r61=18 gh60=0xb88bfaa W1=0x2fbd,0x135a,0x386d W2=0x2eca,0x2e59,0x391c
  witness[06] tail=25 r61=19 gh60=0x4908f66 W1=0x275b,0xea,0x14f3 W2=0x2668,0x2410,0x16fc
  witness[07] tail=25 r61=21 gh60=0x7aacd6a W1=0x662,0x1561,0x1793 W2=0x56f,0x1ee9,0x19b4
  witness[08] tail=25 r61=21 gh60=0xca1bf9a W1=0x2f85,0x1a43,0x3867 W2=0x2e92,0x3317,0x3ca6
  witness[09] tail=25 r61=27 gh60=0xc87cc9a W1=0x92a,0x26c2,0x3ba1 W2=0x837,0x785,0x3478
  witness[10] tail=26 r61=18 gh60=0x46185a6 W1=0xc83,0x3603,0x2852 W2=0xb90,0xde8,0x3d8a
  witness[11] tail=26 r61=18 gh60=0x4e6849a W1=0x13e5,0x644,0x1d9a W2=0x12f2,0x3c97,0x26b4
  witness[12] tail=26 r61=18 gh60=0x46084ea W1=0x3411,0x33ae,0x51f W2=0x331e,0xdb8,0x15c5
  witness[13] tail=26 r61=21 gh60=0xb4885aa W1=0x22b1,0x312b,0x1ce0 W2=0x21be,0x2d43,0xee8
  witness[14] tail=26 r61=24 gh60=0xcb08d6a W1=0x851,0x1716,0x3992 W2=0x75e,0xf6d,0x1853
  witness[15] tail=26 r61=24 gh60=0xd6e87ba W1=0x3375,0x160b,0x138c W2=0x3282,0x174d,0x2897

Scan-only r61 registry
  registry_count=16 registry_cap=16
  r61_witness[00] r61=11 tail=31 gh60=0x4897caa W1=0x112e,0x378c,0xd96 W2=0x103b,0x248c,0x311c
  r61_witness[01] r61=15 tail=27 gh60=0x490479a W1=0x3ca,0x369d,0xe7c W2=0x2d7,0x28a7,0xcb5
  r61_witness[02] r61=15 tail=27 gh60=0x59884ae W1=0xcef,0x1d1e,0x2237 W2=0xbfc,0x3bbe,0x2288
  r61_witness[03] r61=15 tail=29 gh60=0xc61bdea W1=0x2ea1,0x32aa,0x334f W2=0x2dae,0x1ffd,0x2953
  r61_witness[04] r61=15 tail=35 gh60=0x4e285fe W1=0x2a97,0x3fe0,0x1d8a W2=0x29a4,0x320,0x9d3
  r61_witness[05] r61=15 tail=36 gh60=0x4508d6a W1=0x36e1,0x79e,0x629 W2=0x35ee,0x19dd,0x1862
  r61_witness[06] r61=16 tail=28 gh60=0xc518d6a W1=0x164d,0x2e80,0x834 W2=0x155a,0xfe7,0x599
  r61_witness[07] r61=16 tail=30 gh60=0x48844a6 W1=0x1b3c,0x3aad,0x3891 W2=0x1a49,0x18f9,0x837
  r61_witness[08] r61=16 tail=30 gh60=0x3968766 W1=0x2353,0x31b4,0x2f69 W2=0x2260,0x17ff,0xe56
  r61_witness[09] r61=16 tail=31 gh60=0x468cf9a W1=0x76a,0x1e0a,0x2e37 W2=0x677,0xba9,0x824
  r61_witness[10] r61=16 tail=32 gh60=0x4898ba6 W1=0x25ab,0xcfc,0x8b8 W2=0x24b8,0x14d0,0x1f61
  r61_witness[11] r61=16 tail=33 gh60=0xc908b6a W1=0x29dd,0x2be9,0x272a W2=0x28ea,0x1618,0x10e4
  r61_witness[12] r61=16 tail=33 gh60=0x390876a W1=0x2b4d,0x1c5b,0xeb W2=0x2a5a,0x14b5,0x3054
  r61_witness[13] r61=16 tail=34 gh60=0x4a0c59a W1=0x148a,0x1840,0x200 W2=0x1397,0x16a2,0x3eec
  r61_witness[14] r61=16 tail=34 gh60=0x4d18d6a W1=0x384d,0x34d3,0x319e W2=0x375a,0x822,0x5ae
  r61_witness[15] r61=16 tail=35 gh60=0x4484da6 W1=0x6ac,0x2eb,0x2ffa W2=0x5b9,0x1bb0,0x2f16

D60=0 fiber histogram: 1:7975 2:4783 3:1806 4:1078 5:426 6:188 7:75 8:67 9:33 10:32 11:5 12:10 13:2 14:3 17:1 18:1 21:1
