free_word_mitm_reducedn
N=14 mask=0x3fff msb=0x2000
candidate: M0=0x3d36 mode=random-fallback fill=0x3fff kernel=dM0=dM9=0x2000
prefixes=32768/268435456 mode=permuted-prefix-sample w59_per_prefix=16384 total=536870912
run_mode=scan registry_cap=16
sample_start=221544448
scan_elapsed=20.102s rate=26.71 Mtriples/s

D60 interface
  D60=0 matches: 32535 (random expectation 32768.0, enrichment 0.993x)
  prefixes with D60=0: 16467
  max D60=0 fiber per prefix: 22 at W57=0x1a81 W58=0x2f16
  largest D60 bucket: D=0x1097 count=33862
  min D60 HW: 0
  D60 HW histogram: 0:32535 1:457453 2:2976556 3:11914699 4:32812711 5:65636453 6:98453135 7:112504349 8:98397929 9:65566586 10:32757170 11:11899109 12:2972015 13:457799 14:32413

Tail closure among D60=0 matches
  final tail collisions: 0
  best r61 HW: 14
  best r61 W1[57..59]=0x22c5,0x747,0x253a
  best r61 W2[57..59]=0x21d2,0x33b0,0x2663
  best tail HW: 19
  best tail r61 HW: 20
  best W1[57..59]=0x36d8,0xd6f,0x2883
  best W2[57..59]=0x35e5,0x233b,0x12d7

SUMMARY N=14 sample_start=221544448 prefixes=32768 total=536870912 d0=32535 best_tail=19 tail_r61=20 best_r61=14 tail_W1=0x36d8,0xd6f,0x2883 tail_W2=0x35e5,0x233b,0x12d7 r61_W1=0x22c5,0x747,0x253a r61_W2=0x21d2,0x33b0,0x2663

Scan-only witness registry
  registry_count=16 registry_cap=16
  witness[00] tail=19 r61=20 gh60=0xcf34d7e W1=0x36d8,0xd6f,0x2883 W2=0x35e5,0x233b,0x12d7
  witness[01] tail=21 r61=23 gh60=0x4f25faa W1=0x3fc2,0x2966,0x1a82 W2=0x3ecf,0x1986,0x3e64
  witness[02] tail=22 r61=15 gh60=0xc8a9cbe W1=0x2137,0x14c0,0x13c W2=0x2044,0xd1f,0x690
  witness[03] tail=22 r61=24 gh60=0x3e35dea W1=0x3e8e,0x315d,0x3d46 W2=0x3d9b,0x31bd,0x3381
  witness[04] tail=24 r61=23 gh60=0x5b88ca6 W1=0x38fb,0x8e9,0x1fa0 W2=0x3808,0x1375,0x3a5e
  witness[05] tail=24 r61=26 gh60=0xc8e849a W1=0x3525,0xbf9,0xff4 W2=0x3432,0x180,0x15ca
  witness[06] tail=25 r61=16 gh60=0xc58c4aa W1=0x2bee,0x2d1a,0x2fae W2=0x2afb,0x31db,0x214d
  witness[07] tail=25 r61=17 gh60=0x598ffaa W1=0xf7e,0x989,0x3c53 W2=0xe8b,0x3f19,0x3dce
  witness[08] tail=25 r61=17 gh60=0x39884aa W1=0x2b3d,0xd7c,0x2117 W2=0x2a4a,0x14e8,0x3813
  witness[09] tail=25 r61=19 gh60=0xda384e6 W1=0x331b,0x1d8d,0x1129 W2=0x3228,0x104e,0x187
  witness[10] tail=25 r61=22 gh60=0xd95cb9e W1=0x35c8,0x3a61,0x3b2c W2=0x34d5,0x3b4,0x317e
  witness[11] tail=25 r61=22 gh60=0xcafdc9a W1=0x3f0a,0x3518,0x3904 W2=0x3e17,0x1621,0x3694
  witness[12] tail=25 r61=23 gh60=0x4d08d6e W1=0x6df,0x8fb,0x19 W2=0x5ec,0x2e36,0xe4f
  witness[13] tail=25 r61=24 gh60=0xca344ea W1=0x231e,0xffb,0xbae W2=0x222b,0x1976,0x345c
  witness[14] tail=25 r61=24 gh60=0xcc9c4aa W1=0x2c2e,0x3096,0x35b1 W2=0x2b3b,0x34d7,0x2538
  witness[15] tail=25 r61=26 gh60=0xcb644a6 W1=0x3d44,0x97a,0x30dd W2=0x3c51,0x27f8,0x2d65

Scan-only r61 registry
  registry_count=16 registry_cap=16
  r61_witness[00] r61=14 tail=31 gh60=0x44885aa W1=0x3cbd,0x2dd2,0x1e27 W2=0x3bca,0xbd6,0x2c98
  r61_witness[01] r61=14 tail=35 gh60=0x5a384ea W1=0x1a1d,0x69f,0x1843 W2=0x192a,0x1dd1,0x1c12
  r61_witness[02] r61=14 tail=38 gh60=0x4d1859a W1=0x22c5,0x747,0x253a W2=0x21d2,0x33b0,0x2663
  r61_witness[03] r61=15 tail=22 gh60=0xc8a9cbe W1=0x2137,0x14c0,0x13c W2=0x2044,0xd1f,0x690
  r61_witness[04] r61=15 tail=33 gh60=0x59a5f66 W1=0x1f64,0x29b6,0x2a58 W2=0x1e71,0xb8f,0x1d39
  r61_witness[05] r61=16 tail=25 gh60=0xc58c4aa W1=0x2bee,0x2d1a,0x2fae W2=0x2afb,0x31db,0x214d
  r61_witness[06] r61=16 tail=26 gh60=0xc90876a W1=0xbdd,0x3052,0xe8e W2=0xaea,0x2798,0x3219
  r61_witness[07] r61=16 tail=30 gh60=0x4a9ccba W1=0x25fa,0x318d,0x1896 W2=0x2507,0x1a05,0x21a5
  r61_witness[08] r61=16 tail=31 gh60=0x4a1bdea W1=0xe91,0x29ac,0xff7 W2=0xd9e,0x1d07,0x753
  r61_witness[09] r61=16 tail=31 gh60=0x4ad449e W1=0x2548,0x184f,0x3864 W2=0x2455,0x263d,0x28ee
  r61_witness[10] r61=16 tail=32 gh60=0x5627ce6 W1=0x3014,0x3a7a,0x398f W2=0x2f21,0x19b,0x38ad
  r61_witness[11] r61=16 tail=33 gh60=0x4e64566 W1=0x2e4,0x3546,0x27bf W2=0x1f1,0x29ae,0x1131
  r61_witness[12] r61=16 tail=33 gh60=0xc71cb7a W1=0x295a,0x157e,0x36d9 W2=0x2867,0x26e,0x20a5
  r61_witness[13] r61=16 tail=34 gh60=0x4a88caa W1=0x27ed,0x3294,0x1fc6 W2=0x26fa,0x354f,0x25d9
  r61_witness[14] r61=16 tail=36 gh60=0x4a084ee W1=0x341f,0x22f9,0x2267 W2=0x332c,0x240f,0x3344
  r61_witness[15] r61=16 tail=38 gh60=0xc63bfea W1=0xf8d,0x24b3,0xaa5 W2=0xe9a,0x63a,0x2cbb

D60=0 fiber histogram: 1:7988 2:4750 3:1803 4:1048 5:420 6:216 7:95 8:76 9:26 10:18 11:7 12:7 13:3 14:3 16:4 17:1 18:1 22:1
