free_word_mitm_reducedn
N=14 mask=0x3fff msb=0x2000
candidate: M0=0x3d36 mode=random-fallback fill=0x3fff kernel=dM0=dM9=0x2000
prefixes=32768/268435456 mode=permuted-prefix-sample w59_per_prefix=16384 total=536870912
run_mode=scan registry_cap=16
sample_start=45383680
scan_elapsed=20.307s rate=26.44 Mtriples/s

D60 interface
  D60=0 matches: 32238 (random expectation 32768.0, enrichment 0.984x)
  prefixes with D60=0: 16555
  max D60=0 fiber per prefix: 17 at W57=0x1150 W58=0x8f3
  largest D60 bucket: D=0xfd2 count=33767
  min D60 HW: 0
  D60 HW histogram: 0:32238 1:457252 2:2976239 3:11892242 4:32746836 5:65577389 6:98430480 7:112562001 8:98462478 9:65601878 10:32767377 11:11902717 12:2971907 13:457160 14:32718

Tail closure among D60=0 matches
  final tail collisions: 0
  best r61 HW: 13
  best r61 W1[57..59]=0x4e0,0x7c,0x23c7
  best r61 W2[57..59]=0x3ed,0x2217,0x1961
  best tail HW: 22
  best tail r61 HW: 18
  best W1[57..59]=0x2a05,0x2036,0x1086
  best W2[57..59]=0x2912,0x4bd,0xf89

SUMMARY N=14 sample_start=45383680 prefixes=32768 total=536870912 d0=32238 best_tail=22 tail_r61=18 best_r61=13 tail_W1=0x2a05,0x2036,0x1086 tail_W2=0x2912,0x4bd,0xf89 r61_W1=0x4e0,0x7c,0x23c7 r61_W2=0x3ed,0x2217,0x1961

Scan-only witness registry
  registry_count=16 registry_cap=16
  witness[00] tail=22 r61=18 gh60=0xdae849a W1=0x2a05,0x2036,0x1086 W2=0x2912,0x4bd,0xf89
  witness[01] tail=23 r61=13 gh60=0xc50c56e W1=0x4e0,0x7c,0x23c7 W2=0x3ed,0x2217,0x1961
  witness[02] tail=23 r61=19 gh60=0x5a084ea W1=0x1d0d,0xe38,0x2d67 W2=0x1c1a,0x27ae,0x22b0
  witness[03] tail=24 r61=17 gh60=0xce5849e W1=0x3d07,0x295c,0xe66 W2=0x3c14,0x3853,0x227f
  witness[04] tail=24 r61=18 gh60=0xbe68ffe W1=0x1797,0x2a4e,0x118e W2=0x16a4,0x331d,0x3e6e
  witness[05] tail=24 r61=22 gh60=0xcf2bfa6 W1=0xfc3,0x836,0x257c W2=0xed0,0x1d2c,0x167b
  witness[06] tail=24 r61=23 gh60=0x5978b66 W1=0x1953,0x2fc9,0x29c W2=0x1860,0x3daf,0x24fe
  witness[07] tail=24 r61=29 gh60=0xd7bc59e W1=0x3a68,0x35e8,0x5c9 W2=0x3975,0xa36,0x32a1
  witness[08] tail=25 r61=16 gh60=0x4704d66 W1=0x26cc,0x2ec8,0x3527 W2=0x25d9,0x99b,0x3a40
  witness[09] tail=25 r61=18 gh60=0xc5645a6 W1=0x14c4,0x4eb,0x39cd W2=0x13d1,0x2b4f,0x1bfd
  witness[10] tail=25 r61=19 gh60=0x4a745aa W1=0x347e,0x207e,0x331e W2=0x338b,0x2d87,0xe42
  witness[11] tail=25 r61=21 gh60=0xc8bfba6 W1=0x11b4,0x316a,0x8ec W2=0x10c1,0x20c5,0x39a8
  witness[12] tail=25 r61=22 gh60=0xca3c59a W1=0x486,0x5fe,0x18ee W2=0x393,0x2460,0x695
  witness[13] tail=25 r61=22 gh60=0x4b29f7a W1=0x1f55,0x1c8c,0x1199 W2=0x1e62,0xea7,0x3955
  witness[14] tail=25 r61=24 gh60=0x4998baa W1=0x981,0x17f7,0x1095 W2=0x88e,0x146e,0x2af5
  witness[15] tail=25 r61=26 gh60=0xfcacd9a W1=0x36a6,0xd14,0x1fd0 W2=0x35b3,0x3c0f,0xafd

Scan-only r61 registry
  registry_count=16 registry_cap=16
  r61_witness[00] r61=13 tail=23 gh60=0xc50c56e W1=0x4e0,0x7c,0x23c7 W2=0x3ed,0x2217,0x1961
  r61_witness[01] r61=14 tail=29 gh60=0x4d885ae W1=0x347f,0xe5d,0x24ed W2=0x338c,0x395,0x192c
  r61_witness[02] r61=14 tail=34 gh60=0x4588daa W1=0x6c1,0x14e6,0x23d3 W2=0x5ce,0x142d,0x3b80
  r61_witness[03] r61=15 tail=32 gh60=0xc888cae W1=0x73f,0x384a,0x210b W2=0x64c,0x1399,0xa0
  r61_witness[04] r61=15 tail=33 gh60=0x44d849e W1=0x1c27,0x6f6,0x2bdd W2=0x1b34,0x2527,0x8b0
  r61_witness[05] r61=15 tail=35 gh60=0x44884a6 W1=0x3c2b,0xc28,0x29c2 W2=0x3b38,0xb83,0x3d75
  r61_witness[06] r61=15 tail=36 gh60=0x4e884aa W1=0x2fd,0xc69,0x75c W2=0x20a,0x13d5,0x2b79
  r61_witness[07] r61=15 tail=36 gh60=0xc918b6e W1=0x9df,0x199d,0x3ab W2=0x8ec,0xba8,0x150b
  r61_witness[08] r61=15 tail=38 gh60=0xc50c566 W1=0x345c,0x1b2c,0x2729 W2=0x3369,0x276e,0xc45
  r61_witness[09] r61=16 tail=25 gh60=0x4704d66 W1=0x26cc,0x2ec8,0x3527 W2=0x25d9,0x99b,0x3a40
  r61_witness[10] r61=16 tail=26 gh60=0x4a045fa W1=0xa9a,0x2349,0x237c W2=0x9a7,0x105e,0x3509
  r61_witness[11] r61=16 tail=28 gh60=0xc689caa W1=0x1f01,0x8df,0x1b37 W2=0x1e0e,0xf0e,0xeaa
  r61_witness[12] r61=16 tail=28 gh60=0x4888baa W1=0x35ad,0x2380,0x90d W2=0x34ba,0x2393,0x3d20
  r61_witness[13] r61=16 tail=30 gh60=0x450856a W1=0x2c61,0x3ebb,0x3b2 W2=0x2b6e,0x3b5,0x2aea
  r61_witness[14] r61=16 tail=31 gh60=0xca08cea W1=0x811,0x2b70,0x312a W2=0x71e,0x2c77,0x3b61
  r61_witness[15] r61=16 tail=31 gh60=0x4a5849a W1=0x1209,0x36e1,0x3ecf W2=0x1116,0x2bae,0x2a7e

D60=0 fiber histogram: 1:8144 2:4795 3:1711 4:1071 5:401 6:238 7:66 8:65 9:23 10:17 11:13 12:4 13:2 14:1 15:2 17:2
