free_word_mitm_reducedn
N=14 mask=0x3fff msb=0x2000
candidate: M0=0x3d36 mode=random-fallback fill=0x3fff kernel=dM0=dM9=0x2000
prefixes=32768/268435456 mode=permuted-prefix-sample w59_per_prefix=16384 total=536870912
run_mode=scan registry_cap=16
sample_start=51478528
scan_elapsed=18.992s rate=28.27 Mtriples/s

D60 interface
  D60=0 matches: 32771 (random expectation 32768.0, enrichment 1.000x)
  prefixes with D60=0: 16551
  max D60=0 fiber per prefix: 22 at W57=0x2c73 W58=0x59d
  largest D60 bucket: D=0x2691 count=33746
  min D60 HW: 0
  D60 HW histogram: 0:32771 1:457290 2:2973544 3:11917770 4:32795485 5:65619682 6:98449591 7:112490016 8:98397176 9:65582787 10:32782479 11:11906795 12:2975122 13:457656 14:32748

Tail closure among D60=0 matches
  final tail collisions: 0
  best r61 HW: 13
  best r61 W1[57..59]=0x3eff,0x35c4,0x3a9f
  best r61 W2[57..59]=0x3e0c,0x1413,0xfcc
  best tail HW: 21
  best tail r61 HW: 19
  best W1[57..59]=0x344b,0x2af2,0x951
  best W2[57..59]=0x3358,0x343f,0x2619

SUMMARY N=14 sample_start=51478528 prefixes=32768 total=536870912 d0=32771 best_tail=21 tail_r61=19 best_r61=13 tail_W1=0x344b,0x2af2,0x951 tail_W2=0x3358,0x343f,0x2619 r61_W1=0x3eff,0x35c4,0x3a9f r61_W2=0x3e0c,0x1413,0xfcc

Scan-only witness registry
  registry_count=16 registry_cap=16
  witness[00] tail=21 r61=19 gh60=0xdd08566 W1=0x344b,0x2af2,0x951 W2=0x3358,0x343f,0x2619
  witness[01] tail=23 r61=14 gh60=0xca5859a W1=0x2489,0x23ff,0x74e W2=0x2396,0x278,0x18e1
  witness[02] tail=24 r61=16 gh60=0x55884aa W1=0x241,0x17a1,0x3346 W2=0x14e,0x1a91,0xfbb
  witness[03] tail=24 r61=19 gh60=0x5a8bcaa W1=0x1101,0x38d1,0x13f1 W2=0x100e,0x2600,0x67e
  witness[04] tail=24 r61=23 gh60=0xde784ee W1=0xb0f,0x1902,0x1226 W2=0xa1c,0x3618,0x3d9e
  witness[05] tail=24 r61=23 gh60=0xc9887a6 W1=0x3b6b,0x1423,0x36ff W2=0x3a78,0xfe6,0xff9
  witness[06] tail=24 r61=24 gh60=0x5a7c4aa W1=0x2bf2,0x10c6,0xd07 W2=0x2aff,0x154b,0x46
  witness[07] tail=25 r61=18 gh60=0x49987aa W1=0x1b6d,0x39ad,0x2660 W2=0x1a7a,0x3b71,0x3d34
  witness[08] tail=25 r61=18 gh60=0x79f8f9a W1=0x37c5,0x9d0,0x3f46 W2=0x36d2,0x92e,0x1300
  witness[09] tail=25 r61=20 gh60=0xde1fca6 W1=0x3104,0x84e,0xd20 W2=0x3011,0x3f91,0x2364
  witness[10] tail=25 r61=21 gh60=0x48b849e W1=0x3d27,0x199e,0x2ba2 W2=0x3c34,0x27c7,0x21cc
  witness[11] tail=25 r61=22 gh60=0x5928f7a W1=0x37d9,0x1dec,0x92b W2=0x36e6,0x2e07,0x28e4
  witness[12] tail=25 r61=22 gh60=0xdb08f6a W1=0x37dd,0x2514,0x34e9 W2=0x36ea,0x251f,0x2e58
  witness[13] tail=25 r61=29 gh60=0xff7ccaa W1=0x3642,0x370c,0x2078 W2=0x354f,0xfa0,0x66
  witness[14] tail=26 r61=15 gh60=0x493877e W1=0xb57,0x22f8,0x1daa W2=0xa64,0x21bc,0x2b4f
  witness[15] tail=26 r61=16 gh60=0x5924baa W1=0x25c2,0x110f,0x246d W2=0x24cf,0x16b,0xac3

Scan-only r61 registry
  registry_count=16 registry_cap=16
  r61_witness[00] r61=13 tail=27 gh60=0xb989cae W1=0x3eff,0x35c4,0x3a9f W2=0x3e0c,0x1413,0xfcc
  r61_witness[01] r61=14 tail=23 gh60=0xca5859a W1=0x2489,0x23ff,0x74e W2=0x2396,0x278,0x18e1
  r61_witness[02] r61=14 tail=31 gh60=0xb52857a W1=0x1ad5,0x1f47,0x167c W2=0x19e2,0x15d7,0x419
  r61_witness[03] r61=14 tail=34 gh60=0xd58449a W1=0x11ea,0x1186,0x1437 W2=0x10f7,0x612,0x322d
  r61_witness[04] r61=15 tail=26 gh60=0x493877e W1=0xb57,0x22f8,0x1daa W2=0xa64,0x21bc,0x2b4f
  r61_witness[05] r61=15 tail=28 gh60=0x488449a W1=0x352a,0x1d84,0xf19 W2=0x3437,0x1344,0x1c81
  r61_witness[06] r61=15 tail=30 gh60=0x56add6a W1=0x62,0x2ab6,0x2e76 W2=0x3f6f,0x309e,0x286a
  r61_witness[07] r61=15 tail=38 gh60=0x4c885a6 W1=0x12bb,0x16cd,0x3e8 W2=0x11c8,0x3af2,0x2f39
  r61_witness[08] r61=16 tail=24 gh60=0x55884aa W1=0x241,0x17a1,0x3346 W2=0x14e,0x1a91,0xfbb
  r61_witness[09] r61=16 tail=26 gh60=0x5924baa W1=0x25c2,0x110f,0x246d W2=0x24cf,0x16b,0xac3
  r61_witness[10] r61=16 tail=26 gh60=0xc8a44a6 W1=0x3d34,0x1134,0x10b5 W2=0x3c41,0x30a2,0x4ec
  r61_witness[11] r61=16 tail=28 gh60=0x49d47ba W1=0x1b76,0x35dc,0x2e4c W2=0x1a83,0x733,0x10ea
  r61_witness[12] r61=16 tail=30 gh60=0x38d8bba W1=0x35b9,0x37d0,0x18b2 W2=0x34c6,0x72b,0x603
  r61_witness[13] r61=16 tail=31 gh60=0x4a88baa W1=0x156d,0x2c93,0xb63 W2=0x147a,0x2d16,0x22fb
  r61_witness[14] r61=16 tail=31 gh60=0x495c4be W1=0x2b38,0x34f9,0xbd3 W2=0x2a45,0x398,0x3379
  r61_witness[15] r61=16 tail=33 gh60=0xc90876e W1=0x1b5f,0xc62,0x1269 W2=0x1a6c,0x1090,0x268c

D60=0 fiber histogram: 1:7959 2:4821 3:1844 4:1072 5:397 6:212 7:91 8:75 9:33 10:18 11:12 12:5 13:3 14:2 15:1 16:2 17:3 22:1
