free_word_mitm_reducedn
N=14 mask=0x3fff msb=0x2000
candidate: M0=0x3d36 mode=random-fallback fill=0x3fff kernel=dM0=dM9=0x2000
prefixes=32768/268435456 mode=permuted-prefix-sample w59_per_prefix=16384 total=536870912
run_mode=scan registry_cap=16
sample_start=24543232
scan_elapsed=20.233s rate=26.53 Mtriples/s

D60 interface
  D60=0 matches: 32411 (random expectation 32768.0, enrichment 0.989x)
  prefixes with D60=0: 16502
  max D60=0 fiber per prefix: 22 at W57=0x12c W58=0x3c9b
  largest D60 bucket: D=0x2b87 count=33818
  min D60 HW: 0
  D60 HW histogram: 0:32411 1:458026 2:2974628 3:11913747 4:32792986 5:65665785 6:98489976 7:112515035 8:98388507 9:65546756 10:32734326 11:11898552 12:2970619 13:457257 14:32301

Tail closure among D60=0 matches
  final tail collisions: 0
  best r61 HW: 14
  best r61 W1[57..59]=0x235c,0x358b,0x16ec
  best r61 W2[57..59]=0x2269,0x1931,0x2fed
  best tail HW: 23
  best tail r61 HW: 19
  best W1[57..59]=0x2ead,0xbdf,0x3f05
  best W2[57..59]=0x2dba,0x8b2,0x17ea

SUMMARY N=14 sample_start=24543232 prefixes=32768 total=536870912 d0=32411 best_tail=23 tail_r61=19 best_r61=14 tail_W1=0x2ead,0xbdf,0x3f05 tail_W2=0x2dba,0x8b2,0x17ea r61_W1=0x235c,0x358b,0x16ec r61_W2=0x2269,0x1931,0x2fed

Scan-only witness registry
  registry_count=16 registry_cap=16
  witness[00] tail=23 r61=19 gh60=0xc48bdaa W1=0x2ead,0xbdf,0x3f05 W2=0x2dba,0x8b2,0x17ea
  witness[01] tail=23 r61=23 gh60=0x7a24cea W1=0x1612,0x2b9e,0x1e42 W2=0x151f,0x19e,0x2d1f
  witness[02] tail=23 r61=30 gh60=0xdf88fa6 W1=0x27bb,0x29e1,0x23ff W2=0x26c8,0xf25,0x14c7
  witness[03] tail=24 r61=15 gh60=0xcb88bae W1=0x39af,0x3fa2,0x17fe W2=0x38bc,0x3b9,0x2cd9
  witness[04] tail=24 r61=18 gh60=0x5e2bd9a W1=0x1089,0x2562,0x2355 W2=0xf96,0x329a,0x120
  witness[05] tail=24 r61=19 gh60=0x4be45a6 W1=0xab4,0x15de,0x27aa W2=0x9c1,0xa34,0x1a3d
  witness[06] tail=24 r61=21 gh60=0x7a04bfa W1=0x159a,0x36e1,0x65a W2=0x14a7,0x34a5,0x133c
  witness[07] tail=24 r61=25 gh60=0xba7ccfa W1=0x2716,0x13fa,0xcd4 W2=0x2623,0x3a82,0x3030
  witness[08] tail=25 r61=16 gh60=0xc5a5ca6 W1=0x3df4,0xe1,0x1ddf W2=0x3d01,0x3f90,0x3c0c
  witness[09] tail=25 r61=19 gh60=0x4a8c4ba W1=0x32fa,0xbc2,0x22f W2=0x3207,0x375,0x1452
  witness[10] tail=25 r61=20 gh60=0xf90cf6e W1=0x1760,0x1aa9,0x2082 W2=0x166d,0x1ed9,0x3663
  witness[11] tail=25 r61=20 gh60=0x58887aa W1=0x3bbd,0x3536,0x1b6b W2=0x3aca,0x377a,0x28a0
  witness[12] tail=25 r61=21 gh60=0xc638fe6 W1=0x793,0x3fb4,0x114e W2=0x6a0,0x248e,0x12ef
  witness[13] tail=25 r61=21 gh60=0xdd885aa W1=0x1c71,0x2c28,0x3fb9 W2=0x1b7e,0x39d0,0x1bd2
  witness[14] tail=25 r61=21 gh60=0x7957b9a W1=0x2dc6,0x12d3,0x2868 W2=0x2cd3,0x3d2c,0x574
  witness[15] tail=25 r61=21 gh60=0xc5644e6 W1=0x3c24,0x2b35,0x2838 W2=0x3b31,0x15a7,0x34fc

Scan-only r61 registry
  registry_count=16 registry_cap=16
  r61_witness[00] r61=14 tail=29 gh60=0x4904766 W1=0x235c,0x358b,0x16ec W2=0x2269,0x1931,0x2fed
  r61_witness[01] r61=14 tail=34 gh60=0xc6085ea W1=0x2c9d,0x32b7,0x69 W2=0x2baa,0x45,0x1c99
  r61_witness[02] r61=14 tail=35 gh60=0xc489da6 W1=0x3ebb,0x182f,0x3e07 W2=0x3dc8,0x2dd5,0x3fa0
  r61_witness[03] r61=15 tail=24 gh60=0xcb88bae W1=0x39af,0x3fa2,0x17fe W2=0x38bc,0x3b9,0x2cd9
  r61_witness[04] r61=15 tail=35 gh60=0x7898faa W1=0x27bd,0x98a,0x277 W2=0x26ca,0x368d,0x949
  r61_witness[05] r61=16 tail=25 gh60=0xc5a5ca6 W1=0x3df4,0xe1,0x1ddf W2=0x3d01,0x3f90,0x3c0c
  r61_witness[06] r61=16 tail=29 gh60=0xb90cc9a W1=0x194a,0x2f2d,0x2e10 W2=0x1857,0x202c,0x2d39
  r61_witness[07] r61=16 tail=29 gh60=0x4a087ea W1=0x338d,0x3121,0x61f W2=0x329a,0x36ef,0x19ac
  r61_witness[08] r61=16 tail=30 gh60=0xcba9ca6 W1=0x1ff3,0x1180,0x636 W2=0x1f00,0x1dae,0xd7a
  r61_witness[09] r61=16 tail=31 gh60=0x4907b66 W1=0x315c,0xc47,0xc96 W2=0x3069,0x94,0x341d
  r61_witness[10] r61=16 tail=33 gh60=0xc5a44a6 W1=0x434,0xd8d,0x2014 W2=0x341,0x29f9,0x1a0f
  r61_witness[11] r61=16 tail=33 gh60=0xc8847ba W1=0x13ba,0x1441,0x2029 W2=0x12c7,0x1700,0xda5
  r61_witness[12] r61=16 tail=33 gh60=0xca844a6 W1=0x2cfc,0x2627,0x1ad7 W2=0x2c09,0x13f3,0x1a5b
  r61_witness[13] r61=16 tail=33 gh60=0x4d98766 W1=0x3be3,0x39da,0x2203 W2=0x3af0,0x2bb3,0x3f28
  r61_witness[14] r61=16 tail=34 gh60=0x5518566 W1=0x32db,0x1bce,0x35e6 W2=0x31e8,0x3a07,0x207c
  r61_witness[15] r61=16 tail=36 gh60=0x4f04b9a W1=0x29ca,0xd54,0x514 W2=0x28d7,0x38a7,0x2321

D60=0 fiber histogram: 1:8071 2:4778 3:1717 4:1078 5:422 6:207 7:93 8:56 9:28 10:25 11:8 12:6 13:2 14:2 15:2 16:3 17:1 18:1 19:1 22:1
