free_word_mitm_reducedn
N=14 mask=0x3fff msb=0x2000
candidate: M0=0x3d36 mode=random-fallback fill=0x3fff kernel=dM0=dM9=0x2000
prefixes=32768/268435456 mode=permuted-prefix-sample w59_per_prefix=16384 total=536870912
run_mode=scan registry_cap=16
sample_start=167149568
scan_elapsed=20.037s rate=26.79 Mtriples/s

D60 interface
  D60=0 matches: 32422 (random expectation 32768.0, enrichment 0.989x)
  prefixes with D60=0: 16441
  max D60=0 fiber per prefix: 16 at W57=0x3379 W58=0x2af0
  largest D60 bucket: D=0xa5f count=33733
  min D60 HW: 0
  D60 HW histogram: 0:32422 1:455761 2:2973447 3:11907466 4:32782908 5:65650580 6:98452967 7:112520449 8:98429418 9:65542576 10:32759016 11:11903519 12:2971246 13:456718 14:32419

Tail closure among D60=0 matches
  final tail collisions: 0
  best r61 HW: 12
  best r61 W1[57..59]=0x2d1a,0x2e51,0x1a7b
  best r61 W2[57..59]=0x2c27,0x180e,0x2268
  best tail HW: 19
  best tail r61 HW: 17
  best W1[57..59]=0xb15,0x36e2,0x1711
  best W2[57..59]=0xa22,0x1bd6,0x35f0

SUMMARY N=14 sample_start=167149568 prefixes=32768 total=536870912 d0=32422 best_tail=19 tail_r61=17 best_r61=12 tail_W1=0xb15,0x36e2,0x1711 tail_W2=0xa22,0x1bd6,0x35f0 r61_W1=0x2d1a,0x2e51,0x1a7b r61_W2=0x2c27,0x180e,0x2268

Scan-only witness registry
  registry_count=16 registry_cap=16
  witness[00] tail=19 r61=17 gh60=0xca284fa W1=0xb15,0x36e2,0x1711 W2=0xa22,0x1bd6,0x35f0
  witness[01] tail=22 r61=20 gh60=0xfd87dba W1=0x107a,0x104d,0x3a81 W2=0xf87,0x311d,0x3f50
  witness[02] tail=23 r61=15 gh60=0x45884a6 W1=0x42b,0x1f49,0xa18 W2=0x338,0xba6,0x3177
  witness[03] tail=23 r61=19 gh60=0xb897baa W1=0x11ae,0x856,0x3900 W2=0x10bb,0x37a6,0x1da7
  witness[04] tail=24 r61=14 gh60=0xcbb84aa W1=0x3c01,0x204,0x1da1 W2=0x3b0e,0x1874,0x3dbf
  witness[05] tail=24 r61=18 gh60=0x5ca8cbe W1=0x1837,0xcd6,0x10f7 W2=0x1744,0x26b9,0x1d4
  witness[06] tail=25 r61=15 gh60=0xc8884ae W1=0x3b2f,0xede,0x3d99 W2=0x3a3c,0x7e,0x18ae
  witness[07] tail=25 r61=16 gh60=0xca88ca6 W1=0x16eb,0x54a,0x3b4f W2=0x15f8,0x3166,0x134a
  witness[08] tail=25 r61=18 gh60=0x4608be6 W1=0x199b,0x3391,0xa41 W2=0x18a8,0x9cb,0x22e7
  witness[09] tail=25 r61=18 gh60=0xd899fa6 W1=0x3fb3,0x1de4,0x13d3 W2=0x3ec0,0x1c6,0x25d4
  witness[10] tail=25 r61=21 gh60=0xc68dbae W1=0x180,0x1e33,0x3cdf W2=0x8d,0x10bb,0x3390
  witness[11] tail=25 r61=21 gh60=0x7ff4fee W1=0x17a0,0x2c10,0x2c21 W2=0x16ad,0x30d0,0x15bb
  witness[12] tail=25 r61=21 gh60=0x4b884aa W1=0x3301,0x2e5d,0x2893 W2=0x320e,0x50d,0x20a
  witness[13] tail=25 r61=23 gh60=0x49dc49a W1=0x3b26,0x169a,0x2ea0 W2=0x3a33,0xe24,0xe3d
  witness[14] tail=25 r61=24 gh60=0x7ca44aa W1=0xc32,0x571,0x2f23 W2=0xb3f,0xb76,0x16bf
  witness[15] tail=25 r61=32 gh60=0xdff7cee W1=0x1110,0xef5,0x2c11 W2=0x101d,0x2c61,0x820

Scan-only r61 registry
  registry_count=16 registry_cap=16
  r61_witness[00] r61=12 tail=29 gh60=0x5a044fa W1=0x2d1a,0x2e51,0x1a7b W2=0x2c27,0x180e,0x2268
  r61_witness[01] r61=14 tail=24 gh60=0xcbb84aa W1=0x3c01,0x204,0x1da1 W2=0x3b0e,0x1874,0x3dbf
  r61_witness[02] r61=14 tail=32 gh60=0x4b3876a W1=0x13cd,0x3ca8,0x1352 W2=0x12da,0x3806,0x2f7d
  r61_witness[03] r61=15 tail=23 gh60=0x45884a6 W1=0x42b,0x1f49,0xa18 W2=0x338,0xba6,0x3177
  r61_witness[04] r61=15 tail=25 gh60=0xc8884ae W1=0x3b2f,0xede,0x3d99 W2=0x3a3c,0x7e,0x18ae
  r61_witness[05] r61=15 tail=29 gh60=0x5d09d6a W1=0xdd,0x240a,0x2eaf W2=0x3fea,0x31e1,0x3e3d
  r61_witness[06] r61=15 tail=29 gh60=0xc568d7a W1=0x655,0x2b88,0x14cf W2=0x562,0x1977,0x10e0
  r61_witness[07] r61=15 tail=37 gh60=0x4668ca6 W1=0x15f3,0x5aa,0x228 W2=0x1500,0x556,0xb7c
  r61_witness[08] r61=16 tail=25 gh60=0xca88ca6 W1=0x16eb,0x54a,0x3b4f W2=0x15f8,0x3166,0x134a
  r61_witness[09] r61=16 tail=29 gh60=0x56084ea W1=0xa11,0x2d8b,0x226f W2=0x91e,0x2e91,0x3015
  r61_witness[10] r61=16 tail=29 gh60=0x5a8479a W1=0x2b6a,0x3a63,0x2cca W2=0x2a77,0x2cb9,0x23a2
  r61_witness[11] r61=16 tail=30 gh60=0x5959f9a W1=0x3fa9,0x2feb,0x3a0 W2=0x3eb6,0x2c17,0x2d78
  r61_witness[12] r61=16 tail=33 gh60=0x49a4566 W1=0x4e4,0x94c,0x3026 W2=0x3f1,0x1b94,0x3ea9
  r61_witness[13] r61=16 tail=33 gh60=0xda04fe6 W1=0x178c,0x17f4,0x3d9e W2=0x1699,0xbc3,0x33c9
  r61_witness[14] r61=16 tail=33 gh60=0xca044e6 W1=0x1d1c,0x32e0,0x32a5 W2=0x1c29,0x2fb4,0xcb6
  r61_witness[15] r61=16 tail=33 gh60=0xb528d9a W1=0x38c9,0x260,0x357b W2=0x37d6,0x2d82,0x22e2

D60=0 fiber histogram: 1:7973 2:4747 3:1774 4:1094 5:396 6:238 7:83 8:64 9:26 10:20 11:13 12:4 13:3 14:2 16:4
