free_word_mitm_reducedn
N=14 mask=0x3fff msb=0x2000
candidate: M0=0x3d36 mode=random-fallback fill=0x3fff kernel=dM0=dM9=0x2000
prefixes=32768/268435456 mode=permuted-prefix-sample w59_per_prefix=16384 total=536870912
run_mode=scan registry_cap=16
sample_start=158760960
scan_elapsed=20.162s rate=26.63 Mtriples/s

D60 interface
  D60=0 matches: 32480 (random expectation 32768.0, enrichment 0.991x)
  prefixes with D60=0: 16395
  max D60=0 fiber per prefix: 31 at W57=0x3ee1 W58=0x3cd3
  largest D60 bucket: D=0x2a72 count=33856
  min D60 HW: 0
  D60 HW histogram: 0:32480 1:457946 2:2978579 3:11910655 4:32798973 5:65661353 6:98519763 7:112567104 8:98387074 9:65521950 10:32708824 11:11877598 12:2961895 13:454264 14:32454

Tail closure among D60=0 matches
  final tail collisions: 0
  best r61 HW: 15
  best r61 W1[57..59]=0x388d,0x1ff7,0xf7f
  best r61 W2[57..59]=0x379a,0x3bd6,0x547
  best tail HW: 17
  best tail r61 HW: 19
  best W1[57..59]=0x1aa4,0x7ef,0x430
  best W2[57..59]=0x19b1,0xa49,0x238a

SUMMARY N=14 sample_start=158760960 prefixes=32768 total=536870912 d0=32480 best_tail=17 tail_r61=19 best_r61=15 tail_W1=0x1aa4,0x7ef,0x430 tail_W2=0x19b1,0xa49,0x238a r61_W1=0x388d,0x1ff7,0xf7f r61_W2=0x379a,0x3bd6,0x547

Scan-only witness registry
  registry_count=16 registry_cap=16
  witness[00] tail=17 r61=19 gh60=0x4b645e6 W1=0x1aa4,0x7ef,0x430 W2=0x19b1,0xa49,0x238a
  witness[01] tail=21 r61=20 gh60=0x568cbba W1=0x357a,0x332d,0x3b81 W2=0x3487,0x32f9,0x1fd0
  witness[02] tail=21 r61=22 gh60=0xc8e9f9a W1=0x3fa9,0x9d6,0x3851 W2=0x3eb6,0x602,0x11aa
  witness[03] tail=22 r61=19 gh60=0x5994cae W1=0x8f0,0x31bf,0x30dd W2=0x7fd,0x1c9f,0xcf
  witness[04] tail=23 r61=20 gh60=0xde0c5ea W1=0x3a9e,0x2313,0x1ed4 W2=0x39ab,0x2c22,0x3d46
  witness[05] tail=23 r61=24 gh60=0x57ac4aa W1=0x1332,0x26cf,0x3bdc W2=0x123f,0x14,0x2e2a
  witness[06] tail=24 r61=17 gh60=0x44884aa W1=0x2c3d,0x3168,0x2d0 W2=0x2b4a,0x3694,0x7df
  witness[07] tail=24 r61=19 gh60=0xc8f8fba W1=0x27b5,0x26fb,0x2180 W2=0x26c2,0x150e,0x3a28
  witness[08] tail=24 r61=19 gh60=0xcb04b7a W1=0x295a,0x3f11,0x3e6d W2=0x2867,0x2c01,0x3c3e
  witness[09] tail=24 r61=19 gh60=0xcbd7d9a W1=0x3086,0x39cf,0xc20 W2=0x2f93,0x2f8,0x3d9e
  witness[10] tail=24 r61=20 gh60=0x7b884aa W1=0x2cf1,0x2a4f,0x47d W2=0x2bfe,0x2f0f,0x2bae
  witness[11] tail=24 r61=21 gh60=0x4939b66 W1=0x2153,0x14fe,0x3f94 W2=0x2060,0x1466,0xd04
  witness[12] tail=24 r61=25 gh60=0x3a8479a W1=0xb6a,0x1259,0x2f71 W2=0xa77,0x4b7,0xb8
  witness[13] tail=24 r61=27 gh60=0xfbdc77a W1=0x33d6,0xce1,0x6c4 W2=0x32e3,0x25be,0x8dc
  witness[14] tail=25 r61=17 gh60=0xd90c76a W1=0x1b5e,0x1fd1,0x11fb W2=0x1a6b,0x3820,0x19ef
  witness[15] tail=25 r61=17 gh60=0x4488da6 W1=0x36bb,0x26b7,0x1d70 W2=0x35c8,0xf5b,0x9e

Scan-only r61 registry
  registry_count=16 registry_cap=16
  r61_witness[00] r61=15 tail=31 gh60=0x4a087ea W1=0x138d,0xf2c,0x1a09 W2=0x129a,0x12fa,0x2f29
  r61_witness[01] r61=15 tail=31 gh60=0xd608dea W1=0x388d,0x1ff7,0xf7f W2=0x379a,0x3bd6,0x547
  r61_witness[02] r61=15 tail=34 gh60=0xc904b7a W1=0x29da,0x3e33,0x7f0 W2=0x28e7,0x232b,0x3743
  r61_witness[03] r61=15 tail=35 gh60=0x48a7cea W1=0x1122,0x157d,0x1979 W2=0x102f,0x25d,0x32e6
  r61_witness[04] r61=16 tail=28 gh60=0x4e085ee W1=0x48f,0x19d5,0x2f2 W2=0x39c,0x3f13,0x318f
  r61_witness[05] r61=16 tail=28 gh60=0x4888faa W1=0x7bd,0x2795,0x2225 W2=0x6ca,0x1498,0x262f
  r61_witness[06] r61=16 tail=28 gh60=0x7989cae W1=0x1eef,0x2829,0x3597 W2=0x1dfc,0x68c,0x3389
  r61_witness[07] r61=16 tail=32 gh60=0x4685bba W1=0x217a,0xf57,0x3c43 W2=0x2087,0x39e3,0x18e5
  r61_witness[08] r61=16 tail=34 gh60=0x36ac56a W1=0xce2,0x945,0xe2c W2=0xbef,0x1984,0x961
  r61_witness[09] r61=17 tail=24 gh60=0x44884aa W1=0x2c3d,0x3168,0x2d0 W2=0x2b4a,0x3694,0x7df
  r61_witness[10] r61=17 tail=25 gh60=0xd90c76a W1=0x1b5e,0x1fd1,0x11fb W2=0x1a6b,0x3820,0x19ef
  r61_witness[11] r61=17 tail=25 gh60=0x4488da6 W1=0x36bb,0x26b7,0x1d70 W2=0x35c8,0xf5b,0x9e
  r61_witness[12] r61=17 tail=26 gh60=0x48884ae W1=0x32f,0x326c,0x31bc W2=0x23c,0x108c,0x1648
  r61_witness[13] r61=17 tail=27 gh60=0x5a5bc9e W1=0xe07,0x2239,0x25ee W2=0xd14,0x2569,0x67b
  r61_witness[14] r61=17 tail=28 gh60=0x4e8c49a W1=0x29ea,0xf12,0x268e W2=0x28f7,0x3318,0x2901
  r61_witness[15] r61=17 tail=29 gh60=0x490876a W1=0x235d,0x36a,0x31a9 W2=0x226a,0x3ab0,0x14f7

D60=0 fiber histogram: 1:7824 2:4791 3:1875 4:1092 5:383 6:195 7:78 8:86 9:34 10:19 11:3 12:6 13:2 14:2 16:1 17:1 19:1 24:1 31:1
