free_word_mitm_reducedn
N=14 mask=0x3fff msb=0x2000
candidate: M0=0x3d36 mode=random-fallback fill=0x3fff kernel=dM0=dM9=0x2000
prefixes=32768/268435456 mode=permuted-prefix-sample w59_per_prefix=16384 total=536870912
run_mode=scan registry_cap=16
sample_start=23560192
scan_elapsed=20.268s rate=26.49 Mtriples/s

D60 interface
  D60=0 matches: 32300 (random expectation 32768.0, enrichment 0.986x)
  prefixes with D60=0: 16423
  max D60=0 fiber per prefix: 13 at W57=0x21e3 W58=0x33fe
  largest D60 bucket: D=0x2d1f count=33768
  min D60 HW: 0
  D60 HW histogram: 0:32300 1:457168 2:2979985 3:11910897 4:32780047 5:65598683 6:98438438 7:112495179 8:98414412 9:65588099 10:32791704 11:11920255 12:2974979 13:456371 14:32395

Tail closure among D60=0 matches
  final tail collisions: 0
  best r61 HW: 15
  best r61 W1[57..59]=0x3525,0x3cb5,0x3ea9
  best r61 W2[57..59]=0x3432,0x323c,0x26fb
  best tail HW: 22
  best tail r61 HW: 18
  best W1[57..59]=0x34f,0x2329,0x36ca
  best W2[57..59]=0x25c,0x236f,0x36b3

SUMMARY N=14 sample_start=23560192 prefixes=32768 total=536870912 d0=32300 best_tail=22 tail_r61=18 best_r61=15 tail_W1=0x34f,0x2329,0x36ca tail_W2=0x25c,0x236f,0x36b3 r61_W1=0x3525,0x3cb5,0x3ea9 r61_W2=0x3432,0x323c,0x26fb

Scan-only witness registry
  registry_count=16 registry_cap=16
  witness[00] tail=22 r61=18 gh60=0xc91876e W1=0x34f,0x2329,0x36ca W2=0x25c,0x236f,0x36b3
  witness[01] tail=23 r61=23 gh60=0x4df85ae W1=0x2a6f,0xa64,0x27b8 W2=0x297c,0x2dac,0x2106
  witness[02] tail=23 r61=25 gh60=0xf90cb6e W1=0x25d0,0x167d,0x21d5 W2=0x24dd,0x10a5,0x2f86
  witness[03] tail=24 r61=19 gh60=0x56244e6 W1=0x314,0x14b4,0x1c63 W2=0x221,0x7a8,0x2d03
  witness[04] tail=24 r61=24 gh60=0xdd1bc9a W1=0xe45,0xd35,0xd83 W2=0xd52,0x23c1,0x3f0
  witness[05] tail=25 r61=17 gh60=0x5588da6 W1=0x287b,0x1793,0x3a1e W2=0x2788,0x947,0x26e
  witness[06] tail=25 r61=18 gh60=0xda18dfa W1=0x1895,0x337b,0x1b1d W2=0x17a2,0x2fd6,0x39b8
  witness[07] tail=25 r61=20 gh60=0x461ccea W1=0x2612,0x35b7,0x10cf W2=0x251f,0xb3,0x389d
  witness[08] tail=25 r61=21 gh60=0x4b684ba W1=0xd39,0x3d64,0x3f07 W2=0xc46,0x24a2,0x367d
  witness[09] tail=25 r61=23 gh60=0x59784a6 W1=0xafb,0x1d09,0x148b W2=0xa08,0x3ed4,0x32e1
  witness[10] tail=25 r61=26 gh60=0xf70c766 W1=0x35c,0x1eaa,0x1224 W2=0x269,0xc58,0x1961
  witness[11] tail=25 r61=27 gh60=0x4a7ccfa W1=0x271a,0x3e60,0x613 W2=0x2627,0x249c,0x1784
  witness[12] tail=26 r61=18 gh60=0xca0449a W1=0x320a,0x971,0x3bcf W2=0x3117,0x3e3b,0x23de
  witness[13] tail=26 r61=19 gh60=0xc50cd6e W1=0x16d0,0x39a7,0x31bb W2=0x15dd,0x36fb,0x13cd
  witness[14] tail=26 r61=19 gh60=0xde984ba W1=0x1bf5,0x176c,0x927 W2=0x1b02,0xd26,0x22d3
  witness[15] tail=26 r61=20 gh60=0xcc985a6 W1=0xaab,0xc99,0x2027 W2=0x9b8,0x20cc,0x20c3

Scan-only r61 registry
  registry_count=16 registry_cap=16
  r61_witness[00] r61=15 tail=29 gh60=0x48e849a W1=0x3525,0x3cb5,0x3ea9 W2=0x3432,0x323c,0x26fb
  r61_witness[01] r61=15 tail=35 gh60=0xda0c4ea W1=0x230e,0x2fd8,0x3f24 W2=0x221b,0x385f,0x2d56
  r61_witness[02] r61=16 tail=27 gh60=0xc55849a W1=0x2449,0x3c91,0x186c W2=0x2356,0x225e,0x2cd9
  r61_witness[03] r61=16 tail=29 gh60=0x4e0bce6 W1=0x101b,0x5c7,0x3391 W2=0xf28,0x235f,0x818
  r61_witness[04] r61=16 tail=31 gh60=0x4a044fa W1=0x151a,0x1ee8,0x2b11 W2=0x1427,0x1225,0x2ae0
  r61_witness[05] r61=16 tail=31 gh60=0x4905f7a W1=0x3f5a,0x3644,0x2aaf W2=0x3e67,0x2060,0x228
  r61_witness[06] r61=16 tail=33 gh60=0x4a04ce6 W1=0x191c,0xb38,0x2d5f W2=0x1829,0x3cb,0x1ce0
  r61_witness[07] r61=16 tail=35 gh60=0xc91bb6a W1=0x114d,0x1651,0x1595 W2=0x105a,0x318c,0x2c8a
  r61_witness[08] r61=16 tail=37 gh60=0x4905b9a W1=0x1dca,0x221f,0x1d28 W2=0x1cd7,0x15b0,0x36a7
  r61_witness[09] r61=16 tail=39 gh60=0x4499caa W1=0x1e31,0x181e,0x2d87 W2=0x1d3e,0x1e1d,0x3b4d
  r61_witness[10] r61=17 tail=25 gh60=0x5588da6 W1=0x287b,0x1793,0x3a1e W2=0x2788,0x947,0x26e
  r61_witness[11] r61=17 tail=29 gh60=0x4a047e6 W1=0xb9c,0x2bc8,0xc1b W2=0xaa9,0x1788,0x38b6
  r61_witness[12] r61=17 tail=29 gh60=0x5b6bd66 W1=0xed3,0x3d8d,0x22a1 W2=0xde0,0x24e9,0x1d4
  r61_witness[13] r61=17 tail=30 gh60=0x489dbea W1=0x1a2,0xae,0x264b W2=0xaf,0x2cd2,0x1ac2
  r61_witness[14] r61=17 tail=30 gh60=0xda08fea W1=0x3791,0x282e,0x2b12 W2=0x369e,0x37c1,0x21b1
  r61_witness[15] r61=17 tail=30 gh60=0x4898fe6 W1=0x37a3,0x1ca1,0x2d0f W2=0x36b0,0x150b,0x411

D60=0 fiber histogram: 1:7923 2:4803 3:1741 4:1112 5:404 6:230 7:82 8:77 9:24 10:13 11:7 12:4 13:3
