free_word_mitm_reducedn
N=14 mask=0x3fff msb=0x2000
candidate: M0=0x3d36 mode=random-fallback fill=0x3fff kernel=dM0=dM9=0x2000
prefixes=32768/268435456 mode=permuted-prefix-sample w59_per_prefix=16384 total=536870912
run_mode=scan registry_cap=16
sample_start=107446272
scan_elapsed=20.252s rate=26.51 Mtriples/s

D60 interface
  D60=0 matches: 32892 (random expectation 32768.0, enrichment 1.004x)
  prefixes with D60=0: 16563
  max D60=0 fiber per prefix: 20 at W57=0x5f5 W58=0xb62
  largest D60 bucket: D=0x2da3 count=33810
  min D60 HW: 0
  D60 HW histogram: 0:32892 1:458429 2:2973055 3:11894884 4:32760378 5:65553634 6:98417018 7:112497851 8:98462230 9:65627353 10:32810767 11:11915528 12:2976637 13:457758 14:32498

Tail closure among D60=0 matches
  final tail collisions: 0
  best r61 HW: 14
  best r61 W1[57..59]=0x2d1a,0x3365,0x1907
  best r61 W2[57..59]=0x2c27,0x1d22,0x2108
  best tail HW: 20
  best tail r61 HW: 23
  best W1[57..59]=0x11f7,0x92a,0x108c
  best W2[57..59]=0x1104,0x26c8,0x224d

SUMMARY N=14 sample_start=107446272 prefixes=32768 total=536870912 d0=32892 best_tail=20 tail_r61=23 best_r61=14 tail_W1=0x11f7,0x92a,0x108c tail_W2=0x1104,0x26c8,0x224d r61_W1=0x2d1a,0x3365,0x1907 r61_W2=0x2c27,0x1d22,0x2108

Scan-only witness registry
  registry_count=16 registry_cap=16
  witness[00] tail=20 r61=23 gh60=0xba584be W1=0x11f7,0x92a,0x108c W2=0x1104,0x26c8,0x224d
  witness[01] tail=21 r61=16 gh60=0x479ccaa W1=0x25ee,0x34bc,0x540 W2=0x24fb,0x3d7c,0x180f
  witness[02] tail=22 r61=18 gh60=0x56a4b6a W1=0x29e2,0x37ac,0x1724 W2=0x28ef,0x1cc4,0x2f89
  witness[03] tail=22 r61=24 gh60=0xd70dd66 W1=0x204c,0x2948,0x2479 W2=0x1f59,0x1791,0xe91
  witness[04] tail=23 r61=20 gh60=0x4b14f6e W1=0x27d0,0x3af0,0x28c2 W2=0x26dd,0x3338,0x2073
  witness[05] tail=23 r61=21 gh60=0xca884a6 W1=0x1beb,0x115e,0x3a5 W2=0x1af8,0xf39,0x1a2e
  witness[06] tail=23 r61=23 gh60=0xd70876a W1=0x2b61,0x733,0x10bf W2=0x2a6e,0x107d,0x10d7
  witness[07] tail=24 r61=18 gh60=0x3a1cbe6 W1=0x258c,0x37af,0x3297 W2=0x2499,0x1fa,0x4fa
  witness[08] tail=24 r61=18 gh60=0xc878baa W1=0x29ad,0x1008,0x2dae W2=0x28ba,0x3c5b,0x2c6b
  witness[09] tail=24 r61=20 gh60=0xd539d66 W1=0xdb,0x975,0x6a3 W2=0x3fe8,0x378d,0x30f9
  witness[10] tail=24 r61=22 gh60=0xd6e4dea W1=0x3892,0x412,0x2c W2=0x379f,0x1bfa,0x221f
  witness[11] tail=24 r61=25 gh60=0xd5ecb9e W1=0x2588,0x3087,0x411 W2=0x2495,0x2772,0x2f8d
  witness[12] tail=25 r61=14 gh60=0xcd04d9a W1=0x6ca,0x13e6,0x3acc W2=0x5d7,0x511,0x3757
  witness[13] tail=25 r61=18 gh60=0xb664566 W1=0x2a64,0x1677,0x2831 W2=0x2971,0x5bd,0x934
  witness[14] tail=25 r61=20 gh60=0xcae8566 W1=0x2ae3,0x23cf,0x3f88 W2=0x29f0,0x243c,0x3f3d
  witness[15] tail=25 r61=21 gh60=0x3e247a6 W1=0x2b84,0x3a64,0x37ad W2=0x2a91,0x24da,0x332c

Scan-only r61 registry
  registry_count=16 registry_cap=16
  r61_witness[00] r61=14 tail=25 gh60=0xcd04d9a W1=0x6ca,0x13e6,0x3acc W2=0x5d7,0x511,0x3757
  r61_witness[01] r61=14 tail=32 gh60=0x4a044fa W1=0x2d1a,0x3365,0x1907 W2=0x2c27,0x1d22,0x2108
  r61_witness[02] r61=15 tail=27 gh60=0xb88bcae W1=0x112f,0x12,0x3277 W2=0x103c,0x10f1,0x10ae
  r61_witness[03] r61=15 tail=28 gh60=0x4664d6a W1=0x3662,0x92c,0x1d18 W2=0x356f,0x27b8,0x283e
  r61_witness[04] r61=15 tail=28 gh60=0x4884fba W1=0x37ba,0x2630,0x3f1f W2=0x36c7,0x2430,0x38c1
  r61_witness[05] r61=15 tail=30 gh60=0xba1cbee W1=0x9a0,0xea7,0x3da6 W2=0x8ad,0x52b,0x31f9
  r61_witness[06] r61=15 tail=34 gh60=0x5e044e6 W1=0x240c,0x3273,0x1572 W2=0x2319,0x3145,0x24cd
  r61_witness[07] r61=16 tail=21 gh60=0x479ccaa W1=0x25ee,0x34bc,0x540 W2=0x24fb,0x3d7c,0x180f
  r61_witness[08] r61=16 tail=28 gh60=0x4b884ae W1=0x342f,0x4a9,0x26 W2=0x333c,0x249,0x1307
  r61_witness[09] r61=16 tail=29 gh60=0x5b04c9a W1=0x164a,0x37b4,0x8f6 W2=0x1557,0x2ef3,0x34c9
  r61_witness[10] r61=16 tail=29 gh60=0x4704566 W1=0x244c,0x35ef,0x11d5 W2=0x2359,0x2439,0x1a6c
  r61_witness[11] r61=16 tail=29 gh60=0xca185e6 W1=0x2c9b,0x260d,0x3192 W2=0x2ba8,0x1bbc,0x311a
  r61_witness[12] r61=16 tail=30 gh60=0xd50457a W1=0x25a,0x18fc,0x1837 W2=0x167,0x25,0x3c04
  r61_witness[13] r61=16 tail=30 gh60=0x4a8cc9a W1=0x7ea,0x3bbe,0x39f6 W2=0x6f7,0x1d3d,0x3e9f
  r61_witness[14] r61=16 tail=30 gh60=0x5d0457a W1=0x2cda,0x2fe9,0x354d W2=0x2be7,0x1912,0x273e
  r61_witness[15] r61=16 tail=31 gh60=0xda0ccfa W1=0x291a,0x26be,0x14 W2=0x2827,0xafa,0x2e0c

D60=0 fiber histogram: 1:8034 2:4725 3:1800 4:1135 5:394 6:220 7:98 8:76 9:33 10:21 11:7 12:5 13:2 14:2 16:5 17:4 18:1 20:1
