free_word_mitm_reducedn
N=14 mask=0x3fff msb=0x2000
candidate: M0=0x3d36 mode=random-fallback fill=0x3fff kernel=dM0=dM9=0x2000
prefixes=32768/268435456 mode=permuted-prefix-sample w59_per_prefix=16384 total=536870912
run_mode=scan registry_cap=16
sample_start=158892032
scan_elapsed=18.877s rate=28.44 Mtriples/s

D60 interface
  D60=0 matches: 32710 (random expectation 32768.0, enrichment 0.998x)
  prefixes with D60=0: 16417
  max D60=0 fiber per prefix: 18 at W57=0x3563 W58=0x2e46
  largest D60 bucket: D=0x2d1c count=33900
  min D60 HW: 0
  D60 HW histogram: 0:32710 1:456994 2:2979310 3:11910652 4:32777537 5:65590792 6:98451913 7:112557292 8:98428080 9:65569135 10:32764135 11:11893614 12:2970080 13:455921 14:32747

Tail closure among D60=0 matches
  final tail collisions: 0
  best r61 HW: 14
  best r61 W1[57..59]=0x2687,0x3280,0x1515
  best r61 W2[57..59]=0x2594,0x3a1a,0x16d8
  best tail HW: 21
  best tail r61 HW: 19
  best W1[57..59]=0xcca,0x167f,0xc20
  best W2[57..59]=0xbd7,0x4eb,0x72

SUMMARY N=14 sample_start=158892032 prefixes=32768 total=536870912 d0=32710 best_tail=21 tail_r61=19 best_r61=14 tail_W1=0xcca,0x167f,0xc20 tail_W2=0xbd7,0x4eb,0x72 r61_W1=0x2687,0x3280,0x1515 r61_W2=0x2594,0x3a1a,0x16d8

Scan-only witness registry
  registry_count=16 registry_cap=16
  witness[00] tail=21 r61=19 gh60=0x470c59a W1=0xcca,0x167f,0xc20 W2=0xbd7,0x4eb,0x72
  witness[01] tail=21 r61=19 gh60=0x552c57e W1=0x22d8,0x2fe9,0x11d8 W2=0x21e5,0x353e,0x16f3
  witness[02] tail=22 r61=23 gh60=0x4d744be W1=0x2c38,0x20f4,0x39ec W2=0x2b45,0x1e13,0x3378
  witness[03] tail=22 r61=24 gh60=0xdb09b66 W1=0x1ddb,0x3286,0x299d W2=0x1ce8,0x3dd6,0x1675
  witness[04] tail=23 r61=18 gh60=0x48d7bbe W1=0x31b8,0x2b01,0xe65 W2=0x30c5,0x1005,0x613
  witness[05] tail=23 r61=21 gh60=0x7e084ee W1=0x40f,0x3385,0x1bdf W2=0x31c,0x20ab,0x679
  witness[06] tail=23 r61=26 gh60=0xfb38d66 W1=0x36db,0x2532,0x3183 W2=0x35e8,0x7ec,0x37b6
  witness[07] tail=24 r61=15 gh60=0xc8e7cea W1=0xf22,0x31c7,0x2034 W2=0xe2f,0x20a7,0xe2d
  witness[08] tail=24 r61=21 gh60=0x5d1c59a W1=0x14ca,0x240c,0xcd0 W2=0x13d7,0x21fa,0x3f0c
  witness[09] tail=24 r61=21 gh60=0x39b849a W1=0x14e9,0x1400,0xc53 W2=0x13f6,0xa57,0x14e5
  witness[10] tail=24 r61=21 gh60=0x3925baa W1=0x1dc2,0x2d4e,0x1fe3 W2=0x1ccf,0x1eae,0x78
  witness[11] tail=24 r61=22 gh60=0x4cbc5ba W1=0x1ab6,0x191f,0x3b5d W2=0x19c3,0x3ca,0x23ad
  witness[12] tail=24 r61=23 gh60=0xdf1c76e W1=0x23d0,0x23c8,0x1cf0 W2=0x22dd,0x1e0f,0x34fc
  witness[13] tail=24 r61=24 gh60=0xcb8c4a6 W1=0x22fc,0x10f9,0x394e W2=0x2209,0x22c7,0x3e1
  witness[14] tail=25 r61=15 gh60=0xc509d66 W1=0x1ecb,0x27c1,0x2c42 W2=0x1dd8,0x391,0x188b
  witness[15] tail=25 r61=18 gh60=0x3b0bb6e W1=0xd5f,0x1b87,0x20df W2=0xc6c,0x296,0x3b9b

Scan-only r61 registry
  registry_count=16 registry_cap=16
  r61_witness[00] r61=14 tail=30 gh60=0x76044fa W1=0x331a,0x2e28,0x2011 W2=0x3227,0x25e5,0x583
  r61_witness[01] r61=14 tail=31 gh60=0x3a28d9e W1=0x2687,0x3280,0x1515 W2=0x2594,0x3a1a,0x16d8
  r61_witness[02] r61=14 tail=32 gh60=0xc705d9a W1=0x3eca,0x3401,0x1f47 W2=0x3dd7,0x24aa,0x820
  r61_witness[03] r61=14 tail=33 gh60=0x4989caa W1=0x1f01,0x3d44,0x215c W2=0x1e0e,0x373,0x3860
  r61_witness[04] r61=15 tail=24 gh60=0xc8e7cea W1=0xf22,0x31c7,0x2034 W2=0xe2f,0x20a7,0xe2d
  r61_witness[05] r61=15 tail=25 gh60=0xc509d66 W1=0x1ecb,0x27c1,0x2c42 W2=0x1dd8,0x391,0x188b
  r61_witness[06] r61=15 tail=29 gh60=0xc93bc9e W1=0x1147,0x8ff,0x3c0d W2=0x1054,0x39af,0xd87
  r61_witness[07] r61=15 tail=30 gh60=0xc509d66 W1=0x3e4b,0x26a9,0x16e6 W2=0x3d58,0x259,0x2347
  r61_witness[08] r61=15 tail=35 gh60=0x4888caa W1=0x372d,0x1d21,0x2e72 W2=0x363a,0x309c,0x167e
  r61_witness[09] r61=16 tail=27 gh60=0x7d985aa W1=0x1aad,0x20db,0x1c6 W2=0x19ba,0x3c6f,0x332b
  r61_witness[10] r61=16 tail=31 gh60=0x4a19cea W1=0x211d,0x2023,0x1070 W2=0x202a,0x2286,0x9b3
  r61_witness[11] r61=16 tail=32 gh60=0x56044e6 W1=0x330c,0xdd,0x2279 W2=0x3219,0x20c3,0x135c
  r61_witness[12] r61=17 tail=26 gh60=0x5909b6e W1=0x1d4f,0x25c2,0x22a2 W2=0x1c5c,0x19dd,0x1e50
  r61_witness[13] r61=17 tail=27 gh60=0x4b24d66 W1=0x26d4,0x317d,0x2f7d W2=0x25e1,0x2be0,0xa8b
  r61_witness[14] r61=17 tail=28 gh60=0x5a85ca6 W1=0x3efc,0xa32,0x25f0 W2=0x3e09,0x143d,0x820
  r61_witness[15] r61=17 tail=29 gh60=0xca18de6 W1=0x1893,0x257b,0x10ca W2=0x17a0,0x9c9,0x352b

D60=0 fiber histogram: 1:7900 2:4721 3:1799 4:1117 5:417 6:214 7:89 8:72 9:35 10:20 11:14 12:7 13:4 14:2 16:2 17:2 18:2
