free_word_mitm_reducedn
N=14 mask=0x3fff msb=0x2000
candidate: M0=0x3d36 mode=random-fallback fill=0x3fff kernel=dM0=dM9=0x2000
prefixes=32768/268435456 mode=permuted-prefix-sample w59_per_prefix=16384 total=536870912
run_mode=scan registry_cap=16
sample_start=164397056
scan_elapsed=19.938s rate=26.93 Mtriples/s

D60 interface
  D60=0 matches: 33110 (random expectation 32768.0, enrichment 1.010x)
  prefixes with D60=0: 16631
  max D60=0 fiber per prefix: 20 at W57=0x3dab W58=0x2159
  largest D60 bucket: D=0xdf6 count=33798
  min D60 HW: 0
  D60 HW histogram: 0:33110 1:460410 2:2986968 3:11937590 4:32820845 5:65651320 6:98448502 7:112484107 8:98372753 9:65556212 10:32754528 11:11898806 12:2976364 13:457089 14:32308

Tail closure among D60=0 matches
  final tail collisions: 0
  best r61 HW: 14
  best r61 W1[57..59]=0x1c0a,0xe76,0x31be
  best r61 W2[57..59]=0x1b17,0x53a,0x13f
  best tail HW: 22
  best tail r61 HW: 19
  best W1[57..59]=0x131c,0x2b57,0x899
  best W2[57..59]=0x1229,0x829,0x2bbc

SUMMARY N=14 sample_start=164397056 prefixes=32768 total=536870912 d0=33110 best_tail=22 tail_r61=19 best_r61=14 tail_W1=0x131c,0x2b57,0x899 tail_W2=0x1229,0x829,0x2bbc r61_W1=0x1c0a,0xe76,0x31be r61_W2=0x1b17,0x53a,0x13f

Scan-only witness registry
  registry_count=16 registry_cap=16
  witness[00] tail=22 r61=19 gh60=0xce044e6 W1=0x131c,0x2b57,0x899 W2=0x1229,0x829,0x2bbc
  witness[01] tail=23 r61=23 gh60=0x4d7bcbe W1=0x1037,0x156c,0x30ac W2=0xf44,0x15c7,0xbad
  witness[02] tail=23 r61=23 gh60=0xc984ba6 W1=0x196c,0x8e1,0x1e80 W2=0x1879,0x1d36,0x3d96
  witness[03] tail=24 r61=16 gh60=0xc484d9a W1=0x36aa,0x2431,0x3d05 W2=0x35b7,0x2320,0x2789
  witness[04] tail=24 r61=19 gh60=0xc9847a6 W1=0x3ac,0x203e,0x41f W2=0x2b9,0x904,0x2cd5
  witness[05] tail=24 r61=19 gh60=0xd698dba W1=0x875,0x1ff1,0x1710 W2=0x782,0xa58,0xbeb
  witness[06] tail=25 r61=17 gh60=0x493bb6e W1=0x115f,0x3be8,0x626 W2=0x106c,0x1df7,0x1195
  witness[07] tail=25 r61=18 gh60=0xc8ecbe6 W1=0x29a4,0x24e8,0x77f W2=0x28b1,0x2ad7,0x1727
  witness[08] tail=25 r61=18 gh60=0xd5a4da6 W1=0x38b4,0xeb2,0x39c9 W2=0x37c1,0x3087,0x2a8
  witness[09] tail=25 r61=19 gh60=0xce09de6 W1=0x208b,0x433,0x2fb8 W2=0x1f98,0x36ef,0x5d3
  witness[10] tail=25 r61=20 gh60=0xc978766 W1=0xb4b,0x1e9d,0x352b W2=0xa58,0xce0,0x210a
  witness[11] tail=25 r61=23 gh60=0x4e64b6a W1=0x5e2,0x3634,0x34f5 W2=0x4ef,0x2784,0x1b69
  witness[12] tail=25 r61=23 gh60=0xc5a8cba W1=0x35f9,0xa8,0x1b95 W2=0x3506,0x3927,0x2016
  witness[13] tail=25 r61=24 gh60=0xba1bcfa W1=0x1015,0x1405,0x3355 W2=0xf22,0x20d0,0x3e74
  witness[14] tail=25 r61=25 gh60=0x5b6fca6 W1=0x3044,0x12e2,0x943 W2=0x2f51,0x15a1,0x1298
  witness[15] tail=25 r61=25 gh60=0xbaecf6a W1=0x37e2,0x1f77,0x1bdd W2=0x36ef,0x22ab,0x1298

Scan-only r61 registry
  registry_count=16 registry_cap=16
  r61_witness[00] r61=14 tail=30 gh60=0x4e0449a W1=0x40a,0x1df9,0x2956 W2=0x317,0x43f,0x4eb
  r61_witness[01] r61=14 tail=30 gh60=0xc60bcea W1=0x3111,0xd16,0x2297 W2=0x301e,0x449,0x22f9
  r61_witness[02] r61=14 tail=39 gh60=0x5a0449a W1=0x1c0a,0xe76,0x31be W2=0x1b17,0x53a,0x13f
  r61_witness[03] r61=15 tail=33 gh60=0x4a087ea W1=0x3a1,0x466,0x26e W2=0x2ae,0x628,0x27b8
  r61_witness[04] r61=16 tail=24 gh60=0xc484d9a W1=0x36aa,0x2431,0x3d05 W2=0x35b7,0x2320,0x2789
  r61_witness[05] r61=16 tail=26 gh60=0xca09cea W1=0x2021,0x38d6,0x2f54 W2=0x1f2e,0x3b4d,0x229a
  r61_witness[06] r61=16 tail=31 gh60=0x4e3849e W1=0x1207,0x272d,0x1cc W2=0x1114,0x41a,0x894
  r61_witness[07] r61=16 tail=31 gh60=0x4629cfa W1=0x1e15,0x2ac1,0x3c79 W2=0x1d22,0x1384,0x36a0
  r61_witness[08] r61=16 tail=31 gh60=0x5504566 W1=0x32cc,0x18f1,0x19db W2=0x31d9,0x3c37,0x2eb6
  r61_witness[09] r61=16 tail=31 gh60=0x4984ba6 W1=0x39bc,0x175b,0xc0a W2=0x38c9,0x2b10,0x18e6
  r61_witness[10] r61=16 tail=33 gh60=0x4d0c56e W1=0x2ae0,0x236b,0x1baa W2=0x29ed,0xb2e,0x3b64
  r61_witness[11] r61=17 tail=25 gh60=0x493bb6e W1=0x115f,0x3be8,0x626 W2=0x106c,0x1df7,0x1195
  r61_witness[12] r61=17 tail=26 gh60=0xc908b6a W1=0x354d,0x1611,0x3d80 W2=0x345a,0x1010,0x2d92
  r61_witness[13] r61=17 tail=26 gh60=0x4a38ce6 W1=0x370b,0x374a,0x19d4 W2=0x3618,0x2560,0x188a
  r61_witness[14] r61=17 tail=28 gh60=0x548bda6 W1=0x10ab,0x6ec,0x5ab W2=0xfb8,0x2826,0x1609
  r61_witness[15] r61=17 tail=28 gh60=0xc4945aa W1=0x34be,0x3004,0x1e66 W2=0x33cb,0x3c9d,0x3d26

D60=0 fiber histogram: 1:8001 2:4794 3:1804 4:1132 5:407 6:253 7:90 8:74 9:27 10:22 11:12 12:5 13:4 14:2 16:1 17:1 18:1 20:1
