free_word_mitm_reducedn
N=14 mask=0x3fff msb=0x2000
candidate: M0=0x3d36 mode=random-fallback fill=0x3fff kernel=dM0=dM9=0x2000
prefixes=32768/268435456 mode=permuted-prefix-sample w59_per_prefix=16384 total=536870912
run_mode=scan registry_cap=16
sample_start=80510976
scan_elapsed=20.050s rate=26.78 Mtriples/s

D60 interface
  D60=0 matches: 32579 (random expectation 32768.0, enrichment 0.994x)
  prefixes with D60=0: 16536
  max D60=0 fiber per prefix: 26 at W57=0x2d09 W58=0x19e0
  largest D60 bucket: D=0x3667 count=33753
  min D60 HW: 0
  D60 HW histogram: 0:32579 1:457147 2:2978356 3:11921043 4:32794442 5:65617713 6:98464859 7:112503200 8:98412473 9:65557006 10:32756226 11:11907176 12:2977269 13:458608 14:32815

Tail closure among D60=0 matches
  final tail collisions: 0
  best r61 HW: 13
  best r61 W1[57..59]=0x2e5b,0xc28,0x1c48
  best r61 W2[57..59]=0x2d68,0x14c4,0x300c
  best tail HW: 19
  best tail r61 HW: 21
  best W1[57..59]=0x1bd6,0x3887,0x1160
  best W2[57..59]=0x1ae3,0x96c,0x3c26

SUMMARY N=14 sample_start=80510976 prefixes=32768 total=536870912 d0=32579 best_tail=19 tail_r61=21 best_r61=13 tail_W1=0x1bd6,0x3887,0x1160 tail_W2=0x1ae3,0x96c,0x3c26 r61_W1=0x2e5b,0xc28,0x1c48 r61_W2=0x2d68,0x14c4,0x300c

Scan-only witness registry
  registry_count=16 registry_cap=16
  witness[00] tail=19 r61=17 gh60=0x4e984aa W1=0x501,0x3ff9,0x1a34 W2=0x40e,0x629,0x1f2d
  witness[01] tail=19 r61=21 gh60=0x3b5477a W1=0x1bd6,0x3887,0x1160 W2=0x1ae3,0x96c,0x3c26
  witness[02] tail=22 r61=19 gh60=0x7b0479a W1=0x1bca,0x26fa,0x1037 W2=0x1ad7,0x290a,0x1e63
  witness[03] tail=22 r61=24 gh60=0xbf9bda6 W1=0x1073,0x2dc0,0x1924 W2=0xf80,0x2b16,0x1270
  witness[04] tail=23 r61=19 gh60=0xcaa456a W1=0x1262,0x2f75,0x791 W2=0x116f,0xfb8,0x3600
  witness[05] tail=24 r61=21 gh60=0x5608dea W1=0x388d,0x382f,0x30ee W2=0x379a,0x140e,0x1212
  witness[06] tail=24 r61=23 gh60=0x4d3457e W1=0x3458,0xbba,0x347f W2=0x3365,0x288f,0x22b5
  witness[07] tail=25 r61=16 gh60=0x36247aa W1=0x2382,0x2e7c,0x1d89 W2=0x228f,0x2269,0x2144
  witness[08] tail=25 r61=20 gh60=0x7d0c56e W1=0x1ad0,0xf87,0x55b W2=0x19dd,0xb5a,0x2232
  witness[09] tail=25 r61=22 gh60=0xde88caa W1=0x3901,0x2d9a,0xed6 W2=0x380e,0x49,0x3007
  witness[10] tail=25 r61=25 gh60=0xbaa45a6 W1=0xa74,0x1270,0x2407 W2=0x981,0x736,0x3e75
  witness[11] tail=26 r61=15 gh60=0x570bb6a W1=0xddd,0x2ea5,0x3fea W2=0xcea,0xd90,0x375
  witness[12] tail=26 r61=15 gh60=0x4b884aa W1=0x333d,0x18e9,0x362c W2=0x324a,0x2ed5,0x2b81
  witness[13] tail=26 r61=17 gh60=0x3b0bb66 W1=0xddb,0xefc,0x2f80 W2=0xce8,0x648,0x1b95
  witness[14] tail=26 r61=17 gh60=0xc73bd6a W1=0xee1,0x37fc,0xba4 W2=0xdee,0x26bb,0x2b2d
  witness[15] tail=26 r61=19 gh60=0x4a084e6 W1=0x321b,0x193e,0x632 W2=0x3128,0x380f,0x1ad4

Scan-only r61 registry
  registry_count=16 registry_cap=16
  r61_witness[00] r61=13 tail=31 gh60=0x450bd66 W1=0x2e5b,0xc28,0x1c48 W2=0x2d68,0x14c4,0x300c
  r61_witness[01] r61=14 tail=33 gh60=0xca084e6 W1=0xa0b,0x38dd,0x1e8c W2=0x918,0x1c0,0x1e6e
  r61_witness[02] r61=15 tail=26 gh60=0x570bb6a W1=0xddd,0x2ea5,0x3fea W2=0xcea,0xd90,0x375
  r61_witness[03] r61=15 tail=26 gh60=0x4b884aa W1=0x333d,0x18e9,0x362c W2=0x324a,0x2ed5,0x2b81
  r61_witness[04] r61=15 tail=28 gh60=0xca19dee W1=0x3e9f,0x35d1,0x2098 W2=0x3dac,0x1e00,0x3c7b
  r61_witness[05] r61=16 tail=25 gh60=0x36247aa W1=0x2382,0x2e7c,0x1d89 W2=0x228f,0x2269,0x2144
  r61_witness[06] r61=16 tail=27 gh60=0x4704c9a W1=0x194a,0x237a,0x2dcc W2=0x1857,0x1479,0x3d91
  r61_witness[07] r61=16 tail=30 gh60=0xcb87ca6 W1=0xf3c,0x2444,0x3665 W2=0xe49,0x22cb,0x1e37
  r61_witness[08] r61=16 tail=30 gh60=0x4b0bf6a W1=0x2fd1,0x2b41,0x1d9 W2=0x2ede,0x1a60,0x13b6
  r61_witness[09] r61=16 tail=31 gh60=0xc504c9a W1=0x264a,0x3bf2,0x2f09 W2=0x2557,0x2335,0x2224
  r61_witness[10] r61=16 tail=32 gh60=0x4a04de6 W1=0x268c,0x2302,0x1a31 W2=0x2599,0x3e3d,0x2bac
  r61_witness[11] r61=16 tail=32 gh60=0x4934b6a W1=0x35ce,0x1f12,0x3692 W2=0x34db,0x350e,0xf5c
  r61_witness[12] r61=16 tail=34 gh60=0x5a24de6 W1=0x894,0x2be5,0x33ce W2=0x7a1,0x130,0x3ae2
  r61_witness[13] r61=16 tail=34 gh60=0x4f88dae W1=0x366f,0x31bc,0x1e56 W2=0x357c,0x2983,0x3b6b
  r61_witness[14] r61=16 tail=37 gh60=0x4a8bcaa W1=0xdfd,0xc78,0x2336 W2=0xd0a,0x3fa3,0x2dba
  r61_witness[15] r61=16 tail=37 gh60=0x4a18cea W1=0x390d,0x3366,0x3fea W2=0x381a,0x75d,0x2075

D60=0 fiber histogram: 1:8020 2:4847 3:1718 4:1062 5:444 6:218 7:91 8:65 9:24 10:20 11:12 12:4 13:2 14:2 15:1 16:1 17:1 18:3 26:1
