free_word_mitm_reducedn
N=14 mask=0x3fff msb=0x2000
candidate: M0=0x3d36 mode=random-fallback fill=0x3fff kernel=dM0=dM9=0x2000
prefixes=32768/268435456 mode=permuted-prefix-sample w59_per_prefix=16384 total=536870912
run_mode=scan registry_cap=16
sample_start=27262976
scan_elapsed=17.761s rate=30.23 Mtriples/s

D60 interface
  D60=0 matches: 32356 (random expectation 32768.0, enrichment 0.987x)
  prefixes with D60=0: 16518
  max D60=0 fiber per prefix: 20 at W57=0x3fcd W58=0x84
  largest D60 bucket: D=0x3110 count=33870
  min D60 HW: 0
  D60 HW histogram: 0:32356 1:455389 2:2964973 3:11881082 4:32734935 5:65573144 6:98469360 7:112572093 8:98475113 9:65602907 10:32762247 11:11889653 12:2970027 13:455296 14:32337

Tail closure among D60=0 matches
  final tail collisions: 0
  best r61 HW: 14
  best r61 W1[57..59]=0xe05,0x182e,0x1c2d
  best r61 W2[57..59]=0xd12,0x2b3a,0x868
  best tail HW: 15
  best tail r61 HW: 21
  best W1[57..59]=0xb88,0x2621,0x2330
  best W2[57..59]=0xa95,0x20c5,0xb7e

SUMMARY N=14 sample_start=27262976 prefixes=32768 total=536870912 d0=32356 best_tail=15 tail_r61=21 best_r61=14 tail_W1=0xb88,0x2621,0x2330 tail_W2=0xa95,0x20c5,0xb7e r61_W1=0xe05,0x182e,0x1c2d r61_W2=0xd12,0x2b3a,0x868

Scan-only witness registry
  registry_count=16 registry_cap=16
  witness[00] tail=15 r61=21 gh60=0x7bdc79e W1=0xb88,0x2621,0x2330 W2=0xa95,0x20c5,0xb7e
  witness[01] tail=20 r61=16 gh60=0xb50cd7a W1=0x385a,0x2d9a,0x30b8 W2=0x3767,0x2562,0x3721
  witness[02] tail=20 r61=19 gh60=0xd8d8bbe W1=0x5b7,0x19da,0x3a37 W2=0x4c4,0x11f1,0x14bf
  witness[03] tail=20 r61=20 gh60=0xca1cbe6 W1=0x259c,0x2b2d,0x627 W2=0x24a9,0x356c,0x2a77
  witness[04] tail=22 r61=22 gh60=0xcd05d66 W1=0x3e5c,0x1a5d,0x153f W2=0x3d69,0x35fe,0x123e
  witness[05] tail=23 r61=22 gh60=0x5b5477e W1=0x358,0x220c,0x664 W2=0x265,0x1ed1,0x1fb7
  witness[06] tail=24 r61=18 gh60=0x5b984ae W1=0x242f,0xc2e,0x3453 W2=0x233c,0x3ace,0x2fc1
  witness[07] tail=24 r61=19 gh60=0xf91bf9a W1=0x2fc5,0x1b05,0x6fb W2=0x2ed2,0x3769,0x27b1
  witness[08] tail=24 r61=21 gh60=0x5aecb6a W1=0x5e2,0x1385,0x1816 W2=0x4ef,0x4d5,0x31c
  witness[09] tail=24 r61=27 gh60=0xc5ec5a6 W1=0x3474,0x23b6,0x3f1f W2=0x3381,0x97a,0x3439
  witness[10] tail=25 r61=18 gh60=0xc6e5d66 W1=0x3e64,0x24c2,0x1961 W2=0x3d71,0x2113,0x38ba
  witness[11] tail=25 r61=20 gh60=0xc8f5faa W1=0x3fae,0x1090,0x1c99 W2=0x3ebb,0x1098,0x27d0
  witness[12] tail=25 r61=21 gh60=0xf69cda6 W1=0x287c,0xffc,0x2f4 W2=0x2789,0x1a1,0x1520
  witness[13] tail=25 r61=23 gh60=0x5b6c5a6 W1=0xac4,0x1c5b,0xf57 W2=0x9d1,0x11c1,0x2f26
  witness[14] tail=25 r61=25 gh60=0xfa8449a W1=0xbea,0x2719,0x28a9 W2=0xaf7,0xd97,0x1956
  witness[15] tail=25 r61=26 gh60=0xbe6c56a W1=0x1262,0x28f0,0x1c3e W2=0x116f,0x933,0x109a

Scan-only r61 registry
  registry_count=16 registry_cap=16
  r61_witness[00] r61=14 tail=31 gh60=0x4a3bc9a W1=0xe05,0x182e,0x1c2d W2=0xd12,0x2b3a,0x868
  r61_witness[01] r61=14 tail=33 gh60=0xdb04766 W1=0x1bcc,0x7f4,0x2260 W2=0x1ad9,0x934,0x3c13
  r61_witness[02] r61=15 tail=27 gh60=0x4e385ea W1=0x3a9d,0x6e7,0x2c9b W2=0x39aa,0x23f1,0xfc6
  r61_witness[03] r61=15 tail=30 gh60=0xce08bee W1=0x159f,0x1d9b,0x3994 W2=0x14ac,0x281a,0x2540
  r61_witness[04] r61=15 tail=32 gh60=0x48884aa W1=0xd2d,0x3e37,0x3045 W2=0xc3a,0x433,0x144d
  r61_witness[05] r61=15 tail=33 gh60=0x4918b66 W1=0x95b,0x484,0xd8c W2=0x868,0xe52,0x21fb
  r61_witness[06] r61=15 tail=34 gh60=0x4a0bfe6 W1=0xf9b,0x112f,0x3c4b W2=0xea8,0x2267,0x3f3e
  r61_witness[07] r61=15 tail=34 gh60=0x4e084ea W1=0x1d1d,0xc5d,0x116a W2=0x1c2a,0x24bf,0xb02
  r61_witness[08] r61=15 tail=38 gh60=0x7a07be6 W1=0x318c,0x3097,0x275f W2=0x3099,0x2a68,0x1011
  r61_witness[09] r61=16 tail=20 gh60=0xb50cd7a W1=0x385a,0x2d9a,0x30b8 W2=0x3767,0x2562,0x3721
  r61_witness[10] r61=16 tail=26 gh60=0xca08fee W1=0x178f,0x111a,0x112a W2=0x169c,0x18ed,0x220f
  r61_witness[11] r61=16 tail=27 gh60=0x4d8bca6 W1=0xffb,0x2e93,0xd6a W2=0xf08,0xc1d,0x17e3
  r61_witness[12] r61=16 tail=27 gh60=0x550457a W1=0x22da,0x488,0x392f W2=0x21e7,0x2991,0x3e00
  r61_witness[13] r61=16 tail=28 gh60=0xc6a84a6 W1=0x33f3,0x32ca,0x5f3 W2=0x3300,0x10b5,0x16a5
  r61_witness[14] r61=16 tail=29 gh60=0x49a8ca6 W1=0x18f3,0x37d5,0x1253 W2=0x1800,0x2201,0x1e0b
  r61_witness[15] r61=16 tail=30 gh60=0x4a07b9a W1=0x318a,0x14d9,0x2767 W2=0x3097,0x2fb6,0x1be6

D60=0 fiber histogram: 1:8114 2:4657 3:1832 4:1090 5:400 6:203 7:91 8:64 9:26 10:17 11:10 12:6 13:3 14:2 16:2 20:1
