free_word_mitm_reducedn
N=14 mask=0x3fff msb=0x2000
candidate: M0=0x3d36 mode=random-fallback fill=0x3fff kernel=dM0=dM9=0x2000
prefixes=32768/268435456 mode=permuted-prefix-sample w59_per_prefix=16384 total=536870912
run_mode=scan registry_cap=16
sample_start=153092096
scan_elapsed=18.672s rate=28.75 Mtriples/s

D60 interface
  D60=0 matches: 32571 (random expectation 32768.0, enrichment 0.994x)
  prefixes with D60=0: 16605
  max D60=0 fiber per prefix: 19 at W57=0x2ddb W58=0x457
  largest D60 bucket: D=0x983 count=33804
  min D60 HW: 0
  D60 HW histogram: 0:32571 1:455845 2:2975639 3:11920569 4:32805972 5:65648033 6:98475936 7:112526044 8:98391239 9:65537743 10:32742645 11:11890980 12:2976524 13:458455 14:32717

Tail closure among D60=0 matches
  final tail collisions: 0
  best r61 HW: 14
  best r61 W1[57..59]=0x1492,0x15eb,0x18fc
  best r61 W2[57..59]=0x139f,0x3212,0x150a
  best tail HW: 20
  best tail r61 HW: 20
  best W1[57..59]=0x18b6,0x3fb7,0x17b7
  best W2[57..59]=0x17c3,0x29a3,0x983

SUMMARY N=14 sample_start=153092096 prefixes=32768 total=536870912 d0=32571 best_tail=20 tail_r61=20 best_r61=14 tail_W1=0x18b6,0x3fb7,0x17b7 tail_W2=0x17c3,0x29a3,0x983 r61_W1=0x1492,0x15eb,0x18fc r61_W2=0x139f,0x3212,0x150a

Scan-only witness registry
  registry_count=16 registry_cap=16
  witness[00] tail=20 r61=20 gh60=0xd5fcdba W1=0x18b6,0x3fb7,0x17b7 W2=0x17c3,0x29a3,0x983
  witness[01] tail=21 r61=15 gh60=0x4a55cba W1=0x3ff6,0xc9b,0x39c6 W2=0x3f03,0x2d5b,0x1139
  witness[02] tail=21 r61=24 gh60=0xd67dda6 W1=0x2084,0x2d4,0x65 W2=0x1f91,0x1327,0x36ca
  witness[03] tail=24 r61=18 gh60=0x4769bba W1=0x21b5,0x257f,0x5fc W2=0x20c2,0xfd2,0x11e0
  witness[04] tail=24 r61=20 gh60=0xda68cbe W1=0x26f7,0xbb9,0x2323 W2=0x2604,0x81c,0x1af8
  witness[05] tail=24 r61=21 gh60=0xc48c5a6 W1=0x2cbc,0x1234,0x21c4 W2=0x2bc9,0x768,0x38f5
  witness[06] tail=24 r61=22 gh60=0xc6e4fa6 W1=0x1774,0x1e4e,0x142e W2=0x1681,0x1433,0x392b
  witness[07] tail=24 r61=24 gh60=0xdf1876a W1=0x3dd,0x1020,0x3599 W2=0x2ea,0x966,0x3b29
  witness[08] tail=24 r61=24 gh60=0x776c5be W1=0x1ab8,0x27a9,0x33e1 W2=0x19c5,0x3a74,0x571
  witness[09] tail=24 r61=30 gh60=0x4e1c4ea W1=0x2a1e,0xc9f,0x19f1 W2=0x292b,0x14ca,0x3ed
  witness[10] tail=25 r61=16 gh60=0xf60c4ee W1=0xa10,0x1d5f,0x31b8 W2=0x91d,0x3a76,0xf9
  witness[11] tail=25 r61=19 gh60=0xca08dea W1=0x3891,0x2ed2,0x11f0 W2=0x379e,0x3ab5,0x30b7
  witness[12] tail=25 r61=20 gh60=0xc969b9a W1=0x3da9,0x1116,0xf8d W2=0x3cb6,0x1082,0x1025
  witness[13] tail=25 r61=21 gh60=0xde884aa W1=0x3c01,0x23a2,0x340e W2=0x3b0e,0x3a12,0x1d2f
  witness[14] tail=25 r61=23 gh60=0xca144ea W1=0xd1e,0x1522,0x31d2 W2=0xc2b,0x1c9d,0x297b
  witness[15] tail=25 r61=23 gh60=0xc93477e W1=0x3b58,0x693,0x2ad0 W2=0x3a65,0x1558,0x1ce8

Scan-only r61 registry
  registry_count=16 registry_cap=16
  r61_witness[00] r61=14 tail=28 gh60=0x4a245ea W1=0x1492,0x15eb,0x18fc W2=0x139f,0x3212,0x150a
  r61_witness[01] r61=15 tail=21 gh60=0x4a55cba W1=0x3ff6,0xc9b,0x39c6 W2=0x3f03,0x2d5b,0x1139
  r61_witness[02] r61=15 tail=27 gh60=0xba0fbe6 W1=0x118c,0x2c78,0x2188 W2=0x1099,0x1c41,0x5ff
  r61_witness[03] r61=15 tail=27 gh60=0x4a08cee W1=0x371f,0x1acc,0x1823 W2=0x362c,0x993,0x23bc
  r61_witness[04] r61=15 tail=31 gh60=0x3a0bcea W1=0x2e11,0x15ef,0x1fa4 W2=0x2d1e,0x1372,0xa12
  r61_witness[05] r61=15 tail=31 gh60=0x5929f7a W1=0x3f55,0x3ddc,0x10d3 W2=0x3e62,0x27ff,0x189
  r61_witness[06] r61=15 tail=33 gh60=0xc6085ea W1=0x3491,0x222b,0x35e3 W2=0x339e,0x344d,0x374a
  r61_witness[07] r61=15 tail=34 gh60=0x38884a6 W1=0x332b,0x1bc7,0x220b W2=0x3238,0xb24,0x343b
  r61_witness[08] r61=15 tail=35 gh60=0xc8847a6 W1=0x23bc,0x3aa2,0x3166 W2=0x22c9,0x2658,0x2982
  r61_witness[09] r61=15 tail=35 gh60=0x5908f6a W1=0x37dd,0x35eb,0x2012 W2=0x36ea,0x35f6,0x1808
  r61_witness[10] r61=16 tail=25 gh60=0xf60c4ee W1=0xa10,0x1d5f,0x31b8 W2=0x91d,0x3a76,0xf9
  r61_witness[11] r61=16 tail=26 gh60=0x4b08566 W1=0x3adb,0x18e4,0x1383 W2=0x39e8,0x351f,0x24dc
  r61_witness[12] r61=16 tail=29 gh60=0x5e24fea W1=0x1792,0x1c78,0x3b27 W2=0x169f,0x1810,0x3383
  r61_witness[13] r61=16 tail=29 gh60=0x4988baa W1=0x29b1,0x2be4,0x14e1 W2=0x28be,0x27fb,0x313c
  r61_witness[14] r61=16 tail=33 gh60=0x4a8bba6 W1=0x2d6b,0x1229,0x18fd W2=0x2c78,0xae7,0x2a0c
  r61_witness[15] r61=16 tail=35 gh60=0xba145ea W1=0x2a9e,0xfac,0x1f93 W2=0x29ab,0xfbf,0x453

D60=0 fiber histogram: 1:8128 2:4743 3:1847 4:1021 5:412 6:226 7:77 8:71 9:39 10:23 11:6 12:7 13:1 14:1 16:2 19:1
