free_word_mitm_reducedn
N=14 mask=0x3fff msb=0x2000
candidate: M0=0x3d36 mode=random-fallback fill=0x3fff kernel=dM0=dM9=0x2000
prefixes=32768/268435456 mode=permuted-prefix-sample w59_per_prefix=16384 total=536870912
run_mode=scan registry_cap=16
sample_start=264437760
scan_elapsed=11.482s rate=46.76 Mtriples/s

D60 interface
  D60=0 matches: 32388 (random expectation 32768.0, enrichment 0.988x)
  prefixes with D60=0: 16467
  max D60=0 fiber per prefix: 15 at W57=0x24ed W58=0x229f
  largest D60 bucket: D=0x936 count=33868
  min D60 HW: 0
  D60 HW histogram: 0:32388 1:454197 2:2968132 3:11903497 4:32775548 5:65616835 6:98464040 7:112526086 8:98421521 9:65576878 10:32762350 11:11908702 12:2971640 13:456712 14:32386

Tail closure among D60=0 matches
  final tail collisions: 0
  best r61 HW: 13
  best r61 W1[57..59]=0x39df,0x176e,0x2cb8
  best r61 W2[57..59]=0x38ec,0x157d,0x250f
  best tail HW: 20
  best tail r61 HW: 16
  best W1[57..59]=0xcb3,0x1577,0x2e2f
  best W2[57..59]=0xbc0,0x2bbc,0x16dd

SUMMARY N=14 sample_start=264437760 prefixes=32768 total=536870912 d0=32388 best_tail=20 tail_r61=16 best_r61=13 tail_W1=0xcb3,0x1577,0x2e2f tail_W2=0xbc0,0x2bbc,0x16dd r61_W1=0x39df,0x176e,0x2cb8 r61_W2=0x38ec,0x157d,0x250f

Scan-only witness registry
  registry_count=16 registry_cap=16
  witness[00] tail=20 r61=16 gh60=0xc4f85a6 W1=0xcb3,0x1577,0x2e2f W2=0xbc0,0x2bbc,0x16dd
  witness[01] tail=21 r61=22 gh60=0xfa99b66 W1=0x2163,0x2b0c,0x2861 W2=0x2070,0x2b84,0x38a
  witness[02] tail=22 r61=15 gh60=0xbd1c56e W1=0x2250,0xed4,0x1c5e W2=0x215d,0x2b03,0x2d9
  witness[03] tail=22 r61=22 gh60=0xde3c5a6 W1=0x2a84,0x123b,0x1699 W2=0x2991,0x611,0xb6e
  witness[04] tail=23 r61=24 gh60=0x57fcb9e W1=0x15a8,0xd46,0x2d05 W2=0x14b5,0x1659,0xfcf
  witness[05] tail=24 r61=21 gh60=0xc8f7baa W1=0xdbe,0x337e,0xa0d W2=0xccb,0x267a,0x946
  witness[06] tail=24 r61=23 gh60=0xbfb85aa W1=0x12ad,0x37d5,0xf94 W2=0x11ba,0x14e9,0x1965
  witness[07] tail=24 r61=25 gh60=0xda79dae W1=0x7f,0x569,0xe9c W2=0x3f8c,0x29a0,0x295b
  witness[08] tail=25 r61=17 gh60=0xd909b6a W1=0x1de1,0x5b4,0x2c15 W2=0x1cee,0xe7,0x1401
  witness[09] tail=25 r61=19 gh60=0xdd18d7a W1=0x16d5,0x28c9,0xc75 W2=0x15e2,0x2298,0x1a2
  witness[10] tail=25 r61=19 gh60=0x3ba849a W1=0x1be9,0xbbb,0x32b9 W2=0x1af6,0x250,0x3d05
  witness[11] tail=25 r61=20 gh60=0x4605de6 W1=0x3e8c,0x461,0x369e W2=0x3d99,0x1c9e,0x391b
  witness[12] tail=25 r61=22 gh60=0x4b9dba6 W1=0x1dac,0x21fb,0x255e W2=0x1cb9,0x2c3e,0x3ec5
  witness[13] tail=25 r61=23 gh60=0xdd29ca6 W1=0x3e43,0x8a1,0x28f W2=0x3d50,0x36df,0x390f
  witness[14] tail=25 r61=26 gh60=0x46edfba W1=0x1f76,0x10d6,0x37ed W2=0x1e83,0xd6e,0x1415
  witness[15] tail=25 r61=27 gh60=0x5abdd9a W1=0x3e6a,0x3f0f,0x2922 W2=0x3d77,0x2df0,0x1530

Scan-only r61 registry
  registry_count=16 registry_cap=16
  r61_witness[00] r61=13 tail=31 gh60=0x4b08b6e W1=0x39df,0x176e,0x2cb8 W2=0x38ec,0x157d,0x250f
  r61_witness[01] r61=14 tail=28 gh60=0x4669b9e W1=0x187,0x15e8,0x7e9 W2=0x94,0xbbc,0x1780
  r61_witness[02] r61=14 tail=35 gh60=0x4c845ba W1=0x12ba,0x3741,0x2b04 W2=0x11c7,0x3460,0x3158
  r61_witness[03] r61=15 tail=22 gh60=0xbd1c56e W1=0x2250,0xed4,0x1c5e W2=0x215d,0x2b03,0x2d9
  r61_witness[04] r61=15 tail=33 gh60=0xcc8bda6 W1=0xebb,0x243a,0x96b W2=0xdc8,0x2ae0,0x3da5
  r61_witness[05] r61=15 tail=38 gh60=0xce09ce6 W1=0x1e1b,0x1e74,0xf7a W2=0x1d28,0x2e88,0x3430
  r61_witness[06] r61=16 tail=20 gh60=0xc4f85a6 W1=0xcb3,0x1577,0x2e2f W2=0xbc0,0x2bbc,0x16dd
  r61_witness[07] r61=16 tail=27 gh60=0xca084ea W1=0x321,0xe3b,0x2bbe W2=0x22e,0x15e5,0x157d
  r61_witness[08] r61=16 tail=28 gh60=0x59a4baa W1=0x2572,0x12dd,0x3525 W2=0x247f,0x3b9,0x3a4a
  r61_witness[09] r61=16 tail=28 gh60=0x5abdd9a W1=0x3e6a,0x3f0f,0xd8a W2=0x3d77,0x2df0,0x3998
  r61_witness[10] r61=16 tail=30 gh60=0x4904766 W1=0xbdc,0x2d4a,0x2012 W2=0xae9,0x1072,0xb83
  r61_witness[11] r61=16 tail=30 gh60=0xfcb85ba W1=0x32b5,0x42f,0x20bb W2=0x31c2,0x3f45,0x23
  r61_witness[12] r61=16 tail=31 gh60=0xda18ce6 W1=0x613,0x277d,0x3e2b W2=0x520,0x162f,0x22b0
  r61_witness[13] r61=16 tail=32 gh60=0x469bfa6 W1=0x2f6b,0x1018,0x36d8 W2=0x2e78,0x2756,0x2c98
  r61_witness[14] r61=16 tail=32 gh60=0xc909f6e W1=0x3fdf,0x2488,0x2d74 W2=0x3eec,0x16b3,0x187a
  r61_witness[15] r61=16 tail=33 gh60=0x4905b9a W1=0x21ca,0x28e1,0x1fc3 W2=0x20d7,0x1832,0x3d24

D60=0 fiber histogram: 1:8039 2:4675 3:1857 4:1054 5:386 6:228 7:85 8:68 9:34 10:19 11:4 12:7 13:4 14:6 15:1
