free_word_mitm_reducedn
N=14 mask=0x3fff msb=0x2000
candidate: M0=0x3d36 mode=random-fallback fill=0x3fff kernel=dM0=dM9=0x2000
prefixes=32768/268435456 mode=permuted-prefix-sample w59_per_prefix=16384 total=536870912
run_mode=scan registry_cap=16
sample_start=163774464
scan_elapsed=18.501s rate=29.02 Mtriples/s

D60 interface
  D60=0 matches: 32454 (random expectation 32768.0, enrichment 0.990x)
  prefixes with D60=0: 16456
  max D60=0 fiber per prefix: 31 at W57=0x3fdf W58=0x3073
  largest D60 bucket: D=0xfa7 count=33926
  min D60 HW: 0
  D60 HW histogram: 0:32454 1:457760 2:2972635 3:11908171 4:32772321 5:65597340 6:98421186 7:112499860 8:98435497 9:65609612 10:32790022 11:11913417 12:2972319 13:455522 14:32796

Tail closure among D60=0 matches
  final tail collisions: 0
  best r61 HW: 15
  best r61 W1[57..59]=0x1574,0x1f6c,0x3065
  best r61 W2[57..59]=0x1481,0x37d1,0x2683
  best tail HW: 21
  best tail r61 HW: 17
  best W1[57..59]=0x2e0e,0xde3,0x3211
  best W2[57..59]=0x2d1b,0xb17,0x1a9a

SUMMARY N=14 sample_start=163774464 prefixes=32768 total=536870912 d0=32454 best_tail=21 tail_r61=17 best_r61=15 tail_W1=0x2e0e,0xde3,0x3211 tail_W2=0x2d1b,0xb17,0x1a9a r61_W1=0x1574,0x1f6c,0x3065 r61_W2=0x1481,0x37d1,0x2683

Scan-only witness registry
  registry_count=16 registry_cap=16
  witness[00] tail=21 r61=17 gh60=0x495cc9e W1=0x2748,0x136f,0xfa8 W2=0x2655,0x1e9e,0x16ea
  witness[01] tail=21 r61=17 gh60=0xce17cea W1=0x2e0e,0xde3,0x3211 W2=0x2d1b,0xb17,0x1a9a
  witness[02] tail=22 r61=21 gh60=0xce884aa W1=0x21fd,0x3106,0x3827 W2=0x210a,0x36b2,0x178b
  witness[03] tail=22 r61=22 gh60=0x4618de6 W1=0x168b,0xb15,0x764 W2=0x1598,0x3553,0x7c0
  witness[04] tail=23 r61=21 gh60=0xfb38f7e W1=0x7d7,0x339c,0x1a7a W2=0x6e4,0x27d7,0x368e
  witness[05] tail=24 r61=21 gh60=0xda6c59a W1=0x2a86,0x3dcf,0x3044 W2=0x2993,0x1a3b,0x2525
  witness[06] tail=24 r61=24 gh60=0xbc845a6 W1=0x3abc,0x3257,0x3657 W2=0x39c9,0x168b,0x3e9c
  witness[07] tail=25 r61=18 gh60=0xc9b84ae W1=0x32f,0x386,0x2798 W2=0x23c,0x21a6,0x849
  witness[08] tail=25 r61=18 gh60=0x593877e W1=0x1357,0xeae,0x3272 W2=0x1264,0x116a,0x2186
  witness[09] tail=25 r61=18 gh60=0x4ca4cea W1=0x3822,0x33ea,0x5c1 W2=0x372f,0x476,0x394c
  witness[10] tail=25 r61=19 gh60=0x5a68cbe W1=0x6f7,0x1716,0x3eff W2=0x604,0x1379,0x16d1
  witness[11] tail=25 r61=20 gh60=0x4d28d7a W1=0x1655,0x31a7,0x690 W2=0x1562,0x338e,0x30fe
  witness[12] tail=25 r61=20 gh60=0xc6245aa W1=0x1c82,0x1815,0x2a9e W2=0x1b8f,0x34c2,0xce6
  witness[13] tail=25 r61=21 gh60=0x4a787ae W1=0x336f,0x2411,0xf90 W2=0x327c,0x2dd9,0x243
  witness[14] tail=25 r61=22 gh60=0x4fa87a6 W1=0x3b3,0xdbb,0x3759 W2=0x2c0,0x361e,0x273a
  witness[15] tail=25 r61=25 gh60=0xce25ca6 W1=0x1e04,0xe5,0x261c W2=0x1d11,0x3fa0,0x1402

Scan-only r61 registry
  registry_count=16 registry_cap=16
  r61_witness[00] r61=15 tail=29 gh60=0x450856a W1=0x2cdd,0x2362,0x317b W2=0x2bea,0x3080,0x2f9a
  r61_witness[01] r61=15 tail=31 gh60=0x4e64ba6 W1=0x1574,0x1f6c,0x3065 W2=0x1481,0x37d1,0x2683
  r61_witness[02] r61=16 tail=28 gh60=0x4a184ee W1=0x150f,0xd01,0x167b W2=0x141c,0x3d1b,0x276a
  r61_witness[03] r61=16 tail=28 gh60=0xb998caa W1=0x26fd,0x3bf1,0x2c7 W2=0x260a,0x3fdc,0x35aa
  r61_witness[04] r61=16 tail=28 gh60=0x59847a6 W1=0x3b6c,0x202b,0x1005 W2=0x3a79,0x1bff,0x1961
  r61_witness[05] r61=16 tail=30 gh60=0x4894cae W1=0x940,0x1349,0x3a43 W2=0x84d,0x3c99,0x29d5
  r61_witness[06] r61=16 tail=30 gh60=0x4abbfaa W1=0xf6d,0x39b7,0x3ae1 W2=0xe7a,0x1b3e,0xe1f
  r61_witness[07] r61=16 tail=30 gh60=0x3b24d66 W1=0x16d4,0x3eff,0xb53 W2=0x15e1,0xc5e,0x2a46
  r61_witness[08] r61=16 tail=30 gh60=0x44b5dae W1=0x3ec0,0x3e50,0x2406 W2=0x3dcd,0x280c,0x2d25
  r61_witness[09] r61=16 tail=31 gh60=0x4688faa W1=0x2781,0x3e50,0x2655 W2=0x268e,0x3bc7,0x2314
  r61_witness[10] r61=16 tail=32 gh60=0x5a085ea W1=0x328d,0x200c,0x1d1b W2=0x319a,0x3faa,0x19bb
  r61_witness[11] r61=16 tail=38 gh60=0xca08dea W1=0x2691,0xd00,0x18a6 W2=0x259e,0xbdf,0x579
  r61_witness[12] r61=16 tail=44 gh60=0x4a08de6 W1=0x89b,0x3977,0x3a07 W2=0x7a8,0x2925,0x23d9
  r61_witness[13] r61=17 tail=21 gh60=0x495cc9e W1=0x2748,0x136f,0xfa8 W2=0x2655,0x1e9e,0x16ea
  r61_witness[14] r61=17 tail=21 gh60=0xce17cea W1=0x2e0e,0xde3,0x3211 W2=0x2d1b,0xb17,0x1a9a
  r61_witness[15] r61=17 tail=27 gh60=0x5e285e6 W1=0xa93,0x375b,0x1b95 W2=0x9a0,0x2824,0x2f73

D60=0 fiber histogram: 1:7962 2:4786 3:1782 4:1061 5:425 6:221 7:77 8:75 9:22 10:17 11:7 12:9 13:5 14:3 16:2 17:1 31:1
