free_word_mitm_reducedn
N=14 mask=0x3fff msb=0x2000
candidate: M0=0x3d36 mode=random-fallback fill=0x3fff kernel=dM0=dM9=0x2000
prefixes=32768/268435456 mode=permuted-prefix-sample w59_per_prefix=16384 total=536870912
run_mode=scan registry_cap=16
sample_start=46333952
scan_elapsed=17.361s rate=30.92 Mtriples/s

D60 interface
  D60=0 matches: 32840 (random expectation 32768.0, enrichment 1.002x)
  prefixes with D60=0: 16525
  max D60=0 fiber per prefix: 17 at W57=0xb05 W58=0x11d
  largest D60 bucket: D=0x2dbf count=33728
  min D60 HW: 0
  D60 HW histogram: 0:32840 1:455549 2:2977442 3:11910530 4:32762928 5:65612414 6:98426897 7:112531320 8:98417612 9:65584574 10:32790720 11:11910824 12:2968911 13:455659 14:32692

Tail closure among D60=0 matches
  final tail collisions: 0
  best r61 HW: 13
  best r61 W1[57..59]=0x3cf3,0x3202,0x734
  best r61 W2[57..59]=0x3c00,0x21ef,0x2a85
  best tail HW: 18
  best tail r61 HW: 14
  best W1[57..59]=0x3f69,0xb74,0x8ac
  best W2[57..59]=0x3e76,0xc10,0x1632

SUMMARY N=14 sample_start=46333952 prefixes=32768 total=536870912 d0=32840 best_tail=18 tail_r61=14 best_r61=13 tail_W1=0x3f69,0xb74,0x8ac tail_W2=0x3e76,0xc10,0x1632 r61_W1=0x3cf3,0x3202,0x734 r61_W2=0x3c00,0x21ef,0x2a85

Scan-only witness registry
  registry_count=16 registry_cap=16
  witness[00] tail=18 r61=14 gh60=0x4669f9a W1=0x3f69,0xb74,0x8ac W2=0x3e76,0xc10,0x1632
  witness[01] tail=22 r61=24 gh60=0xc98ffaa W1=0x2f6e,0x1d8b,0x163d W2=0x2e7b,0x91f,0x3f54
  witness[02] tail=23 r61=19 gh60=0x49acbba W1=0x29b6,0x1a67,0xcd3 W2=0x28c3,0x15af,0xbdf
  witness[03] tail=23 r61=22 gh60=0xca7cfbe W1=0x2778,0x3df7,0x3513 W2=0x2685,0x34d3,0xca0
  witness[04] tail=24 r61=16 gh60=0xb88cbba W1=0x9ba,0x2385,0x33d0 W2=0x8c7,0xe81,0x3246
  witness[05] tail=24 r61=19 gh60=0xbda5daa W1=0x20b2,0x76e,0x1d4e W2=0x1fbf,0x135a,0x32b2
  witness[06] tail=24 r61=21 gh60=0x45f8ca6 W1=0x162b,0x19db,0x4cf W2=0x1538,0x3977,0x3d0c
  witness[07] tail=24 r61=28 gh60=0x5f14b6e W1=0x19d0,0x3a3a,0x3441 W2=0x18dd,0x45e,0x2972
  witness[08] tail=25 r61=18 gh60=0xda084e6 W1=0x2b1b,0x32ec,0x1cd7 W2=0x2a28,0x12b3,0x233a
  witness[09] tail=25 r61=20 gh60=0x4984ba6 W1=0x15bc,0x1977,0x3997 W2=0x14c9,0x312c,0x297b
  witness[10] tail=25 r61=23 gh60=0xff944ae W1=0x540,0x278,0x14bf W2=0x44d,0x3009,0x38e0
  witness[11] tail=25 r61=25 gh60=0xf8987ae W1=0x3baf,0x2d05,0x188d W2=0x3abc,0x385d,0x275c
  witness[12] tail=25 r61=26 gh60=0x3a385e6 W1=0x348b,0x34d6,0x404 W2=0x3398,0x3e93,0x1cb2
  witness[13] tail=26 r61=15 gh60=0x5c85da6 W1=0x3ebc,0x2b28,0xc13 W2=0x3dc9,0x4df,0x3185
  witness[14] tail=26 r61=19 gh60=0x490477a W1=0x1b5a,0x2599,0x3464 W2=0x1a67,0x2e6a,0x2ffb
  witness[15] tail=26 r61=19 gh60=0xba08cea W1=0x270d,0x3ce5,0x34eb W2=0x261a,0x3fd8,0x2a20

Scan-only r61 registry
  registry_count=16 registry_cap=16
  r61_witness[00] r61=13 tail=32 gh60=0x49a84a6 W1=0x3cf3,0x3202,0x734 W2=0x3c00,0x21ef,0x2a85
  r61_witness[01] r61=14 tail=18 gh60=0x4669f9a W1=0x3f69,0xb74,0x8ac W2=0x3e76,0xc10,0x1632
  r61_witness[02] r61=14 tail=28 gh60=0x4e08fee W1=0x178f,0x96,0x19f7 W2=0x169c,0x869,0x2184
  r61_witness[03] r61=15 tail=26 gh60=0x5c85da6 W1=0x3ebc,0x2b28,0xc13 W2=0x3dc9,0x4df,0x3185
  r61_witness[04] r61=15 tail=28 gh60=0x44b9ca6 W1=0x1e33,0x35b8,0x3381 W2=0x1d40,0x23e2,0x3099
  r61_witness[05] r61=15 tail=28 gh60=0x4a24baa W1=0x3982,0x77d,0x209b W2=0x388f,0x429,0x15fd
  r61_witness[06] r61=15 tail=29 gh60=0x4a0449a W1=0x1b0a,0x113e,0x3bde W2=0x1a17,0x9c2,0x843
  r61_witness[07] r61=15 tail=30 gh60=0x3b24566 W1=0x454,0x107a,0x219e W2=0x361,0x28de,0x1f57
  r61_witness[08] r61=15 tail=31 gh60=0x4b28b7a W1=0x2555,0x27d,0x152 W2=0x2462,0x3874,0x3434
  r61_witness[09] r61=15 tail=37 gh60=0xc618de6 W1=0x2693,0x2494,0x14aa W2=0x25a0,0x1b5e,0x28b6
  r61_witness[10] r61=16 tail=24 gh60=0xb88cbba W1=0x9ba,0x2385,0x33d0 W2=0x8c7,0xe81,0x3246
  r61_witness[11] r61=16 tail=28 gh60=0xceafba6 W1=0x3174,0x8ba,0x3c9f W2=0x3081,0x299,0x88d
  r61_witness[12] r61=16 tail=29 gh60=0x4908b6a W1=0x35d1,0x1d67,0x269e W2=0x34de,0x2fa2,0x3cde
  r61_witness[13] r61=16 tail=30 gh60=0xc889bae W1=0x3daf,0x2d78,0x336d W2=0x3cbc,0x238f,0x783
  r61_witness[14] r61=16 tail=32 gh60=0x450dd6a W1=0x3e4e,0x1c8e,0x3613 W2=0x3d5b,0x1882,0x783
  r61_witness[15] r61=16 tail=33 gh60=0x5889ca6 W1=0x212b,0x2df5,0x30be W2=0x2038,0x260f,0x34af

D60=0 fiber histogram: 1:7940 2:4777 3:1816 4:1130 5:414 6:210 7:83 8:73 9:35 10:16 11:6 12:13 13:2 14:1 16:7 17:2
