free_word_mitm_reducedn
N=14 mask=0x3fff msb=0x2000
candidate: M0=0x3d36 mode=random-fallback fill=0x3fff kernel=dM0=dM9=0x2000
prefixes=32768/268435456 mode=permuted-prefix-sample w59_per_prefix=16384 total=536870912
run_mode=scan registry_cap=16
sample_start=4390912
scan_elapsed=17.333s rate=30.97 Mtriples/s

D60 interface
  D60=0 matches: 33005 (random expectation 32768.0, enrichment 1.007x)
  prefixes with D60=0: 16565
  max D60=0 fiber per prefix: 17 at W57=0x2af7 W58=0x3bf1
  largest D60 bucket: D=0x1fb count=33754
  min D60 HW: 0
  D60 HW histogram: 0:33005 1:459037 2:2980423 3:11922408 4:32789929 5:65584605 6:98401032 7:112462239 8:98397744 9:65618186 10:32810045 11:11937008 12:2984103 13:458283 14:32865

Tail closure among D60=0 matches
  final tail collisions: 0
  best r61 HW: 14
  best r61 W1[57..59]=0x16bd,0x3f5b,0x3e36
  best r61 W2[57..59]=0x15ca,0x1f9e,0x18d6
  best tail HW: 19
  best tail r61 HW: 14
  best W1[57..59]=0xb52,0x2a2f,0x3c08
  best W2[57..59]=0xa5f,0x149a,0x3cee

SUMMARY N=14 sample_start=4390912 prefixes=32768 total=536870912 d0=33005 best_tail=19 tail_r61=14 best_r61=14 tail_W1=0xb52,0x2a2f,0x3c08 tail_W2=0xa5f,0x149a,0x3cee r61_W1=0x16bd,0x3f5b,0x3e36 r61_W2=0x15ca,0x1f9e,0x18d6

Scan-only witness registry
  registry_count=16 registry_cap=16
  witness[00] tail=19 r61=14 gh60=0x4aec76a W1=0xb52,0x2a2f,0x3c08 W2=0xa5f,0x149a,0x3cee
  witness[01] tail=23 r61=15 gh60=0x588bca6 W1=0x112b,0x3cf0,0x2901 W2=0x1038,0x2e0a,0x241d
  witness[02] tail=23 r61=16 gh60=0xcf0856a W1=0xadd,0x2fa,0x1c20 W2=0x9ea,0x1470,0x293f
  witness[03] tail=23 r61=22 gh60=0x4b59b9e W1=0x1dc7,0x30dc,0x56e W2=0x1cd4,0x2848,0x1ff0
  witness[04] tail=23 r61=22 gh60=0x373476a W1=0x3b4e,0x7ec,0x27fd W2=0x3a5b,0x174f,0x1206
  witness[05] tail=24 r61=15 gh60=0xc8b8ba6 W1=0x35ab,0x6c3,0x19c2 W2=0x34b8,0x1e97,0x1d9b
  witness[06] tail=24 r61=20 gh60=0xc638ce6 W1=0x1613,0x3082,0xbd7 W2=0x1520,0x3238,0x3f94
  witness[07] tail=24 r61=20 gh60=0xce85ca6 W1=0x3dfc,0x168a,0x161a W2=0x3d09,0x3495,0x133c
  witness[08] tail=24 r61=23 gh60=0xdf34b9e W1=0x19c8,0x19ea,0x49b W2=0x18d5,0x1c45,0x2041
  witness[09] tail=24 r61=24 gh60=0xda6c4aa W1=0x3af2,0x29da,0x2ef5 W2=0x39ff,0x41f,0x1dba
  witness[10] tail=25 r61=19 gh60=0x5994caa W1=0x373e,0x2e51,0x1f4c W2=0x364b,0x2c1,0x9a8
  witness[11] tail=25 r61=21 gh60=0xc9f849a W1=0x2a09,0x2e35,0x3a7e W2=0x2916,0x1280,0x13e6
  witness[12] tail=25 r61=22 gh60=0x5c944ae W1=0x3230,0x3a06,0x646 W2=0x313d,0x2527,0x8a8
  witness[13] tail=25 r61=23 gh60=0xba6c4e6 W1=0x2214,0x3895,0x1bc7 W2=0x2121,0x3579,0x3bad
  witness[14] tail=25 r61=23 gh60=0x4b14b6a W1=0x354e,0x3ad2,0x330d W2=0x345b,0x8d6,0x1cb2
  witness[15] tail=26 r61=20 gh60=0x4928b7a W1=0x1555,0x1563,0x1a13 W2=0x1462,0x165a,0x205b

Scan-only r61 registry
  registry_count=16 registry_cap=16
  r61_witness[00] r61=14 tail=19 gh60=0x4aec76a W1=0xb52,0x2a2f,0x3c08 W2=0xa5f,0x149a,0x3cee
  r61_witness[01] r61=14 tail=36 gh60=0x4488daa W1=0x16bd,0x3f5b,0x3e36 W2=0x15ca,0x1f9e,0x18d6
  r61_witness[02] r61=15 tail=23 gh60=0x588bca6 W1=0x112b,0x3cf0,0x2901 W2=0x1038,0x2e0a,0x241d
  r61_witness[03] r61=15 tail=24 gh60=0xc8b8ba6 W1=0x35ab,0x6c3,0x19c2 W2=0x34b8,0x1e97,0x1d9b
  r61_witness[04] r61=15 tail=30 gh60=0x4d2456a W1=0x1ad2,0xa12,0x1d59 W2=0x19df,0x25a9,0x1199
  r61_witness[05] r61=15 tail=32 gh60=0x591bb66 W1=0x3153,0x2b08,0x2984 W2=0x3060,0x2074,0x3c9f
  r61_witness[06] r61=15 tail=32 gh60=0x4484ca6 W1=0x363c,0xc79,0x2081 W2=0x3549,0x3d06,0x15a3
  r61_witness[07] r61=15 tail=34 gh60=0xc928b7a W1=0x9d5,0x3e3c,0x3f04 W2=0x8e2,0x2f73,0x365d
  r61_witness[08] r61=15 tail=36 gh60=0x550856e W1=0x3a4f,0x3787,0x1a7b W2=0x395c,0x2d39,0x3541
  r61_witness[09] r61=16 tail=23 gh60=0xcf0856a W1=0xadd,0x2fa,0x1c20 W2=0x9ea,0x1470,0x293f
  r61_witness[10] r61=16 tail=28 gh60=0x4908766 W1=0x35b,0x14e6,0x2567 W2=0x268,0x693,0xe2f
  r61_witness[11] r61=16 tail=28 gh60=0xca8459a W1=0x1a6a,0x2249,0x3e43 W2=0x1977,0x1e63,0x2953
  r61_witness[12] r61=16 tail=29 gh60=0xc6084ee W1=0x241f,0x18cb,0x647 W2=0x232c,0x4e5,0x394c
  r61_witness[13] r61=16 tail=29 gh60=0x4ee44a6 W1=0x3444,0xe95,0x14a2 W2=0x3351,0x3b11,0x4d5
  r61_witness[14] r61=16 tail=30 gh60=0x4a285fe W1=0x1c97,0x3ffb,0x22f4 W2=0x1ba4,0x19bb,0x2dd0
  r61_witness[15] r61=16 tail=32 gh60=0x4a684a6 W1=0xcf3,0x3f08,0x5ec W2=0xc00,0x1df5,0x3b3e

D60=0 fiber histogram: 1:7926 2:4808 3:1836 4:1084 5:436 6:219 7:98 8:87 9:26 10:26 11:4 12:7 13:1 14:1 15:3 16:2 17:1
