free_word_mitm_reducedn
N=14 mask=0x3fff msb=0x2000
candidate: M0=0x3d36 mode=random-fallback fill=0x3fff kernel=dM0=dM9=0x2000
prefixes=32768/268435456 mode=permuted-prefix-sample w59_per_prefix=16384 total=536870912
run_mode=scan registry_cap=16
sample_start=22413312
scan_elapsed=15.247s rate=35.21 Mtriples/s

D60 interface
  D60=0 matches: 32821 (random expectation 32768.0, enrichment 1.002x)
  prefixes with D60=0: 16697
  max D60=0 fiber per prefix: 19 at W57=0x3523 W58=0x2b63
  largest D60 bucket: D=0x2b51 count=33763
  min D60 HW: 0
  D60 HW histogram: 0:32821 1:458403 2:2983407 3:11924001 4:32808600 5:65612364 6:98434936 7:112513416 8:98395242 9:65572047 10:32761841 11:11906718 12:2975486 13:458956 14:32674

Tail closure among D60=0 matches
  final tail collisions: 0
  best r61 HW: 15
  best r61 W1[57..59]=0xc0c,0x3038,0x33e9
  best r61 W2[57..59]=0xb19,0x2f0c,0x83a
  best tail HW: 18
  best tail r61 HW: 18
  best W1[57..59]=0x27a1,0x2c4a,0x12d1
  best W2[57..59]=0x26ae,0x27cd,0x1278

SUMMARY N=14 sample_start=22413312 prefixes=32768 total=536870912 d0=32821 best_tail=18 tail_r61=18 best_r61=15 tail_W1=0x27a1,0x2c4a,0x12d1 tail_W2=0x26ae,0x27cd,0x1278 r61_W1=0xc0c,0x3038,0x33e9 r61_W2=0xb19,0x2f0c,0x83a

Scan-only witness registry
  registry_count=16 registry_cap=16
  witness[00] tail=18 r61=18 gh60=0xda08fea W1=0x27a1,0x2c4a,0x12d1 W2=0x26ae,0x27cd,0x1278
  witness[01] tail=18 r61=21 gh60=0x571c76e W1=0x33d0,0x366,0x30ab W2=0x32dd,0xca1,0x3a3b
  witness[02] tail=22 r61=22 gh60=0x44bdcbe W1=0x3e38,0x3d1a,0x3b38 W2=0x3d45,0x3f7a,0x2b56
  witness[03] tail=24 r61=17 gh60=0x5b985a6 W1=0x1cab,0x3e53,0x3513 W2=0x1bb8,0x386,0x1c3
  witness[04] tail=24 r61=26 gh60=0xcedcbfe W1=0x3998,0x1b54,0x7b3 W2=0x38a5,0x1de4,0xc6e
  witness[05] tail=25 r61=18 gh60=0x593876a W1=0x3e1,0x212a,0x1582 W2=0x2ee,0x2a74,0x363
  witness[06] tail=25 r61=19 gh60=0xde09ce6 W1=0x200b,0x262f,0xcc3 W2=0x1f18,0x10d3,0x2aea
  witness[07] tail=25 r61=19 gh60=0xba85da6 W1=0x207c,0x63c,0x160 W2=0x1f89,0x36df,0x2807
  witness[08] tail=25 r61=20 gh60=0x7915f6e W1=0x1f50,0x1c83,0x2802 W2=0x1e5d,0xebf,0xde2
  witness[09] tail=25 r61=21 gh60=0xd9ec4ba W1=0x1d36,0x194d,0x33e0 W2=0x1c43,0xe50,0x2cc6
  witness[10] tail=25 r61=21 gh60=0xb927baa W1=0x31c2,0x15a8,0x2eb5 W2=0x30cf,0x29c0,0x39ba
  witness[11] tail=25 r61=22 gh60=0xbaa8cbe W1=0x16f7,0x257,0x3c6e W2=0x1604,0xeb6,0x215
  witness[12] tail=25 r61=23 gh60=0x3ae87ba W1=0x2375,0x3c04,0x2dd7 W2=0x2282,0x2f4a,0x2cac
  witness[13] tail=25 r61=24 gh60=0x3c9fcaa W1=0x2e3e,0x8d1,0x1702 W2=0x2d4b,0x185,0x1b34
  witness[14] tail=26 r61=19 gh60=0x3eb44ae W1=0x3f0,0x42a,0x359c W2=0x2fd,0x214b,0x2f56
  witness[15] tail=26 r61=19 gh60=0x4e1bdee W1=0x2e9f,0x1bea,0xeda W2=0x2dac,0x391d,0x35e0

Scan-only r61 registry
  registry_count=16 registry_cap=16
  r61_witness[00] r61=15 tail=28 gh60=0x490db66 W1=0x3d5c,0x1fe6,0x2670 W2=0x3c69,0x2b37,0x2770
  r61_witness[01] r61=15 tail=32 gh60=0x36084ea W1=0x1b21,0x12f4,0x13b1 W2=0x1a2e,0x2e1a,0x2617
  r61_witness[02] r61=15 tail=33 gh60=0x490db66 W1=0x3d5c,0x1fe6,0x670 W2=0x3c69,0x2b37,0x770
  r61_witness[03] r61=15 tail=34 gh60=0x4b08566 W1=0x2acb,0x3ab8,0xfc W2=0x29d8,0x150b,0x3a5
  r61_witness[04] r61=15 tail=39 gh60=0x4a044e6 W1=0xc0c,0x3038,0x33e9 W2=0xb19,0x2f0c,0x83a
  r61_witness[05] r61=16 tail=27 gh60=0xc8984aa W1=0xd41,0x1620,0x6ce W2=0xc4e,0x1d50,0x173d
  r61_witness[06] r61=16 tail=29 gh60=0xda08fee W1=0x179f,0x2d9c,0x2225 W2=0x16ac,0x365b,0x1a0a
  r61_witness[07] r61=16 tail=29 gh60=0xd6284fa W1=0x1b19,0xc7a,0x162f W2=0x1a26,0x7b2,0x3e04
  r61_witness[08] r61=16 tail=30 gh60=0x46a8b66 W1=0x15e3,0x2c0c,0x1ff0 W2=0x14f0,0x50e,0x1ff6
  r61_witness[09] r61=16 tail=31 gh60=0x490876e W1=0xb5f,0x13d7,0x2d99 W2=0xa6c,0x1309,0x309f
  r61_witness[10] r61=16 tail=31 gh60=0xb56c57e W1=0x1ad8,0x1734,0x49a W2=0x19e5,0x3209,0x3768
  r61_witness[11] r61=16 tail=31 gh60=0x4a0c5ee W1=0x24a0,0x37de,0x30c7 W2=0x23ad,0x2011,0x137
  r61_witness[12] r61=16 tail=34 gh60=0xca99cae W1=0x1def,0x73b,0x1e2b W2=0x1cfc,0x399e,0x35b0
  r61_witness[13] r61=16 tail=34 gh60=0x489bfaa W1=0x2fbd,0x1858,0x6c9 W2=0x2eca,0x3357,0x313d
  r61_witness[14] r61=16 tail=35 gh60=0xc628cfe W1=0x3717,0x221f,0x3ed9 W2=0x3624,0x3076,0x2445
  r61_witness[15] r61=16 tail=36 gh60=0x4609bee W1=0x218f,0x2abd,0xee4 W2=0x209c,0x1e4c,0x33cd

D60=0 fiber histogram: 1:8125 2:4835 3:1774 4:1113 5:401 6:220 7:92 8:61 9:35 10:17 11:6 12:7 13:4 14:4 16:1 17:1 19:1
