free_word_mitm_reducedn
N=14 mask=0x3fff msb=0x2000
candidate: M0=0x3d36 mode=random-fallback fill=0x3fff kernel=dM0=dM9=0x2000
prefixes=32768/268435456 mode=permuted-prefix-sample w59_per_prefix=16384 total=536870912
run_mode=scan registry_cap=16
sample_start=232128512
scan_elapsed=16.737s rate=32.08 Mtriples/s

D60 interface
  D60=0 matches: 32846 (random expectation 32768.0, enrichment 1.002x)
  prefixes with D60=0: 16571
  max D60=0 fiber per prefix: 18 at W57=0x21ff W58=0x3ad6
  largest D60 bucket: D=0x2b33 count=33832
  min D60 HW: 0
  D60 HW histogram: 0:32846 1:457565 2:2982362 3:11929373 4:32833963 5:65650779 6:98472771 7:112495561 8:98354680 9:65540526 10:32751043 11:11900465 12:2977181 13:459141 14:32656

Tail closure among D60=0 matches
  final tail collisions: 0
  best r61 HW: 13
  best r61 W1[57..59]=0x1cba,0x3768,0x2e89
  best r61 W2[57..59]=0x1bc7,0x3487,0x177
  best tail HW: 22
  best tail r61 HW: 16
  best W1[57..59]=0xced,0x205e,0x1dfb
  best W2[57..59]=0xbfa,0x26da,0x1bd9

SUMMARY N=14 sample_start=232128512 prefixes=32768 total=536870912 d0=32846 best_tail=22 tail_r61=16 best_r61=13 tail_W1=0xced,0x205e,0x1dfb tail_W2=0xbfa,0x26da,0x1bd9 r61_W1=0x1cba,0x3768,0x2e89 r61_W2=0x1bc7,0x3487,0x177

Scan-only witness registry
  registry_count=16 registry_cap=16
  witness[00] tail=22 r61=16 gh60=0x4ab84aa W1=0xced,0x205e,0x1dfb W2=0xbfa,0x26da,0x1bd9
  witness[01] tail=24 r61=18 gh60=0xc72ff9e W1=0x2fc8,0xe30,0xb68 W2=0x2ed5,0x36c9,0x28b1
  witness[02] tail=24 r61=20 gh60=0xbd3c56e W1=0x2d0,0x3e28,0x15f7 W2=0x1dd,0x1c77,0x1b39
  witness[03] tail=24 r61=20 gh60=0xb5d857e W1=0x1a57,0x433,0x10d7 W2=0x1964,0x12df,0x3338
  witness[04] tail=24 r61=21 gh60=0x4b58b9a W1=0x5c9,0x282f,0x1418 W2=0x4d6,0x28d5,0x6d4
  witness[05] tail=24 r61=23 gh60=0xcae4566 W1=0x1ce4,0x71f,0x2d8a W2=0x1bf1,0x3471,0x2835
  witness[06] tail=25 r61=16 gh60=0x59a8c9a W1=0x8e9,0x1465,0x1343 W2=0x7f6,0x35af,0xa40
  witness[07] tail=25 r61=16 gh60=0xcd5459e W1=0x2aa8,0x2187,0x21b0 W2=0x29b5,0x255d,0x4f1
  witness[08] tail=25 r61=17 gh60=0xd988cae W1=0x18ef,0x1650,0x80 W2=0x17fc,0x2f,0x3371
  witness[09] tail=25 r61=18 gh60=0xc4a8dbe W1=0x16b7,0x1cc6,0x24f0 W2=0x15c4,0x3481,0x665
  witness[10] tail=25 r61=21 gh60=0x59b5cbe W1=0x138,0x2193,0x2075 W2=0x45,0x2df3,0x20f6
  witness[11] tail=25 r61=26 gh60=0xdeb9da6 W1=0x1e7b,0x2dff,0x3e17 W2=0x1d88,0x831,0x1f7
  witness[12] tail=25 r61=27 gh60=0xcabccba W1=0x27fa,0x12e9,0xc44 W2=0x2707,0x3561,0x88a
  witness[13] tail=26 r61=15 gh60=0x4888caa W1=0x72d,0xeea,0x6ab W2=0x63a,0x1365,0x2424
  witness[14] tail=26 r61=18 gh60=0x3a38c9e W1=0x1607,0x271c,0x22f1 W2=0x1514,0x6ca,0x2e32
  witness[15] tail=26 r61=18 gh60=0xbaf9ca6 W1=0x1feb,0x1e71,0xdfc W2=0x1ef8,0xb0f,0xa91

Scan-only r61 registry
  registry_count=16 registry_cap=16
  r61_witness[00] r61=13 tail=29 gh60=0x49e849e W1=0x2e7,0x1fcc,0x28c3 W2=0x1f4,0x2077,0x1d90
  r61_witness[01] r61=13 tail=33 gh60=0xc4845ba W1=0x1cba,0x3768,0x2e89 W2=0x1bc7,0x3487,0x177
  r61_witness[02] r61=14 tail=29 gh60=0x448bcaa W1=0x2e31,0x2365,0x3941 W2=0x2d3e,0x206c,0x281c
  r61_witness[03] r61=15 tail=26 gh60=0x4888caa W1=0x72d,0xeea,0x6ab W2=0x63a,0x1365,0x2424
  r61_witness[04] r61=15 tail=29 gh60=0x366c4a6 W1=0x2b04,0x3f99,0x98f W2=0x2a11,0x2f97,0x1f49
  r61_witness[05] r61=15 tail=30 gh60=0x4a7849a W1=0x1b05,0x125e,0x370d W2=0x1a12,0xaa9,0x3611
  r61_witness[06] r61=15 tail=40 gh60=0x492fb9e W1=0xdc8,0xbc8,0x23cc W2=0xcd5,0x2e21,0x13d9
  r61_witness[07] r61=16 tail=22 gh60=0x4ab84aa W1=0xced,0x205e,0x1dfb W2=0xbfa,0x26da,0x1bd9
  r61_witness[08] r61=16 tail=25 gh60=0x59a8c9a W1=0x8e9,0x1465,0x1343 W2=0x7f6,0x35af,0xa40
  r61_witness[09] r61=16 tail=25 gh60=0xcd5459e W1=0x2aa8,0x2187,0x21b0 W2=0x29b5,0x255d,0x4f1
  r61_witness[10] r61=16 tail=28 gh60=0xc97449e W1=0xb48,0x848,0x34e W2=0xa55,0x1840,0x31ac
  r61_witness[11] r61=16 tail=28 gh60=0xc5ebcfa W1=0x2f15,0x713,0x2415 W2=0x2e22,0x2006,0x2529
  r61_witness[12] r61=16 tail=29 gh60=0xc56849e W1=0xc27,0x36ef,0x2878 W2=0xb34,0x51c,0x2ea
  r61_witness[13] r61=16 tail=30 gh60=0xd78cbaa W1=0x157e,0x2fb6,0x27fd W2=0x148b,0x3e,0x3952
  r61_witness[14] r61=16 tail=30 gh60=0x450bd6e W1=0x2e5f,0x326e,0x11fe W2=0x2d6c,0xb0d,0x103c
  r61_witness[15] r61=16 tail=31 gh60=0x48887aa W1=0x3c1,0x2142,0x33e5 W2=0x2ce,0x228a,0x3eed

D60=0 fiber histogram: 1:7982 2:4872 3:1744 4:1079 5:429 6:222 7:79 8:75 9:35 10:27 11:7 12:8 13:3 14:1 15:1 16:5 18:2
