free_word_mitm_reducedn
N=14 mask=0x3fff msb=0x2000
candidate: M0=0x3d36 mode=random-fallback fill=0x3fff kernel=dM0=dM9=0x2000
prefixes=32768/268435456 mode=permuted-prefix-sample w59_per_prefix=16384 total=536870912
run_mode=scan registry_cap=16
sample_start=5636096
scan_elapsed=15.396s rate=34.87 Mtriples/s

D60 interface
  D60=0 matches: 32769 (random expectation 32768.0, enrichment 1.000x)
  prefixes with D60=0: 16495
  max D60=0 fiber per prefix: 22 at W57=0xf22 W58=0x168a
  largest D60 bucket: D=0x3284 count=33841
  min D60 HW: 0
  D60 HW histogram: 0:32769 1:457406 2:2977875 3:11910370 4:32782710 5:65584758 6:98410818 7:112479030 8:98447539 9:65612732 10:32791186 11:11915109 12:2977856 13:458210 14:32544

Tail closure among D60=0 matches
  final tail collisions: 0
  best r61 HW: 13
  best r61 W1[57..59]=0xf81,0x9fa,0xc2d
  best r61 W2[57..59]=0xe8e,0x3b79,0x22bb
  best tail HW: 22
  best tail r61 HW: 17
  best W1[57..59]=0x489,0x386f,0x44a
  best W2[57..59]=0x396,0x16e0,0x1d15

SUMMARY N=14 sample_start=5636096 prefixes=32768 total=536870912 d0=32769 best_tail=22 tail_r61=17 best_r61=13 tail_W1=0x489,0x386f,0x44a tail_W2=0x396,0x16e0,0x1d15 r61_W1=0xf81,0x9fa,0xc2d r61_W2=0xe8e,0x3b79,0x22bb

Scan-only witness registry
  registry_count=16 registry_cap=16
  witness[00] tail=22 r61=16 gh60=0xc66fc9e W1=0xe08,0x196e,0x1885 W2=0xd15,0x109f,0x2a60
  witness[01] tail=22 r61=17 gh60=0x4ef859a W1=0x489,0x386f,0x44a W2=0x396,0x16e0,0x1d15
  witness[02] tail=23 r61=21 gh60=0x3df9d6a W1=0x1ed1,0x3355,0x234e W2=0x1dde,0x2f28,0x38c
  witness[03] tail=24 r61=20 gh60=0xcee4ca6 W1=0x1904,0x2e36,0x36ce W2=0x1811,0x973,0x2d7d
  witness[04] tail=24 r61=20 gh60=0xca1cde6 W1=0x289c,0x295d,0x6f6 W2=0x27a9,0x1d0c,0x22d6
  witness[05] tail=24 r61=22 gh60=0xc7bdd66 W1=0x20e4,0x21db,0x605 W2=0x1ff1,0x38ac,0xce7
  witness[06] tail=24 r61=27 gh60=0x7fbc59e W1=0x12a8,0x6f5,0x25d0 W2=0x11b5,0x1b49,0xa23
  witness[07] tail=25 r61=14 gh60=0x4a944aa W1=0x34ee,0x33aa,0x1c1d W2=0x33fb,0x9ab,0x953
  witness[08] tail=25 r61=18 gh60=0x4d9cda6 W1=0x266c,0x3262,0x11b7 W2=0x2579,0xb97,0x3042
  witness[09] tail=25 r61=19 gh60=0xc938b6e W1=0x15cf,0x5,0xad0 W2=0x14dc,0xa28,0x3d43
  witness[10] tail=25 r61=20 gh60=0xc95449e W1=0x528,0x2b70,0xa5d W2=0x435,0x3920,0x3b54
  witness[11] tail=25 r61=20 gh60=0xca74cfa W1=0x816,0x175,0x2fde W2=0x723,0x25ad,0x3cbc
  witness[12] tail=25 r61=21 gh60=0xce5459e W1=0x1a88,0x32c4,0x1b4a W2=0x1995,0x754,0x29cb
  witness[13] tail=25 r61=22 gh60=0x3f8c5aa W1=0x4ae,0x131f,0x1222 W2=0x3bb,0xfc8,0x1b0
  witness[14] tail=25 r61=24 gh60=0x5bf4cfa W1=0x1616,0x1831,0x2ffe W2=0x1523,0xe69,0x825
  witness[15] tail=25 r61=24 gh60=0xcbe8d66 W1=0x2853,0x2d9d,0x216c W2=0x2760,0x3e77,0x31ab

Scan-only r61 registry
  registry_count=16 registry_cap=16
  r61_witness[00] r61=13 tail=31 gh60=0x498bfaa W1=0xf81,0x9fa,0xc2d W2=0xe8e,0x3b79,0x22bb
  r61_witness[01] r61=14 tail=25 gh60=0x4a944aa W1=0x34ee,0x33aa,0x1c1d W2=0x33fb,0x9ab,0x953
  r61_witness[02] r61=15 tail=26 gh60=0x4d6cda6 W1=0x38b4,0x1fbb,0xf45 W2=0x37c1,0x190,0x1d30
  r61_witness[03] r61=15 tail=30 gh60=0x5a187e6 W1=0x38b,0x19d4,0x121a W2=0x298,0x31d,0x1b72
  r61_witness[04] r61=15 tail=31 gh60=0x4609bea W1=0x1a1,0xd26,0xf05 W2=0xae,0x9a5,0x91f
  r61_witness[05] r61=15 tail=31 gh60=0xd8984ba W1=0x1335,0x583,0x2221 W2=0x1242,0x3e81,0x1a33
  r61_witness[06] r61=15 tail=32 gh60=0x4938b7a W1=0x19d9,0x36ba,0x2543 W2=0x18e6,0x3cbd,0x19f6
  r61_witness[07] r61=15 tail=32 gh60=0x4508566 W1=0x3c5b,0x1bd8,0x1dbf W2=0x3b68,0x221b,0x3e4
  r61_witness[08] r61=16 tail=22 gh60=0xc66fc9e W1=0xe08,0x196e,0x1885 W2=0xd15,0x109f,0x2a60
  r61_witness[09] r61=16 tail=28 gh60=0x4988faa W1=0x771,0x27a3,0x3f1a W2=0x67e,0x262a,0x28
  r61_witness[10] r61=16 tail=28 gh60=0xb50bd6e W1=0x104f,0x35f8,0x2157 W2=0xf5c,0x6c7,0x262c
  r61_witness[11] r61=16 tail=30 gh60=0x4e244ea W1=0x1212,0x1023,0x24d4 W2=0x111f,0x21a2,0x1a38
  r61_witness[12] r61=16 tail=31 gh60=0x46d9b7a W1=0x159,0x71b,0x43c W2=0x66,0x3f22,0x126d
  r61_witness[13] r61=16 tail=31 gh60=0x488c7aa W1=0x13ae,0x2ff5,0x1bbc W2=0x12bb,0x33e,0x2d1
  r61_witness[14] r61=16 tail=32 gh60=0x4567ca6 W1=0xe34,0x4e3,0x2c18 W2=0xd41,0x380e,0x2186
  r61_witness[15] r61=16 tail=32 gh60=0x38884aa W1=0x3b41,0x1ebc,0xe6f W2=0x3a4e,0x376c,0x7e3

D60=0 fiber histogram: 1:7940 2:4798 3:1775 4:1081 5:424 6:231 7:89 8:92 9:25 10:17 11:5 12:5 13:3 14:2 15:1 16:4 20:1 21:1 22:1
