free_word_mitm_reducedn
N=14 mask=0x3fff msb=0x2000
candidate: M0=0x3d36 mode=random-fallback fill=0x3fff kernel=dM0=dM9=0x2000
prefixes=32768/268435456 mode=permuted-prefix-sample w59_per_prefix=16384 total=536870912
run_mode=scan registry_cap=16
sample_start=240517120
scan_elapsed=16.581s rate=32.38 Mtriples/s

D60 interface
  D60=0 matches: 32724 (random expectation 32768.0, enrichment 0.999x)
  prefixes with D60=0: 16452
  max D60=0 fiber per prefix: 20 at W57=0x378 W58=0xf82
  largest D60 bucket: D=0x2ec4 count=33754
  min D60 HW: 0
  D60 HW histogram: 0:32724 1:457463 2:2971901 3:11902977 4:32751409 5:65578751 6:98458477 7:112528978 8:98432990 9:65603396 10:32786195 11:11907121 12:2969651 13:456343 14:32536

Tail closure among D60=0 matches
  final tail collisions: 0
  best r61 HW: 14
  best r61 W1[57..59]=0x18eb,0xfe,0x2415
  best r61 W2[57..59]=0x17f8,0xa9a,0x7d0
  best tail HW: 22
  best tail r61 HW: 17
  best W1[57..59]=0x361c,0x18f7,0x367f
  best W2[57..59]=0x3529,0x7fa,0x587

SUMMARY N=14 sample_start=240517120 prefixes=32768 total=536870912 d0=32724 best_tail=22 tail_r61=17 best_r61=14 tail_W1=0x361c,0x18f7,0x367f tail_W2=0x3529,0x7fa,0x587 r61_W1=0x18eb,0xfe,0x2415 r61_W2=0x17f8,0xa9a,0x7d0

Scan-only witness registry
  registry_count=16 registry_cap=16
  witness[00] tail=22 r61=17 gh60=0x461cce6 W1=0x361c,0x18f7,0x367f W2=0x3529,0x7fa,0x587
  witness[01] tail=24 r61=25 gh60=0x4668b9a W1=0x3985,0x3917,0x38ba W2=0x3892,0x3629,0x675
  witness[02] tail=24 r61=26 gh60=0xca3c7ee W1=0x390,0x2ac6,0x20fe W2=0x29d,0x2795,0x3391
  witness[03] tail=25 r61=18 gh60=0x49887a6 W1=0x337b,0x1ef,0x8de W2=0x3288,0x3b24,0x177b
  witness[04] tail=25 r61=20 gh60=0xc898ba6 W1=0x35b3,0x3b79,0x3d1 W2=0x34c0,0x135d,0x3b0
  witness[05] tail=25 r61=21 gh60=0x7a18dee W1=0x168f,0x1aa3,0xd1c W2=0x159c,0x1466,0x2e6b
  witness[06] tail=26 r61=19 gh60=0x4a6859e W1=0xa87,0x3de0,0x1d97 W2=0x994,0x273,0x15e5
  witness[07] tail=26 r61=19 gh60=0x4505d7a W1=0x1eda,0x784,0x1266 W2=0x1de7,0x33d0,0xc1f
  witness[08] tail=26 r61=19 gh60=0x47a4ca6 W1=0x2634,0xd60,0xf35 W2=0x2541,0xd8d,0x2470
  witness[09] tail=26 r61=22 gh60=0xdd9bda6 W1=0xe6b,0x281b,0x3f1e W2=0xd78,0x2b61,0x3485
  witness[10] tail=26 r61=23 gh60=0xbe18fea W1=0x179d,0xe08,0x26f W2=0x16aa,0xe83,0x3f69
  witness[11] tail=26 r61=25 gh60=0xcb88ca6 W1=0x83b,0x2864,0x389c W2=0x748,0x1170,0x37df
  witness[12] tail=26 r61=25 gh60=0xd9a8b9a W1=0x25a9,0x3266,0x1ecf W2=0x24b6,0x32cc,0x3757
  witness[13] tail=27 r61=16 gh60=0xc6245aa W1=0x1482,0x1ac4,0x3270 W2=0x138f,0x39f1,0x186c
  witness[14] tail=27 r61=18 gh60=0x450856e W1=0x145f,0x2b7e,0x34c5 W2=0x136c,0x1a3c,0x80f
  witness[15] tail=27 r61=19 gh60=0x7a545be W1=0xc78,0x1f3e,0x1808 W2=0xb85,0x26f9,0x34c8

Scan-only r61 registry
  registry_count=16 registry_cap=16
  r61_witness[00] r61=14 tail=29 gh60=0x4e88ca6 W1=0x18eb,0xfe,0x2415 W2=0x17f8,0xa9a,0x7d0
  r61_witness[01] r61=15 tail=28 gh60=0x57887aa W1=0xbb1,0x7f0,0x1ced W2=0xabe,0xa48,0xb84
  r61_witness[02] r61=15 tail=34 gh60=0x49887ae W1=0x2b7f,0x33b4,0x32df W2=0x2a8c,0x2d6c,0x326e
  r61_witness[03] r61=15 tail=35 gh60=0x4e5859a W1=0x489,0x145a,0x18ac W2=0x396,0x32cb,0x1a52
  r61_witness[04] r61=15 tail=38 gh60=0xc609bee W1=0x218f,0x32a8,0x3c74 W2=0x209c,0x2637,0x3b1c
  r61_witness[05] r61=16 tail=27 gh60=0xc6245aa W1=0x1482,0x1ac4,0x3270 W2=0x138f,0x39f1,0x186c
  r61_witness[06] r61=16 tail=32 gh60=0x4a0bcee W1=0x301f,0x1d50,0x2ef W2=0x2f2c,0x34a3,0x183b
  r61_witness[07] r61=16 tail=35 gh60=0x452cd9e W1=0x16c8,0x96f,0x1fef W2=0x15d5,0x208a,0x1cc6
  r61_witness[08] r61=16 tail=36 gh60=0x4895baa W1=0x3dbe,0x2cb4,0xd43 W2=0x3ccb,0x2db0,0x1e65
  r61_witness[09] r61=16 tail=41 gh60=0xca98b66 W1=0x1963,0x35bb,0x1adf W2=0x1870,0x3b5,0x19ad
  r61_witness[10] r61=17 tail=22 gh60=0x461cce6 W1=0x361c,0x18f7,0x367f W2=0x3529,0x7fa,0x587
  r61_witness[11] r61=17 tail=28 gh60=0xfc8c59a W1=0x12aa,0x289,0x38e3 W2=0x11b7,0x3eb1,0x827
  r61_witness[12] r61=17 tail=28 gh60=0x48ac4aa W1=0x1d32,0x1a10,0xb5d W2=0x1c3f,0x2f55,0x152d
  r61_witness[13] r61=17 tail=28 gh60=0x3909b6a W1=0x3d51,0x80e,0xd53 W2=0x3c5e,0x451,0x16c2
  r61_witness[14] r61=17 tail=29 gh60=0xc72bb7a W1=0x31d9,0x3b4c,0x36ec W2=0x30e6,0x284b,0x149c
  r61_witness[15] r61=17 tail=30 gh60=0x4484ca6 W1=0x263c,0x17c5,0x3e6e W2=0x2549,0x3752,0x20a4

D60=0 fiber histogram: 1:7870 2:4766 3:1828 4:1099 5:427 6:235 7:86 8:74 9:31 10:19 11:4 12:3 14:4 15:2 16:3 20:1
