free_word_mitm_reducedn
N=14 mask=0x3fff msb=0x2000
candidate: M0=0x3d36 mode=random-fallback fill=0x3fff kernel=dM0=dM9=0x2000
prefixes=32768/268435456 mode=permuted-prefix-sample w59_per_prefix=16384 total=536870912
run_mode=scan registry_cap=16
sample_start=75563008
scan_elapsed=15.302s rate=35.09 Mtriples/s

D60 interface
  D60=0 matches: 33045 (random expectation 32768.0, enrichment 1.008x)
  prefixes with D60=0: 16685
  max D60=0 fiber per prefix: 16 at W57=0x2008 W58=0x2aed
  largest D60 bucket: D=0xe04 count=33809
  min D60 HW: 0
  D60 HW histogram: 0:33045 1:458044 2:2977751 3:11912814 4:32781730 5:65567064 6:98386568 7:112508356 8:98468038 9:65603518 10:32782328 11:11919953 12:2980618 13:458464 14:32621

Tail closure among D60=0 matches
  final tail collisions: 0
  best r61 HW: 14
  best r61 W1[57..59]=0xd04,0x609,0x2b50
  best r61 W2[57..59]=0xc11,0x1607,0xfdd
  best tail HW: 22
  best tail r61 HW: 21
  best W1[57..59]=0x264d,0x308a,0x3e45
  best W2[57..59]=0x255a,0x6f5,0x2fea

SUMMARY N=14 sample_start=75563008 prefixes=32768 total=536870912 d0=33045 best_tail=22 tail_r61=21 best_r61=14 tail_W1=0x264d,0x308a,0x3e45 tail_W2=0x255a,0x6f5,0x2fea r61_W1=0xd04,0x609,0x2b50 r61_W2=0xc11,0x1607,0xfdd

Scan-only witness registry
  registry_count=16 registry_cap=16
  witness[00] tail=22 r61=21 gh60=0x44f8d6a W1=0x264d,0x308a,0x3e45 W2=0x255a,0x6f5,0x2fea
  witness[01] tail=24 r61=18 gh60=0xd7585be W1=0x1ab7,0x21b3,0x3c4 W2=0x19c4,0x346d,0x2f32
  witness[02] tail=24 r61=19 gh60=0xcaefcaa W1=0xdf2,0x13c5,0x37e W2=0xcff,0xb45,0x2548
  witness[03] tail=24 r61=23 gh60=0x7c8fcaa W1=0x302e,0x1281,0x37de W2=0x2f3b,0x549,0x1b34
  witness[04] tail=24 r61=26 gh60=0xbca85e6 W1=0x22a3,0x1f0f,0x19d3 W2=0x21b0,0x106e,0x3efa
  witness[05] tail=25 r61=14 gh60=0x4989ba6 W1=0x217b,0x30bd,0x3ef0 W2=0x2088,0x376f,0x3a83
  witness[06] tail=25 r61=16 gh60=0xcb89ca6 W1=0x1dfb,0x2ef9,0x1cd7 W2=0x1d08,0x103,0x35ca
  witness[07] tail=25 r61=16 gh60=0xca245e6 W1=0x2a94,0xd87,0x3bac W2=0x29a1,0x451,0x268c
  witness[08] tail=25 r61=17 gh60=0x4684d9a W1=0x266a,0xd5,0x210f W2=0x2577,0x322c,0x711
  witness[09] tail=25 r61=17 gh60=0x5f1cd66 W1=0x36d4,0x274c,0x3cf2 W2=0x35e1,0x2ca3,0x3120
  witness[10] tail=25 r61=19 gh60=0x4718b6a W1=0x3961,0x2a38,0x3a0c W2=0x386e,0x302f,0x24cb
  witness[11] tail=25 r61=25 gh60=0x56687a6 W1=0x2b73,0x404,0xd7d W2=0x2a80,0x2d59,0x1679
  witness[12] tail=25 r61=26 gh60=0xbb08b6a W1=0x1951,0x1764,0x3aa W2=0x185e,0x255f,0x180e
  witness[13] tail=26 r61=20 gh60=0x4b2cb9a W1=0x29c6,0x2189,0x1ac4 W2=0x28d3,0x1d28,0x2969
  witness[14] tail=26 r61=20 gh60=0x553bd66 W1=0x304b,0x1ee1,0x135e W2=0x2f58,0x22d,0x223a
  witness[15] tail=26 r61=21 gh60=0xd505d66 W1=0x5c,0x47b,0x24b3 W2=0x3f69,0x3abc,0x347c

Scan-only r61 registry
  registry_count=16 registry_cap=16
  r61_witness[00] r61=14 tail=25 gh60=0x4989ba6 W1=0x217b,0x30bd,0x3ef0 W2=0x2088,0x376f,0x3a83
  r61_witness[01] r61=14 tail=33 gh60=0x562c4a6 W1=0xd04,0x609,0x2b50 W2=0xc11,0x1607,0xfdd
  r61_witness[02] r61=15 tail=33 gh60=0x4a2859a W1=0x285,0x22db,0x7eb W2=0x192,0xfc8,0x20c9
  r61_witness[03] r61=16 tail=25 gh60=0xcb89ca6 W1=0x1dfb,0x2ef9,0x1cd7 W2=0x1d08,0x103,0x35ca
  r61_witness[04] r61=16 tail=25 gh60=0xca245e6 W1=0x2a94,0xd87,0x3bac W2=0x29a1,0x451,0x268c
  r61_witness[05] r61=16 tail=27 gh60=0x4718b6a W1=0x3961,0x2a38,0x1a0c W2=0x386e,0x302f,0x4cb
  r61_witness[06] r61=16 tail=28 gh60=0xc52bd9e W1=0xec7,0x1c49,0x3d31 W2=0xdd4,0x12d1,0x18d
  r61_witness[07] r61=16 tail=30 gh60=0x4998bae W1=0x39bf,0x2bde,0x2cf7 W2=0x38cc,0x2fe5,0x1ad8
  r61_witness[08] r61=16 tail=31 gh60=0x5988fae W1=0x76f,0x322b,0xd9e W2=0x67c,0x28f2,0x1680
  r61_witness[09] r61=16 tail=31 gh60=0x4608dea W1=0x36a1,0x233c,0x2721 W2=0x35ae,0x360b,0x2090
  r61_witness[10] r61=16 tail=32 gh60=0x4637dfa W1=0xe96,0x37e2,0x15e0 W2=0xda3,0xac2,0x1882
  r61_witness[11] r61=16 tail=33 gh60=0x4a2dcaa W1=0x102,0x841,0x1141 W2=0xf,0x895,0x3116
  r61_witness[12] r61=16 tail=33 gh60=0x4a2859e W1=0x287,0x3e99,0x2d8b W2=0x194,0x3aa,0x2551
  r61_witness[13] r61=16 tail=33 gh60=0x48b8ca6 W1=0x393b,0x21a9,0x3f2b W2=0x3848,0x2bb5,0x2b88
  r61_witness[14] r61=16 tail=37 gh60=0x4e085ee W1=0x1a8f,0x3d66,0x1927 W2=0x199c,0x35a8,0x3564
  r61_witness[15] r61=16 tail=37 gh60=0x4989cae W1=0x213f,0x3469,0x3c3f W2=0x204c,0xc3c,0x1c88

D60=0 fiber histogram: 1:8096 2:4768 3:1818 4:1110 5:417 6:219 7:86 8:93 9:38 10:22 11:10 12:5 13:2 16:1
