free_word_mitm_reducedn
N=14 mask=0x3fff msb=0x2000
candidate: M0=0x3d36 mode=random-fallback fill=0x3fff kernel=dM0=dM9=0x2000
prefixes=32768/268435456 mode=permuted-prefix-sample w59_per_prefix=16384 total=536870912
run_mode=scan registry_cap=16
sample_start=117276672
scan_elapsed=20.219s rate=26.55 Mtriples/s

D60 interface
  D60=0 matches: 32679 (random expectation 32768.0, enrichment 0.997x)
  prefixes with D60=0: 16602
  max D60=0 fiber per prefix: 24 at W57=0x4e6 W58=0x3f41
  largest D60 bucket: D=0x2b56 count=33807
  min D60 HW: 0
  D60 HW histogram: 0:32679 1:457518 2:2977771 3:11914989 4:32784043 5:65615080 6:98446162 7:112523364 8:98421871 9:65575701 10:32769672 11:11892164 12:2971523 13:455931 14:32444

Tail closure among D60=0 matches
  final tail collisions: 0
  best r61 HW: 13
  best r61 W1[57..59]=0x1dfa,0x609,0xc67
  best r61 W2[57..59]=0x1d07,0x2cfd,0x1597
  best tail HW: 21
  best tail r61 HW: 13
  best W1[57..59]=0x1dfa,0x609,0xc67
  best W2[57..59]=0x1d07,0x2cfd,0x1597

SUMMARY N=14 sample_start=117276672 prefixes=32768 total=536870912 d0=32679 best_tail=21 tail_r61=13 best_r61=13 tail_W1=0x1dfa,0x609,0xc67 tail_W2=0x1d07,0x2cfd,0x1597 r61_W1=0x1dfa,0x609,0xc67 r61_W2=0x1d07,0x2cfd,0x1597

Scan-only witness registry
  registry_count=16 registry_cap=16
  witness[00] tail=21 r61=13 gh60=0x5a85cba W1=0x1dfa,0x609,0xc67 W2=0x1d07,0x2cfd,0x1597
  witness[01] tail=22 r61=19 gh60=0xdb88bae W1=0x15af,0x1d13,0x28b0 W2=0x14bc,0x252a,0x1da6
  witness[02] tail=23 r61=14 gh60=0xd61859a W1=0x1285,0x6cf,0x1052 W2=0x1192,0x3c8,0x3a31
  witness[03] tail=23 r61=19 gh60=0x7a78c9a W1=0x28e5,0x143d,0x300f W2=0x27f2,0x37cb,0x77c
  witness[04] tail=23 r61=21 gh60=0xc5944aa W1=0x3c3e,0x283,0x3293 W2=0x3b4b,0x18b4,0x3433
  witness[05] tail=24 r61=14 gh60=0xce09bea W1=0x1d8d,0x254e,0x3c75 W2=0x1c9a,0x15d9,0x2615
  witness[06] tail=24 r61=17 gh60=0xcf29c9a W1=0x149,0x2947,0x318b W2=0x56,0x7db,0x340d
  witness[07] tail=24 r61=20 gh60=0x4e25de6 W1=0x1e94,0x18,0x351f W2=0x1da1,0x38e5,0xa81
  witness[08] tail=24 r61=21 gh60=0xff587be W1=0x33b7,0x1d39,0x3be1 W2=0x32c4,0x2613,0x1dd7
  witness[09] tail=24 r61=22 gh60=0x4ea9dba W1=0x75,0x1678,0x1946 W2=0x3f82,0x35b,0x1a5a
  witness[10] tail=25 r61=18 gh60=0xc99c4ba W1=0x2fa,0x12ea,0x21ef W2=0x207,0x3aa1,0x5dc
  witness[11] tail=25 r61=18 gh60=0x790876a W1=0x3bdd,0x3740,0x1854 W2=0x3aea,0x398a,0x29fa
  witness[12] tail=25 r61=19 gh60=0xc6e85be W1=0x2477,0x3ce7,0x1704 W2=0x2384,0x431,0x1be7
  witness[13] tail=25 r61=22 gh60=0x5cbfdba W1=0x2eb6,0x2084,0x2ac2 W2=0x2dc3,0x28e8,0x2e2e
  witness[14] tail=25 r61=23 gh60=0xddac59a W1=0x1a66,0x2c3e,0x311 W2=0x1973,0x1864,0xb09
  witness[15] tail=25 r61=23 gh60=0xc9e4ba6 W1=0x35b4,0x1024,0x167c W2=0x34c1,0x27f9,0x379f

Scan-only r61 registry
  registry_count=16 registry_cap=16
  r61_witness[00] r61=13 tail=21 gh60=0x5a85cba W1=0x1dfa,0x609,0xc67 W2=0x1d07,0x2cfd,0x1597
  r61_witness[01] r61=13 tail=28 gh60=0x58f4fbe W1=0x37b8,0x13d4,0x1b44 W2=0x36c5,0x1a20,0x3115
  r61_witness[02] r61=14 tail=23 gh60=0xd61859a W1=0x1285,0x6cf,0x1052 W2=0x1192,0x3c8,0x3a31
  r61_witness[03] r61=14 tail=24 gh60=0xce09bea W1=0x1d8d,0x254e,0x3c75 W2=0x1c9a,0x15d9,0x2615
  r61_witness[04] r61=14 tail=33 gh60=0x3e047fa W1=0xb9a,0x157,0x3e1c W2=0xaa7,0x349c,0x25e8
  r61_witness[05] r61=15 tail=27 gh60=0x48b84a6 W1=0x152b,0x16c9,0x737 W2=0x1438,0x2626,0x29d7
  r61_witness[06] r61=15 tail=30 gh60=0xc6084ee W1=0x340f,0x3423,0x266a W2=0x331c,0x364d,0x2a03
  r61_witness[07] r61=15 tail=36 gh60=0xc9844a6 W1=0x4fc,0x3306,0x38d1 W2=0x409,0x20d4,0x3f43
  r61_witness[08] r61=16 tail=26 gh60=0xda084e6 W1=0x3c0b,0x3e73,0x3156 W2=0x3b18,0x3e5a,0x69c
  r61_witness[09] r61=16 tail=29 gh60=0x4908766 W1=0xbdb,0x32b2,0x2935 W2=0xae8,0x19d9,0x2afe
  r61_witness[10] r61=16 tail=30 gh60=0x3904b66 W1=0x5cc,0xa6e,0x3711 W2=0x4d9,0xc49,0xe87
  r61_witness[11] r61=16 tail=30 gh60=0x4888baa W1=0x15bd,0x673,0x3695 W2=0x14ca,0x676,0x190d
  r61_witness[12] r61=16 tail=31 gh60=0x4a0c7e6 W1=0xb8c,0x1021,0xa9b W2=0xa99,0x3aed,0x167d
  r61_witness[13] r61=16 tail=31 gh60=0xca07ce6 W1=0x100c,0x17ff,0x30aa W2=0xf19,0x598,0x1eb
  r61_witness[14] r61=16 tail=34 gh60=0x4a185a6 W1=0x1283,0x2726,0x10fd W2=0x1190,0x2c09,0x3bd9
  r61_witness[15] r61=16 tail=34 gh60=0x48b84a6 W1=0x152b,0x16c9,0x2031 W2=0x1438,0x2626,0x2d1

D60=0 fiber histogram: 1:8070 2:4803 3:1800 4:1078 5:406 6:220 7:74 8:77 9:25 10:26 11:5 12:5 13:4 14:1 16:5 17:1 20:1 24:1
