free_word_mitm_reducedn
N=14 mask=0x3fff msb=0x2000
candidate: M0=0x3d36 mode=random-fallback fill=0x3fff kernel=dM0=dM9=0x2000
prefixes=32768/268435456 mode=permuted-prefix-sample w59_per_prefix=16384 total=536870912
run_mode=scan registry_cap=16
sample_start=108888064
scan_elapsed=20.047s rate=26.78 Mtriples/s

D60 interface
  D60=0 matches: 32790 (random expectation 32768.0, enrichment 1.001x)
  prefixes with D60=0: 16562
  max D60=0 fiber per prefix: 18 at W57=0x3f3 W58=0x127e
  largest D60 bucket: D=0x2d99 count=33931
  min D60 HW: 0
  D60 HW histogram: 0:32790 1:456920 2:2977408 3:11928420 4:32799354 5:65617016 6:98428656 7:112492777 8:98403766 9:65565391 10:32777699 11:11920835 12:2979415 13:458096 14:32369

Tail closure among D60=0 matches
  final tail collisions: 0
  best r61 HW: 13
  best r61 W1[57..59]=0xb14,0x3164,0xe81
  best r61 W2[57..59]=0xa21,0x2256,0x3559
  best tail HW: 21
  best tail r61 HW: 17
  best W1[57..59]=0x18d9,0x181,0xadb
  best W2[57..59]=0x17e6,0x2574,0x2cf7

SUMMARY N=14 sample_start=108888064 prefixes=32768 total=536870912 d0=32790 best_tail=21 tail_r61=17 best_r61=13 tail_W1=0x18d9,0x181,0xadb tail_W2=0x17e6,0x2574,0x2cf7 r61_W1=0xb14,0x3164,0xe81 r61_W2=0xa21,0x2256,0x3559

Scan-only witness registry
  registry_count=16 registry_cap=16
  witness[00] tail=21 r61=17 gh60=0xd528d7a W1=0x18d9,0x181,0xadb W2=0x17e6,0x2574,0x2cf7
  witness[01] tail=22 r61=16 gh60=0x4f28d7e W1=0x3857,0x1cd5,0xa8c W2=0x3764,0x30a8,0x1e0a
  witness[02] tail=23 r61=13 gh60=0xca1c4e6 W1=0xb14,0x3164,0xe81 W2=0xa21,0x2256,0x3559
  witness[03] tail=23 r61=17 gh60=0x4a87f9a W1=0x2f6a,0x2b80,0x3234 W2=0x2e77,0x81d,0x3136
  witness[04] tail=23 r61=18 gh60=0xc904b66 W1=0x15cc,0x3b88,0x6e7 W2=0x14d9,0x1967,0x3e02
  witness[05] tail=24 r61=15 gh60=0x4979b6e W1=0x1d4f,0x1f51,0x3c0d W2=0x1c5c,0x136c,0x19f7
  witness[06] tail=24 r61=17 gh60=0xd7d8bfa W1=0x1599,0x3778,0x15e7 W2=0x14a6,0x947,0x3570
  witness[07] tail=24 r61=19 gh60=0x7b5cb7a W1=0x556,0x384,0x18a3 W2=0x463,0x3d88,0x3d14
  witness[08] tail=24 r61=20 gh60=0xbc88ca6 W1=0x282b,0x125b,0x3264 W2=0x2738,0x3c77,0x323d
  witness[09] tail=24 r61=22 gh60=0x4a37dee W1=0x30a0,0x71d,0x14f8 W2=0x2fad,0x1e51,0xa8
  witness[10] tail=24 r61=23 gh60=0xf49bdaa W1=0x10ad,0xa9,0xaaf W2=0xfba,0x184,0x2f55
  witness[11] tail=24 r61=23 gh60=0x370876e W1=0x135f,0x1a5a,0x2d36 W2=0x126c,0x1c88,0x177b
  witness[12] tail=24 r61=27 gh60=0xf91db66 W1=0x14c,0x10ba,0x35a6 W2=0x59,0x181b,0x1967
  witness[13] tail=25 r61=16 gh60=0x598fca6 W1=0xf3c,0x1e6d,0x120d W2=0xe49,0x1cf4,0x4ac
  witness[14] tail=25 r61=18 gh60=0xc568da6 W1=0x26c3,0x2863,0x9e7 W2=0x25d0,0x1fb7,0x3bd0
  witness[15] tail=25 r61=19 gh60=0xca2bbfa W1=0xd95,0x22c3,0x12d2 W2=0xca2,0x64e,0x28ef

Scan-only r61 registry
  registry_count=16 registry_cap=16
  r61_witness[00] r61=13 tail=23 gh60=0xca1c4e6 W1=0xb14,0x3164,0xe81 W2=0xa21,0x2256,0x3559
  r61_witness[01] r61=14 tail=27 gh60=0x4a54cba W1=0x5f6,0x2464,0x3df3 W2=0x503,0xca8,0x33e0
  r61_witness[02] r61=14 tail=28 gh60=0xca3879e W1=0x2b87,0x36fa,0x298 W2=0x2a94,0x3195,0x2ef8
  r61_witness[03] r61=15 tail=24 gh60=0x4979b6e W1=0x1d4f,0x1f51,0x3c0d W2=0x1c5c,0x136c,0x19f7
  r61_witness[04] r61=15 tail=29 gh60=0xc639dea W1=0x1e8d,0x3d7d,0xa6e W2=0x1d9a,0xdd8,0x3eb4
  r61_witness[05] r61=15 tail=29 gh60=0x4a084ea W1=0x2b0d,0x1abe,0x1766 W2=0x2a1a,0x21b0,0x30b
  r61_witness[06] r61=15 tail=33 gh60=0x4a07cfa W1=0xe1a,0x1ec2,0x3680 W2=0xd27,0x31b6,0x2045
  r61_witness[07] r61=16 tail=22 gh60=0x4f28d7e W1=0x3857,0x1cd5,0xa8c W2=0x3764,0x30a8,0x1e0a
  r61_witness[08] r61=16 tail=25 gh60=0x598fca6 W1=0xf3c,0x1e6d,0x120d W2=0xe49,0x1cf4,0x4ac
  r61_witness[09] r61=16 tail=26 gh60=0x49b7c9e W1=0x3128,0x10a4,0x217e W2=0x3035,0x515,0x1399
  r61_witness[10] r61=16 tail=28 gh60=0x4908b6a W1=0x551,0xe7d,0x3f1 W2=0x45e,0xcc4,0x301
  r61_witness[11] r61=16 tail=28 gh60=0x7a28ce6 W1=0x713,0x36de,0x30d3 W2=0x620,0x3180,0x2399
  r61_witness[12] r61=16 tail=28 gh60=0x4a58cfe W1=0x3917,0x1b88,0x1492 W2=0x3824,0x27df,0x39f6
  r61_witness[13] r61=16 tail=30 gh60=0x48a8ce6 W1=0x923,0x830,0x89d W2=0x830,0x1fe6,0x2a47
  r61_witness[14] r61=16 tail=30 gh60=0xc697cae W1=0xe00,0x1fea,0x5c6 W2=0xd0d,0x373a,0x30a4
  r61_witness[15] r61=16 tail=32 gh60=0x55f4d9a W1=0x2866,0x1ce5,0x1ff7 W2=0x2773,0x3848,0x13c

D60=0 fiber histogram: 1:8017 2:4759 3:1757 4:1141 5:431 6:229 7:96 8:70 9:24 10:14 11:7 12:9 13:3 14:1 15:1 16:2 18:1
