free_word_mitm_reducedn
N=14 mask=0x3fff msb=0x2000
candidate: M0=0x3d36 mode=random-fallback fill=0x3fff kernel=dM0=dM9=0x2000
prefixes=32768/268435456 mode=permuted-prefix-sample w59_per_prefix=16384 total=536870912
run_mode=scan registry_cap=16
sample_start=8224768
scan_elapsed=20.141s rate=26.66 Mtriples/s

D60 interface
  D60=0 matches: 32938 (random expectation 32768.0, enrichment 1.005x)
  prefixes with D60=0: 16580
  max D60=0 fiber per prefix: 20 at W57=0xee7 W58=0x20f6
  largest D60 bucket: D=0x1090 count=33795
  min D60 HW: 0
  D60 HW histogram: 0:32938 1:456427 2:2975517 3:11907492 4:32800846 5:65638278 6:98483324 7:112494249 8:98398298 9:65554786 10:32764206 11:11901845 12:2973487 13:456565 14:32654

Tail closure among D60=0 matches
  final tail collisions: 0
  best r61 HW: 12
  best r61 W1[57..59]=0x137a,0xf11,0x31c
  best r61 W2[57..59]=0x1287,0x125c,0x1672
  best tail HW: 22
  best tail r61 HW: 23
  best W1[57..59]=0x3cc6,0x2df5,0x1e6d
  best W2[57..59]=0x3bd3,0x1c69,0x908

SUMMARY N=14 sample_start=8224768 prefixes=32768 total=536870912 d0=32938 best_tail=22 tail_r61=23 best_r61=12 tail_W1=0x3cc6,0x2df5,0x1e6d tail_W2=0x3bd3,0x1c69,0x908 r61_W1=0x137a,0xf11,0x31c r61_W2=0x1287,0x125c,0x1672

Scan-only witness registry
  registry_count=16 registry_cap=16
  witness[00] tail=22 r61=20 gh60=0x473dc9e W1=0x1f48,0x1314,0x8bb W2=0x1e55,0x21c1,0x2b02
  witness[01] tail=22 r61=23 gh60=0x4f3c59a W1=0x3cc6,0x2df5,0x1e6d W2=0x3bd3,0x1c69,0x908
  witness[02] tail=22 r61=23 gh60=0x3d7ddae W1=0x3ec0,0x797,0x1328 W2=0x3dcd,0x3153,0x3820
  witness[03] tail=23 r61=18 gh60=0x393cb9e W1=0x5c8,0x1d5b,0x1b W2=0x4d5,0x15b2,0x3be9
  witness[04] tail=23 r61=19 gh60=0x56a84ba W1=0x2cf5,0xfc3,0x180e W2=0x2c02,0x3541,0x2412
  witness[05] tail=23 r61=21 gh60=0x4a284fa W1=0xb19,0x2a80,0x30bb W2=0xa26,0xfb8,0x840
  witness[06] tail=24 r61=17 gh60=0xd91879a W1=0x3c5,0x78a,0x1149 W2=0x2d2,0x39ab,0x1c25
  witness[07] tail=24 r61=18 gh60=0x5b04566 W1=0xcdc,0xc0,0x2f63 W2=0xbe9,0x2fd8,0x395a
  witness[08] tail=24 r61=25 gh60=0xcd78d9e W1=0x26c7,0x33a0,0x108a W2=0x25d4,0x3aae,0x28fa
  witness[09] tail=25 r61=18 gh60=0x45a8ca6 W1=0x633,0x1a82,0x147b W2=0x540,0xaae,0x38ec
  witness[10] tail=25 r61=19 gh60=0xcf08f6a W1=0x27cd,0x1ca0,0x2ee0 W2=0x26da,0x8c3,0x6a7
  witness[11] tail=25 r61=21 gh60=0x48bfbea W1=0x2da2,0x2c24,0x1292 W2=0x2caf,0x98c,0x2834
  witness[12] tail=25 r61=22 gh60=0xbb68fa6 W1=0x17c3,0x138d,0x18df W2=0x16d0,0xa01,0x307
  witness[13] tail=25 r61=22 gh60=0x5abc59e W1=0x2468,0x3fbd,0x2f42 W2=0x2375,0x601,0x2194
  witness[14] tail=25 r61=23 gh60=0xbbb85aa W1=0x12b1,0x1044,0x38e8 W2=0x11be,0x1d5c,0xab6
  witness[15] tail=25 r61=23 gh60=0xd9f4bae W1=0x3570,0x276b,0x37f7 W2=0x347d,0x3003,0x36b6

Scan-only r61 registry
  registry_count=16 registry_cap=16
  r61_witness[00] r61=12 tail=32 gh60=0xd6847ba W1=0x137a,0xf11,0x31c W2=0x1287,0x125c,0x1672
  r61_witness[01] r61=14 tail=29 gh60=0x448bcaa W1=0xe31,0x866,0x1fff W2=0xd3e,0x3f65,0x9b5
  r61_witness[02] r61=14 tail=29 gh60=0xca085e6 W1=0x1a8b,0x2103,0xc9b W2=0x1998,0x8c2,0x29f1
  r61_witness[03] r61=14 tail=29 gh60=0x452bd7e W1=0x2e57,0xeff,0x1caa W2=0x2d64,0x72e,0x1809
  r61_witness[04] r61=14 tail=33 gh60=0x7a084ea W1=0x521,0x27cb,0x2fd6 W2=0x42e,0x2df5,0x1bd0
  r61_witness[05] r61=14 tail=34 gh60=0x3e0bcea W1=0xe11,0x2a93,0x17b W2=0xd1e,0x1e1e,0x2411
  r61_witness[06] r61=15 tail=26 gh60=0x4a0bcee W1=0xf1f,0x1df8,0x17ee W2=0xe2c,0x2d43,0x1f02
  r61_witness[07] r61=15 tail=29 gh60=0x4a27caa W1=0xf02,0x9c2,0x2000 W2=0xe0f,0x3d16,0x20c6
  r61_witness[08] r61=15 tail=29 gh60=0xce044e6 W1=0x3c0c,0x1228,0xb5c W2=0x3b19,0x1e00,0x323f
  r61_witness[09] r61=15 tail=30 gh60=0x5d1859a W1=0x24c5,0xbae,0x27c6 W2=0x23d2,0x3997,0x2fb6
  r61_witness[10] r61=15 tail=33 gh60=0x4a09ce6 W1=0x1e0b,0x26b2,0x3750 W2=0x1d18,0x36d6,0x36fe
  r61_witness[11] r61=15 tail=36 gh60=0xc49bcae W1=0x2e3f,0x3b91,0x2f4 W2=0x2d4c,0x1864,0x382b
  r61_witness[12] r61=16 tail=33 gh60=0x450856a W1=0xc51,0x25c6,0x31c0 W2=0xb5e,0x1fdc,0x2809
  r61_witness[13] r61=16 tail=33 gh60=0x56084ea W1=0x3a11,0x2d1,0x770 W2=0x391e,0x18db,0x8b2
  r61_witness[14] r61=16 tail=34 gh60=0x4884fba W1=0x7ba,0x346e,0x4e W2=0x6c7,0x226a,0x94c
  r61_witness[15] r61=16 tail=36 gh60=0x5a04dfa W1=0x369a,0x317b,0xe0e W2=0x35a7,0x2fcf,0x37f7

D60=0 fiber histogram: 1:7973 2:4824 3:1819 4:1071 5:415 6:223 7:91 8:88 9:25 10:18 11:12 12:12 13:2 14:2 15:1 16:2 20:2
