free_word_mitm_reducedn
N=14 mask=0x3fff msb=0x2000
candidate: M0=0x3d36 mode=random-fallback fill=0x3fff kernel=dM0=dM9=0x2000
prefixes=32768/268435456 mode=permuted-prefix-sample w59_per_prefix=16384 total=536870912
run_mode=scan registry_cap=16
sample_start=83722240
scan_elapsed=20.104s rate=26.71 Mtriples/s

D60 interface
  D60=0 matches: 32224 (random expectation 32768.0, enrichment 0.983x)
  prefixes with D60=0: 16392
  max D60=0 fiber per prefix: 26 at W57=0x36c7 W58=0x8ba
  largest D60 bucket: D=0x2ece count=33766
  min D60 HW: 0
  D60 HW histogram: 0:32224 1:456024 2:2968695 3:11899702 4:32799431 5:65666471 6:98475056 7:112501057 8:98396862 9:65566189 10:32760830 11:11895329 12:2967482 13:453151 14:32409

Tail closure among D60=0 matches
  final tail collisions: 0
  best r61 HW: 15
  best r61 W1[57..59]=0x2905,0x11e6,0x7e1
  best r61 W2[57..59]=0x2812,0x33ac,0x1487
  best tail HW: 22
  best tail r61 HW: 24
  best W1[57..59]=0x1e9,0x2227,0x34fe
  best W2[57..59]=0xf6,0x6b2,0x1126

SUMMARY N=14 sample_start=83722240 prefixes=32768 total=536870912 d0=32224 best_tail=22 tail_r61=24 best_r61=15 tail_W1=0x1e9,0x2227,0x34fe tail_W2=0xf6,0x6b2,0x1126 r61_W1=0x2905,0x11e6,0x7e1 r61_W2=0x2812,0x33ac,0x1487

Scan-only witness registry
  registry_count=16 registry_cap=16
  witness[00] tail=22 r61=24 gh60=0x5ae849a W1=0x1e9,0x2227,0x34fe W2=0xf6,0x6b2,0x1126
  witness[01] tail=23 r61=18 gh60=0xc899caa W1=0x1f31,0x2785,0x1e36 W2=0x1e3e,0x2944,0x595
  witness[02] tail=24 r61=15 gh60=0xca5bcbe W1=0x2ff7,0x2c0e,0x399e W2=0x2f04,0x1ef1,0x1616
  witness[03] tail=24 r61=19 gh60=0xbe08dea W1=0x891,0x169b,0x1fe8 W2=0x79e,0xf7a,0x3431
  witness[04] tail=24 r61=23 gh60=0xdce849a W1=0x2a29,0x313a,0x2965 W2=0x2936,0x14cf,0x3d35
  witness[05] tail=24 r61=25 gh60=0xc5d4d7a W1=0x1656,0x2aa3,0x4f5 W2=0x1563,0x208f,0x39e9
  witness[06] tail=25 r61=18 gh60=0x5c97caa W1=0x102e,0x393c,0x8ea W2=0xf3b,0x25fc,0x3cd8
  witness[07] tail=25 r61=18 gh60=0x5904c9a W1=0x274a,0x220,0x32f W2=0x2657,0x2523,0x3ef0
  witness[08] tail=25 r61=18 gh60=0x4ab849a W1=0x34e5,0x286,0x15a2 W2=0x33f2,0x3891,0x221
  witness[09] tail=25 r61=19 gh60=0xc5d9cba W1=0x1e39,0x2fbb,0xe94 W2=0x1d46,0x163a,0x2dae
  witness[10] tail=25 r61=22 gh60=0x3a24dea W1=0x2692,0x5fc,0x1295 W2=0x259f,0x18e0,0x3f58
  witness[11] tail=25 r61=22 gh60=0x4705f66 W1=0x3fcc,0x1553,0x8ac W2=0x3ed9,0x370c,0x2a3f
  witness[12] tail=25 r61=23 gh60=0xce2849e W1=0x1507,0x5e3,0x23cc W2=0x1414,0x1450,0x1360
  witness[13] tail=25 r61=24 gh60=0xdca85ba W1=0xcb5,0x83d,0x537 W2=0xbc2,0x374f,0x3f0b
  witness[14] tail=25 r61=24 gh60=0x44b85aa W1=0x34ad,0xd5a,0x95c W2=0x33ba,0x2aee,0x1f07
  witness[15] tail=25 r61=27 gh60=0xdfb85ae W1=0x1abf,0x907,0x16a8 W2=0x19cc,0x3baf,0x24e5

Scan-only r61 registry
  registry_count=16 registry_cap=16
  r61_witness[00] r61=15 tail=24 gh60=0xca5bcbe W1=0x2ff7,0x2c0e,0x399e W2=0x2f04,0x1ef1,0x1616
  r61_witness[01] r61=15 tail=26 gh60=0xc55449a W1=0x2c26,0x2425,0x39a6 W2=0x2b33,0xa7b,0x1455
  r61_witness[02] r61=15 tail=27 gh60=0x46985a6 W1=0x1473,0x3690,0x1b1a W2=0x1380,0x1e63,0x3c75
  r61_witness[03] r61=15 tail=30 gh60=0x4a084ea W1=0x3b0d,0x3bc3,0x10b9 W2=0x3a1a,0x15b9,0xb55
  r61_witness[04] r61=15 tail=31 gh60=0x550856e W1=0x2a5f,0xe93,0x266b W2=0x296c,0x322d,0x1149
  r61_witness[05] r61=15 tail=32 gh60=0xc928f7a W1=0x27d9,0x2057,0x37c4 W2=0x26e6,0x1c7a,0x650
  r61_witness[06] r61=15 tail=35 gh60=0x4a28c9a W1=0x2905,0x11e6,0x7e1 W2=0x2812,0x33ac,0x1487
  r61_witness[07] r61=16 tail=28 gh60=0x4d0bd6a W1=0x10e1,0x3c6e,0x2403 W2=0xfee,0x254d,0x3723
  r61_witness[08] r61=16 tail=29 gh60=0xca0bcee W1=0xe0f,0x4ea,0x1f6 W2=0xd1c,0x2855,0x3d4e
  r61_witness[09] r61=16 tail=29 gh60=0x48887ae W1=0x2bbf,0x2e26,0x144b W2=0x2acc,0x276e,0x134a
  r61_witness[10] r61=16 tail=29 gh60=0x7908f6e W1=0x37df,0x262d,0x150b W2=0x36ec,0x265c,0x1ff4
  r61_witness[11] r61=16 tail=31 gh60=0xcaa9cba W1=0x1ff5,0x2d60,0x2c18 W2=0x1f02,0x121b,0x274
  r61_witness[12] r61=16 tail=32 gh60=0x5a08fee W1=0x78f,0x34c3,0x114f W2=0x69c,0x2992,0x1bb7
  r61_witness[13] r61=16 tail=35 gh60=0x5997bae W1=0x1170,0x16ba,0x509 W2=0x107d,0x3a56,0x2979
  r61_witness[14] r61=16 tail=35 gh60=0xc908b6e W1=0x294f,0x379a,0x3985 W2=0x285c,0x29b9,0x2358
  r61_witness[15] r61=16 tail=39 gh60=0x4905c9a W1=0x14a,0x3311,0x20a4 W2=0x57,0x159a,0x117d

D60=0 fiber histogram: 1:8029 2:4703 3:1714 4:1078 5:432 6:218 7:72 8:80 9:23 10:19 11:8 12:8 13:2 14:1 16:2 18:1 26:2
