free_word_mitm_reducedn
N=14 mask=0x3fff msb=0x2000
candidate: M0=0x3d36 mode=random-fallback fill=0x3fff kernel=dM0=dM9=0x2000
prefixes=32768/268435456 mode=permuted-prefix-sample w59_per_prefix=16384 total=536870912
run_mode=scan registry_cap=16
sample_start=42762240
scan_elapsed=18.694s rate=28.72 Mtriples/s

D60 interface
  D60=0 matches: 32224 (random expectation 32768.0, enrichment 0.983x)
  prefixes with D60=0: 16357
  max D60=0 fiber per prefix: 22 at W57=0x2fe7 W58=0x2206
  largest D60 bucket: D=0x2fc2 count=33915
  min D60 HW: 0
  D60 HW histogram: 0:32224 1:457236 2:2980048 3:11921193 4:32785134 5:65617623 6:98454505 7:112464265 8:98415130 9:65573764 10:32780582 11:11918392 12:2979471 13:458414 14:32931

Tail closure among D60=0 matches
  final tail collisions: 0
  best r61 HW: 13
  best r61 W1[57..59]=0x454,0x2698,0x3ee3
  best r61 W2[57..59]=0x361,0x3efc,0x57d
  best tail HW: 21
  best tail r61 HW: 21
  best W1[57..59]=0x370f,0x159c,0x30ac
  best W2[57..59]=0x361c,0x377,0x1e78

SUMMARY N=14 sample_start=42762240 prefixes=32768 total=536870912 d0=32224 best_tail=21 tail_r61=21 best_r61=13 tail_W1=0x370f,0x159c,0x30ac tail_W2=0x361c,0x377,0x1e78 r61_W1=0x454,0x2698,0x3ee3 r61_W2=0x361,0x3efc,0x57d

Scan-only witness registry
  registry_count=16 registry_cap=16
  witness[00] tail=21 r61=21 gh60=0xba18cee W1=0x370f,0x159c,0x30ac W2=0x361c,0x377,0x1e78
  witness[01] tail=22 r61=22 gh60=0xb929b7a W1=0x21d5,0x12ec,0x1103 W2=0x20e2,0x3b2f,0x3278
  witness[02] tail=22 r61=23 gh60=0xc7bdcba W1=0x3f36,0x1d82,0x276b W2=0x3e43,0x402,0x162d
  witness[03] tail=23 r61=22 gh60=0xff884a6 W1=0x29eb,0x1829,0x3466 W2=0x28f8,0x2304,0x6c3
  witness[04] tail=23 r61=30 gh60=0x5ad4fbe W1=0x2778,0x102a,0x1b5d W2=0x2685,0x706,0x1c69
  witness[05] tail=24 r61=19 gh60=0xc615dee W1=0x1e90,0x17c7,0x3746 W2=0x1d9d,0x7,0x7d5
  witness[06] tail=24 r61=19 gh60=0x4b3859e W1=0x2ac7,0x3948,0x1eb0 W2=0x29d4,0x3d57,0x28fa
  witness[07] tail=24 r61=22 gh60=0xd7a859e W1=0x1267,0x2391,0x1028 W2=0x1174,0x3868,0x2ba
  witness[08] tail=24 r61=22 gh60=0x49d849e W1=0x3327,0x2439,0x3dbc W2=0x3234,0x3464,0xfe9
  witness[09] tail=24 r61=24 gh60=0xc76c57a W1=0x2456,0xc21,0xb2 W2=0x2363,0x2aae,0xe5
  witness[10] tail=24 r61=24 gh60=0xd9e4b66 W1=0x2554,0x26d1,0x2bd0 W2=0x2461,0x28bc,0x1a23
  witness[11] tail=25 r61=18 gh60=0x3a07de6 W1=0xe8c,0x3585,0x2e1b W2=0xd99,0x38be,0x1d75
  witness[12] tail=25 r61=23 gh60=0x761c49a W1=0xa0a,0xa13,0x1d09 W2=0x917,0x2e5b,0x1716
  witness[13] tail=25 r61=26 gh60=0xcebccba W1=0x15f6,0x855,0x179e W2=0x1503,0x95,0x2576
  witness[14] tail=26 r61=13 gh60=0x4b24566 W1=0x454,0x2698,0x3ee3 W2=0x361,0x3efc,0x57d
  witness[15] tail=26 r61=18 gh60=0xc4b85be W1=0x1cb7,0x9d7,0x175f W2=0x1bc4,0x1f11,0x1001

Scan-only r61 registry
  registry_count=16 registry_cap=16
  r61_witness[00] r61=13 tail=26 gh60=0x4b24566 W1=0x454,0x2698,0x3ee3 W2=0x361,0x3efc,0x57d
  r61_witness[01] r61=14 tail=28 gh60=0x46085e6 W1=0x1c8b,0x1a77,0x3c7e W2=0x1b98,0x2436,0x9dc
  r61_witness[02] r61=15 tail=34 gh60=0x4487ca6 W1=0x2e2c,0x1240,0x23ec W2=0x2d39,0x1ae3,0x3366
  r61_witness[03] r61=15 tail=34 gh60=0x5f0856a W1=0x32dd,0x3e85,0x3ab9 W2=0x31ea,0x1c7f,0x2cc4
  r61_witness[04] r61=15 tail=34 gh60=0x46e8b7e W1=0x3957,0x23f0,0x12ab W2=0x3864,0x2a13,0x3739
  r61_witness[05] r61=16 tail=30 gh60=0x453456e W1=0x3450,0x455,0x3c30 W2=0x335d,0x228,0x3884
  r61_witness[06] r61=16 tail=30 gh60=0x4684fa6 W1=0x376c,0x218d,0xe4c W2=0x3679,0x1762,0x920
  r61_witness[07] r61=16 tail=31 gh60=0xd90c766 W1=0x335c,0xfc8,0x13de W2=0x3269,0x107a,0x1b7e
  r61_witness[08] r61=16 tail=32 gh60=0x499cca6 W1=0x28fc,0x14b8,0x115a W2=0x2809,0x3e45,0x1a13
  r61_witness[09] r61=16 tail=33 gh60=0x4b88ba6 W1=0x357b,0x3c44,0x3aab W2=0x3488,0x1478,0x1538
  r61_witness[10] r61=16 tail=33 gh60=0x4a08bee W1=0x399f,0x29fb,0x7dd W2=0x38ac,0x307a,0x16b1
  r61_witness[11] r61=16 tail=34 gh60=0x4904b7a W1=0x155a,0x2e9d,0x189a W2=0x1467,0x33cd,0x1059
  r61_witness[12] r61=16 tail=34 gh60=0x450459a W1=0x2cca,0xb2e,0x3f70 W2=0x2bd7,0x39a2,0x23ff
  r61_witness[13] r61=16 tail=37 gh60=0x4b8bba6 W1=0xdab,0x1f5f,0x2e02 W2=0xcb8,0x15b9,0x384f
  r61_witness[14] r61=16 tail=37 gh60=0x590477a W1=0x335a,0x2c34,0x1ae1 W2=0x3267,0x2d0d,0x298
  r61_witness[15] r61=16 tail=38 gh60=0x5518c9a W1=0x1845,0x2f44,0x2270 W2=0x1752,0x204a,0xa09

D60=0 fiber histogram: 1:7963 2:4727 3:1713 4:1106 5:402 6:228 7:65 8:79 9:35 10:16 11:8 12:5 13:3 14:1 15:1 16:3 18:1 22:1
