free_word_mitm_reducedn
N=14 mask=0x3fff msb=0x2000
candidate: M0=0x3d36 mode=random-fallback fill=0x3fff kernel=dM0=dM9=0x2000
prefixes=32768/268435456 mode=permuted-prefix-sample w59_per_prefix=16384 total=536870912
run_mode=scan registry_cap=16
sample_start=21528576
scan_elapsed=21.900s rate=24.51 Mtriples/s

D60 interface
  D60=0 matches: 32866 (random expectation 32768.0, enrichment 1.003x)
  prefixes with D60=0: 16593
  max D60=0 fiber per prefix: 18 at W57=0x3388 W58=0xd02
  largest D60 bucket: D=0x79c count=33741
  min D60 HW: 0
  D60 HW histogram: 0:32866 1:457948 2:2980712 3:11932316 4:32830953 5:65686172 6:98485889 7:112503712 8:98360374 9:65515107 10:32735436 11:11889184 12:2969567 13:457682 14:32994

Tail closure among D60=0 matches
  final tail collisions: 0
  best r61 HW: 13
  best r61 W1[57..59]=0x24ad,0x306,0xd1d
  best r61 W2[57..59]=0x23ba,0x119a,0x35ef
  best tail HW: 21
  best tail r61 HW: 21
  best W1[57..59]=0x1edc,0x3aaa,0x879
  best W2[57..59]=0x1de9,0x166b,0xd1

SUMMARY N=14 sample_start=21528576 prefixes=32768 total=536870912 d0=32866 best_tail=21 tail_r61=21 best_r61=13 tail_W1=0x1edc,0x3aaa,0x879 tail_W2=0x1de9,0x166b,0xd1 r61_W1=0x24ad,0x306,0xd1d r61_W2=0x23ba,0x119a,0x35ef

Scan-only witness registry
  registry_count=16 registry_cap=16
  witness[00] tail=21 r61=21 gh60=0xc50dd66 W1=0x1edc,0x3aaa,0x879 W2=0x1de9,0x166b,0xd1
  witness[01] tail=22 r61=21 gh60=0xcafc5fe W1=0x1498,0x1e1b,0x1a2c W2=0x13a5,0x315c,0x396c
  witness[02] tail=23 r61=17 gh60=0xc91bb6e W1=0x314f,0x1dc3,0x1f20 W2=0x305c,0x2e2,0x2a09
  witness[03] tail=23 r61=24 gh60=0xb50cd6a W1=0x184e,0x123,0x295f W2=0x175b,0x106f,0x3008
  witness[04] tail=23 r61=25 gh60=0xfbe5caa W1=0x3f42,0xd4,0x1b7c W2=0x3e4f,0x6ac,0x1c66
  witness[05] tail=24 r61=19 gh60=0xda08cea W1=0x60d,0x2c65,0x3b01 W2=0x51a,0x3328,0x3ed
  witness[06] tail=24 r61=20 gh60=0x5a0ddea W1=0x1e9e,0x1ac2,0x1f7d W2=0x1dab,0x1b12,0xce3
  witness[07] tail=24 r61=23 gh60=0xdb89daa W1=0x1e81,0xa77,0x1f12 W2=0x1d8e,0xcce,0x12f
  witness[08] tail=24 r61=23 gh60=0xc7b9ca6 W1=0x20eb,0x1a32,0x31da W2=0x1ff8,0x16d0,0xae9
  witness[09] tail=24 r61=26 gh60=0x7d684a6 W1=0xc43,0xb17,0x29d8 W2=0xb50,0x1a94,0xd9e
  witness[10] tail=25 r61=13 gh60=0x44885aa W1=0x24ad,0x306,0xd1d W2=0x23ba,0x119a,0x35ef
  witness[11] tail=25 r61=22 gh60=0x5ae87be W1=0x3377,0xa59,0x2233 W2=0x3284,0x139f,0x24ae
  witness[12] tail=25 r61=26 gh60=0x5b7859a W1=0x12a9,0x1c66,0x365e W2=0x11b6,0x889,0x285e
  witness[13] tail=26 r61=17 gh60=0x4995caa W1=0x1efe,0x3826,0x169a W2=0x1e0b,0x3a96,0x27b6
  witness[14] tail=26 r61=18 gh60=0xca98766 W1=0x3be3,0xac2,0x30dd W2=0x3af0,0x3c9b,0x37ec
  witness[15] tail=26 r61=19 gh60=0x7a19bea W1=0x1a1,0x34b8,0x26f W2=0xae,0x3137,0x1f90

Scan-only r61 registry
  registry_count=16 registry_cap=16
  r61_witness[00] r61=13 tail=25 gh60=0x44885aa W1=0x24ad,0x306,0xd1d W2=0x23ba,0x119a,0x35ef
  r61_witness[01] r61=14 tail=31 gh60=0x4b08f6a W1=0x7e1,0x163,0x3129 W2=0x6ee,0x46e,0x3b5d
  r61_witness[02] r61=14 tail=34 gh60=0x48bbca6 W1=0x313b,0x9a7,0x3692 W2=0x3048,0x30b5,0xa72
  r61_witness[03] r61=14 tail=35 gh60=0x48d8bba W1=0x35b9,0x35c7,0x10b5 W2=0x34c6,0x522,0x3b1c
  r61_witness[04] r61=15 tail=29 gh60=0xc909f6a W1=0x1fe1,0x2df5,0x3ca7 W2=0x1eee,0x2808,0x2f2c
  r61_witness[05] r61=15 tail=30 gh60=0x448fdaa W1=0x2eae,0xe91,0x2a3c W2=0x2dbb,0x3779,0xa6d
  r61_witness[06] r61=15 tail=31 gh60=0x4969b7a W1=0x155,0x2b70,0x9c W2=0x62,0x13b3,0x256e
  r61_witness[07] r61=15 tail=32 gh60=0x45d8dba W1=0x6b9,0x1311,0x73a W2=0x5c6,0x32e8,0x18d1
  r61_witness[08] r61=16 tail=28 gh60=0x460bcea W1=0x3121,0x12a5,0x165a W2=0x302e,0x9c8,0x34d9
  r61_witness[09] r61=16 tail=29 gh60=0x5884b9a W1=0x19aa,0x1d79,0x3215 W2=0x18b7,0x1980,0x8d1
  r61_witness[10] r61=16 tail=30 gh60=0x44b45ae W1=0x4c0,0x274e,0x2418 W2=0x3cd,0xd07,0xe9d
  r61_witness[11] r61=16 tail=30 gh60=0x48a8ca6 W1=0x1933,0x169b,0x25e7 W2=0x1840,0x47,0x1229
  r61_witness[12] r61=16 tail=31 gh60=0x4b0449a W1=0x144a,0x313f,0x1e9d W2=0x1357,0x26fd,0x3582
  r61_witness[13] r61=16 tail=31 gh60=0x46085ea W1=0x3c8d,0x199b,0x37ba W2=0x3b9a,0x3939,0x8e2
  r61_witness[14] r61=16 tail=32 gh60=0xc918b6a W1=0x25e1,0x3efa,0x168a W2=0x24ee,0x3d2d,0x3131
  r61_witness[15] r61=16 tail=33 gh60=0xc708566 W1=0x1c4b,0x3096,0x1a4a W2=0x1b58,0x31dd,0xeef

D60=0 fiber histogram: 1:8051 2:4746 3:1749 4:1184 5:407 6:204 7:88 8:97 9:31 10:21 11:1 12:5 13:3 14:3 15:2 18:1
