free_word_mitm_reducedn
N=14 mask=0x3fff msb=0x2000
candidate: M0=0x3d36 mode=random-fallback fill=0x3fff kernel=dM0=dM9=0x2000
prefixes=32768/268435456 mode=permuted-prefix-sample w59_per_prefix=16384 total=536870912
run_mode=scan registry_cap=16
sample_start=38305792
scan_elapsed=21.797s rate=24.63 Mtriples/s

D60 interface
  D60=0 matches: 33031 (random expectation 32768.0, enrichment 1.008x)
  prefixes with D60=0: 16655
  max D60=0 fiber per prefix: 18 at W57=0x364d W58=0x1d05
  largest D60 bucket: D=0x309d count=33667
  min D60 HW: 0
  D60 HW histogram: 0:33031 1:459099 2:2976946 3:11920140 4:32785987 5:65613368 6:98447373 7:112502391 8:98426659 9:65576709 10:32766592 11:11905703 12:2968768 13:455664 14:32482

Tail closure among D60=0 matches
  final tail collisions: 0
  best r61 HW: 12
  best r61 W1[57..59]=0x133a,0x3231,0x8aa
  best r61 W2[57..59]=0x1247,0x2b68,0x1a26
  best tail HW: 21
  best tail r61 HW: 26
  best W1[57..59]=0x33cc,0x23d0,0x3aa6
  best W2[57..59]=0x32d9,0x1d86,0xb10

SUMMARY N=14 sample_start=38305792 prefixes=32768 total=536870912 d0=33031 best_tail=21 tail_r61=26 best_r61=12 tail_W1=0x33cc,0x23d0,0x3aa6 tail_W2=0x32d9,0x1d86,0xb10 r61_W1=0x133a,0x3231,0x8aa r61_W2=0x1247,0x2b68,0x1a26

Scan-only witness registry
  registry_count=16 registry_cap=16
  witness[00] tail=21 r61=26 gh60=0x5b1c766 W1=0x33cc,0x23d0,0x3aa6 W2=0x32d9,0x1d86,0xb10
  witness[01] tail=22 r61=17 gh60=0xcd29d9e W1=0x3ec7,0x6ce,0x1d1c W2=0x3dd4,0xb52,0x15e9
  witness[02] tail=22 r61=18 gh60=0x3a0c49a W1=0xd0a,0x3665,0x23ca W2=0xc17,0x1d6d,0x267b
  witness[03] tail=23 r61=22 gh60=0x3f9c7aa W1=0x3b7e,0x86c,0xfcd W2=0x3a8b,0x1b35,0x1dd9
  witness[04] tail=23 r61=23 gh60=0xd77476e W1=0x3d0,0xde9,0x1e58 W2=0x2dd,0x228,0x3604
  witness[05] tail=24 r61=17 gh60=0xbb88caa W1=0x3841,0x17ac,0x3a72 W2=0x374e,0x2a1b,0xee8
  witness[06] tail=24 r61=18 gh60=0x4a844ba W1=0x34fa,0x38f3,0x2845 W2=0x3407,0x2e26,0x295b
  witness[07] tail=24 r61=19 gh60=0x5f1856a W1=0x125d,0x271e,0xb64 W2=0x116a,0x338,0x25d0
  witness[08] tail=24 r61=21 gh60=0x4d68d66 W1=0x8d3,0x265c,0x20ad W2=0x7e0,0x3716,0x8e2
  witness[09] tail=24 r61=21 gh60=0xd98bbaa W1=0x11ad,0x3174,0x85b W2=0x10ba,0x14cf,0x2f81
  witness[10] tail=24 r61=24 gh60=0x499c4a6 W1=0x1b2c,0x165e,0x1d4a W2=0x1a39,0x35ba,0x1dfd
  witness[11] tail=25 r61=21 gh60=0x5d684ba W1=0xa35,0x2d6e,0x1e86 W2=0x942,0x1228,0x1c0a
  witness[12] tail=25 r61=23 gh60=0x4b745ae W1=0x24b0,0x2c64,0x3a62 W2=0x23bd,0x132d,0x24cc
  witness[13] tail=25 r61=23 gh60=0x4ad9fbe W1=0x3f77,0x3c78,0x3603 W2=0x3e84,0x353f,0x1b62
  witness[14] tail=25 r61=25 gh60=0xdf98da6 W1=0x187b,0x3262,0x3d40 W2=0x1788,0x3516,0x2d63
  witness[15] tail=25 r61=25 gh60=0xcb0c57a W1=0x1ada,0x225a,0x1392 W2=0x19e7,0x1ce3,0x1028

Scan-only r61 registry
  registry_count=16 registry_cap=16
  r61_witness[00] r61=12 tail=27 gh60=0x48844ba W1=0x133a,0x3231,0x8aa W2=0x1247,0x2b68,0x1a26
  r61_witness[01] r61=13 tail=26 gh60=0x4885f9a W1=0x1faa,0x3aa8,0x1718 W2=0x1eb7,0x28b1,0xac2
  r61_witness[02] r61=14 tail=34 gh60=0x4608ce6 W1=0x370b,0x3c0f,0xb9 W2=0x3618,0x2a25,0x27
  r61_witness[03] r61=15 tail=27 gh60=0x3a384e6 W1=0x413,0x22d8,0x20e7 W2=0x320,0x2fcb,0x17da
  r61_witness[04] r61=15 tail=30 gh60=0x4a084e6 W1=0x3b1b,0x15aa,0x2b94 W2=0x3a28,0x66d,0x2bb
  r61_witness[05] r61=15 tail=32 gh60=0xc61dbea W1=0x192,0x25b8,0x25f1 W2=0x9f,0x114c,0x2bef
  r61_witness[06] r61=15 tail=37 gh60=0xca08cea W1=0x2821,0x16e9,0x1170 W2=0x272e,0x16e4,0x1726
  r61_witness[07] r61=15 tail=39 gh60=0x4e084ee W1=0x3b1f,0x18e7,0x10ea W2=0x3a2c,0x9ed,0x103a
  r61_witness[08] r61=16 tail=29 gh60=0x4608be6 W1=0x399b,0x1459,0x340e W2=0x38a8,0x2a93,0x1cec
  r61_witness[09] r61=16 tail=29 gh60=0x4e0c4ee W1=0x3a20,0x497,0x3e5 W2=0x392d,0x2d9e,0x18a1
  r61_witness[10] r61=16 tail=30 gh60=0xce144ee W1=0xa10,0x1a94,0xbd4 W2=0x91d,0x37ab,0x3add
  r61_witness[11] r61=16 tail=30 gh60=0x5a68bbe W1=0x3577,0x22b7,0x7b8 W2=0x3484,0x2a3e,0x10ed
  r61_witness[12] r61=16 tail=31 gh60=0x4c97cae W1=0x2e30,0x318,0x247a W2=0x2d3d,0xc00,0x3668
  r61_witness[13] r61=16 tail=32 gh60=0x4938b7a W1=0x5d5,0x74e,0x2357 W2=0x4e2,0x3d45,0x200
  r61_witness[14] r61=16 tail=32 gh60=0x4a985aa W1=0x2481,0x2b91,0x2437 W2=0x238e,0x2ba9,0x3590
  r61_witness[15] r61=16 tail=37 gh60=0x49244aa W1=0x1b42,0xa23,0x34f7 W2=0x1a4f,0x20f8,0x391

D60=0 fiber histogram: 1:8012 2:4827 3:1804 4:1126 5:431 6:230 7:80 8:71 9:24 10:25 11:10 12:6 13:3 14:1 16:2 17:1 18:2
