free_word_mitm_reducedn
N=14 mask=0x3fff msb=0x2000
candidate: M0=0x3d36 mode=random-fallback fill=0x3fff kernel=dM0=dM9=0x2000
prefixes=32768/268435456 mode=permuted-prefix-sample w59_per_prefix=16384 total=536870912
run_mode=scan registry_cap=16
sample_start=222855168
scan_elapsed=21.839s rate=24.58 Mtriples/s

D60 interface
  D60=0 matches: 32654 (random expectation 32768.0, enrichment 0.997x)
  prefixes with D60=0: 16523
  max D60=0 fiber per prefix: 16 at W57=0x2763 W58=0xff4
  largest D60 bucket: D=0x3029 count=34074
  min D60 HW: 0
  D60 HW histogram: 0:32654 1:457090 2:2976268 3:11920202 4:32825832 5:65652641 6:98472056 7:112508313 8:98394008 9:65546018 10:32741143 11:11891703 12:2965794 13:454520 14:32670

Tail closure among D60=0 matches
  final tail collisions: 0
  best r61 HW: 12
  best r61 W1[57..59]=0x3ba3,0x3746,0x10b6
  best r61 W2[57..59]=0x3ab0,0x322f,0x1710
  best tail HW: 23
  best tail r61 HW: 14
  best W1[57..59]=0x3f4e,0x3e76,0x13d4
  best W2[57..59]=0x3e5b,0x389a,0x1c9c

SUMMARY N=14 sample_start=222855168 prefixes=32768 total=536870912 d0=32654 best_tail=23 tail_r61=14 best_r61=12 tail_W1=0x3f4e,0x3e76,0x13d4 tail_W2=0x3e5b,0x389a,0x1c9c r61_W1=0x3ba3,0x3746,0x10b6 r61_W2=0x3ab0,0x322f,0x1710

Scan-only witness registry
  registry_count=16 registry_cap=16
  witness[00] tail=23 r61=14 gh60=0x490df6a W1=0x3f4e,0x3e76,0x13d4 W2=0x3e5b,0x389a,0x1c9c
  witness[01] tail=23 r61=19 gh60=0x489c7aa W1=0x23ae,0x22a1,0x38c0 W2=0x22bb,0x24ea,0x5ad
  witness[02] tail=24 r61=20 gh60=0xce55f9e W1=0x3f88,0x134b,0x329f W2=0x3e95,0x670,0x2c38
  witness[03] tail=24 r61=22 gh60=0x4a6cc9a W1=0x5e6,0x220c,0x3105 W2=0x4f3,0x957,0x26f0
  witness[04] tail=24 r61=22 gh60=0xf6e84a6 W1=0x1d43,0x2036,0x194 W2=0x1c50,0xcb3,0x2cec
  witness[05] tail=25 r61=20 gh60=0x7938766 W1=0x1353,0x1b3f,0x3aa W2=0x1260,0xe86,0x26c8
  witness[06] tail=25 r61=21 gh60=0xbf09d66 W1=0x20db,0x3953,0x35bc W2=0x1fe8,0x2f73,0x3fde
  witness[07] tail=25 r61=23 gh60=0xce585fe W1=0xc97,0x12af,0x2320 W2=0xba4,0x166f,0x2d71
  witness[08] tail=25 r61=24 gh60=0xcb9bb66 W1=0xde3,0x1e26,0xb61 W2=0xcf0,0x14a2,0x1ab9
  witness[09] tail=25 r61=25 gh60=0xd49c4aa W1=0x3a2e,0x15b8,0x492 W2=0x393b,0x2b79,0x23f1
  witness[10] tail=25 r61=26 gh60=0x5664766 W1=0x364,0x3af8,0x21c7 W2=0x271,0x2858,0x11d1
  witness[11] tail=25 r61=30 gh60=0xcd35c9a W1=0x1e46,0x2fed,0x1c03 W2=0x1d53,0x1a7a,0xa01
  witness[12] tail=26 r61=18 gh60=0xca2849e W1=0x2407,0x2f40,0x1ddc W2=0x2314,0x3da9,0xa3d
  witness[13] tail=26 r61=19 gh60=0xb789da6 W1=0x6b,0x91b,0x2 W2=0x3f78,0x3de1,0x2794
  witness[14] tail=26 r61=19 gh60=0xb604ce6 W1=0x80c,0x2b0e,0x1688 W2=0x719,0x27a1,0x2c9e
  witness[15] tail=26 r61=19 gh60=0xc9a87ba W1=0x3bb9,0x32e1,0x2e53 W2=0x3ac6,0x5bb,0x326b

Scan-only r61 registry
  registry_count=16 registry_cap=16
  r61_witness[00] r61=12 tail=30 gh60=0x48a87e6 W1=0x3ba3,0x3746,0x10b6 W2=0x3ab0,0x322f,0x1710
  r61_witness[01] r61=14 tail=23 gh60=0x490df6a W1=0x3f4e,0x3e76,0x13d4 W2=0x3e5b,0x389a,0x1c9c
  r61_witness[02] r61=15 tail=29 gh60=0x4d885aa W1=0x1281,0x2819,0xe3c W2=0x118e,0x34b1,0x39ef
  r61_witness[03] r61=15 tail=29 gh60=0x49884ae W1=0x22ff,0x2697,0x2955 W2=0x220c,0x827,0xbca
  r61_witness[04] r61=15 tail=31 gh60=0x4ea9dba W1=0x79,0x3666,0x3a6c W2=0x3f86,0x134d,0x28b2
  r61_witness[05] r61=15 tail=35 gh60=0x4984bba W1=0x397a,0x20bc,0x1db1 W2=0x3887,0x1d48,0x1d33
  r61_witness[06] r61=15 tail=42 gh60=0x450856a W1=0x34d1,0x3af1,0x1dfb W2=0x33de,0xc9b,0x1554
  r61_witness[07] r61=16 tail=29 gh60=0x4e3bf9a W1=0x2f85,0x26be,0x930 W2=0x2e92,0x3f92,0xded
  r61_witness[08] r61=16 tail=30 gh60=0xde085ea W1=0x149d,0x322,0x32ec W2=0x13aa,0x222c,0x1c20
  r61_witness[09] r61=16 tail=34 gh60=0xc58c4a6 W1=0x13fc,0x3463,0x3eaf W2=0x1309,0x331,0x251a
  r61_witness[10] r61=16 tail=35 gh60=0x4b07f7a W1=0x2fda,0x284a,0x1f8a W2=0x2ee7,0x65e,0x188f
  r61_witness[11] r61=17 tail=28 gh60=0x4a2c4fa W1=0x2216,0x9f7,0x173a W2=0x2123,0x2fb0,0x2483
  r61_witness[12] r61=17 tail=29 gh60=0x4618ca6 W1=0x603,0x3257,0x3c0 W2=0x510,0x2213,0x388c
  r61_witness[13] r61=17 tail=29 gh60=0x4908f6a W1=0x7d1,0x1c99,0x2e71 W2=0x6de,0x20b8,0x30a9
  r61_witness[14] r61=17 tail=29 gh60=0x4607c9a W1=0x310a,0x192b,0x2975 W2=0x3017,0x3230,0x3aaa
  r61_witness[15] r61=17 tail=30 gh60=0x5909b6a W1=0x3ddd,0x184f,0x17a4 W2=0x3cea,0xb36,0x2ccb

D60=0 fiber histogram: 1:7978 2:4781 3:1763 4:1120 5:428 6:235 7:89 8:67 9:25 10:21 11:6 12:4 13:1 14:2 15:2 16:1
