free_word_mitm_reducedn
N=14 mask=0x3fff msb=0x2000
candidate: M0=0x3d36 mode=random-fallback fill=0x3fff kernel=dM0=dM9=0x2000
prefixes=32768/268435456 mode=permuted-prefix-sample w59_per_prefix=16384 total=536870912
run_mode=scan registry_cap=16
sample_start=249200640
scan_elapsed=14.061s rate=38.18 Mtriples/s

D60 interface
  D60=0 matches: 32517 (random expectation 32768.0, enrichment 0.992x)
  prefixes with D60=0: 16451
  max D60=0 fiber per prefix: 17 at W57=0x1369 W58=0x36d7
  largest D60 bucket: D=0xe81 count=33683
  min D60 HW: 0
  D60 HW histogram: 0:32517 1:456610 2:2980378 3:11922070 4:32803889 5:65623672 6:98389944 7:112448864 8:98421543 9:65598348 10:32794350 11:11926561 12:2981637 13:457568 14:32961

Tail closure among D60=0 matches
  final tail collisions: 0
  best r61 HW: 14
  best r61 W1[57..59]=0x258b,0x1ba1,0x3eb2
  best r61 W2[57..59]=0x2498,0x21eb,0x844
  best tail HW: 22
  best tail r61 HW: 27
  best W1[57..59]=0x945,0x381b,0x28ea
  best W2[57..59]=0x852,0x1b6d,0x4a1

SUMMARY N=14 sample_start=249200640 prefixes=32768 total=536870912 d0=32517 best_tail=22 tail_r61=27 best_r61=14 tail_W1=0x945,0x381b,0x28ea tail_W2=0x852,0x1b6d,0x4a1 r61_W1=0x258b,0x1ba1,0x3eb2 r61_W2=0x2498,0x21eb,0x844

Scan-only witness registry
  registry_count=16 registry_cap=16
  witness[00] tail=22 r61=27 gh60=0x4928c9a W1=0x945,0x381b,0x28ea W2=0x852,0x1b6d,0x4a1
  witness[01] tail=23 r61=18 gh60=0x471856a W1=0x45d,0x874,0x30d3 W2=0x36a,0x15f2,0x85f
  witness[02] tail=23 r61=18 gh60=0xd488caa W1=0x3831,0x2ca,0x14f6 W2=0x373e,0x1449,0x26c5
  witness[03] tail=23 r61=21 gh60=0xf5a8cba W1=0x7f5,0x257c,0x1f45 W2=0x702,0x7bb,0x15a5
  witness[04] tail=23 r61=26 gh60=0xcf2bc9a W1=0xe45,0x306,0x396 W2=0xd52,0x1992,0x24f3
  witness[05] tail=24 r61=22 gh60=0xca18be6 W1=0x2993,0x26ec,0x35eb W2=0x28a0,0x2946,0x212f
  witness[06] tail=25 r61=21 gh60=0xf704b66 W1=0x355c,0x3dbe,0x152f W2=0x3469,0x1b91,0x2c2f
  witness[07] tail=25 r61=25 gh60=0xfb1476e W1=0x350,0x6d9,0x7cf W2=0x25d,0x320,0x3e5
  witness[08] tail=26 r61=18 gh60=0x4607ffa W1=0xf9a,0xaac,0x1d42 W2=0xea7,0x2b30,0x2461
  witness[09] tail=26 r61=19 gh60=0x488bbaa W1=0xdbd,0x3d6a,0x8c7 W2=0xcca,0x2471,0x1d4b
  witness[10] tail=26 r61=19 gh60=0xc8b4caa W1=0x192e,0x3191,0x3c5c W2=0x183b,0x311,0x1aff
  witness[11] tail=26 r61=19 gh60=0x45645a6 W1=0x3cc4,0x34d0,0x21cb W2=0x3bd1,0x1b36,0x6f7
  witness[12] tail=26 r61=20 gh60=0x45b84ae W1=0x142f,0x1870,0x3796 W2=0x133c,0x1810,0x27fb
  witness[13] tail=26 r61=22 gh60=0xbe19ce6 W1=0x201b,0x2273,0x10b2 W2=0x1f28,0xd07,0x2410
  witness[14] tail=26 r61=22 gh60=0x4f19b6a W1=0x21cd,0x360a,0x26f9 W2=0x20da,0x1d49,0x7ad
  witness[15] tail=26 r61=22 gh60=0x57884a6 W1=0x233b,0x2e8,0x3142 W2=0x2248,0x2435,0xd52

Scan-only r61 registry
  registry_count=16 registry_cap=16
  r61_witness[00] r61=14 tail=30 gh60=0x4a88caa W1=0x27fd,0x31d6,0x2996 W2=0x270a,0x3381,0x11ad
  r61_witness[01] r61=14 tail=34 gh60=0xca08be6 W1=0x258b,0x1ba1,0x3eb2 W2=0x2498,0x21eb,0x844
  r61_witness[02] r61=15 tail=28 gh60=0x470c56e W1=0xc60,0x2b5f,0x1384 W2=0xb6d,0x12a2,0x43e
  r61_witness[03] r61=15 tail=31 gh60=0x4a18cfa W1=0x2615,0x4d1,0x748 W2=0x2522,0x2b14,0x173b
  r61_witness[04] r61=15 tail=31 gh60=0x4888baa W1=0x39b1,0x806,0x3664 W2=0x38be,0x141d,0x12f9
  r61_witness[05] r61=15 tail=32 gh60=0x7a28ce6 W1=0x2813,0x2986,0x3333 W2=0x2720,0x32b8,0x2051
  r61_witness[06] r61=16 tail=27 gh60=0x4518da6 W1=0x6c3,0x14f2,0x134 W2=0x5d0,0xc46,0x3cb7
  r61_witness[07] r61=16 tail=29 gh60=0x370876a W1=0x3b4d,0x23ed,0x18e9 W2=0x3a5a,0x1f4b,0x36e0
  r61_witness[08] r61=16 tail=30 gh60=0xc704566 W1=0x2cdc,0x2d24,0x3a55 W2=0x2be9,0x2644,0x1e20
  r61_witness[09] r61=16 tail=30 gh60=0xde045fa W1=0x349a,0x178c,0x33a8 W2=0x33a7,0x14a1,0x187b
  r61_witness[10] r61=16 tail=30 gh60=0xcc99de6 W1=0x3ea3,0x25a6,0x10a3 W2=0x3db0,0x1e02,0x3c91
  r61_witness[11] r61=16 tail=32 gh60=0x3a185e6 W1=0x48b,0x177d,0x29d0 W2=0x398,0xc36,0xfc2
  r61_witness[12] r61=16 tail=32 gh60=0x4bb85a6 W1=0x4bb,0xa1a,0x27ec W2=0x3c8,0x3f3f,0x4cf
  r61_witness[13] r61=16 tail=32 gh60=0x46a8cba W1=0x18f9,0xdd8,0x5c9 W2=0x1806,0x17,0x2284
  r61_witness[14] r61=16 tail=32 gh60=0x4d87da6 W1=0x2eac,0x3afa,0x4e W2=0x2db9,0x3bd,0x3e18
  r61_witness[15] r61=16 tail=35 gh60=0x592849e W1=0x3547,0x37d8,0x36a2 W2=0x3454,0x5c9,0x3e57

D60=0 fiber histogram: 1:8040 2:4683 3:1793 4:1041 5:403 6:239 7:88 8:92 9:32 10:12 11:7 12:11 13:2 14:2 15:1 16:4 17:1
