free_word_mitm_reducedn
N=14 mask=0x3fff msb=0x2000
candidate: M0=0x3d36 mode=random-fallback fill=0x3fff kernel=dM0=dM9=0x2000
prefixes=32768/268435456 mode=permuted-prefix-sample w59_per_prefix=16384 total=536870912
run_mode=scan registry_cap=16
sample_start=62423040
scan_elapsed=18.953s rate=28.33 Mtriples/s

D60 interface
  D60=0 matches: 32440 (random expectation 32768.0, enrichment 0.990x)
  prefixes with D60=0: 16599
  max D60=0 fiber per prefix: 20 at W57=0xdb1 W58=0x28a0
  largest D60 bucket: D=0x3265 count=33764
  min D60 HW: 0
  D60 HW histogram: 0:32440 1:455398 2:2969409 3:11899980 4:32746603 5:65553768 6:98396753 7:112509226 8:98458414 9:65642901 10:32808590 11:11927694 12:2980852 13:456444 14:32440

Tail closure among D60=0 matches
  final tail collisions: 0
  best r61 HW: 11
  best r61 W1[57..59]=0x36d,0x13e7,0x3026
  best r61 W2[57..59]=0x27a,0x4ab,0x1333
  best tail HW: 22
  best tail r61 HW: 23
  best W1[57..59]=0x2fef,0xedb,0x1a7c
  best W2[57..59]=0x2efc,0x223e,0x2fba

SUMMARY N=14 sample_start=62423040 prefixes=32768 total=536870912 d0=32440 best_tail=22 tail_r61=23 best_r61=11 tail_W1=0x2fef,0xedb,0x1a7c tail_W2=0x2efc,0x223e,0x2fba r61_W1=0x36d,0x13e7,0x3026 r61_W2=0x27a,0x4ab,0x1333

Scan-only witness registry
  registry_count=16 registry_cap=16
  witness[00] tail=22 r61=23 gh60=0xc6bfcba W1=0xefa,0x22a4,0x3717 W2=0xe07,0x3554,0x1c1d
  witness[01] tail=22 r61=23 gh60=0xba8bcae W1=0x2fef,0xedb,0x1a7c W2=0x2efc,0x223e,0x2fba
  witness[02] tail=23 r61=18 gh60=0x4917b6e W1=0xdd0,0x14a9,0x243d W2=0xcdd,0x3ac9,0x334
  witness[03] tail=23 r61=20 gh60=0xcfa5ca6 W1=0x1df4,0x18a9,0x219c W2=0x1d01,0x1758,0x1441
  witness[04] tail=23 r61=24 gh60=0xbe1cdee W1=0x3890,0x2b27,0x44c W2=0x379d,0x1aeb,0x1ff
  witness[05] tail=24 r61=16 gh60=0x4d0bd6e W1=0xe5f,0x36cb,0x101d W2=0xd6c,0xd6a,0x2194
  witness[06] tail=24 r61=18 gh60=0x55dbb9e W1=0xd87,0x1cd4,0x256a W2=0xc94,0x3fac,0x497
  witness[07] tail=24 r61=25 gh60=0xd7bcce6 W1=0x1824,0x3e2c,0x28d8 W2=0x1731,0x26df,0x227a
  witness[08] tail=25 r61=11 gh60=0xc9887aa W1=0x36d,0x13e7,0x3026 W2=0x27a,0x4ab,0x1333
  witness[09] tail=25 r61=13 gh60=0x492849a W1=0x549,0x334a,0x817 W2=0x456,0x195f,0x202e
  witness[10] tail=25 r61=17 gh60=0xdd2857e W1=0x24d7,0x1b92,0x12ba W2=0x23e4,0x2646,0xdca
  witness[11] tail=25 r61=22 gh60=0xdf984ba W1=0x3a35,0x33d,0x2543 W2=0x3942,0x37fb,0x2258
  witness[12] tail=25 r61=24 gh60=0xdc9c5a6 W1=0x3aac,0xe06,0x2679 W2=0x39b9,0x334a,0x1820
  witness[13] tail=25 r61=25 gh60=0x4e0dcfa W1=0x3f1a,0x2171,0x1c4d W2=0x3e27,0x62d,0x14cd
  witness[14] tail=25 r61=29 gh60=0x3f5dc9e W1=0x1e28,0xe83,0x3700 W2=0x1d35,0xef8,0x3985
  witness[15] tail=25 r61=30 gh60=0xc7bc4ae W1=0xc40,0x664,0x2326 W2=0xb4d,0x2575,0x30f2

Scan-only r61 registry
  registry_count=16 registry_cap=16
  r61_witness[00] r61=11 tail=25 gh60=0xc9887aa W1=0x36d,0x13e7,0x3026 W2=0x27a,0x4ab,0x1333
  r61_witness[01] r61=13 tail=25 gh60=0x492849a W1=0x549,0x334a,0x817 W2=0x456,0x195f,0x202e
  r61_witness[02] r61=14 tail=27 gh60=0x4728c9a W1=0x3749,0x10cc,0x1064 W2=0x3656,0x5de,0x2cb8
  r61_witness[03] r61=14 tail=32 gh60=0x4d09d66 W1=0x3e4b,0x3a9,0x1f51 W2=0x3d58,0x1f59,0x1606
  r61_witness[04] r61=15 tail=28 gh60=0x4a08dea W1=0x8a1,0x10c1,0x1f9a W2=0x7ae,0x894,0x294c
  r61_witness[05] r61=15 tail=29 gh60=0x4e185e6 W1=0x128b,0x2ee7,0x121f W2=0x1198,0x14a4,0x26b8
  r61_witness[06] r61=16 tail=24 gh60=0x4d0bd6e W1=0xe5f,0x36cb,0x101d W2=0xd6c,0xd6a,0x2194
  r61_witness[07] r61=16 tail=27 gh60=0x4be8ca6 W1=0x2843,0x1110,0x3e2d W2=0x2750,0x1acc,0x3558
  r61_witness[08] r61=16 tail=27 gh60=0xc70cb7a W1=0x29da,0x37f0,0x2359 W2=0x28e7,0x1ce8,0x31b7
  r61_witness[09] r61=16 tail=28 gh60=0xc518d66 W1=0x26d3,0x209e,0xefc W2=0x25e0,0x1f00,0x2852
  r61_witness[10] r61=16 tail=30 gh60=0xca887a6 W1=0x336b,0x114d,0x37c8 W2=0x3278,0xb92,0x126d
  r61_witness[11] r61=16 tail=31 gh60=0x4d1cd66 W1=0x184c,0x2a4f,0x3e99 W2=0x1759,0x2996,0x2cb7
  r61_witness[12] r61=16 tail=31 gh60=0xca087ea W1=0x3b91,0x237e,0x27dc W2=0x3a9e,0x3750,0x1fcb
  r61_witness[13] r61=16 tail=32 gh60=0xc608fe6 W1=0x178b,0x35e7,0x396e W2=0x1698,0x2db5,0x1c14
  r61_witness[14] r61=16 tail=32 gh60=0x4d09d66 W1=0x3e4b,0x3a9,0x1f59 W2=0x3d58,0x1f59,0x160e
  r61_witness[15] r61=16 tail=33 gh60=0x4a64b6a W1=0x562,0x3882,0x140d W2=0x46f,0x22da,0x3b21

D60=0 fiber histogram: 1:8135 2:4767 3:1796 4:1088 5:377 6:224 7:70 8:72 9:35 10:14 11:4 12:7 13:4 14:1 15:1 16:1 18:2 20:1
