free_word_mitm_reducedn
N=14 mask=0x3fff msb=0x2000
candidate: M0=0x3d36 mode=random-fallback fill=0x3fff kernel=dM0=dM9=0x2000
prefixes=32768/268435456 mode=permuted-prefix-sample w59_per_prefix=16384 total=536870912
run_mode=scan registry_cap=16
sample_start=212434944
scan_elapsed=18.813s rate=28.54 Mtriples/s

D60 interface
  D60=0 matches: 32378 (random expectation 32768.0, enrichment 0.988x)
  prefixes with D60=0: 16531
  max D60=0 fiber per prefix: 16 at W57=0x2981 W58=0xe50
  largest D60 bucket: D=0xd4f count=33747
  min D60 HW: 0
  D60 HW histogram: 0:32378 1:456673 2:2976652 3:11923239 4:32806778 5:65602205 6:98452704 7:112497898 8:98426269 9:65563871 10:32768786 11:11904920 12:2970704 13:455590 14:32245

Tail closure among D60=0 matches
  final tail collisions: 0
  best r61 HW: 14
  best r61 W1[57..59]=0x3e03,0x1cb2,0x31d2
  best r61 W2[57..59]=0x3d10,0xf6c,0x3d81
  best tail HW: 22
  best tail r61 HW: 19
  best W1[57..59]=0x68f,0x3704,0x2c5b
  best W2[57..59]=0x59c,0x1dc3,0x3038

SUMMARY N=14 sample_start=212434944 prefixes=32768 total=536870912 d0=32378 best_tail=22 tail_r61=19 best_r61=14 tail_W1=0x68f,0x3704,0x2c5b tail_W2=0x59c,0x1dc3,0x3038 r61_W1=0x3e03,0x1cb2,0x31d2 r61_W2=0x3d10,0xf6c,0x3d81

Scan-only witness registry
  registry_count=16 registry_cap=16
  witness[00] tail=22 r61=19 gh60=0xca08dee W1=0x68f,0x3704,0x2c5b W2=0x59c,0x1dc3,0x3038
  witness[01] tail=22 r61=21 gh60=0x48847ba W1=0xbba,0x3b9a,0x22db W2=0xac7,0x2e55,0x1ce1
  witness[02] tail=23 r61=17 gh60=0x4694faa W1=0x176e,0x89b,0x23b2 W2=0x167b,0x1633,0x326a
  witness[03] tail=23 r61=21 gh60=0xf8b449a W1=0x1526,0x3e32,0x28c9 W2=0x1433,0x33c6,0xe0f
  witness[04] tail=23 r61=21 gh60=0xda18bea W1=0x2591,0x1a5e,0x161f W2=0x249e,0x192d,0x960
  witness[05] tail=23 r61=22 gh60=0x54ac4aa W1=0x1a32,0x12d4,0x7bd W2=0x193f,0x2659,0x19c5
  witness[06] tail=23 r61=23 gh60=0xcafc4ee W1=0x2d20,0x3f3,0x14e7 W2=0x2c2d,0x358e,0x304b
  witness[07] tail=24 r61=16 gh60=0x390479a W1=0xbca,0x1064,0x1cbc W2=0xad7,0x270,0x3bfc
  witness[08] tail=24 r61=20 gh60=0x7d9c5ba W1=0x1cba,0x20b9,0x19cf W2=0x1bc7,0x1dd8,0x2f87
  witness[09] tail=25 r61=17 gh60=0xd587da6 W1=0x10ac,0x193a,0x2674 W2=0xfb9,0x3685,0xf10
  witness[10] tail=25 r61=19 gh60=0x4ba8cba W1=0x36f9,0x1f70,0x1800 W2=0x3606,0x13af,0x1bd9
  witness[11] tail=25 r61=20 gh60=0xc50cd66 W1=0x6dc,0x3601,0x5a0 W2=0x5e9,0x7b8,0x370c
  witness[12] tail=25 r61=20 gh60=0x4bb4cba W1=0x936,0x30f2,0x386a W2=0x843,0x12f2,0x185b
  witness[13] tail=25 r61=20 gh60=0x4609fea W1=0x1fa1,0x1e23,0x654 W2=0x1eae,0x1ca2,0xaeb
  witness[14] tail=25 r61=20 gh60=0x4a7859a W1=0x2465,0x28cf,0x17b5 W2=0x2372,0x16fe,0x602
  witness[15] tail=25 r61=21 gh60=0xca0449a W1=0x1d0a,0x2d3e,0x11ba W2=0x1c17,0x2442,0x3e47

Scan-only r61 registry
  registry_count=16 registry_cap=16
  r61_witness[00] r61=14 tail=27 gh60=0x4a284a6 W1=0x1c03,0x165f,0x1b8e W2=0x1b10,0x335c,0x24bb
  r61_witness[01] r61=14 tail=27 gh60=0x45a849e W1=0x2c27,0x1a5f,0x1f87 W2=0x2b34,0x2894,0xfa2
  r61_witness[02] r61=14 tail=29 gh60=0x4a69ca6 W1=0x3e03,0x1cb2,0x31d2 W2=0x3d10,0xf6c,0x3d81
  r61_witness[03] r61=14 tail=30 gh60=0x4e09dea W1=0x3ea1,0x19fe,0x2e70 W2=0x3dae,0x1a4d,0x1a5a
  r61_witness[04] r61=15 tail=29 gh60=0x4685cba W1=0x3dfa,0x2083,0x18c8 W2=0x3d07,0x777,0x1e9e
  r61_witness[05] r61=15 tail=34 gh60=0xd704766 W1=0xb5c,0x1ca,0xac8 W2=0xa69,0x2cfa,0x2d05
  r61_witness[06] r61=15 tail=36 gh60=0xca0459a W1=0xa8a,0xea4,0x34b4 W2=0x997,0x3afc,0xf6d
  r61_witness[07] r61=16 tail=24 gh60=0x390479a W1=0xbca,0x1064,0x1cbc W2=0xad7,0x270,0x3bfc
  r61_witness[08] r61=16 tail=26 gh60=0x7a07d9a W1=0x2e8a,0x117f,0x3d0e W2=0x2d97,0x309c,0x395e
  r61_witness[09] r61=16 tail=29 gh60=0x4a944aa W1=0x4ee,0x2616,0x39af W2=0x3fb,0x2b17,0x33d7
  r61_witness[10] r61=16 tail=29 gh60=0x588dcae W1=0x2140,0xb7d,0x22a W2=0x204d,0x3751,0x321d
  r61_witness[11] r61=16 tail=30 gh60=0x4f1456e W1=0x12e0,0xf87,0x2bc0 W2=0x11ed,0x7ce,0x79b
  r61_witness[12] r61=16 tail=31 gh60=0xc51456a W1=0x345e,0x2f39,0x2d13 W2=0x336b,0x3bc0,0x1270
  r61_witness[13] r61=16 tail=32 gh60=0xba744ae W1=0x3a00,0x283,0x8f1 W2=0x390d,0x2f94,0x210e
  r61_witness[14] r61=16 tail=33 gh60=0x4e0c4ee W1=0x3a20,0x1c6b,0x58c W2=0x392d,0x572,0x3ac4
  r61_witness[15] r61=16 tail=34 gh60=0x5a045e6 W1=0x248c,0x1f3d,0x27ea W2=0x2399,0x15f7,0x381b

D60=0 fiber histogram: 1:8046 2:4814 3:1743 4:1103 5:408 6:200 7:85 8:68 9:20 10:21 11:6 12:7 13:3 14:2 15:3 16:2
