free_word_mitm_reducedn
N=14 mask=0x3fff msb=0x2000
candidate: M0=0x3d36 mode=random-fallback fill=0x3fff kernel=dM0=dM9=0x2000
prefixes=32768/268435456 mode=permuted-prefix-sample w59_per_prefix=16384 total=536870912
run_mode=scan registry_cap=16
sample_start=87621632
scan_elapsed=18.814s rate=28.54 Mtriples/s

D60 interface
  D60=0 matches: 33250 (random expectation 32768.0, enrichment 1.015x)
  prefixes with D60=0: 16629
  max D60=0 fiber per prefix: 19 at W57=0x3eb9 W58=0xc58
  largest D60 bucket: D=0x3002 count=33879
  min D60 HW: 0
  D60 HW histogram: 0:33250 1:458367 2:2973069 3:11913856 4:32789969 5:65608755 6:98441969 7:112507283 8:98433907 9:65564039 10:32772027 11:11911458 12:2973309 13:457627 14:32027

Tail closure among D60=0 matches
  final tail collisions: 0
  best r61 HW: 14
  best r61 W1[57..59]=0x2c55,0x3c93,0x1858
  best r61 W2[57..59]=0x2b62,0x319b,0x30b5
  best tail HW: 19
  best tail r61 HW: 18
  best W1[57..59]=0xf24,0x2885,0x304c
  best W2[57..59]=0xe31,0x7ce,0x21fa

SUMMARY N=14 sample_start=87621632 prefixes=32768 total=536870912 d0=33250 best_tail=19 tail_r61=18 best_r61=14 tail_W1=0xf24,0x2885,0x304c tail_W2=0xe31,0x7ce,0x21fa r61_W1=0x2c55,0x3c93,0x1858 r61_W2=0x2b62,0x319b,0x30b5

Scan-only witness registry
  registry_count=16 registry_cap=16
  witness[00] tail=19 r61=18 gh60=0x48afce6 W1=0xf24,0x2885,0x304c W2=0xe31,0x7ce,0x21fa
  witness[01] tail=19 r61=25 gh60=0x4fd849a W1=0x2ae9,0xf5e,0x115 W2=0x29f6,0x37af,0x8a4
  witness[02] tail=20 r61=16 gh60=0xc51859a W1=0x24c5,0x251f,0x17b1 W2=0x23d2,0x1308,0x2dae
  witness[03] tail=22 r61=17 gh60=0xda14dea W1=0x289e,0x3382,0x2779 W2=0x27ab,0x2f56,0x39be
  witness[04] tail=22 r61=24 gh60=0x4af85fe W1=0x1297,0x32b3,0x3e81 W2=0x11a4,0x873,0x2f95
  witness[05] tail=23 r61=14 gh60=0xc51857a W1=0x2c55,0x3c93,0x1858 W2=0x2b62,0x319b,0x30b5
  witness[06] tail=23 r61=18 gh60=0xcaa879a W1=0x3365,0x1cbb,0x182 W2=0x3272,0x1f16,0x3eba
  witness[07] tail=23 r61=19 gh60=0xc91877a W1=0xbd5,0x352,0x3288 W2=0xae2,0x3a2a,0x356c
  witness[08] tail=23 r61=23 gh60=0xdd8cc9a W1=0x5ea,0x3c1e,0x3100 W2=0x4f7,0x239d,0x3495
  witness[09] tail=24 r61=16 gh60=0x4a1ddea W1=0x1e9e,0x1dac,0x18ce W2=0x1dab,0x1dfc,0x1296
  witness[10] tail=24 r61=19 gh60=0x4b885a6 W1=0x1a6b,0x14cb,0x2cf7 W2=0x1978,0x388e,0x323
  witness[11] tail=24 r61=19 gh60=0x5d2bc9e W1=0x3047,0x1804,0x118a W2=0x2f54,0x10b4,0x209b
  witness[12] tail=24 r61=20 gh60=0x4d984aa W1=0x1bed,0x39b0,0x14ea W2=0x1afa,0xf6c,0x31ff
  witness[13] tail=24 r61=21 gh60=0x45bc5a6 W1=0xc74,0x2e7d,0x1054 W2=0xb81,0x543,0x4f6
  witness[14] tail=25 r61=19 gh60=0xd8987ba W1=0x3b5,0x101c,0x2091 W2=0x2c2,0xee,0xd22
  witness[15] tail=25 r61=20 gh60=0x5b2db6a W1=0x152,0x18fc,0x1330 W2=0x5f,0x4,0x1fb1

Scan-only r61 registry
  registry_count=16 registry_cap=16
  r61_witness[00] r61=14 tail=23 gh60=0xc51857a W1=0x2c55,0x3c93,0x1858 W2=0x2b62,0x319b,0x30b5
  r61_witness[01] r61=15 tail=30 gh60=0x4a09cee W1=0x1f,0xed2,0x1be0 W2=0x3f2c,0x3929,0x98
  r61_witness[02] r61=15 tail=41 gh60=0x4b85c9a W1=0x212a,0x2ece,0x4a8 W2=0x2037,0x1117,0x3ef0
  r61_witness[03] r61=16 tail=20 gh60=0xc51859a W1=0x24c5,0x251f,0x17b1 W2=0x23d2,0x1308,0x2dae
  r61_witness[04] r61=16 tail=24 gh60=0x4a1ddea W1=0x1e9e,0x1dac,0x18ce W2=0x1dab,0x1dfc,0x1296
  r61_witness[05] r61=16 tail=29 gh60=0x5e085ee W1=0x129f,0x392d,0x2378 W2=0x11ac,0x2ddb,0x37b1
  r61_witness[06] r61=16 tail=30 gh60=0x3a6879e W1=0x367,0x2340,0x2704 W2=0x274,0x1d9b,0x54d
  r61_witness[07] r61=16 tail=30 gh60=0x490c77a W1=0x135a,0x2d9,0x329b W2=0x1267,0x9aa,0x38a1
  r61_witness[08] r61=16 tail=32 gh60=0x4684c9a W1=0x36ea,0x1771,0xed8 W2=0x35f7,0xab4,0x234e
  r61_witness[09] r61=16 tail=33 gh60=0x4c87da6 W1=0x10ac,0x3050,0x3605 W2=0xfb9,0xd9b,0x13bb
  r61_witness[10] r61=16 tail=33 gh60=0xd6184ee W1=0x120f,0x2541,0x1862 W2=0x111c,0x22eb,0x2305
  r61_witness[11] r61=16 tail=34 gh60=0xc8abcbe W1=0x1137,0xb4a,0x26b1 W2=0x1044,0x3ba5,0x34fd
  r61_witness[12] r61=16 tail=35 gh60=0xc608ce6 W1=0x261b,0x1aa4,0x333b W2=0x2528,0x28ba,0x2822
  r61_witness[13] r61=16 tail=38 gh60=0x4485ca6 W1=0x1e3c,0x1cb4,0x296a W2=0x1d49,0x3e43,0x748
  r61_witness[14] r61=16 tail=40 gh60=0x46785a6 W1=0xc73,0x9e,0x2c99 W2=0xb80,0x1773,0xdad
  r61_witness[15] r61=17 tail=22 gh60=0xda14dea W1=0x289e,0x3382,0x2779 W2=0x27ab,0x2f56,0x39be

D60=0 fiber histogram: 1:7935 2:4811 3:1850 4:1135 5:409 6:247 7:93 8:70 9:29 10:21 11:3 12:10 13:6 14:2 15:2 16:2 17:1 18:1 19:2
