free_word_mitm_reducedn
N=14 mask=0x3fff msb=0x2000
candidate: M0=0x3d36 mode=random-fallback fill=0x3fff kernel=dM0=dM9=0x2000
prefixes=32768/268435456 mode=permuted-prefix-sample w59_per_prefix=16384 total=536870912
run_mode=scan registry_cap=16
sample_start=111509504
scan_elapsed=19.913s rate=26.96 Mtriples/s

D60 interface
  D60=0 matches: 32255 (random expectation 32768.0, enrichment 0.984x)
  prefixes with D60=0: 16504
  max D60=0 fiber per prefix: 17 at W57=0x2a81 W58=0x1b1a
  largest D60 bucket: D=0xb95 count=33806
  min D60 HW: 0
  D60 HW histogram: 0:32255 1:458205 2:2976255 3:11901580 4:32763583 5:65594173 6:98426822 7:112498328 8:98446717 9:65606899 10:32777891 11:11918847 12:2979175 13:457556 14:32626

Tail closure among D60=0 matches
  final tail collisions: 0
  best r61 HW: 12
  best r61 W1[57..59]=0x238b,0x35df,0x1a1a
  best r61 W2[57..59]=0x2298,0x1d28,0x1f85
  best tail HW: 21
  best tail r61 HW: 20
  best W1[57..59]=0x2c75,0xdeb,0x3436
  best W2[57..59]=0x2b82,0x3b91,0xa7

SUMMARY N=14 sample_start=111509504 prefixes=32768 total=536870912 d0=32255 best_tail=21 tail_r61=20 best_r61=12 tail_W1=0x2c75,0xdeb,0x3436 tail_W2=0x2b82,0x3b91,0xa7 r61_W1=0x238b,0x35df,0x1a1a r61_W2=0x2298,0x1d28,0x1f85

Scan-only witness registry
  registry_count=16 registry_cap=16
  witness[00] tail=21 r61=20 gh60=0x46685ba W1=0x2c75,0xdeb,0x3436 W2=0x2b82,0x3b91,0xa7
  witness[01] tail=23 r61=17 gh60=0x4e17bee W1=0x2d90,0x3cd1,0x3ccb W2=0x2c9d,0x2965,0x3bde
  witness[02] tail=23 r61=20 gh60=0xd91ff6a W1=0xfce,0x1f22,0x1627 W2=0xedb,0xc42,0x1a39
  witness[03] tail=23 r61=23 gh60=0xbb28f7a W1=0x755,0x2338,0x3e6f W2=0x662,0xf57,0x2427
  witness[04] tail=23 r61=23 gh60=0x4cf44ae W1=0x2c30,0x1953,0x3304 W2=0x2b3d,0x3574,0x3dc1
  witness[05] tail=24 r61=15 gh60=0xc8984ae W1=0x2b3f,0x3a24,0x17db W2=0x2a4c,0x19b4,0x3452
  witness[06] tail=24 r61=22 gh60=0xd984c9a W1=0x192a,0x10db,0x1a90 W2=0x1837,0x3a2,0x2c10
  witness[07] tail=25 r61=17 gh60=0x49e8b66 W1=0x15d3,0x2143,0x37d2 W2=0x14e0,0x3b31,0x1ca9
  witness[08] tail=25 r61=19 gh60=0x3d6849a W1=0x3429,0x161b,0xf8f W2=0x3336,0xba6,0x1847
  witness[09] tail=25 r61=20 gh60=0xc928b9a W1=0x9c5,0x19c4,0x5d1 W2=0x8d2,0x766,0x35eb
  witness[10] tail=25 r61=20 gh60=0x4a044fa W1=0x131a,0x32e2,0x3733 W2=0x1227,0x289f,0x500
  witness[11] tail=25 r61=20 gh60=0x7624dea W1=0x3892,0x386a,0x287e W2=0x379f,0x1052,0x226b
  witness[12] tail=25 r61=22 gh60=0x59a8bbe W1=0x1577,0x71c,0x2de6 W2=0x1484,0xea3,0x3be5
  witness[13] tail=25 r61=24 gh60=0xd9b8caa W1=0x6ed,0x3b6f,0xdf0 W2=0x5fa,0x6a,0x1b39
  witness[14] tail=25 r61=26 gh60=0x462fc9a W1=0xe06,0x17c6,0x529 W2=0xd13,0x2ed7,0xcb8
  witness[15] tail=25 r61=29 gh60=0xbe545fe W1=0x1a98,0x1db9,0x2c0b W2=0x19a5,0x30fa,0x1bb3

Scan-only r61 registry
  registry_count=16 registry_cap=16
  r61_witness[00] r61=12 tail=27 gh60=0x4a087e6 W1=0x238b,0x35df,0x1a1a W2=0x2298,0x1d28,0x1f85
  r61_witness[01] r61=14 tail=26 gh60=0x4a3cdfa W1=0x896,0x16c2,0x3a97 W2=0x7a3,0x3322,0x2e58
  r61_witness[02] r61=14 tail=33 gh60=0x5a045e6 W1=0x28c,0x2385,0x29c2 W2=0x199,0x3a3f,0x172b
  r61_witness[03] r61=14 tail=40 gh60=0xcb04566 W1=0x145c,0x144b,0x85a W2=0x1369,0x1685,0x1171
  r61_witness[04] r61=15 tail=24 gh60=0xc8984ae W1=0x2b3f,0x3a24,0x17db W2=0x2a4c,0x19b4,0x3452
  r61_witness[05] r61=15 tail=29 gh60=0x58a8bba W1=0x15b9,0x2a41,0x3e42 W2=0x14c6,0x399c,0x1cf0
  r61_witness[06] r61=15 tail=29 gh60=0xfa084ea W1=0x341d,0x48e,0x3a44 W2=0x332a,0x1dc0,0x3437
  r61_witness[07] r61=15 tail=30 gh60=0x491db6e W1=0x3de0,0x2c46,0x2fbd W2=0x3ced,0x1f52,0x2fa9
  r61_witness[08] r61=15 tail=38 gh60=0x4908b66 W1=0x394b,0x1e82,0x1e75 W2=0x3858,0x3460,0x1a82
  r61_witness[09] r61=16 tail=26 gh60=0xce847a6 W1=0x37c,0x18c0,0x184f W2=0x289,0x306,0x2d05
  r61_witness[10] r61=16 tail=27 gh60=0xd91ff6a W1=0xfce,0x1f22,0x667 W2=0xedb,0xc42,0xa79
  r61_witness[11] r61=16 tail=27 gh60=0xcb785be W1=0x2ab7,0x2cb2,0x3580 W2=0x29c4,0x2f68,0x2e2c
  r61_witness[12] r61=16 tail=31 gh60=0x48a9b9e W1=0x21a7,0x1002,0x11a8 W2=0x20b4,0x126,0x61d
  r61_witness[13] r61=16 tail=32 gh60=0x490449a W1=0x1b4a,0x330c,0xa6a W2=0x1a57,0x2b0c,0x1ac9
  r61_witness[14] r61=16 tail=33 gh60=0x4a085ee W1=0x1a9f,0x3654,0x39d9 W2=0x19ac,0x2d82,0x29a2
  r61_witness[15] r61=16 tail=34 gh60=0xc908766 W1=0x3bdb,0x36cc,0x1b71 W2=0x3ae8,0x28f7,0x2fea

D60=0 fiber histogram: 1:8045 2:4875 3:1708 4:1016 5:404 6:234 7:92 8:62 9:26 10:21 11:9 12:4 13:3 14:2 16:1 17:2
