free_word_mitm_reducedn
N=14 mask=0x3fff msb=0x2000
candidate: M0=0x3d36 mode=random-fallback fill=0x3fff kernel=dM0=dM9=0x2000
prefixes=32768/268435456 mode=permuted-prefix-sample w59_per_prefix=16384 total=536870912
run_mode=scan registry_cap=16
sample_start=203784192
scan_elapsed=19.743s rate=27.19 Mtriples/s

D60 interface
  D60=0 matches: 32486 (random expectation 32768.0, enrichment 0.991x)
  prefixes with D60=0: 16585
  max D60=0 fiber per prefix: 20 at W57=0x21b5 W58=0xb4d
  largest D60 bucket: D=0x2a52 count=33775
  min D60 HW: 0
  D60 HW histogram: 0:32486 1:457810 2:2975104 3:11918121 4:32781058 5:65625834 6:98482017 7:112542322 8:98398439 9:65542847 10:32749534 11:11900294 12:2975066 13:457680 14:32300

Tail closure among D60=0 matches
  final tail collisions: 0
  best r61 HW: 15
  best r61 W1[57..59]=0x32bc,0x131,0x1679
  best r61 W2[57..59]=0x31c9,0x2367,0xbec
  best tail HW: 21
  best tail r61 HW: 21
  best W1[57..59]=0x454,0xb7,0x1477
  best W2[57..59]=0x361,0x191b,0x3cb2

SUMMARY N=14 sample_start=203784192 prefixes=32768 total=536870912 d0=32486 best_tail=21 tail_r61=21 best_r61=15 tail_W1=0x454,0xb7,0x1477 tail_W2=0x361,0x191b,0x3cb2 r61_W1=0x32bc,0x131,0x1679 r61_W2=0x31c9,0x2367,0xbec

Scan-only witness registry
  registry_count=16 registry_cap=16
  witness[00] tail=21 r61=21 gh60=0x452c566 W1=0x454,0xb7,0x1477 W2=0x361,0x191b,0x3cb2
  witness[01] tail=22 r61=18 gh60=0xcb8c4a6 W1=0x19ec,0x122,0x3abe W2=0x18f9,0x2cfe,0x32e3
  witness[02] tail=24 r61=21 gh60=0x4a14dee W1=0x1890,0x24cc,0x2f3c W2=0x179d,0x1490,0x332b
  witness[03] tail=24 r61=21 gh60=0x377479a W1=0x33a6,0xbb0,0x2ff3 W2=0x32b3,0x1d8c,0xe66
  witness[04] tail=24 r61=22 gh60=0xc718f6a W1=0x275d,0x39a7,0x1bf3 W2=0x266a,0x2cae,0x157b
  witness[05] tail=24 r61=24 gh60=0x4e884a6 W1=0x34eb,0x662,0x1c12 W2=0x33f8,0x143f,0x19de
  witness[06] tail=24 r61=27 gh60=0xf8b8baa W1=0x15b1,0x2ddc,0x1d89 W2=0x14be,0x3e33,0x3f20
  witness[07] tail=25 r61=15 gh60=0x76744be W1=0x24f8,0x1ef3,0xc3c W2=0x2405,0x2e16,0x26f
  witness[08] tail=25 r61=15 gh60=0x491cb66 W1=0x39dc,0x2e4d,0x1401 W2=0x38e9,0x18,0x22a7
  witness[09] tail=25 r61=16 gh60=0x5a9bca6 W1=0x2ff3,0x1f1,0x1be1 W2=0x2f00,0x351f,0x2e83
  witness[10] tail=25 r61=20 gh60=0xdf8c4a6 W1=0x3aec,0x546,0x29c0 W2=0x39f9,0x2722,0xe3
  witness[11] tail=25 r61=21 gh60=0x4568ca6 W1=0x3633,0xe9c,0x33cb W2=0x3540,0xdc8,0x267b
  witness[12] tail=25 r61=23 gh60=0xfe6859e W1=0xa67,0x284d,0x154 W2=0x974,0x2ca6,0x1d37
  witness[13] tail=25 r61=23 gh60=0x4ffc4a6 W1=0xafc,0x3140,0x1b93 W2=0xa09,0x30c,0x2b87
  witness[14] tail=25 r61=24 gh60=0xd9ebba6 W1=0x31c3,0x13b2,0x2632 W2=0x30d0,0xc20,0x3bec
  witness[15] tail=25 r61=24 gh60=0x3f88da6 W1=0x366b,0x7b3,0x4ea W2=0x3578,0x2ff7,0x3c29

Scan-only r61 registry
  registry_count=16 registry_cap=16
  r61_witness[00] r61=15 tail=25 gh60=0x76744be W1=0x24f8,0x1ef3,0xc3c W2=0x2405,0x2e16,0x26f
  r61_witness[01] r61=15 tail=25 gh60=0x491cb66 W1=0x39dc,0x2e4d,0x1401 W2=0x38e9,0x18,0x22a7
  r61_witness[02] r61=15 tail=28 gh60=0x4d8c5a6 W1=0x32bc,0x131,0x1679 W2=0x31c9,0x2367,0xbec
  r61_witness[03] r61=15 tail=34 gh60=0x4a18de6 W1=0x289b,0x1bbe,0x16f1 W2=0x27a8,0xb6c,0x17c2
  r61_witness[04] r61=16 tail=25 gh60=0x5a9bca6 W1=0x2ff3,0x1f1,0x1be1 W2=0x2f00,0x351f,0x2e83
  r61_witness[05] r61=16 tail=28 gh60=0x4a27de6 W1=0xe94,0xe48,0xae3 W2=0xda1,0x3211,0x137d
  r61_witness[06] r61=16 tail=28 gh60=0xc90bb6a W1=0x2dcd,0x38ef,0x3329 W2=0x2cda,0x18ea,0xc2c
  r61_witness[07] r61=16 tail=30 gh60=0x44a859e W1=0x4a7,0x229a,0x15df W2=0x3b4,0x2869,0x1840
  r61_witness[08] r61=16 tail=30 gh60=0xc615cee W1=0x1e10,0x2ed9,0x34f6 W2=0x1d1d,0xf31,0x30a3
  r61_witness[09] r61=16 tail=31 gh60=0x4908b6a W1=0x55d,0x3b2a,0x3502 W2=0x46a,0x2919,0x1b19
  r61_witness[10] r61=16 tail=32 gh60=0x46245e6 W1=0xc94,0xdd5,0x274 W2=0xba1,0x249f,0x3538
  r61_witness[11] r61=16 tail=33 gh60=0x4989ba6 W1=0x17b,0x2cad,0x27ac W2=0x88,0x335f,0x3d2b
  r61_witness[12] r61=16 tail=33 gh60=0xcd08d6e W1=0x65f,0x1917,0x3fa2 W2=0x56c,0x63a,0x1444
  r61_witness[13] r61=16 tail=33 gh60=0x48884ae W1=0x1d3f,0x2d7d,0x3eac W2=0x1c4c,0x198d,0x373c
  r61_witness[14] r61=16 tail=33 gh60=0x4609dea W1=0x1e91,0x1fc5,0x1544 W2=0x1d9e,0x2024,0x6f3
  r61_witness[15] r61=16 tail=34 gh60=0x4a88ca6 W1=0x36fb,0x17b4,0x650 W2=0x3608,0x4c0,0x3f3f

D60=0 fiber histogram: 1:8108 2:4804 3:1744 4:1097 5:407 6:212 7:70 8:74 9:25 10:15 11:10 12:3 13:5 14:5 16:3 17:1 20:2
