free_word_mitm_reducedn
N=14 mask=0x3fff msb=0x2000
candidate: M0=0x3d36 mode=random-fallback fill=0x3fff kernel=dM0=dM9=0x2000
prefixes=32768/268435456 mode=permuted-prefix-sample w59_per_prefix=16384 total=536870912
run_mode=scan registry_cap=16
sample_start=89292800
scan_elapsed=13.559s rate=39.60 Mtriples/s

D60 interface
  D60=0 matches: 32853 (random expectation 32768.0, enrichment 1.003x)
  prefixes with D60=0: 16664
  max D60=0 fiber per prefix: 17 at W57=0x25e2 W58=0x2021
  largest D60 bucket: D=0x322c count=33862
  min D60 HW: 0
  D60 HW histogram: 0:32853 1:458315 2:2976203 3:11920261 4:32783013 5:65599407 6:98445642 7:112514488 8:98436591 9:65583494 10:32760115 11:11898152 12:2973436 13:456405 14:32537

Tail closure among D60=0 matches
  final tail collisions: 0
  best r61 HW: 10
  best r61 W1[57..59]=0x3a1f,0x39eb,0x15e9
  best r61 W2[57..59]=0x392c,0x3701,0x2921
  best tail HW: 21
  best tail r61 HW: 14
  best W1[57..59]=0x3f97,0x3993,0x1465
  best W2[57..59]=0x3ea4,0x3062,0x504

SUMMARY N=14 sample_start=89292800 prefixes=32768 total=536870912 d0=32853 best_tail=21 tail_r61=14 best_r61=10 tail_W1=0x3f97,0x3993,0x1465 tail_W2=0x3ea4,0x3062,0x504 r61_W1=0x3a1f,0x39eb,0x15e9 r61_W2=0x392c,0x3701,0x2921

Scan-only witness registry
  registry_count=16 registry_cap=16
  witness[00] tail=21 r61=14 gh60=0x4a29ffe W1=0x3f97,0x3993,0x1465 W2=0x3ea4,0x3062,0x504
  witness[01] tail=22 r61=20 gh60=0x590bf6a W1=0x2fdd,0x3d05,0x3069 W2=0x2eea,0x1c10,0x1898
  witness[02] tail=22 r61=23 gh60=0x595db9e W1=0x1dc8,0x13bc,0x2833 W2=0x1cd5,0xf19,0x7ed
  witness[03] tail=23 r61=21 gh60=0xf738c9a W1=0x849,0x205f,0x16bf W2=0x756,0x3b5,0x3209
  witness[04] tail=24 r61=21 gh60=0x4b8cca6 W1=0x72c,0x9fa,0x364c W2=0x639,0x1697,0x3991
  witness[05] tail=24 r61=21 gh60=0x45885aa W1=0x14c1,0x2f50,0x15e W2=0x13ce,0x3dd8,0x266c
  witness[06] tail=24 r61=22 gh60=0xcf1ccaa W1=0x642,0x366,0x3b37 W2=0x54f,0xafa,0x225b
  witness[07] tail=24 r61=22 gh60=0x5768766 W1=0x2b53,0xb19,0x1ee7 W2=0x2a60,0x33e2,0x2a71
  witness[08] tail=24 r61=23 gh60=0x5ea476a W1=0x2b62,0x2a2e,0x77d W2=0x2a6f,0x1f9d,0x478
  witness[09] tail=24 r61=24 gh60=0xbca4cea W1=0x2822,0x2410,0x2944 W2=0x272f,0x27a0,0x285c
  witness[10] tail=25 r61=17 gh60=0xca28d9e W1=0x1687,0x1aee,0x2003 W2=0x1594,0x328c,0x3e3
  witness[11] tail=25 r61=18 gh60=0x4d8c5a6 W1=0x3a6c,0x3112,0x2b03 W2=0x3979,0x16c6,0x268
  witness[12] tail=25 r61=21 gh60=0x44bbcaa W1=0x2e41,0x211e,0x1402 W2=0x2d4e,0x1e11,0x3c77
  witness[13] tail=25 r61=22 gh60=0xbf69cba W1=0x39,0x3a1d,0xc9f W2=0x3f46,0x1a9c,0x1658
  witness[14] tail=25 r61=24 gh60=0x3e7c4fa W1=0x1516,0x34c7,0x1c3 W2=0x1423,0x27d0,0x17fb
  witness[15] tail=25 r61=25 gh60=0x496bb7a W1=0x31d5,0x3ae9,0xa42 W2=0x30e2,0x1824,0x3e51

Scan-only r61 registry
  registry_count=16 registry_cap=16
  r61_witness[00] r61=10 tail=31 gh60=0x4a084ee W1=0x3a1f,0x39eb,0x15e9 W2=0x392c,0x3701,0x2921
  r61_witness[01] r61=12 tail=29 gh60=0x4604ce6 W1=0x270c,0x2e1c,0x180c W2=0x2619,0x3d3f,0x1d69
  r61_witness[02] r61=13 tail=26 gh60=0x44885aa W1=0xcb1,0xcf9,0x3480 W2=0xbbe,0xb11,0x2074
  r61_witness[03] r61=13 tail=29 gh60=0xc48fdaa W1=0x2eae,0x1d9,0x3df3 W2=0x2dbb,0x2ac1,0x4de
  r61_witness[04] r61=14 tail=21 gh60=0x4a29ffe W1=0x3f97,0x3993,0x1465 W2=0x3ea4,0x3062,0x504
  r61_witness[05] r61=15 tail=26 gh60=0x5a09fee W1=0x1f8f,0x3124,0x3879 W2=0x1e9c,0x27f3,0x1e59
  r61_witness[06] r61=15 tail=31 gh60=0x4a244aa W1=0x502,0x1a6,0x28cd W2=0x40f,0x7fb,0x79d
  r61_witness[07] r61=16 tail=26 gh60=0x4a784be W1=0x11f7,0x3e46,0x995 W2=0x1104,0x1be4,0x586
  r61_witness[08] r61=16 tail=29 gh60=0xba044fa W1=0xa1a,0x1fff,0x267c W2=0x927,0x4ec,0x32ac
  r61_witness[09] r61=16 tail=30 gh60=0x4a084ee W1=0x3a1f,0x39eb,0x2dcb W2=0x392c,0x3701,0x103
  r61_witness[10] r61=16 tail=31 gh60=0x4c884aa W1=0x323d,0x269d,0x2db1 W2=0x314a,0x38c9,0x15d0
  r61_witness[11] r61=16 tail=32 gh60=0xce885aa W1=0x46d,0x38b3,0x13f7 W2=0x37a,0x5d7,0x2504
  r61_witness[12] r61=16 tail=32 gh60=0x38887aa W1=0x2bb1,0x8d4,0xbd7 W2=0x2abe,0x92c,0x64b
  r61_witness[13] r61=16 tail=35 gh60=0xb6244e6 W1=0x1214,0xaa6,0x2ae6 W2=0x1121,0x148e,0x377d
  r61_witness[14] r61=16 tail=35 gh60=0x5b0459a W1=0x3aca,0x32b8,0x2346 W2=0x39d7,0x2ea0,0x1ba9
  r61_witness[15] r61=16 tail=38 gh60=0xcca44e6 W1=0xa24,0xa0d,0x3346 W2=0x931,0x783,0x3cfd

D60=0 fiber histogram: 1:8059 2:4799 3:1842 4:1139 5:399 6:216 7:64 8:68 9:27 10:23 11:10 12:6 13:5 14:1 15:1 16:3 17:2
