free_word_mitm_reducedn
N=14 mask=0x3fff msb=0x2000
candidate: M0=0x3d36 mode=random-fallback fill=0x3fff kernel=dM0=dM9=0x2000
prefixes=32768/268435456 mode=permuted-prefix-sample w59_per_prefix=16384 total=536870912
run_mode=scan registry_cap=16
sample_start=229801984
scan_elapsed=17.639s rate=30.44 Mtriples/s

D60 interface
  D60=0 matches: 32759 (random expectation 32768.0, enrichment 1.000x)
  prefixes with D60=0: 16598
  max D60=0 fiber per prefix: 19 at W57=0xb65 W58=0x102
  largest D60 bucket: D=0x2c5e count=33842
  min D60 HW: 0
  D60 HW histogram: 0:32759 1:457832 2:2975606 3:11913096 4:32790023 5:65632258 6:98478362 7:112549739 8:98408447 9:65547135 10:32734295 11:11892191 12:2968921 13:457651 14:32597

Tail closure among D60=0 matches
  final tail collisions: 0
  best r61 HW: 13
  best r61 W1[57..59]=0x69c,0x3d64,0x24d
  best r61 W2[57..59]=0x5a9,0x1793,0x618
  best tail HW: 21
  best tail r61 HW: 19
  best W1[57..59]=0x13db,0x278e,0x22de
  best W2[57..59]=0x12e8,0x223f,0x2f6e

SUMMARY N=14 sample_start=229801984 prefixes=32768 total=536870912 d0=32759 best_tail=21 tail_r61=19 best_r61=13 tail_W1=0x13db,0x278e,0x22de tail_W2=0x12e8,0x223f,0x2f6e r61_W1=0x69c,0x3d64,0x24d r61_W2=0x5a9,0x1793,0x618

Scan-only witness registry
  registry_count=16 registry_cap=16
  witness[00] tail=21 r61=18 gh60=0x4898caa W1=0x193d,0x3371,0xa7e W2=0x184a,0x5dc,0x1daa
  witness[01] tail=21 r61=19 gh60=0x7978766 W1=0x13db,0x278e,0x22de W2=0x12e8,0x223f,0x2f6e
  witness[02] tail=23 r61=24 gh60=0xfe85da6 W1=0x1e6c,0x3b44,0x505 W2=0x1d79,0x117b,0x7c8
  witness[03] tail=24 r61=15 gh60=0x4a1cdee W1=0x2890,0x3615,0x24b3 W2=0x279d,0x1ad5,0x11ad
  witness[04] tail=24 r61=19 gh60=0x5489daa W1=0x20c1,0x519,0x39dc W2=0x1fce,0x3ce4,0xe23
  witness[05] tail=24 r61=26 gh60=0xc778b6e W1=0x394f,0x25ee,0x355d W2=0x385c,0x2c11,0x3531
  witness[06] tail=25 r61=20 gh60=0xce285fa W1=0x1299,0x23a,0x134c W2=0x11a6,0x2fda,0x3288
  witness[07] tail=25 r61=21 gh60=0xc904b7a W1=0x55a,0x1425,0x874 W2=0x467,0x3e5d,0x2f89
  witness[08] tail=25 r61=21 gh60=0xdd08d6a W1=0x661,0x2eef,0x21e9 W2=0x56e,0x2c52,0x2f25
  witness[09] tail=25 r61=22 gh60=0x7a7cdee W1=0x890,0x3035,0x2c40 W2=0x79d,0x14f5,0x1d0c
  witness[10] tail=25 r61=22 gh60=0xc9d477a W1=0xb56,0x21ed,0x3fac W2=0xa63,0x1cd2,0x35f0
  witness[11] tail=25 r61=22 gh60=0xd778be6 W1=0x25a3,0xdef,0x3c3c W2=0x24b0,0x13dd,0xab2
  witness[12] tail=25 r61=22 gh60=0x4e3c4fa W1=0x351a,0x3979,0x3614 W2=0x3427,0x2eb6,0x3021
  witness[13] tail=25 r61=23 gh60=0xce94baa W1=0x97e,0x5c7,0x3c03 W2=0x88b,0x28f,0x3d0f
  witness[14] tail=25 r61=23 gh60=0xfe9bcae W1=0x2eef,0x2ec9,0x2d87 W2=0x2dfc,0x342c,0x3f0d
  witness[15] tail=25 r61=23 gh60=0x5ad449a W1=0x3346,0x1ca5,0x2842 W2=0x3253,0x14f7,0x23d0

Scan-only r61 registry
  registry_count=16 registry_cap=16
  r61_witness[00] r61=13 tail=36 gh60=0xca04de6 W1=0x69c,0x3d64,0x24d W2=0x5a9,0x1793,0x618
  r61_witness[01] r61=14 tail=27 gh60=0x44f9daa W1=0x1ead,0x2c9f,0x2406 W2=0x1dba,0x3a72,0x3c02
  r61_witness[02] r61=14 tail=30 gh60=0xca07de6 W1=0x2e9c,0x8fb,0x3406 W2=0x2da9,0x162c,0x29d1
  r61_witness[03] r61=15 tail=24 gh60=0x4a1cdee W1=0x2890,0x3615,0x24b3 W2=0x279d,0x1ad5,0x11ad
  r61_witness[04] r61=15 tail=29 gh60=0x48ac4a6 W1=0x1334,0x2a28,0x3ab3 W2=0x1241,0x2b94,0x3bf9
  r61_witness[05] r61=15 tail=30 gh60=0x4978b7a W1=0x1559,0x936,0x3f8 W2=0x1466,0x1a71,0x9e3
  r61_witness[06] r61=15 tail=30 gh60=0x4e885aa W1=0x226d,0x31df,0x2b1 W2=0x217a,0x3e83,0xf56
  r61_witness[07] r61=15 tail=36 gh60=0xc4944ae W1=0x430,0xe00,0x2667 W2=0x33d,0x2aa1,0x15b1
  r61_witness[08] r61=15 tail=38 gh60=0x4b0db7a W1=0x21da,0x106b,0x22e5 W2=0x20e7,0x3867,0x3027
  r61_witness[09] r61=16 tail=26 gh60=0x3b844ba W1=0x1c3a,0x24a0,0x121c W2=0x1b47,0x1997,0x3dc3
  r61_witness[10] r61=16 tail=31 gh60=0x4e884aa W1=0x3f1,0x3c4e,0x3f4f W2=0x2fe,0x14e,0x3eaf
  r61_witness[11] r61=16 tail=31 gh60=0x46885a6 W1=0x246b,0x1694,0x25e5 W2=0x2378,0xd59,0x3111
  r61_witness[12] r61=16 tail=31 gh60=0x4d14d6e W1=0x3860,0x2668,0x2d2f W2=0x376d,0x1eb0,0xba4
  r61_witness[13] r61=16 tail=31 gh60=0x4b38b7a W1=0x39d9,0xf1e,0x11 W2=0x38e6,0x1d19,0x1838
  r61_witness[14] r61=16 tail=31 gh60=0x4518566 W1=0x3c4b,0x2553,0x373a W2=0x3b58,0x2ca2,0x3970
  r61_witness[15] r61=16 tail=34 gh60=0xda68566 W1=0x2263,0x7d1,0x34f7 W2=0x2170,0x3918,0x3256

D60=0 fiber histogram: 1:8011 2:4771 3:1875 4:1076 5:434 6:221 7:69 8:77 9:26 10:16 11:6 12:7 13:2 14:3 16:2 19:2
