free_word_mitm_reducedn
N=14 mask=0x3fff msb=0x2000
candidate: M0=0x3d36 mode=random-fallback fill=0x3fff kernel=dM0=dM9=0x2000
prefixes=32768/268435456 mode=permuted-prefix-sample w59_per_prefix=16384 total=536870912
run_mode=scan registry_cap=16
sample_start=244514816
scan_elapsed=16.865s rate=31.83 Mtriples/s

D60 interface
  D60=0 matches: 32442 (random expectation 32768.0, enrichment 0.990x)
  prefixes with D60=0: 16431
  max D60=0 fiber per prefix: 17 at W57=0xf70 W58=0x1f6a
  largest D60 bucket: D=0x2c9b count=33803
  min D60 HW: 0
  D60 HW histogram: 0:32442 1:457695 2:2973339 3:11896861 4:32750402 5:65573808 6:98438954 7:112547052 8:98466244 9:65602416 10:32762077 11:11904927 12:2973783 13:457940 14:32972

Tail closure among D60=0 matches
  final tail collisions: 0
  best r61 HW: 12
  best r61 W1[57..59]=0x1bcb,0x29d1,0x2b12
  best r61 W2[57..59]=0x1ad8,0x2710,0x397e
  best tail HW: 22
  best tail r61 HW: 18
  best W1[57..59]=0x228b,0x359e,0x152e
  best W2[57..59]=0x2198,0x657,0x1dd4

SUMMARY N=14 sample_start=244514816 prefixes=32768 total=536870912 d0=32442 best_tail=22 tail_r61=18 best_r61=12 tail_W1=0x228b,0x359e,0x152e tail_W2=0x2198,0x657,0x1dd4 r61_W1=0x1bcb,0x29d1,0x2b12 r61_W2=0x1ad8,0x2710,0x397e

Scan-only witness registry
  registry_count=16 registry_cap=16
  witness[00] tail=22 r61=18 gh60=0xca085e6 W1=0x228b,0x359e,0x152e W2=0x2198,0x657,0x1dd4
  witness[01] tail=22 r61=18 gh60=0xdd945ae W1=0x2a70,0x1a5f,0x24f6 W2=0x297d,0x3d98,0x1d46
  witness[02] tail=22 r61=24 gh60=0xd4b849a W1=0x1a29,0x1f43,0x2146 W2=0x1936,0x12d4,0x36f7
  witness[03] tail=22 r61=25 gh60=0xcbbc4ba W1=0x143a,0x14d2,0x1a79 W2=0x1347,0xb49,0x3e9
  witness[04] tail=23 r61=25 gh60=0xcefbbaa W1=0x1181,0x2a5c,0x2942 W2=0x108e,0x18db,0x3799
  witness[05] tail=24 r61=19 gh60=0x3bbc4a6 W1=0xd34,0x22a3,0x3d5 W2=0xc41,0x3111,0xab8
  witness[06] tail=24 r61=22 gh60=0xbe1cfe6 W1=0x794,0x36d8,0x18a0 W2=0x6a1,0x1fb3,0x623
  witness[07] tail=24 r61=24 gh60=0xce55c9e W1=0x1ee8,0x3cbe,0xe16 W2=0x1df5,0x5b3,0x82f
  witness[08] tail=25 r61=14 gh60=0x5a045fa W1=0xa9a,0x204b,0x2d99 W2=0x9a7,0xd60,0x2b58
  witness[09] tail=25 r61=18 gh60=0x4998faa W1=0x77d,0x1149,0x48f W2=0x68a,0x3ebc,0x16b5
  witness[10] tail=25 r61=21 gh60=0xf524d66 W1=0x28d4,0x3a8d,0x20a6 W2=0x27e1,0xf50,0x1583
  witness[11] tail=25 r61=22 gh60=0xc91bb66 W1=0x2dcb,0x949,0x1923 W2=0x2cd8,0x1a5,0x218e
  witness[12] tail=25 r61=23 gh60=0x4cb5d9e W1=0x1ea8,0x3942,0x148a W2=0x1db5,0x197,0x80b
  witness[13] tail=25 r61=23 gh60=0x4dbcda6 W1=0x266c,0xe66,0x276a W2=0x2579,0x279b,0x14b0
  witness[14] tail=25 r61=24 gh60=0x4a847ba W1=0x237a,0x390f,0x6dd W2=0x2287,0x2c5e,0xe69
  witness[15] tail=25 r61=25 gh60=0x4aecfe6 W1=0x1794,0x19c8,0x2935 W2=0x16a1,0xda7,0x16bd

Scan-only r61 registry
  registry_count=16 registry_cap=16
  r61_witness[00] r61=12 tail=39 gh60=0x5908766 W1=0x1bcb,0x29d1,0x2b12 W2=0x1ad8,0x2710,0x397e
  r61_witness[01] r61=14 tail=25 gh60=0x5a045fa W1=0xa9a,0x204b,0x2d99 W2=0x9a7,0xd60,0x2b58
  r61_witness[02] r61=14 tail=36 gh60=0xc905f7a W1=0x1f5a,0xaaa,0xf67 W2=0x1e67,0x3cbe,0x3a2a
  r61_witness[03] r61=15 tail=26 gh60=0x4b14b6e W1=0x3950,0x1962,0x1314 W2=0x385d,0x2386,0x21f5
  r61_witness[04] r61=15 tail=30 gh60=0x3a284e6 W1=0x1413,0x1e64,0x1914 W2=0x1320,0x3e5b,0x3a59
  r61_witness[05] r61=15 tail=31 gh60=0x54884aa W1=0x3a41,0x3c7c,0xb1 W2=0x394e,0x10ec,0x3312
  r61_witness[06] r61=16 tail=28 gh60=0x4a184ea W1=0x3a21,0x1abe,0x1688 W2=0x392e,0x2fb4,0x3f41
  r61_witness[07] r61=16 tail=29 gh60=0xc52456a W1=0x452,0x1111,0x39de W2=0x35f,0x19ac,0xf1c
  r61_witness[08] r61=16 tail=29 gh60=0x4b0856e W1=0x32cf,0x1b5c,0x3849 W2=0x31dc,0xaa6,0xedb
  r61_witness[09] r61=16 tail=31 gh60=0xcc884a6 W1=0xa2b,0x1fe7,0x19a8 W2=0x938,0x2c42,0x21e
  r61_witness[10] r61=16 tail=32 gh60=0x748c4aa W1=0x122e,0x6bd,0x5cf W2=0x113b,0x1bfe,0x25d5
  r61_witness[11] r61=16 tail=32 gh60=0xcd2849e W1=0x2a47,0x3c72,0xabd W2=0x2954,0x861,0x340f
  r61_witness[12] r61=16 tail=33 gh60=0x3a8c59a W1=0x1c6a,0x14fc,0xb72 W2=0x1b77,0x1396,0x1940
  r61_witness[13] r61=16 tail=34 gh60=0x4928f9a W1=0x7c9,0x1a91,0x221 W2=0x6d6,0x19f7,0x33ba
  r61_witness[14] r61=16 tail=37 gh60=0x453456e W1=0x14e0,0x1c83,0x15b4 W2=0x13ed,0x172a,0x11c8
  r61_witness[15] r61=16 tail=37 gh60=0x4b08b6a W1=0x1951,0x54c,0x16be W2=0x185e,0x1347,0x10db

D60=0 fiber histogram: 1:7955 2:4753 3:1747 4:1119 5:409 6:227 7:90 8:54 9:34 10:16 11:11 12:9 13:2 14:3 15:1 17:1
