free_word_mitm_reducedn
N=14 mask=0x3fff msb=0x2000
candidate: M0=0x3d36 mode=random-fallback fill=0x3fff kernel=dM0=dM9=0x2000
prefixes=32768/268435456 mode=permuted-prefix-sample w59_per_prefix=16384 total=536870912
run_mode=scan registry_cap=16
sample_start=169017344
scan_elapsed=16.753s rate=32.05 Mtriples/s

D60 interface
  D60=0 matches: 32436 (random expectation 32768.0, enrichment 0.990x)
  prefixes with D60=0: 16514
  max D60=0 fiber per prefix: 18 at W57=0x30cc W58=0x7a0
  largest D60 bucket: D=0xc60 count=33741
  min D60 HW: 0
  D60 HW histogram: 0:32436 1:459653 2:2989072 3:11946171 4:32832246 5:65626143 6:98399753 7:112426189 8:98377494 9:65580932 10:32794449 11:11932821 12:2980796 13:460081 14:32676

Tail closure among D60=0 matches
  final tail collisions: 0
  best r61 HW: 15
  best r61 W1[57..59]=0x2f6c,0x280d,0x1ce7
  best r61 W2[57..59]=0x2e79,0x35c,0xbc6
  best tail HW: 22
  best tail r61 HW: 21
  best W1[57..59]=0x269,0x3842,0xa92
  best W2[57..59]=0x176,0x14fd,0x11cd

SUMMARY N=14 sample_start=169017344 prefixes=32768 total=536870912 d0=32436 best_tail=22 tail_r61=21 best_r61=15 tail_W1=0x269,0x3842,0xa92 tail_W2=0x176,0x14fd,0x11cd r61_W1=0x2f6c,0x280d,0x1ce7 r61_W2=0x2e79,0x35c,0xbc6

Scan-only witness registry
  registry_count=16 registry_cap=16
  witness[00] tail=22 r61=16 gh60=0x4f25ca6 W1=0x3f44,0x1aef,0x139 W2=0x3e51,0x92e,0x3ced
  witness[01] tail=22 r61=18 gh60=0x3f18566 W1=0x2c4b,0xa0d,0x2d4a W2=0x2b58,0x3e58,0x705
  witness[02] tail=22 r61=20 gh60=0x49a849e W1=0x14e7,0x3b1e,0x1058 W2=0x13f4,0x955,0x3643
  witness[03] tail=22 r61=21 gh60=0xd5b859a W1=0x269,0x3842,0xa92 W2=0x176,0x14fd,0x11cd
  witness[04] tail=23 r61=16 gh60=0x4988cae W1=0x38ef,0xc49,0x2703 W2=0x37fc,0x3628,0x1c15
  witness[05] tail=23 r61=20 gh60=0x4664caa W1=0x8f2,0xad,0xc54 W2=0x7ff,0x371,0x1900
  witness[06] tail=24 r61=18 gh60=0x3d0856a W1=0x3c61,0x24ad,0x12ea W2=0x3b6e,0x2ab3,0x3877
  witness[07] tail=24 r61=20 gh60=0x4ad44fe W1=0x218,0x3608,0x35fd W2=0x125,0x35a1,0x2499
  witness[08] tail=24 r61=20 gh60=0x48f8b66 W1=0x5cb,0x3b2,0x3404 W2=0x4d8,0x98c,0x2523
  witness[09] tail=24 r61=20 gh60=0xfb58c9a W1=0x829,0x1e0,0x3283 W2=0x736,0x22ee,0x171a
  witness[10] tail=24 r61=21 gh60=0x4709b6a W1=0x14d,0x1b7d,0x3dd6 W2=0x5a,0x2bc,0x3139
  witness[11] tail=24 r61=22 gh60=0xca0c4ea W1=0x250e,0x147c,0x2112 W2=0x241b,0x1b83,0x7e0
  witness[12] tail=24 r61=23 gh60=0xcd885a6 W1=0x127b,0x7cf,0x35f W2=0x1188,0x2c84,0x1e92
  witness[13] tail=25 r61=18 gh60=0xc4afde6 W1=0xea4,0x1915,0x839 W2=0xdb1,0x3c6e,0x7cb
  witness[14] tail=25 r61=18 gh60=0x460fbea W1=0x118e,0x27f2,0x25a6 W2=0x109b,0x17be,0x3e14
  witness[15] tail=25 r61=20 gh60=0xca184a6 W1=0x2403,0x3675,0x2207 W2=0x2310,0x670,0x3108

Scan-only r61 registry
  registry_count=16 registry_cap=16
  r61_witness[00] r61=15 tail=27 gh60=0x4d0457a W1=0xada,0x29c7,0x1563 W2=0x9e7,0x1648,0x28fa
  r61_witness[01] r61=15 tail=28 gh60=0x4a244ea W1=0x1412,0x3685,0x1ac6 W2=0x131f,0xa84,0x326c
  r61_witness[02] r61=15 tail=28 gh60=0xfd0bd6a W1=0x2ed1,0x3849,0x2b44 W2=0x2dde,0x2918,0x354a
  r61_witness[03] r61=15 tail=29 gh60=0x450c49a W1=0x344a,0x2da6,0x3449 W2=0x3357,0x236c,0x1bf
  r61_witness[04] r61=15 tail=30 gh60=0xc68ffa6 W1=0x2f6c,0x280d,0x1ce7 W2=0x2e79,0x35c,0xbc6
  r61_witness[05] r61=15 tail=33 gh60=0x4a087ea W1=0xb8d,0x2cf9,0x118d W2=0xa9a,0x1bc3,0x18e1
  r61_witness[06] r61=16 tail=22 gh60=0x4f25ca6 W1=0x3f44,0x1aef,0x139 W2=0x3e51,0x92e,0x3ced
  r61_witness[07] r61=16 tail=23 gh60=0x4988cae W1=0x38ef,0xc49,0x2703 W2=0x37fc,0x3628,0x1c15
  r61_witness[08] r61=16 tail=29 gh60=0xca28dfe W1=0x2697,0x11fc,0xeb W2=0x25a4,0x183b,0x1ec8
  r61_witness[09] r61=16 tail=30 gh60=0x4a085ea W1=0x32a1,0xe68,0x1a9c W2=0x31ae,0x1cf6,0xe96
  r61_witness[10] r61=16 tail=32 gh60=0xcb04d7a W1=0x16da,0x3fb,0x1570 W2=0x15e7,0x1c3,0x29f9
  r61_witness[11] r61=16 tail=33 gh60=0x4507d66 W1=0xe4c,0x22b,0xe9b W2=0xd59,0x8d8,0x1304
  r61_witness[12] r61=16 tail=34 gh60=0x4a2bb9a W1=0x2d89,0x300f,0x1463 W2=0x2c96,0x1b27,0x18a5
  r61_witness[13] r61=16 tail=35 gh60=0xca0fdea W1=0xe9e,0x3244,0x36c W2=0xdab,0x2590,0x692
  r61_witness[14] r61=16 tail=35 gh60=0x4908b6a W1=0x255d,0x3322,0x28be W2=0x246a,0x2909,0x2e35
  r61_witness[15] r61=16 tail=37 gh60=0x4b27ba6 W1=0xdc4,0x3c8f,0x37ff W2=0xcd1,0x2ff6,0x178b

D60=0 fiber histogram: 1:8084 2:4742 3:1717 4:1101 5:415 6:227 7:88 8:78 9:25 10:17 11:11 12:4 13:3 15:1 18:1
