free_word_mitm_reducedn
N=14 mask=0x3fff msb=0x2000
candidate: M0=0x3d36 mode=random-fallback fill=0x3fff kernel=dM0=dM9=0x2000
prefixes=32768/268435456 mode=permuted-prefix-sample w59_per_prefix=16384 total=536870912
run_mode=scan registry_cap=16
sample_start=112852992
scan_elapsed=18.733s rate=28.66 Mtriples/s

D60 interface
  D60=0 matches: 32354 (random expectation 32768.0, enrichment 0.987x)
  prefixes with D60=0: 16403
  max D60=0 fiber per prefix: 26 at W57=0x3d56 W58=0x3de5
  largest D60 bucket: D=0x32d2 count=33702
  min D60 HW: 0
  D60 HW histogram: 0:32354 1:457158 2:2975962 3:11917456 4:32803383 5:65637413 6:98471553 7:112509367 8:98379319 9:65539633 10:32760013 11:11915685 12:2980260 13:458661 14:32695

Tail closure among D60=0 matches
  final tail collisions: 0
  best r61 HW: 14
  best r61 W1[57..59]=0x3546,0x2364,0x20a0
  best r61 W2[57..59]=0x3453,0x1936,0x22f
  best tail HW: 19
  best tail r61 HW: 20
  best W1[57..59]=0x37a0,0x1e55,0xb11
  best W2[57..59]=0x36ad,0x2315,0xd20

SUMMARY N=14 sample_start=112852992 prefixes=32768 total=536870912 d0=32354 best_tail=19 tail_r61=20 best_r61=14 tail_W1=0x37a0,0x1e55,0xb11 tail_W2=0x36ad,0x2315,0xd20 r61_W1=0x3546,0x2364,0x20a0 r61_W2=0x3453,0x1936,0x22f

Scan-only witness registry
  registry_count=16 registry_cap=16
  witness[00] tail=19 r61=20 gh60=0xca3cfee W1=0x37a0,0x1e55,0xb11 W2=0x36ad,0x2315,0xd20
  witness[01] tail=22 r61=18 gh60=0xcc9dca6 W1=0x3e2c,0x3833,0x9a9 W2=0x3d39,0x19ce,0xbb2
  witness[02] tail=23 r61=20 gh60=0x7a68d9a W1=0x869,0x3c28,0xbe1 W2=0x776,0x15a2,0x1d4d
  witness[03] tail=24 r61=19 gh60=0x498dcaa W1=0x3f2e,0x1a0b,0x59f W2=0x3e3b,0x200b,0x22fa
  witness[04] tail=24 r61=21 gh60=0x5574caa W1=0x382e,0xead,0x116c W2=0x373b,0x1fed,0xa92
  witness[05] tail=25 r61=16 gh60=0xc509d66 W1=0x1edb,0x3633,0x164e W2=0x1de8,0x11f3,0x369f
  witness[06] tail=25 r61=17 gh60=0xd618ce6 W1=0x813,0xfc,0x12db W2=0x720,0xa2e,0x1387
  witness[07] tail=25 r61=19 gh60=0x4b884aa W1=0x29ed,0x3ec0,0x1bbc W2=0x28fa,0x1fc,0x1c51
  witness[08] tail=25 r61=20 gh60=0x4a18ce6 W1=0x61b,0xaee,0xf7c W2=0x528,0x1904,0x1af5
  witness[09] tail=25 r61=20 gh60=0xdef8d7a W1=0x3655,0xbd,0x10b W2=0x3562,0x3aac,0x1da0
  witness[10] tail=25 r61=21 gh60=0xfa89fa6 W1=0x1f6b,0xa1f,0x2dd1 W2=0x1e78,0x3265,0x10d3
  witness[11] tail=25 r61=21 gh60=0xf587c9a W1=0x302a,0x39f8,0x2d6d W2=0x2f37,0xe7d,0x21a4
  witness[12] tail=25 r61=22 gh60=0xb708d6a W1=0x8d1,0x2006,0xb96 W2=0x7de,0x2075,0x302a
  witness[13] tail=25 r61=23 gh60=0xca64b66 W1=0x9e4,0xc5d,0x37c7 W2=0x8f1,0x954,0x1965
  witness[14] tail=25 r61=23 gh60=0x56d8bfe W1=0x1597,0x23a9,0x1e44 W2=0x14a4,0x2d38,0xa16
  witness[15] tail=25 r61=24 gh60=0x4e1c5e6 W1=0x3a8c,0x14b1,0x245f W2=0x3999,0x3671,0x2d83

Scan-only r61 registry
  registry_count=16 registry_cap=16
  r61_witness[00] r61=14 tail=29 gh60=0x36944ae W1=0x2d00,0x279f,0x370 W2=0x2c0d,0x1530,0x354d
  r61_witness[01] r61=14 tail=29 gh60=0x492c49a W1=0x3546,0x2364,0x20a0 W2=0x3453,0x1936,0x22f
  r61_witness[02] r61=15 tail=29 gh60=0x498ccaa W1=0x16ee,0xaf8,0x2ffc W2=0x15fb,0x1ef8,0x1d17
  r61_witness[03] r61=15 tail=30 gh60=0xcaa9cbe W1=0x3ef7,0x12be,0x3877 W2=0x3e04,0x119d,0x3453
  r61_witness[04] r61=15 tail=32 gh60=0x4698caa W1=0x1701,0x3135,0x2f30 W2=0x160e,0x5e4,0x3872
  r61_witness[05] r61=15 tail=32 gh60=0xd898ba6 W1=0x39ab,0x276,0x12bb W2=0x38b8,0x164a,0x350
  r61_witness[06] r61=15 tail=35 gh60=0x4c98cae W1=0x182f,0x26d,0x3fed W2=0x173c,0x3bcc,0x3d75
  r61_witness[07] r61=15 tail=38 gh60=0xc8887aa W1=0x13b1,0x164d,0x22a7 W2=0x12be,0x29a5,0x15ba
  r61_witness[08] r61=16 tail=25 gh60=0xc509d66 W1=0x1edb,0x3633,0x164e W2=0x1de8,0x11f3,0x369f
  r61_witness[09] r61=16 tail=26 gh60=0xda9c5ae W1=0x2a70,0x1340,0x46b W2=0x297d,0x3679,0x125e
  r61_witness[10] r61=16 tail=28 gh60=0x3c8449a W1=0x142a,0x4aa,0x3c59 W2=0x1337,0x3a32,0x1a0e
  r61_witness[11] r61=16 tail=29 gh60=0xc9944aa W1=0x34ee,0xc7a,0xb61 W2=0x33fb,0x227b,0x10d1
  r61_witness[12] r61=16 tail=29 gh60=0x4ba8bba W1=0x39b9,0x2bd6,0x1079 W2=0x38c6,0x37f1,0x1012
  r61_witness[13] r61=16 tail=31 gh60=0x4a98566 W1=0x3463,0x2d95,0x18f7 W2=0x3370,0x1608,0x25da
  r61_witness[14] r61=16 tail=32 gh60=0x4a0c4ea W1=0x2b0e,0x1477,0xeb1 W2=0x2a1b,0x1f7e,0x3c5b
  r61_witness[15] r61=16 tail=33 gh60=0xc788baa W1=0x396d,0x1ea3,0x1718 W2=0x387a,0x1b66,0x3ba

D60=0 fiber histogram: 1:7950 2:4783 3:1728 4:1096 5:387 6:231 7:78 8:76 9:17 10:29 11:10 12:12 13:3 15:1 18:1 26:1
