free_word_mitm_reducedn
N=14 mask=0x3fff msb=0x2000
candidate: M0=0x3d36 mode=random-fallback fill=0x3fff kernel=dM0=dM9=0x2000
prefixes=32768/268435456 mode=permuted-prefix-sample w59_per_prefix=16384 total=536870912
run_mode=scan registry_cap=16
sample_start=193560576
scan_elapsed=20.224s rate=26.55 Mtriples/s

D60 interface
  D60=0 matches: 32515 (random expectation 32768.0, enrichment 0.992x)
  prefixes with D60=0: 16546
  max D60=0 fiber per prefix: 14 at W57=0x2041 W58=0x2083
  largest D60 bucket: D=0x323f count=33812
  min D60 HW: 0
  D60 HW histogram: 0:32515 1:457786 2:2975754 3:11912094 4:32768603 5:65617176 6:98448325 7:112522879 8:98428552 9:65568775 10:32768166 11:11906561 12:2973056 13:458169 14:32501

Tail closure among D60=0 matches
  final tail collisions: 0
  best r61 HW: 13
  best r61 W1[57..59]=0x39ba,0x39b6,0x6bd
  best r61 W2[57..59]=0x38c7,0x35b6,0x2057
  best tail HW: 20
  best tail r61 HW: 19
  best W1[57..59]=0x1204,0x13d3,0x6f8
  best W2[57..59]=0x1111,0x20cf,0x2f22

SUMMARY N=14 sample_start=193560576 prefixes=32768 total=536870912 d0=32515 best_tail=20 tail_r61=19 best_r61=13 tail_W1=0x1204,0x13d3,0x6f8 tail_W2=0x1111,0x20cf,0x2f22 r61_W1=0x39ba,0x39b6,0x6bd r61_W2=0x38c7,0x35b6,0x2057

Scan-only witness registry
  registry_count=16 registry_cap=16
  witness[00] tail=20 r61=19 gh60=0xd6244a6 W1=0x1204,0x13d3,0x6f8 W2=0x1111,0x20cf,0x2f22
  witness[01] tail=21 r61=16 gh60=0x5e08de6 W1=0x269b,0x281b,0x2189 W2=0x25a8,0x3e49,0x2d8b
  witness[02] tail=21 r61=22 gh60=0x5639da6 W1=0x83,0x3dc8,0x96b W2=0x3f90,0x122a,0x2a52
  witness[03] tail=21 r61=22 gh60=0xce1dde6 W1=0x2094,0x3e7b,0x1930 W2=0x1fa1,0x10c8,0x2894
  witness[04] tail=22 r61=17 gh60=0x4904b9a W1=0x25ca,0x22d4,0x2660 W2=0x24d7,0x1167,0xf41
  witness[05] tail=22 r61=18 gh60=0xc60bcee W1=0x311f,0x50,0x24d6 W2=0x302c,0x793,0x93e
  witness[06] tail=23 r61=17 gh60=0x7a0fcea W1=0x2f1e,0xa28,0x31ac W2=0x2e2b,0x39c,0x11f5
  witness[07] tail=23 r61=27 gh60=0x5a54cbe W1=0x18f8,0x157a,0x32d9 W2=0x1805,0x2fda,0x2276
  witness[08] tail=24 r61=20 gh60=0x4b38b66 W1=0x295b,0x2b2c,0x2dd0 W2=0x2868,0x2cf2,0xf76
  witness[09] tail=24 r61=22 gh60=0xd608cea W1=0x1811,0x2059,0x3047 W2=0x171e,0x3464,0x3e99
  witness[10] tail=24 r61=23 gh60=0x7fd9d9e W1=0x87,0x8db,0x34d4 W2=0x3f94,0xbef,0xc1b
  witness[11] tail=24 r61=23 gh60=0x5f08d66 W1=0x65b,0x22aa,0x13f6 W2=0x568,0x48,0x31ff
  witness[12] tail=25 r61=16 gh60=0xc6e44a6 W1=0x2c04,0x8ae,0x106c W2=0x2b11,0x26ac,0x23f5
  witness[13] tail=25 r61=17 gh60=0x4a184e6 W1=0xc0b,0x233f,0x39b W2=0xb18,0xe22,0x2153
  witness[14] tail=25 r61=19 gh60=0x44945ae W1=0x14b0,0x2c8,0xdc3 W2=0x13bd,0x3a91,0x2d01
  witness[15] tail=25 r61=19 gh60=0x44984a6 W1=0x342b,0xca9,0x1fae W2=0x3338,0xa06,0x78f

Scan-only r61 registry
  registry_count=16 registry_cap=16
  r61_witness[00] r61=13 tail=33 gh60=0x4884bba W1=0x39ba,0x39b6,0x6bd W2=0x38c7,0x35b6,0x2057
  r61_witness[01] r61=14 tail=26 gh60=0x490876a W1=0x2b4d,0x3e54,0x981 W2=0x2a5a,0x36ae,0x11a0
  r61_witness[02] r61=14 tail=41 gh60=0x54d8c9a W1=0x2829,0x12cc,0x3811 W2=0x2736,0x35e2,0x2e68
  r61_witness[03] r61=15 tail=40 gh60=0x4a07fe6 W1=0xf9c,0x2b97,0xc0a W2=0xea9,0x3cd0,0x3511
  r61_witness[04] r61=15 tail=40 gh60=0xc624be6 W1=0x1994,0x331d,0x460 W2=0x18a1,0x57c,0x2596
  r61_witness[05] r61=16 tail=21 gh60=0x5e08de6 W1=0x269b,0x281b,0x2189 W2=0x25a8,0x3e49,0x2d8b
  r61_witness[06] r61=16 tail=25 gh60=0xc6e44a6 W1=0x2c04,0x8ae,0x106c W2=0x2b11,0x26ac,0x23f5
  r61_witness[07] r61=16 tail=29 gh60=0x3a88ca6 W1=0x15fb,0x2060,0x1653 W2=0x1508,0x16c,0x7c3
  r61_witness[08] r61=16 tail=29 gh60=0x48984e6 W1=0x3323,0x7eb,0x3d9d W2=0x3230,0x1a5e,0x3262
  r61_witness[09] r61=16 tail=31 gh60=0xca6bdfe W1=0xe97,0x3461,0x3229 W2=0xda4,0x2720,0x2a3e
  r61_witness[10] r61=16 tail=33 gh60=0x4e844a6 W1=0x1aec,0x1021,0x38e3 W2=0x19f9,0x2ffd,0x2387
  r61_witness[11] r61=16 tail=34 gh60=0x4e2bc9a W1=0x1105,0x759,0x9d9 W2=0x1012,0x14a5,0x3e77
  r61_witness[12] r61=16 tail=35 gh60=0x46885a6 W1=0x1c6b,0x2393,0x21ca W2=0x1b78,0x2956,0x3124
  r61_witness[13] r61=16 tail=36 gh60=0x4a784be W1=0x3bf7,0x2c32,0x1264 W2=0x3b04,0xbd0,0x3bfc
  r61_witness[14] r61=16 tail=38 gh60=0x4669dba W1=0x3e79,0xf5b,0x2271 W2=0x3d86,0x3242,0x2317
  r61_witness[15] r61=16 tail=44 gh60=0xc508d6a W1=0x36d1,0x1ca3,0x1d5f W2=0x35de,0x2dee,0x1e6b

D60=0 fiber histogram: 1:8010 2:4775 3:1823 4:1116 5:402 6:207 7:86 8:61 9:23 10:20 11:9 12:10 13:2 14:2
