free_word_mitm_reducedn
N=14 mask=0x3fff msb=0x2000
candidate: M0=0x3d36 mode=random-fallback fill=0x3fff kernel=dM0=dM9=0x2000
prefixes=32768/268435456 mode=permuted-prefix-sample w59_per_prefix=16384 total=536870912
run_mode=scan registry_cap=16
sample_start=3342336
scan_elapsed=18.973s rate=28.30 Mtriples/s

D60 interface
  D60=0 matches: 32332 (random expectation 32768.0, enrichment 0.987x)
  prefixes with D60=0: 16412
  max D60=0 fiber per prefix: 15 at W57=0x1277 W58=0xafd
  largest D60 bucket: D=0x521 count=33779
  min D60 HW: 0
  D60 HW histogram: 0:32332 1:456647 2:2973159 3:11903288 4:32781909 5:65585448 6:98400202 7:112483482 8:98431630 9:65633267 10:32798249 11:11918716 12:2980690 13:459255 14:32638

Tail closure among D60=0 matches
  final tail collisions: 0
  best r61 HW: 13
  best r61 W1[57..59]=0x240b,0x35a,0x2990
  best r61 W2[57..59]=0x2318,0x2e3b,0x397e
  best tail HW: 22
  best tail r61 HW: 21
  best W1[57..59]=0x39e7,0xa7e,0x3cac
  best W2[57..59]=0x38f4,0x26ab,0x3d0e

SUMMARY N=14 sample_start=3342336 prefixes=32768 total=536870912 d0=32332 best_tail=22 tail_r61=21 best_r61=13 tail_W1=0x39e7,0xa7e,0x3cac tail_W2=0x38f4,0x26ab,0x3d0e r61_W1=0x240b,0x35a,0x2990 r61_W2=0x2318,0x2e3b,0x397e

Scan-only witness registry
  registry_count=16 registry_cap=16
  witness[00] tail=22 r61=21 gh60=0x5fa849e W1=0x39e7,0xa7e,0x3cac W2=0x38f4,0x26ab,0x3d0e
  witness[01] tail=23 r61=20 gh60=0xf53cd6a W1=0x8ce,0x1a47,0xdb8 W2=0x7db,0x16b7,0x1292
  witness[02] tail=24 r61=13 gh60=0xc6084e6 W1=0x240b,0x35a,0x2990 W2=0x2318,0x2e3b,0x397e
  witness[03] tail=24 r61=17 gh60=0x551bd6a W1=0x30d1,0x3f27,0x140 W2=0x2fde,0x2a16,0x201b
  witness[04] tail=24 r61=18 gh60=0xc607ffa W1=0x2f9a,0x3996,0x1ba9 W2=0x2ea7,0x1422,0x3ca2
  witness[05] tail=24 r61=20 gh60=0xc4884aa W1=0x3c31,0x387b,0x3d0a W2=0x3b3e,0xf7b,0x1b7c
  witness[06] tail=24 r61=21 gh60=0x4ee859a W1=0x1289,0x379a,0x3e20 W2=0x1196,0x2497,0x3b00
  witness[07] tail=24 r61=22 gh60=0xd97db7a W1=0x2156,0x144b,0x3a00 W2=0x2063,0x148b,0x387f
  witness[08] tail=24 r61=22 gh60=0x56184ea W1=0x3a21,0x233e,0xe25 W2=0x392e,0x3834,0x338e
  witness[09] tail=24 r61=22 gh60=0xcb3dba6 W1=0x3dc4,0x1c1e,0x38bd W2=0x3cd1,0x2585,0x1a54
  witness[10] tail=24 r61=26 gh60=0x46e8c9a W1=0x609,0x222f,0x3ef3 W2=0x516,0xc01,0x103
  witness[11] tail=25 r61=17 gh60=0x470c49a W1=0x44a,0xf2c,0x2dbb W2=0x357,0x34f6,0x3fed
  witness[12] tail=25 r61=19 gh60=0x7957f9a W1=0x2fc6,0x250b,0x1004 W2=0x2ed3,0xd64,0x2816
  witness[13] tail=25 r61=20 gh60=0x47acc9a W1=0x15e6,0x11ee,0x35d8 W2=0x14f3,0xb45,0x10d0
  witness[14] tail=25 r61=21 gh60=0x4e085ee W1=0x128f,0x1e6b,0x3619 W2=0x119c,0x142d,0x1ec6
  witness[15] tail=25 r61=23 gh60=0xfa185ea W1=0xc8d,0x3593,0x2ed7 W2=0xb9a,0x2d,0x3120

Scan-only r61 registry
  registry_count=16 registry_cap=16
  r61_witness[00] r61=13 tail=24 gh60=0xc6084e6 W1=0x240b,0x35a,0x2990 W2=0x2318,0x2e3b,0x397e
  r61_witness[01] r61=15 tail=29 gh60=0x4607f9a W1=0xf8a,0x22d7,0x55d W2=0xe97,0x7b4,0x181e
  r61_witness[02] r61=15 tail=31 gh60=0x3c884aa W1=0xc31,0x1781,0x16c4 W2=0xb3e,0x1d81,0x189
  r61_witness[03] r61=15 tail=39 gh60=0x598bfaa W1=0xfad,0x19f3,0x156f W2=0xeba,0x3f0e,0x3f12
  r61_witness[04] r61=16 tail=28 gh60=0x48884ae W1=0x1b2f,0x14ae,0x965 W2=0x1a3c,0x44e,0xa7a
  r61_witness[05] r61=16 tail=31 gh60=0xca885a6 W1=0x27b,0x2f35,0x2441 W2=0x188,0x2ea,0xfe6
  r61_witness[06] r61=16 tail=32 gh60=0x5c885aa W1=0x14bd,0x31d2,0x2d61 W2=0x13ca,0x1056,0x1c6b
  r61_witness[07] r61=16 tail=32 gh60=0x4a08cea W1=0x170d,0xa8b,0x27a6 W2=0x161a,0x2082,0x1a8e
  r61_witness[08] r61=16 tail=35 gh60=0xca05ce6 W1=0x10c,0x28b7,0x3acc W2=0x19,0x135c,0x26b
  r61_witness[09] r61=16 tail=35 gh60=0x591bca6 W1=0x1143,0x12f4,0x3950 W2=0x1050,0x23aa,0x381a
  r61_witness[10] r61=16 tail=36 gh60=0x4a084ee W1=0x20f,0x44,0x62a W2=0x11c,0x2aea,0x566
  r61_witness[11] r61=16 tail=36 gh60=0xcc984a6 W1=0x1a33,0x11d1,0x23d2 W2=0x1940,0xd3e,0x13ed
  r61_witness[12] r61=16 tail=41 gh60=0x5a0bce6 W1=0xe0b,0x1350,0x464 W2=0xd18,0x1678,0x301a
  r61_witness[13] r61=17 tail=24 gh60=0x551bd6a W1=0x30d1,0x3f27,0x140 W2=0x2fde,0x2a16,0x201b
  r61_witness[14] r61=17 tail=25 gh60=0x470c49a W1=0x44a,0xf2c,0x2dbb W2=0x357,0x34f6,0x3fed
  r61_witness[15] r61=17 tail=29 gh60=0x448c5ae W1=0x1cb0,0x3de,0x1e81 W2=0x1bbd,0x3927,0x2da

D60=0 fiber histogram: 1:7996 2:4734 3:1740 4:1084 5:385 6:241 7:79 8:75 9:37 10:20 11:5 12:11 13:3 14:1 15:1
