free_word_mitm_reducedn
N=14 mask=0x3fff msb=0x2000
candidate: M0=0x3d36 mode=random-fallback fill=0x3fff kernel=dM0=dM9=0x2000
prefixes=32768/268435456 mode=permuted-prefix-sample w59_per_prefix=16384 total=536870912
run_mode=scan registry_cap=16
sample_start=45285376
scan_elapsed=19.059s rate=28.17 Mtriples/s

D60 interface
  D60=0 matches: 32364 (random expectation 32768.0, enrichment 0.988x)
  prefixes with D60=0: 16333
  max D60=0 fiber per prefix: 20 at W57=0x1080 W58=0x10e3
  largest D60 bucket: D=0x3135 count=33819
  min D60 HW: 0
  D60 HW histogram: 0:32364 1:457260 2:2978539 3:11916957 4:32772730 5:65595914 6:98438188 7:112538292 8:98453353 9:65583402 10:32752371 11:11893584 12:2968534 13:456560 14:32864

Tail closure among D60=0 matches
  final tail collisions: 0
  best r61 HW: 14
  best r61 W1[57..59]=0x32a6,0x1bda,0x31c1
  best r61 W2[57..59]=0x31b3,0x816,0x3d9f
  best tail HW: 23
  best tail r61 HW: 26
  best W1[57..59]=0x2fa8,0x38e1,0x3d5f
  best W2[57..59]=0x2eb5,0x213a,0x1931

SUMMARY N=14 sample_start=45285376 prefixes=32768 total=536870912 d0=32364 best_tail=23 tail_r61=26 best_r61=14 tail_W1=0x2fa8,0x38e1,0x3d5f tail_W2=0x2eb5,0x213a,0x1931 r61_W1=0x32a6,0x1bda,0x31c1 r61_W2=0x31b3,0x816,0x3d9f

Scan-only witness registry
  registry_count=16 registry_cap=16
  witness[00] tail=23 r61=17 gh60=0x5ce859a W1=0x1ca5,0x3a06,0x1d6f W2=0x1bb2,0x3823,0x2541
  witness[01] tail=23 r61=19 gh60=0xb50856e W1=0x25f,0x1ec9,0x1e79 W2=0x16c,0x9eb,0x2ea3
  witness[02] tail=23 r61=26 gh60=0x797ff9e W1=0x2fa8,0x38e1,0x3d5f W2=0x2eb5,0x213a,0x1931
  witness[03] tail=24 r61=19 gh60=0xd89c7ba W1=0x3ba,0xd40,0x2acd W2=0x2c7,0x3dfb,0x2de4
  witness[04] tail=24 r61=25 gh60=0xcaecbe6 W1=0x3994,0x36b0,0x809 W2=0x38a1,0x90f,0x24e9
  witness[05] tail=24 r61=25 gh60=0xdb6c7ea W1=0x3ba2,0x2859,0xfba W2=0x3aaf,0x26bc,0x3f57
  witness[06] tail=24 r61=26 gh60=0x7d9c4e6 W1=0x2424,0x1e7d,0x5f0 W2=0x2331,0x3df5,0x1b7e
  witness[07] tail=25 r61=18 gh60=0x5a8bcae W1=0x10ef,0xd5c,0x2312 W2=0xffc,0x1ab7,0xfa6
  witness[08] tail=25 r61=18 gh60=0xc9a8bbe W1=0x3977,0x2a50,0x33ae W2=0x3884,0x2ed7,0x1479
  witness[09] tail=25 r61=21 gh60=0xce0bcea W1=0x1111,0x12ae,0x24ec W2=0x101e,0x3fe9,0x16fa
  witness[10] tail=25 r61=21 gh60=0x3eb4dae W1=0x2670,0x2c23,0x14d5 W2=0x257d,0x14db,0x27ff
  witness[11] tail=25 r61=21 gh60=0xc8f8ba6 W1=0x39ab,0x202a,0x2278 W2=0x38b8,0x33fe,0x8e2
  witness[12] tail=25 r61=22 gh60=0x47b8ca6 W1=0x3733,0x1f39,0xc25 W2=0x3640,0x2a65,0x1ffb
  witness[13] tail=25 r61=23 gh60=0xb5b8c9a W1=0x7e9,0x16cf,0x2352 W2=0x6f6,0x3859,0x1d0a
  witness[14] tail=25 r61=24 gh60=0xc52cd6a W1=0x1652,0xb09,0x27bb W2=0x155f,0x3079,0x34d4
  witness[15] tail=25 r61=24 gh60=0xf9e4faa W1=0x37b2,0x2c91,0xcb6 W2=0x36bf,0x299d,0x1196

Scan-only r61 registry
  registry_count=16 registry_cap=16
  r61_witness[00] r61=14 tail=27 gh60=0x4627ca6 W1=0x3104,0x1537,0x15f4 W2=0x3011,0xc7a,0x1732
  r61_witness[01] r61=14 tail=27 gh60=0x4d7459a W1=0x32a6,0x1bda,0x31c1 W2=0x31b3,0x816,0x3d9f
  r61_witness[02] r61=14 tail=34 gh60=0xc90c76e W1=0x3bd0,0x3377,0x38bc W2=0x3add,0x3ab2,0x154a
  r61_witness[03] r61=15 tail=30 gh60=0xc6885a6 W1=0x1c7b,0x3225,0x1187 W2=0x1b88,0x36d8,0x9a9
  r61_witness[04] r61=15 tail=34 gh60=0x4d24caa W1=0x642,0x1b25,0xa5e W2=0x54f,0x22b9,0x3110
  r61_witness[05] r61=16 tail=28 gh60=0x4688daa W1=0x166d,0x3bab,0x2488 W2=0x157a,0x1b8e,0x10a6
  r61_witness[06] r61=16 tail=31 gh60=0x4a087ee W1=0x39f,0x285f,0x8f0 W2=0x2ac,0x2221,0x2a31
  r61_witness[07] r61=16 tail=32 gh60=0x4908f6e W1=0x75f,0x2d9f,0x519 W2=0x66c,0x28d2,0x7f7
  r61_witness[08] r61=16 tail=34 gh60=0xca09be6 W1=0x3d9b,0x141c,0x211e W2=0x3ca8,0x1bd8,0xcec
  r61_witness[09] r61=16 tail=35 gh60=0x3624baa W1=0x1582,0x3b77,0x1ba6 W2=0x148f,0x3c63,0x1d91
  r61_witness[10] r61=16 tail=35 gh60=0x4a28ba6 W1=0x3583,0x2b4b,0x33f W2=0x3490,0x3af,0x309e
  r61_witness[11] r61=16 tail=37 gh60=0xca09bee W1=0x1d9f,0x194f,0x885 W2=0x1cac,0x10ce,0x160e
  r61_witness[12] r61=17 tail=23 gh60=0x5ce859a W1=0x1ca5,0x3a06,0x1d6f W2=0x1bb2,0x3823,0x2541
  r61_witness[13] r61=17 tail=27 gh60=0x498449a W1=0x352a,0x2682,0x319c W2=0x3437,0x1c42,0x3e02
  r61_witness[14] r61=17 tail=27 gh60=0x491db7a W1=0x3d5a,0x22c1,0x984 W2=0x3c67,0xefd,0x32f0
  r61_witness[15] r61=17 tail=28 gh60=0x4fa44a6 W1=0x24f4,0x2e0f,0xbd5 W2=0x2401,0x3cfb,0x3a00

D60=0 fiber histogram: 1:7861 2:4734 3:1786 4:1114 5:385 6:219 7:84 8:70 9:35 10:18 11:8 12:12 13:1 14:3 16:2 20:1
