free_word_mitm_reducedn
N=14 mask=0x3fff msb=0x2000
candidate: M0=0x3d36 mode=random-fallback fill=0x3fff kernel=dM0=dM9=0x2000
prefixes=32768/268435456 mode=permuted-prefix-sample w59_per_prefix=16384 total=536870912
run_mode=scan registry_cap=16
sample_start=112394240
scan_elapsed=18.665s rate=28.76 Mtriples/s

D60 interface
  D60=0 matches: 33066 (random expectation 32768.0, enrichment 1.009x)
  prefixes with D60=0: 16621
  max D60=0 fiber per prefix: 18 at W57=0x21d8 W58=0x1cec
  largest D60 bucket: D=0xf54 count=33765
  min D60 HW: 0
  D60 HW histogram: 0:33066 1:458532 2:2973681 3:11912143 4:32767579 5:65571759 6:98406551 7:112514513 8:98459504 9:65627951 10:32775913 11:11908977 12:2971554 13:456687 14:32502

Tail closure among D60=0 matches
  final tail collisions: 0
  best r61 HW: 14
  best r61 W1[57..59]=0x1c2e,0x713,0x2f02
  best r61 W2[57..59]=0x1b3b,0x1c54,0x5cc
  best tail HW: 20
  best tail r61 HW: 17
  best W1[57..59]=0x35de,0x2b7e,0x2f37
  best W2[57..59]=0x34eb,0x16e,0x8d1

SUMMARY N=14 sample_start=112394240 prefixes=32768 total=536870912 d0=33066 best_tail=20 tail_r61=17 best_r61=14 tail_W1=0x35de,0x2b7e,0x2f37 tail_W2=0x34eb,0x16e,0x8d1 r61_W1=0x1c2e,0x713,0x2f02 r61_W2=0x1b3b,0x1c54,0x5cc

Scan-only witness registry
  registry_count=16 registry_cap=16
  witness[00] tail=20 r61=17 gh60=0xc934b6a W1=0x35de,0x2b7e,0x2f37 W2=0x34eb,0x16e,0x8d1
  witness[01] tail=20 r61=20 gh60=0xf909b66 W1=0x1dcb,0x14c4,0x2145 W2=0x1cd8,0x2124,0x1230
  witness[02] tail=22 r61=24 gh60=0x5f05b66 W1=0x215c,0x2107,0x3f6a W2=0x2069,0x2150,0x1bab
  witness[03] tail=24 r61=16 gh60=0xc908b6a W1=0x295d,0x205e,0x6e9 W2=0x286a,0x1285,0x2524
  witness[04] tail=24 r61=20 gh60=0x5b6bcba W1=0xe35,0x3d31,0x2c41 W2=0xd42,0x1368,0x1ef
  witness[05] tail=24 r61=20 gh60=0x7a15cea W1=0x1f1e,0x3cc1,0x3f94 W2=0x1e2b,0x139,0x25c8
  witness[06] tail=24 r61=21 gh60=0xc60459a W1=0x348a,0x11b7,0x8a4 W2=0x3397,0x1011,0x1e05
  witness[07] tail=24 r61=29 gh60=0x3bf84ba W1=0x539,0x30b2,0x358 W2=0x446,0x1570,0x1d13
  witness[08] tail=25 r61=18 gh60=0xca084e6 W1=0x41b,0x3059,0x27f W2=0x328,0x1e2e,0x3042
  witness[09] tail=25 r61=19 gh60=0x3a9849a W1=0x24e5,0x1b0f,0x2377 W2=0x23f2,0x11e,0x1b4f
  witness[10] tail=25 r61=19 gh60=0xcba45a6 W1=0x32b4,0x1925,0x3305 W2=0x31c1,0x1c79,0x3f16
  witness[11] tail=25 r61=20 gh60=0xc5e8766 W1=0x23e3,0x3d22,0x31f W2=0x22f0,0x2b81,0x1372
  witness[12] tail=25 r61=21 gh60=0xf90c766 W1=0x2b4c,0x2213,0x164b W2=0x2a59,0x64f,0x336c
  witness[13] tail=25 r61=22 gh60=0xd908f6e W1=0x175f,0x18b9,0x2aec W2=0x166c,0x18e8,0x54e
  witness[14] tail=25 r61=22 gh60=0xc91cb6a W1=0x35de,0x2793,0x18fd W2=0x34eb,0x3d83,0x2aef
  witness[15] tail=25 r61=25 gh60=0x7f0cf7a W1=0x17da,0x2aaa,0x1294 W2=0x16e7,0x26c2,0x221f

Scan-only r61 registry
  registry_count=16 registry_cap=16
  r61_witness[00] r61=14 tail=34 gh60=0xc4944aa W1=0x1c2e,0x713,0x2f02 W2=0x1b3b,0x1c54,0x5cc
  r61_witness[01] r61=15 tail=34 gh60=0x4ca8c9a W1=0x1829,0x950,0x14eb W2=0x1736,0x3c62,0x1e31
  r61_witness[02] r61=15 tail=35 gh60=0x4a087ee W1=0x3b9f,0x22fb,0x3719 W2=0x3aac,0x2db9,0x129d
  r61_witness[03] r61=15 tail=36 gh60=0x4f04d66 W1=0x284c,0x1b86,0x1732 W2=0x2759,0x7d1,0x2e29
  r61_witness[04] r61=16 tail=24 gh60=0xc908b6a W1=0x295d,0x205e,0x6e9 W2=0x286a,0x1285,0x2524
  r61_witness[05] r61=16 tail=28 gh60=0xca084e6 W1=0xb0b,0x32ae,0x2e4b W2=0xa18,0xf81,0x3a6e
  r61_witness[06] r61=16 tail=28 gh60=0x4a844a6 W1=0x12ec,0x1432,0x18a9 W2=0x11f9,0x3610,0x2fc3
  r61_witness[07] r61=16 tail=30 gh60=0x3a087e6 W1=0xb9b,0x3ec4,0x3c4c W2=0xaa8,0x2683,0x146a
  r61_witness[08] r61=16 tail=30 gh60=0x5a5479a W1=0x2366,0xb88,0x3ec8 W2=0x2273,0xdec,0x3443
  r61_witness[09] r61=16 tail=30 gh60=0x4a0479a W1=0x238a,0x3083,0xc68 W2=0x2297,0x2321,0x139f
  r61_witness[10] r61=16 tail=33 gh60=0xc8b9c9e W1=0x2127,0x3578,0x3dda W2=0x2034,0x2bec,0x3ac5
  r61_witness[11] r61=16 tail=33 gh60=0x45885aa W1=0x3c71,0x1621,0x2a4a W2=0x3b7e,0x25c9,0x13e
  r61_witness[12] r61=16 tail=34 gh60=0xb908b6e W1=0x39df,0x1e2e,0x160 W2=0x38ec,0x1c3d,0x3990
  r61_witness[13] r61=16 tail=35 gh60=0x4b18d6e W1=0x18cf,0x1101,0x3d1e W2=0x17dc,0x434,0x3d86
  r61_witness[14] r61=17 tail=20 gh60=0xc934b6a W1=0x35de,0x2b7e,0x2f37 W2=0x34eb,0x16e,0x8d1
  r61_witness[15] r61=17 tail=27 gh60=0x4b04b66 W1=0x195c,0xba4,0x1d4e W2=0x1869,0x1d6f,0x24d7

D60=0 fiber histogram: 1:8036 2:4729 3:1861 4:1080 5:437 6:240 7:81 8:82 9:23 10:21 11:5 12:12 13:5 14:3 15:2 16:2 18:2
