free_word_mitm_reducedn
N=14 mask=0x3fff msb=0x2000
candidate: M0=0x3d36 mode=random-fallback fill=0x3fff kernel=dM0=dM9=0x2000
prefixes=32768/268435456 mode=permuted-prefix-sample w59_per_prefix=16384 total=536870912
run_mode=scan registry_cap=16
sample_start=11730944
scan_elapsed=18.948s rate=28.33 Mtriples/s

D60 interface
  D60=0 matches: 32665 (random expectation 32768.0, enrichment 0.997x)
  prefixes with D60=0: 16553
  max D60=0 fiber per prefix: 24 at W57=0xe8e W58=0x11d0
  largest D60 bucket: D=0x1139 count=33796
  min D60 HW: 0
  D60 HW histogram: 0:32665 1:458835 2:2979135 3:11922897 4:32815499 5:65646869 6:98468708 7:112507003 8:98386316 9:65550800 10:32740010 11:11900941 12:2972067 13:456549 14:32618

Tail closure among D60=0 matches
  final tail collisions: 0
  best r61 HW: 14
  best r61 W1[57..59]=0x41d,0x1fd8,0x11ff
  best r61 W2[57..59]=0x32a,0x260e,0x2c1f
  best tail HW: 22
  best tail r61 HW: 24
  best W1[57..59]=0x2fe2,0x29a1,0x2e4c
  best W2[57..59]=0x2eef,0x7d5,0x3651

SUMMARY N=14 sample_start=11730944 prefixes=32768 total=536870912 d0=32665 best_tail=22 tail_r61=24 best_r61=14 tail_W1=0x2fe2,0x29a1,0x2e4c tail_W2=0x2eef,0x7d5,0x3651 r61_W1=0x41d,0x1fd8,0x11ff r61_W2=0x32a,0x260e,0x2c1f

Scan-only witness registry
  registry_count=16 registry_cap=16
  witness[00] tail=22 r61=17 gh60=0x5b6bd7e W1=0x2ed7,0x7af,0x125 W2=0x2de4,0x3ffe,0x3f82
  witness[01] tail=22 r61=24 gh60=0xd7a7f6a W1=0x2fe2,0x29a1,0x2e4c W2=0x2eef,0x7d5,0x3651
  witness[02] tail=23 r61=19 gh60=0xbba45ea W1=0x12a2,0x2abd,0x397e W2=0x11af,0x2f0,0x2010
  witness[03] tail=23 r61=22 gh60=0xc4ac5aa W1=0x34b2,0x1ef,0x136c W2=0x33bf,0x1f9c,0x2950
  witness[04] tail=24 r61=18 gh60=0xc58fca6 W1=0xdfc,0x1e3b,0x9b9 W2=0xd09,0x3546,0x13d6
  witness[05] tail=24 r61=18 gh60=0x3608bea W1=0x259d,0x1f33,0x210a W2=0x24aa,0xdb2,0x2b13
  witness[06] tail=24 r61=18 gh60=0x58944aa W1=0x333e,0xe40,0x785 W2=0x324b,0x2431,0xa7d
  witness[07] tail=24 r61=19 gh60=0xc988cae W1=0x38ef,0x38c9,0xbdc W2=0x37fc,0x22a8,0x6a
  witness[08] tail=24 r61=19 gh60=0xd98cca6 W1=0x392c,0x22fc,0x5d3 W2=0x3839,0x1c19,0x17b2
  witness[09] tail=24 r61=20 gh60=0x5d34d6e W1=0x28e0,0x36c4,0x25fa W2=0x27ed,0x19e8,0x182e
  witness[10] tail=24 r61=20 gh60=0xca2c4a6 W1=0x3d04,0x76b,0xeeb W2=0x3c11,0x2669,0x2d2
  witness[11] tail=24 r61=21 gh60=0xb4a859a W1=0xaa9,0x35cb,0x3246 W2=0x9b6,0x1178,0x1bae
  witness[12] tail=24 r61=21 gh60=0xf6084ea W1=0xd1d,0x2f94,0x35c7 W2=0xc2a,0x32fa,0xc05
  witness[13] tail=24 r61=25 gh60=0x4abc566 W1=0x1ae4,0x1f5a,0x25ea W2=0x19f1,0x2ecc,0xb26
  witness[14] tail=25 r61=16 gh60=0x4a09cea W1=0x3e21,0x15fa,0x1d35 W2=0x3d2e,0x1e71,0x388b
  witness[15] tail=25 r61=17 gh60=0x5d884ae W1=0x42f,0x1060,0x3b86 W2=0x33c,0x3d00,0x3348

Scan-only r61 registry
  registry_count=16 registry_cap=16
  r61_witness[00] r61=14 tail=29 gh60=0x46084ea W1=0x41d,0x1fd8,0x11ff W2=0x32a,0x260e,0x2c1f
  r61_witness[01] r61=14 tail=33 gh60=0x4b0fb66 W1=0xdcc,0x2b9e,0x2971 W2=0xcd9,0x21fb,0x255
  r61_witness[02] r61=14 tail=34 gh60=0xc90bf6a W1=0xfdd,0x32a5,0x1354 W2=0xeea,0xfb0,0xa6f
  r61_witness[03] r61=15 tail=30 gh60=0x4a244aa W1=0x2402,0x2d40,0x3f10 W2=0x230f,0x3555,0x2e76
  r61_witness[04] r61=15 tail=32 gh60=0x3708b6a W1=0x254d,0xad8,0x3868 W2=0x245a,0xd3,0x2334
  r61_witness[05] r61=15 tail=36 gh60=0xd889baa W1=0x21c1,0x3b72,0x3129 W2=0x20ce,0x357d,0xa89
  r61_witness[06] r61=15 tail=42 gh60=0x4608ce6 W1=0x271b,0x3cf0,0x95b W2=0x2628,0x16f6,0x38ca
  r61_witness[07] r61=16 tail=25 gh60=0x4a09cea W1=0x3e21,0x15fa,0x1d35 W2=0x3d2e,0x1e71,0x388b
  r61_witness[08] r61=16 tail=28 gh60=0xd887fba W1=0x2fba,0x169,0x1947 W2=0x2ec7,0x1761,0x1ad
  r61_witness[09] r61=16 tail=31 gh60=0x453856a W1=0x144d,0x29a4,0x3ac W2=0x135a,0x92a,0x133b
  r61_witness[10] r61=16 tail=33 gh60=0x3909b66 W1=0x1dcb,0x1cc4,0x323b W2=0x1cd8,0x2924,0x33a6
  r61_witness[11] r61=16 tail=36 gh60=0x4b88da6 W1=0x26bb,0x1f8c,0x716 W2=0x25c8,0x3730,0x2f3d
  r61_witness[12] r61=17 tail=22 gh60=0x5b6bd7e W1=0x2ed7,0x7af,0x125 W2=0x2de4,0x3ffe,0x3f82
  r61_witness[13] r61=17 tail=25 gh60=0x5d884ae W1=0x42f,0x1060,0x3b86 W2=0x33c,0x3d00,0x3348
  r61_witness[14] r61=17 tail=26 gh60=0x4894bae W1=0x19c0,0x3c1b,0x3019 W2=0x18cd,0x13,0x1185
  r61_witness[15] r61=17 tail=28 gh60=0x468cca6 W1=0x5ec,0x3be4,0x1374 W2=0x4f9,0x1d01,0x565

D60=0 fiber histogram: 1:8049 2:4712 3:1838 4:1096 5:430 6:195 7:91 8:68 9:34 10:16 11:9 12:5 13:2 14:2 16:1 17:2 18:1 22:1 24:1
