free_word_mitm_reducedn
N=14 mask=0x3fff msb=0x2000
candidate: M0=0x3d36 mode=random-fallback fill=0x3fff kernel=dM0=dM9=0x2000
prefixes=32768/268435456 mode=permuted-prefix-sample w59_per_prefix=16384 total=536870912
run_mode=scan registry_cap=16
sample_start=251887616
scan_elapsed=18.937s rate=28.35 Mtriples/s

D60 interface
  D60=0 matches: 33036 (random expectation 32768.0, enrichment 1.008x)
  prefixes with D60=0: 16668
  max D60=0 fiber per prefix: 15 at W57=0xe52 W58=0x3fe6
  largest D60 bucket: D=0x30cf count=34033
  min D60 HW: 0
  D60 HW histogram: 0:33036 1:458117 2:2981672 3:11921762 4:32794952 5:65572948 6:98385760 7:112474359 8:98434672 9:65623084 10:32799233 11:11922602 12:2978087 13:457883 14:32745

Tail closure among D60=0 matches
  final tail collisions: 0
  best r61 HW: 13
  best r61 W1[57..59]=0xe0d,0x763,0x2c14
  best r61 W2[57..59]=0xd1a,0x3aaa,0x387
  best tail HW: 19
  best tail r61 HW: 20
  best W1[57..59]=0x25c0,0x38e3,0x31e9
  best W2[57..59]=0x24cd,0x30db,0x167d

SUMMARY N=14 sample_start=251887616 prefixes=32768 total=536870912 d0=33036 best_tail=19 tail_r61=20 best_r61=13 tail_W1=0x25c0,0x38e3,0x31e9 tail_W2=0x24cd,0x30db,0x167d r61_W1=0xe0d,0x763,0x2c14 r61_W2=0xd1a,0x3aaa,0x387

Scan-only witness registry
  registry_count=16 registry_cap=16
  witness[00] tail=19 r61=20 gh60=0xf8b4bae W1=0x25c0,0x38e3,0x31e9 W2=0x24cd,0x30db,0x167d
  witness[01] tail=20 r61=19 gh60=0x4fd44fe W1=0x1218,0x2fe2,0x3cda W2=0x1125,0x397b,0x344
  witness[02] tail=22 r61=18 gh60=0x4aa4566 W1=0x14e4,0x3caa,0x166c W2=0x13f1,0x27fe,0x2059
  witness[03] tail=22 r61=20 gh60=0x4ffbdaa W1=0x2eb1,0x3160,0x20ab W2=0x2dbe,0x1e37,0x19cc
  witness[04] tail=23 r61=17 gh60=0x488cc9a W1=0x292a,0xeb8,0x3731 W2=0x2837,0x3183,0x762
  witness[05] tail=23 r61=17 gh60=0x4a2859a W1=0x3a85,0x1c34,0xb4a W2=0x3992,0x18a7,0x104c
  witness[06] tail=23 r61=18 gh60=0x4e044e6 W1=0xa1c,0x1dbc,0x3dd0 W2=0x929,0x3b84,0x333b
  witness[07] tail=24 r61=16 gh60=0xcd05d66 W1=0x1ecc,0x3b27,0x40d W2=0x1dd9,0x16f8,0x990
  witness[08] tail=24 r61=17 gh60=0xf68c4ae W1=0x2500,0x3e1b,0x15d8 W2=0x240d,0x2e2c,0x3be4
  witness[09] tail=24 r61=18 gh60=0x457bd7a W1=0xed5,0x107b,0x272c W2=0xde2,0x2ec6,0x35a5
  witness[10] tail=24 r61=20 gh60=0x59bffaa W1=0x2f7e,0x2f7f,0x2b73 W2=0x2e8b,0x1b07,0xc3d
  witness[11] tail=24 r61=21 gh60=0x5f88cae W1=0x28ff,0x150d,0xfa8 W2=0x280c,0x2edc,0x3b4e
  witness[12] tail=24 r61=22 gh60=0x4777bae W1=0x31c0,0x1702,0x1b37 W2=0x30cd,0x3af6,0x2d05
  witness[13] tail=24 r61=23 gh60=0xc764f66 W1=0x27d4,0x115d,0x396e W2=0x26e1,0x39b0,0x139a
  witness[14] tail=24 r61=26 gh60=0xfa99ca6 W1=0xf3,0x33fe,0x2a9 W2=0x0,0x102c,0x28e5
  witness[15] tail=24 r61=26 gh60=0x3bd44be W1=0x1c38,0x1fa0,0xbcb W2=0x1b45,0x2cc3,0x17d4

Scan-only r61 registry
  registry_count=16 registry_cap=16
  r61_witness[00] r61=13 tail=30 gh60=0x5a1bcea W1=0xe0d,0x763,0x2c14 W2=0xd1a,0x3aaa,0x387
  r61_witness[01] r61=14 tail=29 gh60=0x460bcea W1=0x2e1d,0x1e22,0xec9 W2=0x2d2a,0x1b51,0x3c6d
  r61_witness[02] r61=14 tail=32 gh60=0x3924766 W1=0x2b54,0x1af7,0x3b2f W2=0x2a61,0x3fc1,0x3754
  r61_witness[03] r61=15 tail=29 gh60=0xc90876a W1=0x33dd,0x23d5,0x20b6 W2=0x32ea,0x281f,0x1b09
  r61_witness[04] r61=15 tail=30 gh60=0x5984fa6 W1=0x7ac,0x2b1b,0x1e6 W2=0x6b9,0x1160,0x3a3c
  r61_witness[05] r61=15 tail=31 gh60=0x451456a W1=0xcde,0x84c,0x2ebb W2=0xbeb,0x767,0x1c52
  r61_witness[06] r61=16 tail=24 gh60=0xcd05d66 W1=0x1ecc,0x3b27,0x40d W2=0x1dd9,0x16f8,0x990
  r61_witness[07] r61=16 tail=29 gh60=0x4707f66 W1=0x2fdc,0x294f,0x8e W2=0x2ee9,0x3ffc,0x10fd
  r61_witness[08] r61=16 tail=30 gh60=0x4a8c49a W1=0x1aea,0x3480,0x2b96 W2=0x19f7,0x2cca,0x2a0b
  r61_witness[09] r61=16 tail=32 gh60=0x5568cba W1=0x1835,0x95c,0x1f28 W2=0x1742,0x3b1b,0x165c
  r61_witness[10] r61=16 tail=33 gh60=0x4d2857e W1=0x2d7,0x1dc6,0x1e92 W2=0x1e4,0x2112,0x1506
  r61_witness[11] r61=16 tail=33 gh60=0x4708566 W1=0x14db,0x851,0x1650 W2=0x13e8,0xe72,0x25c9
  r61_witness[12] r61=16 tail=33 gh60=0xc604ce6 W1=0x161c,0x37f0,0x2b4 W2=0x1529,0x26f3,0x348d
  r61_witness[13] r61=16 tail=34 gh60=0x56087ea W1=0x1b9d,0x37b2,0x165d W2=0x1aaa,0x3c6c,0x2402
  r61_witness[14] r61=17 tail=23 gh60=0x488cc9a W1=0x292a,0xeb8,0x3731 W2=0x2837,0x3183,0x762
  r61_witness[15] r61=17 tail=23 gh60=0x4a2859a W1=0x3a85,0x1c34,0xb4a W2=0x3992,0x18a7,0x104c

D60=0 fiber histogram: 1:8028 2:4780 3:1839 4:1136 5:443 6:216 7:85 8:72 9:23 10:26 11:10 12:5 13:3 14:1 15:1
