free_word_mitm_reducedn
N=14 mask=0x3fff msb=0x2000
candidate: M0=0x3d36 mode=random-fallback fill=0x3fff kernel=dM0=dM9=0x2000
prefixes=32768/268435456 mode=permuted-prefix-sample w59_per_prefix=16384 total=536870912
run_mode=scan registry_cap=16
sample_start=15958016
scan_elapsed=19.953s rate=26.91 Mtriples/s

D60 interface
  D60=0 matches: 32696 (random expectation 32768.0, enrichment 0.998x)
  prefixes with D60=0: 16545
  max D60=0 fiber per prefix: 16 at W57=0x2f6d W58=0x1381
  largest D60 bucket: D=0xf6d count=33731
  min D60 HW: 0
  D60 HW histogram: 0:32696 1:456780 2:2976141 3:11916453 4:32803251 5:65627159 6:98435842 7:112507772 8:98413945 9:65580041 10:32761075 11:11899971 12:2971357 13:455645 14:32784

Tail closure among D60=0 matches
  final tail collisions: 0
  best r61 HW: 12
  best r61 W1[57..59]=0x2898,0x39f8,0x1eb
  best r61 W2[57..59]=0x27a5,0x3e38,0xce4
  best tail HW: 22
  best tail r61 HW: 22
  best W1[57..59]=0x2c58,0x323,0x3c00
  best W2[57..59]=0x2b65,0x470,0x96a

SUMMARY N=14 sample_start=15958016 prefixes=32768 total=536870912 d0=32696 best_tail=22 tail_r61=22 best_r61=12 tail_W1=0x2c58,0x323,0x3c00 tail_W2=0x2b65,0x470,0x96a r61_W1=0x2898,0x39f8,0x1eb r61_W2=0x27a5,0x3e38,0xce4

Scan-only witness registry
  registry_count=16 registry_cap=16
  witness[00] tail=22 r61=12 gh60=0xca2cdfe W1=0x2898,0x39f8,0x1eb W2=0x27a5,0x3e38,0xce4
  witness[01] tail=22 r61=22 gh60=0x7bf457e W1=0x2c58,0x323,0x3c00 W2=0x2b65,0x470,0x96a
  witness[02] tail=23 r61=14 gh60=0xca184ee W1=0x150f,0x1d00,0x2918 W2=0x141c,0xd1a,0xe0e
  witness[03] tail=23 r61=16 gh60=0xc89849a W1=0x1525,0x14b0,0x12ac W2=0x1432,0xa3f,0x2b1e
  witness[04] tail=23 r61=25 gh60=0xc8a8f9e W1=0x17a7,0x3bc4,0x10b6 W2=0x16b4,0x326,0x3506
  witness[05] tail=24 r61=19 gh60=0xcbfffe6 W1=0xf9c,0xe74,0x3674 W2=0xea9,0x1fad,0xf54
  witness[06] tail=24 r61=20 gh60=0x4e887aa W1=0x2b81,0x1ee1,0x20fb W2=0x2a8e,0x2099,0xafd
  witness[07] tail=24 r61=28 gh60=0x566db6a W1=0x1d62,0x1446,0x2ea3 W2=0x1c6f,0x796,0x2ef4
  witness[08] tail=25 r61=21 gh60=0x7aacc9a W1=0x18e6,0xbba,0x2f9d W2=0x17f3,0x3f51,0x6f6
  witness[09] tail=25 r61=21 gh60=0x4aa9cba W1=0x1ff9,0x396a,0x103c W2=0x1f06,0x1e69,0x167a
  witness[10] tail=25 r61=24 gh60=0xfa38c9a W1=0x605,0x161c,0x2994 W2=0x512,0x3faa,0x2577
  witness[11] tail=25 r61=25 gh60=0x5ab8caa W1=0x36ed,0x1e01,0x156f W2=0x35fa,0x31fc,0xfa2
  witness[12] tail=25 r61=26 gh60=0x3bf84ba W1=0x3d35,0x3511,0xf8 W2=0x3c42,0x2c0f,0x12d9
  witness[13] tail=26 r61=15 gh60=0x45245a6 W1=0x14c4,0x197,0xeb7 W2=0x13d1,0x27fb,0x33ef
  witness[14] tail=26 r61=17 gh60=0x5588daa W1=0x387d,0x3031,0x2a28 W2=0x378a,0xb04,0x288a
  witness[15] tail=26 r61=18 gh60=0x46d5c9e W1=0x1e08,0x1421,0xa6f W2=0x1d15,0x134e,0x6a3

Scan-only r61 registry
  registry_count=16 registry_cap=16
  r61_witness[00] r61=12 tail=22 gh60=0xca2cdfe W1=0x2898,0x39f8,0x1eb W2=0x27a5,0x3e38,0xce4
  r61_witness[01] r61=13 tail=27 gh60=0xc91bb6a W1=0xd5d,0x3c4f,0x222f W2=0xc6a,0x1b3a,0x3564
  r61_witness[02] r61=14 tail=23 gh60=0xca184ee W1=0x150f,0x1d00,0x2918 W2=0x141c,0xd1a,0xe0e
  r61_witness[03] r61=15 tail=26 gh60=0x45245a6 W1=0x14c4,0x197,0xeb7 W2=0x13d1,0x27fb,0x33ef
  r61_witness[04] r61=15 tail=29 gh60=0xc4b9cba W1=0x3e39,0x3692,0x10af W2=0x3d46,0x1d11,0x361f
  r61_witness[05] r61=15 tail=30 gh60=0xf62849a W1=0x209,0x109d,0x1079 W2=0x116,0x356e,0x9b0
  r61_witness[06] r61=15 tail=32 gh60=0x488bfa6 W1=0xfab,0x3174,0xc9d W2=0xeb8,0x64e,0x111f
  r61_witness[07] r61=15 tail=33 gh60=0xc609cea W1=0x1e0d,0xd13,0x319e W2=0x1d1a,0x1556,0x3257
  r61_witness[08] r61=15 tail=38 gh60=0x4908766 W1=0x34b,0x35f1,0x3cac W2=0x258,0x26b2,0x1e39
  r61_witness[09] r61=16 tail=23 gh60=0xc89849a W1=0x1525,0x14b0,0x12ac W2=0x1432,0xa3f,0x2b1e
  r61_witness[10] r61=16 tail=27 gh60=0xca84dba W1=0x167a,0x1c56,0x86c W2=0x1587,0x1ca2,0x286
  r61_witness[11] r61=16 tail=29 gh60=0xcc87da6 W1=0x30bc,0x3456,0x3bf6 W2=0x2fc9,0x1785,0x2b8e
  r61_witness[12] r61=16 tail=29 gh60=0x4608be6 W1=0x399b,0x3475,0x160c W2=0x38a8,0xaaf,0x3032
  r61_witness[13] r61=16 tail=30 gh60=0x5a0fce6 W1=0x311c,0x11ba,0x2993 W2=0x3029,0x294b,0xcdd
  r61_witness[14] r61=16 tail=32 gh60=0xc608dee W1=0x68f,0x3f4c,0x2965 W2=0x59c,0x260b,0x178e
  r61_witness[15] r61=16 tail=32 gh60=0x460fcee W1=0x1110,0x60e,0x30ce W2=0x101d,0x237a,0x2d82

D60=0 fiber histogram: 1:8037 2:4696 3:1785 4:1166 5:430 6:211 7:83 8:66 9:32 10:22 11:4 12:6 13:3 14:2 16:2
