free_word_mitm_reducedn
N=14 mask=0x3fff msb=0x2000
candidate: M0=0x3d36 mode=random-fallback fill=0x3fff kernel=dM0=dM9=0x2000
prefixes=32768/268435456 mode=permuted-prefix-sample w59_per_prefix=16384 total=536870912
run_mode=scan registry_cap=16
sample_start=152305664
scan_elapsed=18.506s rate=29.01 Mtriples/s

D60 interface
  D60=0 matches: 32650 (random expectation 32768.0, enrichment 0.996x)
  prefixes with D60=0: 16541
  max D60=0 fiber per prefix: 21 at W57=0x2e78 W58=0xbe9
  largest D60 bucket: D=0x2bf2 count=33807
  min D60 HW: 0
  D60 HW histogram: 0:32650 1:458297 2:2978380 3:11917463 4:32773725 5:65588926 6:98433305 7:112504603 8:98448668 9:65590418 10:32774888 11:11905031 12:2974432 13:457430 14:32696

Tail closure among D60=0 matches
  final tail collisions: 0
  best r61 HW: 14
  best r61 W1[57..59]=0x3bd3,0x1494,0x1721
  best r61 W2[57..59]=0x3ae0,0x859,0x278b
  best tail HW: 22
  best tail r61 HW: 14
  best W1[57..59]=0x3fd4,0x744,0x385b
  best W2[57..59]=0x3ee1,0x290d,0x2801

SUMMARY N=14 sample_start=152305664 prefixes=32768 total=536870912 d0=32650 best_tail=22 tail_r61=14 best_r61=14 tail_W1=0x3fd4,0x744,0x385b tail_W2=0x3ee1,0x290d,0x2801 r61_W1=0x3bd3,0x1494,0x1721 r61_W2=0x3ae0,0x859,0x278b

Scan-only witness registry
  registry_count=16 registry_cap=16
  witness[00] tail=22 r61=14 gh60=0x4925f66 W1=0x3fd4,0x744,0x385b W2=0x3ee1,0x290d,0x2801
  witness[01] tail=23 r61=21 gh60=0x5ab9d66 W1=0x3e63,0x28f3,0xf69 W2=0x3d70,0x2543,0x781
  witness[02] tail=23 r61=22 gh60=0x4bd879e W1=0x3387,0x35e9,0x37e5 W2=0x3294,0x7e,0x16ad
  witness[03] tail=23 r61=26 gh60=0x557c566 W1=0x1a4c,0x38b3,0xd0b W2=0x1959,0x1bdb,0x1a9c
  witness[04] tail=24 r61=17 gh60=0x4e2bc9a W1=0x1005,0xab1,0x1973 W2=0xf12,0x17bd,0x1e47
  witness[05] tail=24 r61=25 gh60=0xcd18d6a W1=0x6d1,0x51b,0x28bf W2=0x5de,0xb6a,0x29c5
  witness[06] tail=25 r61=19 gh60=0x4a05be6 W1=0x1d8c,0x3ed1,0xc0d W2=0x1c99,0x79e,0x32c2
  witness[07] tail=25 r61=20 gh60=0x449c4e6 W1=0x424,0x2071,0x2957 W2=0x331,0x1e9,0x1c7c
  witness[08] tail=25 r61=20 gh60=0x4918f6a W1=0x27d1,0x93f,0xd60 W2=0x26de,0x566,0x3f5a
  witness[09] tail=25 r61=20 gh60=0x48e7ce6 W1=0x3124,0x3ade,0x2621 W2=0x3031,0x319f,0x1c3a
  witness[10] tail=25 r61=23 gh60=0xc65c5fe W1=0x2498,0x17d1,0x3e22 W2=0x23a5,0x1f12,0x37f2
  witness[11] tail=25 r61=26 gh60=0x3f7449e W1=0x2b48,0x16aa,0x3fc4 W2=0x2a55,0x269a,0xf
  witness[12] tail=26 r61=17 gh60=0x5c885ae W1=0x22bf,0x9e1,0x2cb0 W2=0x21cc,0x2f09,0xd3f
  witness[13] tail=26 r61=18 gh60=0x4a07ce6 W1=0x110c,0x257b,0x1a7c W2=0x1019,0x324,0x289
  witness[14] tail=26 r61=20 gh60=0xfe88da6 W1=0x67b,0xdda,0xbe4 W2=0x588,0x260e,0xa96
  witness[15] tail=26 r61=20 gh60=0xc63ffe6 W1=0x2f9c,0x2f28,0x3c3 W2=0x2ea9,0xa69,0x74a

Scan-only r61 registry
  registry_count=16 registry_cap=16
  r61_witness[00] r61=14 tail=22 gh60=0x4925f66 W1=0x3fd4,0x744,0x385b W2=0x3ee1,0x290d,0x2801
  r61_witness[01] r61=14 tail=31 gh60=0x4654c9a W1=0x3906,0xe2c,0x1497 W2=0x3813,0x203,0x1964
  r61_witness[02] r61=14 tail=32 gh60=0x4918766 W1=0x3bd3,0x1494,0x1721 W2=0x3ae0,0x859,0x278b
  r61_witness[03] r61=15 tail=29 gh60=0xdb88caa W1=0x3701,0x14c7,0x21f W2=0x360e,0x2976,0x1b43
  r61_witness[04] r61=15 tail=31 gh60=0x4a05b9a W1=0x18a,0x25ef,0x37ee W2=0x97,0xfc8,0xd0d
  r61_witness[05] r61=15 tail=40 gh60=0xd90876a W1=0x335d,0x2e08,0x18ac W2=0x326a,0x2a5a,0x2c86
  r61_witness[06] r61=15 tail=43 gh60=0x4889faa W1=0x1fb1,0x19f4,0x3f30 W2=0x1ebe,0x160b,0x2648
  r61_witness[07] r61=16 tail=27 gh60=0xd90cb7a W1=0x5da,0x3b30,0x1eec W2=0x4e7,0x2d60,0xf5e
  r61_witness[08] r61=16 tail=28 gh60=0x488c7a6 W1=0x23ac,0x2da9,0x70f W2=0x22b9,0x186f,0x61e
  r61_witness[09] r61=16 tail=29 gh60=0xd6d849a W1=0x1509,0x18d9,0xe68 W2=0x1416,0xf66,0x3586
  r61_witness[10] r61=16 tail=29 gh60=0xcd08d6e W1=0x26df,0x3070,0xf61 W2=0x25ec,0x1db3,0x2c44
  r61_witness[11] r61=16 tail=33 gh60=0xca185a6 W1=0xa83,0x20fb,0x24c0 W2=0x990,0x16e0,0x1a94
  r61_witness[12] r61=16 tail=34 gh60=0x3a87da6 W1=0xe7c,0x111c,0x36ba W2=0xd89,0x1847,0x2163
  r61_witness[13] r61=16 tail=35 gh60=0x55d4d7a W1=0x856,0x3b73,0x39b7 W2=0x763,0xf47,0x1409
  r61_witness[14] r61=16 tail=35 gh60=0xcc88daa W1=0x8c1,0x389a,0x1185 W2=0x7ce,0x31e1,0x3bc0
  r61_witness[15] r61=16 tail=35 gh60=0x4a18ce6 W1=0x161b,0xf7b,0x384a W2=0x1528,0x328d,0x2396

D60=0 fiber histogram: 1:7939 2:4793 3:1857 4:1104 5:418 6:220 7:80 8:75 9:27 10:10 11:10 12:3 13:2 16:2 21:1
