free_word_mitm_reducedn
N=14 mask=0x3fff msb=0x2000
candidate: M0=0x3d36 mode=random-fallback fill=0x3fff kernel=dM0=dM9=0x2000
prefixes=32768/268435456 mode=permuted-prefix-sample w59_per_prefix=16384 total=536870912
run_mode=scan registry_cap=16
sample_start=178520064
scan_elapsed=19.404s rate=27.67 Mtriples/s

D60 interface
  D60=0 matches: 32129 (random expectation 32768.0, enrichment 0.980x)
  prefixes with D60=0: 16476
  max D60=0 fiber per prefix: 21 at W57=0x2d8c W58=0x2116
  largest D60 bucket: D=0xa48 count=33803
  min D60 HW: 0
  D60 HW histogram: 0:32129 1:458684 2:2984894 3:11927946 4:32819461 5:65650435 6:98433938 7:112489064 8:98395248 9:65562113 10:32748995 11:11902025 12:2975156 13:457901 14:32923

Tail closure among D60=0 matches
  final tail collisions: 0
  best r61 HW: 15
  best r61 W1[57..59]=0x3752,0x1e2c,0x24f
  best r61 W2[57..59]=0x365f,0x1954,0x1d7
  best tail HW: 20
  best tail r61 HW: 25
  best W1[57..59]=0xd61,0x2961,0x987
  best W2[57..59]=0xc6e,0x1890,0xc5

SUMMARY N=14 sample_start=178520064 prefixes=32768 total=536870912 d0=32129 best_tail=20 tail_r61=25 best_r61=15 tail_W1=0xd61,0x2961,0x987 tail_W2=0xc6e,0x1890,0xc5 r61_W1=0x3752,0x1e2c,0x24f r61_W2=0x365f,0x1954,0x1d7

Scan-only witness registry
  registry_count=16 registry_cap=16
  witness[00] tail=20 r61=25 gh60=0xcb7bb6a W1=0xd61,0x2961,0x987 W2=0xc6e,0x1890,0xc5
  witness[01] tail=23 r61=19 gh60=0x5e05be6 W1=0x3d8c,0x1b,0x8a9 W2=0x3c99,0x8e8,0x3538
  witness[02] tail=23 r61=28 gh60=0x4ed457e W1=0x3c58,0xbfd,0x349b W2=0x3b65,0x2752,0x187
  witness[03] tail=24 r61=15 gh60=0xcd885aa W1=0x24bd,0x2deb,0x2837 W2=0x23ca,0x3d6f,0x894
  witness[04] tail=24 r61=17 gh60=0x5fa84ba W1=0x19f9,0x1a10,0x252f W2=0x1906,0xd0e,0x3570
  witness[05] tail=24 r61=20 gh60=0xd9acd6a W1=0x6e2,0x719,0x30a9 W2=0x5ef,0x1579,0x24bf
  witness[06] tail=24 r61=22 gh60=0xda7dcaa W1=0xf2,0xec9,0xb1b W2=0x3fff,0xf11,0x32c8
  witness[07] tail=24 r61=22 gh60=0xd91c4a6 W1=0x2344,0x14a,0x2968 W2=0x2251,0x32c6,0x27ae
  witness[08] tail=24 r61=25 gh60=0x7e344ea W1=0x20e,0x2f79,0x1fdb W2=0x11b,0x3630,0x24c
  witness[09] tail=24 r61=31 gh60=0x75bc5a6 W1=0x32bc,0x1ab3,0x32ba W2=0x31c9,0x3ce9,0x3b29
  witness[10] tail=25 r61=16 gh60=0x7aa8d9a W1=0x1865,0xb8,0x66d W2=0x1772,0x3c2a,0x3e8
  witness[11] tail=25 r61=18 gh60=0xd918b66 W1=0x29db,0x3aeb,0x363f W2=0x28e8,0x4b9,0x1d21
  witness[12] tail=25 r61=19 gh60=0xcd68d7e W1=0x1857,0x136d,0x1865 W2=0x1764,0x1f38,0x1945
  witness[13] tail=25 r61=20 gh60=0x46a8ca6 W1=0x35f3,0x288d,0x1831 W2=0x3500,0x2839,0xb97
  witness[14] tail=25 r61=21 gh60=0x47a84ba W1=0x13f5,0x5ce,0x3d60 W2=0x1302,0x3d08,0x84e
  witness[15] tail=25 r61=23 gh60=0xc684da6 W1=0x66c,0x3205,0xeb W2=0x579,0xb3a,0x22fb

Scan-only r61 registry
  registry_count=16 registry_cap=16
  r61_witness[00] r61=15 tail=24 gh60=0xcd885aa W1=0x24bd,0x2deb,0x2837 W2=0x23ca,0x3d6f,0x894
  r61_witness[01] r61=15 tail=26 gh60=0x3a2c49e W1=0x1b08,0x3769,0x1559 W2=0x1a15,0x17d9,0x23b3
  r61_witness[02] r61=15 tail=28 gh60=0xc528d7a W1=0x16d9,0x31c5,0x9f9 W2=0x15e6,0x1b98,0x17b7
  r61_witness[03] r61=15 tail=31 gh60=0x4884fa6 W1=0x27ac,0x31cf,0x200e W2=0x26b9,0x1814,0x1596
  r61_witness[04] r61=15 tail=32 gh60=0xca544fa W1=0x1a16,0x2285,0x1449 W2=0x1923,0x15be,0x3882
  r61_witness[05] r61=15 tail=32 gh60=0xc909b6e W1=0x21df,0x28c5,0x1940 W2=0x20ec,0x20d8,0x2c27
  r61_witness[06] r61=15 tail=34 gh60=0x5485dba W1=0xba,0x11c7,0x28c8 W2=0x3fc7,0x3e23,0xd16
  r61_witness[07] r61=15 tail=34 gh60=0x5a7859a W1=0x465,0x150c,0xda W2=0x372,0x343,0x2da6
  r61_witness[08] r61=15 tail=35 gh60=0x4924f6a W1=0x3752,0x1e2c,0x24f W2=0x365f,0x1954,0x1d7
  r61_witness[09] r61=15 tail=36 gh60=0x4587c9a W1=0xdea,0x1cdc,0x2911 W2=0xcf7,0x33e1,0x3285
  r61_witness[10] r61=16 tail=25 gh60=0x7aa8d9a W1=0x1865,0xb8,0x66d W2=0x1772,0x3c2a,0x3e8
  r61_witness[11] r61=16 tail=26 gh60=0x559ccaa W1=0x27fe,0x29be,0x9c5 W2=0x270b,0x2b6e,0x3ca8
  r61_witness[12] r61=16 tail=28 gh60=0xc89c4a6 W1=0x2534,0x38b4,0x4aa W2=0x2441,0x720,0x27c7
  r61_witness[13] r61=16 tail=29 gh60=0x3a087ee W1=0x338f,0x38e,0x23bb W2=0x329c,0x1160,0x112e
  r61_witness[14] r61=16 tail=30 gh60=0xc629c9e W1=0x2107,0x12b9,0x2a74 W2=0x2014,0xfe5,0x5dc
  r61_witness[15] r61=16 tail=32 gh60=0x5a184ea W1=0x511,0x38e,0x3e35 W2=0x41e,0x8c4,0x372d

D60=0 fiber histogram: 1:8037 2:4784 3:1762 4:1092 5:388 6:201 7:83 8:79 9:19 10:21 11:3 12:3 13:2 14:1 21:1
