free_word_mitm_reducedn
N=14 mask=0x3fff msb=0x2000
candidate: M0=0x3d36 mode=random-fallback fill=0x3fff kernel=dM0=dM9=0x2000
prefixes=32768/268435456 mode=permuted-prefix-sample w59_per_prefix=16384 total=536870912
run_mode=scan registry_cap=16
sample_start=41091072
scan_elapsed=17.909s rate=29.98 Mtriples/s

D60 interface
  D60=0 matches: 32984 (random expectation 32768.0, enrichment 1.007x)
  prefixes with D60=0: 16499
  max D60=0 fiber per prefix: 17 at W57=0x2b2b W58=0x298b
  largest D60 bucket: D=0xa97 count=33773
  min D60 HW: 0
  D60 HW histogram: 0:32984 1:460490 2:2989833 3:11946581 4:32811133 5:65636586 6:98454768 7:112477960 8:98381987 9:65531189 10:32761695 11:11915214 12:2978972 13:459132 14:32388

Tail closure among D60=0 matches
  final tail collisions: 0
  best r61 HW: 13
  best r61 W1[57..59]=0x1e51,0x15b7,0x3bbb
  best r61 W2[57..59]=0x1d5e,0x19a2,0x60c
  best tail HW: 23
  best tail r61 HW: 25
  best W1[57..59]=0x3e09,0x11a1,0x31b
  best W2[57..59]=0x3d16,0x3af5,0x3b43

SUMMARY N=14 sample_start=41091072 prefixes=32768 total=536870912 d0=32984 best_tail=23 tail_r61=25 best_r61=13 tail_W1=0x3e09,0x11a1,0x31b tail_W2=0x3d16,0x3af5,0x3b43 r61_W1=0x1e51,0x15b7,0x3bbb r61_W2=0x1d5e,0x19a2,0x60c

Scan-only witness registry
  registry_count=16 registry_cap=16
  witness[00] tail=23 r61=25 gh60=0xda69c9a W1=0x3e09,0x11a1,0x31b W2=0x3d16,0x3af5,0x3b43
  witness[01] tail=24 r61=20 gh60=0x4b89cae W1=0x1fef,0x1532,0x1175 W2=0x1efc,0x195,0x2a85
  witness[02] tail=24 r61=22 gh60=0x5699da6 W1=0x73,0x1d72,0x3a0e W2=0x3f80,0x31c8,0x2c0b
  witness[03] tail=24 r61=23 gh60=0x596c49a W1=0x326,0x28ed,0x3d38 W2=0x233,0x10fd,0x13cf
  witness[04] tail=25 r61=14 gh60=0x460c5ea W1=0x3c8e,0x3d81,0x3c83 W2=0x3b9b,0x924,0x1fe1
  witness[05] tail=25 r61=16 gh60=0x38a8bba W1=0x5b9,0xad4,0x18b3 W2=0x4c6,0xb2b,0x1ca9
  witness[06] tail=25 r61=22 gh60=0xce18dee W1=0x288f,0xb75,0x2e6e W2=0x279c,0x2c34,0x2fe8
  witness[07] tail=25 r61=22 gh60=0xb99bfaa W1=0x2f81,0x2d73,0x318e W2=0x2e8e,0x14ea,0x1be6
  witness[08] tail=25 r61=24 gh60=0x4ff5cea W1=0x10e,0x94b,0xdc4 W2=0x1b,0xbd3,0x36b
  witness[09] tail=25 r61=24 gh60=0x5d2c57a W1=0x256,0x1185,0x3ebc W2=0x163,0x28ba,0x3693
  witness[10] tail=25 r61=24 gh60=0xc61cbee W1=0x19a0,0x2d5d,0x2382 W2=0x18ad,0x2fdd,0x1a50
  witness[11] tail=25 r61=25 gh60=0x796dc9e W1=0x148,0x25f6,0x2e8 W2=0x55,0x30ab,0x39e0
  witness[12] tail=25 r61=26 gh60=0xfaf8bea W1=0x1991,0xe48,0x2f6d W2=0x189e,0x1cdb,0x3c5b
  witness[13] tail=25 r61=26 gh60=0xddb85a6 W1=0x1c6b,0x1031,0x247a W2=0x1b78,0x15f4,0x28d5
  witness[14] tail=26 r61=19 gh60=0x4a185ea W1=0x28d,0x1cbd,0x2089 W2=0x19a,0x2757,0x10d4
  witness[15] tail=26 r61=20 gh60=0xc909f66 W1=0x3f5b,0x3ffe,0x3bb8 W2=0x3e68,0x29ae,0x2eec

Scan-only r61 registry
  registry_count=16 registry_cap=16
  r61_witness[00] r61=13 tail=29 gh60=0x4509d6a W1=0x1e51,0x15b7,0x3bbb W2=0x1d5e,0x19a2,0x60c
  r61_witness[01] r61=14 tail=25 gh60=0x460c5ea W1=0x3c8e,0x3d81,0x3c83 W2=0x3b9b,0x924,0x1fe1
  r61_witness[02] r61=14 tail=30 gh60=0xca24be6 W1=0x2594,0x39ef,0xd87 W2=0x24a1,0x44a,0x17d3
  r61_witness[03] r61=14 tail=34 gh60=0x451bd9a W1=0xec5,0x3008,0x3a9f W2=0xdd2,0x16ac,0x3a37
  r61_witness[04] r61=15 tail=30 gh60=0x4a08fea W1=0x278d,0x299d,0x3b2c W2=0x269a,0x1628,0x7e0
  r61_witness[05] r61=15 tail=31 gh60=0xca85da6 W1=0x206c,0x6cc,0x667 W2=0x1f79,0x3783,0x21f1
  r61_witness[06] r61=15 tail=38 gh60=0x4a084ea W1=0x341d,0xfe7,0xcc0 W2=0x332a,0x2919,0x2285
  r61_witness[07] r61=16 tail=25 gh60=0x38a8bba W1=0x5b9,0xad4,0x18b3 W2=0x4c6,0xb2b,0x1ca9
  r61_witness[08] r61=16 tail=28 gh60=0x4a19cee W1=0x3f1f,0x795,0x194 W2=0x3e2c,0x23dc,0x2927
  r61_witness[09] r61=16 tail=29 gh60=0x4b684be W1=0x3237,0x676,0x330d W2=0x3144,0x2198,0x1500
  r61_witness[10] r61=16 tail=30 gh60=0xca08fea W1=0x7a1,0x37d9,0x36d4 W2=0x6ae,0x335c,0x20ea
  r61_witness[11] r61=16 tail=30 gh60=0xba08cee W1=0x370f,0x253e,0x13b0 W2=0x361c,0x1319,0x844
  r61_witness[12] r61=16 tail=31 gh60=0x560fcfa W1=0x101a,0x33c3,0x1056 W2=0xf27,0xb7,0xba2
  r61_witness[13] r61=16 tail=31 gh60=0x46b9bba W1=0x2175,0x52a,0x34d4 W2=0x2082,0x33ed,0x12da
  r61_witness[14] r61=16 tail=31 gh60=0xc71ff6a W1=0x2fde,0x3964,0x3942 W2=0x2eeb,0x2874,0x1c48
  r61_witness[15] r61=16 tail=32 gh60=0x49b8bba W1=0x5b5,0x797,0x19b W2=0x4c2,0x37aa,0x1fff

D60=0 fiber histogram: 1:7887 2:4729 3:1923 4:1041 5:420 6:259 7:84 8:65 9:38 10:20 11:14 12:10 13:3 14:4 16:1 17:1
