free_word_mitm_reducedn
N=14 mask=0x3fff msb=0x2000
candidate: M0=0x3d36 mode=random-fallback fill=0x3fff kernel=dM0=dM9=0x2000
prefixes=32768/268435456 mode=permuted-prefix-sample w59_per_prefix=16384 total=536870912
run_mode=scan registry_cap=16
sample_start=91422720
scan_elapsed=18.005s rate=29.82 Mtriples/s

D60 interface
  D60=0 matches: 32416 (random expectation 32768.0, enrichment 0.989x)
  prefixes with D60=0: 16415
  max D60=0 fiber per prefix: 37 at W57=0x2f4e W58=0x2178
  largest D60 bucket: D=0x29d5 count=33803
  min D60 HW: 0
  D60 HW histogram: 0:32416 1:457731 2:2974665 3:11904117 4:32766859 5:65597624 6:98424832 7:112504719 8:98438157 9:65594751 10:32787777 11:11924801 12:2973311 13:456727 14:32425

Tail closure among D60=0 matches
  final tail collisions: 0
  best r61 HW: 12
  best r61 W1[57..59]=0x231a,0x1555,0x129f
  best r61 W2[57..59]=0x2227,0x3f12,0xaef
  best tail HW: 21
  best tail r61 HW: 20
  best W1[57..59]=0x10f0,0x2626,0x794
  best W2[57..59]=0xffd,0x782,0x1af2

SUMMARY N=14 sample_start=91422720 prefixes=32768 total=536870912 d0=32416 best_tail=21 tail_r61=20 best_r61=12 tail_W1=0x10f0,0x2626,0x794 tail_W2=0xffd,0x782,0x1af2 r61_W1=0x231a,0x1555,0x129f r61_W2=0x2227,0x3f12,0xaef

Scan-only witness registry
  registry_count=16 registry_cap=16
  witness[00] tail=21 r61=20 gh60=0x4a97cae W1=0x10f0,0x2626,0x794 W2=0xffd,0x782,0x1af2
  witness[01] tail=22 r61=24 gh60=0xca3dda6 W1=0x84,0x1830,0x3c8 W2=0x3f91,0x2883,0x1e55
  witness[02] tail=22 r61=24 gh60=0x5b89ca6 W1=0x3ffb,0x20c9,0x2469 W2=0x3f08,0xd53,0x3eb4
  witness[03] tail=23 r61=16 gh60=0x5b984aa W1=0x1b2d,0x262f,0x27d3 W2=0x1a3a,0x3dab,0x129d
  witness[04] tail=23 r61=21 gh60=0x5e8cfaa W1=0x77e,0xa8,0x2c W2=0x68b,0x3e30,0x5b9
  witness[05] tail=23 r61=27 gh60=0xca184e6 W1=0x313,0x29b,0x2d9a W2=0x220,0x17e,0x2fa
  witness[06] tail=23 r61=27 gh60=0x7abc49a W1=0x2be6,0x3322,0x2e75 W2=0x2af3,0x19f4,0x66a
  witness[07] tail=24 r61=22 gh60=0x5a244ea W1=0x1c12,0x3f92,0x4d4 W2=0x1b1f,0x1511,0x430
  witness[08] tail=24 r61=23 gh60=0xb4b8daa W1=0x18bd,0x3779,0x2c6b W2=0x17ca,0x11bc,0x2315
  witness[09] tail=24 r61=26 gh60=0x5d885ae W1=0x126f,0x3998,0x121d W2=0x117c,0x2f60,0x6a7
  witness[10] tail=25 r61=19 gh60=0xde08ce6 W1=0x181b,0x3305,0x1ea8 W2=0x1728,0x2f97,0x2b3e
  witness[11] tail=25 r61=20 gh60=0xc8d4b9a W1=0x25a6,0x2677,0x3d74 W2=0x24b3,0x268e,0xccc
  witness[12] tail=25 r61=21 gh60=0xc934b7a W1=0x3956,0x1b3,0x3bb2 W2=0x3863,0xbf7,0xff8
  witness[13] tail=25 r61=22 gh60=0xda14bea W1=0x59e,0x1e08,0x27ac W2=0x4ab,0x208c,0x3683
  witness[14] tail=25 r61=22 gh60=0x4488caa W1=0x62d,0x3c3f,0x14a8 W2=0x53a,0x47a,0x24c6
  witness[15] tail=25 r61=22 gh60=0x4a38fe6 W1=0x378b,0x210e,0x3da9 W2=0x3698,0x18dc,0x691

Scan-only r61 registry
  registry_count=16 registry_cap=16
  r61_witness[00] r61=12 tail=33 gh60=0xca0c4fa W1=0x231a,0x1555,0x129f W2=0x2227,0x3f12,0xaef
  r61_witness[01] r61=14 tail=31 gh60=0x4914b6e W1=0x19d0,0x1bfa,0x36f7 W2=0x18dd,0x261e,0x3e7c
  r61_witness[02] r61=14 tail=36 gh60=0x450856a W1=0x3c61,0x202d,0x3c04 W2=0x3b6e,0x2633,0x1264
  r61_witness[03] r61=15 tail=32 gh60=0x4988fae W1=0x7bf,0x3203,0x37d3 W2=0x6cc,0x274a,0x7a7
  r61_witness[04] r61=16 tail=23 gh60=0x5b984aa W1=0x1b2d,0x262f,0x27d3 W2=0x1a3a,0x3dab,0x129d
  r61_witness[05] r61=16 tail=26 gh60=0xcd984aa W1=0x143d,0x2bb0,0x3e6c W2=0x134a,0x25c,0x11b4
  r61_witness[06] r61=16 tail=28 gh60=0xb6645a6 W1=0xa74,0x2112,0x3e2c W2=0x981,0x15d8,0x1ee1
  r61_witness[07] r61=16 tail=28 gh60=0x76284e6 W1=0x3a13,0x2b08,0x31b5 W2=0x3920,0x28fd,0x2c37
  r61_witness[08] r61=16 tail=30 gh60=0x491bb6a W1=0x31d1,0x3a56,0x1d5c W2=0x30de,0x2755,0x206
  r61_witness[09] r61=16 tail=31 gh60=0xce09cea W1=0x3f1d,0x2001,0x2529 W2=0x3e2a,0x2464,0x2632
  r61_witness[10] r61=16 tail=32 gh60=0x4a284a6 W1=0x2303,0x2bdb,0x243b W2=0x2210,0x2dd6,0x2023
  r61_witness[11] r61=16 tail=35 gh60=0xc608ce6 W1=0x90b,0x165,0x2016 W2=0x818,0x39f7,0x1580
  r61_witness[12] r61=16 tail=35 gh60=0x4908b6a W1=0x9dd,0x3876,0x2cd3 W2=0x8ea,0x2a9d,0x3132
  r61_witness[13] r61=16 tail=36 gh60=0x460cbea W1=0x299e,0x28b9,0x7d6 W2=0x28ab,0x277d,0x1974
  r61_witness[14] r61=16 tail=38 gh60=0x5608cea W1=0x2811,0x27fc,0xd19 W2=0x271e,0x2903,0x3e3c
  r61_witness[15] r61=17 tail=26 gh60=0xda18bea W1=0x258d,0x213f,0x255e W2=0x249a,0xfca,0x788

D60=0 fiber histogram: 1:7916 2:4758 3:1805 4:1071 5:431 6:225 7:73 8:68 9:30 10:21 11:4 12:4 13:4 14:1 16:2 18:1 37:1
