free_word_mitm_reducedn
N=14 mask=0x3fff msb=0x2000
candidate: M0=0x3d36 mode=random-fallback fill=0x3fff kernel=dM0=dM9=0x2000
prefixes=32768/268435456 mode=permuted-prefix-sample w59_per_prefix=16384 total=536870912
run_mode=scan registry_cap=16
sample_start=4096000
scan_elapsed=17.797s rate=30.17 Mtriples/s

D60 interface
  D60=0 matches: 33070 (random expectation 32768.0, enrichment 1.009x)
  prefixes with D60=0: 16595
  max D60=0 fiber per prefix: 17 at W57=0x2095 W58=0x2f94
  largest D60 bucket: D=0x9d4 count=33712
  min D60 HW: 0
  D60 HW histogram: 0:33070 1:458806 2:2991159 3:11962050 4:32846807 5:65645291 6:98451388 7:112478993 8:98369408 9:65532199 10:32738988 11:11895891 12:2974275 13:459697 14:32890

Tail closure among D60=0 matches
  final tail collisions: 0
  best r61 HW: 15
  best r61 W1[57..59]=0x37dd,0x27d8,0x156c
  best r61 W2[57..59]=0x36ea,0x27e3,0x24ef
  best tail HW: 22
  best tail r61 HW: 18
  best W1[57..59]=0x1a24,0x3e82,0x19a9
  best W2[57..59]=0x1931,0x8f4,0xee2

SUMMARY N=14 sample_start=4096000 prefixes=32768 total=536870912 d0=33070 best_tail=22 tail_r61=18 best_r61=15 tail_W1=0x1a24,0x3e82,0x19a9 tail_W2=0x1931,0x8f4,0xee2 r61_W1=0x37dd,0x27d8,0x156c r61_W2=0x36ea,0x27e3,0x24ef

Scan-only witness registry
  registry_count=16 registry_cap=16
  witness[00] tail=22 r61=18 gh60=0x556c4e6 W1=0x1a24,0x3e82,0x19a9 W2=0x1931,0x8f4,0xee2
  witness[01] tail=23 r61=21 gh60=0xd90c77a W1=0x35a,0x25b7,0x1418 W2=0x267,0x1290,0xdca
  witness[02] tail=24 r61=21 gh60=0x4f7bf9a W1=0xfc9,0x43a,0x367b W2=0xed6,0x38a2,0xd00
  witness[03] tail=24 r61=23 gh60=0xcefc4be W1=0x3af8,0x1731,0x13ca W2=0x3a05,0x3850,0x3882
  witness[04] tail=25 r61=18 gh60=0x4b0876a W1=0x23cd,0x2f38,0x2d05 W2=0x22da,0x1d9a,0x14df
  witness[05] tail=25 r61=19 gh60=0x5de8d9a W1=0x1665,0x2b0c,0x3358 W2=0x1572,0x2c7e,0x3734
  witness[06] tail=25 r61=21 gh60=0x54b84be W1=0x2237,0x3637,0x156d W2=0x2144,0x355,0x3f8c
  witness[07] tail=25 r61=21 gh60=0xca2c4e6 W1=0x2314,0x535,0x30c5 W2=0x2221,0x3629,0x24ae
  witness[08] tail=25 r61=23 gh60=0xb728d9e W1=0x38c7,0x2e6c,0x84e W2=0x37d4,0x16e,0x2ddb
  witness[09] tail=25 r61=23 gh60=0x49a8d66 W1=0x38e3,0x10d8,0x1a1d W2=0x37f0,0x2ea2,0x381
  witness[10] tail=26 r61=16 gh60=0xb4b5dae W1=0x20c0,0x2d2a,0x545 W2=0x1fcd,0x10e6,0xdaf
  witness[11] tail=26 r61=17 gh60=0x462dca6 W1=0x104,0x31ee,0xcf1 W2=0x11,0x3a29,0x8e0
  witness[12] tail=26 r61=18 gh60=0xcb07d7a W1=0xeda,0x3cde,0xe08 W2=0xde7,0x1b22,0x19d1
  witness[13] tail=26 r61=18 gh60=0x5e187e6 W1=0x3b9b,0x984,0x27fd W2=0x3aa8,0x43f,0x3866
  witness[14] tail=26 r61=20 gh60=0xcf885aa W1=0xabd,0x2bad,0x3dc4 W2=0x9ca,0x3931,0x1760
  witness[15] tail=26 r61=21 gh60=0x4eb45aa W1=0x246e,0x1e2,0x10f0 W2=0x237b,0xfb,0x35

Scan-only r61 registry
  registry_count=16 registry_cap=16
  r61_witness[00] r61=15 tail=28 gh60=0x492bb7a W1=0x1159,0x127f,0x2af9 W2=0x1066,0x3d7e,0x3f82
  r61_witness[01] r61=15 tail=29 gh60=0xc908f6a W1=0x37dd,0x27d8,0x156c W2=0x36ea,0x27e3,0x24ef
  r61_witness[02] r61=15 tail=31 gh60=0xca1c7a6 W1=0x2384,0x3378,0x149a W2=0x2291,0x1f6c,0x1482
  r61_witness[03] r61=15 tail=32 gh60=0x452bc9a W1=0xe45,0x37d6,0xed7 W2=0xd52,0xe62,0x1196
  r61_witness[04] r61=15 tail=34 gh60=0xca045e6 W1=0x129c,0x299d,0x1f76 W2=0x11a9,0xa47,0x1a33
  r61_witness[05] r61=16 tail=26 gh60=0xb4b5dae W1=0x20c0,0x2d2a,0x545 W2=0x1fcd,0x10e6,0xdaf
  r61_witness[06] r61=16 tail=27 gh60=0xb608dea W1=0x189d,0x2881,0xbc6 W2=0x17aa,0x54c,0x15cd
  r61_witness[07] r61=16 tail=29 gh60=0xc92849a W1=0x549,0x2b57,0x238c W2=0x456,0x116c,0x18ba
  r61_witness[08] r61=16 tail=29 gh60=0x48d4bbe W1=0x19b8,0x137c,0x161c W2=0x18c5,0x1788,0x3d32
  r61_witness[09] r61=16 tail=29 gh60=0x4f57cba W1=0x2f36,0x1ce5,0x2355 W2=0x2e43,0x3169,0x121c
  r61_witness[10] r61=16 tail=30 gh60=0x4588da6 W1=0x6bb,0x348,0x765 W2=0x5c8,0x1aec,0x2590
  r61_witness[11] r61=16 tail=30 gh60=0x7637bea W1=0xd9e,0x3e5b,0xba W2=0xcab,0x31d7,0x290d
  r61_witness[12] r61=16 tail=32 gh60=0x4a0bdea W1=0x309d,0x18fe,0x27f2 W2=0x2faa,0x104d,0x2e4e
  r61_witness[13] r61=16 tail=38 gh60=0x5609cea W1=0x21,0x3c1f,0x12b1 W2=0x3f2e,0x3e96,0x1c14
  r61_witness[14] r61=16 tail=38 gh60=0x48847a6 W1=0xbac,0x2b33,0x28ff W2=0xab9,0x1577,0x927
  r61_witness[15] r61=17 tail=26 gh60=0x462dca6 W1=0x104,0x31ee,0xcf1 W2=0x11,0x3a29,0x8e0

D60=0 fiber histogram: 1:8004 2:4730 3:1838 4:1106 5:452 6:217 7:101 8:71 9:25 10:20 11:5 12:11 13:5 14:3 15:2 16:3 17:2
