free_word_mitm_reducedn
N=14 mask=0x3fff msb=0x2000
candidate: M0=0x3d36 mode=random-fallback fill=0x3fff kernel=dM0=dM9=0x2000
prefixes=32768/268435456 mode=permuted-prefix-sample w59_per_prefix=16384 total=536870912
run_mode=scan registry_cap=16
sample_start=46039040
scan_elapsed=17.833s rate=30.11 Mtriples/s

D60 interface
  D60=0 matches: 33313 (random expectation 32768.0, enrichment 1.017x)
  prefixes with D60=0: 16688
  max D60=0 fiber per prefix: 16 at W57=0x2eb1 W58=0x3abc
  largest D60 bucket: D=0x268d count=33676
  min D60 HW: 0
  D60 HW histogram: 0:33313 1:458135 2:2981321 3:11933288 4:32816588 5:65655185 6:98483651 7:112516557 8:98379995 9:65516287 10:32743443 11:11893800 12:2969664 13:457139 14:32546

Tail closure among D60=0 matches
  final tail collisions: 0
  best r61 HW: 15
  best r61 W1[57..59]=0x426,0xbe2,0x3166
  best r61 W2[57..59]=0x333,0x31b2,0xe44
  best tail HW: 21
  best tail r61 HW: 20
  best W1[57..59]=0x991,0x1009,0x3785
  best W2[57..59]=0x89e,0xa98,0x3e19

SUMMARY N=14 sample_start=46039040 prefixes=32768 total=536870912 d0=33313 best_tail=21 tail_r61=20 best_r61=15 tail_W1=0x991,0x1009,0x3785 tail_W2=0x89e,0xa98,0x3e19 r61_W1=0x426,0xbe2,0x3166 r61_W2=0x333,0x31b2,0xe44

Scan-only witness registry
  registry_count=16 registry_cap=16
  witness[00] tail=21 r61=20 gh60=0x4a18bea W1=0x991,0x1009,0x3785 W2=0x89e,0xa98,0x3e19
  witness[01] tail=22 r61=18 gh60=0x5978bba W1=0x39b5,0x15fe,0x3312 W2=0x38c2,0x1255,0xe20
  witness[02] tail=22 r61=21 gh60=0xfa085ea W1=0x49d,0x12c0,0x2ef7 W2=0x3aa,0x20ce,0x186a
  witness[03] tail=22 r61=22 gh60=0xf6687fa W1=0x1399,0x2c59,0x22a8 W2=0x12a6,0x3fa9,0x868
  witness[04] tail=23 r61=21 gh60=0xda6cbba W1=0x1976,0x257,0x29d3 W2=0x1883,0xf2f,0x2d32
  witness[05] tail=23 r61=22 gh60=0x5b0c49a W1=0x54a,0x330c,0xd00 W2=0x457,0x1916,0x69a
  witness[06] tail=23 r61=23 gh60=0x76f4dfe W1=0x2898,0x247f,0x3138 W2=0x27a5,0x28bf,0xb6c
  witness[07] tail=24 r61=17 gh60=0xdce4ce6 W1=0x1624,0xbb1,0x280a W2=0x1531,0x19e4,0x3161
  witness[08] tail=24 r61=18 gh60=0x5b0856e W1=0x3c5f,0x254a,0x3a5 W2=0x3b6c,0x1b90,0x380c
  witness[09] tail=24 r61=20 gh60=0xce6c4a6 W1=0x1b04,0x30f3,0x2253 W2=0x1a11,0x2ff1,0xbe8
  witness[10] tail=24 r61=22 gh60=0x3a84da6 W1=0x167c,0x229b,0x2296 W2=0x1589,0xbc0,0xf81
  witness[11] tail=24 r61=23 gh60=0xcb1cf6a W1=0x74e,0x3aa7,0x2eb1 W2=0x65b,0x32cf,0x3417
  witness[12] tail=24 r61=23 gh60=0x7e08dee W1=0x169f,0x19b7,0x1a84 W2=0x15ac,0x1466,0x2965
  witness[13] tail=25 r61=17 gh60=0x4e19dea W1=0x1e8d,0x32d1,0x2d0c W2=0x1d9a,0x32c,0x2c1b
  witness[14] tail=25 r61=17 gh60=0x4884ba6 W1=0x35ac,0x1113,0xc7f W2=0x34b9,0x28d8,0xf8d
  witness[15] tail=25 r61=20 gh60=0xfe084ea W1=0x331d,0x2e7e,0x3f92 W2=0x322a,0x8e0,0x3275

Scan-only r61 registry
  registry_count=16 registry_cap=16
  r61_witness[00] r61=15 tail=26 gh60=0x4a0c49a W1=0x330a,0xc2c,0x188a W2=0x3217,0x536,0x1a4e
  r61_witness[01] r61=15 tail=32 gh60=0x457449a W1=0x426,0xbe2,0x3166 W2=0x333,0x31b2,0xe44
  r61_witness[02] r61=15 tail=34 gh60=0xc88cb9a W1=0x9aa,0x192c,0x3af7 W2=0x8b7,0x43f,0x2486
  r61_witness[03] r61=15 tail=36 gh60=0x3888ba6 W1=0x5ab,0x3e4f,0x8c1 W2=0x4b8,0x623,0x147a
  r61_witness[04] r61=16 tail=27 gh60=0xc6abf9a W1=0x2f69,0x2f0a,0x1a96 W2=0x2e76,0x17a2,0xa89
  r61_witness[05] r61=16 tail=27 gh60=0xd8e44aa W1=0x3332,0x3464,0xee3 W2=0x323f,0xba9,0x146c
  r61_witness[06] r61=16 tail=28 gh60=0xb917b6e W1=0x11e0,0x27,0x3713 W2=0x10ed,0x2237,0x3083
  r61_witness[07] r61=16 tail=29 gh60=0x4a0cdea W1=0x188e,0x1781,0x933 W2=0x179b,0x1f65,0x2f61
  r61_witness[08] r61=16 tail=29 gh60=0x5a185e6 W1=0x1a9b,0x1760,0x3855 W2=0x19a8,0x3e0b,0x2776
  r61_witness[09] r61=16 tail=30 gh60=0x4f1456e W1=0x3a60,0x12b6,0x411 W2=0x396d,0xb5d,0x42c
  r61_witness[10] r61=16 tail=31 gh60=0x4b09d66 W1=0x1e5b,0x208b,0xe2 W2=0x1d68,0x3423,0x2187
  r61_witness[11] r61=16 tail=32 gh60=0x4a04ffa W1=0x179a,0x26df,0x2541 W2=0x16a7,0x2363,0x2f12
  r61_witness[12] r61=16 tail=32 gh60=0x4b18d6e W1=0x285f,0x399e,0x121d W2=0x276c,0x18d9,0x1a16
  r61_witness[13] r61=16 tail=32 gh60=0xc618cea W1=0x371d,0x334f,0x2853 W2=0x362a,0xa32,0x2f59
  r61_witness[14] r61=16 tail=32 gh60=0x4a1c5a6 W1=0x3c84,0x3439,0x2c7e W2=0x3b91,0x1b0f,0x4f6
  r61_witness[15] r61=16 tail=34 gh60=0x450c566 W1=0x345c,0x3e74,0x375f W2=0x3369,0xab6,0x2107

D60=0 fiber histogram: 1:7951 2:4812 3:1916 4:1106 5:428 6:236 7:87 8:69 9:39 10:20 11:9 12:8 13:3 16:4
