free_word_mitm_reducedn
N=14 mask=0x3fff msb=0x2000
candidate: M0=0x3d36 mode=random-fallback fill=0x3fff kernel=dM0=dM9=0x2000
prefixes=32768/268435456 mode=permuted-prefix-sample w59_per_prefix=16384 total=536870912
run_mode=scan registry_cap=16
sample_start=36667392
scan_elapsed=21.709s rate=24.73 Mtriples/s

D60 interface
  D60=0 matches: 32554 (random expectation 32768.0, enrichment 0.993x)
  prefixes with D60=0: 16423
  max D60=0 fiber per prefix: 17 at W57=0x3505 W58=0x18ac
  largest D60 bucket: D=0xbe0 count=33732
  min D60 HW: 0
  D60 HW histogram: 0:32554 1:456504 2:2973304 3:11913116 4:32764906 5:65542294 6:98349901 7:112466955 8:98470937 9:65667064 10:32819031 11:11940923 12:2982866 13:457717 14:32840

Tail closure among D60=0 matches
  final tail collisions: 0
  best r61 HW: 14
  best r61 W1[57..59]=0x1ca0,0x15c4,0x337a
  best r61 W2[57..59]=0x1bad,0xa73,0x37df
  best tail HW: 20
  best tail r61 HW: 15
  best W1[57..59]=0x1c8f,0x1706,0x3d44
  best W2[57..59]=0x1b9c,0x10c8,0x3ab1

SUMMARY N=14 sample_start=36667392 prefixes=32768 total=536870912 d0=32554 best_tail=20 tail_r61=15 best_r61=14 tail_W1=0x1c8f,0x1706,0x3d44 tail_W2=0x1b9c,0x10c8,0x3ab1 r61_W1=0x1ca0,0x15c4,0x337a r61_W2=0x1bad,0xa73,0x37df

Scan-only witness registry
  registry_count=16 registry_cap=16
  witness[00] tail=20 r61=15 gh60=0xca085ee W1=0x1c8f,0x1706,0x3d44 W2=0x1b9c,0x10c8,0x3ab1
  witness[01] tail=23 r61=21 gh60=0xcaafd6a W1=0x10e2,0x22a0,0x3ff W2=0xfef,0x1ca4,0x3f33
  witness[02] tail=23 r61=23 gh60=0xc96cb66 W1=0x5d4,0x1d50,0x21d1 W2=0x4e1,0x1f3b,0x19a2
  witness[03] tail=23 r61=25 gh60=0xffbfbae W1=0x2db0,0x7d7,0x3d6a W2=0x2cbd,0x2fdf,0x1b3f
  witness[04] tail=24 r61=19 gh60=0x4888baa W1=0x15c1,0x1618,0x11f1 W2=0x14ce,0x265f,0x2182
  witness[05] tail=24 r61=21 gh60=0xb71856a W1=0x2d1,0x165,0x31d5 W2=0x1de,0x373,0x1db3
  witness[06] tail=25 r61=18 gh60=0xd6984aa W1=0x29ed,0x294e,0x662 W2=0x28fa,0x2c8a,0x387
  witness[07] tail=25 r61=21 gh60=0xc4b8dae W1=0x6bf,0x1999,0x37dd W2=0x5cc,0xc0,0x215c
  witness[08] tail=25 r61=22 gh60=0x3ad8d9a W1=0x6c9,0x3a7,0x3e7c W2=0x5d6,0x24cd,0x17f0
  witness[09] tail=25 r61=24 gh60=0xce3dde6 W1=0x208c,0xa64,0x3409 W2=0x1f99,0x3d21,0x20a2
  witness[10] tail=25 r61=25 gh60=0xc97c7ea W1=0xba2,0x1439,0x260d W2=0xaaf,0x7a0,0x1686
  witness[11] tail=25 r61=26 gh60=0xcd984aa W1=0x441,0x31d7,0xdae W2=0x34e,0x3747,0x317f
  witness[12] tail=25 r61=26 gh60=0x4ad449e W1=0x2d48,0x200e,0xdf8 W2=0x2c55,0x2e7e,0x3c34
  witness[13] tail=26 r61=17 gh60=0x48884a6 W1=0x3d3b,0x392,0x1937 W2=0x3c48,0x11dd,0x3346
  witness[14] tail=26 r61=18 gh60=0xd6084ee W1=0x2a0f,0x2ea0,0xe21 W2=0x291c,0x19c6,0x866
  witness[15] tail=26 r61=19 gh60=0xc537d6e W1=0x2ed0,0x27d9,0x3cbd W2=0x2ddd,0xa9,0x214b

Scan-only r61 registry
  registry_count=16 registry_cap=16
  r61_witness[00] r61=14 tail=33 gh60=0xca145ee W1=0x1ca0,0x15c4,0x337a W2=0x1bad,0xa73,0x37df
  r61_witness[01] r61=14 tail=35 gh60=0x48884ae W1=0x2d2f,0x1300,0x465 W2=0x2c3c,0x2f20,0x6f2
  r61_witness[02] r61=15 tail=20 gh60=0xca085ee W1=0x1c8f,0x1706,0x3d44 W2=0x1b9c,0x10c8,0x3ab1
  r61_witness[03] r61=15 tail=31 gh60=0xd918ba6 W1=0x15c3,0x3d97,0x367c W2=0x14d0,0x158b,0x35ca
  r61_witness[04] r61=15 tail=33 gh60=0x4a24bea W1=0x2992,0x3d06,0xc6b W2=0x289f,0x2b9a,0x310b
  r61_witness[05] r61=15 tail=33 gh60=0xc6084e6 W1=0x3c1b,0x1bba,0x3500 W2=0x3b28,0x1a8d,0xa27
  r61_witness[06] r61=15 tail=35 gh60=0x5889caa W1=0x3f2d,0x16ba,0x998 W2=0x3e3a,0x18b5,0x64c
  r61_witness[07] r61=15 tail=41 gh60=0x4908f6a W1=0x7e1,0x1d2f,0x1596 W2=0x6ee,0x203a,0x30de
  r61_witness[08] r61=16 tail=29 gh60=0x4a084ee W1=0x41f,0x345b,0x129f W2=0x32c,0x2275,0x34f4
  r61_witness[09] r61=16 tail=29 gh60=0xf485da6 W1=0x20ac,0x2c22,0x848 W2=0x1fb9,0x2065,0x14df
  r61_witness[10] r61=16 tail=30 gh60=0xcb6859e W1=0x32a7,0x1693,0x4a0 W2=0x31b4,0x2ade,0x2fff
  r61_witness[11] r61=16 tail=30 gh60=0xdb08b66 W1=0x354b,0x2f9,0x32d1 W2=0x3458,0x1cd7,0x287d
  r61_witness[12] r61=16 tail=32 gh60=0x5a18fe6 W1=0x793,0x2c68,0x15db W2=0x6a0,0x1142,0x3887
  r61_witness[13] r61=16 tail=33 gh60=0x4e044e6 W1=0x350c,0x3147,0xc7d W2=0x3419,0x2f2d,0x3666
  r61_witness[14] r61=16 tail=36 gh60=0x4a09dea W1=0x3e8d,0x35da,0x324b W2=0x3d9a,0x635,0x32b7
  r61_witness[15] r61=16 tail=37 gh60=0x4709b6a W1=0x161,0xd08,0x1ecf W2=0x6e,0x4fb,0x17bb

D60=0 fiber histogram: 1:7961 2:4683 3:1789 4:1122 5:420 6:216 7:76 8:73 9:32 10:25 11:13 12:5 13:2 14:2 15:1 16:1 17:2
