free_word_mitm_reducedn
N=14 mask=0x3fff msb=0x2000
candidate: M0=0x3d36 mode=random-fallback fill=0x3fff kernel=dM0=dM9=0x2000
prefixes=32768/268435456 mode=permuted-prefix-sample w59_per_prefix=16384 total=536870912
run_mode=scan registry_cap=16
sample_start=214171648
scan_elapsed=17.660s rate=30.40 Mtriples/s

D60 interface
  D60=0 matches: 32058 (random expectation 32768.0, enrichment 0.978x)
  prefixes with D60=0: 16335
  max D60=0 fiber per prefix: 17 at W57=0x2308 W58=0x3776
  largest D60 bucket: D=0x2c1f count=33780
  min D60 HW: 0
  D60 HW histogram: 0:32058 1:455324 2:2970568 3:11899611 4:32760498 5:65555377 6:98409744 7:112510853 8:98469662 9:65642408 10:32794074 11:11907667 12:2974443 13:455831 14:32794

Tail closure among D60=0 matches
  final tail collisions: 0
  best r61 HW: 13
  best r61 W1[57..59]=0x2eca,0x35ad,0x145b
  best r61 W2[57..59]=0x2dd7,0x105a,0x1d52
  best tail HW: 24
  best tail r61 HW: 24
  best W1[57..59]=0x27a6,0x554,0xe96
  best W2[57..59]=0x26b3,0x46b,0x311

SUMMARY N=14 sample_start=214171648 prefixes=32768 total=536870912 d0=32058 best_tail=24 tail_r61=24 best_r61=13 tail_W1=0x27a6,0x554,0xe96 tail_W2=0x26b3,0x46b,0x311 r61_W1=0x2eca,0x35ad,0x145b r61_W2=0x2dd7,0x105a,0x1d52

Scan-only witness registry
  registry_count=16 registry_cap=16
  witness[00] tail=24 r61=16 gh60=0x4c9cdba W1=0x8ba,0x15bf,0xa22 W2=0x7c7,0x3f9b,0x29b3
  witness[01] tail=24 r61=17 gh60=0x56084ea W1=0x1a11,0x1ffe,0x2c0f W2=0x191e,0x3808,0x1d82
  witness[02] tail=24 r61=17 gh60=0xc92cb7e W1=0x3558,0x2f34,0x1699 W2=0x3465,0x3c58,0x3df0
  witness[03] tail=24 r61=24 gh60=0xc97cf9a W1=0x27a6,0x554,0xe96 W2=0x26b3,0x46b,0x311
  witness[04] tail=25 r61=19 gh60=0xb7a9dbe W1=0x20b7,0x34c9,0x3ab6 W2=0x1fc4,0x3500,0x3244
  witness[05] tail=25 r61=19 gh60=0xc7d9c9a W1=0x2109,0x24e2,0x15d7 W2=0x2016,0x9ee,0x36b6
  witness[06] tail=25 r61=19 gh60=0x3ba84ba W1=0x2af5,0x2a87,0x2697 W2=0x2a02,0x1185,0xa00
  witness[07] tail=25 r61=25 gh60=0xda344ee W1=0x3420,0x37d9,0x24e3 W2=0x332d,0x24e0,0x19b7
  witness[08] tail=26 r61=18 gh60=0xcd0856a W1=0x225d,0x3abe,0xcca W2=0x216a,0xbd4,0x18bc
  witness[09] tail=26 r61=18 gh60=0x4b0cd66 W1=0x264c,0x8a7,0xca9 W2=0x2559,0x1b52,0x331d
  witness[10] tail=26 r61=19 gh60=0x4b0876a W1=0x1be1,0x35aa,0x18cd W2=0x1aee,0x200,0xb92
  witness[11] tail=26 r61=21 gh60=0xf79fbba W1=0xd7a,0x2504,0x2615 W2=0xc87,0xcd4,0x2eb5
  witness[12] tail=26 r61=21 gh60=0xba5cc9e W1=0x2808,0x261,0x3e9e W2=0x2715,0x3c0c,0x1479
  witness[13] tail=26 r61=22 gh60=0x7ef879a W1=0x3365,0x2a42,0x2aea W2=0x3272,0x2c9d,0x363a
  witness[14] tail=26 r61=23 gh60=0x5a08cee W1=0x71f,0x2ba2,0xfbb W2=0x62c,0x56d,0x16a8
  witness[15] tail=26 r61=23 gh60=0xd499daa W1=0x20c1,0x1ed7,0x1807 W2=0x1fce,0x16a2,0x315a

Scan-only r61 registry
  registry_count=16 registry_cap=16
  r61_witness[00] r61=13 tail=37 gh60=0x4507d9a W1=0x2eca,0x35ad,0x145b W2=0x2dd7,0x105a,0x1d52
  r61_witness[01] r61=14 tail=36 gh60=0x492877e W1=0x1bd7,0xb9c,0x13ef W2=0x1ae4,0x1860,0x3a
  r61_witness[02] r61=15 tail=28 gh60=0x44884aa W1=0x2441,0x2871,0x1527 W2=0x234e,0x2fe1,0x7a0
  r61_witness[03] r61=15 tail=28 gh60=0x45a84a6 W1=0x33f3,0x1a9a,0x108b W2=0x3300,0x3885,0x3ca3
  r61_witness[04] r61=15 tail=30 gh60=0x3685b9a W1=0x3d6a,0x3134,0x287e W2=0x3c77,0x2115,0x2a95
  r61_witness[05] r61=15 tail=32 gh60=0x4a087ea W1=0x239d,0x454,0xbb9 W2=0x22aa,0x3412,0x3719
  r61_witness[06] r61=16 tail=24 gh60=0x4c9cdba W1=0x8ba,0x15bf,0xa22 W2=0x7c7,0x3f9b,0x29b3
  r61_witness[07] r61=16 tail=27 gh60=0xda29bfa W1=0x2199,0x34e3,0xdc3 W2=0x20a6,0x3172,0xbe6
  r61_witness[08] r61=16 tail=29 gh60=0x4e084ee W1=0x1a1f,0x1134,0x3c W2=0x192c,0x104a,0x1825
  r61_witness[09] r61=16 tail=30 gh60=0x4b04566 W1=0x1c5c,0x3b0,0x297d W2=0x1b69,0x7ec,0xa52
  r61_witness[10] r61=16 tail=31 gh60=0x4904f66 W1=0x27dc,0x16ec,0x3a0d W2=0x26e9,0x3e1b,0x2710
  r61_witness[11] r61=16 tail=32 gh60=0x4b04b9a W1=0x9ca,0x2cb8,0xf5b W2=0x8d7,0x1a03,0x2e30
  r61_witness[12] r61=16 tail=32 gh60=0x7a09dea W1=0x3e9d,0x3388,0x2380 W2=0x3daa,0x3d3,0x27b7
  r61_witness[13] r61=16 tail=33 gh60=0x5c88cae W1=0x63f,0x746,0x1d43 W2=0x54c,0x3695,0xb44
  r61_witness[14] r61=16 tail=33 gh60=0xc50c566 W1=0x1c4c,0x32d1,0x25b W2=0x1b59,0x3819,0x22f7
  r61_witness[15] r61=16 tail=33 gh60=0xc8a44e6 W1=0x2b24,0x276f,0x3f3e W2=0x2a31,0x1af5,0x318f

D60=0 fiber histogram: 1:7941 2:4644 3:1895 4:1042 5:396 6:215 7:62 8:80 9:22 10:21 11:5 12:3 13:1 14:4 15:1 16:2 17:1
