free_word_mitm_reducedn
N=14 mask=0x3fff msb=0x2000
candidate: M0=0x3d36 mode=random-fallback fill=0x3fff kernel=dM0=dM9=0x2000
prefixes=32768/268435456 mode=permuted-prefix-sample w59_per_prefix=16384 total=536870912
run_mode=scan registry_cap=16
sample_start=189005824
scan_elapsed=17.737s rate=30.27 Mtriples/s

D60 interface
  D60=0 matches: 32506 (random expectation 32768.0, enrichment 0.992x)
  prefixes with D60=0: 16522
  max D60=0 fiber per prefix: 26 at W57=0xa1c W58=0x1ed1
  largest D60 bucket: D=0x303e count=33796
  min D60 HW: 0
  D60 HW histogram: 0:32506 1:456343 2:2969148 3:11888474 4:32738119 5:65565327 6:98415307 7:112513317 8:98454703 9:65635440 10:32806945 11:11920123 12:2982780 13:459466 14:32914

Tail closure among D60=0 matches
  final tail collisions: 0
  best r61 HW: 14
  best r61 W1[57..59]=0x389d,0x3044,0x2dc1
  best r61 W2[57..59]=0x37aa,0xd0f,0x3ad4
  best tail HW: 21
  best tail r61 HW: 14
  best W1[57..59]=0x20ef,0x2fe0,0x973
  best W2[57..59]=0x1ffc,0xc43,0x3c09

SUMMARY N=14 sample_start=189005824 prefixes=32768 total=536870912 d0=32506 best_tail=21 tail_r61=14 best_r61=14 tail_W1=0x20ef,0x2fe0,0x973 tail_W2=0x1ffc,0xc43,0x3c09 r61_W1=0x389d,0x3044,0x2dc1 r61_W2=0x37aa,0xd0f,0x3ad4

Scan-only witness registry
  registry_count=16 registry_cap=16
  witness[00] tail=21 r61=14 gh60=0xbab9cae W1=0x20ef,0x2fe0,0x973 W2=0x1ffc,0xc43,0x3c09
  witness[01] tail=22 r61=18 gh60=0x3a084e6 W1=0x3c0b,0x180,0x269e W2=0x3b18,0x167,0x3f92
  witness[02] tail=22 r61=21 gh60=0xf53cd66 W1=0x84c,0x925,0x5a9 W2=0x759,0x3d78,0x3a77
  witness[03] tail=23 r61=19 gh60=0x5eb84aa W1=0x9fd,0x32c8,0x11c W2=0x90a,0x38f4,0x1722
  witness[04] tail=23 r61=20 gh60=0x579bcae W1=0x303f,0x2111,0x2b1b W2=0x2f4c,0x37e4,0xdc6
  witness[05] tail=23 r61=23 gh60=0x4778be6 W1=0x9a3,0x384a,0x1e10 W2=0x8b0,0x3a38,0x1f2b
  witness[06] tail=24 r61=20 gh60=0x4a885aa W1=0xa7d,0x31ea,0x865 W2=0x98a,0x3ffe,0xc04
  witness[07] tail=24 r61=28 gh60=0xfa8bfaa W1=0xf81,0x12,0x1ac9 W2=0xe8e,0x3191,0x3970
  witness[08] tail=25 r61=21 gh60=0x4668c9a W1=0x28e9,0x169c,0x3ec4 W2=0x27f6,0x39ee,0x1d27
  witness[09] tail=25 r61=22 gh60=0x4a5bdfe W1=0xe97,0x31a8,0x375b W2=0xda4,0x2467,0xb80
  witness[10] tail=25 r61=22 gh60=0x4a9859a W1=0x1265,0x2c09,0x3680 W2=0x1172,0x28bc,0x22c1
  witness[11] tail=25 r61=23 gh60=0x5bebc9a W1=0xde5,0x2040,0x3985 W2=0xcf2,0x330c,0x1112
  witness[12] tail=25 r61=23 gh60=0xb96cc9a W1=0x2926,0x4ba,0x3625 W2=0x2833,0x27d1,0x35b9
  witness[13] tail=25 r61=24 gh60=0x448c4a6 W1=0x1c3c,0x23f2,0x1657 W2=0x1b49,0x303e,0x37cc
  witness[14] tail=25 r61=24 gh60=0x393bb66 W1=0x2dcb,0x235d,0x3d93 W2=0x2cd8,0x1bb9,0x1608
  witness[15] tail=25 r61=26 gh60=0xbe3c5e6 W1=0xa8c,0x10ff,0x26ac W2=0x999,0x25bb,0x3a76

Scan-only r61 registry
  registry_count=16 registry_cap=16
  r61_witness[00] r61=14 tail=21 gh60=0xbab9cae W1=0x20ef,0x2fe0,0x973 W2=0x1ffc,0xc43,0x3c09
  r61_witness[01] r61=14 tail=34 gh60=0xca09cea W1=0x1d,0x3ac5,0x22ab W2=0x3f2a,0x3cf8,0x2e4c
  r61_witness[02] r61=14 tail=38 gh60=0x5a18dea W1=0x389d,0x3044,0x2dc1 W2=0x37aa,0xd0f,0x3ad4
  r61_witness[03] r61=15 tail=27 gh60=0xb488cae W1=0x283f,0xbae,0x3f61 W2=0x274c,0x34fd,0xf93
  r61_witness[04] r61=15 tail=29 gh60=0x4a84c9a W1=0x37ea,0x2927,0x32e6 W2=0x36f7,0x1aaa,0x33c2
  r61_witness[05] r61=15 tail=32 gh60=0x4608cea W1=0x1721,0x2c50,0xa55 W2=0x162e,0x2f7,0xcc8
  r61_witness[06] r61=15 tail=36 gh60=0x4a0c5fa W1=0x129a,0xbd7,0x2dc8 W2=0x11a7,0x56c,0x2724
  r61_witness[07] r61=16 tail=31 gh60=0x4a1bbea W1=0x11a1,0x262e,0x1ac6 W2=0x10ae,0x14a9,0x7da
  r61_witness[08] r61=16 tail=31 gh60=0x4924766 W1=0x13d4,0x26c6,0x3643 W2=0x12e1,0x2616,0x20a5
  r61_witness[09] r61=16 tail=32 gh60=0xce085ee W1=0xc8f,0x26d0,0x24c2 W2=0xb9c,0x98e,0xb8f
  r61_witness[10] r61=16 tail=38 gh60=0x49b4f9a W1=0x37a6,0x2659,0x3691 W2=0x36b3,0x3374,0x2ef4
  r61_witness[11] r61=16 tail=39 gh60=0x491876e W1=0x13df,0x689,0x3ef2 W2=0x12ec,0x10bf,0x2a07
  r61_witness[12] r61=17 tail=26 gh60=0xc8944ae W1=0x1330,0x694,0xc06 W2=0x123d,0x7b5,0x39dc
  r61_witness[13] r61=17 tail=27 gh60=0x4909b6a W1=0x1d1,0x35db,0x1308 W2=0xde,0x34d6,0x7d1
  r61_witness[14] r61=17 tail=29 gh60=0xc5d4d7e W1=0x1658,0x3559,0x3415 W2=0x1565,0xb05,0x2d11
  r61_witness[15] r61=17 tail=29 gh60=0x490876e W1=0x23cf,0x14af,0x317 W2=0x22dc,0x12f5,0x7a6

D60=0 fiber histogram: 1:8012 2:4808 3:1807 4:1034 5:415 6:225 7:84 8:61 9:34 10:14 11:8 12:11 13:1 14:2 15:1 16:1 18:1 19:2 26:1
