free_word_mitm_reducedn
N=14 mask=0x3fff msb=0x2000
candidate: M0=0x3d36 mode=random-fallback fill=0x3fff kernel=dM0=dM9=0x2000
prefixes=32768/268435456 mode=permuted-prefix-sample w59_per_prefix=16384 total=536870912
run_mode=scan registry_cap=16
sample_start=205783040
scan_elapsed=17.817s rate=30.13 Mtriples/s

D60 interface
  D60=0 matches: 32948 (random expectation 32768.0, enrichment 1.005x)
  prefixes with D60=0: 16598
  max D60=0 fiber per prefix: 22 at W57=0x13ae W58=0x3a0d
  largest D60 bucket: D=0x3302 count=33783
  min D60 HW: 0
  D60 HW histogram: 0:32948 1:456135 2:2971904 3:11900302 4:32758629 5:65559703 6:98411775 7:112495972 8:98454036 9:65637923 10:32800924 11:11920462 12:2978859 13:458475 14:32865

Tail closure among D60=0 matches
  final tail collisions: 0
  best r61 HW: 14
  best r61 W1[57..59]=0x81c,0x325e,0x20c6
  best r61 W2[57..59]=0x729,0x2de5,0x2d17
  best tail HW: 22
  best tail r61 HW: 21
  best W1[57..59]=0x3b78,0x3021,0x294a
  best W2[57..59]=0x3a85,0x3b78,0x3a4e

SUMMARY N=14 sample_start=205783040 prefixes=32768 total=536870912 d0=32948 best_tail=22 tail_r61=21 best_r61=14 tail_W1=0x3b78,0x3021,0x294a tail_W2=0x3a85,0x3b78,0x3a4e r61_W1=0x81c,0x325e,0x20c6 r61_W2=0x729,0x2de5,0x2d17

Scan-only witness registry
  registry_count=16 registry_cap=16
  witness[00] tail=22 r61=14 gh60=0xca75cee W1=0x120,0x2267,0x3765 W2=0x2d,0xcbf,0x257f
  witness[01] tail=22 r61=14 gh60=0x7a147ee W1=0x33a0,0x6e1,0x2d74 W2=0x32ad,0xfa0,0x3dfe
  witness[02] tail=22 r61=21 gh60=0x5a5c7be W1=0x3b78,0x3021,0x294a W2=0x3a85,0x3b78,0x3a4e
  witness[03] tail=23 r61=21 gh60=0xf5985a6 W1=0x227b,0x12d3,0x3e0f W2=0x2188,0x2888,0x7d5
  witness[04] tail=24 r61=16 gh60=0xb70449a W1=0x3a4a,0x22d4,0x77 W2=0x3957,0x169c,0x346d
  witness[05] tail=24 r61=19 gh60=0xc65bcba W1=0xef9,0xa8b,0x1b6d W2=0xe06,0x1946,0x2930
  witness[06] tail=24 r61=20 gh60=0x4c8bca6 W1=0x303b,0x29fe,0x27f1 W2=0x2f48,0x10c,0x413
  witness[07] tail=24 r61=21 gh60=0x7b6857e W1=0x2cd7,0x6bb,0xff W2=0x2be4,0x13ef,0x19dc
  witness[08] tail=24 r61=22 gh60=0xcafbbee W1=0x2d8f,0x3ef4,0x1a8d W2=0x2c9c,0x2b87,0x1621
  witness[09] tail=24 r61=22 gh60=0x3e984ae W1=0x3bef,0x3aea,0x19e7 W2=0x3afc,0x3a8a,0x317b
  witness[10] tail=24 r61=23 gh60=0x54b849a W1=0x3225,0x3a97,0x1258 W2=0x3132,0x2ede,0x74e
  witness[11] tail=24 r61=25 gh60=0xccfc49a W1=0xc2a,0x247a,0x30e2 W2=0xb37,0xa7c,0x30be
  witness[12] tail=25 r61=14 gh60=0x4908b6a W1=0x551,0xf8a,0x2169 W2=0x45e,0xdd1,0x1ff2
  witness[13] tail=25 r61=18 gh60=0x45b4c9a W1=0x3626,0x351d,0x3309 W2=0x3533,0x2be8,0x1ec4
  witness[14] tail=25 r61=19 gh60=0x45a45e6 W1=0x3ca4,0x1dc5,0x13f3 W2=0x3bb1,0x1f,0x17c2
  witness[15] tail=25 r61=20 gh60=0xc5abcba W1=0xdf9,0x471,0x2052 W2=0xd06,0x176c,0x1513

Scan-only r61 registry
  registry_count=16 registry_cap=16
  r61_witness[00] r61=14 tail=22 gh60=0xca75cee W1=0x120,0x2267,0x3765 W2=0x2d,0xcbf,0x257f
  r61_witness[01] r61=14 tail=22 gh60=0x7a147ee W1=0x33a0,0x6e1,0x2d74 W2=0x32ad,0xfa0,0x3dfe
  r61_witness[02] r61=14 tail=25 gh60=0x4908b6a W1=0x551,0xf8a,0x2169 W2=0x45e,0xdd1,0x1ff2
  r61_witness[03] r61=14 tail=26 gh60=0x4a04ce6 W1=0x81c,0x325e,0x20c6 W2=0x729,0x2de5,0x2d17
  r61_witness[04] r61=14 tail=26 gh60=0x58844a6 W1=0x1b3c,0x35c3,0x3dcf W2=0x1a49,0x140f,0x26c9
  r61_witness[05] r61=14 tail=26 gh60=0xca29bfa W1=0x2199,0xae3,0x125b W2=0x20a6,0x772,0x39fc
  r61_witness[06] r61=15 tail=29 gh60=0x49887aa W1=0x2b7d,0x623,0x298b W2=0x2a8a,0x37d7,0x1497
  r61_witness[07] r61=15 tail=34 gh60=0x48a44e6 W1=0xd24,0x3c3,0x2134 W2=0xc31,0x1349,0x2ce5
  r61_witness[08] r61=15 tail=35 gh60=0x4b09d66 W1=0xdb,0x2dcf,0x1338 W2=0x3fe8,0x1be7,0x3691
  r61_witness[09] r61=15 tail=35 gh60=0x4a084ea W1=0x231d,0x135c,0x12b2 W2=0x222a,0x18c2,0x1b16
  r61_witness[10] r61=16 tail=24 gh60=0xb70449a W1=0x3a4a,0x22d4,0x77 W2=0x3957,0x169c,0x346d
  r61_witness[11] r61=16 tail=26 gh60=0xcf1bd66 W1=0x30d3,0x464,0x2dbd W2=0x2fe0,0x720,0x2860
  r61_witness[12] r61=16 tail=31 gh60=0xd988ca6 W1=0x18eb,0x2f2b,0x2ee W2=0x17f8,0x38c7,0x3688
  r61_witness[13] r61=16 tail=31 gh60=0x4918b6a W1=0x3561,0x3d78,0xcd6 W2=0x346e,0x7af,0x3369
  r61_witness[14] r61=16 tail=32 gh60=0x5a05cfa W1=0x3f1a,0x3b22,0x3ec0 W2=0x3e27,0x1fde,0x302b
  r61_witness[15] r61=16 tail=34 gh60=0xc917b6e W1=0x2d60,0x3e21,0x2fe0 W2=0x2c6d,0x2731,0x26c9

D60=0 fiber histogram: 1:8042 2:4705 3:1845 4:1141 5:424 6:209 7:72 8:82 9:22 10:27 11:9 12:6 13:3 14:3 16:4 17:1 18:1 22:2
