free_word_mitm_reducedn
N=14 mask=0x3fff msb=0x2000
candidate: M0=0x3d36 mode=random-fallback fill=0x3fff kernel=dM0=dM9=0x2000
prefixes=32768/268435456 mode=permuted-prefix-sample w59_per_prefix=16384 total=536870912
run_mode=scan registry_cap=16
sample_start=4456448
scan_elapsed=17.432s rate=30.80 Mtriples/s

D60 interface
  D60=0 matches: 32812 (random expectation 32768.0, enrichment 1.001x)
  prefixes with D60=0: 16536
  max D60=0 fiber per prefix: 20 at W57=0x3102 W58=0x1922
  largest D60 bucket: D=0xfd2 count=33719
  min D60 HW: 0
  D60 HW histogram: 0:32812 1:458831 2:2980578 3:11925694 4:32803634 5:65587299 6:98385298 7:112449318 8:98440291 9:65611817 10:32801506 11:11922980 12:2979457 13:458963 14:32434

Tail closure among D60=0 matches
  final tail collisions: 0
  best r61 HW: 12
  best r61 W1[57..59]=0x1af7,0xd40,0x156d
  best r61 W2[57..59]=0x1a04,0x1c5e,0xff5
  best tail HW: 19
  best tail r61 HW: 20
  best W1[57..59]=0x2b46,0xed6,0x37b0
  best W2[57..59]=0x2a53,0x36a6,0x6f9

SUMMARY N=14 sample_start=4456448 prefixes=32768 total=536870912 d0=32812 best_tail=19 tail_r61=20 best_r61=12 tail_W1=0x2b46,0xed6,0x37b0 tail_W2=0x2a53,0x36a6,0x6f9 r61_W1=0x1af7,0xd40,0x156d r61_W2=0x1a04,0x1c5e,0xff5

Scan-only witness registry
  registry_count=16 registry_cap=16
  witness[00] tail=19 r61=20 gh60=0x5f5449a W1=0x2b46,0xed6,0x37b0 W2=0x2a53,0x36a6,0x6f9
  witness[01] tail=24 r61=19 gh60=0xca35dfa W1=0x96,0xd22,0xaa5 W2=0x3fa3,0x2802,0x378d
  witness[02] tail=24 r61=20 gh60=0x5497cae W1=0x3040,0x32f0,0x2b4e W2=0x2f4d,0x35c4,0x3dcc
  witness[03] tail=24 r61=20 gh60=0xd8b44aa W1=0x3d3e,0x2bbf,0x1329 W2=0x3c4b,0x1b0,0x268
  witness[04] tail=24 r61=22 gh60=0xf6187e6 W1=0x2393,0x3c5b,0x1d68 W2=0x22a0,0x2336,0x1865
  witness[05] tail=24 r61=23 gh60=0x4ba9c9a W1=0x1fe9,0x2ecb,0x2b70 W2=0x1ef6,0x11df,0x1ea8
  witness[06] tail=24 r61=26 gh60=0xc6ec59e W1=0x3488,0x5a2,0x32ba W2=0x3395,0x1c28,0xdd4
  witness[07] tail=25 r61=18 gh60=0x4a3cc9a W1=0x90a,0xc2f,0xe9a W2=0x817,0x2fb6,0x281
  witness[08] tail=25 r61=18 gh60=0xc778caa W1=0x38ed,0x20c9,0x1a6d W2=0x37fa,0x32c4,0x887
  witness[09] tail=25 r61=22 gh60=0xda284fa W1=0x215,0x1ca9,0x5a1 W2=0x122,0x6d,0x2042
  witness[10] tail=25 r61=22 gh60=0x7dac566 W1=0x1a64,0x2bcc,0x26e6 W2=0x1971,0x2e16,0x331f
  witness[11] tail=25 r61=26 gh60=0xfe58b9e W1=0x987,0x3dc9,0x2a63 W2=0x894,0x339b,0x2a4a
  witness[12] tail=26 r61=14 gh60=0x4ad7f7a W1=0xfd6,0x259e,0x3d4e W2=0xee3,0x11be,0x1b18
  witness[13] tail=26 r61=18 gh60=0xf8944ae W1=0x1530,0x2ef2,0x35e1 W2=0x143d,0x2e93,0xa36
  witness[14] tail=26 r61=20 gh60=0x4ea4faa W1=0x3772,0x147f,0xa7f W2=0x367f,0x121b,0x26
  witness[15] tail=26 r61=21 gh60=0xd6a849a W1=0x2e5,0x3026,0x1a60 W2=0x1f2,0x18ad,0x1d6d

Scan-only r61 registry
  registry_count=16 registry_cap=16
  r61_witness[00] r61=12 tail=34 gh60=0x56684be W1=0x1af7,0xd40,0x156d W2=0x1a04,0x1c5e,0xff5
  r61_witness[01] r61=14 tail=26 gh60=0x4ad7f7a W1=0xfd6,0x259e,0x3d4e W2=0xee3,0x11be,0x1b18
  r61_witness[02] r61=14 tail=29 gh60=0x4627ce6 W1=0xe14,0x128,0x2f5a W2=0xd21,0x34d1,0x756
  r61_witness[03] r61=15 tail=27 gh60=0xd888cae W1=0x392f,0x3,0x1218 W2=0x383c,0x2962,0x3002
  r61_witness[04] r61=15 tail=29 gh60=0xd624da6 W1=0x1884,0x92c,0x181b W2=0x1791,0x2c81,0x1c0f
  r61_witness[05] r61=16 tail=27 gh60=0xca385e6 W1=0x1c9b,0x338c,0x1976 W2=0x1ba8,0x3c37,0x2232
  r61_witness[06] r61=16 tail=27 gh60=0xc6e857a W1=0x2459,0x25ca,0xc10 W2=0x2366,0x856,0x1925
  r61_witness[07] r61=16 tail=28 gh60=0x56a4caa W1=0x27f2,0x30b1,0x10d9 W2=0x26ff,0x33b5,0x2f74
  r61_witness[08] r61=16 tail=33 gh60=0xd91476a W1=0xb4e,0x1746,0x22e1 W2=0xa5b,0x11ad,0x146c
  r61_witness[09] r61=16 tail=34 gh60=0x4a0dcee W1=0x120,0x3652,0x2714 W2=0x2d,0x20aa,0x2a3c
  r61_witness[10] r61=16 tail=34 gh60=0x4b0856a W1=0x125d,0x5a4,0x192f W2=0x116a,0x21be,0xb09
  r61_witness[11] r61=16 tail=34 gh60=0x4684cba W1=0x16fa,0x19e2,0x2e35 W2=0x1607,0xe16,0x18f
  r61_witness[12] r61=16 tail=37 gh60=0x4667daa W1=0xe72,0x2ce,0x21cf W2=0xd7f,0xa2e,0x3c3b
  r61_witness[13] r61=17 tail=27 gh60=0x5618bea W1=0x58d,0x17f3,0x1c42 W2=0x49a,0x67e,0x2b9c
  r61_witness[14] r61=17 tail=27 gh60=0x76084e6 W1=0x231b,0x3fc8,0x227d W2=0x2228,0x1d8d,0x28d0
  r61_witness[15] r61=17 tail=27 gh60=0x4ae7de6 W1=0x2e94,0x62a,0x2782 W2=0x2da1,0x33fb,0x249d

D60=0 fiber histogram: 1:7898 2:4840 3:1796 4:1150 5:401 6:221 7:89 8:69 9:30 10:22 11:9 12:4 13:3 14:2 16:1 20:1
