free_word_mitm_reducedn
N=14 mask=0x3fff msb=0x2000
candidate: M0=0x3d36 mode=random-fallback fill=0x3fff kernel=dM0=dM9=0x2000
prefixes=32768/268435456 mode=permuted-prefix-sample w59_per_prefix=16384 total=536870912
run_mode=scan registry_cap=16
sample_start=29130752
scan_elapsed=18.383s rate=29.20 Mtriples/s

D60 interface
  D60=0 matches: 32445 (random expectation 32768.0, enrichment 0.990x)
  prefixes with D60=0: 16503
  max D60=0 fiber per prefix: 18 at W57=0x3f1 W58=0x2f96
  largest D60 bucket: D=0xdd9 count=33820
  min D60 HW: 0
  D60 HW histogram: 0:32445 1:456191 2:2966347 3:11898685 4:32792718 5:65636319 6:98486929 7:112512400 8:98426020 9:65570038 10:32744053 11:11891828 12:2968959 13:455600 14:32380

Tail closure among D60=0 matches
  final tail collisions: 0
  best r61 HW: 13
  best r61 W1[57..59]=0x2e90,0x3677,0x21ff
  best r61 W2[57..59]=0x2d9d,0x13bb,0x3fe4
  best tail HW: 21
  best tail r61 HW: 19
  best W1[57..59]=0x3f7e,0x2338,0x35e6
  best W2[57..59]=0x3e8b,0x1fc0,0x2838

SUMMARY N=14 sample_start=29130752 prefixes=32768 total=536870912 d0=32445 best_tail=21 tail_r61=19 best_r61=13 tail_W1=0x3f7e,0x2338,0x35e6 tail_W2=0x3e8b,0x1fc0,0x2838 r61_W1=0x2e90,0x3677,0x21ff r61_W2=0x2d9d,0x13bb,0x3fe4

Scan-only witness registry
  registry_count=16 registry_cap=16
  witness[00] tail=21 r61=19 gh60=0x4e75faa W1=0x3f7e,0x2338,0x35e6 W2=0x3e8b,0x1fc0,0x2838
  witness[01] tail=23 r61=21 gh60=0x54b7caa W1=0x302e,0x35f2,0x71 W2=0x2f3b,0x28ba,0x3352
  witness[02] tail=24 r61=20 gh60=0x56984aa W1=0x2ed,0x2a2a,0x3047 W2=0x1fa,0x30a6,0x80b
  witness[03] tail=24 r61=21 gh60=0x3ae877a W1=0x13d5,0x3405,0x11a W2=0x12e2,0x2ee5,0x3ed3
  witness[04] tail=24 r61=21 gh60=0xb51856e W1=0x1a5f,0x2664,0xf6b W2=0x196c,0x1502,0x337b
  witness[05] tail=24 r61=23 gh60=0x4bac4ba W1=0x3bf6,0x170f,0x2650 W2=0x3b03,0xece,0x2eb0
  witness[06] tail=25 r61=15 gh60=0xdb3bd66 W1=0x30db,0x1253,0x3f3d W2=0x2fe8,0x356f,0x30df
  witness[07] tail=25 r61=17 gh60=0x49784ae W1=0x2b3f,0x2db0,0x9d9 W2=0x2a4c,0xd40,0x2ebe
  witness[08] tail=25 r61=17 gh60=0xcf0876a W1=0x3b51,0x128,0x3bc3 W2=0x3a5e,0xc8a,0x21b4
  witness[09] tail=25 r61=18 gh60=0xcd8c59a W1=0x2aa,0x153b,0x2959 W2=0x1b7,0x16f,0xa10
  witness[10] tail=25 r61=19 gh60=0x4d0c566 W1=0xc5c,0x3e35,0x2438 W2=0xb69,0x3575,0x2a20
  witness[11] tail=25 r61=20 gh60=0x44945ae W1=0x34b0,0x2164,0x2d67 W2=0x33bd,0x172d,0x739
  witness[12] tail=25 r61=21 gh60=0xc8bc7a6 W1=0xbbc,0x196a,0x18d0 W2=0xac9,0x49e,0x31b4
  witness[13] tail=25 r61=21 gh60=0x461ccee W1=0x1620,0xfe1,0x1ead W2=0x152d,0x3ea9,0x39c7
  witness[14] tail=25 r61=21 gh60=0xca19cea W1=0x3f0d,0x3f40,0x349 W2=0x3e1a,0x3b3,0x3507
  witness[15] tail=25 r61=22 gh60=0xd719ca6 W1=0x2043,0x1cd3,0x118c W2=0x1f50,0x2491,0x282f

Scan-only r61 registry
  registry_count=16 registry_cap=16
  r61_witness[00] r61=13 tail=32 gh60=0x4a17dee W1=0x2e90,0x3677,0x21ff W2=0x2d9d,0x13bb,0x3fe4
  r61_witness[01] r61=14 tail=31 gh60=0x4a087e6 W1=0xb8b,0x38ee,0x1249 W2=0xa98,0x1fb9,0x35a0
  r61_witness[02] r61=14 tail=34 gh60=0x4508d66 W1=0x65b,0x3b66,0x3913 W2=0x568,0x1904,0x384
  r61_witness[03] r61=15 tail=25 gh60=0xdb3bd66 W1=0x30db,0x1253,0x3f3d W2=0x2fe8,0x356f,0x30df
  r61_witness[04] r61=15 tail=27 gh60=0x4da8cbe W1=0x837,0x1eb4,0x2a18 W2=0x744,0x2893,0x887
  r61_witness[05] r61=15 tail=32 gh60=0x4ba4f6a W1=0x37e2,0x364c,0x35a2 W2=0x36ef,0x3980,0x22cb
  r61_witness[06] r61=16 tail=26 gh60=0x46884aa W1=0x2bfd,0x8cf,0xd35 W2=0x2b0a,0xe7b,0xc29
  r61_witness[07] r61=16 tail=33 gh60=0x4a18fee W1=0x78f,0x375a,0x17c5 W2=0x69c,0x2c29,0x13a4
  r61_witness[08] r61=16 tail=33 gh60=0xc897baa W1=0x11ae,0x354e,0x3194 W2=0x10bb,0x249e,0x1752
  r61_witness[09] r61=16 tail=34 gh60=0xc888cae W1=0x173f,0x204,0xa2a W2=0x164c,0x2e53,0x1e3d
  r61_witness[10] r61=16 tail=35 gh60=0xc88ccaa W1=0x193e,0x1498,0xfc7 W2=0x184b,0x2708,0x1050
  r61_witness[11] r61=16 tail=37 gh60=0x4a2bcfe W1=0x2f17,0xa49,0x2d3 W2=0x2e24,0x3320,0x2170
  r61_witness[12] r61=16 tail=37 gh60=0xd904766 W1=0x3b4c,0x836,0x233a W2=0x3a59,0x776,0x24cf
  r61_witness[13] r61=16 tail=38 gh60=0xca985aa W1=0x3281,0x1c33,0x34aa W2=0x318e,0x26cb,0x1c4d
  r61_witness[14] r61=17 tail=25 gh60=0x49784ae W1=0x2b3f,0x2db0,0x9d9 W2=0x2a4c,0xd40,0x2ebe
  r61_witness[15] r61=17 tail=25 gh60=0xcf0876a W1=0x3b51,0x128,0x3bc3 W2=0x3a5e,0xc8a,0x21b4

D60=0 fiber histogram: 1:7999 2:4840 3:1756 4:1050 5:405 6:219 7:90 8:74 9:24 10:21 11:10 12:6 13:4 14:1 15:3 18:1
