free_word_mitm_reducedn
N=14 mask=0x3fff msb=0x2000
candidate: M0=0x3d36 mode=random-fallback fill=0x3fff kernel=dM0=dM9=0x2000
prefixes=32768/268435456 mode=permuted-prefix-sample w59_per_prefix=16384 total=536870912
run_mode=scan registry_cap=16
sample_start=178847744
scan_elapsed=18.502s rate=29.02 Mtriples/s

D60 interface
  D60=0 matches: 32862 (random expectation 32768.0, enrichment 1.003x)
  prefixes with D60=0: 16482
  max D60=0 fiber per prefix: 18 at W57=0x2cf W58=0x119a
  largest D60 bucket: D=0xc33 count=33902
  min D60 HW: 0
  D60 HW histogram: 0:32862 1:457117 2:2973458 3:11900976 4:32760759 5:65569917 6:98395574 7:112492064 8:98444903 9:65639835 10:32816039 11:11924298 12:2975475 13:455190 14:32445

Tail closure among D60=0 matches
  final tail collisions: 0
  best r61 HW: 15
  best r61 W1[57..59]=0x235c,0x121d,0x2b95
  best r61 W2[57..59]=0x2269,0x35c3,0x3a0f
  best tail HW: 23
  best tail r61 HW: 18
  best W1[57..59]=0x2c45,0x3c4a,0x1ab8
  best W2[57..59]=0x2b52,0x22d5,0x39c6

SUMMARY N=14 sample_start=178847744 prefixes=32768 total=536870912 d0=32862 best_tail=23 tail_r61=18 best_r61=15 tail_W1=0x2c45,0x3c4a,0x1ab8 tail_W2=0x2b52,0x22d5,0x39c6 r61_W1=0x235c,0x121d,0x2b95 r61_W2=0x2269,0x35c3,0x3a0f

Scan-only witness registry
  registry_count=16 registry_cap=16
  witness[00] tail=23 r61=18 gh60=0x7b1849a W1=0x2c45,0x3c4a,0x1ab8 W2=0x2b52,0x22d5,0x39c6
  witness[01] tail=23 r61=18 gh60=0xb497dae W1=0x30c0,0xb36,0x2b04 W2=0x2fcd,0x1dea,0x2061
  witness[02] tail=23 r61=22 gh60=0x7598de6 W1=0x18a3,0x1244,0x1f4d W2=0x17b0,0x371e,0x3a13
  witness[03] tail=23 r61=23 gh60=0x44e4ce6 W1=0x624,0x19b3,0x39e4 W2=0x531,0x1aea,0x10af
  witness[04] tail=24 r61=19 gh60=0x7a2849a W1=0x2309,0x2864,0xf W2=0x2216,0x116d,0x1ee9
  witness[05] tail=24 r61=20 gh60=0xc68dca6 W1=0x20fc,0x2885,0x24d8 W2=0x2009,0x1110,0x29ff
  witness[06] tail=24 r61=20 gh60=0xbad857e W1=0x2a57,0x2489,0x3555 W2=0x2964,0x2735,0x1028
  witness[07] tail=24 r61=23 gh60=0x76a859a W1=0x265,0x252,0x346c W2=0x172,0x2f09,0x1934
  witness[08] tail=25 r61=18 gh60=0xc62bba6 W1=0x1183,0x213d,0x332f W2=0x1090,0x1027,0x3059
  witness[09] tail=25 r61=18 gh60=0xc589daa W1=0x3ead,0x776,0x4e3 W2=0x3dba,0x1549,0x739
  witness[10] tail=25 r61=20 gh60=0x7514d6a W1=0x84e,0x2dc8,0x2e59 W2=0x75b,0x2220,0x11c3
  witness[11] tail=25 r61=20 gh60=0xda1c5e6 W1=0x329c,0x2e84,0x3745 W2=0x31a9,0x112e,0x2c61
  witness[12] tail=25 r61=21 gh60=0x49744aa W1=0x32e,0x3d34,0x3697 W2=0x23b,0x335,0x1e05
  witness[13] tail=25 r61=21 gh60=0x4bf47ae W1=0x380,0x3138,0x2960 W2=0x28d,0x2b01,0xa01
  witness[14] tail=25 r61=24 gh60=0x5f647a6 W1=0xbb4,0x388a,0x2368 W2=0xac1,0x2360,0x35e
  witness[15] tail=25 r61=24 gh60=0xca2cca6 W1=0x2604,0x3dd5,0x1234 W2=0x2511,0x3d92,0x3873

Scan-only r61 registry
  registry_count=16 registry_cap=16
  r61_witness[00] r61=15 tail=28 gh60=0x46885aa W1=0x2c71,0x27bf,0x10 W2=0x2b7e,0x2467,0x1a3c
  r61_witness[01] r61=15 tail=29 gh60=0x7b04766 W1=0x235c,0x121d,0x2b95 W2=0x2269,0x35c3,0x3a0f
  r61_witness[02] r61=15 tail=37 gh60=0x5569ca6 W1=0x33,0x2bae,0x2e0a W2=0x3f40,0x3358,0x15d7
  r61_witness[03] r61=15 tail=39 gh60=0x48884ae W1=0x333f,0x20d7,0x3158 W2=0x324c,0xee7,0x2753
  r61_witness[04] r61=16 tail=27 gh60=0x4668b66 W1=0x963,0x31f2,0xbfd W2=0x870,0x3bf0,0x32e6
  r61_witness[05] r61=16 tail=28 gh60=0x788479a W1=0x3baa,0x2b8b,0x88d W2=0x3ab7,0x2d59,0x37a4
  r61_witness[06] r61=16 tail=34 gh60=0xc704566 W1=0x14dc,0x3469,0x2105 W2=0x13e9,0x3e8b,0x3532
  r61_witness[07] r61=16 tail=35 gh60=0x4655cbe W1=0xf8,0x2353,0x47f W2=0x5,0x2c33,0x95e
  r61_witness[08] r61=17 tail=28 gh60=0xb509d6e W1=0x20df,0x2010,0xcaa W2=0x1fec,0x5b3,0x2267
  r61_witness[09] r61=17 tail=29 gh60=0x4918f66 W1=0x7cb,0x155d,0x208c W2=0x6d8,0x3997,0x2efa
  r61_witness[10] r61=17 tail=29 gh60=0x560bcea W1=0x101d,0x16ee,0x3f7 W2=0xf2a,0x425,0xd7f
  r61_witness[11] r61=17 tail=31 gh60=0x5e29c9e W1=0x7,0x39,0x33be W2=0x3f14,0xb6d,0x3cd4
  r61_witness[12] r61=17 tail=32 gh60=0xd588ca6 W1=0x182b,0x15b1,0x621 W2=0x1738,0xecd,0x123
  r61_witness[13] r61=17 tail=32 gh60=0xcf0856e W1=0x3adf,0xd15,0xae3 W2=0x39ec,0x39d3,0x3e15
  r61_witness[14] r61=17 tail=33 gh60=0x4f04f66 W1=0x7dc,0x1806,0x28ee W2=0x6e9,0x372d,0xa47
  r61_witness[15] r61=17 tail=33 gh60=0xca09bea W1=0x1d8d,0x257f,0x1846 W2=0x1c9a,0x160a,0xe6f

D60=0 fiber histogram: 1:7923 2:4745 3:1771 4:1151 5:418 6:231 7:91 8:69 9:38 10:19 11:7 12:7 13:2 14:7 16:2 18:1
