free_word_mitm_reducedn
N=14 mask=0x3fff msb=0x2000
candidate: M0=0x3d36 mode=random-fallback fill=0x3fff kernel=dM0=dM9=0x2000
prefixes=32768/268435456 mode=permuted-prefix-sample w59_per_prefix=16384 total=536870912
run_mode=scan registry_cap=16
sample_start=207159296
scan_elapsed=15.863s rate=33.84 Mtriples/s

D60 interface
  D60=0 matches: 32483 (random expectation 32768.0, enrichment 0.991x)
  prefixes with D60=0: 16452
  max D60=0 fiber per prefix: 25 at W57=0x379d W58=0x38f9
  largest D60 bucket: D=0x2d9f count=33730
  min D60 HW: 0
  D60 HW histogram: 0:32483 1:458693 2:2972735 3:11895680 4:32762361 5:65575272 6:98402280 7:112497141 8:98489431 9:65628141 10:32783830 11:11909114 12:2974222 13:456944 14:32585

Tail closure among D60=0 matches
  final tail collisions: 0
  best r61 HW: 13
  best r61 W1[57..59]=0xf9f,0x535,0x1f2f
  best r61 W2[57..59]=0xeac,0x26f0,0x277c
  best tail HW: 21
  best tail r61 HW: 18
  best W1[57..59]=0x15fb,0x3061,0x2ca8
  best W2[57..59]=0x1508,0x116d,0x3f19

SUMMARY N=14 sample_start=207159296 prefixes=32768 total=536870912 d0=32483 best_tail=21 tail_r61=18 best_r61=13 tail_W1=0x15fb,0x3061,0x2ca8 tail_W2=0x1508,0x116d,0x3f19 r61_W1=0xf9f,0x535,0x1f2f r61_W2=0xeac,0x26f0,0x277c

Scan-only witness registry
  registry_count=16 registry_cap=16
  witness[00] tail=21 r61=18 gh60=0x3a88ca6 W1=0x15fb,0x3061,0x2ca8 W2=0x1508,0x116d,0x3f19
  witness[01] tail=22 r61=17 gh60=0x58e4bea W1=0x19a2,0x2c7e,0x3b82 W2=0x18af,0x26a2,0xe7
  witness[02] tail=22 r61=19 gh60=0x4b2849a W1=0x2b49,0x72d,0x198a W2=0x2a56,0x2f3c,0xea5
  witness[03] tail=22 r61=22 gh60=0x4ea7ca6 W1=0x2df4,0x843,0x3fc W2=0x2d01,0x35f2,0xf9f
  witness[04] tail=23 r61=16 gh60=0x55f7cae W1=0x2ff0,0x964,0xe36 W2=0x2efd,0x10c8,0x282f
  witness[05] tail=23 r61=22 gh60=0xd62bbfa W1=0xd99,0x1a06,0x1132 W2=0xca6,0xdd5,0x39b8
  witness[06] tail=24 r61=21 gh60=0xff2cc9e W1=0x2948,0x1105,0x96f W2=0x2855,0x1a34,0x16f9
  witness[07] tail=24 r61=22 gh60=0x79e8ba6 W1=0x1573,0x2ac5,0x3283 W2=0x1480,0x319,0x1eea
  witness[08] tail=24 r61=24 gh60=0x5e5c5fe W1=0x3a98,0x694,0x2ca6 W2=0x39a5,0x17d5,0x1e9a
  witness[09] tail=25 r61=15 gh60=0x36887aa W1=0x2381,0x32b7,0xa2c W2=0x228e,0x366f,0x30c4
  witness[10] tail=25 r61=16 gh60=0xca8cdba W1=0x367a,0x399,0x38bc W2=0x3587,0x3e5,0x149
  witness[11] tail=25 r61=18 gh60=0x56d9d7e W1=0x57,0x2254,0x1b6d W2=0x3f64,0x28ab,0xbff
  witness[12] tail=25 r61=18 gh60=0xcdf5d6a W1=0x1ede,0x33bd,0x39bb W2=0x1deb,0x2f81,0x9b4
  witness[13] tail=25 r61=19 gh60=0x4a19ce6 W1=0x1e13,0x1547,0x316e W2=0x1d20,0x5fb,0xce6
  witness[14] tail=25 r61=20 gh60=0xc698766 W1=0x1be3,0x2237,0xd59 W2=0x1af0,0x1e18,0x2a3b
  witness[15] tail=25 r61=21 gh60=0x589bbaa W1=0x31b1,0x3ffb,0x32bc W2=0x30be,0x2912,0xd4f

Scan-only r61 registry
  registry_count=16 registry_cap=16
  r61_witness[00] r61=13 tail=33 gh60=0x4a0bfee W1=0xf9f,0x535,0x1f2f W2=0xeac,0x26f0,0x277c
  r61_witness[01] r61=14 tail=28 gh60=0x450856a W1=0xc5d,0x1f6e,0x2db9 W2=0xb6a,0x2a6c,0x2100
  r61_witness[02] r61=14 tail=33 gh60=0xfa087ea W1=0x3ba1,0x107,0x3633 W2=0x3aae,0x13c5,0xf3c
  r61_witness[03] r61=15 tail=25 gh60=0x36887aa W1=0x2381,0x32b7,0xa2c W2=0x228e,0x366f,0x30c4
  r61_witness[04] r61=15 tail=30 gh60=0x49587ba W1=0x1bb9,0x166b,0x2b5c W2=0x1ac6,0x2745,0xcc4
  r61_witness[05] r61=15 tail=30 gh60=0x4b88cae W1=0x392f,0x26e7,0x30c0 W2=0x383c,0x1046,0x596
  r61_witness[06] r61=15 tail=32 gh60=0xc90fc9a W1=0xf4a,0x3fbe,0x349 W2=0xe57,0xe43,0xa9b
  r61_witness[07] r61=16 tail=23 gh60=0x55f7cae W1=0x2ff0,0x964,0xe36 W2=0x2efd,0x10c8,0x282f
  r61_witness[08] r61=16 tail=25 gh60=0xca8cdba W1=0x367a,0x399,0x38bc W2=0x3587,0x3e5,0x149
  r61_witness[09] r61=16 tail=27 gh60=0xca9c7ae W1=0x1370,0x1109,0x349c W2=0x127d,0x1ce2,0xc8b
  r61_witness[10] r61=16 tail=28 gh60=0xcd3849e W1=0x2c47,0x29b3,0x603 W2=0x2b54,0x3822,0x3992
  r61_witness[11] r61=16 tail=31 gh60=0xc919ba6 W1=0x1dc3,0x4d7,0xb8c W2=0x1cd0,0xa4d,0x166b
  r61_witness[12] r61=16 tail=31 gh60=0xdb884ae W1=0x2cff,0x21ec,0x3b51 W2=0x2c0c,0x3f7c,0x22e2
  r61_witness[13] r61=16 tail=32 gh60=0x4904766 W1=0x33dc,0x3a19,0x38e5 W2=0x32e9,0x32c3,0x3386
  r61_witness[14] r61=16 tail=32 gh60=0xdb09f66 W1=0x3fdb,0x266e,0x77c W2=0x3ee8,0x816,0x178
  r61_witness[15] r61=16 tail=33 gh60=0x4889baa W1=0x1dc1,0x2919,0xf3c W2=0x1cce,0x2664,0x29d1

D60=0 fiber histogram: 1:7969 2:4754 3:1782 4:1082 5:438 6:209 7:89 8:56 9:27 10:16 11:7 12:6 13:4 14:4 15:2 16:3 17:1 18:1 19:1 25:1
