free_word_mitm_reducedn
N=14 mask=0x3fff msb=0x2000
candidate: M0=0x3d36 mode=random-fallback fill=0x3fff kernel=dM0=dM9=0x2000
prefixes=32768/268435456 mode=permuted-prefix-sample w59_per_prefix=16384 total=536870912
run_mode=scan registry_cap=16
sample_start=181993472
scan_elapsed=15.632s rate=34.34 Mtriples/s

D60 interface
  D60=0 matches: 32369 (random expectation 32768.0, enrichment 0.988x)
  prefixes with D60=0: 16461
  max D60=0 fiber per prefix: 16 at W57=0x21b4 W58=0x307e
  largest D60 bucket: D=0x18d1 count=33778
  min D60 HW: 0
  D60 HW histogram: 0:32369 1:456118 2:2968047 3:11886807 4:32727851 5:65541197 6:98437337 7:112511205 8:98491353 9:65636235 10:32806758 11:11912548 12:2974223 13:456437 14:32427

Tail closure among D60=0 matches
  final tail collisions: 0
  best r61 HW: 14
  best r61 W1[57..59]=0x15c1,0x19a1,0x15cc
  best r61 W2[57..59]=0x14ce,0x29e8,0x680
  best tail HW: 23
  best tail r61 HW: 22
  best W1[57..59]=0x2bc6,0x3ac7,0x2f70
  best W2[57..59]=0x2ad3,0x3ce7,0x24a3

SUMMARY N=14 sample_start=181993472 prefixes=32768 total=536870912 d0=32369 best_tail=23 tail_r61=22 best_r61=14 tail_W1=0x2bc6,0x3ac7,0x2f70 tail_W2=0x2ad3,0x3ce7,0x24a3 r61_W1=0x15c1,0x19a1,0x15cc r61_W2=0x14ce,0x29e8,0x680

Scan-only witness registry
  registry_count=16 registry_cap=16
  witness[00] tail=23 r61=18 gh60=0xb90bf66 W1=0x2fcb,0x349f,0x2f22 W2=0x2ed8,0xb5b,0x2a6
  witness[01] tail=23 r61=22 gh60=0xc93c79a W1=0x2bc6,0x3ac7,0x2f70 W2=0x2ad3,0x3ce7,0x24a3
  witness[02] tail=24 r61=16 gh60=0xd884ca6 W1=0x173c,0x25eb,0x572 W2=0x1649,0x278,0x1eea
  witness[03] tail=24 r61=19 gh60=0x7a2849e W1=0x307,0x1a71,0xd6f W2=0x214,0x1b62,0x7e8
  witness[04] tail=24 r61=20 gh60=0x4c88cae W1=0x363f,0x3724,0x16d W2=0x354c,0x3773,0x30a0
  witness[05] tail=24 r61=27 gh60=0x5adcbba W1=0x976,0x27ef,0x228e W2=0x883,0x23cb,0x11b5
  witness[06] tail=25 r61=17 gh60=0xca0c4ea W1=0x250e,0x3574,0x2837 W2=0x241b,0x3c7b,0x2861
  witness[07] tail=25 r61=17 gh60=0x496cb9e W1=0x29c8,0x19fd,0x28ab W2=0x28d5,0xd5c,0x2644
  witness[08] tail=25 r61=20 gh60=0xdad8d9e W1=0x3887,0x578,0x21ce W2=0x3794,0x190e,0x1b3a
  witness[09] tail=25 r61=21 gh60=0xc8b84ae W1=0x353f,0x34f5,0x252c W2=0x344c,0x2185,0x13a2
  witness[10] tail=25 r61=22 gh60=0xd8f4bae W1=0x5b0,0x37f3,0x173a W2=0x4bd,0x2ffb,0x3b93
  witness[11] tail=25 r61=24 gh60=0x5a3dbea W1=0x218e,0x2bda,0x2f82 W2=0x209b,0x27aa,0x565
  witness[12] tail=25 r61=25 gh60=0x4c985aa W1=0x24ad,0x225b,0x1962 W2=0x23ba,0x30ef,0x237b
  witness[13] tail=25 r61=25 gh60=0x5d98ca6 W1=0x35eb,0x1f8c,0x3f26 W2=0x34f8,0x3fa8,0x1a1f
  witness[14] tail=26 r61=16 gh60=0x4a1c5ea W1=0x1a92,0x23b9,0x295e W2=0x199f,0x3fe0,0x1ac4
  witness[15] tail=26 r61=18 gh60=0x48a84e6 W1=0x2323,0x36fc,0x2f02 W2=0x2230,0x3473,0x2ff1

Scan-only r61 registry
  registry_count=16 registry_cap=16
  r61_witness[00] r61=14 tail=28 gh60=0x4498da6 W1=0x26ab,0x325,0x20dc W2=0x25b8,0x1bd9,0x28b8
  r61_witness[01] r61=14 tail=33 gh60=0xba04c9a W1=0x90a,0x38fe,0x3eb5 W2=0x817,0x1c85,0xc5
  r61_witness[02] r61=14 tail=35 gh60=0x5888baa W1=0x15c1,0x19a1,0x15cc W2=0x14ce,0x29e8,0x680
  r61_witness[03] r61=15 tail=31 gh60=0x4a084e6 W1=0x2d0b,0x318e,0x992 W2=0x2c18,0x2e61,0xb29
  r61_witness[04] r61=15 tail=36 gh60=0x4a9859a W1=0x1265,0x3502,0x3b6e W2=0x1172,0x31b5,0x22e8
  r61_witness[05] r61=15 tail=37 gh60=0x5a085ea W1=0x1a9d,0x3ba6,0x239 W2=0x19aa,0x1ab0,0x1d66
  r61_witness[06] r61=16 tail=24 gh60=0xd884ca6 W1=0x173c,0x25eb,0x572 W2=0x1649,0x278,0x1eea
  r61_witness[07] r61=16 tail=26 gh60=0x4a1c5ea W1=0x1a92,0x23b9,0x295e W2=0x199f,0x3fe0,0x1ac4
  r61_witness[08] r61=16 tail=30 gh60=0x5795baa W1=0x1dbe,0x11d0,0x1f0d W2=0x1ccb,0x12cc,0x2dcd
  r61_witness[09] r61=16 tail=31 gh60=0xca144ee W1=0x3a20,0xfec,0x3bce W2=0x392d,0x38f3,0x3f07
  r61_witness[10] r61=16 tail=36 gh60=0x4a884ae W1=0x33ef,0x1e6b,0x2cf4 W2=0x32fc,0x1c8b,0x1e83
  r61_witness[11] r61=16 tail=37 gh60=0xc617cee W1=0x3120,0x3c45,0x3639 W2=0x302d,0x1399,0x2866
  r61_witness[12] r61=16 tail=37 gh60=0x4a2859a W1=0x3289,0x1bf2,0x3e1b W2=0x3196,0x8e7,0x5de
  r61_witness[13] r61=16 tail=38 gh60=0x4884ca6 W1=0x92c,0x3a65,0xa9a W2=0x839,0x2482,0x284
  r61_witness[14] r61=16 tail=38 gh60=0x4a2849e W1=0x3a07,0x6c9,0x1ac7 W2=0x3914,0x2340,0x1eee
  r61_witness[15] r61=17 tail=25 gh60=0xca0c4ea W1=0x250e,0x3574,0x2837 W2=0x241b,0x3c7b,0x2861

D60=0 fiber histogram: 1:7906 2:4867 3:1730 4:1151 5:390 6:213 7:75 8:69 9:20 10:19 11:9 12:3 13:4 14:3 15:1 16:1
