free_word_mitm_reducedn
N=14 mask=0x3fff msb=0x2000
candidate: M0=0x3d36 mode=random-fallback fill=0x3fff kernel=dM0=dM9=0x2000
prefixes=32768/268435456 mode=permuted-prefix-sample w59_per_prefix=16384 total=536870912
run_mode=scan registry_cap=16
sample_start=135004160
scan_elapsed=18.772s rate=28.60 Mtriples/s

D60 interface
  D60=0 matches: 32116 (random expectation 32768.0, enrichment 0.980x)
  prefixes with D60=0: 16507
  max D60=0 fiber per prefix: 20 at W57=0x1181 W58=0x3225
  largest D60 bucket: D=0x32ae count=33810
  min D60 HW: 0
  D60 HW histogram: 0:32116 1:456156 2:2973563 3:11907567 4:32791368 5:65643627 6:98483760 7:112522478 8:98414398 9:65560415 10:32742960 11:11882031 12:2971746 13:456550 14:32177

Tail closure among D60=0 matches
  final tail collisions: 0
  best r61 HW: 14
  best r61 W1[57..59]=0x461,0x3bda,0x2075
  best r61 W2[57..59]=0x36e,0x395c,0x33e3
  best tail HW: 20
  best tail r61 HW: 22
  best W1[57..59]=0x3c3c,0x139c,0xd7b
  best W2[57..59]=0x3b49,0x21e8,0x39b9

SUMMARY N=14 sample_start=135004160 prefixes=32768 total=536870912 d0=32116 best_tail=20 tail_r61=22 best_r61=14 tail_W1=0x3c3c,0x139c,0xd7b tail_W2=0x3b49,0x21e8,0x39b9 r61_W1=0x461,0x3bda,0x2075 r61_W2=0x36e,0x395c,0x33e3

Scan-only witness registry
  registry_count=16 registry_cap=16
  witness[00] tail=20 r61=22 gh60=0xfd9c4a6 W1=0x3c3c,0x139c,0xd7b W2=0x3b49,0x21e8,0x39b9
  witness[01] tail=21 r61=17 gh60=0xcb3856e W1=0x3c4f,0x35ee,0x167c W2=0x3b5c,0x2d40,0x12ce
  witness[02] tail=21 r61=26 gh60=0x7518566 W1=0x22cb,0xe3,0x1896 W2=0x21d8,0x1934,0x205e
  witness[03] tail=22 r61=19 gh60=0xcb884aa W1=0x3bfd,0x5d5,0x2300 W2=0x3b0a,0x1c81,0x3702
  witness[04] tail=22 r61=21 gh60=0xbb38fa6 W1=0x17c3,0x2264,0x2be0 W2=0x16d0,0x18d8,0x2e11
  witness[05] tail=22 r61=21 gh60=0x598fc9a W1=0x2eea,0xb0b,0x865 W2=0x2df7,0x25d0,0x332e
  witness[06] tail=22 r61=22 gh60=0x4e144ee W1=0xb10,0x4fe,0x3f01 W2=0xa1d,0x3625,0x3f9c
  witness[07] tail=24 r61=17 gh60=0x59a5be6 W1=0x1a4,0xa3c,0x3edc W2=0xb1,0xea9,0xc31
  witness[08] tail=24 r61=19 gh60=0x4e24be6 W1=0x1994,0x25ef,0x2876 W2=0x18a1,0x384e,0x1c64
  witness[09] tail=24 r61=19 gh60=0xcca85ba W1=0x34b5,0x3081,0x1f33 W2=0x33c2,0x2d17,0x3218
  witness[10] tail=24 r61=22 gh60=0x5978bbe W1=0x25b7,0x2f69,0x2671 W2=0x24c4,0x2780,0x19fc
  witness[11] tail=24 r61=24 gh60=0x5954bba W1=0x5b6,0x380,0x3e6e W2=0x4c3,0x388,0x34c3
  witness[12] tail=25 r61=17 gh60=0x36b849a W1=0xae5,0x768,0x38f7 W2=0x9f2,0x2f6d,0x326e
  witness[13] tail=25 r61=17 gh60=0x598fcaa W1=0x313e,0x1f2b,0x3bbb W2=0x304b,0x121f,0x1ea6
  witness[14] tail=25 r61=18 gh60=0x3958b7a W1=0x35d9,0x17ab,0x259b W2=0x34e6,0x28e6,0x2fb5
  witness[15] tail=25 r61=21 gh60=0x797bb9a W1=0x11a5,0x1720,0x32c5 W2=0x10b2,0x3984,0x1ba4

Scan-only r61 registry
  registry_count=16 registry_cap=16
  r61_witness[00] r61=14 tail=26 gh60=0xc51856a W1=0x461,0x3bda,0x2075 W2=0x36e,0x395c,0x33e3
  r61_witness[01] r61=15 tail=34 gh60=0xc48dcae W1=0x1e40,0x1d2d,0x3c42 W2=0x1d4d,0x3f01,0x3361
  r61_witness[02] r61=15 tail=36 gh60=0xc90bb6a W1=0x1161,0x1452,0x3141 W2=0x106e,0x3e41,0x2955
  r61_witness[03] r61=16 tail=26 gh60=0xcab9caa W1=0x1df1,0x3e87,0x1b43 W2=0x1cfe,0x90a,0x35b
  r61_witness[04] r61=16 tail=29 gh60=0x3a88cae W1=0x35ef,0xb70,0x1000 W2=0x34fc,0xb4f,0x2216
  r61_witness[05] r61=16 tail=34 gh60=0x5615cee W1=0x2010,0x32d9,0xbf7 W2=0x1f1d,0xd31,0x1b10
  r61_witness[06] r61=16 tail=37 gh60=0x5a844a6 W1=0x9ec,0x21bf,0x7f W2=0x8f9,0x3e9b,0x2d7f
  r61_witness[07] r61=16 tail=37 gh60=0x488449a W1=0xb2a,0x3feb,0x2bde W2=0xa37,0x27ad,0x297e
  r61_witness[08] r61=16 tail=37 gh60=0x4889ba6 W1=0x1dbb,0x2904,0x1f87 W2=0x1cc8,0x2e4a,0x287
  r61_witness[09] r61=16 tail=38 gh60=0x4e34cea W1=0x190e,0x3ffc,0x1f15 W2=0x181b,0x1008,0xd27
  r61_witness[10] r61=17 tail=21 gh60=0xcb3856e W1=0x3c4f,0x35ee,0x167c W2=0x3b5c,0x2d40,0x12ce
  r61_witness[11] r61=17 tail=24 gh60=0x59a5be6 W1=0x1a4,0xa3c,0x3edc W2=0xb1,0xea9,0xc31
  r61_witness[12] r61=17 tail=25 gh60=0x36b849a W1=0xae5,0x768,0x38f7 W2=0x9f2,0x2f6d,0x326e
  r61_witness[13] r61=17 tail=25 gh60=0x598fcaa W1=0x313e,0x1f2b,0x3bbb W2=0x304b,0x121f,0x1ea6
  r61_witness[14] r61=17 tail=28 gh60=0x4b6bc9e W1=0x1147,0x1965,0x1745 W2=0x1054,0xa15,0x32bf
  r61_witness[15] r61=17 tail=28 gh60=0xb4884aa W1=0x3a2d,0x3029,0x3f9f W2=0x393a,0x5e5,0xd4e

D60=0 fiber histogram: 1:8181 2:4705 3:1696 4:1091 5:402 6:226 7:79 8:70 9:24 10:14 11:8 12:5 13:2 14:1 15:2 20:1
