free_word_mitm_reducedn
N=14 mask=0x3fff msb=0x2000
candidate: M0=0x3d36 mode=random-fallback fill=0x3fff kernel=dM0=dM9=0x2000
prefixes=32768/268435456 mode=permuted-prefix-sample w59_per_prefix=16384 total=536870912
run_mode=scan registry_cap=16
sample_start=93061120
scan_elapsed=18.794s rate=28.57 Mtriples/s

D60 interface
  D60=0 matches: 32503 (random expectation 32768.0, enrichment 0.992x)
  prefixes with D60=0: 16485
  max D60=0 fiber per prefix: 20 at W57=0x1f5f W58=0x3965
  largest D60 bucket: D=0x1a count=33829
  min D60 HW: 0
  D60 HW histogram: 0:32503 1:458509 2:2980810 3:11928272 4:32819074 5:65674082 6:98462824 7:112472734 8:98370350 9:65544275 10:32745136 11:11906041 12:2983510 13:459875 14:32917

Tail closure among D60=0 matches
  final tail collisions: 0
  best r61 HW: 13
  best r61 W1[57..59]=0xe7e,0x825,0x1ed4
  best r61 W2[57..59]=0xd8b,0x3f75,0x1887
  best tail HW: 23
  best tail r61 HW: 21
  best W1[57..59]=0x1c36,0x18d6,0x164a
  best W2[57..59]=0x1b43,0xe19,0x2998

SUMMARY N=14 sample_start=93061120 prefixes=32768 total=536870912 d0=32503 best_tail=23 tail_r61=21 best_r61=13 tail_W1=0x1c36,0x18d6,0x164a tail_W2=0x1b43,0xe19,0x2998 r61_W1=0xe7e,0x825,0x1ed4 r61_W2=0xd8b,0x3f75,0x1887

Scan-only witness registry
  registry_count=16 registry_cap=16
  witness[00] tail=23 r61=21 gh60=0xc4d44ba W1=0x1c36,0x18d6,0x164a W2=0x1b43,0xe19,0x2998
  witness[01] tail=24 r61=17 gh60=0xd664f6a W1=0x7e2,0x1d68,0x1c51 W2=0x6ef,0xb98,0x360f
  witness[02] tail=24 r61=24 gh60=0xcb28b7a W1=0x555,0x1a7c,0x11e1 W2=0x462,0x87b,0x32c8
  witness[03] tail=25 r61=17 gh60=0x59e4baa W1=0x35b2,0xf3d,0xc27 W2=0x34bf,0xf89,0x3b6e
  witness[04] tail=25 r61=19 gh60=0x7488dae W1=0x28af,0x1d7c,0x3756 W2=0x27bc,0x3fb3,0xc3e
  witness[05] tail=25 r61=20 gh60=0x4d3c566 W1=0x1c54,0x1700,0x3dc8 W2=0x1b61,0x3c56,0x1c65
  witness[06] tail=25 r61=20 gh60=0xc76c5ea W1=0x2ca2,0x2ab7,0x3942 W2=0x2baf,0x3bee,0x1f77
  witness[07] tail=25 r61=23 gh60=0xce2cc9e W1=0x3908,0x535,0x3eee W2=0x3815,0x20ec,0x2e0f
  witness[08] tail=25 r61=23 gh60=0x4de9b9a W1=0x3d89,0x2c8,0x6bf W2=0x3c96,0x4dc,0x3e35
  witness[09] tail=25 r61=26 gh60=0xcee7d6a W1=0x2e62,0x2b99,0xb1b W2=0x2d6f,0x2c9d,0x1120
  witness[10] tail=25 r61=27 gh60=0xdba84ba W1=0xc35,0xbf2,0x3c4c W2=0xb42,0x332c,0x3497
  witness[11] tail=26 r61=16 gh60=0x45f8b66 W1=0x25e3,0x10b4,0x1123 W2=0x24f0,0x1db2,0x33bf
  witness[12] tail=26 r61=19 gh60=0x476859a W1=0xca9,0x3d72,0xcbb W2=0xbb6,0x1b9f,0x17b0
  witness[13] tail=26 r61=20 gh60=0x47b9caa W1=0x12d,0x2988,0xff1 W2=0x3a,0x2983,0x8c2
  witness[14] tail=26 r61=20 gh60=0xcb19b66 W1=0x1d3,0x3139,0x3f5f W2=0xe0,0x30a1,0x2919
  witness[15] tail=26 r61=20 gh60=0xc6b9caa W1=0x3e01,0x3785,0x35c1 W2=0x3d0e,0x1f4,0x2e59

Scan-only r61 registry
  registry_count=16 registry_cap=16
  r61_witness[00] r61=13 tail=29 gh60=0x458fdaa W1=0xe7e,0x825,0x1ed4 W2=0xd8b,0x3f75,0x1887
  r61_witness[01] r61=15 tail=30 gh60=0xca94cae W1=0x27f0,0x1093,0x87b W2=0x26fd,0x2b73,0x3fed
  r61_witness[02] r61=15 tail=32 gh60=0x4619cea W1=0x1f1d,0x1a2b,0x2ef1 W2=0x1e2a,0x1e8e,0x1e7c
  r61_witness[03] r61=15 tail=33 gh60=0x3a69bba W1=0x1d79,0x33df,0x39e6 W2=0x1c86,0x36a6,0x10e5
  r61_witness[04] r61=16 tail=26 gh60=0x45f8b66 W1=0x25e3,0x10b4,0x1123 W2=0x24f0,0x1db2,0x33bf
  r61_witness[05] r61=16 tail=31 gh60=0x4615cee W1=0x1e20,0x296f,0x17dd W2=0x1d2d,0x9b7,0x3f72
  r61_witness[06] r61=16 tail=31 gh60=0x4a784ea W1=0x241d,0x2516,0x398e W2=0x232a,0x294c,0x2751
  r61_witness[07] r61=16 tail=35 gh60=0xbe8fd9a W1=0x106a,0x3867,0x13ab W2=0xf77,0x1944,0x30e5
  r61_witness[08] r61=16 tail=36 gh60=0x4c8c5ae W1=0x12c0,0x301b,0x133e W2=0x11cd,0x2454,0xb29
  r61_witness[09] r61=17 tail=24 gh60=0xd664f6a W1=0x7e2,0x1d68,0x1c51 W2=0x6ef,0xb98,0x360f
  r61_witness[10] r61=17 tail=25 gh60=0x59e4baa W1=0x35b2,0xf3d,0xc27 W2=0x34bf,0xf89,0x3b6e
  r61_witness[11] r61=17 tail=27 gh60=0x4a0dbfa W1=0x3d9a,0x571,0x337a W2=0x3ca7,0x3635,0xe22
  r61_witness[12] r61=17 tail=28 gh60=0xca044fa W1=0x321a,0x2e4a,0x12b0 W2=0x3127,0x21b7,0x1ec1
  r61_witness[13] r61=17 tail=28 gh60=0x49b8bae W1=0x35bf,0x6d3,0xe3a W2=0x34cc,0xeda,0x1427
  r61_witness[14] r61=17 tail=29 gh60=0x5a08cea W1=0x1611,0x3ccd,0x1271 W2=0x151e,0x16d8,0x18b
  r61_witness[15] r61=17 tail=30 gh60=0xca084ea W1=0x1d11,0xc16,0x3fde W2=0x1c1e,0x25d0,0x1391

D60=0 fiber histogram: 1:7932 2:4862 3:1778 4:1085 5:374 6:216 7:93 8:78 9:22 10:18 11:8 12:8 13:3 14:2 16:3 17:1 18:1 20:1
