free_word_mitm_reducedn
N=14 mask=0x3fff msb=0x2000
candidate: M0=0x3d36 mode=random-fallback fill=0x3fff kernel=dM0=dM9=0x2000
prefixes=32768/268435456 mode=permuted-prefix-sample w59_per_prefix=16384 total=536870912
run_mode=scan registry_cap=16
sample_start=202768384
scan_elapsed=15.645s rate=34.32 Mtriples/s

D60 interface
  D60=0 matches: 32684 (random expectation 32768.0, enrichment 0.997x)
  prefixes with D60=0: 16605
  max D60=0 fiber per prefix: 18 at W57=0x1187 W58=0xc3e
  largest D60 bucket: D=0xf12 count=33954
  min D60 HW: 0
  D60 HW histogram: 0:32684 1:458330 2:2975700 3:11907698 4:32790907 5:65592025 6:98426366 7:112456314 8:98395925 9:65617545 10:32807825 11:11934005 12:2984332 13:458777 14:32479

Tail closure among D60=0 matches
  final tail collisions: 0
  best r61 HW: 14
  best r61 W1[57..59]=0x1cfb,0x19ae,0x601
  best r61 W2[57..59]=0x1c08,0x2679,0x14e7
  best tail HW: 22
  best tail r61 HW: 20
  best W1[57..59]=0xf69,0x9b6,0x19a3
  best W2[57..59]=0xe76,0x3a4e,0xa15

SUMMARY N=14 sample_start=202768384 prefixes=32768 total=536870912 d0=32684 best_tail=22 tail_r61=20 best_r61=14 tail_W1=0xf69,0x9b6,0x19a3 tail_W2=0xe76,0x3a4e,0xa15 r61_W1=0x1cfb,0x19ae,0x601 r61_W2=0x1c08,0x2679,0x14e7

Scan-only witness registry
  registry_count=16 registry_cap=16
  witness[00] tail=22 r61=20 gh60=0xc66bf9a W1=0xf69,0x9b6,0x19a3 W2=0xe76,0x3a4e,0xa15
  witness[01] tail=23 r61=14 gh60=0x3a984a6 W1=0x1cfb,0x19ae,0x601 W2=0x1c08,0x2679,0x14e7
  witness[02] tail=23 r61=22 gh60=0x3bf8c9a W1=0x25e9,0x38e2,0xb13 W2=0x24f6,0x2274,0x73c
  witness[03] tail=24 r61=19 gh60=0x372879a W1=0x13c9,0x33c1,0x873 W2=0x12d6,0x5ea,0x2ea6
  witness[04] tail=24 r61=20 gh60=0x4c844a6 W1=0x22c,0x320,0xf19 W2=0x139,0x1d7e,0x485
  witness[05] tail=24 r61=20 gh60=0x4f08566 W1=0x12cb,0x1526,0x2a82 W2=0x11d8,0x3a73,0x33a6
  witness[06] tail=24 r61=24 gh60=0xd9644a6 W1=0x1344,0x3bad,0x39cc W2=0x1251,0x3c29,0xf9c
  witness[07] tail=25 r61=18 gh60=0x4a6c4aa W1=0x1402,0x1ab7,0x32aa W2=0x130f,0x31cc,0x1e63
  witness[08] tail=25 r61=20 gh60=0xc894cae W1=0x730,0x1533,0x2341 W2=0x63d,0x193,0xb3
  witness[09] tail=25 r61=20 gh60=0x4bb47ae W1=0x33b0,0x28a8,0x12dd W2=0x32bd,0x31f1,0x2696
  witness[10] tail=25 r61=20 gh60=0xdc8cda6 W1=0x36ac,0x2bf8,0x1bbc W2=0x35b9,0x13bd,0x3249
  witness[11] tail=25 r61=20 gh60=0x4aa8d9e W1=0x3867,0x37d3,0x238c W2=0x3774,0x931,0x2451
  witness[12] tail=25 r61=21 gh60=0xfa2859a W1=0xc85,0x21aa,0x430 W2=0xb92,0x1099,0x2f1
  witness[13] tail=25 r61=21 gh60=0xfba7dea W1=0x2ea2,0x345d,0x36c8 W2=0x2daf,0x3155,0x9c
  witness[14] tail=25 r61=22 gh60=0xc984bba W1=0x97a,0x330,0x21a W2=0x887,0x2ec0,0x8ba
  witness[15] tail=25 r61=22 gh60=0xf6647a6 W1=0x1384,0x3f29,0x2340 W2=0x1291,0x3a1d,0x32f5

Scan-only r61 registry
  registry_count=16 registry_cap=16
  r61_witness[00] r61=14 tail=23 gh60=0x3a984a6 W1=0x1cfb,0x19ae,0x601 W2=0x1c08,0x2679,0x14e7
  r61_witness[01] r61=14 tail=36 gh60=0x4a084e6 W1=0x2a0b,0x305,0x528 W2=0x2918,0xde8,0x44e
  r61_witness[02] r61=15 tail=27 gh60=0xb4885aa W1=0x12ad,0x16fc,0x185d W2=0x11ba,0x3410,0x3cd4
  r61_witness[03] r61=15 tail=27 gh60=0x4d8bcaa W1=0x2e2d,0xd28,0x10ba W2=0x2d3a,0x9eb,0xdec
  r61_witness[04] r61=15 tail=30 gh60=0xb605cfa W1=0x1a,0xe3a,0x226b W2=0x3f27,0x3126,0x48b
  r61_witness[05] r61=15 tail=32 gh60=0x4d0457a W1=0x24da,0x179e,0x3e33 W2=0x23e7,0x3e47,0xfaa
  r61_witness[06] r61=16 tail=26 gh60=0x4b38f9e W1=0x7c7,0x39e4,0xc06 W2=0x6d4,0x318a,0x2738
  r61_witness[07] r61=16 tail=29 gh60=0x39a4566 W1=0x14e4,0x1ebc,0x1797 W2=0x13f1,0xa10,0x1da7
  r61_witness[08] r61=16 tail=29 gh60=0x4609be6 W1=0x218b,0x326b,0x1915 W2=0x2098,0x3637,0x29f4
  r61_witness[09] r61=16 tail=29 gh60=0x488cbae W1=0x39b0,0x35c2,0x2726 W2=0x38bd,0x39ca,0xca1
  r61_witness[10] r61=16 tail=29 gh60=0x4989bae W1=0x3dbf,0x217e,0x344e W2=0x3ccc,0x1689,0x129c
  r61_witness[11] r61=16 tail=30 gh60=0xb50dd66 W1=0x4c,0x2080,0x3a98 W2=0x3f59,0x16d1,0x199b
  r61_witness[12] r61=16 tail=30 gh60=0xc8a8c9a W1=0x725,0x3570,0x31e W2=0x632,0x187a,0x3b0e
  r61_witness[13] r61=16 tail=32 gh60=0x4a2cbea W1=0x1592,0x2ce7,0x38d9 W2=0x149f,0x2bbf,0x3b7e
  r61_witness[14] r61=16 tail=36 gh60=0xca8bfae W1=0x2f6f,0x327c,0x37be W2=0x2e7c,0x1a3f,0x1848
  r61_witness[15] r61=16 tail=36 gh60=0xcb0459a W1=0x32ca,0x2551,0x3046 W2=0x31d7,0x21b7,0x3c15

D60=0 fiber histogram: 1:8133 2:4738 3:1799 4:1071 5:414 6:213 7:80 8:70 9:34 10:22 11:8 12:11 13:2 14:4 15:1 16:3 17:1 18:1
