free_word_mitm_reducedn
N=14 mask=0x3fff msb=0x2000
candidate: M0=0x3d36 mode=random-fallback fill=0x3fff kernel=dM0=dM9=0x2000
prefixes=32768/268435456 mode=permuted-prefix-sample w59_per_prefix=16384 total=536870912
run_mode=scan registry_cap=16
sample_start=1441792
scan_elapsed=14.340s rate=37.44 Mtriples/s

D60 interface
  D60=0 matches: 32728 (random expectation 32768.0, enrichment 0.999x)
  prefixes with D60=0: 16643
  max D60=0 fiber per prefix: 20 at W57=0x1ae8 W58=0x2fe
  largest D60 bucket: D=0x10f6 count=33766
  min D60 HW: 0
  D60 HW histogram: 0:32728 1:457361 2:2977187 3:11917119 4:32767120 5:65586516 6:98416127 7:112499614 8:98413316 9:65599487 10:32795443 11:11932607 12:2983368 13:460063 14:32856

Tail closure among D60=0 matches
  final tail collisions: 0
  best r61 HW: 14
  best r61 W1[57..59]=0x134b,0x2833,0x53
  best r61 W2[57..59]=0x1258,0x1be8,0x3a70
  best tail HW: 19
  best tail r61 HW: 21
  best W1[57..59]=0x1017,0x2bcc,0x73f
  best W2[57..59]=0xf24,0x28bb,0x2e65

SUMMARY N=14 sample_start=1441792 prefixes=32768 total=536870912 d0=32728 best_tail=19 tail_r61=21 best_r61=14 tail_W1=0x1017,0x2bcc,0x73f tail_W2=0xf24,0x28bb,0x2e65 r61_W1=0x134b,0x2833,0x53 r61_W2=0x1258,0x1be8,0x3a70

Scan-only witness registry
  registry_count=16 registry_cap=16
  witness[00] tail=19 r61=21 gh60=0x59dbcfe W1=0x1017,0x2bcc,0x73f W2=0xf24,0x28bb,0x2e65
  witness[01] tail=23 r61=19 gh60=0x4c784a6 W1=0x222b,0x234b,0x2520 W2=0x2138,0x2fa8,0x1481
  witness[02] tail=23 r61=24 gh60=0x55b8d9a W1=0x18a9,0x2cee,0x3049 W2=0x17b6,0x17d0,0x5bf
  witness[03] tail=23 r61=26 gh60=0xf6684a6 W1=0x21f3,0x2649,0x31b7 W2=0x2100,0x1334,0x1f70
  witness[04] tail=24 r61=17 gh60=0x4eb8ca6 W1=0x5eb,0x2696,0x3450 W2=0x4f8,0x37b2,0x804
  witness[05] tail=24 r61=20 gh60=0x4af7d6a W1=0xece,0x2ddd,0x13a9 W2=0xddb,0x1cad,0x2520
  witness[06] tail=24 r61=20 gh60=0x7888bae W1=0x29bf,0x5d2,0x276a W2=0x28cc,0x39d9,0x316
  witness[07] tail=24 r61=21 gh60=0x4a0fbfa W1=0xd9a,0x39bf,0x8a3 W2=0xca7,0x1d83,0x9fb
  witness[08] tail=24 r61=21 gh60=0xcab859a W1=0x1265,0x1d06,0x217b W2=0x1172,0x19b9,0x10f6
  witness[09] tail=25 r61=15 gh60=0xda0c4e6 W1=0x3c1c,0x3911,0x385f W2=0x3b29,0x3d5,0x1f15
  witness[10] tail=25 r61=17 gh60=0x5904f9a W1=0x7ca,0x1f42,0x1e2b W2=0x6d7,0xe8d,0x2f4a
  witness[11] tail=25 r61=18 gh60=0x3a084ea W1=0x330d,0x655,0xd3d W2=0x321a,0x21cb,0x1a29
  witness[12] tail=25 r61=20 gh60=0x4a9bcaa W1=0xefd,0x2ac5,0x3671 W2=0xe0a,0x1a30,0x2664
  witness[13] tail=25 r61=21 gh60=0xd8b84ba W1=0x3535,0x32eb,0x2ffa W2=0x3442,0x2769,0x3d49
  witness[14] tail=25 r61=22 gh60=0xb5b4c9a W1=0x1826,0x1c59,0x2c48 W2=0x1733,0xf2c,0x363e
  witness[15] tail=25 r61=22 gh60=0x5cb4caa W1=0x263e,0xe59,0xa81 W2=0x254b,0x1589,0x2ea4

Scan-only r61 registry
  registry_count=16 registry_cap=16
  r61_witness[00] r61=14 tail=31 gh60=0x4b08766 W1=0x134b,0x2833,0x53 W2=0x1258,0x1be8,0x3a70
  r61_witness[01] r61=14 tail=32 gh60=0x49184a6 W1=0x343,0x3ade,0x23a8 W2=0x250,0x3a59,0x18e2
  r61_witness[02] r61=14 tail=32 gh60=0xca384ee W1=0x351f,0x3b3b,0x337d W2=0x342c,0x2c41,0xc89
  r61_witness[03] r61=14 tail=34 gh60=0x4e084ea W1=0x1521,0x20c5,0x12ac W2=0x142e,0x37eb,0x1ff7
  r61_witness[04] r61=15 tail=25 gh60=0xda0c4e6 W1=0x3c1c,0x3911,0x385f W2=0x3b29,0x3d5,0x1f15
  r61_witness[05] r61=15 tail=29 gh60=0x75885aa W1=0x3abd,0x372,0x3c2e W2=0x39ca,0x1ff6,0x2268
  r61_witness[06] r61=15 tail=31 gh60=0x4a0bdea W1=0x109d,0x11bf,0xe93 W2=0xfaa,0xf06,0x17b4
  r61_witness[07] r61=15 tail=34 gh60=0x478459a W1=0x246a,0x3570,0x1c82 W2=0x2377,0x2388,0x28b2
  r61_witness[08] r61=15 tail=38 gh60=0x460ffee W1=0x2fa0,0x22f8,0xe9a W2=0x2ead,0xebc,0x147a
  r61_witness[09] r61=16 tail=29 gh60=0x5a3ccaa W1=0x1802,0x375e,0x11e0 W2=0x170f,0xa72,0x15d9
  r61_witness[10] r61=16 tail=32 gh60=0x4705c9a W1=0x1e4a,0xa83,0xb89 W2=0x1d57,0x3544,0x2544
  r61_witness[11] r61=16 tail=32 gh60=0x48a9f9a W1=0x3fa5,0x3704,0x3155 W2=0x3eb2,0x232c,0x43e
  r61_witness[12] r61=16 tail=33 gh60=0x44bbcaa W1=0xe31,0x1e70,0xe1c W2=0xd3e,0x156f,0x38d1
  r61_witness[13] r61=16 tail=33 gh60=0x4a07ce6 W1=0x310c,0x102d,0x3e15 W2=0x3019,0x27ce,0x349c
  r61_witness[14] r61=16 tail=33 gh60=0x4609dea W1=0x3e91,0x20b9,0x8b0 W2=0x3d9e,0x2118,0x194b
  r61_witness[15] r61=16 tail=34 gh60=0xc5985aa W1=0x2c71,0x1b98,0x94 W2=0x2b7e,0x1840,0x3867

D60=0 fiber histogram: 1:8038 2:4846 3:1834 4:1097 5:389 6:236 7:70 8:67 9:18 10:24 11:7 12:6 13:2 14:3 15:1 16:3 19:1 20:1
