free_word_mitm_reducedn
N=14 mask=0x3fff msb=0x2000
candidate: M0=0x3d36 mode=random-fallback fill=0x3fff kernel=dM0=dM9=0x2000
prefixes=32768/268435456 mode=permuted-prefix-sample w59_per_prefix=16384 total=536870912
run_mode=scan registry_cap=16
sample_start=85327872
scan_elapsed=15.558s rate=34.51 Mtriples/s

D60 interface
  D60=0 matches: 32354 (random expectation 32768.0, enrichment 0.987x)
  prefixes with D60=0: 16478
  max D60=0 fiber per prefix: 18 at W57=0x2b15 W58=0x1f57
  largest D60 bucket: D=0xf81 count=33832
  min D60 HW: 0
  D60 HW histogram: 0:32354 1:458477 2:2979071 3:11916874 4:32778296 5:65570537 6:98428715 7:112488197 8:98436973 9:65597686 10:32778045 11:11926751 12:2986279 13:460176 14:32481

Tail closure among D60=0 matches
  final tail collisions: 0
  best r61 HW: 13
  best r61 W1[57..59]=0x6fa,0x2bda,0xf5c
  best r61 W2[57..59]=0x607,0x1012,0x285e
  best tail HW: 22
  best tail r61 HW: 20
  best W1[57..59]=0x16ea,0x1d6,0x3688
  best W2[57..59]=0x15f7,0x3721,0x109f

SUMMARY N=14 sample_start=85327872 prefixes=32768 total=536870912 d0=32354 best_tail=22 tail_r61=20 best_r61=13 tail_W1=0x16ea,0x1d6,0x3688 tail_W2=0x15f7,0x3721,0x109f r61_W1=0x6fa,0x2bda,0xf5c r61_W2=0x607,0x1012,0x285e

Scan-only witness registry
  registry_count=16 registry_cap=16
  witness[00] tail=22 r61=20 gh60=0xc97cc9a W1=0x16ea,0x1d6,0x3688 W2=0x15f7,0x3721,0x109f
  witness[01] tail=22 r61=20 gh60=0x479c5ae W1=0x3cc0,0x12e,0x950 W2=0x3bcd,0x3767,0x23db
  witness[02] tail=23 r61=16 gh60=0x7d885a6 W1=0x1aab,0x34f5,0x2a24 W2=0x19b8,0x1828,0xbb9
  witness[03] tail=24 r61=15 gh60=0x7d884aa W1=0x2441,0x359,0x6e8 W2=0x234e,0xac9,0x3a84
  witness[04] tail=24 r61=17 gh60=0x4a684ba W1=0x1cf5,0x26dd,0x132e W2=0x1c02,0x1c57,0x1481
  witness[05] tail=24 r61=21 gh60=0x5974b9e W1=0x39c8,0x506,0x693 W2=0x38d5,0x959,0x1a3b
  witness[06] tail=24 r61=25 gh60=0x4f9fcaa W1=0x2efe,0x66f,0x1cca W2=0x2e0b,0x3fe7,0x177
  witness[07] tail=24 r61=26 gh60=0xcba859e W1=0xc67,0x1780,0x2684 W2=0xb74,0x1e59,0x3566
  witness[08] tail=25 r61=13 gh60=0xca84cba W1=0x6fa,0x2bda,0xf5c W2=0x607,0x1012,0x285e
  witness[09] tail=25 r61=20 gh60=0x5488daa W1=0x8c1,0x942,0x1cb7 W2=0x7ce,0x289,0x2af8
  witness[10] tail=25 r61=20 gh60=0x457449a W1=0x2446,0x3475,0x357 W2=0x2353,0x1a83,0x3d1b
  witness[11] tail=25 r61=21 gh60=0xcf09b6a W1=0x3de1,0x16e5,0x10a0 W2=0x3cee,0x1a10,0x799
  witness[12] tail=25 r61=22 gh60=0x36e84fe W1=0x1d17,0x2c2f,0x377c W2=0x1c24,0x3dc7,0x81c
  witness[13] tail=25 r61=22 gh60=0x4635cea W1=0x211e,0x99b,0xd8f W2=0x202b,0xc13,0x22af
  witness[14] tail=25 r61=24 gh60=0x49dcf9a W1=0x7a6,0x1a5c,0x2d72 W2=0x6b3,0x177b,0x39cd
  witness[15] tail=25 r61=28 gh60=0x4b3ff7a W1=0xfd6,0x1e71,0xa47 W2=0xee3,0xa91,0x29a0

Scan-only r61 registry
  registry_count=16 registry_cap=16
  r61_witness[00] r61=13 tail=25 gh60=0xca84cba W1=0x6fa,0x2bda,0xf5c W2=0x607,0x1012,0x285e
  r61_witness[01] r61=15 tail=24 gh60=0x7d884aa W1=0x2441,0x359,0x6e8 W2=0x234e,0xac9,0x3a84
  r61_witness[02] r61=15 tail=27 gh60=0xca084ea W1=0x20d,0xb17,0x37fe W2=0x11a,0xdd9,0x215f
  r61_witness[03] r61=15 tail=30 gh60=0x591fb66 W1=0xd4c,0x2cf8,0x23d4 W2=0xc59,0x2355,0x326a
  r61_witness[04] r61=15 tail=30 gh60=0x4a0449a W1=0x330a,0x14f7,0x10f3 W2=0x3217,0xe01,0x35d0
  r61_witness[05] r61=15 tail=33 gh60=0x4a044e6 W1=0x31c,0x2c5b,0x3a18 W2=0x229,0x31,0x33d
  r61_witness[06] r61=15 tail=33 gh60=0x4b0876e W1=0x3bcf,0x1e14,0x25fb W2=0x3adc,0x214e,0x190e
  r61_witness[07] r61=15 tail=34 gh60=0xca09fe6 W1=0x1f9b,0x2f01,0x393d W2=0x1ea8,0x153d,0x3d7c
  r61_witness[08] r61=15 tail=41 gh60=0x48a8ce6 W1=0x1923,0x2d2a,0x2d76 W2=0x1830,0x19dc,0x14a4
  r61_witness[09] r61=15 tail=45 gh60=0x4909f6a W1=0x1f51,0x562,0x2e5 W2=0x1e5e,0x77d,0x3435
  r61_witness[10] r61=16 tail=23 gh60=0x7d885a6 W1=0x1aab,0x34f5,0x2a24 W2=0x19b8,0x1828,0xbb9
  r61_witness[11] r61=16 tail=28 gh60=0x4a7cb9a W1=0x158a,0x1a6d,0x2700 W2=0x1497,0x1a90,0x11cf
  r61_witness[12] r61=16 tail=29 gh60=0xc955f9a W1=0x3fc6,0x2aa1,0x3b39 W2=0x3ed3,0x28f6,0x2d9c
  r61_witness[13] r61=16 tail=31 gh60=0xca2849a W1=0xa09,0x1567,0x2b74 W2=0x916,0x39ba,0x1bb5
  r61_witness[14] r61=16 tail=31 gh60=0xc898b9a W1=0x15a5,0x724,0x3854 W2=0x14b2,0x842,0x1bff
  r61_witness[15] r61=16 tail=33 gh60=0xc998ca6 W1=0x192b,0x378f,0x1615 W2=0x1838,0xab,0x15f5

D60=0 fiber histogram: 1:8034 2:4727 3:1810 4:1041 5:418 6:229 7:97 8:55 9:34 10:12 11:6 12:9 13:2 14:1 15:1 16:1 18:1
