free_word_mitm_reducedn
N=14 mask=0x3fff msb=0x2000
candidate: M0=0x3d36 mode=random-fallback fill=0x3fff kernel=dM0=dM9=0x2000
prefixes=32768/268435456 mode=permuted-prefix-sample w59_per_prefix=16384 total=536870912
run_mode=scan registry_cap=16
sample_start=60456960
scan_elapsed=16.896s rate=31.78 Mtriples/s

D60 interface
  D60=0 matches: 32580 (random expectation 32768.0, enrichment 0.994x)
  prefixes with D60=0: 16345
  max D60=0 fiber per prefix: 17 at W57=0x1683 W58=0x366
  largest D60 bucket: D=0xf23 count=33712
  min D60 HW: 0
  D60 HW histogram: 0:32580 1:456784 2:2978370 3:11921033 4:32787441 5:65619864 6:98423390 7:112502303 8:98431883 9:65572135 10:32779973 11:11902883 12:2973218 13:456416 14:32639

Tail closure among D60=0 matches
  final tail collisions: 0
  best r61 HW: 15
  best r61 W1[57..59]=0x5cb,0x283d,0x27a1
  best r61 W2[57..59]=0x4d8,0x2e17,0x22cc
  best tail HW: 20
  best tail r61 HW: 22
  best W1[57..59]=0x23c3,0x1b6f,0x466
  best W2[57..59]=0x22d0,0x6e2,0x331d

SUMMARY N=14 sample_start=60456960 prefixes=32768 total=536870912 d0=32580 best_tail=20 tail_r61=22 best_r61=15 tail_W1=0x23c3,0x1b6f,0x466 tail_W2=0x22d0,0x6e2,0x331d r61_W1=0x5cb,0x283d,0x27a1 r61_W2=0x4d8,0x2e17,0x22cc

Scan-only witness registry
  registry_count=16 registry_cap=16
  witness[00] tail=20 r61=22 gh60=0xc9187a6 W1=0x23c3,0x1b6f,0x466 W2=0x22d0,0x6e2,0x331d
  witness[01] tail=21 r61=20 gh60=0xca34cee W1=0x910,0x2362,0x37bf W2=0x81d,0x104a,0x18b3
  witness[02] tail=23 r61=22 gh60=0x36184e6 W1=0x2313,0x29b0,0x1ede W2=0x2220,0x2693,0x3f34
  witness[03] tail=23 r61=23 gh60=0x4a7c4e6 W1=0xc1c,0x3791,0x1e04 W2=0xb29,0x3759,0x15c9
  witness[04] tail=23 r61=27 gh60=0xf67849a W1=0x3d09,0x3868,0x2dd4 W2=0x3c16,0x2f7f,0xcdf
  witness[05] tail=24 r61=16 gh60=0x4509d6a W1=0x1ed1,0x1ba,0x1a11 W2=0x1dde,0x3d8d,0x2c89
  witness[06] tail=24 r61=22 gh60=0xc8e7fe6 W1=0xfa4,0x3ba,0x2f1a W2=0xeb1,0x14a3,0x1973
  witness[07] tail=25 r61=17 gh60=0xc684ba6 W1=0x396c,0x1e83,0x2f42 W2=0x3879,0x32d8,0x9cc
  witness[08] tail=25 r61=19 gh60=0xc9bbbe6 W1=0x31a3,0x1843,0x2c23 W2=0x30b0,0x10b3,0x3d71
  witness[09] tail=25 r61=22 gh60=0xb49c4a6 W1=0x1a34,0x2991,0x31b1 W2=0x1941,0x34ff,0x2e23
  witness[10] tail=25 r61=22 gh60=0xd9e9b66 W1=0x1d63,0x2d06,0x2df2 W2=0x1c70,0x307e,0x63d
  witness[11] tail=25 r61=22 gh60=0x4f18b66 W1=0x25cb,0x2a32,0x1b8a W2=0x24d8,0x3814,0x61d
  witness[12] tail=25 r61=22 gh60=0x4b585ba W1=0x3cb9,0x27f8,0x341c W2=0x3bc6,0x1712,0x3505
  witness[13] tail=25 r61=23 gh60=0x7de849a W1=0x2425,0x1c67,0x2e00 W2=0x2332,0x23a,0x18bb
  witness[14] tail=25 r61=25 gh60=0x451856e W1=0x3c5f,0x298f,0x22eb W2=0x3b6c,0x1fd5,0xa77
  witness[15] tail=26 r61=15 gh60=0x7718b66 W1=0x5cb,0x283d,0x27a1 W2=0x4d8,0x2e17,0x22cc

Scan-only r61 registry
  registry_count=16 registry_cap=16
  r61_witness[00] r61=15 tail=26 gh60=0x7718b66 W1=0x5cb,0x283d,0x27a1 W2=0x4d8,0x2e17,0x22cc
  r61_witness[01] r61=16 tail=24 gh60=0x4509d6a W1=0x1ed1,0x1ba,0x1a11 W2=0x1dde,0x3d8d,0x2c89
  r61_witness[02] r61=16 tail=26 gh60=0x5887bba W1=0x31ba,0x1bd,0xd8e W2=0x30c7,0x16b5,0x25a
  r61_witness[03] r61=16 tail=29 gh60=0x46abd9a W1=0xe69,0x3701,0x3f1 W2=0xd76,0x9f9,0xd7b
  r61_witness[04] r61=16 tail=29 gh60=0xc60bdea W1=0x2e91,0x212e,0x2cea W2=0x2d9e,0xe91,0xb9c
  r61_witness[05] r61=16 tail=29 gh60=0x592877a W1=0x3bd9,0x39c,0x24e4 W2=0x3ae6,0x1678,0x22db
  r61_witness[06] r61=16 tail=31 gh60=0x4607ce6 W1=0x2e1c,0x39f9,0x2c0f W2=0x2d29,0x6fa,0x2ec0
  r61_witness[07] r61=16 tail=33 gh60=0x4608be6 W1=0x298b,0x335d,0x2c41 W2=0x2898,0x35a7,0xb1f
  r61_witness[08] r61=16 tail=33 gh60=0x4a144ea W1=0x2b1e,0x1700,0xf0a W2=0x2a2b,0x22fb,0x2465
  r61_witness[09] r61=17 tail=25 gh60=0xc684ba6 W1=0x396c,0x1e83,0x2f42 W2=0x3879,0x32d8,0x9cc
  r61_witness[10] r61=17 tail=27 gh60=0xca244a6 W1=0x1d04,0x16c,0xe2b W2=0x1c11,0x1e6a,0x1907
  r61_witness[11] r61=17 tail=27 gh60=0x4a5849e W1=0x1d07,0x12df,0x480 W2=0x1c14,0x21ce,0x120c
  r61_witness[12] r61=17 tail=27 gh60=0x4b2dd6a W1=0x1ed2,0x3384,0x15f0 W2=0x1ddf,0x3f5c,0x1e21
  r61_witness[13] r61=17 tail=27 gh60=0xd8984ae W1=0x3b3f,0x5a2,0x28ba W2=0x3a4c,0x3632,0x10cf
  r61_witness[14] r61=17 tail=30 gh60=0xd908b6e W1=0x9cf,0x3821,0x3d08 W2=0x8dc,0x2a40,0xc02
  r61_witness[15] r61=17 tail=31 gh60=0x460cbea W1=0x398e,0x23d5,0x1f0a W2=0x389b,0x2ea9,0x1fec

D60=0 fiber histogram: 1:7812 2:4803 3:1716 4:1110 5:425 6:229 7:97 8:77 9:31 10:26 11:5 12:8 13:1 14:2 15:1 17:2
