free_word_mitm_reducedn
N=14 mask=0x3fff msb=0x2000
candidate: M0=0x3d36 mode=random-fallback fill=0x3fff kernel=dM0=dM9=0x2000
prefixes=32768/268435456 mode=permuted-prefix-sample w59_per_prefix=16384 total=536870912
run_mode=scan registry_cap=16
sample_start=80347136
scan_elapsed=15.889s rate=33.79 Mtriples/s

D60 interface
  D60=0 matches: 32800 (random expectation 32768.0, enrichment 1.001x)
  prefixes with D60=0: 16455
  max D60=0 fiber per prefix: 20 at W57=0x1cb W58=0xf02
  largest D60 bucket: D=0x152e count=33746
  min D60 HW: 0
  D60 HW histogram: 0:32800 1:455510 2:2970096 3:11895880 4:32750886 5:65569617 6:98415381 7:112529215 8:98439911 9:65631296 10:32802085 11:11916021 12:2972336 13:457432 14:32446

Tail closure among D60=0 matches
  final tail collisions: 0
  best r61 HW: 15
  best r61 W1[57..59]=0x1cdf,0x1a28,0x3b6b
  best r61 W2[57..59]=0x1bec,0x124e,0x2f44
  best tail HW: 23
  best tail r61 HW: 25
  best W1[57..59]=0x283e,0x1dc7,0x652
  best W2[57..59]=0x274b,0x1ef7,0x248

SUMMARY N=14 sample_start=80347136 prefixes=32768 total=536870912 d0=32800 best_tail=23 tail_r61=25 best_r61=15 tail_W1=0x283e,0x1dc7,0x652 tail_W2=0x274b,0x1ef7,0x248 r61_W1=0x1cdf,0x1a28,0x3b6b r61_W2=0x1bec,0x124e,0x2f44

Scan-only witness registry
  registry_count=16 registry_cap=16
  witness[00] tail=23 r61=25 gh60=0xb4b4caa W1=0x283e,0x1dc7,0x652 W2=0x274b,0x1ef7,0x248
  witness[01] tail=24 r61=24 gh60=0xc8e9ce6 W1=0x1f23,0x2154,0x3db4 W2=0x1e30,0x1d88,0x3915
  witness[02] tail=24 r61=26 gh60=0xda98daa W1=0x186d,0x3f95,0x7a6 W2=0x177a,0x1978,0x1e48
  witness[03] tail=25 r61=19 gh60=0x7d684ba W1=0x1439,0xff,0x3b4b W2=0x1346,0x3781,0x3792
  witness[04] tail=25 r61=19 gh60=0x5a087ea W1=0x1b9d,0x30e9,0x210c W2=0x1aaa,0x35a3,0x1458
  witness[05] tail=25 r61=19 gh60=0xca8dfba W1=0x1f7a,0x674,0x4db W2=0x1e87,0x3300,0x2f50
  witness[06] tail=25 r61=20 gh60=0xd909b6a W1=0x21cd,0x30a0,0x1c97 W2=0x20da,0x17df,0x9c1
  witness[07] tail=25 r61=20 gh60=0xd6d479a W1=0x2386,0x18e7,0x1b18 W2=0x2293,0x1b91,0x26a4
  witness[08] tail=25 r61=20 gh60=0xce08cea W1=0x271d,0xbfb,0x3cca W2=0x262a,0xde2,0x288e
  witness[09] tail=25 r61=21 gh60=0x7895bae W1=0x1dc0,0x2878,0x3c7 W2=0x1ccd,0x2174,0x14a6
  witness[10] tail=25 r61=22 gh60=0x7964caa W1=0x3742,0x1c5,0x2930 W2=0x364f,0x1619,0x141
  witness[11] tail=25 r61=23 gh60=0x3a1dbe6 W1=0x3d9c,0x572,0x2b96 W2=0x3ca9,0xd2f,0xf7
  witness[12] tail=25 r61=24 gh60=0xc754b7a W1=0x19d6,0x1b57,0x1b18 W2=0x18e3,0x259b,0x35db
  witness[13] tail=25 r61=24 gh60=0x5ee8b7a W1=0x2559,0x6,0x199d W2=0x2466,0x641,0x17fd
  witness[14] tail=26 r61=16 gh60=0xca944aa W1=0x3aee,0x32e9,0x3d60 W2=0x39fb,0xcea,0x2774
  witness[15] tail=26 r61=17 gh60=0x58a879a W1=0x13a5,0x29d6,0x1a9 W2=0x12b2,0x2bb5,0x2716

Scan-only r61 registry
  registry_count=16 registry_cap=16
  r61_witness[00] r61=15 tail=30 gh60=0xcd1856e W1=0x1cdf,0x1a28,0x3b6b W2=0x1bec,0x124e,0x2f44
  r61_witness[01] r61=16 tail=26 gh60=0xca944aa W1=0x3aee,0x32e9,0x3d60 W2=0x39fb,0xcea,0x2774
  r61_witness[02] r61=16 tail=29 gh60=0x4884ba6 W1=0x19bc,0x1c7f,0x7d2 W2=0x18c9,0x3034,0x1778
  r61_witness[03] r61=16 tail=30 gh60=0x4e08dee W1=0x189f,0x11db,0x1cc W2=0x17ac,0x68a,0x3f2c
  r61_witness[04] r61=16 tail=31 gh60=0xc8a4be6 W1=0x29a4,0x242b,0x1da3 W2=0x28b1,0x2a1a,0x1300
  r61_witness[05] r61=16 tail=32 gh60=0x4624ca6 W1=0x704,0x3cf8,0x2d98 W2=0x611,0x28b5,0x22fe
  r61_witness[06] r61=16 tail=34 gh60=0x4a25cea W1=0x112,0x24ff,0x2330 W2=0x1f,0x274b,0x1f48
  r61_witness[07] r61=16 tail=34 gh60=0xb5284a6 W1=0x3a43,0x3246,0x39ff W2=0x3950,0x2ec3,0x268a
  r61_witness[08] r61=17 tail=26 gh60=0x58a879a W1=0x13a5,0x29d6,0x1a9 W2=0x12b2,0x2bb5,0x2716
  r61_witness[09] r61=17 tail=28 gh60=0xda3bda6 W1=0x1083,0x21e2,0x53d W2=0xf90,0x1f4c,0x2e96
  r61_witness[10] r61=17 tail=29 gh60=0xf6284fa W1=0x515,0x3f2e,0x2a96 W2=0x422,0x2422,0x35af
  r61_witness[11] r61=17 tail=31 gh60=0x4e18da6 W1=0x683,0xc0c,0x386c W2=0x590,0x3f0,0x1cf5
  r61_witness[12] r61=17 tail=31 gh60=0x499bbaa W1=0x11ad,0x2bf2,0xead W2=0x10ba,0xf4d,0x2bdb
  r61_witness[13] r61=17 tail=31 gh60=0xc8bbbaa W1=0x11ad,0x2fdd,0x34f7 W2=0x10ba,0x1338,0x3c29
  r61_witness[14] r61=17 tail=31 gh60=0x5a084ea W1=0x1b0d,0x24d3,0x1f77 W2=0x1a1a,0xc9,0x329f
  r61_witness[15] r61=17 tail=32 gh60=0x48884a6 W1=0x33b,0x3f74,0x3806 W2=0x248,0x1ec1,0x104

D60=0 fiber histogram: 1:7851 2:4804 3:1845 4:1063 5:419 6:232 7:76 8:92 9:29 10:12 11:6 12:14 13:5 14:3 18:1 19:1 20:2
