free_word_mitm_reducedn
N=14 mask=0x3fff msb=0x2000
candidate: M0=0x3d36 mode=random-fallback fill=0x3fff kernel=dM0=dM9=0x2000
prefixes=32768/268435456 mode=permuted-prefix-sample w59_per_prefix=16384 total=536870912
run_mode=scan registry_cap=16
sample_start=21626880
scan_elapsed=15.642s rate=34.32 Mtriples/s

D60 interface
  D60=0 matches: 32645 (random expectation 32768.0, enrichment 0.996x)
  prefixes with D60=0: 16464
  max D60=0 fiber per prefix: 21 at W57=0x1ef5 W58=0x2860
  largest D60 bucket: D=0x240d count=33750
  min D60 HW: 0
  D60 HW histogram: 0:32645 1:456486 2:2981714 3:11931745 4:32839447 5:65681310 6:98462761 7:112481503 8:98341578 9:65522422 10:32758866 11:11909898 12:2979510 13:458613 14:32414

Tail closure among D60=0 matches
  final tail collisions: 0
  best r61 HW: 14
  best r61 W1[57..59]=0xcdc,0x3bda,0x3755
  best r61 W2[57..59]=0xbe9,0x2af2,0x3cce
  best tail HW: 21
  best tail r61 HW: 16
  best W1[57..59]=0x1ea3,0x3c32,0x1f8a
  best W2[57..59]=0x1db0,0x348e,0x1fae

SUMMARY N=14 sample_start=21626880 prefixes=32768 total=536870912 d0=32645 best_tail=21 tail_r61=16 best_r61=14 tail_W1=0x1ea3,0x3c32,0x1f8a tail_W2=0x1db0,0x348e,0x1fae r61_W1=0xcdc,0x3bda,0x3755 r61_W2=0xbe9,0x2af2,0x3cce

Scan-only witness registry
  registry_count=16 registry_cap=16
  witness[00] tail=21 r61=16 gh60=0x4499de6 W1=0x1ea3,0x3c32,0x1f8a W2=0x1db0,0x348e,0x1fae
  witness[01] tail=22 r61=21 gh60=0x47885aa W1=0x4c1,0x581,0x3171 W2=0x3ce,0x309,0x3dda
  witness[02] tail=23 r61=17 gh60=0x4878ba6 W1=0x9bb,0x299b,0x2317 W2=0x8c8,0x2d5f,0x25c3
  witness[03] tail=23 r61=17 gh60=0x7e184e6 W1=0x151b,0x1f04,0x3d79 W2=0x1428,0x2dc5,0x1958
  witness[04] tail=23 r61=21 gh60=0xddecd9e W1=0x668,0x3d40,0xf18 W2=0x575,0x48b,0x3a74
  witness[05] tail=23 r61=21 gh60=0xdbb7c9a W1=0xfe6,0x3060,0x3a30 W2=0xef3,0x131,0x3c05
  witness[06] tail=24 r61=20 gh60=0x771cd9a W1=0x18ca,0x219b,0x376f W2=0x17d7,0x1aca,0x1b50
  witness[07] tail=24 r61=20 gh60=0xdae8ba6 W1=0x2583,0x25d2,0x37a0 W2=0x2490,0x2e36,0x609
  witness[08] tail=24 r61=21 gh60=0x3c88da6 W1=0x26bb,0x1d2d,0x3de3 W2=0x25c8,0x34d1,0x3420
  witness[09] tail=24 r61=26 gh60=0xdc85ca6 W1=0x3c,0x89c,0x240f W2=0x3f49,0x4ab,0x1b2d
  witness[10] tail=25 r61=18 gh60=0xc4884aa W1=0x43d,0x3b4c,0x2001 W2=0x34a,0xf8,0x2973
  witness[11] tail=25 r61=20 gh60=0x5a9c5aa W1=0x1a6e,0xbd2,0x3375 W2=0x197b,0x17eb,0xbf0
  witness[12] tail=25 r61=20 gh60=0xc789caa W1=0x3df1,0x24e9,0x3b9e W2=0x3cfe,0x2f6c,0x3739
  witness[13] tail=25 r61=22 gh60=0x448fda6 W1=0xebc,0x2265,0x126f W2=0xdc9,0x251c,0x2dfc
  witness[14] tail=25 r61=22 gh60=0xca6879a W1=0x3b89,0x38c2,0x3aa2 W2=0x3a96,0xb59,0x236a
  witness[15] tail=25 r61=23 gh60=0x4b65daa W1=0xc2,0x2aa4,0x3f22 W2=0x3fcf,0x36a4,0x3c9e

Scan-only r61 registry
  registry_count=16 registry_cap=16
  r61_witness[00] r61=14 tail=34 gh60=0x4504566 W1=0xcdc,0x3bda,0x3755 W2=0xbe9,0x2af2,0x3cce
  r61_witness[01] r61=15 tail=28 gh60=0xb884ca6 W1=0x272c,0x125,0x1108 W2=0x2639,0xdc2,0x3387
  r61_witness[02] r61=15 tail=32 gh60=0x4508d6a W1=0x165d,0x458,0x28a8 W2=0x156a,0x26b3,0x22f7
  r61_witness[03] r61=15 tail=36 gh60=0x460c4ea W1=0x40e,0x3e64,0x22df W2=0x31b,0x79b,0x35d5
  r61_witness[04] r61=16 tail=21 gh60=0x4499de6 W1=0x1ea3,0x3c32,0x1f8a W2=0x1db0,0x348e,0x1fae
  r61_witness[05] r61=16 tail=26 gh60=0xcb9bf9a W1=0x2f65,0x3d7e,0xa70 W2=0x2e72,0x1612,0x10ec
  r61_witness[06] r61=16 tail=27 gh60=0x7d0bd6a W1=0x10dd,0x3660,0x6f5 W2=0xfea,0x2f3b,0x3202
  r61_witness[07] r61=16 tail=28 gh60=0x4538d7a W1=0x16d5,0x3915,0x29cd W2=0x15e2,0x32e4,0x1c8f
  r61_witness[08] r61=16 tail=29 gh60=0xda08cea W1=0x2621,0x2709,0x2e3a W2=0x252e,0x2d04,0x38e0
  r61_witness[09] r61=16 tail=30 gh60=0x4f04566 W1=0x1adc,0x1a6c,0x36fc W2=0x19e9,0x4b0,0x3631
  r61_witness[10] r61=16 tail=31 gh60=0x48a879a W1=0x13a5,0x3d6,0x3279 W2=0x12b2,0x5b5,0x354e
  r61_witness[11] r61=16 tail=31 gh60=0x4887b9a W1=0x31aa,0x3674,0x21b1 W2=0x30b7,0xc81,0x19ab
  r61_witness[12] r61=16 tail=31 gh60=0xc588ca6 W1=0x35eb,0x308b,0x78 W2=0x34f8,0x10a7,0x2fdc
  r61_witness[13] r61=16 tail=31 gh60=0x3985b9a W1=0x3daa,0x10a8,0x32b W2=0x3cb7,0x3f9,0x262
  r61_witness[14] r61=16 tail=32 gh60=0x4e28dfa W1=0x1895,0x1cd,0x3b98 W2=0x17a2,0x3e28,0x1ca8
  r61_witness[15] r61=16 tail=32 gh60=0x488c4a6 W1=0x3d2c,0x2d44,0xd5a W2=0x3c39,0x2ca0,0x2ddb

D60=0 fiber histogram: 1:8001 2:4727 3:1707 4:1112 5:428 6:253 7:90 8:83 9:19 10:19 11:11 12:9 13:2 14:1 18:1 21:1
