free_word_mitm_reducedn
N=14 mask=0x3fff msb=0x2000
candidate: M0=0x3d36 mode=random-fallback fill=0x3fff kernel=dM0=dM9=0x2000
prefixes=32768/268435456 mode=permuted-prefix-sample w59_per_prefix=16384 total=536870912
run_mode=scan registry_cap=16
sample_start=143556608
scan_elapsed=18.311s rate=29.32 Mtriples/s

D60 interface
  D60=0 matches: 32633 (random expectation 32768.0, enrichment 0.996x)
  prefixes with D60=0: 16558
  max D60=0 fiber per prefix: 23 at W57=0x3e47 W58=0x32b9
  largest D60 bucket: D=0xe0d count=33745
  min D60 HW: 0
  D60 HW histogram: 0:32633 1:459545 2:2981878 3:11937637 4:32842168 5:65682540 6:98483971 7:112494218 8:98371400 9:65511896 10:32726625 11:11886194 12:2971241 13:456306 14:32660

Tail closure among D60=0 matches
  final tail collisions: 0
  best r61 HW: 15
  best r61 W1[57..59]=0x2653,0x13c9,0x20f6
  best r61 W2[57..59]=0x2560,0xa03,0xa26
  best tail HW: 19
  best tail r61 HW: 22
  best W1[57..59]=0x206b,0x21f3,0x3ed5
  best W2[57..59]=0x1f78,0x16b9,0x3e4f

SUMMARY N=14 sample_start=143556608 prefixes=32768 total=536870912 d0=32633 best_tail=19 tail_r61=22 best_r61=15 tail_W1=0x206b,0x21f3,0x3ed5 tail_W2=0x1f78,0x16b9,0x3e4f r61_W1=0x2653,0x13c9,0x20f6 r61_W2=0x2560,0xa03,0xa26

Scan-only witness registry
  registry_count=16 registry_cap=16
  witness[00] tail=19 r61=22 gh60=0xf689da6 W1=0x206b,0x21f3,0x3ed5 W2=0x1f78,0x16b9,0x3e4f
  witness[01] tail=22 r61=21 gh60=0x4588dae W1=0x26af,0x2df0,0x31fb W2=0x25bc,0x1627,0x6fc
  witness[02] tail=23 r61=19 gh60=0x47a5daa W1=0x3eb2,0x2fe0,0x2acb W2=0x3dbf,0x1cc,0x38ea
  witness[03] tail=24 r61=15 gh60=0x3a187fa W1=0x3395,0xf66,0x13ae W2=0x32a2,0x14b2,0xa12
  witness[04] tail=24 r61=18 gh60=0x4df8dea W1=0x188d,0x11e2,0x3f27 W2=0x179a,0x2dc1,0xe66
  witness[05] tail=24 r61=18 gh60=0x4b1cb6e W1=0x3960,0x38c7,0x3c4d W2=0x386d,0x2df,0x32ad
  witness[06] tail=24 r61=21 gh60=0xd689bae W1=0x1d7f,0x2b97,0x41f W2=0x1c8c,0x250e,0x355e
  witness[07] tail=24 r61=22 gh60=0x4d59c9e W1=0x3e47,0x36a4,0x2f47 W2=0x3d54,0x358,0x3101
  witness[08] tail=24 r61=23 gh60=0xc60dcea W1=0x10e,0x163c,0x361a W2=0x1b,0x18c4,0x1b14
  witness[09] tail=25 r61=17 gh60=0x4a047fa W1=0x2b9a,0x32f5,0xeb4 W2=0x2aa7,0x283a,0x3afd
  witness[10] tail=25 r61=19 gh60=0x5a1dfea W1=0x1f9e,0x23d4,0x293c W2=0x1eab,0x2254,0x564
  witness[11] tail=25 r61=20 gh60=0xb92df66 W1=0x3f54,0x383f,0x960 W2=0x3e61,0x2210,0x182
  witness[12] tail=25 r61=21 gh60=0xc65c5fe W1=0xc98,0x1386,0x14df W2=0xba5,0x1b47,0x38a7
  witness[13] tail=25 r61=21 gh60=0x7a84d9a W1=0x186a,0x1eb1,0x3374 W2=0x1777,0x1a0c,0x26e3
  witness[14] tail=25 r61=22 gh60=0x47785ba W1=0x4b5,0x1259,0x3b7a W2=0x3c2,0x3eeb,0x2ca
  witness[15] tail=25 r61=22 gh60=0xdb1c76a W1=0x1bd2,0xd07,0x3988 W2=0x1adf,0xe6e,0x11dc

Scan-only r61 registry
  registry_count=16 registry_cap=16
  r61_witness[00] r61=15 tail=24 gh60=0x3a187fa W1=0x3395,0xf66,0x13ae W2=0x32a2,0x14b2,0xa12
  r61_witness[01] r61=15 tail=29 gh60=0x4d28d66 W1=0x2653,0x13c9,0x20f6 W2=0x2560,0xa03,0xa26
  r61_witness[02] r61=15 tail=32 gh60=0x4907b7a W1=0x315a,0x7e,0x3839 W2=0x3067,0x1d72,0x171a
  r61_witness[03] r61=15 tail=36 gh60=0x4638ce6 W1=0x2713,0x127c,0x397c W2=0x2620,0xd1e,0x27db
  r61_witness[04] r61=16 tail=28 gh60=0xca05cfa W1=0x1e1a,0x1770,0x14ea W2=0x1d27,0x5c,0x1daf
  r61_witness[05] r61=16 tail=29 gh60=0x4d1fd6a W1=0xece,0x3152,0xf3c W2=0xddb,0x2022,0x7da
  r61_witness[06] r61=16 tail=30 gh60=0x4767da6 W1=0x2ec4,0x163,0x816 W2=0x2dd1,0x2ac2,0x2982
  r61_witness[07] r61=16 tail=30 gh60=0x39847a6 W1=0x336c,0x3564,0x17b4 W2=0x3279,0x2fba,0xcd9
  r61_witness[08] r61=16 tail=33 gh60=0x4888cae W1=0x293f,0x24f,0x35ed W2=0x284c,0x1b9e,0x2471
  r61_witness[09] r61=16 tail=34 gh60=0x4aa9ca6 W1=0x1ff3,0x2560,0x3933 W2=0x1f00,0x318e,0x2985
  r61_witness[10] r61=16 tail=35 gh60=0x4607cfa W1=0x2e1a,0x3a60,0x56 W2=0x2d27,0x174c,0x1069
  r61_witness[11] r61=16 tail=36 gh60=0xca0bce6 W1=0xf0b,0x1f70,0x1183 W2=0xe18,0x2e88,0x1235
  r61_witness[12] r61=16 tail=36 gh60=0x4a07ce6 W1=0x2f1c,0x2023,0x29f2 W2=0x2e29,0x1934,0x26d1
  r61_witness[13] r61=16 tail=36 gh60=0x4928f7e W1=0x37d7,0x375c,0x2013 W2=0x36e4,0x3797,0xf9a
  r61_witness[14] r61=16 tail=37 gh60=0xcb0856e W1=0x3a5f,0x541,0x363a W2=0x396c,0x39e7,0x2264
  r61_witness[15] r61=17 tail=25 gh60=0x4a047fa W1=0x2b9a,0x32f5,0xeb4 W2=0x2aa7,0x283a,0x3afd

D60=0 fiber histogram: 1:7987 2:4835 3:1780 4:1110 5:394 6:236 7:89 8:66 9:29 10:13 11:6 12:4 14:1 15:4 16:1 19:1 22:1 23:1
