free_word_mitm_reducedn
N=14 mask=0x3fff msb=0x2000
candidate: M0=0x3d36 mode=random-fallback fill=0x3fff kernel=dM0=dM9=0x2000
prefixes=32768/268435456 mode=permuted-prefix-sample w59_per_prefix=16384 total=536870912
run_mode=scan registry_cap=16
sample_start=185499648
scan_elapsed=18.518s rate=28.99 Mtriples/s

D60 interface
  D60=0 matches: 33061 (random expectation 32768.0, enrichment 1.009x)
  prefixes with D60=0: 16696
  max D60=0 fiber per prefix: 23 at W57=0x2f83 W58=0x2822
  largest D60 bucket: D=0x12f3 count=33956
  min D60 HW: 0
  D60 HW histogram: 0:33061 1:458824 2:2977053 3:11916596 4:32790785 5:65610166 6:98427285 7:112498459 8:98391481 9:65596753 10:32777845 11:11922411 12:2979979 13:457926 14:32288

Tail closure among D60=0 matches
  final tail collisions: 0
  best r61 HW: 14
  best r61 W1[57..59]=0x3ed3,0x1953,0x6e1
  best r61 W2[57..59]=0x3de0,0xdab,0x33
  best tail HW: 21
  best tail r61 HW: 18
  best W1[57..59]=0x3b1e,0x2815,0x2795
  best W2[57..59]=0x3a2b,0x3d0c,0x19c2

SUMMARY N=14 sample_start=185499648 prefixes=32768 total=536870912 d0=33061 best_tail=21 tail_r61=18 best_r61=14 tail_W1=0x3b1e,0x2815,0x2795 tail_W2=0x3a2b,0x3d0c,0x19c2 r61_W1=0x3ed3,0x1953,0x6e1 r61_W2=0x3de0,0xdab,0x33

Scan-only witness registry
  registry_count=16 registry_cap=16
  witness[00] tail=21 r61=18 gh60=0x761c4ea W1=0x3b1e,0x2815,0x2795 W2=0x3a2b,0x3d0c,0x19c2
  witness[01] tail=24 r61=21 gh60=0xdb98cba W1=0x36f5,0x557,0x1277 W2=0x3602,0x39d2,0x237a
  witness[02] tail=24 r61=24 gh60=0xbf0856a W1=0x2a4d,0x7b4,0x255b W2=0x295a,0x1a5e,0x3a29
  witness[03] tail=24 r61=26 gh60=0x44b459e W1=0x1ca8,0x1955,0x365c W2=0x1bb5,0x2fa7,0x2711
  witness[04] tail=25 r61=21 gh60=0x4d98cae W1=0x83f,0x1801,0x2680 W2=0x74c,0x150,0x2dba
  witness[05] tail=25 r61=21 gh60=0xc608ce6 W1=0x290b,0x1e75,0x34dc W2=0x2818,0x1707,0x1656
  witness[06] tail=25 r61=22 gh60=0x48a8be6 W1=0x9a3,0x3ad1,0x25fc W2=0x8b0,0x3cbf,0x201f
  witness[07] tail=25 r61=22 gh60=0xcb2cc9e W1=0x1848,0x2b5f,0x1810 W2=0x1755,0x348a,0x3293
  witness[08] tail=25 r61=26 gh60=0xbb68dba W1=0x8b5,0x2d15,0x223c W2=0x7c2,0x16e8,0xbda
  witness[09] tail=26 r61=20 gh60=0x46684a6 W1=0x403,0xf06,0x15b8 W2=0x310,0x1d01,0x29d
  witness[10] tail=26 r61=20 gh60=0xf6385fa W1=0x1295,0x212d,0x277b W2=0x11a2,0x1ec9,0x3461
  witness[11] tail=26 r61=20 gh60=0x36584fe W1=0x3517,0x260,0x35b4 W2=0x3424,0x1378,0x3554
  witness[12] tail=26 r61=21 gh60=0x4508d6a W1=0x2661,0x1314,0xf1 W2=0x256e,0x186f,0x1362
  witness[13] tail=26 r61=21 gh60=0x4798daa W1=0x267d,0x3195,0x2b01 W2=0x258a,0x168,0x541
  witness[14] tail=26 r61=22 gh60=0xb5245aa W1=0x2c2,0x1b7c,0x2a83 W2=0x1cf,0x26b9,0x3a2a
  witness[15] tail=26 r61=22 gh60=0x4a744be W1=0xbf8,0x4a6,0x21d0 W2=0xb05,0x449,0x2182

Scan-only r61 registry
  registry_count=16 registry_cap=16
  r61_witness[00] r61=14 tail=33 gh60=0x3d29d66 W1=0x3ed3,0x1953,0x6e1 W2=0x3de0,0xdab,0x33
  r61_witness[01] r61=15 tail=27 gh60=0x4a04c9a W1=0x260a,0x2df4,0x7a7 W2=0x2517,0x15b3,0xa08
  r61_witness[02] r61=15 tail=30 gh60=0x5a684fe W1=0x2417,0x2517,0x2b41 W2=0x2324,0x303f,0x215c
  r61_witness[03] r61=15 tail=40 gh60=0x4a08cee W1=0x190f,0x2ad,0x20b8 W2=0x181c,0x2e88,0x35a0
  r61_witness[04] r61=16 tail=27 gh60=0x4898ba6 W1=0x39b3,0x2caa,0x273c W2=0x38c0,0x8e,0x172c
  r61_witness[05] r61=16 tail=30 gh60=0x4b84ba6 W1=0x5bc,0x3f23,0x2bcb W2=0x4c9,0x6d8,0x3b91
  r61_witness[06] r61=16 tail=31 gh60=0x488c49a W1=0x232a,0x14f,0x3d76 W2=0x2237,0x299b,0x136d
  r61_witness[07] r61=16 tail=32 gh60=0x5a08dee W1=0x68f,0x2413,0x2f82 W2=0x59c,0xad2,0xb6a
  r61_witness[08] r61=16 tail=33 gh60=0x4d58d7a W1=0x26d9,0xbbc,0x1c1a W2=0x25e6,0x298f,0x25ee
  r61_witness[09] r61=16 tail=34 gh60=0x4508d6e W1=0x36df,0x157d,0xcd8 W2=0x35ec,0x7bc,0x1382
  r61_witness[10] r61=16 tail=34 gh60=0x4c88ca6 W1=0x383b,0x31d3,0x2153 W2=0x3748,0x2bdf,0x30d5
  r61_witness[11] r61=16 tail=36 gh60=0x4a2c7aa W1=0xb82,0x2f92,0xc14 W2=0xa8f,0x237f,0x2d89
  r61_witness[12] r61=16 tail=36 gh60=0xca945aa W1=0xc6e,0x1da5,0x2831 W2=0xb7b,0x1c3e,0x3b17
  r61_witness[13] r61=16 tail=36 gh60=0x4b2859a W1=0x2ac5,0x5c,0x60b W2=0x29d2,0x2c47,0x1c1f
  r61_witness[14] r61=17 tail=28 gh60=0x4d885aa W1=0xabd,0x37ed,0xf58 W2=0x9ca,0x571,0xdcc
  r61_witness[15] r61=17 tail=30 gh60=0x4c885aa W1=0x2b1,0x18d3,0x25f6 W2=0x1be,0x12eb,0xe23

D60=0 fiber histogram: 1:8077 2:4844 3:1757 4:1134 5:398 6:253 7:93 8:76 9:21 10:15 11:6 12:7 13:3 14:5 15:1 16:3 17:1 21:1 23:1
