free_word_mitm_reducedn
N=14 mask=0x3fff msb=0x2000
candidate: M0=0x3d36 mode=random-fallback fill=0x3fff kernel=dM0=dM9=0x2000
prefixes=32768/268435456 mode=permuted-prefix-sample w59_per_prefix=16384 total=536870912
run_mode=scan registry_cap=16
sample_start=17727488
scan_elapsed=17.818s rate=30.13 Mtriples/s

D60 interface
  D60=0 matches: 32102 (random expectation 32768.0, enrichment 0.980x)
  prefixes with D60=0: 16417
  max D60=0 fiber per prefix: 17 at W57=0x370f W58=0x3c2f
  largest D60 bucket: D=0x2a62 count=33887
  min D60 HW: 0
  D60 HW histogram: 0:32102 1:457175 2:2983616 3:11931147 4:32816805 5:65605423 6:98423838 7:112463010 8:98413675 9:65589441 10:32771681 11:11914962 12:2977677 13:457477 14:32883

Tail closure among D60=0 matches
  final tail collisions: 0
  best r61 HW: 11
  best r61 W1[57..59]=0x2dc0,0x5f7,0x28c4
  best r61 W2[57..59]=0x2ccd,0x2eeb,0x1e7
  best tail HW: 21
  best tail r61 HW: 18
  best W1[57..59]=0x2751,0x4f,0xe46
  best W2[57..59]=0x265e,0x46e,0x1c03

SUMMARY N=14 sample_start=17727488 prefixes=32768 total=536870912 d0=32102 best_tail=21 tail_r61=18 best_r61=11 tail_W1=0x2751,0x4f,0xe46 tail_W2=0x265e,0x46e,0x1c03 r61_W1=0x2dc0,0x5f7,0x28c4 r61_W2=0x2ccd,0x2eeb,0x1e7

Scan-only witness registry
  registry_count=16 registry_cap=16
  witness[00] tail=21 r61=18 gh60=0x4978f6a W1=0x2751,0x4f,0xe46 W2=0x265e,0x46e,0x1c03
  witness[01] tail=23 r61=11 gh60=0xc88fbae W1=0x2dc0,0x5f7,0x28c4 W2=0x2ccd,0x2eeb,0x1e7
  witness[02] tail=23 r61=21 gh60=0xc6ac566 W1=0x1c64,0xa9c,0x3778 W2=0x1b71,0x2f06,0x74a
  witness[03] tail=23 r61=22 gh60=0xc888ba6 W1=0x19bb,0x292f,0x350c W2=0x18c8,0x3cf3,0x279e
  witness[04] tail=23 r61=26 gh60=0xd775b6a W1=0x1dde,0x2907,0x13d0 W2=0x1ceb,0x23fb,0x124a
  witness[05] tail=23 r61=28 gh60=0x3d8dc9a W1=0x1e2a,0x324f,0x2a5 W2=0x1d37,0x1ad8,0x1835
  witness[06] tail=24 r61=16 gh60=0xc898ca6 W1=0x392b,0x1b23,0x2bc0 W2=0x3838,0x243f,0x9ea
  witness[07] tail=24 r61=21 gh60=0xc87bbaa W1=0x31bd,0x12b,0x3b8b W2=0x30ca,0x196a,0x1df6
  witness[08] tail=24 r61=21 gh60=0x4ce8dba W1=0x38b5,0x224,0x26fe W2=0x37c2,0x3bfb,0x17a1
  witness[09] tail=24 r61=22 gh60=0xcbacb9a W1=0x3966,0x21c2,0x3063 W2=0x3873,0x2cb1,0x2ec7
  witness[10] tail=25 r61=17 gh60=0x5e8dfa6 W1=0x1f6c,0x17a3,0x13d1 W2=0x1e79,0x3bfa,0x30d0
  witness[11] tail=25 r61=18 gh60=0x49887aa W1=0x3bbd,0x1316,0xfce W2=0x3aca,0x155a,0x28a7
  witness[12] tail=25 r61=19 gh60=0xca684be W1=0x13f7,0x1c54,0x1f9d W2=0x1304,0x3b72,0x874
  witness[13] tail=25 r61=19 gh60=0xb7ac4aa W1=0x31f2,0x20f9,0x2783 W2=0x30ff,0x347e,0x52
  witness[14] tail=25 r61=20 gh60=0xdea5d6a W1=0x20e2,0x32d1,0xfda W2=0x1fef,0x39d9,0x233f
  witness[15] tail=25 r61=22 gh60=0x5575d6e W1=0xe0,0x1133,0x3330 W2=0x3fed,0x2ecf,0x1b9a

Scan-only r61 registry
  registry_count=16 registry_cap=16
  r61_witness[00] r61=11 tail=23 gh60=0xc88fbae W1=0x2dc0,0x5f7,0x28c4 W2=0x2ccd,0x2eeb,0x1e7
  r61_witness[01] r61=12 tail=34 gh60=0x450c56a W1=0x1c4e,0x16d7,0x1dd9 W2=0x1b5b,0x2be2,0x2699
  r61_witness[02] r61=13 tail=31 gh60=0x4e88baa W1=0x256d,0x129c,0xdcf W2=0x247a,0x31f,0x1896
  r61_witness[03] r61=15 tail=29 gh60=0x4a1bcfa W1=0xf15,0x137e,0x2384 W2=0xe22,0x2279,0x9ff
  r61_witness[04] r61=15 tail=30 gh60=0x59887aa W1=0x3ad,0xfc5,0x31 W2=0x2ba,0x19,0x59c
  r61_witness[05] r61=15 tail=32 gh60=0x495449a W1=0x3346,0x36d5,0xb16 W2=0x3253,0x2f27,0x323f
  r61_witness[06] r61=16 tail=24 gh60=0xc898ca6 W1=0x392b,0x1b23,0x2bc0 W2=0x3838,0x243f,0x9ea
  r61_witness[07] r61=16 tail=26 gh60=0xc888ba6 W1=0x19bb,0x2d1a,0x67e W2=0x18c8,0xde,0x3c81
  r61_witness[08] r61=16 tail=27 gh60=0x5709d6e W1=0xdf,0x1f69,0x1676 W2=0x3fec,0x3d04,0x18fd
  r61_witness[09] r61=16 tail=32 gh60=0x4a084e6 W1=0x3c1b,0xce6,0x3509 W2=0x3b28,0xbb9,0x704
  r61_witness[10] r61=16 tail=32 gh60=0xca59cfa W1=0x3f19,0x33ca,0x1a4d W2=0x3e26,0x1881,0x3830
  r61_witness[11] r61=16 tail=34 gh60=0x36087e6 W1=0x1b8b,0x3edb,0x2923 W2=0x1a98,0x3caa,0x3944
  r61_witness[12] r61=16 tail=38 gh60=0x448459a W1=0x34aa,0x1d90,0x3098 W2=0x33b7,0x1b40,0x2c0
  r61_witness[13] r61=17 tail=25 gh60=0x5e8dfa6 W1=0x1f6c,0x17a3,0x13d1 W2=0x1e79,0x3bfa,0x30d0
  r61_witness[14] r61=17 tail=26 gh60=0x48bcc9e W1=0x1728,0x3f72,0x9a9 W2=0x1635,0x1c65,0xd27
  r61_witness[15] r61=17 tail=26 gh60=0x7889faa W1=0x1fad,0x8fe,0x2b0a W2=0x1eba,0x3511,0x20b3

D60=0 fiber histogram: 1:8093 2:4697 3:1725 4:1039 5:410 6:233 7:71 8:83 9:23 10:28 11:3 12:8 13:1 14:1 15:1 17:1
