free_word_mitm_reducedn
N=14 mask=0x3fff msb=0x2000
candidate: M0=0x3d36 mode=random-fallback fill=0x3fff kernel=dM0=dM9=0x2000
prefixes=32768/268435456 mode=permuted-prefix-sample w59_per_prefix=16384 total=536870912
run_mode=scan registry_cap=16
sample_start=44400640
scan_elapsed=17.642s rate=30.43 Mtriples/s

D60 interface
  D60=0 matches: 33004 (random expectation 32768.0, enrichment 1.007x)
  prefixes with D60=0: 16683
  max D60=0 fiber per prefix: 16 at W57=0x3b03 W58=0xcd5
  largest D60 bucket: D=0x18e7 count=33843
  min D60 HW: 0
  D60 HW histogram: 0:33004 1:456638 2:2975375 3:11903961 4:32774084 5:65570767 6:98438887 7:112535755 8:98458439 9:65587265 10:32758273 11:11909616 12:2978916 13:457523 14:32409

Tail closure among D60=0 matches
  final tail collisions: 0
  best r61 HW: 14
  best r61 W1[57..59]=0x2db9,0xabe,0x28d9
  best r61 W2[57..59]=0x2cc6,0x3811,0x2fd6
  best tail HW: 20
  best tail r61 HW: 17
  best W1[57..59]=0x33c,0x544,0x33bd
  best W2[57..59]=0x249,0x1492,0x31ed

SUMMARY N=14 sample_start=44400640 prefixes=32768 total=536870912 d0=33004 best_tail=20 tail_r61=17 best_r61=14 tail_W1=0x33c,0x544,0x33bd tail_W2=0x249,0x1492,0x31ed r61_W1=0x2db9,0xabe,0x28d9 r61_W2=0x2cc6,0x3811,0x2fd6

Scan-only witness registry
  registry_count=16 registry_cap=16
  witness[00] tail=20 r61=17 gh60=0x48844a6 W1=0x33c,0x544,0x33bd W2=0x249,0x1492,0x31ed
  witness[01] tail=21 r61=24 gh60=0xbd68d7a W1=0x2855,0x175c,0x2b13 W2=0x2762,0x723,0x195d
  witness[02] tail=22 r61=26 gh60=0xfa27dea W1=0xe92,0x109f,0x1399 W2=0xd9f,0x13ff,0x2cda
  witness[03] tail=24 r61=17 gh60=0x575bd9e W1=0x10c7,0x38b6,0x11a8 W2=0xfd4,0x293e,0x1422
  witness[04] tail=24 r61=27 gh60=0xffb8b9a W1=0x3965,0xd5a,0x21d1 W2=0x3872,0x834,0x25b6
  witness[05] tail=25 r61=18 gh60=0x4d08d6a W1=0x18d1,0x3827,0x1cf1 W2=0x17de,0x3b9a,0x1dd9
  witness[06] tail=25 r61=21 gh60=0xc6f857e W1=0x4d7,0x334c,0x2ad6 W2=0x3e4,0x37f8,0xbbf
  witness[07] tail=25 r61=24 gh60=0x4d78cae W1=0x63f,0x1d44,0x371e W2=0x54c,0xc93,0x102b
  witness[08] tail=25 r61=25 gh60=0xc97bb6a W1=0x31d1,0x2ad3,0x3531 W2=0x30de,0x17d2,0x2c17
  witness[09] tail=25 r61=26 gh60=0xcbf456a W1=0x325e,0x218b,0x252 W2=0x316b,0x2bb2,0x355b
  witness[10] tail=26 r61=16 gh60=0x450856a W1=0x3ccd,0x37c5,0x1a3e W2=0x3bda,0x16eb,0x3ddc
  witness[11] tail=26 r61=19 gh60=0xdf8ccae W1=0x5f0,0x3e9e,0x609 W2=0x4fd,0x1f7e,0x299a
  witness[12] tail=26 r61=20 gh60=0xce184e6 W1=0x31b,0x35a7,0x3f22 W2=0x228,0x156c,0x393
  witness[13] tail=26 r61=20 gh60=0xda647aa W1=0x372,0x1eb2,0x2228 W2=0x27f,0xf8f,0x2c50
  witness[14] tail=26 r61=20 gh60=0x47b4cba W1=0x1736,0x634,0x121d W2=0x1643,0x3a38,0x2f86
  witness[15] tail=26 r61=21 gh60=0xc529d7a W1=0x3ed5,0x688,0xd25 W2=0x3de2,0x3ad3,0x1969

Scan-only r61 registry
  registry_count=16 registry_cap=16
  r61_witness[00] r61=14 tail=27 gh60=0x496bbba W1=0x2db9,0xabe,0x28d9 W2=0x2cc6,0x3811,0x2fd6
  r61_witness[01] r61=15 tail=27 gh60=0x5e08dee W1=0x89f,0x3f06,0xda2 W2=0x7ac,0x1eb9,0x2f1b
  r61_witness[02] r61=15 tail=33 gh60=0x4a55d9a W1=0x1e86,0x25ed,0x37ca W2=0x1d93,0x51a,0xdd5
  r61_witness[03] r61=15 tail=33 gh60=0x4884b9a W1=0x35aa,0x354b,0x3457 W2=0x34b7,0x349a,0x2fed
  r61_witness[04] r61=16 tail=26 gh60=0x450856a W1=0x3ccd,0x37c5,0x1a3e W2=0x3bda,0x16eb,0x3ddc
  r61_witness[05] r61=16 tail=28 gh60=0x48b44aa W1=0x253e,0x2b40,0x18c5 W2=0x244b,0x32b1,0x3b30
  r61_witness[06] r61=16 tail=29 gh60=0x5a1c49a W1=0x130a,0x15ee,0x38ea W2=0x1217,0xef0,0xa28
  r61_witness[07] r61=16 tail=31 gh60=0x4904b66 W1=0x15dc,0xd72,0x3bee W2=0x14e9,0x2b45,0x1d21
  r61_witness[08] r61=16 tail=32 gh60=0x4634d9a W1=0x3686,0x166a,0x37ef W2=0x3593,0x811,0x1c9
  r61_witness[09] r61=16 tail=33 gh60=0xca044e6 W1=0xd0c,0x2492,0x2045 W2=0xc19,0x1376,0x2ae0
  r61_witness[10] r61=16 tail=34 gh60=0x488449a W1=0x132a,0x2fd6,0x24b9 W2=0x1237,0x281e,0x33b3
  r61_witness[11] r61=16 tail=35 gh60=0x4678c9a W1=0x605,0x484,0x2b41 W2=0x512,0x2e12,0xc4f
  r61_witness[12] r61=16 tail=36 gh60=0x4988baa W1=0x571,0x2d5b,0x18f5 W2=0x47e,0x2e22,0x3e83
  r61_witness[13] r61=16 tail=37 gh60=0x490477a W1=0x135a,0x265e,0x21b7 W2=0x1267,0x2d2f,0x2cd8
  r61_witness[14] r61=16 tail=39 gh60=0x4699ca6 W1=0xfb,0xf8b,0x313a W2=0x8,0xc15,0x2697
  r61_witness[15] r61=17 tail=20 gh60=0x48844a6 W1=0x33c,0x544,0x33bd W2=0x249,0x1492,0x31ed

D60=0 fiber histogram: 1:8042 2:4785 3:1870 4:1085 5:473 6:227 7:71 8:51 9:33 10:20 11:9 12:12 13:3 15:1 16:1
