free_word_mitm_reducedn
N=14 mask=0x3fff msb=0x2000
candidate: M0=0x3d36 mode=random-fallback fill=0x3fff kernel=dM0=dM9=0x2000
prefixes=32768/268435456 mode=permuted-prefix-sample w59_per_prefix=16384 total=536870912
run_mode=scan registry_cap=16
sample_start=246120448
scan_elapsed=18.606s rate=28.85 Mtriples/s

D60 interface
  D60=0 matches: 32202 (random expectation 32768.0, enrichment 0.983x)
  prefixes with D60=0: 16372
  max D60=0 fiber per prefix: 16 at W57=0x16a8 W58=0x2bbf
  largest D60 bucket: D=0x3307 count=33790
  min D60 HW: 0
  D60 HW histogram: 0:32202 1:457703 2:2972127 3:11912961 4:32800814 5:65624215 6:98471461 7:112498608 8:98400660 9:65564420 10:32763942 11:11906022 12:2975579 13:457486 14:32712

Tail closure among D60=0 matches
  final tail collisions: 0
  best r61 HW: 13
  best r61 W1[57..59]=0xdfb,0x3de6,0x19ae
  best r61 W2[57..59]=0xd08,0xf0,0x108a
  best tail HW: 23
  best tail r61 HW: 19
  best W1[57..59]=0x60d,0x20e1,0x35a9
  best W2[57..59]=0x51a,0x27a4,0x2945

SUMMARY N=14 sample_start=246120448 prefixes=32768 total=536870912 d0=32202 best_tail=23 tail_r61=19 best_r61=13 tail_W1=0x60d,0x20e1,0x35a9 tail_W2=0x51a,0x27a4,0x2945 r61_W1=0xdfb,0x3de6,0x19ae r61_W2=0xd08,0xf0,0x108a

Scan-only witness registry
  registry_count=16 registry_cap=16
  witness[00] tail=23 r61=19 gh60=0xc608cea W1=0x60d,0x20e1,0x35a9 W2=0x51a,0x27a4,0x2945
  witness[01] tail=23 r61=25 gh60=0x770fd6e W1=0x1050,0x3d0,0x1163 W2=0xf5d,0x14a0,0x778
  witness[02] tail=24 r61=18 gh60=0x4f2cf7e W1=0x17d8,0x1ca0,0x2029 W2=0x16e5,0x28e4,0x594
  witness[03] tail=24 r61=18 gh60=0xc5e476a W1=0x23e2,0x1cf7,0x3ad W2=0x22ef,0x76e,0x3374
  witness[04] tail=24 r61=21 gh60=0x5b844ba W1=0xd3a,0x97e,0x6b6 W2=0xc47,0x30b1,0x1926
  witness[05] tail=24 r61=22 gh60=0x498bcaa W1=0x30f1,0x1484,0x2a85 W2=0x2ffe,0x7c7,0x3a9b
  witness[06] tail=24 r61=25 gh60=0x5a085ee W1=0x248f,0x3958,0xee4 W2=0x239c,0x1c96,0x1180
  witness[07] tail=25 r61=20 gh60=0xf6784e6 W1=0x2a13,0xa8d,0x2fcc W2=0x2920,0x357e,0x2cfb
  witness[08] tail=25 r61=20 gh60=0x56084ee W1=0x2d1f,0x1ad1,0x81f W2=0x2c2c,0x385b,0x32ef
  witness[09] tail=25 r61=21 gh60=0x4f5fc9e W1=0x3128,0x1bd1,0xa3f W2=0x3035,0x1042,0x17bd
  witness[10] tail=25 r61=22 gh60=0xda545fe W1=0xa98,0x497,0x163b W2=0x9a5,0x9d8,0x117c
  witness[11] tail=25 r61=24 gh60=0xc8947aa W1=0x13be,0x1ce2,0x29e W2=0x12cb,0x2f1b,0x2f20
  witness[12] tail=25 r61=24 gh60=0xce2dde6 W1=0x3e94,0x2725,0x3217 W2=0x3da1,0x1ff2,0x2b5a
  witness[13] tail=25 r61=28 gh60=0xfce9da6 W1=0x20b3,0x1597,0x1887 W2=0x1fc0,0x2559,0x151f
  witness[14] tail=25 r61=29 gh60=0xf997caa W1=0xeee,0x3cbe,0x362 W2=0xdfb,0x303a,0x3223
  witness[15] tail=26 r61=17 gh60=0xce08cea W1=0x2821,0x3765,0x779 W2=0x272e,0x3760,0x32f7

Scan-only r61 registry
  registry_count=16 registry_cap=16
  r61_witness[00] r61=13 tail=30 gh60=0x469bca6 W1=0xdfb,0x3de6,0x19ae W2=0xd08,0xf0,0x108a
  r61_witness[01] r61=15 tail=30 gh60=0x4608cea W1=0x370d,0x1f,0x3428 W2=0x361a,0x1616,0xb8c
  r61_witness[02] r61=15 tail=31 gh60=0x4884c9a W1=0x292a,0x2ded,0xf9b W2=0x2837,0x10b8,0x3ab7
  r61_witness[03] r61=15 tail=32 gh60=0xce34cfa W1=0x2716,0x1573,0x1b5a W2=0x2623,0x3bfb,0x26a
  r61_witness[04] r61=15 tail=33 gh60=0x4a0fde6 W1=0x2e8c,0x39d0,0x39d4 W2=0x2d99,0x711,0x3e66
  r61_witness[05] r61=15 tail=33 gh60=0x4b08f6a W1=0x37e1,0x16d9,0x3edf W2=0x36ee,0x26e8,0x1573
  r61_witness[06] r61=16 tail=29 gh60=0x4e57bba W1=0x3176,0x1083,0x3eb0 W2=0x3083,0x3a57,0x1ac5
  r61_witness[07] r61=16 tail=31 gh60=0x4b09d6e W1=0x3e5f,0x3f81,0x2573 W2=0x3d6c,0x2b24,0x2b76
  r61_witness[08] r61=16 tail=32 gh60=0x4508d66 W1=0x6cb,0x3c00,0x26b0 W2=0x5d8,0x12ca,0x3511
  r61_witness[09] r61=16 tail=32 gh60=0x5aac4aa W1=0x29f2,0x3af0,0x18e1 W2=0x28ff,0x3df5,0x2bc1
  r61_witness[10] r61=16 tail=33 gh60=0x770459a W1=0x2ca,0x565,0x1271 W2=0x1d7,0x31cf,0x1205
  r61_witness[11] r61=16 tail=33 gh60=0x46045e6 W1=0x1c9c,0x274c,0x19fc W2=0x1ba9,0x2bf8,0x2935
  r61_witness[12] r61=16 tail=34 gh60=0x5a09bea W1=0x191,0x1855,0x3731 W2=0x9e,0x13e4,0x3784
  r61_witness[13] r61=16 tail=34 gh60=0xc928766 W1=0x2353,0x3ec0,0x2091 W2=0x2260,0x250b,0x39e5
  r61_witness[14] r61=16 tail=36 gh60=0x491876e W1=0x35f,0x682,0x1750 W2=0x26c,0x7b4,0x6cc
  r61_witness[15] r61=16 tail=36 gh60=0x5884ba6 W1=0x35ac,0x2ad7,0x2353 W2=0x34b9,0x29c,0xccf

D60=0 fiber histogram: 1:8005 2:4672 3:1740 4:1105 5:403 6:225 7:84 8:74 9:24 10:16 11:12 12:6 13:1 14:2 15:1 16:2
