free_word_mitm_reducedn
N=14 mask=0x3fff msb=0x2000
candidate: M0=0x3d36 mode=random-fallback fill=0x3fff kernel=dM0=dM9=0x2000
prefixes=32768/268435456 mode=permuted-prefix-sample w59_per_prefix=16384 total=536870912
run_mode=scan registry_cap=16
sample_start=149684224
scan_elapsed=15.434s rate=34.78 Mtriples/s

D60 interface
  D60=0 matches: 32365 (random expectation 32768.0, enrichment 0.988x)
  prefixes with D60=0: 16561
  max D60=0 fiber per prefix: 23 at W57=0x1afb W58=0x279d
  largest D60 bucket: D=0x29c8 count=33834
  min D60 HW: 0
  D60 HW histogram: 0:32365 1:457058 2:2968880 3:11898777 4:32774099 5:65610175 6:98457413 7:112531291 8:98417309 9:65575291 10:32770341 11:11911914 12:2975512 13:457546 14:32941

Tail closure among D60=0 matches
  final tail collisions: 0
  best r61 HW: 14
  best r61 W1[57..59]=0x218c,0x3a6d,0x13d
  best r61 W2[57..59]=0x2099,0x3e3a,0x9d2
  best tail HW: 21
  best tail r61 HW: 22
  best W1[57..59]=0x38c6,0x17b,0x27bc
  best W2[57..59]=0x37d3,0x2cae,0x3b1f

SUMMARY N=14 sample_start=149684224 prefixes=32768 total=536870912 d0=32365 best_tail=21 tail_r61=22 best_r61=14 tail_W1=0x38c6,0x17b,0x27bc tail_W2=0x37d3,0x2cae,0x3b1f r61_W1=0x218c,0x3a6d,0x13d r61_W2=0x2099,0x3e3a,0x9d2

Scan-only witness registry
  registry_count=16 registry_cap=16
  witness[00] tail=21 r61=22 gh60=0xdf6cd9a W1=0x38c6,0x17b,0x27bc W2=0x37d3,0x2cae,0x3b1f
  witness[01] tail=23 r61=19 gh60=0x7a78da6 W1=0x873,0x3e9e,0x2f52 W2=0x780,0x11f2,0x16e5
  witness[02] tail=23 r61=19 gh60=0x5ae8c9a W1=0x1745,0x1056,0x10ce W2=0x1652,0x39c,0x19d5
  witness[03] tail=23 r61=20 gh60=0xcd8cdae W1=0x18c0,0x1ca0,0x3c14 W2=0x17cd,0xed8,0x31cb
  witness[04] tail=23 r61=20 gh60=0x56044e6 W1=0x2a1c,0x1be6,0x16c W2=0x2929,0x3bae,0x2d19
  witness[05] tail=23 r61=21 gh60=0x5e99cae W1=0x3eef,0x2897,0x36ee W2=0x3dfc,0x6fa,0x389d
  witness[06] tail=24 r61=19 gh60=0xc895cae W1=0x3f30,0x19f2,0xd25 W2=0x3e3d,0x7d2,0x1f37
  witness[07] tail=24 r61=21 gh60=0x4788caa W1=0x15ed,0x3352,0x1e48 W2=0x14fa,0xb0d,0xde5
  witness[08] tail=25 r61=14 gh60=0xca2c7e6 W1=0x2b94,0x12d2,0x6c5 W2=0x2aa1,0x2c,0x3750
  witness[09] tail=25 r61=15 gh60=0xc9184a6 W1=0x1b43,0x3193,0x2ede W2=0x1a50,0x10,0x2c44
  witness[10] tail=25 r61=17 gh60=0xca1c4aa W1=0x2c02,0x216c,0x31ad W2=0x2b0f,0x2701,0x3f6b
  witness[11] tail=25 r61=23 gh60=0xcaf85ea W1=0x291,0x2fae,0xb9b W2=0x19e,0x2a4c,0xb29
  witness[12] tail=25 r61=24 gh60=0xb55459a W1=0x1ac6,0x3e4,0x129 W2=0x19d3,0x2fe0,0x30ab
  witness[13] tail=25 r61=24 gh60=0xcd5449a W1=0x3a26,0x24f9,0xaea W2=0x3933,0x18c3,0x31af
  witness[14] tail=26 r61=16 gh60=0x7b04d7a W1=0x16da,0x132f,0x13da W2=0x15e7,0x10f7,0x580
  witness[15] tail=26 r61=16 gh60=0x453459a W1=0x1cc6,0x842,0x2c35 W2=0x1bd3,0x36be,0x39ad

Scan-only r61 registry
  registry_count=16 registry_cap=16
  r61_witness[00] r61=14 tail=25 gh60=0xca2c7e6 W1=0x2b94,0x12d2,0x6c5 W2=0x2aa1,0x2c,0x3750
  r61_witness[01] r61=14 tail=29 gh60=0xc605be6 W1=0x218c,0x3a6d,0x13d W2=0x2099,0x3e3a,0x9d2
  r61_witness[02] r61=14 tail=29 gh60=0x4924b66 W1=0x29d4,0xe05,0x31ad W2=0x28e1,0x13f8,0x81d
  r61_witness[03] r61=14 tail=33 gh60=0xfa0bcea W1=0x1111,0xd62,0x363c W2=0x101e,0x3a9d,0x725
  r61_witness[04] r61=15 tail=25 gh60=0xc9184a6 W1=0x1b43,0x3193,0x2ede W2=0x1a50,0x10,0x2c44
  r61_witness[05] r61=15 tail=30 gh60=0x4608cea W1=0x711,0x378c,0x1663 W2=0x61e,0x3a43,0xce
  r61_witness[06] r61=15 tail=31 gh60=0x4498ca6 W1=0x633,0x3aaf,0x8ea W2=0x540,0x2adb,0x3431
  r61_witness[07] r61=15 tail=31 gh60=0xc488caa W1=0x63d,0x24bd,0x61c W2=0x54a,0x2be8,0x1038
  r61_witness[08] r61=15 tail=34 gh60=0x4918b6a W1=0x354d,0x107c,0x2c96 W2=0x345a,0xa7b,0x1abf
  r61_witness[09] r61=15 tail=35 gh60=0xca05c9a W1=0x1f0a,0x1359,0x13c6 W2=0x1e17,0x365a,0x96b
  r61_witness[10] r61=16 tail=26 gh60=0x7b04d7a W1=0x16da,0x132f,0x13da W2=0x15e7,0x10f7,0x580
  r61_witness[11] r61=16 tail=26 gh60=0x453459a W1=0x1cc6,0x842,0x2c35 W2=0x1bd3,0x36be,0x39ad
  r61_witness[12] r61=16 tail=26 gh60=0x74845a6 W1=0x22bc,0x2b4e,0x25cb W2=0x21c9,0x84,0x60
  r61_witness[13] r61=16 tail=27 gh60=0x45bc4ae W1=0xc00,0x3fce,0x2618 W2=0xb0d,0x1f5f,0x3d34
  r61_witness[14] r61=16 tail=29 gh60=0xd889ba6 W1=0x1dab,0x1dba,0x2400 W2=0x1cb8,0x240c,0xae8
  r61_witness[15] r61=16 tail=29 gh60=0x5a65f6a W1=0x1fe2,0x2965,0xce8 W2=0x1eef,0x129d,0x71c

D60=0 fiber histogram: 1:8081 2:4822 3:1712 4:1136 5:390 6:227 7:61 8:73 9:25 10:14 11:5 12:6 13:2 14:1 16:3 17:2 23:1
