free_word_mitm_reducedn
N=14 mask=0x3fff msb=0x2000
candidate: M0=0x3d36 mode=random-fallback fill=0x3fff kernel=dM0=dM9=0x2000
prefixes=32768/268435456 mode=permuted-prefix-sample w59_per_prefix=16384 total=536870912
run_mode=scan registry_cap=16
sample_start=250347520
scan_elapsed=15.397s rate=34.87 Mtriples/s

D60 interface
  D60=0 matches: 32618 (random expectation 32768.0, enrichment 0.995x)
  prefixes with D60=0: 16529
  max D60=0 fiber per prefix: 22 at W57=0x3f W58=0x2f4c
  largest D60 bucket: D=0x35b7 count=33756
  min D60 HW: 0
  D60 HW histogram: 0:32618 1:458244 2:2971506 3:11897968 4:32767730 5:65618883 6:98472217 7:112504980 8:98414139 9:65578317 10:32779231 11:11909312 12:2977084 13:456181 14:32502

Tail closure among D60=0 matches
  final tail collisions: 0
  best r61 HW: 14
  best r61 W1[57..59]=0x28bf,0x5c6,0x302f
  best r61 W2[57..59]=0x27cc,0x26ed,0x239a
  best tail HW: 22
  best tail r61 HW: 15
  best W1[57..59]=0x396,0x1ee4,0xe12
  best W2[57..59]=0x2a3,0x2435,0x2539

SUMMARY N=14 sample_start=250347520 prefixes=32768 total=536870912 d0=32618 best_tail=22 tail_r61=15 best_r61=14 tail_W1=0x396,0x1ee4,0xe12 tail_W2=0x2a3,0x2435,0x2539 r61_W1=0x28bf,0x5c6,0x302f r61_W2=0x27cc,0x26ed,0x239a

Scan-only witness registry
  registry_count=16 registry_cap=16
  witness[00] tail=22 r61=15 gh60=0xca547fa W1=0x396,0x1ee4,0xe12 W2=0x2a3,0x2435,0x2539
  witness[01] tail=22 r61=23 gh60=0x7a07de6 W1=0x2e9c,0x17d9,0x30cd W2=0x2da9,0x250a,0x27e9
  witness[02] tail=23 r61=20 gh60=0x47bdbae W1=0x1c0,0x2267,0xe31 W2=0xcd,0x1863,0x2571
  witness[03] tail=23 r61=23 gh60=0x7d1fd66 W1=0xe5c,0x1a3e,0x21d4 W2=0xd69,0x20db,0x2913
  witness[04] tail=23 r61=26 gh60=0xcbf4c9a W1=0x1826,0x1a91,0xaa4 W2=0x1733,0xd64,0x20c1
  witness[05] tail=24 r61=17 gh60=0x46384ea W1=0x2c1d,0xa0e,0x8d8 W2=0x2b2a,0xfc4,0x118c
  witness[06] tail=24 r61=20 gh60=0x58884ae W1=0x2b3f,0x55b,0x10ba W2=0x2a4c,0x24eb,0x3154
  witness[07] tail=24 r61=22 gh60=0xc67cf9a W1=0x3766,0x19e8,0x3393 W2=0x3673,0x2797,0x100a
  witness[08] tail=24 r61=25 gh60=0x5aedca6 W1=0x2144,0x248c,0x23a4 W2=0x2051,0x304b,0x70
  witness[09] tail=25 r61=19 gh60=0x4627baa W1=0x1182,0x295a,0x3a51 W2=0x108f,0xc0e,0xeb9
  witness[10] tail=25 r61=20 gh60=0x4627ca6 W1=0xe04,0x3f69,0x316d W2=0xd11,0x3724,0x30fd
  witness[11] tail=25 r61=21 gh60=0xbfe4d66 W1=0x8e4,0x16ab,0x1a1a W2=0x7f1,0x2372,0x12f0
  witness[12] tail=25 r61=22 gh60=0xce5dc9e W1=0x1f08,0x23da,0x188e W2=0x1e15,0x2f07,0x49e
  witness[13] tail=25 r61=23 gh60=0x47abc9e W1=0x10e7,0x3d81,0xa44 W2=0xff4,0x2a71,0xf56
  witness[14] tail=25 r61=24 gh60=0xce6cca6 W1=0x3604,0xeeb,0x3dc9 W2=0x3511,0x1fa8,0x223a
  witness[15] tail=25 r61=25 gh60=0xdff4b9a W1=0x19c6,0x3da0,0x9f6 W2=0x18d3,0x83b,0x5ff

Scan-only r61 registry
  registry_count=16 registry_cap=16
  r61_witness[00] r61=14 tail=31 gh60=0x4c88dae W1=0x28bf,0x5c6,0x302f W2=0x27cc,0x26ed,0x239a
  r61_witness[01] r61=15 tail=22 gh60=0xca547fa W1=0x396,0x1ee4,0xe12 W2=0x2a3,0x2435,0x2539
  r61_witness[02] r61=15 tail=31 gh60=0x491876e W1=0x335f,0x3891,0x3ca3 W2=0x326c,0x4c7,0x4c0
  r61_witness[03] r61=15 tail=35 gh60=0x5a0479a W1=0x3b8a,0x3b4,0x2070 W2=0x3a97,0x650,0x2753
  r61_witness[04] r61=16 tail=26 gh60=0xce0fbe6 W1=0x319c,0x1e66,0x159b W2=0x30a9,0x1727,0x3b89
  r61_witness[05] r61=16 tail=27 gh60=0x4a15bee W1=0x1a0,0x87f,0x2541 W2=0xad,0x3cff,0x295e
  r61_witness[06] r61=16 tail=29 gh60=0xca8bca6 W1=0x2feb,0x38ae,0xb82 W2=0x2ef8,0xc4c,0x2c8c
  r61_witness[07] r61=16 tail=30 gh60=0x5787c9a W1=0xfea,0x8da,0x254c W2=0xef7,0x19df,0x1fc4
  r61_witness[08] r61=16 tail=30 gh60=0x4a2bffa W1=0x2f95,0x943,0x1422 W2=0x2ea2,0x23d6,0x109d
  r61_witness[09] r61=16 tail=32 gh60=0xc935b6a W1=0x1dce,0x8eb,0x2c0b W2=0x1cdb,0x4ef,0x1d2d
  r61_witness[10] r61=16 tail=32 gh60=0xda2cf9e W1=0x2788,0x385f,0x2457 W2=0x2695,0x2e8a,0xe0c
  r61_witness[11] r61=16 tail=35 gh60=0x48a4cea W1=0x722,0x2e4a,0x1340 W2=0x62f,0x33aa,0x1a11
  r61_witness[12] r61=16 tail=38 gh60=0x4a984a6 W1=0x34f3,0x11e9,0x162c W2=0x3400,0x3fd4,0x334c
  r61_witness[13] r61=16 tail=40 gh60=0x4608ce6 W1=0x370b,0x2da0,0x37c5 W2=0x3618,0x1bb6,0x22dc
  r61_witness[14] r61=17 tail=24 gh60=0x46384ea W1=0x2c1d,0xa0e,0x8d8 W2=0x2b2a,0xfc4,0x118c
  r61_witness[15] r61=17 tail=27 gh60=0xc9b44ae W1=0x1b30,0x741,0xaa6 W2=0x1a3d,0x6e2,0x9cf

D60=0 fiber histogram: 1:8037 2:4712 3:1793 4:1152 5:385 6:221 7:85 8:77 9:26 10:17 11:9 12:6 13:3 14:3 15:2 22:1
