free_word_mitm_reducedn
N=14 mask=0x3fff msb=0x2000
candidate: M0=0x3d36 mode=random-fallback fill=0x3fff kernel=dM0=dM9=0x2000
prefixes=32768/268435456 mode=permuted-prefix-sample w59_per_prefix=16384 total=536870912
run_mode=scan registry_cap=16
sample_start=225181696
scan_elapsed=15.477s rate=34.69 Mtriples/s

D60 interface
  D60=0 matches: 32831 (random expectation 32768.0, enrichment 1.002x)
  prefixes with D60=0: 16592
  max D60=0 fiber per prefix: 16 at W57=0x2e03 W58=0x157f
  largest D60 bucket: D=0xca0 count=33874
  min D60 HW: 0
  D60 HW histogram: 0:32831 1:457297 2:2973600 3:11905027 4:32773198 5:65577872 6:98414061 7:112497252 8:98428467 9:65598045 10:32816096 11:11926082 12:2980020 13:458548 14:32516

Tail closure among D60=0 matches
  final tail collisions: 0
  best r61 HW: 13
  best r61 W1[57..59]=0x2361,0x3b35,0x2199
  best r61 W2[57..59]=0x226e,0x27f,0x2daa
  best tail HW: 22
  best tail r61 HW: 21
  best W1[57..59]=0x2fa2,0x6c4,0x1bc3
  best W2[57..59]=0x2eaf,0x21ec,0x2acf

SUMMARY N=14 sample_start=225181696 prefixes=32768 total=536870912 d0=32831 best_tail=22 tail_r61=21 best_r61=13 tail_W1=0x2fa2,0x6c4,0x1bc3 tail_W2=0x2eaf,0x21ec,0x2acf r61_W1=0x2361,0x3b35,0x2199 r61_W2=0x226e,0x27f,0x2daa

Scan-only witness registry
  registry_count=16 registry_cap=16
  witness[00] tail=22 r61=21 gh60=0xc9bffea W1=0x2fa2,0x6c4,0x1bc3 W2=0x2eaf,0x21ec,0x2acf
  witness[01] tail=22 r61=22 gh60=0x479cbba W1=0x97a,0xf7d,0x3ef8 W2=0x887,0x3b0d,0xcc3
  witness[02] tail=23 r61=15 gh60=0xc4885aa W1=0x3cad,0x3b14,0x1a9e W2=0x3bba,0x1a28,0x13bd
  witness[03] tail=23 r61=18 gh60=0x46084ea W1=0x2c1d,0x823,0x29f1 W2=0x2b2a,0xdd9,0x7e5
  witness[04] tail=23 r61=21 gh60=0x5bf4c9e W1=0x6e8,0x1b75,0x2319 W2=0x5f5,0x26e0,0x2eee
  witness[05] tail=24 r61=19 gh60=0x76384fa W1=0x2a19,0x473,0x345c W2=0x2926,0x277b,0x168d
  witness[06] tail=24 r61=20 gh60=0xda685a6 W1=0x2a83,0x7fa,0x2c77 W2=0x2990,0x3bdf,0x274b
  witness[07] tail=24 r61=23 gh60=0xc6284a6 W1=0x2403,0x3bbe,0x3fb W2=0x2310,0xbb9,0x2494
  witness[08] tail=24 r61=24 gh60=0x4939f66 W1=0x1f53,0x52e,0x2a08 W2=0x1e60,0x26f6,0x66
  witness[09] tail=24 r61=28 gh60=0xd78ccae W1=0x3830,0xbe,0x1603 W2=0x373d,0x2a1e,0x278c
  witness[10] tail=25 r61=21 gh60=0xf60bdea W1=0x308d,0x30d,0xfab W2=0x2f9a,0x3a6c,0x3025
  witness[11] tail=26 r61=15 gh60=0x361c4e6 W1=0xd14,0x1404,0x66b W2=0xc21,0x22f6,0x36a2
  witness[12] tail=26 r61=17 gh60=0xd60bcea W1=0x101d,0xeea,0x3917 W2=0xf2a,0x3c21,0x23a7
  witness[13] tail=26 r61=18 gh60=0xd9a849e W1=0x2ce7,0x30e4,0x96 W2=0x2bf4,0x2f95,0x34a0
  witness[14] tail=26 r61=20 gh60=0xba184e6 W1=0x2a1b,0x2031,0x7d2 W2=0x2928,0x2c08,0x21e7
  witness[15] tail=26 r61=20 gh60=0x48fc4aa W1=0x352e,0x1e73,0x2fb9 W2=0x343b,0x33f4,0x1a6b

Scan-only r61 registry
  registry_count=16 registry_cap=16
  r61_witness[00] r61=13 tail=29 gh60=0x490876a W1=0x2361,0x3b35,0x2199 W2=0x226e,0x27f,0x2daa
  r61_witness[01] r61=14 tail=27 gh60=0x4e244ea W1=0x2512,0x20ed,0x303a W2=0x241f,0x2838,0x3264
  r61_witness[02] r61=14 tail=31 gh60=0x460bdea W1=0xe91,0x3ff7,0x37a3 W2=0xd9e,0x3352,0x3112
  r61_witness[03] r61=15 tail=23 gh60=0xc4885aa W1=0x3cad,0x3b14,0x1a9e W2=0x3bba,0x1a28,0x13bd
  r61_witness[04] r61=15 tail=26 gh60=0x361c4e6 W1=0xd14,0x1404,0x66b W2=0xc21,0x22f6,0x36a2
  r61_witness[05] r61=15 tail=28 gh60=0x448c4a6 W1=0x3c2c,0xa28,0x3f64 W2=0x3b39,0x1984,0x139
  r61_witness[06] r61=15 tail=29 gh60=0x39987a6 W1=0xbb3,0x3ebc,0xe98 W2=0xac0,0x29a1,0x1a29
  r61_witness[07] r61=15 tail=30 gh60=0x5aa44a6 W1=0x34f4,0x3ddd,0x3cc3 W2=0x3401,0x1bc9,0x2330
  r61_witness[08] r61=15 tail=31 gh60=0x490876a W1=0xbd1,0x3ce6,0x1103 W2=0xade,0x344,0x1514
  r61_witness[09] r61=15 tail=31 gh60=0x5908766 W1=0x33cb,0x2597,0x112d W2=0x32d8,0x1b4c,0x82a
  r61_witness[10] r61=15 tail=32 gh60=0xca05fe6 W1=0x1f9c,0x3d03,0x3cdd W2=0x1ea9,0x2340,0x7aa
  r61_witness[11] r61=15 tail=32 gh60=0x7aabc9a W1=0x2ee9,0x18d6,0x3d8e W2=0x2df6,0x2fa6,0x190c
  r61_witness[12] r61=15 tail=33 gh60=0x4b0cb66 W1=0x154c,0x16bd,0x3005 W2=0x1459,0x2c94,0x301d
  r61_witness[13] r61=16 tail=30 gh60=0xc919f7a W1=0x1f55,0x28c2,0xc8 W2=0x1e62,0x1add,0x1485
  r61_witness[14] r61=16 tail=30 gh60=0xca084e6 W1=0x2c1b,0x248f,0x26f W2=0x2b28,0x1266,0x24b5
  r61_witness[15] r61=16 tail=30 gh60=0x46085ea W1=0x2ca1,0xe6d,0x3823 W2=0x2bae,0xbff,0x3841

D60=0 fiber histogram: 1:8029 2:4787 3:1768 4:1111 5:426 6:229 7:103 8:84 9:20 10:14 11:9 12:5 13:1 14:2 15:1 16:3
