free_word_mitm_reducedn
N=14 mask=0x3fff msb=0x2000
candidate: M0=0x3d36 mode=random-fallback fill=0x3fff kernel=dM0=dM9=0x2000
prefixes=32768/268435456 mode=permuted-prefix-sample w59_per_prefix=16384 total=536870912
run_mode=scan registry_cap=16
sample_start=166461440
scan_elapsed=15.432s rate=34.79 Mtriples/s

D60 interface
  D60=0 matches: 32528 (random expectation 32768.0, enrichment 0.993x)
  prefixes with D60=0: 16487
  max D60=0 fiber per prefix: 18 at W57=0x2ab W58=0x3e9b
  largest D60 bucket: D=0x3035 count=33851
  min D60 HW: 0
  D60 HW histogram: 0:32528 1:457414 2:2972597 3:11904380 4:32780763 5:65597814 6:98429322 7:112483895 8:98425178 9:65610946 10:32797981 11:11917310 12:2971977 13:456291 14:32516

Tail closure among D60=0 matches
  final tail collisions: 0
  best r61 HW: 14
  best r61 W1[57..59]=0x332d,0x24b,0x28ea
  best r61 W2[57..59]=0x323a,0x1947,0x3389
  best tail HW: 23
  best tail r61 HW: 22
  best W1[57..59]=0x26f5,0x2f00,0x1f5b
  best W2[57..59]=0x2602,0x137f,0x3296

SUMMARY N=14 sample_start=166461440 prefixes=32768 total=536870912 d0=32528 best_tail=23 tail_r61=22 best_r61=14 tail_W1=0x26f5,0x2f00,0x1f5b tail_W2=0x2602,0x137f,0x3296 r61_W1=0x332d,0x24b,0x28ea r61_W2=0x323a,0x1947,0x3389

Scan-only witness registry
  registry_count=16 registry_cap=16
  witness[00] tail=23 r61=22 gh60=0xcae8cba W1=0x26f5,0x2f00,0x1f5b W2=0x2602,0x137f,0x3296
  witness[01] tail=24 r61=18 gh60=0xcea8c9e W1=0x18e7,0x270e,0x252c W2=0x17f4,0x3284,0x1e5c
  witness[02] tail=24 r61=21 gh60=0xb5284a6 W1=0xa43,0x245f,0x320e W2=0x950,0x11dc,0x3b04
  witness[03] tail=24 r61=21 gh60=0xd899be6 W1=0x21a3,0x3011,0x229c W2=0x20b0,0x347d,0x7fd
  witness[04] tail=24 r61=21 gh60=0x48bbb9a W1=0x2da9,0x3501,0x1c1a W2=0x2cb6,0x2369,0xc0a
  witness[05] tail=24 r61=22 gh60=0xc9bccae W1=0x6f0,0x3804,0xf24 W2=0x5fd,0x24e4,0x275c
  witness[06] tail=24 r61=23 gh60=0x4ebcd66 W1=0x3664,0xc3a,0x340a W2=0x3571,0x1a8d,0x36a2
  witness[07] tail=24 r61=25 gh60=0x4e384fa W1=0x2d15,0x19ed,0x360f W2=0x2c22,0x3f61,0x2eab
  witness[08] tail=25 r61=14 gh60=0x489ffea W1=0xfa2,0x1ae4,0x3f3f W2=0xeaf,0x3c04,0x2546
  witness[09] tail=25 r61=20 gh60=0x4b3c59e W1=0x22c8,0xcf0,0x79e W2=0x21d5,0x118e,0x3777
  witness[10] tail=25 r61=23 gh60=0x75a859a W1=0x32a5,0x34d9,0x3c74 W2=0x31b2,0x3100,0x3b6d
  witness[11] tail=25 r61=24 gh60=0x4a285fa W1=0x3495,0x2858,0x350f W2=0x33a2,0x2974,0x1ec7
  witness[12] tail=25 r61=25 gh60=0xcf3c56a W1=0x32d2,0x1218,0x2ec8 W2=0x31df,0x3527,0xfeb
  witness[13] tail=25 r61=28 gh60=0x498cca6 W1=0x193c,0x289a,0x3459 W2=0x1849,0x22a7,0x312c
  witness[14] tail=26 r61=18 gh60=0xd8984a6 W1=0x52b,0x21b,0x31c6 W2=0x438,0x3e78,0xf5b
  witness[15] tail=26 r61=18 gh60=0xbd38d6a W1=0x8cd,0x931,0xe3a W2=0x7da,0x199c,0x33d4

Scan-only r61 registry
  registry_count=16 registry_cap=16
  r61_witness[00] r61=14 tail=25 gh60=0x489ffea W1=0xfa2,0x1ae4,0x3f3f W2=0xeaf,0x3c04,0x2546
  r61_witness[01] r61=14 tail=30 gh60=0x58884aa W1=0x332d,0x24b,0x28ea W2=0x323a,0x1947,0x3389
  r61_witness[02] r61=15 tail=32 gh60=0xb6885aa W1=0x2a71,0x3172,0x44c W2=0x297e,0x2c9a,0xc48
  r61_witness[03] r61=15 tail=32 gh60=0x5a0449a W1=0x330a,0xb2f,0x17ed W2=0x3217,0x439,0x154a
  r61_witness[04] r61=15 tail=34 gh60=0x4604be6 W1=0x198c,0x390a,0x2fd8 W2=0x1899,0xb59,0x2691
  r61_witness[05] r61=16 tail=30 gh60=0x466bcbe W1=0xdf7,0x1fe8,0x3946 W2=0xd04,0x22c3,0x2e6b
  r61_witness[06] r61=16 tail=31 gh60=0xc88bfaa W1=0xfbd,0xb86,0x2126 W2=0xeca,0x308d,0x1726
  r61_witness[07] r61=16 tail=32 gh60=0x590876e W1=0x35f,0x2fac,0x3ea4 W2=0x26c,0x30de,0x5ce
  r61_witness[08] r61=16 tail=32 gh60=0x4a88bae W1=0x57f,0x15c8,0x358 W2=0x48c,0xe3f,0x2551
  r61_witness[09] r61=16 tail=32 gh60=0x460bcea W1=0x2e11,0x1cca,0x1fcf W2=0x2d1e,0x1a4d,0x35d5
  r61_witness[10] r61=16 tail=35 gh60=0x48a84a6 W1=0x2d33,0x1c02,0x2a0d W2=0x2c40,0x386f,0x1b50
  r61_witness[11] r61=16 tail=36 gh60=0xd90bf6e W1=0xf4f,0x3901,0x1a82 W2=0xe5c,0x1e40,0x35e9
  r61_witness[12] r61=16 tail=37 gh60=0x4a09fe6 W1=0x3f8b,0x1a3a,0x3a7 W2=0x3e98,0x86,0x1ea5
  r61_witness[13] r61=17 tail=28 gh60=0xb6885ae W1=0x27f,0xf3b,0x223d W2=0x18c,0x32f3,0x2737
  r61_witness[14] r61=17 tail=28 gh60=0x4904b7a W1=0x95a,0x7bf,0x24e W2=0x867,0x2cb7,0x8e5
  r61_witness[15] r61=17 tail=28 gh60=0xc98c4aa W1=0x1aee,0x1c,0xb87 W2=0x19fb,0x181d,0x3a96

D60=0 fiber histogram: 1:8002 2:4708 3:1824 4:1088 5:426 6:225 7:71 8:75 9:29 10:15 11:9 12:9 13:2 14:1 15:1 18:2
