free_word_mitm_reducedn
N=14 mask=0x3fff msb=0x2000
candidate: M0=0x3d36 mode=random-fallback fill=0x3fff kernel=dM0=dM9=0x2000
prefixes=32768/268435456 mode=permuted-prefix-sample w59_per_prefix=16384 total=536870912
run_mode=scan registry_cap=16
sample_start=183238656
scan_elapsed=15.393s rate=34.88 Mtriples/s

D60 interface
  D60=0 matches: 32680 (random expectation 32768.0, enrichment 0.997x)
  prefixes with D60=0: 16603
  max D60=0 fiber per prefix: 22 at W57=0x3e69 W58=0x26b9
  largest D60 bucket: D=0x2f7f count=33844
  min D60 HW: 0
  D60 HW histogram: 0:32680 1:455703 2:2968279 3:11907426 4:32773626 5:65622461 6:98464192 7:112528598 8:98400867 9:65558093 10:32771725 11:11916570 12:2979083 13:459112 14:32497

Tail closure among D60=0 matches
  final tail collisions: 0
  best r61 HW: 13
  best r61 W1[57..59]=0x2f97,0x1501,0x1dcc
  best r61 W2[57..59]=0x2ea4,0x3fd8,0x3171
  best tail HW: 22
  best tail r61 HW: 19
  best W1[57..59]=0x334b,0x108a,0x37de
  best W2[57..59]=0x3258,0xe47,0xd76

SUMMARY N=14 sample_start=183238656 prefixes=32768 total=536870912 d0=32680 best_tail=22 tail_r61=19 best_r61=13 tail_W1=0x334b,0x108a,0x37de tail_W2=0x3258,0xe47,0xd76 r61_W1=0x2f97,0x1501,0x1dcc r61_W2=0x2ea4,0x3fd8,0x3171

Scan-only witness registry
  registry_count=16 registry_cap=16
  witness[00] tail=22 r61=19 gh60=0xc908766 W1=0x334b,0x108a,0x37de W2=0x3258,0xe47,0xd76
  witness[01] tail=23 r61=18 gh60=0x4ae84a6 W1=0x32f3,0x3d8b,0x33a6 W2=0x3200,0xd76,0x360b
  witness[02] tail=23 r61=22 gh60=0xb50bd6e W1=0x304f,0x1125,0x91d W2=0x2f5c,0x23f4,0x22bd
  witness[03] tail=23 r61=23 gh60=0xca1c7ee W1=0x1b90,0x1c7b,0xd19 W2=0x1a9d,0x264e,0x254b
  witness[04] tail=24 r61=19 gh60=0xc724da6 W1=0x16c4,0x3f94,0x9a6 W2=0x15d1,0x7f9,0x1312
  witness[05] tail=24 r61=21 gh60=0xd989ba6 W1=0x3dbb,0x14a3,0xaa3 W2=0x3cc8,0x19e9,0x1a0e
  witness[06] tail=24 r61=22 gh60=0x4ea9ca6 W1=0x3ff3,0x1218,0x53e W2=0x3f00,0x1e46,0x32c8
  witness[07] tail=24 r61=23 gh60=0xd5fc59a W1=0xa8a,0x108b,0x1f04 W2=0x997,0x3ce3,0x1c26
  witness[08] tail=24 r61=24 gh60=0x4998ca6 W1=0x3733,0x1ed,0x3b89 W2=0x3640,0xd19,0x255e
  witness[09] tail=25 r61=14 gh60=0x4a04fe6 W1=0x278c,0x2b9c,0x21cf W2=0x2699,0x1467,0x38a4
  witness[10] tail=25 r61=18 gh60=0x4e09ce6 W1=0x3e0b,0x2513,0x1ae2 W2=0x3d18,0x3537,0x611
  witness[11] tail=25 r61=19 gh60=0x560c59a W1=0x28a,0x2fe,0x12d2 W2=0x197,0x2fd4,0x99a
  witness[12] tail=25 r61=20 gh60=0x59884ae W1=0x1b3f,0x1a41,0x185f W2=0x1a4c,0x8d1,0x4cf
  witness[13] tail=25 r61=20 gh60=0xff04b9a W1=0x35ca,0x2a16,0xa14 W2=0x34d7,0x2b9d,0x309e
  witness[14] tail=25 r61=21 gh60=0xce09cee W1=0x1f1f,0x13f,0x2f9e W2=0x1e2c,0x1d86,0x1efb
  witness[15] tail=25 r61=21 gh60=0x476bfbe W1=0x2fb7,0x36bf,0x2c22 W2=0x2ec4,0x2112,0x1e0c

Scan-only r61 registry
  registry_count=16 registry_cap=16
  r61_witness[00] r61=13 tail=34 gh60=0x4a2bffe W1=0x2f97,0x1501,0x1dcc W2=0x2ea4,0x3fd8,0x3171
  r61_witness[01] r61=14 tail=25 gh60=0x4a04fe6 W1=0x278c,0x2b9c,0x21cf W2=0x2699,0x1467,0x38a4
  r61_witness[02] r61=14 tail=27 gh60=0x3914b6e W1=0x15e0,0x1be6,0x1da9 W2=0x14ed,0x29fe,0x1ee1
  r61_witness[03] r61=14 tail=28 gh60=0x4c985ae W1=0x22af,0x13e2,0x3631 W2=0x21bc,0x381a,0x3ead
  r61_witness[04] r61=14 tail=31 gh60=0x4e15cee W1=0x1e10,0x1ffb,0x1683 W2=0x1d1d,0x53,0x846
  r61_witness[05] r61=14 tail=31 gh60=0x462bfe6 W1=0x2f93,0x15af,0x2d3b W2=0x2ea0,0x310f,0x56c
  r61_witness[06] r61=15 tail=29 gh60=0x56087ee W1=0x39f,0xb13,0x22a2 W2=0x2ac,0x4d5,0x1ef
  r61_witness[07] r61=16 tail=26 gh60=0x4cf8c9a W1=0x2829,0x3b09,0xcb3 W2=0x2736,0x1e1f,0x6fa
  r61_witness[08] r61=16 tail=29 gh60=0x4a0c4e6 W1=0x3c1c,0x2749,0x4da W2=0x3b29,0x320d,0x3144
  r61_witness[09] r61=16 tail=33 gh60=0x5f68b9a W1=0x29a9,0x3c5a,0xac8 W2=0x28b6,0x3980,0x19d5
  r61_witness[10] r61=16 tail=34 gh60=0x49b5fae W1=0x3f80,0x1262,0x87d W2=0x3e8d,0x72a,0x862
  r61_witness[11] r61=16 tail=35 gh60=0x4a75cee W1=0x120,0x3187,0x1ffe W2=0x2d,0x1bdf,0x235e
  r61_witness[12] r61=16 tail=35 gh60=0x4605ce6 W1=0x1f1c,0x2be1,0x2c78 W2=0x1e29,0x37f6,0x4ff
  r61_witness[13] r61=16 tail=37 gh60=0x4a04cfa W1=0x281a,0x1809,0x81b W2=0x2727,0x3c75,0x3b0
  r61_witness[14] r61=17 tail=26 gh60=0x4a1bc9a W1=0x3005,0x2786,0x396c W2=0x2f12,0x3c92,0x1ede
  r61_witness[15] r61=17 tail=27 gh60=0x44a8da6 W1=0x36b3,0x3ee0,0x3ef9 W2=0x35c0,0x624,0x1630

D60=0 fiber histogram: 1:8094 2:4737 3:1790 4:1106 5:414 6:261 7:63 8:79 9:23 10:21 11:5 12:5 13:3 16:1 22:1
