free_word_mitm_reducedn
N=14 mask=0x3fff msb=0x2000
candidate: M0=0x3d36 mode=random-fallback fill=0x3fff kernel=dM0=dM9=0x2000
prefixes=32768/268435456 mode=permuted-prefix-sample w59_per_prefix=16384 total=536870912
run_mode=scan registry_cap=16
sample_start=44531712
scan_elapsed=18.956s rate=28.32 Mtriples/s

D60 interface
  D60=0 matches: 32381 (random expectation 32768.0, enrichment 0.988x)
  prefixes with D60=0: 16374
  max D60=0 fiber per prefix: 26 at W57=0x1d7b W58=0x2c79
  largest D60 bucket: D=0xa1b count=33805
  min D60 HW: 0
  D60 HW histogram: 0:32381 1:454525 2:2968720 3:11898083 4:32780725 5:65598828 6:98455127 7:112533238 8:98430136 9:65577964 10:32770268 11:11907924 12:2973799 13:456797 14:32397

Tail closure among D60=0 matches
  final tail collisions: 0
  best r61 HW: 14
  best r61 W1[57..59]=0x3e0c,0x2863,0x18f2
  best r61 W2[57..59]=0x3d19,0x878,0x3385
  best tail HW: 21
  best tail r61 HW: 26
  best W1[57..59]=0xb34,0x2cff,0x149d
  best W2[57..59]=0xa41,0x1d6d,0x37fe

SUMMARY N=14 sample_start=44531712 prefixes=32768 total=536870912 d0=32381 best_tail=21 tail_r61=26 best_r61=14 tail_W1=0xb34,0x2cff,0x149d tail_W2=0xa41,0x1d6d,0x37fe r61_W1=0x3e0c,0x2863,0x18f2 r61_W2=0x3d19,0x878,0x3385

Scan-only witness registry
  registry_count=16 registry_cap=16
  witness[00] tail=21 r61=26 gh60=0xc99c4a6 W1=0xb34,0x2cff,0x149d W2=0xa41,0x1d6d,0x37fe
  witness[01] tail=23 r61=17 gh60=0xc885cba W1=0x13a,0x1e5,0x878 W2=0x47,0x2619,0x3f16
  witness[02] tail=24 r61=16 gh60=0xb51856a W1=0x12d1,0x7ca,0x1bee W2=0x11de,0xcdc,0x284b
  witness[03] tail=24 r61=20 gh60=0xc5885ae W1=0x4af,0x2bbc,0x3dca W2=0x3bc,0x1074,0x183a
  witness[04] tail=24 r61=23 gh60=0x5de8b9a W1=0x1989,0xd1d,0x18e3 W2=0x1896,0x17fb,0x34c1
  witness[05] tail=24 r61=26 gh60=0x5928b7a W1=0x2559,0x389f,0xf68 W2=0x2466,0x3eda,0x3b50
  witness[06] tail=24 r61=29 gh60=0x77eddaa W1=0x82,0x5c1,0x31ac W2=0x3f8f,0xe2d,0x29f1
  witness[07] tail=25 r61=17 gh60=0x4a8ccae W1=0x2900,0x34bc,0xded W2=0x280d,0x1e8c,0x3016
  witness[08] tail=25 r61=18 gh60=0x4a0c4ea W1=0xc1e,0x3b69,0x8dc W2=0xb2b,0x314,0x96e
  witness[09] tail=25 r61=19 gh60=0x5dd45be W1=0xa78,0x2d9e,0x11e7 W2=0x985,0x32d9,0x327f
  witness[10] tail=25 r61=24 gh60=0x46d44be W1=0x3bf8,0x13d4,0x288 W2=0x3b05,0x2373,0xae4
  witness[11] tail=25 r61=25 gh60=0x5b984aa W1=0x3d41,0x11c3,0x3916 W2=0x3c4e,0x27f3,0x33d2
  witness[12] tail=25 r61=26 gh60=0xb77ccaa W1=0x1832,0x25ce,0x2afc W2=0x173f,0x3752,0x2ea8
  witness[13] tail=25 r61=26 gh60=0xcfe9cfe W1=0x1f17,0x860,0x2792 W2=0x1e24,0x537,0x3047
  witness[14] tail=25 r61=26 gh60=0xdaa4f66 W1=0x2764,0x18d5,0x1134 W2=0x2671,0x382c,0x1515
  witness[15] tail=26 r61=18 gh60=0xce584be W1=0x29f7,0x3ea7,0x1b88 W2=0x2904,0x9c9,0x1d80

Scan-only r61 registry
  registry_count=16 registry_cap=16
  r61_witness[00] r61=14 tail=37 gh60=0x4605ce6 W1=0x3e0c,0x2863,0x18f2 W2=0x3d19,0x878,0x3385
  r61_witness[01] r61=15 tail=32 gh60=0x48887ae W1=0x23bf,0x3876,0xc05 W2=0x22cc,0x33be,0x1a23
  r61_witness[02] r61=15 tail=35 gh60=0x4608cee W1=0x371f,0x3f57,0x342f W2=0x362c,0x2e1e,0x3b27
  r61_witness[03] r61=15 tail=36 gh60=0x4f08b6e W1=0x9df,0x2944,0x8fd W2=0x8ec,0x1b4f,0x1a20
  r61_witness[04] r61=16 tail=24 gh60=0xb51856a W1=0x12d1,0x7ca,0x1bee W2=0x11de,0xcdc,0x284b
  r61_witness[05] r61=16 tail=28 gh60=0x4e1ccee W1=0x3610,0x1e13,0x10d3 W2=0x351d,0xbef,0x36ed
  r61_witness[06] r61=16 tail=34 gh60=0x58a9fba W1=0x1fb9,0xcd4,0x9c8 W2=0x1ec6,0x8eb,0x2be
  r61_witness[07] r61=16 tail=34 gh60=0x4708d6e W1=0x36df,0x3fc6,0x28ac W2=0x35ec,0x3205,0xb23
  r61_witness[08] r61=16 tail=35 gh60=0x5888baa W1=0x35c1,0x358,0x6da W2=0x34ce,0x139f,0x3b73
  r61_witness[09] r61=16 tail=38 gh60=0xc688caa W1=0x1701,0x323,0x1e1 W2=0x160e,0x17d2,0x20fd
  r61_witness[10] r61=16 tail=43 gh60=0x491bf66 W1=0x2fd3,0x22db,0x84 W2=0x2ee0,0x39a7,0x229e
  r61_witness[11] r61=17 tail=23 gh60=0xc885cba W1=0x13a,0x1e5,0x878 W2=0x47,0x2619,0x3f16
  r61_witness[12] r61=17 tail=25 gh60=0x4a8ccae W1=0x2900,0x34bc,0xded W2=0x280d,0x1e8c,0x3016
  r61_witness[13] r61=17 tail=28 gh60=0xd908b66 W1=0x55b,0x1a3e,0x3c67 W2=0x468,0x280c,0x554
  r61_witness[14] r61=17 tail=29 gh60=0xca744ba W1=0x9f6,0xae8,0xb1c W2=0x903,0x302b,0x2dbe
  r61_witness[15] r61=17 tail=29 gh60=0x452bc9a W1=0xe45,0x324a,0x1149 W2=0xd52,0x8d6,0x3046

D60=0 fiber histogram: 1:7958 2:4740 3:1711 4:1101 5:400 6:235 7:77 8:69 9:33 10:21 11:12 12:6 13:4 15:1 16:2 20:1 24:1 25:1 26:1
