free_word_mitm_reducedn
N=14 mask=0x3fff msb=0x2000
candidate: M0=0x3d36 mode=random-fallback fill=0x3fff kernel=dM0=dM9=0x2000
prefixes=32768/268435456 mode=permuted-prefix-sample w59_per_prefix=16384 total=536870912
run_mode=scan registry_cap=16
sample_start=170360832
scan_elapsed=19.068s rate=28.16 Mtriples/s

D60 interface
  D60=0 matches: 32596 (random expectation 32768.0, enrichment 0.995x)
  prefixes with D60=0: 16593
  max D60=0 fiber per prefix: 23 at W57=0xf09 W58=0x3210
  largest D60 bucket: D=0xfbf count=33887
  min D60 HW: 0
  D60 HW histogram: 0:32596 1:454498 2:2962649 3:11877387 4:32759316 5:65580435 6:98453029 7:112556522 8:98438298 9:65597218 10:32779315 11:11913581 12:2975174 13:458137 14:32757

Tail closure among D60=0 matches
  final tail collisions: 0
  best r61 HW: 12
  best r61 W1[57..59]=0x278d,0x28d7,0x19f2
  best r61 W2[57..59]=0x269a,0x1562,0xef7
  best tail HW: 22
  best tail r61 HW: 16
  best W1[57..59]=0x123f,0xe20,0x1884
  best W2[57..59]=0x114c,0xa30,0x3bfc

SUMMARY N=14 sample_start=170360832 prefixes=32768 total=536870912 d0=32596 best_tail=22 tail_r61=16 best_r61=12 tail_W1=0x123f,0xe20,0x1884 tail_W2=0x114c,0xa30,0x3bfc r61_W1=0x278d,0x28d7,0x19f2 r61_W2=0x269a,0x1562,0xef7

Scan-only witness registry
  registry_count=16 registry_cap=16
  witness[00] tail=22 r61=16 gh60=0x4d884ae W1=0x123f,0xe20,0x1884 W2=0x114c,0xa30,0x3bfc
  witness[01] tail=22 r61=18 gh60=0x45744ba W1=0xc36,0x8c2,0x306a W2=0xb43,0x3001,0x9b8
  witness[02] tail=23 r61=12 gh60=0x492bb7e W1=0x11d7,0x226c,0xe79 W2=0x10e4,0x58b,0x2415
  witness[03] tail=23 r61=16 gh60=0x46084ea W1=0x2c0d,0x30b5,0x2a21 W2=0x2b1a,0x3577,0x6c9
  witness[04] tail=24 r61=24 gh60=0xcae8da6 W1=0x1873,0xd29,0x2293 W2=0x1780,0x2f7d,0x30fb
  witness[05] tail=24 r61=24 gh60=0xc4f5d9e W1=0x1ea8,0x3dfc,0x87f W2=0x1db5,0x651,0x2f94
  witness[06] tail=25 r61=14 gh60=0xda084ea W1=0x21d,0x2db4,0x132c W2=0x12a,0x316a,0x21c8
  witness[07] tail=25 r61=15 gh60=0xc994baa W1=0x19be,0x2ac1,0x12ca W2=0x18cb,0x36f9,0x1a92
  witness[08] tail=25 r61=17 gh60=0x4e044e6 W1=0x3c0c,0x1df0,0x3dd6 W2=0x3b19,0x29c8,0x5b5
  witness[09] tail=25 r61=18 gh60=0xb60cce6 W1=0x181c,0x2809,0x17f3 W2=0x1729,0x308c,0x20f8
  witness[10] tail=25 r61=22 gh60=0x76184ea W1=0x511,0x269f,0x65b W2=0x41e,0x2bd5,0x2435
  witness[11] tail=25 r61=22 gh60=0xd70477a W1=0x335a,0x3b10,0x1212 W2=0x3267,0x3be9,0x231
  witness[12] tail=25 r61=24 gh60=0x48887ae W1=0xbaf,0x3105,0x2e93 W2=0xabc,0x2b5d,0x3323
  witness[13] tail=25 r61=25 gh60=0xc757f7e W1=0x2fd8,0xde2,0xa64 W2=0x2ee5,0x3422,0x2d4f
  witness[14] tail=25 r61=28 gh60=0x5537d7e W1=0x3058,0x14da,0x21fa W2=0x2f65,0x72a,0x22ae
  witness[15] tail=25 r61=30 gh60=0xcff84a6 W1=0x1ceb,0xe8d,0x1df4 W2=0x1bf8,0x1c68,0x20c9

Scan-only r61 registry
  registry_count=16 registry_cap=16
  r61_witness[00] r61=12 tail=23 gh60=0x492bb7e W1=0x11d7,0x226c,0xe79 W2=0x10e4,0x58b,0x2415
  r61_witness[01] r61=12 tail=31 gh60=0x7a18fea W1=0x278d,0x28d7,0x19f2 W2=0x269a,0x1562,0xef7
  r61_witness[02] r61=13 tail=26 gh60=0x5a0bcee W1=0x311f,0x283d,0x2327 W2=0x302c,0x2f80,0x1884
  r61_witness[03] r61=14 tail=25 gh60=0xda084ea W1=0x21d,0x2db4,0x132c W2=0x12a,0x316a,0x21c8
  r61_witness[04] r61=14 tail=37 gh60=0x461bcee W1=0x2e0f,0x14bc,0x2026 W2=0x2d1c,0x321f,0x3900
  r61_witness[05] r61=15 tail=25 gh60=0xc994baa W1=0x19be,0x2ac1,0x12ca W2=0x18cb,0x36f9,0x1a92
  r61_witness[06] r61=15 tail=27 gh60=0x3a5449e W1=0x1308,0x517,0x29b1 W2=0x1215,0x2605,0x605
  r61_witness[07] r61=15 tail=31 gh60=0x460ccfa W1=0x61a,0x2112,0x3e49 W2=0x527,0xb7e,0x30e9
  r61_witness[08] r61=15 tail=33 gh60=0x491876e W1=0x134f,0x212e,0x447 W2=0x125c,0x2468,0x8bb
  r61_witness[09] r61=16 tail=22 gh60=0x4d884ae W1=0x123f,0xe20,0x1884 W2=0x114c,0xa30,0x3bfc
  r61_witness[10] r61=16 tail=23 gh60=0x46084ea W1=0x2c0d,0x30b5,0x2a21 W2=0x2b1a,0x3577,0x6c9
  r61_witness[11] r61=16 tail=26 gh60=0x4a08cee W1=0x71f,0x145d,0xd71 W2=0x62c,0x2e28,0x1441
  r61_witness[12] r61=16 tail=26 gh60=0x3a145ea W1=0x348e,0x3319,0x85f W2=0x339b,0x13c,0x11b
  r61_witness[13] r61=16 tail=29 gh60=0xda084ee W1=0xd0f,0x1098,0x660 W2=0xc1c,0x2b2e,0x266d
  r61_witness[14] r61=16 tail=29 gh60=0xba0c59a W1=0x228a,0x88e,0x4de W2=0x2197,0x356c,0x27bb
  r61_witness[15] r61=16 tail=29 gh60=0x4699f66 W1=0x3f63,0xd88,0x3347 W2=0x3e70,0x3768,0x3caf

D60=0 fiber histogram: 1:8067 2:4823 3:1759 4:1110 5:400 6:221 7:78 8:59 9:27 10:22 11:8 12:7 13:3 14:4 15:1 16:1 18:1 20:1 23:1
