free_word_mitm_reducedn
N=14 mask=0x3fff msb=0x2000
candidate: M0=0x3d36 mode=random-fallback fill=0x3fff kernel=dM0=dM9=0x2000
prefixes=32768/268435456 mode=permuted-prefix-sample w59_per_prefix=16384 total=536870912
run_mode=scan registry_cap=16
sample_start=262635520
scan_elapsed=18.664s rate=28.77 Mtriples/s

D60 interface
  D60=0 matches: 32449 (random expectation 32768.0, enrichment 0.990x)
  prefixes with D60=0: 16517
  max D60=0 fiber per prefix: 21 at W57=0x859 W58=0x137
  largest D60 bucket: D=0x3107 count=33783
  min D60 HW: 0
  D60 HW histogram: 0:32449 1:455776 2:2965652 3:11890377 4:32743343 5:65613518 6:98492655 7:112587149 8:98448586 9:65546709 10:32734382 11:11898204 12:2971748 13:457486 14:32878

Tail closure among D60=0 matches
  final tail collisions: 0
  best r61 HW: 13
  best r61 W1[57..59]=0x1220,0x2841,0x3c22
  best r61 W2[57..59]=0x112d,0x10c8,0x30f
  best tail HW: 21
  best tail r61 HW: 18
  best W1[57..59]=0x1e1b,0x1159,0x1236
  best W2[57..59]=0x1d28,0x216d,0x2d7e

SUMMARY N=14 sample_start=262635520 prefixes=32768 total=536870912 d0=32449 best_tail=21 tail_r61=18 best_r61=13 tail_W1=0x1e1b,0x1159,0x1236 tail_W2=0x1d28,0x216d,0x2d7e r61_W1=0x1220,0x2841,0x3c22 r61_W2=0x112d,0x10c8,0x30f

Scan-only witness registry
  registry_count=16 registry_cap=16
  witness[00] tail=21 r61=18 gh60=0x3a09ce6 W1=0x1e1b,0x1159,0x1236 W2=0x1d28,0x216d,0x2d7e
  witness[01] tail=21 r61=18 gh60=0x5a384fe W1=0x2217,0xf02,0x6bb W2=0x2124,0x18aa,0x1a7b
  witness[02] tail=21 r61=18 gh60=0xbb87b9a W1=0x316a,0x11a6,0xed1 W2=0x3077,0x2c43,0x2702
  witness[03] tail=22 r61=17 gh60=0xd6545be W1=0x3a78,0x1298,0x3ce2 W2=0x3985,0x27cf,0xc05
  witness[04] tail=22 r61=19 gh60=0xfe6849a W1=0xae5,0xe6e,0x3437 W2=0x9f2,0x3673,0x3a35
  witness[05] tail=22 r61=22 gh60=0x361c49a W1=0x130a,0x3a96,0x379c W2=0x1217,0x3398,0x1455
  witness[06] tail=23 r61=13 gh60=0xca144ee W1=0x1220,0x2841,0x3c22 W2=0x112d,0x10c8,0x30f
  witness[07] tail=23 r61=18 gh60=0x47e849a W1=0xc45,0x35d7,0x2fbb W2=0xb52,0x1c6a,0x1013
  witness[08] tail=23 r61=20 gh60=0x7607dfa W1=0x109a,0x40a,0x186 W2=0xfa7,0x20de,0x259e
  witness[09] tail=23 r61=20 gh60=0x467dce6 W1=0x1e14,0x34d3,0x3ac7 W2=0x1d21,0x3578,0x1a22
  witness[10] tail=23 r61=24 gh60=0xfe8cbaa W1=0x256e,0x3e9a,0x47f W2=0x247b,0x3f32,0x27cd
  witness[11] tail=24 r61=19 gh60=0x5d8ddae W1=0xb0,0x14df,0x2a5 W2=0x3fbd,0x38a7,0x1d8a
  witness[12] tail=24 r61=20 gh60=0x5709d6a W1=0x2051,0x2b3a,0xc94 W2=0x1f5e,0x2905,0x2fd8
  witness[13] tail=24 r61=21 gh60=0x762c4a6 W1=0x1a04,0x1f23,0x242 W2=0x1911,0x2a21,0x348c
  witness[14] tail=24 r61=22 gh60=0xd485ca6 W1=0x3c,0x274a,0x3fc2 W2=0x3f49,0x2359,0x2702
  witness[15] tail=25 r61=19 gh60=0x4889baa W1=0x3dc1,0x14e5,0x1110 W2=0x3cce,0x1230,0x2a99

Scan-only r61 registry
  registry_count=16 registry_cap=16
  r61_witness[00] r61=13 tail=23 gh60=0xca144ee W1=0x1220,0x2841,0x3c22 W2=0x112d,0x10c8,0x30f
  r61_witness[01] r61=14 tail=26 gh60=0xcb08766 W1=0x2b5b,0x2962,0x22cf W2=0x2a68,0x1289,0xc58
  r61_witness[02] r61=14 tail=27 gh60=0x4e59b9a W1=0x2169,0x4c2,0x1683 W2=0x2076,0x256,0x10a2
  r61_witness[03] r61=14 tail=36 gh60=0xca07fe6 W1=0x2f8c,0xeaf,0xf12 W2=0x2e99,0x2a00,0x368f
  r61_witness[04] r61=15 tail=28 gh60=0x4d985a6 W1=0x273,0x2f0a,0x1e9a W2=0x180,0x21dd,0x27b1
  r61_witness[05] r61=15 tail=28 gh60=0x4a085ee W1=0xc8f,0x1b8b,0x1315 W2=0xb9c,0x3e49,0x3871
  r61_witness[06] r61=15 tail=31 gh60=0x4617fee W1=0x2fa0,0x22cb,0x3c1c W2=0x2ead,0xe8f,0x2cbb
  r61_witness[07] r61=15 tail=32 gh60=0x4604ce6 W1=0x161c,0x2dc0,0xa0b W2=0x1529,0x1cc3,0x3e14
  r61_witness[08] r61=15 tail=33 gh60=0xca845a6 W1=0x2c6c,0x2a4f,0x1072 W2=0x2b79,0x1f03,0x1004
  r61_witness[09] r61=15 tail=38 gh60=0x491876a W1=0x1b61,0x2d43,0x3fc W2=0x1a6e,0x191,0x2726
  r61_witness[10] r61=16 tail=29 gh60=0x4994caa W1=0x26ee,0x3feb,0x927 W2=0x25fb,0x4eb,0x279
  r61_witness[11] r61=16 tail=30 gh60=0x550856e W1=0x2a5f,0x2e5b,0x2021 W2=0x296c,0x11f5,0x1337
  r61_witness[12] r61=16 tail=32 gh60=0x3a54c9a W1=0x35e6,0x1647,0x26e1 W2=0x34f3,0xd96,0x1ab
  r61_witness[13] r61=16 tail=34 gh60=0xc4e859a W1=0x1ca9,0x3968,0x59a W2=0x1bb6,0x2789,0x22ca
  r61_witness[14] r61=16 tail=34 gh60=0x49884aa W1=0x233d,0x19c0,0xddc W2=0x224a,0x22ac,0x1cb8
  r61_witness[15] r61=16 tail=37 gh60=0x4a0cde6 W1=0x68c,0xe9,0xe51 W2=0x599,0x1c24,0x1c0b

D60=0 fiber histogram: 1:8082 2:4720 3:1762 4:1109 5:387 6:223 7:94 8:74 9:29 10:19 11:7 12:4 13:4 14:1 19:1 21:1
