free_word_mitm_reducedn
N=14 mask=0x3fff msb=0x2000
candidate: M0=0x3d36 mode=random-fallback fill=0x3fff kernel=dM0=dM9=0x2000
prefixes=32768/268435456 mode=permuted-prefix-sample w59_per_prefix=16384 total=536870912
run_mode=scan registry_cap=16
sample_start=159776768
scan_elapsed=17.485s rate=30.70 Mtriples/s

D60 interface
  D60=0 matches: 32840 (random expectation 32768.0, enrichment 1.002x)
  prefixes with D60=0: 16547
  max D60=0 fiber per prefix: 21 at W57=0x1c79 W58=0x1fb8
  largest D60 bucket: D=0x1635 count=33806
  min D60 HW: 0
  D60 HW histogram: 0:32840 1:456785 2:2974186 3:11919199 4:32813284 5:65639408 6:98483087 7:112506674 8:98388873 9:65544003 10:32747648 11:11901161 12:2974576 13:456661 14:32527

Tail closure among D60=0 matches
  final tail collisions: 0
  best r61 HW: 14
  best r61 W1[57..59]=0x298a,0x36ee,0xf57
  best r61 W2[57..59]=0x2897,0x22cd,0x20ca
  best tail HW: 19
  best tail r61 HW: 17
  best W1[57..59]=0xc7e,0x35ba,0x3768
  best W2[57..59]=0xb8b,0x3543,0x3fc8

SUMMARY N=14 sample_start=159776768 prefixes=32768 total=536870912 d0=32840 best_tail=19 tail_r61=17 best_r61=14 tail_W1=0xc7e,0x35ba,0x3768 tail_W2=0xb8b,0x3543,0x3fc8 r61_W1=0x298a,0x36ee,0xf57 r61_W2=0x2897,0x22cd,0x20ca

Scan-only witness registry
  registry_count=16 registry_cap=16
  witness[00] tail=19 r61=17 gh60=0xcebc5aa W1=0xc7e,0x35ba,0x3768 W2=0xb8b,0x3543,0x3fc8
  witness[01] tail=21 r61=19 gh60=0x4a69cba W1=0x3df9,0x1f13,0x2dbd W2=0x3d06,0xa12,0x199b
  witness[02] tail=23 r61=17 gh60=0xca68fba W1=0x3779,0x12d7,0x551 W2=0x3686,0x215e,0x2228
  witness[03] tail=23 r61=22 gh60=0xcca45e6 W1=0x34a4,0x9e0,0xe37 W2=0x33b1,0x2e3c,0x1dec
  witness[04] tail=25 r61=16 gh60=0x55d8dba W1=0x879,0x37f7,0xef1 W2=0x786,0x1262,0x488
  witness[05] tail=25 r61=19 gh60=0x4988ca6 W1=0x36fb,0x3749,0x2ed3 W2=0x3608,0x2455,0xd4d
  witness[06] tail=25 r61=20 gh60=0xca385fa W1=0x2a95,0x18e0,0x3495 W2=0x29a2,0x3fc,0x772
  witness[07] tail=25 r61=21 gh60=0x7aac4a6 W1=0x1f4,0x36b4,0xae1 W2=0x101,0x31a0,0x10ba
  witness[08] tail=25 r61=21 gh60=0x488bcaa W1=0x3131,0x3fb2,0x2d34 W2=0x303e,0x3679,0x3744
  witness[09] tail=25 r61=22 gh60=0x5ee8b9e W1=0x15c7,0x3d4b,0x788 W2=0x14d4,0x4b5,0x2c5a
  witness[10] tail=25 r61=23 gh60=0xc518566 W1=0xcdb,0x3dc0,0x10fb W2=0xbe8,0x30d7,0x28e
  witness[11] tail=25 r61=23 gh60=0xbf885aa W1=0x1ab1,0x1086,0x3a15 W2=0x19be,0x1c1e,0x1797
  witness[12] tail=25 r61=28 gh60=0xd57cda6 W1=0x186c,0x1790,0x2ffd W2=0x1779,0x1945,0x3898
  witness[13] tail=26 r61=16 gh60=0x4608ce6 W1=0x361b,0x12ed,0x1 W2=0x3528,0x35ff,0x39ef
  witness[14] tail=26 r61=17 gh60=0xcb19d9a W1=0x3ec5,0x2f53,0x3c8b W2=0x3dd2,0x1bf3,0x2e14
  witness[15] tail=26 r61=18 gh60=0x465859e W1=0x1467,0x1db8,0x1c93 W2=0x1374,0x340f,0x3d58

Scan-only r61 registry
  registry_count=16 registry_cap=16
  r61_witness[00] r61=14 tail=29 gh60=0xce04b9a W1=0x298a,0x36ee,0xf57 W2=0x2897,0x22cd,0x20ca
  r61_witness[01] r61=15 tail=27 gh60=0x4519d66 W1=0x1ecb,0x181a,0xade W2=0x1dd8,0x33ea,0x1984
  r61_witness[02] r61=15 tail=35 gh60=0xca885aa W1=0x1c81,0x2247,0x229a W2=0x1b8e,0x2edf,0x344a
  r61_witness[03] r61=15 tail=35 gh60=0x490876a W1=0x2361,0x17a8,0x21b1 W2=0x226e,0x1ef2,0x9c1
  r61_witness[04] r61=16 tail=25 gh60=0x55d8dba W1=0x879,0x37f7,0xef1 W2=0x786,0x1262,0x488
  r61_witness[05] r61=16 tail=26 gh60=0x4608ce6 W1=0x361b,0x12ed,0x1 W2=0x3528,0x35ff,0x39ef
  r61_witness[06] r61=16 tail=27 gh60=0x467fcaa W1=0x2df2,0x2773,0x530 W2=0x2cff,0x24fb,0x182f
  r61_witness[07] r61=16 tail=30 gh60=0x4e29be6 W1=0x1d93,0x18e9,0x2797 W2=0x1ca0,0x21c5,0x3f2
  r61_witness[08] r61=16 tail=31 gh60=0x5d64ca6 W1=0x834,0x3f74,0x2588 W2=0x741,0x1a21,0x2790
  r61_witness[09] r61=16 tail=32 gh60=0x5c8c4ae W1=0x1440,0x235f,0x1485 W2=0x134d,0x11f0,0x2c9a
  r61_witness[10] r61=16 tail=33 gh60=0xca07ce6 W1=0x111c,0x37d7,0x1a8 W2=0x1029,0x1570,0x903
  r61_witness[11] r61=16 tail=34 gh60=0x4a07ce6 W1=0x2f0c,0x248f,0x24c7 W2=0x2e19,0x1db0,0x3d8c
  r61_witness[12] r61=16 tail=36 gh60=0x4a1bcea W1=0x1011,0x19d0,0x2ce2 W2=0xf1e,0x75b,0xace
  r61_witness[13] r61=17 tail=19 gh60=0xcebc5aa W1=0xc7e,0x35ba,0x3768 W2=0xb8b,0x3543,0x3fc8
  r61_witness[14] r61=17 tail=23 gh60=0xca68fba W1=0x3779,0x12d7,0x551 W2=0x3686,0x215e,0x2228
  r61_witness[15] r61=17 tail=26 gh60=0xcb19d9a W1=0x3ec5,0x2f53,0x3c8b W2=0x3dd2,0x1bf3,0x2e14

D60=0 fiber histogram: 1:8003 2:4750 3:1747 4:1150 5:434 6:238 7:81 8:79 9:24 10:22 11:7 12:3 14:3 15:1 16:1 18:2 20:1 21:1
