free_word_mitm_reducedn
N=14 mask=0x3fff msb=0x2000
candidate: M0=0x3d36 mode=random-fallback fill=0x3fff kernel=dM0=dM9=0x2000
prefixes=32768/268435456 mode=permuted-prefix-sample w59_per_prefix=16384 total=536870912
run_mode=scan registry_cap=16
sample_start=160989184
scan_elapsed=18.544s rate=28.95 Mtriples/s

D60 interface
  D60=0 matches: 32776 (random expectation 32768.0, enrichment 1.000x)
  prefixes with D60=0: 16497
  max D60=0 fiber per prefix: 17 at W57=0x972 W58=0x3f9d
  largest D60 bucket: D=0x12ec count=33746
  min D60 HW: 0
  D60 HW histogram: 0:32776 1:457148 2:2977354 3:11922445 4:32812695 5:65636205 6:98441511 7:112482514 8:98390467 9:65564762 10:32781542 11:11908266 12:2974736 13:456337 14:32154

Tail closure among D60=0 matches
  final tail collisions: 0
  best r61 HW: 13
  best r61 W1[57..59]=0x290d,0x2b3c,0x2ee1
  best r61 W2[57..59]=0x281a,0x2c2f,0xfcc
  best tail HW: 19
  best tail r61 HW: 20
  best W1[57..59]=0x373b,0x14ec,0x8b
  best W2[57..59]=0x3648,0x178,0x22c6

SUMMARY N=14 sample_start=160989184 prefixes=32768 total=536870912 d0=32776 best_tail=19 tail_r61=20 best_r61=13 tail_W1=0x373b,0x14ec,0x8b tail_W2=0x3648,0x178,0x22c6 r61_W1=0x290d,0x2b3c,0x2ee1 r61_W2=0x281a,0x2c2f,0xfcc

Scan-only witness registry
  registry_count=16 registry_cap=16
  witness[00] tail=19 r61=20 gh60=0x4898ca6 W1=0x373b,0x14ec,0x8b W2=0x3648,0x178,0x22c6
  witness[01] tail=21 r61=25 gh60=0xc69cba6 W1=0x196c,0x3bbc,0xa6a W2=0x1879,0x1011,0x92f
  witness[02] tail=23 r61=13 gh60=0x4a18cea W1=0x290d,0x2b3c,0x2ee1 W2=0x281a,0x2c2f,0xfcc
  witness[03] tail=23 r61=18 gh60=0x5529c9a W1=0x49,0x15df,0x2bf0 W2=0x3f56,0x34b3,0x33b0
  witness[04] tail=24 r61=17 gh60=0x3e187e6 W1=0x1b8b,0x300e,0x711 W2=0x1a98,0x2ddd,0x3bdd
  witness[05] tail=24 r61=20 gh60=0x7958c9a W1=0x3929,0x28c2,0x243f W2=0x3836,0x198c,0x25e0
  witness[06] tail=24 r61=26 gh60=0xc73db7a W1=0x1da,0x19d9,0x1b54 W2=0xe7,0x9cd,0x1311
  witness[07] tail=24 r61=30 gh60=0x5a67d66 W1=0x10e4,0x1cd2,0x3109 W2=0xff1,0x1e9f,0x139
  witness[08] tail=25 r61=17 gh60=0xc6b84a6 W1=0x3bfb,0x2046,0x13e7 W2=0x3b08,0x1f11,0x2d53
  witness[09] tail=25 r61=22 gh60=0xda184ee W1=0x320f,0x1e8c,0xb39 W2=0x311c,0x1e36,0x3d6b
  witness[10] tail=25 r61=23 gh60=0xc5984a6 W1=0x2bf3,0x32f1,0x1646 W2=0x2b00,0x3fde,0xd09
  witness[11] tail=25 r61=25 gh60=0x77a4caa W1=0x17f2,0x1d51,0x1051 W2=0x16ff,0x2f55,0xda1
  witness[12] tail=25 r61=26 gh60=0xb4f85aa W1=0x2abd,0x1b3f,0x3966 W2=0x29ca,0x26c3,0xbb8
  witness[13] tail=26 r61=16 gh60=0x4e09cee W1=0x10f,0x3778,0x2933 W2=0x1c,0x11cf,0x158f
  witness[14] tail=26 r61=17 gh60=0xd485d9a W1=0xaa,0x28f8,0x35d W2=0x3fb7,0x1569,0xaab
  witness[15] tail=26 r61=18 gh60=0xda69cfa W1=0x2019,0x214c,0x1b12 W2=0x1f26,0x453,0x3e4c

Scan-only r61 registry
  registry_count=16 registry_cap=16
  r61_witness[00] r61=13 tail=23 gh60=0x4a18cea W1=0x290d,0x2b3c,0x2ee1 W2=0x281a,0x2c2f,0xfcc
  r61_witness[01] r61=13 tail=30 gh60=0x489cba6 W1=0x19ac,0x3762,0x3341 W2=0x18b9,0xb27,0xea2
  r61_witness[02] r61=15 tail=28 gh60=0x58987ae W1=0x3bbf,0x2007,0x21f4 W2=0x3acc,0x2a4f,0x7a
  r61_witness[03] r61=15 tail=30 gh60=0x4b29d7e W1=0x1e57,0xc1,0x345d W2=0x1d64,0x4f0,0x1f30
  r61_witness[04] r61=16 tail=26 gh60=0x4e09cee W1=0x10f,0x3778,0x2933 W2=0x1c,0x11cf,0x158f
  r61_witness[05] r61=16 tail=27 gh60=0x4619bea W1=0x1a1,0x2ef8,0x7c5 W2=0xae,0x2b77,0x3aa1
  r61_witness[06] r61=16 tail=31 gh60=0xc6144ee W1=0x1410,0x12bf,0x3bf0 W2=0x131d,0x3eda,0x15c5
  r61_witness[07] r61=16 tail=32 gh60=0x79884aa W1=0x2fd,0xf39,0x125f W2=0x20a,0x16a5,0x1c11
  r61_witness[08] r61=16 tail=36 gh60=0x548cca6 W1=0x282c,0x1516,0xdab W2=0x2739,0xf33,0x23f2
  r61_witness[09] r61=16 tail=38 gh60=0xc528d66 W1=0x3653,0x2a16,0xf0e W2=0x3560,0x3354,0x2861
  r61_witness[10] r61=17 tail=24 gh60=0x3e187e6 W1=0x1b8b,0x300e,0x711 W2=0x1a98,0x2ddd,0x3bdd
  r61_witness[11] r61=17 tail=25 gh60=0xc6b84a6 W1=0x3bfb,0x2046,0x13e7 W2=0x3b08,0x1f11,0x2d53
  r61_witness[12] r61=17 tail=26 gh60=0xd485d9a W1=0xaa,0x28f8,0x35d W2=0x3fb7,0x1569,0xaab
  r61_witness[13] r61=17 tail=27 gh60=0x5f1c4aa W1=0x442,0x215,0x3514 W2=0x34f,0x7aa,0x1e7c
  r61_witness[14] r61=17 tail=28 gh60=0x4988caa W1=0x193d,0x36fe,0x1c91 W2=0x184a,0x969,0x1554
  r61_witness[15] r61=17 tail=28 gh60=0x4e0bcea W1=0x2e1d,0x31b,0x3a4b W2=0x2d2a,0x4a,0x1284

D60=0 fiber histogram: 1:7939 2:4779 3:1739 4:1156 5:427 6:226 7:73 8:87 9:22 10:26 11:11 12:7 14:2 16:2 17:1
