free_word_mitm_reducedn
N=14 mask=0x3fff msb=0x2000
candidate: M0=0x3d36 mode=random-fallback fill=0x3fff kernel=dM0=dM9=0x2000
prefixes=32768/268435456 mode=permuted-prefix-sample w59_per_prefix=16384 total=536870912
run_mode=scan registry_cap=16
sample_start=85753856
scan_elapsed=20.393s rate=26.33 Mtriples/s

D60 interface
  D60=0 matches: 32190 (random expectation 32768.0, enrichment 0.982x)
  prefixes with D60=0: 16456
  max D60=0 fiber per prefix: 26 at W57=0x2df0 W58=0x2d2c
  largest D60 bucket: D=0xd49 count=33849
  min D60 HW: 0
  D60 HW histogram: 0:32190 1:455704 2:2971594 3:11897654 4:32809066 5:65634551 6:98486888 7:112499737 8:98409323 9:65561014 10:32766745 11:11893685 12:2966501 13:453906 14:32354

Tail closure among D60=0 matches
  final tail collisions: 0
  best r61 HW: 15
  best r61 W1[57..59]=0xd2f,0x3ea5,0x2904
  best r61 W2[57..59]=0xc3c,0x1cc5,0x3212
  best tail HW: 20
  best tail r61 HW: 22
  best W1[57..59]=0x350f,0x2c69,0x2404
  best W2[57..59]=0x341c,0x1e83,0x1b30

SUMMARY N=14 sample_start=85753856 prefixes=32768 total=536870912 d0=32190 best_tail=20 tail_r61=22 best_r61=15 tail_W1=0x350f,0x2c69,0x2404 tail_W2=0x341c,0x1e83,0x1b30 r61_W1=0xd2f,0x3ea5,0x2904 r61_W2=0xc3c,0x1cc5,0x3212

Scan-only witness registry
  registry_count=16 registry_cap=16
  witness[00] tail=20 r61=21 gh60=0x4788caa W1=0x93d,0x1f49,0x3b2d W2=0x84a,0x20b4,0x239b
  witness[01] tail=20 r61=22 gh60=0x56384ee W1=0x350f,0x2c69,0x2404 W2=0x341c,0x1e83,0x1b30
  witness[02] tail=22 r61=19 gh60=0x4a1dd9a W1=0x208a,0xc94,0x3a9 W2=0x1f97,0x35b5,0x2723
  witness[03] tail=23 r61=22 gh60=0x7be4fa6 W1=0x1784,0x121c,0x1a0c W2=0x1691,0x911,0x243c
  witness[04] tail=24 r61=18 gh60=0xdfbbca6 W1=0xdfb,0xafa,0x17dc W2=0xd08,0xe04,0x3943
  witness[05] tail=24 r61=28 gh60=0xf9b8bae W1=0x296f,0x3384,0x3ba0 W2=0x287c,0x280b,0x2331
  witness[06] tail=25 r61=18 gh60=0x4618fea W1=0x1791,0x1573,0x1b50 W2=0x169e,0x2506,0x2724
  witness[07] tail=25 r61=19 gh60=0xc4e84be W1=0x437,0x3178,0x4a6 W2=0x344,0x3e16,0x234
  witness[08] tail=25 r61=19 gh60=0x5dbcda6 W1=0x267c,0x2878,0x2257 W2=0x2589,0x9d,0x35c5
  witness[09] tail=25 r61=21 gh60=0xcef9b6a W1=0x1d51,0x1f11,0xdea W2=0x1c5e,0x234c,0x9b9
  witness[10] tail=25 r61=22 gh60=0xce05ce6 W1=0x10c,0x2d55,0x3d45 W2=0x19,0x17fa,0x197e
  witness[11] tail=25 r61=23 gh60=0x48887a6 W1=0x3bb,0x31a8,0x628 W2=0x2c8,0x1b6d,0xcb4
  witness[12] tail=25 r61=24 gh60=0x5be5caa W1=0x1e42,0x3e40,0x2aa0 W2=0x1d4f,0x858,0x713
  witness[13] tail=25 r61=24 gh60=0x5ad8dfe W1=0x3897,0x3c7d,0xc1e W2=0x37a4,0x10bc,0x338
  witness[14] tail=25 r61=25 gh60=0xb6f84a6 W1=0x19fb,0x2143,0x97b W2=0x1908,0x3c0e,0x19b1
  witness[15] tail=25 r61=27 gh60=0x4a745ee W1=0x1aa0,0x372a,0x10af W2=0x19ad,0x2a59,0x613

Scan-only r61 registry
  registry_count=16 registry_cap=16
  r61_witness[00] r61=15 tail=28 gh60=0x48884ae W1=0x152f,0xc32,0x3967 W2=0x143c,0x3bd2,0x2af9
  r61_witness[01] r61=15 tail=30 gh60=0xc9647aa W1=0x13c2,0x2948,0x2daf W2=0x12cf,0x2ba5,0x1637
  r61_witness[02] r61=15 tail=30 gh60=0x4a18bea W1=0x39a1,0x28ba,0x36 W2=0x38ae,0x3739,0x3f53
  r61_witness[03] r61=15 tail=37 gh60=0x48884ae W1=0xd2f,0x3ea5,0x2904 W2=0xc3c,0x1cc5,0x3212
  r61_witness[04] r61=16 tail=26 gh60=0xb508566 W1=0x1a5b,0x3ea7,0x32f3 W2=0x1968,0x1cc2,0x3adc
  r61_witness[05] r61=16 tail=27 gh60=0x3b0856a W1=0x4dd,0x353e,0x2bcc W2=0x3ea,0xad4,0x3c55
  r61_witness[06] r61=16 tail=28 gh60=0x4a14bea W1=0x398e,0x668,0x278c W2=0x389b,0x113c,0xc3b
  r61_witness[07] r61=16 tail=29 gh60=0x4908b66 W1=0x155b,0x33bc,0x321 W2=0x1468,0x586,0x39be
  r61_witness[08] r61=16 tail=30 gh60=0x4a9bca6 W1=0xdeb,0x3630,0x195 W2=0xcf8,0x3946,0x3f5d
  r61_witness[09] r61=16 tail=30 gh60=0x7aacd9a W1=0x1666,0x15ae,0x20ed W2=0x1573,0x715,0x2378
  r61_witness[10] r61=16 tail=30 gh60=0xc9887aa W1=0x1b7d,0x628,0x1b45 W2=0x1a8a,0x6dc,0x33cc
  r61_witness[11] r61=16 tail=30 gh60=0x7a07bfa W1=0x2d9a,0x39d6,0x147d W2=0x2ca7,0x17a2,0x1899
  r61_witness[12] r61=16 tail=30 gh60=0x590cf7a W1=0x37da,0xb52,0x289f W2=0x36e7,0xf62,0x134d
  r61_witness[13] r61=16 tail=31 gh60=0x4b0449a W1=0x44a,0x17b5,0x1791 W2=0x357,0x3d7f,0x9de
  r61_witness[14] r61=16 tail=33 gh60=0x5b0459a W1=0xaca,0x2006,0x3123 W2=0x9d7,0xbf2,0x1186
  r61_witness[15] r61=16 tail=34 gh60=0x4889baa W1=0x1ad,0x3ea,0x51e W2=0xba,0x2d3d,0x2126

D60=0 fiber histogram: 1:8070 2:4721 3:1757 4:1117 5:383 6:188 7:74 8:79 9:17 10:24 11:6 12:8 13:2 14:3 15:3 16:2 20:1 26:1
