free_word_mitm_reducedn
N=14 mask=0x3fff msb=0x2000
candidate: M0=0x3d36 mode=random-fallback fill=0x3fff kernel=dM0=dM9=0x2000
prefixes=32768/268435456 mode=permuted-prefix-sample w59_per_prefix=16384 total=536870912
run_mode=scan registry_cap=16
sample_start=125829120
scan_elapsed=19.675s rate=27.29 Mtriples/s

D60 interface
  D60=0 matches: 32490 (random expectation 32768.0, enrichment 0.992x)
  prefixes with D60=0: 16523
  max D60=0 fiber per prefix: 19 at W57=0x24ed W58=0x1ca3
  largest D60 bucket: D=0xdf6 count=33855
  min D60 HW: 0
  D60 HW histogram: 0:32490 1:456576 2:2973435 3:11907693 4:32788126 5:65629806 6:98463794 7:112521011 8:98400542 9:65560984 10:32764134 11:11906013 12:2977363 13:456694 14:32251

Tail closure among D60=0 matches
  final tail collisions: 0
  best r61 HW: 14
  best r61 W1[57..59]=0x3ff3,0x32a8,0x18a4
  best r61 W2[57..59]=0x3f00,0x3ed6,0x1e0a
  best tail HW: 20
  best tail r61 HW: 15
  best W1[57..59]=0xdcd,0xc97,0x1ba0
  best W2[57..59]=0xcda,0x2a92,0xc92

SUMMARY N=14 sample_start=125829120 prefixes=32768 total=536870912 d0=32490 best_tail=20 tail_r61=15 best_r61=14 tail_W1=0xdcd,0xc97,0x1ba0 tail_W2=0xcda,0x2a92,0xc92 r61_W1=0x3ff3,0x32a8,0x18a4 r61_W2=0x3f00,0x3ed6,0x1e0a

Scan-only witness registry
  registry_count=16 registry_cap=16
  witness[00] tail=20 r61=15 gh60=0x7b0bb6a W1=0xdcd,0xc97,0x1ba0 W2=0xcda,0x2a92,0xc92
  witness[01] tail=21 r61=14 gh60=0x4aa9ca6 W1=0x3ff3,0x32a8,0x18a4 W2=0x3f00,0x3ed6,0x1e0a
  witness[02] tail=23 r61=20 gh60=0xc5a849a W1=0x3c29,0x745,0x30da W2=0x3b36,0x3d4e,0xadb
  witness[03] tail=23 r61=25 gh60=0x5be8766 W1=0x2363,0x2d59,0x28b9 W2=0x2270,0x14b0,0x3a1f
  witness[04] tail=23 r61=32 gh60=0xfdd45ba W1=0xab6,0x1c90,0x186e W2=0x9c3,0x3937,0x3463
  witness[05] tail=24 r61=22 gh60=0xd7b84aa W1=0x2aed,0x25d2,0xeee W2=0x29fa,0x2cce,0xf9a
  witness[06] tail=24 r61=22 gh60=0xd6684ba W1=0x32f9,0x4ec,0x566 W2=0x3206,0x3caa,0x1377
  witness[07] tail=24 r61=25 gh60=0x5f28c9a W1=0x3945,0x1b4e,0x11d5 W2=0x3852,0xe9c,0xcd7
  witness[08] tail=25 r61=18 gh60=0x4698da6 W1=0x66b,0x3c56,0x2f27 W2=0x578,0x159a,0x3b86
  witness[09] tail=25 r61=19 gh60=0xca7cbbe W1=0x1978,0x1d69,0x143 W2=0x1885,0x2201,0xc20
  witness[10] tail=25 r61=19 gh60=0xcb684a6 W1=0x2333,0x3ea7,0x332c W2=0x2240,0x3f12,0x31c6
  witness[11] tail=25 r61=20 gh60=0x4628d9a W1=0x3685,0x1067,0x2602 W2=0x3592,0x1219,0x19d3
  witness[12] tail=25 r61=21 gh60=0x3aa4caa W1=0x5f2,0xdf9,0x2782 W2=0x4ff,0x16fd,0x7b2
  witness[13] tail=25 r61=21 gh60=0x4e28c9a W1=0x1709,0x1c92,0x2d47 W2=0x1616,0x1020,0x3383
  witness[14] tail=25 r61=22 gh60=0xb998cba W1=0x28f5,0x2bd9,0x175e W2=0x2802,0xe58,0x7a4
  witness[15] tail=25 r61=22 gh60=0xc49fda6 W1=0x2ebc,0xa27,0x1e4b W2=0x2dc9,0x12d6,0x30a2

Scan-only r61 registry
  registry_count=16 registry_cap=16
  r61_witness[00] r61=14 tail=21 gh60=0x4aa9ca6 W1=0x3ff3,0x32a8,0x18a4 W2=0x3f00,0x3ed6,0x1e0a
  r61_witness[01] r61=15 tail=20 gh60=0x7b0bb6a W1=0xdcd,0xc97,0x1ba0 W2=0xcda,0x2a92,0xc92
  r61_witness[02] r61=15 tail=28 gh60=0xcf89ba6 W1=0x16b,0x316b,0x363b W2=0x78,0x3731,0x39b4
  r61_witness[03] r61=15 tail=29 gh60=0x456c5aa W1=0x34b2,0x2d33,0xb85 W2=0x33bf,0xae0,0x1caa
  r61_witness[04] r61=15 tail=32 gh60=0x49987a6 W1=0x2b73,0xbc5,0x1f5c W2=0x2a80,0x351a,0x703
  r61_witness[05] r61=15 tail=35 gh60=0x590cb66 W1=0x194c,0x2e09,0x109e W2=0x1859,0x3fe0,0x1cbe
  r61_witness[06] r61=16 tail=29 gh60=0xc4bddaa W1=0x1ebe,0xacb,0x1a07 W2=0x1dcb,0xca7,0x2a1b
  r61_witness[07] r61=16 tail=30 gh60=0xc6f4c9a W1=0x1706,0x734,0x1ac8 W2=0x1613,0x3b03,0x1755
  r61_witness[08] r61=16 tail=30 gh60=0x4909b6e W1=0x1ddf,0x1c24,0x2f14 W2=0x1cec,0x1737,0x3576
  r61_witness[09] r61=16 tail=34 gh60=0x451856e W1=0x24cf,0x1e79,0x3763 W2=0x23dc,0x92f,0x11b8
  r61_witness[10] r61=16 tail=36 gh60=0x5639dee W1=0x8f,0x1437,0x3eae W2=0x3f9c,0x3676,0x3f24
  r61_witness[11] r61=17 tail=27 gh60=0x44a85a6 W1=0x4b3,0x1ee,0x1d7c W2=0x3c0,0x1631,0x66
  r61_witness[12] r61=17 tail=27 gh60=0x548449a W1=0x122a,0x2144,0x2063 W2=0x1137,0x154c,0x18af
  r61_witness[13] r61=17 tail=27 gh60=0x45984a6 W1=0x1433,0x19fb,0x3a1d W2=0x1340,0x3966,0x3b95
  r61_witness[14] r61=17 tail=27 gh60=0x4764caa W1=0x2732,0x1599,0x1532 W2=0x263f,0x19dd,0x37ee
  r61_witness[15] r61=17 tail=28 gh60=0x4a18dea W1=0x288d,0x410,0x2042 W2=0x279a,0xceb,0x32d1

D60=0 fiber histogram: 1:8069 2:4701 3:1820 4:1095 5:395 6:213 7:89 8:79 9:21 10:18 11:7 12:7 13:2 15:1 16:4 17:1 19:1
