free_word_mitm_reducedn
N=14 mask=0x3fff msb=0x2000
candidate: M0=0x3d36 mode=random-fallback fill=0x3fff kernel=dM0=dM9=0x2000
prefixes=32768/268435456 mode=permuted-prefix-sample w59_per_prefix=16384 total=536870912
run_mode=scan registry_cap=16
sample_start=19103744
scan_elapsed=18.756s rate=28.62 Mtriples/s

D60 interface
  D60=0 matches: 32470 (random expectation 32768.0, enrichment 0.991x)
  prefixes with D60=0: 16500
  max D60=0 fiber per prefix: 17 at W57=0x336f W58=0x7bb
  largest D60 bucket: D=0x318f count=34027
  min D60 HW: 0
  D60 HW histogram: 0:32470 1:456703 2:2970645 3:11901894 4:32763371 5:65580483 6:98446170 7:112532182 8:98467916 9:65596597 10:32769754 11:11894553 12:2969898 13:455874 14:32402

Tail closure among D60=0 matches
  final tail collisions: 0
  best r61 HW: 11
  best r61 W1[57..59]=0x33e0,0x2bb3,0x3070
  best r61 W2[57..59]=0x32ed,0x33e2,0x31af
  best tail HW: 23
  best tail r61 HW: 22
  best W1[57..59]=0x2410,0x3b60,0x253
  best W2[57..59]=0x231d,0x1a77,0x18ff

SUMMARY N=14 sample_start=19103744 prefixes=32768 total=536870912 d0=32470 best_tail=23 tail_r61=22 best_r61=11 tail_W1=0x2410,0x3b60,0x253 tail_W2=0x231d,0x1a77,0x18ff r61_W1=0x33e0,0x2bb3,0x3070 r61_W2=0x32ed,0x33e2,0x31af

Scan-only witness registry
  registry_count=16 registry_cap=16
  witness[00] tail=23 r61=19 gh60=0x493877a W1=0x1b59,0x1f8e,0x2f84 W2=0x1a66,0x346a,0x27e7
  witness[01] tail=23 r61=22 gh60=0x460c4ee W1=0x2410,0x3b60,0x253 W2=0x231d,0x1a77,0x18ff
  witness[02] tail=24 r61=20 gh60=0x3e1cbea W1=0x3592,0x335,0x3250 W2=0x349f,0x20d,0x19e1
  witness[03] tail=24 r61=21 gh60=0x5a185ea W1=0x3aa1,0x294a,0x3a18 W2=0x39ae,0x3658,0xa4d
  witness[04] tail=25 r61=13 gh60=0x4508d6a W1=0x264d,0x2ddc,0x1c2c W2=0x255a,0x447,0x22b3
  witness[05] tail=25 r61=16 gh60=0x4cd44be W1=0x2438,0x2783,0x1f23 W2=0x2345,0x2622,0x39c1
  witness[06] tail=25 r61=17 gh60=0xca085ea W1=0x2a9d,0x708,0x16c7 W2=0x29aa,0x1316,0x1cac
  witness[07] tail=25 r61=19 gh60=0xcf1456e W1=0x1460,0x2ccb,0x52f W2=0x136d,0x1f8a,0x2106
  witness[08] tail=25 r61=20 gh60=0xfae8dfa W1=0x699,0x3d05,0x1e0 W2=0x5a6,0x1b64,0x5e
  witness[09] tail=25 r61=20 gh60=0xcb37f9e W1=0xfc8,0x9a9,0x2ce2 W2=0xed5,0x2a42,0x972
  witness[10] tail=25 r61=20 gh60=0x4c99daa W1=0x1ebd,0xe92,0x3311 W2=0x1dca,0x1c59,0x3923
  witness[11] tail=25 r61=21 gh60=0xc8bdbaa W1=0x3dbe,0x3c37,0x2a03 W2=0x3ccb,0x3d33,0xba3
  witness[12] tail=25 r61=22 gh60=0xd624ce6 W1=0x1814,0x2469,0x35ea W2=0x1721,0xc90,0x2050
  witness[13] tail=25 r61=23 gh60=0xda59b9a W1=0x3d89,0x1493,0x38da W2=0x3c96,0x16a7,0x1be5
  witness[14] tail=25 r61=23 gh60=0xc99dd6a W1=0x3ee2,0x274c,0x2804 W2=0x3def,0x382c,0x2bbf
  witness[15] tail=25 r61=26 gh60=0xc6ac5aa W1=0x2c72,0xdd0,0xa3 W2=0x2b7f,0x1a6d,0x2d7

Scan-only r61 registry
  registry_count=16 registry_cap=16
  r61_witness[00] r61=11 tail=27 gh60=0x491476e W1=0x33e0,0x2bb3,0x3070 W2=0x32ed,0x33e2,0x31af
  r61_witness[01] r61=13 tail=25 gh60=0x4508d6a W1=0x264d,0x2ddc,0x1c2c W2=0x255a,0x447,0x22b3
  r61_witness[02] r61=13 tail=28 gh60=0xb71bd6e W1=0x10cf,0x2473,0x353e W2=0xfdc,0x3522,0xec
  r61_witness[03] r61=14 tail=28 gh60=0xda0bbee W1=0x2d8f,0x204a,0x2635 W2=0x2c9c,0xcdd,0x1bfd
  r61_witness[04] r61=14 tail=33 gh60=0x489cbae W1=0x35b0,0x3d74,0x613 W2=0x34bd,0x57c,0x3d86
  r61_witness[05] r61=15 tail=39 gh60=0x3888baa W1=0x35ad,0x2fec,0x2ee9 W2=0x34ba,0x2fff,0x3bd3
  r61_witness[06] r61=16 tail=25 gh60=0x4cd44be W1=0x2438,0x2783,0x1f23 W2=0x2345,0x2622,0x39c1
  r61_witness[07] r61=16 tail=30 gh60=0xd9d849a W1=0x3209,0x3d6c,0x18eb W2=0x3116,0x3241,0x398c
  r61_witness[08] r61=16 tail=31 gh60=0x3a084ea W1=0x3311,0xdeb,0x31c2 W2=0x321e,0x29a5,0x1f6e
  r61_witness[09] r61=16 tail=31 gh60=0x4a3879e W1=0x3b87,0x308c,0x1a84 W2=0x3a94,0x3b23,0x14e6
  r61_witness[10] r61=16 tail=33 gh60=0xc609ce6 W1=0x1e0b,0x3d2a,0x28b7 W2=0x1d18,0xd4e,0x1fe5
  r61_witness[11] r61=16 tail=37 gh60=0x4925b66 W1=0x1dd4,0x31f2,0x85b W2=0x1ce1,0x3e63,0x27ff
  r61_witness[12] r61=16 tail=37 gh60=0x5a08bee W1=0x358f,0x31c2,0x793 W2=0x349c,0x3c55,0x3d4c
  r61_witness[13] r61=16 tail=39 gh60=0xc8987ba W1=0x2bb5,0x2090,0x283a W2=0x2ac2,0x1162,0x16a0
  r61_witness[14] r61=17 tail=25 gh60=0xca085ea W1=0x2a9d,0x708,0x16c7 W2=0x29aa,0x1316,0x1cac
  r61_witness[15] r61=17 tail=29 gh60=0x4a28d9a W1=0x1889,0xb9e,0x3c8a W2=0x1796,0x355c,0x54c

D60=0 fiber histogram: 1:7998 2:4741 3:1819 4:1126 5:382 6:207 7:85 8:71 9:32 10:23 11:4 12:9 13:1 14:1 17:1
