free_word_mitm_reducedn
N=14 mask=0x3fff msb=0x2000
candidate: M0=0x3d36 mode=random-fallback fill=0x3fff kernel=dM0=dM9=0x2000
prefixes=32768/268435456 mode=permuted-prefix-sample w59_per_prefix=16384 total=536870912
run_mode=scan registry_cap=16
sample_start=62259200
scan_elapsed=18.663s rate=28.77 Mtriples/s

D60 interface
  D60=0 matches: 32955 (random expectation 32768.0, enrichment 1.006x)
  prefixes with D60=0: 16684
  max D60=0 fiber per prefix: 24 at W57=0x1398 W58=0x13c5
  largest D60 bucket: D=0x2627 count=33648
  min D60 HW: 0
  D60 HW histogram: 0:32955 1:458264 2:2977055 3:11925153 4:32802589 5:65617946 6:98460040 7:112486429 8:98392325 9:65567390 10:32765461 11:11913879 12:2980899 13:457509 14:33018

Tail closure among D60=0 matches
  final tail collisions: 0
  best r61 HW: 14
  best r61 W1[57..59]=0x80d,0x24b1,0x1784
  best r61 W2[57..59]=0x71a,0x2574,0x3a5c
  best tail HW: 24
  best tail r61 HW: 24
  best W1[57..59]=0x720,0x4d4,0xd99
  best W2[57..59]=0x62d,0x32b0,0xafd

SUMMARY N=14 sample_start=62259200 prefixes=32768 total=536870912 d0=32955 best_tail=24 tail_r61=24 best_r61=14 tail_W1=0x720,0x4d4,0xd99 tail_W2=0x62d,0x32b0,0xafd r61_W1=0x80d,0x24b1,0x1784 r61_W2=0x71a,0x2574,0x3a5c

Scan-only witness registry
  registry_count=16 registry_cap=16
  witness[00] tail=24 r61=22 gh60=0xf6644ea W1=0x212,0x8b3,0x258f W2=0x11f,0xf2e,0x3010
  witness[01] tail=24 r61=22 gh60=0x48bdcaa W1=0x1f2e,0x1eb1,0x29f7 W2=0x1e3b,0x24b1,0x3623
  witness[02] tail=24 r61=23 gh60=0xddb85a6 W1=0x3aab,0x36a,0x2f9d W2=0x39b8,0x289d,0x3977
  witness[03] tail=24 r61=24 gh60=0x7e14cee W1=0x720,0x4d4,0xd99 W2=0x62d,0x32b0,0xafd
  witness[04] tail=25 r61=18 gh60=0x5a0c5e6 W1=0xc8c,0x3ac5,0x1c37 W2=0xb99,0x3181,0x2845
  witness[05] tail=25 r61=20 gh60=0xb879ca6 W1=0x1f3b,0x1a32,0x2e17 W2=0x1e48,0x33c0,0x79c
  witness[06] tail=25 r61=20 gh60=0xda95bae W1=0x3d70,0x3b82,0x37aa W2=0x3c7d,0x321e,0x2fb8
  witness[07] tail=25 r61=21 gh60=0x4898c9a W1=0x1725,0x18e0,0x631 W2=0x1632,0xdee,0x325e
  witness[08] tail=25 r61=21 gh60=0xd7844ba W1=0x233a,0x350f,0x37c5 W2=0x2247,0x1e42,0x3acb
  witness[09] tail=25 r61=23 gh60=0xb51849a W1=0x245,0x10ae,0x1b8f W2=0x152,0x353f,0x238a
  witness[10] tail=25 r61=23 gh60=0xca54bba W1=0x1576,0x16bc,0x3ff5 W2=0x1483,0x2654,0x22c
  witness[11] tail=25 r61=23 gh60=0xbbb8cba W1=0x3735,0x27c9,0x1c96 W2=0x3642,0x1bc8,0xe5d
  witness[12] tail=26 r61=19 gh60=0x5a145ee W1=0xca0,0xaf6,0x1ce6 W2=0xbad,0x32a9,0x2d37
  witness[13] tail=26 r61=19 gh60=0xd49dd9a W1=0x20aa,0x1cc5,0x1fef W2=0x1fb7,0x72e,0xac8
  witness[14] tail=26 r61=20 gh60=0xce1cdfa W1=0x169a,0x3de6,0x343d W2=0x15a7,0x3c3a,0x3937
  witness[15] tail=26 r61=20 gh60=0x48bdbae W1=0x21b0,0x5c5,0x5a6 W2=0x20bd,0x3acd,0x30c8

Scan-only r61 registry
  registry_count=16 registry_cap=16
  r61_witness[00] r61=14 tail=40 gh60=0x4a08cea W1=0x80d,0x24b1,0x1784 W2=0x71a,0x2574,0x3a5c
  r61_witness[01] r61=15 tail=28 gh60=0x456857a W1=0x3459,0x637,0x2fe0 W2=0x3366,0x2ecb,0x1659
  r61_witness[02] r61=15 tail=28 gh60=0xca3c7e6 W1=0x3b8c,0x15a5,0x36f6 W2=0x3a99,0xd75,0x3b45
  r61_witness[03] r61=15 tail=38 gh60=0x5988caa W1=0x73d,0xd49,0x12ca W2=0x64a,0x10b4,0x332c
  r61_witness[04] r61=16 tail=28 gh60=0x48884aa W1=0xb3d,0x1605,0x1943 W2=0xa4a,0x1f71,0x945
  r61_witness[05] r61=16 tail=31 gh60=0x4a044fa W1=0x1a1a,0x395,0x2910 W2=0x1927,0x3682,0x139b
  r61_witness[06] r61=16 tail=32 gh60=0x4885cba W1=0x13a,0x32a7,0x144e W2=0x47,0x16db,0x1962
  r61_witness[07] r61=16 tail=32 gh60=0x4a08dea W1=0x691,0x1ec7,0x226 W2=0x59e,0x1da6,0x11c0
  r61_witness[08] r61=16 tail=32 gh60=0xba1ccea W1=0x91e,0x21b3,0x3b0c W2=0x82b,0x25af,0x2cd1
  r61_witness[09] r61=16 tail=32 gh60=0xcb0856a W1=0xacd,0x23d7,0x19c2 W2=0x9da,0x3461,0x1a58
  r61_witness[10] r61=16 tail=32 gh60=0xc8884aa W1=0x1d2d,0x2889,0x34e7 W2=0x1c3a,0x3d85,0xe81
  r61_witness[11] r61=16 tail=32 gh60=0xca0db9a W1=0x218a,0x3d36,0x26e8 W2=0x2097,0x2917,0x3204
  r61_witness[12] r61=16 tail=34 gh60=0x4a1cfea W1=0x178e,0x3273,0x123b W2=0x169b,0x3e07,0xc2f
  r61_witness[13] r61=16 tail=36 gh60=0x4a1849a W1=0x3405,0x2e9f,0x1afd W2=0x3312,0x2530,0x2918
  r61_witness[14] r61=17 tail=27 gh60=0x7a74dfe W1=0x898,0x3fab,0x24a5 W2=0x7a5,0x3eb,0x2136
  r61_witness[15] r61=17 tail=28 gh60=0xfa1ccee W1=0x710,0x33f5,0x2d9f W2=0x61d,0x22dd,0x3334

D60=0 fiber histogram: 1:8067 2:4861 3:1771 4:1120 5:372 6:244 7:106 8:69 9:35 10:18 11:11 12:5 13:1 14:3 24:1
