free_word_mitm_reducedn
N=14 mask=0x3fff msb=0x2000
candidate: M0=0x3d36 mode=random-fallback fill=0x3fff kernel=dM0=dM9=0x2000
prefixes=32768/268435456 mode=permuted-prefix-sample w59_per_prefix=16384 total=536870912
run_mode=scan registry_cap=16
sample_start=216662016
scan_elapsed=15.719s rate=34.15 Mtriples/s

D60 interface
  D60=0 matches: 32805 (random expectation 32768.0, enrichment 1.001x)
  prefixes with D60=0: 16565
  max D60=0 fiber per prefix: 18 at W57=0x3106 W58=0x1eec
  largest D60 bucket: D=0xe2e count=33796
  min D60 HW: 0
  D60 HW histogram: 0:32805 1:458384 2:2974845 3:11920273 4:32810243 5:65641387 6:98438797 7:112494569 8:98380344 9:65556822 10:32776193 11:11918195 12:2978267 13:456981 14:32807

Tail closure among D60=0 matches
  final tail collisions: 0
  best r61 HW: 13
  best r61 W1[57..59]=0x30ea,0x456,0x717
  best r61 W2[57..59]=0x2ff7,0x1d1b,0x1279
  best tail HW: 19
  best tail r61 HW: 21
  best W1[57..59]=0x1688,0xe83,0x2d63
  best W2[57..59]=0x1595,0x2612,0x3553

SUMMARY N=14 sample_start=216662016 prefixes=32768 total=536870912 d0=32805 best_tail=19 tail_r61=21 best_r61=13 tail_W1=0x1688,0xe83,0x2d63 tail_W2=0x1595,0x2612,0x3553 r61_W1=0x30ea,0x456,0x717 r61_W2=0x2ff7,0x1d1b,0x1279

Scan-only witness registry
  registry_count=16 registry_cap=16
  witness[00] tail=19 r61=21 gh60=0xde5cd9e W1=0x1688,0xe83,0x2d63 W2=0x1595,0x2612,0x3553
  witness[01] tail=21 r61=17 gh60=0xcb2849a W1=0x2345,0x120c,0x930 W2=0x2252,0x3a55,0x1f65
  witness[02] tail=22 r61=19 gh60=0x5b847ba W1=0x1b7a,0x2838,0x26b8 W2=0x1a87,0x2983,0x10a6
  witness[03] tail=23 r61=18 gh60=0xca6dcba W1=0xf6,0x30fe,0x2202 W2=0x3,0x11fe,0x2653
  witness[04] tail=23 r61=23 gh60=0xcad8c9a W1=0x2749,0x21f0,0x37f1 W2=0x2656,0x4fe,0x2d7
  witness[05] tail=24 r61=17 gh60=0xc8a47a6 W1=0xbb4,0x25de,0x1a69 W2=0xac1,0x10b4,0x2c44
  witness[06] tail=24 r61=20 gh60=0x4b684be W1=0x3237,0x197,0x2be4 W2=0x3144,0x1cb9,0x11d0
  witness[07] tail=24 r61=22 gh60=0xc5a84ba W1=0xbf9,0x1a76,0x320d W2=0xb06,0x1f8,0x214e
  witness[08] tail=24 r61=23 gh60=0xc67dbe6 W1=0x18c,0x27d0,0x4e W2=0x99,0x2b9d,0x2059
  witness[09] tail=24 r61=26 gh60=0xcf1c5a6 W1=0x2ac4,0x2ead,0x19c6 W2=0x29d1,0x2213,0x2210
  witness[10] tail=24 r61=28 gh60=0xb99bba6 W1=0x11b3,0x12e,0x300c W2=0x10c0,0x3498,0x2a88
  witness[11] tail=25 r61=14 gh60=0x46245aa W1=0x2482,0x644,0x35ff W2=0x238f,0x1671,0xfef
  witness[12] tail=25 r61=21 gh60=0xcae47e6 W1=0x1b94,0x2325,0xccf W2=0x1aa1,0x1d83,0x980
  witness[13] tail=25 r61=23 gh60=0xdf984a6 W1=0x13eb,0x3ab8,0x886 W2=0x12f8,0x3a95,0x378a
  witness[14] tail=25 r61=23 gh60=0xcdbc4aa W1=0x31ee,0xdad,0x8d7 W2=0x30fb,0x216e,0x23b5
  witness[15] tail=25 r61=25 gh60=0xfe0c4ee W1=0x220,0x3b0e,0x11a W2=0x12d,0x1a99,0x1a5d

Scan-only r61 registry
  registry_count=16 registry_cap=16
  r61_witness[00] r61=13 tail=26 gh60=0x4687c9a W1=0x30ea,0x456,0x717 W2=0x2ff7,0x1d1b,0x1279
  r61_witness[01] r61=14 tail=25 gh60=0x46245aa W1=0x2482,0x644,0x35ff W2=0x238f,0x1671,0xfef
  r61_witness[02] r61=14 tail=27 gh60=0x4a84ba6 W1=0x57c,0x1fad,0x37d5 W2=0x489,0x27f2,0x3f71
  r61_witness[03] r61=14 tail=31 gh60=0xb4884ae W1=0x323f,0xbfc,0x3326 W2=0x314c,0x60c,0x3759
  r61_witness[04] r61=15 tail=31 gh60=0xb88bcaa W1=0x113d,0x2c1a,0x1c50 W2=0x104a,0x1d01,0x3d77
  r61_witness[05] r61=15 tail=31 gh60=0xce08de6 W1=0x288b,0x359,0x2364 W2=0x2798,0x3413,0x16fa
  r61_witness[06] r61=15 tail=32 gh60=0xcba84e6 W1=0x1523,0x39e9,0x1119 W2=0x1430,0x285c,0x3111
  r61_witness[07] r61=15 tail=37 gh60=0x49e9c9a W1=0x1e05,0xb7b,0x725 W2=0x1d12,0x3683,0x1182
  r61_witness[08] r61=15 tail=37 gh60=0x4899fe6 W1=0x1fa3,0xee1,0xc60 W2=0x1eb0,0x34cd,0x24a9
  r61_witness[09] r61=16 tail=26 gh60=0xc918f6a W1=0x2761,0x355e,0x3fb7 W2=0x266e,0x3869,0x3c16
  r61_witness[10] r61=16 tail=30 gh60=0x4988ca6 W1=0x293b,0x3518,0x396c W2=0x2848,0x2e24,0x937
  r61_witness[11] r61=16 tail=32 gh60=0xde07bfa W1=0xd9a,0x2b64,0x144c W2=0xca7,0xf28,0x3c1b
  r61_witness[12] r61=16 tail=36 gh60=0x3d94caa W1=0x63e,0x5df,0x3f71 W2=0x54b,0xd0f,0x3942
  r61_witness[13] r61=16 tail=36 gh60=0xce08de6 W1=0x288b,0x359,0x236c W2=0x2798,0x3413,0x1702
  r61_witness[14] r61=16 tail=37 gh60=0x448ccba W1=0x163a,0x21a7,0x1b9a W2=0x1547,0x199f,0x2751
  r61_witness[15] r61=16 tail=41 gh60=0x4908f6a W1=0x1761,0x1659,0x3e4f W2=0x166e,0x2668,0x38e7

D60=0 fiber histogram: 1:8009 2:4790 3:1790 4:1108 5:395 6:227 7:95 8:71 9:27 10:23 11:12 12:7 13:5 14:4 16:1 18:1
