free_word_mitm_reducedn
N=14 mask=0x3fff msb=0x2000
candidate: M0=0x3d36 mode=random-fallback fill=0x3fff kernel=dM0=dM9=0x2000
prefixes=32768/268435456 mode=permuted-prefix-sample w59_per_prefix=16384 total=536870912
run_mode=scan registry_cap=16
sample_start=115998720
scan_elapsed=15.627s rate=34.36 Mtriples/s

D60 interface
  D60=0 matches: 32971 (random expectation 32768.0, enrichment 1.006x)
  prefixes with D60=0: 16627
  max D60=0 fiber per prefix: 19 at W57=0x2f65 W58=0x1213
  largest D60 bucket: D=0x1e87 count=33777
  min D60 HW: 0
  D60 HW histogram: 0:32971 1:457308 2:2983487 3:11946196 4:32847268 5:65663592 6:98476620 7:112500827 8:98364610 9:65502088 10:32734965 11:11899862 12:2971297 13:457035 14:32786

Tail closure among D60=0 matches
  final tail collisions: 0
  best r61 HW: 12
  best r61 W1[57..59]=0x176b,0x867,0x21fd
  best r61 W2[57..59]=0x1678,0x3e2b,0xba5
  best tail HW: 19
  best tail r61 HW: 21
  best W1[57..59]=0x1f5d,0x307f,0xdf2
  best W2[57..59]=0x1e6a,0x2286,0xca1

SUMMARY N=14 sample_start=115998720 prefixes=32768 total=536870912 d0=32971 best_tail=19 tail_r61=21 best_r61=12 tail_W1=0x1f5d,0x307f,0xdf2 tail_W2=0x1e6a,0x2286,0xca1 r61_W1=0x176b,0x867,0x21fd r61_W2=0x1678,0x3e2b,0xba5

Scan-only witness registry
  registry_count=16 registry_cap=16
  witness[00] tail=19 r61=21 gh60=0xc709f6a W1=0x1f5d,0x307f,0xdf2 W2=0x1e6a,0x2286,0xca1
  witness[01] tail=21 r61=12 gh60=0x4688fa6 W1=0x176b,0x867,0x21fd W2=0x1678,0x3e2b,0xba5
  witness[02] tail=22 r61=20 gh60=0x491db66 W1=0x3dd4,0x3109,0x28a4 W2=0x3ce1,0x3572,0x806
  witness[03] tail=22 r61=21 gh60=0x4a08bee W1=0x99f,0x239a,0x1415 W2=0x8ac,0x161d,0x1e2a
  witness[04] tail=23 r61=19 gh60=0x49984aa W1=0x1b41,0x557,0x279e W2=0x1a4e,0x1c07,0x190e
  witness[05] tail=23 r61=19 gh60=0xca2cca6 W1=0x2704,0x316d,0x37cb W2=0x2611,0x1d2a,0x3278
  witness[06] tail=23 r61=23 gh60=0xce08dea W1=0x389d,0x1ed1,0x2fde W2=0x37aa,0x3b9c,0x137a
  witness[07] tail=24 r61=23 gh60=0x5b3fba6 W1=0x11c4,0x7ec,0x131b W2=0x10d1,0x3653,0x1026
  witness[08] tail=24 r61=24 gh60=0xcb97caa W1=0x2ffe,0x222e,0xd81 W2=0x2f0b,0x1966,0x3723
  witness[09] tail=25 r61=14 gh60=0x46284a6 W1=0x2c03,0xa8e,0x29f4 W2=0x2b10,0x188b,0x1832
  witness[10] tail=25 r61=20 gh60=0x5519d6a W1=0x4d,0x1fda,0x319f W2=0x3f5a,0x25a9,0x2097
  witness[11] tail=25 r61=20 gh60=0x578449a W1=0x1cea,0x2495,0x2b6f W2=0x1bf7,0x1b5f,0x537
  witness[12] tail=25 r61=20 gh60=0x5ba7cea W1=0x2e22,0x2cb,0x3281 W2=0x2d2f,0x3fd3,0x178a
  witness[13] tail=25 r61=22 gh60=0x4a1c5e6 W1=0x2294,0x3683,0x1191 W2=0x21a1,0x2b4f,0x32b9
  witness[14] tail=25 r61=24 gh60=0x5e084e6 W1=0x3a1b,0x79,0x63e W2=0x3928,0x1d4c,0x1540
  witness[15] tail=25 r61=27 gh60=0x45b45ae W1=0x14c0,0xb3c,0x186 W2=0x13cd,0x1f5,0x3d65

Scan-only r61 registry
  registry_count=16 registry_cap=16
  r61_witness[00] r61=12 tail=21 gh60=0x4688fa6 W1=0x176b,0x867,0x21fd W2=0x1678,0x3e2b,0xba5
  r61_witness[01] r61=13 tail=27 gh60=0x4a184ee W1=0x41f,0x198d,0x3c63 W2=0x32c,0x7a7,0x1f06
  r61_witness[02] r61=13 tail=28 gh60=0xc6084ea W1=0x1c1d,0x2676,0x359 W2=0x1b2a,0x3f28,0x29be
  r61_witness[03] r61=14 tail=25 gh60=0x46284a6 W1=0x2c03,0xa8e,0x29f4 W2=0x2b10,0x188b,0x1832
  r61_witness[04] r61=15 tail=29 gh60=0x5888faa W1=0x7c1,0x20a3,0xda1 W2=0x6ce,0x1daa,0x17c5
  r61_witness[05] r61=15 tail=30 gh60=0x4618cea W1=0x291d,0x2d9,0x1561 W2=0x282a,0x2c0,0x7a7
  r61_witness[06] r61=15 tail=33 gh60=0x4b985aa W1=0x27d,0xeff,0x22ea W2=0x18a,0x1a93,0x1bc9
  r61_witness[07] r61=16 tail=29 gh60=0x5a29b9a W1=0x189,0x1e5d,0x2b58 W2=0x96,0x1c31,0x438
  r61_witness[08] r61=16 tail=29 gh60=0x4b07c9a W1=0x304a,0x278b,0x197 W2=0x2f57,0x3c50,0xf5c
  r61_witness[09] r61=16 tail=31 gh60=0x4a085ea W1=0x1a9d,0x213a,0x356c W2=0x19aa,0x44,0x509
  r61_witness[10] r61=16 tail=31 gh60=0x4b94caa W1=0x36fe,0x29a1,0x3450 W2=0x360b,0x3e91,0x24fa
  r61_witness[11] r61=16 tail=31 gh60=0x4b09f6e W1=0x3fdf,0xd54,0xbc0 W2=0x3eec,0x3f7f,0x2d22
  r61_witness[12] r61=16 tail=32 gh60=0x4984fa6 W1=0x17bc,0xaa1,0x1067 W2=0x16c9,0xd6,0x3cd1
  r61_witness[13] r61=16 tail=35 gh60=0xc4985aa W1=0x14b1,0x2c27,0x35c0 W2=0x13be,0x3bbf,0x1b5f
  r61_witness[14] r61=16 tail=35 gh60=0x4a0c5ea W1=0x329e,0x76c,0x3e51 W2=0x31ab,0x11fb,0x1847
  r61_witness[15] r61=17 tail=26 gh60=0x7a7849e W1=0x3e7,0x2076,0x260d W2=0x2f4,0x2ea1,0x2b16

D60=0 fiber histogram: 1:7994 2:4880 3:1816 4:1056 5:411 6:213 7:71 8:93 9:35 10:32 11:5 12:13 13:1 14:2 16:3 17:1 19:1
