free_word_mitm_reducedn
N=14 mask=0x3fff msb=0x2000
candidate: M0=0x3d36 mode=random-fallback fill=0x3fff kernel=dM0=dM9=0x2000
prefixes=32768/268435456 mode=permuted-prefix-sample w59_per_prefix=16384 total=536870912
run_mode=scan registry_cap=16
sample_start=220463104
scan_elapsed=18.541s rate=28.96 Mtriples/s

D60 interface
  D60=0 matches: 32700 (random expectation 32768.0, enrichment 0.998x)
  prefixes with D60=0: 16499
  max D60=0 fiber per prefix: 17 at W57=0x3d72 W58=0x172e
  largest D60 bucket: D=0x12ed count=33817
  min D60 HW: 0
  D60 HW histogram: 0:32700 1:456784 2:2976728 3:11911519 4:32793851 5:65603131 6:98434835 7:112483595 8:98408041 9:65608373 10:32793458 11:11907000 12:2971958 13:456114 14:32825

Tail closure among D60=0 matches
  final tail collisions: 0
  best r61 HW: 13
  best r61 W1[57..59]=0x2e2a,0x3062,0x3eb7
  best r61 W2[57..59]=0x2d37,0xae7,0x1419
  best tail HW: 21
  best tail r61 HW: 16
  best W1[57..59]=0x2dc,0x3162,0x1865
  best W2[57..59]=0x1e9,0x98,0xd0d

SUMMARY N=14 sample_start=220463104 prefixes=32768 total=536870912 d0=32700 best_tail=21 tail_r61=16 best_r61=13 tail_W1=0x2dc,0x3162,0x1865 tail_W2=0x1e9,0x98,0xd0d r61_W1=0x2e2a,0x3062,0x3eb7 r61_W2=0x2d37,0xae7,0x1419

Scan-only witness registry
  registry_count=16 registry_cap=16
  witness[00] tail=21 r61=16 gh60=0x550c566 W1=0x2dc,0x3162,0x1865 W2=0x1e9,0x98,0xd0d
  witness[01] tail=21 r61=19 gh60=0x3798ba6 W1=0x157b,0x3db,0x1d02 W2=0x1488,0x1c0f,0x13b
  witness[02] tail=21 r61=20 gh60=0x57f47ae W1=0x23c0,0x131a,0x1f9b W2=0x22cd,0xe53,0x2d4
  witness[03] tail=23 r61=19 gh60=0x4a18fa6 W1=0x2783,0x2db8,0x33a4 W2=0x2690,0x139c,0x36e5
  witness[04] tail=24 r61=20 gh60=0x4a15bee W1=0x1da0,0x282d,0x14e2 W2=0x1cad,0x1fad,0x2289
  witness[05] tail=24 r61=21 gh60=0x45684a6 W1=0xc33,0x2a29,0x946 W2=0xb40,0x3896,0x2419
  witness[06] tail=25 r61=22 gh60=0xcd1c566 W1=0xc4c,0x2f61,0x285a W2=0xb59,0x25b5,0x4f4
  witness[07] tail=25 r61=23 gh60=0xdadc49e W1=0xa08,0x2835,0x3c1a W2=0x915,0x24a9,0x20fd
  witness[08] tail=25 r61=26 gh60=0xdee5baa W1=0x182,0x30ca,0x2b8e W2=0x8f,0x1b76,0x3963
  witness[09] tail=26 r61=18 gh60=0x4a04ce6 W1=0x380c,0x80e,0x2ce3 W2=0x3719,0xfa5,0x3574
  witness[10] tail=26 r61=20 gh60=0xca64b6a W1=0x3962,0x17e,0x23b8 W2=0x386f,0x3b9a,0x32fe
  witness[11] tail=26 r61=20 gh60=0x490df6a W1=0x3fce,0x399e,0x3a28 W2=0x3edb,0x3bba,0xac0
  witness[12] tail=26 r61=21 gh60=0xcd1856a W1=0x22d1,0xfa9,0x5ce W2=0x21de,0x7bf,0x271d
  witness[13] tail=26 r61=21 gh60=0x791c76a W1=0x23ce,0x450,0x1c2b W2=0x22db,0x3eb7,0x312a
  witness[14] tail=26 r61=23 gh60=0x4a084ea W1=0x30d,0x11de,0x381a W2=0x21a,0x1850,0x3afe
  witness[15] tail=26 r61=24 gh60=0xc6fccaa W1=0x28fe,0x3a02,0x3ee W2=0x280b,0x3bf2,0x470

Scan-only r61 registry
  registry_count=16 registry_cap=16
  r61_witness[00] r61=13 tail=29 gh60=0x4487c9a W1=0x2e2a,0x3062,0x3eb7 W2=0x2d37,0xae7,0x1419
  r61_witness[01] r61=14 tail=28 gh60=0x38987aa W1=0x13b1,0x1500,0x14be W2=0x12be,0x2858,0x3df5
  r61_witness[02] r61=15 tail=34 gh60=0x4905f9a W1=0x1fca,0x3857,0x2cc6 W2=0x1ed7,0x28a8,0x1d7d
  r61_witness[03] r61=15 tail=37 gh60=0x4c98c9a W1=0x825,0x3422,0x556 W2=0x732,0x14ec,0x663
  r61_witness[04] r61=16 tail=21 gh60=0x550c566 W1=0x2dc,0x3162,0x1865 W2=0x1e9,0x98,0xd0d
  r61_witness[05] r61=16 tail=27 gh60=0xc8944ae W1=0x2d30,0x18ef,0x11dc W2=0x2c3d,0x510,0x21ca
  r61_witness[06] r61=16 tail=30 gh60=0x4b08d6a W1=0x2861,0x2e80,0xb03 W2=0x276e,0x2dbb,0x1280
  r61_witness[07] r61=16 tail=31 gh60=0x4a08cea W1=0x1611,0x3aad,0x316b W2=0x151e,0x14b8,0x90d
  r61_witness[08] r61=16 tail=34 gh60=0x39887aa W1=0x1b6d,0x1fbf,0xe44 W2=0x1a7a,0x2183,0x3ead
  r61_witness[09] r61=16 tail=35 gh60=0x4699ca6 W1=0x1ef3,0x102a,0x34b3 W2=0x1e00,0xed8,0x20ec
  r61_witness[10] r61=16 tail=36 gh60=0xcd88ca6 W1=0x27fb,0x2a4b,0x1d3c W2=0x2708,0x13d7,0x2f9e
  r61_witness[11] r61=16 tail=37 gh60=0x4a08cea W1=0x1611,0x3aad,0x30eb W2=0x151e,0x14b8,0x88d
  r61_witness[12] r61=16 tail=37 gh60=0x4639fe6 W1=0x3f9b,0x358e,0x3ef W2=0x3ea8,0x1bca,0xda
  r61_witness[13] r61=16 tail=39 gh60=0x4908b6e W1=0x195f,0x2e16,0x16d9 W2=0x186c,0x2c25,0x3bc
  r61_witness[14] r61=16 tail=41 gh60=0x4608dee W1=0x69f,0x815,0x44f W2=0x5ac,0x2dc8,0x2a0b
  r61_witness[15] r61=17 tail=28 gh60=0xc524caa W1=0x1642,0x1b29,0x187c W2=0x154f,0x33bd,0x1dae

D60=0 fiber histogram: 1:7953 2:4754 3:1798 4:1116 5:415 6:239 7:81 8:69 9:30 10:26 11:6 12:5 13:4 14:2 17:1
