free_word_mitm_reducedn
N=14 mask=0x3fff msb=0x2000
candidate: M0=0x3d36 mode=random-fallback fill=0x3fff kernel=dM0=dM9=0x2000
prefixes=32768/268435456 mode=permuted-prefix-sample w59_per_prefix=16384 total=536870912
run_mode=scan registry_cap=16
sample_start=27525120
scan_elapsed=18.577s rate=28.90 Mtriples/s

D60 interface
  D60=0 matches: 32928 (random expectation 32768.0, enrichment 1.005x)
  prefixes with D60=0: 16590
  max D60=0 fiber per prefix: 16 at W57=0x35d3 W58=0x12cf
  largest D60 bucket: D=0xfe3 count=33769
  min D60 HW: 0
  D60 HW histogram: 0:32928 1:458866 2:2980930 3:11927780 4:32817812 5:65630255 6:98455130 7:112491009 8:98367815 9:65563374 10:32766609 11:11907449 12:2978606 13:459692 14:32657

Tail closure among D60=0 matches
  final tail collisions: 0
  best r61 HW: 14
  best r61 W1[57..59]=0x194e,0x2958,0x2a3a
  best r61 W2[57..59]=0x185b,0x3b94,0x6dc
  best tail HW: 21
  best tail r61 HW: 24
  best W1[57..59]=0x9d6,0xc04,0x1266
  best W2[57..59]=0x8e3,0x940,0x8d

SUMMARY N=14 sample_start=27525120 prefixes=32768 total=536870912 d0=32928 best_tail=21 tail_r61=24 best_r61=14 tail_W1=0x9d6,0xc04,0x1266 tail_W2=0x8e3,0x940,0x8d r61_W1=0x194e,0x2958,0x2a3a r61_W2=0x185b,0x3b94,0x6dc

Scan-only witness registry
  registry_count=16 registry_cap=16
  witness[00] tail=21 r61=24 gh60=0xcf3cb7a W1=0x9d6,0xc04,0x1266 W2=0x8e3,0x940,0x8d
  witness[01] tail=23 r61=19 gh60=0x3f04d66 W1=0x64c,0x2032,0x22e0 W2=0x559,0x3ae5,0x21b6
  witness[02] tail=23 r61=19 gh60=0x4724ca6 W1=0x2744,0x1606,0x314c W2=0x2651,0x143,0x7ca
  witness[03] tail=23 r61=21 gh60=0x4b99daa W1=0x206d,0x24aa,0x6fa W2=0x1f7a,0x3111,0x155c
  witness[04] tail=23 r61=21 gh60=0x44b5daa W1=0x3ebe,0x2090,0xd0c W2=0x3dcb,0x226c,0x2a8f
  witness[05] tail=23 r61=24 gh60=0xdaacdbe W1=0x1678,0x2e97,0x19b6 W2=0x1585,0x6cf,0x32da
  witness[06] tail=24 r61=18 gh60=0xb568c9e W1=0x827,0xdcb,0x3644 W2=0x734,0x16b9,0x17c7
  witness[07] tail=24 r61=20 gh60=0xbb98cba W1=0x36f5,0x1a50,0x101b W2=0x3602,0xecb,0x3e2
  witness[08] tail=24 r61=21 gh60=0x4989cae W1=0x213f,0x13e5,0x574 W2=0x204c,0x2bb8,0x4bb
  witness[09] tail=24 r61=22 gh60=0x3b19da6 W1=0x3ec3,0x1982,0x29e3 W2=0x3dd0,0xfd8,0x2ad0
  witness[10] tail=25 r61=14 gh60=0xd974b6a W1=0x194e,0x2958,0x2a3a W2=0x185b,0x3b94,0x6dc
  witness[11] tail=25 r61=19 gh60=0xb59c4ba W1=0x1fa,0x2372,0x1003 W2=0x107,0x6e9,0x399
  witness[12] tail=25 r61=21 gh60=0x4a045e6 W1=0x328c,0x3801,0xcb1 W2=0x3199,0x1bbf,0x2634
  witness[13] tail=25 r61=22 gh60=0x49a7ce6 W1=0xf24,0x7b6,0x3d44 W2=0xe31,0x26ff,0x1e9
  witness[14] tail=25 r61=23 gh60=0xb7d8c9e W1=0x807,0x2c0d,0x2e24 W2=0x714,0x37bf,0x2ed8
  witness[15] tail=25 r61=26 gh60=0xffb9caa W1=0x3ef1,0x288b,0x1eea W2=0x3dfe,0x2ece,0x3519

Scan-only r61 registry
  registry_count=16 registry_cap=16
  r61_witness[00] r61=14 tail=25 gh60=0xd974b6a W1=0x194e,0x2958,0x2a3a W2=0x185b,0x3b94,0x6dc
  r61_witness[01] r61=15 tail=26 gh60=0xf908b66 W1=0x154b,0xb3e,0x1a50 W2=0x1458,0x1d14,0x1200
  r61_witness[02] r61=15 tail=27 gh60=0x4908b6e W1=0x295f,0x71b,0x56f W2=0x286c,0x3926,0x1335
  r61_witness[03] r61=15 tail=31 gh60=0x7a2c7aa W1=0x382,0x2b3d,0x1a84 W2=0x28f,0x1d2a,0x154
  r61_witness[04] r61=15 tail=34 gh60=0x45a4ce6 W1=0x624,0x340f,0x20f6 W2=0x531,0x3546,0x3a7d
  r61_witness[05] r61=15 tail=34 gh60=0xd8a8bbe W1=0x29b7,0x21f0,0x2918 W2=0x28c4,0x1507,0x2145
  r61_witness[06] r61=15 tail=34 gh60=0x492879e W1=0x3bc7,0x1247,0x29b6 W2=0x3ad4,0x1c6a,0xd9f
  r61_witness[07] r61=16 tail=26 gh60=0x4908766 W1=0x1b5b,0x254c,0xcad W2=0x1a68,0x1977,0x1c3a
  r61_witness[08] r61=16 tail=28 gh60=0x58a5baa W1=0x3db2,0x14aa,0x623 W2=0x3cbf,0x6f6,0x208a
  r61_witness[09] r61=16 tail=29 gh60=0x5b0856a W1=0x3add,0x7c8,0x4a6 W2=0x39ea,0x2442,0x3f41
  r61_witness[10] r61=16 tail=30 gh60=0x59acba6 W1=0x29b4,0x107d,0x1dec W2=0x28c1,0x1452,0x2a88
  r61_witness[11] r61=16 tail=30 gh60=0x4e04cfa W1=0x371a,0x3115,0x25dd W2=0x3627,0x2351,0x1e44
  r61_witness[12] r61=16 tail=32 gh60=0x4708f66 W1=0x17db,0x2388,0x2dc3 W2=0x16e8,0x1bba,0x2c24
  r61_witness[13] r61=16 tail=33 gh60=0x490bb66 W1=0x115b,0x174c,0x2314 W2=0x1068,0x998,0x3810
  r61_witness[14] r61=16 tail=35 gh60=0x3a08be6 W1=0x358b,0xcc4,0x248b W2=0x3498,0x2712,0x1697
  r61_witness[15] r61=16 tail=36 gh60=0x5889baa W1=0x1dc1,0x31ca,0x1e37 W2=0x1cce,0x2f15,0x125f

D60=0 fiber histogram: 1:7981 2:4834 3:1735 4:1170 5:386 6:242 7:85 8:87 9:29 10:22 11:8 12:3 13:2 14:2 15:2 16:2
