free_word_mitm_reducedn
N=14 mask=0x3fff msb=0x2000
candidate: M0=0x3d36 mode=random-fallback fill=0x3fff kernel=dM0=dM9=0x2000
prefixes=32768/268435456 mode=permuted-prefix-sample w59_per_prefix=16384 total=536870912
run_mode=scan registry_cap=16
sample_start=192446464
scan_elapsed=20.416s rate=26.30 Mtriples/s

D60 interface
  D60=0 matches: 32850 (random expectation 32768.0, enrichment 1.003x)
  prefixes with D60=0: 16635
  max D60=0 fiber per prefix: 18 at W57=0x3aee W58=0x3c2b
  largest D60 bucket: D=0x75d count=33706
  min D60 HW: 0
  D60 HW histogram: 0:32850 1:458166 2:2984680 3:11942467 4:32831126 5:65633596 6:98441837 7:112487343 8:98371302 9:65561233 10:32753493 11:11903614 12:2978557 13:457616 14:33032

Tail closure among D60=0 matches
  final tail collisions: 0
  best r61 HW: 13
  best r61 W1[57..59]=0x1c8d,0x2b7b,0xf4b
  best r61 W2[57..59]=0x1b9a,0xd19,0x54f
  best tail HW: 19
  best tail r61 HW: 16
  best W1[57..59]=0x39b,0x2a05,0x109b
  best W2[57..59]=0x2a8,0x1442,0xe32

SUMMARY N=14 sample_start=192446464 prefixes=32768 total=536870912 d0=32850 best_tail=19 tail_r61=16 best_r61=13 tail_W1=0x39b,0x2a05,0x109b tail_W2=0x2a8,0x1442,0xe32 r61_W1=0x1c8d,0x2b7b,0xf4b r61_W2=0x1b9a,0xd19,0x54f

Scan-only witness registry
  registry_count=16 registry_cap=16
  witness[00] tail=19 r61=16 gh60=0xde087e6 W1=0x39b,0x2a05,0x109b W2=0x2a8,0x1442,0xe32
  witness[01] tail=22 r61=17 gh60=0xc9e4fa6 W1=0x17b4,0x1ed4,0x14e1 W2=0x16c1,0x1429,0x25e0
  witness[02] tail=22 r61=19 gh60=0xda15bea W1=0x18e,0x263b,0x2a64 W2=0x9b,0x220b,0x27df
  witness[03] tail=22 r61=19 gh60=0xb998faa W1=0x27bd,0x3232,0xf1f W2=0x26ca,0x1f35,0x1cb9
  witness[04] tail=22 r61=21 gh60=0x5b1c566 W1=0x1cdc,0xa21,0x888 W2=0x1be9,0x1645,0x39c2
  witness[05] tail=23 r61=19 gh60=0x4a24ce6 W1=0x714,0x1719,0xcae W2=0x621,0x5cc,0x31c6
  witness[06] tail=23 r61=19 gh60=0x4d24ca6 W1=0x1644,0x268c,0x2542 W2=0x1551,0x36c9,0x1c30
  witness[07] tail=23 r61=20 gh60=0xd9e8f9e W1=0x1767,0x1fd7,0x1dca W2=0x1674,0x27ad,0x22bb
  witness[08] tail=24 r61=19 gh60=0x54abca6 W1=0x1033,0x1ab4,0xfa0 W2=0xf40,0x1b5e,0x2c3e
  witness[09] tail=24 r61=20 gh60=0xd51856e W1=0xa5f,0x3cfa,0x1573 W2=0x96c,0x269c,0xb4c
  witness[10] tail=24 r61=22 gh60=0x4eb9cae W1=0x20ef,0x352f,0x24b3 W2=0x1ffc,0x1192,0x3511
  witness[11] tail=24 r61=23 gh60=0x3f984a6 W1=0x3cfb,0x3c0a,0x3fc0 W2=0x3c08,0xad5,0x17e4
  witness[12] tail=24 r61=25 gh60=0xda77fee W1=0x2fa0,0x335f,0x14d3 W2=0x2ead,0x1f23,0x194d
  witness[13] tail=25 r61=16 gh60=0x49b9c9a W1=0xe5,0xd17,0x3854 W2=0x3ff2,0x321f,0x3520
  witness[14] tail=25 r61=17 gh60=0xca6c4ba W1=0x33f6,0x335c,0x37b8 W2=0x3303,0x289b,0x2297
  witness[15] tail=25 r61=18 gh60=0x3bb4b9e W1=0x35a8,0xec9,0x1262 W2=0x34b5,0x15e4,0x1fb2

Scan-only r61 registry
  registry_count=16 registry_cap=16
  r61_witness[00] r61=13 tail=30 gh60=0x4a085ea W1=0x1c8d,0x2b7b,0xf4b W2=0x1b9a,0xd19,0x54f
  r61_witness[01] r61=14 tail=27 gh60=0x45844ba W1=0x243a,0x1725,0x9fa W2=0x2347,0x3d98,0xf34
  r61_witness[02] r61=14 tail=28 gh60=0x4b07b66 W1=0x315c,0x34ef,0x2d27 W2=0x3069,0x293c,0x2442
  r61_witness[03] r61=14 tail=37 gh60=0x5708b6e W1=0x35df,0x1616,0x2acd W2=0x34ec,0x1825,0x1e9c
  r61_witness[04] r61=15 tail=31 gh60=0x4b08d6e W1=0x164f,0x264,0x122 W2=0x155c,0x338f,0x3a7d
  r61_witness[05] r61=15 tail=32 gh60=0x4884bba W1=0x29ba,0x2132,0x1c69 W2=0x28c7,0xc2e,0x36e5
  r61_witness[06] r61=15 tail=32 gh60=0x4b984aa W1=0x332d,0x387a,0x3fa6 W2=0x323a,0xf76,0xbfe
  r61_witness[07] r61=15 tail=34 gh60=0x5629cfe W1=0x2017,0x1f23,0x2c1e W2=0x1f24,0x2a0a,0x35f5
  r61_witness[08] r61=16 tail=19 gh60=0xde087e6 W1=0x39b,0x2a05,0x109b W2=0x2a8,0x1442,0xe32
  r61_witness[09] r61=16 tail=25 gh60=0x49b9c9a W1=0xe5,0xd17,0x3854 W2=0x3ff2,0x321f,0x3520
  r61_witness[10] r61=16 tail=27 gh60=0xc6dbf9a W1=0xf69,0x2e08,0x2d5c W2=0xe76,0x1ea0,0x1eaa
  r61_witness[11] r61=16 tail=27 gh60=0xca8c7ba W1=0x337a,0x3b62,0x2310 W2=0x3287,0x3cad,0x3239
  r61_witness[12] r61=16 tail=28 gh60=0xce1bfa6 W1=0x2f83,0x2aea,0xedd W2=0x2e90,0x24c,0xf59
  r61_witness[13] r61=16 tail=29 gh60=0x4b2857a W1=0x2cd9,0x17b3,0x26ff W2=0x2be6,0x34e7,0x1f1d
  r61_witness[14] r61=16 tail=30 gh60=0x4c8449a W1=0x142a,0x2b2c,0x2f1f W2=0x1337,0x20b4,0x174f
  r61_witness[15] r61=16 tail=32 gh60=0x4b07f7a W1=0x2f5a,0x10e8,0x190f W2=0x2e67,0x2efc,0xe22

D60=0 fiber histogram: 1:8094 2:4768 3:1790 4:1069 5:453 6:241 7:67 8:81 9:27 10:24 11:9 12:3 13:4 14:3 16:1 18:1
