free_word_mitm_reducedn
N=14 mask=0x3fff msb=0x2000
candidate: M0=0x3d36 mode=random-fallback fill=0x3fff kernel=dM0=dM9=0x2000
prefixes=32768/268435456 mode=permuted-prefix-sample w59_per_prefix=16384 total=536870912
run_mode=scan registry_cap=16
sample_start=125337600
scan_elapsed=20.565s rate=26.11 Mtriples/s

D60 interface
  D60=0 matches: 32327 (random expectation 32768.0, enrichment 0.987x)
  prefixes with D60=0: 16561
  max D60=0 fiber per prefix: 17 at W57=0x1409 W58=0xb8f
  largest D60 bucket: D=0x1e6b count=33756
  min D60 HW: 0
  D60 HW histogram: 0:32327 1:458352 2:2982383 3:11937827 4:32828826 5:65683704 6:98489656 7:112467578 8:98344503 9:65543304 10:32741229 11:11900264 12:2972120 13:456099 14:32740

Tail closure among D60=0 matches
  final tail collisions: 0
  best r61 HW: 12
  best r61 W1[57..59]=0x2d,0x4de,0xfbe
  best r61 W2[57..59]=0x3f3a,0x499,0x35e2
  best tail HW: 22
  best tail r61 HW: 24
  best W1[57..59]=0x2ad2,0x2ea5,0x3467
  best W2[57..59]=0x29df,0x3540,0x2fb2

SUMMARY N=14 sample_start=125337600 prefixes=32768 total=536870912 d0=32327 best_tail=22 tail_r61=24 best_r61=12 tail_W1=0x2ad2,0x2ea5,0x3467 tail_W2=0x29df,0x3540,0x2fb2 r61_W1=0x2d,0x4de,0xfbe r61_W2=0x3f3a,0x499,0x35e2

Scan-only witness registry
  registry_count=16 registry_cap=16
  witness[00] tail=22 r61=24 gh60=0xbb1c56a W1=0x2ad2,0x2ea5,0x3467 W2=0x29df,0x3540,0x2fb2
  witness[01] tail=23 r61=19 gh60=0x4ba4da6 W1=0x36b4,0x6c4,0x2111 W2=0x35c1,0xe19,0x2b26
  witness[02] tail=23 r61=25 gh60=0x36e84e6 W1=0xb13,0x1e0b,0x116a W2=0xa20,0x1aec,0x1200
  witness[03] tail=24 r61=15 gh60=0x4a0c4ea W1=0x3b0e,0xde9,0x954 W2=0x3a1b,0x23f4,0x3b0e
  witness[04] tail=24 r61=18 gh60=0xca085e6 W1=0x3a9b,0x65d,0x90 W2=0x39a8,0x2b08,0x10b2
  witness[05] tail=24 r61=23 gh60=0x4a384ee W1=0x3b0f,0x3bc8,0x3eaf W2=0x3a1c,0x2de2,0x1971
  witness[06] tail=25 r61=14 gh60=0x4b0bf66 W1=0x2fdb,0x31d4,0x3b9f W2=0x2ee8,0x880,0x2a7
  witness[07] tail=25 r61=19 gh60=0xd888ba6 W1=0x19bb,0x27e2,0x1854 W2=0x18c8,0x3ba6,0x30bb
  witness[08] tail=25 r61=20 gh60=0x4a68b9a W1=0x1569,0x2b22,0x1735 W2=0x1476,0x3cf8,0x1bfa
  witness[09] tail=25 r61=20 gh60=0xd5a8c9e W1=0x27e7,0x31e9,0x226a W2=0x26f4,0x3d5b,0x3609
  witness[10] tail=25 r61=21 gh60=0xda0dcea W1=0x10e,0x1b04,0x5a0 W2=0x1b,0x1d8c,0x23c6
  witness[11] tail=25 r61=21 gh60=0x5e044e6 W1=0x1c1c,0x3b6e,0x16b1 W2=0x1b29,0x832,0x35b8
  witness[12] tail=25 r61=22 gh60=0xc698ca6 W1=0x35f3,0x1647,0x368d W2=0x3500,0x15f3,0x1b42
  witness[13] tail=25 r61=23 gh60=0xd56fda6 W1=0x10c4,0x106a,0x2bca W2=0xfd1,0xd51,0x2419
  witness[14] tail=25 r61=24 gh60=0x4b8449a W1=0x1a2a,0x245b,0x3000 W2=0x1937,0x17e1,0x2a28
  witness[15] tail=25 r61=25 gh60=0x3ea4ca6 W1=0x5f4,0x2b02,0x16c6 W2=0x501,0x2baf,0x2a48

Scan-only r61 registry
  registry_count=16 registry_cap=16
  r61_witness[00] r61=12 tail=26 gh60=0x5589caa W1=0x2d,0x4de,0xfbe W2=0x3f3a,0x499,0x35e2
  r61_witness[01] r61=14 tail=25 gh60=0x4b0bf66 W1=0x2fdb,0x31d4,0x3b9f W2=0x2ee8,0x880,0x2a7
  r61_witness[02] r61=14 tail=31 gh60=0x4a044e6 W1=0x50c,0x3c41,0x3572 W2=0x419,0x2d23,0xd6b
  r61_witness[03] r61=14 tail=31 gh60=0xca7449a W1=0x2be6,0x8db,0x384 W2=0x2af3,0x2fad,0xa34
  r61_witness[04] r61=15 tail=24 gh60=0x4a0c4ea W1=0x3b0e,0xde9,0x954 W2=0x3a1b,0x23f4,0x3b0e
  r61_witness[05] r61=15 tail=31 gh60=0x491877a W1=0x3bd5,0x214c,0xcd7 W2=0x3ae2,0x2424,0x547
  r61_witness[06] r61=15 tail=32 gh60=0xc619c9a W1=0x1e05,0x1a3d,0x3ea7 W2=0x1d12,0x545,0x346a
  r61_witness[07] r61=16 tail=28 gh60=0x488dc9a W1=0x12a,0x31af,0x1c5f W2=0x37,0x15f0,0x1b76
  r61_witness[08] r61=16 tail=28 gh60=0x4594cae W1=0x1640,0x134f,0x3a94 W2=0x154d,0x39f,0x12ac
  r61_witness[09] r61=16 tail=29 gh60=0x48bbf9e W1=0xfa7,0x3a05,0x2b64 W2=0xeb4,0x1e6d,0x392
  r61_witness[10] r61=16 tail=29 gh60=0x4a985aa W1=0x3a7d,0xc1e,0x2661 W2=0x398a,0x2932,0x1606
  r61_witness[11] r61=16 tail=30 gh60=0x5b24f66 W1=0x7d4,0x9b7,0x7bc W2=0x6e1,0x2a02,0x1a4
  r61_witness[12] r61=16 tail=31 gh60=0x46e4ca6 W1=0x25f4,0x290c,0xd53 W2=0x2501,0x29b9,0x5d8
  r61_witness[13] r61=16 tail=33 gh60=0xc4985aa W1=0x34c1,0x5bd,0x2e89 W2=0x33ce,0x1245,0x103e
  r61_witness[14] r61=16 tail=34 gh60=0x5a787fa W1=0x2b99,0x9de,0x5f2 W2=0x2aa6,0xb2e,0x32df
  r61_witness[15] r61=17 tail=27 gh60=0x48a7cea W1=0x3122,0xc2f,0xb50 W2=0x302f,0x307,0x1687

D60=0 fiber histogram: 1:8098 2:4824 3:1780 4:1053 5:378 6:209 7:71 8:74 9:24 10:19 11:10 12:7 13:6 14:5 15:1 16:1 17:1
