free_word_mitm_reducedn
N=14 mask=0x3fff msb=0x2000
candidate: M0=0x3d36 mode=random-fallback fill=0x3fff kernel=dM0=dM9=0x2000
prefixes=32768/268435456 mode=permuted-prefix-sample w59_per_prefix=16384 total=536870912
run_mode=scan registry_cap=16
sample_start=110034944
scan_elapsed=19.026s rate=28.22 Mtriples/s

D60 interface
  D60=0 matches: 32690 (random expectation 32768.0, enrichment 0.998x)
  prefixes with D60=0: 16590
  max D60=0 fiber per prefix: 21 at W57=0xcf0 W58=0x3a9a
  largest D60 bucket: D=0x29f7 count=33885
  min D60 HW: 0
  D60 HW histogram: 0:32690 1:457747 2:2976648 3:11922326 4:32787123 5:65574147 6:98387783 7:112474202 8:98423391 9:65621673 10:32809517 11:11931080 12:2981881 13:458210 14:32494

Tail closure among D60=0 matches
  final tail collisions: 0
  best r61 HW: 9
  best r61 W1[57..59]=0x3c3d,0x1862,0x1ee8
  best r61 W2[57..59]=0x3b4a,0x2e8e,0x77
  best tail HW: 19
  best tail r61 HW: 17
  best W1[57..59]=0x23b3,0x3aca,0x3a15
  best W2[57..59]=0x22c0,0x252d,0x178a

SUMMARY N=14 sample_start=110034944 prefixes=32768 total=536870912 d0=32690 best_tail=19 tail_r61=17 best_r61=9 tail_W1=0x23b3,0x3aca,0x3a15 tail_W2=0x22c0,0x252d,0x178a r61_W1=0x3c3d,0x1862,0x1ee8 r61_W2=0x3b4a,0x2e8e,0x77

Scan-only witness registry
  registry_count=16 registry_cap=16
  witness[00] tail=19 r61=17 gh60=0xf8e87a6 W1=0x23b3,0x3aca,0x3a15 W2=0x22c0,0x252d,0x178a
  witness[01] tail=22 r61=20 gh60=0x59b9fe6 W1=0x1fa3,0x2905,0x34f6 W2=0x1eb0,0xef1,0xf18
  witness[02] tail=22 r61=20 gh60=0xd778c9a W1=0x3845,0x1a0b,0x2ae4 W2=0x3752,0xd19,0x217f
  witness[03] tail=23 r61=22 gh60=0xdbfbb7e W1=0x1157,0x3955,0x2d2d W2=0x1064,0x1c74,0x3edb
  witness[04] tail=24 r61=19 gh60=0xcf04d7a W1=0x16da,0x1cab,0x2584 W2=0x15e7,0x1a73,0x875
  witness[05] tail=24 r61=19 gh60=0x4619ca6 W1=0x2103,0x4ad,0x362c W2=0x2010,0x20e7,0x1d71
  witness[06] tail=24 r61=20 gh60=0xd669be6 W1=0x1d93,0xfdd,0x2a86 W2=0x1ca0,0x18b9,0x3e63
  witness[07] tail=24 r61=23 gh60=0x5a0c5ee W1=0x2aa0,0x27c1,0x1f40 W2=0x29ad,0xff4,0x30f4
  witness[08] tail=25 r61=19 gh60=0xdf1bb66 W1=0x11d3,0x3d10,0x20e1 W2=0x10e0,0x307c,0x2494
  witness[09] tail=25 r61=19 gh60=0xc788fa6 W1=0x176b,0x1a8b,0x330b W2=0x1678,0x104f,0x5c5
  witness[10] tail=25 r61=20 gh60=0xc7985aa W1=0x1cb1,0xbd8,0x362a W2=0x1bbe,0x18f0,0x18b1
  witness[11] tail=25 r61=20 gh60=0xf89dfe6 W1=0x1fa4,0x12f9,0x3ebd W2=0x1eb1,0x38e6,0x28e9
  witness[12] tail=25 r61=21 gh60=0xc8fcb66 W1=0x15dc,0x3a25,0x1178 W2=0x14e9,0x17f8,0x348a
  witness[13] tail=25 r61=21 gh60=0xdf09d6a W1=0x1edd,0x3f96,0xbe5 W2=0x1dea,0xb55,0x1623
  witness[14] tail=25 r61=24 gh60=0x49eddfa W1=0x1e96,0x237f,0x3ecb W2=0x1da3,0x45f,0x3931
  witness[15] tail=25 r61=25 gh60=0xdbbbfba W1=0x2f75,0x3901,0x2b4 W2=0x2e82,0xf80,0xb69

Scan-only r61 registry
  registry_count=16 registry_cap=16
  r61_witness[00] r61=9 tail=32 gh60=0x44884aa W1=0x3c3d,0x1862,0x1ee8 W2=0x3b4a,0x2e8e,0x77
  r61_witness[01] r61=14 tail=34 gh60=0x450c566 W1=0x4dc,0x1506,0x3b32 W2=0x3e9,0x61c,0x2c7e
  r61_witness[02] r61=15 tail=28 gh60=0x488c4ae W1=0x3530,0x9ad,0x1eb0 W2=0x343d,0x74e,0x2b2f
  r61_witness[03] r61=15 tail=34 gh60=0x4e69f66 W1=0x1f63,0x2589,0x3569 W2=0x1e70,0x761,0xdb6
  r61_witness[04] r61=15 tail=35 gh60=0x4988fae W1=0x277f,0xdac,0x2de0 W2=0x268c,0x363,0x347f
  r61_witness[05] r61=15 tail=36 gh60=0x4a884a6 W1=0x4eb,0x341b,0x1904 W2=0x3f8,0x30f8,0x3e15
  r61_witness[06] r61=16 tail=28 gh60=0x76184ea W1=0x2b21,0x1c98,0x207 W2=0x2a2e,0x24c2,0x3d77
  r61_witness[07] r61=16 tail=31 gh60=0x4509d6e W1=0x1e4f,0xb53,0x2d4e W2=0x1d5c,0x2efe,0x3ad
  r61_witness[08] r61=16 tail=31 gh60=0x39287a6 W1=0x3bc3,0x3c26,0x161a W2=0x3ad0,0x371b,0x1f09
  r61_witness[09] r61=16 tail=32 gh60=0x4a0cbee W1=0x1990,0x3999,0x295d W2=0x189d,0x3c2d,0x32c1
  r61_witness[10] r61=16 tail=32 gh60=0x488cba6 W1=0x29bc,0x28,0x79b W2=0x28c9,0x3dd,0x2316
  r61_witness[11] r61=16 tail=32 gh60=0x4a08bea W1=0x3991,0x296d,0x318b W2=0x389e,0x3800,0x275d
  r61_witness[12] r61=16 tail=34 gh60=0xc909b6a W1=0x1dd,0x43,0x3da9 W2=0xea,0x306a,0xe04
  r61_witness[13] r61=16 tail=34 gh60=0xca09cee W1=0x3f1f,0x1cda,0xd82 W2=0x3e2c,0x3921,0x1a12
  r61_witness[14] r61=16 tail=35 gh60=0x4e14cee W1=0x1920,0x380,0x2dc9 W2=0x182d,0x3c58,0x3d46
  r61_witness[15] r61=16 tail=37 gh60=0x4a09cea W1=0xd,0x2e82,0x21bb W2=0x3f1a,0x30c5,0x3827

D60=0 fiber histogram: 1:7991 2:4895 3:1747 4:1116 5:401 6:208 7:89 8:71 9:27 10:23 11:9 12:7 14:1 16:2 17:1 20:1 21:1
