free_word_mitm_reducedn
N=14 mask=0x3fff msb=0x2000
candidate: M0=0x3d36 mode=random-fallback fill=0x3fff kernel=dM0=dM9=0x2000
prefixes=32768/268435456 mode=permuted-prefix-sample w59_per_prefix=16384 total=536870912
run_mode=scan registry_cap=16
sample_start=26148864
scan_elapsed=18.991s rate=28.27 Mtriples/s

D60 interface
  D60=0 matches: 32739 (random expectation 32768.0, enrichment 0.999x)
  prefixes with D60=0: 16599
  max D60=0 fiber per prefix: 18 at W57=0xdce W58=0x1762
  largest D60 bucket: D=0x696 count=33922
  min D60 HW: 0
  D60 HW histogram: 0:32739 1:458635 2:2980026 3:11924004 4:32789559 5:65588739 6:98388338 7:112450549 8:98414223 9:65631608 10:32812739 11:11926305 12:2981686 13:458804 14:32958

Tail closure among D60=0 matches
  final tail collisions: 0
  best r61 HW: 15
  best r61 W1[57..59]=0x2e61,0x3eb6,0x3381
  best r61 W2[57..59]=0x2d6e,0x2f95,0x17ed
  best tail HW: 23
  best tail r61 HW: 24
  best W1[57..59]=0x1c4e,0x3901,0x37d6
  best W2[57..59]=0x1b5b,0xe0c,0x1b7c

SUMMARY N=14 sample_start=26148864 prefixes=32768 total=536870912 d0=32739 best_tail=23 tail_r61=24 best_r61=15 tail_W1=0x1c4e,0x3901,0x37d6 tail_W2=0x1b5b,0xe0c,0x1b7c r61_W1=0x2e61,0x3eb6,0x3381 r61_W2=0x2d6e,0x2f95,0x17ed

Scan-only witness registry
  registry_count=16 registry_cap=16
  witness[00] tail=23 r61=24 gh60=0x5afc56a W1=0x1c4e,0x3901,0x37d6 W2=0x1b5b,0xe0c,0x1b7c
  witness[01] tail=23 r61=26 gh60=0xf67ddae W1=0x70,0x12f,0x1131 W2=0x3f7d,0x216b,0x1c91
  witness[02] tail=24 r61=21 gh60=0xd768b66 W1=0x15d3,0x19f6,0x8ee W2=0x14e0,0x33e4,0x38ff
  witness[03] tail=24 r61=21 gh60=0x4b65daa W1=0x3ec2,0x30d4,0x32b9 W2=0x3dcf,0x2d4,0x223b
  witness[04] tail=24 r61=22 gh60=0x49a44a6 W1=0x12f4,0x26f1,0x1ee0 W2=0x1201,0x28dd,0xa2f
  witness[05] tail=25 r61=18 gh60=0xd718766 W1=0x3bcb,0x1ea0,0x391d W2=0x3ad8,0x11d7,0x1f94
  witness[06] tail=25 r61=21 gh60=0x4ab44ae W1=0xcf0,0x1a85,0x2791 W2=0xbfd,0x926,0x3180
  witness[07] tail=25 r61=21 gh60=0x3a1c49a W1=0x340a,0x1eda,0x2c9a W2=0x3317,0x1524,0x38e3
  witness[08] tail=25 r61=23 gh60=0xb57459e W1=0x3ac8,0xafe,0x14eb W2=0x39d5,0x1f12,0x23cc
  witness[09] tail=25 r61=24 gh60=0x4df8ffe W1=0x797,0x2fb,0xc1a W2=0x6a4,0x37ca,0xfd
  witness[10] tail=25 r61=25 gh60=0x4aec566 W1=0xc64,0x9d6,0x23a2 W2=0xb71,0x2144,0x3f7a
  witness[11] tail=25 r61=27 gh60=0xdefc4e6 W1=0x314,0x25bf,0x3f18 W2=0x221,0x18b3,0x1c52
  witness[12] tail=25 r61=28 gh60=0xfaf8be6 W1=0x98b,0x39b7,0x3797 W2=0x898,0x3c01,0x604
  witness[13] tail=26 r61=19 gh60=0xc70db66 W1=0x21dc,0x2c6e,0x2c22 W2=0x20e9,0x34bf,0xbfa
  witness[14] tail=26 r61=19 gh60=0xda7c4ae W1=0x2500,0x1be1,0x296f W2=0x240d,0xbf2,0x1826
  witness[15] tail=26 r61=20 gh60=0xca14cee W1=0x2620,0x37f8,0x1270 W2=0x252d,0x19c4,0xe97

Scan-only r61 registry
  registry_count=16 registry_cap=16
  r61_witness[00] r61=15 tail=28 gh60=0xce08cea W1=0x2721,0x2bf1,0xe86 W2=0x262e,0x2d9c,0x35a8
  r61_witness[01] r61=15 tail=33 gh60=0xc50bd6a W1=0x2e61,0x3eb6,0x3381 W2=0x2d6e,0x2f95,0x17ed
  r61_witness[02] r61=16 tail=28 gh60=0xc98bca6 W1=0x2f2b,0x2777,0x21f5 W2=0x2e38,0x3019,0x3ac2
  r61_witness[03] r61=16 tail=33 gh60=0xc9844a6 W1=0x3aec,0x2ff9,0x1047 W2=0x39f9,0x11d5,0x385d
  r61_witness[04] r61=16 tail=35 gh60=0x4b08d6a W1=0x26cd,0x1844,0x1e91 W2=0x25da,0x2697,0x284c
  r61_witness[05] r61=17 tail=27 gh60=0x488bfaa W1=0xfbd,0x1d02,0x35c2 W2=0xeca,0x209,0x3a42
  r61_witness[06] r61=17 tail=28 gh60=0xca29cfa W1=0x1f15,0x14ad,0x2ca2 W2=0x1e22,0x39a0,0x2461
  r61_witness[07] r61=17 tail=28 gh60=0x4909b66 W1=0x3dcb,0x26e9,0x7e9 W2=0x3cd8,0x2b41,0x2df2
  r61_witness[08] r61=17 tail=31 gh60=0xc91bb6a W1=0xddd,0x3a62,0x3810 W2=0xcea,0x194d,0x133c
  r61_witness[09] r61=17 tail=31 gh60=0x4e6bcba W1=0xdf9,0x14f8,0x302 W2=0xd06,0x27f3,0x3a1d
  r61_witness[10] r61=17 tail=31 gh60=0xc95449a W1=0x2d46,0xfd0,0x3e3e W2=0x2c53,0x3620,0x33e9
  r61_witness[11] r61=17 tail=32 gh60=0x367c56a W1=0xce2,0x294f,0x3baf W2=0xbef,0x398e,0xf65
  r61_witness[12] r61=17 tail=33 gh60=0x5908b6e W1=0x54f,0x3892,0x3107 W2=0x45c,0x36b9,0x364a
  r61_witness[13] r61=17 tail=34 gh60=0x490fb6e W1=0xd50,0x3bd4,0x2877 W2=0xc5d,0x21f4,0x3f85
  r61_witness[14] r61=17 tail=34 gh60=0xc50c566 W1=0x24cc,0x221c,0x769 W2=0x23d9,0x184e,0x3a25
  r61_witness[15] r61=17 tail=34 gh60=0xd907b7a W1=0x2d5a,0x23ec,0x1b23 W2=0x2c67,0x520,0xabe

D60=0 fiber histogram: 1:8096 2:4696 3:1838 4:1086 5:432 6:233 7:73 8:80 9:25 10:21 11:3 12:6 13:5 15:3 16:1 18:1
