free_word_mitm_reducedn
N=14 mask=0x3fff msb=0x2000
candidate: M0=0x3d36 mode=random-fallback fill=0x3fff kernel=dM0=dM9=0x2000
prefixes=32768/268435456 mode=permuted-prefix-sample w59_per_prefix=16384 total=536870912
run_mode=scan registry_cap=16
sample_start=9371648
scan_elapsed=18.941s rate=28.34 Mtriples/s

D60 interface
  D60=0 matches: 32710 (random expectation 32768.0, enrichment 0.998x)
  prefixes with D60=0: 16468
  max D60=0 fiber per prefix: 21 at W57=0x10c9 W58=0x18d3
  largest D60 bucket: D=0x2a53 count=33833
  min D60 HW: 0
  D60 HW histogram: 0:32710 1:457799 2:2973488 3:11902914 4:32757224 5:65549753 6:98385781 7:112504862 8:98469040 9:65627333 10:32808846 11:11928466 12:2982816 13:457366 14:32514

Tail closure among D60=0 matches
  final tail collisions: 0
  best r61 HW: 13
  best r61 W1[57..59]=0x65a,0x299,0x1c90
  best r61 W2[57..59]=0x567,0x2c81,0x14c5
  best tail HW: 22
  best tail r61 HW: 19
  best W1[57..59]=0x23a4,0x27a0,0x3ca5
  best W2[57..59]=0x22b1,0x1310,0xcb4

SUMMARY N=14 sample_start=9371648 prefixes=32768 total=536870912 d0=32710 best_tail=22 tail_r61=19 best_r61=13 tail_W1=0x23a4,0x27a0,0x3ca5 tail_W2=0x22b1,0x1310,0xcb4 r61_W1=0x65a,0x299,0x1c90 r61_W2=0x567,0x2c81,0x14c5

Scan-only witness registry
  registry_count=16 registry_cap=16
  witness[00] tail=22 r61=18 gh60=0x4a27daa W1=0x3082,0x3ac6,0x3484 W2=0x2f8f,0x3232,0x4e
  witness[01] tail=22 r61=19 gh60=0x48a47e6 W1=0x23a4,0x27a0,0x3ca5 W2=0x22b1,0x1310,0xcb4
  witness[02] tail=23 r61=18 gh60=0x4f64da6 W1=0x38c4,0x334e,0xc66 W2=0x37d1,0x1633,0x68e
  witness[03] tail=23 r61=20 gh60=0x5bfbcee W1=0xe1f,0x987,0x1af8 W2=0xd2c,0x2ce2,0xf3f
  witness[04] tail=23 r61=24 gh60=0xca385ea W1=0x1a91,0x31a7,0x1c2 W2=0x199e,0x1c9,0x1f8d
  witness[05] tail=24 r61=15 gh60=0x488bbaa W1=0x11b1,0x3fbe,0xe88 W2=0x10be,0x32dd,0x1c9e
  witness[06] tail=24 r61=18 gh60=0x37a8b9a W1=0x25a5,0x1dc8,0x333e W2=0x24b2,0xdea,0x212d
  witness[07] tail=24 r61=18 gh60=0xca5479e W1=0x3388,0x2c0f,0x32a5 W2=0x3295,0x36b5,0x1950
  witness[08] tail=24 r61=21 gh60=0xc899faa W1=0x1fad,0x1b13,0x3810 W2=0x1eba,0x726,0x1c7d
  witness[09] tail=24 r61=24 gh60=0xcc944ae W1=0x2240,0x3cfa,0xb84 W2=0x214d,0x1a0b,0x1d90
  witness[10] tail=25 r61=21 gh60=0xf79cca6 W1=0x83c,0x4e2,0x6bd W2=0x749,0x3def,0x527
  witness[11] tail=25 r61=21 gh60=0xcaf85aa W1=0xa71,0x2cf9,0x2c9 W2=0x97e,0x2a21,0x3250
  witness[12] tail=25 r61=22 gh60=0x4654bfe W1=0x3998,0x61d,0x307d W2=0x38a5,0x8ad,0x772
  witness[13] tail=25 r61=23 gh60=0xcb0856e W1=0x12df,0x10f6,0x3172 W2=0x11ec,0x53c,0x2940
  witness[14] tail=25 r61=23 gh60=0x7f787ba W1=0x33b5,0x94e,0x10bd W2=0x32c2,0xa24,0x1e5b
  witness[15] tail=25 r61=24 gh60=0x56b44ae W1=0x2a00,0xee1,0x221c W2=0x290d,0x2af2,0x3629

Scan-only r61 registry
  registry_count=16 registry_cap=16
  r61_witness[00] r61=13 tail=30 gh60=0x4f04d7a W1=0x65a,0x299,0x1c90 W2=0x567,0x2c81,0x14c5
  r61_witness[01] r61=14 tail=28 gh60=0x4b28b7a W1=0x2555,0x96d,0x47 W2=0x2462,0x3f64,0x3b1b
  r61_witness[02] r61=15 tail=24 gh60=0x488bbaa W1=0x11b1,0x3fbe,0xe88 W2=0x10be,0x32dd,0x1c9e
  r61_witness[03] r61=15 tail=32 gh60=0x44885ae W1=0x2cbf,0x2413,0x3 W2=0x2bcc,0x93b,0x3519
  r61_witness[04] r61=15 tail=33 gh60=0xc51859a W1=0x1cc5,0x2bdf,0x146b W2=0x1bd2,0x2a46,0x1ac7
  r61_witness[05] r61=16 tail=29 gh60=0xcf2bd7e W1=0xe57,0x3ac8,0x22a W2=0xd64,0x30f7,0x370c
  r61_witness[06] r61=16 tail=32 gh60=0xd66c5fa W1=0x1a96,0x26ae,0x1bea W2=0x19a3,0x11cf,0x3833
  r61_witness[07] r61=16 tail=33 gh60=0x4a385ea W1=0x34a1,0x3376,0x115e W2=0x33ae,0x484,0x1a8d
  r61_witness[08] r61=16 tail=34 gh60=0x548459a W1=0x1aaa,0x36df,0x2b2d W2=0x19b7,0x3285,0x19f
  r61_witness[09] r61=16 tail=36 gh60=0x4a087e6 W1=0x3b9b,0x1fd9,0xa7a W2=0x3aa8,0x1a94,0x3fa0
  r61_witness[10] r61=16 tail=37 gh60=0xdfabb9e W1=0xda7,0xcf4,0x31aa W2=0xcb4,0x331c,0x2e05
  r61_witness[11] r61=17 tail=28 gh60=0xc8984a6 W1=0xd3b,0x1e03,0x1bb7 W2=0xc48,0x1d4e,0x281b
  r61_witness[12] r61=17 tail=28 gh60=0x4a09be6 W1=0x3d9b,0x204c,0x369b W2=0x3ca8,0x2808,0x3701
  r61_witness[13] r61=17 tail=29 gh60=0x4e08cea W1=0x1621,0x3aa8,0x3460 W2=0x152e,0x159f,0x1f03
  r61_witness[14] r61=17 tail=29 gh60=0x45a85a6 W1=0x3c73,0x35e5,0xaa3 W2=0x3b80,0x1dba,0x1e33
  r61_witness[15] r61=17 tail=31 gh60=0x4a28bfa W1=0x1595,0x2de4,0x177a W2=0x14a2,0x2f6f,0x3cd5

D60=0 fiber histogram: 1:7962 2:4729 3:1816 4:1055 5:419 6:232 7:93 8:80 9:38 10:27 11:5 12:3 13:4 15:1 16:1 17:1 20:1 21:1
