free_word_mitm_reducedn
N=14 mask=0x3fff msb=0x2000
candidate: M0=0x3d36 mode=random-fallback fill=0x3fff kernel=dM0=dM9=0x2000
prefixes=32768/268435456 mode=permuted-prefix-sample w59_per_prefix=16384 total=536870912
run_mode=scan registry_cap=16
sample_start=191135744
scan_elapsed=20.015s rate=26.82 Mtriples/s

D60 interface
  D60=0 matches: 32376 (random expectation 32768.0, enrichment 0.988x)
  prefixes with D60=0: 16408
  max D60=0 fiber per prefix: 22 at W57=0xf72 W58=0x1fbc
  largest D60 bucket: D=0xd50 count=33843
  min D60 HW: 0
  D60 HW histogram: 0:32376 1:455689 2:2974939 3:11908688 4:32773791 5:65581571 6:98414537 7:112506413 8:98454796 9:65614714 10:32783650 11:11910102 12:2971531 13:455221 14:32894

Tail closure among D60=0 matches
  final tail collisions: 0
  best r61 HW: 13
  best r61 W1[57..59]=0x767,0x3a42,0x28cb
  best r61 W2[57..59]=0x674,0x301c,0x2bba
  best tail HW: 20
  best tail r61 HW: 25
  best W1[57..59]=0x15c7,0x3638,0x27b
  best W2[57..59]=0x14d4,0x3da2,0x10b5

SUMMARY N=14 sample_start=191135744 prefixes=32768 total=536870912 d0=32376 best_tail=20 tail_r61=25 best_r61=13 tail_W1=0x15c7,0x3638,0x27b tail_W2=0x14d4,0x3da2,0x10b5 r61_W1=0x767,0x3a42,0x28cb r61_W2=0x674,0x301c,0x2bba

Scan-only witness registry
  registry_count=16 registry_cap=16
  witness[00] tail=20 r61=25 gh60=0xd768b9e W1=0x15c7,0x3638,0x27b W2=0x14d4,0x3da2,0x10b5
  witness[01] tail=22 r61=14 gh60=0x38d849a W1=0x1d29,0x28e,0x16ec W2=0x1c36,0x38df,0x2c8
  witness[02] tail=22 r61=20 gh60=0x5e28dfe W1=0x2897,0x292d,0x17a4 W2=0x27a4,0x296c,0x158
  witness[03] tail=22 r61=21 gh60=0x470db6a W1=0x15e,0x34e4,0x2874 W2=0x6b,0x2d18,0x3118
  witness[04] tail=22 r61=21 gh60=0x565fdfa W1=0x3096,0x8db,0x21a2 W2=0x2fa3,0xfc3,0xbcc
  witness[05] tail=23 r61=15 gh60=0x4677dfe W1=0xe98,0x261c,0x2a5 W2=0xda5,0x18dc,0x137
  witness[06] tail=24 r61=17 gh60=0x4e184e6 W1=0x231b,0x1e72,0x1930 W2=0x2228,0x3c37,0x33c
  witness[07] tail=24 r61=19 gh60=0xde584ba W1=0x32f9,0x3e6,0x25f7 W2=0x3206,0x3ba4,0x10a9
  witness[08] tail=24 r61=23 gh60=0x4e2849e W1=0x1407,0x316b,0x3c21 W2=0x1314,0xfd8,0x14f1
  witness[09] tail=24 r61=28 gh60=0x5b7ccae W1=0x3940,0x2156,0x3e80 W2=0x384d,0x1ba6,0xa7
  witness[10] tail=25 r61=16 gh60=0xce884aa W1=0x32ed,0x3259,0x2a24 W2=0x31fa,0x9d5,0x1873
  witness[11] tail=25 r61=17 gh60=0x4888bae W1=0x25af,0x3de4,0x1c10 W2=0x24bc,0x35fb,0x198d
  witness[12] tail=25 r61=20 gh60=0xfa3ccea W1=0x270e,0x2bad,0x71f W2=0x261b,0x32b5,0x3ccf
  witness[13] tail=25 r61=22 gh60=0xfb0cd66 W1=0x164c,0x2a61,0x3eb3 W2=0x1559,0x1008,0xef2
  witness[14] tail=25 r61=23 gh60=0x7a09dea W1=0x3ea1,0x3b6f,0x2fe W2=0x3dae,0x3bbe,0x2354
  witness[15] tail=25 r61=28 gh60=0xcadccfe W1=0x3718,0x34c0,0x286f W2=0x3625,0xf28,0x117c

Scan-only r61 registry
  registry_count=16 registry_cap=16
  r61_witness[00] r61=13 tail=33 gh60=0x4678f9e W1=0x767,0x3a42,0x28cb W2=0x674,0x301c,0x2bba
  r61_witness[01] r61=14 tail=22 gh60=0x38d849a W1=0x1d29,0x28e,0x16ec W2=0x1c36,0x38df,0x2c8
  r61_witness[02] r61=14 tail=27 gh60=0x4a084e6 W1=0x40b,0x15a3,0x263d W2=0x318,0x284,0x282c
  r61_witness[03] r61=15 tail=23 gh60=0x4677dfe W1=0xe98,0x261c,0x2a5 W2=0xda5,0x18dc,0x137
  r61_witness[04] r61=15 tail=31 gh60=0x4908b6a W1=0x54d,0x3af7,0x2083 W2=0x45a,0x28fa,0x26c9
  r61_witness[05] r61=15 tail=31 gh60=0x460fcee W1=0xf20,0x2bb8,0xbc6 W2=0xe2d,0xb14,0x1082
  r61_witness[06] r61=15 tail=32 gh60=0xc8b5caa W1=0x12e,0x3e5c,0x2c8b W2=0x3b,0x25c,0x2fa8
  r61_witness[07] r61=15 tail=33 gh60=0x4e14cea W1=0x380e,0x10cc,0x3f55 W2=0x371b,0x2088,0x3b24
  r61_witness[08] r61=15 tail=34 gh60=0x4604fe6 W1=0x278c,0xb26,0x1608 W2=0x2699,0x33f1,0x1caf
  r61_witness[09] r61=16 tail=25 gh60=0xce884aa W1=0x32ed,0x3259,0x2a24 W2=0x31fa,0x9d5,0x1873
  r61_witness[10] r61=16 tail=29 gh60=0x562dd9a W1=0x2086,0x150c,0x3eb W2=0x1f93,0x2e39,0x682
  r61_witness[11] r61=16 tail=30 gh60=0x4e7c4ae W1=0x2300,0x3991,0x1316 W2=0x220d,0x2b22,0xfd9
  r61_witness[12] r61=16 tail=31 gh60=0x4a845a6 W1=0x146c,0x3d6,0x39b0 W2=0x1379,0xb8c,0x2338
  r61_witness[13] r61=16 tail=32 gh60=0xc91876e W1=0x1b5f,0x13b3,0x1df0 W2=0x1a6c,0x17e1,0x990
  r61_witness[14] r61=16 tail=32 gh60=0xca0bdea W1=0x2ea1,0x2055,0x2492 W2=0x2dae,0xda8,0x3aad
  r61_witness[15] r61=16 tail=34 gh60=0x4b98daa W1=0x16ad,0x3d7a,0x33ac W2=0x15ba,0x1ccd,0x3d13

D60=0 fiber histogram: 1:8078 2:4649 3:1700 4:1094 5:407 6:232 7:92 8:85 9:28 10:19 11:4 12:8 13:1 14:2 15:1 16:6 17:1 22:1
