free_word_mitm_reducedn
N=14 mask=0x3fff msb=0x2000
candidate: M0=0x3d36 mode=random-fallback fill=0x3fff kernel=dM0=dM9=0x2000
prefixes=32768/268435456 mode=permuted-prefix-sample w59_per_prefix=16384 total=536870912
run_mode=scan registry_cap=16
sample_start=85786624
scan_elapsed=18.764s rate=28.61 Mtriples/s

D60 interface
  D60=0 matches: 32985 (random expectation 32768.0, enrichment 1.007x)
  prefixes with D60=0: 16416
  max D60=0 fiber per prefix: 18 at W57=0x2bc7 W58=0xae1
  largest D60 bucket: D=0x2de4 count=33869
  min D60 HW: 0
  D60 HW histogram: 0:32985 1:457901 2:2982568 3:11930452 4:32809289 5:65602444 6:98412168 7:112483231 8:98415219 9:65595630 10:32767980 11:11912956 12:2977437 13:457763 14:32889

Tail closure among D60=0 matches
  final tail collisions: 0
  best r61 HW: 12
  best r61 W1[57..59]=0x78d,0x2385,0x898
  best r61 W2[57..59]=0x69a,0x1010,0x1204
  best tail HW: 21
  best tail r61 HW: 24
  best W1[57..59]=0x1e21,0x2ab8,0x276d
  best W2[57..59]=0x1d2e,0x332f,0x3679

SUMMARY N=14 sample_start=85786624 prefixes=32768 total=536870912 d0=32985 best_tail=21 tail_r61=24 best_r61=12 tail_W1=0x1e21,0x2ab8,0x276d tail_W2=0x1d2e,0x332f,0x3679 r61_W1=0x78d,0x2385,0x898 r61_W2=0x69a,0x1010,0x1204

Scan-only witness registry
  registry_count=16 registry_cap=16
  witness[00] tail=21 r61=19 gh60=0xda17cee W1=0xe10,0x51f,0x250a W2=0xd1d,0x187b,0x3267
  witness[01] tail=21 r61=24 gh60=0xce19cea W1=0x1e21,0x2ab8,0x276d W2=0x1d2e,0x332f,0x3679
  witness[02] tail=23 r61=12 gh60=0xca08fea W1=0x78d,0x2385,0x898 W2=0x69a,0x1010,0x1204
  witness[03] tail=24 r61=17 gh60=0xc92849e W1=0x3d47,0x274c,0x3e88 W2=0x3c54,0x35bf,0x628
  witness[04] tail=24 r61=19 gh60=0xde687a6 W1=0x383,0x30bb,0x3526 W2=0x290,0x1a9e,0x23fe
  witness[05] tail=24 r61=21 gh60=0x466fb9e W1=0x3188,0x25e,0x16d4 W2=0x3095,0x2d47,0x7b1
  witness[06] tail=25 r61=18 gh60=0x4f6cd66 W1=0x654,0x3a60,0x315f W2=0x561,0x34a3,0xddc
  witness[07] tail=25 r61=18 gh60=0xca98cae W1=0x17ff,0x184c,0x38ba W2=0x170c,0x131b,0x1321
  witness[08] tail=25 r61=18 gh60=0xce2c4fa W1=0x3b16,0x272,0x550 W2=0x3a23,0x377b,0x268d
  witness[09] tail=25 r61=20 gh60=0x4a98566 W1=0x2e3,0xfdb,0x2014 W2=0x1f0,0x842,0x3117
  witness[10] tail=25 r61=20 gh60=0x4d18d66 W1=0x653,0x896,0x2343 W2=0x560,0x6d8,0x2e05
  witness[11] tail=25 r61=21 gh60=0x4cd85ba W1=0x14b9,0x2b5d,0x3d9d W2=0x13c6,0x19f7,0x191d
  witness[12] tail=25 r61=21 gh60=0xcf19ba6 W1=0x21c3,0x31ce,0x3444 W2=0x20d0,0x3444,0x1f6
  witness[13] tail=25 r61=22 gh60=0x479cfaa W1=0x7be,0x7ec,0x25f4 W2=0x6cb,0x4e4,0x21eb
  witness[14] tail=25 r61=24 gh60=0x5ad44be W1=0x12f8,0x38b1,0x553 W2=0x1205,0x1a50,0x2a57
  witness[15] tail=26 r61=14 gh60=0x4e0fbee W1=0x11a0,0x1f98,0x1c3 W2=0x10ad,0x3e14,0x96f

Scan-only r61 registry
  registry_count=16 registry_cap=16
  r61_witness[00] r61=12 tail=23 gh60=0xca08fea W1=0x78d,0x2385,0x898 W2=0x69a,0x1010,0x1204
  r61_witness[01] r61=13 tail=33 gh60=0x470bf66 W1=0xfcb,0x10fa,0x280a W2=0xed8,0x25b6,0xa02
  r61_witness[02] r61=14 tail=26 gh60=0x4e0fbee W1=0x11a0,0x1f98,0x1c3 W2=0x10ad,0x3e14,0x96f
  r61_witness[03] r61=14 tail=30 gh60=0x5a084ee W1=0x31f,0x101a,0x33c8 W2=0x22c,0x2fa4,0x33b0
  r61_witness[04] r61=14 tail=31 gh60=0x492849a W1=0x2549,0x1e4e,0x3fa W2=0x2456,0x45b,0x1c13
  r61_witness[05] r61=14 tail=35 gh60=0xc51856e W1=0x1ccf,0x309a,0x31fe W2=0x1bdc,0x29cc,0x3597
  r61_witness[06] r61=14 tail=36 gh60=0x4a085e6 W1=0x3c9b,0x3cb5,0x30ae W2=0x3ba8,0x360,0x560
  r61_witness[07] r61=15 tail=26 gh60=0x4a087ee W1=0x39f,0x1327,0x3be5 W2=0x2ac,0xce9,0x262
  r61_witness[08] r61=15 tail=29 gh60=0xdd08d6a W1=0x8e1,0x3d4c,0x3cad W2=0x7ee,0x3ca7,0x1b2
  r61_witness[09] r61=15 tail=31 gh60=0xc888ca6 W1=0x92b,0x26eb,0x1bed W2=0x838,0x2107,0x8ef
  r61_witness[10] r61=15 tail=33 gh60=0x4a08bea W1=0x2591,0x2844,0x3b6d W2=0x249e,0x2713,0x3aa8
  r61_witness[11] r61=15 tail=35 gh60=0x4928f7e W1=0x3757,0x2efc,0x274c W2=0x3664,0x373f,0xa97
  r61_witness[12] r61=15 tail=45 gh60=0x4a0c4e6 W1=0x251c,0x3d24,0x35a7 W2=0x2429,0x2cfa,0x1431
  r61_witness[13] r61=16 tail=29 gh60=0x4598da6 W1=0x66b,0x1fef,0x391d W2=0x578,0x3933,0x1101
  r61_witness[14] r61=16 tail=34 gh60=0xca29ce6 W1=0x13,0x3fd6,0x45a W2=0x3f20,0xa0a,0x22b0
  r61_witness[15] r61=16 tail=35 gh60=0x4a085e6 W1=0x3c9b,0x3cb5,0x30a6 W2=0x3ba8,0x360,0x558

D60=0 fiber histogram: 1:7820 2:4690 3:1877 4:1127 5:405 6:234 7:96 8:80 9:34 10:28 11:11 12:4 13:2 14:3 15:1 16:2 17:1 18:1
