free_word_mitm_reducedn
N=14 mask=0x3fff msb=0x2000
candidate: M0=0x3d36 mode=random-fallback fill=0x3fff kernel=dM0=dM9=0x2000
prefixes=32768/268435456 mode=permuted-prefix-sample w59_per_prefix=16384 total=536870912
run_mode=scan registry_cap=16
sample_start=136118272
scan_elapsed=18.906s rate=28.40 Mtriples/s

D60 interface
  D60=0 matches: 32458 (random expectation 32768.0, enrichment 0.991x)
  prefixes with D60=0: 16435
  max D60=0 fiber per prefix: 24 at W57=0x468 W58=0x61e
  largest D60 bucket: D=0x32e7 count=33950
  min D60 HW: 0
  D60 HW histogram: 0:32458 1:456895 2:2975837 3:11905774 4:32765174 5:65580067 6:98420691 7:112505227 8:98440956 9:65601880 10:32789408 11:11926606 12:2980545 13:457185 14:32209

Tail closure among D60=0 matches
  final tail collisions: 0
  best r61 HW: 15
  best r61 W1[57..59]=0xbcb,0xc14,0x18f0
  best r61 W2[57..59]=0xad8,0x324f,0xb15
  best tail HW: 21
  best tail r61 HW: 18
  best W1[57..59]=0x3fd6,0x9cc,0x2bc1
  best W2[57..59]=0x3ee3,0xbec,0xc5b

SUMMARY N=14 sample_start=136118272 prefixes=32768 total=536870912 d0=32458 best_tail=21 tail_r61=18 best_r61=15 tail_W1=0x3fd6,0x9cc,0x2bc1 tail_W2=0x3ee3,0xbec,0xc5b r61_W1=0xbcb,0xc14,0x18f0 r61_W2=0xad8,0x324f,0xb15

Scan-only witness registry
  registry_count=16 registry_cap=16
  witness[00] tail=21 r61=18 gh60=0x4975f7a W1=0x3fd6,0x9cc,0x2bc1 W2=0x3ee3,0xbec,0xc5b
  witness[01] tail=22 r61=18 gh60=0xf8acbba W1=0x19b6,0x20d5,0x2490 W2=0x18c3,0x2d21,0x3a7b
  witness[02] tail=23 r61=16 gh60=0x4957b9a W1=0xda6,0x35c2,0x2ebd W2=0xcb3,0x27db,0x6a4
  witness[03] tail=23 r61=18 gh60=0x49544be W1=0x338,0x153d,0x1c0b W2=0x245,0x245c,0xeac
  witness[04] tail=23 r61=18 gh60=0x4974bae W1=0x29c0,0x25fd,0x2bf3 W2=0x28cd,0x19f5,0x971
  witness[05] tail=23 r61=19 gh60=0x493bb7e W1=0x11d7,0x1efa,0x123 W2=0x10e4,0x219,0x26d7
  witness[06] tail=23 r61=20 gh60=0xc8bc7ba W1=0x33ba,0x1502,0x6c6 W2=0x32c7,0x15c1,0x2ae0
  witness[07] tail=23 r61=22 gh60=0xcad477e W1=0x1bd8,0x22af,0x1ba9 W2=0x1ae5,0x3374,0x3b5
  witness[08] tail=23 r61=22 gh60=0x4f8dfa6 W1=0x3f7c,0x1339,0xf6f W2=0x3e89,0x377c,0x7a6
  witness[09] tail=24 r61=23 gh60=0x7ae87be W1=0x2377,0x210e,0xb79 W2=0x2284,0x1c58,0x66e
  witness[10] tail=24 r61=23 gh60=0x4a844a6 W1=0x33ec,0x2748,0x554 W2=0x32f9,0x3526,0x18e4
  witness[11] tail=25 r61=16 gh60=0x49944ae W1=0x1cf0,0x3c37,0x1c17 W2=0x1bfd,0x39d8,0x337
  witness[12] tail=25 r61=19 gh60=0x4ea8f9a W1=0x1769,0x1d7a,0x1e52 W2=0x1676,0x2d10,0x370c
  witness[13] tail=25 r61=20 gh60=0x4d2c57a W1=0x3c56,0x808,0x56d W2=0x3b63,0x331d,0x33e4
  witness[14] tail=25 r61=26 gh60=0x44a8cba W1=0x3639,0x2e8e,0x288a W2=0x3546,0x2691,0xb5d
  witness[15] tail=26 r61=15 gh60=0x4a084ea W1=0x3c11,0xb9a,0x919 W2=0x3b1e,0x2324,0x1efc

Scan-only r61 registry
  registry_count=16 registry_cap=16
  r61_witness[00] r61=15 tail=26 gh60=0x4a084ea W1=0x3c11,0xb9a,0x919 W2=0x3b1e,0x2324,0x1efc
  r61_witness[01] r61=15 tail=28 gh60=0x5618cea W1=0x81d,0x2f86,0xb3 W2=0x72a,0x2f3d,0x39ee
  r61_witness[02] r61=15 tail=31 gh60=0xcf08766 W1=0xbcb,0xc14,0x18f0 W2=0xad8,0x324f,0xb15
  r61_witness[03] r61=15 tail=32 gh60=0x460bcea W1=0x2f1d,0x4af,0x1296 W2=0x2e2a,0x3e0e,0x4f7
  r61_witness[04] r61=15 tail=36 gh60=0xd6884aa W1=0x2501,0x1443,0x3e77 W2=0x240e,0x1c73,0x2138
  r61_witness[05] r61=16 tail=23 gh60=0x4957b9a W1=0xda6,0x35c2,0x2ebd W2=0xcb3,0x27db,0x6a4
  r61_witness[06] r61=16 tail=25 gh60=0x49944ae W1=0x1cf0,0x3c37,0x1c17 W2=0x1bfd,0x39d8,0x337
  r61_witness[07] r61=16 tail=27 gh60=0xca0ccee W1=0x3620,0x256b,0x2a81 W2=0x352d,0x1433,0x1665
  r61_witness[08] r61=16 tail=28 gh60=0xca04be6 W1=0x98c,0x3604,0x3a30 W2=0x899,0x3c4f,0x193d
  r61_witness[09] r61=16 tail=28 gh60=0xc918b7a W1=0x1955,0xdbc,0x9fd W2=0x1862,0xbf3,0x1919
  r61_witness[10] r61=16 tail=30 gh60=0xc98bca6 W1=0x312b,0x3658,0x292c W2=0x3038,0x1d7a,0x50a
  r61_witness[11] r61=16 tail=32 gh60=0xcfa44aa W1=0xb32,0x3bf9,0x1ac4 W2=0xa3f,0x4be,0x225f
  r61_witness[12] r61=16 tail=32 gh60=0xc688faa W1=0x176d,0x24a2,0x1a85 W2=0x167a,0x2225,0x562
  r61_witness[13] r61=16 tail=34 gh60=0x3b09d6e W1=0x1e5f,0x2b5,0xbdf W2=0x1d6c,0x2650,0x3171
  r61_witness[14] r61=16 tail=34 gh60=0x4a85cba W1=0x1efa,0x2aa3,0x2f8e W2=0x1e07,0xd57,0x37a8
  r61_witness[15] r61=16 tail=35 gh60=0x4884ca6 W1=0x93c,0x21a9,0x1257 W2=0x849,0xab6,0x10db

D60=0 fiber histogram: 1:7981 2:4677 3:1762 4:1165 5:434 6:213 7:69 8:66 9:29 10:16 11:8 12:6 13:1 14:5 15:2 24:1
