free_word_mitm_reducedn
N=14 mask=0x3fff msb=0x2000
candidate: M0=0x3d36 mode=random-fallback fill=0x3fff kernel=dM0=dM9=0x2000
prefixes=32768/268435456 mode=permuted-prefix-sample w59_per_prefix=16384 total=536870912
run_mode=scan registry_cap=16
sample_start=152895488
scan_elapsed=18.652s rate=28.78 Mtriples/s

D60 interface
  D60=0 matches: 32312 (random expectation 32768.0, enrichment 0.986x)
  prefixes with D60=0: 16406
  max D60=0 fiber per prefix: 18 at W57=0x3db W58=0x1f7b
  largest D60 bucket: D=0x1087 count=33781
  min D60 HW: 0
  D60 HW histogram: 0:32312 1:456195 2:2974947 3:11917928 4:32805866 5:65649413 6:98468364 7:112504142 8:98393728 9:65559223 10:32756684 11:11890920 12:2971361 13:457082 14:32747

Tail closure among D60=0 matches
  final tail collisions: 0
  best r61 HW: 15
  best r61 W1[57..59]=0x2002,0xf22,0x17eb
  best r61 W2[57..59]=0x1f0f,0xfb6,0x36a3
  best tail HW: 20
  best tail r61 HW: 20
  best W1[57..59]=0x227c,0x2bd1,0x36cd
  best W2[57..59]=0x2189,0x177,0x444

SUMMARY N=14 sample_start=152895488 prefixes=32768 total=536870912 d0=32312 best_tail=20 tail_r61=20 best_r61=15 tail_W1=0x227c,0x2bd1,0x36cd tail_W2=0x2189,0x177,0x444 r61_W1=0x2002,0xf22,0x17eb r61_W2=0x1f0f,0xfb6,0x36a3

Scan-only witness registry
  registry_count=16 registry_cap=16
  witness[00] tail=20 r61=20 gh60=0x4d8c5a6 W1=0x227c,0x2bd1,0x36cd W2=0x2189,0x177,0x444
  witness[01] tail=23 r61=21 gh60=0xf9ebc9a W1=0x1005,0x3da5,0x1d56 W2=0xf12,0xab1,0x494
  witness[02] tail=24 r61=17 gh60=0x3c8cdaa W1=0x6be,0x11d2,0x2bd0 W2=0x5cb,0x112a,0x494
  witness[03] tail=24 r61=20 gh60=0xd70856e W1=0x225f,0x1f71,0x2f25 W2=0x216c,0x8b,0x1b80
  witness[04] tail=24 r61=21 gh60=0x3cf849e W1=0x3427,0x9bd,0x3c52 W2=0x3334,0x2768,0x17c3
  witness[05] tail=24 r61=23 gh60=0xc52fd9a W1=0x2ec6,0x2fa4,0x3fd6 W2=0x2dd3,0x3a5d,0x1649
  witness[06] tail=24 r61=24 gh60=0x497cb9a W1=0x5c6,0x1df3,0x37ed W2=0x4d3,0x1e4a,0x2926
  witness[07] tail=24 r61=24 gh60=0xd9a84ba W1=0x1539,0x3e6a,0x1318 W2=0x1446,0x352c,0x16d0
  witness[08] tail=24 r61=26 gh60=0x4ae849a W1=0x4e5,0x7cd,0x3dc5 W2=0x3f2,0x2dd4,0x340b
  witness[09] tail=25 r61=16 gh60=0x49e849a W1=0x1b49,0x1878,0x231 W2=0x1a56,0x1083,0x62c
  witness[10] tail=25 r61=17 gh60=0xcc885aa W1=0xaad,0x1fbb,0x2307 W2=0x9ba,0x2c4f,0x2ee3
  witness[11] tail=25 r61=20 gh60=0x4a2cfe6 W1=0x1794,0x2f10,0x3e89 W2=0x16a1,0x22ef,0x38b4
  witness[12] tail=25 r61=21 gh60=0xda18cea W1=0x381d,0x2480,0x2de7 W2=0x372a,0x3933,0xe92
  witness[13] tail=25 r61=21 gh60=0xb4884aa W1=0x3a2d,0x3da8,0x30fd W2=0x393a,0x1364,0xc9b
  witness[14] tail=25 r61=22 gh60=0xf739b6e W1=0x1d5f,0x109b,0x24bf W2=0x1c6c,0x3a6,0x3bf8
  witness[15] tail=25 r61=22 gh60=0x4a2879a W1=0x2389,0x2d6c,0x3b52 W2=0x2296,0x3005,0x318b

Scan-only r61 registry
  registry_count=16 registry_cap=16
  r61_witness[00] r61=15 tail=28 gh60=0x4e25caa W1=0x2002,0xf22,0x17eb W2=0x1f0f,0xfb6,0x36a3
  r61_witness[01] r61=16 tail=25 gh60=0x49e849a W1=0x1b49,0x1878,0x231 W2=0x1a56,0x1083,0x62c
  r61_witness[02] r61=16 tail=28 gh60=0x4569da6 W1=0x1ec3,0x3b41,0x1479 W2=0x1dd0,0x3197,0x3771
  r61_witness[03] r61=16 tail=29 gh60=0x49a5fea W1=0x1fa2,0x2dd3,0x38b6 W2=0x1eaf,0x1bf7,0x2679
  r61_witness[04] r61=16 tail=29 gh60=0x4ee9d66 W1=0x3e53,0xb08,0x97 W2=0x3d60,0x748,0x29a4
  r61_witness[05] r61=16 tail=30 gh60=0x4b34b7a W1=0x25d6,0x28f1,0xebc W2=0x24e3,0x22f5,0x35f2
  r61_witness[06] r61=16 tail=31 gh60=0x4a147ee W1=0x1b90,0x30a4,0x2eb6 W2=0x1a9d,0x3a77,0x3ae5
  r61_witness[07] r61=16 tail=31 gh60=0x4ab9cbe W1=0x1df7,0x2eec,0x1dbe W2=0x1d04,0x1cb,0x171c
  r61_witness[08] r61=16 tail=31 gh60=0x4b07d66 W1=0x305c,0x28a5,0x19aa W2=0x2f69,0xbe2,0xa3f
  r61_witness[09] r61=16 tail=32 gh60=0x44b84a6 W1=0x2c33,0x5e7,0x170 W2=0x2b40,0x1254,0x249c
  r61_witness[10] r61=16 tail=36 gh60=0x448bca6 W1=0xe3b,0xeca,0x1c5b W2=0xd48,0x1550,0x14bb
  r61_witness[11] r61=17 tail=24 gh60=0x3c8cdaa W1=0x6be,0x11d2,0x2bd0 W2=0x5cb,0x112a,0x494
  r61_witness[12] r61=17 tail=25 gh60=0xcc885aa W1=0xaad,0x1fbb,0x2307 W2=0x9ba,0x2c4f,0x2ee3
  r61_witness[13] r61=17 tail=26 gh60=0x362cba6 W1=0x1584,0x19d3,0x1f54 W2=0x1491,0x3248,0x3018
  r61_witness[14] r61=17 tail=26 gh60=0x44dc5be W1=0x1cb8,0x1b0b,0x2766 W2=0x1bc5,0x3056,0x31a9
  r61_witness[15] r61=17 tail=29 gh60=0x4a5bbba W1=0x1179,0x353f,0x15e1 W2=0x1086,0x24ca,0x1838

D60=0 fiber histogram: 1:7924 2:4753 3:1798 4:1129 5:378 6:201 7:82 8:79 9:16 10:22 11:10 12:5 13:2 14:2 15:2 16:1 18:2
