free_word_mitm_reducedn
N=14 mask=0x3fff msb=0x2000
candidate: M0=0x3d36 mode=random-fallback fill=0x3fff kernel=dM0=dM9=0x2000
prefixes=32768/268435456 mode=permuted-prefix-sample w59_per_prefix=16384 total=536870912
run_mode=scan registry_cap=16
sample_start=234520576
scan_elapsed=11.744s rate=45.71 Mtriples/s

D60 interface
  D60=0 matches: 32655 (random expectation 32768.0, enrichment 0.997x)
  prefixes with D60=0: 16478
  max D60=0 fiber per prefix: 22 at W57=0x3df5 W58=0xa10
  largest D60 bucket: D=0x1b75 count=33828
  min D60 HW: 0
  D60 HW histogram: 0:32655 1:454922 2:2971427 3:11908488 4:32781467 5:65604610 6:98406500 7:112499626 8:98452656 9:65602139 10:32781034 11:11906635 12:2977170 13:458411 14:33172

Tail closure among D60=0 matches
  final tail collisions: 0
  best r61 HW: 14
  best r61 W1[57..59]=0x27cd,0x39a4,0x337
  best r61 W2[57..59]=0x26da,0x25c7,0x196e
  best tail HW: 22
  best tail r61 HW: 22
  best W1[57..59]=0x25f2,0x820,0x399c
  best W2[57..59]=0x24ff,0x1124,0x1d56

SUMMARY N=14 sample_start=234520576 prefixes=32768 total=536870912 d0=32655 best_tail=22 tail_r61=22 best_r61=14 tail_W1=0x25f2,0x820,0x399c tail_W2=0x24ff,0x1124,0x1d56 r61_W1=0x27cd,0x39a4,0x337 r61_W2=0x26da,0x25c7,0x196e

Scan-only witness registry
  registry_count=16 registry_cap=16
  witness[00] tail=22 r61=21 gh60=0x5f1cd7a W1=0x85a,0x3252,0x127e W2=0x767,0x161a,0x2d16
  witness[01] tail=22 r61=22 gh60=0xdbaccaa W1=0x25f2,0x820,0x399c W2=0x24ff,0x1124,0x1d56
  witness[02] tail=23 r61=19 gh60=0x460fcea W1=0xe1e,0x318,0xec6 W2=0xd2b,0x3644,0xeb0
  witness[03] tail=24 r61=19 gh60=0xdea9c9a W1=0x3de5,0x3931,0x12a6 W2=0x3cf2,0x23f9,0x21f2
  witness[04] tail=24 r61=22 gh60=0xcf28da6 W1=0x8c3,0xfd0,0x376e W2=0x7d0,0x21a4,0xcfe
  witness[05] tail=24 r61=22 gh60=0xdd185a6 W1=0x14c3,0x2619,0x2c4d W2=0x13d0,0xc6c,0x1f44
  witness[06] tail=24 r61=26 gh60=0x4cfcdaa W1=0x8ae,0x9ea,0x23e0 W2=0x7bb,0x452,0x30aa
  witness[07] tail=25 r61=17 gh60=0xd5884aa W1=0x29f1,0x1f12,0x1844 W2=0x28fe,0x2212,0x78b
  witness[08] tail=25 r61=20 gh60=0x4a5479e W1=0xb88,0x7e8,0x17fd W2=0xa95,0x28c,0x27ec
  witness[09] tail=25 r61=20 gh60=0xc555d7e W1=0x1ed8,0x3dea,0x326 W2=0x1de5,0xa42,0x2f3b
  witness[10] tail=25 r61=21 gh60=0xd61cce6 W1=0x2814,0x11d0,0xa9b W2=0x2721,0x2ef3,0x210f
  witness[11] tail=25 r61=21 gh60=0x4e185a6 W1=0x2a83,0x12a7,0x437 W2=0x2990,0x68c,0x284f
  witness[12] tail=25 r61=22 gh60=0x49f7cee W1=0xe10,0x15cd,0x20fc W2=0xd1d,0x2929,0x3553
  witness[13] tail=25 r61=23 gh60=0xd60cce6 W1=0x80c,0x961,0xb87 W2=0x719,0x5f4,0xc15
  witness[14] tail=25 r61=23 gh60=0x590cf9a W1=0x17ca,0x541,0x365c W2=0x16d7,0x290,0x106a
  witness[15] tail=25 r61=24 gh60=0xdafcdaa W1=0x2682,0x1c0c,0x3ba W2=0x258f,0x2bf8,0x357a

Scan-only r61 registry
  registry_count=16 registry_cap=16
  r61_witness[00] r61=14 tail=30 gh60=0x4aa849a W1=0x14e5,0x2780,0x3e59 W2=0x13f2,0x1d93,0x2316
  r61_witness[01] r61=14 tail=32 gh60=0x497c4e6 W1=0x2324,0x13d9,0x1c81 W2=0x2231,0x561,0x3b74
  r61_witness[02] r61=14 tail=32 gh60=0xc708f6a W1=0x27cd,0x39a4,0x337 W2=0x26da,0x25c7,0x196e
  r61_witness[03] r61=15 tail=30 gh60=0x4929b7e W1=0x3d57,0x8d9,0x3830 W2=0x3c64,0x500,0x2eb9
  r61_witness[04] r61=15 tail=32 gh60=0x48887a6 W1=0x2bab,0x3923,0x302c W2=0x2ab8,0x2176,0x3948
  r61_witness[05] r61=16 tail=26 gh60=0x590bb6a W1=0x2de1,0x1ada,0x3d10 W2=0x2cee,0xc09,0x30c8
  r61_witness[06] r61=16 tail=27 gh60=0x4e88cae W1=0x36ef,0x17e1,0x11c0 W2=0x35fc,0x3c0,0xa98
  r61_witness[07] r61=16 tail=31 gh60=0x4905b66 W1=0x14c,0x39a9,0x246 W2=0x59,0x10a,0x190b
  r61_witness[08] r61=16 tail=31 gh60=0x450fd6a W1=0xede,0x5b6,0x3cf1 W2=0xdeb,0x3476,0x3d69
  r61_witness[09] r61=16 tail=31 gh60=0x4697caa W1=0x2efe,0x257e,0x1d9a W2=0x2e0b,0x1ef6,0xaf0
  r61_witness[10] r61=16 tail=33 gh60=0xc888baa W1=0x35b1,0x35ca,0x1842 W2=0x34be,0x621,0x164d
  r61_witness[11] r61=16 tail=35 gh60=0x4704f7a W1=0x27da,0x3525,0xdfe W2=0x26e7,0x1d3d,0x17e3
  r61_witness[12] r61=16 tail=35 gh60=0xc50856e W1=0x2c5f,0x2e1f,0x1f0e W2=0x2b6c,0x1359,0x1c7c
  r61_witness[13] r61=16 tail=37 gh60=0x38844a6 W1=0x1d3c,0x2203,0x5cc W2=0x1c49,0x1e4f,0x3839
  r61_witness[14] r61=17 tail=25 gh60=0xd5884aa W1=0x29f1,0x1f12,0x1844 W2=0x28fe,0x2212,0x78b
  r61_witness[15] r61=17 tail=28 gh60=0x4a084ee W1=0x250f,0x163c,0x586 W2=0x241c,0x3152,0xf8a

D60=0 fiber histogram: 1:7924 2:4797 3:1798 4:1100 5:388 6:247 7:85 8:61 9:29 10:21 11:9 12:8 13:3 15:4 16:1 17:1 18:1 22:1
