free_word_mitm_reducedn
N=14 mask=0x3fff msb=0x2000
candidate: M0=0x3d36 mode=random-fallback fill=0x3fff kernel=dM0=dM9=0x2000
prefixes=32768/268435456 mode=permuted-prefix-sample w59_per_prefix=16384 total=536870912
run_mode=scan registry_cap=16
sample_start=194347008
scan_elapsed=17.678s rate=30.37 Mtriples/s

D60 interface
  D60=0 matches: 32467 (random expectation 32768.0, enrichment 0.991x)
  prefixes with D60=0: 16528
  max D60=0 fiber per prefix: 20 at W57=0x1fc9 W58=0x2bcb
  largest D60 bucket: D=0xd52 count=33864
  min D60 HW: 0
  D60 HW histogram: 0:32467 1:455945 2:2970632 3:11894773 4:32765327 5:65592437 6:98456687 7:112513572 8:98437450 9:65602168 10:32778205 11:11905844 12:2976666 13:456085 14:32654

Tail closure among D60=0 matches
  final tail collisions: 0
  best r61 HW: 14
  best r61 W1[57..59]=0x2e80,0xce1,0xde3
  best r61 W2[57..59]=0x2d8d,0x2a09,0x2884
  best tail HW: 20
  best tail r61 HW: 23
  best W1[57..59]=0x2234,0x2d50,0x393d
  best W2[57..59]=0x2141,0x29bc,0x2b05

SUMMARY N=14 sample_start=194347008 prefixes=32768 total=536870912 d0=32467 best_tail=20 tail_r61=23 best_r61=14 tail_W1=0x2234,0x2d50,0x393d tail_W2=0x2141,0x29bc,0x2b05 r61_W1=0x2e80,0xce1,0xde3 r61_W2=0x2d8d,0x2a09,0x2884

Scan-only witness registry
  registry_count=16 registry_cap=16
  witness[00] tail=20 r61=23 gh60=0x4cbc4a6 W1=0x2234,0x2d50,0x393d W2=0x2141,0x29bc,0x2b05
  witness[01] tail=22 r61=19 gh60=0x5a8c5ae W1=0x470,0x2c0d,0x1af4 W2=0x37d,0x1146,0x50b
  witness[02] tail=22 r61=22 gh60=0xc624caa W1=0x1902,0x763,0x2773 W2=0x180f,0x1a37,0x159b
  witness[03] tail=23 r61=18 gh60=0x4628d9e W1=0x2687,0x17ef,0x1285 W2=0x2594,0x1f89,0x6bc
  witness[04] tail=23 r61=22 gh60=0xcb75bae W1=0x21c0,0x33fa,0x3efd W2=0x20cd,0x29f6,0xd2d
  witness[05] tail=24 r61=16 gh60=0xfa67de6 W1=0x3094,0x2946,0x3e1d W2=0x2fa1,0x3097,0x1c9c
  witness[06] tail=24 r61=21 gh60=0x46bbbba W1=0x3175,0x3b81,0x3c43 W2=0x3082,0x1140,0x2d4a
  witness[07] tail=25 r61=18 gh60=0xba045e6 W1=0x29c,0xf39,0x1735 W2=0x1a9,0x26e7,0x2a11
  witness[08] tail=25 r61=19 gh60=0x3e78dee W1=0x369f,0xe4d,0xb45 W2=0x35ac,0x8fc,0xe57
  witness[09] tail=25 r61=21 gh60=0x4e085ee W1=0xa8f,0x291b,0x1a47 W2=0x99c,0xa59,0x3687
  witness[10] tail=25 r61=21 gh60=0xcb8ccba W1=0x36fa,0x3a95,0x2da0 W2=0x3607,0x2ec9,0x1523
  witness[11] tail=25 r61=22 gh60=0x375c7be W1=0x23b8,0x31de,0x23e4 W2=0x22c5,0x2ca5,0x1e47
  witness[12] tail=25 r61=22 gh60=0x4a9bcae W1=0x2def,0xf01,0x3d7a W2=0x2cfc,0x2864,0x37a1
  witness[13] tail=25 r61=22 gh60=0x4f1476e W1=0x3b60,0x786,0x27d3 W2=0x3a6d,0x15bd,0x3296
  witness[14] tail=25 r61=23 gh60=0x5a1c4e6 W1=0x150c,0x24ca,0x13a6 W2=0x1419,0x20b0,0x756
  witness[15] tail=25 r61=26 gh60=0x59a8bbe W1=0x15b7,0x256d,0x2520 W2=0x14c4,0x2c88,0xa8a

Scan-only r61 registry
  registry_count=16 registry_cap=16
  r61_witness[00] r61=14 tail=31 gh60=0x4a8fdae W1=0x2e80,0xce1,0xde3 W2=0x2d8d,0x2a09,0x2884
  r61_witness[01] r61=14 tail=31 gh60=0x488bfa6 W1=0x2fab,0x8bb,0x2d3b W2=0x2eb8,0x238d,0x3eca
  r61_witness[02] r61=15 tail=27 gh60=0x492877a W1=0x33d5,0x212e,0x363c W2=0x32e2,0x2606,0x1684
  r61_witness[03] r61=15 tail=31 gh60=0x4a085e6 W1=0x128b,0x2f80,0x1711 W2=0x1198,0x153d,0x6b7
  r61_witness[04] r61=15 tail=34 gh60=0x4688ca6 W1=0x25fb,0xb2b,0x31a W2=0x2508,0x1b37,0x11d0
  r61_witness[05] r61=15 tail=37 gh60=0x3708b6e W1=0x254f,0x18be,0x452 W2=0x245c,0xedd,0x2c66
  r61_witness[06] r61=16 tail=24 gh60=0xfa67de6 W1=0x3094,0x2946,0x3e1d W2=0x2fa1,0x3097,0x1c9c
  r61_witness[07] r61=16 tail=29 gh60=0xcc8c5a6 W1=0x1aac,0x1480,0x2c09 W2=0x19b9,0x37c4,0x22ee
  r61_witness[08] r61=16 tail=29 gh60=0x4e644aa W1=0x2202,0x1b0a,0x25ab W2=0x210f,0x209f,0x2f09
  r61_witness[09] r61=16 tail=29 gh60=0x476dfea W1=0x3fa2,0x2f7c,0x51f W2=0x3eaf,0x1da0,0x3a8a
  r61_witness[10] r61=16 tail=30 gh60=0x4889baa W1=0x1b1,0x12f0,0x2ef W2=0xbe,0xc07,0x1cf5
  r61_witness[11] r61=16 tail=30 gh60=0x4489dae W1=0x1eaf,0x2ac4,0x5b1 W2=0x1dbc,0x107b,0x295d
  r61_witness[12] r61=16 tail=31 gh60=0x460449a W1=0xc0a,0x317a,0x1db2 W2=0xb17,0x1842,0x46d
  r61_witness[13] r61=16 tail=31 gh60=0xfa084e6 W1=0x230b,0x1192,0x46b W2=0x2218,0x2e63,0x133e
  r61_witness[14] r61=16 tail=32 gh60=0x4625ca6 W1=0x1e04,0x31f7,0x39da W2=0x1d11,0x30b2,0x2042
  r61_witness[15] r61=16 tail=33 gh60=0x4a0c7e6 W1=0x239c,0x1748,0x105a W2=0x22a9,0x386,0x10bc

D60=0 fiber histogram: 1:8095 2:4743 3:1750 4:1112 5:380 6:214 7:76 8:70 9:45 10:19 11:6 12:8 13:3 14:2 16:1 17:2 18:1 20:1
