free_word_mitm_reducedn
N=14 mask=0x3fff msb=0x2000
candidate: M0=0x3d36 mode=random-fallback fill=0x3fff kernel=dM0=dM9=0x2000
prefixes=32768/268435456 mode=permuted-prefix-sample w59_per_prefix=16384 total=536870912
run_mode=scan registry_cap=16
sample_start=247267328
scan_elapsed=15.503s rate=34.63 Mtriples/s

D60 interface
  D60=0 matches: 32548 (random expectation 32768.0, enrichment 0.993x)
  prefixes with D60=0: 16528
  max D60=0 fiber per prefix: 20 at W57=0x32a6 W58=0x2b37
  largest D60 bucket: D=0x2732 count=33723
  min D60 HW: 0
  D60 HW histogram: 0:32548 1:456051 2:2977531 3:11915534 4:32791080 5:65616924 6:98433883 7:112487515 8:98408514 9:65582466 10:32776379 11:11926221 12:2976112 13:457232 14:32922

Tail closure among D60=0 matches
  final tail collisions: 0
  best r61 HW: 13
  best r61 W1[57..59]=0x1f2d,0x1f1e,0x2abc
  best r61 W2[57..59]=0x1e3a,0x2119,0x1c12
  best tail HW: 21
  best tail r61 HW: 19
  best W1[57..59]=0xd38,0x1793,0x30b8
  best W2[57..59]=0xc45,0x26b2,0x3100

SUMMARY N=14 sample_start=247267328 prefixes=32768 total=536870912 d0=32548 best_tail=21 tail_r61=19 best_r61=13 tail_W1=0xd38,0x1793,0x30b8 tail_W2=0xc45,0x26b2,0x3100 r61_W1=0x1f2d,0x1f1e,0x2abc r61_W2=0x1e3a,0x2119,0x1c12

Scan-only witness registry
  registry_count=16 registry_cap=16
  witness[00] tail=21 r61=19 gh60=0xc8ac4be W1=0xd38,0x1793,0x30b8 W2=0xc45,0x26b2,0x3100
  witness[01] tail=22 r61=19 gh60=0x47d4dbe W1=0x16b8,0x2a5c,0x2362 W2=0x15c5,0x228,0x117a
  witness[02] tail=23 r61=19 gh60=0x4b74caa W1=0x293e,0x2fc7,0x3f70 W2=0x284b,0x3137,0x28e6
  witness[03] tail=24 r61=15 gh60=0xc8d84be W1=0xd37,0x21de,0x34cf W2=0xc44,0x20fc,0x32b9
  witness[04] tail=24 r61=20 gh60=0x4a75bee W1=0x2190,0x1253,0x1b5f W2=0x209d,0x5e3,0x3793
  witness[05] tail=24 r61=23 gh60=0x5bebd9e W1=0x1087,0x38db,0x3d9d W2=0xf94,0x25f3,0x226e
  witness[06] tail=24 r61=24 gh60=0x3a144ee W1=0x310,0x1985,0x38cb W2=0x21d,0xc2c,0x3267
  witness[07] tail=24 r61=25 gh60=0xc62dce6 W1=0x114,0x1479,0xe1f W2=0x21,0x1eae,0x1ebe
  witness[08] tail=24 r61=26 gh60=0xd73c59e W1=0x1ac8,0x3c21,0x3085 W2=0x19d5,0x103d,0x269a
  witness[09] tail=25 r61=20 gh60=0x5d0856e W1=0x2cf,0x282a,0x3086 W2=0x1dc,0xa78,0x3e0c
  witness[10] tail=25 r61=22 gh60=0x3a9c4aa W1=0x3fe,0x2741,0x20ba W2=0x30b,0x2d72,0x2f20
  witness[11] tail=25 r61=22 gh60=0x4fe8d9a W1=0x38a5,0x687,0x3c0a W2=0x37b2,0x3f6d,0x30cf
  witness[12] tail=25 r61=22 gh60=0x4919b6e W1=0x3d4f,0x1a31,0x11cd W2=0x3c5c,0x1654,0x27fa
  witness[13] tail=25 r61=25 gh60=0x7a1ccea W1=0x280e,0x2d1,0x367c W2=0x271b,0x789,0x1533
  witness[14] tail=25 r61=26 gh60=0x47b859e W1=0x1467,0x23c4,0x348 W2=0x1374,0x3a1b,0x3a55
  witness[15] tail=26 r61=17 gh60=0xdb25d66 W1=0x54,0x15c6,0x2fe1 W2=0x3f61,0x2ba7,0x1907

Scan-only r61 registry
  registry_count=16 registry_cap=16
  r61_witness[00] r61=13 tail=27 gh60=0xc989caa W1=0x1f2d,0x1f1e,0x2abc W2=0x1e3a,0x2119,0x1c12
  r61_witness[01] r61=15 tail=24 gh60=0xc8d84be W1=0xd37,0x21de,0x34cf W2=0xc44,0x20fc,0x32b9
  r61_witness[02] r61=15 tail=32 gh60=0xd90cf6e W1=0x2760,0x30bb,0x14da W2=0x266d,0x1fe7,0x25d4
  r61_witness[03] r61=15 tail=34 gh60=0x3e084ea W1=0x511,0xfad,0x10b5 W2=0x41e,0x14e3,0x26f9
  r61_witness[04] r61=15 tail=34 gh60=0x54844ba W1=0xa3a,0x2cc4,0x11af W2=0x947,0x1137,0x19f7
  r61_witness[05] r61=15 tail=35 gh60=0x3d844ba W1=0x243a,0x219f,0x7d3 W2=0x2347,0x812,0x73e
  r61_witness[06] r61=16 tail=28 gh60=0xc489caa W1=0x1e31,0x202c,0x8c W2=0x1d3e,0x262b,0x56a
  r61_witness[07] r61=16 tail=29 gh60=0x498fbba W1=0x317a,0x17e,0x1d91 W2=0x3087,0x1b06,0x331a
  r61_witness[08] r61=16 tail=32 gh60=0xc904c9a W1=0x74a,0x3716,0x2ec W2=0x657,0x1c21,0x100f
  r61_witness[09] r61=16 tail=32 gh60=0x36187a6 W1=0xb83,0x2ab3,0x1ce0 W2=0xa90,0x1718,0x237
  r61_witness[10] r61=16 tail=33 gh60=0x5b84ba6 W1=0x397c,0x329f,0xb07 W2=0x3889,0x6e4,0x262b
  r61_witness[11] r61=17 tail=26 gh60=0xdb25d66 W1=0x54,0x15c6,0x2fe1 W2=0x3f61,0x2ba7,0x1907
  r61_witness[12] r61=17 tail=29 gh60=0xc8884a6 W1=0x33b,0x1330,0x1eac W2=0x248,0x327d,0x2632
  r61_witness[13] r61=17 tail=29 gh60=0xccafd9e W1=0x10a8,0xc63,0x1971 W2=0xfb5,0x38bc,0x221d
  r61_witness[14] r61=17 tail=29 gh60=0xcab45aa W1=0x2c7e,0x35e5,0x29d7 W2=0x2b8b,0x336e,0x3180
  r61_witness[15] r61=17 tail=29 gh60=0xd6085ee W1=0x3a9f,0x2414,0x3284 W2=0x39ac,0x1942,0xc55

D60=0 fiber histogram: 1:8032 2:4749 3:1840 4:1054 5:426 6:202 7:73 8:77 9:32 10:17 11:8 12:4 13:5 14:1 16:2 17:2 18:3 20:1
