free_word_mitm_reducedn
N=14 mask=0x3fff msb=0x2000
candidate: M0=0x3d36 mode=random-fallback fill=0x3fff kernel=dM0=dM9=0x2000
prefixes=32768/268435456 mode=permuted-prefix-sample w59_per_prefix=16384 total=536870912
run_mode=scan registry_cap=16
sample_start=205324288
scan_elapsed=15.822s rate=33.93 Mtriples/s

D60 interface
  D60=0 matches: 32155 (random expectation 32768.0, enrichment 0.981x)
  prefixes with D60=0: 16427
  max D60=0 fiber per prefix: 14 at W57=0xd84 W58=0xedb
  largest D60 bucket: D=0xdc3 count=33886
  min D60 HW: 0
  D60 HW histogram: 0:32155 1:455857 2:2969159 3:11900116 4:32753386 5:65558643 6:98421494 7:112526569 8:98485744 9:65626455 10:32771521 11:11907624 12:2972453 13:457240 14:32496

Tail closure among D60=0 matches
  final tail collisions: 0
  best r61 HW: 13
  best r61 W1[57..59]=0x2adc,0x2518,0x2b73
  best r61 W2[57..59]=0x29e9,0x3c58,0x1042
  best tail HW: 21
  best tail r61 HW: 23
  best W1[57..59]=0x3fe7,0x26f5,0x1a06
  best W2[57..59]=0x3ef4,0x33e1,0x3c4d

SUMMARY N=14 sample_start=205324288 prefixes=32768 total=536870912 d0=32155 best_tail=21 tail_r61=23 best_r61=13 tail_W1=0x3fe7,0x26f5,0x1a06 tail_W2=0x3ef4,0x33e1,0x3c4d r61_W1=0x2adc,0x2518,0x2b73 r61_W2=0x29e9,0x3c58,0x1042

Scan-only witness registry
  registry_count=16 registry_cap=16
  witness[00] tail=21 r61=23 gh60=0x5a79c9e W1=0x3fe7,0x26f5,0x1a06 W2=0x3ef4,0x33e1,0x3c4d
  witness[01] tail=22 r61=21 gh60=0xdae877a W1=0xb55,0xd95,0x259 W2=0xa62,0x3c75,0x32cc
  witness[02] tail=22 r61=21 gh60=0xce65fa6 W1=0x1f84,0x3629,0x1999 W2=0x1e91,0x1a9c,0x2bf
  witness[03] tail=23 r61=21 gh60=0xf6084e6 W1=0xd0b,0x2469,0x2fc8 W2=0xc18,0x1f3c,0x1e43
  witness[04] tail=24 r61=13 gh60=0x5504566 W1=0x2adc,0x2518,0x2b73 W2=0x29e9,0x3c58,0x1042
  witness[05] tail=24 r61=15 gh60=0x47184a6 W1=0x3c43,0x3860,0x3986 W2=0x3b50,0x16dd,0x219d
  witness[06] tail=24 r61=17 gh60=0x5509d6a W1=0x20d1,0x2f7f,0x2e56 W2=0x1fde,0x2572,0x3d57
  witness[07] tail=24 r61=18 gh60=0xcbd9d9a W1=0x89,0x2b6a,0x7a6 W2=0x3f96,0x69e,0x347f
  witness[08] tail=24 r61=21 gh60=0xbae4da6 W1=0x28c4,0x576,0x2ccd W2=0x27d1,0x175b,0x3e91
  witness[09] tail=24 r61=21 gh60=0xbad8c9a W1=0x3849,0x1675,0xd9 W2=0x3756,0x9c7,0x23a9
  witness[10] tail=24 r61=26 gh60=0xdb7856e W1=0x1cdf,0x1be4,0x11c3 W2=0x1bec,0x140a,0x100d
  witness[11] tail=25 r61=15 gh60=0x5e87da6 W1=0xe6c,0x35c6,0x1f92 W2=0xd79,0x3cfd,0x296
  witness[12] tail=25 r61=16 gh60=0x36184e6 W1=0x313,0x1ce3,0x2427 W2=0x220,0x1bc6,0x666
  witness[13] tail=25 r61=18 gh60=0x5a8cda6 W1=0x87c,0x3d76,0x2cde W2=0x789,0x2f1b,0x2f77
  witness[14] tail=25 r61=22 gh60=0x4bec4a6 W1=0x1c04,0x2c8f,0x3cd7 W2=0x1b11,0x198d,0x1f95
  witness[15] tail=25 r61=23 gh60=0x4bf476e W1=0x1be0,0x794,0x7d0 W2=0x1aed,0x17cb,0x2263

Scan-only r61 registry
  registry_count=16 registry_cap=16
  r61_witness[00] r61=13 tail=24 gh60=0x5504566 W1=0x2adc,0x2518,0x2b73 W2=0x29e9,0x3c58,0x1042
  r61_witness[01] r61=14 tail=31 gh60=0x44844a6 W1=0x1c3c,0x21bb,0x3f7a W2=0x1b49,0x2e07,0x136a
  r61_witness[02] r61=14 tail=33 gh60=0x4507d9a W1=0x2eca,0x3961,0x1812 W2=0x2dd7,0x140e,0x1d89
  r61_witness[03] r61=15 tail=24 gh60=0x47184a6 W1=0x3c43,0x3860,0x3986 W2=0x3b50,0x16dd,0x219d
  r61_witness[04] r61=15 tail=25 gh60=0x5e87da6 W1=0xe6c,0x35c6,0x1f92 W2=0xd79,0x3cfd,0x296
  r61_witness[05] r61=15 tail=27 gh60=0x599bca6 W1=0x113b,0x1bd7,0x1740 W2=0x1048,0xcdd,0x251b
  r61_witness[06] r61=15 tail=28 gh60=0x45645ea W1=0x24a2,0x3b53,0x1471 W2=0x23af,0xb0a,0x9e5
  r61_witness[07] r61=15 tail=31 gh60=0x4707c9a W1=0xf4a,0x3a79,0x3dd3 W2=0xe57,0x8fe,0xc96
  r61_witness[08] r61=15 tail=31 gh60=0x4a1c4a6 W1=0x3b04,0x2c55,0x1621 W2=0x3a11,0x2d53,0x2b45
  r61_witness[09] r61=15 tail=34 gh60=0x46084e6 W1=0x3c0b,0x334,0x2a8f W2=0x3b18,0x31b,0x1782
  r61_witness[10] r61=16 tail=25 gh60=0x36184e6 W1=0x313,0x1ce3,0x2427 W2=0x220,0x1bc6,0x666
  r61_witness[11] r61=16 tail=27 gh60=0x5a585be W1=0x3477,0x1cc2,0x1cdd W2=0x3384,0x3208,0xaf9
  r61_witness[12] r61=16 tail=27 gh60=0xd90db66 W1=0x3dcc,0x35e0,0x2f7d W2=0x3cd9,0x3a39,0x3f29
  r61_witness[13] r61=16 tail=28 gh60=0x48e4fea W1=0x17a2,0x1ef0,0x36ee W2=0x16af,0x1b14,0x1371
  r61_witness[14] r61=16 tail=29 gh60=0xc90876a W1=0x3b4d,0x242a,0x303d W2=0x3a5a,0x1f88,0x400
  r61_witness[15] r61=16 tail=31 gh60=0x39d849a W1=0xb49,0x3ff3,0x34d2 W2=0xa56,0x280a,0x23d8

D60=0 fiber histogram: 1:8040 2:4761 3:1688 4:1100 5:421 6:197 7:75 8:78 9:25 10:17 11:8 12:12 13:4 14:1
