free_word_mitm_reducedn
N=14 mask=0x3fff msb=0x2000
candidate: M0=0x3d36 mode=random-fallback fill=0x3fff kernel=dM0=dM9=0x2000
prefixes=32768/268435456 mode=permuted-prefix-sample w59_per_prefix=16384 total=536870912
run_mode=scan registry_cap=16
sample_start=176521216
scan_elapsed=19.408s rate=27.66 Mtriples/s

D60 interface
  D60=0 matches: 32803 (random expectation 32768.0, enrichment 1.001x)
  prefixes with D60=0: 16678
  max D60=0 fiber per prefix: 15 at W57=0x3311 W58=0x213
  largest D60 bucket: D=0x1573 count=33883
  min D60 HW: 0
  D60 HW histogram: 0:32803 1:458492 2:2975512 3:11924140 4:32797166 5:65624489 6:98461083 7:112509122 8:98408177 9:65578189 10:32752969 11:11892990 12:2966865 13:456448 14:32467

Tail closure among D60=0 matches
  final tail collisions: 0
  best r61 HW: 12
  best r61 W1[57..59]=0x16fc,0x3f09,0x2f4b
  best r61 W2[57..59]=0x1609,0x1c16,0x2dc9
  best tail HW: 16
  best tail r61 HW: 21
  best W1[57..59]=0x35f2,0x18ac,0x2975
  best W2[57..59]=0x34ff,0x30b0,0x1545

SUMMARY N=14 sample_start=176521216 prefixes=32768 total=536870912 d0=32803 best_tail=16 tail_r61=21 best_r61=12 tail_W1=0x35f2,0x18ac,0x2975 tail_W2=0x34ff,0x30b0,0x1545 r61_W1=0x16fc,0x3f09,0x2f4b r61_W2=0x1609,0x1c16,0x2dc9

Scan-only witness registry
  registry_count=16 registry_cap=16
  witness[00] tail=16 r61=21 gh60=0xdbbccaa W1=0x35f2,0x18ac,0x2975 W2=0x34ff,0x30b0,0x1545
  witness[01] tail=22 r61=18 gh60=0x74a8ce6 W1=0x3823,0x3d86,0x1312 W2=0x3730,0x1a48,0x3525
  witness[02] tail=24 r61=18 gh60=0xf9ec79e W1=0x1368,0x2929,0x1ff0 W2=0x1275,0x3391,0x2625
  witness[03] tail=24 r61=18 gh60=0xc8d4c9a W1=0x1726,0xad5,0x4f9 W2=0x1633,0x3fe8,0x3e87
  witness[04] tail=24 r61=19 gh60=0xd6e857a W1=0x3a59,0x137c,0x20ed W2=0x3966,0x3830,0x3da1
  witness[05] tail=24 r61=22 gh60=0xd9dfcbe W1=0xf38,0x2dd0,0x3151 W2=0xe45,0x2c2c,0x159e
  witness[06] tail=24 r61=25 gh60=0xfb74d9e W1=0x28c8,0x3468,0xf87 W2=0x27d5,0x3587,0xc5e
  witness[07] tail=25 r61=15 gh60=0x56085ea W1=0x2aa1,0x3e6d,0x2726 W2=0x29ae,0x3a7f,0x444
  witness[08] tail=25 r61=17 gh60=0xcaabb9e W1=0x2d67,0x2c3a,0x2e94 W2=0x2c74,0x16d2,0x3abd
  witness[09] tail=25 r61=21 gh60=0x493c7aa W1=0x23c2,0x3ec1,0x3fbb W2=0x22cf,0x321e,0x11a6
  witness[10] tail=25 r61=23 gh60=0x5c7cdba W1=0x26ba,0x2bf,0x462 W2=0x25c7,0x329b,0x74d
  witness[11] tail=25 r61=24 gh60=0x463cde6 W1=0x168c,0x14b1,0x3288 W2=0x1599,0x3af0,0x3d15
  witness[12] tail=25 r61=25 gh60=0xf53856e W1=0x3a4f,0x296e,0x1080 W2=0x395c,0x1f20,0x3a5
  witness[13] tail=25 r61=26 gh60=0x7b34d6a W1=0x165e,0x5a8,0x14af W2=0x156b,0x1c08,0x2c4c
  witness[14] tail=26 r61=18 gh60=0x57187a6 W1=0x2bc3,0x5ee,0xfe5 W2=0x2ad0,0x2fe3,0x2394
  witness[15] tail=26 r61=20 gh60=0xc61bde6 W1=0x2e9b,0x1c6d,0x20f0 W2=0x2da8,0x299d,0xd3d

Scan-only r61 registry
  registry_count=16 registry_cap=16
  r61_witness[00] r61=12 tail=28 gh60=0x4684ca6 W1=0x16fc,0x3f09,0x2f4b W2=0x1609,0x1c16,0x2dc9
  r61_witness[01] r61=14 tail=31 gh60=0xca084ee W1=0x321f,0x2944,0x1224 W2=0x312c,0x27da,0x2ee0
  r61_witness[02] r61=15 tail=25 gh60=0x56085ea W1=0x2aa1,0x3e6d,0x2726 W2=0x29ae,0x3a7f,0x444
  r61_witness[03] r61=15 tail=32 gh60=0x48984aa W1=0x353d,0x2dfb,0x18d1 W2=0x344a,0x267,0x236c
  r61_witness[04] r61=15 tail=34 gh60=0xca04be6 W1=0x159c,0x1f76,0x1e2e W2=0x14a9,0x35b1,0x70d
  r61_witness[05] r61=15 tail=34 gh60=0xc96877e W1=0x2b57,0x1312,0x3df8 W2=0x2a64,0xbce,0x32c9
  r61_witness[06] r61=16 tail=28 gh60=0x4a08bea W1=0x359d,0xf4a,0x3a13 W2=0x34aa,0x11c5,0x3168
  r61_witness[07] r61=16 tail=29 gh60=0xc58ccaa W1=0x63e,0xfa,0x3ea1 W2=0x54b,0x82a,0x18ba
  r61_witness[08] r61=16 tail=32 gh60=0x4628b9a W1=0x989,0x22f0,0x3c37 W2=0x896,0x20c2,0x122b
  r61_witness[09] r61=16 tail=32 gh60=0x4b1c4a6 W1=0x2a44,0x2e91,0x2d2d W2=0x2951,0x2a0f,0x3043
  r61_witness[10] r61=16 tail=37 gh60=0xc788faa W1=0x37bd,0x317b,0xd55 W2=0x36ca,0x2f7e,0x3a81
  r61_witness[11] r61=16 tail=38 gh60=0x48887aa W1=0x23b1,0x3,0x658 W2=0x22be,0x25b,0x26d1
  r61_witness[12] r61=16 tail=39 gh60=0x4905c9a W1=0x3f4a,0x33d,0x2582 W2=0x3e57,0x27c6,0x3543
  r61_witness[13] r61=17 tail=25 gh60=0xcaabb9e W1=0x2d67,0x2c3a,0x2e94 W2=0x2c74,0x16d2,0x3abd
  r61_witness[14] r61=17 tail=27 gh60=0x44d4c9e W1=0x1628,0x284f,0x38d6 W2=0x1535,0x3942,0xdb4
  r61_witness[15] r61=17 tail=29 gh60=0x453456e W1=0x3c50,0x1f96,0x1009 W2=0x3b5d,0x1ae9,0x29db

D60=0 fiber histogram: 1:8085 2:4818 3:1827 4:1117 5:391 6:212 7:81 8:82 9:20 10:20 11:7 12:11 13:5 14:1 15:1
