free_word_mitm_reducedn
N=14 mask=0x3fff msb=0x2000
candidate: M0=0x3d36 mode=random-fallback fill=0x3fff kernel=dM0=dM9=0x2000
prefixes=32768/268435456 mode=permuted-prefix-sample w59_per_prefix=16384 total=536870912
run_mode=scan registry_cap=16
sample_start=232947712
scan_elapsed=16.733s rate=32.09 Mtriples/s

D60 interface
  D60=0 matches: 32783 (random expectation 32768.0, enrichment 1.000x)
  prefixes with D60=0: 16578
  max D60=0 fiber per prefix: 32 at W57=0x475 W58=0x1258
  largest D60 bucket: D=0xc72 count=33852
  min D60 HW: 0
  D60 HW histogram: 0:32783 1:458758 2:2975830 3:11924663 4:32805849 5:65633482 6:98442425 7:112468649 8:98389316 9:65578937 10:32768379 11:11921365 12:2979314 13:458479 14:32683

Tail closure among D60=0 matches
  final tail collisions: 0
  best r61 HW: 15
  best r61 W1[57..59]=0x1616,0x636,0x7e2
  best r61 W2[57..59]=0x1523,0x3c6e,0x187d
  best tail HW: 21
  best tail r61 HW: 23
  best W1[57..59]=0x1bf,0x356a,0x316d
  best W2[57..59]=0xcc,0x2775,0x2c4f

SUMMARY N=14 sample_start=232947712 prefixes=32768 total=536870912 d0=32783 best_tail=21 tail_r61=23 best_r61=15 tail_W1=0x1bf,0x356a,0x316d tail_W2=0xcc,0x2775,0x2c4f r61_W1=0x1616,0x636,0x7e2 r61_W2=0x1523,0x3c6e,0x187d

Scan-only witness registry
  registry_count=16 registry_cap=16
  witness[00] tail=21 r61=23 gh60=0xdf89bae W1=0x1bf,0x356a,0x316d W2=0xcc,0x2775,0x2c4f
  witness[01] tail=23 r61=22 gh60=0xd9984aa W1=0x232d,0x828,0x168a W2=0x223a,0x1024,0x2fda
  witness[02] tail=23 r61=23 gh60=0xc58449a W1=0x242a,0x310e,0x225 W2=0x2337,0x169a,0xfbd
  witness[03] tail=24 r61=19 gh60=0xc797caa W1=0x313e,0x2578,0x2248 W2=0x304b,0x186c,0x1dd4
  witness[04] tail=24 r61=19 gh60=0x7af47be W1=0x3b78,0x140e,0x2e75 W2=0x3a85,0x1f65,0x2771
  witness[05] tail=24 r61=23 gh60=0xfb9bda6 W1=0x30bb,0x10f8,0x286c W2=0x2fc8,0x3816,0xc07
  witness[06] tail=24 r61=30 gh60=0xcabc4a6 W1=0x39ec,0x130,0x1b64 W2=0x38f9,0x2f0c,0x1d6c
  witness[07] tail=25 r61=16 gh60=0x4769c9a W1=0x2145,0x1738,0x35d1 W2=0x2052,0x3800,0x2a62
  witness[08] tail=25 r61=19 gh60=0xda9c4ba W1=0x24fa,0x876,0x1bf0 W2=0x2407,0x2fad,0x238b
  witness[09] tail=25 r61=19 gh60=0xc91bf66 W1=0x2fcb,0x1fa8,0x2aae W2=0x2ed8,0x3664,0x1ca0
  witness[10] tail=25 r61=20 gh60=0xc7acfa6 W1=0x1774,0x235,0xdc7 W2=0x1681,0x381a,0x24eb
  witness[11] tail=25 r61=21 gh60=0xfa084e6 W1=0x141b,0x36df,0x86a W2=0x1328,0x35b0,0xa9c
  witness[12] tail=25 r61=21 gh60=0xce38bea W1=0x198d,0x13a1,0xa42 W2=0x189a,0x1270,0x24fd
  witness[13] tail=25 r61=24 gh60=0xcbb4cae W1=0x800,0x33df,0x9ee W2=0x70d,0xdaf,0x1053
  witness[14] tail=26 r61=17 gh60=0x4985ca6 W1=0xfc,0x1d6e,0x18d W2=0x9,0x5f9,0x179b
  witness[15] tail=26 r61=19 gh60=0xde884a6 W1=0x29eb,0x344c,0xf23 W2=0x28f8,0x3f27,0x3eb8

Scan-only r61 registry
  registry_count=16 registry_cap=16
  r61_witness[00] r61=15 tail=27 gh60=0xca2ccfa W1=0x1616,0x636,0x7e2 W2=0x1523,0x3c6e,0x187d
  r61_witness[01] r61=15 tail=28 gh60=0x452bd66 W1=0x2e53,0x20e6,0x128d W2=0x2d60,0xa22,0x196f
  r61_witness[02] r61=15 tail=30 gh60=0x4a084ee W1=0x1c0f,0x3ab5,0x1778 W2=0x1b1c,0x3c5f,0xcc8
  r61_witness[03] r61=15 tail=32 gh60=0x44884ae W1=0x342f,0x905,0x21cd W2=0x333c,0x6a5,0x3cda
  r61_witness[04] r61=15 tail=35 gh60=0x4a07c9a W1=0x300a,0x2d6f,0x210d W2=0x2f17,0x6b4,0x3d12
  r61_witness[05] r61=15 tail=37 gh60=0x46144ea W1=0xc1e,0x36da,0x321c W2=0xb2b,0x3e85,0x21d1
  r61_witness[06] r61=16 tail=25 gh60=0x4769c9a W1=0x2145,0x1738,0x35d1 W2=0x2052,0x3800,0x2a62
  r61_witness[07] r61=16 tail=27 gh60=0xca78b9a W1=0x3565,0x24a2,0xa6c W2=0x3472,0x243c,0x3433
  r61_witness[08] r61=16 tail=28 gh60=0x4a0ddea W1=0x1e9e,0x1d4a,0x13de W2=0x1dab,0x1d9a,0x3604
  r61_witness[09] r61=16 tail=30 gh60=0x4f8bdaa W1=0xe6d,0x1dc9,0x20c5 W2=0xd7a,0x2130,0x38ba
  r61_witness[10] r61=16 tail=30 gh60=0x4a18ce6 W1=0x260b,0x963,0x5c7 W2=0x2518,0x1885,0xc87
  r61_witness[11] r61=16 tail=30 gh60=0xcaa9c9a W1=0x3fe9,0x38ec,0x1993 W2=0x3ef6,0x1df8,0x3eb2
  r61_witness[12] r61=16 tail=32 gh60=0xb5885aa W1=0xa71,0x145f,0x337c W2=0x97e,0x1187,0x2ba3
  r61_witness[13] r61=16 tail=32 gh60=0x4905f66 W1=0x1fcc,0x2a97,0x2d51 W2=0x1ed9,0x1458,0x26e8
  r61_witness[14] r61=16 tail=34 gh60=0xc88c7ba W1=0x1bba,0x3153,0x2875 W2=0x1ac7,0x3212,0x358e
  r61_witness[15] r61=16 tail=35 gh60=0x4919b66 W1=0x1d53,0x3fb2,0x28f0 W2=0x1c60,0x41a,0x1edb

D60=0 fiber histogram: 1:8073 2:4740 3:1799 4:1098 5:392 6:223 7:87 8:85 9:41 10:15 11:8 12:9 13:1 14:2 16:3 18:1 32:1
