free_word_mitm_reducedn
N=14 mask=0x3fff msb=0x2000
candidate: M0=0x3d36 mode=random-fallback fill=0x3fff kernel=dM0=dM9=0x2000
prefixes=32768/268435456 mode=permuted-prefix-sample w59_per_prefix=16384 total=536870912
run_mode=scan registry_cap=16
sample_start=207781888
scan_elapsed=16.928s rate=31.71 Mtriples/s

D60 interface
  D60=0 matches: 32882 (random expectation 32768.0, enrichment 1.003x)
  prefixes with D60=0: 16540
  max D60=0 fiber per prefix: 32 at W57=0x17f3 W58=0x1963
  largest D60 bucket: D=0x1602 count=33896
  min D60 HW: 0
  D60 HW histogram: 0:32882 1:458208 2:2978281 3:11917991 4:32796251 5:65621506 6:98453354 7:112528149 8:98409965 9:65566205 10:32747541 11:11899134 12:2970200 13:458770 14:32475

Tail closure among D60=0 matches
  final tail collisions: 0
  best r61 HW: 13
  best r61 W1[57..59]=0x164a,0x3a25,0x11be
  best r61 W2[57..59]=0x1557,0x3164,0x20f0
  best tail HW: 22
  best tail r61 HW: 15
  best W1[57..59]=0x38ed,0x36b6,0x3cd9
  best W2[57..59]=0x37fa,0x8b1,0x2042

SUMMARY N=14 sample_start=207781888 prefixes=32768 total=536870912 d0=32882 best_tail=22 tail_r61=15 best_r61=13 tail_W1=0x38ed,0x36b6,0x3cd9 tail_W2=0x37fa,0x8b1,0x2042 r61_W1=0x164a,0x3a25,0x11be r61_W2=0x1557,0x3164,0x20f0

Scan-only witness registry
  registry_count=16 registry_cap=16
  witness[00] tail=22 r61=15 gh60=0x4688caa W1=0x38ed,0x36b6,0x3cd9 W2=0x37fa,0x8b1,0x2042
  witness[01] tail=22 r61=17 gh60=0xca084e6 W1=0x2b0b,0x164e,0xaf W2=0x2a18,0x3521,0x3052
  witness[02] tail=22 r61=18 gh60=0xc987fba W1=0x2fba,0x1eff,0xc80 W2=0x2ec7,0x34f7,0x2cd6
  witness[03] tail=23 r61=16 gh60=0x4babbba W1=0xdb9,0x26e2,0x366a W2=0xcc6,0x1e3d,0x37e2
  witness[04] tail=23 r61=18 gh60=0x3a6c566 W1=0x12e4,0x2f63,0x425 W2=0x11f1,0x3cd7,0x16c3
  witness[05] tail=23 r61=22 gh60=0xfb08d6a W1=0x84d,0x34dc,0x3c5a W2=0x75a,0x3d2f,0x7a
  witness[06] tail=23 r61=23 gh60=0xdba859a W1=0x2a9,0x1e9,0x23b4 W2=0x1b6,0x1e18,0x248
  witness[07] tail=24 r61=15 gh60=0x7a0cbea W1=0x398e,0x575,0x3815 W2=0x389b,0x1049,0xed8
  witness[08] tail=24 r61=19 gh60=0xc58bcaa W1=0x2e3d,0x2f21,0x1073 W2=0x2d4a,0x2bd0,0x1ae0
  witness[09] tail=24 r61=22 gh60=0xd66cd6a W1=0x2862,0x34e1,0x1827 W2=0x276f,0x41,0x7b4
  witness[10] tail=24 r61=25 gh60=0xc98c4ae W1=0x3500,0xc61,0x1d61 W2=0x340d,0x972,0x366a
  witness[11] tail=24 r61=27 gh60=0xfe08be6 W1=0x59b,0x1740,0x3cee W2=0x4a8,0x1d7e,0x134a
  witness[12] tail=24 r61=27 gh60=0xc59c59a W1=0x34aa,0x190b,0x3e91 W2=0x33b7,0x16bb,0xb0e
  witness[13] tail=25 r61=19 gh60=0xcae8b9e W1=0x39c7,0x2c6b,0x2d5b W2=0x38d4,0x30cd,0x343d
  witness[14] tail=25 r61=20 gh60=0x493c76a W1=0x2b5e,0x3831,0xf56 W2=0x2a6b,0x3d7c,0x28cb
  witness[15] tail=25 r61=22 gh60=0xc518566 W1=0x345b,0x367a,0x267c W2=0x3368,0x3ebb,0x2e1e

Scan-only r61 registry
  registry_count=16 registry_cap=16
  r61_witness[00] r61=13 tail=30 gh60=0x4f0cc9a W1=0x164a,0x3a25,0x11be W2=0x1557,0x3164,0x20f0
  r61_witness[01] r61=14 tail=30 gh60=0x4a29cfa W1=0x2019,0x2f7f,0x554 W2=0x1f26,0x1286,0x17cd
  r61_witness[02] r61=14 tail=32 gh60=0x452859a W1=0xcc5,0x3640,0x2d31 W2=0xbd2,0x24a3,0x2491
  r61_witness[03] r61=15 tail=22 gh60=0x4688caa W1=0x38ed,0x36b6,0x3cd9 W2=0x37fa,0x8b1,0x2042
  r61_witness[04] r61=15 tail=24 gh60=0x7a0cbea W1=0x398e,0x575,0x3815 W2=0x389b,0x1049,0xed8
  r61_witness[05] r61=15 tail=29 gh60=0x468ccae W1=0x1600,0x1086,0x2dd9 W2=0x150d,0x156,0xfc8
  r61_witness[06] r61=15 tail=34 gh60=0xb50856a W1=0x1ae1,0x2792,0x2954 W2=0x19ee,0x2e18,0x156
  r61_witness[07] r61=16 tail=23 gh60=0x4babbba W1=0xdb9,0x26e2,0x366a W2=0xcc6,0x1e3d,0x37e2
  r61_witness[08] r61=16 tail=27 gh60=0xd88ccae W1=0x2740,0x3536,0x640 W2=0x264d,0x2086,0xb67
  r61_witness[09] r61=16 tail=28 gh60=0x38884aa W1=0x233d,0x1b07,0x19df W2=0x224a,0x23f3,0x2289
  r61_witness[10] r61=16 tail=31 gh60=0xc8947ae W1=0x13b0,0x3bb8,0x219e W2=0x12bd,0x701,0x970
  r61_witness[11] r61=16 tail=31 gh60=0x3a244aa W1=0x3402,0x2dc6,0x242c W2=0x330f,0x2db,0x1d47
  r61_witness[12] r61=16 tail=34 gh60=0x460dc9a W1=0x210a,0xeae,0x1c5c W2=0x2017,0x2faf,0x31c0
  r61_witness[13] r61=16 tail=35 gh60=0x4b0876a W1=0x3b4d,0x148d,0x1084 W2=0x3a5a,0xfeb,0x656
  r61_witness[14] r61=16 tail=35 gh60=0xca045fa W1=0x3c9a,0x15b9,0xd68 W2=0x3ba7,0x114e,0x38bf
  r61_witness[15] r61=17 tail=22 gh60=0xca084e6 W1=0x2b0b,0x164e,0xaf W2=0x2a18,0x3521,0x3052

D60=0 fiber histogram: 1:7977 2:4722 3:1886 4:1068 5:400 6:242 7:98 8:80 9:21 10:20 11:6 12:10 13:3 14:3 16:1 20:1 29:1 32:1
