free_word_mitm_reducedn
N=14 mask=0x3fff msb=0x2000
candidate: M0=0x3d36 mode=random-fallback fill=0x3fff kernel=dM0=dM9=0x2000
prefixes=32768/268435456 mode=permuted-prefix-sample w59_per_prefix=16384 total=536870912
run_mode=scan registry_cap=16
sample_start=166854656
scan_elapsed=15.268s rate=35.16 Mtriples/s

D60 interface
  D60=0 matches: 32588 (random expectation 32768.0, enrichment 0.995x)
  prefixes with D60=0: 16526
  max D60=0 fiber per prefix: 24 at W57=0x2ed4 W58=0x12d3
  largest D60 bucket: D=0x11f7 count=33785
  min D60 HW: 0
  D60 HW histogram: 0:32588 1:454451 2:2973132 3:11910675 4:32776049 5:65594667 6:98442051 7:112514278 8:98420010 9:65584005 10:32775214 11:11921135 12:2981057 13:458801 14:32799

Tail closure among D60=0 matches
  final tail collisions: 0
  best r61 HW: 14
  best r61 W1[57..59]=0x121d,0x132b,0x258d
  best r61 W2[57..59]=0x112a,0x27dd,0x1df2
  best tail HW: 20
  best tail r61 HW: 19
  best W1[57..59]=0x2d1c,0x1480,0x13e6
  best W2[57..59]=0x2c29,0x658,0x1da

SUMMARY N=14 sample_start=166854656 prefixes=32768 total=536870912 d0=32588 best_tail=20 tail_r61=19 best_r61=14 tail_W1=0x2d1c,0x1480,0x13e6 tail_W2=0x2c29,0x658,0x1da r61_W1=0x121d,0x132b,0x258d r61_W2=0x112a,0x27dd,0x1df2

Scan-only witness registry
  registry_count=16 registry_cap=16
  witness[00] tail=20 r61=19 gh60=0x76044e6 W1=0x2d1c,0x1480,0x13e6 W2=0x2c29,0x658,0x1da
  witness[01] tail=21 r61=20 gh60=0x54984e6 W1=0x2223,0x1516,0x3dfe W2=0x2130,0x3e9d,0x10e4
  witness[02] tail=22 r61=26 gh60=0xd7afd9e W1=0x10a8,0x29c7,0x38f6 W2=0xfb5,0x1620,0x1234
  witness[03] tail=23 r61=17 gh60=0xc487da6 W1=0x2eac,0x26b0,0x3dcb W2=0x2db9,0x2f73,0x1ff9
  witness[04] tail=23 r61=20 gh60=0xdf2c77a W1=0x2356,0x1b55,0x3892 W2=0x2263,0x1e32,0x29d9
  witness[05] tail=23 r61=24 gh60=0xda38fe6 W1=0x793,0x1425,0x17d6 W2=0x6a0,0x38ff,0x18a
  witness[06] tail=24 r61=15 gh60=0x4a18cea W1=0x2721,0x58,0x14d0 W2=0x262e,0x203,0x13e5
  witness[07] tail=24 r61=19 gh60=0xce085e6 W1=0x29b,0xfb4,0x3428 W2=0x1a8,0x2361,0x3492
  witness[08] tail=24 r61=20 gh60=0xc609bea W1=0x19d,0x3119,0x2890 W2=0xaa,0x1dd4,0x1c8d
  witness[09] tail=24 r61=23 gh60=0x3938b9a W1=0x25c9,0x273f,0x3450 W2=0x24d6,0x25ed,0x1114
  witness[10] tail=24 r61=26 gh60=0xc69cb6a W1=0x1962,0x1321,0x1626 W2=0x186f,0x1535,0x1cd7
  witness[11] tail=25 r61=15 gh60=0x4aabf9e W1=0xf67,0x363d,0x2421 W2=0xe74,0x1715,0x3f81
  witness[12] tail=25 r61=21 gh60=0xcb0856e W1=0x2df,0x166d,0x3e5 W2=0x1ec,0x39a7,0x2124
  witness[13] tail=25 r61=21 gh60=0xde2dcea W1=0x2112,0x103e,0x176b W2=0x201f,0x128a,0x3532
  witness[14] tail=25 r61=22 gh60=0xcb18566 W1=0x2c5b,0x2018,0x292c W2=0x2b68,0x154f,0x3f2b
  witness[15] tail=25 r61=23 gh60=0x48d479e W1=0x23a8,0xb6e,0x34d W2=0x22b5,0x546,0x36b5

Scan-only r61 registry
  registry_count=16 registry_cap=16
  r61_witness[00] r61=14 tail=31 gh60=0x4a084ea W1=0x121d,0x132b,0x258d W2=0x112a,0x27dd,0x1df2
  r61_witness[01] r61=15 tail=24 gh60=0x4a18cea W1=0x2721,0x58,0x14d0 W2=0x262e,0x203,0x13e5
  r61_witness[02] r61=15 tail=25 gh60=0x4aabf9e W1=0xf67,0x363d,0x2421 W2=0xe74,0x1715,0x3f81
  r61_witness[03] r61=15 tail=28 gh60=0xca08ce6 W1=0x181b,0x3cb1,0x347d W2=0x1728,0x3943,0x24e3
  r61_witness[04] r61=15 tail=28 gh60=0xcb0856a W1=0x2cd1,0x3d02,0x2f7c W2=0x2bde,0x3938,0x1765
  r61_witness[05] r61=15 tail=29 gh60=0x48844a6 W1=0xb3c,0x2feb,0x1ac9 W2=0xa49,0x137,0x3cbf
  r61_witness[06] r61=15 tail=30 gh60=0x4e14cee W1=0x3910,0x2112,0x3a93 W2=0x381d,0x18fe,0x28a4
  r61_witness[07] r61=15 tail=38 gh60=0xc8e84e6 W1=0x2323,0x1b30,0x1a5b W2=0x2230,0x18a7,0x1200
  r61_witness[08] r61=16 tail=26 gh60=0x4a8bbae W1=0x317f,0xffe,0x277b W2=0x308c,0x3475,0x349b
  r61_witness[09] r61=16 tail=28 gh60=0xd908b66 W1=0x9db,0x1e8e,0x1bb1 W2=0x8e8,0x2054,0x972
  r61_witness[10] r61=16 tail=30 gh60=0xca0449a W1=0xa0a,0x1b76,0x3262 W2=0x917,0x3fbe,0xa75
  r61_witness[11] r61=16 tail=31 gh60=0xca045e6 W1=0x229c,0x373,0xd9e W2=0x21a9,0x1921,0x1abb
  r61_witness[12] r61=16 tail=31 gh60=0x4b8bcaa W1=0x2f01,0x3012,0x3096 W2=0x2e0e,0x2549,0x35ae
  r61_witness[13] r61=16 tail=35 gh60=0x5928b7e W1=0x2957,0x164e,0x2763 W2=0x2864,0x769,0x24e
  r61_witness[14] r61=16 tail=36 gh60=0x5a1ddaa W1=0x82,0x233,0x1a8d W2=0x3f8f,0xa9f,0x1dab
  r61_witness[15] r61=16 tail=37 gh60=0xd9884a6 W1=0x33b,0x3094,0x2ab3 W2=0x248,0xfe1,0x2c9d

D60=0 fiber histogram: 1:8008 2:4803 3:1760 4:1106 5:417 6:207 7:75 8:81 9:27 10:14 11:10 12:5 13:5 15:1 16:1 17:1 18:1 20:2 22:1 24:1
