free_word_mitm_reducedn
N=14 mask=0x3fff msb=0x2000
candidate: M0=0x3d36 mode=random-fallback fill=0x3fff kernel=dM0=dM9=0x2000
prefixes=32768/268435456 mode=permuted-prefix-sample w59_per_prefix=16384 total=536870912
run_mode=scan registry_cap=16
sample_start=175243264
scan_elapsed=15.416s rate=34.83 Mtriples/s

D60 interface
  D60=0 matches: 32416 (random expectation 32768.0, enrichment 0.989x)
  prefixes with D60=0: 16449
  max D60=0 fiber per prefix: 32 at W57=0x885 W58=0x1309
  largest D60 bucket: D=0x2e7a count=33774
  min D60 HW: 0
  D60 HW histogram: 0:32416 1:456262 2:2974257 3:11913137 4:32787806 5:65617307 6:98458855 7:112520976 8:98418255 9:65565738 10:32755251 11:11905289 12:2974363 13:458038 14:32962

Tail closure among D60=0 matches
  final tail collisions: 0
  best r61 HW: 13
  best r61 W1[57..59]=0x3f1f,0x3356,0x193b
  best r61 W2[57..59]=0x3e2c,0xf9d,0x1797
  best tail HW: 20
  best tail r61 HW: 15
  best W1[57..59]=0x96c,0xc15,0x2c29
  best W2[57..59]=0x879,0x106a,0x22c3

SUMMARY N=14 sample_start=175243264 prefixes=32768 total=536870912 d0=32416 best_tail=20 tail_r61=15 best_r61=13 tail_W1=0x96c,0xc15,0x2c29 tail_W2=0x879,0x106a,0x22c3 r61_W1=0x3f1f,0x3356,0x193b r61_W2=0x3e2c,0xf9d,0x1797

Scan-only witness registry
  registry_count=16 registry_cap=16
  witness[00] tail=20 r61=15 gh60=0xde84ba6 W1=0x96c,0xc15,0x2c29 W2=0x879,0x106a,0x22c3
  witness[01] tail=20 r61=18 gh60=0xcb944ae W1=0x1240,0x305c,0x35c1 W2=0x114d,0x1c6d,0x1a65
  witness[02] tail=21 r61=19 gh60=0xce1bcee W1=0xe1f,0x1803,0x35dd W2=0xd2c,0x3b5e,0x22b4
  witness[03] tail=22 r61=19 gh60=0x38bc4ba W1=0xb3a,0x3657,0xe86 W2=0xa47,0x1f0a,0x3695
  witness[04] tail=23 r61=23 gh60=0x4df9ce6 W1=0x3e1b,0x2dea,0x335d W2=0x3d28,0x3dfe,0x1c05
  witness[05] tail=23 r61=24 gh60=0xbe78faa W1=0x2771,0x36dd,0x62e W2=0x267e,0x3564,0x32c7
  witness[06] tail=24 r61=16 gh60=0x790bb6a W1=0x314d,0x2ba3,0x36ec W2=0x305a,0x8de,0x1aec
  witness[07] tail=24 r61=18 gh60=0xff0c56e W1=0x2450,0x249e,0x543 W2=0x235d,0x36d,0x138e
  witness[08] tail=24 r61=19 gh60=0x4a77fee W1=0x2fa0,0x53d,0x3dcf W2=0x2ead,0x3101,0x83d
  witness[09] tail=24 r61=21 gh60=0x46345ea W1=0x3c9e,0x3e0c,0xe12 W2=0x3bab,0x89b,0xc9c
  witness[10] tail=25 r61=17 gh60=0xd9687a6 W1=0x2bc3,0x3788,0x7b4 W2=0x2ad0,0x217d,0x37d4
  witness[11] tail=25 r61=21 gh60=0x778cbae W1=0x25b0,0x81c,0x3582 W2=0x24bd,0x24,0x2f4c
  witness[12] tail=25 r61=21 gh60=0xd9684ba W1=0x3b39,0x2972,0x318a W2=0x3a46,0x2234,0x12b8
  witness[13] tail=25 r61=22 gh60=0xc7744aa W1=0xc2e,0x2ecf,0x2ee W2=0xb3b,0x3510,0x2b36
  witness[14] tail=25 r61=22 gh60=0xc8bccba W1=0x193a,0x14e9,0x3029 W2=0x1847,0x6a1,0x1097
  witness[15] tail=25 r61=25 gh60=0xcf0fb6e W1=0x31e0,0x1102,0x3421 W2=0x30ed,0x3512,0x9c7

Scan-only r61 registry
  registry_count=16 registry_cap=16
  r61_witness[00] r61=13 tail=26 gh60=0x4609cee W1=0x3f1f,0x3356,0x193b W2=0x3e2c,0xf9d,0x1797
  r61_witness[01] r61=14 tail=33 gh60=0x4a5c4be W1=0x1bf8,0x3851,0x15c6 W2=0x1b05,0x5f0,0x2922
  r61_witness[02] r61=14 tail=33 gh60=0xce04ce6 W1=0x391c,0x18b4,0x1a48 W2=0x3829,0x1147,0x1c7d
  r61_witness[03] r61=14 tail=44 gh60=0xca88ca6 W1=0x17eb,0x37ff,0x3186 W2=0x16f8,0x319b,0x6b0
  r61_witness[04] r61=15 tail=20 gh60=0xde84ba6 W1=0x96c,0xc15,0x2c29 W2=0x879,0x106a,0x22c3
  r61_witness[05] r61=15 tail=29 gh60=0xc518566 W1=0x344b,0xe9c,0x1c4f W2=0x3358,0x17e9,0x2391
  r61_witness[06] r61=15 tail=32 gh60=0x4e884a6 W1=0xaeb,0x1b9c,0x54b W2=0x9f8,0x3c77,0x1262
  r61_witness[07] r61=16 tail=24 gh60=0x790bb6a W1=0x314d,0x2ba3,0x36ec W2=0x305a,0x8de,0x1aec
  r61_witness[08] r61=16 tail=26 gh60=0x5955b7e W1=0x2158,0x20a0,0x183d W2=0x2065,0x10c0,0x2460
  r61_witness[09] r61=16 tail=32 gh60=0x4b0449a W1=0xa4a,0x8f2,0x21da W2=0x957,0x2cbe,0x31a5
  r61_witness[10] r61=16 tail=35 gh60=0x4a35bfe W1=0x3d98,0x196a,0x3cc1 W2=0x3ca5,0x11fa,0x146d
  r61_witness[11] r61=16 tail=35 gh60=0x4989fae W1=0x3fbf,0x1436,0x3aef W2=0x3ecc,0x881,0x1827
  r61_witness[12] r61=16 tail=36 gh60=0xcd284a6 W1=0xc43,0x38a0,0x30f9 W2=0xb50,0x81d,0x2071
  r61_witness[13] r61=16 tail=36 gh60=0x460bcee W1=0x110f,0x9c6,0x2440 W2=0x101c,0x1721,0xbac
  r61_witness[14] r61=16 tail=36 gh60=0x4a09cea W1=0x3e1d,0x1569,0x812 W2=0x3d2a,0x1d9c,0xb83
  r61_witness[15] r61=16 tail=37 gh60=0x4a085ea W1=0x148d,0x2fcc,0x2944 W2=0x139a,0xfea,0x1eb0

D60=0 fiber histogram: 1:7988 2:4721 3:1805 4:1073 5:414 6:227 7:85 8:78 9:21 10:17 11:7 12:6 13:2 14:2 16:1 18:1 32:1
