free_word_mitm_reducedn
N=14 mask=0x3fff msb=0x2000
candidate: M0=0x3d36 mode=random-fallback fill=0x3fff kernel=dM0=dM9=0x2000
prefixes=32768/268435456 mode=permuted-prefix-sample w59_per_prefix=16384 total=536870912
run_mode=scan registry_cap=16
sample_start=116523008
scan_elapsed=15.355s rate=34.96 Mtriples/s

D60 interface
  D60=0 matches: 32084 (random expectation 32768.0, enrichment 0.979x)
  prefixes with D60=0: 16385
  max D60=0 fiber per prefix: 17 at W57=0x2d50 W58=0xa6f
  largest D60 bucket: D=0x218e count=33768
  min D60 HW: 0
  D60 HW histogram: 0:32084 1:457463 2:2978730 3:11923037 4:32803615 5:65625219 6:98439416 7:112474306 8:98396859 9:65583591 10:32782702 11:11911974 12:2972851 13:456641 14:32424

Tail closure among D60=0 matches
  final tail collisions: 0
  best r61 HW: 14
  best r61 W1[57..59]=0x114c,0x15cf,0x1f22
  best r61 W2[57..59]=0x1059,0x92c,0xc47
  best tail HW: 20
  best tail r61 HW: 21
  best W1[57..59]=0x2964,0x1da5,0xf3e
  best W2[57..59]=0x2871,0x1b9c,0x3ea5

SUMMARY N=14 sample_start=116523008 prefixes=32768 total=536870912 d0=32084 best_tail=20 tail_r61=21 best_r61=14 tail_W1=0x2964,0x1da5,0xf3e tail_W2=0x2871,0x1b9c,0x3ea5 r61_W1=0x114c,0x15cf,0x1f22 r61_W2=0x1059,0x92c,0xc47

Scan-only witness registry
  registry_count=16 registry_cap=16
  witness[00] tail=20 r61=21 gh60=0xc9a4b66 W1=0x2964,0x1da5,0xf3e W2=0x2871,0x1b9c,0x3ea5
  witness[01] tail=21 r61=14 gh60=0x7c8bcae W1=0x102f,0x3f6a,0x2e9e W2=0xf3c,0x2049,0xbfb
  witness[02] tail=21 r61=21 gh60=0x4a29ffa W1=0x1f99,0x2f73,0x3582 W2=0x1ea6,0x2e02,0x4a1
  witness[03] tail=23 r61=19 gh60=0x4638da6 W1=0x3683,0x2226,0x2c1c W2=0x3590,0x2b0a,0x2436
  witness[04] tail=24 r61=17 gh60=0xc92849a W1=0x2b45,0x320f,0x2cf4 W2=0x2a52,0x19da,0x2495
  witness[05] tail=24 r61=21 gh60=0x562c4fa W1=0x1216,0x3aa5,0xf9e W2=0x1123,0x2c5e,0x26b1
  witness[06] tail=24 r61=24 gh60=0x45bc59e W1=0xca8,0x2120,0x978 W2=0xbb5,0x277e,0x2388
  witness[07] tail=25 r61=15 gh60=0x5df9ce6 W1=0x3e1b,0x7ea,0x3ae8 W2=0x3d28,0x17fe,0xc38
  witness[08] tail=25 r61=18 gh60=0x3a684a6 W1=0xb03,0x90a,0x3884 W2=0xa10,0xb07,0x1d1f
  witness[09] tail=25 r61=20 gh60=0x4d84c9a W1=0x27ea,0x3b4f,0x26d W2=0x26f7,0x1ed6,0x2eab
  witness[10] tail=25 r61=21 gh60=0x5a1bbea W1=0x11a1,0x1b46,0x10e6 W2=0x10ae,0x9c1,0x1e46
  witness[11] tail=25 r61=21 gh60=0xcf38d6e W1=0x185f,0x37f,0x12c2 W2=0x176c,0x2fbe,0x358b
  witness[12] tail=25 r61=21 gh60=0x7ab84aa W1=0x1b01,0xc51,0x331a W2=0x1a0e,0x2381,0x32a8
  witness[13] tail=25 r61=21 gh60=0xcf884a6 W1=0x24fb,0x3b56,0x37c5 W2=0x2408,0x3b23,0xa67
  witness[14] tail=25 r61=25 gh60=0x3a68bba W1=0x1579,0x37df,0x19df W2=0x1486,0x7a6,0x38dd
  witness[15] tail=25 r61=25 gh60=0x7d284a6 W1=0x3a43,0x2b51,0x1622 W2=0x3950,0x27ce,0x3e76

Scan-only r61 registry
  registry_count=16 registry_cap=16
  r61_witness[00] r61=14 tail=21 gh60=0x7c8bcae W1=0x102f,0x3f6a,0x2e9e W2=0xf3c,0x2049,0xbfb
  r61_witness[01] r61=14 tail=29 gh60=0x4a0fbee W1=0xda0,0x20c0,0x225b W2=0xcad,0x43c,0x35ab
  r61_witness[02] r61=14 tail=33 gh60=0x461bfea W1=0xf9d,0xfc0,0x20ea W2=0xeaa,0x3137,0x6c0
  r61_witness[03] r61=14 tail=33 gh60=0x4907b66 W1=0x114c,0x15cf,0x1f22 W2=0x1059,0x92c,0xc47
  r61_witness[04] r61=14 tail=35 gh60=0x450856a W1=0x2cdd,0x6ce,0x26f5 W2=0x2bea,0x13ec,0x192c
  r61_witness[05] r61=15 tail=25 gh60=0x5df9ce6 W1=0x3e1b,0x7ea,0x3ae8 W2=0x3d28,0x17fe,0xc38
  r61_witness[06] r61=15 tail=32 gh60=0xca184e6 W1=0x1b1b,0x353,0x3d5b W2=0x1a28,0x3616,0x1ef
  r61_witness[07] r61=16 tail=27 gh60=0x4a184e6 W1=0x1213,0x2d1d,0x8b8 W2=0x1120,0x2b14,0x1790
  r61_witness[08] r61=16 tail=27 gh60=0x4a8dcaa W1=0x3ffe,0x3d3,0x20f3 W2=0x3f0b,0x403,0x46a
  r61_witness[09] r61=16 tail=28 gh60=0x4604fe6 W1=0x79c,0xc7e,0x38b7 W2=0x6a9,0x343d,0x3478
  r61_witness[10] r61=16 tail=30 gh60=0x4974cae W1=0x940,0x36b5,0x350b W2=0x84d,0x2005,0x3deb
  r61_witness[11] r61=16 tail=33 gh60=0x5b0856a W1=0x2ad1,0x38b9,0xcc2 W2=0x29de,0x334f,0x172e
  r61_witness[12] r61=16 tail=34 gh60=0x3d8c59a W1=0x146a,0x169b,0x288 W2=0x1377,0x14b7,0xf58
  r61_witness[13] r61=16 tail=35 gh60=0x4909b6a W1=0x21e1,0x35f1,0x29ff W2=0x20ee,0x2de4,0x2510
  r61_witness[14] r61=16 tail=36 gh60=0x4a0bbea W1=0x3191,0x486,0x1ec8 W2=0x309e,0x2e19,0x28a6
  r61_witness[15] r61=16 tail=38 gh60=0x3a18ce6 W1=0x260b,0xe64,0x32d5 W2=0x2518,0x1d86,0x3bd9

D60=0 fiber histogram: 1:8093 2:4657 3:1725 4:1051 5:409 6:218 7:86 8:70 9:36 10:17 11:8 12:7 13:2 14:3 16:2 17:1
