free_word_mitm_reducedn
N=14 mask=0x3fff msb=0x2000
candidate: M0=0x3d36 mode=random-fallback fill=0x3fff kernel=dM0=dM9=0x2000
prefixes=32768/268435456 mode=permuted-prefix-sample w59_per_prefix=16384 total=536870912
run_mode=scan registry_cap=16
sample_start=20938752
scan_elapsed=18.676s rate=28.75 Mtriples/s

D60 interface
  D60=0 matches: 32602 (random expectation 32768.0, enrichment 0.995x)
  prefixes with D60=0: 16571
  max D60=0 fiber per prefix: 16 at W57=0x24ff W58=0x801
  largest D60 bucket: D=0xe16 count=33820
  min D60 HW: 0
  D60 HW histogram: 0:32602 1:457072 2:2976703 3:11908016 4:32792629 5:65582754 6:98406068 7:112474193 8:98436380 9:65623073 10:32793109 11:11920117 12:2977351 13:458178 14:32667

Tail closure among D60=0 matches
  final tail collisions: 0
  best r61 HW: 11
  best r61 W1[57..59]=0x31cd,0xe33,0x2966
  best r61 W2[57..59]=0x30da,0x2b6e,0x362d
  best tail HW: 20
  best tail r61 HW: 16
  best W1[57..59]=0x8f6,0x1684,0x222e
  best W2[57..59]=0x803,0x3908,0x152b

SUMMARY N=14 sample_start=20938752 prefixes=32768 total=536870912 d0=32602 best_tail=20 tail_r61=16 best_r61=11 tail_W1=0x8f6,0x1684,0x222e tail_W2=0x803,0x3908,0x152b r61_W1=0x31cd,0xe33,0x2966 r61_W2=0x30da,0x2b6e,0x362d

Scan-only witness registry
  registry_count=16 registry_cap=16
  witness[00] tail=20 r61=16 gh60=0x4a54cba W1=0x8f6,0x1684,0x222e W2=0x803,0x3908,0x152b
  witness[01] tail=21 r61=16 gh60=0xc8b44aa W1=0x2b2e,0x1203,0xf57 W2=0x2a3b,0x1884,0x15ba
  witness[02] tail=23 r61=11 gh60=0x490bb6a W1=0x31cd,0xe33,0x2966 W2=0x30da,0x2b6e,0x362d
  witness[03] tail=23 r61=18 gh60=0x4a5cbba W1=0x3576,0x29f9,0x3b03 W2=0x3483,0x3991,0x2dc5
  witness[04] tail=23 r61=19 gh60=0x4529d66 W1=0x3e53,0xa6f,0x3bc1 W2=0x3d60,0x6af,0xdd6
  witness[05] tail=23 r61=20 gh60=0x4bec49e W1=0x3d28,0x1280,0xeee W2=0x3c35,0x30aa,0x3b56
  witness[06] tail=23 r61=27 gh60=0xcef479e W1=0x388,0x3cff,0x16d4 W2=0x295,0x37a1,0x270d
  witness[07] tail=24 r61=17 gh60=0x5899fa6 W1=0x3fb3,0x2ded,0x35f1 W2=0x3ec0,0x11cf,0xc79
  witness[08] tail=24 r61=19 gh60=0xf509d6e W1=0x204f,0xd86,0xfe W2=0x1f5c,0x2b51,0x43
  witness[09] tail=24 r61=19 gh60=0xc88bbae W1=0x2dbf,0x182c,0x357f W2=0x2ccc,0x52f,0x1593
  witness[10] tail=25 r61=17 gh60=0x5a187a6 W1=0x3b83,0x3a6a,0x1c5f W2=0x3a90,0x35cf,0x3f0
  witness[11] tail=25 r61=18 gh60=0xdd6dd7a W1=0x2056,0x2621,0x166b W2=0x1f63,0x471,0x17f6
  witness[12] tail=25 r61=18 gh60=0xce8bdaa W1=0x2e81,0x3e5e,0x3b49 W2=0x2d8e,0x27b5,0x1faf
  witness[13] tail=25 r61=21 gh60=0xce184ea W1=0x330d,0x13de,0x30ca W2=0x321a,0x2f54,0x3030
  witness[14] tail=25 r61=22 gh60=0x478c5a6 W1=0x246c,0x1eb7,0x3415 W2=0x2379,0x156d,0x2640
  witness[15] tail=25 r61=23 gh60=0xca745ee W1=0xca0,0x2414,0xf0 W2=0xbad,0xbc7,0x948

Scan-only r61 registry
  registry_count=16 registry_cap=16
  r61_witness[00] r61=11 tail=23 gh60=0x490bb6a W1=0x31cd,0xe33,0x2966 W2=0x30da,0x2b6e,0x362d
  r61_witness[01] r61=14 tail=28 gh60=0xba37bfe W1=0x1198,0x249a,0x1b67 W2=0x10a5,0x42a,0x1c6e
  r61_witness[02] r61=14 tail=33 gh60=0xce247ea W1=0x2b92,0x32a4,0x22b4 W2=0x2a9f,0x2777,0xc5a
  r61_witness[03] r61=15 tail=26 gh60=0x4908b6e W1=0x294f,0x212d,0x118b W2=0x285c,0x134c,0xc95
  r61_witness[04] r61=15 tail=27 gh60=0xba2849e W1=0xa07,0x1b5c,0x2613 W2=0x914,0x27cf,0x1016
  r61_witness[05] r61=15 tail=28 gh60=0x5bb85ae W1=0x34bf,0x238a,0x3b93 W2=0x33cc,0x1832,0x944
  r61_witness[06] r61=15 tail=29 gh60=0xce0bdea W1=0x10a1,0x2285,0x3c56 W2=0xfae,0xfd0,0x3159
  r61_witness[07] r61=15 tail=33 gh60=0x5e0449a W1=0x320a,0x3c51,0x2cd9 W2=0x3117,0x311b,0x3a44
  r61_witness[08] r61=15 tail=38 gh60=0xca084ea W1=0x3311,0x171b,0xed5 W2=0x321e,0x32d5,0xb18
  r61_witness[09] r61=16 tail=20 gh60=0x4a54cba W1=0x8f6,0x1684,0x222e W2=0x803,0x3908,0x152b
  r61_witness[10] r61=16 tail=21 gh60=0xc8b44aa W1=0x2b2e,0x1203,0xf57 W2=0x2a3b,0x1884,0x15ba
  r61_witness[11] r61=16 tail=31 gh60=0xca0cce6 W1=0x90c,0xa49,0x46a W2=0x819,0x36ec,0x10e4
  r61_witness[12] r61=16 tail=32 gh60=0x393876a W1=0x35d,0x3f69,0x2054 W2=0x26a,0x30b7,0x51b
  r61_witness[13] r61=16 tail=32 gh60=0x4a2bcfe W1=0x3117,0x398e,0x35ee W2=0x3024,0x2065,0x13ca
  r61_witness[14] r61=16 tail=33 gh60=0xca244a6 W1=0x3204,0x1195,0x2473 W2=0x3111,0x1c91,0x12b9
  r61_witness[15] r61=16 tail=33 gh60=0x4908f6a W1=0x37cd,0x1762,0x12e3 W2=0x36da,0x1679,0x24ea

D60=0 fiber histogram: 1:8157 2:4641 3:1760 4:1162 5:405 6:228 7:75 8:81 9:23 10:10 11:9 12:12 13:1 14:2 15:2 16:3
