free_word_mitm_reducedn
N=14 mask=0x3fff msb=0x2000
candidate: M0=0x3d36 mode=random-fallback fill=0x3fff kernel=dM0=dM9=0x2000
prefixes=32768/268435456 mode=permuted-prefix-sample w59_per_prefix=16384 total=536870912
run_mode=scan registry_cap=16
sample_start=113213440
scan_elapsed=18.779s rate=28.59 Mtriples/s

D60 interface
  D60=0 matches: 32538 (random expectation 32768.0, enrichment 0.993x)
  prefixes with D60=0: 16616
  max D60=0 fiber per prefix: 25 at W57=0x3d85 W58=0x2c71
  largest D60 bucket: D=0x2d83 count=33811
  min D60 HW: 0
  D60 HW histogram: 0:32538 1:457939 2:2976340 3:11914008 4:32799127 5:65597179 6:98411070 7:112464705 8:98411795 9:65595105 10:32802157 11:11933553 12:2985188 13:458118 14:32090

Tail closure among D60=0 matches
  final tail collisions: 0
  best r61 HW: 14
  best r61 W1[57..59]=0xd91,0x152e,0x247e
  best r61 W2[57..59]=0xc9e,0x7f9,0xeb1
  best tail HW: 22
  best tail r61 HW: 17
  best W1[57..59]=0x2396,0x3a3f,0x3b48
  best W2[57..59]=0x22a3,0x3d90,0x203

SUMMARY N=14 sample_start=113213440 prefixes=32768 total=536870912 d0=32538 best_tail=22 tail_r61=17 best_r61=14 tail_W1=0x2396,0x3a3f,0x3b48 tail_W2=0x22a3,0x3d90,0x203 r61_W1=0xd91,0x152e,0x247e r61_W2=0xc9e,0x7f9,0xeb1

Scan-only witness registry
  registry_count=16 registry_cap=16
  witness[00] tail=22 r61=17 gh60=0x493db9a W1=0x21c6,0x20a8,0x164c W2=0x20d3,0x2045,0x2459
  witness[01] tail=22 r61=17 gh60=0xda2c7fa W1=0x2396,0x3a3f,0x3b48 W2=0x22a3,0x3d90,0x203
  witness[02] tail=23 r61=19 gh60=0x7509d6e W1=0x204f,0x1b86,0x29eb W2=0x1f5c,0x3951,0x3dcc
  witness[03] tail=23 r61=23 gh60=0xdd7dde6 W1=0x20a4,0x20fd,0x1716 W2=0x1fb1,0x32da,0x27db
  witness[04] tail=24 r61=19 gh60=0x4e1fce6 W1=0x310c,0x2bb6,0x334f W2=0x3019,0x357,0x2a4f
  witness[05] tail=24 r61=21 gh60=0x4ba8cba W1=0x36f5,0xf56,0x36eb W2=0x3602,0x3d1,0x32a2
  witness[06] tail=24 r61=25 gh60=0x4fe85be W1=0x3c77,0x390c,0xf9 W2=0x3b84,0x10d2,0x1bce
  witness[07] tail=25 r61=18 gh60=0x5a884aa W1=0x1ced,0x1016,0x3afd W2=0x1bfa,0x2592,0x2cc8
  witness[08] tail=25 r61=23 gh60=0x4b3857e W1=0x4d7,0x2bd4,0x3d31 W2=0x3e4,0x3080,0x194b
  witness[09] tail=25 r61=23 gh60=0xcfa84ba W1=0x19f5,0x13ee,0x307d W2=0x1902,0x728,0x1118
  witness[10] tail=25 r61=24 gh60=0x3b5cd9a W1=0x26a6,0xdc0,0x3683 W2=0x25b3,0x2eb7,0x916
  witness[11] tail=25 r61=25 gh60=0xfe584be W1=0x23f7,0xd58,0x24d5 W2=0x2304,0x1c7a,0xdbe
  witness[12] tail=25 r61=25 gh60=0x588cf9a W1=0x27aa,0x132c,0x1f5 W2=0x26b7,0x237,0x327c
  witness[13] tail=25 r61=26 gh60=0x5b3c49a W1=0x1a46,0x123d,0x216d W2=0x1953,0x649,0x2950
  witness[14] tail=26 r61=15 gh60=0x490c76a W1=0x1bde,0x32bd,0x279c W2=0x1aeb,0x314,0x39ac
  witness[15] tail=26 r61=17 gh60=0x4655cfe W1=0x3e18,0x11d0,0x1381 W2=0x3d25,0x12a8,0x1300

Scan-only r61 registry
  registry_count=16 registry_cap=16
  r61_witness[00] r61=14 tail=33 gh60=0x3a0bbea W1=0xd91,0x152e,0x247e W2=0xc9e,0x7f9,0xeb1
  r61_witness[01] r61=15 tail=26 gh60=0x490c76a W1=0x1bde,0x32bd,0x279c W2=0x1aeb,0x314,0x39ac
  r61_witness[02] r61=15 tail=29 gh60=0xca885aa W1=0x2481,0x3688,0xb02 W2=0x238e,0x36a0,0xd30
  r61_witness[03] r61=15 tail=30 gh60=0xca0449a W1=0xd0a,0x15c,0x283b W2=0xc17,0x2864,0x35c
  r61_witness[04] r61=15 tail=31 gh60=0x388bbaa W1=0xdc1,0x3e0,0x2f41 W2=0xcce,0x3b2b,0x4ae
  r61_witness[05] r61=15 tail=32 gh60=0xc92bc9a W1=0x3149,0x15e9,0x718 W2=0x3056,0x2e79,0x37b4
  r61_witness[06] r61=15 tail=34 gh60=0xca885aa W1=0x2481,0x3688,0x302 W2=0x238e,0x36a0,0x530
  r61_witness[07] r61=15 tail=35 gh60=0x5909b66 W1=0x1d4b,0xdd1,0x1c82 W2=0x1c58,0x1229,0x109b
  r61_witness[08] r61=15 tail=36 gh60=0x4908f6a W1=0x274d,0x350,0x29f0 W2=0x265a,0x376b,0xc37
  r61_witness[09] r61=16 tail=31 gh60=0xcd885ae W1=0x127f,0x2ba6,0x2d5a W2=0x118c,0x205e,0x3b50
  r61_witness[10] r61=16 tail=31 gh60=0xc914b6a W1=0x25de,0x4a8,0x1ead W2=0x24eb,0x3e9c,0x1f30
  r61_witness[11] r61=16 tail=32 gh60=0x4a084ea W1=0xb0d,0xa86,0x1088 W2=0xa1a,0xf78,0x1861
  r61_witness[12] r61=16 tail=33 gh60=0x3a1dca6 W1=0x1e04,0x37d4,0x26e6 W2=0x1d11,0x368f,0x2023
  r61_witness[13] r61=16 tail=33 gh60=0x4ba456a W1=0x2462,0x2a9,0xa5e W2=0x236f,0x1248,0x1405
  r61_witness[14] r61=16 tail=37 gh60=0x4d18566 W1=0x144b,0x200,0x666 W2=0x1358,0x145,0x3abc
  r61_witness[15] r61=16 tail=39 gh60=0xc928f66 W1=0x27d3,0x3119,0x287d W2=0x26e0,0x1d6b,0x3ab7

D60=0 fiber histogram: 1:8154 2:4732 3:1779 4:1134 5:398 6:203 7:73 8:76 9:23 10:20 11:8 12:9 13:2 14:1 17:2 18:1 25:1
