free_word_mitm_reducedn
N=14 mask=0x3fff msb=0x2000
candidate: M0=0x3d36 mode=random-fallback fill=0x3fff kernel=dM0=dM9=0x2000
prefixes=32768/268435456 mode=permuted-prefix-sample w59_per_prefix=16384 total=536870912
run_mode=scan registry_cap=16
sample_start=246415360
scan_elapsed=19.020s rate=28.23 Mtriples/s

D60 interface
  D60=0 matches: 32855 (random expectation 32768.0, enrichment 1.003x)
  prefixes with D60=0: 16497
  max D60=0 fiber per prefix: 18 at W57=0x1f4c W58=0x16e3
  largest D60 bucket: D=0x181e count=33860
  min D60 HW: 0
  D60 HW histogram: 0:32855 1:457046 2:2971261 3:11908660 4:32780941 5:65607572 6:98426560 7:112497169 8:98421067 9:65598847 10:32779237 11:11918261 12:2980999 13:458012 14:32425

Tail closure among D60=0 matches
  final tail collisions: 0
  best r61 HW: 13
  best r61 W1[57..59]=0x273b,0x299d,0xd6a
  best r61 W2[57..59]=0x2648,0x529,0x2df4
  best tail HW: 22
  best tail r61 HW: 16
  best W1[57..59]=0x3e3c,0x9b5,0x79e
  best W2[57..59]=0x3d49,0x2b44,0x33a2

SUMMARY N=14 sample_start=246415360 prefixes=32768 total=536870912 d0=32855 best_tail=22 tail_r61=16 best_r61=13 tail_W1=0x3e3c,0x9b5,0x79e tail_W2=0x3d49,0x2b44,0x33a2 r61_W1=0x273b,0x299d,0xd6a r61_W2=0x2648,0x529,0x2df4

Scan-only witness registry
  registry_count=16 registry_cap=16
  witness[00] tail=22 r61=16 gh60=0x44bdca6 W1=0x3e3c,0x9b5,0x79e W2=0x3d49,0x2b44,0x33a2
  witness[01] tail=23 r61=18 gh60=0xfa69ca6 W1=0x1f03,0x1f0e,0x1b34 W2=0x1e10,0x1dc8,0x11a8
  witness[02] tail=23 r61=20 gh60=0xfe0c7ee W1=0x33a0,0x163c,0x158a W2=0x32ad,0x1efb,0x17bb
  witness[03] tail=23 r61=22 gh60=0xb564caa W1=0x3832,0x128d,0x1e4a W2=0x373f,0x2411,0x214f
  witness[04] tail=24 r61=18 gh60=0x39284a6 W1=0xd43,0x3b3c,0x1e1e W2=0xc50,0x1ab9,0x2ac5
  witness[05] tail=24 r61=18 gh60=0xc68c5ae W1=0x1c70,0x393c,0x5eb W2=0x1b7d,0x2ef5,0x1108
  witness[06] tail=24 r61=18 gh60=0x49384a6 W1=0x3d43,0x184b,0x3f11 W2=0x3c50,0x6c8,0x1ad0
  witness[07] tail=24 r61=20 gh60=0x54885aa W1=0x12c1,0x25a0,0x3987 W2=0x11ce,0x31a8,0x2745
  witness[08] tail=24 r61=26 gh60=0xdbdbdbe W1=0x2e77,0x353a,0x1ceb W2=0x2d84,0x2dfd,0x16f8
  witness[09] tail=25 r61=15 gh60=0x4515d6e W1=0x3ee0,0x29e7,0x7c5 W2=0x3ded,0xda3,0x522
  witness[10] tail=25 r61=19 gh60=0xc60cbe6 W1=0x98c,0x2a55,0x3f57 W2=0x899,0x30a0,0x2dc9
  witness[11] tail=25 r61=20 gh60=0xda07de6 W1=0x2e9c,0x429,0x1937 W2=0x2da9,0x115a,0x2134
  witness[12] tail=25 r61=22 gh60=0xc918b7a W1=0x1955,0x20d,0x6ec W2=0x1862,0x44,0xdc9
  witness[13] tail=25 r61=24 gh60=0xd7845a6 W1=0x127c,0x3108,0x218a W2=0x1189,0x15ae,0x3632
  witness[14] tail=25 r61=24 gh60=0xddbc4a6 W1=0x39f4,0x3703,0x15dd W2=0x3901,0x4f1,0x35cb
  witness[15] tail=25 r61=24 gh60=0xc979f6a W1=0x3fd1,0xd01,0x394d W2=0x3ede,0xf1c,0x3e39

Scan-only r61 registry
  registry_count=16 registry_cap=16
  r61_witness[00] r61=13 tail=36 gh60=0x4888ca6 W1=0x273b,0x299d,0xd6a W2=0x2648,0x529,0x2df4
  r61_witness[01] r61=15 tail=25 gh60=0x4515d6e W1=0x3ee0,0x29e7,0x7c5 W2=0x3ded,0xda3,0x522
  r61_witness[02] r61=15 tail=26 gh60=0x4a05b9a W1=0x3d8a,0x3077,0x23be W2=0x3c97,0x1e90,0x1b51
  r61_witness[03] r61=15 tail=28 gh60=0x4619ce6 W1=0x1e0b,0x2744,0xd97 W2=0x1d18,0x3768,0x1bbb
  r61_witness[04] r61=15 tail=31 gh60=0x4e885a6 W1=0x326b,0x2c69,0x316f W2=0x3178,0x102e,0x3e48
  r61_witness[05] r61=15 tail=33 gh60=0x492849e W1=0x1547,0xff1,0x3b7c W2=0x1454,0x1dda,0x2b6
  r61_witness[06] r61=16 tail=22 gh60=0x44bdca6 W1=0x3e3c,0x9b5,0x79e W2=0x3d49,0x2b44,0x33a2
  r61_witness[07] r61=16 tail=28 gh60=0x7619dfa W1=0x95,0x16c8,0x359c W2=0x3fa2,0x1a3,0x1d02
  r61_witness[08] r61=16 tail=28 gh60=0x46184fa W1=0x415,0x188c,0x210a W2=0x322,0x3dd0,0x1715
  r61_witness[09] r61=16 tail=29 gh60=0x4908f6e W1=0x75f,0x8b8,0x3cc4 W2=0x66c,0x3eb,0x1bcb
  r61_witness[10] r61=16 tail=29 gh60=0x4c98cae W1=0x182f,0x3f25,0x63f W2=0x173c,0x3884,0x3247
  r61_witness[11] r61=16 tail=30 gh60=0x55ac59a W1=0x1266,0x356d,0x30e3 W2=0x1173,0x2215,0x2577
  r61_witness[12] r61=16 tail=31 gh60=0x48e849e W1=0x2b27,0x1a52,0x15da W2=0x2a34,0x1a07,0x32b8
  r61_witness[13] r61=16 tail=33 gh60=0x5a084ea W1=0xd0d,0x25b9,0x3d73 W2=0xc1a,0x282b,0x1e8b
  r61_witness[14] r61=16 tail=34 gh60=0x4a05f9a W1=0x1f8a,0x36cb,0xe9d W2=0x1e97,0x23ac,0x38a8
  r61_witness[15] r61=16 tail=34 gh60=0x78984aa W1=0x2d2d,0x581,0x14e7 W2=0x2c3a,0x97d,0x262e

D60=0 fiber histogram: 1:7919 2:4768 3:1810 4:1103 5:423 6:233 7:88 8:80 9:33 10:14 11:3 12:9 13:2 14:5 16:5 17:1 18:1
