free_word_mitm_reducedn
N=14 mask=0x3fff msb=0x2000
candidate: M0=0x3d36 mode=random-fallback fill=0x3fff kernel=dM0=dM9=0x2000
prefixes=32768/268435456 mode=permuted-prefix-sample w59_per_prefix=16384 total=536870912
run_mode=scan registry_cap=16
sample_start=59670528
scan_elapsed=19.360s rate=27.73 Mtriples/s

D60 interface
  D60=0 matches: 33246 (random expectation 32768.0, enrichment 1.015x)
  prefixes with D60=0: 16672
  max D60=0 fiber per prefix: 20 at W57=0x8ab W58=0x91c
  largest D60 bucket: D=0x3575 count=33681
  min D60 HW: 0
  D60 HW histogram: 0:33246 1:461135 2:2986414 3:11944865 4:32827097 5:65633086 6:98407503 7:112472714 8:98384424 9:65581089 10:32773647 11:11901101 12:2973259 13:458771 14:32561

Tail closure among D60=0 matches
  final tail collisions: 0
  best r61 HW: 12
  best r61 W1[57..59]=0x3795,0x3037,0xf46
  best r61 W2[57..59]=0x36a2,0x30c2,0x340d
  best tail HW: 22
  best tail r61 HW: 23
  best W1[57..59]=0x2027,0x373a,0x33b5
  best W2[57..59]=0x1f34,0x3dae,0x3466

SUMMARY N=14 sample_start=59670528 prefixes=32768 total=536870912 d0=33246 best_tail=22 tail_r61=23 best_r61=12 tail_W1=0x2027,0x373a,0x33b5 tail_W2=0x1f34,0x3dae,0x3466 r61_W1=0x3795,0x3037,0xf46 r61_W2=0x36a2,0x30c2,0x340d

Scan-only witness registry
  registry_count=16 registry_cap=16
  witness[00] tail=22 r61=23 gh60=0xdbe9c9e W1=0x2027,0x373a,0x33b5 W2=0x1f34,0x3dae,0x3466
  witness[01] tail=23 r61=20 gh60=0xc6685fa W1=0x3499,0x34bd,0x3e6a W2=0x33a6,0x25dd,0x27d9
  witness[02] tail=23 r61=25 gh60=0x59e8cbe W1=0x1937,0x34e5,0x3cec W2=0x1844,0x3ec8,0x3ad4
  witness[03] tail=23 r61=27 gh60=0x3a69b9a W1=0x1d65,0xcaa,0x1adc W2=0x1c72,0x3e3a,0x249d
  witness[04] tail=24 r61=18 gh60=0x7b1856e W1=0x14cf,0x84b,0xa7 W2=0x13dc,0x3ffd,0x749
  witness[05] tail=24 r61=18 gh60=0xc88cca6 W1=0x192c,0x1cf8,0x14cd W2=0x1839,0x1615,0x1956
  witness[06] tail=24 r61=24 gh60=0x5fb45ba W1=0x1276,0x3b39,0x3e80 W2=0x1183,0x28d0,0x3537
  witness[07] tail=24 r61=28 gh60=0xb75849a W1=0x2229,0x1f2c,0x17d0 W2=0x2136,0x343,0x932
  witness[08] tail=25 r61=23 gh60=0x5bb85a6 W1=0x4bb,0x152a,0x2cf2 W2=0x3c8,0xa4f,0x3875
  witness[09] tail=25 r61=23 gh60=0xc9a4ba6 W1=0x574,0x3b42,0xf0c W2=0x481,0x3a7,0x17d3
  witness[10] tail=25 r61=23 gh60=0x79bcbbe W1=0x19b8,0x2da7,0x17a6 W2=0x18c5,0x31b3,0x3bf5
  witness[11] tail=25 r61=23 gh60=0x3be8cfa W1=0x3619,0x360e,0x1a30 W2=0x3526,0x3095,0x1de1
  witness[12] tail=25 r61=24 gh60=0xf6544fe W1=0x318,0x20a8,0x45e W2=0x225,0x3451,0x1d5a
  witness[13] tail=25 r61=26 gh60=0xddedcaa W1=0x1df2,0xf23,0x1e7b W2=0x1cff,0x15ab,0x11cf
  witness[14] tail=25 r61=26 gh60=0xcdffd9e W1=0x30c8,0x24fe,0x36bc W2=0x2fd5,0x1997,0x283a
  witness[15] tail=25 r61=29 gh60=0x4e38dfa W1=0x1695,0x2ffe,0x1ef7 W2=0x15a2,0x3259,0xe00

Scan-only r61 registry
  registry_count=16 registry_cap=16
  r61_witness[00] r61=12 tail=31 gh60=0x4618ffa W1=0x3795,0x3037,0xf46 W2=0x36a2,0x30c2,0x340d
  r61_witness[01] r61=14 tail=26 gh60=0x4b247aa W1=0x3c2,0x2b96,0x17c6 W2=0x2cf,0x1cf3,0x2962
  r61_witness[02] r61=14 tail=27 gh60=0x4a085ee W1=0xc8f,0x3357,0x318a W2=0xb9c,0x1615,0x3896
  r61_witness[03] r61=14 tail=28 gh60=0xd508566 W1=0x1adb,0x1f1c,0x2c53 W2=0x19e8,0x55f,0x2c18
  r61_witness[04] r61=15 tail=27 gh60=0x490bb66 W1=0xdcb,0x31da,0x111d W2=0xcd8,0x2836,0x2099
  r61_witness[05] r61=15 tail=28 gh60=0x3699ba6 W1=0x3d73,0x3bea,0x2e80 W2=0x3c80,0x6c0,0x1a6a
  r61_witness[06] r61=15 tail=29 gh60=0x4d8c59a W1=0xa6a,0x200a,0xc07 W2=0x977,0xc28,0xe38
  r61_witness[07] r61=15 tail=30 gh60=0x4d28ca6 W1=0x1643,0x3fe5,0x16da W2=0x1550,0x21,0x87d
  r61_witness[08] r61=15 tail=30 gh60=0x4c845ba W1=0x32ba,0x3c11,0x1922 W2=0x31c7,0x3730,0x1e48
  r61_witness[09] r61=15 tail=34 gh60=0x488449a W1=0x1d2a,0x60b,0x20b9 W2=0x1c37,0x3c51,0x1d4f
  r61_witness[10] r61=15 tail=35 gh60=0xcb6857a W1=0x1255,0x27b1,0x3e1e W2=0x1162,0x24d9,0x67d
  r61_witness[11] r61=16 tail=29 gh60=0x38887aa W1=0x1bb1,0x157f,0x24c2 W2=0x1abe,0x26d7,0x3e67
  r61_witness[12] r61=16 tail=30 gh60=0x448fcaa W1=0x2e3e,0x3b5b,0x3bcf W2=0x2d4b,0x340f,0x3d6
  r61_witness[13] r61=16 tail=31 gh60=0x3aebd7e W1=0x2ed7,0x3a0,0x3344 W2=0x2de4,0x3bef,0x2d02
  r61_witness[14] r61=16 tail=32 gh60=0x460cce6 W1=0x170c,0x3ac7,0x2f1b W2=0x1619,0x14ee,0x1cc1
  r61_witness[15] r61=16 tail=35 gh60=0x4918b6e W1=0x9df,0x125,0x314f W2=0x8ec,0x3330,0x26fb

D60=0 fiber histogram: 1:7970 2:4827 3:1847 4:1140 5:417 6:219 7:85 8:88 9:31 10:18 11:14 12:11 13:1 14:1 15:1 16:1 20:1
