free_word_mitm_reducedn
N=14 mask=0x3fff msb=0x2000
candidate: M0=0x3d36 mode=random-fallback fill=0x3fff kernel=dM0=dM9=0x2000
prefixes=32768/268435456 mode=permuted-prefix-sample w59_per_prefix=16384 total=536870912
run_mode=scan registry_cap=16
sample_start=47939584
scan_elapsed=19.848s rate=27.05 Mtriples/s

D60 interface
  D60=0 matches: 32701 (random expectation 32768.0, enrichment 0.998x)
  prefixes with D60=0: 16546
  max D60=0 fiber per prefix: 19 at W57=0x1e91 W58=0x337d
  largest D60 bucket: D=0x2ee9 count=33934
  min D60 HW: 0
  D60 HW histogram: 0:32701 1:457791 2:2975161 3:11919931 4:32805512 5:65638893 6:98489587 7:112536418 8:98400319 9:65542185 10:32733915 11:11880155 12:2968929 13:457000 14:32415

Tail closure among D60=0 matches
  final tail collisions: 0
  best r61 HW: 13
  best r61 W1[57..59]=0x356f,0x2064,0xecf
  best r61 W2[57..59]=0x347c,0x28eb,0x28de
  best tail HW: 21
  best tail r61 HW: 17
  best W1[57..59]=0x2347,0x10de,0x3f27
  best W2[57..59]=0x2254,0x114b,0x144c

SUMMARY N=14 sample_start=47939584 prefixes=32768 total=536870912 d0=32701 best_tail=21 tail_r61=17 best_r61=13 tail_W1=0x2347,0x10de,0x3f27 tail_W2=0x2254,0x114b,0x144c r61_W1=0x356f,0x2064,0xecf r61_W2=0x347c,0x28eb,0x28de

Scan-only witness registry
  registry_count=16 registry_cap=16
  witness[00] tail=21 r61=17 gh60=0x4b2849e W1=0x2347,0x10de,0x3f27 W2=0x2254,0x114b,0x144c
  witness[01] tail=22 r61=18 gh60=0x7a18cea W1=0x2621,0x12c7,0x13b5 W2=0x252e,0x18c2,0x165a
  witness[02] tail=22 r61=19 gh60=0xce28ce6 W1=0x813,0x23fa,0x27d2 W2=0x720,0x2d2c,0x1edd
  witness[03] tail=23 r61=18 gh60=0xca085e6 W1=0x2a9b,0x33d4,0x290 W2=0x29a8,0x783,0x25b7
  witness[04] tail=23 r61=18 gh60=0x4a0fbee W1=0x2da0,0x2f68,0x262f W2=0x2cad,0x1cec,0x319b
  witness[05] tail=23 r61=19 gh60=0x5a0ccfa W1=0x161a,0x173c,0xbd2 W2=0x1527,0xda8,0x20a
  witness[06] tail=23 r61=21 gh60=0xc9abc9e W1=0x1127,0xfa8,0x1e0c W2=0x1034,0x18,0x2513
  witness[07] tail=23 r61=24 gh60=0xd7dbcfe W1=0x3017,0x3e8f,0x312b W2=0x2f24,0x3576,0x1fb8
  witness[08] tail=24 r61=16 gh60=0x4a84da6 W1=0x186c,0x1389,0x3569 W2=0x1779,0x153e,0x138b
  witness[09] tail=24 r61=19 gh60=0xd6084e6 W1=0x3d1b,0x1659,0x242 W2=0x3c28,0x251c,0x2448
  witness[10] tail=24 r61=21 gh60=0xd60c7ee W1=0x13a0,0x3e78,0x281e W2=0x12ad,0x537,0x30aa
  witness[11] tail=24 r61=21 gh60=0xc7985a6 W1=0x14ab,0x14a9,0x3968 W2=0x13b8,0x1bde,0x20fb
  witness[12] tail=24 r61=23 gh60=0x7a39b9a W1=0x1d85,0x23ac,0x3374 W2=0x1c92,0x1784,0x298e
  witness[13] tail=25 r61=20 gh60=0xda58cfe W1=0x2817,0x2d17,0x1508 W2=0x2724,0x357e,0x801
  witness[14] tail=25 r61=21 gh60=0x5f09d6a W1=0x20dd,0x123,0x2618 W2=0x1fea,0x702,0x23b
  witness[15] tail=25 r61=23 gh60=0xcd945aa W1=0x3a6e,0x3985,0x55 W2=0x397b,0x79e,0x1bd3

Scan-only r61 registry
  registry_count=16 registry_cap=16
  r61_witness[00] r61=13 tail=30 gh60=0xc988bae W1=0x356f,0x2064,0xecf W2=0x347c,0x28eb,0x28de
  r61_witness[01] r61=15 tail=35 gh60=0x4a64ce6 W1=0x3714,0x348f,0x3ac1 W2=0x3621,0x2e46,0xc4f
  r61_witness[02] r61=15 tail=36 gh60=0xc504d9a W1=0x26ca,0x2800,0x1939 W2=0x25d7,0x1733,0x28e
  r61_witness[03] r61=16 tail=24 gh60=0x4a84da6 W1=0x186c,0x1389,0x3569 W2=0x1779,0x153e,0x138b
  r61_witness[04] r61=16 tail=28 gh60=0x3908766 W1=0x33db,0x321,0x3e6 W2=0x32e8,0x37ca,0x3652
  r61_witness[05] r61=16 tail=29 gh60=0x48984aa W1=0x3b3d,0x174d,0x2202 W2=0x3a4a,0x2fb9,0x332a
  r61_witness[06] r61=16 tail=30 gh60=0xce04be6 W1=0x258c,0x9d4,0x446 W2=0x2499,0x141f,0x37bf
  r61_witness[07] r61=16 tail=32 gh60=0x4484da6 W1=0x36ac,0x10b1,0xde W2=0x35b9,0x3876,0x12c8
  r61_witness[08] r61=16 tail=35 gh60=0x4a087ea W1=0x2ba1,0x18e9,0x1bdd W2=0x2aae,0x1aab,0x3ceb
  r61_witness[09] r61=16 tail=35 gh60=0x38884a6 W1=0x353b,0x2a8a,0x256 W2=0x3448,0x36d7,0xd3f
  r61_witness[10] r61=16 tail=36 gh60=0x5928b7a W1=0x35d9,0x2bc1,0xc00 W2=0x34e6,0x3cfc,0x10fa
  r61_witness[11] r61=17 tail=21 gh60=0x4b2849e W1=0x2347,0x10de,0x3f27 W2=0x2254,0x114b,0x144c
  r61_witness[12] r61=17 tail=27 gh60=0x4a184ea W1=0x351d,0x2c60,0x24e W2=0x342a,0x542,0x131c
  r61_witness[13] r61=17 tail=30 gh60=0xd49bcaa W1=0x303d,0x333,0x200f W2=0x2f4a,0x39e2,0x11b6
  r61_witness[14] r61=17 tail=30 gh60=0xd75859e W1=0x32a7,0x12ee,0xeb2 W2=0x31b4,0x2739,0x1829
  r61_witness[15] r61=17 tail=31 gh60=0x4688caa W1=0x2601,0x3109,0x2d16 W2=0x250e,0x38f8,0x12ca

D60=0 fiber histogram: 1:8079 2:4699 3:1807 4:1084 5:386 6:229 7:110 8:86 9:22 10:21 11:7 12:8 13:2 14:2 16:1 17:1 18:1 19:1
