free_word_mitm_reducedn
N=14 mask=0x3fff msb=0x2000
candidate: M0=0x3d36 mode=random-fallback fill=0x3fff kernel=dM0=dM9=0x2000
prefixes=32768/268435456 mode=permuted-prefix-sample w59_per_prefix=16384 total=536870912
run_mode=scan registry_cap=16
sample_start=190545920
scan_elapsed=19.886s rate=27.00 Mtriples/s

D60 interface
  D60=0 matches: 33013 (random expectation 32768.0, enrichment 1.007x)
  prefixes with D60=0: 16594
  max D60=0 fiber per prefix: 18 at W57=0x2174 W58=0x33bf
  largest D60 bucket: D=0x26b8 count=33828
  min D60 HW: 0
  D60 HW histogram: 0:33013 1:457912 2:2984048 3:11928665 4:32811956 5:65656957 6:98489922 7:112475685 8:98397408 9:65542158 10:32738184 11:11895732 12:2970776 13:456294 14:32202

Tail closure among D60=0 matches
  final tail collisions: 0
  best r61 HW: 13
  best r61 W1[57..59]=0x1d0a,0x1fa6,0x32d8
  best r61 W2[57..59]=0x1c17,0x16aa,0x3b5
  best tail HW: 20
  best tail r61 HW: 21
  best W1[57..59]=0x23ce,0x3686,0x19cb
  best W2[57..59]=0x22db,0x30ed,0x2a8b

SUMMARY N=14 sample_start=190545920 prefixes=32768 total=536870912 d0=33013 best_tail=20 tail_r61=21 best_r61=13 tail_W1=0x23ce,0x3686,0x19cb tail_W2=0x22db,0x30ed,0x2a8b r61_W1=0x1d0a,0x1fa6,0x32d8 r61_W2=0x1c17,0x16aa,0x3b5

Scan-only witness registry
  registry_count=16 registry_cap=16
  witness[00] tail=20 r61=19 gh60=0x5abcba6 W1=0x257c,0x6e0,0x8e8 W2=0x2489,0xf25,0x2b8
  witness[01] tail=20 r61=21 gh60=0xd70c76a W1=0x23ce,0x3686,0x19cb W2=0x22db,0x30ed,0x2a8b
  witness[02] tail=21 r61=20 gh60=0xd989cae W1=0x3eef,0x3942,0x3e75 W2=0x3dfc,0x17a5,0x34a1
  witness[03] tail=22 r61=17 gh60=0x497449a W1=0x1546,0xe6d,0x29e3 W2=0x1453,0x437,0x1b0b
  witness[04] tail=22 r61=25 gh60=0x5e05ce6 W1=0x211c,0x1cd5,0x1189 W2=0x2029,0x76a,0x37d4
  witness[05] tail=23 r61=17 gh60=0x5abcba6 W1=0x257c,0x6e0,0x8f8 W2=0x2489,0xf25,0x2c8
  witness[06] tail=23 r61=20 gh60=0x56d8b7e W1=0x25d7,0x2f3d,0x2ed3 W2=0x24e4,0x2d60,0x28d3
  witness[07] tail=24 r61=18 gh60=0x4af4d6a W1=0x6ce,0x3b1e,0x33ec W2=0x5db,0x3d6e,0x3f63
  witness[08] tail=24 r61=20 gh60=0x4b95baa W1=0x16e,0xee4,0x319f W2=0x7b,0x8c0,0x2091
  witness[09] tail=24 r61=22 gh60=0x596cbba W1=0x9b6,0x2667,0x11b4 W2=0x8c3,0x21af,0x3699
  witness[10] tail=24 r61=25 gh60=0xd99dcaa W1=0x20f2,0x1109,0x2764 W2=0x1fff,0x1151,0x1971
  witness[11] tail=24 r61=25 gh60=0x4b08b6a W1=0x3561,0x3d19,0x19c5 W2=0x346e,0x750,0x2ca9
  witness[12] tail=25 r61=13 gh60=0x560449a W1=0x1d0a,0x1fa6,0x32d8 W2=0x1c17,0x16aa,0x3b5
  witness[13] tail=25 r61=17 gh60=0x4b1c56a W1=0x2252,0x3872,0x39c6 W2=0x215f,0x4a5,0x3c16
  witness[14] tail=25 r61=18 gh60=0x4a95caa W1=0x3efe,0x1c42,0x752 W2=0x3e0b,0x1eb2,0xdc4
  witness[15] tail=25 r61=20 gh60=0xca1cbe6 W1=0x994,0x2500,0x1632 W2=0x8a1,0x2b5b,0x3a9a

Scan-only r61 registry
  registry_count=16 registry_cap=16
  r61_witness[00] r61=13 tail=25 gh60=0x560449a W1=0x1d0a,0x1fa6,0x32d8 W2=0x1c17,0x16aa,0x3b5
  r61_witness[01] r61=14 tail=32 gh60=0x48884aa W1=0xb31,0x32b1,0x387 W2=0xa3e,0x3b71,0x399
  r61_witness[02] r61=15 tail=29 gh60=0xc4a85a6 W1=0x3cb3,0x3c7b,0x25e3 W2=0x3bc0,0x23c0,0x170d
  r61_witness[03] r61=15 tail=30 gh60=0x4a344fa W1=0xb16,0x9e5,0x2bc7 W2=0xa23,0x32ee,0x2cc3
  r61_witness[04] r61=15 tail=33 gh60=0xdb0856e W1=0x3c4f,0x1404,0x63a W2=0x3b5c,0xb56,0x1415
  r61_witness[05] r61=16 tail=28 gh60=0x49a4cea W1=0x722,0xae0,0x2d3c W2=0x62f,0x1040,0x671
  r61_witness[06] r61=16 tail=30 gh60=0x4788daa W1=0x26ad,0x298b,0xfd2 W2=0x25ba,0x39de,0x2b40
  r61_witness[07] r61=16 tail=31 gh60=0xb508d6a W1=0x38cd,0x2ac1,0x29a8 W2=0x37da,0x628,0x19b1
  r61_witness[08] r61=16 tail=33 gh60=0x4508d6a W1=0x1651,0x2c74,0x216 W2=0x155e,0x3ddf,0x14a7
  r61_witness[09] r61=16 tail=34 gh60=0x5d08d6a W1=0x1861,0x3dc6,0x3600 W2=0x176e,0xa05,0x3dc1
  r61_witness[10] r61=16 tail=35 gh60=0x4a0c4fa W1=0x121a,0x1c6b,0x3026 W2=0x1127,0xdd8,0x1e86
  r61_witness[11] r61=16 tail=35 gh60=0x4e545be W1=0x1c78,0x2ffc,0x1128 W2=0x1b85,0x5b3,0x1cb7
  r61_witness[12] r61=17 tail=22 gh60=0x497449a W1=0x1546,0xe6d,0x29e3 W2=0x1453,0x437,0x1b0b
  r61_witness[13] r61=17 tail=23 gh60=0x5abcba6 W1=0x257c,0x6e0,0x8f8 W2=0x2489,0xf25,0x2c8
  r61_witness[14] r61=17 tail=25 gh60=0x4b1c56a W1=0x2252,0x3872,0x39c6 W2=0x215f,0x4a5,0x3c16
  r61_witness[15] r61=17 tail=26 gh60=0xca07d9a W1=0x2e8a,0x3e7,0x707 W2=0x2d97,0x2304,0x2b8c

D60=0 fiber histogram: 1:8066 2:4695 3:1820 4:1104 5:406 6:242 7:96 8:83 9:31 10:24 11:7 12:8 13:4 14:5 15:1 16:1 18:1
