free_word_mitm_reducedn
N=14 mask=0x3fff msb=0x2000
candidate: M0=0x3d36 mode=random-fallback fill=0x3fff kernel=dM0=dM9=0x2000
prefixes=32768/268435456 mode=permuted-prefix-sample w59_per_prefix=16384 total=536870912
run_mode=scan registry_cap=16
sample_start=215711744
scan_elapsed=19.866s rate=27.02 Mtriples/s

D60 interface
  D60=0 matches: 32688 (random expectation 32768.0, enrichment 0.998x)
  prefixes with D60=0: 16472
  max D60=0 fiber per prefix: 18 at W57=0x15cd W58=0x2815
  largest D60 bucket: D=0x29d8 count=33883
  min D60 HW: 0
  D60 HW histogram: 0:32688 1:458485 2:2976816 3:11910386 4:32783781 5:65604888 6:98393677 7:112492213 8:98435229 9:65603630 10:32787204 11:11922374 12:2979356 13:457428 14:32757

Tail closure among D60=0 matches
  final tail collisions: 0
  best r61 HW: 15
  best r61 W1[57..59]=0x15cb,0x96,0x1b2b
  best r61 W2[57..59]=0x14d8,0x1a74,0x2c38
  best tail HW: 22
  best tail r61 HW: 18
  best W1[57..59]=0x37c3,0x6f,0x510
  best W2[57..59]=0x36d0,0x36e3,0x2401

SUMMARY N=14 sample_start=215711744 prefixes=32768 total=536870912 d0=32688 best_tail=22 tail_r61=18 best_r61=15 tail_W1=0x37c3,0x6f,0x510 tail_W2=0x36d0,0x36e3,0x2401 r61_W1=0x15cb,0x96,0x1b2b r61_W2=0x14d8,0x1a74,0x2c38

Scan-only witness registry
  registry_count=16 registry_cap=16
  witness[00] tail=22 r61=18 gh60=0xcb78fa6 W1=0x37c3,0x6f,0x510 W2=0x36d0,0x36e3,0x2401
  witness[01] tail=23 r61=17 gh60=0x4eabbbe W1=0x2d77,0x2151,0x1d7d W2=0x2c84,0xad4,0x107a
  witness[02] tail=23 r61=20 gh60=0xd73c59a W1=0x12c6,0x502,0x2072 W2=0x11d3,0x317c,0x2c49
  witness[03] tail=23 r61=24 gh60=0xdaa859a W1=0x2265,0x14d9,0x1cb0 W2=0x2172,0x188,0x1d10
  witness[04] tail=24 r61=19 gh60=0xc908766 W1=0x3db,0x2e12,0x1ed4 W2=0x2e8,0x17b7,0x8d0
  witness[05] tail=24 r61=19 gh60=0x4a0cdea W1=0x268e,0x3797,0x2068 W2=0x259b,0x3a77,0x706
  witness[06] tail=24 r61=21 gh60=0x4db44be W1=0x2bf8,0x9f4,0x36cd W2=0x2b05,0x797,0x319e
  witness[07] tail=25 r61=18 gh60=0xce08cea W1=0x3821,0x3a3f,0x2125 W2=0x372e,0xf36,0x2c23
  witness[08] tail=25 r61=19 gh60=0x5d08566 W1=0x124b,0x3ae7,0x11ac W2=0x1158,0x180c,0x2731
  witness[09] tail=25 r61=21 gh60=0x560459a W1=0x128a,0xc99,0x2139 W2=0x1197,0x97b,0x1c10
  witness[10] tail=25 r61=22 gh60=0xcb3ffa6 W1=0xfc4,0x1ecc,0x5f3 W2=0xed1,0x2fb3,0x3c6a
  witness[11] tail=25 r61=24 gh60=0xf91c76e W1=0x13d0,0x352a,0x1127 W2=0x12dd,0x46d,0x2e00
  witness[12] tail=25 r61=24 gh60=0xc8fc4ba W1=0x3d3a,0xe4d,0xeda W2=0x3c47,0x584,0x367e
  witness[13] tail=25 r61=25 gh60=0xfad87ba W1=0x2b79,0x3c9c,0x1c07 W2=0x2a86,0x3de6,0x383e
  witness[14] tail=25 r61=27 gh60=0xcba44a6 W1=0x2bf4,0xaa2,0xc27 W2=0x2b01,0x2790,0x2682
  witness[15] tail=25 r61=30 gh60=0x5a684fe W1=0x3d17,0x1f07,0x36a4 W2=0x3c24,0x2e9f,0x3c64

Scan-only r61 registry
  registry_count=16 registry_cap=16
  r61_witness[00] r61=15 tail=31 gh60=0xc598566 W1=0x2463,0x35a3,0x301d W2=0x2370,0x90a,0x270
  r61_witness[01] r61=15 tail=32 gh60=0xc908b66 W1=0x15cb,0x96,0x1b2b W2=0x14d8,0x1a74,0x2c38
  r61_witness[02] r61=16 tail=27 gh60=0xb967ca6 W1=0x3144,0x25fd,0x398f W2=0x3051,0x18bc,0x1ce6
  r61_witness[03] r61=16 tail=28 gh60=0x4607ce6 W1=0x310c,0x28fb,0x10c9 W2=0x3019,0x9c,0x2222
  r61_witness[04] r61=16 tail=28 gh60=0x5899ca6 W1=0x3f33,0x3a10,0x2146 W2=0x3e40,0x343a,0x13c5
  r61_witness[05] r61=16 tail=31 gh60=0xc8984aa W1=0x2541,0x366b,0x383d W2=0x244e,0x3e1b,0x26e6
  r61_witness[06] r61=16 tail=31 gh60=0x46084e6 W1=0x3c0b,0xb4b,0x3fd9 W2=0x3b18,0xb32,0x3893
  r61_witness[07] r61=16 tail=32 gh60=0x4b04566 W1=0x14dc,0x4fb,0x3018 W2=0x13e9,0xf1d,0x2e6f
  r61_witness[08] r61=16 tail=33 gh60=0x48a4cea W1=0x1922,0x302e,0xded W2=0x182f,0x8a,0x28c8
  r61_witness[09] r61=16 tail=35 gh60=0xc91bb9a W1=0x2dc5,0xe2d,0x3f9e W2=0x2cd2,0x2c91,0x21b
  r61_witness[10] r61=16 tail=35 gh60=0xc9e7faa W1=0x2fb2,0x2c4e,0x770 W2=0x2ebf,0x35a,0x12ed
  r61_witness[11] r61=16 tail=41 gh60=0x5565ce6 W1=0x24,0x2116,0x3afc W2=0x3f31,0x3acb,0x2d16
  r61_witness[12] r61=16 tail=44 gh60=0x4a0fcea W1=0x2e0e,0x602,0x332a W2=0x2d1b,0x336,0x4d0
  r61_witness[13] r61=17 tail=23 gh60=0x4eabbbe W1=0x2d77,0x2151,0x1d7d W2=0x2c84,0xad4,0x107a
  r61_witness[14] r61=17 tail=28 gh60=0xcce7da6 W1=0x10b4,0x1407,0x20d1 W2=0xfc1,0x10e2,0x3d18
  r61_witness[15] r61=17 tail=28 gh60=0xc704b66 W1=0x19cc,0x3b1c,0x6f5 W2=0x18d9,0x14fb,0x3780

D60=0 fiber histogram: 1:7965 2:4759 3:1785 4:1076 5:423 6:225 7:82 8:65 9:36 10:23 11:8 12:10 13:4 14:3 15:3 16:1 17:2 18:2
