free_word_mitm_reducedn
N=14 mask=0x3fff msb=0x2000
candidate: M0=0x3d36 mode=random-fallback fill=0x3fff kernel=dM0=dM9=0x2000
prefixes=32768/268435456 mode=permuted-prefix-sample w59_per_prefix=16384 total=536870912
run_mode=scan registry_cap=16
sample_start=135954432
scan_elapsed=14.057s rate=38.19 Mtriples/s

D60 interface
  D60=0 matches: 32683 (random expectation 32768.0, enrichment 0.997x)
  prefixes with D60=0: 16588
  max D60=0 fiber per prefix: 22 at W57=0x27d9 W58=0x11f0
  largest D60 bucket: D=0xe3c count=33801
  min D60 HW: 0
  D60 HW histogram: 0:32683 1:458087 2:2986075 3:11945528 4:32827196 5:65640622 6:98453298 7:112505877 8:98387345 9:65548468 10:32735739 11:11892434 12:2970028 13:454929 14:32603

Tail closure among D60=0 matches
  final tail collisions: 0
  best r61 HW: 14
  best r61 W1[57..59]=0x3126,0x2494,0x2672
  best r61 W2[57..59]=0x3033,0x3925,0x18ff
  best tail HW: 20
  best tail r61 HW: 22
  best W1[57..59]=0x2b91,0x188c,0xccf
  best W2[57..59]=0x2a9e,0x195a,0x165a

SUMMARY N=14 sample_start=135954432 prefixes=32768 total=536870912 d0=32683 best_tail=20 tail_r61=22 best_r61=14 tail_W1=0x2b91,0x188c,0xccf tail_W2=0x2a9e,0x195a,0x165a r61_W1=0x3126,0x2494,0x2672 r61_W2=0x3033,0x3925,0x18ff

Scan-only witness registry
  registry_count=16 registry_cap=16
  witness[00] tail=20 r61=22 gh60=0x4e087ea W1=0x2b91,0x188c,0xccf W2=0x2a9e,0x195a,0x165a
  witness[01] tail=21 r61=18 gh60=0x59abcbe W1=0x30f7,0x23c1,0x442 W2=0x3004,0x6a4,0x1ae5
  witness[02] tail=21 r61=22 gh60=0xcb89dae W1=0x1eaf,0x3668,0x2200 W2=0x1dbc,0x1c1f,0x345a
  witness[03] tail=22 r61=14 gh60=0x48b7c9a W1=0x3126,0x2494,0x2672 W2=0x3033,0x3925,0x18ff
  witness[04] tail=22 r61=21 gh60=0x44ddd9a W1=0x1ea6,0x20f,0x1ed4 W2=0x1db3,0x2284,0x3ebf
  witness[05] tail=23 r61=18 gh60=0xc73cb6e W1=0x960,0x31bd,0x1330 W2=0x86d,0x27d1,0x2aaf
  witness[06] tail=23 r61=20 gh60=0x79a84a6 W1=0x32f3,0x24e2,0x2660 W2=0x3200,0x34cd,0x104f
  witness[07] tail=23 r61=26 gh60=0xfad8c9a W1=0x3609,0x1f34,0x1364 W2=0x3516,0x190a,0x3bb3
  witness[08] tail=24 r61=22 gh60=0x57e84be W1=0x9f7,0x166e,0x3b4d W2=0x904,0x2390,0x2ad2
  witness[09] tail=24 r61=23 gh60=0xc97cca6 W1=0x1934,0x254d,0x3835 W2=0x1841,0x3efa,0x1a20
  witness[10] tail=24 r61=24 gh60=0xc70cb7a W1=0x395a,0x2be6,0xcbb W2=0x3867,0x25de,0x1c59
  witness[11] tail=25 r61=18 gh60=0x7a2c5ea W1=0x292,0x34ba,0xf74 W2=0x19f,0x35d,0x718
  witness[12] tail=25 r61=18 gh60=0xc5884ae W1=0x242f,0x460,0x3185 W2=0x233c,0x3300,0x20df
  witness[13] tail=25 r61=19 gh60=0xf684cba W1=0x7fa,0x276e,0xa82 W2=0x707,0x9e6,0x28ff
  witness[14] tail=25 r61=19 gh60=0x5eb9ca6 W1=0x1dfb,0x16c,0x1991 W2=0x1d08,0x1376,0x402
  witness[15] tail=25 r61=20 gh60=0xc5e44aa W1=0x432,0x13de,0x2148 W2=0x33f,0x1863,0x36ff

Scan-only r61 registry
  registry_count=16 registry_cap=16
  r61_witness[00] r61=14 tail=22 gh60=0x48b7c9a W1=0x3126,0x2494,0x2672 W2=0x3033,0x3925,0x18ff
  r61_witness[01] r61=14 tail=29 gh60=0x4a184ea W1=0x3311,0x230c,0x16fc W2=0x321e,0x3ec6,0x29e4
  r61_witness[02] r61=14 tail=30 gh60=0x4888bae W1=0x25af,0x5b1,0x887 W2=0x24bc,0x3dc8,0xa8f
  r61_witness[03] r61=15 tail=26 gh60=0xde09cea W1=0x3f21,0xe1f,0x2b82 W2=0x3e2e,0x1246,0x172d
  r61_witness[04] r61=15 tail=29 gh60=0xda785e6 W1=0x293,0x2684,0x4f1 W2=0x1a0,0x194f,0xb17
  r61_witness[05] r61=15 tail=29 gh60=0xde044fa W1=0x1d1a,0x2f31,0x18b6 W2=0x1c27,0x24ee,0x3a81
  r61_witness[06] r61=15 tail=29 gh60=0x46144ea W1=0x340e,0xfdd,0x328a W2=0x331b,0x2618,0xa9d
  r61_witness[07] r61=15 tail=38 gh60=0x49884aa W1=0x153d,0x14d5,0x23a1 W2=0x144a,0x2b41,0x1cf2
  r61_witness[08] r61=16 tail=27 gh60=0x7a0449a W1=0xb0a,0x3eda,0x82e W2=0xa17,0x2762,0x888
  r61_witness[09] r61=16 tail=27 gh60=0xca084e6 W1=0x1d0b,0x1407,0xb1 W2=0x1c18,0x25de,0x1143
  r61_witness[10] r61=16 tail=28 gh60=0x4d985ae W1=0x147f,0x31e0,0x3690 W2=0x138c,0x2918,0x1198
  r61_witness[11] r61=16 tail=28 gh60=0x49a8ba6 W1=0x1973,0x2f29,0x36d1 W2=0x1880,0x37d,0x19b1
  r61_witness[12] r61=16 tail=29 gh60=0x4e05ce6 W1=0x1e0c,0x415,0x3a72 W2=0x1d19,0x242a,0x3f5b
  r61_witness[13] r61=16 tail=30 gh60=0x4a384ea W1=0xb11,0x138a,0x1335 W2=0xa1e,0x18c0,0x32f3
  r61_witness[14] r61=16 tail=31 gh60=0x5885ba6 W1=0x1bc,0x3a6c,0x36d3 W2=0xc9,0xa3,0x1797
  r61_witness[15] r61=16 tail=31 gh60=0xce084e6 W1=0x3c1b,0x20c1,0x1280 W2=0x3b28,0x1f94,0x1aa

D60=0 fiber histogram: 1:8029 2:4848 3:1802 4:1060 5:386 6:208 7:98 8:71 9:38 10:27 11:9 12:7 14:1 16:2 17:1 22:1
