free_word_mitm_reducedn
N=14 mask=0x3fff msb=0x2000
candidate: M0=0x3d36 mode=random-fallback fill=0x3fff kernel=dM0=dM9=0x2000
prefixes=32768/268435456 mode=permuted-prefix-sample w59_per_prefix=16384 total=536870912
run_mode=scan registry_cap=16
sample_start=69926912
scan_elapsed=19.206s rate=27.95 Mtriples/s

D60 interface
  D60=0 matches: 33062 (random expectation 32768.0, enrichment 1.009x)
  prefixes with D60=0: 16685
  max D60=0 fiber per prefix: 18 at W57=0x3a7 W58=0x2a39
  largest D60 bucket: D=0x2ec1 count=34053
  min D60 HW: 0
  D60 HW histogram: 0:33062 1:459699 2:2984257 3:11925508 4:32805396 5:65616276 6:98437394 7:112487549 8:98402560 9:65573242 10:32766253 11:11910160 12:2978906 13:458111 14:32539

Tail closure among D60=0 matches
  final tail collisions: 0
  best r61 HW: 14
  best r61 W1[57..59]=0x1809,0x16dd,0x2f1d
  best r61 W2[57..59]=0x1716,0x8ab,0x3e80
  best tail HW: 19
  best tail r61 HW: 15
  best W1[57..59]=0x2ada,0x3b9c,0x3362
  best W2[57..59]=0x29e7,0x2225,0x2974

SUMMARY N=14 sample_start=69926912 prefixes=32768 total=536870912 d0=33062 best_tail=19 tail_r61=15 best_r61=14 tail_W1=0x2ada,0x3b9c,0x3362 tail_W2=0x29e7,0x2225,0x2974 r61_W1=0x1809,0x16dd,0x2f1d r61_W2=0x1716,0x8ab,0x3e80

Scan-only witness registry
  registry_count=16 registry_cap=16
  witness[00] tail=19 r61=15 gh60=0xd50c57a W1=0x2ada,0x3b9c,0x3362 W2=0x29e7,0x2225,0x2974
  witness[01] tail=23 r61=16 gh60=0x4e8449a W1=0xaea,0x69b,0x14f8 W2=0x9f7,0x2ed9,0x28ec
  witness[02] tail=23 r61=20 gh60=0x4a25faa W1=0x3f82,0xea2,0x18c9 W2=0x3e8f,0x3b4e,0x80d
  witness[03] tail=23 r61=23 gh60=0x47e7caa W1=0x1142,0x2e8a,0x2664 W2=0x104f,0x1b5a,0x88f
  witness[04] tail=24 r61=17 gh60=0x7a0fce6 W1=0x111c,0x29e6,0x14ca W2=0x1029,0x77f,0x383
  witness[05] tail=24 r61=18 gh60=0xfa6849e W1=0x19e7,0x11fe,0xc52 W2=0x18f4,0x2e33,0x3098
  witness[06] tail=24 r61=18 gh60=0x5b2bda6 W1=0x2ec3,0x1ade,0x22bd W2=0x2dd0,0x82c,0x16c
  witness[07] tail=24 r61=24 gh60=0xda3cd9a W1=0x3886,0x3eab,0x1672 W2=0x3793,0x2a52,0x24d7
  witness[08] tail=24 r61=27 gh60=0x7fec4aa W1=0x2a02,0x1dba,0x141b W2=0x290f,0x21cf,0x2ac0
  witness[09] tail=25 r61=14 gh60=0x48e9fa6 W1=0x3fb3,0x2b33,0x2b86 W2=0x3ec0,0xf15,0x355b
  witness[10] tail=25 r61=15 gh60=0x4779d66 W1=0x3ed3,0xead,0x20b W2=0x3de0,0x305,0x20e2
  witness[11] tail=25 r61=17 gh60=0x488c4ae W1=0x540,0x34ad,0xa5a W2=0x44d,0x223e,0x31e9
  witness[12] tail=25 r61=17 gh60=0x4a6bfbe W1=0x2f77,0x13c5,0x3406 W2=0x2e84,0x3a88,0xbda
  witness[13] tail=25 r61=17 gh60=0x4b8bbaa W1=0x31ad,0x29bb,0x247 W2=0x30ba,0x30e,0x1406
  witness[14] tail=25 r61=18 gh60=0xf5a84ba W1=0x21f9,0x13fe,0x377a W2=0x2106,0x3980,0x19db
  witness[15] tail=25 r61=19 gh60=0x4907b66 W1=0x2d4c,0x11d1,0x31a8 W2=0x2c59,0xa2e,0x12ef

Scan-only r61 registry
  registry_count=16 registry_cap=16
  r61_witness[00] r61=14 tail=25 gh60=0x48e9fa6 W1=0x3fb3,0x2b33,0x2b86 W2=0x3ec0,0xf15,0x355b
  r61_witness[01] r61=14 tail=31 gh60=0xca28c9a W1=0x1809,0x16dd,0x2f1d W2=0x1716,0x8ab,0x3e80
  r61_witness[02] r61=14 tail=34 gh60=0x5a084ee W1=0x331f,0x3dc1,0x2d9f W2=0x322c,0x3047,0x2154
  r61_witness[03] r61=15 tail=19 gh60=0xd50c57a W1=0x2ada,0x3b9c,0x3362 W2=0x29e7,0x2225,0x2974
  r61_witness[04] r61=15 tail=25 gh60=0x4779d66 W1=0x3ed3,0xead,0x20b W2=0x3de0,0x305,0x20e2
  r61_witness[05] r61=15 tail=29 gh60=0x4488caa W1=0x62d,0x148a,0x288a W2=0x53a,0x1cc5,0x9fd
  r61_witness[06] r61=15 tail=29 gh60=0x4768fa6 W1=0x7c3,0xd8b,0x1515 W2=0x6d0,0x32ff,0x2434
  r61_witness[07] r61=15 tail=29 gh60=0x4888baa W1=0x19b1,0x3c7b,0xd2d W2=0x18be,0x892,0x64b
  r61_witness[08] r61=15 tail=30 gh60=0x491ffa6 W1=0x2fc4,0xaec,0x614 W2=0x2ed1,0x21cb,0x3736
  r61_witness[09] r61=15 tail=30 gh60=0x4a2ccaa W1=0x3802,0x3c4c,0x38a9 W2=0x370f,0xf60,0x2802
  r61_witness[10] r61=15 tail=32 gh60=0x499bcaa W1=0xeed,0x28a0,0x2249 W2=0xdfa,0x1817,0x192f
  r61_witness[11] r61=15 tail=32 gh60=0x58abca6 W1=0x1133,0x1360,0x1cc1 W2=0x1040,0x240a,0x14e7
  r61_witness[12] r61=16 tail=23 gh60=0x4e8449a W1=0xaea,0x69b,0x14f8 W2=0x9f7,0x2ed9,0x28ec
  r61_witness[13] r61=16 tail=30 gh60=0x4a89caa W1=0x3efd,0x168e,0x1663 W2=0x3e0a,0x1cf9,0xeeb
  r61_witness[14] r61=16 tail=31 gh60=0x4a0c4fa W1=0x3d1a,0x1e90,0x2c6b W2=0x3c27,0x124d,0x1b97
  r61_witness[15] r61=16 tail=32 gh60=0x4b2cb7a W1=0x556,0x2872,0xc88 W2=0x463,0x2276,0x2e45

D60=0 fiber histogram: 1:8022 2:4859 3:1819 4:1108 5:400 6:249 7:86 8:68 9:29 10:20 11:7 12:6 13:3 14:2 15:2 16:1 17:2 18:2
