free_word_mitm_reducedn
N=14 mask=0x3fff msb=0x2000
candidate: M0=0x3d36 mode=random-fallback fill=0x3fff kernel=dM0=dM9=0x2000
prefixes=32768/268435456 mode=permuted-prefix-sample w59_per_prefix=16384 total=536870912
run_mode=scan registry_cap=16
sample_start=11206656
scan_elapsed=19.051s rate=28.18 Mtriples/s

D60 interface
  D60=0 matches: 32874 (random expectation 32768.0, enrichment 1.003x)
  prefixes with D60=0: 16542
  max D60=0 fiber per prefix: 22 at W57=0x2f7a W58=0x3f38
  largest D60 bucket: D=0x2a36 count=33807
  min D60 HW: 0
  D60 HW histogram: 0:32874 1:456786 2:2976121 3:11917625 4:32781311 5:65629164 6:98483268 7:112515602 8:98425195 9:65560669 10:32731256 11:11897683 12:2972826 13:458100 14:32432

Tail closure among D60=0 matches
  final tail collisions: 0
  best r61 HW: 13
  best r61 W1[57..59]=0x1271,0xb8c,0x37f6
  best r61 W2[57..59]=0x117e,0x1934,0x2cdc
  best tail HW: 21
  best tail r61 HW: 16
  best W1[57..59]=0x37c7,0x7d7,0x327
  best W2[57..59]=0x36d4,0xf79,0x2d6c

SUMMARY N=14 sample_start=11206656 prefixes=32768 total=536870912 d0=32874 best_tail=21 tail_r61=16 best_r61=13 tail_W1=0x37c7,0x7d7,0x327 tail_W2=0x36d4,0xf79,0x2d6c r61_W1=0x1271,0xb8c,0x37f6 r61_W2=0x117e,0x1934,0x2cdc

Scan-only witness registry
  registry_count=16 registry_cap=16
  witness[00] tail=21 r61=16 gh60=0x4f28f9e W1=0x37c7,0x7d7,0x327 W2=0x36d4,0xf79,0x2d6c
  witness[01] tail=22 r61=24 gh60=0xd4a849a W1=0x3a25,0xddb,0x2c4e W2=0x3932,0x1a0,0x1df3
  witness[02] tail=23 r61=19 gh60=0xce84da6 W1=0x266c,0x3a5b,0x36c2 W2=0x2579,0x1390,0x2876
  witness[03] tail=23 r61=24 gh60=0xf65c5fe W1=0x3a98,0x117c,0x1bcd W2=0x39a5,0x22bd,0x21be
  witness[04] tail=23 r61=27 gh60=0xb78c5aa W1=0xa6e,0x24b6,0x711 W2=0x97b,0x21cf,0x241f
  witness[05] tail=24 r61=18 gh60=0x4e245aa W1=0x3482,0xcb2,0x8cc W2=0x338f,0x29df,0x48
  witness[06] tail=24 r61=20 gh60=0xdd3456e W1=0xae0,0x3a78,0xea2 W2=0x9ed,0x1833,0x1d78
  witness[07] tail=24 r61=20 gh60=0xcea85ba W1=0x1a75,0x2041,0x1bc0 W2=0x1982,0x1b63,0x23e0
  witness[08] tail=24 r61=22 gh60=0x7638b9a W1=0x585,0x730,0x2ec2 W2=0x492,0x37fe,0x1731
  witness[09] tail=24 r61=23 gh60=0xd89ffea W1=0x2fa2,0x2770,0x1207 W2=0x2eaf,0x298,0x3740
  witness[10] tail=25 r61=20 gh60=0xce185ee W1=0x29f,0x3b90,0x167b W2=0x1ac,0x1f42,0x3949
  witness[11] tail=25 r61=21 gh60=0x460cbe6 W1=0x399c,0x1675,0x6a3 W2=0x38a9,0x28b0,0x32d9
  witness[12] tail=25 r61=22 gh60=0x49884a6 W1=0x2eb,0x8c3,0x2aee W2=0x1f8,0x27a0,0x11f9
  witness[13] tail=25 r61=22 gh60=0xca04bfa W1=0x299a,0xff1,0x2c07 W2=0x28a7,0x3d75,0x3594
  witness[14] tail=25 r61=23 gh60=0x4a64b66 W1=0x25e4,0x34bf,0x4b2 W2=0x24f1,0x3dbe,0x2c86
  witness[15] tail=25 r61=23 gh60=0x451bd6e W1=0x2e4f,0x3f73,0x2202 W2=0x2d5c,0x1822,0x155f

Scan-only r61 registry
  registry_count=16 registry_cap=16
  r61_witness[00] r61=13 tail=28 gh60=0x4d885aa W1=0x1271,0xb8c,0x37f6 W2=0x117e,0x1934,0x2cdc
  r61_witness[01] r61=15 tail=30 gh60=0xcb0856a W1=0x4e1,0x1b3d,0xf4c W2=0x3ee,0x20d7,0x33ad
  r61_witness[02] r61=15 tail=31 gh60=0x4a144ea W1=0xc1e,0x18a4,0x39ef W2=0xb2b,0x204f,0x976
  r61_witness[03] r61=16 tail=21 gh60=0x4f28f9e W1=0x37c7,0x7d7,0x327 W2=0x36d4,0xf79,0x2d6c
  r61_witness[04] r61=16 tail=26 gh60=0x5f8cfaa W1=0x17be,0x1574,0x2afc W2=0x16cb,0x236c,0x24eb
  r61_witness[05] r61=16 tail=28 gh60=0xc8884aa W1=0x1b31,0x1bb7,0x13d1 W2=0x1a3e,0x3377,0xbed
  r61_witness[06] r61=16 tail=31 gh60=0x4a14dea W1=0x169e,0x2d9c,0x1267 W2=0x15ab,0x3c6c,0x1950
  r61_witness[07] r61=16 tail=32 gh60=0xca6c59e W1=0xa88,0x1fa3,0x256b W2=0x995,0x2427,0x6ba
  r61_witness[08] r61=16 tail=32 gh60=0x5e1bcee W1=0x2e1f,0xcd6,0x309d W2=0x2d2c,0x2a29,0x3faf
  r61_witness[09] r61=16 tail=32 gh60=0x4a39f9e W1=0x3f87,0x19be,0x3fbf W2=0x3e94,0x10d2,0x3b1e
  r61_witness[10] r61=16 tail=33 gh60=0x4518d6e W1=0x16df,0x1ef7,0x1aa1 W2=0x15ec,0x193e,0x2645
  r61_witness[11] r61=16 tail=33 gh60=0x4a985aa W1=0x3a81,0x2bed,0x4bd W2=0x398e,0x3905,0x31b3
  r61_witness[12] r61=16 tail=35 gh60=0x7ba849a W1=0x3ae5,0x1079,0x1810 W2=0x39f2,0x882,0x3d66
  r61_witness[13] r61=17 tail=27 gh60=0x7a88ca6 W1=0x28eb,0xffc,0x358c W2=0x27f8,0xa98,0x12be
  r61_witness[14] r61=17 tail=28 gh60=0xce59c9a W1=0x1de9,0x184e,0x8d1 W2=0x1cf6,0x162,0xd64
  r61_witness[15] r61=17 tail=28 gh60=0xc9884aa W1=0x3b3d,0x2763,0x1078 W2=0x3a4a,0x3fcf,0x24c8

D60=0 fiber histogram: 1:7880 2:4824 3:1882 4:1123 5:382 6:219 7:82 8:73 9:32 10:24 11:2 12:8 13:2 14:2 15:2 16:1 18:1 20:2 22:1
