free_word_mitm_reducedn
N=14 mask=0x3fff msb=0x2000
candidate: M0=0x3d36 mode=random-fallback fill=0x3fff kernel=dM0=dM9=0x2000
prefixes=32768/268435456 mode=permuted-prefix-sample w59_per_prefix=16384 total=536870912
run_mode=scan registry_cap=128
sample_start=108691456
scan_elapsed=18.468s rate=29.07 Mtriples/s
refine_elapsed=17.175s repair_refine_elapsed=0.000s total_elapsed=35.644s

D60 interface
  D60=0 matches: 32623 (random expectation 32768.0, enrichment 0.996x)
  prefixes with D60=0: 16453
  max D60=0 fiber per prefix: 18 at W57=0x3b41 W58=0x1ea1
  largest D60 bucket: D=0x2661 count=33744
  min D60 HW: 0
  D60 HW histogram: 0:32623 1:458528 2:2975546 3:11910366 4:32756353 5:65571763 6:98389873 7:112499844 8:98438631 9:65638556 10:32800532 11:11925182 12:2981758 13:458116 14:33241

Tail closure among D60=0 matches
  final tail collisions: 0
  best r61 HW: 14
  best r61 W1[57..59]=0x3abd,0x1857,0xd94
  best r61 W2[57..59]=0x39ca,0x34db,0x1f5a
  best tail HW: 20
  best tail r61 HW: 17
  best W1[57..59]=0x36d2,0x1581,0x1845
  best W2[57..59]=0x35df,0x3ad1,0x5d7

SUMMARY N=14 sample_start=108691456 prefixes=32768 total=536870912 d0=32623 best_tail=20 tail_r61=17 best_r61=14 tail_W1=0x36d2,0x1581,0x1845 tail_W2=0x35df,0x3ad1,0x5d7 r61_W1=0x3abd,0x1857,0xd94 r61_W2=0x39ca,0x34db,0x1f5a

Scan-only witness registry
  registry_count=128 registry_cap=128
  witness[00] tail=20 r61=17 gh60=0xceecd6a W1=0x36d2,0x1581,0x1845 W2=0x35df,0x3ad1,0x5d7
  witness[01] tail=21 r61=14 gh60=0x4c88ca6 W1=0x383b,0x3143,0x39e2 W2=0x3748,0x2b4f,0xfc8
  witness[02] tail=22 r61=22 gh60=0xdea849e W1=0x12e7,0x14a1,0x16b9 W2=0x11f4,0x2558,0x1d69
  witness[03] tail=22 r61=24 gh60=0xc6d4dfe W1=0x698,0x1bc7,0x22ab W2=0x5a5,0x2607,0x199f
  witness[04] tail=22 r61=24 gh60=0x7fac49e W1=0x12e8,0x3e95,0x33a9 W2=0x11f5,0x1f4d,0x3ece
  witness[05] tail=22 r61=28 gh60=0x74d5dba W1=0xb6,0x3e21,0x15c0 W2=0x3fc3,0x1a89,0x256b
  witness[06] tail=23 r61=18 gh60=0xc908f66 W1=0x375b,0x1634,0xadf W2=0x3668,0xe66,0x19a4
  witness[07] tail=23 r61=19 gh60=0x48a47a6 W1=0x33b4,0xcdf,0x3cec W2=0x32c1,0x633,0x2f51
  witness[08] tail=23 r61=23 gh60=0x5d7fca6 W1=0xfec,0x31b,0x48d W2=0xef9,0x34b2,0x2d50
  witness[09] tail=23 r61=23 gh60=0x48bcbaa W1=0x25b2,0xea4,0x327 W2=0x24bf,0x3ef0,0x389d
  witness[10] tail=24 r61=16 gh60=0xd608de6 W1=0x189b,0x109d,0xa15 W2=0x17a8,0x1547,0x423
  witness[11] tail=24 r61=17 gh60=0xce08de6 W1=0x189b,0x319d,0x3c25 W2=0x17a8,0x3647,0x3933
  witness[12] tail=24 r61=17 gh60=0x48b8fa6 W1=0x27b3,0xea4,0x11de W2=0x26c0,0x3508,0x284b
  witness[13] tail=24 r61=17 gh60=0xdd8ccba W1=0x383a,0x3543,0x14bb W2=0x3747,0x273b,0x2610
  witness[14] tail=24 r61=18 gh60=0x48e7ca6 W1=0x1134,0x3c61,0x2eb2 W2=0x1041,0x390c,0x22e7
  witness[15] tail=24 r61=18 gh60=0xc5b85a6 W1=0x1473,0x634,0xce8 W2=0x1380,0x2e07,0x208e

Scan-only r61 registry
  registry_count=128 registry_cap=128
  r61_witness[00] r61=14 tail=21 gh60=0x4c88ca6 W1=0x383b,0x3143,0x39e2 W2=0x3748,0x2b4f,0xfc8
  r61_witness[01] r61=14 tail=28 gh60=0xca284fe W1=0x2c17,0x3214,0x3150 W2=0x2b24,0x3fbc,0x9b3
  r61_witness[02] r61=14 tail=28 gh60=0xdd885aa W1=0x3abd,0x1857,0xd94 W2=0x39ca,0x34db,0x1f5a
  r61_witness[03] r61=15 tail=25 gh60=0x4d18d66 W1=0x1653,0x634,0x3a94 W2=0x1560,0x76a,0x1516
  r61_witness[04] r61=15 tail=30 gh60=0x4a0c59a W1=0x2c8a,0x35b5,0x1eab W2=0x2b97,0x2495,0x2e4f
  r61_witness[05] r61=15 tail=35 gh60=0x4a0ffea W1=0xf9e,0x1254,0x3c43 W2=0xeab,0x3d0,0x3e5d
  r61_witness[06] r61=15 tail=35 gh60=0xc8a9be6 W1=0x21a3,0x26d3,0xa5d W2=0x20b0,0x2b3f,0x2cc3
  r61_witness[07] r61=16 tail=24 gh60=0xd608de6 W1=0x189b,0x109d,0xa15 W2=0x17a8,0x1547,0x423
  r61_witness[08] r61=16 tail=26 gh60=0xb51bd66 W1=0x10d3,0x3c27,0x85f W2=0xfe0,0x3ce3,0x5a8
  r61_witness[09] r61=16 tail=28 gh60=0x4a08ce6 W1=0x280b,0x1bb6,0x2c5d W2=0x2718,0x458,0x35c0
  r61_witness[10] r61=16 tail=28 gh60=0x588479a W1=0x33aa,0x26bc,0x392a W2=0x32b7,0x288c,0x333a
  r61_witness[11] r61=16 tail=30 gh60=0x48884aa W1=0x331,0x1f3b,0x142e W2=0x23e,0x257b,0x143
  r61_witness[12] r61=16 tail=31 gh60=0x4a947aa W1=0x237e,0x1c42,0x1 W2=0x228b,0x200b,0x1267
  r61_witness[13] r61=16 tail=33 gh60=0x4768b9a W1=0x19c5,0x1aad,0x23fb W2=0x18d2,0x1553,0x3594
  r61_witness[14] r61=16 tail=33 gh60=0xfa084ee W1=0x1c0f,0xc95,0x1dd7 W2=0x1b1c,0xe3f,0x376c
  r61_witness[15] r61=16 tail=34 gh60=0x4987ba6 W1=0xdbc,0xc20,0x30c4 W2=0xcc9,0x3f57,0x3a98

Second-stage local refinement
  seed pool: count=128 cap=128
  top seeds: [tail20/r6117 W=0x36d2,0x1581,0x1845] [tail21/r6114 W=0x383b,0x3143,0x39e2] [tail22/r6122 W=0x12e7,0x14a1,0x16b9] [tail22/r6124 W=0x698,0x1bc7,0x22ab] [tail22/r6124 W=0x12e8,0x3e95,0x33a9] [tail22/r6128 W=0xb6,0x3e21,0x15c0] [tail23/r6118 W=0x375b,0x1634,0xadf] [tail23/r6119 W=0x33b4,0xcdf,0x3cec]
  budget=500000000 tested=500000000 D60=0=31339 collisions=0 seed_inserts=76 prefix_enums=30514
  D60=0 rate: 0.000063
  phase tested/D60=0: single=3108/14 double=63714/13 walk=0/0 prefix=499933178/31312
  min refined D60 HW: 0 d60=0x0 at W1[57..59]=0x36d2,0x1581,0x1845
  best refined tail HW: 20 (scan best 20, improvements=0)
  best refined tail W1[57..59]=0x36d2,0x1581,0x1845
  best refined tail W2[57..59]=0x35df,0x3ad1,0x5d7
  best refined r61 HW: 13 (scan best 14, improvements=1)
  best refined r61 W1[57..59]=0x165b,0x3674,0x21b7
  best refined r61 W2[57..59]=0x1568,0x190e,0x383c

D60=0 fiber histogram: 1:7950 2:4700 3:1839 4:1085 5:425 6:234 7:77 8:67 9:26 10:25 11:7 12:6 13:5 14:1 15:1 16:2 17:1 18:2
