free_word_mitm_reducedn
N=14 mask=0x3fff msb=0x2000
candidate: M0=0x3d36 mode=random-fallback fill=0x3fff kernel=dM0=dM9=0x2000
prefixes=32768/268435456 mode=permuted-prefix-sample w59_per_prefix=16384 total=536870912
run_mode=scan registry_cap=16
sample_start=205520896
scan_elapsed=18.755s rate=28.63 Mtriples/s

D60 interface
  D60=0 matches: 32121 (random expectation 32768.0, enrichment 0.980x)
  prefixes with D60=0: 16401
  max D60=0 fiber per prefix: 21 at W57=0x1dde W58=0x395a
  largest D60 bucket: D=0x2eed count=33985
  min D60 HW: 0
  D60 HW histogram: 0:32121 1:455529 2:2965156 3:11894012 4:32752424 5:65573092 6:98447602 7:112553995 8:98485414 9:65601585 10:32755741 11:11892826 12:2971810 13:456911 14:32694

Tail closure among D60=0 matches
  final tail collisions: 0
  best r61 HW: 12
  best r61 W1[57..59]=0x339,0x2e98,0x3139
  best r61 W2[57..59]=0x246,0x15d6,0x118f
  best tail HW: 21
  best tail r61 HW: 19
  best W1[57..59]=0x30b7,0x287e,0x2807
  best W2[57..59]=0x2fc4,0x1eb1,0x25e4

SUMMARY N=14 sample_start=205520896 prefixes=32768 total=536870912 d0=32121 best_tail=21 tail_r61=19 best_r61=12 tail_W1=0x30b7,0x287e,0x2807 tail_W2=0x2fc4,0x1eb1,0x25e4 r61_W1=0x339,0x2e98,0x3139 r61_W2=0x246,0x15d6,0x118f

Scan-only witness registry
  registry_count=16 registry_cap=16
  witness[00] tail=21 r61=19 gh60=0xf4abdbe W1=0x30b7,0x287e,0x2807 W2=0x2fc4,0x1eb1,0x25e4
  witness[01] tail=21 r61=19 gh60=0xbc844a6 W1=0x323c,0x1ed6,0x36e8 W2=0x3149,0x924,0x2b19
  witness[02] tail=22 r61=18 gh60=0xcb944ae W1=0x1540,0x2a96,0x21d6 W2=0x144d,0x2927,0x2446
  witness[03] tail=24 r61=20 gh60=0x48d9bba W1=0x3db9,0x248a,0x31cf W2=0x3cc6,0x22e1,0x39f6
  witness[04] tail=24 r61=24 gh60=0x46e8d9a W1=0x6c9,0x526,0x257b W2=0x5d6,0x264c,0x3dbc
  witness[05] tail=25 r61=17 gh60=0x48b87a6 W1=0x1bb3,0x3b51,0x3c6f W2=0x1ac0,0x3536,0x392b
  witness[06] tail=25 r61=18 gh60=0x460bce6 W1=0x110b,0x20c,0x21bc W2=0x1018,0x2fa4,0x14d6
  witness[07] tail=25 r61=19 gh60=0xba285fa W1=0x3a95,0x3ced,0xf1f W2=0x39a2,0x3a09,0x387e
  witness[08] tail=25 r61=21 gh60=0xc60fcea W1=0x311e,0x2268,0x2bdb W2=0x302b,0x19dc,0x2449
  witness[09] tail=25 r61=21 gh60=0x5b0856e W1=0x3adf,0x22a1,0xd30 W2=0x39ec,0xf5f,0x26f2
  witness[10] tail=25 r61=22 gh60=0x4a7cc9e W1=0x608,0x14a9,0x26c9 W2=0x515,0x165c,0x3c40
  witness[11] tail=25 r61=22 gh60=0xca544fa W1=0x2316,0x3d5c,0xd93 W2=0x2223,0x26e5,0x233a
  witness[12] tail=25 r61=24 gh60=0x4a8ccae W1=0x900,0x14bc,0x316a W2=0x80d,0x3e8c,0xa05
  witness[13] tail=25 r61=24 gh60=0x4b98baa W1=0x19bd,0x24ec,0x14bf W2=0x18ca,0x212f,0xe80
  witness[14] tail=25 r61=26 gh60=0x47e4caa W1=0x28f2,0x257b,0x2271 W2=0x27ff,0x283f,0x17d6
  witness[15] tail=25 r61=27 gh60=0xdd7449e W1=0x1c48,0x444,0x1775 W2=0x1b55,0x12b0,0x1f2f

Scan-only r61 registry
  registry_count=16 registry_cap=16
  r61_witness[00] r61=12 tail=33 gh60=0x48a84ba W1=0x339,0x2e98,0x3139 W2=0x246,0x15d6,0x118f
  r61_witness[01] r61=13 tail=34 gh60=0x4608bee W1=0x398f,0x1002,0xe76 W2=0x389c,0x1695,0x463
  r61_witness[02] r61=14 tail=31 gh60=0xfa09cea W1=0x200d,0x3e8b,0x2d0c W2=0x1f1a,0xce,0x2ee4
  r61_witness[03] r61=15 tail=27 gh60=0xc504566 W1=0x344c,0x3413,0xe71 W2=0x3359,0x161,0x2da
  r61_witness[04] r61=15 tail=28 gh60=0xc907b9a W1=0x2dca,0x443,0x2d25 W2=0x2cd7,0x1ed0,0x1f82
  r61_witness[05] r61=15 tail=31 gh60=0x4a0449a W1=0x3c0a,0x2266,0x3cb7 W2=0x3b17,0x1932,0x3054
  r61_witness[06] r61=15 tail=32 gh60=0x4605c9a W1=0x1f0a,0x2ae9,0x876 W2=0x1e17,0xdea,0x3cd7
  r61_witness[07] r61=15 tail=33 gh60=0x491476e W1=0x1360,0x40b,0x3a42 W2=0x126d,0xa3a,0x1c79
  r61_witness[08] r61=16 tail=27 gh60=0xc92fb6a W1=0x11d2,0x195a,0x19cf W2=0x10df,0x345e,0x212
  r61_witness[09] r61=16 tail=27 gh60=0x49884aa W1=0x1541,0x204b,0x3e3d W2=0x144e,0x36fb,0x109a
  r61_witness[10] r61=16 tail=30 gh60=0x4b0876e W1=0x134f,0x54d,0x3828 W2=0x125c,0x887,0x2bb3
  r61_witness[11] r61=16 tail=33 gh60=0xc9844a6 W1=0x232c,0x350c,0x3023 W2=0x2239,0x56a,0x1ffb
  r61_witness[12] r61=16 tail=34 gh60=0x4e1c5e6 W1=0x28c,0xe4c,0xd47 W2=0x199,0x2506,0xbab
  r61_witness[13] r61=16 tail=35 gh60=0x4a98ca6 W1=0x6f3,0x14dd,0x799 W2=0x600,0x1189,0x608
  r61_witness[14] r61=16 tail=35 gh60=0xc607c9a W1=0xe0a,0x9b5,0x159e W2=0xd17,0x20fa,0x1139
  r61_witness[15] r61=16 tail=39 gh60=0xc60bbe6 W1=0x318b,0x3f38,0x3ec9 W2=0x3098,0x3908,0x3ea7

D60=0 fiber histogram: 1:8047 2:4690 3:1776 4:1064 5:389 6:212 7:76 8:75 9:25 10:22 11:9 12:9 13:2 14:1 16:3 21:1
