free_word_mitm_reducedn
N=14 mask=0x3fff msb=0x2000
candidate: M0=0x3d36 mode=random-fallback fill=0x3fff kernel=dM0=dM9=0x2000
prefixes=32768/268435456 mode=permuted-prefix-sample w59_per_prefix=16384 total=536870912
run_mode=scan registry_cap=16
sample_start=138412032
scan_elapsed=18.796s rate=28.56 Mtriples/s

D60 interface
  D60=0 matches: 32249 (random expectation 32768.0, enrichment 0.984x)
  prefixes with D60=0: 16348
  max D60=0 fiber per prefix: 18 at W57=0x1d85 W58=0x2491
  largest D60 bucket: D=0x15f5 count=33960
  min D60 HW: 0
  D60 HW histogram: 0:32249 1:455876 2:2964991 3:11874276 4:32714703 5:65552171 6:98455298 7:112589214 8:98492062 9:65622864 10:32763356 11:11895501 12:2969145 13:456734 14:32472

Tail closure among D60=0 matches
  final tail collisions: 0
  best r61 HW: 11
  best r61 W1[57..59]=0x15bf,0x2bd9,0x2401
  best r61 W2[57..59]=0x14cc,0x33e0,0x3b09
  best tail HW: 20
  best tail r61 HW: 16
  best W1[57..59]=0x25f5,0x244c,0x22d8
  best W2[57..59]=0x2502,0xc8b,0x3543

SUMMARY N=14 sample_start=138412032 prefixes=32768 total=536870912 d0=32249 best_tail=20 tail_r61=16 best_r61=11 tail_W1=0x25f5,0x244c,0x22d8 tail_W2=0x2502,0xc8b,0x3543 r61_W1=0x15bf,0x2bd9,0x2401 r61_W2=0x14cc,0x33e0,0x3b09

Scan-only witness registry
  registry_count=16 registry_cap=16
  witness[00] tail=20 r61=16 gh60=0x4da8cba W1=0x25f5,0x244c,0x22d8 W2=0x2502,0xc8b,0x3543
  witness[01] tail=20 r61=18 gh60=0x4a15cea W1=0x1f0e,0x1a3b,0x25be W2=0x1e1b,0x1ec3,0x2ed9
  witness[02] tail=21 r61=17 gh60=0xba0cce6 W1=0x81c,0x1d23,0x1d85 W2=0x729,0x18aa,0x16a2
  witness[03] tail=22 r61=24 gh60=0x756cdba W1=0x28b6,0x1927,0x2567 W2=0x27c3,0x330f,0x28f5
  witness[04] tail=22 r61=25 gh60=0xcb68c9a W1=0x2629,0x1a26,0xcb1 W2=0x2536,0x33c,0x1ce
  witness[05] tail=24 r61=19 gh60=0x4a18dea W1=0x189d,0x30ff,0x23f8 W2=0x17aa,0xdca,0x912
  witness[06] tail=24 r61=22 gh60=0xcbf85be W1=0x14b7,0x2330,0x6ce W2=0x13c4,0x39ea,0x1e28
  witness[07] tail=25 r61=20 gh60=0xca18cfa W1=0x1715,0x215e,0x3c6d W2=0x1622,0x17d1,0x3b2b
  witness[08] tail=25 r61=23 gh60=0x5aa4fa6 W1=0x3774,0x12d8,0xef0 W2=0x3681,0x8bd,0xded
  witness[09] tail=25 r61=24 gh60=0xc787fa6 W1=0x2f7c,0xfb0,0x2683 W2=0x2e89,0x2af3,0x3f21
  witness[10] tail=25 r61=25 gh60=0x460dcee W1=0x120,0x1502,0x1041 W2=0x2d,0x3f5a,0x3de1
  witness[11] tail=25 r61=25 gh60=0x4db8c9a W1=0x829,0x18a4,0x3ebf W2=0x736,0x39b2,0x30a5
  witness[12] tail=25 r61=26 gh60=0xdf3bd6e W1=0xecf,0x2d6f,0x204a W2=0xddc,0x43e,0xe4
  witness[13] tail=25 r61=27 gh60=0xbb8c4ae W1=0x200,0x3573,0x2558 W2=0x10d,0x1104,0x2dd0
  witness[14] tail=26 r61=15 gh60=0x4c88caa W1=0x831,0x2309,0x2737 W2=0x73e,0x2588,0x2feb
  witness[15] tail=26 r61=16 gh60=0x4a1879a W1=0xb85,0x3d43,0x21c7 W2=0xa92,0x2fd2,0x3fc1

Scan-only r61 registry
  registry_count=16 registry_cap=16
  r61_witness[00] r61=11 tail=28 gh60=0x4888bae W1=0x15bf,0x2bd9,0x2401 W2=0x14cc,0x33e0,0x3b09
  r61_witness[01] r61=14 tail=35 gh60=0x4b8bbae W1=0x116f,0x1698,0x3083 W2=0x107c,0x3623,0x3729
  r61_witness[02] r61=15 tail=26 gh60=0x4c88caa W1=0x831,0x2309,0x2737 W2=0x73e,0x2588,0x2feb
  r61_witness[03] r61=15 tail=36 gh60=0x4a284fa W1=0x2315,0x3f7d,0x1481 W2=0x2222,0x24f1,0x28a0
  r61_witness[04] r61=15 tail=38 gh60=0x4909b66 W1=0x21db,0x20a3,0x12f0 W2=0x20e8,0x28f3,0xfcd
  r61_witness[05] r61=16 tail=20 gh60=0x4da8cba W1=0x25f5,0x244c,0x22d8 W2=0x2502,0xc8b,0x3543
  r61_witness[06] r61=16 tail=26 gh60=0x4a1879a W1=0xb85,0x3d43,0x21c7 W2=0xa92,0x2fd2,0x3fc1
  r61_witness[07] r61=16 tail=27 gh60=0x4909b6e W1=0x1ddf,0x1b24,0x3a62 W2=0x1cec,0x1637,0x1b4
  r61_witness[08] r61=16 tail=29 gh60=0x4904f7a W1=0x75a,0x36f1,0x272b W2=0x667,0x1f09,0x2fa4
  r61_witness[09] r61=16 tail=29 gh60=0x4a0c4e6 W1=0x140c,0x2678,0x2513 W2=0x1319,0x324e,0x254d
  r61_witness[10] r61=16 tail=29 gh60=0xcb94caa W1=0x293e,0x1ec3,0x34f6 W2=0x284b,0x2033,0x2f2a
  r61_witness[11] r61=16 tail=29 gh60=0x7668cfa W1=0x3815,0x296d,0xc53 W2=0x3722,0x1db0,0x556
  r61_witness[12] r61=16 tail=31 gh60=0xc608ce6 W1=0x260b,0x1811,0x3527 W2=0x2518,0x2733,0x26d5
  r61_witness[13] r61=16 tail=31 gh60=0xd62bdfa W1=0x3095,0x1717,0x32c5 W2=0x2fa2,0x2dfa,0x231e
  r61_witness[14] r61=16 tail=32 gh60=0xc604c9a W1=0x170a,0x586,0xf01 W2=0x1617,0x3909,0x2a42
  r61_witness[15] r61=16 tail=32 gh60=0x490bb6e W1=0x314f,0x32e4,0x3587 W2=0x305c,0x1803,0x3999

D60=0 fiber histogram: 1:7946 2:4658 3:1817 4:1062 5:434 6:222 7:66 8:76 9:27 10:18 11:5 12:5 13:2 14:5 15:1 16:2 17:1 18:1
