free_word_mitm_reducedn
N=14 mask=0x3fff msb=0x2000
candidate: M0=0x3d36 mode=random-fallback fill=0x3fff kernel=dM0=dM9=0x2000
prefixes=32768/268435456 mode=permuted-prefix-sample w59_per_prefix=16384 total=536870912
run_mode=scan registry_cap=16
sample_start=241991680
scan_elapsed=18.678s rate=28.74 Mtriples/s

D60 interface
  D60=0 matches: 32470 (random expectation 32768.0, enrichment 0.991x)
  prefixes with D60=0: 16467
  max D60=0 fiber per prefix: 28 at W57=0x2156 W58=0x2729
  largest D60 bucket: D=0x27d2 count=33706
  min D60 HW: 0
  D60 HW histogram: 0:32470 1:456730 2:2973666 3:11910964 4:32795800 5:65632302 6:98472918 7:112533264 8:98391106 9:65542368 10:32757991 11:11905507 12:2975451 13:457823 14:32552

Tail closure among D60=0 matches
  final tail collisions: 0
  best r61 HW: 13
  best r61 W1[57..59]=0x3a4e,0xf70,0x3a7c
  best r61 W2[57..59]=0x395b,0x1923,0x37ab
  best tail HW: 23
  best tail r61 HW: 24
  best W1[57..59]=0x272,0x5e4,0x2e57
  best W2[57..59]=0x17f,0x1081,0x1835

SUMMARY N=14 sample_start=241991680 prefixes=32768 total=536870912 d0=32470 best_tail=23 tail_r61=24 best_r61=13 tail_W1=0x272,0x5e4,0x2e57 tail_W2=0x17f,0x1081,0x1835 r61_W1=0x3a4e,0xf70,0x3a7c r61_W2=0x395b,0x1923,0x37ab

Scan-only witness registry
  registry_count=16 registry_cap=16
  witness[00] tail=23 r61=20 gh60=0x4a385e6 W1=0x2c93,0x2961,0x817 W2=0x2ba0,0x3e2a,0x3597
  witness[01] tail=23 r61=24 gh60=0xf7a45aa W1=0x272,0x5e4,0x2e57 W2=0x17f,0x1081,0x1835
  witness[02] tail=24 r61=20 gh60=0x3ba8d9a W1=0x669,0x1271,0x3f0c W2=0x576,0x31eb,0x22c8
  witness[03] tail=24 r61=22 gh60=0x4e98b66 W1=0x2963,0x380d,0x15 W2=0x2870,0x3a03,0x3b3
  witness[04] tail=25 r61=17 gh60=0x4b0457a W1=0x24da,0x3400,0x2c6b W2=0x23e7,0x1aa9,0x3bb8
  witness[05] tail=25 r61=20 gh60=0xd90477a W1=0x33da,0x10d6,0x240e W2=0x32e7,0x19a7,0x1b23
  witness[06] tail=25 r61=23 gh60=0x4efff7a W1=0x2fd6,0x4dd,0x2333 W2=0x2ee3,0x32fd,0x30e9
  witness[07] tail=25 r61=23 gh60=0xde08bea W1=0x398d,0x1ef3,0x3b9f W2=0x389a,0x1dc2,0x3e97
  witness[08] tail=25 r61=24 gh60=0xcba84be W1=0x21f7,0x3dbe,0x2509 W2=0x2104,0xb60,0x363f
  witness[09] tail=25 r61=24 gh60=0xcfe8cfa W1=0x2915,0x746,0x1297 W2=0x2822,0x27b9,0x1973
  witness[10] tail=25 r61=25 gh60=0xc4bcca6 W1=0x1634,0xdbd,0x3c17 W2=0x1541,0x1cea,0x129b
  witness[11] tail=25 r61=25 gh60=0xdb9c5ba W1=0x2c7a,0x2429,0x5f7 W2=0x2b87,0x11b8,0x2ef8
  witness[12] tail=26 r61=14 gh60=0x5ea8cba W1=0x26f9,0x2852,0x2739 W2=0x2606,0xc95,0x2324
  witness[13] tail=26 r61=15 gh60=0x571876e W1=0x33df,0x5dd,0x3056 W2=0x32ec,0xa0b,0x143f
  witness[14] tail=26 r61=21 gh60=0x76a8566 W1=0x1263,0x5d4,0x9f7 W2=0x1170,0x21f,0x1ed1
  witness[15] tail=26 r61=21 gh60=0xc7abba6 W1=0x31b3,0x19f5,0x1067 W2=0x30c0,0x1357,0x1d48

Scan-only r61 registry
  registry_count=16 registry_cap=16
  r61_witness[00] r61=13 tail=31 gh60=0x551456a W1=0x3a4e,0xf70,0x3a7c W2=0x395b,0x1923,0x37ab
  r61_witness[01] r61=14 tail=26 gh60=0x5ea8cba W1=0x26f9,0x2852,0x2739 W2=0x2606,0xc95,0x2324
  r61_witness[02] r61=15 tail=26 gh60=0x571876e W1=0x33df,0x5dd,0x3056 W2=0x32ec,0xa0b,0x143f
  r61_witness[03] r61=15 tail=28 gh60=0xce18bfa W1=0x1595,0x2292,0x12fc W2=0x14a2,0x241d,0x274e
  r61_witness[04] r61=15 tail=29 gh60=0xc8947ae W1=0x23b0,0x29f0,0x26fe W2=0x22bd,0x2439,0x17d0
  r61_witness[05] r61=15 tail=33 gh60=0x588bbaa W1=0xdc1,0x38a4,0x1f51 W2=0xcce,0x2fef,0x1649
  r61_witness[06] r61=15 tail=35 gh60=0x4e08ce6 W1=0x190b,0x3a48,0x3e0b W2=0x1818,0x5de,0x3afa
  r61_witness[07] r61=16 tail=28 gh60=0xcf0cc9a W1=0x294a,0x2aff,0x1fe W2=0x2857,0xc02,0x27e4
  r61_witness[08] r61=16 tail=30 gh60=0x4678ca6 W1=0x8f3,0x3ea,0x35e9 W2=0x800,0x1f16,0x63
  r61_witness[09] r61=16 tail=31 gh60=0x78b8ca6 W1=0x73b,0x597,0x238 W2=0x648,0x2123,0x3db8
  r61_witness[10] r61=16 tail=32 gh60=0x490c76e W1=0x360,0x13a0,0x333f W2=0x26d,0x10d3,0x32cd
  r61_witness[11] r61=16 tail=32 gh60=0x552bd9a W1=0x10c5,0x26e,0x1f33 W2=0xfd2,0x2312,0x16b2
  r61_witness[12] r61=16 tail=35 gh60=0x4618c9a W1=0x1705,0xf19,0x3e97 W2=0x1612,0x2e3,0x5f5
  r61_witness[13] r61=16 tail=36 gh60=0x38884ae W1=0x3b2f,0x21ab,0xc7d W2=0x3a3c,0x134b,0x3e6c
  r61_witness[14] r61=16 tail=38 gh60=0x4924ca6 W1=0x944,0x624,0x320e W2=0x851,0xfe1,0x1a8e
  r61_witness[15] r61=17 tail=25 gh60=0x4b0457a W1=0x24da,0x3400,0x2c6b W2=0x23e7,0x1aa9,0x3bb8

D60=0 fiber histogram: 1:7984 2:4777 3:1782 4:1021 5:440 6:236 7:93 8:79 9:22 10:12 11:4 12:8 13:3 14:2 16:2 18:1 28:1
