free_word_mitm_reducedn
N=14 mask=0x3fff msb=0x2000
candidate: M0=0x3d36 mode=random-fallback fill=0x3fff kernel=dM0=dM9=0x2000
prefixes=32768/268435456 mode=permuted-prefix-sample w59_per_prefix=16384 total=536870912
run_mode=scan registry_cap=16
sample_start=23887872
scan_elapsed=19.608s rate=27.38 Mtriples/s

D60 interface
  D60=0 matches: 32513 (random expectation 32768.0, enrichment 0.992x)
  prefixes with D60=0: 16475
  max D60=0 fiber per prefix: 24 at W57=0x3462 W58=0x1a48
  largest D60 bucket: D=0x8f1 count=33778
  min D60 HW: 0
  D60 HW histogram: 0:32513 1:456794 2:2978205 3:11916652 4:32786601 5:65626773 6:98458642 7:112522847 8:98425170 9:65577160 10:32749827 11:11886260 12:2966561 13:454717 14:32190

Tail closure among D60=0 matches
  final tail collisions: 0
  best r61 HW: 14
  best r61 W1[57..59]=0x3d37,0x3059,0xfc9
  best r61 W2[57..59]=0x3c44,0x3f7b,0x3a1d
  best tail HW: 23
  best tail r61 HW: 23
  best W1[57..59]=0x275d,0x4f3,0x2170
  best W2[57..59]=0x266a,0x37fa,0x3b2f

SUMMARY N=14 sample_start=23887872 prefixes=32768 total=536870912 d0=32513 best_tail=23 tail_r61=23 best_r61=14 tail_W1=0x275d,0x4f3,0x2170 tail_W2=0x266a,0x37fa,0x3b2f r61_W1=0x3d37,0x3059,0xfc9 r61_W2=0x3c44,0x3f7b,0x3a1d

Scan-only witness registry
  registry_count=16 registry_cap=16
  witness[00] tail=23 r61=23 gh60=0x4978f6a W1=0x275d,0x4f3,0x2170 W2=0x266a,0x37fa,0x3b2f
  witness[01] tail=23 r61=23 gh60=0x463bc9a W1=0x3109,0x331,0x10ff W2=0x3016,0x1841,0x323
  witness[02] tail=24 r61=16 gh60=0x4d0fd7a W1=0x30da,0x649,0xc3f W2=0x2fe7,0x20ad,0x1335
  witness[03] tail=24 r61=17 gh60=0x78d84be W1=0x2337,0x3793,0x26d8 W2=0x2244,0x38b1,0x2625
  witness[04] tail=24 r61=19 gh60=0xb738d9e W1=0x18c7,0x337a,0x1e6 W2=0x17d4,0x484,0x3e75
  witness[05] tail=24 r61=22 gh60=0xca185e6 W1=0x2c8b,0x1ee7,0x3b21 W2=0x2b98,0x13a2,0x14a5
  witness[06] tail=24 r61=25 gh60=0xce3bdea W1=0xea1,0x1ceb,0x33f6 W2=0xdae,0x1036,0x1e66
  witness[07] tail=25 r61=19 gh60=0xcae8bfa W1=0x3995,0x2558,0x2593 W2=0x38a2,0x2423,0x2725
  witness[08] tail=25 r61=20 gh60=0x468ccba W1=0x36fa,0x3521,0x3b5b W2=0x3607,0x2955,0x288
  witness[09] tail=25 r61=21 gh60=0xca785fa W1=0x299,0x3852,0x30b1 W2=0x1a6,0x13f2,0x1e65
  witness[10] tail=25 r61=23 gh60=0xc908b6a W1=0x25e1,0x6df,0x429 W2=0x24ee,0x512,0xdfd
  witness[11] tail=25 r61=23 gh60=0x4ba8cbe W1=0x2737,0x4f,0x2e5f W2=0x2644,0x3c2e,0x489
  witness[12] tail=25 r61=25 gh60=0xd8a84be W1=0x2537,0x3bf1,0x3659 W2=0x2444,0x3a8f,0xc4e
  witness[13] tail=26 r61=18 gh60=0x4b68bbe W1=0x19b7,0x24ca,0x2dc2 W2=0x18c4,0x28e5,0x16d2
  witness[14] tail=26 r61=19 gh60=0x4918f66 W1=0x175b,0x645,0x12f7 W2=0x1668,0x366f,0x38b5
  witness[15] tail=26 r61=19 gh60=0x5a887ae W1=0x236f,0x3495,0xa48 W2=0x227c,0x2f5d,0xd79

Scan-only r61 registry
  registry_count=16 registry_cap=16
  r61_witness[00] r61=14 tail=29 gh60=0xc8a84be W1=0x3d37,0x3059,0xfc9 W2=0x3c44,0x3f7b,0x3a1d
  r61_witness[01] r61=14 tail=34 gh60=0x468bfa6 W1=0xf7b,0x12a0,0x49d W2=0xe88,0x23da,0x3347
  r61_witness[02] r61=15 tail=28 gh60=0x4d984a6 W1=0x3fb,0x3f64,0xee1 W2=0x308,0x2d31,0x38ed
  r61_witness[03] r61=15 tail=30 gh60=0x490876a W1=0x3be1,0x36e9,0x3202 W2=0x3aee,0x937,0xe1a
  r61_witness[04] r61=15 tail=33 gh60=0xf50bd66 W1=0x105b,0x36fc,0x1383 W2=0xf68,0x1838,0x120a
  r61_witness[05] r61=16 tail=24 gh60=0x4d0fd7a W1=0x30da,0x649,0xc3f W2=0x2fe7,0x20ad,0x1335
  r61_witness[06] r61=16 tail=28 gh60=0x47a5fa6 W1=0x1f74,0x1cf5,0x91d W2=0x1e81,0x15c,0x2286
  r61_witness[07] r61=16 tail=29 gh60=0xca88cae W1=0x8ff,0x9a1,0x340a W2=0x80c,0x2370,0x2d9e
  r61_witness[08] r61=16 tail=31 gh60=0x5519d66 W1=0xdb,0x1719,0x389e W2=0x3fe8,0x531,0x745
  r61_witness[09] r61=16 tail=32 gh60=0x46a44a6 W1=0x13f4,0x9b9,0x30e8 W2=0x1301,0x39a5,0x343d
  r61_witness[10] r61=16 tail=32 gh60=0x5884ca6 W1=0x293c,0x3d9f,0x1644 W2=0x2849,0x26ac,0x38e2
  r61_witness[11] r61=16 tail=35 gh60=0x460fffa W1=0xf9a,0x67f,0x18e8 W2=0xea7,0x2703,0x378c
  r61_witness[12] r61=16 tail=35 gh60=0x4d27daa W1=0x2ec2,0x2a92,0xdd6 W2=0x2dcf,0x238a,0x1586
  r61_witness[13] r61=16 tail=35 gh60=0x46085ee W1=0x349f,0x90,0x77a W2=0x33ac,0x39be,0x49e
  r61_witness[14] r61=16 tail=36 gh60=0x3e085ea W1=0x4a1,0x32a,0x3802 W2=0x3ae,0x13c,0x2155
  r61_witness[15] r61=16 tail=36 gh60=0x7704566 W1=0x2a4c,0xcc2,0x3893 W2=0x2959,0x1aee,0x2107

D60=0 fiber histogram: 1:8065 2:4665 3:1805 4:1054 5:415 6:239 7:76 8:80 9:28 10:24 11:11 12:5 13:1 14:3 15:1 16:1 23:1 24:1
