free_word_mitm_reducedn
N=14 mask=0x3fff msb=0x2000
candidate: M0=0x3d36 mode=random-fallback fill=0x3fff kernel=dM0=dM9=0x2000
prefixes=32768/268435456 mode=permuted-prefix-sample w59_per_prefix=16384 total=536870912
run_mode=scan registry_cap=16
sample_start=15499264
scan_elapsed=18.627s rate=28.82 Mtriples/s

D60 interface
  D60=0 matches: 32819 (random expectation 32768.0, enrichment 1.002x)
  prefixes with D60=0: 16572
  max D60=0 fiber per prefix: 30 at W57=0x2da2 W58=0x1ca5
  largest D60 bucket: D=0xb20 count=33705
  min D60 HW: 0
  D60 HW histogram: 0:32819 1:457774 2:2976081 3:11918429 4:32824937 5:65679627 6:98485033 7:112485242 8:98384751 9:65529478 10:32741058 11:11893426 12:2971682 13:458279 14:32296

Tail closure among D60=0 matches
  final tail collisions: 0
  best r61 HW: 14
  best r61 W1[57..59]=0x9c1,0x9be,0x3b39
  best r61 W2[57..59]=0x8ce,0x5c5,0x2154
  best tail HW: 19
  best tail r61 HW: 18
  best W1[57..59]=0x1c5e,0x34b8,0x2388
  best W2[57..59]=0x1b6b,0x8b7,0x1a3e

SUMMARY N=14 sample_start=15499264 prefixes=32768 total=536870912 d0=32819 best_tail=19 tail_r61=18 best_r61=14 tail_W1=0x1c5e,0x34b8,0x2388 tail_W2=0x1b6b,0x8b7,0x1a3e r61_W1=0x9c1,0x9be,0x3b39 r61_W2=0x8ce,0x5c5,0x2154

Scan-only witness registry
  registry_count=16 registry_cap=16
  witness[00] tail=19 r61=18 gh60=0x4b3456a W1=0x1c5e,0x34b8,0x2388 W2=0x1b6b,0x8b7,0x1a3e
  witness[01] tail=20 r61=25 gh60=0xd8e8f9a W1=0x17a9,0x921,0x19df W2=0x16b6,0x1843,0x2198
  witness[02] tail=22 r61=24 gh60=0xcea45a6 W1=0x2474,0x1cb,0x10c6 W2=0x2381,0x188f,0x1923
  witness[03] tail=22 r61=25 gh60=0x7798566 W1=0x1ce3,0x30b7,0x5e5 W2=0x1bf0,0x1a08,0xe28
  witness[04] tail=23 r61=15 gh60=0x4a684ba W1=0x3bf5,0x2105,0x3b1 W2=0x3b02,0x18bf,0x2962
  witness[05] tail=23 r61=16 gh60=0xca187ee W1=0xb9f,0x4df,0x1ff0 W2=0xaac,0x3ca1,0x1f2a
  witness[06] tail=23 r61=19 gh60=0x4505d66 W1=0x1ecc,0xb9b,0x35dc W2=0x1dd9,0x276c,0xf87
  witness[07] tail=23 r61=20 gh60=0xc5a45aa W1=0x2c72,0x2faf,0x121b W2=0x2b7f,0x3c4c,0x75a
  witness[08] tail=23 r61=22 gh60=0x45f849e W1=0x2447,0x248c,0x1a39 W2=0x2354,0x3279,0x3e5f
  witness[09] tail=24 r61=18 gh60=0x48a849a W1=0x1b25,0xf7e,0x325b W2=0x1a32,0x70b,0x3a2f
  witness[10] tail=25 r61=16 gh60=0x496bc9a W1=0xf49,0x1a45,0x1de7 W2=0xe56,0x2cd5,0x377b
  witness[11] tail=25 r61=16 gh60=0x4a884a6 W1=0x22eb,0x60,0x231f W2=0x21f8,0x213d,0x273d
  witness[12] tail=25 r61=17 gh60=0x46385ea W1=0x48d,0x8f9,0xb6f W2=0x39a,0x1613,0x104b
  witness[13] tail=25 r61=18 gh60=0xb52456a W1=0x2d2,0x3933,0xb9f W2=0x1df,0x746,0x333c
  witness[14] tail=25 r61=26 gh60=0xd6ebde6 W1=0x1093,0x228,0x396e W2=0xfa0,0x3f70,0x2d8b
  witness[15] tail=25 r61=29 gh60=0xdd8c5aa W1=0x46e,0x1905,0x205b W2=0x37b,0x161e,0x226a

Scan-only r61 registry
  registry_count=16 registry_cap=16
  r61_witness[00] r61=14 tail=27 gh60=0xc888baa W1=0x9c1,0x9be,0x3b39 W2=0x8ce,0x5c5,0x2154
  r61_witness[01] r61=14 tail=33 gh60=0x766cdfa W1=0x1896,0x28fe,0x3663 W2=0x17a3,0x115e,0x4af
  r61_witness[02] r61=15 tail=23 gh60=0x4a684ba W1=0x3bf5,0x2105,0x3b1 W2=0x3b02,0x18bf,0x2962
  r61_witness[03] r61=15 tail=29 gh60=0xc498daa W1=0x26bd,0x3a13,0x2717 W2=0x25ca,0x956,0x1b75
  r61_witness[04] r61=16 tail=23 gh60=0xca187ee W1=0xb9f,0x4df,0x1ff0 W2=0xaac,0x3ca1,0x1f2a
  r61_witness[05] r61=16 tail=25 gh60=0x496bc9a W1=0xf49,0x1a45,0x1de7 W2=0xe56,0x2cd5,0x377b
  r61_witness[06] r61=16 tail=25 gh60=0x4a884a6 W1=0x22eb,0x60,0x231f W2=0x21f8,0x213d,0x273d
  r61_witness[07] r61=16 tail=28 gh60=0x4e35dfa W1=0x2096,0x3a76,0x2845 W2=0x1fa3,0x1556,0x205b
  r61_witness[08] r61=16 tail=30 gh60=0xca1c4fa W1=0x21a,0x3d0f,0x1473 W2=0x127,0x247c,0x1495
  r61_witness[09] r61=16 tail=31 gh60=0xcb2cb9e W1=0x15c8,0x34b7,0x29fe W2=0x14d5,0x3c12,0x295d
  r61_witness[10] r61=16 tail=37 gh60=0x461bb9a W1=0x1185,0x1af7,0x3f0d W2=0x1092,0x3a0b,0x35d0
  r61_witness[11] r61=16 tail=38 gh60=0xc60ccfa W1=0x291a,0xa62,0x36ae W2=0x2827,0x2e9e,0xd16
  r61_witness[12] r61=16 tail=38 gh60=0x4898baa W1=0x39bd,0x2390,0xb00 W2=0x38ca,0x1fd3,0x2c2d
  r61_witness[13] r61=17 tail=25 gh60=0x46385ea W1=0x48d,0x8f9,0xb6f W2=0x39a,0x1613,0x104b
  r61_witness[14] r61=17 tail=27 gh60=0xc668c9a W1=0x8e9,0x2bdc,0x29b1 W2=0x7f6,0xd26,0x3dc2
  r61_witness[15] r61=17 tail=28 gh60=0x499cba6 W1=0x9ac,0x3d8,0x13b0 W2=0x8b9,0x79d,0x19e9

D60=0 fiber histogram: 1:8113 2:4606 3:1903 4:1073 5:398 6:233 7:84 8:79 9:28 10:30 11:9 12:5 13:2 14:5 15:1 16:1 17:1 30:1
