free_word_mitm_reducedn
N=14 mask=0x3fff msb=0x2000
candidate: M0=0x3d36 mode=random-fallback fill=0x3fff kernel=dM0=dM9=0x2000
prefixes=32768/268435456 mode=permuted-prefix-sample w59_per_prefix=16384 total=536870912
run_mode=scan registry_cap=16
sample_start=207192064
scan_elapsed=19.790s rate=27.13 Mtriples/s

D60 interface
  D60=0 matches: 32651 (random expectation 32768.0, enrichment 0.996x)
  prefixes with D60=0: 16499
  max D60=0 fiber per prefix: 25 at W57=0x2d4b W58=0x2749
  largest D60 bucket: D=0x69f count=33844
  min D60 HW: 0
  D60 HW histogram: 0:32651 1:457778 2:2977761 3:11917097 4:32791314 5:65587861 6:98417816 7:112488059 8:98417676 9:65598310 10:32789444 11:11924248 12:2981887 13:456689 14:32321

Tail closure among D60=0 matches
  final tail collisions: 0
  best r61 HW: 14
  best r61 W1[57..59]=0x83,0x5f3,0x17d5
  best r61 W2[57..59]=0x3f90,0x1a55,0x2c53
  best tail HW: 21
  best tail r61 HW: 15
  best W1[57..59]=0x92,0x2508,0x16cf
  best W2[57..59]=0x3f9f,0x2f6c,0x3179

SUMMARY N=14 sample_start=207192064 prefixes=32768 total=536870912 d0=32651 best_tail=21 tail_r61=15 best_r61=14 tail_W1=0x92,0x2508,0x16cf tail_W2=0x3f9f,0x2f6c,0x3179 r61_W1=0x83,0x5f3,0x17d5 r61_W2=0x3f90,0x1a55,0x2c53

Scan-only witness registry
  registry_count=16 registry_cap=16
  witness[00] tail=21 r61=15 gh60=0x4a1ddea W1=0x92,0x2508,0x16cf W2=0x3f9f,0x2f6c,0x3179
  witness[01] tail=23 r61=20 gh60=0x5e2dc9a W1=0x106,0x1688,0x213c W2=0x13,0x35dd,0x3419
  witness[02] tail=24 r61=20 gh60=0x7918b6e W1=0x195f,0x13a4,0x7b2 W2=0x186c,0x11b3,0x217e
  witness[03] tail=24 r61=22 gh60=0xc99dbba W1=0x21ba,0x1164,0x7ff W2=0x20c7,0x3f60,0x35b2
  witness[04] tail=24 r61=27 gh60=0x7954c9e W1=0x3728,0x603,0x1738 W2=0x3635,0x20ee,0x36e6
  witness[05] tail=25 r61=21 gh60=0x39d849a W1=0x1b29,0x27f,0x2bd4 W2=0x1a36,0x3a50,0x2c3
  witness[06] tail=25 r61=21 gh60=0xbb04566 W1=0x22cc,0x41b,0x2d1a W2=0x21d9,0x186d,0x3fa
  witness[07] tail=25 r61=22 gh60=0xcbb9ca6 W1=0x3dfb,0x3bf8,0x1c9e W2=0x3d08,0xe02,0x25c5
  witness[08] tail=25 r61=23 gh60=0xce184e6 W1=0x2a13,0x2b90,0xc74 W2=0x2920,0x1681,0x334c
  witness[09] tail=25 r61=24 gh60=0x46f8cea W1=0x260d,0x3818,0x1430 W2=0x251a,0x3edb,0x3661
  witness[10] tail=26 r61=14 gh60=0x4487da6 W1=0x2eac,0x38a6,0x6ab W2=0x2db9,0x169,0x15c9
  witness[11] tail=26 r61=18 gh60=0xda99b66 W1=0x163,0x2a4f,0x3347 W2=0x70,0x32cf,0x2ee4
  witness[12] tail=26 r61=18 gh60=0x549c4e6 W1=0x2a24,0x2a4e,0x143a W2=0x2931,0x29c4,0x713
  witness[13] tail=26 r61=20 gh60=0x46185ea W1=0x1ca1,0x3d56,0x2fbc W2=0x1bae,0xde4,0x3905
  witness[14] tail=26 r61=20 gh60=0xca09bea W1=0x218d,0x303a,0xe39 W2=0x209a,0x1c05,0x15a9
  witness[15] tail=26 r61=21 gh60=0xc4fc49a W1=0x1c2a,0x3678,0x5f8 W2=0x1b37,0x2c7e,0x31a4

Scan-only r61 registry
  registry_count=16 registry_cap=16
  r61_witness[00] r61=14 tail=26 gh60=0x4487da6 W1=0x2eac,0x38a6,0x6ab W2=0x2db9,0x169,0x15c9
  r61_witness[01] r61=14 tail=32 gh60=0x5669da6 W1=0x83,0x5f3,0x17d5 W2=0x3f90,0x1a55,0x2c53
  r61_witness[02] r61=15 tail=21 gh60=0x4a1ddea W1=0x92,0x2508,0x16cf W2=0x3f9f,0x2f6c,0x3179
  r61_witness[03] r61=15 tail=36 gh60=0x3d885a6 W1=0xc7b,0x15c2,0x2666 W2=0xb88,0xd75,0x14b8
  r61_witness[04] r61=16 tail=28 gh60=0x5f04566 W1=0x144c,0x2667,0xa4a W2=0x1359,0x29ad,0xca3
  r61_witness[05] r61=16 tail=29 gh60=0x4908b6a W1=0x561,0xf77,0x2676 W2=0x46e,0xdaa,0x3fe
  r61_witness[06] r61=16 tail=29 gh60=0x48987ba W1=0x23b5,0x1cd0,0x37ea W2=0x22c2,0xfa2,0x6d1
  r61_witness[07] r61=16 tail=30 gh60=0x4a0bce6 W1=0xe1b,0x34e6,0x304 W2=0xd28,0x37fe,0x138a
  r61_witness[08] r61=16 tail=31 gh60=0x4c88ca6 W1=0x63b,0x52c,0x1ea3 W2=0x548,0x14b8,0x108
  r61_witness[09] r61=16 tail=31 gh60=0x4b08b6a W1=0x961,0x1448,0x28f6 W2=0x86e,0xe3b,0x3213
  r61_witness[10] r61=16 tail=32 gh60=0x4508d66 W1=0x264b,0x1beb,0x2af9 W2=0x2558,0x3295,0x115d
  r61_witness[11] r61=16 tail=32 gh60=0x3704766 W1=0x335c,0x3321,0x345b W2=0x3269,0x33d3,0x1fe9
  r61_witness[12] r61=16 tail=33 gh60=0xd90cb6a W1=0x194e,0x10fb,0x2837 W2=0x185b,0x2337,0x1e6b
  r61_witness[13] r61=16 tail=33 gh60=0xca885aa W1=0x1c71,0xab9,0x1a2 W2=0x1b7e,0x1861,0x13bc
  r61_witness[14] r61=16 tail=35 gh60=0xc505d9a W1=0x3eca,0x15d5,0x2a67 W2=0x3dd7,0x67e,0x3adc
  r61_witness[15] r61=16 tail=38 gh60=0x490876a W1=0xbe1,0x1bb3,0x12cc W2=0xaee,0x22fd,0x1e1c

D60=0 fiber histogram: 1:7953 2:4810 3:1808 4:1050 5:414 6:228 7:87 8:76 9:27 10:19 11:7 12:9 13:3 14:2 15:1 16:1 17:1 19:1 22:1 25:1
