free_word_mitm_reducedn
N=14 mask=0x3fff msb=0x2000
candidate: M0=0x3d36 mode=random-fallback fill=0x3fff kernel=dM0=dM9=0x2000
prefixes=32768/268435456 mode=permuted-prefix-sample w59_per_prefix=16384 total=536870912
run_mode=scan registry_cap=16
sample_start=232357888
scan_elapsed=19.980s rate=26.87 Mtriples/s

D60 interface
  D60=0 matches: 32909 (random expectation 32768.0, enrichment 1.004x)
  prefixes with D60=0: 16603
  max D60=0 fiber per prefix: 16 at W57=0x1006 W58=0x3934
  largest D60 bucket: D=0xc8e count=33654
  min D60 HW: 0
  D60 HW histogram: 0:32909 1:457979 2:2974937 3:11920005 4:32810788 5:65621392 6:98450189 7:112526877 8:98427159 9:65557113 10:32744298 11:11887841 12:2970664 13:456301 14:32460

Tail closure among D60=0 matches
  final tail collisions: 0
  best r61 HW: 14
  best r61 W1[57..59]=0x709,0x3700,0x1b58
  best r61 W2[57..59]=0x616,0x1c92,0x2eee
  best tail HW: 22
  best tail r61 HW: 17
  best W1[57..59]=0x1f4d,0x2a4b,0x221
  best W2[57..59]=0x1e5a,0x1c62,0x174d

SUMMARY N=14 sample_start=232357888 prefixes=32768 total=536870912 d0=32909 best_tail=22 tail_r61=17 best_r61=14 tail_W1=0x1f4d,0x2a4b,0x221 tail_W2=0x1e5a,0x1c62,0x174d r61_W1=0x709,0x3700,0x1b58 r61_W2=0x616,0x1c92,0x2eee

Scan-only witness registry
  registry_count=16 registry_cap=16
  witness[00] tail=22 r61=17 gh60=0x5b39f6a W1=0x1f4d,0x2a4b,0x221 W2=0x1e5a,0x1c62,0x174d
  witness[01] tail=23 r61=23 gh60=0x5b87d9a W1=0xeaa,0x1508,0x23f6 W2=0xdb7,0x3775,0x20fc
  witness[02] tail=23 r61=23 gh60=0x3a0c5e6 W1=0x148c,0x23f8,0x350a W2=0x1399,0x27b6,0xdfd
  witness[03] tail=23 r61=25 gh60=0xcaec79a W1=0x23c6,0x198e,0xd70 W2=0x22d3,0x1bac,0x1a34
  witness[04] tail=24 r61=18 gh60=0x37f849e W1=0x1d07,0x3f8b,0x2457 W2=0x1c14,0xe7a,0x3f0c
  witness[05] tail=24 r61=19 gh60=0x4979f7a W1=0x1f55,0x30c5,0x1b91 W2=0x1e62,0x22e0,0x3ab4
  witness[06] tail=24 r61=25 gh60=0xcbf84e6 W1=0xd0b,0x23c3,0x34b9 W2=0xc18,0x1e96,0x2ff9
  witness[07] tail=24 r61=25 gh60=0xdae44aa W1=0x3b42,0xb97,0x3fb5 W2=0x3a4f,0x246c,0x9a2
  witness[08] tail=25 r61=21 gh60=0xdbd4d9e W1=0x1868,0x7b9,0x277b W2=0x1775,0x1b00,0x1219
  witness[09] tail=25 r61=21 gh60=0x45bbdba W1=0x2e75,0x2f59,0x2811 W2=0x2d82,0x838,0x2036
  witness[10] tail=25 r61=24 gh60=0x3be8566 W1=0x1453,0x3d02,0x3bf8 W2=0x1360,0x1c59,0x3e90
  witness[11] tail=25 r61=29 gh60=0xdfa8da6 W1=0x3873,0x2586,0x1bb W2=0x3780,0x7da,0x2194
  witness[12] tail=25 r61=30 gh60=0x778ddae W1=0xc0,0x3211,0x357f W2=0x3fcd,0x15cd,0x3ac5
  witness[13] tail=26 r61=14 gh60=0xc628c9a W1=0x709,0x3700,0x1b58 W2=0x616,0x1c92,0x2eee
  witness[14] tail=26 r61=15 gh60=0xd6284fe W1=0x2517,0x1df7,0x24b2 W2=0x2424,0x190f,0xc05
  witness[15] tail=26 r61=17 gh60=0x4618be6 W1=0x299b,0x2cfd,0x2ada W2=0x28a8,0x2f3b,0x49a

Scan-only r61 registry
  registry_count=16 registry_cap=16
  r61_witness[00] r61=14 tail=26 gh60=0xc628c9a W1=0x709,0x3700,0x1b58 W2=0x616,0x1c92,0x2eee
  r61_witness[01] r61=15 tail=26 gh60=0xd6284fe W1=0x2517,0x1df7,0x24b2 W2=0x2424,0x190f,0xc05
  r61_witness[02] r61=15 tail=29 gh60=0x49a44aa W1=0x12f2,0x27ba,0x2a40 W2=0x11ff,0x17f,0xb25
  r61_witness[03] r61=15 tail=29 gh60=0x4609ce6 W1=0x1f1b,0x1bf0,0x38dd W2=0x1e28,0x37f4,0x3807
  r61_witness[04] r61=15 tail=32 gh60=0x760c4ea W1=0x320e,0x216,0x3801 W2=0x311b,0x15d1,0x13d2
  r61_witness[05] r61=15 tail=33 gh60=0xc904766 W1=0x2b5c,0x2394,0x40 W2=0x2a69,0x8bc,0x39b
  r61_witness[06] r61=16 tail=28 gh60=0x7d8459a W1=0x22aa,0xb4,0x2efc W2=0x21b7,0x2ce0,0x1a71
  r61_witness[07] r61=16 tail=29 gh60=0x4a24ba6 W1=0x984,0x964,0x3bf3 W2=0x891,0xdd9,0x203f
  r61_witness[08] r61=16 tail=30 gh60=0x4a07be6 W1=0x2d9c,0x2783,0x3bb1 W2=0x2ca9,0x2544,0x2abc
  r61_witness[09] r61=16 tail=31 gh60=0x496cbbe W1=0x5b8,0x3297,0x265f W2=0x4c5,0x2a9f,0x2e66
  r61_witness[10] r61=16 tail=31 gh60=0x76287a6 W1=0x2383,0x88a,0x16ba W2=0x2290,0x346d,0x310c
  r61_witness[11] r61=16 tail=32 gh60=0x4754b7e W1=0x9d8,0x1d11,0x982 W2=0x8e5,0xa2d,0x3125
  r61_witness[12] r61=16 tail=32 gh60=0x46085e6 W1=0xc9b,0x3580,0x22db W2=0xba8,0x292f,0x5a
  r61_witness[13] r61=16 tail=32 gh60=0x44984a6 W1=0x3433,0x194e,0x2ffa W2=0x3340,0x36b9,0x1621
  r61_witness[14] r61=16 tail=33 gh60=0x4babbba W1=0x2db9,0x33e3,0x1500 W2=0x2cc6,0x2136,0xe89
  r61_witness[15] r61=16 tail=34 gh60=0xc6785ea W1=0x2ca1,0x1670,0x2a90 W2=0x2bae,0x1402,0x161c

D60=0 fiber histogram: 1:7991 2:4835 3:1794 4:1087 5:436 6:231 7:74 8:80 9:31 10:13 11:8 12:11 13:6 14:4 15:1 16:1
