free_word_mitm_reducedn
N=14 mask=0x3fff msb=0x2000
candidate: M0=0x3d36 mode=random-fallback fill=0x3fff kernel=dM0=dM9=0x2000
prefixes=32768/268435456 mode=permuted-prefix-sample w59_per_prefix=16384 total=536870912
run_mode=scan registry_cap=16
sample_start=72974336
scan_elapsed=19.904s rate=26.97 Mtriples/s

D60 interface
  D60=0 matches: 32652 (random expectation 32768.0, enrichment 0.996x)
  prefixes with D60=0: 16528
  max D60=0 fiber per prefix: 18 at W57=0x1b78 W58=0x125
  largest D60 bucket: D=0x2a93 count=33884
  min D60 HW: 0
  D60 HW histogram: 0:32652 1:458890 2:2984097 3:11935176 4:32814400 5:65607080 6:98422344 7:112477901 8:98399949 9:65585563 10:32772907 11:11911549 12:2977999 13:457564 14:32841

Tail closure among D60=0 matches
  final tail collisions: 0
  best r61 HW: 15
  best r61 W1[57..59]=0x34da,0x38b4,0xe67
  best r61 W2[57..59]=0x33e7,0x3d55,0x1f9e
  best tail HW: 20
  best tail r61 HW: 18
  best W1[57..59]=0x1914,0x1450,0x1cbd
  best W2[57..59]=0x1821,0x2c87,0x8aa

SUMMARY N=14 sample_start=72974336 prefixes=32768 total=536870912 d0=32652 best_tail=20 tail_r61=18 best_r61=15 tail_W1=0x1914,0x1450,0x1cbd tail_W2=0x1821,0x2c87,0x8aa r61_W1=0x34da,0x38b4,0xe67 r61_W2=0x33e7,0x3d55,0x1f9e

Scan-only witness registry
  registry_count=16 registry_cap=16
  witness[00] tail=20 r61=18 gh60=0x4a2cce6 W1=0x1914,0x1450,0x1cbd W2=0x1821,0x2c87,0x8aa
  witness[01] tail=20 r61=18 gh60=0xda29cfe W1=0x2117,0x373b,0x2c83 W2=0x2024,0x3212,0x1726
  witness[02] tail=22 r61=17 gh60=0x4b2857a W1=0x1459,0x1e8,0x33fe W2=0x1366,0x3074,0x16d2
  witness[03] tail=22 r61=22 gh60=0x5e69cfa W1=0x2119,0x1acf,0x37e2 W2=0x2026,0x3d86,0x203d
  witness[04] tail=23 r61=23 gh60=0xce087ee W1=0x239f,0x90b,0x11b6 W2=0x22ac,0xcd,0x3e7
  witness[05] tail=23 r61=24 gh60=0xbbe8b9a W1=0x39a9,0x1b4d,0x27f0 W2=0x38b6,0x2577,0xa34
  witness[06] tail=24 r61=20 gh60=0xde0dbea W1=0x1d8e,0x3948,0x426 W2=0x1c9b,0x39d8,0x31ec
  witness[07] tail=25 r61=16 gh60=0x3909b6a W1=0x1d5d,0x1cb7,0x25c3 W2=0x1c6a,0xf9e,0x2175
  witness[08] tail=25 r61=17 gh60=0xc964baa W1=0x9c2,0x761,0x3eaa W2=0x8cf,0x337d,0x3494
  witness[09] tail=25 r61=18 gh60=0xcb07f66 W1=0xf5c,0xc5b,0x296d W2=0xe69,0x2108,0x244
  witness[10] tail=25 r61=20 gh60=0xd89bbaa W1=0xdb1,0x115f,0x3511 W2=0xcbe,0x7be,0x331c
  witness[11] tail=25 r61=21 gh60=0xdd1859a W1=0xcc5,0x1f61,0x2ff5 W2=0xbd2,0xdc4,0x12c1
  witness[12] tail=25 r61=21 gh60=0x4a07ffa W1=0xf9a,0x2858,0x2584 W2=0xea7,0x8dc,0x79b
  witness[13] tail=25 r61=21 gh60=0x5a04c9a W1=0x370a,0x2bc4,0x3cfe W2=0x3617,0x214f,0x6ad
  witness[14] tail=25 r61=22 gh60=0xcdd857e W1=0x3c57,0x2dd6,0x26fb W2=0x3b64,0x52a,0x1f26
  witness[15] tail=25 r61=23 gh60=0xba6cda6 W1=0x1884,0x44f,0x64f W2=0x1791,0x27a4,0x30e9

Scan-only r61 registry
  registry_count=16 registry_cap=16
  r61_witness[00] r61=15 tail=26 gh60=0x5a24de6 W1=0x3894,0x1723,0x2824 W2=0x37a1,0x3772,0x283e
  r61_witness[01] r61=15 tail=27 gh60=0x460bce6 W1=0x111b,0x1b73,0x23f3 W2=0x1028,0x8fb,0x22ae
  r61_witness[02] r61=15 tail=27 gh60=0xca09cea W1=0x201d,0x1fc8,0x3f7f W2=0x1f2a,0x21fb,0x2353
  r61_witness[03] r61=15 tail=30 gh60=0x4ae9ca6 W1=0x2003,0x24db,0x14ed W2=0x1f10,0x3115,0x21ce
  r61_witness[04] r61=15 tail=32 gh60=0x45984ba W1=0x435,0x3de8,0x5a5 W2=0x342,0x22a2,0x1fc2
  r61_witness[05] r61=15 tail=33 gh60=0x450457a W1=0x34da,0x38b4,0xe67 W2=0x33e7,0x3d55,0x1f9e
  r61_witness[06] r61=15 tail=33 gh60=0x4508d6a W1=0x365d,0xb78,0x2d6b W2=0x356a,0x25db,0x20f2
  r61_witness[07] r61=15 tail=36 gh60=0xb48c5aa W1=0xaae,0x3574,0xa7b W2=0x9bb,0x321d,0x2a6b
  r61_witness[08] r61=16 tail=25 gh60=0x3909b6a W1=0x1d5d,0x1cb7,0x25c3 W2=0x1c6a,0xf9e,0x2175
  r61_witness[09] r61=16 tail=26 gh60=0x4f845a6 W1=0x24bc,0x179a,0x3813 W2=0x23c9,0xed0,0x358f
  r61_witness[10] r61=16 tail=26 gh60=0xc89bbba W1=0x2db5,0xebb,0x1cd1 W2=0x2cc2,0x2bca,0x2183
  r61_witness[11] r61=16 tail=30 gh60=0x48e84ba W1=0x2b39,0x1263,0x25ec W2=0x2a46,0x3921,0x3e30
  r61_witness[12] r61=16 tail=30 gh60=0x450449a W1=0x2c4a,0x1350,0x10c2 W2=0x2b57,0x3994,0x32d3
  r61_witness[13] r61=16 tail=30 gh60=0x491fb6a W1=0x2dce,0x17de,0xfbf W2=0x2cdb,0x7de,0x7e5
  r61_witness[14] r61=16 tail=31 gh60=0x4a884aa W1=0x1cfd,0x3b68,0x2143 W2=0x1c0a,0xfd4,0x39e0
  r61_witness[15] r61=16 tail=32 gh60=0x47885aa W1=0xcb1,0xb45,0x3f9e W2=0xbbe,0x95d,0x1d48

D60=0 fiber histogram: 1:8015 2:4794 3:1751 4:1105 5:399 6:235 7:75 8:76 9:23 10:28 11:6 12:7 13:7 14:2 16:4 18:1
