free_word_mitm_reducedn
N=14 mask=0x3fff msb=0x2000
candidate: M0=0x3d36 mode=random-fallback fill=0x3fff kernel=dM0=dM9=0x2000
prefixes=32768/268435456 mode=permuted-prefix-sample w59_per_prefix=16384 total=536870912
run_mode=scan registry_cap=16
sample_start=218693632
scan_elapsed=19.050s rate=28.18 Mtriples/s

D60 interface
  D60=0 matches: 33049 (random expectation 32768.0, enrichment 1.009x)
  prefixes with D60=0: 16647
  max D60=0 fiber per prefix: 20 at W57=0x2e65 W58=0x25fb
  largest D60 bucket: D=0xa33 count=33829
  min D60 HW: 0
  D60 HW histogram: 0:33049 1:457218 2:2979502 3:11922594 4:32808817 5:65630546 6:98451875 7:112476878 8:98386485 9:65574527 10:32773448 11:11909883 12:2976109 13:457574 14:32407

Tail closure among D60=0 matches
  final tail collisions: 0
  best r61 HW: 15
  best r61 W1[57..59]=0x77f,0x1395,0x1613
  best r61 W2[57..59]=0x68c,0x94c,0x399f
  best tail HW: 21
  best tail r61 HW: 22
  best W1[57..59]=0xb60,0x2872,0x19cf
  best W2[57..59]=0xa6d,0x23a5,0x2d2c

SUMMARY N=14 sample_start=218693632 prefixes=32768 total=536870912 d0=33049 best_tail=21 tail_r61=22 best_r61=15 tail_W1=0xb60,0x2872,0x19cf tail_W2=0xa6d,0x23a5,0x2d2c r61_W1=0x77f,0x1395,0x1613 r61_W2=0x68c,0x94c,0x399f

Scan-only witness registry
  registry_count=16 registry_cap=16
  witness[00] tail=21 r61=20 gh60=0xb9f8be6 W1=0x399b,0xf98,0x3373 W2=0x38a8,0x25d2,0xe55
  witness[01] tail=21 r61=22 gh60=0xcb1476e W1=0xb60,0x2872,0x19cf W2=0xa6d,0x23a5,0x2d2c
  witness[02] tail=22 r61=15 gh60=0x450cd6a W1=0x65e,0x39f3,0x149d W2=0x56b,0x3357,0x28cd
  witness[03] tail=22 r61=26 gh60=0xbedcd7e W1=0x2858,0x1d60,0x3c72 W2=0x2765,0x192c,0xf50
  witness[04] tail=24 r61=17 gh60=0xca04c9a W1=0x390a,0x11b8,0x3e85 W2=0x3817,0x543,0x2134
  witness[05] tail=24 r61=22 gh60=0x3e2c49e W1=0x2d08,0x17db,0x301e W2=0x2c15,0x26c7,0x3620
  witness[06] tail=24 r61=22 gh60=0xdbb4bbe W1=0x35b8,0x133c,0x82 W2=0x34c5,0x1a48,0xe93
  witness[07] tail=24 r61=23 gh60=0x3b1476a W1=0x2b4e,0x35f4,0x370 W2=0x2a5b,0x3a53,0x542
  witness[08] tail=25 r61=16 gh60=0x4eebc9a W1=0x2f45,0xa57,0x3d4a W2=0x2e52,0x2523,0x3359
  witness[09] tail=25 r61=17 gh60=0xcb14b6a W1=0x354e,0xbca,0xa5c W2=0x345b,0x19ce,0x28c5
  witness[10] tail=25 r61=18 gh60=0x7ca8ce6 W1=0x1823,0x16b7,0x948 W2=0x1730,0x3379,0x12a0
  witness[11] tail=25 r61=20 gh60=0xd5e44ea W1=0xb12,0x3b96,0x2551 W2=0xa1f,0x4e1,0x3bf8
  witness[12] tail=25 r61=20 gh60=0x4a2c49a W1=0xc06,0x3023,0xe27 W2=0xb13,0x1737,0xa70
  witness[13] tail=25 r61=20 gh60=0x3b644a6 W1=0x1b44,0x30cc,0x0 W2=0x1a51,0x2f4a,0x18eb
  witness[14] tail=25 r61=20 gh60=0x4979b6e W1=0x3ddf,0x1b22,0x1878 W2=0x3cec,0xe2d,0x2663
  witness[15] tail=25 r61=23 gh60=0xda98d9a W1=0x665,0x1679,0x13d4 W2=0x572,0x5ef,0x3b58

Scan-only r61 registry
  registry_count=16 registry_cap=16
  r61_witness[00] r61=15 tail=22 gh60=0x450cd6a W1=0x65e,0x39f3,0x149d W2=0x56b,0x3357,0x28cd
  r61_witness[01] r61=15 tail=34 gh60=0x4c84cba W1=0x363a,0x35f2,0x129b W2=0x3547,0x2dea,0x345d
  r61_witness[02] r61=15 tail=39 gh60=0x4988fae W1=0x77f,0x1395,0x1613 W2=0x68c,0x94c,0x399f
  r61_witness[03] r61=16 tail=25 gh60=0x4eebc9a W1=0x2f45,0xa57,0x3d4a W2=0x2e52,0x2523,0x3359
  r61_witness[04] r61=16 tail=26 gh60=0x5a08cee W1=0x71f,0x3246,0x1ad W2=0x62c,0xc11,0xd12
  r61_witness[05] r61=16 tail=26 gh60=0xc50856a W1=0x3cd1,0x2ba8,0xab8 W2=0x3bde,0x3ad2,0x257d
  r61_witness[06] r61=16 tail=27 gh60=0x4a5449e W1=0x3ce8,0x1137,0x2304 W2=0x3bf5,0x2fe5,0x2ed3
  r61_witness[07] r61=16 tail=28 gh60=0x7a0449a W1=0x30a,0x1fb9,0x377a W2=0x217,0x8bf,0x3fb4
  r61_witness[08] r61=16 tail=28 gh60=0xc55459e W1=0x2ca8,0x32a1,0x2791 W2=0x2bb5,0x38f7,0x2738
  r61_witness[09] r61=16 tail=29 gh60=0x463cfe6 W1=0x3794,0x368a,0x1984 W2=0x36a1,0x2a69,0x288b
  r61_witness[10] r61=16 tail=34 gh60=0x471bb7a W1=0x1155,0x19b4,0x16d7 W2=0x1062,0x34ef,0x1264
  r61_witness[11] r61=16 tail=35 gh60=0x4628fe6 W1=0x793,0x23c6,0x3a43 W2=0x6a0,0x8a0,0x19ea
  r61_witness[12] r61=16 tail=35 gh60=0x4688baa W1=0x396d,0x47a,0x18c9 W2=0x387a,0x13d,0x157a
  r61_witness[13] r61=16 tail=36 gh60=0x58f876a W1=0x3dd,0x894,0x1147 W2=0x2ea,0x1da,0xcb3
  r61_witness[14] r61=16 tail=37 gh60=0x4d04d7a W1=0x38da,0x1f1b,0xffd W2=0x37e7,0x1efb,0x2d16
  r61_witness[15] r61=16 tail=38 gh60=0x490bb6a W1=0x114d,0xf4f,0x2779 W2=0x105a,0x2a8a,0x3400

D60=0 fiber histogram: 1:8040 2:4792 3:1783 4:1143 5:403 6:249 7:81 8:79 9:33 10:26 11:6 12:5 13:1 14:1 15:2 18:2 20:1
