free_word_mitm_reducedn
N=14 mask=0x3fff msb=0x2000
candidate: M0=0x3d36 mode=random-fallback fill=0x3fff kernel=dM0=dM9=0x2000
prefixes=32768/268435456 mode=permuted-prefix-sample w59_per_prefix=16384 total=536870912
run_mode=scan registry_cap=16
sample_start=138346496
scan_elapsed=18.821s rate=28.52 Mtriples/s

D60 interface
  D60=0 matches: 32855 (random expectation 32768.0, enrichment 1.003x)
  prefixes with D60=0: 16470
  max D60=0 fiber per prefix: 23 at W57=0x8d9 W58=0x1a0f
  largest D60 bucket: D=0x304e count=33792
  min D60 HW: 0
  D60 HW histogram: 0:32855 1:458692 2:2980366 3:11917462 4:32790070 5:65625904 6:98485936 7:112532431 8:98398728 9:65544062 10:32753612 11:11892586 12:2968272 13:457314 14:32622

Tail closure among D60=0 matches
  final tail collisions: 0
  best r61 HW: 15
  best r61 W1[57..59]=0x2a8c,0x2550,0x15dc
  best r61 W2[57..59]=0x2999,0x3c0c,0x2f9
  best tail HW: 21
  best tail r61 HW: 21
  best W1[57..59]=0x8c1,0x2b6,0x3afd
  best W2[57..59]=0x7ce,0x3bfd,0x3ed4

SUMMARY N=14 sample_start=138346496 prefixes=32768 total=536870912 d0=32855 best_tail=21 tail_r61=21 best_r61=15 tail_W1=0x8c1,0x2b6,0x3afd tail_W2=0x7ce,0x3bfd,0x3ed4 r61_W1=0x2a8c,0x2550,0x15dc r61_W2=0x2999,0x3c0c,0x2f9

Scan-only witness registry
  registry_count=16 registry_cap=16
  witness[00] tail=21 r61=21 gh60=0xdd88daa W1=0x8c1,0x2b6,0x3afd W2=0x7ce,0x3bfd,0x3ed4
  witness[01] tail=22 r61=19 gh60=0xbca5da6 W1=0x20b4,0x33c7,0x568 W2=0x1fc1,0x79a,0x1158
  witness[02] tail=22 r61=24 gh60=0xf529d9e W1=0xc7,0x1bfa,0x226 W2=0x3fd4,0x1a7e,0x2160
  witness[03] tail=23 r61=20 gh60=0xf938b66 W1=0x35cb,0xb1c,0x2d44 W2=0x34d8,0x1cf2,0x3dcb
  witness[04] tail=23 r61=23 gh60=0xfd3c5aa W1=0x24c2,0x2db9,0x26c5 W2=0x23cf,0x3d76,0x3cbd
  witness[05] tail=23 r61=24 gh60=0x5ae44aa W1=0x3cf2,0x8fd,0xa13 W2=0x3bff,0x20c2,0x12fa
  witness[06] tail=24 r61=18 gh60=0x45a456a W1=0x462,0xa75,0x284a W2=0x36f,0x141c,0x1e6d
  witness[07] tail=24 r61=21 gh60=0x5d945ae W1=0x2c80,0x1821,0x8b4 W2=0x2b8d,0x3dca,0x33f0
  witness[08] tail=25 r61=16 gh60=0x460dd9a W1=0x3e8a,0x2592,0x3235 W2=0x3d97,0x12ab,0x1d81
  witness[09] tail=25 r61=20 gh60=0xde14dee W1=0x6a0,0x2ad0,0x32ca W2=0x5ad,0x1484,0x1979
  witness[10] tail=25 r61=20 gh60=0x5a0bbea W1=0xd9d,0x28a6,0x12db W2=0xcaa,0xc1d,0x3d73
  witness[11] tail=25 r61=20 gh60=0xc90cf66 W1=0x17dc,0xc43,0x2941 W2=0x16e9,0x876,0x3f7d
  witness[12] tail=25 r61=20 gh60=0x7f8bcae W1=0x30ff,0x2e35,0x3a85 W2=0x300c,0x318c,0x195b
  witness[13] tail=25 r61=21 gh60=0xdadddba W1=0x1e76,0x136c,0x1971 W2=0x1d83,0x3244,0xb94
  witness[14] tail=25 r61=24 gh60=0xc50bd6a W1=0xe5d,0x2b44,0x2f33 W2=0xd6a,0x2a1f,0x3b55
  witness[15] tail=25 r61=25 gh60=0xcaa849e W1=0xae7,0xbb8,0x2a64 W2=0x9f4,0xbe1,0x224

Scan-only r61 registry
  registry_count=16 registry_cap=16
  r61_witness[00] r61=15 tail=29 gh60=0x4a145ea W1=0x49e,0x6c9,0x2495 W2=0x3ab,0x8dc,0x2050
  r61_witness[01] r61=15 tail=31 gh60=0xc899baa W1=0x1dbd,0x2969,0x33f4 W2=0x1cca,0x1670,0x135b
  r61_witness[02] r61=15 tail=33 gh60=0x49844a6 W1=0x2ec,0x3332,0x1e7 W2=0x1f9,0x210,0x3fdf
  r61_witness[03] r61=15 tail=33 gh60=0x4a045e6 W1=0x2a8c,0x2550,0x15dc W2=0x2999,0x3c0c,0x2f9
  r61_witness[04] r61=15 tail=36 gh60=0xd6087e6 W1=0x139b,0x1617,0x23c6 W2=0x12a8,0x1150,0x3e01
  r61_witness[05] r61=16 tail=25 gh60=0x460dd9a W1=0x3e8a,0x2592,0x3235 W2=0x3d97,0x12ab,0x1d81
  r61_witness[06] r61=16 tail=26 gh60=0x7e08fee W1=0x179f,0x2210,0x6d3 W2=0x16ac,0x2acf,0x3269
  r61_witness[07] r61=16 tail=27 gh60=0xc568d66 W1=0x1653,0xec3,0x2930 W2=0x1560,0xff9,0x34d2
  r61_witness[08] r61=16 tail=27 gh60=0xcb6849e W1=0x2b47,0x2b11,0x30b0 W2=0x2a54,0x2b00,0x292f
  r61_witness[09] r61=16 tail=29 gh60=0x4628bfe W1=0x3997,0x1dfe,0x2b6e W2=0x38a4,0x248d,0x275d
  r61_witness[10] r61=16 tail=30 gh60=0xd50457a W1=0x2a5a,0xf1f,0x2ecb W2=0x2967,0x3dc0,0x14d6
  r61_witness[11] r61=16 tail=31 gh60=0x4a7849e W1=0x3c07,0x109f,0x34e5 W2=0x3b14,0x2f96,0x16ac
  r61_witness[12] r61=16 tail=33 gh60=0x45abd9a W1=0xe69,0x38e6,0xd67 W2=0xd76,0xbde,0xe84
  r61_witness[13] r61=16 tail=33 gh60=0xba0ccee W1=0x1810,0x21d,0x1086 W2=0x171d,0x29f9,0x3333
  r61_witness[14] r61=16 tail=33 gh60=0x54884aa W1=0x3a41,0x2501,0x16db W2=0x394e,0x3971,0xd85
  r61_witness[15] r61=16 tail=34 gh60=0xca685fe W1=0x1c97,0x2296,0x982 W2=0x1ba4,0x3c56,0x2ddd

D60=0 fiber histogram: 1:7902 2:4729 3:1867 4:1065 5:412 6:266 7:72 8:74 9:36 10:17 11:7 12:11 13:5 14:3 15:1 16:1 18:1 23:1
