free_word_mitm_reducedn
N=14 mask=0x3fff msb=0x2000
candidate: M0=0x3d36 mode=random-fallback fill=0x3fff kernel=dM0=dM9=0x2000
prefixes=32768/268435456 mode=permuted-prefix-sample w59_per_prefix=16384 total=536870912
run_mode=scan registry_cap=16
sample_start=222232576
scan_elapsed=19.188s rate=27.98 Mtriples/s

D60 interface
  D60=0 matches: 32474 (random expectation 32768.0, enrichment 0.991x)
  prefixes with D60=0: 16511
  max D60=0 fiber per prefix: 22 at W57=0x13e3 W58=0x22
  largest D60 bucket: D=0x2cfd count=33743
  min D60 HW: 0
  D60 HW histogram: 0:32474 1:456904 2:2978643 3:11909202 4:32794595 5:65631565 6:98437149 7:112504584 8:98426105 9:65588800 10:32762582 11:11890319 12:2968687 13:456783 14:32520

Tail closure among D60=0 matches
  final tail collisions: 0
  best r61 HW: 10
  best r61 W1[57..59]=0x122d,0x2563,0x3825
  best r61 W2[57..59]=0x113a,0x3a9f,0x394a
  best tail HW: 23
  best tail r61 HW: 22
  best W1[57..59]=0x37a3,0x757,0xc0a
  best W2[57..59]=0x36b0,0x3fc1,0x2d52

SUMMARY N=14 sample_start=222232576 prefixes=32768 total=536870912 d0=32474 best_tail=23 tail_r61=22 best_r61=10 tail_W1=0x37a3,0x757,0xc0a tail_W2=0x36b0,0x3fc1,0x2d52 r61_W1=0x122d,0x2563,0x3825 r61_W2=0x113a,0x3a9f,0x394a

Scan-only witness registry
  registry_count=16 registry_cap=16
  witness[00] tail=23 r61=22 gh60=0xf9a8fe6 W1=0x37a3,0x757,0xc0a W2=0x36b0,0x3fc1,0x2d52
  witness[01] tail=23 r61=24 gh60=0x4774c9e W1=0x3928,0x3daf,0x865 W2=0x3835,0x169a,0xfb9
  witness[02] tail=23 r61=25 gh60=0xf968f66 W1=0x27d3,0x1704,0x1bf8 W2=0x26e0,0x356,0xb2a
  witness[03] tail=24 r61=10 gh60=0x4c884aa W1=0x122d,0x2563,0x3825 W2=0x113a,0x3a9f,0x394a
  witness[04] tail=24 r61=22 gh60=0xd69c7aa W1=0x237e,0x8d1,0xfc9 W2=0x228b,0xc9a,0xf38
  witness[05] tail=24 r61=23 gh60=0x49b44ae W1=0x1530,0x14e,0x20a3 W2=0x143d,0xef,0x32f2
  witness[06] tail=24 r61=24 gh60=0x4699faa W1=0x3f7d,0x1040,0x2a0b W2=0x3e8a,0xb3,0x2ed3
  witness[07] tail=24 r61=25 gh60=0x5e08cea W1=0x711,0x36b3,0x2c36 W2=0x61e,0x396a,0x26e4
  witness[08] tail=25 r61=13 gh60=0x54785a6 W1=0xabb,0x443,0xd91 W2=0x9c8,0x1966,0x36b5
  witness[09] tail=25 r61=16 gh60=0x490bb6a W1=0x3151,0x639,0x1126 W2=0x305e,0x3338,0x15df
  witness[10] tail=25 r61=20 gh60=0xca98baa W1=0x3971,0x396f,0x15e3 W2=0x387e,0x5f6,0x1881
  witness[11] tail=25 r61=20 gh60=0x4b89caa W1=0x3f3d,0xcc4,0x1e3e W2=0x3e4a,0xeb3,0x1f6e
  witness[12] tail=25 r61=23 gh60=0x3ef849e W1=0x3b47,0x3201,0x28ec W2=0x3a54,0x1f4,0x2e27
  witness[13] tail=25 r61=25 gh60=0x5bfc4ea W1=0x412,0x21f0,0x415 W2=0x31f,0x2aeb,0x3a27
  witness[14] tail=26 r61=18 gh60=0x748459a W1=0xaaa,0x585,0x2209 W2=0x9b7,0x3137,0x250c
  witness[15] tail=26 r61=19 gh60=0xc918b6a W1=0x561,0x3eda,0x20b2 W2=0x46e,0x3d0d,0xb99

Scan-only r61 registry
  registry_count=16 registry_cap=16
  r61_witness[00] r61=10 tail=24 gh60=0x4c884aa W1=0x122d,0x2563,0x3825 W2=0x113a,0x3a9f,0x394a
  r61_witness[01] r61=12 tail=28 gh60=0x4909b6e W1=0x1d4f,0x3ecf,0x814 W2=0x1c5c,0x32ea,0x69f
  r61_witness[02] r61=13 tail=25 gh60=0x54785a6 W1=0xabb,0x443,0xd91 W2=0x9c8,0x1966,0x36b5
  r61_witness[03] r61=16 tail=25 gh60=0x490bb6a W1=0x3151,0x639,0x1126 W2=0x305e,0x3338,0x15df
  r61_witness[04] r61=16 tail=31 gh60=0x751849a W1=0x1245,0x3cbc,0x2fba W2=0x1152,0x3141,0x2e3b
  r61_witness[05] r61=16 tail=31 gh60=0x48a8f9a W1=0x17a5,0x28f6,0xaf2 W2=0x16b2,0x2814,0x363a
  r61_witness[06] r61=16 tail=31 gh60=0x4c8c5ba W1=0x2cba,0x14e1,0x4e6 W2=0x2bc7,0x1fc,0x8d3
  r61_witness[07] r61=16 tail=32 gh60=0x4a884aa W1=0x1afd,0x66d,0x3ab8 W2=0x1a0a,0x1d59,0x32e0
  r61_witness[08] r61=16 tail=32 gh60=0xcd69d7a W1=0x1e55,0x27cf,0x1f1 W2=0x1d62,0x1c3a,0x3ed2
  r61_witness[09] r61=16 tail=36 gh60=0xc51456a W1=0x4ce,0x197b,0x1a3d W2=0x3db,0x1a2a,0x21c0
  r61_witness[10] r61=16 tail=36 gh60=0x4a05c9a W1=0x1e0a,0x87b,0x2382 W2=0x1d17,0x2fbc,0x871
  r61_witness[11] r61=17 tail=27 gh60=0x461cbfa W1=0x99a,0x2e8c,0x3a8c W2=0x8a7,0x1c10,0xc16
  r61_witness[12] r61=17 tail=28 gh60=0x3a69cfa W1=0x1e19,0x2b7b,0xcf0 W2=0x1d26,0x1482,0x15c2
  r61_witness[13] r61=17 tail=31 gh60=0xb52857a W1=0x2d9,0x30f5,0x171b W2=0x1e6,0x1401,0x3775
  r61_witness[14] r61=17 tail=31 gh60=0x4c885aa W1=0x22c1,0x1b91,0x2484 W2=0x21ce,0x1899,0x39df
  r61_witness[15] r61=17 tail=32 gh60=0x3a0459a W1=0x1c8a,0x72a,0x3a28 W2=0x1b97,0x60e,0x123c

D60=0 fiber histogram: 1:8042 2:4694 3:1819 4:1120 5:410 6:223 7:86 8:52 9:27 10:17 11:5 12:4 13:2 14:5 15:1 16:1 17:1 19:1 22:1
