free_word_mitm_reducedn
N=14 mask=0x3fff msb=0x2000
candidate: M0=0x3d36 mode=random-fallback fill=0x3fff kernel=dM0=dM9=0x2000
prefixes=32768/268435456 mode=permuted-prefix-sample w59_per_prefix=16384 total=536870912
run_mode=scan registry_cap=16
sample_start=39583744
scan_elapsed=17.643s rate=30.43 Mtriples/s

D60 interface
  D60=0 matches: 32991 (random expectation 32768.0, enrichment 1.007x)
  prefixes with D60=0: 16679
  max D60=0 fiber per prefix: 18 at W57=0xc5d W58=0x286a
  largest D60 bucket: D=0x2c62 count=33755
  min D60 HW: 0
  D60 HW histogram: 0:32991 1:455578 2:2963129 3:11893508 4:32742592 5:65559623 6:98426763 7:112515125 8:98454871 9:65623951 10:32800714 11:11931708 12:2980933 13:456979 14:32447

Tail closure among D60=0 matches
  final tail collisions: 0
  best r61 HW: 14
  best r61 W1[57..59]=0x2eba,0x36c3,0x667
  best r61 W2[57..59]=0x2dc7,0xf1b,0x239
  best tail HW: 23
  best tail r61 HW: 24
  best W1[57..59]=0x89,0x39ab,0x19ee
  best W2[57..59]=0x3f96,0x14df,0x918

SUMMARY N=14 sample_start=39583744 prefixes=32768 total=536870912 d0=32991 best_tail=23 tail_r61=24 best_r61=14 tail_W1=0x89,0x39ab,0x19ee tail_W2=0x3f96,0x14df,0x918 r61_W1=0x2eba,0x36c3,0x667 r61_W2=0x2dc7,0xf1b,0x239

Scan-only witness registry
  registry_count=16 registry_cap=16
  witness[00] tail=23 r61=21 gh60=0xc9987aa W1=0xb6d,0x332f,0x194b W2=0xa7a,0x25f3,0x4a5
  witness[01] tail=23 r61=24 gh60=0x59d9d9a W1=0x89,0x39ab,0x19ee W2=0x3f96,0x14df,0x918
  witness[02] tail=24 r61=23 gh60=0xbebdd66 W1=0x3ee4,0x257f,0xc41 W2=0x3df1,0x16e8,0x1964
  witness[03] tail=24 r61=25 gh60=0x4574dbe W1=0x16b8,0x2a88,0x177d W2=0x15c5,0x254,0x3c7
  witness[04] tail=25 r61=15 gh60=0x38a47ea W1=0x2ba2,0x1cc8,0x3a04 W2=0x2aaf,0x122f,0x36c2
  witness[05] tail=25 r61=16 gh60=0x4c88caa W1=0x63d,0x3d7d,0x1c29 W2=0x54a,0x4a8,0x1453
  witness[06] tail=25 r61=20 gh60=0xc8efcba W1=0xf36,0x349e,0x3940 W2=0xe43,0x31a,0x3710
  witness[07] tail=25 r61=20 gh60=0xb5a7f66 W1=0xfe4,0x6b4,0x308f W2=0xef1,0x1a91,0x21f9
  witness[08] tail=25 r61=21 gh60=0xd7a8bba W1=0x5b9,0x3733,0x3ae7 W2=0x4c6,0x378a,0x3033
  witness[09] tail=25 r61=21 gh60=0xcfa8c9a W1=0x15e9,0x4ea,0x33b5 W2=0x14f6,0x3e80,0x3d79
  witness[10] tail=25 r61=21 gh60=0xce89fae W1=0x3f6f,0x3c8e,0x2f6e W2=0x3e7c,0x3559,0x12de
  witness[11] tail=25 r61=23 gh60=0x4a98daa W1=0x87d,0x3d81,0x4f3 W2=0x78a,0x754,0x40b
  witness[12] tail=25 r61=24 gh60=0x79a44a6 W1=0x334,0x3ac1,0x3329 W2=0x241,0x292d,0x6fd
  witness[13] tail=25 r61=25 gh60=0xda187ee W1=0x3b9f,0x2a5a,0x973 W2=0x3aac,0x3518,0x2c76
  witness[14] tail=26 r61=15 gh60=0x488479a W1=0x1baa,0x43d,0x1511 W2=0x1ab7,0x603,0x2435
  witness[15] tail=26 r61=17 gh60=0xba29ce6 W1=0x2013,0x22a1,0x912 W2=0x1f20,0x2cd5,0x1bf6

Scan-only r61 registry
  registry_count=16 registry_cap=16
  r61_witness[00] r61=14 tail=27 gh60=0x4d87dba W1=0x2eba,0x36c3,0x667 W2=0x2dc7,0xf1b,0x239
  r61_witness[01] r61=15 tail=25 gh60=0x38a47ea W1=0x2ba2,0x1cc8,0x3a04 W2=0x2aaf,0x122f,0x36c2
  r61_witness[02] r61=15 tail=26 gh60=0x488479a W1=0x1baa,0x43d,0x1511 W2=0x1ab7,0x603,0x2435
  r61_witness[03] r61=15 tail=30 gh60=0xc50c49a W1=0x344a,0x159a,0x26af W2=0x3357,0xb60,0xc61
  r61_witness[04] r61=15 tail=33 gh60=0x5a24faa W1=0x1782,0x1349,0x3c59 W2=0x168f,0x11f5,0x405
  r61_witness[05] r61=15 tail=35 gh60=0x49d45fe W1=0x1298,0xe,0x37ec W2=0x11a5,0x11cf,0x19b4
  r61_witness[06] r61=16 tail=25 gh60=0x4c88caa W1=0x63d,0x3d7d,0x1c29 W2=0x54a,0x4a8,0x1453
  r61_witness[07] r61=16 tail=28 gh60=0xc91bf6a W1=0x2fd1,0x2657,0x1679 W2=0x2ede,0x1576,0x16e8
  r61_witness[08] r61=16 tail=29 gh60=0x488cbae W1=0x35b0,0x1bfe,0x324a W2=0x34bd,0x2406,0x38e9
  r61_witness[09] r61=16 tail=30 gh60=0x4f04b66 W1=0x94c,0x1f34,0x21ac W2=0x859,0x2517,0x3811
  r61_witness[10] r61=16 tail=30 gh60=0xc68c49a W1=0x33ea,0x344b,0x2bd3 W2=0x32f7,0x2a4f,0x2f9a
  r61_witness[11] r61=16 tail=35 gh60=0x4988faa W1=0x7c1,0x20b,0x17f9 W2=0x6ce,0x3f12,0x1ad7
  r61_witness[12] r61=16 tail=35 gh60=0x56884a6 W1=0x12fb,0x32d0,0x6d8 W2=0x1208,0x239d,0x1092
  r61_witness[13] r61=16 tail=35 gh60=0x492bb7e W1=0x2dd7,0x4df,0xf3 W2=0x2ce4,0x2dfe,0x3e8e
  r61_witness[14] r61=16 tail=37 gh60=0x56045fa W1=0x29a,0xb2,0xea4 W2=0x1a7,0x3047,0x3117
  r61_witness[15] r61=16 tail=37 gh60=0xb988caa W1=0x6f1,0x2e8e,0x3663 W2=0x5fe,0x334d,0x3009

D60=0 fiber histogram: 1:8087 2:4871 3:1708 4:1112 5:426 6:236 7:82 8:73 9:27 10:26 11:10 12:12 13:4 14:2 15:1 16:1 18:1
