free_word_mitm_reducedn
N=14 mask=0x3fff msb=0x2000
candidate: M0=0x3d36 mode=random-fallback fill=0x3fff kernel=dM0=dM9=0x2000
prefixes=32768/268435456 mode=permuted-prefix-sample w59_per_prefix=16384 total=536870912
run_mode=scan registry_cap=16
sample_start=257687552
scan_elapsed=12.159s rate=44.15 Mtriples/s

D60 interface
  D60=0 matches: 32747 (random expectation 32768.0, enrichment 0.999x)
  prefixes with D60=0: 16547
  max D60=0 fiber per prefix: 19 at W57=0x10f6 W58=0x156
  largest D60 bucket: D=0xca3 count=34012
  min D60 HW: 0
  D60 HW histogram: 0:32747 1:456757 2:2976551 3:11901101 4:32753014 5:65552299 6:98391822 7:112479894 8:98462470 9:65634699 10:32824648 11:11931268 12:2982790 13:458124 14:32728

Tail closure among D60=0 matches
  final tail collisions: 0
  best r61 HW: 12
  best r61 W1[57..59]=0x205c,0x2261,0xa15
  best r61 W2[57..59]=0x1f69,0x109a,0x13c0
  best tail HW: 20
  best tail r61 HW: 21
  best W1[57..59]=0x430,0x19e,0x217e
  best W2[57..59]=0x33d,0x1e3f,0x2f2c

SUMMARY N=14 sample_start=257687552 prefixes=32768 total=536870912 d0=32747 best_tail=20 tail_r61=21 best_r61=12 tail_W1=0x430,0x19e,0x217e tail_W2=0x33d,0x1e3f,0x2f2c r61_W1=0x205c,0x2261,0xa15 r61_W2=0x1f69,0x109a,0x13c0

Scan-only witness registry
  registry_count=16 registry_cap=16
  witness[00] tail=20 r61=21 gh60=0x47744ae W1=0x430,0x19e,0x217e W2=0x33d,0x1e3f,0x2f2c
  witness[01] tail=21 r61=20 gh60=0xc48bcae W1=0x2e2f,0x1fc9,0x13f5 W2=0x2d3c,0x3cb0,0x2a24
  witness[02] tail=22 r61=16 gh60=0xcb04b66 W1=0x394c,0x42e,0x3370 W2=0x3859,0x1e0d,0x1101
  witness[03] tail=22 r61=21 gh60=0x5ae9d9a W1=0x1ec5,0x3b81,0x3977 W2=0x1dd2,0x2a29,0x73e
  witness[04] tail=23 r61=17 gh60=0x4b84ca6 W1=0x163c,0x32a3,0x1d38 W2=0x1549,0x2330,0x1a7a
  witness[05] tail=24 r61=18 gh60=0x4e0c4ee W1=0xb20,0x3c1d,0x3766 W2=0xa2d,0x2e38,0x1bb2
  witness[06] tail=24 r61=21 gh60=0x470cb6e W1=0x950,0x2671,0x3923 W2=0x85d,0x1c99,0x2ac9
  witness[07] tail=24 r61=22 gh60=0x7734d6a W1=0x185e,0x3868,0x21a7 W2=0x176b,0x8a8,0x35fc
  witness[08] tail=24 r61=22 gh60=0x46744fa W1=0x2c16,0x1633,0xa49 W2=0x2b23,0x3fec,0x2d27
  witness[09] tail=24 r61=23 gh60=0xd5d449a W1=0x2226,0x113c,0xf0c W2=0x2133,0x3594,0x34ec
  witness[10] tail=24 r61=29 gh60=0xfa9c4aa W1=0x2cfe,0x3d1e,0x2524 W2=0x2c0b,0x28f,0x1150
  witness[11] tail=25 r61=19 gh60=0xb60c49a W1=0x20a,0x30c6,0x6d1 W2=0x117,0x158c,0x1876
  witness[12] tail=25 r61=22 gh60=0x3ab85a6 W1=0x3c7b,0x7a3,0x3a75 W2=0x3b88,0xe56,0xa71
  witness[13] tail=25 r61=23 gh60=0x361c7e6 W1=0x339c,0x784,0x3f35 W2=0x32a9,0xbe,0x15e6
  witness[14] tail=25 r61=25 gh60=0xbd9bcaa W1=0x103d,0x1368,0x209d W2=0xf4a,0x40f,0x1e8c
  witness[15] tail=25 r61=25 gh60=0x3e89ba6 W1=0x3d7b,0xdbd,0x29b6 W2=0x3c88,0x176f,0x1aa2

Scan-only r61 registry
  registry_count=16 registry_cap=16
  r61_witness[00] r61=12 tail=26 gh60=0x5d05d66 W1=0x205c,0x2261,0xa15 W2=0x1f69,0x109a,0x13c0
  r61_witness[01] r61=13 tail=26 gh60=0x4c8c4a6 W1=0xc2c,0xbee,0x2d17 W2=0xb39,0xa4a,0x3676
  r61_witness[02] r61=15 tail=30 gh60=0x3a047e6 W1=0x1b9c,0x1af2,0x26e7 W2=0x1aa9,0x13ae,0x3b4b
  r61_witness[03] r61=15 tail=34 gh60=0x4668cba W1=0x35f5,0x1496,0x1837 W2=0x3502,0xcd1,0x193
  r61_witness[04] r61=15 tail=37 gh60=0xce6859a W1=0x3c85,0x359c,0x3821 W2=0x3b92,0x348f,0x1901
  r61_witness[05] r61=16 tail=22 gh60=0xcb04b66 W1=0x394c,0x42e,0x3370 W2=0x3859,0x1e0d,0x1101
  r61_witness[06] r61=16 tail=27 gh60=0xc628b9a W1=0x3985,0x2f0f,0x231f W2=0x3892,0x2c21,0x1494
  r61_witness[07] r61=16 tail=28 gh60=0x4d0856a W1=0xa51,0x1e55,0x3f11 W2=0x95e,0x170b,0x2489
  r61_witness[08] r61=16 tail=30 gh60=0xb96bf9e W1=0xfc7,0x3a69,0x37dc W2=0xed4,0x1f11,0x1a27
  r61_witness[09] r61=16 tail=31 gh60=0x4965caa W1=0x142,0x27ae,0x2c17 W2=0x4f,0x2b86,0x1987
  r61_witness[10] r61=16 tail=32 gh60=0x4a0459a W1=0x148a,0x1b21,0x1bce W2=0x1397,0x1983,0xee5
  r61_witness[11] r61=16 tail=32 gh60=0x4888bae W1=0x19af,0x34fb,0x8e W2=0x18bc,0x3912,0x209c
  r61_witness[12] r61=16 tail=33 gh60=0x4aecc9e W1=0x26e8,0x3854,0x2eb1 W2=0x25f5,0x5c7,0x1b03
  r61_witness[13] r61=16 tail=33 gh60=0x5a59f9e W1=0x3f87,0x1bd2,0x1122 W2=0x3e94,0x12e6,0xa46
  r61_witness[14] r61=16 tail=34 gh60=0x5a87b9a W1=0x116a,0x32d6,0x3303 W2=0x1077,0x1573,0x1465
  r61_witness[15] r61=16 tail=34 gh60=0x7a05cfa W1=0x3f1a,0x3f02,0x303a W2=0x3e27,0x23be,0x16dc

D60=0 fiber histogram: 1:7983 2:4810 3:1823 4:1031 5:448 6:213 7:77 8:82 9:28 10:25 11:10 12:7 13:4 14:4 15:1 19:1
