free_word_mitm_reducedn
N=14 mask=0x3fff msb=0x2000
candidate: M0=0x3d36 mode=random-fallback fill=0x3fff kernel=dM0=dM9=0x2000
prefixes=32768/268435456 mode=permuted-prefix-sample w59_per_prefix=16384 total=536870912
run_mode=scan registry_cap=16
sample_start=266076160
scan_elapsed=12.175s rate=44.10 Mtriples/s

D60 interface
  D60=0 matches: 32558 (random expectation 32768.0, enrichment 0.994x)
  prefixes with D60=0: 16575
  max D60=0 fiber per prefix: 19 at W57=0x25b9 W58=0x2728
  largest D60 bucket: D=0x2c4e count=33800
  min D60 HW: 0
  D60 HW histogram: 0:32558 1:455477 2:2967707 3:11894411 4:32757918 5:65607341 6:98462849 7:112552530 8:98444715 9:65562787 10:32756742 11:11908437 12:2975937 13:458630 14:32873

Tail closure among D60=0 matches
  final tail collisions: 0
  best r61 HW: 14
  best r61 W1[57..59]=0x14a1,0x2ab0,0x1bbc
  best r61 W2[57..59]=0x13ae,0x39be,0x8d2
  best tail HW: 23
  best tail r61 HW: 25
  best W1[57..59]=0x21fb,0x3da6,0x2135
  best W2[57..59]=0x2108,0xb73,0x10d8

SUMMARY N=14 sample_start=266076160 prefixes=32768 total=536870912 d0=32558 best_tail=23 tail_r61=25 best_r61=14 tail_W1=0x21fb,0x3da6,0x2135 tail_W2=0x2108,0xb73,0x10d8 r61_W1=0x14a1,0x2ab0,0x1bbc r61_W2=0x13ae,0x39be,0x8d2

Scan-only witness registry
  registry_count=16 registry_cap=16
  witness[00] tail=23 r61=16 gh60=0x4b984aa W1=0x2c3d,0x32b6,0x1fa4 W2=0x2b4a,0x37e2,0xd
  witness[01] tail=23 r61=25 gh60=0xb5884a6 W1=0x21fb,0x3da6,0x2135 W2=0x2108,0xb73,0x10d8
  witness[02] tail=24 r61=29 gh60=0xd65849a W1=0x209,0x2ce7,0xae7 W2=0x116,0x11b8,0x582
  witness[03] tail=25 r61=17 gh60=0xc698ba6 W1=0x397b,0x2b16,0x1d72 W2=0x3888,0x3f4a,0x155
  witness[04] tail=25 r61=19 gh60=0x4e29fa6 W1=0x1f83,0x48b,0xdb3 W2=0x1e90,0x2ced,0xa63
  witness[05] tail=25 r61=19 gh60=0x4e2bce6 W1=0x2e13,0x2f33,0x51b W2=0x2d20,0xce3,0x28ea
  witness[06] tail=25 r61=19 gh60=0x46185ee W1=0x3c8f,0x5bf,0x1a7 W2=0x3b9c,0x3d81,0x2709
  witness[07] tail=25 r61=25 gh60=0x58d4c9e W1=0x928,0x2839,0x1d8c W2=0x835,0x3128,0x39ba
  witness[08] tail=25 r61=26 gh60=0xca9cd9a W1=0x166a,0x23d6,0x3d8a W2=0x1577,0x2531,0x1c31
  witness[09] tail=25 r61=27 gh60=0x4f944aa W1=0x1b3e,0x737,0x12cb W2=0x1a4b,0x1da8,0x2493
  witness[10] tail=26 r61=15 gh60=0x5c8c4ae W1=0x2a40,0x3b6,0x1e87 W2=0x294d,0x1f47,0xc96
  witness[11] tail=26 r61=20 gh60=0x7c885ae W1=0xcbf,0x1762,0x2068 W2=0xbcc,0x3e8a,0x16c8
  witness[12] tail=26 r61=21 gh60=0x45984aa W1=0x3bfd,0x122a,0x14e7 W2=0x3b0a,0x28d6,0x32c4
  witness[13] tail=26 r61=22 gh60=0x4ee4ce6 W1=0x2714,0x159f,0x22c3 W2=0x2621,0x452,0x484
  witness[14] tail=26 r61=22 gh60=0xcaecb66 W1=0x2964,0x2682,0x2654 W2=0x2871,0x2479,0x3a20
  witness[15] tail=26 r61=23 gh60=0x3e7459a W1=0x1c66,0x2db3,0x177 W2=0x1b73,0x1c59,0x2a50

Scan-only r61 registry
  registry_count=16 registry_cap=16
  r61_witness[00] r61=14 tail=30 gh60=0xde085ea W1=0x14a1,0x2ab0,0x1bbc W2=0x13ae,0x39be,0x8d2
  r61_witness[01] r61=15 tail=26 gh60=0x5c8c4ae W1=0x2a40,0x3b6,0x1e87 W2=0x294d,0x1f47,0xc96
  r61_witness[02] r61=15 tail=37 gh60=0x4484da6 W1=0x26ac,0x29eb,0x9aa W2=0x25b9,0x2b0,0xa1c
  r61_witness[03] r61=16 tail=23 gh60=0x4b984aa W1=0x2c3d,0x32b6,0x1fa4 W2=0x2b4a,0x37e2,0xd
  r61_witness[04] r61=16 tail=27 gh60=0xd579c9a W1=0x29,0x65c,0xfdc W2=0x3f36,0x26e8,0x3bbc
  r61_witness[05] r61=16 tail=28 gh60=0x4518566 W1=0x44b,0x146a,0x3d71 W2=0x358,0x10bb,0x3807
  r61_witness[06] r61=16 tail=29 gh60=0xca18de6 W1=0x2693,0x1cdd,0x2105 W2=0x25a0,0x13a7,0x3276
  r61_witness[07] r61=16 tail=31 gh60=0x4a8cca6 W1=0x5ec,0x2558,0x3417 W2=0x4f9,0x675,0x2894
  r61_witness[08] r61=16 tail=31 gh60=0xc4844ba W1=0x2c3a,0x252e,0x3ccb W2=0x2b47,0xa21,0x2371
  r61_witness[09] r61=16 tail=33 gh60=0x44785a6 W1=0x2cbb,0x122f,0x3d91 W2=0x2bc8,0x752,0x223
  r61_witness[10] r61=16 tail=36 gh60=0x450cd6e W1=0x2660,0x20a3,0x3436 W2=0x256d,0x1bf,0x2884
  r61_witness[11] r61=17 tail=25 gh60=0xc698ba6 W1=0x397b,0x2b16,0x1d72 W2=0x3888,0x3f4a,0x155
  r61_witness[12] r61=17 tail=28 gh60=0xb524d66 W1=0x1854,0x346f,0x1f58 W2=0x1761,0x1446,0x2aab
  r61_witness[13] r61=17 tail=29 gh60=0x4f0876e W1=0x135f,0x947,0x3149 W2=0x126c,0xb75,0x258
  r61_witness[14] r61=17 tail=29 gh60=0xc509d6a W1=0x3ed1,0x2d42,0x2ad5 W2=0x3dde,0x310d,0x1b69
  r61_witness[15] r61=17 tail=30 gh60=0x4884cba W1=0x293a,0x1ab6,0x296d W2=0x2847,0x3c6a,0x39d9

D60=0 fiber histogram: 1:8057 2:4718 3:1835 4:1118 5:419 6:242 7:81 8:52 9:22 10:13 11:5 12:7 13:1 14:2 15:1 16:1 19:1
