free_word_mitm_reducedn
N=14 mask=0x3fff msb=0x2000
candidate: M0=0x3d36 mode=random-fallback fill=0x3fff kernel=dM0=dM9=0x2000
prefixes=32768/268435456 mode=permuted-prefix-sample w59_per_prefix=16384 total=536870912
run_mode=scan registry_cap=16
sample_start=211943424
scan_elapsed=18.698s rate=28.71 Mtriples/s

D60 interface
  D60=0 matches: 32670 (random expectation 32768.0, enrichment 0.997x)
  prefixes with D60=0: 16565
  max D60=0 fiber per prefix: 20 at W57=0x10f3 W58=0x26f0
  largest D60 bucket: D=0x2ef0 count=33845
  min D60 HW: 0
  D60 HW histogram: 0:32670 1:459447 2:2977556 3:11928008 4:32788089 5:65614563 6:98447839 7:112481285 8:98398617 9:65592649 10:32783512 11:11900165 12:2974866 13:459013 14:32633

Tail closure among D60=0 matches
  final tail collisions: 0
  best r61 HW: 13
  best r61 W1[57..59]=0x2ea1,0x3083,0x2f3b
  best r61 W2[57..59]=0x2dae,0x1dd6,0x498
  best tail HW: 23
  best tail r61 HW: 15
  best W1[57..59]=0x3ab9,0x1e25,0x19cb
  best W2[57..59]=0x39c6,0xabf,0x3c40

SUMMARY N=14 sample_start=211943424 prefixes=32768 total=536870912 d0=32670 best_tail=23 tail_r61=15 best_r61=13 tail_W1=0x3ab9,0x1e25,0x19cb tail_W2=0x39c6,0xabf,0x3c40 r61_W1=0x2ea1,0x3083,0x2f3b r61_W2=0x2dae,0x1dd6,0x498

Scan-only witness registry
  registry_count=16 registry_cap=16
  witness[00] tail=23 r61=15 gh60=0x4b685ba W1=0x3ab9,0x1e25,0x19cb W2=0x39c6,0xabf,0x3c40
  witness[01] tail=24 r61=18 gh60=0xf698daa W1=0x286d,0x317a,0x2dd2 W2=0x277a,0x3c5d,0x1988
  witness[02] tail=24 r61=21 gh60=0xc8ac49a W1=0x1326,0x2b73,0x2892 W2=0x1233,0x2387,0xa5c
  witness[03] tail=24 r61=25 gh60=0x48b7cae W1=0xf30,0x10b0,0x2313 W2=0xe3d,0x2f90,0xeee
  witness[04] tail=24 r61=25 gh60=0x559ccaa W1=0x37fe,0xc30,0x1118 W2=0x370b,0x1ee0,0x13fb
  witness[05] tail=24 r61=26 gh60=0xf7d849e W1=0x3307,0x3d74,0x3c8c W2=0x3214,0xe69,0x104a
  witness[06] tail=24 r61=28 gh60=0x7b98caa W1=0x3831,0x1040,0x20ca W2=0x373e,0x21bf,0x18bc
  witness[07] tail=24 r61=29 gh60=0xcdb7c9e W1=0x1028,0x87a,0x1b73 W2=0xf35,0x34eb,0x3968
  witness[08] tail=25 r61=17 gh60=0x7b884ae W1=0x352f,0x2a0a,0x1d91 W2=0x343c,0x17aa,0x3cfc
  witness[09] tail=25 r61=18 gh60=0x44f4d9e W1=0x26a8,0x33bb,0x621 W2=0x25b5,0x3c92,0x9bc
  witness[10] tail=25 r61=20 gh60=0x58884aa W1=0x332d,0x218,0x236a W2=0x323a,0x1914,0x2dda
  witness[11] tail=25 r61=21 gh60=0xd6b84aa W1=0x22f1,0x26bf,0x27c W2=0x21fe,0x2f7f,0x2168
  witness[12] tail=25 r61=22 gh60=0xca284fa W1=0x2a15,0x1b03,0x1a5a W2=0x2922,0x3e47,0x2e7c
  witness[13] tail=25 r61=24 gh60=0xfe2859e W1=0x3287,0x3a67,0x2a4b W2=0x3194,0xf7c,0x3668
  witness[14] tail=25 r61=25 gh60=0xb4bc59e W1=0x12a8,0xfe5,0x20d7 W2=0x11b5,0x2439,0x3792
  witness[15] tail=26 r61=15 gh60=0x4768fa6 W1=0x27c3,0x268c,0x3b4e W2=0x26d0,0xc00,0x6e8

Scan-only r61 registry
  registry_count=16 registry_cap=16
  r61_witness[00] r61=13 tail=28 gh60=0x461bdea W1=0x2ea1,0x3083,0x2f3b W2=0x2dae,0x1dd6,0x498
  r61_witness[01] r61=14 tail=27 gh60=0x490876e W1=0x2bdf,0x5f3,0x11fc W2=0x2aec,0x725,0x320e
  r61_witness[02] r61=14 tail=29 gh60=0xb584ca6 W1=0x82c,0x3a3f,0x7c8 W2=0x739,0x345c,0x4a3
  r61_witness[03] r61=15 tail=23 gh60=0x4b685ba W1=0x3ab9,0x1e25,0x19cb W2=0x39c6,0xabf,0x3c40
  r61_witness[04] r61=15 tail=26 gh60=0x4768fa6 W1=0x27c3,0x268c,0x3b4e W2=0x26d0,0xc00,0x6e8
  r61_witness[05] r61=15 tail=31 gh60=0x4d68c9a W1=0x1849,0x298f,0x892 W2=0x1756,0x1ad9,0x23cb
  r61_witness[06] r61=15 tail=32 gh60=0x4884fba W1=0x17ba,0xb58,0x1a63 W2=0x16c7,0x958,0x2e77
  r61_witness[07] r61=15 tail=32 gh60=0x4d0459a W1=0x1cca,0x2722,0xcee W2=0x1bd7,0x2592,0x131f
  r61_witness[08] r61=15 tail=34 gh60=0x4a08fea W1=0x379d,0xed,0x1d86 W2=0x36aa,0x168,0x3292
  r61_witness[09] r61=15 tail=39 gh60=0xba085ea W1=0xaa1,0x25d2,0x32a6 W2=0x9ae,0x1fe4,0x2bde
  r61_witness[10] r61=15 tail=39 gh60=0x4a08dee W1=0x289f,0x3fd5,0x393e W2=0x27ac,0x1f88,0x22b2
  r61_witness[11] r61=15 tail=40 gh60=0x58887a6 W1=0xbab,0x120f,0x35f W2=0xab8,0x3c62,0x25c5
  r61_witness[12] r61=16 tail=26 gh60=0xb9f8f7a W1=0x755,0x1212,0xecd W2=0x662,0x3e31,0x20ee
  r61_witness[13] r61=16 tail=27 gh60=0x588ccae W1=0x1930,0x2686,0x752 W2=0x183d,0x1fe6,0x2d31
  r61_witness[14] r61=16 tail=28 gh60=0xbb0fd7a W1=0x305a,0x1cb5,0x39f3 W2=0x2f67,0x36f9,0x2d52
  r61_witness[15] r61=16 tail=30 gh60=0x4988ba6 W1=0x29ab,0xbbb,0x1db2 W2=0x28b8,0xf8f,0x186c

D60=0 fiber histogram: 1:8036 2:4832 3:1752 4:1079 5:422 6:203 7:91 8:60 9:32 10:27 11:12 12:8 13:3 14:3 16:2 17:2 20:1
