free_word_mitm_reducedn
N=14 mask=0x3fff msb=0x2000
candidate: M0=0x3d36 mode=random-fallback fill=0x3fff kernel=dM0=dM9=0x2000
prefixes=32768/268435456 mode=permuted-prefix-sample w59_per_prefix=16384 total=536870912
run_mode=scan registry_cap=16
sample_start=54067200
scan_elapsed=19.292s rate=27.83 Mtriples/s

D60 interface
  D60=0 matches: 32732 (random expectation 32768.0, enrichment 0.999x)
  prefixes with D60=0: 16552
  max D60=0 fiber per prefix: 19 at W57=0x1ad W58=0x1959
  largest D60 bucket: D=0x2515 count=33845
  min D60 HW: 0
  D60 HW histogram: 0:32732 1:457875 2:2977468 3:11921735 4:32802553 5:65631819 6:98461961 7:112504153 8:98411605 9:65568376 10:32746221 11:11894890 12:2970793 13:456111 14:32620

Tail closure among D60=0 matches
  final tail collisions: 0
  best r61 HW: 14
  best r61 W1[57..59]=0x306c,0xab4,0x3b83
  best r61 W2[57..59]=0x2f79,0x3263,0x12a7
  best tail HW: 21
  best tail r61 HW: 20
  best W1[57..59]=0x22b6,0x15c1,0x66e
  best W2[57..59]=0x21c3,0x32e8,0x305

SUMMARY N=14 sample_start=54067200 prefixes=32768 total=536870912 d0=32732 best_tail=21 tail_r61=20 best_r61=14 tail_W1=0x22b6,0x15c1,0x66e tail_W2=0x21c3,0x32e8,0x305 r61_W1=0x306c,0xab4,0x3b83 r61_W2=0x2f79,0x3263,0x12a7

Scan-only witness registry
  registry_count=16 registry_cap=16
  witness[00] tail=21 r61=20 gh60=0xcdb45ba W1=0x22b6,0x15c1,0x66e W2=0x21c3,0x32e8,0x305
  witness[01] tail=22 r61=21 gh60=0x3f6849e W1=0x2d27,0xf8f,0x25b6 W2=0x2c34,0xdc4,0x17e1
  witness[02] tail=23 r61=18 gh60=0xb9a9cba W1=0x1f39,0x2570,0x1b47 W2=0x1e46,0x7af,0x2f2e
  witness[03] tail=23 r61=19 gh60=0xca8cca6 W1=0x28fc,0x552,0x2a36 W2=0x2809,0x2edf,0x8af
  witness[04] tail=24 r61=20 gh60=0xc91db6e W1=0x1de0,0x16a2,0xec3 W2=0x1ced,0x11b6,0x3f6b
  witness[05] tail=24 r61=21 gh60=0xc959b7e W1=0x1d7,0x2910,0xdab W2=0xe4,0x192f,0x3e46
  witness[06] tail=24 r61=21 gh60=0x593cb6a W1=0x194e,0x1a51,0x3dfb W2=0x185b,0x2c8d,0xa00
  witness[07] tail=24 r61=22 gh60=0xcae44aa W1=0x12f2,0x3310,0xe10 W2=0x11ff,0xcd5,0x3b53
  witness[08] tail=24 r61=24 gh60=0xdb1c5a6 W1=0x2c4,0x502,0x2b1c W2=0x1d1,0x3866,0x3a7e
  witness[09] tail=24 r61=24 gh60=0x4627de6 W1=0x2e94,0x2e8e,0xe7 W2=0x2da1,0x1c5f,0x1b25
  witness[10] tail=25 r61=20 gh60=0x48f9c9a W1=0x2129,0x18ef,0x38ea W2=0x2036,0x3743,0xb98
  witness[11] tail=25 r61=20 gh60=0xc938b66 W1=0x394b,0x6e8,0x3522 W2=0x3858,0x1cc6,0x2e7a
  witness[12] tail=25 r61=22 gh60=0x7607ce6 W1=0x100c,0x2385,0x124e W2=0xf19,0x111e,0x3e7a
  witness[13] tail=25 r61=22 gh60=0xcd08d66 W1=0x284b,0x25b4,0x383 W2=0x2758,0x15fe,0x2624
  witness[14] tail=25 r61=23 gh60=0xc5acde6 W1=0x6a4,0x2c00,0x1928 W2=0x5b1,0x255f,0x1e44
  witness[15] tail=25 r61=23 gh60=0xfe6bc9a W1=0x30e5,0x313b,0x2b84 W2=0x2ff2,0x647,0x2c62

Scan-only r61 registry
  registry_count=16 registry_cap=16
  r61_witness[00] r61=14 tail=27 gh60=0x4e87da6 W1=0x306c,0xab4,0x3b83 W2=0x2f79,0x3263,0x12a7
  r61_witness[01] r61=15 tail=31 gh60=0x4d0856e W1=0x2df,0x31b9,0x4e3 W2=0x1ec,0x14f3,0x1686
  r61_witness[02] r61=15 tail=31 gh60=0x468bcaa W1=0x10f1,0xd3,0x1295 W2=0xffe,0x2e0e,0x16ec
  r61_witness[03] r61=15 tail=31 gh60=0x4a04be6 W1=0x198c,0x364e,0x1b4 W2=0x1899,0x89d,0x35ed
  r61_witness[04] r61=15 tail=33 gh60=0x4a0479a W1=0xb8a,0x3bfe,0x29 W2=0xa97,0x2e96,0x1030
  r61_witness[05] r61=15 tail=34 gh60=0x4a0c5ea W1=0x148e,0x12e2,0x275a W2=0x139b,0x1f05,0x430
  r61_witness[06] r61=16 tail=28 gh60=0x4668d66 W1=0x2663,0x38af,0x3754 W2=0x2570,0x2df5,0x2514
  r61_witness[07] r61=16 tail=30 gh60=0x4694caa W1=0x8fe,0x26f1,0x1235 W2=0x80b,0x28e1,0x258b
  r61_witness[08] r61=16 tail=30 gh60=0x48abfba W1=0xfb9,0x1a2,0x31be W2=0xec6,0x35bd,0xe14
  r61_witness[09] r61=16 tail=30 gh60=0x450c566 W1=0x1cdc,0xd4b,0x980 W2=0x1be9,0x196f,0xdc8
  r61_witness[10] r61=16 tail=30 gh60=0x5919f6a W1=0x3fd1,0x39f5,0x1d71 W2=0x3ede,0x3c10,0x5fc
  r61_witness[11] r61=16 tail=31 gh60=0x4918f9a W1=0x27c5,0x3bd6,0x2a51 W2=0x26d2,0x2940,0x111a
  r61_witness[12] r61=16 tail=33 gh60=0x5a384a6 W1=0x303,0x16b4,0x1d2d W2=0x210,0x16af,0x492
  r61_witness[13] r61=16 tail=34 gh60=0x7a284fe W1=0x1317,0x5ea,0x6a2 W2=0x1224,0x1782,0x351f
  r61_witness[14] r61=16 tail=34 gh60=0xc4a7cea W1=0x2e22,0x1cb7,0x3326 W2=0x2d2f,0x19bf,0x1efd
  r61_witness[15] r61=16 tail=38 gh60=0xdd89daa W1=0xb1,0x1a67,0x388c W2=0x3fbe,0x123e,0x455

D60=0 fiber histogram: 1:8095 2:4677 3:1770 4:1115 5:410 6:262 7:77 8:72 9:27 10:25 11:5 12:9 13:2 14:2 15:1 16:2 19:1
