free_word_mitm_reducedn
N=14 mask=0x3fff msb=0x2000
candidate: M0=0x3d36 mode=random-fallback fill=0x3fff kernel=dM0=dM9=0x2000
prefixes=32768/268435456 mode=permuted-prefix-sample w59_per_prefix=16384 total=536870912
run_mode=scan registry_cap=16
sample_start=255131648
scan_elapsed=18.618s rate=28.84 Mtriples/s

D60 interface
  D60=0 matches: 32632 (random expectation 32768.0, enrichment 0.996x)
  prefixes with D60=0: 16477
  max D60=0 fiber per prefix: 28 at W57=0x2a55 W58=0x2d0
  largest D60 bucket: D=0x8b3 count=33832
  min D60 HW: 0
  D60 HW histogram: 0:32632 1:457862 2:2975606 3:11899881 4:32773426 5:65597114 6:98458115 7:112521734 8:98445959 9:65581931 10:32762312 11:11899029 12:2975016 13:457577 14:32718

Tail closure among D60=0 matches
  final tail collisions: 0
  best r61 HW: 13
  best r61 W1[57..59]=0x3fba,0x3f2b,0x2ff
  best r61 W2[57..59]=0x3ec7,0x2f27,0x2859
  best tail HW: 21
  best tail r61 HW: 22
  best W1[57..59]=0x2bb1,0x1f26,0xdea
  best W2[57..59]=0x2abe,0x1f7e,0x831

SUMMARY N=14 sample_start=255131648 prefixes=32768 total=536870912 d0=32632 best_tail=21 tail_r61=22 best_r61=13 tail_W1=0x2bb1,0x1f26,0xdea tail_W2=0x2abe,0x1f7e,0x831 r61_W1=0x3fba,0x3f2b,0x2ff r61_W2=0x3ec7,0x2f27,0x2859

Scan-only witness registry
  registry_count=16 registry_cap=16
  witness[00] tail=21 r61=22 gh60=0x79f87aa W1=0x2bb1,0x1f26,0xdea W2=0x2abe,0x1f7e,0x831
  witness[01] tail=23 r61=20 gh60=0x5e5fcbe W1=0xef8,0x3bea,0x2397 W2=0xe05,0x3ec6,0x20f3
  witness[02] tail=23 r61=22 gh60=0xc97877a W1=0x2359,0x36c4,0x2e3 W2=0x2266,0x3da0,0xd1
  witness[03] tail=24 r61=23 gh60=0x4b88fae W1=0x27af,0x36c1,0xf07 W2=0x26bc,0x2d18,0x1adf
  witness[04] tail=24 r61=24 gh60=0x48884aa W1=0x1531,0x33e5,0x2add W2=0x143e,0xba5,0x3672
  witness[05] tail=25 r61=19 gh60=0xcc8c5aa W1=0x2aae,0xb84,0x1df W2=0x29bb,0x62d,0x244c
  witness[06] tail=25 r61=20 gh60=0xc8887ae W1=0xbaf,0x3d88,0xdac W2=0xabc,0x37e0,0x1341
  witness[07] tail=25 r61=20 gh60=0x470bd66 W1=0x2e5b,0x325d,0x3215 W2=0x2d68,0x3af9,0x25f2
  witness[08] tail=25 r61=21 gh60=0xc7e44aa W1=0x3c02,0x65,0x1cb8 W2=0x3b0f,0x16fa,0x1df
  witness[09] tail=25 r61=23 gh60=0xd6f84a6 W1=0x2ceb,0x1eb,0x18d2 W2=0x2bf8,0x3ec6,0x2471
  witness[10] tail=25 r61=25 gh60=0xd60c7e6 W1=0x1b8c,0x2d47,0x2cf6 W2=0x1a99,0x2717,0xd44
  witness[11] tail=25 r61=30 gh60=0xdf18b6e W1=0x15df,0x210,0x292c W2=0x14ec,0xc27,0x4a1
  witness[12] tail=26 r61=21 gh60=0xffb84a6 W1=0x2d2b,0x17c,0x31c W2=0x2c38,0x3dd7,0x1ef1
  witness[13] tail=26 r61=21 gh60=0xdd97caa W1=0x2e2e,0x151e,0x21b1 W2=0x2d3b,0xde6,0x3cff
  witness[14] tail=26 r61=21 gh60=0x5a8cca6 W1=0x35fc,0x1450,0x34c5 W2=0x3509,0x55d,0x3c0
  witness[15] tail=26 r61=23 gh60=0xda0cdee W1=0x26a0,0x157d,0x859 W2=0x25ad,0x3f31,0x30bd

Scan-only r61 registry
  registry_count=16 registry_cap=16
  r61_witness[00] r61=13 tail=27 gh60=0x5885fba W1=0x3fba,0x3f2b,0x2ff W2=0x3ec7,0x2f27,0x2859
  r61_witness[01] r61=14 tail=28 gh60=0xc488caa W1=0x2641,0x29e3,0x8ea W2=0x254e,0x3152,0x754
  r61_witness[02] r61=15 tail=30 gh60=0x4914b6e W1=0x19e0,0x3c96,0x914 W2=0x18ed,0x6ae,0x303b
  r61_witness[03] r61=15 tail=30 gh60=0x45d45ba W1=0x2cb6,0x165c,0x726 W2=0x2bc3,0x3383,0x24ba
  r61_witness[04] r61=15 tail=31 gh60=0x4619f9a W1=0x1f85,0x1d68,0x1ef6 W2=0x1e92,0xe40,0x2ac0
  r61_witness[05] r61=16 tail=28 gh60=0x4a744aa W1=0x39fe,0x3cb5,0xef W2=0x390b,0x11e6,0x129d
  r61_witness[06] r61=16 tail=29 gh60=0x7a98f9a W1=0x3765,0x2c27,0x15c0 W2=0x3672,0x29c1,0x2c77
  r61_witness[07] r61=16 tail=31 gh60=0xc63bdea W1=0xe9d,0x138d,0x2903 W2=0xdaa,0x16d4,0x5df
  r61_witness[08] r61=16 tail=32 gh60=0x4e085ea W1=0x1291,0xea7,0xbfb W2=0x119e,0x1c49,0xc92
  r61_witness[09] r61=16 tail=35 gh60=0x4d08d66 W1=0x26db,0x23f2,0x38fc W2=0x25e8,0x1b0,0x1de1
  r61_witness[10] r61=16 tail=36 gh60=0x7de4baa W1=0x982,0x1beb,0x35e3 W2=0x88f,0x897,0x34e3
  r61_witness[11] r61=16 tail=41 gh60=0x4d09d66 W1=0x3ecb,0x390,0x2132 W2=0x3dd8,0x1758,0x13d2
  r61_witness[12] r61=17 tail=27 gh60=0x548c4aa W1=0x1a2e,0x2972,0x297b W2=0x193b,0x3d33,0x2c62
  r61_witness[13] r61=17 tail=28 gh60=0x4a08cea W1=0x921,0x8d2,0x3e18 W2=0x82e,0x87d,0x3f2b
  r61_witness[14] r61=17 tail=31 gh60=0xde07bfa W1=0x119a,0x4bc,0xc75 W2=0x10a7,0x2440,0x380
  r61_witness[15] r61=17 tail=31 gh60=0xdc885ae W1=0x14bf,0x1e23,0x3577 W2=0x13cc,0x14cb,0x1f1c

D60=0 fiber histogram: 1:8017 2:4684 3:1810 4:1080 5:411 6:261 7:65 8:70 9:31 10:17 11:14 12:8 13:2 14:2 16:1 19:1 20:1 25:1 28:1
