free_word_mitm_reducedn
N=14 mask=0x3fff msb=0x2000
candidate: M0=0x3d36 mode=random-fallback fill=0x3fff kernel=dM0=dM9=0x2000
prefixes=32768/268435456 mode=permuted-prefix-sample w59_per_prefix=16384 total=536870912
run_mode=scan registry_cap=16
sample_start=154468352
scan_elapsed=18.776s rate=28.59 Mtriples/s

D60 interface
  D60=0 matches: 32462 (random expectation 32768.0, enrichment 0.991x)
  prefixes with D60=0: 16479
  max D60=0 fiber per prefix: 17 at W57=0xab1 W58=0x2ad8
  largest D60 bucket: D=0x2df0 count=33737
  min D60 HW: 0
  D60 HW histogram: 0:32462 1:455691 2:2975925 3:11906627 4:32762179 5:65585722 6:98408626 7:112489135 8:98466042 9:65623440 10:32799258 11:11908320 12:2970120 13:454753 14:32612

Tail closure among D60=0 matches
  final tail collisions: 0
  best r61 HW: 12
  best r61 W1[57..59]=0x1a7c,0x2239,0x1814
  best r61 W2[57..59]=0x1989,0x4dd,0x2b30
  best tail HW: 20
  best tail r61 HW: 22
  best W1[57..59]=0x2d5f,0x3780,0xaf4
  best W2[57..59]=0x2c6c,0x208f,0xa30

SUMMARY N=14 sample_start=154468352 prefixes=32768 total=536870912 d0=32462 best_tail=20 tail_r61=22 best_r61=12 tail_W1=0x2d5f,0x3780,0xaf4 tail_W2=0x2c6c,0x208f,0xa30 r61_W1=0x1a7c,0x2239,0x1814 r61_W2=0x1989,0x4dd,0x2b30

Scan-only witness registry
  registry_count=16 registry_cap=16
  witness[00] tail=20 r61=22 gh60=0xcb1bb6e W1=0x2d5f,0x3780,0xaf4 W2=0x2c6c,0x208f,0xa30
  witness[01] tail=21 r61=19 gh60=0x5f07d66 W1=0x2ecc,0x1e55,0x2ac1 W2=0x2dd9,0x2722,0x1e4c
  witness[02] tail=22 r61=19 gh60=0x477cf6a W1=0x37d2,0x10f7,0xec4 W2=0x36df,0x1417,0x3891
  witness[03] tail=23 r61=19 gh60=0xda84da6 W1=0x86c,0x2df7,0x3d88 W2=0x779,0x20ac,0x238
  witness[04] tail=24 r61=20 gh60=0xcb3856a W1=0x4d1,0x3b91,0x2ef1 W2=0x3de,0x3f,0x205
  witness[05] tail=24 r61=22 gh60=0x5e745ee W1=0xaa0,0x2444,0x3e6 W2=0x9ad,0xa77,0x3104
  witness[06] tail=24 r61=22 gh60=0xda0fbee W1=0xda0,0x2ebc,0x370c W2=0xcad,0x1238,0x550
  witness[07] tail=24 r61=22 gh60=0xfa04dfa W1=0x289a,0x3ef5,0x5fc W2=0x27a7,0x2b49,0x3d5e
  witness[08] tail=24 r61=26 gh60=0x7a1cda6 W1=0x884,0x93b,0x1f75 W2=0x791,0x1b90,0x3ddc
  witness[09] tail=25 r61=18 gh60=0xca1dbee W1=0x1a0,0x1488,0x2b92 W2=0xad,0x908,0x3864
  witness[10] tail=25 r61=20 gh60=0x76284a6 W1=0x2d03,0x1d59,0x3cee W2=0x2c10,0x3b56,0x1aa8
  witness[11] tail=25 r61=21 gh60=0x5b0c566 W1=0x1a5c,0x7b,0x982 W2=0x1969,0x2297,0x922
  witness[12] tail=25 r61=21 gh60=0x4528d7a W1=0x2655,0x214,0x1021 W2=0x2562,0x37fb,0x3420
  witness[13] tail=25 r61=23 gh60=0x595479a W1=0x2ba6,0xf39,0x2060 W2=0x2ab3,0x110f,0x112f
  witness[14] tail=25 r61=23 gh60=0x4a6fd66 W1=0x2ee4,0x31c3,0x3fa3 W2=0x2df1,0x1830,0x3ce4
  witness[15] tail=25 r61=24 gh60=0x4e545fe W1=0x3498,0x31aa,0x2221 W2=0x33a5,0x6eb,0x31b0

Scan-only r61 registry
  registry_count=16 registry_cap=16
  r61_witness[00] r61=12 tail=26 gh60=0x4a845a6 W1=0x1a7c,0x2239,0x1814 W2=0x1989,0x4dd,0x2b30
  r61_witness[01] r61=14 tail=33 gh60=0xca1bca6 W1=0x1103,0x280b,0x26cb W2=0x1010,0x3545,0x38cc
  r61_witness[02] r61=15 tail=26 gh60=0x490db6e W1=0x1d60,0xe30,0x1688 W2=0x1c6d,0x13c,0x2e62
  r61_witness[03] r61=15 tail=33 gh60=0x4a8bca6 W1=0x2feb,0x8a2,0x37dd W2=0x2ef8,0x1c40,0xb75
  r61_witness[04] r61=15 tail=33 gh60=0x470856a W1=0x3c61,0x37ea,0x2733 W2=0x3b6e,0x3df0,0x228
  r61_witness[05] r61=16 tail=27 gh60=0xcb08566 W1=0x1cdb,0x161c,0x2330 W2=0x1be8,0x1e3f,0x1659
  r61_witness[06] r61=16 tail=28 gh60=0x7a24daa W1=0x882,0x25a7,0x1f7d W2=0x78f,0x2f93,0x21d8
  r61_witness[07] r61=16 tail=28 gh60=0x4a2849e W1=0x1407,0x2dea,0xcb W2=0x1314,0xc57,0x2b2c
  r61_witness[08] r61=16 tail=29 gh60=0x7ae7faa W1=0xf82,0x34f0,0x28e6 W2=0xe8f,0x1aa4,0x3cde
  r61_witness[09] r61=16 tail=30 gh60=0xca385ea W1=0x128d,0x136a,0x1b58 W2=0x119a,0x3108,0x537
  r61_witness[10] r61=16 tail=31 gh60=0x5618be6 W1=0x59b,0x2452,0x14c4 W2=0x4a8,0x2a90,0x3ed
  r61_witness[11] r61=16 tail=32 gh60=0xc89cfba W1=0x17ba,0x37a9,0x3793 W2=0x16c7,0x35a9,0x5c8
  r61_witness[12] r61=16 tail=34 gh60=0x5e084ea W1=0x131d,0x2756,0xdfa W2=0x122a,0x3fb8,0x4ee
  r61_witness[13] r61=16 tail=34 gh60=0xcd08d66 W1=0x364b,0x3af6,0x3d1f W2=0x3558,0x24a4,0x1ad4
  r61_witness[14] r61=16 tail=34 gh60=0xda084ee W1=0x3a0f,0x75e,0x2572 W2=0x391c,0x588,0x243f
  r61_witness[15] r61=16 tail=34 gh60=0x3605b9a W1=0x3d8a,0x141b,0x36cc W2=0x3c97,0x234,0x1582

D60=0 fiber histogram: 1:7989 2:4756 3:1762 4:1128 5:416 6:212 7:77 8:79 9:29 10:10 11:6 12:5 13:2 14:2 16:3 17:3
