free_word_mitm_reducedn
N=14 mask=0x3fff msb=0x2000
candidate: M0=0x3d36 mode=random-fallback fill=0x3fff kernel=dM0=dM9=0x2000
prefixes=32768/268435456 mode=permuted-prefix-sample w59_per_prefix=16384 total=536870912
run_mode=scan registry_cap=16
sample_start=84770816
scan_elapsed=18.677s rate=28.75 Mtriples/s

D60 interface
  D60=0 matches: 32548 (random expectation 32768.0, enrichment 0.993x)
  prefixes with D60=0: 16451
  max D60=0 fiber per prefix: 20 at W57=0x2209 W58=0x72f
  largest D60 bucket: D=0x6a3 count=33795
  min D60 HW: 0
  D60 HW histogram: 0:32548 1:459088 2:2974852 3:11928031 4:32816218 5:65651223 6:98472354 7:112493788 8:98403374 9:65539536 10:32744056 11:11897358 12:2970002 13:456044 14:32440

Tail closure among D60=0 matches
  final tail collisions: 0
  best r61 HW: 13
  best r61 W1[57..59]=0x2b5c,0xa4,0x37d9
  best r61 W2[57..59]=0x2a69,0x25cc,0x6bc
  best tail HW: 17
  best tail r61 HW: 24
  best W1[57..59]=0xec9,0x25f7,0x1427
  best W2[57..59]=0xdd6,0x3c9f,0x3b65

SUMMARY N=14 sample_start=84770816 prefixes=32768 total=536870912 d0=32548 best_tail=17 tail_r61=24 best_r61=13 tail_W1=0xec9,0x25f7,0x1427 tail_W2=0xdd6,0x3c9f,0x3b65 r61_W1=0x2b5c,0xa4,0x37d9 r61_W2=0x2a69,0x25cc,0x6bc

Scan-only witness registry
  registry_count=16 registry_cap=16
  witness[00] tail=17 r61=24 gh60=0xfb5bd9a W1=0xec9,0x25f7,0x1427 W2=0xdd6,0x3c9f,0x3b65
  witness[01] tail=21 r61=13 gh60=0xc904766 W1=0x2b5c,0xa4,0x37d9 W2=0x2a69,0x25cc,0x6bc
  witness[02] tail=22 r61=15 gh60=0x4a09de6 W1=0x9b,0x385c,0x434 W2=0x3fa8,0x2b08,0x1a86
  witness[03] tail=22 r61=22 gh60=0x56784e6 W1=0xd1b,0x11b2,0x2d1 W2=0xc28,0xd79,0x541
  witness[04] tail=23 r61=20 gh60=0xd96cf7a W1=0x3756,0x301c,0xa1c W2=0x3663,0x3c40,0x257d
  witness[05] tail=23 r61=25 gh60=0xb914b6e W1=0x19e0,0x1fa0,0x3fa8 W2=0x18ed,0x29b8,0x9ea
  witness[06] tail=24 r61=16 gh60=0xda07dfa W1=0xe9a,0x2524,0x2eb8 W2=0xda7,0x7f8,0x2bd7
  witness[07] tail=24 r61=17 gh60=0x4678cae W1=0x35ef,0x37ee,0xc8e W2=0x34fc,0x37cd,0x2581
  witness[08] tail=24 r61=24 gh60=0xb6dbcfa W1=0x3019,0x36a0,0x60f W2=0x2f26,0xda7,0x32e0
  witness[09] tail=25 r61=17 gh60=0x4ee44a6 W1=0x2d04,0x2e18,0x381d W2=0x2c11,0x3c16,0x19d0
  witness[10] tail=25 r61=21 gh60=0x7e0ccea W1=0x290e,0xb7f,0x14cf W2=0x281b,0x1087,0x126a
  witness[11] tail=25 r61=22 gh60=0xd76c5aa W1=0x2b2,0x2249,0x3494 W2=0x1bf,0x2c76,0x17d7
  witness[12] tail=25 r61=22 gh60=0x497449e W1=0x1328,0x1e38,0x2a92 W2=0x1235,0x3e6c,0x2196
  witness[13] tail=25 r61=23 gh60=0x39f84ba W1=0x4f5,0x37ab,0x3cc W2=0x402,0x1ca9,0x2dd0
  witness[14] tail=25 r61=23 gh60=0x7abc4aa W1=0x22ee,0x1ca7,0x1356 W2=0x21fb,0x2528,0x30c3
  witness[15] tail=25 r61=27 gh60=0x4fecd66 W1=0x3854,0x12a2,0x431 W2=0x3761,0x3a81,0x55f

Scan-only r61 registry
  registry_count=16 registry_cap=16
  r61_witness[00] r61=13 tail=21 gh60=0xc904766 W1=0x2b5c,0xa4,0x37d9 W2=0x2a69,0x25cc,0x6bc
  r61_witness[01] r61=13 tail=29 gh60=0x4a084ee W1=0x3d0f,0x250a,0x852 W2=0x3c1c,0x14a4,0x39ff
  r61_witness[02] r61=15 tail=22 gh60=0x4a09de6 W1=0x9b,0x385c,0x434 W2=0x3fa8,0x2b08,0x1a86
  r61_witness[03] r61=15 tail=31 gh60=0x58884a6 W1=0xd3b,0x2f85,0x2876 W2=0xc48,0x2ed0,0xf94
  r61_witness[04] r61=15 tail=31 gh60=0xca084e6 W1=0x1d1b,0x34a2,0x164a W2=0x1c28,0x565,0x2d1d
  r61_witness[05] r61=15 tail=33 gh60=0x4ad4c9e W1=0x2848,0x2210,0x2e2e W2=0x2755,0x1b3f,0x2560
  r61_witness[06] r61=16 tail=24 gh60=0xda07dfa W1=0xe9a,0x2524,0x2eb8 W2=0xda7,0x7f8,0x2bd7
  r61_witness[07] r61=16 tail=29 gh60=0xc619ce6 W1=0x3e0b,0x2011,0x5a4 W2=0x3d18,0x3035,0x1a31
  r61_witness[08] r61=16 tail=32 gh60=0xd557d9a W1=0x10c6,0x14f7,0x1bc W2=0xfd3,0x21b0,0x219f
  r61_witness[09] r61=16 tail=32 gh60=0x470bb6e W1=0x31cf,0xd74,0x3e18 W2=0x30dc,0x3293,0xa82
  r61_witness[10] r61=16 tail=33 gh60=0xca084e6 W1=0x1d1b,0x34a2,0x1642 W2=0x1c28,0x565,0x2d15
  r61_witness[11] r61=16 tail=34 gh60=0x5898bae W1=0x15af,0x3668,0x1dcc W2=0x14bc,0x3e7f,0x1e5f
  r61_witness[12] r61=16 tail=35 gh60=0x5a04de6 W1=0x188c,0x9c4,0x8e9 W2=0x1799,0x983,0x189c
  r61_witness[13] r61=16 tail=35 gh60=0xca084e6 W1=0x1d1b,0x34a2,0xe42 W2=0x1c28,0x565,0x2515
  r61_witness[14] r61=16 tail=35 gh60=0x56f9caa W1=0x2001,0x42,0x17f8 W2=0x1f0e,0x4b1,0x1d53
  r61_witness[15] r61=16 tail=36 gh60=0x36884a6 W1=0x3afb,0xc90,0x2fad W2=0x3a08,0x3d5b,0x139

D60=0 fiber histogram: 1:7940 2:4739 3:1852 4:1049 5:429 6:221 7:80 8:65 9:25 10:20 11:13 12:5 13:3 14:4 16:3 18:2 20:1
