free_word_mitm_reducedn
N=14 mask=0x3fff msb=0x2000
candidate: M0=0x3d36 mode=random-fallback fill=0x3fff kernel=dM0=dM9=0x2000
prefixes=32768/268435456 mode=permuted-prefix-sample w59_per_prefix=16384 total=536870912
run_mode=scan registry_cap=128
sample_start=203587584
scan_elapsed=18.066s rate=29.72 Mtriples/s
refine_elapsed=16.362s repair_refine_elapsed=0.000s total_elapsed=34.428s

D60 interface
  D60=0 matches: 32309 (random expectation 32768.0, enrichment 0.986x)
  prefixes with D60=0: 16387
  max D60=0 fiber per prefix: 19 at W57=0x1f02 W58=0x2ed6
  largest D60 bucket: D=0xa19 count=33909
  min D60 HW: 0
  D60 HW histogram: 0:32309 1:455459 2:2971740 3:11900922 4:32776303 5:65581520 6:98426445 7:112521186 8:98436878 9:65623801 10:32780237 11:11903667 12:2971807 13:456026 14:32612

Tail closure among D60=0 matches
  final tail collisions: 0
  best r61 HW: 14
  best r61 W1[57..59]=0x250f,0x3771,0x3c06
  best r61 W2[57..59]=0x241c,0x1287,0x25cb
  best tail HW: 20
  best tail r61 HW: 14
  best W1[57..59]=0x250f,0x3771,0x3c06
  best W2[57..59]=0x241c,0x1287,0x25cb

SUMMARY N=14 sample_start=203587584 prefixes=32768 total=536870912 d0=32309 best_tail=20 tail_r61=14 best_r61=14 tail_W1=0x250f,0x3771,0x3c06 tail_W2=0x241c,0x1287,0x25cb r61_W1=0x250f,0x3771,0x3c06 r61_W2=0x241c,0x1287,0x25cb

Scan-only witness registry
  registry_count=128 registry_cap=128
  witness[00] tail=20 r61=14 gh60=0x4a084ee W1=0x250f,0x3771,0x3c06 W2=0x241c,0x1287,0x25cb
  witness[01] tail=21 r61=20 gh60=0x4a18bea W1=0x991,0x1009,0x3785 W2=0x89e,0xa98,0x3e19
  witness[02] tail=21 r61=21 gh60=0xcb8ddba W1=0x1eba,0xb06,0x21f5 W2=0x1dc7,0x3d62,0x19a8
  witness[03] tail=22 r61=21 gh60=0x4dbfdba W1=0xeba,0x9c6,0x1df3 W2=0xdc7,0x2c26,0x2b83
  witness[04] tail=23 r61=20 gh60=0xb90db9a W1=0x21ca,0xdd4,0x1e80 W2=0x20d7,0x3d25,0x3487
  witness[05] tail=23 r61=21 gh60=0x4b04b9a W1=0x29ca,0xdc4,0x216f W2=0x28d7,0x3917,0x64
  witness[06] tail=23 r61=22 gh60=0xb9abc9a W1=0x10e9,0x721,0x2cb9 W2=0xff6,0x13f1,0x3fb2
  witness[07] tail=24 r61=23 gh60=0xb58c5aa W1=0x126e,0xe4b,0x16c6 W2=0x117b,0x1be4,0x23c0
  witness[08] tail=24 r61=23 gh60=0x49b44aa W1=0x252e,0x2b50,0x19b1 W2=0x243b,0x31d1,0x1a4c
  witness[09] tail=24 r61=26 gh60=0xfe1cde6 W1=0x894,0x3808,0x3428 W2=0x7a1,0xd53,0x1ff7
  witness[10] tail=24 r61=29 gh60=0xdaa5caa W1=0x1ef2,0x21e2,0x3a94 W2=0x1dff,0x242a,0x27ad
  witness[11] tail=25 r61=16 gh60=0x3a94daa W1=0x166e,0xe0b,0x2443 W2=0x157b,0x1de3,0x281c
  witness[12] tail=25 r61=17 gh60=0x36e84fa W1=0x2515,0x1e42,0x2e3c W2=0x2422,0x136,0x372c
  witness[13] tail=25 r61=17 gh60=0x56284fe W1=0x2a17,0x36d1,0x3f39 W2=0x2924,0x1f9,0x1045
  witness[14] tail=25 r61=20 gh60=0x7e08be6 W1=0x158b,0x186c,0x3d4e W2=0x1498,0x32ba,0x1a7e
  witness[15] tail=25 r61=20 gh60=0xc62ddea W1=0x1e92,0x21e2,0xb80 W2=0x1d9f,0x3246,0x13b3

Scan-only r61 registry
  registry_count=128 registry_cap=128
  r61_witness[00] r61=14 tail=20 gh60=0x4a084ee W1=0x250f,0x3771,0x3c06 W2=0x241c,0x1287,0x25cb
  r61_witness[01] r61=15 tail=26 gh60=0x453456a W1=0xc5e,0x2756,0x1086 W2=0xb6b,0x1e59,0x3966
  r61_witness[02] r61=15 tail=27 gh60=0x5a08de6 W1=0x168b,0x1680,0x1dc8 W2=0x1598,0xbe,0x3687
  r61_witness[03] r61=15 tail=29 gh60=0x490876a W1=0x134d,0x33f6,0x660 W2=0x125a,0x374c,0x3bae
  r61_witness[04] r61=16 tail=25 gh60=0x3a94daa W1=0x166e,0xe0b,0x2443 W2=0x157b,0x1de3,0x281c
  r61_witness[05] r61=16 tail=27 gh60=0xc9544ba W1=0x3d36,0x1e5c,0x282d W2=0x3c43,0x155f,0x2c8c
  r61_witness[06] r61=16 tail=29 gh60=0xce39bfe W1=0x197,0x3a32,0x3d7e W2=0xa4,0x2ec1,0x1a60
  r61_witness[07] r61=16 tail=31 gh60=0xc508566 W1=0xccb,0x3b,0x3289 W2=0xbd8,0x3266,0x2341
  r61_witness[08] r61=16 tail=31 gh60=0x4d8bcaa W1=0xff1,0xf57,0x11b3 W2=0xefe,0x3cd2,0x211e
  r61_witness[09] r61=16 tail=31 gh60=0x4914b6e W1=0x35e0,0x17d2,0x1f90 W2=0x34ed,0x1de2,0x1f3f
  r61_witness[10] r61=16 tail=32 gh60=0x4e885aa W1=0x2481,0xb04,0x3f0b W2=0x238e,0xb1c,0xd17
  r61_witness[11] r61=16 tail=34 gh60=0x4a044fa W1=0x1d1a,0x1d1,0x457 W2=0x1c27,0x378e,0x2e
  r61_witness[12] r61=16 tail=36 gh60=0x4e04ffa W1=0x79a,0x18bf,0xa0a W2=0x6a7,0x943,0x3bb9
  r61_witness[13] r61=16 tail=38 gh60=0x5a19ce6 W1=0x3e0b,0x26e0,0xded W2=0x3d18,0x3704,0x31f1
  r61_witness[14] r61=17 tail=25 gh60=0x36e84fa W1=0x2515,0x1e42,0x2e3c W2=0x2422,0x136,0x372c
  r61_witness[15] r61=17 tail=28 gh60=0x4c985ba W1=0xab5,0xc03,0x2b78 W2=0x9c2,0x3895,0x3189

Second-stage local refinement
  seed pool: count=128 cap=128
  top seeds: [tail20/r6114 W=0x250f,0x3771,0x3c06] [tail21/r6120 W=0x991,0x1009,0x3785] [tail21/r6121 W=0x1eba,0xb06,0x21f5] [tail22/r6121 W=0xeba,0x9c6,0x1df3] [tail23/r6120 W=0x21ca,0xdd4,0x1e80] [tail23/r6121 W=0x29ca,0xdc4,0x216f] [tail23/r6122 W=0x10e9,0x721,0x2cb9] [tail24/r6123 W=0x126e,0xe4b,0x16c6]
  budget=500000000 tested=500000000 D60=0=31300 collisions=0 seed_inserts=80 prefix_enums=30514
  D60=0 rate: 0.000063
  phase tested/D60=0: single=3108/16 double=63714/17 walk=0/0 prefix=499933178/31267
  min refined D60 HW: 0 d60=0x0 at W1[57..59]=0x250f,0x3771,0x3297
  best refined tail HW: 20 (scan best 20, improvements=0)
  best refined tail W1[57..59]=0x250f,0x3771,0x3c06
  best refined tail W2[57..59]=0x241c,0x1287,0x25cb
  best refined r61 HW: 14 (scan best 14, improvements=0)
  best refined r61 W1[57..59]=0x250f,0x3771,0x3c06
  best refined r61 W2[57..59]=0x241c,0x1287,0x25cb

D60=0 fiber histogram: 1:7906 2:4836 3:1724 4:1062 5:400 6:234 7:82 8:68 9:29 10:23 11:5 12:7 13:3 14:5 15:1 16:1 19:1
