free_word_mitm_reducedn
N=14 mask=0x3fff msb=0x2000
candidate: M0=0x3d36 mode=random-fallback fill=0x3fff kernel=dM0=dM9=0x2000
prefixes=32768/268435456 mode=permuted-prefix-sample w59_per_prefix=16384 total=536870912
run_mode=scan registry_cap=16
sample_start=67141632
scan_elapsed=19.409s rate=27.66 Mtriples/s

D60 interface
  D60=0 matches: 32610 (random expectation 32768.0, enrichment 0.995x)
  prefixes with D60=0: 16575
  max D60=0 fiber per prefix: 18 at W57=0x108a W58=0xc74
  largest D60 bucket: D=0xea6 count=33761
  min D60 HW: 0
  D60 HW histogram: 0:32610 1:458243 2:2979147 3:11918741 4:32809825 5:65656350 6:98488771 7:112521681 8:98388035 9:65540378 10:32733155 11:11885964 12:2967894 13:457377 14:32741

Tail closure among D60=0 matches
  final tail collisions: 0
  best r61 HW: 14
  best r61 W1[57..59]=0x2e00,0x1cf0,0x1a9b
  best r61 W2[57..59]=0x2d0d,0x2a48,0x1147
  best tail HW: 22
  best tail r61 HW: 15
  best W1[57..59]=0x2761,0x24ab,0xdf8
  best W2[57..59]=0x266e,0x27b6,0x17c0

SUMMARY N=14 sample_start=67141632 prefixes=32768 total=536870912 d0=32610 best_tail=22 tail_r61=15 best_r61=14 tail_W1=0x2761,0x24ab,0xdf8 tail_W2=0x266e,0x27b6,0x17c0 r61_W1=0x2e00,0x1cf0,0x1a9b r61_W2=0x2d0d,0x2a48,0x1147

Scan-only witness registry
  registry_count=16 registry_cap=16
  witness[00] tail=22 r61=15 gh60=0x4908f6a W1=0x2761,0x24ab,0xdf8 W2=0x266e,0x27b6,0x17c0
  witness[01] tail=23 r61=21 gh60=0x5888faa W1=0x37bd,0x1dd7,0x18d5 W2=0x36ca,0x1bda,0x3309
  witness[02] tail=23 r61=23 gh60=0xf52bd9a W1=0x30c9,0x1c30,0x30c9 W2=0x2fd6,0x24d8,0x2f6d
  witness[03] tail=23 r61=24 gh60=0x3d985a6 W1=0xcbb,0x281f,0x70e W2=0xbc8,0x1f42,0x3d37
  witness[04] tail=23 r61=27 gh60=0xf70fd6e W1=0x1050,0x33b4,0x160c W2=0xf5d,0x484,0x1b9b
  witness[05] tail=23 r61=29 gh60=0xf7f8dae W1=0x87f,0x26fa,0x2e6a W2=0x78c,0x8b1,0x27cf
  witness[06] tail=24 r61=19 gh60=0x5625bea W1=0x3d92,0x3531,0x948 W2=0x3c9f,0x2605,0x1eba
  witness[07] tail=25 r61=18 gh60=0x560c4ee W1=0x3310,0x38ba,0x1d24 W2=0x321d,0x3865,0x200
  witness[08] tail=25 r61=20 gh60=0xd52fca6 W1=0x1044,0x2612,0x16b9 W2=0xf51,0x32c9,0x2e76
  witness[09] tail=25 r61=20 gh60=0x5a14dee W1=0x28a0,0x388c,0x2b6c W2=0x27ad,0x1c40,0x23a7
  witness[10] tail=25 r61=20 gh60=0xda09cea W1=0x3e1d,0xc40,0x17de W2=0x3d2a,0x1473,0x2296
  witness[11] tail=25 r61=21 gh60=0xd5e456a W1=0x2262,0x79f,0x101b W2=0x216f,0x14de,0x5c2
  witness[12] tail=25 r61=21 gh60=0xdb844a6 W1=0x3cfc,0x3689,0x526 W2=0x3c09,0x3555,0x3e48
  witness[13] tail=25 r61=22 gh60=0xcf8449a W1=0x342a,0x35d6,0x2fea W2=0x3337,0x2b56,0x15fe
  witness[14] tail=25 r61=22 gh60=0x47bdc9a W1=0x3dea,0xc1b,0x13d2 W2=0x3cf7,0x331c,0x1f5e
  witness[15] tail=26 r61=17 gh60=0x55985ae W1=0x2a7f,0x2962,0xabb W2=0x298c,0xd9a,0x3cac

Scan-only r61 registry
  registry_count=16 registry_cap=16
  r61_witness[00] r61=14 tail=32 gh60=0x4697cae W1=0x2e00,0x1cf0,0x1a9b W2=0x2d0d,0x2a48,0x1147
  r61_witness[01] r61=15 tail=22 gh60=0x4908f6a W1=0x2761,0x24ab,0xdf8 W2=0x266e,0x27b6,0x17c0
  r61_witness[02] r61=15 tail=31 gh60=0x588bbaa W1=0x11ad,0x1d4,0x3949 W2=0x10ba,0x252f,0x292f
  r61_witness[03] r61=15 tail=34 gh60=0x4a1c5ea W1=0x2c8e,0xcd5,0xb85 W2=0x2b9b,0xd74,0x3419
  r61_witness[04] r61=15 tail=34 gh60=0x4608ce6 W1=0x361b,0x1f0a,0xa73 W2=0x3528,0x21c,0x2c62
  r61_witness[05] r61=16 tail=30 gh60=0x4608bea W1=0x399d,0x84d,0x212b W2=0x38aa,0x708,0x3a4b
  r61_witness[06] r61=16 tail=33 gh60=0x4998566 W1=0x24e3,0x4bf,0x30bc W2=0x23f0,0x210e,0x3e53
  r61_witness[07] r61=16 tail=34 gh60=0xb905f7a W1=0x3fda,0x3f9a,0x1f81 W2=0x3ee7,0x31ae,0xce7
  r61_witness[08] r61=16 tail=35 gh60=0x470bb6e W1=0x31df,0x19fa,0x230e W2=0x30ec,0x3e09,0x628
  r61_witness[09] r61=17 tail=26 gh60=0x55985ae W1=0x2a7f,0x2962,0xabb W2=0x298c,0xd9a,0x3cac
  r61_witness[10] r61=17 tail=28 gh60=0x4b38d6a W1=0x8e1,0x27f2,0x13f6 W2=0x7ee,0x274d,0xc7c
  r61_witness[11] r61=17 tail=29 gh60=0x5a085ea W1=0x229d,0x1614,0x4c7 W2=0x21aa,0x1fa2,0x3023
  r61_witness[12] r61=17 tail=29 gh60=0xca04de6 W1=0x268c,0x2012,0x2cc1 W2=0x2599,0x3b4d,0xfd8
  r61_witness[13] r61=17 tail=29 gh60=0xdb18b6e W1=0x35df,0x1ecb,0x2cca W2=0x34ec,0x20da,0x100e
  r61_witness[14] r61=17 tail=30 gh60=0x4c88cae W1=0x282f,0x10a9,0x2087 W2=0x273c,0x3b08,0xcb5
  r61_witness[15] r61=17 tail=30 gh60=0x4608ce6 W1=0x361b,0x1f0a,0x24db W2=0x3528,0x21c,0x6ca

D60=0 fiber histogram: 1:8005 2:4842 3:1800 4:1086 5:404 6:215 7:85 8:74 9:21 10:22 11:4 12:9 13:3 14:1 16:3 18:1
