free_word_mitm_reducedn
N=14 mask=0x3fff msb=0x2000
candidate: M0=0x3d36 mode=random-fallback fill=0x3fff kernel=dM0=dM9=0x2000
prefixes=32768/268435456 mode=permuted-prefix-sample w59_per_prefix=16384 total=536870912
run_mode=scan registry_cap=16
sample_start=202801152
scan_elapsed=18.908s rate=28.39 Mtriples/s

D60 interface
  D60=0 matches: 32381 (random expectation 32768.0, enrichment 0.988x)
  prefixes with D60=0: 16474
  max D60=0 fiber per prefix: 18 at W57=0x45b W58=0x3c90
  largest D60 bucket: D=0x1216 count=33747
  min D60 HW: 0
  D60 HW histogram: 0:32381 1:456010 2:2976416 3:11919577 4:32780580 5:65615099 6:98455284 7:112510678 8:98418138 9:65579003 10:32764072 11:11902326 12:2972238 13:456734 14:32376

Tail closure among D60=0 matches
  final tail collisions: 0
  best r61 HW: 14
  best r61 W1[57..59]=0xfab,0x28f0,0x6cb
  best r61 W2[57..59]=0xeb8,0x3dca,0x194b
  best tail HW: 20
  best tail r61 HW: 14
  best W1[57..59]=0xfab,0x28f0,0x6cb
  best W2[57..59]=0xeb8,0x3dca,0x194b

SUMMARY N=14 sample_start=202801152 prefixes=32768 total=536870912 d0=32381 best_tail=20 tail_r61=14 best_r61=14 tail_W1=0xfab,0x28f0,0x6cb tail_W2=0xeb8,0x3dca,0x194b r61_W1=0xfab,0x28f0,0x6cb r61_W2=0xeb8,0x3dca,0x194b

Scan-only witness registry
  registry_count=16 registry_cap=16
  witness[00] tail=20 r61=14 gh60=0x488bfa6 W1=0xfab,0x28f0,0x6cb W2=0xeb8,0x3dca,0x194b
  witness[01] tail=21 r61=20 gh60=0xda58cba W1=0x28f9,0x878,0x1445 W2=0x2806,0x2abb,0x23e0
  witness[02] tail=23 r61=25 gh60=0xcc79daa W1=0xbd,0x3ca2,0x731 W2=0x3fca,0x469,0x226f
  witness[03] tail=23 r61=26 gh60=0x5a24cea W1=0x1912,0x3296,0xec8 W2=0x181f,0x266,0x1db2
  witness[04] tail=24 r61=19 gh60=0xc619f9a W1=0x1f85,0x351,0x4ed W2=0x1e92,0x3429,0x28d8
  witness[05] tail=24 r61=24 gh60=0x7d984aa W1=0x3a31,0x1ed8,0x3717 W2=0x393e,0x3458,0x2835
  witness[06] tail=24 r61=27 gh60=0xd51cd6a W1=0x28de,0x1bc1,0x2264 W2=0x27eb,0xf25,0x2c5e
  witness[07] tail=25 r61=16 gh60=0x592dca6 W1=0x144,0x1074,0x2ad5 W2=0x51,0x1c33,0x3b4
  witness[08] tail=25 r61=19 gh60=0xf51cd66 W1=0x28cc,0x2b39,0x1a0c W2=0x27d9,0x1f6c,0x2f6d
  witness[09] tail=25 r61=20 gh60=0xcb884a6 W1=0x13eb,0x313d,0xe9c W2=0x12f8,0x311a,0x3f1d
  witness[10] tail=25 r61=20 gh60=0xc968b7a W1=0x19d5,0x6a7,0x30ef W2=0x18e2,0x3ce6,0xfe9
  witness[11] tail=25 r61=20 gh60=0xc6bfb66 W1=0x3164,0xf41,0x3f64 W2=0x3071,0x3be,0x2f1c
  witness[12] tail=25 r61=21 gh60=0x3e244aa W1=0xd02,0x783,0xd81 W2=0xc0f,0xf58,0x196
  witness[13] tail=25 r61=22 gh60=0x477fc9e W1=0x3128,0x12ed,0x3195 W2=0x3035,0x75e,0x8be
  witness[14] tail=25 r61=22 gh60=0x4a784ee W1=0x3b0f,0x1fa0,0x8f9 W2=0x3a1c,0x11ba,0x835
  witness[15] tail=25 r61=23 gh60=0x7a08de6 W1=0x189b,0x23e2,0x1620 W2=0x17a8,0x288c,0x232e

Scan-only r61 registry
  registry_count=16 registry_cap=16
  r61_witness[00] r61=14 tail=20 gh60=0x488bfa6 W1=0xfab,0x28f0,0x6cb W2=0xeb8,0x3dca,0x194b
  r61_witness[01] r61=14 tail=32 gh60=0x4a1bc9a W1=0x2e05,0x192f,0x3a85 W2=0x2d12,0x343b,0x2d88
  r61_witness[02] r61=15 tail=32 gh60=0xdb0856a W1=0x1c51,0x2ff,0xbbf W2=0x1b5e,0x1409,0x3a1f
  r61_witness[03] r61=15 tail=36 gh60=0x4a984aa W1=0x2a01,0xd36,0x2615 W2=0x290e,0x1126,0x2296
  r61_witness[04] r61=16 tail=25 gh60=0x592dca6 W1=0x144,0x1074,0x2ad5 W2=0x51,0x1c33,0x3b4
  r61_witness[05] r61=16 tail=28 gh60=0x4e844a6 W1=0xbec,0x118f,0x20ee W2=0xaf9,0x106b,0x3be6
  r61_witness[06] r61=16 tail=30 gh60=0x4f08566 W1=0x3acb,0x1cd2,0x3bd7 W2=0x39d8,0x3a19,0x38a4
  r61_witness[07] r61=16 tail=31 gh60=0x4d0cd9a W1=0x18ca,0x24b5,0x1648 W2=0x17d7,0x1de4,0x2ff6
  r61_witness[08] r61=16 tail=32 gh60=0xcd0cd6e W1=0x2850,0x2b69,0x3b1f W2=0x275d,0x7b9,0x191
  r61_witness[09] r61=16 tail=33 gh60=0x4a34cee W1=0x2910,0x2a1c,0x81 W2=0x281d,0x1704,0x27e3
  r61_witness[10] r61=16 tail=34 gh60=0x4628fe6 W1=0x1793,0x1b39,0x3f1 W2=0x16a0,0x1317,0x4d5
  r61_witness[11] r61=16 tail=34 gh60=0xc6345ee W1=0x2ca0,0x880,0x1f8d W2=0x2bad,0x3233,0xc57
  r61_witness[12] r61=16 tail=34 gh60=0xd88bbae W1=0x2daf,0x21ee,0x4b9 W2=0x2cbc,0xe05,0x3eb7
  r61_witness[13] r61=16 tail=34 gh60=0x4a085ea W1=0x348d,0x2fd0,0x5ad W2=0x339a,0x11ee,0x2035
  r61_witness[14] r61=16 tail=35 gh60=0x46084e6 W1=0x3c1b,0x2f71,0x260e W2=0x3b28,0x2e44,0x37b8
  r61_witness[15] r61=16 tail=39 gh60=0x5a08fea W1=0x279d,0x244c,0x1603 W2=0x26aa,0xfcb,0x1d08

D60=0 fiber histogram: 1:8080 2:4652 3:1787 4:1098 5:415 6:234 7:80 8:61 9:21 10:24 11:8 12:4 13:2 14:2 15:1 16:3 17:1 18:1
