free_word_mitm_reducedn
N=14 mask=0x3fff msb=0x2000
candidate: M0=0x3d36 mode=random-fallback fill=0x3fff kernel=dM0=dM9=0x2000
prefixes=32768/268435456 mode=permuted-prefix-sample w59_per_prefix=16384 total=536870912
run_mode=scan registry_cap=16
sample_start=186023936
scan_elapsed=19.515s rate=27.51 Mtriples/s

D60 interface
  D60=0 matches: 32749 (random expectation 32768.0, enrichment 0.999x)
  prefixes with D60=0: 16497
  max D60=0 fiber per prefix: 19 at W57=0x29ef W58=0xc99
  largest D60 bucket: D=0x88b count=33771
  min D60 HW: 0
  D60 HW histogram: 0:32749 1:457679 2:2981011 3:11928380 4:32791080 5:65598737 6:98412445 7:112487144 8:98429631 9:65585213 10:32785338 11:11913282 12:2977548 13:457784 14:32891

Tail closure among D60=0 matches
  final tail collisions: 0
  best r61 HW: 11
  best r61 W1[57..59]=0x31b1,0x3e29,0x3d2c
  best r61 W2[57..59]=0x30be,0x2740,0xeb5
  best tail HW: 23
  best tail r61 HW: 19
  best W1[57..59]=0x3a83,0x2c7,0x29db
  best W2[57..59]=0x3990,0x7ac,0x279d

SUMMARY N=14 sample_start=186023936 prefixes=32768 total=536870912 d0=32749 best_tail=23 tail_r61=19 best_r61=11 tail_W1=0x3a83,0x2c7,0x29db tail_W2=0x3990,0x7ac,0x279d r61_W1=0x31b1,0x3e29,0x3d2c r61_W2=0x30be,0x2740,0xeb5

Scan-only witness registry
  registry_count=16 registry_cap=16
  witness[00] tail=23 r61=15 gh60=0x4988caa W1=0x92d,0x2472,0x214d W2=0x83a,0x26ed,0x816
  witness[01] tail=23 r61=16 gh60=0x4b0856e W1=0x45f,0x2fb8,0x18cc W2=0x36c,0x1d7a,0x3c26
  witness[02] tail=23 r61=19 gh60=0x76285a6 W1=0x3a83,0x2c7,0x29db W2=0x3990,0x7ac,0x279d
  witness[03] tail=23 r61=21 gh60=0xc518d7a W1=0x2655,0x812,0x1067 W2=0x2562,0x3df9,0x503
  witness[04] tail=24 r61=14 gh60=0xce87da6 W1=0x106c,0x182,0x206f W2=0xf79,0x2339,0x761
  witness[05] tail=24 r61=18 gh60=0xc91cf7a W1=0x175a,0x1c58,0x7d W2=0x1667,0x2068,0x33ed
  witness[06] tail=24 r61=18 gh60=0xca2ccea W1=0x3612,0x1613,0x128 W2=0x351f,0x2c13,0x1775
  witness[07] tail=24 r61=19 gh60=0x56084e6 W1=0x150b,0x3954,0x2cf6 W2=0x1418,0x929,0x2bd0
  witness[08] tail=24 r61=19 gh60=0x7a0dfea W1=0x3f8e,0x21b4,0x2da6 W2=0x3e9b,0x2044,0x2d9b
  witness[09] tail=24 r61=20 gh60=0xce64be6 W1=0x1594,0x34a5,0x28dc W2=0x14a1,0xb04,0x23d2
  witness[10] tail=24 r61=20 gh60=0x58b9faa W1=0x1fbd,0x247d,0xca3 W2=0x1eca,0x1084,0x3a65
  witness[11] tail=24 r61=22 gh60=0xce6c4ba W1=0xcf6,0x25e1,0x2e5d W2=0xc03,0xd64,0x2a14
  witness[12] tail=24 r61=24 gh60=0xcebdc9a W1=0x1de6,0x3a21,0x1948 W2=0x1cf3,0x1ef6,0x1624
  witness[13] tail=24 r61=25 gh60=0xcbd7c9a W1=0x2e26,0x1ca2,0x9d W2=0x2d33,0x36f3,0x3035
  witness[14] tail=25 r61=18 gh60=0x57645ea W1=0x32a2,0x2143,0x98d W2=0x31af,0x3b76,0x172b
  witness[15] tail=25 r61=19 gh60=0x5e284fa W1=0x1519,0x2e75,0x10ec W2=0x1426,0x25ad,0xd5d

Scan-only r61 registry
  registry_count=16 registry_cap=16
  r61_witness[00] r61=11 tail=26 gh60=0x488bbaa W1=0x31b1,0x3e29,0x3d2c W2=0x30be,0x2740,0xeb5
  r61_witness[01] r61=14 tail=24 gh60=0xce87da6 W1=0x106c,0x182,0x206f W2=0xf79,0x2339,0x761
  r61_witness[02] r61=14 tail=31 gh60=0x4609cea W1=0x3f0d,0x34b3,0x1744 W2=0x3e1a,0x3926,0x2ea5
  r61_witness[03] r61=14 tail=32 gh60=0x4b0bb6a W1=0x11dd,0x2b94,0x827 W2=0x10ea,0x5bf,0x1979
  r61_witness[04] r61=15 tail=23 gh60=0x4988caa W1=0x92d,0x2472,0x214d W2=0x83a,0x26ed,0x816
  r61_witness[05] r61=15 tail=28 gh60=0x4904f7a W1=0x27da,0x255,0x346c W2=0x26e7,0x2a6d,0x30a5
  r61_witness[06] r61=15 tail=33 gh60=0x44985aa W1=0x3cc1,0x1f37,0x2fd1 W2=0x3bce,0x2d3f,0x14b3
  r61_witness[07] r61=16 tail=23 gh60=0x4b0856e W1=0x45f,0x2fb8,0x18cc W2=0x36c,0x1d7a,0x3c26
  r61_witness[08] r61=16 tail=28 gh60=0xc8884ae W1=0x252f,0x13f,0x163d W2=0x243c,0x1fdf,0x1852
  r61_witness[09] r61=16 tail=32 gh60=0x4e2859a W1=0x485,0x3847,0x82a W2=0x392,0x26b4,0x1684
  r61_witness[10] r61=16 tail=39 gh60=0x468bfaa W1=0x2f71,0x364f,0x3121 W2=0x2e7e,0x1dd2,0x1b8
  r61_witness[11] r61=17 tail=29 gh60=0xc9f8f9e W1=0x27c7,0x1c18,0x3692 W2=0x26d4,0x11c6,0x3e1
  r61_witness[12] r61=17 tail=29 gh60=0xc628b9a W1=0x3989,0x2769,0x2bf0 W2=0x3896,0x343f,0x139b
  r61_witness[13] r61=17 tail=30 gh60=0xc609bea W1=0x19d,0x528,0x1d0a W2=0xaa,0x31e3,0x6ea
  r61_witness[14] r61=17 tail=31 gh60=0x4909b6e W1=0x21cf,0x1963,0x243a W2=0x20dc,0x1086,0x28dd
  r61_witness[15] r61=17 tail=31 gh60=0xca0bdee W1=0x2e9f,0x329,0x37fb W2=0x2dac,0x205c,0x20c8

D60=0 fiber histogram: 1:7908 2:4768 3:1855 4:1115 5:396 6:219 7:84 8:73 9:37 10:20 11:7 12:7 13:3 14:1 15:1 16:1 17:1 19:1
