free_word_mitm_reducedn
N=14 mask=0x3fff msb=0x2000
candidate: M0=0x3d36 mode=random-fallback fill=0x3fff kernel=dM0=dM9=0x2000
prefixes=32768/268435456 mode=permuted-prefix-sample w59_per_prefix=16384 total=536870912
run_mode=scan registry_cap=16
sample_start=76972032
scan_elapsed=18.948s rate=28.33 Mtriples/s

D60 interface
  D60=0 matches: 32403 (random expectation 32768.0, enrichment 0.989x)
  prefixes with D60=0: 16574
  max D60=0 fiber per prefix: 17 at W57=0x3ebe W58=0x340d
  largest D60 bucket: D=0x10f9 count=33746
  min D60 HW: 0
  D60 HW histogram: 0:32403 1:459073 2:2984540 3:11942186 4:32817225 5:65629975 6:98400348 7:112469037 8:98396603 9:65582919 10:32770915 11:11916132 12:2976860 13:459459 14:33237

Tail closure among D60=0 matches
  final tail collisions: 0
  best r61 HW: 13
  best r61 W1[57..59]=0x2b93,0x10e5,0x4e8
  best r61 W2[57..59]=0x2aa0,0x3a3e,0x2635
  best tail HW: 20
  best tail r61 HW: 19
  best W1[57..59]=0x213,0x12,0x5b
  best W2[57..59]=0x120,0x2b05,0x1cef

SUMMARY N=14 sample_start=76972032 prefixes=32768 total=536870912 d0=32403 best_tail=20 tail_r61=19 best_r61=13 tail_W1=0x213,0x12,0x5b tail_W2=0x120,0x2b05,0x1cef r61_W1=0x2b93,0x10e5,0x4e8 r61_W2=0x2aa0,0x3a3e,0x2635

Scan-only witness registry
  registry_count=16 registry_cap=16
  witness[00] tail=20 r61=19 gh60=0x56684e6 W1=0x213,0x12,0x5b W2=0x120,0x2b05,0x1cef
  witness[01] tail=21 r61=17 gh60=0x450bd6e W1=0x2edf,0x20ba,0x28d9 W2=0x2dec,0x3979,0x147f
  witness[02] tail=22 r61=18 gh60=0x44d459e W1=0xca8,0x1705,0x548 W2=0xbb5,0x1d63,0x1a4
  witness[03] tail=22 r61=20 gh60=0x4cb85ba W1=0xcb9,0x19ae,0x31d5 W2=0xbc6,0x38c4,0xb92
  witness[04] tail=23 r61=18 gh60=0x7d04d7a W1=0x38da,0x189,0x3e2f W2=0x37e7,0x169,0x1b45
  witness[05] tail=23 r61=25 gh60=0xce0c7ee W1=0x1b90,0x206d,0x1d4d W2=0x1a9d,0x2a40,0x17cd
  witness[06] tail=23 r61=25 gh60=0xdf98daa W1=0x38ad,0x205f,0x5b1 W2=0x37ba,0x39b2,0x3e0d
  witness[07] tail=24 r61=20 gh60=0xd6084e6 W1=0x1d0b,0x28cc,0xbf6 W2=0x1c18,0x3aa3,0x1201
  witness[08] tail=25 r61=16 gh60=0xca0bde6 W1=0xe9b,0x1bf7,0x362e W2=0xda8,0x1f1f,0x2b5
  witness[09] tail=25 r61=18 gh60=0xdd98da6 W1=0x18b3,0x926,0x2285 W2=0x17c0,0x2aea,0x3e27
  witness[10] tail=25 r61=19 gh60=0xdb6c4aa W1=0xd42,0x1114,0x3d8e W2=0xc4f,0x1869,0x359d
  witness[11] tail=25 r61=19 gh60=0xc62859a W1=0x1489,0x349e,0x975 W2=0x1396,0x231b,0x30be
  witness[12] tail=25 r61=22 gh60=0x5b08d6a W1=0x1861,0x1522,0x32af W2=0x176e,0x2161,0x61c
  witness[13] tail=25 r61=22 gh60=0xd7a849a W1=0x1b25,0x1f5b,0x2b7e W2=0x1a32,0x16e8,0x34a9
  witness[14] tail=25 r61=24 gh60=0x57fc49a W1=0x2d26,0x3488,0x8c W2=0x2c33,0x1a9e,0xd58
  witness[15] tail=25 r61=24 gh60=0xcbbc5ba W1=0x3aba,0x2429,0x17fb W2=0x39c7,0x20c8,0x1cd3

Scan-only r61 registry
  registry_count=16 registry_cap=16
  r61_witness[00] r61=13 tail=30 gh60=0x4a187e6 W1=0x2b93,0x10e5,0x4e8 W2=0x2aa0,0x3a3e,0x2635
  r61_witness[01] r61=14 tail=26 gh60=0x4a187e6 W1=0x2b93,0x10e5,0x4f0 W2=0x2aa0,0x3a3e,0x263d
  r61_witness[02] r61=14 tail=34 gh60=0x4904c9a W1=0x94a,0xed2,0x37c0 W2=0x857,0x31dd,0x2df7
  r61_witness[03] r61=15 tail=34 gh60=0x462cc9a W1=0x1906,0x2b09,0xe10 W2=0x1813,0x1cd8,0x3e79
  r61_witness[04] r61=15 tail=34 gh60=0xfe38cee W1=0x381f,0x33f2,0xd51 W2=0x372c,0x30c9,0x32d4
  r61_witness[05] r61=15 tail=36 gh60=0x4908f6e W1=0x27df,0x155c,0x86a W2=0x26ec,0x108f,0x12f5
  r61_witness[06] r61=15 tail=37 gh60=0xda044e6 W1=0x3a1c,0x22f2,0x23ac W2=0x3929,0xbb6,0x3723
  r61_witness[07] r61=16 tail=25 gh60=0xca0bde6 W1=0xe9b,0x1bf7,0x362e W2=0xda8,0x1f1f,0x2b5
  r61_witness[08] r61=16 tail=26 gh60=0x450c566 W1=0x1c5c,0x28d7,0x28f9 W2=0x1b69,0x2d13,0x3501
  r61_witness[09] r61=16 tail=26 gh60=0x451c5a6 W1=0x2cc4,0x2fa5,0x340d W2=0x2bd1,0x50b,0x2017
  r61_witness[10] r61=16 tail=28 gh60=0x452c566 W1=0x1c54,0x1e72,0x38ea W2=0x1b61,0x3c8,0xd73
  r61_witness[11] r61=16 tail=28 gh60=0x5a284e6 W1=0x3413,0x1d94,0xbd7 W2=0x3320,0x3f8b,0x1207
  r61_witness[12] r61=16 tail=29 gh60=0x4a285fe W1=0x2297,0x7b,0xa4b W2=0x21a4,0x23b,0x3a02
  r61_witness[13] r61=16 tail=33 gh60=0xce085ea W1=0xca1,0x3e6a,0x33e4 W2=0xbae,0x39fc,0x3dab
  r61_witness[14] r61=16 tail=33 gh60=0x4a885aa W1=0x2471,0x35,0x3e4a W2=0x237e,0x3f5d,0x21e1
  r61_witness[15] r61=16 tail=33 gh60=0x4a085e6 W1=0x3c9b,0x3c7e,0xb07 W2=0x3ba8,0x329,0x1ffe

D60=0 fiber histogram: 1:8065 2:4765 3:1826 4:1108 5:408 6:212 7:75 8:58 9:28 10:7 11:6 12:8 13:3 14:3 15:1 17:1
