free_word_mitm_reducedn
N=14 mask=0x3fff msb=0x2000
candidate: M0=0x3d36 mode=random-fallback fill=0x3fff kernel=dM0=dM9=0x2000
prefixes=32768/268435456 mode=permuted-prefix-sample w59_per_prefix=16384 total=536870912
run_mode=scan registry_cap=16
sample_start=25755648
scan_elapsed=18.624s rate=28.83 Mtriples/s

D60 interface
  D60=0 matches: 32495 (random expectation 32768.0, enrichment 0.992x)
  prefixes with D60=0: 16552
  max D60=0 fiber per prefix: 17 at W57=0x3da9 W58=0x38a
  largest D60 bucket: D=0x1a3c count=33846
  min D60 HW: 0
  D60 HW histogram: 0:32495 1:458348 2:2980596 3:11928393 4:32809636 5:65625623 6:98440914 7:112484648 8:98389736 9:65563458 10:32775522 11:11911986 12:2978436 13:458621 14:32500

Tail closure among D60=0 matches
  final tail collisions: 0
  best r61 HW: 13
  best r61 W1[57..59]=0x12b,0x2cce,0x373e
  best r61 W2[57..59]=0x38,0x24e8,0x1ef8
  best tail HW: 17
  best tail r61 HW: 22
  best W1[57..59]=0x18fa,0x3ccf,0x3ace
  best W2[57..59]=0x1807,0x2f03,0x3d46

SUMMARY N=14 sample_start=25755648 prefixes=32768 total=536870912 d0=32495 best_tail=17 tail_r61=22 best_r61=13 tail_W1=0x18fa,0x3ccf,0x3ace tail_W2=0x1807,0x2f03,0x3d46 r61_W1=0x12b,0x2cce,0x373e r61_W2=0x38,0x24e8,0x1ef8

Scan-only witness registry
  registry_count=16 registry_cap=16
  witness[00] tail=17 r61=22 gh60=0xbe9ccba W1=0x18fa,0x3ccf,0x3ace W2=0x1807,0x2f03,0x3d46
  witness[01] tail=20 r61=18 gh60=0xfa244ea W1=0x3412,0x747,0xe4f W2=0x331f,0x1d46,0x1680
  witness[02] tail=23 r61=18 gh60=0x362bbfa W1=0xd95,0xe74,0x198 W2=0xca2,0x31ff,0x21ab
  witness[03] tail=24 r61=18 gh60=0x48e44a6 W1=0x2b34,0x38f2,0x2bfd W2=0x2a41,0x2760,0x8c2
  witness[04] tail=24 r61=22 gh60=0x47b4caa W1=0x292e,0xdc3,0x180a W2=0x283b,0x1043,0x39db
  witness[05] tail=25 r61=15 gh60=0x461bdee W1=0x2e9f,0x38bb,0x10c7 W2=0x2dac,0x15ee,0x8d6
  witness[06] tail=25 r61=19 gh60=0x750c57a W1=0x125a,0xed5,0x3069 W2=0x1167,0xff6,0x283e
  witness[07] tail=25 r61=20 gh60=0x4f78ba6 W1=0x297b,0xcc0,0x1a2a W2=0x2888,0x10f4,0x125d
  witness[08] tail=25 r61=20 gh60=0xf798daa W1=0x3881,0xc7c,0x22fa W2=0x378e,0x1753,0x6d8
  witness[09] tail=25 r61=21 gh60=0xca65ba6 W1=0x2174,0x22ad,0x612 W2=0x2081,0x2494,0x3edc
  witness[10] tail=25 r61=24 gh60=0x492db6a W1=0x21d2,0x2068,0x2526 W2=0x20df,0x770,0x127b
  witness[11] tail=25 r61=25 gh60=0xdbf44ae W1=0x11f0,0x378,0x1594 W2=0x10fd,0x3119,0xde5
  witness[12] tail=25 r61=25 gh60=0xce044e6 W1=0x3c0c,0x31ee,0x1c97 W2=0x3b19,0x3dc6,0x25b8
  witness[13] tail=25 r61=26 gh60=0x5f2c4a6 W1=0x344,0x3664,0x1f75 W2=0x251,0x25e0,0x2e88
  witness[14] tail=25 r61=30 gh60=0xdaac56a W1=0x3262,0x1744,0x267d W2=0x316f,0x318f,0x3379
  witness[15] tail=26 r61=18 gh60=0xd714b6a W1=0x254e,0x22da,0x1494 W2=0x245b,0x24da,0x32c3

Scan-only r61 registry
  registry_count=16 registry_cap=16
  r61_witness[00] r61=13 tail=35 gh60=0xc989ca6 W1=0x12b,0x2cce,0x373e W2=0x38,0x24e8,0x1ef8
  r61_witness[01] r61=15 tail=25 gh60=0x461bdee W1=0x2e9f,0x38bb,0x10c7 W2=0x2dac,0x15ee,0x8d6
  r61_witness[02] r61=15 tail=30 gh60=0x4bb849e W1=0x21e7,0x2a39,0xbd4 W2=0x20f4,0x36ec,0x2668
  r61_witness[03] r61=15 tail=35 gh60=0x3a38dea W1=0x268d,0x36bb,0x1cc3 W2=0x259a,0x596,0x146f
  r61_witness[04] r61=15 tail=40 gh60=0x48884ae W1=0x132f,0x136e,0xef9 W2=0x123c,0x48e,0x487
  r61_witness[05] r61=16 tail=29 gh60=0x4a2bcfa W1=0xe19,0x14be,0x3171 W2=0xd26,0x27cd,0x2c8b
  r61_witness[06] r61=16 tail=29 gh60=0x550856a W1=0x125d,0x2048,0x1b55 W2=0x116a,0x3c62,0x2673
  r61_witness[07] r61=16 tail=30 gh60=0xb9a7be6 W1=0x31a4,0x383a,0x3aa W2=0x30b1,0x30ab,0x762
  r61_witness[08] r61=16 tail=32 gh60=0x4a89bae W1=0x17f,0x7b,0xcba W2=0x8c,0x36f2,0x2657
  r61_witness[09] r61=16 tail=32 gh60=0xc589da6 W1=0x1e7b,0x38a6,0x1efc W2=0x1d88,0x12d8,0x2e8c
  r61_witness[10] r61=17 tail=29 gh60=0x4b8bca6 W1=0x2f3b,0x1a49,0x185 W2=0x2e48,0x22d7,0x8d2
  r61_witness[11] r61=17 tail=29 gh60=0x54bc4be W1=0x3238,0xb78,0x289b W2=0x3145,0x169b,0x33dd
  r61_witness[12] r61=17 tail=31 gh60=0x4b08566 W1=0xadb,0x2a5e,0x8e3 W2=0x9e8,0x3b95,0x2ebc
  r61_witness[13] r61=17 tail=31 gh60=0xca084ea W1=0xc21,0x16da,0x2008 W2=0xb2e,0x1a54,0x2af
  r61_witness[14] r61=17 tail=31 gh60=0x49844a6 W1=0x2aec,0x2b11,0x1972 W2=0x29f9,0x39ed,0x350e
  r61_witness[15] r61=17 tail=32 gh60=0xcb8c4a6 W1=0x12fc,0xb73,0x2e7f W2=0x1209,0x2c41,0x3e98

D60=0 fiber histogram: 1:7990 2:4829 3:1773 4:1139 5:410 6:218 7:64 8:70 9:19 10:27 11:5 12:3 13:1 14:1 15:2 17:1
