free_word_mitm_reducedn
N=14 mask=0x3fff msb=0x2000
candidate: M0=0x3d36 mode=random-fallback fill=0x3fff kernel=dM0=dM9=0x2000
prefixes=32768/268435456 mode=permuted-prefix-sample w59_per_prefix=16384 total=536870912
run_mode=scan registry_cap=16
sample_start=166363136
scan_elapsed=14.054s rate=38.20 Mtriples/s

D60 interface
  D60=0 matches: 32329 (random expectation 32768.0, enrichment 0.987x)
  prefixes with D60=0: 16559
  max D60=0 fiber per prefix: 19 at W57=0x2ddd W58=0x3a87
  largest D60 bucket: D=0xfb7 count=33642
  min D60 HW: 0
  D60 HW histogram: 0:32329 1:458959 2:2978169 3:11924075 4:32806999 5:65620188 6:98468808 7:112528403 8:98410778 9:65552680 10:32735715 11:11897321 12:2967002 13:457006 14:32480

Tail closure among D60=0 matches
  final tail collisions: 0
  best r61 HW: 13
  best r61 W1[57..59]=0x2715,0x2840,0x1104
  best r61 W2[57..59]=0x2622,0xab3,0x13e
  best tail HW: 22
  best tail r61 HW: 24
  best W1[57..59]=0x3f74,0x457,0x1610
  best W2[57..59]=0x3e81,0x28be,0x2fc9

SUMMARY N=14 sample_start=166363136 prefixes=32768 total=536870912 d0=32329 best_tail=22 tail_r61=24 best_r61=13 tail_W1=0x3f74,0x457,0x1610 tail_W2=0x3e81,0x28be,0x2fc9 r61_W1=0x2715,0x2840,0x1104 r61_W2=0x2622,0xab3,0x13e

Scan-only witness registry
  registry_count=16 registry_cap=16
  witness[00] tail=22 r61=24 gh60=0x5aa5fa6 W1=0x3f74,0x457,0x1610 W2=0x3e81,0x28be,0x2fc9
  witness[01] tail=23 r61=16 gh60=0xc6b8caa W1=0x26f1,0x730,0x3e7 W2=0x25fe,0xbef,0x387
  witness[02] tail=23 r61=19 gh60=0xd9887a6 W1=0x13ab,0x3b3c,0x7c1 W2=0x12b8,0x3711,0x1ab9
  witness[03] tail=23 r61=19 gh60=0x4a18ce6 W1=0x261b,0xce2,0x908 W2=0x2528,0x1af8,0x28d1
  witness[04] tail=24 r61=22 gh60=0xdb28d7e W1=0x6d7,0x663,0x2a5c W2=0x5e4,0xc2e,0x34f2
  witness[05] tail=24 r61=22 gh60=0xba5849e W1=0x39e7,0x3ec9,0x220d W2=0x38f4,0x1af6,0x3dd
  witness[06] tail=24 r61=23 gh60=0xd8b7c9a W1=0x3126,0x3cd4,0x61b W2=0x3033,0x1165,0x2584
  witness[07] tail=25 r61=19 gh60=0xc71856a W1=0x4dd,0x2cc1,0x3c06 W2=0x3ea,0x257,0x175f
  witness[08] tail=25 r61=19 gh60=0x4788baa W1=0x1971,0x27c0,0x4a W2=0x187e,0x3447,0x3303
  witness[09] tail=25 r61=20 gh60=0x55a859a W1=0x12a5,0xe51,0x2b2a W2=0x11b2,0xa70,0xcec
  witness[10] tail=25 r61=21 gh60=0xbf14b6e W1=0x9e0,0x534,0x16e3 W2=0x8ed,0x3340,0x5f9
  witness[11] tail=25 r61=21 gh60=0xcbb47ae W1=0x1bb0,0x39e5,0x44a W2=0x1abd,0x32e,0x39ff
  witness[12] tail=25 r61=22 gh60=0xcf98ca6 W1=0x7fb,0x2d8d,0xe8f W2=0x708,0x1719,0x35a1
  witness[13] tail=25 r61=22 gh60=0xd5b85a6 W1=0x3ab3,0xb1e,0x1a11 W2=0x39c0,0x1063,0x3048
  witness[14] tail=25 r61=23 gh60=0xce8c4a6 W1=0x1afc,0x8d4,0x19c3 W2=0x1a09,0x27a0,0x321c
  witness[15] tail=25 r61=24 gh60=0x7af4d9a W1=0x18c6,0x2b08,0x179d W2=0x17d3,0x1443,0x233d

Scan-only r61 registry
  registry_count=16 registry_cap=16
  r61_witness[00] r61=13 tail=30 gh60=0x4a18cfa W1=0x2715,0x2840,0x1104 W2=0x2622,0xab3,0x13e
  r61_witness[01] r61=14 tail=29 gh60=0x4887cba W1=0x2f3a,0x107d,0x26ae W2=0x2e47,0x24b5,0x3c2a
  r61_witness[02] r61=15 tail=26 gh60=0x4678fae W1=0x77f,0x3593,0x1767 W2=0x68c,0x2b4a,0x2305
  r61_witness[03] r61=15 tail=30 gh60=0x4a2bca6 W1=0xe03,0x50c,0x189 W2=0xd10,0x28c6,0x24bc
  r61_witness[04] r61=15 tail=32 gh60=0xda0c5ee W1=0xaa0,0xbbd,0x2240 W2=0x9ad,0x31f0,0x1ea4
  r61_witness[05] r61=15 tail=37 gh60=0x468cd9a W1=0x166a,0x898,0x1688 W2=0x1577,0x9f3,0x18d3
  r61_witness[06] r61=16 tail=23 gh60=0xc6b8caa W1=0x26f1,0x730,0x3e7 W2=0x25fe,0xbef,0x387
  r61_witness[07] r61=16 tail=26 gh60=0xc8847ba W1=0x2bba,0x2f8,0x1431 W2=0x2ac7,0x33b3,0x19a1
  r61_witness[08] r61=16 tail=29 gh60=0x45844ba W1=0x3bfa,0x2964,0xf4 W2=0x3b07,0x20d7,0x34a8
  r61_witness[09] r61=16 tail=30 gh60=0x4b18b6a W1=0x1961,0x1acc,0x351a W2=0x186e,0x28bb,0x3cc1
  r61_witness[10] r61=16 tail=30 gh60=0x4605c9a W1=0x1f0a,0x3edb,0x2deb W2=0x1e17,0x21dc,0xe32
  r61_witness[11] r61=16 tail=30 gh60=0xc889baa W1=0x21c1,0x5bd,0x1964 W2=0x20ce,0x3fc8,0x471
  r61_witness[12] r61=16 tail=33 gh60=0x4a344ee W1=0xc10,0x1a,0x2301 W2=0xb1d,0x1eb1,0xf3d
  r61_witness[13] r61=16 tail=34 gh60=0x4a885aa W1=0x2a7d,0x1696,0xb03 W2=0x298a,0x22aa,0x1414
  r61_witness[14] r61=16 tail=34 gh60=0xc908766 W1=0x334b,0x17f7,0x1104 W2=0x3258,0x15b4,0x2381
  r61_witness[15] r61=16 tail=36 gh60=0x4909b6a W1=0x2161,0x2859,0x3b67 W2=0x206e,0x2844,0xf8

D60=0 fiber histogram: 1:8134 2:4779 3:1726 4:1083 5:398 6:228 7:75 8:74 9:31 10:13 11:5 12:3 13:1 14:4 15:1 16:2 17:1 19:1
