free_word_mitm_reducedn
N=14 mask=0x3fff msb=0x2000
candidate: M0=0x3d36 mode=random-fallback fill=0x3fff kernel=dM0=dM9=0x2000
prefixes=32768/268435456 mode=permuted-prefix-sample w59_per_prefix=16384 total=536870912
run_mode=scan registry_cap=16
sample_start=157712384
scan_elapsed=20.151s rate=26.64 Mtriples/s

D60 interface
  D60=0 matches: 32337 (random expectation 32768.0, enrichment 0.987x)
  prefixes with D60=0: 16428
  max D60=0 fiber per prefix: 19 at W57=0x150b W58=0x2f7f
  largest D60 bucket: D=0x288c count=33781
  min D60 HW: 0
  D60 HW histogram: 0:32337 1:459329 2:2988129 3:11945701 4:32858803 5:65691309 6:98490639 7:112474843 8:98367532 9:65503250 10:32715163 11:11887079 12:2967572 13:456828 14:32398

Tail closure among D60=0 matches
  final tail collisions: 0
  best r61 HW: 13
  best r61 W1[57..59]=0x3a0c,0x2a3e,0x227c
  best r61 W2[57..59]=0x3919,0x1416,0x32d5
  best tail HW: 20
  best tail r61 HW: 15
  best W1[57..59]=0x3901,0xc37,0x1e79
  best W2[57..59]=0x380e,0x1ee6,0x3a8b

SUMMARY N=14 sample_start=157712384 prefixes=32768 total=536870912 d0=32337 best_tail=20 tail_r61=15 best_r61=13 tail_W1=0x3901,0xc37,0x1e79 tail_W2=0x380e,0x1ee6,0x3a8b r61_W1=0x3a0c,0x2a3e,0x227c r61_W2=0x3919,0x1416,0x32d5

Scan-only witness registry
  registry_count=16 registry_cap=16
  witness[00] tail=20 r61=15 gh60=0xc988caa W1=0x3901,0xc37,0x1e79 W2=0x380e,0x1ee6,0x3a8b
  witness[01] tail=22 r61=14 gh60=0x3e07de6 W1=0xe8c,0x150d,0x3586 W2=0xd99,0x1846,0xd96
  witness[02] tail=23 r61=16 gh60=0xca0c5ee W1=0x2a90,0x1183,0x295a W2=0x299d,0x38c2,0x21d2
  witness[03] tail=23 r61=19 gh60=0xca5c79e W1=0x3b68,0x694,0x3872 W2=0x3a75,0x1102,0x2a92
  witness[04] tail=24 r61=18 gh60=0xb53457e W1=0x1ad8,0x3889,0xad9 W2=0x19e5,0x135e,0x3a56
  witness[05] tail=24 r61=27 gh60=0x47d5cfe W1=0x1e18,0x3abc,0x47c W2=0x1d25,0x3b94,0x369c
  witness[06] tail=25 r61=19 gh60=0x4ad877e W1=0x1bd7,0x8ee,0x98f W2=0x1ae4,0x15b2,0x31a8
  witness[07] tail=25 r61=22 gh60=0x3a3cb9a W1=0x258a,0x1fc7,0x276e W2=0x2497,0xee6,0x8fe
  witness[08] tail=25 r61=22 gh60=0xd88c7aa W1=0x33ae,0x1f69,0x346c W2=0x32bb,0x30b2,0x2e87
  witness[09] tail=25 r61=23 gh60=0xcd28c9a W1=0x3845,0x10c1,0x2484 W2=0x3752,0x3cf,0x3017
  witness[10] tail=25 r61=24 gh60=0xdfac59a W1=0x2ca6,0x9a6,0x15bd W2=0x2bb3,0x27dc,0xfd1
  witness[11] tail=25 r61=26 gh60=0x59f7b6a W1=0x314e,0x3da7,0x30a3 W2=0x305b,0x2ae7,0x26ee
  witness[12] tail=25 r61=27 gh60=0xcb7c76e W1=0x350,0xb4,0x158a W2=0x25d,0x3cfb,0xecd
  witness[13] tail=26 r61=17 gh60=0x4d945ae W1=0x1ab0,0x1051,0x2ffd W2=0x19bd,0x41a,0x62d
  witness[14] tail=26 r61=17 gh60=0xb53457e W1=0x1ad8,0x3889,0x1a99 W2=0x19e5,0x135e,0xa16
  witness[15] tail=26 r61=17 gh60=0x3a144ea W1=0x2d1e,0x24e,0x310d W2=0x2c2b,0xbc9,0x31d9

Scan-only r61 registry
  registry_count=16 registry_cap=16
  r61_witness[00] r61=13 tail=32 gh60=0xda044e6 W1=0x3a0c,0x2a3e,0x227c W2=0x3919,0x1416,0x32d5
  r61_witness[01] r61=14 tail=22 gh60=0x3e07de6 W1=0xe8c,0x150d,0x3586 W2=0xd99,0x1846,0xd96
  r61_witness[02] r61=14 tail=42 gh60=0x4a04ce6 W1=0x270c,0x4ac,0x1896 W2=0x2619,0x13cf,0x3967
  r61_witness[03] r61=15 tail=20 gh60=0xc988caa W1=0x3901,0xc37,0x1e79 W2=0x380e,0x1ee6,0x3a8b
  r61_witness[04] r61=15 tail=31 gh60=0x48f5caa W1=0x213e,0x9d8,0x3d66 W2=0x204b,0xdcc,0x3e0b
  r61_witness[05] r61=16 tail=23 gh60=0xca0c5ee W1=0x2a90,0x1183,0x295a W2=0x299d,0x38c2,0x21d2
  r61_witness[06] r61=16 tail=28 gh60=0x4905b7a W1=0x15a,0x2664,0x3195 W2=0x67,0xe60,0x84e
  r61_witness[07] r61=16 tail=29 gh60=0x36247a6 W1=0x2384,0x3883,0x719 W2=0x2291,0x2477,0x5d2
  r61_witness[08] r61=16 tail=32 gh60=0x4b8bbae W1=0xd7f,0x1372,0xa17 W2=0xc8c,0x36f1,0x139b
  r61_witness[09] r61=16 tail=32 gh60=0xc984fa6 W1=0x27ac,0x21a1,0xadf W2=0x26b9,0x7e6,0x2ec7
  r61_witness[10] r61=16 tail=33 gh60=0x7a0c49a W1=0x40a,0x1896,0x25ff W2=0x317,0x3edc,0xcf4
  r61_witness[11] r61=16 tail=35 gh60=0x489cbae W1=0x5b0,0x2276,0x1644 W2=0x4bd,0x1a7e,0x35b5
  r61_witness[12] r61=16 tail=35 gh60=0x4d2c59e W1=0x22c8,0x3922,0x115b W2=0x21d5,0x3dc0,0x2e36
  r61_witness[13] r61=16 tail=38 gh60=0x4a084ee W1=0xa1f,0x2b96,0x1a56 W2=0x92c,0x15b0,0x21cb
  r61_witness[14] r61=17 tail=26 gh60=0x4d945ae W1=0x1ab0,0x1051,0x2ffd W2=0x19bd,0x41a,0x62d
  r61_witness[15] r61=17 tail=26 gh60=0xb53457e W1=0x1ad8,0x3889,0x1a99 W2=0x19e5,0x135e,0xa16

D60=0 fiber histogram: 1:8026 2:4693 3:1805 4:1045 5:406 6:210 7:99 8:65 9:33 10:24 11:5 12:8 13:2 14:3 17:2 18:1 19:1
