free_word_mitm_reducedn
N=14 mask=0x3fff msb=0x2000
candidate: M0=0x3d36 mode=random-fallback fill=0x3fff kernel=dM0=dM9=0x2000
prefixes=32768/268435456 mode=permuted-prefix-sample w59_per_prefix=16384 total=536870912
run_mode=scan registry_cap=16
sample_start=107380736
scan_elapsed=20.164s rate=26.63 Mtriples/s

D60 interface
  D60=0 matches: 33277 (random expectation 32768.0, enrichment 1.016x)
  prefixes with D60=0: 16731
  max D60=0 fiber per prefix: 26 at W57=0x236b W58=0x2f75
  largest D60 bucket: D=0xb0c count=33734
  min D60 HW: 0
  D60 HW histogram: 0:33277 1:458919 2:2983139 3:11929197 4:32807125 5:65620112 6:98492113 7:112538113 8:98392049 9:65532240 10:32728800 11:11895548 12:2970961 13:456681 14:32638

Tail closure among D60=0 matches
  final tail collisions: 0
  best r61 HW: 14
  best r61 W1[57..59]=0x35cf,0x3b4f,0x3197
  best r61 W2[57..59]=0x34dc,0x3d6a,0x1fa8
  best tail HW: 23
  best tail r61 HW: 20
  best W1[57..59]=0x2cc7,0x1d43,0xc11
  best W2[57..59]=0x2bd4,0x23d2,0x20ee

SUMMARY N=14 sample_start=107380736 prefixes=32768 total=536870912 d0=33277 best_tail=23 tail_r61=20 best_r61=14 tail_W1=0x2cc7,0x1d43,0xc11 tail_W2=0x2bd4,0x23d2,0x20ee r61_W1=0x35cf,0x3b4f,0x3197 r61_W2=0x34dc,0x3d6a,0x1fa8

Scan-only witness registry
  registry_count=16 registry_cap=16
  witness[00] tail=23 r61=17 gh60=0x4878fa6 W1=0x7ab,0x35cd,0x2523 W2=0x6b8,0x1c21,0x29f
  witness[01] tail=23 r61=20 gh60=0xc6d859e W1=0x2cc7,0x1d43,0xc11 W2=0x2bd4,0x23d2,0x20ee
  witness[02] tail=24 r61=15 gh60=0x58acbbe W1=0x5b8,0x30db,0x314f W2=0x4c5,0x28e3,0xc4b
  witness[03] tail=24 r61=15 gh60=0x791877a W1=0x3bd5,0x2764,0x8bc W2=0x3ae2,0x2a3c,0x21d5
  witness[04] tail=24 r61=18 gh60=0x4eacca6 W1=0x18f4,0x12c1,0x12bb W2=0x1801,0x2cee,0x3529
  witness[05] tail=24 r61=19 gh60=0xd9e4ca6 W1=0x934,0x3738,0x1e71 W2=0x841,0x1e5,0x8b6
  witness[06] tail=24 r61=19 gh60=0x47b85aa W1=0x2c71,0x29ed,0x3445 W2=0x2b7e,0x2695,0x1560
  witness[07] tail=24 r61=20 gh60=0xda1c4ee W1=0x1520,0x357a,0x26d2 W2=0x142d,0x3091,0x1cc0
  witness[08] tail=24 r61=22 gh60=0x48fc7be W1=0xbb8,0x3df5,0x319a W2=0xac5,0x38bc,0x23ca
  witness[09] tail=24 r61=24 gh60=0xbb99ca6 W1=0x3ffb,0x34c4,0x3100 W2=0x3f08,0x214e,0x1e61
  witness[10] tail=24 r61=25 gh60=0xfb7cdae W1=0x38b0,0x11e8,0x3499 W2=0x37bd,0x330,0x1247
  witness[11] tail=24 r61=26 gh60=0xfe79c9e W1=0x3e07,0x1f3,0x2a76 W2=0x3d14,0x1327,0x31b3
  witness[12] tail=25 r61=18 gh60=0xca084ea W1=0x3c0d,0x207b,0xe87 W2=0x3b1a,0x3841,0x1d4f
  witness[13] tail=25 r61=19 gh60=0x5a34cee W1=0x2910,0xc5c,0x311d W2=0x281d,0x3944,0x1073
  witness[14] tail=25 r61=19 gh60=0xc57fd9a W1=0x2ea6,0xe19,0x14bf W2=0x2db3,0x1892,0x2502
  witness[15] tail=25 r61=21 gh60=0xd5785be W1=0x2ab7,0xbf1,0x9da W2=0x29c4,0xea7,0x3135

Scan-only r61 registry
  registry_count=16 registry_cap=16
  r61_witness[00] r61=14 tail=31 gh60=0x3b08b6e W1=0x35cf,0x3b4f,0x3197 W2=0x34dc,0x3d6a,0x1fa8
  r61_witness[01] r61=15 tail=24 gh60=0x58acbbe W1=0x5b8,0x30db,0x314f W2=0x4c5,0x28e3,0xc4b
  r61_witness[02] r61=15 tail=24 gh60=0x791877a W1=0x3bd5,0x2764,0x8bc W2=0x3ae2,0x2a3c,0x21d5
  r61_witness[03] r61=15 tail=27 gh60=0xc908766 W1=0x1bdb,0x102b,0x32f2 W2=0x1ae8,0xc5e,0x26a6
  r61_witness[04] r61=15 tail=29 gh60=0xc889caa W1=0x141,0x2141,0x13c0 W2=0x4e,0x20f4,0x185b
  r61_witness[05] r61=15 tail=29 gh60=0x4c9c5ae W1=0x32c0,0x15ad,0x2bb0 W2=0x31cd,0x7e6,0x7c3
  r61_witness[06] r61=15 tail=37 gh60=0x448459a W1=0x2caa,0x10e3,0xe11 W2=0x2bb7,0x3f0d,0x315f
  r61_witness[07] r61=16 tail=30 gh60=0x450bd6e W1=0xe5f,0x37e3,0xac4 W2=0xd6c,0xe82,0x19d3
  r61_witness[08] r61=16 tail=31 gh60=0x5e18dea W1=0x1891,0x1c14,0x101d W2=0x179e,0x27f7,0x2a12
  r61_witness[09] r61=16 tail=31 gh60=0x3989bae W1=0x3dbf,0x37fd,0x173c W2=0x3ccc,0x2d08,0x21e8
  r61_witness[10] r61=16 tail=32 gh60=0xcf244aa W1=0x3b42,0x9db,0xd07 W2=0x3a4f,0x22b0,0x1e67
  r61_witness[11] r61=16 tail=33 gh60=0x5628b9a W1=0x3589,0x14ed,0x2442 W2=0x3496,0x2703,0x15a3
  r61_witness[12] r61=16 tail=34 gh60=0x4489daa W1=0x1ec1,0x1fb6,0xbaa W2=0x1dce,0x1d81,0x36ec
  r61_witness[13] r61=16 tail=37 gh60=0x4a08dee W1=0x389f,0xf3f,0x67c W2=0x37ac,0x3ee,0x1d48
  r61_witness[14] r61=16 tail=40 gh60=0x4a085e6 W1=0x328b,0x2e09,0xaec W2=0x3198,0x15c6,0x1e87
  r61_witness[15] r61=17 tail=23 gh60=0x4878fa6 W1=0x7ab,0x35cd,0x2523 W2=0x6b8,0x1c21,0x29f

D60=0 fiber histogram: 1:8071 2:4767 3:1810 4:1167 5:434 6:258 7:86 8:76 9:33 10:12 11:3 12:7 13:3 15:2 17:1 26:1
