free_word_mitm_reducedn
N=14 mask=0x3fff msb=0x2000
candidate: M0=0x3d36 mode=random-fallback fill=0x3fff kernel=dM0=dM9=0x2000
prefixes=32768/268435456 mode=permuted-prefix-sample w59_per_prefix=16384 total=536870912
run_mode=scan registry_cap=16
sample_start=216432640
scan_elapsed=20.056s rate=26.77 Mtriples/s

D60 interface
  D60=0 matches: 32414 (random expectation 32768.0, enrichment 0.989x)
  prefixes with D60=0: 16533
  max D60=0 fiber per prefix: 18 at W57=0x2f22 W58=0x2fe9
  largest D60 bucket: D=0x2dd8 count=33863
  min D60 HW: 0
  D60 HW histogram: 0:32414 1:457582 2:2977320 3:11939338 4:32836688 5:65682945 6:98444668 7:112468586 8:98382717 9:65545680 10:32745825 11:11894016 12:2972572 13:457841 14:32720

Tail closure among D60=0 matches
  final tail collisions: 0
  best r61 HW: 14
  best r61 W1[57..59]=0x3b8c,0x157a,0xd82
  best r61 W2[57..59]=0x3a99,0xd4a,0x3c3b
  best tail HW: 20
  best tail r61 HW: 22
  best W1[57..59]=0x2772,0x2ee1,0x222f
  best W2[57..59]=0x267f,0x1d7d,0x2796

SUMMARY N=14 sample_start=216432640 prefixes=32768 total=536870912 d0=32414 best_tail=20 tail_r61=22 best_r61=14 tail_W1=0x2772,0x2ee1,0x222f tail_W2=0x267f,0x1d7d,0x2796 r61_W1=0x3b8c,0x157a,0xd82 r61_W2=0x3a99,0xd4a,0x3c3b

Scan-only witness registry
  registry_count=16 registry_cap=16
  witness[00] tail=20 r61=22 gh60=0x4fe4faa W1=0x2772,0x2ee1,0x222f W2=0x267f,0x1d7d,0x2796
  witness[01] tail=22 r61=30 gh60=0x5ba9cbe W1=0x1df7,0x111f,0x1b50 W2=0x1d04,0x23fe,0x21fb
  witness[02] tail=23 r61=22 gh60=0xd93c766 W1=0x23cc,0x248e,0x1ece W2=0x22d9,0xf50,0xf9d
  witness[03] tail=24 r61=19 gh60=0x4f18566 W1=0x345b,0x21ca,0x1f94 W2=0x3368,0x2a0b,0x3446
  witness[04] tail=24 r61=20 gh60=0x5a58dfe W1=0x3697,0x227c,0x87b W2=0x35a4,0x3cbb,0x97
  witness[05] tail=24 r61=24 gh60=0xbf85fa6 W1=0x1fac,0x3a14,0x3964 W2=0x1eb9,0x21d7,0x1865
  witness[06] tail=25 r61=15 gh60=0x3a09cee W1=0x3e0f,0x2a6d,0x3648 W2=0x3d1c,0x1ad4,0x1062
  witness[07] tail=25 r61=18 gh60=0x7917b6e W1=0xd50,0x389f,0x351a W2=0xc5d,0x1ebf,0x350e
  witness[08] tail=25 r61=19 gh60=0xcbf879a W1=0x385,0xe58,0x35f6 W2=0x292,0xe5,0x129c
  witness[09] tail=25 r61=19 gh60=0x5af479e W1=0x13c8,0x3e61,0x3e6c W2=0x12d5,0x87b,0x15bb
  witness[10] tail=25 r61=22 gh60=0x5719d6e W1=0x4f,0x3248,0x3696 W2=0x3f5c,0x181b,0x29be
  witness[11] tail=25 r61=23 gh60=0xbf98cae W1=0x7ff,0x2b7a,0x159f W2=0x70c,0x1549,0x7a1
  witness[12] tail=25 r61=23 gh60=0x4768f66 W1=0x37d3,0x24ea,0x17fe W2=0x36e0,0x1430,0x9e9
  witness[13] tail=25 r61=24 gh60=0xca14dee W1=0x2690,0x2adc,0x296b W2=0x259d,0x159c,0x3c98
  witness[14] tail=25 r61=24 gh60=0xc6b8fbe W1=0x3777,0x2ed,0x19d8 W2=0x3684,0x9b4,0x386e
  witness[15] tail=26 r61=18 gh60=0x7a08fe6 W1=0x179b,0x29de,0x2e W2=0x16a8,0x2298,0x13f0

Scan-only r61 registry
  registry_count=16 registry_cap=16
  r61_witness[00] r61=14 tail=28 gh60=0xca047e6 W1=0x3b8c,0x157a,0xd82 W2=0x3a99,0xd4a,0x3c3b
  r61_witness[01] r61=15 tail=25 gh60=0x3a09cee W1=0x3e0f,0x2a6d,0x3648 W2=0x3d1c,0x1ad4,0x1062
  r61_witness[02] r61=15 tail=27 gh60=0xce8bcaa W1=0x2f01,0x1c61,0x1dc9 W2=0x2e0e,0x1198,0x3854
  r61_witness[03] r61=15 tail=32 gh60=0x4e08cea W1=0x811,0x23d8,0x3a2e W2=0x71e,0x24df,0xc1d
  r61_witness[04] r61=15 tail=33 gh60=0x4688fae W1=0x277f,0x2e4d,0x3a42 W2=0x268c,0x2404,0x15ea
  r61_witness[05] r61=15 tail=34 gh60=0x4978b6a W1=0x29e1,0x378e,0x25ec W2=0x28ee,0x3181,0x32d8
  r61_witness[06] r61=15 tail=39 gh60=0xc70bb66 W1=0x31cb,0x1156,0x411 W2=0x30d8,0x6b2,0x3b35
  r61_witness[07] r61=16 tail=28 gh60=0x74885aa W1=0x22b1,0x3993,0x817 W2=0x21be,0x35ab,0x3d39
  r61_witness[08] r61=16 tail=28 gh60=0x590876a W1=0x2be1,0x3bec,0x96a W2=0x2aee,0x3d3e,0x3023
  r61_witness[09] r61=16 tail=29 gh60=0x4609cee W1=0x1e1f,0x3957,0x321a W2=0x1d2c,0x29ae,0xad3
  r61_witness[10] r61=16 tail=29 gh60=0x3a085e6 W1=0x349b,0x2546,0x3d4b W2=0x33a8,0x2def,0xc08
  r61_witness[11] r61=16 tail=31 gh60=0x5b99daa W1=0x71,0x2fc4,0x299e W2=0x3f7e,0x2c2f,0x2b80
  r61_witness[12] r61=16 tail=31 gh60=0x4b1cd6e W1=0x2860,0x3c9d,0x23df W2=0x276d,0x17d9,0x2987
  r61_witness[13] r61=16 tail=32 gh60=0x4a88caa W1=0x25ed,0x3c74,0x4e6 W2=0x24fa,0x52f,0x2f6d
  r61_witness[14] r61=16 tail=38 gh60=0x4b0856a W1=0x12dd,0x218,0x7a3 W2=0x11ea,0x161a,0x3af5
  r61_witness[15] r61=16 tail=39 gh60=0xc938b6a W1=0x39cd,0x3e8c,0x465 W2=0x38da,0x3cc3,0x16cb

D60=0 fiber histogram: 1:8078 2:4749 3:1786 4:1083 5:404 6:207 7:87 8:77 9:24 10:16 11:6 12:6 13:2 14:4 15:1 16:2 18:1
