free_word_mitm_reducedn
N=14 mask=0x3fff msb=0x2000
candidate: M0=0x3d36 mode=random-fallback fill=0x3fff kernel=dM0=dM9=0x2000
prefixes=32768/268435456 mode=permuted-prefix-sample w59_per_prefix=16384 total=536870912
run_mode=scan registry_cap=16
sample_start=31883264
scan_elapsed=19.952s rate=26.91 Mtriples/s

D60 interface
  D60=0 matches: 32535 (random expectation 32768.0, enrichment 0.993x)
  prefixes with D60=0: 16528
  max D60=0 fiber per prefix: 23 at W57=0x1e68 W58=0x1917
  largest D60 bucket: D=0x173 count=33791
  min D60 HW: 0
  D60 HW histogram: 0:32535 1:458488 2:2985337 3:11941101 4:32800607 5:65621390 6:98439981 7:112486253 8:98396924 9:65583625 10:32759738 11:11903212 12:2970267 13:458590 14:32864

Tail closure among D60=0 matches
  final tail collisions: 0
  best r61 HW: 12
  best r61 W1[57..59]=0x161d,0x3021,0x2587
  best r61 W2[57..59]=0x152a,0xad4,0x2267
  best tail HW: 18
  best tail r61 HW: 17
  best W1[57..59]=0xf54,0x243a,0x2460
  best W2[57..59]=0xe61,0x3907,0x285

SUMMARY N=14 sample_start=31883264 prefixes=32768 total=536870912 d0=32535 best_tail=18 tail_r61=17 best_r61=12 tail_W1=0xf54,0x243a,0x2460 tail_W2=0xe61,0x3907,0x285 r61_W1=0x161d,0x3021,0x2587 r61_W2=0x152a,0xad4,0x2267

Scan-only witness registry
  registry_count=16 registry_cap=16
  witness[00] tail=18 r61=17 gh60=0xf927f66 W1=0xf54,0x243a,0x2460 W2=0xe61,0x3907,0x285
  witness[01] tail=21 r61=23 gh60=0xcfacfe6 W1=0x17a4,0x622,0xb80 W2=0x16b1,0x3a8d,0x34a4
  witness[02] tail=22 r61=16 gh60=0x4489ca6 W1=0x3e2b,0x2cee,0x3598 W2=0x3d38,0x3a88,0x1c90
  witness[03] tail=23 r61=20 gh60=0x398c4ae W1=0x1b00,0x26d6,0x2b4c W2=0x1a0d,0x25e7,0x3d38
  witness[04] tail=24 r61=19 gh60=0x59787be W1=0x3b7,0x49e,0x637 W2=0x2c4,0x3d74,0x342
  witness[05] tail=24 r61=19 gh60=0xc628d9a W1=0x685,0x34fa,0x4d3 W2=0x592,0x26a8,0x8f7
  witness[06] tail=24 r61=22 gh60=0xdbac56a W1=0x2ae2,0x7b1,0x10b6 W2=0x29ef,0x1458,0x1078
  witness[07] tail=24 r61=28 gh60=0xde684fa W1=0x3d19,0x3a37,0x2bfe W2=0x3c26,0x31ef,0x2b00
  witness[08] tail=25 r61=16 gh60=0x488bcaa W1=0x3131,0x3371,0x3a81 W2=0x303e,0x2a38,0x782
  witness[09] tail=25 r61=18 gh60=0xce3fbe6 W1=0x3194,0x2e09,0x28ad W2=0x30a1,0x27ea,0x3b72
  witness[10] tail=25 r61=19 gh60=0x4ab9cbe W1=0x1ff7,0x397d,0x15d6 W2=0x1f04,0x65c,0x2351
  witness[11] tail=25 r61=20 gh60=0xc634dfa W1=0x696,0x37a3,0x342d W2=0x5a3,0x1a03,0xa51
  witness[12] tail=25 r61=21 gh60=0xfa09cea W1=0x1e0d,0x2ccf,0x1a3f W2=0x1d1a,0x3512,0x2683
  witness[13] tail=25 r61=22 gh60=0x56e8dba W1=0x3879,0x109b,0x2f93 W2=0x3786,0x3b02,0x2493
  witness[14] tail=25 r61=23 gh60=0x491cb66 W1=0x394c,0x358b,0x19fc W2=0x3859,0xf6a,0x1832
  witness[15] tail=25 r61=23 gh60=0xd71476a W1=0x3b5e,0x2686,0x17fe W2=0x3a6b,0x34dd,0x42d

Scan-only r61 registry
  registry_count=16 registry_cap=16
  r61_witness[00] r61=12 tail=26 gh60=0x4608cea W1=0x161d,0x3021,0x2587 W2=0x152a,0xad4,0x2267
  r61_witness[01] r61=14 tail=30 gh60=0x4d6857a W1=0x2cd9,0x13cb,0x2123 W2=0x2be6,0x30ff,0x210f
  r61_witness[02] r61=14 tail=35 gh60=0x4a284e6 W1=0x2513,0x22e9,0x2c76 W2=0x2420,0x3dcc,0x1d5f
  r61_witness[03] r61=14 tail=36 gh60=0x5a085ea W1=0xc8d,0x88e,0x3bf8 W2=0xb9a,0x1328,0x3dad
  r61_witness[04] r61=15 tail=30 gh60=0xc6085e6 W1=0x3c8b,0x9df,0x24e5 W2=0x3b98,0x119e,0x271f
  r61_witness[05] r61=15 tail=32 gh60=0x49abc9e W1=0x2f27,0xcdb,0x2fea W2=0x2e34,0x374b,0x374
  r61_witness[06] r61=15 tail=33 gh60=0x44984a6 W1=0xc33,0xe10,0x1561 W2=0xb40,0x1c7d,0x243b
  r61_witness[07] r61=16 tail=22 gh60=0x4489ca6 W1=0x3e2b,0x2cee,0x3598 W2=0x3d38,0x3a88,0x1c90
  r61_witness[08] r61=16 tail=25 gh60=0x488bcaa W1=0x3131,0x3371,0x3a81 W2=0x303e,0x2a38,0x782
  r61_witness[09] r61=16 tail=27 gh60=0xc9887aa W1=0xbbd,0x3511,0xd97 W2=0xaca,0x2855,0x3167
  r61_witness[10] r61=16 tail=27 gh60=0x4b884aa W1=0x323d,0x342,0x3467 W2=0x314a,0x156e,0x7bd
  r61_witness[11] r61=16 tail=29 gh60=0x4528566 W1=0x4d3,0x2163,0x39cb W2=0x3e0,0x359e,0x3570
  r61_witness[12] r61=16 tail=29 gh60=0xca34bfe W1=0x1598,0x380d,0x36da W2=0x14a5,0x3d9d,0xa12
  r61_witness[13] r61=16 tail=29 gh60=0x4e18be6 W1=0x259b,0x2885,0x3aa9 W2=0x24a8,0x2ec3,0x3b09
  r61_witness[14] r61=16 tail=32 gh60=0x4d2859e W1=0xcc7,0x2539,0xb5b W2=0xbd4,0x2bc0,0xfca
  r61_witness[15] r61=16 tail=32 gh60=0x48abb9a W1=0x31a9,0x33ef,0x188d W2=0x30b6,0x1e17,0x2c7b

D60=0 fiber histogram: 1:7965 2:4854 3:1758 4:1102 5:431 6:203 7:90 8:64 9:21 10:17 11:9 12:6 13:3 16:1 17:1 20:2 23:1
