free_word_mitm_reducedn
N=14 mask=0x3fff msb=0x2000
candidate: M0=0x3d36 mode=random-fallback fill=0x3fff kernel=dM0=dM9=0x2000
prefixes=32768/268435456 mode=permuted-prefix-sample w59_per_prefix=16384 total=536870912
run_mode=scan registry_cap=16
sample_start=112623616
scan_elapsed=19.994s rate=26.85 Mtriples/s

D60 interface
  D60=0 matches: 32311 (random expectation 32768.0, enrichment 0.986x)
  prefixes with D60=0: 16472
  max D60=0 fiber per prefix: 18 at W57=0x276f W58=0x15ae
  largest D60 bucket: D=0x1438 count=33693
  min D60 HW: 0
  D60 HW histogram: 0:32311 1:456559 2:2974880 3:11918241 4:32807537 5:65648719 6:98454884 7:112499092 8:98402024 9:65570855 10:32753610 11:11895033 12:2969152 13:455435 14:32580

Tail closure among D60=0 matches
  final tail collisions: 0
  best r61 HW: 15
  best r61 W1[57..59]=0x2727,0xfa3,0x20ae
  best r61 W2[57..59]=0x2634,0xc99,0x36b0
  best tail HW: 23
  best tail r61 HW: 24
  best W1[57..59]=0x309d,0x3473,0x54e
  best W2[57..59]=0x2faa,0x2bc2,0x271c

SUMMARY N=14 sample_start=112623616 prefixes=32768 total=536870912 d0=32311 best_tail=23 tail_r61=24 best_r61=15 tail_W1=0x309d,0x3473,0x54e tail_W2=0x2faa,0x2bc2,0x271c r61_W1=0x2727,0xfa3,0x20ae r61_W2=0x2634,0xc99,0x36b0

Scan-only witness registry
  registry_count=16 registry_cap=16
  witness[00] tail=23 r61=24 gh60=0x760bdea W1=0x309d,0x3473,0x54e W2=0x2faa,0x2bc2,0x271c
  witness[01] tail=24 r61=17 gh60=0xb56859e W1=0x2c7,0x23a3,0xc02 W2=0x1d4,0x2828,0x308d
  witness[02] tail=24 r61=19 gh60=0xc59fc9a W1=0xdea,0x2ed9,0x3ac0 W2=0xcf7,0x5de,0x291b
  witness[03] tail=24 r61=26 gh60=0xfcf45ae W1=0x2cc0,0x22d3,0xa90 W2=0x2bcd,0x80c,0x37a4
  witness[04] tail=25 r61=15 gh60=0x4b0459a W1=0xcca,0xaec,0x5c2 W2=0xbd7,0x3958,0x72f
  witness[05] tail=25 r61=17 gh60=0x5bb859e W1=0xaa7,0x1748,0xc5a W2=0x9b4,0x1b15,0x2dce
  witness[06] tail=25 r61=19 gh60=0xc659b9e W1=0x187,0x21e3,0x2b28 W2=0x94,0x17b7,0x1d69
  witness[07] tail=25 r61=19 gh60=0x473fda6 W1=0xec4,0x2c64,0x393d W2=0xdd1,0xfcb,0x2a20
  witness[08] tail=25 r61=19 gh60=0xd968b9a W1=0x29c9,0x148a,0x30de W2=0x28d6,0xff8,0x2f42
  witness[09] tail=25 r61=22 gh60=0x4d3856a W1=0x1a61,0xc00,0x15ae W2=0x196e,0x1a9e,0x3308
  witness[10] tail=25 r61=24 gh60=0xb8accaa W1=0x2932,0x2bee,0x1bc W2=0x283f,0x2e32,0x3f19
  witness[11] tail=25 r61=25 gh60=0xd49cca6 W1=0x2834,0xd53,0x174 W2=0x2741,0x2800,0x2d59
  witness[12] tail=25 r61=27 gh60=0xf7f47ea W1=0x138e,0x1de1,0x2829 W2=0x129b,0x2db4,0x1fd7
  witness[13] tail=25 r61=28 gh60=0x7e18dee W1=0x189f,0x2b75,0x2217 W2=0x17ac,0x2024,0x3512
  witness[14] tail=26 r61=17 gh60=0xcf04f9a W1=0x17ca,0x1f06,0x1733 W2=0x16d7,0x1c55,0x1b3c
  witness[15] tail=26 r61=19 gh60=0x5a2849e W1=0x3c07,0x17d5,0x1382 W2=0x3b14,0x36cc,0x3541

Scan-only r61 registry
  registry_count=16 registry_cap=16
  r61_witness[00] r61=15 tail=25 gh60=0x4b0459a W1=0xcca,0xaec,0x5c2 W2=0xbd7,0x3958,0x72f
  r61_witness[01] r61=15 tail=28 gh60=0xc968c9e W1=0x2727,0xfa3,0x20ae W2=0x2634,0xc99,0x36b0
  r61_witness[02] r61=15 tail=36 gh60=0xc895baa W1=0x1dbe,0x1e7e,0x2b4a W2=0x1ccb,0x1f7a,0x2dc
  r61_witness[03] r61=16 tail=27 gh60=0x5988baa W1=0x571,0x32ef,0x104e W2=0x47e,0x33b6,0x1702
  r61_witness[04] r61=16 tail=29 gh60=0x452fd7a W1=0xe56,0x19df,0xa37 W2=0xd63,0x284f,0x1290
  r61_witness[05] r61=16 tail=30 gh60=0x4708d6a W1=0x3661,0x539,0xd53 W2=0x356e,0xfa0,0x1847
  r61_witness[06] r61=16 tail=33 gh60=0x4d07c9a W1=0x2e4a,0x121d,0x3ad4 W2=0x2d57,0x2ce2,0x3e83
  r61_witness[07] r61=16 tail=35 gh60=0x44985ae W1=0x4bf,0x1d9c,0x3dae W2=0x3cc,0x344,0x14e0
  r61_witness[08] r61=16 tail=37 gh60=0x5488daa W1=0x28bd,0x8a4,0x3add W2=0x27ca,0x11e7,0x1eb6
  r61_witness[09] r61=16 tail=37 gh60=0x450856a W1=0x344d,0x30aa,0x691 W2=0x335a,0xa38,0x21f7
  r61_witness[10] r61=17 tail=24 gh60=0xb56859e W1=0x2c7,0x23a3,0xc02 W2=0x1d4,0x2828,0x308d
  r61_witness[11] r61=17 tail=25 gh60=0x5bb859e W1=0xaa7,0x1748,0xc5a W2=0x9b4,0x1b15,0x2dce
  r61_witness[12] r61=17 tail=26 gh60=0xcf04f9a W1=0x17ca,0x1f06,0x1733 W2=0x16d7,0x1c55,0x1b3c
  r61_witness[13] r61=17 tail=27 gh60=0xda884a6 W1=0x1fb,0x174e,0x1582 W2=0x108,0x231b,0x3d60
  r61_witness[14] r61=17 tail=27 gh60=0xca185fa W1=0x2c95,0x253d,0xdf7 W2=0x2ba2,0x12d9,0x3b2e
  r61_witness[15] r61=17 tail=27 gh60=0x4789cae W1=0x3def,0x4da,0xb8c W2=0x3cfc,0x373d,0x106e

D60=0 fiber histogram: 1:7960 2:4868 3:1732 4:1087 5:387 6:223 7:80 8:66 9:25 10:26 11:9 12:2 13:2 14:3 16:1 18:1
