free_word_mitm_reducedn
N=14 mask=0x3fff msb=0x2000
candidate: M0=0x3d36 mode=random-fallback fill=0x3fff kernel=dM0=dM9=0x2000
prefixes=32768/268435456 mode=permuted-prefix-sample w59_per_prefix=16384 total=536870912
run_mode=scan registry_cap=16
sample_start=121012224
scan_elapsed=19.937s rate=26.93 Mtriples/s

D60 interface
  D60=0 matches: 32263 (random expectation 32768.0, enrichment 0.985x)
  prefixes with D60=0: 16329
  max D60=0 fiber per prefix: 20 at W57=0x2775 W58=0x267f
  largest D60 bucket: D=0x2870 count=33842
  min D60 HW: 0
  D60 HW histogram: 0:32263 1:456587 2:2976066 3:11928590 4:32822042 5:65646203 6:98462543 7:112473090 8:98369489 9:65555035 10:32766438 11:11912634 12:2977987 13:458939 14:33006

Tail closure among D60=0 matches
  final tail collisions: 0
  best r61 HW: 13
  best r61 W1[57..59]=0x1231,0x39c1,0x219c
  best r61 W2[57..59]=0x113e,0xec1,0x1f5
  best tail HW: 22
  best tail r61 HW: 19
  best W1[57..59]=0x4bd,0x27f3,0x3d7a
  best W2[57..59]=0x3ca,0x3577,0x27b

SUMMARY N=14 sample_start=121012224 prefixes=32768 total=536870912 d0=32263 best_tail=22 tail_r61=19 best_r61=13 tail_W1=0x4bd,0x27f3,0x3d7a tail_W2=0x3ca,0x3577,0x27b r61_W1=0x1231,0x39c1,0x219c r61_W2=0x113e,0xec1,0x1f5

Scan-only witness registry
  registry_count=16 registry_cap=16
  witness[00] tail=22 r61=19 gh60=0x45885aa W1=0x4bd,0x27f3,0x3d7a W2=0x3ca,0x3577,0x27b
  witness[01] tail=23 r61=22 gh60=0x7f99d66 W1=0xe3,0x23db,0x3659 W2=0x3ff0,0x32a3,0x2deb
  witness[02] tail=24 r61=21 gh60=0xca7c4ea W1=0x3312,0xa06,0xd9 W2=0x321f,0x21d5,0x8c4
  witness[03] tail=25 r61=17 gh60=0x4d89caa W1=0x3e31,0xe14,0x2901 W2=0x3d3e,0x1413,0x35ed
  witness[04] tail=25 r61=18 gh60=0x5f04566 W1=0x4dc,0x17e7,0x175c W2=0x3e9,0x8fd,0x112d
  witness[05] tail=25 r61=20 gh60=0xca584fe W1=0xc17,0x31ba,0x3721 W2=0xb24,0x3d62,0x2979
  witness[06] tail=25 r61=21 gh60=0x4664b66 W1=0x1964,0x92f,0x3ed9 W2=0x1871,0x1b2a,0x477
  witness[07] tail=25 r61=21 gh60=0x36d479e W1=0x33c8,0x1eab,0x195c W2=0x32d5,0x28bd,0x328b
  witness[08] tail=25 r61=21 gh60=0xc8bcce6 W1=0x3924,0x7a8,0xf30 W2=0x3831,0x206b,0x3300
  witness[09] tail=25 r61=22 gh60=0x4a085e6 W1=0x248b,0x17a2,0xb8c W2=0x2398,0xa5b,0x2df6
  witness[10] tail=25 r61=23 gh60=0xcb944ae W1=0x240,0x35e6,0x22eb W2=0x14d,0x10f7,0x3315
  witness[11] tail=25 r61=25 gh60=0xd579ca6 W1=0x2033,0x3411,0x3ef4 W2=0x1f40,0x3bbb,0x108a
  witness[12] tail=25 r61=26 gh60=0x4ebbcbe W1=0x2ef7,0x1493,0x5 W2=0x2e04,0x3976,0x1468
  witness[13] tail=25 r61=27 gh60=0xf6d4b9a W1=0x35c6,0x360,0x2a0b W2=0x34d3,0x14b3,0xa36
  witness[14] tail=26 r61=16 gh60=0xda8bca6 W1=0x10eb,0xd45,0x260d W2=0xff8,0x3adb,0xfc6
  witness[15] tail=26 r61=17 gh60=0x38b87e6 W1=0x3a3,0x2ec2,0x3be3 W2=0x2b0,0x1831,0x24cf

Scan-only r61 registry
  registry_count=16 registry_cap=16
  r61_witness[00] r61=13 tail=31 gh60=0xcc884aa W1=0x1231,0x39c1,0x219c W2=0x113e,0xec1,0x1f5
  r61_witness[01] r61=15 tail=28 gh60=0x4d18d6a W1=0x26dd,0x1004,0xece W2=0x25ea,0x1d43,0xc4f
  r61_witness[02] r61=15 tail=29 gh60=0xcb885ae W1=0x1a7f,0x342a,0x3951 W2=0x198c,0x2762,0x9e0
  r61_witness[03] r61=15 tail=33 gh60=0x498bbaa W1=0xdc1,0x3aec,0x1780 W2=0xcce,0x3237,0x2346
  r61_witness[04] r61=15 tail=36 gh60=0xd5a8dba W1=0x28b9,0x2f67,0x81c W2=0x27c6,0x93e,0x2afc
  r61_witness[05] r61=16 tail=26 gh60=0xda8bca6 W1=0x10eb,0xd45,0x260d W2=0xff8,0x3adb,0xfc6
  r61_witness[06] r61=16 tail=30 gh60=0x4718b6a W1=0x1951,0x26dd,0xec5 W2=0x185e,0x34d8,0x173b
  r61_witness[07] r61=16 tail=31 gh60=0xd88c4aa W1=0x232e,0x597,0x287f W2=0x223b,0xd98,0x31aa
  r61_witness[08] r61=16 tail=32 gh60=0x4b0477a W1=0x1bda,0x22a1,0x2c8d W2=0x1ae7,0x237a,0x2690
  r61_witness[09] r61=16 tail=32 gh60=0x4907f66 W1=0x2fcc,0x1d17,0x2c2e W2=0x2ed9,0x33d4,0x373
  r61_witness[10] r61=16 tail=36 gh60=0x4b08b6a W1=0x94d,0xb0,0x35aa W2=0x85a,0x2af3,0x1ddd
  r61_witness[11] r61=16 tail=36 gh60=0x4b05d66 W1=0x20cc,0x41,0x34c7 W2=0x1fd9,0x3672,0x188
  r61_witness[12] r61=17 tail=25 gh60=0x4d89caa W1=0x3e31,0xe14,0x2901 W2=0x3d3e,0x1413,0x35ed
  r61_witness[13] r61=17 tail=26 gh60=0x38b87e6 W1=0x3a3,0x2ec2,0x3be3 W2=0x2b0,0x1831,0x24cf
  r61_witness[14] r61=17 tail=26 gh60=0x4b77f7a W1=0x2f56,0x418,0x3ce1 W2=0x2e63,0x3238,0x5cb
  r61_witness[15] r61=17 tail=27 gh60=0xdf845a6 W1=0x246c,0x27ae,0x34d1 W2=0x2379,0x1e64,0x26e3

D60=0 fiber histogram: 1:7999 2:4591 3:1757 4:1114 5:411 6:244 7:70 8:69 9:22 10:27 11:6 12:5 13:9 14:1 15:1 16:1 18:1 20:1
