free_word_mitm_reducedn
N=14 mask=0x3fff msb=0x2000
candidate: M0=0x3d36 mode=random-fallback fill=0x3fff kernel=dM0=dM9=0x2000
prefixes=32768/268435456 mode=permuted-prefix-sample w59_per_prefix=16384 total=536870912
run_mode=scan registry_cap=16
sample_start=129269760
scan_elapsed=19.890s rate=26.99 Mtriples/s

D60 interface
  D60=0 matches: 32534 (random expectation 32768.0, enrichment 0.993x)
  prefixes with D60=0: 16488
  max D60=0 fiber per prefix: 15 at W57=0x2ea3 W58=0xe29
  largest D60 bucket: D=0x304d count=33846
  min D60 HW: 0
  D60 HW histogram: 0:32534 1:454973 2:2971542 3:11912814 4:32787408 5:65596645 6:98433345 7:112503032 8:98437997 9:65596365 10:32770198 11:11909361 12:2974648 13:457631 14:32419

Tail closure among D60=0 matches
  final tail collisions: 0
  best r61 HW: 13
  best r61 W1[57..59]=0x1f13,0x1d67,0x3833
  best r61 W2[57..59]=0x1e20,0x1a0b,0x236f
  best tail HW: 23
  best tail r61 HW: 15
  best W1[57..59]=0x1c05,0x298f,0x3ea0
  best W2[57..59]=0x1b12,0x209a,0x23df

SUMMARY N=14 sample_start=129269760 prefixes=32768 total=536870912 d0=32534 best_tail=23 tail_r61=15 best_r61=13 tail_W1=0x1c05,0x298f,0x3ea0 tail_W2=0x1b12,0x209a,0x23df r61_W1=0x1f13,0x1d67,0x3833 r61_W2=0x1e20,0x1a0b,0x236f

Scan-only witness registry
  registry_count=16 registry_cap=16
  witness[00] tail=23 r61=15 gh60=0x4a2849a W1=0x1c05,0x298f,0x3ea0 W2=0x1b12,0x209a,0x23df
  witness[01] tail=23 r61=19 gh60=0xc938f6a W1=0x761,0x19c6,0x387c W2=0x66e,0x14d9,0x15e2
  witness[02] tail=24 r61=16 gh60=0x4608cee W1=0x190f,0x925,0x2971 W2=0x181c,0x3500,0x2095
  witness[03] tail=24 r61=17 gh60=0x4b89fa6 W1=0x1f6b,0x383c,0x3fe3 W2=0x1e78,0x2082,0x1bdd
  witness[04] tail=24 r61=18 gh60=0x5b0856a W1=0x32e1,0x2ef7,0xfd3 W2=0x31ee,0x3cf5,0xaa0
  witness[05] tail=24 r61=20 gh60=0xded4c9e W1=0x28e8,0x35a7,0x111e W2=0x27f5,0x11a,0x3fc
  witness[06] tail=24 r61=23 gh60=0x4efbcea W1=0x2f21,0x2da2,0x29c8 W2=0x2e2e,0x26c5,0x3f82
  witness[07] tail=24 r61=24 gh60=0x7a184ee W1=0x1a0f,0xf3f,0x3043 W2=0x191c,0xf69,0x2ef8
  witness[08] tail=24 r61=27 gh60=0xc9a84a6 W1=0x22f3,0x465,0x1171 W2=0x2200,0x550,0xbae
  witness[09] tail=25 r61=13 gh60=0x4b84cba W1=0x38fa,0x534,0x31c3 W2=0x3807,0x3768,0x15d1
  witness[10] tail=25 r61=18 gh60=0x46e5ca6 W1=0x1f04,0x3a67,0x105d W2=0x1e11,0x2522,0x2002
  witness[11] tail=25 r61=18 gh60=0xc989caa W1=0x2131,0x1fef,0x30ae W2=0x203e,0x1fae,0x1c87
  witness[12] tail=25 r61=20 gh60=0x4ae4d6a W1=0x6e2,0xc6e,0x49a W2=0x5ef,0x1ace,0x11f3
  witness[13] tail=25 r61=21 gh60=0x3e69d9e W1=0x1e67,0x32d0,0x36a3 W2=0x1d74,0x3ba4,0x39d0
  witness[14] tail=25 r61=24 gh60=0xc918b6e W1=0x154f,0x3e5,0x11de W2=0x145c,0x600,0x257e
  witness[15] tail=25 r61=26 gh60=0xd5f85aa W1=0xab1,0x30c3,0xd0 W2=0x9be,0x2d5b,0x811

Scan-only r61 registry
  registry_count=16 registry_cap=16
  r61_witness[00] r61=13 tail=25 gh60=0x4b84cba W1=0x38fa,0x534,0x31c3 W2=0x3807,0x3768,0x15d1
  r61_witness[01] r61=13 tail=33 gh60=0xc619ce6 W1=0x1f13,0x1d67,0x3833 W2=0x1e20,0x1a0b,0x236f
  r61_witness[02] r61=14 tail=29 gh60=0xca89caa W1=0x3e01,0x24cf,0x3d6 W2=0x3d0e,0x2f3e,0x2783
  r61_witness[03] r61=15 tail=23 gh60=0x4a2849a W1=0x1c05,0x298f,0x3ea0 W2=0x1b12,0x209a,0x23df
  r61_witness[04] r61=15 tail=32 gh60=0xc9844ba W1=0x1cfa,0xfe6,0x2086 W2=0x1c07,0x599,0xe08
  r61_witness[05] r61=15 tail=33 gh60=0x4528d7a W1=0x659,0xd32,0x5d7 W2=0x566,0x2b25,0x3458
  r61_witness[06] r61=15 tail=36 gh60=0x4a084e6 W1=0x1a1b,0x1ce1,0xe54 W2=0x1928,0x3bb4,0x336
  r61_witness[07] r61=16 tail=24 gh60=0x4608cee W1=0x190f,0x925,0x2971 W2=0x181c,0x3500,0x2095
  r61_witness[08] r61=16 tail=27 gh60=0x4e544ba W1=0x24f6,0x1e21,0x3b33 W2=0x2403,0x524,0x2238
  r61_witness[09] r61=16 tail=29 gh60=0x3a07cfa W1=0xe1a,0x14ce,0x36c W2=0xd27,0x27c2,0x1950
  r61_witness[10] r61=16 tail=29 gh60=0x74b4daa W1=0x28be,0x29db,0x395d W2=0x27cb,0x2333,0x20c3
  r61_witness[11] r61=16 tail=30 gh60=0xc709b66 W1=0x1cb,0x1809,0x34f4 W2=0xd8,0x1761,0x325
  r61_witness[12] r61=16 tail=30 gh60=0x4c884aa W1=0x2241,0x32fd,0x1262 W2=0x214e,0x37ed,0x1697
  r61_witness[13] r61=16 tail=31 gh60=0x3b944aa W1=0x14ee,0x30cc,0xd8c W2=0x13fb,0x8cd,0x3059
  r61_witness[14] r61=16 tail=32 gh60=0xc88c4ba W1=0xb3a,0x2829,0x1f81 W2=0xa47,0x10dc,0x3e16
  r61_witness[15] r61=16 tail=32 gh60=0x4a87da6 W1=0x2e7c,0x13d0,0x299f W2=0x2d89,0x20f3,0x25a9

D60=0 fiber histogram: 1:8020 2:4736 3:1776 4:1083 5:401 6:232 7:96 8:75 9:21 10:30 11:4 12:7 13:3 14:3 15:1
