free_word_mitm_reducedn
N=14 mask=0x3fff msb=0x2000
candidate: M0=0x3d36 mode=random-fallback fill=0x3fff kernel=dM0=dM9=0x2000
prefixes=32768/268435456 mode=permuted-prefix-sample w59_per_prefix=16384 total=536870912
run_mode=scan registry_cap=16
sample_start=5406720
scan_elapsed=11.623s rate=46.19 Mtriples/s

D60 interface
  D60=0 matches: 32643 (random expectation 32768.0, enrichment 0.996x)
  prefixes with D60=0: 16534
  max D60=0 fiber per prefix: 23 at W57=0x3168 W58=0x3a19
  largest D60 bucket: D=0x1151 count=33804
  min D60 HW: 0
  D60 HW histogram: 0:32643 1:455876 2:2974015 3:11916728 4:32795648 5:65627154 6:98447877 7:112497703 8:98413367 9:65582364 10:32757256 11:11907222 12:2973643 13:456817 14:32599

Tail closure among D60=0 matches
  final tail collisions: 0
  best r61 HW: 15
  best r61 W1[57..59]=0xfdf,0x3e8f,0x84e
  best r61 W2[57..59]=0xeec,0x23be,0x1bed
  best tail HW: 22
  best tail r61 HW: 16
  best W1[57..59]=0x2bcc,0x1576,0x15a
  best W2[57..59]=0x2ad9,0x1ba,0xea5

SUMMARY N=14 sample_start=5406720 prefixes=32768 total=536870912 d0=32643 best_tail=22 tail_r61=16 best_r61=15 tail_W1=0x2bcc,0x1576,0x15a tail_W2=0x2ad9,0x1ba,0xea5 r61_W1=0xfdf,0x3e8f,0x84e r61_W2=0xeec,0x23be,0x1bed

Scan-only witness registry
  registry_count=16 registry_cap=16
  witness[00] tail=22 r61=16 gh60=0x4b04766 W1=0x2bcc,0x1576,0x15a W2=0x2ad9,0x1ba,0xea5
  witness[01] tail=22 r61=21 gh60=0x5b2c77a W1=0x1bd6,0x1c94,0x1785 W2=0x1ae3,0x2d79,0x2f48
  witness[02] tail=23 r61=16 gh60=0xcb0c566 W1=0x24c,0xb8,0x1806 W2=0x159,0x16ea,0x22ea
  witness[03] tail=23 r61=16 gh60=0xd55859e W1=0x1aa7,0x1992,0x2f0e W2=0x19b4,0x2d53,0x13fc
  witness[04] tail=23 r61=16 gh60=0xc99fcae W1=0x2f30,0x8f,0x2867 W2=0x2e3d,0x1577,0x2682
  witness[05] tail=23 r61=19 gh60=0xce24daa W1=0x1882,0x3e6f,0x690 W2=0x178f,0x195b,0x14ca
  witness[06] tail=23 r61=20 gh60=0x5e85ba6 W1=0x1d7c,0x2674,0x247d W2=0x1c89,0x2c37,0x100f
  witness[07] tail=23 r61=20 gh60=0xfa084ea W1=0x2b0d,0x4a2,0x918 W2=0x2a1a,0xb94,0x1032
  witness[08] tail=23 r61=23 gh60=0x59b8fa6 W1=0x17bb,0x2721,0x1b0 W2=0x16c8,0x1d65,0x947
  witness[09] tail=24 r61=17 gh60=0x4a244a6 W1=0x3b04,0x2778,0x199e W2=0x3a11,0x2876,0x1770
  witness[10] tail=24 r61=20 gh60=0x45d4cba W1=0x15f6,0x3138,0x985 W2=0x1503,0x2978,0xdd1
  witness[11] tail=24 r61=21 gh60=0xd9a849a W1=0x1329,0x2ebb,0x2f7a W2=0x1236,0x270e,0x3102
  witness[12] tail=24 r61=21 gh60=0x3b1c4aa W1=0x3b42,0x760,0x2455 W2=0x3a4f,0x2035,0x1862
  witness[13] tail=24 r61=22 gh60=0x449c49a W1=0x242a,0x1b9,0x26aa W2=0x2337,0x2745,0x2205
  witness[14] tail=24 r61=24 gh60=0x7e0ccee W1=0x3810,0x2e8d,0x931 W2=0x371d,0x1669,0x372a
  witness[15] tail=24 r61=27 gh60=0x3becd6a W1=0x662,0x3d39,0x3b60 W2=0x56f,0x6c1,0x5ad

Scan-only r61 registry
  registry_count=16 registry_cap=16
  r61_witness[00] r61=15 tail=29 gh60=0x58947ae W1=0x13b0,0x678,0x110a W2=0x12bd,0x11c1,0x1402
  r61_witness[01] r61=15 tail=31 gh60=0x5888caa W1=0x1931,0x24f,0x2ad8 W2=0x183e,0x138e,0x386
  r61_witness[02] r61=15 tail=32 gh60=0x490bf6e W1=0xfdf,0x3e8f,0x84e W2=0xeec,0x23be,0x1bed
  r61_witness[03] r61=16 tail=22 gh60=0x4b04766 W1=0x2bcc,0x1576,0x15a W2=0x2ad9,0x1ba,0xea5
  r61_witness[04] r61=16 tail=23 gh60=0xcb0c566 W1=0x24c,0xb8,0x1806 W2=0x159,0x16ea,0x22ea
  r61_witness[05] r61=16 tail=23 gh60=0xd55859e W1=0x1aa7,0x1992,0x2f0e W2=0x19b4,0x2d53,0x13fc
  r61_witness[06] r61=16 tail=23 gh60=0xc99fcae W1=0x2f30,0x8f,0x2867 W2=0x2e3d,0x1577,0x2682
  r61_witness[07] r61=16 tail=25 gh60=0x4675c9e W1=0x3f08,0x3371,0x911 W2=0x3e15,0x3ca6,0xe35
  r61_witness[08] r61=16 tail=26 gh60=0x5a884aa W1=0x3301,0x48d,0x42e W2=0x320e,0x1b3d,0x122f
  r61_witness[09] r61=16 tail=28 gh60=0x4d885a6 W1=0x1cab,0x212d,0x3e3a W2=0x1bb8,0x2660,0x1ae
  r61_witness[10] r61=16 tail=29 gh60=0xc48fdaa W1=0x2eae,0x1dd9,0x2131 W2=0x2dbb,0x6c1,0x2cdc
  r61_witness[11] r61=16 tail=30 gh60=0x4e184ea W1=0x150d,0x1883,0x380 W2=0x141a,0x3079,0x3d67
  r61_witness[12] r61=16 tail=32 gh60=0x5a3bdea W1=0xe91,0xb99,0x199 W2=0xd9e,0x3ef4,0x3db1
  r61_witness[13] r61=16 tail=33 gh60=0x4a08be6 W1=0x59b,0x2200,0x29bf W2=0x4a8,0x283e,0x2e96
  r61_witness[14] r61=16 tail=34 gh60=0xc8884ae W1=0x2d2f,0x67c,0x21b5 W2=0x2c3c,0x229c,0x26c6
  r61_witness[15] r61=16 tail=34 gh60=0x4a044e6 W1=0x3a1c,0x3ca2,0xb27 W2=0x3929,0x2566,0x1c9e

D60=0 fiber histogram: 1:7977 2:4848 3:1759 4:1113 5:402 6:211 7:73 8:62 9:31 10:25 11:11 12:10 13:5 14:1 15:2 16:1 18:1 22:1 23:1
