free_word_mitm_reducedn
N=14 mask=0x3fff msb=0x2000
candidate: M0=0x3d36 mode=random-fallback fill=0x3fff kernel=dM0=dM9=0x2000
prefixes=32768/268435456 mode=permuted-prefix-sample w59_per_prefix=16384 total=536870912
run_mode=scan registry_cap=16
sample_start=144375808
scan_elapsed=16.900s rate=31.77 Mtriples/s

D60 interface
  D60=0 matches: 32831 (random expectation 32768.0, enrichment 1.002x)
  prefixes with D60=0: 16583
  max D60=0 fiber per prefix: 30 at W57=0xaed W58=0x14a4
  largest D60 bucket: D=0xd1c count=33909
  min D60 HW: 0
  D60 HW histogram: 0:32831 1:457377 2:2980729 3:11932775 4:32820071 5:65665965 6:98453229 7:112495255 8:98374634 9:65538876 10:32761150 11:11898477 12:2969167 13:458106 14:32270

Tail closure among D60=0 matches
  final tail collisions: 0
  best r61 HW: 15
  best r61 W1[57..59]=0x3d46,0x2b0,0x1ac
  best r61 W2[57..59]=0x3c53,0x3904,0x330a
  best tail HW: 20
  best tail r61 HW: 20
  best W1[57..59]=0x386,0xf5c,0x1aa0
  best W2[57..59]=0x293,0x11fe,0x351d

SUMMARY N=14 sample_start=144375808 prefixes=32768 total=536870912 d0=32831 best_tail=20 tail_r61=20 best_r61=15 tail_W1=0x386,0xf5c,0x1aa0 tail_W2=0x293,0x11fe,0x351d r61_W1=0x3d46,0x2b0,0x1ac r61_W2=0x3c53,0x3904,0x330a

Scan-only witness registry
  registry_count=16 registry_cap=16
  witness[00] tail=20 r61=20 gh60=0x5a6c79a W1=0x386,0xf5c,0x1aa0 W2=0x293,0x11fe,0x351d
  witness[01] tail=22 r61=16 gh60=0x49e44ea W1=0x3412,0x392f,0x30bb W2=0x331f,0xf2e,0xf08
  witness[02] tail=23 r61=25 gh60=0x4e8cda6 W1=0x387c,0xd48,0x1ba9 W2=0x3789,0xfed,0x14c6
  witness[03] tail=24 r61=19 gh60=0xda1c5e6 W1=0x1a9c,0x316f,0x39be W2=0x19a9,0x141b,0x361e
  witness[04] tail=24 r61=19 gh60=0x4aebda6 W1=0x2e73,0x3b43,0x1671 W2=0x2d80,0x2511,0x3fb2
  witness[05] tail=24 r61=20 gh60=0xf557cba W1=0x3036,0x1183,0x2d73 W2=0x2f43,0x23c7,0x22ef
  witness[06] tail=24 r61=22 gh60=0x37887aa W1=0x1b71,0x3608,0x366 W2=0x1a7e,0x7d0,0xfe4
  witness[07] tail=24 r61=23 gh60=0xc8b44ae W1=0x2d40,0x38ef,0x28d8 W2=0x2c4d,0x2600,0x287d
  witness[08] tail=24 r61=28 gh60=0x7f985ba W1=0x24b5,0x1068,0x2d81 W2=0x23c2,0x3efa,0x1d79
  witness[09] tail=25 r61=19 gh60=0xc668ffa W1=0x3795,0x143c,0x350d W2=0x36a2,0x14c7,0x37c
  witness[10] tail=25 r61=21 gh60=0x5de456a W1=0x3ad2,0x4fc,0x1e2e W2=0x39df,0x268b,0x3797
  witness[11] tail=25 r61=23 gh60=0xd888cae W1=0x372f,0x1007,0x3f9c W2=0x363c,0x3b66,0x1b48
  witness[12] tail=25 r61=24 gh60=0x48fcf9a W1=0x7a6,0x3200,0x3f00 W2=0x6b3,0x2f1f,0x302a
  witness[13] tail=25 r61=24 gh60=0xc938766 W1=0x134b,0x1fec,0xe61 W2=0x1258,0x13a1,0xe06
  witness[14] tail=25 r61=24 gh60=0xba28c9a W1=0x2709,0x2488,0x39c6 W2=0x2616,0x812,0x2687
  witness[15] tail=25 r61=25 gh60=0xdf5cfbe W1=0x17b8,0x963,0xad1 W2=0x16c5,0xfaf,0x23f7

Scan-only r61 registry
  registry_count=16 registry_cap=16
  r61_witness[00] r61=15 tail=28 gh60=0xca18cee W1=0x161f,0x3719,0x289e W2=0x152c,0x39f0,0x29c4
  r61_witness[01] r61=15 tail=28 gh60=0xb929f66 W1=0x1fd3,0x3fbc,0x3d60 W2=0x1ee0,0x298c,0x2b77
  r61_witness[02] r61=15 tail=32 gh60=0x4a08dee W1=0x369f,0x3830,0x1ec4 W2=0x35ac,0x32df,0x1df1
  r61_witness[03] r61=15 tail=32 gh60=0x493449a W1=0x3d46,0x2b0,0x1ac W2=0x3c53,0x3904,0x330a
  r61_witness[04] r61=15 tail=40 gh60=0x4e08fee W1=0x179f,0x40,0x24e1 W2=0x16ac,0x8ff,0xdca
  r61_witness[05] r61=16 tail=22 gh60=0x49e44ea W1=0x3412,0x392f,0x30bb W2=0x331f,0xf2e,0xf08
  r61_witness[06] r61=16 tail=28 gh60=0x4878ca6 W1=0x72b,0x2bd0,0x34fe W2=0x638,0x86c,0x2c39
  r61_witness[07] r61=16 tail=29 gh60=0x4789baa W1=0x181,0x120c,0x1fa2 W2=0x8e,0x1083,0xa54
  r61_witness[08] r61=16 tail=29 gh60=0x4b04d66 W1=0x65c,0x632,0xcc8 W2=0x569,0x1fd1,0x461
  r61_witness[09] r61=16 tail=29 gh60=0x5717d6e W1=0x1060,0x1f45,0xb53 W2=0xf6d,0x3005,0x2ccc
  r61_witness[10] r61=16 tail=29 gh60=0x4765caa W1=0x3e42,0x39cc,0x1a18 W2=0x3d4f,0x3e4,0x3dc
  r61_witness[11] r61=16 tail=30 gh60=0x5a1bbe6 W1=0x2d8b,0x1843,0x3b8e W2=0x2c98,0x1513,0x3edf
  r61_witness[12] r61=16 tail=30 gh60=0x498bbae W1=0x317f,0x135d,0x72a W2=0x308c,0x37d4,0xaaf
  r61_witness[13] r61=16 tail=32 gh60=0x4a984ba W1=0x1af5,0x3a23,0x1f2c W2=0x1a02,0x311d,0x3045
  r61_witness[14] r61=16 tail=33 gh60=0x4a184ee W1=0x51f,0x15e5,0x1234 W2=0x42c,0x33ef,0x302b
  r61_witness[15] r61=16 tail=33 gh60=0xca085ea W1=0x3c9d,0x21b6,0x23e7 W2=0x3baa,0x40,0x2030

D60=0 fiber histogram: 1:7977 2:4790 3:1872 4:1080 5:414 6:222 7:90 8:70 9:24 10:19 11:11 12:2 13:2 14:5 15:1 16:1 18:1 20:1 30:1
