free_word_mitm_reducedn
N=14 mask=0x3fff msb=0x2000
candidate: M0=0x3d36 mode=random-fallback fill=0x3fff kernel=dM0=dM9=0x2000
prefixes=32768/268435456 mode=permuted-prefix-sample w59_per_prefix=16384 total=536870912
run_mode=scan registry_cap=16
sample_start=219873280
scan_elapsed=15.727s rate=34.14 Mtriples/s

D60 interface
  D60=0 matches: 32277 (random expectation 32768.0, enrichment 0.985x)
  prefixes with D60=0: 16474
  max D60=0 fiber per prefix: 22 at W57=0x2668 W58=0xbde
  largest D60 bucket: D=0x2d15 count=33790
  min D60 HW: 0
  D60 HW histogram: 0:32277 1:456460 2:2972809 3:11904170 4:32780727 5:65625391 6:98478393 7:112536182 8:98393898 9:65568761 10:32757717 11:11901642 12:2973448 13:456463 14:32574

Tail closure among D60=0 matches
  final tail collisions: 0
  best r61 HW: 13
  best r61 W1[57..59]=0x391c,0x2828,0x3c57
  best r61 W2[57..59]=0x3829,0x20bb,0x340c
  best tail HW: 18
  best tail r61 HW: 17
  best W1[57..59]=0x1a0b,0x29a4,0xf97
  best W2[57..59]=0x1918,0x98b,0x2bf2

SUMMARY N=14 sample_start=219873280 prefixes=32768 total=536870912 d0=32277 best_tail=18 tail_r61=17 best_r61=13 tail_W1=0x1a0b,0x29a4,0xf97 tail_W2=0x1918,0x98b,0x2bf2 r61_W1=0x391c,0x2828,0x3c57 r61_W2=0x3829,0x20bb,0x340c

Scan-only witness registry
  registry_count=16 registry_cap=16
  witness[00] tail=18 r61=17 gh60=0xd6084e6 W1=0x1a0b,0x29a4,0xf97 W2=0x1918,0x98b,0x2bf2
  witness[01] tail=20 r61=25 gh60=0x4668dba W1=0x679,0x107d,0x1cd W2=0x586,0x30e8,0xeb8
  witness[02] tail=22 r61=15 gh60=0xd92fb66 W1=0x31d4,0xee9,0x1247 W2=0x30e1,0x456,0x1f24
  witness[03] tail=24 r61=13 gh60=0xc708566 W1=0xc5b,0x1b82,0x324d W2=0xb68,0x16c1,0xe42
  witness[04] tail=24 r61=16 gh60=0xc76cde6 W1=0x6a4,0xa28,0x2ed2 W2=0x5b1,0x387,0x370b
  witness[05] tail=24 r61=20 gh60=0xd62c4aa W1=0x1b02,0x2fa4,0x1239 W2=0x1a0f,0x6f9,0x2240
  witness[06] tail=24 r61=21 gh60=0x590ff6a W1=0xf5e,0x3382,0x16a7 W2=0xe6b,0x2092,0x847
  witness[07] tail=24 r61=21 gh60=0x7998baa W1=0x196d,0x286d,0x3ed2 W2=0x187a,0x2530,0x21a7
  witness[08] tail=24 r61=22 gh60=0xcee7ba6 W1=0x1174,0x337b,0x130e W2=0x1081,0x2762,0x2b3f
  witness[09] tail=24 r61=22 gh60=0xd9f44be W1=0x2cf8,0x2ce4,0x310 W2=0x2c05,0x3a87,0xbc3
  witness[10] tail=25 r61=20 gh60=0x4668c9a W1=0x16e5,0x1a88,0x33a2 W2=0x15f2,0x101a,0x31ed
  witness[11] tail=25 r61=20 gh60=0xcd885aa W1=0x2a7d,0x1e6b,0x2ba4 W2=0x298a,0x2a7f,0xa0a
  witness[12] tail=25 r61=21 gh60=0xc60cc9a W1=0x60a,0x1019,0x3aaf W2=0x517,0x39e0,0x305b
  witness[13] tail=25 r61=22 gh60=0x4488caa W1=0x3641,0x3860,0x200f W2=0x354e,0x10cf,0x1d2a
  witness[14] tail=25 r61=23 gh60=0xc654d9a W1=0x3666,0xf25,0x3450 W2=0x3573,0x3e94,0x2241
  witness[15] tail=25 r61=24 gh60=0x4608bea W1=0x991,0x2e63,0x28b4 W2=0x89e,0x28f2,0x352e

Scan-only r61 registry
  registry_count=16 registry_cap=16
  r61_witness[00] r61=13 tail=24 gh60=0xc708566 W1=0xc5b,0x1b82,0x324d W2=0xb68,0x16c1,0xe42
  r61_witness[01] r61=13 tail=34 gh60=0x4a04ce6 W1=0x391c,0x2828,0x3c57 W2=0x3829,0x20bb,0x340c
  r61_witness[02] r61=14 tail=28 gh60=0x48884aa W1=0x3b41,0x3f60,0x16ab W2=0x3a4e,0x1810,0xf34
  r61_witness[03] r61=14 tail=33 gh60=0xda04de6 W1=0x369c,0x24a8,0x1938 W2=0x35a9,0xbd3,0xee9
  r61_witness[04] r61=15 tail=22 gh60=0xd92fb66 W1=0x31d4,0xee9,0x1247 W2=0x30e1,0x456,0x1f24
  r61_witness[05] r61=15 tail=29 gh60=0x45a476a W1=0x3e2,0x2383,0x1224 W2=0x2ef,0x17f2,0x2749
  r61_witness[06] r61=15 tail=29 gh60=0x46b8ca6 W1=0x15f3,0x98f,0x260 W2=0x1500,0x93b,0x1d6c
  r61_witness[07] r61=15 tail=34 gh60=0x4529d7a W1=0x3e55,0x1df4,0x16f3 W2=0x3d62,0xa67,0x31f3
  r61_witness[08] r61=16 tail=24 gh60=0xc76cde6 W1=0x6a4,0xa28,0x2ed2 W2=0x5b1,0x387,0x370b
  r61_witness[09] r61=16 tail=27 gh60=0x4558d7a W1=0x2659,0x2cc9,0xf77 W2=0x2566,0x12b4,0x2254
  r61_witness[10] r61=16 tail=29 gh60=0xc5844ba W1=0x2c3a,0xdda,0x1752 W2=0x2b47,0x32cd,0x208c
  r61_witness[11] r61=16 tail=30 gh60=0x4a044e6 W1=0x2c1c,0xfb0,0x160d W2=0x2b29,0x1178,0x25e8
  r61_witness[12] r61=16 tail=30 gh60=0x49884aa W1=0x2d01,0x2528,0x685 W2=0x2c0e,0x2ad8,0x2d22
  r61_witness[13] r61=16 tail=32 gh60=0x4508566 W1=0x4db,0xd17,0x2d33 W2=0x3e8,0x22c,0x23b8
  r61_witness[14] r61=16 tail=32 gh60=0xca045fa W1=0xc9a,0x2949,0x281e W2=0xba7,0x18de,0x1867
  r61_witness[15] r61=16 tail=33 gh60=0x4a084ee W1=0x350f,0x23eb,0x1465 W2=0x341c,0x1605,0xa96

D60=0 fiber histogram: 1:8044 2:4763 3:1770 4:1035 5:440 6:214 7:77 8:64 9:35 10:10 11:5 12:6 13:2 14:1 15:1 16:2 17:2 18:1 19:1 22:1
