free_word_mitm_reducedn
N=14 mask=0x3fff msb=0x2000
candidate: M0=0x3d36 mode=random-fallback fill=0x3fff kernel=dM0=dM9=0x2000
prefixes=32768/268435456 mode=permuted-prefix-sample w59_per_prefix=16384 total=536870912
run_mode=scan registry_cap=16
sample_start=245039104
scan_elapsed=15.834s rate=33.91 Mtriples/s

D60 interface
  D60=0 matches: 32367 (random expectation 32768.0, enrichment 0.988x)
  prefixes with D60=0: 16426
  max D60=0 fiber per prefix: 21 at W57=0x3ced W58=0x2e11
  largest D60 bucket: D=0x14aa count=33893
  min D60 HW: 0
  D60 HW histogram: 0:32367 1:456725 2:2971770 3:11909415 4:32773158 5:65623418 6:98477310 7:112510619 8:98409044 9:65570544 10:32761231 11:11909232 12:2975931 13:457574 14:32574

Tail closure among D60=0 matches
  final tail collisions: 0
  best r61 HW: 12
  best r61 W1[57..59]=0x2bcd,0x2b1f,0x17d9
  best r61 W2[57..59]=0x2ada,0x1b81,0x3fb7
  best tail HW: 21
  best tail r61 HW: 20
  best W1[57..59]=0x1b06,0x34cc,0x33dc
  best W2[57..59]=0x1a13,0x2d1c,0x2c4e

SUMMARY N=14 sample_start=245039104 prefixes=32768 total=536870912 d0=32367 best_tail=21 tail_r61=20 best_r61=12 tail_W1=0x1b06,0x34cc,0x33dc tail_W2=0x1a13,0x2d1c,0x2c4e r61_W1=0x2bcd,0x2b1f,0x17d9 r61_W2=0x2ada,0x1b81,0x3fb7

Scan-only witness registry
  registry_count=16 registry_cap=16
  witness[00] tail=21 r61=20 gh60=0x4e3449a W1=0x1b06,0x34cc,0x33dc W2=0x1a13,0x2d1c,0x2c4e
  witness[01] tail=23 r61=20 gh60=0xcbac59a W1=0x1c66,0x184a,0x3a41 W2=0x1b73,0x6f0,0x2d45
  witness[02] tail=23 r61=22 gh60=0xdd1dd6a W1=0xd2,0xe02,0x2a3e W2=0x3fdf,0x1bf2,0x24f6
  witness[03] tail=24 r61=17 gh60=0xdb1cd66 W1=0x36d4,0x17d4,0x1555 W2=0x35e1,0x1d2b,0x2c7
  witness[04] tail=24 r61=19 gh60=0x49a8cba W1=0x3739,0x3215,0x924 W2=0x3646,0x25d8,0x3028
  witness[05] tail=24 r61=20 gh60=0xbae4caa W1=0x3702,0x26dd,0x1711 W2=0x360f,0x3bb1,0x25b5
  witness[06] tail=24 r61=27 gh60=0x450bd6e W1=0xedf,0x203f,0x25b W2=0xdec,0x36fe,0x3dfa
  witness[07] tail=25 r61=20 gh60=0xce0c49a W1=0xa0a,0x16d5,0x254d W2=0x917,0x3b1d,0x641
  witness[08] tail=25 r61=22 gh60=0x5aec4a6 W1=0x3244,0x302,0x11f W2=0x3151,0xd7e,0x143b
  witness[09] tail=25 r61=22 gh60=0xdb1cd66 W1=0x36d4,0x17d4,0x154d W2=0x35e1,0x1d2b,0x2bf
  witness[10] tail=25 r61=25 gh60=0x4d98dae W1=0x26bf,0x32e9,0x18be W2=0x25cc,0x1a10,0x3ef8
  witness[11] tail=25 r61=26 gh60=0x4aa849a W1=0x3be5,0x217d,0xe23 W2=0x3af2,0x1846,0xe60
  witness[12] tail=26 r61=12 gh60=0x490876a W1=0x2bcd,0x2b1f,0x17d9 W2=0x2ada,0x1b81,0x3fb7
  witness[13] tail=26 r61=19 gh60=0xcd2849a W1=0x1445,0x334a,0x3e4 W2=0x1352,0x294f,0x1f55
  witness[14] tail=26 r61=19 gh60=0xc908b6a W1=0x35cd,0x3d0a,0x3b58 W2=0x34da,0x3f01,0x1823
  witness[15] tail=26 r61=20 gh60=0x46e7b6a W1=0x1152,0x2c29,0x2cd2 W2=0x105f,0x72d,0x2aa1

Scan-only r61 registry
  registry_count=16 registry_cap=16
  r61_witness[00] r61=12 tail=26 gh60=0x490876a W1=0x2bcd,0x2b1f,0x17d9 W2=0x2ada,0x1b81,0x3fb7
  r61_witness[01] r61=14 tail=35 gh60=0x49884ae W1=0x2ff,0x2f9f,0x2272 W2=0x20c,0xf2f,0x2efb
  r61_witness[02] r61=15 tail=29 gh60=0x4bdbdba W1=0x2eb9,0x1d90,0x1bf6 W2=0x2dc6,0x29e3,0x2385
  r61_witness[03] r61=15 tail=37 gh60=0x5a287fa W1=0x3395,0x380,0x3e1d W2=0x32a2,0x8cc,0x3e77
  r61_witness[04] r61=16 tail=27 gh60=0xca085ea W1=0x2a91,0x3087,0x346c W2=0x299e,0x2ba5,0x1ef2
  r61_witness[05] r61=16 tail=28 gh60=0xc888cae W1=0x92f,0x2780,0x3723 W2=0x83c,0x1df,0x38a6
  r61_witness[06] r61=16 tail=29 gh60=0x450856e W1=0xcdf,0x1fcc,0x2045 W2=0xbec,0x2e6,0x23ac
  r61_witness[07] r61=16 tail=29 gh60=0x4634dea W1=0x268e,0xe82,0x3ab9 W2=0x259b,0x1162,0x20e1
  r61_witness[08] r61=16 tail=29 gh60=0x3d08566 W1=0x34db,0x2c11,0x25db W2=0x33e8,0x2c2a,0x376b
  r61_witness[09] r61=16 tail=30 gh60=0x4a0cbea W1=0x298e,0x150f,0xb26 W2=0x289b,0x13df,0x2bc4
  r61_witness[10] r61=16 tail=31 gh60=0x567849e W1=0x1ae7,0x4d8,0x138e W2=0x19f4,0x150d,0x5bf
  r61_witness[11] r61=16 tail=32 gh60=0x4ae859e W1=0x1267,0x343e,0x2caf W2=0x1174,0x915,0x34da
  r61_witness[12] r61=16 tail=34 gh60=0xcd79d66 W1=0x3ed3,0x3b6d,0x2c02 W2=0x3de0,0x2fc5,0x12d9
  r61_witness[13] r61=16 tail=36 gh60=0x4a35d9e W1=0x88,0x1c8d,0x39cc W2=0x3f95,0x1b92,0x14e
  r61_witness[14] r61=16 tail=36 gh60=0xca08bea W1=0x3991,0xd5d,0x3544 W2=0x389e,0x1bf0,0x2626
  r61_witness[15] r61=17 tail=24 gh60=0xdb1cd66 W1=0x36d4,0x17d4,0x1555 W2=0x35e1,0x1d2b,0x2c7

D60=0 fiber histogram: 1:7980 2:4698 3:1805 4:1093 5:420 6:222 7:70 8:77 9:26 10:13 11:5 12:4 13:1 14:6 15:1 16:3 18:1 21:1
