free_word_mitm_reducedn
N=14 mask=0x3fff msb=0x2000
candidate: M0=0x3d36 mode=random-fallback fill=0x3fff kernel=dM0=dM9=0x2000
prefixes=32768/268435456 mode=permuted-prefix-sample w59_per_prefix=16384 total=536870912
run_mode=scan registry_cap=16
sample_start=246546432
scan_elapsed=18.942s rate=28.34 Mtriples/s

D60 interface
  D60=0 matches: 32350 (random expectation 32768.0, enrichment 0.987x)
  prefixes with D60=0: 16459
  max D60=0 fiber per prefix: 20 at W57=0x22df W58=0x1f8c
  largest D60 bucket: D=0x2efb count=33730
  min D60 HW: 0
  D60 HW histogram: 0:32350 1:458302 2:2981530 3:11925836 4:32784312 5:65590796 6:98407848 7:112494641 8:98435672 9:65600069 10:32780272 11:11912515 12:2976213 13:457777 14:32779

Tail closure among D60=0 matches
  final tail collisions: 0
  best r61 HW: 13
  best r61 W1[57..59]=0x2b8d,0x31a,0x11a8
  best r61 W2[57..59]=0x2a9a,0x33e4,0x30c1
  best tail HW: 23
  best tail r61 HW: 19
  best W1[57..59]=0x1257,0x3aeb,0x167e
  best W2[57..59]=0x1164,0x817,0x24b6

SUMMARY N=14 sample_start=246546432 prefixes=32768 total=536870912 d0=32350 best_tail=23 tail_r61=19 best_r61=13 tail_W1=0x1257,0x3aeb,0x167e tail_W2=0x1164,0x817,0x24b6 r61_W1=0x2b8d,0x31a,0x11a8 r61_W2=0x2a9a,0x33e4,0x30c1

Scan-only witness registry
  registry_count=16 registry_cap=16
  witness[00] tail=23 r61=19 gh60=0xd5e857e W1=0x1257,0x3aeb,0x167e W2=0x1164,0x817,0x24b6
  witness[01] tail=23 r61=22 gh60=0xd6e44aa W1=0x29f2,0x1127,0x2811 W2=0x28ff,0x142c,0x3f8c
  witness[02] tail=24 r61=16 gh60=0xca587ba W1=0x1b79,0xc0e,0xc50 W2=0x1a86,0x1d54,0x1cb
  witness[03] tail=24 r61=18 gh60=0x4d2fdaa W1=0x10c2,0x2fc9,0xcf8 W2=0xfcf,0x2cc9,0xaf5
  witness[04] tail=24 r61=20 gh60=0xb59c4aa W1=0x29f2,0x1512,0x2dd7 W2=0x28ff,0x1817,0x9a9
  witness[05] tail=24 r61=21 gh60=0xd688baa W1=0x2571,0x177f,0x2d0e W2=0x247e,0x1846,0x3666
  witness[06] tail=25 r61=20 gh60=0xb707d7a W1=0x105a,0x800,0x1ff5 W2=0xf67,0x2044,0xe65
  witness[07] tail=25 r61=21 gh60=0x4ee45a6 W1=0x2cc4,0xc96,0x471 W2=0x2bd1,0x21fc,0x368
  witness[08] tail=25 r61=21 gh60=0x473ff6a W1=0x2f52,0x14c,0x3152 W2=0x2e5f,0x2070,0x10a1
  witness[09] tail=25 r61=21 gh60=0x4a8bcaa W1=0x3101,0x3f85,0x3d4b W2=0x300e,0x32bc,0x6e4
  witness[10] tail=25 r61=22 gh60=0x4b18566 W1=0x2c5b,0x2f18,0x32bc W2=0x2b68,0x244f,0x3167
  witness[11] tail=25 r61=23 gh60=0xc6f9c9e W1=0x1de7,0x22f1,0x397e W2=0x1cf4,0x33e5,0x226e
  witness[12] tail=25 r61=23 gh60=0xfa2c49a W1=0x3c06,0xc91,0x2ea2 W2=0x3b13,0x3a9,0x1aa8
  witness[13] tail=25 r61=25 gh60=0xcfbbcba W1=0x10f5,0x33d9,0x201a W2=0x1002,0xd0,0xa57
  witness[14] tail=25 r61=26 gh60=0xdef84aa W1=0xbf1,0x299c,0xab0 W2=0xafe,0x301c,0x1b46
  witness[15] tail=25 r61=26 gh60=0xde2fbaa W1=0x1182,0x3267,0x20d1 W2=0x108f,0x151b,0x1208

Scan-only r61 registry
  registry_count=16 registry_cap=16
  r61_witness[00] r61=13 tail=30 gh60=0x5a087ea W1=0x2b8d,0x31a,0x11a8 W2=0x2a9a,0x33e4,0x30c1
  r61_witness[01] r61=13 tail=30 gh60=0xcb0bf6a W1=0x2fcd,0xb67,0x135d W2=0x2eda,0x2a82,0x302c
  r61_witness[02] r61=14 tail=30 gh60=0x4a88daa W1=0x86d,0x1cc5,0x6ac W2=0x77a,0x27a8,0x293c
  r61_witness[03] r61=14 tail=37 gh60=0x460bcee W1=0x111f,0x390,0x32c8 W2=0x102c,0x10db,0x1d74
  r61_witness[04] r61=15 tail=30 gh60=0xb514d6e W1=0x2860,0x1f4e,0xeb W2=0x276d,0x3a8a,0x3c27
  r61_witness[05] r61=15 tail=31 gh60=0x5a085ea W1=0x2a9d,0xddf,0x29b2 W2=0x29aa,0x19ed,0x1606
  r61_witness[06] r61=15 tail=35 gh60=0x4908f66 W1=0x74b,0x1544,0xb14 W2=0x658,0x186,0x2ddd
  r61_witness[07] r61=15 tail=36 gh60=0x550459a W1=0x2ca,0x1f87,0x30e8 W2=0x1d7,0xbf1,0x1577
  r61_witness[08] r61=15 tail=39 gh60=0x4a0bcee W1=0x101f,0x161,0x35e0 W2=0xf2c,0x1ebc,0x489
  r61_witness[09] r61=16 tail=24 gh60=0xca587ba W1=0x1b79,0xc0e,0xc50 W2=0x1a86,0x1d54,0x1cb
  r61_witness[10] r61=16 tail=30 gh60=0x4907f66 W1=0xf4c,0x1c71,0x452 W2=0xe59,0x312e,0x1e25
  r61_witness[11] r61=16 tail=30 gh60=0xd605b9a W1=0x1d8a,0x1315,0x1703 W2=0x1c97,0x336,0x958
  r61_witness[12] r61=16 tail=30 gh60=0x36ac4aa W1=0x3af2,0x3646,0x1502 W2=0x39ff,0x108b,0x1047
  r61_witness[13] r61=16 tail=31 gh60=0x460fffa W1=0x2f9a,0x757,0x1e7e W2=0x2ea7,0x21e3,0x2462
  r61_witness[14] r61=16 tail=32 gh60=0x3a28be6 W1=0x593,0x1ec7,0x27f7 W2=0x4a0,0x2521,0xa14
  r61_witness[15] r61=16 tail=32 gh60=0x4605c9a W1=0x210a,0x1caf,0x3581 W2=0x2017,0x3db0,0x31b8

D60=0 fiber histogram: 1:7966 2:4803 3:1766 4:1083 5:385 6:237 7:92 8:79 9:14 10:14 11:4 12:8 13:4 14:1 16:1 17:1 20:1
