free_word_mitm_reducedn
N=14 mask=0x3fff msb=0x2000
candidate: M0=0x3d36 mode=random-fallback fill=0x3fff kernel=dM0=dM9=0x2000
prefixes=32768/268435456 mode=permuted-prefix-sample w59_per_prefix=16384 total=536870912
run_mode=scan registry_cap=16
sample_start=149749760
scan_elapsed=15.605s rate=34.40 Mtriples/s

D60 interface
  D60=0 matches: 32810 (random expectation 32768.0, enrichment 1.001x)
  prefixes with D60=0: 16659
  max D60=0 fiber per prefix: 18 at W57=0x1e33 W58=0x1795
  largest D60 bucket: D=0x60e count=33866
  min D60 HW: 0
  D60 HW histogram: 0:32810 1:457371 2:2978928 3:11919678 4:32793692 5:65623492 6:98449910 7:112514948 8:98413244 9:65555128 10:32751872 11:11909095 12:2978392 13:459182 14:33170

Tail closure among D60=0 matches
  final tail collisions: 0
  best r61 HW: 11
  best r61 W1[57..59]=0x342d,0x1ce3,0x2245
  best r61 W2[57..59]=0x333a,0x329f,0x2af0
  best tail HW: 18
  best tail r61 HW: 18
  best W1[57..59]=0x23db,0xdc5,0x390
  best W2[57..59]=0x22e8,0x3d72,0x38ac

SUMMARY N=14 sample_start=149749760 prefixes=32768 total=536870912 d0=32810 best_tail=18 tail_r61=18 best_r61=11 tail_W1=0x23db,0xdc5,0x390 tail_W2=0x22e8,0x3d72,0x38ac r61_W1=0x342d,0x1ce3,0x2245 r61_W2=0x333a,0x329f,0x2af0

Scan-only witness registry
  registry_count=16 registry_cap=16
  witness[00] tail=18 r61=18 gh60=0x3b18766 W1=0x23db,0xdc5,0x390 W2=0x22e8,0x3d72,0x38ac
  witness[01] tail=22 r61=24 gh60=0xbfd4f9e W1=0x27a8,0x1271,0x3e0a W2=0x26b5,0x9c8,0x3d9f
  witness[02] tail=24 r61=22 gh60=0xcb0bd6a W1=0x1061,0xbf7,0x275e W2=0xf6e,0x34b6,0x2017
  witness[03] tail=24 r61=25 gh60=0xf8bc7aa W1=0x13be,0x1e75,0x1319 W2=0x12cb,0x30ae,0x134
  witness[04] tail=24 r61=28 gh60=0x3db45aa W1=0x347e,0x2308,0x2c2c W2=0x338b,0x3011,0x364
  witness[05] tail=25 r61=16 gh60=0x5488caa W1=0x3831,0x2cc7,0xfa2 W2=0x373e,0x3e46,0x1c68
  witness[06] tail=25 r61=20 gh60=0xf8e84a6 W1=0x333,0x2476,0x3777 W2=0x240,0x22e1,0x15e8
  witness[07] tail=25 r61=20 gh60=0x5a08be6 W1=0x58b,0x3a9,0x2d87 W2=0x498,0x9f3,0xba9
  witness[08] tail=25 r61=20 gh60=0xc8887aa W1=0x2bbd,0x1d28,0x2550 W2=0x2aca,0xe6c,0x2fe5
  witness[09] tail=25 r61=21 gh60=0x44a8cba W1=0x3639,0x32ce,0x1e8d W2=0x3546,0x2ad1,0x15c
  witness[10] tail=25 r61=22 gh60=0xd5ec5be W1=0x1278,0x35e4,0xa14 W2=0x1185,0xb9b,0x1f84
  witness[11] tail=25 r61=22 gh60=0x56384ea W1=0x151d,0x1029,0x3d16 W2=0x142a,0x270b,0x33d4
  witness[12] tail=25 r61=22 gh60=0x4a68da6 W1=0x2683,0x397d,0x2bee W2=0x2590,0x3161,0x423
  witness[13] tail=25 r61=23 gh60=0x3e347ee W1=0x33a0,0x1e55,0x6a5 W2=0x32ad,0x2714,0x11cc
  witness[14] tail=25 r61=24 gh60=0xbe68ffa W1=0x2795,0x301f,0x3de6 W2=0x26a2,0x1caa,0x2a53
  witness[15] tail=25 r61=25 gh60=0x57f7dba W1=0x3076,0xfe7,0x7dc W2=0x2f83,0x16bb,0x310b

Scan-only r61 registry
  registry_count=16 registry_cap=16
  r61_witness[00] r61=11 tail=27 gh60=0x44884aa W1=0x342d,0x1ce3,0x2245 W2=0x333a,0x329f,0x2af0
  r61_witness[01] r61=14 tail=27 gh60=0x450c56a W1=0x1c5e,0x10cd,0x2edf W2=0x1b6b,0x24cc,0x1887
  r61_witness[02] r61=14 tail=32 gh60=0x4908f66 W1=0x75b,0x156a,0x1a9e W2=0x668,0x98,0x1dbb
  r61_witness[03] r61=15 tail=31 gh60=0xc91876a W1=0x1b61,0x23fc,0x19f8 W2=0x1a6e,0x384a,0x1b27
  r61_witness[04] r61=15 tail=31 gh60=0x44885a6 W1=0x2cab,0x2ecf,0x2029 W2=0x2bb8,0x2302,0x1181
  r61_witness[05] r61=15 tail=33 gh60=0x4885ca6 W1=0x1f2c,0x514,0x2cb2 W2=0x1e39,0x12af,0x3c
  r61_witness[06] r61=15 tail=35 gh60=0xc928b7a W1=0x35d5,0xe42,0x27bc W2=0x34e2,0xf39,0x134f
  r61_witness[07] r61=16 tail=25 gh60=0x5488caa W1=0x3831,0x2cc7,0xfa2 W2=0x373e,0x3e46,0x1c68
  r61_witness[08] r61=16 tail=26 gh60=0xca085ea W1=0x3c9d,0x2089,0x1470 W2=0x3baa,0x3f13,0xf5c
  r61_witness[09] r61=16 tail=29 gh60=0xca184e6 W1=0x2d13,0x1698,0x18e8 W2=0x2c20,0x3379,0x25bc
  r61_witness[10] r61=16 tail=32 gh60=0x4a284fa W1=0x1415,0x780,0x1c2b W2=0x1322,0x3ec4,0x5ab
  r61_witness[11] r61=16 tail=32 gh60=0x55ac4e6 W1=0x3224,0x2041,0x1eb7 W2=0x3131,0x2ab5,0x32ab
  r61_witness[12] r61=16 tail=33 gh60=0xc504566 W1=0x45c,0xa7,0xab2 W2=0x369,0x39e5,0xd27
  r61_witness[13] r61=16 tail=34 gh60=0xc49dca6 W1=0x3e3c,0x15b9,0xb60 W2=0x3d49,0x3748,0xe37
  r61_witness[14] r61=16 tail=37 gh60=0xc6845ba W1=0x1c7a,0x2f4e,0x3b52 W2=0x1b87,0x2cd9,0xec4
  r61_witness[15] r61=17 tail=29 gh60=0x4999be6 W1=0x1a3,0x1246,0x3672 W2=0xb0,0x16b2,0x2b00

D60=0 fiber histogram: 1:8091 2:4758 3:1836 4:1128 5:410 6:229 7:68 8:80 9:19 10:20 12:9 13:4 14:2 16:2 17:2 18:1
