free_word_mitm_reducedn
N=14 mask=0x3fff msb=0x2000
candidate: M0=0x3d36 mode=random-fallback fill=0x3fff kernel=dM0=dM9=0x2000
prefixes=32768/268435456 mode=permuted-prefix-sample w59_per_prefix=16384 total=536870912
run_mode=scan registry_cap=16
sample_start=225247232
scan_elapsed=15.891s rate=33.78 Mtriples/s

D60 interface
  D60=0 matches: 32231 (random expectation 32768.0, enrichment 0.984x)
  prefixes with D60=0: 16482
  max D60=0 fiber per prefix: 19 at W57=0x218a W58=0x12d
  largest D60 bucket: D=0x2a6b count=33862
  min D60 HW: 0
  D60 HW histogram: 0:32231 1:456565 2:2974260 3:11899478 4:32768248 5:65605366 6:98435052 7:112497845 8:98434477 9:65610246 10:32781266 11:11910960 12:2974777 13:457185 14:32956

Tail closure among D60=0 matches
  final tail collisions: 0
  best r61 HW: 12
  best r61 W1[57..59]=0x85a,0x1be4,0x27d4
  best r61 W2[57..59]=0x767,0x3fac,0x34b6
  best tail HW: 22
  best tail r61 HW: 19
  best W1[57..59]=0x21fc,0x16ef,0x1778
  best W2[57..59]=0x2109,0x34bd,0x390b

SUMMARY N=14 sample_start=225247232 prefixes=32768 total=536870912 d0=32231 best_tail=22 tail_r61=19 best_r61=12 tail_W1=0x21fc,0x16ef,0x1778 tail_W2=0x2109,0x34bd,0x390b r61_W1=0x85a,0x1be4,0x27d4 r61_W2=0x767,0x3fac,0x34b6

Scan-only witness registry
  registry_count=16 registry_cap=16
  witness[00] tail=22 r61=12 gh60=0x4b0cd7a W1=0x85a,0x1be4,0x27d4 W2=0x767,0x3fac,0x34b6
  witness[01] tail=22 r61=17 gh60=0xb588da6 W1=0x18bb,0xe02,0x13e4 W2=0x17c8,0x1026,0x304a
  witness[02] tail=22 r61=19 gh60=0xce9c4a6 W1=0x21fc,0x16ef,0x1778 W2=0x2109,0x34bd,0x390b
  witness[03] tail=22 r61=21 gh60=0x76f876a W1=0x2b61,0x3d01,0x1ad1 W2=0x2a6e,0x64b,0x6aa
  witness[04] tail=23 r61=16 gh60=0x4f07c9a W1=0x2e4a,0x1dff,0xe33 W2=0x2d57,0x38c4,0x2d88
  witness[05] tail=23 r61=27 gh60=0x7f3877e W1=0x2357,0x17b,0x3dd6 W2=0x2264,0x3837,0x1b96
  witness[06] tail=24 r61=15 gh60=0xca085ee W1=0xa9f,0x18c5,0x28cd W2=0x9ac,0x3af7,0x7f9
  witness[07] tail=24 r61=20 gh60=0xc6084ea W1=0x1c21,0x1caf,0x1ad3 W2=0x1b2e,0x3525,0x1cbd
  witness[08] tail=25 r61=19 gh60=0xc93c4a6 W1=0x544,0x2192,0x3a49 W2=0x451,0x2f0e,0xf6a
  witness[09] tail=25 r61=19 gh60=0xb48c5ae W1=0x3ac0,0x95c,0x1328 W2=0x39cd,0x3e15,0x153e
  witness[10] tail=25 r61=20 gh60=0xda384fa W1=0x3219,0x254,0x12d W2=0x3126,0x39dc,0x2fa5
  witness[11] tail=25 r61=20 gh60=0x4ad4f7e W1=0x37d8,0x1e13,0x3a41 W2=0x36e5,0x224f,0x10b
  witness[12] tail=25 r61=21 gh60=0x4b7dba6 W1=0x3dc4,0x1326,0x3a9b W2=0x3cd1,0x1c8d,0x36c
  witness[13] tail=25 r61=22 gh60=0xc60bdea W1=0x2e8d,0x2b18,0x253 W2=0x2d9a,0x2877,0x11bb
  witness[14] tail=25 r61=22 gh60=0x493c49a W1=0x3b4a,0x3677,0x340f W2=0x3a57,0x2e7f,0x3a54
  witness[15] tail=25 r61=23 gh60=0xc679cfe W1=0x2117,0x39a1,0xff1 W2=0x2024,0x3478,0x213c

Scan-only r61 registry
  registry_count=16 registry_cap=16
  r61_witness[00] r61=12 tail=22 gh60=0x4b0cd7a W1=0x85a,0x1be4,0x27d4 W2=0x767,0x3fac,0x34b6
  r61_witness[01] r61=13 tail=27 gh60=0x4498daa W1=0x36c1,0x2e7f,0x3254 W2=0x35ce,0x3ec6,0x3618
  r61_witness[02] r61=15 tail=24 gh60=0xca085ee W1=0xa9f,0x18c5,0x28cd W2=0x9ac,0x3af7,0x7f9
  r61_witness[03] r61=15 tail=28 gh60=0x7a184a6 W1=0x3203,0xe8f,0x1699 W2=0x3110,0x98a,0x1f6d
  r61_witness[04] r61=15 tail=32 gh60=0xc484d9a W1=0x6aa,0x2be1,0x1524 W2=0x5b7,0x1ad4,0x33ca
  r61_witness[05] r61=15 tail=37 gh60=0xc88fcaa W1=0x2f2e,0x1ad,0x3676 W2=0x2e3b,0x36b5,0x137b
  r61_witness[06] r61=15 tail=38 gh60=0x4889bae W1=0x1dbf,0x1c2a,0x876 W2=0x1ccc,0x1135,0x1216
  r61_witness[07] r61=16 tail=23 gh60=0x4f07c9a W1=0x2e4a,0x1dff,0xe33 W2=0x2d57,0x38c4,0x2d88
  r61_witness[08] r61=16 tail=28 gh60=0x49a84ba W1=0x14f9,0x2919,0x2726 W2=0x1406,0x2057,0x3283
  r61_witness[09] r61=16 tail=30 gh60=0x5904b66 W1=0x25dc,0x3a02,0x79c W2=0x24e9,0x3d1,0x3e41
  r61_witness[10] r61=16 tail=31 gh60=0xc908b6e W1=0x154f,0x1c6f,0x110d W2=0x145c,0x1e8a,0x23db
  r61_witness[11] r61=16 tail=33 gh60=0x448c59a W1=0xcaa,0x3510,0x11a4 W2=0xbb7,0x2342,0x2a39
  r61_witness[12] r61=16 tail=33 gh60=0x4a187ea W1=0x3b91,0xab8,0x683 W2=0x3a9e,0x1e8a,0x5b0
  r61_witness[13] r61=16 tail=34 gh60=0x4997caa W1=0x10fe,0x1564,0x24af W2=0x100b,0x6d4,0x4d3
  r61_witness[14] r61=16 tail=37 gh60=0x4a08cee W1=0x270f,0x42c,0xd16 W2=0x261c,0x1f03,0xfb7
  r61_witness[15] r61=17 tail=22 gh60=0xb588da6 W1=0x18bb,0xe02,0x13e4 W2=0x17c8,0x1026,0x304a

D60=0 fiber histogram: 1:7992 2:4843 3:1763 4:1055 5:403 6:228 7:75 8:58 9:30 10:18 11:3 12:6 13:4 14:1 15:1 17:1 19:1
