free_word_mitm_reducedn
N=14 mask=0x3fff msb=0x2000
candidate: M0=0x3d36 mode=random-fallback fill=0x3fff kernel=dM0=dM9=0x2000
prefixes=32768/268435456 mode=permuted-prefix-sample w59_per_prefix=16384 total=536870912
run_mode=scan registry_cap=16
sample_start=84377600
scan_elapsed=20.324s rate=26.42 Mtriples/s

D60 interface
  D60=0 matches: 32360 (random expectation 32768.0, enrichment 0.988x)
  prefixes with D60=0: 16559
  max D60=0 fiber per prefix: 16 at W57=0x3f5b W58=0x14a3
  largest D60 bucket: D=0xa5f count=33875
  min D60 HW: 0
  D60 HW histogram: 0:32360 1:456268 2:2973615 3:11909436 4:32801619 5:65628169 6:98459407 7:112497881 8:98406424 9:65582719 10:32759363 11:11902879 12:2971053 13:457144 14:32575

Tail closure among D60=0 matches
  final tail collisions: 0
  best r61 HW: 13
  best r61 W1[57..59]=0x99d,0x9b4,0x7fe
  best r61 W2[57..59]=0x8aa,0x3473,0x293
  best tail HW: 17
  best tail r61 HW: 19
  best W1[57..59]=0x32c8,0x1510,0x709
  best W2[57..59]=0x31d5,0x29a2,0x24d7

SUMMARY N=14 sample_start=84377600 prefixes=32768 total=536870912 d0=32360 best_tail=17 tail_r61=19 best_r61=13 tail_W1=0x32c8,0x1510,0x709 tail_W2=0x31d5,0x29a2,0x24d7 r61_W1=0x99d,0x9b4,0x7fe r61_W2=0x8aa,0x3473,0x293

Scan-only witness registry
  registry_count=16 registry_cap=16
  witness[00] tail=17 r61=19 gh60=0xceec59e W1=0x32c8,0x1510,0x709 W2=0x31d5,0x29a2,0x24d7
  witness[01] tail=21 r61=21 gh60=0xcdf879a W1=0xb89,0x39f6,0x123 W2=0xa96,0x3c89,0x14f4
  witness[02] tail=23 r61=19 gh60=0x47b7dbe W1=0x2e78,0x3fcf,0x2b58 W2=0x2d85,0x3c83,0x2aed
  witness[03] tail=23 r61=24 gh60=0x3d88cae W1=0x5ef,0x38e7,0x24e4 W2=0x4fc,0x29c6,0x1439
  witness[04] tail=24 r61=17 gh60=0x5a084ea W1=0xd11,0x5ac,0x12bc W2=0xc1e,0x862,0x3843
  witness[05] tail=24 r61=19 gh60=0xca98dae W1=0x166f,0x1323,0x32b8 W2=0x157c,0xaea,0x300
  witness[06] tail=24 r61=19 gh60=0xcb0df6a W1=0x1f4e,0x1342,0x3474 W2=0x1e5b,0x155e,0xb84
  witness[07] tail=24 r61=22 gh60=0xb4bbda6 W1=0x30bb,0x191c,0x2bd8 W2=0x2fc8,0x3a,0xa8c
  witness[08] tail=24 r61=23 gh60=0x4dadd66 W1=0x2064,0xd21,0x36bc W2=0x1f71,0x1b0a,0x2e50
  witness[09] tail=25 r61=16 gh60=0x4a6476a W1=0xbe2,0x2aa,0x1ddb W2=0xaef,0x3519,0x262f
  witness[10] tail=25 r61=20 gh60=0x4688faa W1=0x77d,0x2783,0x200f W2=0x68a,0x14f6,0x14f3
  witness[11] tail=25 r61=20 gh60=0x3a6fc9a W1=0xde6,0xa45,0x1964 W2=0xcf3,0x2116,0x1e46
  witness[12] tail=25 r61=21 gh60=0x4668ca6 W1=0x5f3,0x3c24,0xb70 W2=0x500,0x2cd0,0x3106
  witness[13] tail=25 r61=21 gh60=0xc99c4ae W1=0x1500,0x147b,0x3639 W2=0x140d,0x138c,0x2b24
  witness[14] tail=25 r61=21 gh60=0xbf0fb6e W1=0x3150,0x1e24,0x3a8a W2=0x305d,0x344,0x425
  witness[15] tail=25 r61=22 gh60=0x4924b6a W1=0x15d2,0xb8c,0x3814 W2=0x14df,0x9d4,0x177a

Scan-only r61 registry
  registry_count=16 registry_cap=16
  r61_witness[00] r61=13 tail=35 gh60=0xc608bea W1=0x99d,0x9b4,0x7fe W2=0x8aa,0x3473,0x293
  r61_witness[01] r61=14 tail=31 gh60=0x4a185fa W1=0xa95,0x569,0x32c0 W2=0x9a2,0x2e85,0x2e9f
  r61_witness[02] r61=14 tail=31 gh60=0x590876a W1=0x1be1,0x2fe5,0x329a W2=0x1aee,0x3c3b,0x52
  r61_witness[03] r61=14 tail=31 gh60=0x5a2dc9a W1=0x3f06,0xf2c,0x1d14 W2=0x3e13,0x3081,0x28b
  r61_witness[04] r61=15 tail=28 gh60=0xb589caa W1=0x2001,0x1a5f,0x3886 W2=0x1f0e,0x1ece,0x1418
  r61_witness[05] r61=15 tail=31 gh60=0x4929b7a W1=0x1dd5,0x2a8c,0xccd W2=0x1ce2,0x168f,0x1365
  r61_witness[06] r61=15 tail=33 gh60=0x4887cba W1=0x113a,0x247f,0x3e7f W2=0x1047,0x30af,0x719
  r61_witness[07] r61=15 tail=36 gh60=0x4618bee W1=0x98f,0x1c69,0x239a W2=0x89c,0xef8,0x1630
  r61_witness[08] r61=16 tail=25 gh60=0x4a6476a W1=0xbe2,0x2aa,0x1ddb W2=0xaef,0x3519,0x262f
  r61_witness[09] r61=16 tail=27 gh60=0xca04ce6 W1=0x271c,0x1274,0xeff W2=0x2629,0x208b,0x88a
  r61_witness[10] r61=16 tail=27 gh60=0x4888caa W1=0x2941,0x3182,0x3848 W2=0x284e,0x32b1,0x7e3
  r61_witness[11] r61=16 tail=28 gh60=0x562859e W1=0xa87,0x1433,0x1106 W2=0x994,0x18c6,0x31eb
  r61_witness[12] r61=16 tail=29 gh60=0xca88daa W1=0x2871,0x1a1a,0xbca W2=0x277e,0x1501,0x3c3f
  r61_witness[13] r61=16 tail=32 gh60=0x4c89ca6 W1=0x3b,0x3900,0x3489 W2=0x3f48,0x210e,0xdb9
  r61_witness[14] r61=16 tail=32 gh60=0x566849a W1=0x1509,0x10aa,0x2704 W2=0x1416,0x737,0x681
  r61_witness[15] r61=16 tail=35 gh60=0xca64566 W1=0x1c64,0x465,0x2855 W2=0x1b71,0x28cf,0x1331

D60=0 fiber histogram: 1:8120 2:4757 3:1761 4:1089 5:401 6:218 7:77 8:73 9:31 10:11 11:6 12:10 14:1 15:2 16:2
