free_word_mitm_reducedn
N=14 mask=0x3fff msb=0x2000
candidate: M0=0x3d36 mode=random-fallback fill=0x3fff kernel=dM0=dM9=0x2000
prefixes=32768/268435456 mode=permuted-prefix-sample w59_per_prefix=16384 total=536870912
run_mode=scan registry_cap=16
sample_start=151486464
scan_elapsed=20.520s rate=26.16 Mtriples/s

D60 interface
  D60=0 matches: 32563 (random expectation 32768.0, enrichment 0.994x)
  prefixes with D60=0: 16517
  max D60=0 fiber per prefix: 19 at W57=0x2fc3 W58=0x297c
  largest D60 bucket: D=0x2804 count=33777
  min D60 HW: 0
  D60 HW histogram: 0:32563 1:456335 2:2973953 3:11927125 4:32804136 5:65634842 6:98481059 7:112537377 8:98406799 9:65540535 10:32722936 11:11888163 12:2973732 13:458200 14:33157

Tail closure among D60=0 matches
  final tail collisions: 0
  best r61 HW: 14
  best r61 W1[57..59]=0x321a,0x1ad0,0x232a
  best r61 W2[57..59]=0x3127,0xe3d,0x278d
  best tail HW: 23
  best tail r61 HW: 21
  best W1[57..59]=0x1063,0x103d,0x24ed
  best W2[57..59]=0xf70,0x1129,0x2b1e

SUMMARY N=14 sample_start=151486464 prefixes=32768 total=536870912 d0=32563 best_tail=23 tail_r61=21 best_r61=14 tail_W1=0x1063,0x103d,0x24ed tail_W2=0xf70,0x1129,0x2b1e r61_W1=0x321a,0x1ad0,0x232a r61_W2=0x3127,0xe3d,0x278d

Scan-only witness registry
  registry_count=16 registry_cap=16
  witness[00] tail=23 r61=18 gh60=0x4a784ae W1=0x9ef,0x9cd,0xac9 W2=0x8fc,0x36ed,0x2ab5
  witness[01] tail=23 r61=18 gh60=0x5fb9fa6 W1=0x3fab,0x3513,0x49c W2=0x3eb8,0x18e5,0x1846
  witness[02] tail=23 r61=21 gh60=0x4e7bd66 W1=0x1063,0x103d,0x24ed W2=0xf70,0x1129,0x2b1e
  witness[03] tail=24 r61=16 gh60=0x7b0856a W1=0x44d,0x244,0x622 W2=0x35a,0xed6,0x158d
  witness[04] tail=24 r61=20 gh60=0xba68ca6 W1=0x2703,0x1951,0x205c W2=0x2610,0x150d,0x25ce
  witness[05] tail=24 r61=21 gh60=0x7e7c7aa W1=0x2b6e,0x1f34,0xd62 W2=0x2a7b,0x200d,0x2ad4
  witness[06] tail=24 r61=21 gh60=0x3a985a6 W1=0x2c73,0x1a55,0x1308 W2=0x2b80,0x2f2a,0x21ca
  witness[07] tail=25 r61=17 gh60=0xc4945aa W1=0xcae,0x1eff,0x240f W2=0xbbb,0x1d28,0x2fd7
  witness[08] tail=25 r61=19 gh60=0x46edc9a W1=0x106,0x1fa0,0x1527 W2=0x13,0x3ef5,0x2c7f
  witness[09] tail=25 r61=20 gh60=0x5799caa W1=0x31,0x1ef2,0x3f88 W2=0x3f3e,0x1ef1,0x1222
  witness[10] tail=25 r61=22 gh60=0x3ad4c9a W1=0x1606,0x990,0x3966 W2=0x1513,0x11f,0x351d
  witness[11] tail=25 r61=23 gh60=0x4ba9cba W1=0x3f35,0x1fff,0x3ff6 W2=0x3e42,0x27a,0xded
  witness[12] tail=25 r61=24 gh60=0x5b1856a W1=0x1a51,0x2db5,0x30c0 W2=0x195e,0x3d5f,0x125e
  witness[13] tail=26 r61=16 gh60=0xd48bdae W1=0x10af,0x1985,0x2c1d W2=0xfbc,0x2a44,0x38e2
  witness[14] tail=26 r61=18 gh60=0x49b9cae W1=0xef,0x3dfc,0x2bcd W2=0x3ffc,0x1a5f,0xd42
  witness[15] tail=26 r61=19 gh60=0xc5ec5aa W1=0x1cc2,0x19f6,0x28c W2=0x1bcf,0x3633,0x3404

Scan-only r61 registry
  registry_count=16 registry_cap=16
  r61_witness[00] r61=14 tail=29 gh60=0x4e044fa W1=0x321a,0x1ad0,0x232a W2=0x3127,0xe3d,0x278d
  r61_witness[01] r61=14 tail=32 gh60=0x548cc9a W1=0x82a,0x13e4,0x1b50 W2=0x737,0x34e7,0xa35
  r61_witness[02] r61=14 tail=32 gh60=0xca084e6 W1=0x2a1b,0x3737,0x3b31 W2=0x2928,0x30e,0x1b97
  r61_witness[03] r61=15 tail=27 gh60=0x4b24d66 W1=0x6d4,0x1e5f,0x860 W2=0x5e1,0x10ba,0x33b8
  r61_witness[04] r61=15 tail=30 gh60=0x4a08ce6 W1=0x161b,0xf76,0x1170 W2=0x1528,0x3288,0x2a23
  r61_witness[05] r61=15 tail=36 gh60=0x490bf66 W1=0xf5b,0x794,0x342a W2=0xe68,0x1c40,0x2b6
  r61_witness[06] r61=15 tail=39 gh60=0x49a849e W1=0x2ce7,0xbd5,0x3f61 W2=0x2bf4,0xa86,0x31a8
  r61_witness[07] r61=15 tail=40 gh60=0x4d08566 W1=0xacb,0x2aec,0x280b W2=0x9d8,0x3b37,0x2130
  r61_witness[08] r61=16 tail=24 gh60=0x7b0856a W1=0x44d,0x244,0x622 W2=0x35a,0xed6,0x158d
  r61_witness[09] r61=16 tail=26 gh60=0xd48bdae W1=0x10af,0x1985,0x2c1d W2=0xfbc,0x2a44,0x38e2
  r61_witness[10] r61=16 tail=28 gh60=0xc59c4aa W1=0x23f2,0x17f1,0x2388 W2=0x22ff,0x1ef6,0x112d
  r61_witness[11] r61=16 tail=30 gh60=0x7528566 W1=0xa53,0x3244,0x627 W2=0x960,0x2a85,0xe47
  r61_witness[12] r61=16 tail=30 gh60=0x4b04b66 W1=0x354c,0x2fb8,0x1750 W2=0x3459,0xd97,0x5b
  r61_witness[13] r61=16 tail=32 gh60=0x3d1856e W1=0x4df,0x31ee,0x6a4 W2=0x3ec,0x1788,0x111b
  r61_witness[14] r61=16 tail=32 gh60=0xc928766 W1=0xbd3,0x3780,0x2135 W2=0xae0,0x1e49,0x3b6a
  r61_witness[15] r61=16 tail=32 gh60=0xc6085ee W1=0x2c8f,0x3100,0x127 W2=0x2b9c,0x15be,0x2d10

D60=0 fiber histogram: 1:7821 2:4931 3:1817 4:1138 5:391 6:235 7:85 8:57 9:14 10:12 11:4 12:5 13:1 14:1 15:2 17:1 18:1 19:1
