free_word_mitm_reducedn
N=14 mask=0x3fff msb=0x2000
candidate: M0=0x3d36 mode=random-fallback fill=0x3fff kernel=dM0=dM9=0x2000
prefixes=32768/268435456 mode=permuted-prefix-sample w59_per_prefix=16384 total=536870912
run_mode=scan registry_cap=16
sample_start=197165056
scan_elapsed=18.054s rate=29.74 Mtriples/s

D60 interface
  D60=0 matches: 32661 (random expectation 32768.0, enrichment 0.997x)
  prefixes with D60=0: 16676
  max D60=0 fiber per prefix: 19 at W57=0x15cc W58=0x584
  largest D60 bucket: D=0x10ba count=33822
  min D60 HW: 0
  D60 HW histogram: 0:32661 1:457211 2:2977862 3:11926374 4:32812455 5:65631130 6:98464569 7:112502621 8:98401252 9:65565987 10:32752830 11:11887078 12:2969403 13:456755 14:32724

Tail closure among D60=0 matches
  final tail collisions: 0
  best r61 HW: 13
  best r61 W1[57..59]=0x151e,0x3759,0x1bda
  best r61 W2[57..59]=0x142b,0xa50,0x3a4b
  best tail HW: 19
  best tail r61 HW: 14
  best W1[57..59]=0x2ff,0x2402,0x2df0
  best W2[57..59]=0x20c,0x392,0x1bee

SUMMARY N=14 sample_start=197165056 prefixes=32768 total=536870912 d0=32661 best_tail=19 tail_r61=14 best_r61=13 tail_W1=0x2ff,0x2402,0x2df0 tail_W2=0x20c,0x392,0x1bee r61_W1=0x151e,0x3759,0x1bda r61_W2=0x142b,0xa50,0x3a4b

Scan-only witness registry
  registry_count=16 registry_cap=16
  witness[00] tail=19 r61=14 gh60=0x4a984ae W1=0x2ff,0x2402,0x2df0 W2=0x20c,0x392,0x1bee
  witness[01] tail=21 r61=15 gh60=0xc609cee W1=0x10f,0x2c98,0x37a8 W2=0x1c,0x6ef,0x1558
  witness[02] tail=23 r61=15 gh60=0x5b58b7a W1=0x5d9,0x2200,0x27cc W2=0x4e6,0x283b,0x778
  witness[03] tail=23 r61=19 gh60=0x4a0479a W1=0x138a,0x1e01,0x2be0 W2=0x1297,0x20a3,0x3407
  witness[04] tail=23 r61=21 gh60=0xbf85dba W1=0x207a,0x2985,0x8c5 W2=0x1f87,0x1251,0x3a20
  witness[05] tail=23 r61=21 gh60=0x46acf9a W1=0x3766,0x7a2,0x24f1 W2=0x3673,0x1551,0x1e1f
  witness[06] tail=24 r61=23 gh60=0xc97fc9a W1=0x3146,0x18ca,0x34d0 W2=0x3053,0x2d9b,0x20c1
  witness[07] tail=24 r61=24 gh60=0xce75cae W1=0xf0,0x47a,0x304e W2=0x3ffd,0x2cde,0x1610
  witness[08] tail=24 r61=26 gh60=0x49847a6 W1=0x336c,0x21cc,0x53b W2=0x3279,0x1c22,0x152f
  witness[09] tail=25 r61=18 gh60=0xb6344ee W1=0xa20,0x2e8,0x12aa W2=0x92d,0x20f3,0x2b73
  witness[10] tail=25 r61=19 gh60=0x48abf9a W1=0x2fa5,0x3f1,0xc93 W2=0x2eb2,0x2015,0x16df
  witness[11] tail=25 r61=22 gh60=0x4a984aa W1=0x4fd,0x4cc,0x87c W2=0x40a,0xab8,0x3a92
  witness[12] tail=25 r61=22 gh60=0x47f4bae W1=0x29b0,0x12af,0xd43 W2=0x28bd,0x6b7,0xc2a
  witness[13] tail=25 r61=27 gh60=0x3dac4e6 W1=0x424,0x390b,0x3d2d W2=0x331,0x1a83,0x37a6
  witness[14] tail=25 r61=27 gh60=0xdbac5ba W1=0x1cb6,0x1d1d,0x44b W2=0x1bc3,0xa48,0xeef
  witness[15] tail=25 r61=29 gh60=0xfbdcfba W1=0x37b6,0x1427,0x2450 W2=0x36c3,0x2233,0x33ec

Scan-only r61 registry
  registry_count=16 registry_cap=16
  r61_witness[00] r61=13 tail=29 gh60=0x4a144ea W1=0x151e,0x3759,0x1bda W2=0x142b,0xa50,0x3a4b
  r61_witness[01] r61=14 tail=19 gh60=0x4a984ae W1=0x2ff,0x2402,0x2df0 W2=0x20c,0x392,0x1bee
  r61_witness[02] r61=14 tail=28 gh60=0x49887ae W1=0x237f,0x2904,0x3e4 W2=0x228c,0x24bc,0xd8a
  r61_witness[03] r61=15 tail=21 gh60=0xc609cee W1=0x10f,0x2c98,0x37a8 W2=0x1c,0x6ef,0x1558
  r61_witness[04] r61=15 tail=23 gh60=0x5b58b7a W1=0x5d9,0x2200,0x27cc W2=0x4e6,0x283b,0x778
  r61_witness[05] r61=15 tail=29 gh60=0xc988caa W1=0x93d,0x1104,0x821 W2=0x84a,0x126f,0x2780
  r61_witness[06] r61=15 tail=33 gh60=0x3a09dea W1=0x1e9d,0x1858,0x241a W2=0x1daa,0x28a3,0x1dd5
  r61_witness[07] r61=15 tail=38 gh60=0x4b884a6 W1=0x9fb,0x2c23,0x33ab W2=0x908,0x39ee,0x15c9
  r61_witness[08] r61=16 tail=27 gh60=0x4a944aa W1=0x2fe,0x3238,0x97f W2=0x20b,0x39a9,0x167
  r61_witness[09] r61=16 tail=27 gh60=0x44a85be W1=0x2cb7,0x31d7,0x498 W2=0x2bc4,0x370d,0x5c4
  r61_witness[10] r61=16 tail=27 gh60=0x7b0c76a W1=0x335e,0x3096,0xf3c W2=0x326b,0xed,0x3477
  r61_witness[11] r61=16 tail=27 gh60=0xca984a6 W1=0x3beb,0x9c,0x1774 W2=0x3af8,0x77,0x347d
  r61_witness[12] r61=16 tail=39 gh60=0xd50856e W1=0x2a5f,0x168f,0x144f W2=0x296c,0x3a29,0x1435
  r61_witness[13] r61=17 tail=27 gh60=0x5d1857a W1=0x2d5,0x1c21,0x3c87 W2=0x1e2,0xf29,0x9ef
  r61_witness[14] r61=17 tail=27 gh60=0xca0ccea W1=0x171e,0x3bb7,0x1d14 W2=0x162b,0xeaf,0xff2
  r61_witness[15] r61=17 tail=27 gh60=0x3a084ea W1=0x1c1d,0x10ed,0x1d7d W2=0x1b2a,0x299f,0x3676

D60=0 fiber histogram: 1:8133 2:4814 3:1846 4:1066 5:383 6:211 7:80 8:67 9:27 10:22 11:10 12:4 13:2 14:1 15:5 16:3 18:1 19:1
