free_word_mitm_reducedn
N=14 mask=0x3fff msb=0x2000
candidate: M0=0x3d36 mode=random-fallback fill=0x3fff kernel=dM0=dM9=0x2000
prefixes=32768/268435456 mode=permuted-prefix-sample w59_per_prefix=16384 total=536870912
run_mode=scan registry_cap=16
sample_start=46170112
scan_elapsed=18.799s rate=28.56 Mtriples/s

D60 interface
  D60=0 matches: 32805 (random expectation 32768.0, enrichment 1.001x)
  prefixes with D60=0: 16559
  max D60=0 fiber per prefix: 16 at W57=0xc2 W58=0x171
  largest D60 bucket: D=0x3211 count=33790
  min D60 HW: 0
  D60 HW histogram: 0:32805 1:459106 2:2981274 3:11918844 4:32805512 5:65640192 6:98456434 7:112510181 8:98407913 9:65555423 10:32747530 11:11893560 12:2971418 13:458323 14:32397

Tail closure among D60=0 matches
  final tail collisions: 0
  best r61 HW: 14
  best r61 W1[57..59]=0x3f1e,0x1b24,0x3825
  best r61 W2[57..59]=0x3e2b,0x1f9c,0x2d9d
  best tail HW: 21
  best tail r61 HW: 18
  best W1[57..59]=0x14d6,0x3963,0x136a
  best W2[57..59]=0x13e3,0x2418,0x3826

SUMMARY N=14 sample_start=46170112 prefixes=32768 total=536870912 d0=32805 best_tail=21 tail_r61=18 best_r61=14 tail_W1=0x14d6,0x3963,0x136a tail_W2=0x13e3,0x2418,0x3826 r61_W1=0x3f1e,0x1b24,0x3825 r61_W2=0x3e2b,0x1f9c,0x2d9d

Scan-only witness registry
  registry_count=16 registry_cap=16
  witness[00] tail=21 r61=18 gh60=0xcaec57a W1=0x14d6,0x3963,0x136a W2=0x13e3,0x2418,0x3826
  witness[01] tail=23 r61=22 gh60=0xca7cbae W1=0x570,0x1858,0x19fb W2=0x47d,0x10f0,0x30a4
  witness[02] tail=24 r61=16 gh60=0xca184fa W1=0x3c15,0x1c53,0x208b W2=0x3b22,0x1417,0x1342
  witness[03] tail=24 r61=18 gh60=0x4a844ba W1=0x2fa,0x3afb,0x1334 W2=0x207,0x22b2,0x13b6
  witness[04] tail=24 r61=20 gh60=0x47185a6 W1=0x2cc3,0x78e,0x3ad2 W2=0x2bd0,0x1ce3,0x2e59
  witness[05] tail=24 r61=21 gh60=0x56184ea W1=0x250d,0x1fb5,0x1087 W2=0x241a,0x22a7,0x232e
  witness[06] tail=24 r61=23 gh60=0xba14dea W1=0x389e,0x712,0x3c33 W2=0x37ab,0xfe2,0x26bb
  witness[07] tail=25 r61=18 gh60=0x4629ce6 W1=0x2113,0x3dca,0x2ff4 W2=0x2020,0x17ee,0xeb0
  witness[08] tail=25 r61=22 gh60=0x7cec5ea W1=0x12a2,0x316,0x32e9 W2=0x11af,0x1b49,0x3582
  witness[09] tail=25 r61=24 gh60=0xcba456a W1=0x1a62,0x1112,0xe65 W2=0x196f,0x33d5,0x2508
  witness[10] tail=25 r61=28 gh60=0xfaecb6a W1=0x15d2,0x3855,0x1fa4 W2=0x14df,0x369d,0x341d
  witness[11] tail=26 r61=15 gh60=0xc6085ee W1=0x2c9f,0x267e,0x219a W2=0x2bac,0xc30,0x10c3
  witness[12] tail=26 r61=16 gh60=0x3a1859a W1=0xc85,0x299c,0xd69 W2=0xb92,0x188b,0x3f0f
  witness[13] tail=26 r61=16 gh60=0x55d9bfa W1=0x3d99,0x1cf6,0x621 W2=0x3ca6,0x1dc5,0x3b63
  witness[14] tail=26 r61=17 gh60=0x5ddcffe W1=0x1798,0x2008,0x1ab4 W2=0x16a5,0x24d8,0x2053
  witness[15] tail=26 r61=18 gh60=0x39884a6 W1=0xb2b,0x2cef,0x2eb6 W2=0xa38,0xd4a,0x6e1

Scan-only r61 registry
  registry_count=16 registry_cap=16
  r61_witness[00] r61=14 tail=31 gh60=0x4d04d66 W1=0x65c,0x280,0xdc7 W2=0x569,0x1c1f,0x21d6
  r61_witness[01] r61=14 tail=32 gh60=0x461dcea W1=0x3f1e,0x1b24,0x3825 W2=0x3e2b,0x1f9c,0x2d9d
  r61_witness[02] r61=14 tail=39 gh60=0x498479a W1=0x33aa,0xdb4,0x1e0e W2=0x32b7,0xf84,0x27f2
  r61_witness[03] r61=15 tail=26 gh60=0xc6085ee W1=0x2c9f,0x267e,0x219a W2=0x2bac,0xc30,0x10c3
  r61_witness[04] r61=15 tail=32 gh60=0xc888faa W1=0x7bd,0x17c8,0x1dc3 W2=0x6ca,0x4cb,0xc4
  r61_witness[05] r61=15 tail=33 gh60=0x460bfea W1=0x2fa1,0xcb4,0x2770 W2=0x2eae,0x3837,0x262a
  r61_witness[06] r61=16 tail=24 gh60=0xca184fa W1=0x3c15,0x1c53,0x208b W2=0x3b22,0x1417,0x1342
  r61_witness[07] r61=16 tail=26 gh60=0x3a1859a W1=0xc85,0x299c,0xd69 W2=0xb92,0x188b,0x3f0f
  r61_witness[08] r61=16 tail=26 gh60=0x55d9bfa W1=0x3d99,0x1cf6,0x621 W2=0x3ca6,0x1dc5,0x3b63
  r61_witness[09] r61=16 tail=31 gh60=0x49e85fa W1=0x295,0x24a5,0x2558 W2=0x1a2,0x1041,0x1e3c
  r61_witness[10] r61=16 tail=31 gh60=0x4a784ea W1=0x220d,0x1928,0x312b W2=0x211a,0x19ea,0x2946
  r61_witness[11] r61=16 tail=36 gh60=0xcb34d6a W1=0x65e,0x2614,0x39c1 W2=0x56b,0x1f78,0x1ba7
  r61_witness[12] r61=16 tail=37 gh60=0xcd08566 W1=0xcdb,0x20dd,0x1285 W2=0xbe8,0x13f4,0x165
  r61_witness[13] r61=16 tail=40 gh60=0x4a88caa W1=0x2701,0x1671,0x2a7f W2=0x260e,0x1a20,0x2cab
  r61_witness[14] r61=17 tail=26 gh60=0x5ddcffe W1=0x1798,0x2008,0x1ab4 W2=0x16a5,0x24d8,0x2053
  r61_witness[15] r61=17 tail=28 gh60=0x360479a W1=0x238a,0xcf1,0x198a W2=0x2297,0x3f8f,0xca6

D60=0 fiber histogram: 1:7948 2:4848 3:1843 4:1052 5:430 6:194 7:89 8:57 9:40 10:22 11:10 12:12 13:6 14:4 15:1 16:3
