free_word_mitm_reducedn
N=14 mask=0x3fff msb=0x2000
candidate: M0=0x3d36 mode=random-fallback fill=0x3fff kernel=dM0=dM9=0x2000
prefixes=32768/268435456 mode=permuted-prefix-sample w59_per_prefix=16384 total=536870912
run_mode=scan registry_cap=16
sample_start=12615680
scan_elapsed=18.635s rate=28.81 Mtriples/s

D60 interface
  D60=0 matches: 32929 (random expectation 32768.0, enrichment 1.005x)
  prefixes with D60=0: 16577
  max D60=0 fiber per prefix: 16 at W57=0x2961 W58=0x141e
  largest D60 bucket: D=0xb2e count=33806
  min D60 HW: 0
  D60 HW histogram: 0:32929 1:457574 2:2983091 3:11933682 4:32831316 5:65638932 6:98407009 7:112469921 8:98400296 9:65578232 10:32760631 11:11912914 12:2974581 13:457276 14:32528

Tail closure among D60=0 matches
  final tail collisions: 0
  best r61 HW: 12
  best r61 W1[57..59]=0x26a1,0x110d,0xf8d
  best r61 W2[57..59]=0x25ae,0xee0,0x284b
  best tail HW: 22
  best tail r61 HW: 20
  best W1[57..59]=0x2965,0x1b46,0x4bc
  best W2[57..59]=0x2872,0x914,0x3863

SUMMARY N=14 sample_start=12615680 prefixes=32768 total=536870912 d0=32929 best_tail=22 tail_r61=20 best_r61=12 tail_W1=0x2965,0x1b46,0x4bc tail_W2=0x2872,0x914,0x3863 r61_W1=0x26a1,0x110d,0xf8d r61_W2=0x25ae,0xee0,0x284b

Scan-only witness registry
  registry_count=16 registry_cap=16
  witness[00] tail=22 r61=18 gh60=0xb50856e W1=0x225f,0x252c,0x561 W2=0x216c,0x646,0x2a40
  witness[01] tail=22 r61=20 gh60=0xca68b9a W1=0x2965,0x1b46,0x4bc W2=0x2872,0x914,0x3863
  witness[02] tail=23 r61=16 gh60=0xc50cd6e W1=0x1660,0xad,0x2597 W2=0x156d,0x36cd,0x21a5
  witness[03] tail=23 r61=19 gh60=0x7a2c59e W1=0x2488,0x38c,0x29a2 W2=0x2395,0xa16,0x234a
  witness[04] tail=23 r61=20 gh60=0xc6085ea W1=0x2c9d,0x16ff,0x136d W2=0x2baa,0x248d,0x30a1
  witness[05] tail=23 r61=22 gh60=0x4afc79e W1=0x3c8,0x2e4,0xa85 W2=0x2d5,0x3cfa,0x2491
  witness[06] tail=24 r61=16 gh60=0x4657c9a W1=0xde6,0x16e4,0x10ab W2=0xcf3,0x2db5,0x13f8
  witness[07] tail=24 r61=21 gh60=0x46f4cae W1=0x700,0x3e9d,0x5a1 W2=0x60d,0x2a6d,0x1db4
  witness[08] tail=24 r61=25 gh60=0xc9644aa W1=0x2342,0x1ee6,0x38d8 W2=0x224f,0x283b,0x20ca
  witness[09] tail=25 r61=15 gh60=0x49b4faa W1=0x7be,0x1da7,0x53e W2=0x6cb,0x1a9f,0x2419
  witness[10] tail=25 r61=18 gh60=0x4b28b66 W1=0x19d3,0xadb,0x1f53 W2=0x18e0,0x20c9,0x269d
  witness[11] tail=25 r61=21 gh60=0x5ff84aa W1=0x2331,0x1852,0x22d0 W2=0x223e,0x2092,0x1391
  witness[12] tail=25 r61=21 gh60=0x5a187e6 W1=0x2b93,0x2ead,0x37a5 W2=0x2aa0,0x1806,0xf7e
  witness[13] tail=25 r61=22 gh60=0x4b8ccaa W1=0x172e,0x3096,0x217b W2=0x163b,0x416,0x3fdc
  witness[14] tail=25 r61=24 gh60=0xcee4be6 W1=0x3994,0x3733,0xf80 W2=0x38a1,0x992,0x27bf
  witness[15] tail=25 r61=27 gh60=0x5af856a W1=0x4e1,0xa4b,0x3799 W2=0x3ee,0xfe5,0x149c

Scan-only r61 registry
  registry_count=16 registry_cap=16
  r61_witness[00] r61=12 tail=30 gh60=0x4608dea W1=0x26a1,0x110d,0xf8d W2=0x25ae,0xee0,0x284b
  r61_witness[01] r61=13 tail=26 gh60=0x48a8b9a W1=0x39a5,0x3dc7,0x39d0 W2=0x38b2,0x382d,0x1ba5
  r61_witness[02] r61=14 tail=29 gh60=0x4908f6a W1=0x751,0x4c2,0x34e W2=0x65e,0xe9,0x325f
  r61_witness[03] r61=14 tail=31 gh60=0x3a087ea W1=0x3391,0x18a6,0x2ae9 W2=0x329e,0x2e78,0x1834
  r61_witness[04] r61=14 tail=35 gh60=0x3698ba6 W1=0x2573,0x3fd5,0x2fbe W2=0x2480,0x829,0x32a8
  r61_witness[05] r61=15 tail=25 gh60=0x49b4faa W1=0x7be,0x1da7,0x53e W2=0x6cb,0x1a9f,0x2419
  r61_witness[06] r61=15 tail=30 gh60=0xc60bce6 W1=0xe0b,0x2da9,0x311b W2=0xd18,0x30d1,0x243a
  r61_witness[07] r61=15 tail=31 gh60=0x45985aa W1=0x3471,0xed,0x739 W2=0x337e,0xf15,0x2a20
  r61_witness[08] r61=15 tail=32 gh60=0x565459a W1=0x1286,0x3c95,0x2ec7 W2=0x1193,0x2983,0x20dc
  r61_witness[09] r61=15 tail=36 gh60=0xce144ea W1=0x131e,0x16fb,0x3db1 W2=0x122b,0x2b72,0x28b8
  r61_witness[10] r61=16 tail=23 gh60=0xc50cd6e W1=0x1660,0xad,0x2597 W2=0x156d,0x36cd,0x21a5
  r61_witness[11] r61=16 tail=24 gh60=0x4657c9a W1=0xde6,0x16e4,0x10ab W2=0xcf3,0x2db5,0x13f8
  r61_witness[12] r61=16 tail=26 gh60=0x390876a W1=0x3b5d,0x3444,0x317c W2=0x3a6a,0x2e96,0xed8
  r61_witness[13] r61=16 tail=28 gh60=0x5a35fee W1=0x1f90,0x3f1b,0x3f49 W2=0x1e9d,0x35eb,0x3711
  r61_witness[14] r61=16 tail=29 gh60=0x4e9bb66 W1=0xde3,0x186,0x1576 W2=0xcf0,0x3802,0x744
  r61_witness[15] r61=16 tail=35 gh60=0x48884ae W1=0x2b2f,0xa21,0x3e58 W2=0x2a3c,0x28c1,0x1ed8

D60=0 fiber histogram: 1:8004 2:4748 3:1821 4:1099 5:412 6:235 7:112 8:85 9:20 10:19 11:8 12:9 13:2 14:2 16:1
