free_word_mitm_reducedn
N=14 mask=0x3fff msb=0x2000
candidate: M0=0x3d36 mode=random-fallback fill=0x3fff kernel=dM0=dM9=0x2000
prefixes=32768/268435456 mode=permuted-prefix-sample w59_per_prefix=16384 total=536870912
run_mode=scan registry_cap=16
sample_start=237535232
scan_elapsed=19.165s rate=28.01 Mtriples/s

D60 interface
  D60=0 matches: 32442 (random expectation 32768.0, enrichment 0.990x)
  prefixes with D60=0: 16459
  max D60=0 fiber per prefix: 16 at W57=0x1029 W58=0x1651
  largest D60 bucket: D=0x1126 count=33675
  min D60 HW: 0
  D60 HW histogram: 0:32442 1:457488 2:2978220 3:11925063 4:32818259 5:65656204 6:98437507 7:112441598 8:98391770 9:65593565 10:32774712 11:11902699 12:2971192 13:457743 14:32450

Tail closure among D60=0 matches
  final tail collisions: 0
  best r61 HW: 14
  best r61 W1[57..59]=0x8b9,0x10ef,0x34a6
  best r61 W2[57..59]=0x7c6,0x2ac6,0x786
  best tail HW: 20
  best tail r61 HW: 20
  best W1[57..59]=0x767,0x2292,0x3f95
  best W2[57..59]=0x674,0x186c,0x34ff

SUMMARY N=14 sample_start=237535232 prefixes=32768 total=536870912 d0=32442 best_tail=20 tail_r61=20 best_r61=14 tail_W1=0x767,0x2292,0x3f95 tail_W2=0x674,0x186c,0x34ff r61_W1=0x8b9,0x10ef,0x34a6 r61_W2=0x7c6,0x2ac6,0x786

Scan-only witness registry
  registry_count=16 registry_cap=16
  witness[00] tail=20 r61=20 gh60=0x5bf8f9e W1=0x767,0x2292,0x3f95 W2=0x674,0x186c,0x34ff
  witness[01] tail=22 r61=17 gh60=0xc58cca6 W1=0x62c,0x11ee,0x2be4 W2=0x539,0x328b,0x259d
  witness[02] tail=23 r61=20 gh60=0xca845a6 W1=0x1a7c,0xa1f,0x17a7 W2=0x1989,0x2cc3,0x5b9
  witness[03] tail=24 r61=18 gh60=0x7b99cae W1=0xef,0x1cd0,0x2c19 W2=0x3ffc,0x3933,0x1b7e
  witness[04] tail=24 r61=19 gh60=0x5995bae W1=0x170,0xdbc,0x2cb7 W2=0x7d,0x3f58,0x3851
  witness[05] tail=24 r61=19 gh60=0xdbb85ba W1=0x4b5,0x8e1,0x14ba W2=0x3c2,0x3573,0x3c37
  witness[06] tail=24 r61=19 gh60=0x3a6dcfe W1=0x1e18,0x2e4f,0xd92 W2=0x1d25,0x2f27,0x309e
  witness[07] tail=24 r61=22 gh60=0x5b1ffaa W1=0xfc2,0x1c67,0x28de W2=0xecf,0x3d87,0x328e
  witness[08] tail=24 r61=22 gh60=0xbbb4cbe W1=0x3738,0x3ece,0xc5 W2=0x3645,0x1ab2,0x3893
  witness[09] tail=24 r61=22 gh60=0x4654b9a W1=0x3966,0x1235,0x714 W2=0x3873,0x1d24,0x1c59
  witness[10] tail=24 r61=23 gh60=0x46685a6 W1=0x473,0x25bc,0x3d W2=0x380,0x3a8f,0x215c
  witness[11] tail=25 r61=15 gh60=0xc908f6a W1=0x3751,0xbdc,0x1a1 W2=0x365e,0x12ff,0x3826
  witness[12] tail=25 r61=17 gh60=0xd654d9a W1=0x886,0x10ca,0x16f1 W2=0x793,0x2c6d,0x1b22
  witness[13] tail=25 r61=20 gh60=0x49987a6 W1=0x2373,0x2197,0xc28 W2=0x2280,0xc6a,0x139e
  witness[14] tail=25 r61=22 gh60=0xdae9b66 W1=0x1de3,0xa96,0x3197 W2=0x1cf0,0x1516,0x27a4
  witness[15] tail=25 r61=22 gh60=0x4a64da6 W1=0x2674,0x19ee,0xe82 W2=0x2581,0x12b3,0x33be

Scan-only r61 registry
  registry_count=16 registry_cap=16
  r61_witness[00] r61=14 tail=34 gh60=0xd5a8dba W1=0x8b9,0x10ef,0x34a6 W2=0x7c6,0x2ac6,0x786
  r61_witness[01] r61=15 tail=25 gh60=0xc908f6a W1=0x3751,0xbdc,0x1a1 W2=0x365e,0x12ff,0x3826
  r61_witness[02] r61=15 tail=27 gh60=0xd60449a W1=0x2b0a,0x197c,0x3354 W2=0x2a17,0x1fc,0x36ed
  r61_witness[03] r61=15 tail=28 gh60=0x5a285fa W1=0xc95,0x389b,0x2b70 W2=0xba2,0x2437,0x20a8
  r61_witness[04] r61=15 tail=33 gh60=0x453459e W1=0x1cc8,0x1bb0,0x1b66 W2=0x1bd5,0x324c,0x28bc
  r61_witness[05] r61=15 tail=34 gh60=0x5d09d6a W1=0xcd,0x1b69,0x3768 W2=0x3fda,0x2950,0x7b7
  r61_witness[06] r61=16 tail=28 gh60=0xcf04766 W1=0x13cc,0xf31,0x1623 W2=0x12d9,0xeef,0x3812
  r61_witness[07] r61=16 tail=30 gh60=0x4d845a6 W1=0x47c,0x1e00,0x2077 W2=0x389,0x13a6,0x16fd
  r61_witness[08] r61=16 tail=31 gh60=0xcb19d66 W1=0x3ecb,0x3376,0x9a8 W2=0x3dd8,0x73e,0x1ba6
  r61_witness[09] r61=16 tail=32 gh60=0x4a0c4ea W1=0x140e,0x3256,0x1986 W2=0x131b,0x691,0x1948
  r61_witness[10] r61=16 tail=40 gh60=0x4a1bbea W1=0x2da1,0x28b,0x38f6 W2=0x2cae,0x304e,0x1de3
  r61_witness[11] r61=17 tail=22 gh60=0xc58cca6 W1=0x62c,0x11ee,0x2be4 W2=0x539,0x328b,0x259d
  r61_witness[12] r61=17 tail=25 gh60=0xd654d9a W1=0x886,0x10ca,0x16f1 W2=0x793,0x2c6d,0x1b22
  r61_witness[13] r61=17 tail=26 gh60=0x5a89caa W1=0x101,0xd58,0x3ca2 W2=0xe,0x1187,0x1b0c
  r61_witness[14] r61=17 tail=27 gh60=0xca084ea W1=0x311,0x2295,0x3004 W2=0x21e,0x294b,0x1a4f
  r61_witness[15] r61=17 tail=30 gh60=0x4a55b9e W1=0x1d68,0x3c90,0x269a W2=0x1c75,0x3235,0xd49

D60=0 fiber histogram: 1:8027 2:4701 3:1802 4:1113 5:366 6:219 7:73 8:79 9:24 10:23 11:6 12:10 13:4 14:3 15:2 16:7
