free_word_mitm_reducedn
N=14 mask=0x3fff msb=0x2000
candidate: M0=0x3d36 mode=random-fallback fill=0x3fff kernel=dM0=dM9=0x2000
prefixes=32768/268435456 mode=permuted-prefix-sample w59_per_prefix=16384 total=536870912
run_mode=scan registry_cap=16
sample_start=29458432
scan_elapsed=20.317s rate=26.42 Mtriples/s

D60 interface
  D60=0 matches: 32782 (random expectation 32768.0, enrichment 1.000x)
  prefixes with D60=0: 16545
  max D60=0 fiber per prefix: 19 at W57=0x2df4 W58=0x68d
  largest D60 bucket: D=0x25a8 count=33783
  min D60 HW: 0
  D60 HW histogram: 0:32782 1:458648 2:2983064 3:11936526 4:32816052 5:65657017 6:98457128 7:112491946 8:98381203 9:65543049 10:32748195 11:11901925 12:2974030 13:457016 14:32331

Tail closure among D60=0 matches
  final tail collisions: 0
  best r61 HW: 13
  best r61 W1[57..59]=0x3792,0x1780,0x22ad
  best r61 W2[57..59]=0x369f,0x1318,0x191d
  best tail HW: 21
  best tail r61 HW: 23
  best W1[57..59]=0xea,0x212,0x34d5
  best W2[57..59]=0x3ff7,0x22d3,0x2a7c

SUMMARY N=14 sample_start=29458432 prefixes=32768 total=536870912 d0=32782 best_tail=21 tail_r61=23 best_r61=13 tail_W1=0xea,0x212,0x34d5 tail_W2=0x3ff7,0x22d3,0x2a7c r61_W1=0x3792,0x1780,0x22ad r61_W2=0x369f,0x1318,0x191d

Scan-only witness registry
  registry_count=16 registry_cap=16
  witness[00] tail=21 r61=23 gh60=0xfe85c9a W1=0xea,0x212,0x34d5 W2=0x3ff7,0x22d3,0x2a7c
  witness[01] tail=23 r61=19 gh60=0xcd09d66 W1=0x1e4b,0xca8,0x678 W2=0x1d58,0x2050,0x1514
  witness[02] tail=23 r61=20 gh60=0xc918766 W1=0x35b,0x267d,0x38bc W2=0x268,0x182a,0x49f
  witness[03] tail=23 r61=25 gh60=0x4be44a6 W1=0x3af4,0x22f0,0x2ea2 W2=0x3a01,0x24de,0x28f7
  witness[04] tail=24 r61=18 gh60=0x796db9e W1=0x1da8,0x1a55,0x267a W2=0x1cb5,0x136a,0xb52
  witness[05] tail=24 r61=19 gh60=0xd908b6a W1=0x29cd,0x763,0x15e7 W2=0x28da,0x31a6,0x1ad9
  witness[06] tail=24 r61=19 gh60=0xca044e6 W1=0x2b0c,0x1b44,0x1b80 W2=0x2a19,0x2e28,0xd1d
  witness[07] tail=24 r61=19 gh60=0x4e184ea W1=0x3b1d,0x3907,0x30e5 W2=0x3a2a,0x11e9,0x2447
  witness[08] tail=25 r61=21 gh60=0x59b4b9a W1=0x566,0x6b3,0xf20 W2=0x473,0x55e,0x377d
  witness[09] tail=25 r61=21 gh60=0x5a2c4fe W1=0x3218,0x3059,0x3fb8 W2=0x3125,0x3bf2,0x16f
  witness[10] tail=25 r61=21 gh60=0xfe24de6 W1=0x3694,0x38e5,0x287e W2=0x35a1,0x3eb4,0x2291
  witness[11] tail=25 r61=22 gh60=0xc9f7bae W1=0xd70,0x624,0x1ac3 W2=0xc7d,0x2cc0,0x2384
  witness[12] tail=25 r61=23 gh60=0x5e344ea W1=0x340e,0xaa9,0xfbd W2=0x331b,0x20e4,0x6f7
  witness[13] tail=25 r61=29 gh60=0xdf7c5aa W1=0x1aae,0x3e84,0x3df4 W2=0x19bb,0xa2d,0x697
  witness[14] tail=26 r61=19 gh60=0xd5884ae W1=0x11ef,0x1c38,0x323d W2=0x10fc,0x19d8,0x3217
  witness[15] tail=26 r61=20 gh60=0x5908b6a W1=0x54d,0x3d90,0x1108 W2=0x45a,0x2b93,0x3ca7

Scan-only r61 registry
  registry_count=16 registry_cap=16
  r61_witness[00] r61=13 tail=34 gh60=0x4e24fea W1=0x3792,0x1780,0x22ad W2=0x369f,0x1318,0x191d
  r61_witness[01] r61=14 tail=32 gh60=0x4a3bce6 W1=0x301b,0x544,0x21f4 W2=0x2f28,0x1cd4,0x103d
  r61_witness[02] r61=14 tail=37 gh60=0x4904f7a W1=0x27da,0x271,0x33ac W2=0x26e7,0x2a89,0x1fa5
  r61_witness[03] r61=15 tail=30 gh60=0x4a184ea W1=0x2311,0x3ed3,0x1902 W2=0x221e,0x389,0x280b
  r61_witness[04] r61=15 tail=30 gh60=0x3a044e6 W1=0x251c,0x1f09,0x2069 W2=0x2429,0xedf,0x156b
  r61_witness[05] r61=16 tail=28 gh60=0x4a084ea W1=0x221,0xb8e,0x342f W2=0x12e,0xf08,0x37b1
  r61_witness[06] r61=16 tail=32 gh60=0x44884ae W1=0x3c3f,0x88,0x1174 W2=0x3b4c,0x3e98,0x1873
  r61_witness[07] r61=16 tail=33 gh60=0xc4e84a6 W1=0x3433,0x2559,0xe5d W2=0x3340,0x2c4,0xbea
  r61_witness[08] r61=16 tail=36 gh60=0xbb0856a W1=0x124d,0x19f3,0x1075 W2=0x115a,0x3719,0x1441
  r61_witness[09] r61=16 tail=37 gh60=0x4a8cda6 W1=0x86c,0x37fc,0x1936 W2=0x779,0x2ab1,0x1fbf
  r61_witness[10] r61=16 tail=38 gh60=0xcb0876a W1=0x1bcd,0x28d1,0x305c W2=0x1ada,0x262f,0x56a
  r61_witness[11] r61=16 tail=40 gh60=0x450856e W1=0x45f,0x2fd4,0x315c W2=0x36c,0x1d96,0x90e
  r61_witness[12] r61=17 tail=27 gh60=0x38d44be W1=0x538,0x3b95,0x2557 W2=0x445,0x834,0x2c0
  r61_witness[13] r61=17 tail=28 gh60=0x4c884aa W1=0x1a2d,0x9ad,0x1250 W2=0x193a,0x1d69,0x2138
  r61_witness[14] r61=17 tail=28 gh60=0x4e39dea W1=0x209d,0x50a,0x6e7 W2=0x1faa,0xf55,0x112a
  r61_witness[15] r61=17 tail=28 gh60=0xc917b6a W1=0x2dde,0xedd,0x37a4 W2=0x2ceb,0x3fcd,0x661

D60=0 fiber histogram: 1:7936 2:4804 3:1840 4:1098 5:412 6:233 7:81 8:64 9:32 10:26 11:8 12:4 13:1 14:4 17:1 19:1
