free_word_mitm_reducedn
N=14 mask=0x3fff msb=0x2000
candidate: M0=0x3d36 mode=random-fallback fill=0x3fff kernel=dM0=dM9=0x2000
prefixes=32768/268435456 mode=permuted-prefix-sample w59_per_prefix=16384 total=536870912
run_mode=scan registry_cap=16
sample_start=155287552
scan_elapsed=20.066s rate=26.76 Mtriples/s

D60 interface
  D60=0 matches: 32686 (random expectation 32768.0, enrichment 0.997x)
  prefixes with D60=0: 16511
  max D60=0 fiber per prefix: 18 at W57=0x342d W58=0x3488
  largest D60 bucket: D=0x1318 count=33668
  min D60 HW: 0
  D60 HW histogram: 0:32686 1:458152 2:2976001 3:11914773 4:32779733 5:65590121 6:98407566 7:112494293 8:98444805 9:65602147 10:32789111 11:11912879 12:2978064 13:457658 14:32923

Tail closure among D60=0 matches
  final tail collisions: 0
  best r61 HW: 14
  best r61 W1[57..59]=0x158b,0x3668,0x1e4c
  best r61 W2[57..59]=0x1498,0x10b6,0x25e3
  best tail HW: 20
  best tail r61 HW: 24
  best W1[57..59]=0x3862,0x1d12,0x27e3
  best W2[57..59]=0x376f,0x357e,0x933

SUMMARY N=14 sample_start=155287552 prefixes=32768 total=536870912 d0=32686 best_tail=20 tail_r61=24 best_r61=14 tail_W1=0x3862,0x1d12,0x27e3 tail_W2=0x376f,0x357e,0x933 r61_W1=0x158b,0x3668,0x1e4c r61_W2=0x1498,0x10b6,0x25e3

Scan-only witness registry
  registry_count=16 registry_cap=16
  witness[00] tail=20 r61=24 gh60=0xbba4d6a W1=0x3862,0x1d12,0x27e3 W2=0x376f,0x357e,0x933
  witness[01] tail=22 r61=15 gh60=0x470856e W1=0x3c4f,0x37c,0x69d W2=0x3b5c,0x3ace,0x215c
  witness[02] tail=23 r61=16 gh60=0xca0bcea W1=0x2e1d,0x168f,0x3a22 W2=0x2d2a,0x13be,0x17ab
  witness[03] tail=23 r61=23 gh60=0xdcf5cae W1=0x2040,0x2b2e,0x11c1 W2=0x1f4d,0x702,0x2194
  witness[04] tail=23 r61=25 gh60=0xbb55d7a W1=0x2056,0x22de,0x68a W2=0x1f63,0x12e,0x6d0
  witness[05] tail=24 r61=19 gh60=0xfa2bc9a W1=0x2f05,0x165,0x1552 W2=0x2e12,0x18b1,0x1d33
  witness[06] tail=24 r61=20 gh60=0xc908f6a W1=0x17dd,0x2adf,0x1a81 W2=0x16ea,0x22f2,0x271b
  witness[07] tail=24 r61=21 gh60=0xd6884aa W1=0x4f1,0x1969,0x1be7 W2=0x3fe,0x1ea9,0x2ab0
  witness[08] tail=24 r61=21 gh60=0x479c49a W1=0x3bea,0x2d26,0x2de W2=0x3af7,0x23a8,0x10b3
  witness[09] tail=24 r61=23 gh60=0xcb87c9a W1=0x10ea,0x1b02,0x11d0 W2=0xff7,0x2bc7,0x3efa
  witness[10] tail=25 r61=20 gh60=0xdbbc4ea W1=0x2b22,0x509,0x26fc W2=0x2a2f,0x10e8,0x168c
  witness[11] tail=25 r61=21 gh60=0xf98c7ae W1=0x3b0,0x25df,0x1794 W2=0x2bd,0x1e28,0x1ab6
  witness[12] tail=25 r61=21 gh60=0x39384a6 W1=0x3543,0x2a7c,0x2750 W2=0x3450,0x16f7,0x2f8c
  witness[13] tail=25 r61=22 gh60=0xd9b849e W1=0x3ae7,0x1984,0x1faf W2=0x39f4,0x29b1,0x2983
  witness[14] tail=25 r61=23 gh60=0xca5bd9a W1=0xe69,0x25b8,0x13ab W2=0xd76,0x38b0,0x596
  witness[15] tail=25 r61=23 gh60=0x373c4aa W1=0x1d42,0xc20,0x2783 W2=0x1c4f,0x2075,0x3939

Scan-only r61 registry
  registry_count=16 registry_cap=16
  r61_witness[00] r61=14 tail=34 gh60=0x4e08be6 W1=0x158b,0x3668,0x1e4c W2=0x1498,0x10b6,0x25e3
  r61_witness[01] r61=14 tail=34 gh60=0x4498da6 W1=0x26bb,0x263,0x3a8c W2=0x25c8,0x1a07,0x7d4
  r61_witness[02] r61=15 tail=22 gh60=0x470856e W1=0x3c4f,0x37c,0x69d W2=0x3b5c,0x3ace,0x215c
  r61_witness[03] r61=15 tail=31 gh60=0x4e08dea W1=0x288d,0x3f8e,0xf5a W2=0x279a,0x869,0x23e7
  r61_witness[04] r61=15 tail=34 gh60=0x4628ca6 W1=0x1603,0x2f10,0x1dff W2=0x1510,0x2fcc,0xe51
  r61_witness[05] r61=15 tail=40 gh60=0x4518d6a W1=0x651,0x3ce7,0x16c3 W2=0x55e,0x3b5e,0x1635
  r61_witness[06] r61=16 tail=23 gh60=0xca0bcea W1=0x2e1d,0x168f,0x3a22 W2=0x2d2a,0x13be,0x17ab
  r61_witness[07] r61=16 tail=31 gh60=0xcc885a6 W1=0x12bb,0x1e8d,0x3ffb W2=0x11c8,0x2b2,0x26e2
  r61_witness[08] r61=16 tail=33 gh60=0x5a0bcee W1=0x101f,0x3c8c,0xcf7 W2=0xf2c,0x19e7,0x3ec7
  r61_witness[09] r61=16 tail=34 gh60=0x4a14cee W1=0x610,0xb8c,0x1766 W2=0x51d,0x2e64,0x384b
  r61_witness[10] r61=16 tail=34 gh60=0xca85dba W1=0x207a,0x7d9,0x3c6d W2=0x1f87,0x30a5,0xce7
  r61_witness[11] r61=16 tail=35 gh60=0x4c8fda6 W1=0xeac,0x3aa7,0x2417 W2=0xdb9,0x3d72,0x3110
  r61_witness[12] r61=16 tail=37 gh60=0x560cdea W1=0x88e,0x2f63,0xe5c W2=0x79b,0x2c43,0x291a
  r61_witness[13] r61=16 tail=40 gh60=0x44a45e6 W1=0x34a4,0x3b66,0x1260 W2=0x33b1,0x1fc2,0x345f
  r61_witness[14] r61=17 tail=28 gh60=0x5954bba W1=0x19b6,0x34e4,0x37c3 W2=0x18c3,0x130,0x482
  r61_witness[15] r61=17 tail=28 gh60=0xca08ce6 W1=0x371b,0x6a2,0x2112 W2=0x3628,0x35a4,0x1701

D60=0 fiber histogram: 1:7979 2:4762 3:1781 4:1095 5:432 6:236 7:97 8:59 9:25 10:21 11:6 12:10 13:5 14:1 15:1 18:1
