free_word_mitm_reducedn
N=14 mask=0x3fff msb=0x2000
candidate: M0=0x3d36 mode=random-fallback fill=0x3fff kernel=dM0=dM9=0x2000
prefixes=32768/268435456 mode=permuted-prefix-sample w59_per_prefix=16384 total=536870912
run_mode=scan registry_cap=16
sample_start=222396416
scan_elapsed=19.994s rate=26.85 Mtriples/s

D60 interface
  D60=0 matches: 32286 (random expectation 32768.0, enrichment 0.985x)
  prefixes with D60=0: 16422
  max D60=0 fiber per prefix: 20 at W57=0x30f0 W58=0xfdd
  largest D60 bucket: D=0x1c70 count=33866
  min D60 HW: 0
  D60 HW histogram: 0:32286 1:457744 2:2972355 3:11898188 4:32771344 5:65591216 6:98450363 7:112537810 8:98449243 9:65583563 10:32765517 11:11897921 12:2973945 13:456507 14:32910

Tail closure among D60=0 matches
  final tail collisions: 0
  best r61 HW: 13
  best r61 W1[57..59]=0x29f,0x3107,0x2682
  best r61 W2[57..59]=0x1ac,0x14b9,0x26f0
  best tail HW: 21
  best tail r61 HW: 18
  best W1[57..59]=0x325c,0xfd,0xf55
  best W2[57..59]=0x3169,0x2b1f,0xe73

SUMMARY N=14 sample_start=222396416 prefixes=32768 total=536870912 d0=32286 best_tail=21 tail_r61=18 best_r61=13 tail_W1=0x325c,0xfd,0xf55 tail_W2=0x3169,0x2b1f,0xe73 r61_W1=0x29f,0x3107,0x2682 r61_W2=0x1ac,0x14b9,0x26f0

Scan-only witness registry
  registry_count=16 registry_cap=16
  witness[00] tail=21 r61=18 gh60=0xb504566 W1=0x325c,0xfd,0xf55 W2=0x3169,0x2b1f,0xe73
  witness[01] tail=23 r61=18 gh60=0x4ad5f7a W1=0x3f56,0x32a4,0xd35 W2=0x3e63,0x2ccc,0x3687
  witness[02] tail=23 r61=19 gh60=0x478cc9a W1=0x292a,0x1b10,0x22eb W2=0x2837,0x3ddb,0x1b48
  witness[03] tail=24 r61=21 gh60=0xc5b84aa W1=0x1431,0x5d0,0xd4c W2=0x133e,0x1d50,0x527
  witness[04] tail=24 r61=22 gh60=0x4ddfc9a W1=0xfe6,0x21ab,0x322c W2=0xef3,0x327c,0x3859
  witness[05] tail=25 r61=16 gh60=0xda98baa W1=0x1571,0xb7b,0x2778 W2=0x147e,0x1c42,0x2cdc
  witness[06] tail=25 r61=17 gh60=0x390876a W1=0x1bdd,0x39b,0x4ca W2=0x1aea,0x3fed,0x3971
  witness[07] tail=25 r61=18 gh60=0x3b0c49a W1=0xc4a,0x3d7b,0x1f8d W2=0xb57,0x23c7,0x116a
  witness[08] tail=25 r61=19 gh60=0x79a5d66 W1=0x3ee4,0x1ce2,0x3c1 W2=0x3df1,0xe4b,0x1327
  witness[09] tail=25 r61=20 gh60=0xcee7faa W1=0xf72,0x2c40,0x11d1 W2=0xe7f,0x11e0,0x2844
  witness[10] tail=25 r61=23 gh60=0xcf27ca6 W1=0x1044,0x2351,0x397a W2=0xf51,0x3008,0x3276
  witness[11] tail=25 r61=30 gh60=0xdbdbcfe W1=0x3017,0x807,0x3bf0 W2=0x2f24,0x3eee,0x3355
  witness[12] tail=26 r61=14 gh60=0xc909b6a W1=0x1d51,0x374a,0x2369 W2=0x1c5e,0x3b85,0x1705
  witness[13] tail=26 r61=15 gh60=0xcea4da6 W1=0x3874,0x2570,0x3766 W2=0x3781,0x7b5,0x27c3
  witness[14] tail=26 r61=18 gh60=0x49a5be6 W1=0x1a4,0x27ca,0x177a W2=0xb1,0x2c37,0xca1
  witness[15] tail=26 r61=18 gh60=0x5a04cfa W1=0x61a,0x1af,0x13bb W2=0x527,0x2c1b,0x5e2

Scan-only r61 registry
  registry_count=16 registry_cap=16
  r61_witness[00] r61=13 tail=27 gh60=0xba085ee W1=0x29f,0x3107,0x2682 W2=0x1ac,0x14b9,0x26f0
  r61_witness[01] r61=14 tail=26 gh60=0xc909b6a W1=0x1d51,0x374a,0x2369 W2=0x1c5e,0x3b85,0x1705
  r61_witness[02] r61=14 tail=29 gh60=0x48984ba W1=0x3335,0xcbe,0x1db W2=0x3242,0x3bc,0x29d2
  r61_witness[03] r61=15 tail=26 gh60=0xcea4da6 W1=0x3874,0x2570,0x3766 W2=0x3781,0x7b5,0x27c3
  r61_witness[04] r61=15 tail=32 gh60=0x450856a W1=0x345d,0x3725,0x207d W2=0x336a,0xfa7,0x1fec
  r61_witness[05] r61=15 tail=34 gh60=0x4a184fa W1=0x3d15,0x3ceb,0x38ec W2=0x3c22,0x345f,0x987
  r61_witness[06] r61=15 tail=38 gh60=0x7904b7a W1=0x29da,0xccf,0x1ad3 W2=0x28e7,0x31c7,0xe89
  r61_witness[07] r61=16 tail=25 gh60=0xda98baa W1=0x1571,0xb7b,0x2778 W2=0x147e,0x1c42,0x2cdc
  r61_witness[08] r61=16 tail=28 gh60=0x4d844a6 W1=0x242c,0x2fce,0x30df W2=0x2339,0x2e2c,0x23b1
  r61_witness[09] r61=16 tail=30 gh60=0x4989baa W1=0x3d71,0x1712,0x1ff5 W2=0x3c7e,0x19dd,0x1cfb
  r61_witness[10] r61=16 tail=35 gh60=0xcd88caa W1=0x3841,0x1d75,0x29d8 W2=0x374e,0x2fe4,0x21b8
  r61_witness[11] r61=16 tail=36 gh60=0x596fbaa W1=0x11c2,0x4f9,0x2aa9 W2=0x10cf,0x2319,0x3e0a
  r61_witness[12] r61=16 tail=36 gh60=0x49887a6 W1=0x23bb,0x13ac,0x338d W2=0x22c8,0x3f71,0x3b5b
  r61_witness[13] r61=16 tail=38 gh60=0x4a05de6 W1=0x1e8c,0x403,0x29ac W2=0x1d99,0x1c40,0x12f3
  r61_witness[14] r61=16 tail=38 gh60=0x490876a W1=0x3361,0x3833,0x166b W2=0x326e,0x489,0x340c
  r61_witness[15] r61=16 tail=41 gh60=0x55884aa W1=0x1ed,0x1bb4,0x2be7 W2=0xfa,0x1e70,0x1eab

D60=0 fiber histogram: 1:7968 2:4742 3:1821 4:1056 5:410 6:187 7:99 8:74 9:24 10:21 11:5 12:7 13:3 15:1 16:1 17:1 18:1 20:1
