free_word_mitm_reducedn
N=14 mask=0x3fff msb=0x2000
candidate: M0=0x3d36 mode=random-fallback fill=0x3fff kernel=dM0=dM9=0x2000
prefixes=32768/268435456 mode=permuted-prefix-sample w59_per_prefix=16384 total=536870912
run_mode=scan registry_cap=16
sample_start=221478912
scan_elapsed=18.855s rate=28.47 Mtriples/s

D60 interface
  D60=0 matches: 32349 (random expectation 32768.0, enrichment 0.987x)
  prefixes with D60=0: 16383
  max D60=0 fiber per prefix: 26 at W57=0x9d W58=0x2868
  largest D60 bucket: D=0x2f26 count=33863
  min D60 HW: 0
  D60 HW histogram: 0:32349 1:455956 2:2967665 3:11902431 4:32783961 5:65655707 6:98489618 7:112529850 8:98421092 9:65541903 10:32740123 11:11890863 12:2970127 13:456561 14:32706

Tail closure among D60=0 matches
  final tail collisions: 0
  best r61 HW: 14
  best r61 W1[57..59]=0x3e6f,0x1115,0x3b83
  best r61 W2[57..59]=0x3d7c,0x3b60,0x2e9a
  best tail HW: 23
  best tail r61 HW: 19
  best W1[57..59]=0x3d27,0xcc6,0x2ed6
  best W2[57..59]=0x3c34,0x1aef,0xa20

SUMMARY N=14 sample_start=221478912 prefixes=32768 total=536870912 d0=32349 best_tail=23 tail_r61=19 best_r61=14 tail_W1=0x3d27,0xcc6,0x2ed6 tail_W2=0x3c34,0x1aef,0xa20 r61_W1=0x3e6f,0x1115,0x3b83 r61_W2=0x3d7c,0x3b60,0x2e9a

Scan-only witness registry
  registry_count=16 registry_cap=16
  witness[00] tail=23 r61=18 gh60=0xc989ca6 W1=0x3f2b,0x1076,0xced W2=0x3e38,0x2a10,0x1e37
  witness[01] tail=23 r61=19 gh60=0xc9f849e W1=0x3d27,0xcc6,0x2ed6 W2=0x3c34,0x1aef,0xa20
  witness[02] tail=24 r61=19 gh60=0x4ee8ce6 W1=0x2813,0xacf,0x22e2 W2=0x2720,0x1401,0x4cb
  witness[03] tail=24 r61=20 gh60=0xccb85be W1=0xcb7,0x399e,0xf43 W2=0xbc4,0xd4,0x260a
  witness[04] tail=24 r61=20 gh60=0xca54f9a W1=0x1766,0xf69,0x1343 W2=0x1673,0x1f10,0x1ed4
  witness[05] tail=24 r61=20 gh60=0xc4884ae W1=0x1c2f,0x1307,0x12a5 W2=0x1b3c,0x1027,0x143d
  witness[06] tail=24 r61=20 gh60=0xcae8dfa W1=0x2695,0x2927,0x14a1 W2=0x25a2,0x1782,0x3fc
  witness[07] tail=24 r61=21 gh60=0xdb0856a W1=0x144d,0x3bce,0xdb W2=0x135a,0x1b54,0xf69
  witness[08] tail=24 r61=22 gh60=0x789ccba W1=0x393a,0x2271,0x2fbd W2=0x3847,0x1429,0x3aff
  witness[09] tail=24 r61=23 gh60=0xca37cea W1=0xe1e,0x35b7,0x29d0 W2=0xd2b,0x28e3,0x712
  witness[10] tail=24 r61=23 gh60=0x3bdc4be W1=0x22f8,0x1718,0x3d94 W2=0x2205,0x28bb,0xad4
  witness[11] tail=24 r61=28 gh60=0xdb38d66 W1=0x16cb,0x2390,0x349b W2=0x15d8,0xd5e,0x273d
  witness[12] tail=25 r61=17 gh60=0x3b08b6a W1=0x354d,0x3dd,0x36af W2=0x345a,0x3ddc,0x283c
  witness[13] tail=25 r61=18 gh60=0x4689daa W1=0x1e71,0x3a8a,0x300 W2=0x1d7e,0x3cf5,0x241e
  witness[14] tail=25 r61=18 gh60=0x4618bee W1=0x398f,0x27e8,0x20ab W2=0x389c,0x2e7b,0x13a
  witness[15] tail=25 r61=19 gh60=0xce6849a W1=0x21e9,0x35d4,0x2020 W2=0x20f6,0x1a67,0x3a70

Scan-only r61 registry
  registry_count=16 registry_cap=16
  r61_witness[00] r61=14 tail=28 gh60=0xcb89dae W1=0x3e6f,0x1115,0x3b83 W2=0x3d7c,0x3b60,0x2e9a
  r61_witness[01] r61=15 tail=33 gh60=0x4a09cee W1=0x1f1f,0x4ca,0x671 W2=0x1e2c,0x2111,0x2551
  r61_witness[02] r61=15 tail=34 gh60=0xb88dbaa W1=0x21ae,0x275f,0x1335 W2=0x20bb,0x24a7,0x1bb5
  r61_witness[03] r61=15 tail=35 gh60=0x49887aa W1=0x3bd,0xcc8,0x7ad W2=0x2ca,0x3e0c,0x1179
  r61_witness[04] r61=16 tail=26 gh60=0xcb88daa W1=0x38b1,0x2ef6,0x365a W2=0x37be,0x384d,0x1715
  r61_witness[05] r61=16 tail=29 gh60=0x48bbfba W1=0xfb5,0x2082,0x1898 W2=0xec2,0x499,0x280a
  r61_witness[06] r61=16 tail=29 gh60=0x490876a W1=0x134d,0x3d8a,0x19a9 W2=0x125a,0xe0,0x1537
  r61_witness[07] r61=16 tail=29 gh60=0x571476a W1=0x3bde,0xaec,0x38be W2=0x3aeb,0x213b,0x47b
  r61_witness[08] r61=16 tail=32 gh60=0x4d08566 W1=0x3ccb,0x2ac9,0x1224 W2=0x3bd8,0x29f0,0x2584
  r61_witness[09] r61=16 tail=33 gh60=0xd909b6e W1=0x1df,0xdbc,0x15fb W2=0xec,0x3dc7,0x2e55
  r61_witness[10] r61=16 tail=34 gh60=0xca28c9a W1=0x1609,0x3d5e,0x3c1d W2=0x1516,0x352c,0x3c7f
  r61_witness[11] r61=16 tail=35 gh60=0xcb0bd6e W1=0x30cf,0x17bd,0x213a W2=0x2fdc,0x2a6c,0x7a9
  r61_witness[12] r61=16 tail=36 gh60=0x4535d7a W1=0x3ed6,0xeea,0x110c W2=0x3de3,0x333a,0x3e64
  r61_witness[13] r61=16 tail=38 gh60=0x5888ba6 W1=0x39bb,0x1b33,0xf3b W2=0x38c8,0x2ef7,0x86f
  r61_witness[14] r61=17 tail=25 gh60=0x3b08b6a W1=0x354d,0x3dd,0x36af W2=0x345a,0x3ddc,0x283c
  r61_witness[15] r61=17 tail=26 gh60=0x5908766 W1=0x2b5b,0x1b52,0x31f W2=0x2a68,0x479,0x2258

D60=0 fiber histogram: 1:7920 2:4761 3:1757 4:1088 5:422 6:219 7:75 8:72 9:28 10:17 11:7 12:8 15:1 16:3 17:1 18:2 22:1 26:1
