free_word_mitm_reducedn
N=14 mask=0x3fff msb=0x2000
candidate: M0=0x3d36 mode=random-fallback fill=0x3fff kernel=dM0=dM9=0x2000
prefixes=32768/268435456 mode=permuted-prefix-sample w59_per_prefix=16384 total=536870912
run_mode=scan registry_cap=16
sample_start=145981440
scan_elapsed=19.267s rate=27.87 Mtriples/s

D60 interface
  D60=0 matches: 32580 (random expectation 32768.0, enrichment 0.994x)
  prefixes with D60=0: 16585
  max D60=0 fiber per prefix: 18 at W57=0x30e2 W58=0x3fa
  largest D60 bucket: D=0x874 count=33763
  min D60 HW: 0
  D60 HW histogram: 0:32580 1:457090 2:2978298 3:11923216 4:32781340 5:65629723 6:98463106 7:112500685 8:98394606 9:65585785 10:32761688 11:11900960 12:2973859 13:455272 14:32704

Tail closure among D60=0 matches
  final tail collisions: 0
  best r61 HW: 13
  best r61 W1[57..59]=0x62a,0x37e1,0x30c2
  best r61 W2[57..59]=0x537,0x1ee4,0x202a
  best tail HW: 21
  best tail r61 HW: 17
  best W1[57..59]=0xfe4,0x1f7f,0x1ee3
  best W2[57..59]=0xef1,0x335c,0x5a4

SUMMARY N=14 sample_start=145981440 prefixes=32768 total=536870912 d0=32580 best_tail=21 tail_r61=17 best_r61=13 tail_W1=0xfe4,0x1f7f,0x1ee3 tail_W2=0xef1,0x335c,0x5a4 r61_W1=0x62a,0x37e1,0x30c2 r61_W2=0x537,0x1ee4,0x202a

Scan-only witness registry
  registry_count=16 registry_cap=16
  witness[00] tail=21 r61=17 gh60=0xfbaff66 W1=0xfe4,0x1f7f,0x1ee3 W2=0xef1,0x335c,0x5a4
  witness[01] tail=22 r61=21 gh60=0xf78c4ba W1=0x19fa,0x2d05,0x3208 W2=0x1907,0x1ff8,0x3c12
  witness[02] tail=22 r61=23 gh60=0xded449a W1=0x9e6,0x35f9,0x28b8 W2=0x8f3,0x1a43,0x2aca
  witness[03] tail=23 r61=20 gh60=0xd6d479e W1=0x13c8,0xda5,0x2f12 W2=0x12d5,0x17bf,0xae2
  witness[04] tail=23 r61=26 gh60=0xfae7b66 W1=0x2dd4,0x1022,0x73e W2=0x2ce1,0x88f,0x1e02
  witness[05] tail=24 r61=18 gh60=0x5a09bea W1=0x3da1,0x2f02,0x1048 W2=0x3cae,0x2ec1,0x3182
  witness[06] tail=25 r61=13 gh60=0xc484c9a W1=0x62a,0x37e1,0x30c2 W2=0x537,0x1ee4,0x202a
  witness[07] tail=25 r61=16 gh60=0x492cfa6 W1=0x17c4,0xf39,0x2155 W2=0x16d1,0x59e,0x30e8
  witness[08] tail=25 r61=18 gh60=0xca28c9e W1=0x3707,0x23ee,0x2acc W2=0x3614,0x31a4,0x30ca
  witness[09] tail=25 r61=19 gh60=0xb914f6a W1=0x17de,0xa26,0xc64 W2=0x16eb,0x163e,0x3a00
  witness[10] tail=25 r61=20 gh60=0xbb08d6a W1=0x18e1,0x259e,0x3aa4 W2=0x17ee,0x2a05,0x149a
  witness[11] tail=25 r61=21 gh60=0xb68449a W1=0x1ea,0x2f94,0x9ea W2=0xf7,0x1414,0x745
  witness[12] tail=25 r61=23 gh60=0xcb9c4ba W1=0x1cfa,0x2fa7,0x6d4 W2=0x1c07,0x255a,0x3bd
  witness[13] tail=25 r61=23 gh60=0xcb9c4ba W1=0x253a,0xb0,0x27b0 W2=0x2447,0x2763,0x160f
  witness[14] tail=25 r61=26 gh60=0xdbd4c9e W1=0x3748,0x1934,0x35ca W2=0x3655,0x3667,0x108
  witness[15] tail=25 r61=27 gh60=0xc5f457e W1=0x1458,0x1da6,0x280a W2=0x1365,0x3073,0x30b9

Scan-only r61 registry
  registry_count=16 registry_cap=16
  r61_witness[00] r61=13 tail=25 gh60=0xc484c9a W1=0x62a,0x37e1,0x30c2 W2=0x537,0x1ee4,0x202a
  r61_witness[01] r61=13 tail=32 gh60=0x5759cbe W1=0x2037,0x2452,0x3235 W2=0x1f44,0x2cb1,0x1e2b
  r61_witness[02] r61=14 tail=32 gh60=0xda2bca6 W1=0x3003,0x1168,0x1b7c W2=0x2f10,0x4aa,0x2a61
  r61_witness[03] r61=15 tail=30 gh60=0x4adbb7a W1=0x31d9,0x9fa,0x82b W2=0x30e6,0x36f9,0x136d
  r61_witness[04] r61=15 tail=32 gh60=0x4a88caa W1=0x5fd,0x1aa2,0x1d08 W2=0x50a,0x224d,0x297f
  r61_witness[05] r61=15 tail=32 gh60=0x4a88daa W1=0x3671,0x2d1c,0x3f68 W2=0x357e,0x3d03,0x1d8d
  r61_witness[06] r61=15 tail=37 gh60=0xc60c5fa W1=0x1c9a,0xe58,0x13f8 W2=0x1ba7,0xbed,0x3e60
  r61_witness[07] r61=16 tail=25 gh60=0x492cfa6 W1=0x17c4,0xf39,0x2155 W2=0x16d1,0x59e,0x30e8
  r61_witness[08] r61=16 tail=28 gh60=0x4905f66 W1=0x3fdc,0x39ff,0x20ec W2=0x3ee9,0x1ba8,0x2d21
  r61_witness[09] r61=16 tail=29 gh60=0xc6085ea W1=0x4a1,0x3676,0x431 W2=0x3ae,0x3488,0x2ca7
  r61_witness[10] r61=16 tail=29 gh60=0x5929ba6 W1=0x21c3,0x3730,0x1182 W2=0x20d0,0x39a6,0x2c9f
  r61_witness[11] r61=16 tail=32 gh60=0x76084ee W1=0xa1f,0x24c5,0x2920 W2=0x92c,0xedf,0x252b
  r61_witness[12] r61=16 tail=33 gh60=0x497449a W1=0x2d46,0x1fca,0x2908 W2=0x2c53,0x61a,0x2e12
  r61_witness[13] r61=16 tail=33 gh60=0xde084ea W1=0x3c1d,0x229e,0x34db W2=0x3b2a,0x3950,0x3ba8
  r61_witness[14] r61=16 tail=33 gh60=0x7989fa6 W1=0x3f6b,0x1607,0x2698 W2=0x3e78,0x3e4d,0x23fc
  r61_witness[15] r61=16 tail=36 gh60=0x4889caa W1=0x2141,0x147a,0x970 W2=0x204e,0x142d,0x1f6a

D60=0 fiber histogram: 1:8078 2:4754 3:1810 4:1085 5:422 6:220 7:85 8:72 9:17 10:23 11:8 12:6 13:1 15:1 17:2 18:1
