free_word_mitm_reducedn
N=14 mask=0x3fff msb=0x2000
candidate: M0=0x3d36 mode=random-fallback fill=0x3fff kernel=dM0=dM9=0x2000
prefixes=32768/268435456 mode=permuted-prefix-sample w59_per_prefix=16384 total=536870912
run_mode=scan registry_cap=16
sample_start=110854144
scan_elapsed=20.327s rate=26.41 Mtriples/s

D60 interface
  D60=0 matches: 32715 (random expectation 32768.0, enrichment 0.998x)
  prefixes with D60=0: 16598
  max D60=0 fiber per prefix: 24 at W57=0x1e3d W58=0x1ad0
  largest D60 bucket: D=0x1067 count=33728
  min D60 HW: 0
  D60 HW histogram: 0:32715 1:458580 2:2976435 3:11912627 4:32771684 5:65559948 6:98395838 7:112496581 8:98439235 9:65625869 10:32812791 11:11926479 12:2972949 13:456670 14:32511

Tail closure among D60=0 matches
  final tail collisions: 0
  best r61 HW: 14
  best r61 W1[57..59]=0x18f,0x136c,0x2676
  best r61 W2[57..59]=0x9c,0x6fb,0x2b9e
  best tail HW: 22
  best tail r61 HW: 20
  best W1[57..59]=0xc49,0x3d39,0x39cb
  best W2[57..59]=0xb56,0x2390,0x965

SUMMARY N=14 sample_start=110854144 prefixes=32768 total=536870912 d0=32715 best_tail=22 tail_r61=20 best_r61=14 tail_W1=0xc49,0x3d39,0x39cb tail_W2=0xb56,0x2390,0x965 r61_W1=0x18f,0x136c,0x2676 r61_W2=0x9c,0x6fb,0x2b9e

Scan-only witness registry
  registry_count=16 registry_cap=16
  witness[00] tail=22 r61=20 gh60=0xcde849a W1=0xc49,0x3d39,0x39cb W2=0xb56,0x2390,0x965
  witness[01] tail=23 r61=17 gh60=0x3e184a6 W1=0x2303,0x525,0x3375 W2=0x2210,0x720,0x1fbd
  witness[02] tail=24 r61=22 gh60=0xdf3c79a W1=0x23ca,0x205e,0x3b9e W2=0x22d7,0x1270,0x22d9
  witness[03] tail=25 r61=14 gh60=0x49a8fba W1=0x1779,0x7db,0x2235 W2=0x1686,0x1662,0xc91
  witness[04] tail=25 r61=17 gh60=0x36187e6 W1=0x138b,0x2fa7,0x587 W2=0x1298,0x2bf4,0x431
  witness[05] tail=25 r61=18 gh60=0x4f07f7a W1=0x2f5a,0x864,0x27f6 W2=0x2e67,0x2678,0x4d1
  witness[06] tail=25 r61=19 gh60=0x48a5ba6 W1=0x1b4,0x2a31,0x29b9 W2=0xc1,0x2f84,0xff6
  witness[07] tail=25 r61=19 gh60=0x5afc4e6 W1=0x140c,0x247e,0x2290 W2=0x1319,0x3054,0x7f2
  witness[08] tail=25 r61=21 gh60=0x5584d9a W1=0x386a,0x28ff,0xc23 W2=0x3777,0x2262,0x247d
  witness[09] tail=25 r61=21 gh60=0x4bd8c9e W1=0x3927,0x1a2a,0x1807 W2=0x3834,0x2314,0x301c
  witness[10] tail=25 r61=22 gh60=0xf6184e6 W1=0x331b,0x359,0x184f W2=0x3228,0x361a,0xb81
  witness[11] tail=25 r61=24 gh60=0x4989cae W1=0xff,0x3f80,0x39c5 W2=0xc,0x1bcf,0x3137
  witness[12] tail=25 r61=27 gh60=0xbe09dee W1=0x8f,0x113d,0x11f0 W2=0x3f9c,0x337c,0x3e1c
  witness[13] tail=25 r61=30 gh60=0xfefcc9a W1=0x1606,0x20b,0x3616 W2=0x1513,0x399a,0x2959
  witness[14] tail=26 r61=15 gh60=0xb51856a W1=0x1261,0x21ac,0x232d W2=0x116e,0x2dca,0x101e
  witness[15] tail=26 r61=18 gh60=0x5a084ea W1=0x3a11,0x24a9,0x3793 W2=0x391e,0x3ab3,0xfa1

Scan-only r61 registry
  registry_count=16 registry_cap=16
  r61_witness[00] r61=14 tail=25 gh60=0x49a8fba W1=0x1779,0x7db,0x2235 W2=0x1686,0x1662,0xc91
  r61_witness[01] r61=14 tail=27 gh60=0xca09bee W1=0x18f,0x136c,0x2676 W2=0x9c,0x6fb,0x2b9e
  r61_witness[02] r61=15 tail=26 gh60=0xb51856a W1=0x1261,0x21ac,0x232d W2=0x116e,0x2dca,0x101e
  r61_witness[03] r61=15 tail=28 gh60=0x490876e W1=0x1b4f,0x4cb,0x2d5 W2=0x1a5c,0xa05,0x322b
  r61_witness[04] r61=15 tail=30 gh60=0x4a087ee W1=0x238f,0x11e9,0x3e3d W2=0x229c,0x8b7,0x47a
  r61_witness[05] r61=15 tail=31 gh60=0x44a7daa W1=0xeb2,0x1b2a,0x979 W2=0xdbf,0x1e1e,0x2ea2
  r61_witness[06] r61=15 tail=34 gh60=0x4a67ba6 W1=0x2d74,0x3ef3,0x18c0 W2=0x2c81,0x3bd2,0x3f7e
  r61_witness[07] r61=16 tail=29 gh60=0x491cca6 W1=0x3944,0x229f,0x2191 W2=0x3851,0x3d5c,0x3f03
  r61_witness[08] r61=16 tail=31 gh60=0x5a884aa W1=0x3301,0x481,0x5a2 W2=0x320e,0x1b31,0x13cf
  r61_witness[09] r61=16 tail=33 gh60=0x450856e W1=0x4cf,0x198a,0x20b8 W2=0x3dc,0x3e38,0x141e
  r61_witness[10] r61=16 tail=33 gh60=0x590ff66 W1=0x2fcc,0x1e26,0xd07 W2=0x2ed9,0x34e3,0x382b
  r61_witness[11] r61=16 tail=34 gh60=0x5a384e6 W1=0x1313,0x3aea,0x327 W2=0x1220,0xcd1,0x2eb7
  r61_witness[12] r61=16 tail=34 gh60=0x3d28d7e W1=0x1657,0x445,0x11ee W2=0x1564,0x15f0,0x123f
  r61_witness[13] r61=16 tail=34 gh60=0x4639de6 W1=0x3e93,0x101b,0x925 W2=0x3da0,0x8e7,0x6a2
  r61_witness[14] r61=17 tail=23 gh60=0x3e184a6 W1=0x2303,0x525,0x3375 W2=0x2210,0x720,0x1fbd
  r61_witness[15] r61=17 tail=25 gh60=0x36187e6 W1=0x138b,0x2fa7,0x587 W2=0x1298,0x2bf4,0x431

D60=0 fiber histogram: 1:8046 2:4840 3:1798 4:1040 5:417 6:214 7:80 8:81 9:40 10:16 11:5 12:11 13:5 14:1 16:3 24:1
