free_word_mitm_reducedn
N=14 mask=0x3fff msb=0x2000
candidate: M0=0x3d36 mode=random-fallback fill=0x3fff kernel=dM0=dM9=0x2000
prefixes=32768/268435456 mode=permuted-prefix-sample w59_per_prefix=16384 total=536870912
run_mode=scan registry_cap=16
sample_start=119242752
scan_elapsed=20.435s rate=26.27 Mtriples/s

D60 interface
  D60=0 matches: 32592 (random expectation 32768.0, enrichment 0.995x)
  prefixes with D60=0: 16501
  max D60=0 fiber per prefix: 21 at W57=0x3eb6 W58=0x2d4c
  largest D60 bucket: D=0x2ea0 count=33761
  min D60 HW: 0
  D60 HW histogram: 0:32592 1:458092 2:2975359 3:11918649 4:32784365 5:65626410 6:98476577 7:112527131 8:98403637 9:65544799 10:32752958 11:11901401 12:2976985 13:458956 14:33001

Tail closure among D60=0 matches
  final tail collisions: 0
  best r61 HW: 14
  best r61 W1[57..59]=0x2ac1,0x2163,0x213f
  best r61 W2[57..59]=0x29ce,0x1ceb,0x3dc0
  best tail HW: 22
  best tail r61 HW: 20
  best W1[57..59]=0x3968,0x319a,0x33c6
  best W2[57..59]=0x3875,0x3449,0x3014

SUMMARY N=14 sample_start=119242752 prefixes=32768 total=536870912 d0=32592 best_tail=22 tail_r61=20 best_r61=14 tail_W1=0x3968,0x319a,0x33c6 tail_W2=0x3875,0x3449,0x3014 r61_W1=0x2ac1,0x2163,0x213f r61_W2=0x29ce,0x1ceb,0x3dc0

Scan-only witness registry
  registry_count=16 registry_cap=16
  witness[00] tail=22 r61=20 gh60=0xceecb9e W1=0x3968,0x319a,0x33c6 W2=0x3875,0x3449,0x3014
  witness[01] tail=23 r61=19 gh60=0xf488caa W1=0x83d,0x18b1,0x12ed W2=0x74a,0x19dc,0x6f6
  witness[02] tail=23 r61=20 gh60=0xca2c49a W1=0x2b06,0x15fb,0xa7c W2=0x2a13,0x3e47,0x3c45
  witness[03] tail=23 r61=23 gh60=0xdcb459a W1=0x3aa6,0x13b1,0x3d0b W2=0x39b3,0x3f6b,0x12e8
  witness[04] tail=24 r61=20 gh60=0x453456e W1=0x4d0,0x3169,0x62e W2=0x3dd,0x1218,0x327e
  witness[05] tail=24 r61=22 gh60=0x35e44a6 W1=0x3304,0x3df,0x2a46 W2=0x3211,0x2db,0x2b22
  witness[06] tail=24 r61=22 gh60=0x56d44fe W1=0x3518,0x186e,0xc3 W2=0x3425,0x3597,0x1c5
  witness[07] tail=24 r61=23 gh60=0xfa0c4fa W1=0x3a1a,0xad8,0x3e71 W2=0x3927,0x3bc5,0x2844
  witness[08] tail=25 r61=18 gh60=0xce28cfa W1=0x1915,0x11ad,0x39cc W2=0x1822,0x620,0xfd2
  witness[09] tail=25 r61=18 gh60=0x5c8bcae W1=0x303f,0x7dc,0x1c2c W2=0x2f4c,0x1eaf,0xeba
  witness[10] tail=25 r61=20 gh60=0xdab8b9a W1=0x965,0x3f2d,0x23d9 W2=0x872,0x2b03,0xf74
  witness[11] tail=25 r61=20 gh60=0x4a7849a W1=0x3be9,0x26e4,0x1a32 W2=0x3af6,0x1d71,0x27b1
  witness[12] tail=25 r61=20 gh60=0x3e3dca6 W1=0x3e04,0x1be4,0x3405 W2=0x3d11,0x1a9f,0x35bf
  witness[13] tail=25 r61=21 gh60=0xcdf9ca6 W1=0x2033,0x1f20,0x3f25 W2=0x1f40,0x26ca,0x3639
  witness[14] tail=25 r61=21 gh60=0x4a8c5aa W1=0x227e,0x3ee7,0x108e W2=0x218b,0x3c70,0x2d85
  witness[15] tail=25 r61=21 gh60=0xc62dc9a W1=0x3f06,0x3dbc,0x31be W2=0x3e13,0x1f11,0x8f

Scan-only r61 registry
  registry_count=16 registry_cap=16
  r61_witness[00] r61=14 tail=32 gh60=0xb4885aa W1=0x2ac1,0x2163,0x213f W2=0x29ce,0x1ceb,0x3dc0
  r61_witness[01] r61=15 tail=31 gh60=0x48884ae W1=0x133f,0x105f,0x3269 W2=0x124c,0x6f,0x56a
  r61_witness[02] r61=15 tail=33 gh60=0x4a845a6 W1=0x146c,0x2be2,0x3e9d W2=0x1379,0x3398,0x3fbb
  r61_witness[03] r61=15 tail=34 gh60=0x452859a W1=0x4c5,0x1591,0x2c8f W2=0x3d2,0x372,0xbaf
  r61_witness[04] r61=15 tail=34 gh60=0x4609cea W1=0x211d,0x25b4,0xfa W2=0x202a,0x2817,0xb26
  r61_witness[05] r61=15 tail=35 gh60=0x4704f66 W1=0x37dc,0x2692,0x2d12 W2=0x36e9,0x1abd,0x1085
  r61_witness[06] r61=16 tail=27 gh60=0xd66cd66 W1=0x1864,0x2e24,0x1334 W2=0x1771,0xf0f,0x2887
  r61_witness[07] r61=16 tail=27 gh60=0x4a0c5e6 W1=0x1a8c,0x16cf,0x28fb W2=0x1999,0x3a8f,0x215
  r61_witness[08] r61=16 tail=30 gh60=0x4b78be6 W1=0x25a3,0x184e,0x2dfc W2=0x24b0,0x1e3c,0x28e9
  r61_witness[09] r61=16 tail=32 gh60=0x3a284fa W1=0x2419,0x2cef,0x3b64 W2=0x2326,0xff7,0x3b48
  r61_witness[10] r61=16 tail=33 gh60=0x4a37cfe W1=0x3118,0xfb2,0x5ca W2=0x3025,0x69a,0x3db2
  r61_witness[11] r61=16 tail=39 gh60=0xda044e6 W1=0x151c,0x1da1,0x3e62 W2=0x1429,0x1873,0x3913
  r61_witness[12] r61=17 tail=27 gh60=0x4a98c9a W1=0x7e5,0x3ddc,0x2b1a W2=0x6f2,0x1f22,0x2833
  r61_witness[13] r61=17 tail=27 gh60=0xca0dc9a W1=0x210a,0x362,0x35a4 W2=0x2017,0x2463,0x794
  r61_witness[14] r61=17 tail=29 gh60=0xca8fc9a W1=0x2dea,0x3e07,0x1ef3 W2=0x2cf7,0x1d0c,0x8e0
  r61_witness[15] r61=17 tail=30 gh60=0xcd68cba W1=0x2835,0x1041,0x24e6 W2=0x2742,0x31fc,0x1749

D60=0 fiber histogram: 1:8149 2:4591 3:1734 4:1126 5:429 6:238 7:88 8:70 9:31 10:20 11:8 12:6 13:5 15:1 16:2 17:2 21:1
