free_word_mitm_reducedn
N=14 mask=0x3fff msb=0x2000
candidate: M0=0x3d36 mode=random-fallback fill=0x3fff kernel=dM0=dM9=0x2000
prefixes=32768/268435456 mode=permuted-prefix-sample w59_per_prefix=16384 total=536870912
run_mode=scan registry_cap=16
sample_start=219906048
scan_elapsed=20.395s rate=26.32 Mtriples/s

D60 interface
  D60=0 matches: 32625 (random expectation 32768.0, enrichment 0.996x)
  prefixes with D60=0: 16537
  max D60=0 fiber per prefix: 18 at W57=0x2be1 W58=0x3d50
  largest D60 bucket: D=0x1104 count=33915
  min D60 HW: 0
  D60 HW histogram: 0:32625 1:458395 2:2985490 3:11941538 4:32827967 5:65630086 6:98435876 7:112457600 8:98372828 9:65559056 10:32778024 11:11920478 12:2979802 13:458109 14:33038

Tail closure among D60=0 matches
  final tail collisions: 0
  best r61 HW: 11
  best r61 W1[57..59]=0x75a,0x16f7,0xb80
  best r61 W2[57..59]=0x667,0x3f0f,0x339f
  best tail HW: 21
  best tail r61 HW: 13
  best W1[57..59]=0xa8d,0x2194,0x3383
  best W2[57..59]=0x99a,0x2aae,0x205e

SUMMARY N=14 sample_start=219906048 prefixes=32768 total=536870912 d0=32625 best_tail=21 tail_r61=13 best_r61=11 tail_W1=0xa8d,0x2194,0x3383 tail_W2=0x99a,0x2aae,0x205e r61_W1=0x75a,0x16f7,0xb80 r61_W2=0x667,0x3f0f,0x339f

Scan-only witness registry
  registry_count=16 registry_cap=16
  witness[00] tail=21 r61=13 gh60=0xca185ea W1=0xa8d,0x2194,0x3383 W2=0x99a,0x2aae,0x205e
  witness[01] tail=21 r61=18 gh60=0xc589cae W1=0x1def,0x81e,0x2cf W2=0x1cfc,0x3a81,0x1e23
  witness[02] tail=24 r61=15 gh60=0x4b984ae W1=0x14ff,0xd2c,0x203e W2=0x140c,0x3c3c,0x217c
  witness[03] tail=24 r61=20 gh60=0x4db44ba W1=0x3bf6,0x1e50,0x75b W2=0x3b03,0x160f,0x310e
  witness[04] tail=24 r61=25 gh60=0x4a6c5ba W1=0x2c76,0x3e6d,0x2c18 W2=0x2b83,0x1c08,0x1b7d
  witness[05] tail=25 r61=20 gh60=0xcb6c49e W1=0x448,0x1fe2,0x3dec W2=0x355,0x1dd8,0x1cf9
  witness[06] tail=25 r61=21 gh60=0x391876e W1=0xbcf,0xad3,0x3b9c W2=0xadc,0x111,0x143b
  witness[07] tail=25 r61=21 gh60=0xc798dae W1=0x36af,0x3f24,0x3608 W2=0x35bc,0x365b,0x1489
  witness[08] tail=25 r61=22 gh60=0x398c4ae W1=0x1300,0x36ad,0x3191 W2=0x120d,0x373e,0x33fd
  witness[09] tail=25 r61=22 gh60=0xc798fa6 W1=0x17b3,0x686,0x3d83 W2=0x16c0,0x3bea,0x1e89
  witness[10] tail=25 r61=25 gh60=0xfe67ba6 W1=0xd84,0x2fdd,0x13d W2=0xc91,0x27d8,0x1be
  witness[11] tail=25 r61=26 gh60=0xcba84ba W1=0xbf5,0xb8c,0x3ff2 W2=0xb02,0x334a,0x3c35
  witness[12] tail=25 r61=28 gh60=0xd954b7e W1=0x39d8,0x1fb3,0x17e5 W2=0x38e5,0x21cf,0x2348
  witness[13] tail=26 r61=11 gh60=0x4904f7a W1=0x75a,0x16f7,0xb80 W2=0x667,0x3f0f,0x339f
  witness[14] tail=26 r61=19 gh60=0xc7a5f66 W1=0x3f64,0x3762,0x33f1 W2=0x3e71,0x2143,0x2b52
  witness[15] tail=26 r61=20 gh60=0x4528c9e W1=0x647,0x3661,0x1c1d W2=0x554,0x797,0x337e

Scan-only r61 registry
  registry_count=16 registry_cap=16
  r61_witness[00] r61=11 tail=26 gh60=0x4904f7a W1=0x75a,0x16f7,0xb80 W2=0x667,0x3f0f,0x339f
  r61_witness[01] r61=13 tail=21 gh60=0xca185ea W1=0xa8d,0x2194,0x3383 W2=0x99a,0x2aae,0x205e
  r61_witness[02] r61=14 tail=31 gh60=0xc8884a6 W1=0x3b2b,0x3c5,0x93c W2=0x3a38,0x3520,0x150
  r61_witness[03] r61=15 tail=24 gh60=0x4b984ae W1=0x14ff,0xd2c,0x203e W2=0x140c,0x3c3c,0x217c
  r61_witness[04] r61=15 tail=29 gh60=0xc90bf66 W1=0xf5b,0x1e24,0x2fbe W2=0xe68,0x32d0,0x2bc6
  r61_witness[05] r61=15 tail=29 gh60=0xce844a6 W1=0x24ec,0x5f4,0x2847 W2=0x23f9,0x34d2,0x1e77
  r61_witness[06] r61=15 tail=32 gh60=0x461ccea W1=0x170e,0x309f,0x1ce1 W2=0x161b,0x2ab,0x3225
  r61_witness[07] r61=15 tail=38 gh60=0x4a184ea W1=0x1d1d,0x18e3,0x213e W2=0x1c2a,0x3145,0x2f64
  r61_witness[08] r61=15 tail=38 gh60=0x590876a W1=0x2be1,0x3d50,0x15b7 W2=0x2aee,0x3ea2,0x33d8
  r61_witness[09] r61=16 tail=27 gh60=0xba28c9e W1=0x3707,0x160e,0x3880 W2=0x3614,0x23c4,0x61f
  r61_witness[10] r61=16 tail=29 gh60=0x7e184ea W1=0x2b1d,0x338a,0x247b W2=0x2a2a,0x3b70,0xa47
  r61_witness[11] r61=16 tail=30 gh60=0x448cdaa W1=0x36ae,0xd5a,0x3a66 W2=0x35bb,0x1cc2,0x9b5
  r61_witness[12] r61=16 tail=31 gh60=0x5a185a6 W1=0x1283,0x8fe,0x7b4 W2=0x1190,0xde1,0x3b50
  r61_witness[13] r61=16 tail=33 gh60=0x5909b6e W1=0x1df,0x5dc,0x851 W2=0xec,0x35e7,0x2e7
  r61_witness[14] r61=16 tail=33 gh60=0x58944ae W1=0x330,0x65a,0x3a46 W2=0x23d,0x347b,0x2a56
  r61_witness[15] r61=16 tail=33 gh60=0x5a24caa W1=0x2902,0x275,0x3b37 W2=0x280f,0x449,0x28f

D60=0 fiber histogram: 1:8043 2:4675 3:1891 4:1095 5:373 6:231 7:87 8:78 9:22 10:17 11:11 12:2 13:5 14:1 15:1 17:2 18:3
