free_word_mitm_reducedn
N=14 mask=0x3fff msb=0x2000
candidate: M0=0x3d36 mode=random-fallback fill=0x3fff kernel=dM0=dM9=0x2000
prefixes=32768/268435456 mode=permuted-prefix-sample w59_per_prefix=16384 total=536870912
run_mode=scan registry_cap=16
sample_start=161185792
scan_elapsed=20.322s rate=26.42 Mtriples/s

D60 interface
  D60=0 matches: 32791 (random expectation 32768.0, enrichment 1.001x)
  prefixes with D60=0: 16705
  max D60=0 fiber per prefix: 17 at W57=0x11ba W58=0x2c07
  largest D60 bucket: D=0x2d40 count=33961
  min D60 HW: 0
  D60 HW histogram: 0:32791 1:460041 2:2985298 3:11925681 4:32788099 5:65627618 6:98417580 7:112459295 8:98368258 9:65578789 10:32807742 11:11934911 12:2991444 13:460827 14:32538

Tail closure among D60=0 matches
  final tail collisions: 0
  best r61 HW: 15
  best r61 W1[57..59]=0x394b,0x3b25,0x31b6
  best r61 W2[57..59]=0x3858,0x1103,0xa1a
  best tail HW: 21
  best tail r61 HW: 19
  best W1[57..59]=0x22fb,0x3e96,0x7ef
  best W2[57..59]=0x2208,0x2063,0x227a

SUMMARY N=14 sample_start=161185792 prefixes=32768 total=536870912 d0=32791 best_tail=21 tail_r61=19 best_r61=15 tail_W1=0x22fb,0x3e96,0x7ef tail_W2=0x2208,0x2063,0x227a r61_W1=0x394b,0x3b25,0x31b6 r61_W2=0x3858,0x1103,0xa1a

Scan-only witness registry
  registry_count=16 registry_cap=16
  witness[00] tail=21 r61=17 gh60=0xd95479e W1=0x3a8,0x1902,0x833 W2=0x2b5,0x12e2,0x3784
  witness[01] tail=21 r61=19 gh60=0x76884a6 W1=0x22fb,0x3e96,0x7ef W2=0x2208,0x2063,0x227a
  witness[02] tail=24 r61=18 gh60=0x4614cea W1=0x271e,0x3698,0x29ca W2=0x262b,0x3c94,0xb21
  witness[03] tail=24 r61=19 gh60=0x3b1c4a6 W1=0x3344,0x1570,0x33f4 W2=0x3251,0x13ec,0x315
  witness[04] tail=24 r61=20 gh60=0xc4845ba W1=0xcba,0x211c,0x2256 W2=0xbc7,0x1037,0x5c4
  witness[05] tail=24 r61=20 gh60=0x592cf7e W1=0x17d8,0x3360,0x21cd W2=0x16e5,0x3fa4,0x2bba
  witness[06] tail=24 r61=20 gh60=0xcd0bd6e W1=0x2e4f,0x2a48,0x140d W2=0x2d5c,0x2f7,0x3c07
  witness[07] tail=24 r61=21 gh60=0x4a88bae W1=0x156f,0x1184,0x1c42 W2=0x147c,0x1a0b,0x303f
  witness[08] tail=24 r61=26 gh60=0xf7dc4be W1=0x2238,0x269a,0x911 W2=0x2145,0x23b9,0x10f
  witness[09] tail=24 r61=27 gh60=0x4a644ea W1=0x2212,0x1e0b,0x1eba W2=0x211f,0x2286,0xc8e
  witness[10] tail=25 r61=15 gh60=0x4a047fa W1=0x2b9a,0x3b39,0x2600 W2=0x2aa7,0x307e,0x221d
  witness[11] tail=25 r61=16 gh60=0x4a185e6 W1=0x1a93,0x16a,0x39aa W2=0x19a0,0x937,0x25ca
  witness[12] tail=25 r61=18 gh60=0x5a6bbfa W1=0x3199,0x1689,0x33a6 W2=0x30a6,0x20,0xf03
  witness[13] tail=25 r61=19 gh60=0x4a884a6 W1=0x4eb,0x3020,0x4c W2=0x3f8,0x2cfd,0x2662
  witness[14] tail=25 r61=19 gh60=0xc95bb7e W1=0x31d7,0x3671,0x36ad W2=0x30e4,0x1b90,0x757
  witness[15] tail=25 r61=21 gh60=0xca39b9a W1=0x1d85,0x1aac,0x36f9 W2=0x1c92,0xe84,0x285c

Scan-only r61 registry
  registry_count=16 registry_cap=16
  r61_witness[00] r61=15 tail=25 gh60=0x4a047fa W1=0x2b9a,0x3b39,0x2600 W2=0x2aa7,0x307e,0x221d
  r61_witness[01] r61=15 tail=30 gh60=0x4e58cbe W1=0x38f7,0x238d,0x8c0 W2=0x3804,0x2dec,0x1d4
  r61_witness[02] r61=15 tail=32 gh60=0x45a45aa W1=0x3c72,0x3435,0x3ba0 W2=0x3b7f,0x13d2,0x3b23
  r61_witness[03] r61=15 tail=33 gh60=0x4589caa W1=0x3dfd,0x115e,0x2901 W2=0x3d0a,0x1b89,0x30e5
  r61_witness[04] r61=15 tail=40 gh60=0x4b08b66 W1=0x394b,0x3b25,0x31b6 W2=0x3858,0x1103,0xa1a
  r61_witness[05] r61=16 tail=25 gh60=0x4a185e6 W1=0x1a93,0x16a,0x39aa W2=0x19a0,0x937,0x25ca
  r61_witness[06] r61=16 tail=29 gh60=0xce985ba W1=0x275,0x12c3,0x3036 W2=0x182,0x3e69,0x38d6
  r61_witness[07] r61=16 tail=31 gh60=0x4907b9a W1=0xdca,0x303f,0x1d64 W2=0xcd7,0x12cc,0x4bd
  r61_witness[08] r61=16 tail=32 gh60=0xdb08b6e W1=0x95f,0x2a5c,0x18b9 W2=0x86c,0x246f,0x3b14
  r61_witness[09] r61=16 tail=33 gh60=0x4988bae W1=0x197f,0x2f0a,0x3e1c W2=0x188c,0x3381,0x2c13
  r61_witness[10] r61=16 tail=33 gh60=0xcb8dbaa W1=0x216e,0x3dd9,0x2af8 W2=0x207b,0x37b5,0x219b
  r61_witness[11] r61=16 tail=34 gh60=0x4a145ee W1=0xaa0,0x1de6,0x2fdb W2=0x9ad,0x419,0x2248
  r61_witness[12] r61=16 tail=35 gh60=0x4638be6 W1=0x1993,0x326,0x1ae6 W2=0x18a0,0x1984,0xbb9
  r61_witness[13] r61=16 tail=39 gh60=0x4a084ea W1=0x2321,0x3f4f,0x3c97 W2=0x222e,0x4f9,0x39e
  r61_witness[14] r61=16 tail=40 gh60=0x5a3c4fa W1=0x3b16,0x13f4,0x3437 W2=0x3a23,0x8fd,0x1572
  r61_witness[15] r61=17 tail=21 gh60=0xd95479e W1=0x3a8,0x1902,0x833 W2=0x2b5,0x12e2,0x3784

D60=0 fiber histogram: 1:8122 2:4841 3:1824 4:1081 5:395 6:205 7:83 8:81 9:26 10:22 11:11 12:7 13:3 14:3 17:1
