free_word_mitm_reducedn
N=14 mask=0x3fff msb=0x2000
candidate: M0=0x3d36 mode=random-fallback fill=0x3fff kernel=dM0=dM9=0x2000
prefixes=32768/268435456 mode=permuted-prefix-sample w59_per_prefix=16384 total=536870912
run_mode=scan registry_cap=16
sample_start=86147072
scan_elapsed=12.037s rate=44.60 Mtriples/s

D60 interface
  D60=0 matches: 32331 (random expectation 32768.0, enrichment 0.987x)
  prefixes with D60=0: 16601
  max D60=0 fiber per prefix: 20 at W57=0x23e5 W58=0x2161
  largest D60 bucket: D=0x2a25 count=33730
  min D60 HW: 0
  D60 HW histogram: 0:32331 1:456617 2:2974197 3:11915271 4:32802090 5:65632804 6:98468901 7:112484063 8:98424843 9:65562509 10:32758243 11:11902279 12:2969424 13:455058 14:32282

Tail closure among D60=0 matches
  final tail collisions: 0
  best r61 HW: 14
  best r61 W1[57..59]=0x2611,0xd49,0x11dd
  best r61 W2[57..59]=0x251e,0x1450,0x20b9
  best tail HW: 20
  best tail r61 HW: 18
  best W1[57..59]=0x18e0,0x1840,0x3ab0
  best W2[57..59]=0x17ed,0x1068,0x3742

SUMMARY N=14 sample_start=86147072 prefixes=32768 total=536870912 d0=32331 best_tail=20 tail_r61=18 best_r61=14 tail_W1=0x18e0,0x1840,0x3ab0 tail_W2=0x17ed,0x1068,0x3742 r61_W1=0x2611,0xd49,0x11dd r61_W2=0x251e,0x1450,0x20b9

Scan-only witness registry
  registry_count=16 registry_cap=16
  witness[00] tail=20 r61=18 gh60=0xbd14d6e W1=0x18e0,0x1840,0x3ab0 W2=0x17ed,0x1068,0x3742
  witness[01] tail=23 r61=21 gh60=0xd9947ae W1=0x2b70,0x7b9,0x3836 W2=0x2a7d,0x92,0x28ba
  witness[02] tail=24 r61=28 gh60=0x4bac4ea W1=0x2422,0xb94,0x3c1b W2=0x232f,0x1323,0x1771
  witness[03] tail=24 r61=32 gh60=0xde644a6 W1=0x2304,0xb3b,0x1b1 W2=0x2211,0x3d37,0xf1
  witness[04] tail=25 r61=21 gh60=0x5b8bcae W1=0x2fef,0x21b8,0x3328 W2=0x2efc,0x351b,0x2660
  witness[05] tail=25 r61=22 gh60=0x4b5459a W1=0x3ac6,0x1bd0,0x36de W2=0x39d3,0x7c4,0x1f7
  witness[06] tail=25 r61=24 gh60=0xcbbdfaa W1=0x1f72,0x1119,0x1ff5 W2=0x1e7f,0x3db9,0x6d
  witness[07] tail=25 r61=27 gh60=0xda09cee W1=0x1e1f,0x2d07,0x3161 W2=0x1d2c,0x1d5e,0xba
  witness[08] tail=25 r61=29 gh60=0x4f0457a W1=0xcda,0x173b,0x331 W2=0xbe7,0x65c,0x1964
  witness[09] tail=25 r61=29 gh60=0x57f849a W1=0x14e9,0x7c8,0x260a W2=0x13f6,0x3e1f,0x1abb
  witness[10] tail=26 r61=17 gh60=0x4f19f9a W1=0x1fc5,0x36e7,0x3c04 W2=0x1ed2,0x234f,0x1ac9
  witness[11] tail=26 r61=17 gh60=0xdbd47fa W1=0x3b96,0x2f4d,0xe55 W2=0x3aa3,0x3e9e,0x12bd
  witness[12] tail=26 r61=18 gh60=0x4c945aa W1=0x14ae,0x3d3e,0xaa W2=0x13bb,0xce7,0x1f1e
  witness[13] tail=26 r61=19 gh60=0x490cf6e W1=0x1760,0xf19,0x231f W2=0x166d,0x1349,0x1875
  witness[14] tail=26 r61=19 gh60=0xc79dcaa W1=0x1e3e,0x1cfb,0x1729 W2=0x1d4b,0x26af,0x113a
  witness[15] tail=26 r61=20 gh60=0x3e1dcee W1=0x1e10,0xdf2,0x3e79 W2=0x1d1d,0x2e4a,0x1c8

Scan-only r61 registry
  registry_count=16 registry_cap=16
  r61_witness[00] r61=14 tail=30 gh60=0x4a18cea W1=0x2611,0xd49,0x11dd W2=0x251e,0x1450,0x20b9
  r61_witness[01] r61=15 tail=27 gh60=0x4704d7a W1=0x365a,0x2bf9,0x14ab W2=0x3567,0x29e1,0x2536
  r61_witness[02] r61=15 tail=28 gh60=0x4ce9dba W1=0x20b5,0x2c22,0x381 W2=0x1fc2,0x1475,0x1863
  r61_witness[03] r61=15 tail=28 gh60=0x4a08be6 W1=0x258b,0x2756,0x1d46 W2=0x2498,0x2da0,0x1eed
  r61_witness[04] r61=15 tail=28 gh60=0x49ec49a W1=0x32e6,0x3001,0x243f W2=0x31f3,0x2891,0x189d
  r61_witness[05] r61=15 tail=32 gh60=0x48884aa W1=0x352d,0xc8b,0x3567 W2=0x343a,0x2207,0x30f4
  r61_witness[06] r61=15 tail=33 gh60=0x4ad477e W1=0x1b58,0x115b,0x2d0e W2=0x1a65,0x1a18,0x2cd0
  r61_witness[07] r61=15 tail=35 gh60=0x46644a6 W1=0x23f4,0x3c8b,0xa53 W2=0x2301,0x1b77,0x5e5
  r61_witness[08] r61=16 tail=29 gh60=0xcf1856a W1=0x3261,0x3bd8,0x2ca2 W2=0x316e,0x1fe,0x3fa4
  r61_witness[09] r61=16 tail=30 gh60=0x4929ca6 W1=0x1f43,0x181c,0x1e67 W2=0x1e50,0x125a,0x2804
  r61_witness[10] r61=16 tail=32 gh60=0xd924f6a W1=0x1752,0x21ce,0x281d W2=0x165f,0x24ee,0x2223
  r61_witness[11] r61=16 tail=34 gh60=0x4a185e6 W1=0x249b,0x3606,0x590 W2=0x23a8,0x29b3,0xf1c
  r61_witness[12] r61=16 tail=37 gh60=0x4505d66 W1=0x3e4c,0xc3b,0x73 W2=0x3d59,0x27ec,0x35ee
  r61_witness[13] r61=17 tail=26 gh60=0x4f19f9a W1=0x1fc5,0x36e7,0x3c04 W2=0x1ed2,0x234f,0x1ac9
  r61_witness[14] r61=17 tail=26 gh60=0xdbd47fa W1=0x3b96,0x2f4d,0xe55 W2=0x3aa3,0x3e9e,0x12bd
  r61_witness[15] r61=17 tail=27 gh60=0x4a08cee W1=0x360f,0xca5,0x3e5c W2=0x351c,0xe90,0x35f8

D60=0 fiber histogram: 1:8101 2:4831 3:1804 4:1068 5:393 6:203 7:63 8:81 9:19 10:17 11:7 12:6 13:3 15:1 16:3 20:1
