free_word_mitm_reducedn
N=14 mask=0x3fff msb=0x2000
candidate: M0=0x3d36 mode=random-fallback fill=0x3fff kernel=dM0=dM9=0x2000
prefixes=32768/268435456 mode=permuted-prefix-sample w59_per_prefix=16384 total=536870912
run_mode=scan registry_cap=16
sample_start=171245568
scan_elapsed=15.661s rate=34.28 Mtriples/s

D60 interface
  D60=0 matches: 32835 (random expectation 32768.0, enrichment 1.002x)
  prefixes with D60=0: 16514
  max D60=0 fiber per prefix: 22 at W57=0x39db W58=0x2584
  largest D60 bucket: D=0x2a53 count=33681
  min D60 HW: 0
  D60 HW histogram: 0:32835 1:456825 2:2975028 3:11905660 4:32773260 5:65603538 6:98421914 7:112518335 8:98455353 9:65593521 10:32770375 11:11901171 12:2973347 13:457369 14:32381

Tail closure among D60=0 matches
  final tail collisions: 0
  best r61 HW: 14
  best r61 W1[57..59]=0x1f13,0x2791,0x2d92
  best r61 W2[57..59]=0x1e20,0x2435,0x5d5
  best tail HW: 22
  best tail r61 HW: 21
  best W1[57..59]=0x2359,0x12c4,0xdcb
  best W2[57..59]=0x2266,0x19a0,0xaf7

SUMMARY N=14 sample_start=171245568 prefixes=32768 total=536870912 d0=32835 best_tail=22 tail_r61=21 best_r61=14 tail_W1=0x2359,0x12c4,0xdcb tail_W2=0x2266,0x19a0,0xaf7 r61_W1=0x1f13,0x2791,0x2d92 r61_W2=0x1e20,0x2435,0x5d5

Scan-only witness registry
  registry_count=16 registry_cap=16
  witness[00] tail=22 r61=21 gh60=0x497877a W1=0x2359,0x12c4,0xdcb W2=0x2266,0x19a0,0xaf7
  witness[01] tail=23 r61=14 gh60=0xca69ce6 W1=0x1f13,0x2791,0x2d92 W2=0x1e20,0x2435,0x5d5
  witness[02] tail=23 r61=17 gh60=0x5a0449a W1=0x1d0a,0x2704,0x9ae W2=0x1c17,0x1e08,0x2151
  witness[03] tail=23 r61=17 gh60=0xc8b87a6 W1=0x2bbb,0x291f,0x2123 W2=0x2ac8,0x1262,0x3f8c
  witness[04] tail=24 r61=19 gh60=0x39b879a W1=0x1b65,0xeee,0x960 W2=0x1a72,0x113f,0x593
  witness[05] tail=24 r61=20 gh60=0xdab4caa W1=0x28ee,0x22b7,0x37c7 W2=0x27fb,0x25b7,0x300
  witness[06] tail=24 r61=20 gh60=0xba8bbae W1=0x317f,0x39e5,0x2b80 W2=0x308c,0x1e5c,0x3b96
  witness[07] tail=24 r61=23 gh60=0xc9d449e W1=0x4e8,0x3520,0x212a W2=0x3f5,0x34c,0x1b74
  witness[08] tail=25 r61=19 gh60=0x58b8ce6 W1=0x1723,0x230d,0x34ab W2=0x1630,0x313f,0x1f14
  witness[09] tail=25 r61=19 gh60=0x4a7c4be W1=0x1bf8,0x344d,0x3ccf W2=0x1b05,0x1ec,0x460
  witness[10] tail=25 r61=20 gh60=0x4bd8cba W1=0x939,0x16,0x257d W2=0x846,0x21d5,0x1467
  witness[11] tail=25 r61=20 gh60=0x47dcf9e W1=0x37c8,0x3ae9,0x3b6d W2=0x36d5,0x27c,0x3de6
  witness[12] tail=25 r61=22 gh60=0xca5dc9e W1=0x1e08,0x98a,0x2440 W2=0x1d15,0x8b7,0x3520
  witness[13] tail=25 r61=23 gh60=0xd5ac49a W1=0x21e6,0x10df,0x2e33 W2=0x20f3,0x35b3,0x13eb
  witness[14] tail=25 r61=24 gh60=0x44fcd7a W1=0x65a,0x926,0x3da0 W2=0x567,0x330e,0x19f8
  witness[15] tail=25 r61=25 gh60=0xdf1dd66 W1=0xcc,0x11ce,0x1628 W2=0x3fd9,0x3ff7,0x1676

Scan-only r61 registry
  registry_count=16 registry_cap=16
  r61_witness[00] r61=14 tail=23 gh60=0xca69ce6 W1=0x1f13,0x2791,0x2d92 W2=0x1e20,0x2435,0x5d5
  r61_witness[01] r61=14 tail=38 gh60=0x4617cee W1=0x3120,0x675,0x97c W2=0x302d,0x1dc9,0x3195
  r61_witness[02] r61=15 tail=30 gh60=0xca2849a W1=0x2b09,0x17b7,0x3851 W2=0x2a16,0x42,0xcf0
  r61_witness[03] r61=15 tail=32 gh60=0xca084ea W1=0xd1d,0x2e3c,0x76f W2=0xc2a,0x31a2,0x2ac0
  r61_witness[04] r61=15 tail=32 gh60=0x59e7cea W1=0x2f22,0x25ab,0x10e4 W2=0x2e2f,0x1e83,0x14db
  r61_witness[05] r61=16 tail=26 gh60=0x4d24daa W1=0x28c2,0x3b2d,0x18a7 W2=0x27cf,0x4a9,0x3a09
  r61_witness[06] r61=16 tail=29 gh60=0x4e89ba6 W1=0x217b,0xfcd,0x3b2f W2=0x2088,0x167f,0x1c1a
  r61_witness[07] r61=16 tail=31 gh60=0x4619f9a W1=0x1f85,0x3968,0x327a W2=0x1e92,0x2a40,0x214c
  r61_witness[08] r61=16 tail=31 gh60=0x448cc9a W1=0x362a,0x3b6e,0x293 W2=0x3537,0x326d,0x30e4
  r61_witness[09] r61=16 tail=32 gh60=0x4a18cee W1=0x371f,0x21c5,0x127a W2=0x362c,0x108c,0x218
  r61_witness[10] r61=16 tail=33 gh60=0x46185ee W1=0x148f,0xf5c,0x12bc W2=0x139c,0x79e,0x1742
  r61_witness[11] r61=16 tail=33 gh60=0xd608dee W1=0x388f,0x1622,0x29b7 W2=0x379c,0x9e5,0x235c
  r61_witness[12] r61=16 tail=36 gh60=0xd4e849e W1=0x1a27,0x34ad,0xae0 W2=0x1934,0x105e,0x3903
  r61_witness[13] r61=17 tail=23 gh60=0x5a0449a W1=0x1d0a,0x2704,0x9ae W2=0x1c17,0x1e08,0x2151
  r61_witness[14] r61=17 tail=23 gh60=0xc8b87a6 W1=0x2bbb,0x291f,0x2123 W2=0x2ac8,0x1262,0x3f8c
  r61_witness[15] r61=17 tail=27 gh60=0x7a08cee W1=0x360f,0x12a2,0x1e03 W2=0x351c,0x148d,0x369d

D60=0 fiber histogram: 1:7907 2:4775 3:1809 4:1168 5:414 6:229 7:74 8:66 9:26 10:14 11:9 12:6 13:9 14:4 16:2 17:1 22:1
