free_word_mitm_reducedn
N=14 mask=0x3fff msb=0x2000
candidate: M0=0x3d36 mode=random-fallback fill=0x3fff kernel=dM0=dM9=0x2000
prefixes=32768/268435456 mode=permuted-prefix-sample w59_per_prefix=16384 total=536870912
run_mode=scan registry_cap=16
sample_start=112525312
scan_elapsed=15.657s rate=34.29 Mtriples/s

D60 interface
  D60=0 matches: 32485 (random expectation 32768.0, enrichment 0.991x)
  prefixes with D60=0: 16517
  max D60=0 fiber per prefix: 18 at W57=0x3e98 W58=0x3195
  largest D60 bucket: D=0x11d9 count=33757
  min D60 HW: 0
  D60 HW histogram: 0:32485 1:456502 2:2979208 3:11927889 4:32825564 5:65623456 6:98438589 7:112488972 8:98385910 9:65576055 10:32754819 11:11912394 12:2977517 13:458541 14:33011

Tail closure among D60=0 matches
  final tail collisions: 0
  best r61 HW: 15
  best r61 W1[57..59]=0x1e9f,0xc26,0x1c91
  best r61 W2[57..59]=0x1dac,0x3455,0x1479
  best tail HW: 14
  best tail r61 HW: 18
  best W1[57..59]=0xc9,0x1a5b,0x25c6
  best W2[57..59]=0x3fd6,0x30ff,0x307c

SUMMARY N=14 sample_start=112525312 prefixes=32768 total=536870912 d0=32485 best_tail=14 tail_r61=18 best_r61=15 tail_W1=0xc9,0x1a5b,0x25c6 tail_W2=0x3fd6,0x30ff,0x307c r61_W1=0x1e9f,0xc26,0x1c91 r61_W2=0x1dac,0x3455,0x1479

Scan-only witness registry
  registry_count=16 registry_cap=16
  witness[00] tail=14 r61=18 gh60=0x5729d9a W1=0xc9,0x1a5b,0x25c6 W2=0x3fd6,0x30ff,0x307c
  witness[01] tail=23 r61=17 gh60=0x4b97bae W1=0x11c0,0x3f60,0xec7 W2=0x10cd,0x1d5c,0xe2d
  witness[02] tail=23 r61=17 gh60=0x5bf4cfe W1=0x1918,0x2d69,0x3c42 W2=0x1825,0x5d1,0x8e5
  witness[03] tail=23 r61=17 gh60=0x4a1bdfa W1=0x3095,0x966,0x2a3b W2=0x2fa2,0x2049,0x17d6
  witness[04] tail=23 r61=18 gh60=0xde8fb9a W1=0x316a,0xdff,0x2385 W2=0x3077,0x289c,0x25dc
  witness[05] tail=23 r61=21 gh60=0xcff8dfe W1=0x1697,0x3434,0x2c26 W2=0x15a4,0xe73,0x15e0
  witness[06] tail=23 r61=26 gh60=0x5978b7a W1=0x39d5,0x14c8,0x1a44 W2=0x38e2,0x12ff,0xc85
  witness[07] tail=24 r61=21 gh60=0xc934f6a W1=0x275e,0x2e72,0x2857 W2=0x266b,0x2d7e,0xba5
  witness[08] tail=24 r61=21 gh60=0xde8bcaa W1=0x2ef1,0x1f2f,0x9aa W2=0x2dfe,0x1472,0x44d
  witness[09] tail=24 r61=23 gh60=0xfe78caa W1=0x27f1,0x13d1,0x3f40 W2=0x26fe,0x16d0,0x34ab
  witness[10] tail=25 r61=17 gh60=0x4b09f6a W1=0x1fdd,0x2a52,0x1200 W2=0x1eea,0x1461,0x2f32
  witness[11] tail=25 r61=19 gh60=0xcf1456a W1=0x145e,0x4f5,0x726 W2=0x136b,0x1774,0x387
  witness[12] tail=25 r61=20 gh60=0xcf69b7e W1=0x1dd7,0x30e,0x19be W2=0x1ce4,0x3f35,0x1b6
  witness[13] tail=25 r61=20 gh60=0x4e784ee W1=0x2b1f,0x257c,0x3ba W2=0x2a2c,0x586,0x1e5e
  witness[14] tail=25 r61=21 gh60=0x3984b9a W1=0x5aa,0x3167,0x1ce2 W2=0x4b7,0x1fba,0x24d7
  witness[15] tail=25 r61=21 gh60=0x567c4ba W1=0x29f6,0x94b,0x7b1 W2=0x2903,0x2c8e,0x2754

Scan-only r61 registry
  registry_count=16 registry_cap=16
  r61_witness[00] r61=15 tail=27 gh60=0x390fb7a W1=0x2d5a,0x3079,0x505 W2=0x2c67,0x11ad,0x3736
  r61_witness[01] r61=15 tail=30 gh60=0x5904766 W1=0x3b4c,0x21c0,0x2bc W2=0x3a59,0x2100,0x1ae3
  r61_witness[02] r61=15 tail=31 gh60=0x4609dee W1=0x1e9f,0xc26,0x1c91 W2=0x1dac,0x3455,0x1479
  r61_witness[03] r61=15 tail=31 gh60=0x48a8b9a W1=0x25a9,0x192,0x11cb W2=0x24b6,0x1f8,0x2e41
  r61_witness[04] r61=16 tail=31 gh60=0xca5449e W1=0xc08,0x3c3c,0x275 W2=0xb15,0x3b30,0x1730
  r61_witness[05] r61=16 tail=31 gh60=0xcaa849a W1=0x1ce5,0x3215,0x37d7 W2=0x1bf2,0x28a6,0x1cb4
  r61_witness[06] r61=16 tail=31 gh60=0x4a644aa W1=0x39f2,0x2513,0xe9 W2=0x38ff,0x3b18,0x129f
  r61_witness[07] r61=16 tail=31 gh60=0x4629da6 W1=0x3e83,0x2f9a,0x3131 W2=0x3d90,0x2a7c,0x12d4
  r61_witness[08] r61=16 tail=34 gh60=0x4884b9a W1=0x15aa,0x1457,0x2ef5 W2=0x14b7,0x159e,0xa15
  r61_witness[09] r61=16 tail=36 gh60=0xda087ee W1=0x1b8f,0x34ba,0x3ad4 W2=0x1a9c,0x28c,0x2dd9
  r61_witness[10] r61=16 tail=40 gh60=0x44884ae W1=0x243f,0x3406,0x18bb W2=0x234c,0x2396,0x2c47
  r61_witness[11] r61=17 tail=23 gh60=0x4b97bae W1=0x11c0,0x3f60,0xec7 W2=0x10cd,0x1d5c,0xe2d
  r61_witness[12] r61=17 tail=23 gh60=0x5bf4cfe W1=0x1918,0x2d69,0x3c42 W2=0x1825,0x5d1,0x8e5
  r61_witness[13] r61=17 tail=23 gh60=0x4a1bdfa W1=0x3095,0x966,0x2a3b W2=0x2fa2,0x2049,0x17d6
  r61_witness[14] r61=17 tail=25 gh60=0x4b09f6a W1=0x1fdd,0x2a52,0x1200 W2=0x1eea,0x1461,0x2f32
  r61_witness[15] r61=17 tail=27 gh60=0x48847ba W1=0x13ba,0x24c3,0x1613 W2=0x12c7,0x2782,0x515

D60=0 fiber histogram: 1:8009 2:4833 3:1765 4:1060 5:406 6:212 7:72 8:80 9:28 10:30 11:9 12:5 13:1 14:4 15:1 16:1 18:1
