free_word_mitm_reducedn
N=14 mask=0x3fff msb=0x2000
candidate: M0=0x3d36 mode=random-fallback fill=0x3fff kernel=dM0=dM9=0x2000
prefixes=32768/268435456 mode=permuted-prefix-sample w59_per_prefix=16384 total=536870912
run_mode=scan registry_cap=16
sample_start=32047104
scan_elapsed=15.294s rate=35.10 Mtriples/s

D60 interface
  D60=0 matches: 32519 (random expectation 32768.0, enrichment 0.992x)
  prefixes with D60=0: 16568
  max D60=0 fiber per prefix: 14 at W57=0x3303 W58=0x96e
  largest D60 bucket: D=0x21c9 count=33721
  min D60 HW: 0
  D60 HW histogram: 0:32519 1:455961 2:2981458 3:11925455 4:32829362 5:65683800 6:98501309 7:112503327 8:98364458 9:65533773 10:32722750 11:11880750 12:2967093 13:456367 14:32530

Tail closure among D60=0 matches
  final tail collisions: 0
  best r61 HW: 14
  best r61 W1[57..59]=0x2415,0x1935,0x1e09
  best r61 W2[57..59]=0x2322,0x3c79,0xfc6
  best tail HW: 22
  best tail r61 HW: 23
  best W1[57..59]=0xb1e,0x22b8,0x2ecd
  best W2[57..59]=0xa2b,0x2cb3,0x2a64

SUMMARY N=14 sample_start=32047104 prefixes=32768 total=536870912 d0=32519 best_tail=22 tail_r61=23 best_r61=14 tail_W1=0xb1e,0x22b8,0x2ecd tail_W2=0xa2b,0x2cb3,0x2a64 r61_W1=0x2415,0x1935,0x1e09 r61_W2=0x2322,0x3c79,0xfc6

Scan-only witness registry
  registry_count=16 registry_cap=16
  witness[00] tail=22 r61=23 gh60=0xddf44ea W1=0xb1e,0x22b8,0x2ecd W2=0xa2b,0x2cb3,0x2a64
  witness[01] tail=23 r61=18 gh60=0xc8947aa W1=0x3bbe,0x20a7,0x2def W2=0x3acb,0x32e0,0x1b01
  witness[02] tail=23 r61=20 gh60=0x59e5baa W1=0x1b2,0x2020,0x8cc W2=0xbf,0xd2c,0x2b71
  witness[03] tail=23 r61=24 gh60=0xccb85a6 W1=0xcb3,0x29ef,0x1f45 W2=0xbc0,0x34,0x3505
  witness[04] tail=23 r61=26 gh60=0x36f9ba6 W1=0x1d6b,0x12d,0xf7a W2=0x1c78,0xbf3,0x3899
  witness[05] tail=24 r61=22 gh60=0x4e0dc9a W1=0x10a,0x38c6,0x1931 W2=0x17,0x17cf,0x10c9
  witness[06] tail=24 r61=25 gh60=0xd93c49a W1=0x1b46,0x29f5,0xa46 W2=0x1a53,0x21c1,0x28d7
  witness[07] tail=24 r61=26 gh60=0xbf1fb66 W1=0x114c,0x3af0,0x2923 W2=0x1059,0x2e4d,0x42e
  witness[08] tail=25 r61=18 gh60=0x5e1879a W1=0x1385,0x2a2f,0x1edb W2=0x1292,0x2cc8,0x2f66
  witness[09] tail=25 r61=21 gh60=0xdf3cd66 W1=0x164c,0x5db,0x37cf W2=0x1559,0x2b82,0x300
  witness[10] tail=25 r61=21 gh60=0x45b85e6 W1=0x24a3,0x98d,0x3d02 W2=0x23b0,0x1cec,0x3edc
  witness[11] tail=25 r61=21 gh60=0x4e6849a W1=0x33e5,0x988,0x360b W2=0x32f2,0x3fd3,0x233f
  witness[12] tail=25 r61=22 gh60=0xcfbbc9a W1=0x1025,0x253,0x3313 W2=0xf32,0x129f,0x1637
  witness[13] tail=25 r61=23 gh60=0x4e28cfa W1=0x3615,0x3c98,0x548 W2=0x3522,0x36db,0x80b
  witness[14] tail=25 r61=24 gh60=0xcf6fcaa W1=0x1132,0x3,0x2ee5 W2=0x103f,0x2cc7,0x1eda
  witness[15] tail=25 r61=25 gh60=0x7909b6e W1=0x21df,0x3f54,0xba0 W2=0x20ec,0x3767,0x1f81

Scan-only r61 registry
  registry_count=16 registry_cap=16
  r61_witness[00] r61=14 tail=28 gh60=0x5a284fa W1=0x2415,0x1935,0x1e09 W2=0x2322,0x3c79,0xfc6
  r61_witness[01] r61=15 tail=31 gh60=0x5a0c49a W1=0xa0a,0xc6d,0x3f63 W2=0x917,0x30b5,0x10b3
  r61_witness[02] r61=15 tail=33 gh60=0x5504566 W1=0x25c,0x2ef9,0x1763 W2=0x169,0x617,0x1c42
  r61_witness[03] r61=16 tail=29 gh60=0x4ae8c9a W1=0x1845,0x319e,0x1629 W2=0x1752,0x22a4,0x110
  r61_witness[04] r61=16 tail=31 gh60=0xb53856e W1=0x12cf,0x119f,0xdb4 W2=0x11dc,0x6f1,0x267f
  r61_witness[05] r61=16 tail=32 gh60=0x4a09cee W1=0xf,0x2f89,0x1c1d W2=0x3f1c,0x19f0,0x20a
  r61_witness[06] r61=16 tail=32 gh60=0x498c4ae W1=0x3300,0x3025,0x317d W2=0x320d,0x2eb6,0x88
  r61_witness[07] r61=16 tail=40 gh60=0xb88bcaa W1=0x1141,0x2303,0x2296 W2=0x104e,0x13ae,0x114e
  r61_witness[08] r61=17 tail=26 gh60=0xcb247a6 W1=0xbc4,0x267e,0x1076 W2=0xad1,0x1264,0x3a0a
  r61_witness[09] r61=17 tail=26 gh60=0xce54f9e W1=0x3768,0x2495,0x1215 W2=0x3675,0x2a84,0x29ae
  r61_witness[10] r61=17 tail=27 gh60=0x3639bee W1=0x1d8f,0x2a13,0x274d W2=0x1c9c,0x22a2,0x1fa
  r61_witness[11] r61=17 tail=28 gh60=0xb70856a W1=0x1a61,0x1092,0x1c35 W2=0x196e,0x1f30,0x2939
  r61_witness[12] r61=17 tail=29 gh60=0x4918b66 W1=0x15cb,0x1104,0x106c W2=0x14d8,0x2ae2,0x2d9b
  r61_witness[13] r61=17 tail=30 gh60=0x4a35f9e W1=0x3f88,0xff5,0x1fcb W2=0x3e95,0x31a,0x39ff
  r61_witness[14] r61=17 tail=31 gh60=0x4da44a6 W1=0x3234,0x27bb,0xadc W2=0x3141,0x3327,0x185b
  r61_witness[15] r61=17 tail=31 gh60=0x495c49e W1=0x3348,0x3e06,0x99f W2=0x3255,0x1e78,0x3c99

D60=0 fiber histogram: 1:8070 2:4761 3:1839 4:1029 5:448 6:202 7:84 8:66 9:23 10:18 11:9 12:9 13:8 14:2
