free_word_mitm_reducedn
N=14 mask=0x3fff msb=0x2000
candidate: M0=0x3d36 mode=random-fallback fill=0x3fff kernel=dM0=dM9=0x2000
prefixes=32768/268435456 mode=permuted-prefix-sample w59_per_prefix=16384 total=536870912
run_mode=scan registry_cap=16
sample_start=65601536
scan_elapsed=15.552s rate=34.52 Mtriples/s

D60 interface
  D60=0 matches: 32701 (random expectation 32768.0, enrichment 0.998x)
  prefixes with D60=0: 16600
  max D60=0 fiber per prefix: 27 at W57=0x254d W58=0x3c7b
  largest D60 bucket: D=0x535 count=33846
  min D60 HW: 0
  D60 HW histogram: 0:32701 1:458206 2:2978279 3:11926469 4:32831662 5:65668441 6:98480694 7:112480271 8:98386698 9:65542998 10:32736316 11:11891618 12:2966960 13:456679 14:32920

Tail closure among D60=0 matches
  final tail collisions: 0
  best r61 HW: 14
  best r61 W1[57..59]=0x1f5d,0x42b,0x114d
  best r61 W2[57..59]=0x1e6a,0x3632,0x38ec
  best tail HW: 23
  best tail r61 HW: 16
  best W1[57..59]=0x1f1b,0x2106,0x3370
  best W2[57..59]=0x1e28,0x3d0a,0x225b

SUMMARY N=14 sample_start=65601536 prefixes=32768 total=536870912 d0=32701 best_tail=23 tail_r61=16 best_r61=14 tail_W1=0x1f1b,0x2106,0x3370 tail_W2=0x1e28,0x3d0a,0x225b r61_W1=0x1f5d,0x42b,0x114d r61_W2=0x1e6a,0x3632,0x38ec

Scan-only witness registry
  registry_count=16 registry_cap=16
  witness[00] tail=23 r61=15 gh60=0xc519d6a W1=0x1e5d,0x3e11,0x331a W2=0x1d6a,0x11e8,0x1197
  witness[01] tail=23 r61=16 gh60=0x4e39ce6 W1=0x1f1b,0x2106,0x3370 W2=0x1e28,0x3d0a,0x225b
  witness[02] tail=23 r61=22 gh60=0x3b55cba W1=0x3e36,0x5ad,0x16b8 W2=0x3d43,0x2fed,0x3dc2
  witness[03] tail=24 r61=21 gh60=0x4ee456a W1=0x1452,0xc63,0x1512 W2=0x135f,0x2ff2,0x2813
  witness[04] tail=24 r61=23 gh60=0x5a58cfe W1=0x1817,0xa95,0x23ce W2=0x1724,0x26fc,0xccb
  witness[05] tail=25 r61=16 gh60=0x3e144ee W1=0x1c20,0xf80,0x353d W2=0x1b2d,0x3c07,0xee1
  witness[06] tail=25 r61=19 gh60=0x37884a6 W1=0x252b,0x3729,0xa4d W2=0x2438,0x3586,0x210b
  witness[07] tail=25 r61=20 gh60=0xce3c4fa W1=0x341a,0x1541,0x10ab W2=0x3327,0xa2e,0x49e
  witness[08] tail=25 r61=21 gh60=0xdf784ba W1=0x2339,0x2016,0x1f31 W2=0x2246,0x954,0x15a2
  witness[09] tail=25 r61=21 gh60=0xcb87ca6 W1=0x2ffc,0x1246,0x308a W2=0x2f09,0x39d9,0x1624
  witness[10] tail=25 r61=22 gh60=0x4edbb9a W1=0x11c9,0x109f,0xd7f W2=0x10d6,0x307,0x172b
  witness[11] tail=25 r61=25 gh60=0xf498ca6 W1=0x382b,0x1cbb,0xc01 W2=0x3738,0x15d7,0x832
  witness[12] tail=25 r61=29 gh60=0xf6e4766 W1=0x3d4,0x11d0,0x3e9a W2=0x2e1,0x361c,0x1cae
  witness[13] tail=26 r61=18 gh60=0x4a0c4ea W1=0x1a1e,0x23a3,0x3df7 W2=0x192b,0x36ca,0xb7d
  witness[14] tail=26 r61=20 gh60=0xf6084ee W1=0x131f,0x624,0x1a39 W2=0x122c,0x36aa,0x2908
  witness[15] tail=26 r61=20 gh60=0x590db7a W1=0x1d5a,0x2a6f,0x1da0 W2=0x1c67,0x1ea3,0x1cce

Scan-only r61 registry
  registry_count=16 registry_cap=16
  r61_witness[00] r61=14 tail=38 gh60=0x5909f6a W1=0x1f5d,0x42b,0x114d W2=0x1e6a,0x3632,0x38ec
  r61_witness[01] r61=15 tail=23 gh60=0xc519d6a W1=0x1e5d,0x3e11,0x331a W2=0x1d6a,0x11e8,0x1197
  r61_witness[02] r61=15 tail=30 gh60=0xd60fc9a W1=0x100a,0x3d9c,0xfab W2=0xf17,0xee1,0x161b
  r61_witness[03] r61=15 tail=36 gh60=0xc9884aa W1=0xd2d,0x2e2b,0x3634 W2=0xc3a,0x3427,0x3d8a
  r61_witness[04] r61=16 tail=23 gh60=0x4e39ce6 W1=0x1f1b,0x2106,0x3370 W2=0x1e28,0x3d0a,0x225b
  r61_witness[05] r61=16 tail=25 gh60=0x3e144ee W1=0x1c20,0xf80,0x353d W2=0x1b2d,0x3c07,0xee1
  r61_witness[06] r61=16 tail=28 gh60=0x5729b66 W1=0x1d53,0x15bf,0x232c W2=0x1c60,0x1a27,0x3ca7
  r61_witness[07] r61=16 tail=28 gh60=0x4badc9e W1=0x3f28,0x1a91,0x78b W2=0x3e35,0x28fe,0x32a9
  r61_witness[08] r61=16 tail=28 gh60=0x4909f66 W1=0x3fdb,0x21ae,0x388b W2=0x3ee8,0x356,0x3217
  r61_witness[09] r61=16 tail=29 gh60=0x489dca6 W1=0x2134,0x2a9c,0x2868 W2=0x2041,0x3647,0x3ffb
  r61_witness[10] r61=16 tail=30 gh60=0x4a2cbfa W1=0x2996,0x3d0c,0x26bb W2=0x28a3,0x3adc,0x3e54
  r61_witness[11] r61=16 tail=30 gh60=0x3a185ea W1=0x3ca1,0x261,0xc3 W2=0x3bae,0x10ef,0x109a
  r61_witness[12] r61=16 tail=31 gh60=0x4a084ea W1=0xa11,0xd08,0x3e80 W2=0x91e,0xe0e,0x22b3
  r61_witness[13] r61=16 tail=31 gh60=0xda09dea W1=0x1ea1,0x4ca,0x2427 W2=0x1dae,0x519,0x1045
  r61_witness[14] r61=16 tail=32 gh60=0x450c56e W1=0x2ce0,0x3123,0x1ed3 W2=0x2bed,0x1a46,0x1085
  r61_witness[15] r61=16 tail=33 gh60=0x4a084ee W1=0xc1f,0x3ac6,0x38be W2=0xb2c,0x2660,0x2213

D60=0 fiber histogram: 1:8043 2:4717 3:1917 4:1082 5:427 6:219 7:64 8:57 9:28 10:19 11:9 12:9 13:3 14:2 15:2 19:1 27:1
