free_word_mitm_reducedn
N=14 mask=0x3fff msb=0x2000
candidate: M0=0x3d36 mode=random-fallback fill=0x3fff kernel=dM0=dM9=0x2000
prefixes=32768/268435456 mode=permuted-prefix-sample w59_per_prefix=16384 total=536870912
run_mode=scan registry_cap=16
sample_start=250150912
scan_elapsed=15.609s rate=34.40 Mtriples/s

D60 interface
  D60=0 matches: 32601 (random expectation 32768.0, enrichment 0.995x)
  prefixes with D60=0: 16461
  max D60=0 fiber per prefix: 17 at W57=0x31b0 W58=0x2186
  largest D60 bucket: D=0x2af6 count=33757
  min D60 HW: 0
  D60 HW histogram: 0:32601 1:456717 2:2969323 3:11901127 4:32760501 5:65586621 6:98438378 7:112529742 8:98450485 9:65596174 10:32780918 11:11914891 12:2965273 13:455559 14:32602

Tail closure among D60=0 matches
  final tail collisions: 0
  best r61 HW: 15
  best r61 W1[57..59]=0x35bd,0x29ae,0x1169
  best r61 W2[57..59]=0x34ca,0x29b1,0x2bf6
  best tail HW: 22
  best tail r61 HW: 25
  best W1[57..59]=0x2013,0x34d0,0x48c
  best W2[57..59]=0x1f20,0x3f04,0x1321

SUMMARY N=14 sample_start=250150912 prefixes=32768 total=536870912 d0=32601 best_tail=22 tail_r61=25 best_r61=15 tail_W1=0x2013,0x34d0,0x48c tail_W2=0x1f20,0x3f04,0x1321 r61_W1=0x35bd,0x29ae,0x1169 r61_W2=0x34ca,0x29b1,0x2bf6

Scan-only witness registry
  registry_count=16 registry_cap=16
  witness[00] tail=22 r61=25 gh60=0xca19ce6 W1=0x2013,0x34d0,0x48c W2=0x1f20,0x3f04,0x1321
  witness[01] tail=23 r61=22 gh60=0xd66859a W1=0x2289,0x122d,0x3196 W2=0x2196,0x2f26,0xc06
  witness[02] tail=24 r61=19 gh60=0x4618dfa W1=0x2695,0x20b5,0x2c13 W2=0x25a2,0xf10,0x2956
  witness[03] tail=24 r61=19 gh60=0x5bf476e W1=0x2b50,0x3708,0x3847 W2=0x2a5d,0x2b47,0x3eea
  witness[04] tail=24 r61=19 gh60=0xc8987ae W1=0x3baf,0x97d,0xf8f W2=0x3abc,0x14d5,0x3245
  witness[05] tail=24 r61=21 gh60=0x3a084ea W1=0x1c21,0x195f,0x35d2 W2=0x1b2e,0x31d5,0x2d2f
  witness[06] tail=24 r61=25 gh60=0xfde849e W1=0x29e7,0x1f31,0x2c77 W2=0x28f4,0x2b62,0x388b
  witness[07] tail=25 r61=17 gh60=0xc9abfba W1=0xfb5,0x1810,0x2433 W2=0xec2,0x3c27,0xeb9
  witness[08] tail=25 r61=17 gh60=0x477449a W1=0x1446,0x2297,0x17ed W2=0x1353,0x18a1,0xd29
  witness[09] tail=25 r61=19 gh60=0x4a0fb9a W1=0xd8a,0x161c,0x1386 W2=0xc97,0x3d39,0x14c2
  witness[10] tail=25 r61=19 gh60=0x4a88da6 W1=0x386b,0x3c37,0x2428 W2=0x3778,0x3dfb,0x37be
  witness[11] tail=25 r61=21 gh60=0xdf2849a W1=0x1349,0x2df0,0x2adc W2=0x1256,0x2679,0x2efd
  witness[12] tail=25 r61=21 gh60=0x59a5cea W1=0x3f22,0x13ab,0xcde W2=0x3e2f,0x1787,0xf29
  witness[13] tail=25 r61=22 gh60=0x5529d7a W1=0x2059,0x1b32,0x24ba W2=0x1f66,0x3981,0x23fc
  witness[14] tail=26 r61=16 gh60=0x5b2c566 W1=0x4d4,0x2fff,0x47b W2=0x3e1,0x3b,0x1e68
  witness[15] tail=26 r61=16 gh60=0x5925b6a W1=0x1dd2,0x3f17,0xf0b W2=0x1cdf,0x2b5f,0x2de3

Scan-only r61 registry
  registry_count=16 registry_cap=16
  r61_witness[00] r61=15 tail=29 gh60=0xc90c76e W1=0x1360,0x176a,0x1c6a W2=0x126d,0x1d99,0x3bb4
  r61_witness[01] r61=15 tail=29 gh60=0x4888baa W1=0x35bd,0x29ae,0x1169 W2=0x34ca,0x29b1,0x2bf6
  r61_witness[02] r61=15 tail=32 gh60=0x4e08dee W1=0x368f,0x18e9,0x2449 W2=0x359c,0x12ac,0x1be1
  r61_witness[03] r61=16 tail=26 gh60=0x5b2c566 W1=0x4d4,0x2fff,0x47b W2=0x3e1,0x3b,0x1e68
  r61_witness[04] r61=16 tail=26 gh60=0x5925b6a W1=0x1dd2,0x3f17,0xf0b W2=0x1cdf,0x2b5f,0x2de3
  r61_witness[05] r61=16 tail=28 gh60=0x4884cba W1=0x293a,0x3afa,0x2304 W2=0x2847,0x1cae,0x218c
  r61_witness[06] r61=16 tail=29 gh60=0x5e28de6 W1=0x1693,0x1e1c,0x3e7 W2=0x15a0,0x27ea,0x27cc
  r61_witness[07] r61=16 tail=30 gh60=0x4688caa W1=0x1601,0x2a87,0xcf4 W2=0x150e,0x376,0x28a6
  r61_witness[08] r61=16 tail=33 gh60=0xca08be6 W1=0x159b,0x2652,0xce W2=0x14a8,0x8c,0x10f1
  r61_witness[09] r61=16 tail=35 gh60=0x4a084ea W1=0x1321,0x5b8,0x1367 W2=0x122e,0x1e5e,0x26a5
  r61_witness[10] r61=16 tail=36 gh60=0x5628cfa W1=0x1819,0x63e,0x2845 W2=0x1726,0x3ac5,0x1a18
  r61_witness[11] r61=16 tail=37 gh60=0x4a04ce6 W1=0x361c,0x1548,0x1504 W2=0x3529,0x44b,0x3699
  r61_witness[12] r61=16 tail=37 gh60=0x5895caa W1=0x3f2e,0x1d62,0x248e W2=0x3e3b,0x2362,0x32fc
  r61_witness[13] r61=16 tail=38 gh60=0x4a184e6 W1=0x221b,0x393,0x379d W2=0x2128,0xd68,0x33f6
  r61_witness[14] r61=17 tail=25 gh60=0xc9abfba W1=0xfb5,0x1810,0x2433 W2=0xec2,0x3c27,0xeb9
  r61_witness[15] r61=17 tail=25 gh60=0x477449a W1=0x1446,0x2297,0x17ed W2=0x1353,0x18a1,0xd29

D60=0 fiber histogram: 1:7992 2:4666 3:1809 4:1108 5:433 6:227 7:75 8:79 9:34 10:19 11:8 12:4 13:2 14:2 15:1 16:1 17:1
