free_word_mitm_reducedn
N=14 mask=0x3fff msb=0x2000
candidate: M0=0x3d36 mode=random-fallback fill=0x3fff kernel=dM0=dM9=0x2000
prefixes=32768/268435456 mode=permuted-prefix-sample w59_per_prefix=16384 total=536870912
run_mode=scan registry_cap=16
sample_start=202047488
scan_elapsed=19.063s rate=28.16 Mtriples/s

D60 interface
  D60=0 matches: 32909 (random expectation 32768.0, enrichment 1.004x)
  prefixes with D60=0: 16565
  max D60=0 fiber per prefix: 17 at W57=0x5bf W58=0x1b70
  largest D60 bucket: D=0xce2 count=33849
  min D60 HW: 0
  D60 HW histogram: 0:32909 1:458405 2:2978094 3:11914938 4:32794069 5:65621753 6:98439507 7:112506782 8:98400910 9:65589468 10:32769237 11:11904532 12:2970573 13:456794 14:32941

Tail closure among D60=0 matches
  final tail collisions: 0
  best r61 HW: 11
  best r61 W1[57..59]=0x1adc,0x11c0,0x1827
  best r61 W2[57..59]=0x19e9,0x3c04,0x7b8
  best tail HW: 22
  best tail r61 HW: 21
  best W1[57..59]=0x303e,0x93,0x2439
  best W2[57..59]=0x2f4b,0x3347,0x3af6

SUMMARY N=14 sample_start=202047488 prefixes=32768 total=536870912 d0=32909 best_tail=22 tail_r61=21 best_r61=11 tail_W1=0x303e,0x93,0x2439 tail_W2=0x2f4b,0x3347,0x3af6 r61_W1=0x1adc,0x11c0,0x1827 r61_W2=0x19e9,0x3c04,0x7b8

Scan-only witness registry
  registry_count=16 registry_cap=16
  witness[00] tail=22 r61=11 gh60=0x4b04566 W1=0x1adc,0x11c0,0x1827 W2=0x19e9,0x3c04,0x7b8
  witness[01] tail=22 r61=21 gh60=0xcb8fcaa W1=0x303e,0x93,0x2439 W2=0x2f4b,0x3347,0x3af6
  witness[02] tail=22 r61=26 gh60=0xde84dba W1=0x367a,0x616,0x1823 W2=0x3587,0x662,0x3e33
  witness[03] tail=23 r61=19 gh60=0x462849e W1=0x407,0x2108,0x3d17 W2=0x314,0x2f79,0x3b72
  witness[04] tail=23 r61=22 gh60=0x5adcbfe W1=0x1998,0x8d8,0x321b W2=0x18a5,0xb68,0x9d4
  witness[05] tail=24 r61=20 gh60=0x3db85ba W1=0x24b9,0x307a,0x2b86 W2=0x23c6,0xf10,0x2529
  witness[06] tail=24 r61=22 gh60=0xfef4bae W1=0x1580,0x28c3,0x12be W2=0x148d,0x314b,0x241c
  witness[07] tail=24 r61=22 gh60=0xfd85ca6 W1=0x3dfc,0x342a,0x2006 W2=0x3d09,0x1235,0x633
  witness[08] tail=25 r61=19 gh60=0x3a08dea W1=0x69d,0x1c38,0x17e3 W2=0x5aa,0x2a07,0x2997
  witness[09] tail=25 r61=19 gh60=0xda68c9a W1=0x3705,0x24fb,0x193e W2=0x3612,0x1acd,0x2be5
  witness[10] tail=25 r61=19 gh60=0xbe085ea W1=0x3a91,0x3461,0x140a W2=0x399e,0x283,0x3e89
  witness[11] tail=25 r61=22 gh60=0xde987aa W1=0xb6d,0x3486,0x2d22 W2=0xa7a,0x274a,0x35c1
  witness[12] tail=25 r61=22 gh60=0xceb5c9a W1=0x1ee6,0x48a,0xfe5 W2=0x1df3,0x259f,0x3c3c
  witness[13] tail=25 r61=22 gh60=0xcd1456e W1=0x2ae0,0x3402,0x1e06 W2=0x29ed,0x1bc5,0x2f27
  witness[14] tail=25 r61=23 gh60=0x5b89daa W1=0x20b1,0x252f,0x1ae7 W2=0x1fbe,0x1d06,0x1f78
  witness[15] tail=25 r61=27 gh60=0xb8a8bbe W1=0x9b7,0x19c7,0x1ab4 W2=0x8c4,0xcde,0x21a5

Scan-only r61 registry
  registry_count=16 registry_cap=16
  r61_witness[00] r61=11 tail=22 gh60=0x4b04566 W1=0x1adc,0x11c0,0x1827 W2=0x19e9,0x3c04,0x7b8
  r61_witness[01] r61=11 tail=27 gh60=0x4a084ea W1=0x3a21,0x233,0x125f W2=0x392e,0x1729,0x1e5
  r61_witness[02] r61=14 tail=27 gh60=0x4618ce6 W1=0x60b,0x24b8,0xd45 W2=0x518,0x33da,0x1f12
  r61_witness[03] r61=14 tail=32 gh60=0x4607fe6 W1=0xf9c,0x3e15,0x103d W2=0xea9,0xf4e,0x282e
  r61_witness[04] r61=15 tail=27 gh60=0xd8a4fa6 W1=0x37b4,0x24f0,0xdcb W2=0x36c1,0x1a45,0x2e46
  r61_witness[05] r61=15 tail=31 gh60=0xc888caa W1=0x192d,0xbb1,0x1c29 W2=0x183a,0x1d2c,0x3135
  r61_witness[06] r61=15 tail=33 gh60=0x4488caa W1=0x362d,0xb04,0x137b W2=0x353a,0x223f,0x1d92
  r61_witness[07] r61=15 tail=37 gh60=0xc8884aa W1=0x32d,0x1f92,0x1203 W2=0x23a,0x258e,0x1c9b
  r61_witness[08] r61=16 tail=30 gh60=0x48b9cba W1=0x1f35,0x2330,0x1fa W2=0x1e42,0x5ab,0x3724
  r61_witness[09] r61=16 tail=31 gh60=0xb52bd9a W1=0x10c5,0x165b,0x230 W2=0xfd2,0x36ff,0x27d5
  r61_witness[10] r61=16 tail=33 gh60=0xc668de6 W1=0x1693,0xd44,0x1811 W2=0x15a0,0x1712,0x298c
  r61_witness[11] r61=16 tail=36 gh60=0x4a0bce6 W1=0x301b,0xd62,0x2edc W2=0x2f28,0x24f2,0x3cb2
  r61_witness[12] r61=16 tail=37 gh60=0x48f84e6 W1=0x2523,0x3fc2,0x3f9 W2=0x2430,0x1b39,0x904
  r61_witness[13] r61=17 tail=26 gh60=0x5b24da6 W1=0x6c4,0x12a6,0x319c W2=0x5d1,0xa0b,0x160a
  r61_witness[14] r61=17 tail=28 gh60=0xc6044e6 W1=0xc0c,0x239c,0x35d9 W2=0xb19,0x2270,0x3842
  r61_witness[15] r61=17 tail=29 gh60=0xc925f66 W1=0x1f54,0x1324,0x228a W2=0x1e61,0x34ed,0x2802

D60=0 fiber histogram: 1:7919 2:4796 3:1871 4:1131 5:404 6:198 7:87 8:88 9:30 10:16 11:7 12:12 13:1 14:2 15:1 16:1 17:1
