free_word_mitm_reducedn
N=14 mask=0x3fff msb=0x2000
candidate: M0=0x3d36 mode=random-fallback fill=0x3fff kernel=dM0=dM9=0x2000
prefixes=32768/268435456 mode=permuted-prefix-sample w59_per_prefix=16384 total=536870912
run_mode=scan registry_cap=16
sample_start=113475584
scan_elapsed=19.954s rate=26.90 Mtriples/s

D60 interface
  D60=0 matches: 33103 (random expectation 32768.0, enrichment 1.010x)
  prefixes with D60=0: 16784
  max D60=0 fiber per prefix: 19 at W57=0x16d5 W58=0x2cf3
  largest D60 bucket: D=0x2540 count=33894
  min D60 HW: 0
  D60 HW histogram: 0:33103 1:458788 2:2980937 3:11916016 4:32800699 5:65590670 6:98423381 7:112512250 8:98436420 9:65587665 10:32765019 11:11901920 12:2972117 13:458912 14:33015

Tail closure among D60=0 matches
  final tail collisions: 0
  best r61 HW: 15
  best r61 W1[57..59]=0x259d,0x149d,0x2c42
  best r61 W2[57..59]=0x24aa,0x31c,0x2cf0
  best tail HW: 21
  best tail r61 HW: 15
  best W1[57..59]=0x332f,0x20aa,0x2e0b
  best W2[57..59]=0x323c,0xfca,0xf23

SUMMARY N=14 sample_start=113475584 prefixes=32768 total=536870912 d0=33103 best_tail=21 tail_r61=15 best_r61=15 tail_W1=0x332f,0x20aa,0x2e0b tail_W2=0x323c,0xfca,0xf23 r61_W1=0x259d,0x149d,0x2c42 r61_W2=0x24aa,0x31c,0x2cf0

Scan-only witness registry
  registry_count=16 registry_cap=16
  witness[00] tail=21 r61=15 gh60=0x48884ae W1=0x332f,0x20aa,0x2e0b W2=0x323c,0xfca,0xf23
  witness[01] tail=22 r61=19 gh60=0xcb04566 W1=0xc4c,0x23a2,0xb5a W2=0xb59,0x19f6,0x6ad
  witness[02] tail=23 r61=18 gh60=0x58984ae W1=0x33f,0x108f,0x3172 W2=0x24c,0x2f9f,0x5f9
  witness[03] tail=23 r61=20 gh60=0x5ae4baa W1=0x1582,0x8e1,0x2533 W2=0x148f,0x9cd,0xf9c
  witness[04] tail=24 r61=22 gh60=0x7638da6 W1=0x883,0x1e48,0x37b6 W2=0x790,0x30ac,0x33ab
  witness[05] tail=24 r61=26 gh60=0x5d3c49e W1=0x2448,0x90c,0x1061 W2=0x2355,0x6fa,0x9b6
  witness[06] tail=25 r61=21 gh60=0x39b47ba W1=0xb76,0x2954,0x1412 W2=0xa83,0x2caf,0x2b8e
  witness[07] tail=25 r61=22 gh60=0x7e78fea W1=0x179d,0x360b,0x33c4 W2=0x16aa,0x3686,0x34c0
  witness[08] tail=25 r61=24 gh60=0xc6dfbba W1=0x1176,0x366e,0x3925 W2=0x1083,0x2a4a,0x206e
  witness[09] tail=25 r61=24 gh60=0xca0c79a W1=0x138a,0xee8,0x772 W2=0x1297,0x118a,0x1f1a
  witness[10] tail=25 r61=24 gh60=0xd8f849a W1=0x3325,0x3a87,0x8aa W2=0x3232,0x328e,0x2382
  witness[11] tail=26 r61=18 gh60=0xba8cba6 W1=0x197c,0x2acc,0x37f0 W2=0x1889,0x3f11,0x197c
  witness[12] tail=26 r61=22 gh60=0xca787ea W1=0x239d,0x142a,0x38f7 W2=0x22aa,0x3e8,0x2cde
  witness[13] tail=26 r61=22 gh60=0x4db4d9a W1=0x2866,0x13dd,0x2baa W2=0x2773,0x2f40,0x24e5
  witness[14] tail=26 r61=22 gh60=0xd79c4ae W1=0x29f0,0x3f3c,0x1452 W2=0x28fd,0x1a5d,0x29cb
  witness[15] tail=26 r61=23 gh60=0x4689fae W1=0x1f7f,0xd44,0x2945 W2=0x1e8c,0x5fb,0x70b

Scan-only r61 registry
  registry_count=16 registry_cap=16
  r61_witness[00] r61=15 tail=21 gh60=0x48884ae W1=0x332f,0x20aa,0x2e0b W2=0x323c,0xfca,0xf23
  r61_witness[01] r61=15 tail=28 gh60=0x4e18bea W1=0x259d,0x149d,0x2c42 W2=0x24aa,0x31c,0x2cf0
  r61_witness[02] r61=15 tail=36 gh60=0x4a38ce6 W1=0x61b,0x3221,0x2352 W2=0x528,0x37,0x13d3
  r61_witness[03] r61=16 tail=29 gh60=0xc918f6a W1=0x275d,0x157f,0x22e4 W2=0x266a,0x886,0x1918
  r61_witness[04] r61=16 tail=29 gh60=0x4a6849a W1=0x3c05,0x2c70,0xe51 W2=0x3b12,0x2383,0x13fd
  r61_witness[05] r61=16 tail=29 gh60=0x4539d7a W1=0x3ed5,0x3c75,0x18c1 W2=0x3de2,0x30c0,0x3b62
  r61_witness[06] r61=16 tail=31 gh60=0x5a384e6 W1=0x131b,0xa99,0x1406 W2=0x1228,0x3b5a,0x3b0e
  r61_witness[07] r61=16 tail=31 gh60=0xc887fa6 W1=0x2fbc,0x167c,0x132e W2=0x2ec9,0x2d2b,0x1f3e
  r61_witness[08] r61=16 tail=33 gh60=0x4995caa W1=0x20ee,0xbec,0xc07 W2=0x1ffb,0xc70,0x190d
  r61_witness[09] r61=16 tail=33 gh60=0x4e644aa W1=0x2b02,0x31f3,0x2f45 W2=0x2a0f,0x3a48,0x1be3
  r61_witness[10] r61=16 tail=34 gh60=0xc8884a6 W1=0x3d2b,0x2f58,0x69e W2=0x3c38,0x3eb3,0x3fb1
  r61_witness[11] r61=16 tail=35 gh60=0x4904f7a W1=0x175a,0x2507,0x3262 W2=0x1667,0x2917,0x6fb
  r61_witness[12] r61=17 tail=27 gh60=0x560449a W1=0x1d0a,0x1dc6,0x2305 W2=0x1c17,0x14ca,0x33ea
  r61_witness[13] r61=17 tail=31 gh60=0x49244a6 W1=0x2b44,0x1518,0x1b96 W2=0x2a51,0x496,0x2b38
  r61_witness[14] r61=17 tail=32 gh60=0xd6047fa W1=0xb9a,0xe4f,0x32a0 W2=0xaa7,0x194,0x18fb
  r61_witness[15] r61=17 tail=32 gh60=0x4ae9f66 W1=0x1fe3,0x2de5,0x1163 W2=0x1ef0,0x16c5,0x1a13

D60=0 fiber histogram: 1:8114 2:4878 3:1824 4:1111 5:408 6:215 7:87 8:67 9:29 10:20 11:15 12:6 13:5 14:1 15:2 16:1 19:1
