free_word_mitm_reducedn
N=14 mask=0x3fff msb=0x2000
candidate: M0=0x3d36 mode=random-fallback fill=0x3fff kernel=dM0=dM9=0x2000
prefixes=32768/268435456 mode=permuted-prefix-sample w59_per_prefix=16384 total=536870912
run_mode=scan registry_cap=16
sample_start=180584448
scan_elapsed=19.938s rate=26.93 Mtriples/s

D60 interface
  D60=0 matches: 33000 (random expectation 32768.0, enrichment 1.007x)
  prefixes with D60=0: 16626
  max D60=0 fiber per prefix: 17 at W57=0x3f51 W58=0x85a
  largest D60 bucket: D=0x2b77 count=33867
  min D60 HW: 0
  D60 HW histogram: 0:33000 1:457180 2:2975560 3:11915639 4:32790009 5:65613446 6:98458064 7:112515198 8:98414292 9:65560469 10:32768141 11:11908263 12:2972014 13:457130 14:32507

Tail closure among D60=0 matches
  final tail collisions: 0
  best r61 HW: 14
  best r61 W1[57..59]=0x3f9e,0xb42,0x241a
  best r61 W2[57..59]=0x3eab,0x9c2,0x3c0
  best tail HW: 18
  best tail r61 HW: 19
  best W1[57..59]=0x234c,0x1e05,0x290c
  best W2[57..59]=0x2259,0xbf,0x1a95

SUMMARY N=14 sample_start=180584448 prefixes=32768 total=536870912 d0=33000 best_tail=18 tail_r61=19 best_r61=14 tail_W1=0x234c,0x1e05,0x290c tail_W2=0x2259,0xbf,0x1a95 r61_W1=0x3f9e,0xb42,0x241a r61_W2=0x3eab,0x9c2,0x3c0

Scan-only witness registry
  registry_count=16 registry_cap=16
  witness[00] tail=18 r61=19 gh60=0xc904766 W1=0x234c,0x1e05,0x290c W2=0x2259,0xbf,0x1a95
  witness[01] tail=21 r61=19 gh60=0xdb89baa W1=0x1d6d,0x2088,0x2834 W2=0x1c7a,0x130f,0x3bd8
  witness[02] tail=21 r61=20 gh60=0x36144ee W1=0x2b20,0x408,0x3dbf W2=0x2a2d,0x3823,0x2f11
  witness[03] tail=23 r61=18 gh60=0xc6685a6 W1=0x2c83,0x350e,0xdb W2=0x2b90,0xaf3,0x105
  witness[04] tail=23 r61=21 gh60=0x36e877a W1=0xbd5,0x2cc4,0x8f4 W2=0xae2,0x239c,0x2851
  witness[05] tail=23 r61=25 gh60=0x7f6c4a6 W1=0x3d34,0x3b87,0x2238 W2=0x3c41,0x1af5,0x69a
  witness[06] tail=24 r61=19 gh60=0x58f5bba W1=0x1db6,0x2033,0x2ed7 W2=0x1cc3,0x223b,0x68c
  witness[07] tail=24 r61=21 gh60=0xc618c9a W1=0x705,0xca0,0x1204 W2=0x612,0x326e,0x167
  witness[08] tail=24 r61=21 gh60=0x55b8ca6 W1=0x3833,0x3ed2,0x22c5 W2=0x3740,0x187e,0x1b80
  witness[09] tail=25 r61=20 gh60=0x491cb6a W1=0x15ce,0x2229,0x3a5 W2=0x14db,0x302d,0x41b
  witness[10] tail=25 r61=22 gh60=0xc674faa W1=0x276e,0x2c13,0x2a8c W2=0x267b,0x2aab,0x67c
  witness[11] tail=25 r61=26 gh60=0x5b25d6a W1=0x3e52,0x37f5,0x1d25 W2=0x3d5f,0x3ed,0x1953
  witness[12] tail=26 r61=15 gh60=0x4989caa W1=0x1f01,0x3dcb,0x8c3 W2=0x1e0e,0x3fa,0x26d8
  witness[13] tail=26 r61=17 gh60=0xc6185ea W1=0xc9d,0x31f1,0x27f8 W2=0xbaa,0x3d7f,0x2356
  witness[14] tail=26 r61=17 gh60=0x498ffaa W1=0xf7e,0xc75,0x1ce8 W2=0xe8b,0x205,0x3773
  witness[15] tail=26 r61=17 gh60=0x44a85be W1=0x14b7,0x3e56,0x3094 W2=0x13c4,0x1510,0x3fa4

Scan-only r61 registry
  registry_count=16 registry_cap=16
  r61_witness[00] r61=14 tail=27 gh60=0xc60dfea W1=0x3f9e,0xb42,0x241a W2=0x3eab,0x9c2,0x3c0
  r61_witness[01] r61=14 tail=30 gh60=0x4a084ea W1=0x2211,0x114c,0x15ce W2=0x211e,0x11d2,0x1594
  r61_witness[02] r61=15 tail=26 gh60=0x4989caa W1=0x1f01,0x3dcb,0x8c3 W2=0x1e0e,0x3fa,0x26d8
  r61_witness[03] r61=15 tail=29 gh60=0x4a0c5ee W1=0xaa0,0x2f1,0xb65 W2=0x9ad,0x2924,0x25a5
  r61_witness[04] r61=15 tail=30 gh60=0x4e0c59a W1=0xa8a,0xb41,0x3590 W2=0x997,0x3799,0x1ba8
  r61_witness[05] r61=15 tail=30 gh60=0x488449a W1=0x1b2a,0xf11,0x899 W2=0x1a37,0x6d7,0x5b9
  r61_witness[06] r61=15 tail=34 gh60=0xc629c9a W1=0x2109,0x4b8,0x3c63 W2=0x2016,0x29c4,0x47c
  r61_witness[07] r61=15 tail=34 gh60=0x46b8caa W1=0x3701,0x2a5d,0x1e66 W2=0x360e,0x3f0c,0x3ef7
  r61_witness[08] r61=15 tail=39 gh60=0xce04cfa W1=0x61a,0x1057,0x2ee0 W2=0x527,0x3ac3,0x40f
  r61_witness[09] r61=16 tail=27 gh60=0xc8984e6 W1=0x2b23,0x1966,0xf72 W2=0x2a30,0x18db,0xa31
  r61_witness[10] r61=16 tail=27 gh60=0xc4a7da6 W1=0x2eb4,0x1dd3,0x50e W2=0x2dc1,0x726,0x1137
  r61_witness[11] r61=16 tail=29 gh60=0x4a09dea W1=0x8d,0x6de,0x1db3 W2=0x3f9a,0x1139,0x1a93
  r61_witness[12] r61=16 tail=30 gh60=0x48884a6 W1=0x252b,0x12c6,0x372 W2=0x2438,0x1123,0x22fe
  r61_witness[13] r61=16 tail=31 gh60=0x4a084ea W1=0x311,0x1571,0xafc W2=0x21e,0x1c27,0x31eb
  r61_witness[14] r61=16 tail=32 gh60=0xc6085ee W1=0x348f,0x1813,0x2410 W2=0x339c,0x1255,0x2381
  r61_witness[15] r61=16 tail=33 gh60=0x4b3bc9a W1=0x1149,0x292f,0x3879 W2=0x1056,0x39bf,0x1f87

D60=0 fiber histogram: 1:7936 2:4860 3:1825 4:1161 5:412 6:204 7:67 8:82 9:31 10:24 11:8 12:11 13:1 14:1 16:1 17:2
