free_word_mitm_reducedn
N=14 mask=0x3fff msb=0x2000
candidate: M0=0x3d36 mode=random-fallback fill=0x3fff kernel=dM0=dM9=0x2000
prefixes=32768/268435456 mode=permuted-prefix-sample w59_per_prefix=16384 total=536870912
run_mode=scan registry_cap=16
sample_start=145752064
scan_elapsed=16.532s rate=32.47 Mtriples/s

D60 interface
  D60=0 matches: 32272 (random expectation 32768.0, enrichment 0.985x)
  prefixes with D60=0: 16450
  max D60=0 fiber per prefix: 20 at W57=0x2e3e W58=0x1259
  largest D60 bucket: D=0x2ae5 count=33901
  min D60 HW: 0
  D60 HW histogram: 0:32272 1:456784 2:2971593 3:11901617 4:32764288 5:65571430 6:98379166 7:112501838 8:98433268 9:65629152 10:32819780 11:11937314 12:2980939 13:459089 14:32382

Tail closure among D60=0 matches
  final tail collisions: 0
  best r61 HW: 14
  best r61 W1[57..59]=0x14a1,0x1040,0x368d
  best r61 W2[57..59]=0x13ae,0x1f4e,0xbaf
  best tail HW: 21
  best tail r61 HW: 16
  best W1[57..59]=0x2e84,0x38bb,0x3cf7
  best W2[57..59]=0x2d91,0x268e,0x13c7

SUMMARY N=14 sample_start=145752064 prefixes=32768 total=536870912 d0=32272 best_tail=21 tail_r61=16 best_r61=14 tail_W1=0x2e84,0x38bb,0x3cf7 tail_W2=0x2d91,0x268e,0x13c7 r61_W1=0x14a1,0x1040,0x368d r61_W2=0x13ae,0x1f4e,0xbaf

Scan-only witness registry
  registry_count=16 registry_cap=16
  witness[00] tail=21 r61=16 gh60=0xca27da6 W1=0x2e84,0x38bb,0x3cf7 W2=0x2d91,0x268e,0x13c7
  witness[01] tail=23 r61=17 gh60=0xc7b8bba W1=0x1975,0x2bcb,0x5d3 W2=0x1882,0x288e,0x3a5f
  witness[02] tail=23 r61=22 gh60=0xf92c49e W1=0x3b48,0x14df,0x3de7 W2=0x3a55,0x34d3,0x971
  witness[03] tail=24 r61=14 gh60=0x4918b6a W1=0x9dd,0x348f,0x1803 W2=0x8ea,0x26b6,0x3db
  witness[04] tail=24 r61=16 gh60=0x4e1c4e6 W1=0x51c,0x3b56,0x37f W2=0x429,0x2d2c,0x2d9f
  witness[05] tail=24 r61=16 gh60=0x7d25d6a W1=0x20d2,0x705,0x1a30 W2=0x1fdf,0xcfd,0x2f71
  witness[06] tail=24 r61=18 gh60=0x44fbdba W1=0x2eb9,0x1c74,0xb2d W2=0x2dc6,0x28c7,0x16a3
  witness[07] tail=24 r61=19 gh60=0x4b8449a W1=0x2ea,0x24b2,0x120c W2=0x1f7,0xd72,0x2136
  witness[08] tail=24 r61=21 gh60=0x5a79ce6 W1=0x210b,0x35d1,0x18e2 W2=0x2018,0x3065,0xa60
  witness[09] tail=24 r61=23 gh60=0xc7efde6 W1=0x2ea4,0x1a79,0x471 W2=0x2db1,0x7da,0x583
  witness[10] tail=25 r61=18 gh60=0x4e7bce6 W1=0x2e1b,0x1b3d,0x204e W2=0x2d28,0x184d,0x1fe6
  witness[11] tail=25 r61=20 gh60=0xb9f8cae W1=0x6ef,0x2275,0x3163 W2=0x5fc,0x3f54,0x31fd
  witness[12] tail=25 r61=21 gh60=0x3638bea W1=0x25a1,0x355f,0x2f7c W2=0x24ae,0x3422,0x4b2
  witness[13] tail=25 r61=23 gh60=0xdff8cea W1=0x160d,0x3d75,0x1a49 W2=0x151a,0x173c,0x2377
  witness[14] tail=25 r61=23 gh60=0x39f84ea W1=0x1b1d,0x193f,0x2356 W2=0x1a2a,0x3421,0x1a33
  witness[15] tail=26 r61=16 gh60=0xcc87c9a W1=0x102a,0xa6,0x3a34 W2=0xf37,0xd2b,0xad2

Scan-only r61 registry
  registry_count=16 registry_cap=16
  r61_witness[00] r61=14 tail=24 gh60=0x4918b6a W1=0x9dd,0x348f,0x1803 W2=0x8ea,0x26b6,0x3db
  r61_witness[01] r61=14 tail=30 gh60=0x4a085ea W1=0x14a1,0x1040,0x368d W2=0x13ae,0x1f4e,0xbaf
  r61_witness[02] r61=15 tail=29 gh60=0xda89caa W1=0x3f01,0x56f,0x2bf0 W2=0x3e0e,0xb9e,0x1b55
  r61_witness[03] r61=15 tail=30 gh60=0x49947ae W1=0x3bb0,0x93,0x2666 W2=0x3abd,0xbdc,0x9c2
  r61_witness[04] r61=15 tail=33 gh60=0x4885b9a W1=0x21aa,0x20fc,0x1e4d W2=0x20b7,0xe05,0x3603
  r61_witness[05] r61=15 tail=35 gh60=0x5a044e6 W1=0x141c,0x1c17,0x130c W2=0x1329,0x26d9,0x2b33
  r61_witness[06] r61=16 tail=21 gh60=0xca27da6 W1=0x2e84,0x38bb,0x3cf7 W2=0x2d91,0x268e,0x13c7
  r61_witness[07] r61=16 tail=24 gh60=0x4e1c4e6 W1=0x51c,0x3b56,0x37f W2=0x429,0x2d2c,0x2d9f
  r61_witness[08] r61=16 tail=24 gh60=0x7d25d6a W1=0x20d2,0x705,0x1a30 W2=0x1fdf,0xcfd,0x2f71
  r61_witness[09] r61=16 tail=26 gh60=0xcc87c9a W1=0x102a,0xa6,0x3a34 W2=0xf37,0xd2b,0xad2
  r61_witness[10] r61=16 tail=28 gh60=0xcd885aa W1=0x4ad,0x3af2,0xa80 W2=0x3ba,0x786,0x1ae0
  r61_witness[11] r61=16 tail=30 gh60=0x48e8ba6 W1=0x15b3,0x2f7,0x166d W2=0x14c0,0x1adb,0x18c5
  r61_witness[12] r61=16 tail=31 gh60=0x54a8c9a W1=0x2825,0x3831,0x66a W2=0x2732,0x1b03,0x2cb3
  r61_witness[13] r61=16 tail=32 gh60=0x4e19ca6 W1=0x2003,0x293d,0x2649 W2=0x1f10,0x3577,0x1fd2
  r61_witness[14] r61=16 tail=32 gh60=0x46084ea W1=0x2411,0x1f44,0x15bf W2=0x231e,0x224a,0x12a9
  r61_witness[15] r61=16 tail=33 gh60=0xc627caa W1=0xf02,0x1254,0x1667 W2=0xe0f,0x5a8,0x5f1

D60=0 fiber histogram: 1:8071 2:4734 3:1734 4:1048 5:400 6:228 7:85 8:82 9:28 10:19 11:5 12:8 13:2 14:1 15:1 16:1 18:2 20:1
