free_word_mitm_reducedn
N=14 mask=0x3fff msb=0x2000
candidate: M0=0x3d36 mode=random-fallback fill=0x3fff kernel=dM0=dM9=0x2000
prefixes=32768/268435456 mode=permuted-prefix-sample w59_per_prefix=16384 total=536870912
run_mode=scan registry_cap=16
sample_start=263946240
scan_elapsed=19.321s rate=27.79 Mtriples/s

D60 interface
  D60=0 matches: 33062 (random expectation 32768.0, enrichment 1.009x)
  prefixes with D60=0: 16545
  max D60=0 fiber per prefix: 20 at W57=0xcf7 W58=0x11ba
  largest D60 bucket: D=0x2893 count=33761
  min D60 HW: 0
  D60 HW histogram: 0:33062 1:457575 2:2978232 3:11912934 4:32779081 5:65620503 6:98446355 7:112532057 8:98435473 9:65577126 10:32751003 11:11889759 12:2969920 13:455396 14:32436

Tail closure among D60=0 matches
  final tail collisions: 0
  best r61 HW: 14
  best r61 W1[57..59]=0x1e30,0x19e4,0x12c8
  best r61 W2[57..59]=0x1d3d,0x3bc4,0x1da2
  best tail HW: 20
  best tail r61 HW: 21
  best W1[57..59]=0x121d,0x1d5e,0x2870
  best W2[57..59]=0x112a,0x3210,0x2d6d

SUMMARY N=14 sample_start=263946240 prefixes=32768 total=536870912 d0=33062 best_tail=20 tail_r61=21 best_r61=14 tail_W1=0x121d,0x1d5e,0x2870 tail_W2=0x112a,0x3210,0x2d6d r61_W1=0x1e30,0x19e4,0x12c8 r61_W2=0x1d3d,0x3bc4,0x1da2

Scan-only witness registry
  registry_count=16 registry_cap=16
  witness[00] tail=20 r61=21 gh60=0xf6084ea W1=0x121d,0x1d5e,0x2870 W2=0x112a,0x3210,0x2d6d
  witness[01] tail=21 r61=19 gh60=0x45245a6 W1=0x2cc4,0xbb4,0x2809 W2=0x2bd1,0x211a,0x1883
  witness[02] tail=23 r61=15 gh60=0x4d3449e W1=0x1a48,0x2c6c,0x2520 W2=0x1955,0x3858,0x2cb8
  witness[03] tail=23 r61=20 gh60=0xc96849a W1=0x3d29,0x3d24,0x28d2 W2=0x3c36,0x336d,0xef7
  witness[04] tail=25 r61=17 gh60=0x5a38ca6 W1=0x1603,0x2b2d,0x3ea8 W2=0x1510,0x2be9,0xe5d
  witness[05] tail=25 r61=18 gh60=0x488c4ae W1=0x2330,0x24cf,0xbb W2=0x223d,0x14f0,0x3d4c
  witness[06] tail=25 r61=20 gh60=0xcbbc4ba W1=0x4f6,0xe78,0x1d5 W2=0x403,0x337b,0x16d7
  witness[07] tail=25 r61=20 gh60=0xc617fee W1=0xf90,0x1e5d,0x86c W2=0xe9d,0x29,0x1a5b
  witness[08] tail=25 r61=20 gh60=0xc9efcaa W1=0x30f2,0x2379,0x94b W2=0x2fff,0x1ac1,0x1b17
  witness[09] tail=25 r61=21 gh60=0xca984aa W1=0x1cf1,0x9ee,0x3a86 W2=0x1bfe,0x1fae,0x2837
  witness[10] tail=25 r61=22 gh60=0x4a2c7fe W1=0x3b98,0x392a,0x2192 W2=0x3aa5,0x7b,0x3de3
  witness[11] tail=25 r61=23 gh60=0x5ab85aa W1=0x1a71,0x66e,0x2127 W2=0x197e,0x1296,0x2463
  witness[12] tail=25 r61=23 gh60=0xc75c49a W1=0x3c26,0x2982,0x1307 W2=0x3b33,0x1fcc,0x583
  witness[13] tail=25 r61=24 gh60=0x4bec5ba W1=0x24b6,0x10dc,0x1509 W2=0x23c3,0x2f83,0x209f
  witness[14] tail=25 r61=24 gh60=0xce88ba6 W1=0x357b,0x1fb0,0x8a8 W2=0x3488,0x37e4,0x1ca9
  witness[15] tail=25 r61=25 gh60=0xc9547ba W1=0xbb6,0x1e30,0x1f73 W2=0xac3,0x20f7,0x1cb0

Scan-only r61 registry
  registry_count=16 registry_cap=16
  r61_witness[00] r61=14 tail=32 gh60=0xd608dea W1=0x18a1,0x2cd7,0x2a9b W2=0x17ae,0x39a6,0x1cb9
  r61_witness[01] r61=14 tail=33 gh60=0xc495cae W1=0x1e30,0x19e4,0x12c8 W2=0x1d3d,0x3bc4,0x1da2
  r61_witness[02] r61=15 tail=23 gh60=0x4d3449e W1=0x1a48,0x2c6c,0x2520 W2=0x1955,0x3858,0x2cb8
  r61_witness[03] r61=15 tail=27 gh60=0x4a084ee W1=0x221f,0x23e2,0x922 W2=0x212c,0xd7c,0x28a2
  r61_witness[04] r61=15 tail=27 gh60=0xd6847a6 W1=0x236c,0x1d38,0x2090 W2=0x2279,0x88e,0x3d8
  r61_witness[05] r61=15 tail=29 gh60=0xdf0457a W1=0x1ada,0x2001,0x1f81 W2=0x19e7,0x1a8a,0x858
  r61_witness[06] r61=15 tail=30 gh60=0x4a084ee W1=0x1d0f,0x42d,0x1502 W2=0x1c1c,0x35c7,0xace
  r61_witness[07] r61=15 tail=30 gh60=0x4a0c4ee W1=0x3210,0x23d2,0x1051 W2=0x311d,0xf6d,0x2d39
  r61_witness[08] r61=15 tail=34 gh60=0x489dfea W1=0x1fa2,0x2dea,0x1184 W2=0x1eaf,0x1c0e,0x2a79
  r61_witness[09] r61=16 tail=26 gh60=0xca94dae W1=0x670,0x2ce3,0x1297 W2=0x57d,0x159b,0x2435
  r61_witness[10] r61=16 tail=28 gh60=0x4888ca6 W1=0x293b,0xdc1,0x9e7 W2=0x2848,0x6cd,0x3177
  r61_witness[11] r61=16 tail=29 gh60=0xc8ac7ea W1=0x1ba2,0x2919,0x3d5e W2=0x1aaf,0x297c,0x1a1e
  r61_witness[12] r61=16 tail=31 gh60=0xb6085ea W1=0x2a1,0x4a3,0xa04 W2=0x1ae,0x35,0x1154
  r61_witness[13] r61=16 tail=33 gh60=0x4904766 W1=0x3bdc,0x3ce,0x2065 W2=0x3ae9,0x39fa,0x1b08
  r61_witness[14] r61=16 tail=34 gh60=0x4534d6e W1=0x660,0x1c04,0x2402 W2=0x56d,0x528,0x2dd4
  r61_witness[15] r61=16 tail=34 gh60=0x4a045fa W1=0x3c9a,0x1eed,0x2c5f W2=0x3ba7,0x1a82,0x1cb6

D60=0 fiber histogram: 1:7912 2:4789 3:1824 4:1116 5:402 6:249 7:93 8:75 9:34 10:25 11:8 12:12 13:2 14:1 16:1 17:1 20:1
