free_word_mitm_reducedn
N=14 mask=0x3fff msb=0x2000
candidate: M0=0x3d36 mode=random-fallback fill=0x3fff kernel=dM0=dM9=0x2000
prefixes=32768/268435456 mode=permuted-prefix-sample w59_per_prefix=16384 total=536870912
run_mode=scan registry_cap=16
sample_start=230391808
scan_elapsed=19.115s rate=28.09 Mtriples/s

D60 interface
  D60=0 matches: 32860 (random expectation 32768.0, enrichment 1.003x)
  prefixes with D60=0: 16522
  max D60=0 fiber per prefix: 19 at W57=0x1f85 W58=0x398a
  largest D60 bucket: D=0xe10 count=33705
  min D60 HW: 0
  D60 HW histogram: 0:32860 1:456279 2:2979313 3:11923169 4:32802776 5:65629678 6:98439376 7:112479500 8:98402710 9:65574815 10:32762237 11:11919229 12:2979800 13:456577 14:32593

Tail closure among D60=0 matches
  final tail collisions: 0
  best r61 HW: 15
  best r61 W1[57..59]=0x353c,0x29e9,0x103b
  best r61 W2[57..59]=0x3449,0x2637,0x3134
  best tail HW: 22
  best tail r61 HW: 20
  best W1[57..59]=0x3dea,0xd77,0x3805
  best W2[57..59]=0x3cf7,0x3478,0x12aa

SUMMARY N=14 sample_start=230391808 prefixes=32768 total=536870912 d0=32860 best_tail=22 tail_r61=20 best_r61=15 tail_W1=0x3dea,0xd77,0x3805 tail_W2=0x3cf7,0x3478,0x12aa r61_W1=0x353c,0x29e9,0x103b r61_W2=0x3449,0x2637,0x3134

Scan-only witness registry
  registry_count=16 registry_cap=16
  witness[00] tail=22 r61=20 gh60=0x4a9dc9a W1=0x3dea,0xd77,0x3805 W2=0x3cf7,0x3478,0x12aa
  witness[01] tail=22 r61=21 gh60=0x4db85ae W1=0x3c7f,0xe21,0x1dda W2=0x3b8c,0x4d9,0x92f
  witness[02] tail=22 r61=24 gh60=0x7f28d7e W1=0x6d7,0x3ae2,0x1d9d W2=0x5e4,0xad,0x3eb7
  witness[03] tail=23 r61=23 gh60=0xdca8ce6 W1=0x2623,0x3f0,0x1992 W2=0x2530,0x3136,0xd50
  witness[04] tail=24 r61=16 gh60=0x44884aa W1=0x3c2d,0x1a1d,0x1319 W2=0x3b3a,0x3159,0xfdf
  witness[05] tail=24 r61=20 gh60=0xcdf4caa W1=0x182e,0x521,0x36bf W2=0x173b,0x1661,0x1456
  witness[06] tail=24 r61=21 gh60=0xd9a7baa W1=0x11b2,0x3c22,0x1335 W2=0x10bf,0x1b36,0x27bc
  witness[07] tail=24 r61=21 gh60=0x7e884ae W1=0x13ff,0x3f7d,0x1896 W2=0x130c,0x3e8d,0xdf2
  witness[08] tail=24 r61=21 gh60=0xcad44fe W1=0x3518,0x4ee,0x3aea W2=0x3425,0x2217,0x1e00
  witness[09] tail=25 r61=17 gh60=0xc6d849a W1=0x2449,0x821,0x3acf W2=0x2356,0x2dee,0x183f
  witness[10] tail=25 r61=19 gh60=0xc498caa W1=0x63d,0xd3,0x1c6d W2=0x54a,0x7fe,0x32d9
  witness[11] tail=25 r61=19 gh60=0xc898fa6 W1=0x7ab,0xdb1,0x3e62 W2=0x6b8,0x3405,0x1bcc
  witness[12] tail=25 r61=19 gh60=0xda19de6 W1=0x3e93,0x22b0,0x18fe W2=0x3da0,0x1b7c,0x383
  witness[13] tail=25 r61=20 gh60=0x3a6cb6a W1=0x25e2,0x1295,0x29c1 W2=0x24ef,0x3bed,0x327d
  witness[14] tail=25 r61=20 gh60=0x4585ca6 W1=0x3e3c,0x3d90,0x2ca1 W2=0x3d49,0x1f1f,0xf13
  witness[15] tail=25 r61=21 gh60=0x56087ea W1=0x1b8d,0x3748,0x3f3b W2=0x1a9a,0x3d16,0xc84

Scan-only r61 registry
  registry_count=16 registry_cap=16
  r61_witness[00] r61=15 tail=31 gh60=0x5a044fa W1=0x2c1a,0x14db,0x1119 W2=0x2b27,0x3e48,0x30cc
  r61_witness[01] r61=15 tail=37 gh60=0x598c4a6 W1=0x353c,0x29e9,0x103b W2=0x3449,0x2637,0x3134
  r61_witness[02] r61=16 tail=24 gh60=0x44884aa W1=0x3c2d,0x1a1d,0x1319 W2=0x3b3a,0x3159,0xfdf
  r61_witness[03] r61=16 tail=27 gh60=0x48ebfbe W1=0xfb7,0x2ccb,0x1f92 W2=0xec4,0x1126,0x4e1
  r61_witness[04] r61=16 tail=28 gh60=0x4798caa W1=0x5f1,0x33a0,0x3f07 W2=0x4fe,0x3c9f,0x36ca
  r61_witness[05] r61=16 tail=28 gh60=0xda6cd6a W1=0x1862,0x3afb,0x2bdc W2=0x176f,0x1b5f,0x2971
  r61_witness[06] r61=16 tail=29 gh60=0xc99c4ea W1=0x1d22,0x3e7f,0xd23 W2=0x1c2f,0x12da,0x1f2e
  r61_witness[07] r61=16 tail=29 gh60=0xc589caa W1=0x1df1,0x2032,0xc3e W2=0x1cfe,0x2ab5,0x33a6
  r61_witness[08] r61=16 tail=29 gh60=0x48b47be W1=0x23b8,0x26b,0x3eb9 W2=0x22c5,0x3d32,0x2e4
  r61_witness[09] r61=16 tail=30 gh60=0xb50449a W1=0x2a4a,0x31a,0x3f3e W2=0x2957,0x26de,0x366c
  r61_witness[10] r61=16 tail=31 gh60=0x44885aa W1=0x14b1,0x10e5,0xb0f W2=0x13be,0x207d,0x2122
  r61_witness[11] r61=16 tail=33 gh60=0x4a087ee W1=0xb9f,0xcb6,0x3a5b W2=0xaac,0x478,0x5a8
  r61_witness[12] r61=16 tail=34 gh60=0x4974f7e W1=0x7d8,0x2edb,0x2c7e W2=0x6e5,0x1f17,0x3556
  r61_witness[13] r61=16 tail=34 gh60=0x4918ba6 W1=0x15c3,0x787,0x1b5b W2=0x14d0,0x1f7b,0x1215
  r61_witness[14] r61=16 tail=34 gh60=0x4bd859a W1=0x22c9,0x2e5,0x24a9 W2=0x21d6,0x1f52,0x1f17
  r61_witness[15] r61=16 tail=35 gh60=0x5885ba6 W1=0x1bc,0x340,0x3030 W2=0xc9,0x977,0x3586

D60=0 fiber histogram: 1:7855 2:4883 3:1775 4:1134 5:414 6:239 7:81 8:67 9:31 10:21 11:6 12:8 13:2 14:1 15:3 16:1 19:1
