free_word_mitm_reducedn
N=14 mask=0x3fff msb=0x2000
candidate: M0=0x3d36 mode=random-fallback fill=0x3fff kernel=dM0=dM9=0x2000
prefixes=32768/268435456 mode=permuted-prefix-sample w59_per_prefix=16384 total=536870912
run_mode=scan registry_cap=16
sample_start=146505728
scan_elapsed=19.741s rate=27.20 Mtriples/s

D60 interface
  D60=0 matches: 32963 (random expectation 32768.0, enrichment 1.006x)
  prefixes with D60=0: 16641
  max D60=0 fiber per prefix: 21 at W57=0x1f85 W58=0x158a
  largest D60 bucket: D=0x251f count=33820
  min D60 HW: 0
  D60 HW histogram: 0:32963 1:458004 2:2975527 3:11914953 4:32801071 5:65635422 6:98445174 7:112510965 8:98397535 9:65563522 10:32770122 11:11903119 12:2974957 13:455168 14:32410

Tail closure among D60=0 matches
  final tail collisions: 0
  best r61 HW: 14
  best r61 W1[57..59]=0x3889,0xb73,0x21a
  best r61 W2[57..59]=0x3796,0x3729,0x2bd9
  best tail HW: 20
  best tail r61 HW: 22
  best W1[57..59]=0x33f7,0x130d,0x32c1
  best W2[57..59]=0x3304,0x302b,0x1b4

SUMMARY N=14 sample_start=146505728 prefixes=32768 total=536870912 d0=32963 best_tail=20 tail_r61=22 best_r61=14 tail_W1=0x33f7,0x130d,0x32c1 tail_W2=0x3304,0x302b,0x1b4 r61_W1=0x3889,0xb73,0x21a r61_W2=0x3796,0x3729,0x2bd9

Scan-only witness registry
  registry_count=16 registry_cap=16
  witness[00] tail=20 r61=22 gh60=0x47a84be W1=0x33f7,0x130d,0x32c1 W2=0x3304,0x302b,0x1b4
  witness[01] tail=21 r61=18 gh60=0xcc8c4aa W1=0x23e,0x5e1,0x2d6d W2=0x14b,0x912,0x3314
  witness[02] tail=24 r61=17 gh60=0x4629f9a W1=0x1f85,0x158a,0x33d6 W2=0x1e92,0x662,0x1be1
  witness[03] tail=24 r61=17 gh60=0xc88bcaa W1=0x312d,0x1e18,0x1ddd W2=0x303a,0x151b,0x3f5b
  witness[04] tail=24 r61=17 gh60=0x448c5ae W1=0x34b0,0x3925,0x38f2 W2=0x33bd,0x2eee,0x16cf
  witness[05] tail=24 r61=19 gh60=0xcf2fd7a W1=0x3056,0x35eb,0x2c70 W2=0x2f63,0x3b,0x1e27
  witness[06] tail=25 r61=19 gh60=0x450c56a W1=0x344e,0x3c18,0x2b4f W2=0x335b,0x9ab,0x2bc7
  witness[07] tail=25 r61=20 gh60=0xc99bfaa W1=0x2f7d,0x2e15,0x1045 W2=0x2e8a,0x588,0x13f6
  witness[08] tail=25 r61=20 gh60=0xdb0bd6a W1=0x3061,0x11c3,0x161f W2=0x2f6e,0x3c82,0x1758
  witness[09] tail=25 r61=22 gh60=0x55945ae W1=0xab0,0x2545,0x1d64 W2=0x9bd,0xa0e,0x908
  witness[10] tail=25 r61=22 gh60=0x4f37b7a W1=0x11d6,0x3932,0x487 W2=0x10e3,0x2472,0x3a93
  witness[11] tail=25 r61=23 gh60=0xca1fbea W1=0x2d8e,0x2c60,0x2512 W2=0x2c9b,0x18f4,0x2d1e
  witness[12] tail=25 r61=25 gh60=0x4e7cdaa W1=0x682,0xd80,0x18 W2=0x58f,0x1d6c,0x2dc9
  witness[13] tail=25 r61=26 gh60=0xfe24dea W1=0x692,0x224a,0x2cfd W2=0x59f,0x352e,0x16c4
  witness[14] tail=25 r61=26 gh60=0x5a1c5ee W1=0x3ca0,0x3da9,0x9ea W2=0x3bad,0x3058,0x3e78
  witness[15] tail=25 r61=27 gh60=0x7ed449a W1=0x3be6,0x1df1,0x15de W2=0x3af3,0x14bf,0xbf

Scan-only r61 registry
  registry_count=16 registry_cap=16
  r61_witness[00] r61=14 tail=28 gh60=0x4a38d9a W1=0x3889,0xb73,0x21a W2=0x3796,0x3729,0x2bd9
  r61_witness[01] r61=14 tail=33 gh60=0x4a08bee W1=0x299f,0x2262,0x3a66 W2=0x28ac,0x14e5,0x173b
  r61_witness[02] r61=14 tail=35 gh60=0x49accbe W1=0x1738,0x515,0x32b2 W2=0x1645,0x20f9,0x28c0
  r61_witness[03] r61=15 tail=31 gh60=0x49887ae W1=0x236f,0x2a81,0x545 W2=0x227c,0x2549,0x23e2
  r61_witness[04] r61=16 tail=28 gh60=0x4c844a6 W1=0x143c,0x5b0,0x2333 W2=0x1349,0x13fe,0x2963
  r61_witness[05] r61=16 tail=30 gh60=0x4888baa W1=0x9ad,0x158e,0x18c6 W2=0x8ba,0x1e1,0x19d1
  r61_witness[06] r61=16 tail=30 gh60=0x4958bba W1=0x25b9,0x187e,0x36f9 W2=0x24c6,0x18d5,0x1672
  r61_witness[07] r61=16 tail=31 gh60=0xc8bcb9a W1=0x9a6,0x3908,0x1315 W2=0x8b3,0x3467,0xc8d
  r61_witness[08] r61=16 tail=31 gh60=0xc605de6 W1=0x3e9c,0x3adf,0x28b3 W2=0x3da9,0x130c,0x3108
  r61_witness[09] r61=16 tail=34 gh60=0x44e84be W1=0x2c37,0x3d3b,0x20a6 W2=0x2b44,0xa59,0x1d30
  r61_witness[10] r61=16 tail=35 gh60=0x4508566 W1=0x3cdb,0x448,0x27b9 W2=0x3be8,0x263,0xa0a
  r61_witness[11] r61=16 tail=36 gh60=0x4a844ba W1=0x39fa,0x319a,0x1633 W2=0x3907,0x268d,0x1349
  r61_witness[12] r61=17 tail=24 gh60=0x4629f9a W1=0x1f85,0x158a,0x33d6 W2=0x1e92,0x662,0x1be1
  r61_witness[13] r61=17 tail=24 gh60=0xc88bcaa W1=0x312d,0x1e18,0x1ddd W2=0x303a,0x151b,0x3f5b
  r61_witness[14] r61=17 tail=24 gh60=0x448c5ae W1=0x34b0,0x3925,0x38f2 W2=0x33bd,0x2eee,0x16cf
  r61_witness[15] r61=17 tail=28 gh60=0xc628f9a W1=0x785,0x250d,0x2c9e W2=0x692,0x14db,0x33f5

D60=0 fiber histogram: 1:7966 2:4849 3:1840 4:1105 5:452 6:217 7:84 8:61 9:26 10:21 11:3 12:5 13:2 14:4 15:2 16:2 19:1 21:1
