free_word_mitm_reducedn
N=14 mask=0x3fff msb=0x2000
candidate: M0=0x3d36 mode=random-fallback fill=0x3fff kernel=dM0=dM9=0x2000
prefixes=32768/268435456 mode=permuted-prefix-sample w59_per_prefix=16384 total=536870912
run_mode=scan registry_cap=16
sample_start=29065216
scan_elapsed=20.086s rate=26.73 Mtriples/s

D60 interface
  D60=0 matches: 32647 (random expectation 32768.0, enrichment 0.996x)
  prefixes with D60=0: 16465
  max D60=0 fiber per prefix: 18 at W57=0x3ab1 W58=0x281e
  largest D60 bucket: D=0x3a56 count=33712
  min D60 HW: 0
  D60 HW histogram: 0:32647 1:457346 2:2976235 3:11920725 4:32797342 5:65618610 6:98454051 7:112517686 8:98423946 9:65560724 10:32743532 11:11907110 12:2972676 13:455655 14:32627

Tail closure among D60=0 matches
  final tail collisions: 0
  best r61 HW: 14
  best r61 W1[57..59]=0x60b,0x3e8d,0x1816
  best r61 W2[57..59]=0x518,0xdaf,0xc8c
  best tail HW: 23
  best tail r61 HW: 17
  best W1[57..59]=0x2c1d,0x3e24,0x3450
  best W2[57..59]=0x2b2a,0x3da,0x2375

SUMMARY N=14 sample_start=29065216 prefixes=32768 total=536870912 d0=32647 best_tail=23 tail_r61=17 best_r61=14 tail_W1=0x2c1d,0x3e24,0x3450 tail_W2=0x2b2a,0x3da,0x2375 r61_W1=0x60b,0x3e8d,0x1816 r61_W2=0x518,0xdaf,0xc8c

Scan-only witness registry
  registry_count=16 registry_cap=16
  witness[00] tail=23 r61=17 gh60=0xc6084ea W1=0x2c1d,0x3e24,0x3450 W2=0x2b2a,0x3da,0x2375
  witness[01] tail=23 r61=21 gh60=0x4a78dbe W1=0x3677,0xa8d,0x15bf W2=0x3584,0x22d4,0xa0e
  witness[02] tail=24 r61=17 gh60=0x46adc9e W1=0x3de8,0x39e3,0x481 W2=0x3cf5,0x38d0,0x291
  witness[03] tail=24 r61=20 gh60=0xd8a44aa W1=0x532,0x32cc,0x1a72 W2=0x43f,0x3791,0x1243
  witness[04] tail=24 r61=20 gh60=0x49b44be W1=0x2d38,0x2534,0x1105 W2=0x2c45,0x3253,0x3660
  witness[05] tail=24 r61=23 gh60=0xfba4ba6 W1=0x9b4,0x1e3e,0xecd W2=0x8c1,0x2213,0x32f5
  witness[06] tail=25 r61=17 gh60=0xca08bea W1=0x399d,0x15be,0x1cca W2=0x38aa,0x1479,0xa13
  witness[07] tail=25 r61=20 gh60=0xd8887aa W1=0x13bd,0x286d,0x35bc W2=0x12ca,0x2ab1,0xa71
  witness[08] tail=25 r61=20 gh60=0x4604ce6 W1=0x360c,0xd66,0x2ad2 W2=0x3519,0x3b7d,0x3977
  witness[09] tail=25 r61=21 gh60=0x799c4a6 W1=0x14f4,0x35d4,0x149b W2=0x1401,0x15c0,0x19f1
  witness[10] tail=25 r61=21 gh60=0xcb0c56a W1=0x1ace,0x3a5f,0x1c4e W2=0x19db,0x5f2,0x2286
  witness[11] tail=25 r61=21 gh60=0x4704f66 W1=0x375c,0x23f0,0xe1e W2=0x3669,0x2023,0x22bf
  witness[12] tail=25 r61=22 gh60=0xcb98b9a W1=0x565,0x32f1,0x30f1 W2=0x472,0x2187,0x1747
  witness[13] tail=25 r61=26 gh60=0x4637c9a W1=0x2f06,0x1b37,0x10b6 W2=0x2e13,0x3688,0x196
  witness[14] tail=26 r61=14 gh60=0x590876a W1=0x1bdd,0x17b8,0x29e6 W2=0x1aea,0x140a,0x3f7d
  witness[15] tail=26 r61=18 gh60=0xc93bb7a W1=0x2dd9,0x37de,0xe1c W2=0x2ce6,0x291d,0x2992

Scan-only r61 registry
  registry_count=16 registry_cap=16
  r61_witness[00] r61=14 tail=26 gh60=0x590876a W1=0x1bdd,0x17b8,0x29e6 W2=0x1aea,0x140a,0x3f7d
  r61_witness[01] r61=14 tail=35 gh60=0xca08ce6 W1=0x60b,0x3e8d,0x1816 W2=0x518,0xdaf,0xc8c
  r61_witness[02] r61=15 tail=28 gh60=0xc98bcae W1=0x2eef,0x35a8,0x1a48 W2=0x2dfc,0x3b0b,0x3048
  r61_witness[03] r61=15 tail=33 gh60=0xc4885aa W1=0x14b1,0x20e5,0x879 W2=0x13be,0x307d,0x2494
  r61_witness[04] r61=16 tail=29 gh60=0xcf844ba W1=0x53a,0x3d31,0x2f26 W2=0x447,0x21e4,0x2382
  r61_witness[05] r61=16 tail=30 gh60=0xc89bb9a W1=0x2da5,0x5ef,0x2448 W2=0x2cb2,0x2413,0x208d
  r61_witness[06] r61=16 tail=31 gh60=0xca75bae W1=0x3d80,0x121a,0x3749 W2=0x3c8d,0x7a2,0xa01
  r61_witness[07] r61=16 tail=36 gh60=0x4a14cea W1=0x180e,0x374e,0x18c5 W2=0x171b,0x70a,0x289e
  r61_witness[08] r61=17 tail=23 gh60=0xc6084ea W1=0x2c1d,0x3e24,0x3450 W2=0x2b2a,0x3da,0x2375
  r61_witness[09] r61=17 tail=24 gh60=0x46adc9e W1=0x3de8,0x39e3,0x481 W2=0x3cf5,0x38d0,0x291
  r61_witness[10] r61=17 tail=25 gh60=0xca08bea W1=0x399d,0x15be,0x1cca W2=0x38aa,0x1479,0xa13
  r61_witness[11] r61=17 tail=27 gh60=0x4604ce6 W1=0x360c,0xd66,0x28da W2=0x3519,0x3b7d,0x377f
  r61_witness[12] r61=17 tail=28 gh60=0x5e24daa W1=0x882,0x9c9,0x11d6 W2=0x78f,0x13b5,0x1a4
  r61_witness[13] r61=17 tail=28 gh60=0x3e844a6 W1=0x24fc,0x1f3e,0x2db4 W2=0x2409,0xf0c,0xf09
  r61_witness[14] r61=17 tail=28 gh60=0xcb77dae W1=0x2eb0,0x23f6,0x3182 W2=0x2dbd,0x3cbe,0xce4
  r61_witness[15] r61=17 tail=29 gh60=0xd48ddae W1=0xb0,0x36f,0x3d3b W2=0x3fbd,0x2737,0x3878

D60=0 fiber histogram: 1:7967 2:4722 3:1726 4:1168 5:434 6:225 7:82 8:72 9:29 10:22 11:5 12:5 13:3 14:1 16:2 17:1 18:1
