free_word_mitm_reducedn
N=14 mask=0x3fff msb=0x2000
candidate: M0=0x3d36 mode=random-fallback fill=0x3fff kernel=dM0=dM9=0x2000
prefixes=32768/268435456 mode=permuted-prefix-sample w59_per_prefix=16384 total=536870912
run_mode=scan registry_cap=16
sample_start=117080064
scan_elapsed=13.005s rate=41.28 Mtriples/s

D60 interface
  D60=0 matches: 32666 (random expectation 32768.0, enrichment 0.997x)
  prefixes with D60=0: 16530
  max D60=0 fiber per prefix: 24 at W57=0x2e22 W58=0x3c4a
  largest D60 bucket: D=0x2b7e count=33710
  min D60 HW: 0
  D60 HW histogram: 0:32666 1:456324 2:2979644 3:11928045 4:32807653 5:65655936 6:98454644 7:112494394 8:98396543 9:65549662 10:32756830 11:11900245 12:2969208 13:456485 14:32633

Tail closure among D60=0 matches
  final tail collisions: 0
  best r61 HW: 14
  best r61 W1[57..59]=0x338a,0x32e9,0x1d41
  best r61 W2[57..59]=0x3297,0x3583,0x1954
  best tail HW: 22
  best tail r61 HW: 21
  best W1[57..59]=0x4e9,0x3a3,0x2d08
  best W2[57..59]=0x3f6,0x29ee,0x6a2

SUMMARY N=14 sample_start=117080064 prefixes=32768 total=536870912 d0=32666 best_tail=22 tail_r61=21 best_r61=14 tail_W1=0x4e9,0x3a3,0x2d08 tail_W2=0x3f6,0x29ee,0x6a2 r61_W1=0x338a,0x32e9,0x1d41 r61_W2=0x3297,0x3583,0x1954

Scan-only witness registry
  registry_count=16 registry_cap=16
  witness[00] tail=22 r61=21 gh60=0xcaa849a W1=0x4e9,0x3a3,0x2d08 W2=0x3f6,0x29ee,0x6a2
  witness[01] tail=23 r61=19 gh60=0x4618ca6 W1=0x3703,0x1ffd,0x3212 W2=0x3610,0x2cb9,0x3962
  witness[02] tail=23 r61=20 gh60=0xd6787a6 W1=0x2b73,0x3be2,0x1fae W2=0x2a80,0x2537,0xc
  witness[03] tail=24 r61=19 gh60=0x3a9c5a6 W1=0xc6c,0x1f96,0x1c3 W2=0xb79,0x164a,0x3681
  witness[04] tail=24 r61=19 gh60=0x378c4aa W1=0x2aee,0x3ce,0x13e6 W2=0x29fb,0xacf,0x3bdc
  witness[05] tail=24 r61=20 gh60=0x4a3fcea W1=0xe0e,0x2a24,0x162 W2=0xd1b,0x1d60,0x3a2d
  witness[06] tail=24 r61=23 gh60=0xf489caa W1=0x41,0x138d,0x15a7 W2=0x3f4e,0x1380,0x248d
  witness[07] tail=24 r61=24 gh60=0xf568cba W1=0x1839,0x35ba,0x1fcc W2=0x1746,0x27bd,0x17c3
  witness[08] tail=25 r61=17 gh60=0x4a887ae W1=0x37f,0x322c,0xa79 W2=0x28c,0x2be4,0x3077
  witness[09] tail=25 r61=18 gh60=0x4e08cea W1=0x721,0x3d2d,0xc6f W2=0x62e,0x3ed8,0x1c09
  witness[10] tail=25 r61=22 gh60=0x79f45fa W1=0x496,0x19ea,0x32df W2=0x3a3,0x3b0b,0x241d
  witness[11] tail=25 r61=22 gh60=0x593877a W1=0x2bd5,0x3cda,0x2004 W2=0x2ae2,0x2dba,0x2e1d
  witness[12] tail=25 r61=22 gh60=0x4bfbb9a W1=0x2d89,0x3405,0x406 W2=0x2c96,0x1f1d,0x7cf
  witness[13] tail=25 r61=24 gh60=0xcb685a6 W1=0x1ab3,0x1654,0xd92 W2=0x19c0,0x1999,0x1218
  witness[14] tail=25 r61=25 gh60=0xfe8bcaa W1=0x2ffd,0x29e3,0x3d08 W2=0x2f0a,0x1d16,0x3168
  witness[15] tail=26 r61=16 gh60=0x460459a W1=0x3c8a,0x3eba,0x2827 W2=0x3b97,0x3d96,0x2258

Scan-only r61 registry
  registry_count=16 registry_cap=16
  r61_witness[00] r61=14 tail=30 gh60=0xca0479a W1=0x338a,0x32e9,0x1d41 W2=0x3297,0x3583,0x1954
  r61_witness[01] r61=14 tail=31 gh60=0x4904b9a W1=0x15ca,0x30f8,0x9c7 W2=0x14d7,0x3087,0x119e
  r61_witness[02] r61=14 tail=32 gh60=0x4d884aa W1=0x2a3d,0x2045,0x3226 W2=0x294a,0x23f1,0x318a
  r61_witness[03] r61=14 tail=32 gh60=0xc6085ea W1=0x348d,0x2a0,0x1c5d W2=0x339a,0x24be,0x158d
  r61_witness[04] r61=15 tail=30 gh60=0x38887aa W1=0x2bad,0x10b7,0x23bf W2=0x2aba,0x10b,0x3e2a
  r61_witness[05] r61=15 tail=32 gh60=0x4a64baa W1=0x3582,0x28f7,0x22d0 W2=0x348f,0x29e3,0x3994
  r61_witness[06] r61=15 tail=34 gh60=0x4984bba W1=0x297a,0xc34,0x2e7c W2=0x2887,0x37c4,0xc9a
  r61_witness[07] r61=15 tail=36 gh60=0x4608ce6 W1=0x371b,0x3b41,0x2c7d W2=0x3628,0x2a43,0xea3
  r61_witness[08] r61=15 tail=37 gh60=0xc88c4aa W1=0x33e,0xd1,0x2f49 W2=0x24b,0x7c2,0x3de0
  r61_witness[09] r61=16 tail=26 gh60=0x460459a W1=0x3c8a,0x3eba,0x2827 W2=0x3b97,0x3d96,0x2258
  r61_witness[10] r61=16 tail=28 gh60=0xc7884a6 W1=0x143b,0x147d,0x1c06 W2=0x1348,0x12ca,0x2f
  r61_witness[11] r61=16 tail=29 gh60=0x3a647a6 W1=0x384,0x2733,0x2514 W2=0x291,0x1127,0x3c33
  r61_witness[12] r61=16 tail=30 gh60=0x56084ee W1=0x2b1f,0x244a,0x286f W2=0x2a2c,0x454,0x22f4
  r61_witness[13] r61=16 tail=31 gh60=0x488cba6 W1=0x29ac,0x1e7a,0x26a3 W2=0x28b9,0x223f,0x8b6
  r61_witness[14] r61=16 tail=32 gh60=0xca08cea W1=0x621,0x3afe,0x1059 W2=0x52e,0xf9,0x1874
  r61_witness[15] r61=16 tail=32 gh60=0xc884ca6 W1=0x173c,0x8e9,0x268f W2=0x1649,0x2576,0x739

D60=0 fiber histogram: 1:7989 2:4812 3:1758 4:1086 5:438 6:227 7:77 8:72 9:24 10:23 11:9 12:6 13:1 14:2 16:2 18:3 24:1
