free_word_mitm_reducedn
N=14 mask=0x3fff msb=0x2000
candidate: M0=0x3d36 mode=random-fallback fill=0x3fff kernel=dM0=dM9=0x2000
prefixes=32768/268435456 mode=permuted-prefix-sample w59_per_prefix=16384 total=536870912
run_mode=scan registry_cap=16
sample_start=260866048
scan_elapsed=20.212s rate=26.56 Mtriples/s

D60 interface
  D60=0 matches: 32487 (random expectation 32768.0, enrichment 0.991x)
  prefixes with D60=0: 16571
  max D60=0 fiber per prefix: 20 at W57=0x335b W58=0x1e13
  largest D60 bucket: D=0x2637 count=33862
  min D60 HW: 0
  D60 HW histogram: 0:32487 1:457451 2:2973958 3:11915287 4:32775714 5:65577885 6:98435564 7:112517087 8:98429097 9:65604136 10:32772013 11:11910178 12:2978702 13:458797 14:32556

Tail closure among D60=0 matches
  final tail collisions: 0
  best r61 HW: 15
  best r61 W1[57..59]=0x2d3b,0x3711,0x2910
  best r61 W2[57..59]=0x2c48,0x345c,0x128e
  best tail HW: 22
  best tail r61 HW: 19
  best W1[57..59]=0x2c2,0x38bf,0x28fa
  best W2[57..59]=0x1cf,0x3fc,0x11b

SUMMARY N=14 sample_start=260866048 prefixes=32768 total=536870912 d0=32487 best_tail=22 tail_r61=19 best_r61=15 tail_W1=0x2c2,0x38bf,0x28fa tail_W2=0x1cf,0x3fc,0x11b r61_W1=0x2d3b,0x3711,0x2910 r61_W2=0x2c48,0x345c,0x128e

Scan-only witness registry
  registry_count=16 registry_cap=16
  witness[00] tail=22 r61=19 gh60=0x5f2c5aa W1=0x2c2,0x38bf,0x28fa W2=0x1cf,0x3fc,0x11b
  witness[01] tail=22 r61=26 gh60=0x3babc9a W1=0x2e25,0x3da5,0x2d5d W2=0x2d32,0x1bf1,0x3594
  witness[02] tail=23 r61=16 gh60=0xc908f6a W1=0x375d,0xa63,0x1748 W2=0x366a,0x276,0x5c2
  witness[03] tail=23 r61=24 gh60=0x3d1c5aa W1=0x14c2,0x1837,0x990 W2=0x13cf,0x36f4,0x237d
  witness[04] tail=23 r61=29 gh60=0x59fbf9a W1=0xf65,0x546,0x3e42 W2=0xe72,0x25da,0x511
  witness[05] tail=24 r61=17 gh60=0xf987ca6 W1=0x112c,0x1ad8,0x1a37 W2=0x1039,0x37f3,0x2698
  witness[06] tail=24 r61=17 gh60=0x46185ee W1=0x349f,0x26fb,0x3eb0 W2=0x33ac,0x2029,0x23e7
  witness[07] tail=24 r61=19 gh60=0xc624ca6 W1=0x604,0x1e86,0x1638 W2=0x511,0x1e43,0xa4c
  witness[08] tail=24 r61=23 gh60=0x59d44ba W1=0x1af6,0x1740,0x2a5f W2=0x1a03,0xe3f,0x29db
  witness[09] tail=25 r61=15 gh60=0x490cf66 W1=0x74c,0x2aab,0x3cdd W2=0x659,0x12ee,0xe9d
  witness[10] tail=25 r61=15 gh60=0x450856e W1=0x14df,0x2882,0x22b4 W2=0x13ec,0x1f28,0xcc6
  witness[11] tail=25 r61=19 gh60=0x4ca85ba W1=0x2ab5,0x4ea,0x54b W2=0x29c2,0x2f7c,0x2938
  witness[12] tail=25 r61=20 gh60=0xc98cbba W1=0x25ba,0x32f1,0x356c W2=0x24c7,0x232d,0x2eb9
  witness[13] tail=25 r61=20 gh60=0xcb1c566 W1=0x2adc,0x3f43,0x2efa W2=0x29e9,0x1683,0x3ae0
  witness[14] tail=25 r61=21 gh60=0x46b8f9e W1=0x1767,0x327c,0x643 W2=0x1674,0x3a52,0x3b55
  witness[15] tail=25 r61=21 gh60=0xf6044fa W1=0x231a,0x119e,0x25a7 W2=0x2227,0x3b5b,0x16a7

Scan-only r61 registry
  registry_count=16 registry_cap=16
  r61_witness[00] r61=15 tail=25 gh60=0x490cf66 W1=0x74c,0x2aab,0x3cdd W2=0x659,0x12ee,0xe9d
  r61_witness[01] r61=15 tail=25 gh60=0x450856e W1=0x14df,0x2882,0x22b4 W2=0x13ec,0x1f28,0xcc6
  r61_witness[02] r61=15 tail=28 gh60=0xcdabcba W1=0xdf5,0xcfe,0x2f79 W2=0xd02,0x1fb5,0x467
  r61_witness[03] r61=15 tail=31 gh60=0x49987aa W1=0x1381,0x2898,0x1ab8 W2=0x128e,0x3b50,0x23e0
  r61_witness[04] r61=15 tail=36 gh60=0x4b1bf66 W1=0x2fcb,0xb70,0x17ca W2=0x2ed8,0x222c,0x3cbc
  r61_witness[05] r61=15 tail=37 gh60=0x48884a6 W1=0x2d3b,0x3711,0x2910 W2=0x2c48,0x345c,0x128e
  r61_witness[06] r61=16 tail=23 gh60=0xc908f6a W1=0x375d,0xa63,0x1748 W2=0x366a,0x276,0x5c2
  r61_witness[07] r61=16 tail=28 gh60=0x569bdaa W1=0x1081,0x1e20,0x7e5 W2=0xf8e,0xb7f,0x21cb
  r61_witness[08] r61=16 tail=29 gh60=0xcb08d66 W1=0x8db,0xb11,0x465 W2=0x7e8,0x3a27,0x304d
  r61_witness[09] r61=16 tail=29 gh60=0x4a344ea W1=0x250e,0x46f,0x1374 W2=0x241b,0xb76,0x3396
  r61_witness[10] r61=16 tail=31 gh60=0x4608ce6 W1=0x90b,0x3dae,0x20 W2=0x818,0x3640,0x1287
  r61_witness[11] r61=16 tail=31 gh60=0x4a685be W1=0x2c77,0x3136,0x2de W2=0x2b84,0x3700,0x3d3a
  r61_witness[12] r61=16 tail=32 gh60=0xc908b6a W1=0x9dd,0x2ce9,0x2934 W2=0x8ea,0x1f10,0x116e
  r61_witness[13] r61=16 tail=32 gh60=0x4d09d6a W1=0x20cd,0xa58,0x33b7 W2=0x1fda,0x1047,0x17ed
  r61_witness[14] r61=16 tail=32 gh60=0x4a6cfa6 W1=0x3774,0x33dd,0x2047 W2=0x3681,0x29c2,0x3f00
  r61_witness[15] r61=16 tail=36 gh60=0x4908b66 W1=0x25db,0x28e,0x3f1f W2=0x24e8,0x105c,0x6f8

D60=0 fiber histogram: 1:8135 2:4713 3:1812 4:1055 5:419 6:212 7:69 8:77 9:39 10:21 11:5 12:7 13:3 14:1 15:1 16:1 20:1
