free_word_mitm_reducedn
N=14 mask=0x3fff msb=0x2000
candidate: M0=0x3d36 mode=random-fallback fill=0x3fff kernel=dM0=dM9=0x2000
prefixes=32768/268435456 mode=permuted-prefix-sample w59_per_prefix=16384 total=536870912
run_mode=scan registry_cap=16
sample_start=226885632
scan_elapsed=15.558s rate=34.51 Mtriples/s

D60 interface
  D60=0 matches: 32375 (random expectation 32768.0, enrichment 0.988x)
  prefixes with D60=0: 16384
  max D60=0 fiber per prefix: 20 at W57=0x3680 W58=0x3558
  largest D60 bucket: D=0xd35 count=33746
  min D60 HW: 0
  D60 HW histogram: 0:32375 1:457925 2:2982972 3:11938382 4:32849376 5:65706458 6:98512781 7:112509234 8:98325101 9:65495601 10:32711614 11:11887320 12:2971074 13:457480 14:33219

Tail closure among D60=0 matches
  final tail collisions: 0
  best r61 HW: 9
  best r61 W1[57..59]=0x2f5d,0x3ab4,0x2a6f
  best r61 W2[57..59]=0x2e6a,0x19bf,0x350d
  best tail HW: 19
  best tail r61 HW: 19
  best W1[57..59]=0x174e,0x2737,0x2ced
  best W2[57..59]=0x165b,0x3a53,0x384e

SUMMARY N=14 sample_start=226885632 prefixes=32768 total=536870912 d0=32375 best_tail=19 tail_r61=19 best_r61=9 tail_W1=0x174e,0x2737,0x2ced tail_W2=0x165b,0x3a53,0x384e r61_W1=0x2f5d,0x3ab4,0x2a6f r61_W2=0x2e6a,0x19bf,0x350d

Scan-only witness registry
  registry_count=16 registry_cap=16
  witness[00] tail=19 r61=19 gh60=0xbb0cf6a W1=0x174e,0x2737,0x2ced W2=0x165b,0x3a53,0x384e
  witness[01] tail=22 r61=19 gh60=0xcaebbbe W1=0x3177,0x3229,0x3865 W2=0x3084,0x17ac,0x1f44
  witness[02] tail=22 r61=20 gh60=0x4fb7daa W1=0xebe,0x5be,0x1adb W2=0xdcb,0x389a,0x1c7c
  witness[03] tail=23 r61=18 gh60=0x3a0c5e6 W1=0x48c,0x1da2,0xc9d W2=0x399,0x165c,0x13ae
  witness[04] tail=23 r61=18 gh60=0x4a89caa W1=0x3df1,0x2899,0x1c4 W2=0x3cfe,0x331c,0x2665
  witness[05] tail=23 r61=22 gh60=0x4a284a6 W1=0x203,0x21de,0x381d W2=0x110,0xdd9,0x1080
  witness[06] tail=23 r61=22 gh60=0xc7a8c9e W1=0x1727,0x30c9,0xb1d W2=0x1634,0x3dbb,0x1370
  witness[07] tail=24 r61=15 gh60=0x4638ffe W1=0x797,0x3f2,0x1e77 W2=0x6a4,0x38c1,0x28f8
  witness[08] tail=24 r61=17 gh60=0x5657c9e W1=0x2fe8,0x15ae,0x2964 W2=0x2ef5,0x3e9f,0x1113
  witness[09] tail=24 r61=17 gh60=0x4b985ae W1=0x347f,0x31b,0x1da2 W2=0x338c,0x3853,0x3a3d
  witness[10] tail=24 r61=21 gh60=0x4e7bd9a W1=0x1085,0x1f3b,0x1a8b W2=0xf92,0x3c6f,0x1847
  witness[11] tail=24 r61=22 gh60=0xd7ec77e W1=0x33d8,0xd8b,0x13dc W2=0x32e5,0x1648,0x303c
  witness[12] tail=24 r61=22 gh60=0xd9e8566 W1=0x3ae3,0x38ac,0x10a6 W2=0x39f0,0x3a15,0x30e0
  witness[13] tail=24 r61=24 gh60=0x573849a W1=0x245,0x503,0x22f9 W2=0x152,0x2994,0x2a27
  witness[14] tail=25 r61=9 gh60=0x490bf6a W1=0x2f5d,0x3ab4,0x2a6f W2=0x2e6a,0x19bf,0x350d
  witness[15] tail=25 r61=19 gh60=0x7d69d7a W1=0xd9,0x17ce,0x3ae9 W2=0x3fe6,0x363d,0xff4

Scan-only r61 registry
  registry_count=16 registry_cap=16
  r61_witness[00] r61=9 tail=25 gh60=0x490bf6a W1=0x2f5d,0x3ab4,0x2a6f W2=0x2e6a,0x19bf,0x350d
  r61_witness[01] r61=12 tail=28 gh60=0x5d1456e W1=0xae0,0x254,0x27f3 W2=0x9ed,0x200f,0x3782
  r61_witness[02] r61=15 tail=24 gh60=0x4638ffe W1=0x797,0x3f2,0x1e77 W2=0x6a4,0x38c1,0x28f8
  r61_witness[03] r61=15 tail=29 gh60=0x49e84be W1=0x22f7,0x1c4b,0x26a W2=0x2204,0x1ded,0x3727
  r61_witness[04] r61=15 tail=31 gh60=0x4b887aa W1=0x2b6d,0x3eec,0x3b40 W2=0x2a7a,0x2fb0,0x1d7
  r61_witness[05] r61=15 tail=32 gh60=0x45885ae W1=0x146f,0x3047,0xab9 W2=0x137c,0x288f,0xe34
  r61_witness[06] r61=15 tail=33 gh60=0x4a084e6 W1=0x41b,0x180,0x98d W2=0x328,0x2f55,0xeff
  r61_witness[07] r61=15 tail=34 gh60=0x450856a W1=0x2c51,0x229a,0x2647 W2=0x2b5e,0x26a8,0x28e0
  r61_witness[08] r61=16 tail=26 gh60=0x4674cee W1=0x2710,0x2654,0x150f W2=0x261d,0x153c,0x39cf
  r61_witness[09] r61=16 tail=27 gh60=0x59a8ba6 W1=0x5b3,0x1a2a,0x1a W2=0x4c0,0x220e,0x33cf
  r61_witness[10] r61=16 tail=29 gh60=0xca84b9a W1=0x156a,0x3d6f,0x13b0 W2=0x1477,0x3f4a,0x2e14
  r61_witness[11] r61=16 tail=29 gh60=0xc604c9a W1=0x290a,0x7cc,0x12f9 W2=0x2817,0x294b,0x2052
  r61_witness[12] r61=16 tail=31 gh60=0xd48fca6 W1=0x102c,0x1687,0x367c W2=0xf39,0x3a2,0x1af
  r61_witness[13] r61=16 tail=32 gh60=0xc625ce6 W1=0x114,0x2258,0x2609 W2=0x21,0x2c8d,0x1b
  r61_witness[14] r61=16 tail=32 gh60=0x490bb6e W1=0x314f,0x9f1,0x106f W2=0x305c,0x2f10,0x250e
  r61_witness[15] r61=16 tail=34 gh60=0x4888baa W1=0x29c1,0x1226,0x2aa3 W2=0x28ce,0xe2d,0x132a

D60=0 fiber histogram: 1:7956 2:4711 3:1744 4:1118 5:404 6:227 7:89 8:61 9:26 10:23 11:8 12:5 13:1 14:4 15:1 16:2 17:2 18:1 20:1
