free_word_mitm_reducedn
N=14 mask=0x3fff msb=0x2000
candidate: M0=0x3d36 mode=random-fallback fill=0x3fff kernel=dM0=dM9=0x2000
prefixes=32768/268435456 mode=permuted-prefix-sample w59_per_prefix=16384 total=536870912
run_mode=scan registry_cap=16
sample_start=210108416
scan_elapsed=15.600s rate=34.41 Mtriples/s

D60 interface
  D60=0 matches: 32584 (random expectation 32768.0, enrichment 0.994x)
  prefixes with D60=0: 16480
  max D60=0 fiber per prefix: 21 at W57=0x24ed W58=0x229b
  largest D60 bucket: D=0x2bfc count=33777
  min D60 HW: 0
  D60 HW histogram: 0:32584 1:457215 2:2972737 3:11905720 4:32768898 5:65615861 6:98477469 7:112571201 8:98429115 9:65556271 10:32747920 11:11887161 12:2963729 13:452882 14:32149

Tail closure among D60=0 matches
  final tail collisions: 0
  best r61 HW: 13
  best r61 W1[57..59]=0xfaa,0x23bc,0xb38
  best r61 W2[57..59]=0xeb7,0x3c9,0x24e0
  best tail HW: 22
  best tail r61 HW: 26
  best W1[57..59]=0x2fa,0x1bb4,0x1cb4
  best W2[57..59]=0x207,0x36b,0xe7b

SUMMARY N=14 sample_start=210108416 prefixes=32768 total=536870912 d0=32584 best_tail=22 tail_r61=26 best_r61=13 tail_W1=0x2fa,0x1bb4,0x1cb4 tail_W2=0x207,0x36b,0xe7b r61_W1=0xfaa,0x23bc,0xb38 r61_W2=0xeb7,0x3c9,0x24e0

Scan-only witness registry
  registry_count=16 registry_cap=16
  witness[00] tail=22 r61=26 gh60=0x578c4ba W1=0x2fa,0x1bb4,0x1cb4 W2=0x207,0x36b,0xe7b
  witness[01] tail=23 r61=17 gh60=0xb6285fa W1=0xa99,0x1628,0x39de W2=0x9a6,0x2f48,0x2036
  witness[02] tail=23 r61=18 gh60=0x4a54b9a W1=0x1986,0x10ac,0x2fb5 W2=0x1893,0x1bdb,0x34da
  witness[03] tail=24 r61=17 gh60=0x48bbbbe W1=0x11b7,0x1fb0,0x9ac W2=0x10c4,0x2cb,0x1f1e
  witness[04] tail=24 r61=19 gh60=0xcb684e6 W1=0x3d23,0x289b,0x86e W2=0x3c30,0x170c,0xb04
  witness[05] tail=24 r61=20 gh60=0xf8abb9a W1=0x2da5,0x2861,0x1ef1 W2=0x2cb2,0x685,0x1060
  witness[06] tail=24 r61=22 gh60=0x4f34f6e W1=0x2750,0x15d0,0x313a W2=0x265d,0x610,0x29fe
  witness[07] tail=24 r61=23 gh60=0x3b8c7ae W1=0x2370,0x32bd,0x103e W2=0x227d,0x2d96,0x57a
  witness[08] tail=24 r61=24 gh60=0x7b884aa W1=0x1bfd,0x1be8,0xe40 W2=0x1b0a,0x3094,0x260e
  witness[09] tail=24 r61=28 gh60=0x4c9c4ea W1=0x222,0x3dd2,0x3a16 W2=0x12f,0x4e1,0xd51
  witness[10] tail=25 r61=16 gh60=0x46d4f9e W1=0x2768,0x2d29,0x8f7 W2=0x2675,0x250c,0x1941
  witness[11] tail=25 r61=18 gh60=0x4dd4b9e W1=0x3588,0x298e,0x1554 W2=0x3495,0x3375,0x1a5e
  witness[12] tail=25 r61=19 gh60=0xdb5457e W1=0xad8,0x23ef,0x2a58 W2=0x9e5,0x20bc,0x2225
  witness[13] tail=25 r61=19 gh60=0x4b95cae W1=0x1ef0,0x26f4,0x224d W2=0x1dfd,0x1158,0xdf3
  witness[14] tail=25 r61=21 gh60=0x7a0479a W1=0xb8a,0x3942,0x345a W2=0xa97,0x2bda,0x5fe
  witness[15] tail=25 r61=22 gh60=0xca34c9e W1=0x2608,0xd96,0x31ea W2=0x2515,0xd41,0x1a82

Scan-only r61 registry
  registry_count=16 registry_cap=16
  r61_witness[00] r61=13 tail=26 gh60=0x4b87f9a W1=0xfaa,0x23bc,0xb38 W2=0xeb7,0x3c9,0x24e0
  r61_witness[01] r61=15 tail=32 gh60=0x4488daa W1=0x6c1,0x398f,0x23f1 W2=0x5ce,0x38d6,0x2a29
  r61_witness[02] r61=16 tail=25 gh60=0x46d4f9e W1=0x2768,0x2d29,0x8f7 W2=0x2675,0x250c,0x1941
  r61_witness[03] r61=16 tail=28 gh60=0x5509d6e W1=0x4f,0x1a9e,0x2b0b W2=0x3f5c,0x71,0x9e9
  r61_witness[04] r61=16 tail=28 gh60=0x4919b6a W1=0x1e1,0xc77,0x3811 W2=0xee,0xc62,0x25cc
  r61_witness[05] r61=16 tail=28 gh60=0x3b89caa W1=0x3e2d,0x10ed,0x1ec4 W2=0x3d3a,0x16a8,0xa80
  r61_witness[06] r61=16 tail=33 gh60=0x470fb6a W1=0x31de,0x1bfe,0x944 W2=0x30eb,0x82e,0xa68
  r61_witness[07] r61=16 tail=34 gh60=0xda3bca6 W1=0x3003,0x2a7a,0x3edf W2=0x2f10,0x1dbc,0xfb6
  r61_witness[08] r61=16 tail=35 gh60=0x3a08cee W1=0x161f,0x1420,0x2dc9 W2=0x152c,0x16f7,0x3f23
  r61_witness[09] r61=16 tail=35 gh60=0xc4a8dbe W1=0x26b7,0xd8b,0x2e69 W2=0x25c4,0x1542,0x2085
  r61_witness[10] r61=16 tail=36 gh60=0xc60c4e6 W1=0x3c1c,0xdd1,0x3584 W2=0x3b29,0x1895,0x1366
  r61_witness[11] r61=16 tail=39 gh60=0x4984cba W1=0x273a,0x1e20,0x52 W2=0x2647,0x1d4,0x8b4
  r61_witness[12] r61=16 tail=40 gh60=0x48b4c9e W1=0x1928,0x12f1,0x68 W2=0x1835,0x2de4,0x1b21
  r61_witness[13] r61=17 tail=23 gh60=0xb6285fa W1=0xa99,0x1628,0x39de W2=0x9a6,0x2f48,0x2036
  r61_witness[14] r61=17 tail=24 gh60=0x48bbbbe W1=0x11b7,0x1fb0,0x9ac W2=0x10c4,0x2cb,0x1f1e
  r61_witness[15] r61=17 tail=27 gh60=0xba68cba W1=0x18f5,0xee1,0x93c W2=0x1802,0x15c,0x34b4

D60=0 fiber histogram: 1:8071 2:4636 3:1788 4:1088 5:441 6:210 7:91 8:89 9:27 10:16 11:5 12:7 13:1 14:4 15:2 16:2 17:1 21:1
