free_word_mitm_reducedn
N=14 mask=0x3fff msb=0x2000
candidate: M0=0x3d36 mode=random-fallback fill=0x3fff kernel=dM0=dM9=0x2000
prefixes=32768/268435456 mode=permuted-prefix-sample w59_per_prefix=16384 total=536870912
run_mode=scan registry_cap=16
sample_start=26312704
scan_elapsed=20.279s rate=26.47 Mtriples/s

D60 interface
  D60=0 matches: 32532 (random expectation 32768.0, enrichment 0.993x)
  prefixes with D60=0: 16532
  max D60=0 fiber per prefix: 16 at W57=0x3701 W58=0x9e0
  largest D60 bucket: D=0xcdd count=33760
  min D60 HW: 0
  D60 HW histogram: 0:32532 1:457338 2:2982693 3:11929224 4:32820827 5:65651621 6:98446567 7:112488980 8:98389876 9:65558596 10:32754940 11:11896237 12:2971792 13:456904 14:32785

Tail closure among D60=0 matches
  final tail collisions: 0
  best r61 HW: 13
  best r61 W1[57..59]=0x23df,0x1b11,0x72c
  best r61 W2[57..59]=0x22ec,0x1a43,0x1087
  best tail HW: 23
  best tail r61 HW: 16
  best W1[57..59]=0xa27,0x3417,0x124a
  best W2[57..59]=0x934,0x3fc4,0xd01

SUMMARY N=14 sample_start=26312704 prefixes=32768 total=536870912 d0=32532 best_tail=23 tail_r61=16 best_r61=13 tail_W1=0xa27,0x3417,0x124a tail_W2=0x934,0x3fc4,0xd01 r61_W1=0x23df,0x1b11,0x72c r61_W2=0x22ec,0x1a43,0x1087

Scan-only witness registry
  registry_count=16 registry_cap=16
  witness[00] tail=23 r61=16 gh60=0x4da849e W1=0xa27,0x3417,0x124a W2=0x934,0x3fc4,0xd01
  witness[01] tail=23 r61=19 gh60=0x37847a6 W1=0x1b6c,0x9e3,0x647 W2=0x1a79,0x3b7,0x3c76
  witness[02] tail=23 r61=21 gh60=0xcbf85be W1=0x2277,0x3119,0x3f3c W2=0x2184,0x36e3,0x38af
  witness[03] tail=23 r61=27 gh60=0xda28dfe W1=0x897,0x1dfc,0x3799 W2=0x7a4,0x1e3b,0x301a
  witness[04] tail=24 r61=15 gh60=0xd9abcba W1=0x10f5,0x311a,0x3502 W2=0x1002,0x3e11,0x2828
  witness[05] tail=24 r61=16 gh60=0xc9844a6 W1=0x2ec,0x1a44,0x23e8 W2=0x1f9,0x2922,0x1288
  witness[06] tail=24 r61=19 gh60=0x5b984aa W1=0xb01,0x31a2,0x2d26 W2=0xa0e,0x3bd2,0x1509
  witness[07] tail=24 r61=21 gh60=0xf7a84e6 W1=0x2323,0x1f9b,0x2c5b W2=0x2230,0x1d12,0x3248
  witness[08] tail=25 r61=17 gh60=0x4888caa W1=0x393d,0xa92,0x3d45 W2=0x384a,0x1cfd,0x34c4
  witness[09] tail=25 r61=19 gh60=0x46acca6 W1=0x35f4,0x845,0x308a W2=0x3501,0x17f2,0x5ec
  witness[10] tail=25 r61=19 gh60=0x462cfaa W1=0x3782,0x3acc,0x3733 W2=0x368f,0x3978,0x326a
  witness[11] tail=25 r61=21 gh60=0x4b39da6 W1=0x1ec3,0x397b,0x283a W2=0x1dd0,0x2fd1,0x292c
  witness[12] tail=25 r61=21 gh60=0x4a5849e W1=0x32e7,0x637,0x2052 W2=0x31f4,0x16e6,0xb36
  witness[13] tail=25 r61=23 gh60=0x557c5aa W1=0xabe,0x18c8,0x31ee W2=0x9cb,0x1661,0x3ea3
  witness[14] tail=25 r61=24 gh60=0x74b44ae W1=0x240,0x2bc2,0xaa0 W2=0x14d,0x6d3,0x2e9a
  witness[15] tail=26 r61=16 gh60=0x591bb6a W1=0x31cd,0x530,0x352b W2=0x30da,0x226b,0x3f73

Scan-only r61 registry
  registry_count=16 registry_cap=16
  r61_witness[00] r61=13 tail=35 gh60=0xc90876e W1=0x23df,0x1b11,0x72c W2=0x22ec,0x1a43,0x1087
  r61_witness[01] r61=14 tail=27 gh60=0xca04ce6 W1=0x381c,0x30f0,0x25a8 W2=0x3729,0x3973,0xfb5
  r61_witness[02] r61=15 tail=24 gh60=0xd9abcba W1=0x10f5,0x311a,0x3502 W2=0x1002,0x3e11,0x2828
  r61_witness[03] r61=15 tail=30 gh60=0x4e04de6 W1=0x368c,0x1ec0,0x231c W2=0x3599,0x4ff,0x2fc7
  r61_witness[04] r61=15 tail=35 gh60=0x56087ee W1=0x238f,0xe8c,0x535 W2=0x229c,0x55a,0x1e75
  r61_witness[05] r61=15 tail=35 gh60=0xc904b7a W1=0x255a,0x2f31,0xbbb W2=0x2467,0x2161,0x3358
  r61_witness[06] r61=15 tail=37 gh60=0x4a0ccea W1=0x280e,0x288b,0xc0f W2=0x271b,0x2d43,0x1c81
  r61_witness[07] r61=15 tail=39 gh60=0x4a5449a W1=0x24e6,0x39c6,0x3f6e W2=0x23f3,0x1fda,0x1af3
  r61_witness[08] r61=16 tail=23 gh60=0x4da849e W1=0xa27,0x3417,0x124a W2=0x934,0x3fc4,0xd01
  r61_witness[09] r61=16 tail=24 gh60=0xc9844a6 W1=0x2ec,0x1a44,0x23e8 W2=0x1f9,0x2922,0x1288
  r61_witness[10] r61=16 tail=26 gh60=0x591bb6a W1=0x31cd,0x530,0x352b W2=0x30da,0x226b,0x3f73
  r61_witness[11] r61=16 tail=28 gh60=0x48884ae W1=0xb3f,0xd9f,0x33fa W2=0xa4c,0x2f2f,0x140c
  r61_witness[12] r61=16 tail=30 gh60=0xc888caa W1=0x1741,0x391,0xd5a W2=0x164e,0x17c0,0x21dc
  r61_witness[13] r61=16 tail=30 gh60=0x4e5859a W1=0x3289,0x491,0x1582 W2=0x3196,0x3186,0x2d99
  r61_witness[14] r61=16 tail=30 gh60=0x5e0449a W1=0x3c0a,0x924,0x3078 W2=0x3b17,0x3ff0,0x2f83
  r61_witness[15] r61=16 tail=35 gh60=0x4a17bea W1=0xd9e,0x3d97,0x2940 W2=0xcab,0x3113,0x2de7

D60=0 fiber histogram: 1:8078 2:4752 3:1724 4:1096 5:421 6:227 7:100 8:71 9:22 10:18 11:9 12:8 13:2 14:2 16:2
