free_word_mitm_reducedn
N=14 mask=0x3fff msb=0x2000
candidate: M0=0x3d36 mode=random-fallback fill=0x3fff kernel=dM0=dM9=0x2000
prefixes=32768/268435456 mode=permuted-prefix-sample w59_per_prefix=16384 total=536870912
run_mode=scan registry_cap=16
sample_start=159514624
scan_elapsed=17.796s rate=30.17 Mtriples/s

D60 interface
  D60=0 matches: 32930 (random expectation 32768.0, enrichment 1.005x)
  prefixes with D60=0: 16505
  max D60=0 fiber per prefix: 18 at W57=0x2166 W58=0x701
  largest D60 bucket: D=0x28dd count=33897
  min D60 HW: 0
  D60 HW histogram: 0:32930 1:457025 2:2976640 3:11913211 4:32792980 5:65619361 6:98455758 7:112490008 8:98418103 9:65586372 10:32750438 11:11910022 12:2977026 13:458265 14:32773

Tail closure among D60=0 matches
  final tail collisions: 0
  best r61 HW: 13
  best r61 W1[57..59]=0x24cc,0x11c3,0xb23
  best r61 W2[57..59]=0x23d9,0x7f5,0x198d
  best tail HW: 21
  best tail r61 HW: 25
  best W1[57..59]=0xd50,0x2790,0x3ce6
  best W2[57..59]=0xc5d,0xdb0,0x3b38

SUMMARY N=14 sample_start=159514624 prefixes=32768 total=536870912 d0=32930 best_tail=21 tail_r61=25 best_r61=13 tail_W1=0xd50,0x2790,0x3ce6 tail_W2=0xc5d,0xdb0,0x3b38 r61_W1=0x24cc,0x11c3,0xb23 r61_W2=0x23d9,0x7f5,0x198d

Scan-only witness registry
  registry_count=16 registry_cap=16
  witness[00] tail=21 r61=25 gh60=0xcf0fb6e W1=0xd50,0x2790,0x3ce6 W2=0xc5d,0xdb0,0x3b38
  witness[01] tail=23 r61=16 gh60=0x5b245aa W1=0xac2,0x2eef,0x31c3 W2=0x9cf,0x3cac,0x3927
  witness[02] tail=23 r61=19 gh60=0x4e0c4fa W1=0x2a1a,0x98a,0x1a4b W2=0x2927,0x3077,0x1b
  witness[03] tail=24 r61=23 gh60=0x368c4a6 W1=0x24fc,0x75,0x57c W2=0x2409,0x3043,0x2490
  witness[04] tail=24 r61=24 gh60=0xdd34d9a W1=0x16c6,0xc60,0x3309 W2=0x15d3,0x3b9b,0x1e23
  witness[05] tail=25 r61=16 gh60=0x56084ea W1=0x321,0x14d2,0x2fc6 W2=0x22e,0x1c7c,0x2a9c
  witness[06] tail=25 r61=19 gh60=0xd88cfba W1=0x27ba,0x23dd,0x1db W2=0x26c7,0x11d9,0x1d7a
  witness[07] tail=25 r61=21 gh60=0x468c5a6 W1=0x2c6c,0x1ec,0x328c W2=0x2b79,0x36a0,0x2abb
  witness[08] tail=26 r61=14 gh60=0xca084ea W1=0x3a1d,0x3a02,0x3d W2=0x392a,0xf34,0xa56
  witness[09] tail=26 r61=16 gh60=0xcce8ca6 W1=0x2633,0x9f1,0x2b62 W2=0x2540,0x3a1d,0x3e9a
  witness[10] tail=26 r61=20 gh60=0x5fb8f9e W1=0x2767,0x3e0f,0x2bcc W2=0x2674,0x35e1,0x1f29
  witness[11] tail=26 r61=20 gh60=0x4d0457a W1=0x2c5a,0xd79,0x33e4 W2=0x2b67,0x3e7a,0x2add
  witness[12] tail=26 r61=20 gh60=0x4afbcae W1=0x2eff,0x23d3,0x36b7 W2=0x2e0c,0x292a,0x14c7
  witness[13] tail=26 r61=20 gh60=0x760c5ea W1=0x328e,0xc82,0xd54 W2=0x319b,0x1825,0x26e5
  witness[14] tail=26 r61=21 gh60=0x4a784fa W1=0x3415,0x266e,0x1bcf W2=0x3322,0x1fb2,0x3585
  witness[15] tail=26 r61=21 gh60=0xc794cae W1=0x3740,0x2a91,0x14d8 W2=0x364d,0x26e1,0x2474

Scan-only r61 registry
  registry_count=16 registry_cap=16
  r61_witness[00] r61=13 tail=29 gh60=0x3b04566 W1=0x24cc,0x11c3,0xb23 W2=0x23d9,0x7f5,0x198d
  r61_witness[01] r61=13 tail=39 gh60=0x460bbe6 W1=0x318b,0x38e0,0x3364 W2=0x3098,0x32b0,0x1756
  r61_witness[02] r61=14 tail=26 gh60=0xca084ea W1=0x3a1d,0x3a02,0x3d W2=0x392a,0xf34,0xa56
  r61_witness[03] r61=14 tail=28 gh60=0x4968f9a W1=0x7a5,0x1fed,0x235 W2=0x6b2,0xd17,0x3823
  r61_witness[04] r61=14 tail=32 gh60=0x4a684e6 W1=0x1c13,0x125d,0x108b W2=0x1b20,0x3452,0x3a91
  r61_witness[05] r61=15 tail=28 gh60=0x46884aa W1=0x1401,0x105d,0x22b6 W2=0x130e,0x274d,0x105b
  r61_witness[06] r61=15 tail=30 gh60=0x4a85cba W1=0x20fa,0x1425,0x1ce3 W2=0x2007,0x34d9,0x97d
  r61_witness[07] r61=15 tail=31 gh60=0x470dd9a W1=0x1eca,0x2500,0xf8e W2=0x1dd7,0x17b1,0x3418
  r61_witness[08] r61=15 tail=33 gh60=0x4b24b6a W1=0x5d2,0x38ce,0x3d6d W2=0x4df,0x2b12,0x1d87
  r61_witness[09] r61=16 tail=23 gh60=0x5b245aa W1=0xac2,0x2eef,0x31c3 W2=0x9cf,0x3cac,0x3927
  r61_witness[10] r61=16 tail=25 gh60=0x56084ea W1=0x321,0x14d2,0x2fc6 W2=0x22e,0x1c7c,0x2a9c
  r61_witness[11] r61=16 tail=26 gh60=0xcce8ca6 W1=0x2633,0x9f1,0x2b62 W2=0x2540,0x3a1d,0x3e9a
  r61_witness[12] r61=16 tail=29 gh60=0x488ccba W1=0x73a,0x26b1,0x3b44 W2=0x647,0xa65,0xb3d
  r61_witness[13] r61=16 tail=30 gh60=0xd92cca6 W1=0x744,0x10bf,0x17b2 W2=0x651,0x3bfc,0x3a13
  r61_witness[14] r61=16 tail=30 gh60=0x44844a6 W1=0x1c2c,0x1f6b,0x1870 W2=0x1b39,0x2cc7,0x10d6
  r61_witness[15] r61=16 tail=30 gh60=0x58a87e6 W1=0x33a3,0x1882,0x2c5b W2=0x32b0,0x14ed,0xe22

D60=0 fiber histogram: 1:7961 2:4679 3:1813 4:1175 5:411 6:230 7:72 8:86 9:27 10:20 11:10 12:5 13:5 14:5 15:2 16:2 17:1 18:1
