free_word_mitm_reducedn
N=14 mask=0x3fff msb=0x2000
candidate: M0=0x3d36 mode=random-fallback fill=0x3fff kernel=dM0=dM9=0x2000
prefixes=32768/268435456 mode=permuted-prefix-sample w59_per_prefix=16384 total=536870912
run_mode=scan registry_cap=16
sample_start=84017152
scan_elapsed=18.948s rate=28.33 Mtriples/s

D60 interface
  D60=0 matches: 32748 (random expectation 32768.0, enrichment 0.999x)
  prefixes with D60=0: 16614
  max D60=0 fiber per prefix: 20 at W57=0x3031 W58=0x3e48
  largest D60 bucket: D=0xc2a count=33661
  min D60 HW: 0
  D60 HW histogram: 0:32748 1:458608 2:2981422 3:11918761 4:32804490 5:65622955 6:98422190 7:112485250 8:98401761 9:65593063 10:32779317 11:11912619 12:2969681 13:455520 14:32527

Tail closure among D60=0 matches
  final tail collisions: 0
  best r61 HW: 14
  best r61 W1[57..59]=0x3d3f,0xbe1,0x74
  best r61 W2[57..59]=0x3c4c,0x39f1,0x2dfa
  best tail HW: 22
  best tail r61 HW: 22
  best W1[57..59]=0x274e,0x3aec,0x34d1
  best W2[57..59]=0x265b,0x3b0c,0x249a

SUMMARY N=14 sample_start=84017152 prefixes=32768 total=536870912 d0=32748 best_tail=22 tail_r61=22 best_r61=14 tail_W1=0x274e,0x3aec,0x34d1 tail_W2=0x265b,0x3b0c,0x249a r61_W1=0x3d3f,0xbe1,0x74 r61_W2=0x3c4c,0x39f1,0x2dfa

Scan-only witness registry
  registry_count=16 registry_cap=16
  witness[00] tail=22 r61=22 gh60=0x4914f6a W1=0x274e,0x3aec,0x34d1 W2=0x265b,0x3b0c,0x249a
  witness[01] tail=23 r61=17 gh60=0xd9bc7a6 W1=0x23bc,0x4b5,0x6e9 W2=0x22c9,0x306b,0x3663
  witness[02] tail=23 r61=19 gh60=0xfae9cfa W1=0x2119,0xe04,0xa9c W2=0x2026,0x30bb,0x110
  witness[03] tail=23 r61=20 gh60=0xc92cca6 W1=0x3944,0x3441,0xdc9 W2=0x3851,0xefe,0x19d8
  witness[04] tail=24 r61=15 gh60=0xc9ffc9a W1=0xf2a,0x295f,0x1ade W2=0xe37,0x37a4,0x227c
  witness[05] tail=24 r61=17 gh60=0x4d0bd66 W1=0xedb,0xab9,0x2d8e W2=0xde8,0x1175,0x3ec3
  witness[06] tail=24 r61=20 gh60=0x4b3cb66 W1=0x55c,0x25cf,0x297b W2=0x469,0x2f9e,0x2218
  witness[07] tail=24 r61=23 gh60=0xba7dce6 W1=0xc,0xa74,0xf4b W2=0x3f19,0x509,0x49b
  witness[08] tail=24 r61=24 gh60=0x4f88daa W1=0x67d,0x379b,0x3fb3 W2=0x58a,0x76e,0x31e1
  witness[09] tail=24 r61=25 gh60=0x4e084ea W1=0x2a11,0x135b,0x2424 W2=0x291e,0x1661,0x2322
  witness[10] tail=25 r61=21 gh60=0x4a344fa W1=0x2516,0x162,0x3c91 W2=0x2423,0x286b,0x1f41
  witness[11] tail=25 r61=22 gh60=0xfb3449a W1=0xc46,0x3d68,0x1ef5 W2=0xb53,0x2400,0x2526
  witness[12] tail=25 r61=23 gh60=0x4ef85ea W1=0x3a9d,0x30f,0x1f1b W2=0x39aa,0x2019,0x40b
  witness[13] tail=25 r61=25 gh60=0xc67cc9a W1=0x3906,0x1c2f,0x3591 W2=0x3813,0x1006,0x1108
  witness[14] tail=25 r61=25 gh60=0x4b645aa W1=0x3cb2,0xd53,0x98e W2=0x3bbf,0x2c80,0xb0a
  witness[15] tail=25 r61=26 gh60=0x7f3c76a W1=0xbd2,0x7fd,0x2a19 W2=0xadf,0x3a60,0x809

Scan-only r61 registry
  registry_count=16 registry_cap=16
  r61_witness[00] r61=14 tail=26 gh60=0x48884ae W1=0x3d3f,0xbe1,0x74 W2=0x3c4c,0x39f1,0x2dfa
  r61_witness[01] r61=14 tail=33 gh60=0xcb08b6e W1=0x29cf,0x3036,0x17b2 W2=0x28dc,0x2a5d,0x3d39
  r61_witness[02] r61=15 tail=24 gh60=0xc9ffc9a W1=0xf2a,0x295f,0x1ade W2=0xe37,0x37a4,0x227c
  r61_witness[03] r61=15 tail=27 gh60=0xca08cea W1=0x1611,0x2b9a,0x3a98 W2=0x151e,0x5a5,0x34af
  r61_witness[04] r61=15 tail=30 gh60=0xc608bea W1=0x398d,0x33ec,0x3a29 W2=0x389a,0x32bb,0x5da
  r61_witness[05] r61=15 tail=34 gh60=0xf6884ae W1=0x2ff,0x196b,0x3db2 W2=0x20c,0x38fb,0x333a
  r61_witness[06] r61=15 tail=34 gh60=0xce245a6 W1=0xc84,0x1d50,0x1781 W2=0xb91,0x3526,0x1ee5
  r61_witness[07] r61=16 tail=27 gh60=0x4888baa W1=0x9bd,0x1a4,0x3f4f W2=0x8ca,0x2de7,0xdd6
  r61_witness[08] r61=16 tail=27 gh60=0x3a185e6 W1=0x349b,0x164c,0x32d5 W2=0x33a8,0x1ef5,0x1996
  r61_witness[09] r61=16 tail=28 gh60=0x5a0cde6 W1=0x269c,0x2d6f,0x76b W2=0x25a9,0x79e,0x14f9
  r61_witness[10] r61=16 tail=28 gh60=0x4a08bea W1=0x35a1,0x3f4c,0x88b W2=0x34ae,0x120b,0x1bbe
  r61_witness[11] r61=16 tail=29 gh60=0x4d884aa W1=0x3231,0x2a6,0x35a8 W2=0x313e,0x15a6,0x19c
  r61_witness[12] r61=16 tail=31 gh60=0x5a884aa W1=0xbfd,0x97e,0x961 W2=0xb0a,0x112a,0x2c4e
  r61_witness[13] r61=17 tail=23 gh60=0xd9bc7a6 W1=0x23bc,0x4b5,0x6e9 W2=0x22c9,0x306b,0x3663
  r61_witness[14] r61=17 tail=24 gh60=0x4d0bd66 W1=0xedb,0xab9,0x2d8e W2=0xde8,0x1175,0x3ec3
  r61_witness[15] r61=17 tail=26 gh60=0xd884cba W1=0x173a,0xbb6,0xfd7 W2=0x1647,0x3f6e,0x2179

D60=0 fiber histogram: 1:8014 2:4838 3:1799 4:1077 5:436 6:253 7:72 8:57 9:31 10:20 11:7 12:5 13:1 15:2 16:1 20:1
