free_word_mitm_reducedn
N=14 mask=0x3fff msb=0x2000
candidate: M0=0x3d36 mode=random-fallback fill=0x3fff kernel=dM0=dM9=0x2000
prefixes=32768/268435456 mode=permuted-prefix-sample w59_per_prefix=16384 total=536870912
run_mode=scan registry_cap=16
sample_start=160825344
scan_elapsed=18.092s rate=29.67 Mtriples/s

D60 interface
  D60=0 matches: 32693 (random expectation 32768.0, enrichment 0.998x)
  prefixes with D60=0: 16606
  max D60=0 fiber per prefix: 18 at W57=0x1c6d W58=0x136b
  largest D60 bucket: D=0xeeb count=33677
  min D60 HW: 0
  D60 HW histogram: 0:32693 1:456430 2:2975691 3:11919583 4:32782361 5:65602689 6:98404694 7:112482231 8:98404326 9:65597630 10:32800711 11:11932473 12:2986326 13:460209 14:32865

Tail closure among D60=0 matches
  final tail collisions: 0
  best r61 HW: 14
  best r61 W1[57..59]=0x1ef2,0x13c8,0x39e9
  best r61 W2[57..59]=0x1dff,0x1610,0x1b9e
  best tail HW: 21
  best tail r61 HW: 21
  best W1[57..59]=0x5ff,0x1c9d,0x1cde
  best W2[57..59]=0x50c,0xc6c,0x196a

SUMMARY N=14 sample_start=160825344 prefixes=32768 total=536870912 d0=32693 best_tail=21 tail_r61=21 best_r61=14 tail_W1=0x5ff,0x1c9d,0x1cde tail_W2=0x50c,0xc6c,0x196a r61_W1=0x1ef2,0x13c8,0x39e9 r61_W2=0x1dff,0x1610,0x1b9e

Scan-only witness registry
  registry_count=16 registry_cap=16
  witness[00] tail=21 r61=21 gh60=0x5b88cae W1=0x5ff,0x1c9d,0x1cde W2=0x50c,0xc6c,0x196a
  witness[01] tail=22 r61=18 gh60=0x450c566 W1=0x2c4c,0x22d3,0xe06 W2=0x2b59,0x131f,0x2a52
  witness[02] tail=22 r61=20 gh60=0xcaa4daa W1=0x1872,0x3a1,0x2056 W2=0x177f,0x1d7d,0x1423
  witness[03] tail=23 r61=14 gh60=0xca1bcea W1=0x3011,0x2105,0x2d73 W2=0x2f1e,0x1888,0x2aec
  witness[04] tail=23 r61=18 gh60=0xc96c4e6 W1=0x3524,0x122d,0x2fb7 W2=0x3431,0x2eb1,0xc4a
  witness[05] tail=23 r61=20 gh60=0xfa3bdea W1=0xe9d,0x2f4c,0x1010 W2=0xdaa,0x3293,0x100e
  witness[06] tail=23 r61=27 gh60=0xfb0db7a W1=0x1d5a,0x3733,0x3903 W2=0x1c67,0x2b67,0x2eda
  witness[07] tail=24 r61=16 gh60=0x4b25b6a W1=0x21d2,0x3897,0x595 W2=0x20df,0x1f9f,0x1ba1
  witness[08] tail=24 r61=18 gh60=0x5a7fba6 W1=0xd84,0x23fa,0x3118 W2=0xc91,0x1bf5,0x979
  witness[09] tail=24 r61=20 gh60=0xfa284fa W1=0xc19,0x20b9,0xe5e W2=0xb26,0x441,0x2481
  witness[10] tail=24 r61=20 gh60=0xd6ec49a W1=0x1346,0x112c,0x1699 W2=0x1253,0x976,0x2835
  witness[11] tail=24 r61=20 gh60=0x4a5cbbe W1=0x1578,0x23e5,0x1121 W2=0x1485,0x2b7d,0x295
  witness[12] tail=24 r61=20 gh60=0xbaa8566 W1=0x2a63,0xbda,0x2fae W2=0x2970,0x3f1f,0x38e3
  witness[13] tail=24 r61=22 gh60=0x5a0cdea W1=0x68e,0x3ebf,0x1fa W2=0x59b,0x19f,0x3064
  witness[14] tail=24 r61=22 gh60=0xcbdc49e W1=0x2208,0xe1a,0x1b80 W2=0x2115,0xb04,0x3b05
  witness[15] tail=24 r61=23 gh60=0xc99c4aa W1=0x34f2,0x3fe7,0x3996 W2=0x33ff,0x162c,0x2b81

Scan-only r61 registry
  registry_count=16 registry_cap=16
  r61_witness[00] r61=14 tail=23 gh60=0xca1bcea W1=0x3011,0x2105,0x2d73 W2=0x2f1e,0x1888,0x2aec
  r61_witness[01] r61=14 tail=34 gh60=0x49a5caa W1=0x1ef2,0x13c8,0x39e9 W2=0x1dff,0x1610,0x1b9e
  r61_witness[02] r61=14 tail=34 gh60=0x4634cee W1=0x2620,0x2a44,0x2d8a W2=0x252d,0xc10,0x196c
  r61_witness[03] r61=15 tail=34 gh60=0x4a0bde6 W1=0x308b,0x3d41,0x3463 W2=0x2f98,0x2501,0x242
  r61_witness[04] r61=16 tail=24 gh60=0x4b25b6a W1=0x21d2,0x3897,0x595 W2=0x20df,0x1f9f,0x1ba1
  r61_witness[05] r61=16 tail=29 gh60=0xc50dd7a W1=0x1e5a,0x3577,0xc5 W2=0x1d67,0x29db,0x3517
  r61_witness[06] r61=16 tail=30 gh60=0x4e0fcee W1=0x3010,0x3326,0x24b W2=0x2f1d,0x3a7a,0x903
  r61_witness[07] r61=16 tail=32 gh60=0x398c7a6 W1=0x33bc,0x2835,0x2bd4 W2=0x32c9,0x20eb,0x4be
  r61_witness[08] r61=16 tail=34 gh60=0x48ac49e W1=0x3b28,0x2284,0x8fe W2=0x3a35,0x22e,0x4ce
  r61_witness[09] r61=16 tail=37 gh60=0x4a085ee W1=0x2a8f,0x3364,0x2c1d W2=0x299c,0x16a2,0x32ce
  r61_witness[10] r61=17 tail=27 gh60=0xca08bea W1=0x298d,0xda1,0x2cc9 W2=0x289a,0x386c,0x17d1
  r61_witness[11] r61=17 tail=28 gh60=0xce05ce6 W1=0x10c,0xd33,0x10b8 W2=0x19,0x37d8,0xceb
  r61_witness[12] r61=17 tail=28 gh60=0x4489cae W1=0x1e2f,0x3bcc,0x27e9 W2=0x1d3c,0x29ab,0x21cd
  r61_witness[13] r61=17 tail=29 gh60=0xc498c9a W1=0x2625,0x2336,0x3764 W2=0x2532,0xc08,0x31ad
  r61_witness[14] r61=17 tail=29 gh60=0xba08cea W1=0x2921,0x2686,0x170 W2=0x282e,0x2631,0x3c52
  r61_witness[15] r61=17 tail=29 gh60=0x550856e W1=0x3acf,0x19d0,0xdf6 W2=0x39dc,0x79a,0x3111

D60=0 fiber histogram: 1:8011 2:4869 3:1802 4:1065 5:406 6:231 7:79 8:77 9:24 10:22 11:6 12:6 13:2 14:2 15:1 16:2 18:1
