free_word_mitm_reducedn
N=14 mask=0x3fff msb=0x2000
candidate: M0=0x3d36 mode=random-fallback fill=0x3fff kernel=dM0=dM9=0x2000
prefixes=32768/268435456 mode=permuted-prefix-sample w59_per_prefix=16384 total=536870912
run_mode=scan registry_cap=16
sample_start=60162048
scan_elapsed=18.393s rate=29.19 Mtriples/s

D60 interface
  D60=0 matches: 32593 (random expectation 32768.0, enrichment 0.995x)
  prefixes with D60=0: 16403
  max D60=0 fiber per prefix: 17 at W57=0x60a W58=0x75
  largest D60 bucket: D=0xf3c count=33887
  min D60 HW: 0
  D60 HW histogram: 0:32593 1:456759 2:2974292 3:11904403 4:32760345 5:65577825 6:98406063 7:112495019 8:98420253 9:65617355 10:32814704 11:11937906 12:2983420 13:457354 14:32621

Tail closure among D60=0 matches
  final tail collisions: 0
  best r61 HW: 12
  best r61 W1[57..59]=0x3c80,0x39d,0x18e9
  best r61 W2[57..59]=0x3b8d,0x3a46,0x1571
  best tail HW: 19
  best tail r61 HW: 21
  best W1[57..59]=0xa35,0x2dc,0x311a
  best W2[57..59]=0x942,0x2796,0x23fe

SUMMARY N=14 sample_start=60162048 prefixes=32768 total=536870912 d0=32593 best_tail=19 tail_r61=21 best_r61=12 tail_W1=0xa35,0x2dc,0x311a tail_W2=0x942,0x2796,0x23fe r61_W1=0x3c80,0x39d,0x18e9 r61_W2=0x3b8d,0x3a46,0x1571

Scan-only witness registry
  registry_count=16 registry_cap=16
  witness[00] tail=19 r61=21 gh60=0xb4f84ba W1=0xa35,0x2dc,0x311a W2=0x942,0x2796,0x23fe
  witness[01] tail=21 r61=20 gh60=0x5cf9caa W1=0x41,0x3e93,0x7 W2=0x3f4e,0x3e86,0x1a6d
  witness[02] tail=23 r61=16 gh60=0xdb1456a W1=0x144e,0x21d5,0x2d7d W2=0x135b,0x3560,0x1014
  witness[03] tail=24 r61=20 gh60=0x58e9fba W1=0x3fb9,0x3120,0x32b8 W2=0x3ec6,0x2d37,0x27e4
  witness[04] tail=24 r61=22 gh60=0x4f64ca6 W1=0x844,0x217e,0x11da W2=0x751,0x3b3b,0x374c
  witness[05] tail=25 r61=14 gh60=0xd4a5dea W1=0x20a2,0xbcb,0x1f0f W2=0x1faf,0x15bf,0x608
  witness[06] tail=25 r61=18 gh60=0xfa07ce6 W1=0x100c,0x3209,0x3593 W2=0xf19,0x1fa2,0x571
  witness[07] tail=25 r61=19 gh60=0x4b74fae W1=0x37b0,0x2b4f,0xeb8 W2=0x36bd,0x3097,0x26a2
  witness[08] tail=25 r61=20 gh60=0xca68bba W1=0x1979,0x2280,0x2145 W2=0x1886,0x2f07,0x251d
  witness[09] tail=25 r61=21 gh60=0xc7fccee W1=0x1610,0x64b,0x2536 W2=0x151d,0x3427,0x1e14
  witness[10] tail=25 r61=21 gh60=0x59844ba W1=0x253a,0x2eed,0x1f39 W2=0x2447,0x15a0,0x993
  witness[11] tail=25 r61=22 gh60=0x479bdaa W1=0xeb1,0xb68,0x78 W2=0xdbe,0x247,0x1704
  witness[12] tail=25 r61=23 gh60=0xbd3849a W1=0x245,0x243,0xc1b W2=0x152,0x26d4,0x36ce
  witness[13] tail=25 r61=26 gh60=0x5b9c4ae W1=0xb40,0x1cf8,0xd41 W2=0xa4d,0xe89,0xc06
  witness[14] tail=25 r61=27 gh60=0xcbafcbe W1=0xff8,0x21d8,0x11d5 W2=0xf05,0x12b4,0x1b13
  witness[15] tail=25 r61=28 gh60=0xf6ecb6a W1=0x25d2,0x953,0x1103 W2=0x24df,0x339f,0x38dc

Scan-only r61 registry
  registry_count=16 registry_cap=16
  r61_witness[00] r61=12 tail=32 gh60=0x4d945ae W1=0x3c80,0x39d,0x18e9 W2=0x3b8d,0x3a46,0x1571
  r61_witness[01] r61=14 tail=25 gh60=0xd4a5dea W1=0x20a2,0xbcb,0x1f0f W2=0x1faf,0x15bf,0x608
  r61_witness[02] r61=14 tail=29 gh60=0x4634dee W1=0x2690,0x2472,0x20f7 W2=0x259d,0xf32,0x16c1
  r61_witness[03] r61=15 tail=30 gh60=0x4885ca6 W1=0x212c,0x38e6,0x3e09 W2=0x2039,0x2501,0x32ef
  r61_witness[04] r61=15 tail=31 gh60=0x4498cae W1=0x362f,0x3449,0xa1a W2=0x353c,0x33a8,0x3cc2
  r61_witness[05] r61=15 tail=32 gh60=0x4928f66 W1=0x1753,0x197e,0x2367 W2=0x1660,0x8c4,0x3ef2
  r61_witness[06] r61=15 tail=33 gh60=0x4885ba6 W1=0x21bc,0x4fc,0x1619 W2=0x20c9,0xb33,0x6b3
  r61_witness[07] r61=15 tail=34 gh60=0x4a087ea W1=0x239d,0x213c,0x2a99 W2=0x22aa,0x10fa,0x306d
  r61_witness[08] r61=15 tail=36 gh60=0x45845a6 W1=0x246c,0x3f04,0x10ff W2=0x2379,0x35ba,0x1075
  r61_witness[09] r61=16 tail=23 gh60=0xdb1456a W1=0x144e,0x21d5,0x2d7d W2=0x135b,0x3560,0x1014
  r61_witness[10] r61=16 tail=27 gh60=0xcb0856e W1=0x32cf,0x1058,0x2902 W2=0x31dc,0x3fa2,0x6c
  r61_witness[11] r61=16 tail=29 gh60=0x789bfaa W1=0xfb1,0xd97,0x367c W2=0xebe,0x2b6,0x3dbc
  r61_witness[12] r61=16 tail=29 gh60=0x48887aa W1=0x3bad,0x1ead,0x1cea W2=0x3aba,0x2201,0x1308
  r61_witness[13] r61=16 tail=30 gh60=0xc608cea W1=0x170d,0x331c,0x3b35 W2=0x161a,0x913,0x24aa
  r61_witness[14] r61=16 tail=30 gh60=0x4564daa W1=0x36b2,0x8c9,0x2831 W2=0x35bf,0x2835,0x2cd7
  r61_witness[15] r61=16 tail=31 gh60=0xcc884aa W1=0x3441,0x2073,0x2fdb W2=0x334e,0x34e3,0x3c34

D60=0 fiber histogram: 1:7955 2:4700 3:1769 4:1090 5:412 6:236 7:72 8:84 9:31 10:23 11:8 12:9 13:2 14:2 15:1 16:8 17:1
