free_word_mitm_reducedn
N=14 mask=0x3fff msb=0x2000
candidate: M0=0x3d36 mode=random-fallback fill=0x3fff kernel=dM0=dM9=0x2000
prefixes=32768/268435456 mode=permuted-prefix-sample w59_per_prefix=16384 total=536870912
run_mode=scan registry_cap=16
sample_start=9830400
scan_elapsed=18.218s rate=29.47 Mtriples/s

D60 interface
  D60=0 matches: 32699 (random expectation 32768.0, enrichment 0.998x)
  prefixes with D60=0: 16479
  max D60=0 fiber per prefix: 28 at W57=0x677 W58=0x1d5a
  largest D60 bucket: D=0x2baa count=33701
  min D60 HW: 0
  D60 HW histogram: 0:32699 1:458597 2:2982561 3:11942646 4:32832615 5:65646324 6:98454499 7:112461468 8:98371028 9:65536225 10:32761483 11:11914112 12:2985223 13:458674 14:32758

Tail closure among D60=0 matches
  final tail collisions: 0
  best r61 HW: 12
  best r61 W1[57..59]=0x279f,0xda1,0x24bc
  best r61 W2[57..59]=0x26ac,0x164,0x3de0
  best tail HW: 18
  best tail r61 HW: 25
  best W1[57..59]=0x39e7,0x370f,0x2365
  best W2[57..59]=0x38f4,0x133c,0x244d

SUMMARY N=14 sample_start=9830400 prefixes=32768 total=536870912 d0=32699 best_tail=18 tail_r61=25 best_r61=12 tail_W1=0x39e7,0x370f,0x2365 tail_W2=0x38f4,0x133c,0x244d r61_W1=0x279f,0xda1,0x24bc r61_W2=0x26ac,0x164,0x3de0

Scan-only witness registry
  registry_count=16 registry_cap=16
  witness[00] tail=18 r61=25 gh60=0xfaa849e W1=0x39e7,0x370f,0x2365 W2=0x38f4,0x133c,0x244d
  witness[01] tail=21 r61=19 gh60=0xfa17cea W1=0xe0e,0x153f,0x215a W2=0xd1b,0x87b,0x336a
  witness[02] tail=23 r61=23 gh60=0x5789daa W1=0x71,0x3145,0x3dca W2=0x3f7e,0x2db0,0xf89
  witness[03] tail=24 r61=18 gh60=0x4a09dea W1=0x91,0xf18,0x15b0 W2=0x3f9e,0x977,0x2ef6
  witness[04] tail=24 r61=18 gh60=0x55984e6 W1=0x2a23,0x145e,0x817 W2=0x2930,0x3fe3,0x3aee
  witness[05] tail=24 r61=19 gh60=0xb978c9a W1=0x2949,0x16d3,0x508 W2=0x2856,0x37e1,0x26b6
  witness[06] tail=24 r61=20 gh60=0x4bbcca6 W1=0x173c,0x3404,0x3474 W2=0x1649,0x1091,0x326e
  witness[07] tail=24 r61=20 gh60=0x3d78ca6 W1=0x35fb,0x26f,0x803 W2=0x3508,0x237b,0x3ee
  witness[08] tail=24 r61=25 gh60=0x7d6c566 W1=0x4d4,0x2cc3,0x10b0 W2=0x3e1,0x3cff,0x370e
  witness[09] tail=25 r61=18 gh60=0xc9edb9a W1=0x1a6,0x172d,0xc6a W2=0xb3,0x168a,0x1b60
  witness[10] tail=25 r61=20 gh60=0x3ed44fe W1=0x1418,0x1052,0x294f W2=0x1325,0x1b6b,0x32e0
  witness[11] tail=25 r61=20 gh60=0x592cca6 W1=0x2944,0x25b7,0x10d2 W2=0x2851,0x2f74,0x1a73
  witness[12] tail=25 r61=24 gh60=0xb90cf6a W1=0x275e,0x185b,0x3b5f W2=0x266b,0x1767,0xc86
  witness[13] tail=25 r61=24 gh60=0x5ea44aa W1=0x3af2,0x1901,0x3980 W2=0x39ff,0x3346,0x549
  witness[14] tail=25 r61=25 gh60=0x5688baa W1=0x357d,0x26e1,0xfd2 W2=0x348a,0x2754,0x1c16
  witness[15] tail=25 r61=25 gh60=0x37ac7e6 W1=0x3ba4,0x267e,0x1737 W2=0x3ab1,0x1d68,0x2e1c

Scan-only r61 registry
  registry_count=16 registry_cap=16
  r61_witness[00] r61=12 tail=34 gh60=0x4608fee W1=0x279f,0xda1,0x24bc W2=0x26ac,0x164,0x3de0
  r61_witness[01] r61=15 tail=26 gh60=0x4708b6a W1=0x19d1,0x540,0x296 W2=0x18de,0xb43,0x26fb
  r61_witness[02] r61=15 tail=28 gh60=0x4888baa W1=0x35bd,0x2672,0x1c86 W2=0x34ca,0x2675,0x2f05
  r61_witness[03] r61=15 tail=30 gh60=0x4504d66 W1=0x265c,0x3298,0x7b3 W2=0x2569,0x42f,0x2cee
  r61_witness[04] r61=16 tail=26 gh60=0xd624cea W1=0x812,0x1338,0x2394 W2=0x71f,0x1834,0x158e
  r61_witness[05] r61=16 tail=27 gh60=0x488ccba W1=0x73a,0x3941,0x2087 W2=0x647,0x1cf5,0x3c92
  r61_witness[06] r61=16 tail=28 gh60=0xc9887aa W1=0x1b6d,0x2127,0x136f W2=0x1a7a,0x22eb,0x26ed
  r61_witness[07] r61=16 tail=30 gh60=0x4a684fa W1=0xd15,0x2f96,0x1abe W2=0xc22,0x130a,0x1017
  r61_witness[08] r61=16 tail=30 gh60=0x4709d6a W1=0x1e61,0x1dfd,0x342a W2=0x1d6e,0x21d8,0x427
  r61_witness[09] r61=16 tail=30 gh60=0x4a14dea W1=0x389e,0x3920,0x29eb W2=0x37ab,0x1f0,0x12d4
  r61_witness[10] r61=16 tail=31 gh60=0xc4984ba W1=0x2c35,0x944,0x2076 W2=0x2b42,0x2e7e,0x1628
  r61_witness[11] r61=16 tail=32 gh60=0x4a084ea W1=0x2521,0x25df,0x13f6 W2=0x242e,0x2a09,0x38bd
  r61_witness[12] r61=16 tail=32 gh60=0x4a287e6 W1=0x2b93,0x8bb,0x2e3 W2=0x2aa0,0x3214,0x18ff
  r61_witness[13] r61=16 tail=33 gh60=0x4684da6 W1=0x167c,0x3551,0x26e6 W2=0x1589,0x1e76,0x140e
  r61_witness[14] r61=16 tail=34 gh60=0x4628ca6 W1=0x1603,0xadf,0x235d W2=0x1510,0xb9b,0x806
  r61_witness[15] r61=16 tail=35 gh60=0xd488daa W1=0x8ad,0x3b26,0x2f08 W2=0x7ba,0x579,0x23e9

D60=0 fiber histogram: 1:7986 2:4702 3:1750 4:1180 5:407 6:229 7:89 8:66 9:26 10:14 11:11 12:4 13:4 14:4 15:2 16:2 18:1 20:1 28:1
