free_word_mitm_reducedn
N=14 mask=0x3fff msb=0x2000
candidate: M0=0x3d36 mode=random-fallback fill=0x3fff kernel=dM0=dM9=0x2000
prefixes=32768/268435456 mode=permuted-prefix-sample w59_per_prefix=16384 total=536870912
run_mode=scan registry_cap=16
sample_start=221708288
scan_elapsed=17.577s rate=30.54 Mtriples/s

D60 interface
  D60=0 matches: 32701 (random expectation 32768.0, enrichment 0.998x)
  prefixes with D60=0: 16542
  max D60=0 fiber per prefix: 39 at W57=0xb63 W58=0x2ce8
  largest D60 bucket: D=0x29ab count=33832
  min D60 HW: 0
  D60 HW histogram: 0:32701 1:457752 2:2969442 3:11898830 4:32746429 5:65586575 6:98417774 7:112481859 8:98444745 9:65644875 10:32805009 11:11916574 12:2978918 13:456424 14:33005

Tail closure among D60=0 matches
  final tail collisions: 0
  best r61 HW: 13
  best r61 W1[57..59]=0x335c,0x23cf,0x13d2
  best r61 W2[57..59]=0x3269,0x2481,0x196a
  best tail HW: 20
  best tail r61 HW: 15
  best W1[57..59]=0x2214,0x3c90,0x1468
  best W2[57..59]=0x2121,0x3974,0x3598

SUMMARY N=14 sample_start=221708288 prefixes=32768 total=536870912 d0=32701 best_tail=20 tail_r61=15 best_r61=13 tail_W1=0x2214,0x3c90,0x1468 tail_W2=0x2121,0x3974,0x3598 r61_W1=0x335c,0x23cf,0x13d2 r61_W2=0x3269,0x2481,0x196a

Scan-only witness registry
  registry_count=16 registry_cap=16
  witness[00] tail=20 r61=15 gh60=0xda644e6 W1=0x2214,0x3c90,0x1468 W2=0x2121,0x3974,0x3598
  witness[01] tail=22 r61=20 gh60=0x4a8dfba W1=0x1f7a,0x3a38,0xe1d W2=0x1e87,0x26c4,0x11a6
  witness[02] tail=23 r61=19 gh60=0x57747be W1=0x3b8,0x20e7,0x27a9 W2=0x2c5,0x19ae,0x1103
  witness[03] tail=23 r61=19 gh60=0xc5684ba W1=0x2c39,0x2540,0x1c49 W2=0x2b46,0xa3e,0x181f
  witness[04] tail=23 r61=21 gh60=0xc58c4aa W1=0x43e,0xac5,0x1b2b W2=0x34b,0x1076,0x2fc2
  witness[05] tail=23 r61=21 gh60=0xc60c5ea W1=0x3c8e,0x5d1,0x148c W2=0x3b9b,0x1174,0x1d3a
  witness[06] tail=23 r61=23 gh60=0x5ad449a W1=0x346,0xb25,0x2598 W2=0x253,0x337b,0x3338
  witness[07] tail=24 r61=19 gh60=0x46844ba W1=0x1bfa,0x309e,0x2711 W2=0x1b07,0x2611,0x1f1
  witness[08] tail=24 r61=23 gh60=0x5e887aa W1=0x2381,0x17a4,0x3b2f W2=0x228e,0x1b5c,0x34b3
  witness[09] tail=24 r61=28 gh60=0xf6dfb9a W1=0x2d66,0xc3,0x144e W2=0x2c73,0x2f6c,0x168
  witness[10] tail=25 r61=19 gh60=0xca245e6 W1=0x1294,0x18c2,0x3af3 W2=0x11a1,0x1a92,0x6c3
  witness[11] tail=25 r61=19 gh60=0xc49dcae W1=0x1e30,0x1255,0x23be W2=0x1d3d,0x3435,0x3bef
  witness[12] tail=25 r61=19 gh60=0x4bfc4ee W1=0x2520,0xcd4,0x133a W2=0x242d,0x3cef,0x2d98
  witness[13] tail=25 r61=19 gh60=0x4604bfa W1=0x299a,0x2de1,0x1b72 W2=0x28a7,0x1b65,0x214f
  witness[14] tail=25 r61=19 gh60=0xc907b66 W1=0x2ddc,0x1dad,0x39a W2=0x2ce9,0x16fa,0x3eb
  witness[15] tail=25 r61=21 gh60=0x47a8cba W1=0x3739,0x395a,0x3545 W2=0x3646,0x2d1d,0x19f6

Scan-only r61 registry
  registry_count=16 registry_cap=16
  r61_witness[00] r61=13 tail=34 gh60=0x3904766 W1=0x335c,0x23cf,0x13d2 W2=0x3269,0x2481,0x196a
  r61_witness[01] r61=15 tail=20 gh60=0xda644e6 W1=0x2214,0x3c90,0x1468 W2=0x2121,0x3974,0x3598
  r61_witness[02] r61=15 tail=28 gh60=0x4a1879a W1=0x1385,0x3fc7,0x3109 W2=0x1292,0x260,0xadc
  r61_witness[03] r61=15 tail=28 gh60=0x4689fae W1=0x1f7f,0x2f3f,0x9ab W2=0x1e8c,0x27f6,0x205c
  r61_witness[04] r61=15 tail=33 gh60=0x4d0c57a W1=0xc5a,0x32e8,0x30ae W2=0xb67,0x19f1,0x3edc
  r61_witness[05] r61=15 tail=33 gh60=0x490479a W1=0x1bca,0x1ec,0x1d3e W2=0x1ad7,0x3fc,0x2675
  r61_witness[06] r61=16 tail=29 gh60=0x491bb6a W1=0xd51,0xbe,0xe72 W2=0xc5e,0x2efd,0x3544
  r61_witness[07] r61=16 tail=29 gh60=0x5989ca6 W1=0x3f3b,0x2a7b,0x3506 W2=0x3e48,0x409,0xe9b
  r61_witness[08] r61=16 tail=30 gh60=0x4a244e6 W1=0x2a14,0xa1d,0x322b W2=0x2921,0x8ff,0x1fcb
  r61_witness[09] r61=16 tail=31 gh60=0x4885b9a W1=0x1aa,0x2f3e,0x1ba3 W2=0xb7,0x1e4f,0xceb
  r61_witness[10] r61=16 tail=32 gh60=0x488fbae W1=0x31b0,0x3709,0x387b W2=0x30bd,0x1c11,0x3d70
  r61_witness[11] r61=16 tail=33 gh60=0x588bcaa W1=0x2f2d,0x1e2b,0x3187 W2=0x2e3a,0x172e,0x2aa0
  r61_witness[12] r61=16 tail=37 gh60=0xcc8bca6 W1=0xe3b,0xb3d,0x32af W2=0xd48,0x11c3,0x359a
  r61_witness[13] r61=16 tail=37 gh60=0x498dcaa W1=0x213e,0x62d,0x1d15 W2=0x204b,0xa21,0x1dda
  r61_witness[14] r61=17 tail=27 gh60=0x5a085ea W1=0xa8d,0x329a,0x11b7 W2=0x99a,0x3bb4,0x1d40
  r61_witness[15] r61=17 tail=29 gh60=0x4a6bcbe W1=0xdf7,0x484,0x1018 W2=0xd04,0x75f,0xbeb

D60=0 fiber histogram: 1:8004 2:4739 3:1875 4:1064 5:411 6:214 7:83 8:77 9:28 10:22 11:11 12:5 13:5 14:2 17:1 39:1
