free_word_mitm_reducedn
N=14 mask=0x3fff msb=0x2000
candidate: M0=0x3d36 mode=random-fallback fill=0x3fff kernel=dM0=dM9=0x2000
prefixes=32768/268435456 mode=permuted-prefix-sample w59_per_prefix=16384 total=536870912
run_mode=scan registry_cap=16
sample_start=62324736
scan_elapsed=18.878s rate=28.44 Mtriples/s

D60 interface
  D60=0 matches: 32581 (random expectation 32768.0, enrichment 0.994x)
  prefixes with D60=0: 16504
  max D60=0 fiber per prefix: 26 at W57=0x2e55 W58=0x2249
  largest D60 bucket: D=0x115f count=33788
  min D60 HW: 0
  D60 HW histogram: 0:32581 1:454717 2:2965114 3:11883749 4:32736962 5:65594868 6:98443474 7:112551577 8:98473329 9:65605622 10:32771263 11:11897945 12:2968823 13:457944 14:32944

Tail closure among D60=0 matches
  final tail collisions: 0
  best r61 HW: 14
  best r61 W1[57..59]=0x2fb5,0x9b2,0x30c1
  best r61 W2[57..59]=0x2ec2,0x23c1,0x186a
  best tail HW: 22
  best tail r61 HW: 21
  best W1[57..59]=0x1824,0x1999,0x3dc7
  best W2[57..59]=0x1731,0x24c,0x2c15

SUMMARY N=14 sample_start=62324736 prefixes=32768 total=536870912 d0=32581 best_tail=22 tail_r61=21 best_r61=14 tail_W1=0x1824,0x1999,0x3dc7 tail_W2=0x1731,0x24c,0x2c15 r61_W1=0x2fb5,0x9b2,0x30c1 r61_W2=0x2ec2,0x23c1,0x186a

Scan-only witness registry
  registry_count=16 registry_cap=16
  witness[00] tail=22 r61=19 gh60=0x7d84da6 W1=0x286c,0x3ea9,0x3797 W2=0x2779,0x315e,0x2558
  witness[01] tail=22 r61=20 gh60=0xfd67d6a W1=0xe52,0xee1,0x176e W2=0xd5f,0xdd5,0x1f7f
  witness[02] tail=22 r61=21 gh60=0xbba4ce6 W1=0x1824,0x1999,0x3dc7 W2=0x1731,0x24c,0x2c15
  witness[03] tail=24 r61=21 gh60=0xca78dae W1=0x266f,0x1394,0x164 W2=0x257c,0x3c5b,0x17b5
  witness[04] tail=24 r61=24 gh60=0xc9ec4aa W1=0x3af2,0xbea,0x28e4 W2=0x39ff,0x262f,0x38b0
  witness[05] tail=24 r61=25 gh60=0xbe8cf9a W1=0x176a,0x3dcc,0x118f W2=0x1677,0x3d67,0xa51
  witness[06] tail=24 r61=25 gh60=0x4ee877a W1=0x1b59,0x3ff4,0x32df W2=0x1a66,0x14d0,0xdbf
  witness[07] tail=25 r61=17 gh60=0x5a28f9a W1=0x789,0xebb,0x3a41 W2=0x696,0xe8d,0x2bc4
  witness[08] tail=25 r61=18 gh60=0x562bcfe W1=0x3017,0xe95,0x304 W2=0x2f24,0x57c,0x3c5f
  witness[09] tail=25 r61=21 gh60=0x46385ea W1=0x1491,0x3198,0x25c9 W2=0x139e,0x1ba,0x1672
  witness[10] tail=25 r61=21 gh60=0x48a5baa W1=0x21b2,0x15c2,0x3464 W2=0x20bf,0x2ce,0x2dd3
  witness[11] tail=25 r61=21 gh60=0xda04be6 W1=0x398c,0x586,0xddb W2=0x3899,0x17d5,0x344c
  witness[12] tail=25 r61=21 gh60=0xdf09f66 W1=0x3f5b,0x2a4e,0x2802 W2=0x3e68,0x13fe,0x1902
  witness[13] tail=25 r61=22 gh60=0xfb08d6a W1=0x164d,0x2f3d,0x1696 W2=0x155a,0x10a4,0x13e5
  witness[14] tail=25 r61=23 gh60=0xfabc4aa W1=0x32ee,0x3735,0x16b W2=0x31fb,0xeb6,0x29e4
  witness[15] tail=25 r61=26 gh60=0xdd6dcaa W1=0x3e42,0x22e7,0x34f1 W2=0x3d4f,0x2cff,0x30f2

Scan-only r61 registry
  registry_count=16 registry_cap=16
  r61_witness[00] r61=14 tail=28 gh60=0x4d39d7a W1=0x3ed9,0xb83,0x3e3f W2=0x3de6,0x2fd2,0xcca
  r61_witness[01] r61=14 tail=34 gh60=0x489bfba W1=0x2fb5,0x9b2,0x30c1 W2=0x2ec2,0x23c1,0x186a
  r61_witness[02] r61=14 tail=34 gh60=0x548bcaa W1=0x3041,0x128b,0xd09 W2=0x2f4e,0x97e,0x2f38
  r61_witness[03] r61=15 tail=29 gh60=0x4904b7a W1=0x55a,0x59f,0x3215 W2=0x467,0x2fd7,0x3a2c
  r61_witness[04] r61=15 tail=30 gh60=0xc8944ae W1=0x330,0x3960,0x1601 W2=0x23d,0x2781,0x3259
  r61_witness[05] r61=15 tail=30 gh60=0xca5bc9a W1=0x10e9,0x3bdb,0xdfe W2=0xff6,0x8ab,0xdd0
  r61_witness[06] r61=15 tail=31 gh60=0xd909f6a W1=0x1f5d,0x13c3,0xad4 W2=0x1e6a,0x5ca,0x1fff
  r61_witness[07] r61=15 tail=33 gh60=0x4e08be6 W1=0x159b,0x19ea,0x5ec W2=0x14a8,0x3424,0x1643
  r61_witness[08] r61=15 tail=34 gh60=0x4884ba6 W1=0x5ac,0x39a3,0x1128 W2=0x4b9,0x168,0x3e48
  r61_witness[09] r61=16 tail=32 gh60=0xc604ce6 W1=0x70c,0x210c,0x642 W2=0x619,0x302f,0x1077
  r61_witness[10] r61=16 tail=33 gh60=0x4629ce6 W1=0x113,0x2c8d,0x2994 W2=0x20,0x6b1,0xc49
  r61_witness[11] r61=16 tail=36 gh60=0x4508d6e W1=0x26cf,0x2d0d,0x129a W2=0x25dc,0x1b64,0x24e8
  r61_witness[12] r61=16 tail=37 gh60=0x4a14dee W1=0x8a0,0x328e,0x3e48 W2=0x7ad,0x1642,0x15f5
  r61_witness[13] r61=16 tail=38 gh60=0x4957b7a W1=0x2d56,0x11e4,0x3256 W2=0x2c63,0x2e4,0x2bcf
  r61_witness[14] r61=17 tail=25 gh60=0x5a28f9a W1=0x789,0xebb,0x3a41 W2=0x696,0xe8d,0x2bc4
  r61_witness[15] r61=17 tail=26 gh60=0x38887aa W1=0x3bb1,0x18d3,0x27a6 W2=0x3abe,0x2c2b,0x1a53

D60=0 fiber histogram: 1:7900 2:4889 3:1779 4:1129 5:368 6:213 7:76 8:83 9:25 10:17 11:7 12:4 13:5 14:2 15:2 16:3 19:1 26:1
