free_word_mitm_reducedn
N=14 mask=0x3fff msb=0x2000
candidate: M0=0x3d36 mode=random-fallback fill=0x3fff kernel=dM0=dM9=0x2000
prefixes=32768/268435456 mode=permuted-prefix-sample w59_per_prefix=16384 total=536870912
run_mode=scan registry_cap=16
sample_start=121044992
scan_elapsed=18.136s rate=29.60 Mtriples/s

D60 interface
  D60=0 matches: 32307 (random expectation 32768.0, enrichment 0.986x)
  prefixes with D60=0: 16465
  max D60=0 fiber per prefix: 16 at W57=0x1ea8 W58=0x12fd
  largest D60 bucket: D=0x1ff3 count=33730
  min D60 HW: 0
  D60 HW histogram: 0:32307 1:456878 2:2974928 3:11923657 4:32815399 5:65659294 6:98460109 7:112478921 8:98363588 9:65554160 10:32758804 11:11918295 12:2983903 13:458269 14:32400

Tail closure among D60=0 matches
  final tail collisions: 0
  best r61 HW: 13
  best r61 W1[57..59]=0x2fdc,0x2235,0x274e
  best r61 W2[57..59]=0x2ee9,0x38e2,0x4f4
  best tail HW: 23
  best tail r61 HW: 19
  best W1[57..59]=0x3ffd,0x18ad,0xf3f
  best W2[57..59]=0x3f0a,0x1cd8,0x19e3

SUMMARY N=14 sample_start=121044992 prefixes=32768 total=536870912 d0=32307 best_tail=23 tail_r61=19 best_r61=13 tail_W1=0x3ffd,0x18ad,0xf3f tail_W2=0x3f0a,0x1cd8,0x19e3 r61_W1=0x2fdc,0x2235,0x274e r61_W2=0x2ee9,0x38e2,0x4f4

Scan-only witness registry
  registry_count=16 registry_cap=16
  witness[00] tail=23 r61=19 gh60=0xfa89caa W1=0x3ffd,0x18ad,0xf3f W2=0x3f0a,0x1cd8,0x19e3
  witness[01] tail=24 r61=13 gh60=0x7907f66 W1=0x2fdc,0x2235,0x274e W2=0x2ee9,0x38e2,0x4f4
  witness[02] tail=24 r61=17 gh60=0x449c4aa W1=0x3c2e,0x3458,0xea9 W2=0x3b3b,0xb99,0x2adc
  witness[03] tail=24 r61=23 gh60=0xda78ca6 W1=0x1703,0x2dcd,0x3c9f W2=0x1610,0x3a89,0x2756
  witness[04] tail=24 r61=29 gh60=0xba19ce6 W1=0x210b,0xa1d,0x3c22 W2=0x2018,0x4b1,0x16e8
  witness[05] tail=25 r61=14 gh60=0x548bda6 W1=0x30ab,0x3e8,0x1b2f W2=0x2fb8,0x2b1a,0x1587
  witness[06] tail=25 r61=15 gh60=0x36247a6 W1=0x3384,0x1407,0x1f40 W2=0x3291,0xcfb,0x117
  witness[07] tail=25 r61=20 gh60=0x7599caa W1=0x2d,0xb4b,0x2863 W2=0x3f3a,0xb06,0x2bbf
  witness[08] tail=25 r61=21 gh60=0x79d459a W1=0x486,0x1cbb,0x2050 W2=0x393,0x3b1d,0x327
  witness[09] tail=25 r61=21 gh60=0x56abda6 W1=0x1073,0x10b2,0x199f W2=0xf80,0xe08,0x529
  witness[10] tail=25 r61=23 gh60=0xca6dcbe W1=0x1ef8,0x1f82,0x13b W2=0x1e05,0x2a62,0x2b9a
  witness[11] tail=26 r61=16 gh60=0x3908b6a W1=0x35cd,0x103a,0x474 W2=0x34da,0x1231,0x35e0
  witness[12] tail=26 r61=16 gh60=0x4a5459e W1=0x3c88,0x2ed6,0x1c3a W2=0x3b95,0x5de,0x389
  witness[13] tail=26 r61=17 gh60=0x3e17cea W1=0x2e0e,0x37f3,0x17c3 W2=0x2d1b,0x3527,0x217d
  witness[14] tail=26 r61=18 gh60=0x4a85c9a W1=0xea,0x34a0,0x331b W2=0x3ff7,0x1561,0xaab
  witness[15] tail=26 r61=18 gh60=0x4ed8bba W1=0x979,0x244f,0x2f39 W2=0x886,0x1fda,0x184a

Scan-only r61 registry
  registry_count=16 registry_cap=16
  r61_witness[00] r61=13 tail=24 gh60=0x7907f66 W1=0x2fdc,0x2235,0x274e W2=0x2ee9,0x38e2,0x4f4
  r61_witness[01] r61=14 tail=25 gh60=0x548bda6 W1=0x30ab,0x3e8,0x1b2f W2=0x2fb8,0x2b1a,0x1587
  r61_witness[02] r61=14 tail=30 gh60=0xc988ba6 W1=0x357b,0x2021,0x1994 W2=0x3488,0x3855,0x2c9e
  r61_witness[03] r61=14 tail=34 gh60=0x490479a W1=0x1bca,0x9ec,0x25d7 W2=0x1ad7,0xbfc,0x2f8e
  r61_witness[04] r61=15 tail=25 gh60=0x36247a6 W1=0x3384,0x1407,0x1f40 W2=0x3291,0xcfb,0x117
  r61_witness[05] r61=15 tail=34 gh60=0x5e0bbe6 W1=0x2d9b,0x3067,0x1492 W2=0x2ca8,0x2e27,0x3e95
  r61_witness[06] r61=15 tail=38 gh60=0x48847a6 W1=0x33ac,0x2a,0x3c4b W2=0x32b9,0x39f0,0x7db
  r61_witness[07] r61=16 tail=26 gh60=0x3908b6a W1=0x35cd,0x103a,0x474 W2=0x34da,0x1231,0x35e0
  r61_witness[08] r61=16 tail=26 gh60=0x4a5459e W1=0x3c88,0x2ed6,0x1c3a W2=0x3b95,0x5de,0x389
  r61_witness[09] r61=16 tail=28 gh60=0x55844a6 W1=0x322c,0x3aee,0x2332 W2=0x3139,0x264c,0x1744
  r61_witness[10] r61=16 tail=29 gh60=0xc8abf9e W1=0xfa7,0x3c87,0x3050 W2=0xeb4,0x20ef,0x524
  r61_witness[11] r61=16 tail=29 gh60=0xd70876e W1=0x33cf,0x2f70,0x3efa W2=0x32dc,0x34aa,0x217c
  r61_witness[12] r61=16 tail=31 gh60=0x463bcea W1=0x310d,0x8cb,0xe2e W2=0x301a,0x3a,0x70
  r61_witness[13] r61=16 tail=32 gh60=0x458459a W1=0x346a,0x1f34,0x3b29 W2=0x3377,0x1d58,0xf87
  r61_witness[14] r61=16 tail=35 gh60=0xc6085ea W1=0xc9d,0xfd7,0x6d5 W2=0xbaa,0x1b65,0x1749
  r61_witness[15] r61=16 tail=35 gh60=0x5a08dea W1=0x2691,0x3afb,0x28fc W2=0x259e,0x39da,0xc86

D60=0 fiber histogram: 1:8049 2:4780 3:1713 4:1068 5:390 6:242 7:84 8:73 9:24 10:16 11:7 12:5 13:3 14:7 15:1 16:3
