free_word_mitm_reducedn
N=14 mask=0x3fff msb=0x2000
candidate: M0=0x3d36 mode=random-fallback fill=0x3fff kernel=dM0=dM9=0x2000
prefixes=32768/268435456 mode=permuted-prefix-sample w59_per_prefix=16384 total=536870912
run_mode=scan registry_cap=16
sample_start=95879168
scan_elapsed=18.586s rate=28.89 Mtriples/s

D60 interface
  D60=0 matches: 32722 (random expectation 32768.0, enrichment 0.999x)
  prefixes with D60=0: 16633
  max D60=0 fiber per prefix: 24 at W57=0xdd2 W58=0x3baa
  largest D60 bucket: D=0xd7a count=33796
  min D60 HW: 0
  D60 HW histogram: 0:32722 1:456763 2:2979531 3:11923774 4:32814553 5:65630131 6:98428893 7:112475269 8:98395054 9:65574142 10:32774253 11:11911343 12:2981367 13:460016 14:33101

Tail closure among D60=0 matches
  final tail collisions: 0
  best r61 HW: 14
  best r61 W1[57..59]=0x29d1,0x3f2e,0x3c25
  best r61 W2[57..59]=0x28de,0x3935,0x2092
  best tail HW: 18
  best tail r61 HW: 18
  best W1[57..59]=0x162d,0x357f,0x3b8d
  best W2[57..59]=0x153a,0xcba,0x3c5f

SUMMARY N=14 sample_start=95879168 prefixes=32768 total=536870912 d0=32722 best_tail=18 tail_r61=18 best_r61=14 tail_W1=0x162d,0x357f,0x3b8d tail_W2=0x153a,0xcba,0x3c5f r61_W1=0x29d1,0x3f2e,0x3c25 r61_W2=0x28de,0x3935,0x2092

Scan-only witness registry
  registry_count=16 registry_cap=16
  witness[00] tail=18 r61=18 gh60=0xc498caa W1=0x162d,0x357f,0x3b8d W2=0x153a,0xcba,0x3c5f
  witness[01] tail=22 r61=16 gh60=0x596fb9a W1=0x2da6,0xe3f,0x1043 W2=0x2cb3,0x3858,0x1dfa
  witness[02] tail=23 r61=17 gh60=0x7a2879a W1=0x1385,0x5dc,0x13ac W2=0x1292,0x875,0x218c
  witness[03] tail=23 r61=17 gh60=0xca1dca6 W1=0x1f04,0x2f24,0x1ac9 W2=0x1e11,0x19df,0x311
  witness[04] tail=23 r61=19 gh60=0x4a2ccea W1=0x1612,0xcb3,0x35a4 W2=0x151f,0x22b3,0x2ae5
  witness[05] tail=23 r61=21 gh60=0x3aa849a W1=0x2ce5,0x19d7,0x13b2 W2=0x2bf2,0x64,0x1b50
  witness[06] tail=24 r61=19 gh60=0xcb844a6 W1=0x32fc,0xc80,0x3988 W2=0x3209,0x2b4e,0x259a
  witness[07] tail=24 r61=19 gh60=0x46d45fe W1=0x3498,0x2c52,0x3ebc W2=0x33a5,0x193,0x3256
  witness[08] tail=24 r61=21 gh60=0xdb88caa W1=0x36ed,0x3627,0x1998 W2=0x35fa,0xa22,0x1aca
  witness[09] tail=24 r61=24 gh60=0xcf0cd6e W1=0x38e0,0x3b19,0xfd3 W2=0x37ed,0x2b39,0x2649
  witness[10] tail=25 r61=14 gh60=0xd908b6a W1=0x29d1,0x3f2e,0x3c25 W2=0x28de,0x3935,0x2092
  witness[11] tail=25 r61=19 gh60=0xdc88daa W1=0x8ad,0x19fa,0x17b1 W2=0x7ba,0x244d,0x39d2
  witness[12] tail=25 r61=21 gh60=0xce84d9a W1=0x166a,0x239d,0x2778 W2=0x1577,0x24f8,0x30e2
  witness[13] tail=25 r61=21 gh60=0xc9acbba W1=0x29b6,0x1277,0xa58 W2=0x28c3,0xdbf,0x868
  witness[14] tail=25 r61=23 gh60=0xd61c4ee W1=0x320,0x146c,0x1a3e W2=0x22d,0x807,0x1be0
  witness[15] tail=25 r61=26 gh60=0x4fe44ea W1=0x1222,0x10eb,0x3775 W2=0x112f,0x20f6,0x2dfc

Scan-only r61 registry
  registry_count=16 registry_cap=16
  r61_witness[00] r61=14 tail=25 gh60=0xd908b6a W1=0x29d1,0x3f2e,0x3c25 W2=0x28de,0x3935,0x2092
  r61_witness[01] r61=15 tail=32 gh60=0x54885a6 W1=0x22ab,0x2b41,0x37af W2=0x21b8,0x3f76,0x29e6
  r61_witness[02] r61=15 tail=41 gh60=0x4989baa W1=0x1bd,0x1f7b,0x2ca W2=0xca,0x9c2,0x1d2b
  r61_witness[03] r61=16 tail=22 gh60=0x596fb9a W1=0x2da6,0xe3f,0x1043 W2=0x2cb3,0x3858,0x1dfa
  r61_witness[04] r61=16 tail=27 gh60=0x5a99dae W1=0x207f,0x3f59,0x1f3e W2=0x1f8c,0x2390,0x2fc3
  r61_witness[05] r61=16 tail=28 gh60=0x49a9cba W1=0x1f39,0x12dd,0x2bd0 W2=0x1e46,0x351c,0x3565
  r61_witness[06] r61=16 tail=30 gh60=0x548bda6 W1=0x30ab,0x5e8,0x2615 W2=0x2fb8,0x2d1a,0x4d
  r61_witness[07] r61=16 tail=30 gh60=0x450856a W1=0x3451,0x1811,0x224d W2=0x335e,0x21a3,0xdae
  r61_witness[08] r61=16 tail=31 gh60=0x5a1c49a W1=0x30a,0x1cbc,0x445 W2=0x217,0x5c2,0x5b3
  r61_witness[09] r61=16 tail=31 gh60=0x4614bea W1=0x98e,0x3020,0x217c W2=0x89b,0x2ef0,0x2165
  r61_witness[10] r61=16 tail=31 gh60=0x4d2bc9a W1=0xe45,0x3f4b,0x39cc W2=0xd52,0x15d7,0x201c
  r61_witness[11] r61=16 tail=31 gh60=0xda04b9a W1=0x198a,0xbe8,0x15f3 W2=0x1897,0x6cb,0x1c6e
  r61_witness[12] r61=16 tail=34 gh60=0xc6084ea W1=0x2411,0x31a5,0x7e6 W2=0x231e,0x34ab,0x318d
  r61_witness[13] r61=16 tail=38 gh60=0x460c5ea W1=0xc9e,0x3a1,0x3b9a W2=0xbab,0x334,0xeb8
  r61_witness[14] r61=16 tail=39 gh60=0x4a04cfa W1=0x291a,0x38bf,0x189f W2=0x2827,0x1cfb,0x24ba
  r61_witness[15] r61=17 tail=23 gh60=0x7a2879a W1=0x1385,0x5dc,0x13ac W2=0x1292,0x875,0x218c

D60=0 fiber histogram: 1:8060 2:4840 3:1810 4:1043 5:437 6:220 7:91 8:68 9:20 10:22 11:5 12:5 13:5 14:2 15:2 16:2 24:1
