free_word_mitm_reducedn
N=14 mask=0x3fff msb=0x2000
candidate: M0=0x3d36 mode=random-fallback fill=0x3fff kernel=dM0=dM9=0x2000
prefixes=32768/268435456 mode=permuted-prefix-sample w59_per_prefix=16384 total=536870912
run_mode=scan registry_cap=16
sample_start=110723072
scan_elapsed=19.001s rate=28.26 Mtriples/s

D60 interface
  D60=0 matches: 32759 (random expectation 32768.0, enrichment 1.000x)
  prefixes with D60=0: 16553
  max D60=0 fiber per prefix: 18 at W57=0x31e7 W58=0x2aa8
  largest D60 bucket: D=0xa78 count=33798
  min D60 HW: 0
  D60 HW histogram: 0:32759 1:458522 2:2986456 3:11941989 4:32850509 5:65657663 6:98444116 7:112463187 8:98372969 9:65532756 10:32754903 11:11908223 12:2977224 13:457144 14:32492

Tail closure among D60=0 matches
  final tail collisions: 0
  best r61 HW: 14
  best r61 W1[57..59]=0x375e,0x3886,0x23ec
  best r61 W2[57..59]=0x366b,0x49e,0x299f
  best tail HW: 24
  best tail r61 HW: 19
  best W1[57..59]=0x199,0x1cd2,0x3779
  best W2[57..59]=0xa6,0x1961,0x2054

SUMMARY N=14 sample_start=110723072 prefixes=32768 total=536870912 d0=32759 best_tail=24 tail_r61=19 best_r61=14 tail_W1=0x199,0x1cd2,0x3779 tail_W2=0xa6,0x1961,0x2054 r61_W1=0x375e,0x3886,0x23ec r61_W2=0x366b,0x49e,0x299f

Scan-only witness registry
  registry_count=16 registry_cap=16
  witness[00] tail=24 r61=14 gh60=0x5f05c9a W1=0x214a,0x384b,0x2050 W2=0x2057,0x1ccc,0x30f3
  witness[01] tail=24 r61=19 gh60=0xba39bfa W1=0x199,0x1cd2,0x3779 W2=0xa6,0x1961,0x2054
  witness[02] tail=24 r61=19 gh60=0xc688ca6 W1=0x35fb,0x395,0x2d00 W2=0x3508,0x24a1,0x25e4
  witness[03] tail=24 r61=20 gh60=0xc6f9dfa W1=0x1e95,0xd27,0x31d1 W2=0x1da2,0x3e02,0x2b5
  witness[04] tail=24 r61=23 gh60=0xb759d7e W1=0x2057,0x3588,0x19d7 W2=0x1f64,0x33d7,0x3341
  witness[05] tail=24 r61=23 gh60=0xcd74d9a W1=0x38a6,0x4ab,0x36f7 W2=0x37b3,0x2da6,0x2b95
  witness[06] tail=24 r61=24 gh60=0x4d8ccae W1=0x2630,0xc34,0x2cc6 W2=0x253d,0x2c94,0x34f7
  witness[07] tail=25 r61=16 gh60=0xca69de6 W1=0x93,0x33d2,0x6be W2=0x3fa0,0x61e,0x2822
  witness[08] tail=25 r61=16 gh60=0xca6bdfe W1=0xe97,0x15a1,0x2b8a W2=0xda4,0x860,0x1edf
  witness[09] tail=25 r61=19 gh60=0x4a145ee W1=0x490,0x2b1b,0xc7d W2=0x39d,0x145a,0x834
  witness[10] tail=25 r61=21 gh60=0xd65dd9e W1=0x88,0x17fa,0x267a W2=0x3f95,0x16ff,0x2eba
  witness[11] tail=25 r61=21 gh60=0x4b2849a W1=0x245,0xb54,0x384a W2=0x152,0x2fe5,0x2aed
  witness[12] tail=25 r61=21 gh60=0xfd05d9a W1=0x3eca,0x32d5,0x12ba W2=0x3dd7,0x237e,0x12a8
  witness[13] tail=25 r61=22 gh60=0x55944ae W1=0x3a40,0xe9,0x139f W2=0x394d,0x2d7a,0x3053
  witness[14] tail=25 r61=22 gh60=0xf6184ea W1=0x3b1d,0xfe7,0x25a4 W2=0x3a2a,0x28c9,0x2893
  witness[15] tail=25 r61=23 gh60=0x4bf5d6e W1=0x3ed0,0x1d91,0x6f7 W2=0x3ddd,0x15d,0x13ba

Scan-only r61 registry
  registry_count=16 registry_cap=16
  r61_witness[00] r61=14 tail=24 gh60=0x5f05c9a W1=0x214a,0x384b,0x2050 W2=0x2057,0x1ccc,0x30f3
  r61_witness[01] r61=14 tail=28 gh60=0x4b14f6a W1=0x375e,0x3886,0x23ec W2=0x366b,0x49e,0x299f
  r61_witness[02] r61=15 tail=30 gh60=0xda04ce6 W1=0x71c,0x3852,0x3cd0 W2=0x629,0x669,0x39b1
  r61_witness[03] r61=15 tail=34 gh60=0x4a885a6 W1=0xa6b,0x2170,0x11b4 W2=0x978,0x3633,0x1155
  r61_witness[04] r61=15 tail=36 gh60=0x5a084ea W1=0x1a1d,0xfae,0x3616 W2=0x192a,0x26e0,0xe37
  r61_witness[05] r61=15 tail=36 gh60=0x448c5ae W1=0x24b0,0xae3,0x3a7d W2=0x23bd,0x31ac,0x1266
  r61_witness[06] r61=16 tail=25 gh60=0xca69de6 W1=0x93,0x33d2,0x6be W2=0x3fa0,0x61e,0x2822
  r61_witness[07] r61=16 tail=25 gh60=0xca6bdfe W1=0xe97,0x15a1,0x2b8a W2=0xda4,0x860,0x1edf
  r61_witness[08] r61=16 tail=27 gh60=0x45a849e W1=0x3427,0x2e97,0x2d45 W2=0x3334,0xc42,0x84b
  r61_witness[09] r61=16 tail=29 gh60=0xd48c59a W1=0x3aaa,0xc46,0x21a6 W2=0x39b7,0x7f4,0x287b
  r61_witness[10] r61=16 tail=31 gh60=0x46245ea W1=0xc92,0x1c3c,0x3c8b W2=0xb9f,0x2adf,0xba5
  r61_witness[11] r61=16 tail=31 gh60=0x4e88bae W1=0x357f,0xb9b,0x11fa W2=0x348c,0x1412,0x2c3e
  r61_witness[12] r61=16 tail=33 gh60=0x489879a W1=0xba5,0x3c5f,0x274f W2=0xab2,0x2e48,0x195f
  r61_witness[13] r61=16 tail=34 gh60=0x488c4ba W1=0x1d3a,0x229b,0x312f W2=0x1c47,0x17d2,0x1440
  r61_witness[14] r61=16 tail=41 gh60=0x4e084ee W1=0xd1f,0x1aca,0x3f4b W2=0xc2c,0x3654,0xff4
  r61_witness[15] r61=17 tail=26 gh60=0x49884a6 W1=0x233b,0x1d94,0x3e98 W2=0x2248,0x3ee1,0xa6a

D60=0 fiber histogram: 1:7985 2:4802 3:1771 4:1102 5:436 6:235 7:77 8:80 9:27 10:15 11:10 12:5 13:2 14:3 15:1 16:1 18:1
