free_word_mitm_reducedn
N=14 mask=0x3fff msb=0x2000
candidate: M0=0x3d36 mode=random-fallback fill=0x3fff kernel=dM0=dM9=0x2000
prefixes=32768/268435456 mode=permuted-prefix-sample w59_per_prefix=16384 total=536870912
run_mode=scan registry_cap=16
sample_start=169443328
scan_elapsed=18.833s rate=28.51 Mtriples/s

D60 interface
  D60=0 matches: 32942 (random expectation 32768.0, enrichment 1.005x)
  prefixes with D60=0: 16693
  max D60=0 fiber per prefix: 21 at W57=0x2086 W58=0x1870
  largest D60 bucket: D=0x2c80 count=33778
  min D60 HW: 0
  D60 HW histogram: 0:32942 1:459252 2:2981274 3:11937832 4:32830988 5:65681848 6:98458598 7:112463751 8:98347331 9:65538460 10:32757463 11:11909881 12:2980796 13:458009 14:32487

Tail closure among D60=0 matches
  final tail collisions: 0
  best r61 HW: 15
  best r61 W1[57..59]=0x2b61,0x1d9b,0x56e
  best r61 W2[57..59]=0x2a6e,0x26e5,0x29f2
  best tail HW: 22
  best tail r61 HW: 18
  best W1[57..59]=0x21e6,0x3fd9,0x3be5
  best W2[57..59]=0x20f3,0x24ad,0x32c9

SUMMARY N=14 sample_start=169443328 prefixes=32768 total=536870912 d0=32942 best_tail=22 tail_r61=18 best_r61=15 tail_W1=0x21e6,0x3fd9,0x3be5 tail_W2=0x20f3,0x24ad,0x32c9 r61_W1=0x2b61,0x1d9b,0x56e r61_W2=0x2a6e,0x26e5,0x29f2

Scan-only witness registry
  registry_count=16 registry_cap=16
  witness[00] tail=22 r61=18 gh60=0x4dfc49a W1=0x21e6,0x3fd9,0x3be5 W2=0x20f3,0x24ad,0x32c9
  witness[01] tail=22 r61=18 gh60=0x57984ae W1=0x32ef,0x1951,0x1092 W2=0x31fc,0x8f1,0x346f
  witness[02] tail=22 r61=20 gh60=0xcdb449a W1=0x1be6,0x32bf,0xdb3 W2=0x1af3,0x2995,0x3e6a
  witness[03] tail=24 r61=17 gh60=0x561849a W1=0x2205,0x2fcd,0x2388 W2=0x2112,0x14d2,0x3ce7
  witness[04] tail=24 r61=18 gh60=0xc6f8f9e W1=0x17c7,0x3dfa,0x2aab W2=0x16d4,0x3a4,0x1cc
  witness[05] tail=24 r61=22 gh60=0xc697caa W1=0xeee,0x1cd6,0x2d02 W2=0xdfb,0x1052,0x248
  witness[06] tail=24 r61=23 gh60=0x4bd4bbe W1=0x9b8,0x3c68,0xc47 W2=0x8c5,0x2f70,0xc79
  witness[07] tail=24 r61=25 gh60=0xcbf8bba W1=0x1975,0xe54,0x3766 W2=0x1882,0xb17,0x1415
  witness[08] tail=24 r61=25 gh60=0xd7abdba W1=0x3079,0x3bf4,0x2743 W2=0x2f86,0x3ed7,0x2657
  witness[09] tail=25 r61=17 gh60=0x3a084ea W1=0x2d1d,0x1b40,0x2239 W2=0x2c2a,0x20a6,0x3865
  witness[10] tail=25 r61=20 gh60=0xd8a4ba6 W1=0x15b4,0x174a,0x1d9e W2=0x14c1,0x2f1f,0x2b17
  witness[11] tail=25 r61=20 gh60=0x3eb8daa W1=0x1671,0x9f,0x2693 W2=0x157e,0x1086,0x27b5
  witness[12] tail=25 r61=20 gh60=0x4a8c4aa W1=0x21fe,0x1347,0xc66 W2=0x210b,0x18f8,0x85f
  witness[13] tail=25 r61=21 gh60=0x7e0fce6 W1=0xf0c,0x1b00,0x3ab8 W2=0xe19,0x1a29,0x243f
  witness[14] tail=25 r61=21 gh60=0x463ccaa W1=0x2602,0x1f40,0x3d83 W2=0x250f,0x2754,0x3108
  witness[15] tail=25 r61=22 gh60=0xce3c4e6 W1=0x140c,0x29d6,0x373c W2=0x1319,0x35ac,0x1fb7

Scan-only r61 registry
  registry_count=16 registry_cap=16
  r61_witness[00] r61=15 tail=31 gh60=0x460bdea W1=0x2e91,0xeef,0xd25 W2=0x2d9e,0x3c52,0x99c
  r61_witness[01] r61=15 tail=32 gh60=0xc509d6e W1=0x3e4f,0xeba,0x21a W2=0x3d5c,0x3a6d,0x2dd0
  r61_witness[02] r61=15 tail=38 gh60=0x4b0876a W1=0x2b61,0x1d9b,0x56e W2=0x2a6e,0x26e5,0x29f2
  r61_witness[03] r61=16 tail=28 gh60=0x491476a W1=0x3de,0x37dd,0x2a8d W2=0x2eb,0x3d28,0x3cd4
  r61_witness[04] r61=16 tail=28 gh60=0x3b184a6 W1=0x3443,0x3318,0x35c3 W2=0x3350,0xf93,0x2f2a
  r61_witness[05] r61=16 tail=31 gh60=0x470856a W1=0x461,0x1048,0x3287 W2=0x36e,0xdca,0x2243
  r61_witness[06] r61=16 tail=31 gh60=0x45944aa W1=0x2bfe,0x291d,0x3fc4 W2=0x2b0b,0x2ece,0x2d20
  r61_witness[07] r61=16 tail=32 gh60=0xc889caa W1=0x12d,0x13e1,0x570 W2=0x3a,0x13dc,0x1305
  r61_witness[08] r61=16 tail=32 gh60=0x5b08d6a W1=0x851,0x825,0x2b5 W2=0x75e,0x7c,0x5c1
  r61_witness[09] r61=16 tail=32 gh60=0x4a1c5a6 W1=0x1a84,0x2bad,0x377d W2=0x1991,0x2e83,0x2dd5
  r61_witness[10] r61=16 tail=32 gh60=0x44b7dae W1=0x2ec0,0xfc2,0x108d W2=0x2dcd,0x2876,0x2690
  r61_witness[11] r61=16 tail=32 gh60=0x4a6fca6 W1=0x2f04,0x1290,0x2dad W2=0x2e11,0x2c53,0x2adc
  r61_witness[12] r61=16 tail=32 gh60=0x4918f6a W1=0x3761,0x37cf,0x36f4 W2=0x366e,0x3fe6,0x1c2e
  r61_witness[13] r61=17 tail=24 gh60=0x561849a W1=0x2205,0x2fcd,0x2388 W2=0x2112,0x14d2,0x3ce7
  r61_witness[14] r61=17 tail=25 gh60=0x3a084ea W1=0x2d1d,0x1b40,0x2239 W2=0x2c2a,0x20a6,0x3865
  r61_witness[15] r61=17 tail=27 gh60=0x5a385ee W1=0x48f,0x1b66,0x2d50 W2=0x39c,0xa4,0x6ff

D60=0 fiber histogram: 1:8088 2:4800 3:1763 4:1176 5:428 6:234 7:76 8:67 9:27 10:14 11:5 12:7 14:3 15:1 16:2 17:1 21:1
