free_word_mitm_reducedn
N=14 mask=0x3fff msb=0x2000
candidate: M0=0x3d36 mode=random-fallback fill=0x3fff kernel=dM0=dM9=0x2000
prefixes=32768/268435456 mode=permuted-prefix-sample w59_per_prefix=16384 total=536870912
run_mode=scan registry_cap=16
sample_start=70025216
scan_elapsed=19.818s rate=27.09 Mtriples/s

D60 interface
  D60=0 matches: 32869 (random expectation 32768.0, enrichment 1.003x)
  prefixes with D60=0: 16546
  max D60=0 fiber per prefix: 19 at W57=0x2139 W58=0x1b4
  largest D60 bucket: D=0x2925 count=33892
  min D60 HW: 0
  D60 HW histogram: 0:32869 1:459045 2:2985389 3:11943123 4:32833997 5:65642681 6:98443743 7:112478894 8:98394459 9:65550679 10:32748931 11:11893318 12:2974597 13:456688 14:32499

Tail closure among D60=0 matches
  final tail collisions: 0
  best r61 HW: 14
  best r61 W1[57..59]=0x2f2c,0x20da,0x88
  best r61 W2[57..59]=0x2e39,0x157d,0x1296
  best tail HW: 22
  best tail r61 HW: 14
  best W1[57..59]=0x2f2c,0x20da,0x88
  best W2[57..59]=0x2e39,0x157d,0x1296

SUMMARY N=14 sample_start=70025216 prefixes=32768 total=536870912 d0=32869 best_tail=22 tail_r61=14 best_r61=14 tail_W1=0x2f2c,0x20da,0x88 tail_W2=0x2e39,0x157d,0x1296 r61_W1=0x2f2c,0x20da,0x88 r61_W2=0x2e39,0x157d,0x1296

Scan-only witness registry
  registry_count=16 registry_cap=16
  witness[00] tail=22 r61=14 gh60=0x4887ca6 W1=0x2f2c,0x20da,0x88 W2=0x2e39,0x157d,0x1296
  witness[01] tail=23 r61=25 gh60=0xda7bfaa W1=0xf81,0x245c,0x3d2c W2=0xe8e,0x15db,0x1190
  witness[02] tail=23 r61=26 gh60=0xcbbcbaa W1=0x15b2,0x11f2,0x3e1c W2=0x14bf,0x123e,0x2574
  witness[03] tail=24 r61=17 gh60=0xda08cea W1=0x91d,0x2ecb,0x12ee W2=0x82a,0x2eb2,0x3daa
  witness[04] tail=24 r61=23 gh60=0xdb04766 W1=0xbdc,0x7e8,0x39e7 W2=0xae9,0x2b10,0x12ca
  witness[05] tail=24 r61=27 gh60=0xcdd457e W1=0x2ad8,0x3c9b,0x10db W2=0x29e5,0x370,0x28ef
  witness[06] tail=25 r61=16 gh60=0x48a8fe6 W1=0x17a3,0x373b,0x33c7 W2=0x16b0,0x2fa5,0xe7a
  witness[07] tail=25 r61=19 gh60=0x48b9c9a W1=0x1f29,0x2c77,0x16d W2=0x1e36,0xccb,0x159
  witness[08] tail=25 r61=20 gh60=0x4888ca6 W1=0x192b,0x2f1,0x13f8 W2=0x1838,0xc0d,0x1176
  witness[09] tail=25 r61=20 gh60=0x4afc5e6 W1=0x1c9c,0x298b,0x3a26 W2=0x1ba9,0x2e37,0x278
  witness[10] tail=25 r61=22 gh60=0xc7e9ca6 W1=0xf3,0x195d,0x393a W2=0x0,0x358b,0x25f1
  witness[11] tail=25 r61=22 gh60=0x5e884aa W1=0x32fd,0x24d8,0x1843 W2=0x320a,0x3b44,0x2fe3
  witness[12] tail=25 r61=27 gh60=0xbef5f6e W1=0x3fe0,0x34db,0x1ea5 W2=0x3eed,0x2707,0x387b
  witness[13] tail=25 r61=28 gh60=0xbbacd66 W1=0x6e4,0x762,0x3d45 W2=0x5f1,0x35c9,0x1c26
  witness[14] tail=25 r61=29 gh60=0x4dfcdea W1=0x28a2,0x26a5,0x197 W2=0x27af,0x321d,0x3049
  witness[15] tail=26 r61=17 gh60=0x558bcaa W1=0x103d,0x1fd2,0x1368 W2=0xf4a,0x1079,0x2962

Scan-only r61 registry
  registry_count=16 registry_cap=16
  r61_witness[00] r61=14 tail=22 gh60=0x4887ca6 W1=0x2f2c,0x20da,0x88 W2=0x2e39,0x157d,0x1296
  r61_witness[01] r61=15 tail=28 gh60=0x570457a W1=0x12da,0x2fb2,0x1a84 W2=0x11e7,0x28bb,0x1759
  r61_witness[02] r61=15 tail=28 gh60=0xca2dcfe W1=0x1f18,0x25e3,0x2a5a W2=0x1e25,0x32cb,0xb87
  r61_witness[03] r61=15 tail=28 gh60=0x4a2bcfa W1=0x3019,0x38e1,0x393f W2=0x2f26,0xfe8,0x1f46
  r61_witness[04] r61=15 tail=31 gh60=0x44885aa W1=0x2cbd,0x1c18,0x181f W2=0x2bca,0x291c,0x2950
  r61_witness[05] r61=15 tail=31 gh60=0xc96fb7a W1=0x2dd6,0x237f,0x205e W2=0x2ce3,0x147f,0x1f5f
  r61_witness[06] r61=15 tail=33 gh60=0x4d0c56e W1=0xae0,0x50b,0x1c28 W2=0x9ed,0x22c6,0x81e
  r61_witness[07] r61=15 tail=34 gh60=0x38a87ba W1=0x1bb5,0x2c94,0x3f39 W2=0x1ac2,0x2d6a,0x925
  r61_witness[08] r61=15 tail=35 gh60=0x38884ae W1=0x1d2f,0xeea,0xaf6 W2=0x1c3c,0x3c0a,0x2598
  r61_witness[09] r61=15 tail=37 gh60=0x4d0c56e W1=0xae0,0x50b,0x1428 W2=0x9ed,0x22c6,0x1e
  r61_witness[10] r61=15 tail=38 gh60=0x3a04ce6 W1=0x60c,0x2980,0x26b1 W2=0x519,0xc93,0x70f
  r61_witness[11] r61=16 tail=25 gh60=0x48a8fe6 W1=0x17a3,0x373b,0x33c7 W2=0x16b0,0x2fa5,0xe7a
  r61_witness[12] r61=16 tail=28 gh60=0xb508d6e W1=0x384f,0x23c7,0x880 W2=0x375c,0x171a,0xa1d
  r61_witness[13] r61=16 tail=32 gh60=0xdb08f6a W1=0x7cd,0x1c2c,0x155f W2=0x6da,0x1047,0x3a6
  r61_witness[14] r61=16 tail=35 gh60=0xca044e6 W1=0x50c,0x2751,0x7cd W2=0x419,0x1833,0x356a
  r61_witness[15] r61=16 tail=35 gh60=0x48e9ca6 W1=0x1f33,0x129a,0x3f07 W2=0x1e40,0xcc4,0x255b

D60=0 fiber histogram: 1:7978 2:4770 3:1781 4:1098 5:455 6:239 7:76 8:75 9:31 10:17 11:7 12:11 13:3 14:3 17:1 19:1
