free_word_mitm_reducedn
N=14 mask=0x3fff msb=0x2000
candidate: M0=0x3d36 mode=random-fallback fill=0x3fff kernel=dM0=dM9=0x2000
prefixes=32768/268435456 mode=permuted-prefix-sample w59_per_prefix=16384 total=536870912
run_mode=scan registry_cap=16
sample_start=146440192
scan_elapsed=18.045s rate=29.75 Mtriples/s

D60 interface
  D60=0 matches: 32601 (random expectation 32768.0, enrichment 0.995x)
  prefixes with D60=0: 16479
  max D60=0 fiber per prefix: 21 at W57=0x3f58 W58=0x9ec
  largest D60 bucket: D=0x3301 count=33718
  min D60 HW: 0
  D60 HW histogram: 0:32601 1:458714 2:2979990 3:11928251 4:32790147 5:65608777 6:98419829 7:112509734 8:98432967 9:65592853 10:32754830 11:11897912 12:2973593 13:458190 14:32524

Tail closure among D60=0 matches
  final tail collisions: 0
  best r61 HW: 12
  best r61 W1[57..59]=0x50f,0x175c,0x1c9d
  best r61 W2[57..59]=0x41c,0x3472,0x215d
  best tail HW: 19
  best tail r61 HW: 18
  best W1[57..59]=0x2520,0x180f,0x1e51
  best W2[57..59]=0x242d,0x82a,0x1136

SUMMARY N=14 sample_start=146440192 prefixes=32768 total=536870912 d0=32601 best_tail=19 tail_r61=18 best_r61=12 tail_W1=0x2520,0x180f,0x1e51 tail_W2=0x242d,0x82a,0x1136 r61_W1=0x50f,0x175c,0x1c9d r61_W2=0x41c,0x3472,0x215d

Scan-only witness registry
  registry_count=16 registry_cap=16
  witness[00] tail=19 r61=18 gh60=0xca144ee W1=0x2520,0x180f,0x1e51 W2=0x242d,0x82a,0x1136
  witness[01] tail=22 r61=17 gh60=0xc9fbfbe W1=0x2fb7,0x1a6c,0x3dfe W2=0x2ec4,0x4bf,0x37a8
  witness[02] tail=23 r61=19 gh60=0x4b88caa W1=0x8f1,0x21ee,0x2fae W2=0x7fe,0x24ad,0x3437
  witness[03] tail=23 r61=20 gh60=0xbdf449a W1=0x2226,0x3c3e,0x18a9 W2=0x2133,0x2096,0x3387
  witness[04] tail=23 r61=23 gh60=0x5908766 W1=0xb5b,0x31a9,0x24fc W2=0xa68,0x20d8,0xaf8
  witness[05] tail=24 r61=18 gh60=0x7704766 W1=0x3dc,0x111d,0x1050 W2=0x2e9,0x36c3,0x24f2
  witness[06] tail=24 r61=19 gh60=0xb9b4caa W1=0x93e,0x20eb,0x3236 W2=0x84b,0x225b,0x2510
  witness[07] tail=24 r61=22 gh60=0xc518d6e W1=0x6cf,0x2014,0x18a0 W2=0x5dc,0x663,0x10d1
  witness[08] tail=24 r61=24 gh60=0x44984ae W1=0x2c3f,0x174c,0x876 W2=0x2b4c,0x45c,0x341
  witness[09] tail=24 r61=24 gh60=0xc6644aa W1=0x3c02,0x833,0xdb3 W2=0x3b0f,0x1ec8,0x1061
  witness[10] tail=25 r61=17 gh60=0xc925ba6 W1=0x1c4,0x3951,0x12c W2=0xd1,0x3fb8,0x20b2
  witness[11] tail=25 r61=19 gh60=0xcd985aa W1=0x1481,0xddf,0x3938 W2=0x138e,0x1cf7,0x1131
  witness[12] tail=25 r61=20 gh60=0xde685fa W1=0x2a95,0xe1a,0x1365 W2=0x29a2,0x3936,0x2882
  witness[13] tail=25 r61=22 gh60=0xc768b7a W1=0x2959,0xf97,0x2e32 W2=0x2866,0x1092,0x1dde
  witness[14] tail=25 r61=24 gh60=0x5bdc49e W1=0x2408,0x272,0x380e W2=0x2315,0xdc,0x1c3b
  witness[15] tail=25 r61=28 gh60=0xc7e84be W1=0x2bf7,0x1141,0x1e7c W2=0x2b04,0x1ee3,0x3de8

Scan-only r61 registry
  registry_count=16 registry_cap=16
  r61_witness[00] r61=12 tail=31 gh60=0x5a084ee W1=0x50f,0x175c,0x1c9d W2=0x41c,0x3472,0x215d
  r61_witness[01] r61=13 tail=28 gh60=0x4684d9a W1=0x66a,0x5d3,0xc9a W2=0x577,0x3532,0x14be
  r61_witness[02] r61=15 tail=26 gh60=0x58abba6 W1=0xdb3,0xcf1,0x144d W2=0xcc0,0x35b,0x29b4
  r61_witness[03] r61=15 tail=30 gh60=0x5f1bb6a W1=0x1161,0x2594,0x4e2 W2=0x106e,0xf83,0x1338
  r61_witness[04] r61=15 tail=30 gh60=0xd609be6 W1=0x1d9b,0x1888,0x8f9 W2=0x1ca8,0x2044,0x1b3f
  r61_witness[05] r61=15 tail=30 gh60=0x4c984a6 W1=0x242b,0x31b8,0x1128 W2=0x2338,0x2015,0x2fb2
  r61_witness[06] r61=16 tail=27 gh60=0xbe3dce6 W1=0x114,0x3a7,0x1c06 W2=0x21,0xddc,0xc8c
  r61_witness[07] r61=16 tail=29 gh60=0x488cf9a W1=0x17aa,0x2e6e,0x2c21 W2=0x16b7,0x2d75,0xfbe
  r61_witness[08] r61=16 tail=30 gh60=0x4a0bbea W1=0xd8d,0xc38,0x3314 W2=0xc9a,0x2ebf,0x3a64
  r61_witness[09] r61=16 tail=30 gh60=0xb88bcaa W1=0x3131,0x3101,0x1342 W2=0x303e,0x27c8,0x11ba
  r61_witness[10] r61=16 tail=34 gh60=0x4e09cee W1=0x210f,0x1480,0x2764 W2=0x201c,0x2ed7,0x104
  r61_witness[11] r61=16 tail=34 gh60=0x488dca6 W1=0x212c,0x1cf5,0x14c6 W2=0x2039,0x910,0x3fe7
  r61_witness[12] r61=16 tail=36 gh60=0x4908b66 W1=0x19cb,0x3e7e,0x24d3 W2=0x18d8,0x145c,0x184c
  r61_witness[13] r61=17 tail=22 gh60=0xc9fbfbe W1=0x2fb7,0x1a6c,0x3dfe W2=0x2ec4,0x4bf,0x37a8
  r61_witness[14] r61=17 tail=25 gh60=0xc925ba6 W1=0x1c4,0x3951,0x12c W2=0xd1,0x3fb8,0x20b2
  r61_witness[15] r61=17 tail=26 gh60=0x4705f66 W1=0x3f5c,0xd29,0x475 W2=0x3e69,0x36da,0x130

D60=0 fiber histogram: 1:8005 2:4661 3:1860 4:1099 5:390 6:249 7:69 8:73 9:26 10:21 11:7 12:9 13:1 14:3 16:4 18:1 21:1
