free_word_mitm_reducedn
N=14 mask=0x3fff msb=0x2000
candidate: M0=0x3d36 mode=random-fallback fill=0x3fff kernel=dM0=dM9=0x2000
prefixes=32768/268435456 mode=permuted-prefix-sample w59_per_prefix=16384 total=536870912
run_mode=scan registry_cap=16
sample_start=61112320
scan_elapsed=20.290s rate=26.46 Mtriples/s

D60 interface
  D60=0 matches: 32954 (random expectation 32768.0, enrichment 1.006x)
  prefixes with D60=0: 16592
  max D60=0 fiber per prefix: 22 at W57=0x2bb2 W58=0xd86
  largest D60 bucket: D=0x31b3 count=33763
  min D60 HW: 0
  D60 HW histogram: 0:32954 1:456605 2:2971081 3:11908332 4:32770693 5:65581016 6:98400007 7:112505268 8:98442516 9:65621132 10:32800821 11:11915079 12:2973617 13:458828 14:32963

Tail closure among D60=0 matches
  final tail collisions: 0
  best r61 HW: 12
  best r61 W1[57..59]=0x3def,0x22f2,0x1574
  best r61 W2[57..59]=0x3cfc,0x1555,0x3c54
  best tail HW: 23
  best tail r61 HW: 18
  best W1[57..59]=0x1bcd,0x1b38,0x2601
  best W2[57..59]=0x1ada,0x1896,0x287a

SUMMARY N=14 sample_start=61112320 prefixes=32768 total=536870912 d0=32954 best_tail=23 tail_r61=18 best_r61=12 tail_W1=0x1bcd,0x1b38,0x2601 tail_W2=0x1ada,0x1896,0x287a r61_W1=0x3def,0x22f2,0x1574 r61_W2=0x3cfc,0x1555,0x3c54

Scan-only witness registry
  registry_count=16 registry_cap=16
  witness[00] tail=23 r61=18 gh60=0x793876a W1=0x1bcd,0x1b38,0x2601 W2=0x1ada,0x1896,0x287a
  witness[01] tail=24 r61=15 gh60=0x5a0ccea W1=0x381e,0x16ab,0x2928 W2=0x372b,0x2753,0xc72
  witness[02] tail=24 r61=16 gh60=0xc654c9e W1=0x1608,0x18a8,0x3bdc W2=0x1515,0x2857,0x2e05
  witness[03] tail=24 r61=18 gh60=0x465fdba W1=0x2e76,0x1baa,0x27f3 W2=0x2d83,0x287e,0x2abd
  witness[04] tail=24 r61=20 gh60=0xba2ccfe W1=0x918,0xd24,0x2dac W2=0x825,0x198c,0x342
  witness[05] tail=24 r61=21 gh60=0xce0c4e6 W1=0x51c,0xb90,0x3a4c W2=0x429,0x3d66,0x3b2a
  witness[06] tail=24 r61=23 gh60=0x4f28d7a W1=0x38d5,0x1d1a,0x47e W2=0x37e2,0x1901,0x1f9f
  witness[07] tail=25 r61=19 gh60=0xca5cd9e W1=0x2688,0x3ea5,0x1685 W2=0x2595,0x630,0x1f1d
  witness[08] tail=25 r61=19 gh60=0x3b18d6e W1=0x36cf,0x35d6,0x3063 W2=0x35dc,0x2721,0x3877
  witness[09] tail=25 r61=20 gh60=0xd4a8d9a W1=0x18a5,0x2c73,0x589 W2=0x17b2,0x2751,0xf1e
  witness[10] tail=25 r61=20 gh60=0xfb19d9a W1=0x3ec5,0x156a,0x15ef W2=0x3dd2,0x20a,0xc40
  witness[11] tail=25 r61=21 gh60=0x7988ca6 W1=0x38fb,0x25a9,0x60a W2=0x3808,0x3035,0x3973
  witness[12] tail=25 r61=26 gh60=0xfe38cfa W1=0x2715,0x355d,0x3ea1 W2=0x2622,0x17d0,0x15e8
  witness[13] tail=26 r61=14 gh60=0x4a084e6 W1=0x121b,0x323e,0x6d7 W2=0x1128,0xf0f,0x1675
  witness[14] tail=26 r61=19 gh60=0x7b8dbae W1=0x1c0,0x26f1,0x26f4 W2=0xcd,0x1ced,0x33da
  witness[15] tail=26 r61=19 gh60=0xc97df66 W1=0x1f5c,0x3ffc,0x3802 W2=0x1e69,0x21a5,0x3741

Scan-only r61 registry
  registry_count=16 registry_cap=16
  r61_witness[00] r61=12 tail=30 gh60=0x4689cae W1=0x3def,0x22f2,0x1574 W2=0x3cfc,0x1555,0x3c54
  r61_witness[01] r61=14 tail=26 gh60=0x4a084e6 W1=0x121b,0x323e,0x6d7 W2=0x1128,0xf0f,0x1675
  r61_witness[02] r61=14 tail=29 gh60=0xca8bfae W1=0x2f7f,0x1232,0x9f4 W2=0x2e8c,0x39e9,0x2608
  r61_witness[03] r61=15 tail=24 gh60=0x5a0ccea W1=0x381e,0x16ab,0x2928 W2=0x372b,0x2753,0xc72
  r61_witness[04] r61=15 tail=28 gh60=0x4b88baa W1=0x19bd,0x5fb,0x3002 W2=0x18ca,0x23e,0x1fd2
  r61_witness[05] r61=15 tail=31 gh60=0x4e15bea W1=0x18e,0x14ab,0x9b6 W2=0x9b,0x107b,0x3e05
  r61_witness[06] r61=15 tail=31 gh60=0x4a644a6 W1=0x1b04,0x2056,0xba1 W2=0x1a11,0x1f54,0x34ef
  r61_witness[07] r61=15 tail=34 gh60=0x4689cae W1=0x3def,0x22f2,0x3d54 W2=0x3cfc,0x1555,0x2434
  r61_witness[08] r61=16 tail=24 gh60=0xc654c9e W1=0x1608,0x18a8,0x3bdc W2=0x1515,0x2857,0x2e05
  r61_witness[09] r61=16 tail=27 gh60=0x498c4aa W1=0x1cfe,0x1ce,0x298b W2=0x1c0b,0x163f,0x9e
  r61_witness[10] r61=16 tail=28 gh60=0xc618bea W1=0x19a1,0x2b65,0x12fe W2=0x18ae,0x39e4,0x1092
  r61_witness[11] r61=16 tail=29 gh60=0x4a685be W1=0x1477,0x1899,0x2b90 W2=0x1384,0x2fdf,0x10e4
  r61_witness[12] r61=16 tail=31 gh60=0x450bd66 W1=0xedb,0x2c20,0xfc8 W2=0xde8,0x32dc,0x2e4c
  r61_witness[13] r61=16 tail=31 gh60=0xc978b66 W1=0x395b,0x30d,0x2956 W2=0x3868,0x18df,0x307
  r61_witness[14] r61=16 tail=33 gh60=0x361c4a6 W1=0x2b04,0x3f5b,0x28ee W2=0x2a11,0x2f59,0x3b5b
  r61_witness[15] r61=16 tail=33 gh60=0x3e18ce6 W1=0x3613,0x328a,0x2209 W2=0x3520,0x3440,0x1380

D60=0 fiber histogram: 1:7988 2:4789 3:1824 4:1104 5:423 6:222 7:96 8:76 9:24 10:16 11:12 12:7 13:1 14:3 15:1 16:1 17:1 18:2 20:1 22:1
