free_word_mitm_reducedn
N=14 mask=0x3fff msb=0x2000
candidate: M0=0x3d36 mode=random-fallback fill=0x3fff kernel=dM0=dM9=0x2000
prefixes=32768/268435456 mode=permuted-prefix-sample w59_per_prefix=16384 total=536870912
run_mode=scan registry_cap=16
sample_start=144998400
scan_elapsed=19.841s rate=27.06 Mtriples/s

D60 interface
  D60=0 matches: 32719 (random expectation 32768.0, enrichment 0.999x)
  prefixes with D60=0: 16573
  max D60=0 fiber per prefix: 22 at W57=0x3989 W58=0x3616
  largest D60 bucket: D=0x2705 count=33794
  min D60 HW: 0
  D60 HW histogram: 0:32719 1:458103 2:2971749 3:11907409 4:32808418 5:65654933 6:98491257 7:112517560 8:98373273 9:65527249 10:32755603 11:11907190 12:2977138 13:456006 14:32305

Tail closure among D60=0 matches
  final tail collisions: 0
  best r61 HW: 13
  best r61 W1[57..59]=0x1bf8,0x38e3,0xf13
  best r61 W2[57..59]=0x1b05,0x682,0x2083
  best tail HW: 21
  best tail r61 HW: 19
  best W1[57..59]=0xcce,0x142c,0x2480
  best W2[57..59]=0xbdb,0x125b,0x16f1

SUMMARY N=14 sample_start=144998400 prefixes=32768 total=536870912 d0=32719 best_tail=21 tail_r61=19 best_r61=13 tail_W1=0xcce,0x142c,0x2480 tail_W2=0xbdb,0x125b,0x16f1 r61_W1=0x1bf8,0x38e3,0xf13 r61_W2=0x1b05,0x682,0x2083

Scan-only witness registry
  registry_count=16 registry_cap=16
  witness[00] tail=21 r61=19 gh60=0xcb1456a W1=0xcce,0x142c,0x2480 W2=0xbdb,0x125b,0x16f1
  witness[01] tail=21 r61=21 gh60=0x5c884a6 W1=0x243b,0x1b5f,0x1391 W2=0x2348,0xaac,0x3004
  witness[02] tail=22 r61=22 gh60=0x377db7a W1=0x3dda,0x3d21,0xcaf W2=0x3ce7,0x3155,0x157
  witness[03] tail=22 r61=22 gh60=0x5b9dcae W1=0x3ff0,0x392f,0x33bd W2=0x3efd,0x1193,0x14ba
  witness[04] tail=23 r61=13 gh60=0x46ac4be W1=0x1bf8,0x38e3,0xf13 W2=0x1b05,0x682,0x2083
  witness[05] tail=23 r61=24 gh60=0xcbb84ae W1=0x39ef,0x3e36,0x33b9 W2=0x38fc,0x3c56,0x193d
  witness[06] tail=24 r61=18 gh60=0xf5a5caa W1=0x3ff2,0x18d8,0x30e9 W2=0x3eff,0x1960,0xdcb
  witness[07] tail=24 r61=22 gh60=0xc694faa W1=0x276e,0x29e7,0x3f44 W2=0x267b,0x287f,0x3b2a
  witness[08] tail=24 r61=25 gh60=0x5a19c9a W1=0x1f05,0x3edc,0x547 W2=0x1e12,0x2624,0x4cd
  witness[09] tail=25 r61=22 gh60=0x3a3c4a6 W1=0x1c04,0x685,0x229c W2=0x1b11,0x3383,0x28ae
  witness[10] tail=25 r61=22 gh60=0xf60fce6 W1=0x300c,0x34c0,0x3a4a W2=0x2f19,0x1c51,0x2559
  witness[11] tail=25 r61=23 gh60=0x4b98c9a W1=0x925,0x347b,0x2843 W2=0x832,0x1585,0x39f3
  witness[12] tail=25 r61=24 gh60=0xbb8bcaa W1=0x1041,0x1a6f,0x308f W2=0xf4e,0xb5a,0x274d
  witness[13] tail=25 r61=24 gh60=0x5a284a6 W1=0x1c03,0x14bb,0x1513 W2=0x1b10,0x31b8,0x170a
  witness[14] tail=25 r61=25 gh60=0xca584fe W1=0x1a17,0x2864,0x1745 W2=0x1924,0x78c,0x347d
  witness[15] tail=25 r61=26 gh60=0x4b1cf66 W1=0x37cc,0x6a7,0x12f8 W2=0x36d9,0x39de,0xb32

Scan-only r61 registry
  registry_count=16 registry_cap=16
  r61_witness[00] r61=13 tail=23 gh60=0x46ac4be W1=0x1bf8,0x38e3,0xf13 W2=0x1b05,0x682,0x2083
  r61_witness[01] r61=14 tail=26 gh60=0x4907f66 W1=0xf5c,0x4f7,0xe29 W2=0xe69,0x19a4,0xefc
  r61_witness[02] r61=14 tail=26 gh60=0x48b8fba W1=0x17b9,0x2260,0x25b5 W2=0x16c6,0x307b,0x2c1e
  r61_witness[03] r61=14 tail=26 gh60=0xc888caa W1=0x273d,0x580,0x2045 W2=0x264a,0x8eb,0x3ed2
  r61_witness[04] r61=14 tail=31 gh60=0xdd0856e W1=0x4df,0x55d,0x35c2 W2=0x3ec,0x2af7,0x330d
  r61_witness[05] r61=15 tail=29 gh60=0x448bcaa W1=0x2e2d,0x3fff,0xb13 W2=0x2d3a,0x3cc2,0x420
  r61_witness[06] r61=15 tail=31 gh60=0x4a7849e W1=0x2b07,0x34ce,0x212f W2=0x2a14,0x3539,0x1479
  r61_witness[07] r61=15 tail=33 gh60=0x3a15bea W1=0x1d8e,0x35cf,0x1052 W2=0x1c9b,0x365f,0x3fe6
  r61_witness[08] r61=15 tail=34 gh60=0x4705b7a W1=0x1da,0x5de,0xf68 W2=0xe7,0x35d2,0x10b3
  r61_witness[09] r61=15 tail=34 gh60=0x4a084e6 W1=0x2d1b,0xd48,0x2b6a W2=0x2c28,0xb0f,0x34c1
  r61_witness[10] r61=15 tail=34 gh60=0x448bdae W1=0x2ebf,0x3394,0x3ffa W2=0x2dcc,0x1037,0xaea
  r61_witness[11] r61=15 tail=37 gh60=0xc98bba6 W1=0x11ab,0x27fb,0x3723 W2=0x10b8,0x1b55,0x385c
  r61_witness[12] r61=15 tail=38 gh60=0xd9887aa W1=0xbc1,0xea6,0x33e8 W2=0xace,0x11ee,0x358f
  r61_witness[13] r61=16 tail=27 gh60=0xc8a8bbe W1=0x5b7,0x1f54,0x289 W2=0x4c4,0x176b,0x3f56
  r61_witness[14] r61=16 tail=29 gh60=0x38884ae W1=0x1b3f,0xee0,0x1d71 W2=0x1a4c,0x3d70,0x1797
  r61_witness[15] r61=16 tail=29 gh60=0xca884a6 W1=0x3afb,0xa1c,0x3e92 W2=0x3a08,0x3ae7,0x19b7

D60=0 fiber histogram: 1:8041 2:4792 3:1759 4:1101 5:422 6:236 7:88 8:65 9:26 10:17 11:10 12:2 13:5 14:4 16:1 17:1 18:1 19:1 22:1
