free_word_mitm_reducedn
N=14 mask=0x3fff msb=0x2000
candidate: M0=0x3d36 mode=random-fallback fill=0x3fff kernel=dM0=dM9=0x2000
prefixes=32768/268435456 mode=permuted-prefix-sample w59_per_prefix=16384 total=536870912
run_mode=scan registry_cap=16
sample_start=86966272
scan_elapsed=17.803s rate=30.16 Mtriples/s

D60 interface
  D60=0 matches: 32582 (random expectation 32768.0, enrichment 0.994x)
  prefixes with D60=0: 16580
  max D60=0 fiber per prefix: 20 at W57=0xe63 W58=0x10d5
  largest D60 bucket: D=0x2e3a count=33748
  min D60 HW: 0
  D60 HW histogram: 0:32582 1:457091 2:2978543 3:11931992 4:32813460 5:65656269 6:98480847 7:112496009 8:98405876 9:65541167 10:32729790 11:11885041 12:2972033 13:457191 14:33021

Tail closure among D60=0 matches
  final tail collisions: 0
  best r61 HW: 14
  best r61 W1[57..59]=0x3151,0x20f9,0x2e6f
  best r61 W2[57..59]=0x305e,0xdf8,0x90c
  best tail HW: 23
  best tail r61 HW: 20
  best W1[57..59]=0x233d,0x3621,0x14a4
  best W2[57..59]=0x224a,0x3f0d,0x300b

SUMMARY N=14 sample_start=86966272 prefixes=32768 total=536870912 d0=32582 best_tail=23 tail_r61=20 best_r61=14 tail_W1=0x233d,0x3621,0x14a4 tail_W2=0x224a,0x3f0d,0x300b r61_W1=0x3151,0x20f9,0x2e6f r61_W2=0x305e,0xdf8,0x90c

Scan-only witness registry
  registry_count=16 registry_cap=16
  witness[00] tail=23 r61=20 gh60=0x4a77cae W1=0x1100,0x24a0,0x115a W2=0x100d,0x5f0,0x1c8e
  witness[01] tail=23 r61=20 gh60=0x48784aa W1=0x233d,0x3621,0x14a4 W2=0x224a,0x3f0d,0x300b
  witness[02] tail=23 r61=24 gh60=0xc778f9a W1=0x27c5,0x479,0x86 W2=0x26d2,0x31e3,0x28e1
  witness[03] tail=24 r61=15 gh60=0xc4bc4ba W1=0x143a,0x2,0x1fa0 W2=0x1347,0x3679,0xe16
  witness[04] tail=24 r61=18 gh60=0x566c7fa W1=0x1396,0x1be5,0xa8a W2=0x12a3,0x2b36,0xf
  witness[05] tail=24 r61=20 gh60=0x5bac49e W1=0x1228,0xf07,0x205a W2=0x1135,0x1b3b,0xf38
  witness[06] tail=24 r61=21 gh60=0xf52fdaa W1=0x10c2,0xcd,0x393 W2=0xfcf,0x3dcd,0x180d
  witness[07] tail=24 r61=22 gh60=0xb53c56a W1=0x3ad2,0x2977,0x2a91 W2=0x39df,0xb06,0x653
  witness[08] tail=25 r61=18 gh60=0x5e18dee W1=0x289f,0x204,0x34ac W2=0x27ac,0x21b7,0x1ea3
  witness[09] tail=25 r61=19 gh60=0xb5844ba W1=0x1fa,0x20f9,0x2e56 W2=0x107,0x470,0x2d71
  witness[10] tail=25 r61=19 gh60=0x3d04566 W1=0x34cc,0x31a1,0x30e8 W2=0x33d9,0x36c7,0x1280
  witness[11] tail=25 r61=19 gh60=0x4534d6e W1=0x36e0,0xe06,0x14fd W2=0x35ed,0x446,0xddf
  witness[12] tail=25 r61=19 gh60=0xbd08d6a W1=0x38d1,0x334f,0x2540 W2=0x37de,0x3eba,0x178f
  witness[13] tail=25 r61=21 gh60=0x4a9bcae W1=0xfef,0x1bdd,0x2ce5 W2=0xefc,0x3938,0x2522
  witness[14] tail=26 r61=16 gh60=0xc608dea W1=0x68d,0x73e,0x11c1 W2=0x59a,0x1619,0x28e6
  witness[15] tail=26 r61=16 gh60=0x5618bee W1=0x158f,0xb93,0x15c2 W2=0x149c,0x1626,0x1724

Scan-only r61 registry
  registry_count=16 registry_cap=16
  r61_witness[00] r61=14 tail=29 gh60=0x470bb6a W1=0x3151,0x20f9,0x2e6f W2=0x305e,0xdf8,0x90c
  r61_witness[01] r61=15 tail=24 gh60=0xc4bc4ba W1=0x143a,0x2,0x1fa0 W2=0x1347,0x3679,0xe16
  r61_witness[02] r61=15 tail=28 gh60=0x5498da6 W1=0x28bb,0x1c9a,0x2b2 W2=0x27c8,0xdbe,0x2051
  r61_witness[03] r61=15 tail=30 gh60=0xd6187ea W1=0x138d,0x1fb6,0x483 W2=0x129a,0x2384,0x22bd
  r61_witness[04] r61=15 tail=31 gh60=0xc609fee W1=0x1f9f,0x2a72,0x1f5f W2=0x1eac,0x2131,0x23f7
  r61_witness[05] r61=15 tail=34 gh60=0xc488daa W1=0x6b1,0x2c39,0xad2 W2=0x5be,0x2c90,0x3fb2
  r61_witness[06] r61=16 tail=26 gh60=0xc608dea W1=0x68d,0x73e,0x11c1 W2=0x59a,0x1619,0x28e6
  r61_witness[07] r61=16 tail=26 gh60=0x5618bee W1=0x158f,0xb93,0x15c2 W2=0x149c,0x1626,0x1724
  r61_witness[08] r61=16 tail=28 gh60=0xdba45aa W1=0x32b2,0x3a2c,0x38c3 W2=0x31bf,0x1559,0x3868
  r61_witness[09] r61=16 tail=31 gh60=0x5a044fa W1=0xa1a,0xc59,0x1e92 W2=0x927,0x3146,0xc37
  r61_witness[10] r61=16 tail=32 gh60=0x4704f66 W1=0x17cc,0x3a24,0x22ec W2=0x16d9,0x3563,0x16cb
  r61_witness[11] r61=16 tail=33 gh60=0x570bb6e W1=0xddf,0xa8b,0x1b40 W2=0xcec,0x319a,0x26d7
  r61_witness[12] r61=16 tail=34 gh60=0x5a88caa W1=0x15f1,0x8a0,0x36b W2=0x14fe,0x209f,0x3a4a
  r61_witness[13] r61=16 tail=34 gh60=0x4505c9a W1=0x1e4a,0x26b7,0x3d44 W2=0x1d57,0x1178,0x3b5b
  r61_witness[14] r61=16 tail=35 gh60=0x4a09ce6 W1=0xb,0x176e,0x193d W2=0x3f18,0x212,0x3e9b
  r61_witness[15] r61=16 tail=36 gh60=0xc90bb6e W1=0x314f,0x3d65,0x2988 W2=0x305c,0x2284,0xc1f

D60=0 fiber histogram: 1:8143 2:4648 3:1837 4:1097 5:397 6:250 7:67 8:80 9:26 10:13 11:5 12:6 13:4 14:5 17:1 20:1
