free_word_mitm_reducedn
N=14 mask=0x3fff msb=0x2000
candidate: M0=0x3d36 mode=random-fallback fill=0x3fff kernel=dM0=dM9=0x2000
prefixes=32768/268435456 mode=permuted-prefix-sample w59_per_prefix=16384 total=536870912
run_mode=scan registry_cap=16
sample_start=78577664
scan_elapsed=18.316s rate=29.31 Mtriples/s

D60 interface
  D60=0 matches: 32787 (random expectation 32768.0, enrichment 1.001x)
  prefixes with D60=0: 16480
  max D60=0 fiber per prefix: 20 at W57=0xdbf W58=0x3ecd
  largest D60 bucket: D=0x280d count=33778
  min D60 HW: 0
  D60 HW histogram: 0:32787 1:456567 2:2979206 3:11929764 4:32811574 5:65617558 6:98435527 7:112521940 8:98408839 9:65566729 10:32755468 11:11894081 12:2971699 13:456447 14:32726

Tail closure among D60=0 matches
  final tail collisions: 0
  best r61 HW: 14
  best r61 W1[57..59]=0x2d3d,0x1e0c,0x5f9
  best r61 W2[57..59]=0x2c4a,0x22f8,0x80a
  best tail HW: 17
  best tail r61 HW: 17
  best W1[57..59]=0x1459,0x9e1,0x3655
  best W2[57..59]=0x1366,0x386d,0x3179

SUMMARY N=14 sample_start=78577664 prefixes=32768 total=536870912 d0=32787 best_tail=17 tail_r61=17 best_r61=14 tail_W1=0x1459,0x9e1,0x3655 tail_W2=0x1366,0x386d,0x3179 r61_W1=0x2d3d,0x1e0c,0x5f9 r61_W2=0x2c4a,0x22f8,0x80a

Scan-only witness registry
  registry_count=16 registry_cap=16
  witness[00] tail=17 r61=17 gh60=0x4b5857a W1=0x1459,0x9e1,0x3655 W2=0x1366,0x386d,0x3179
  witness[01] tail=22 r61=26 gh60=0x4a98566 W1=0x2e3,0xbc3,0x2220 W2=0x1f0,0x42a,0x2ed1
  witness[02] tail=23 r61=20 gh60=0xb988caa W1=0x26fd,0xd76,0x1acc W2=0x260a,0x1161,0x3540
  witness[03] tail=23 r61=23 gh60=0x3798baa W1=0x5bd,0x1197,0x3a9a W2=0x4ca,0x19a,0x3c7d
  witness[04] tail=24 r61=21 gh60=0x753459e W1=0xac8,0x3084,0xb4 W2=0x9d5,0x349c,0x18a9
  witness[05] tail=24 r61=23 gh60=0xfeffcaa W1=0x2e02,0x15b1,0x9ab W2=0x2d0f,0x134d,0x3774
  witness[06] tail=24 r61=27 gh60=0xdabdca6 W1=0x20ec,0x589,0x308 W2=0x1ff9,0x2e28,0x2a34
  witness[07] tail=25 r61=17 gh60=0x55184a6 W1=0xa43,0x46,0x21d6 W2=0x950,0x2dc3,0x3589
  witness[08] tail=25 r61=19 gh60=0x54bbcaa W1=0x3031,0x130c,0x26da W2=0x2f3e,0xa13,0x2b63
  witness[09] tail=25 r61=22 gh60=0xb589dae W1=0xbf,0x226a,0x73e W2=0x3fcc,0x215,0x2f9f
  witness[10] tail=25 r61=22 gh60=0xd9b87ae W1=0x36f,0x1887,0x1746 W2=0x27c,0x114f,0x3296
  witness[11] tail=25 r61=23 gh60=0x4d68c9a W1=0x2829,0x3b1a,0x693 W2=0x2736,0x1e30,0x31c8
  witness[12] tail=25 r61=24 gh60=0xde0c4e6 W1=0x50c,0x2e0e,0x2a3a W2=0x419,0x1ef0,0xa1c
  witness[13] tail=25 r61=25 gh60=0xfde4daa W1=0x3672,0x1181,0x329e W2=0x357f,0x315d,0xa34
  witness[14] tail=25 r61=27 gh60=0x4f7c76e W1=0x3e0,0x6a,0x1ada W2=0x2ed,0x3595,0x394d
  witness[15] tail=26 r61=15 gh60=0xc9abfe6 W1=0xfa3,0x2895,0x3bfd W2=0xeb0,0x397d,0x2aa9

Scan-only r61 registry
  registry_count=16 registry_cap=16
  r61_witness[00] r61=14 tail=31 gh60=0x4ea44aa W1=0x29f2,0x382b,0x25ea W2=0x28ff,0x3b30,0x3df
  r61_witness[01] r61=14 tail=34 gh60=0x48884aa W1=0x2d3d,0x1e0c,0x5f9 W2=0x2c4a,0x22f8,0x80a
  r61_witness[02] r61=15 tail=26 gh60=0xc9abfe6 W1=0xfa3,0x2895,0x3bfd W2=0xeb0,0x397d,0x2aa9
  r61_witness[03] r61=15 tail=27 gh60=0x498c4ae W1=0xb30,0x1c38,0x39b W2=0xa3d,0xcd9,0x2ef6
  r61_witness[04] r61=15 tail=29 gh60=0xc628cfa W1=0x1719,0x907,0x267d W2=0x1626,0x3f3e,0x1367
  r61_witness[05] r61=15 tail=30 gh60=0xca68d66 W1=0x18e3,0x3bcd,0xade W2=0x17f0,0x219f,0x311e
  r61_witness[06] r61=15 tail=31 gh60=0xc4984ae W1=0x1c2f,0xf8d,0x313b W2=0x1b3c,0xcad,0x178b
  r61_witness[07] r61=15 tail=36 gh60=0x4a0bbea W1=0x2da1,0x3ead,0x22a7 W2=0x2cae,0x2c70,0x35a2
  r61_witness[08] r61=16 tail=27 gh60=0x790c77a W1=0x1b5a,0x31e,0x53b W2=0x1a67,0xbef,0x1128
  r61_witness[09] r61=16 tail=29 gh60=0xcab7faa W1=0xf6e,0x4dc,0x21f3 W2=0xe7b,0x3a78,0x3860
  r61_witness[10] r61=16 tail=31 gh60=0x4a04de6 W1=0x69c,0x3e,0x1f49 W2=0x5a9,0x1a6d,0x2116
  r61_witness[11] r61=16 tail=31 gh60=0xcab7faa W1=0xf6e,0x4dc,0x21fb W2=0xe7b,0x3a78,0x3868
  r61_witness[12] r61=16 tail=31 gh60=0xdd1c56a W1=0x2ade,0x2a29,0x2710 W2=0x29eb,0x21ac,0x17f2
  r61_witness[13] r61=16 tail=31 gh60=0xd918f66 W1=0x37d3,0x2ab4,0x3d3a W2=0x36e0,0x19fa,0x3858
  r61_witness[14] r61=16 tail=34 gh60=0xc50c56e W1=0xce0,0xc3b,0x3019 W2=0xbed,0x2b56,0x3ab
  r61_witness[15] r61=16 tail=35 gh60=0xd488da6 W1=0x18bb,0xfaa,0x2343 W2=0x17c8,0x11ce,0xae

D60=0 fiber histogram: 1:7918 2:4730 3:1825 4:1089 5:459 6:236 7:89 8:63 9:31 10:21 11:7 12:2 13:3 14:2 15:2 16:1 17:1 20:1
