free_word_mitm_reducedn
N=14 mask=0x3fff msb=0x2000
candidate: M0=0x3d36 mode=random-fallback fill=0x3fff kernel=dM0=dM9=0x2000
prefixes=32768/268435456 mode=permuted-prefix-sample w59_per_prefix=16384 total=536870912
run_mode=scan registry_cap=16
sample_start=45023232
scan_elapsed=18.686s rate=28.73 Mtriples/s

D60 interface
  D60=0 matches: 32533 (random expectation 32768.0, enrichment 0.993x)
  prefixes with D60=0: 16418
  max D60=0 fiber per prefix: 15 at W57=0xe35 W58=0x2be1
  largest D60 bucket: D=0x28d3 count=33800
  min D60 HW: 0
  D60 HW histogram: 0:32533 1:457386 2:2975221 3:11922082 4:32819465 5:65669908 6:98526136 7:112548565 8:98387880 9:65507298 10:32703159 11:11866194 12:2967074 13:455507 14:32504

Tail closure among D60=0 matches
  final tail collisions: 0
  best r61 HW: 13
  best r61 W1[57..59]=0x650,0x720,0x162d
  best r61 W2[57..59]=0x55d,0x3158,0x227a
  best tail HW: 22
  best tail r61 HW: 21
  best W1[57..59]=0x1d19,0x320c,0x2ada
  best W2[57..59]=0x1c26,0x2bc4,0x1493

SUMMARY N=14 sample_start=45023232 prefixes=32768 total=536870912 d0=32533 best_tail=22 tail_r61=21 best_r61=13 tail_W1=0x1d19,0x320c,0x2ada tail_W2=0x1c26,0x2bc4,0x1493 r61_W1=0x650,0x720,0x162d r61_W2=0x55d,0x3158,0x227a

Scan-only witness registry
  registry_count=16 registry_cap=16
  witness[00] tail=22 r61=21 gh60=0x36584fa W1=0x1d19,0x320c,0x2ada W2=0x1c26,0x2bc4,0x1493
  witness[01] tail=22 r61=28 gh60=0xdebc5a6 W1=0x3a6c,0xb6c,0x3e59 W2=0x3979,0x3120,0x13e1
  witness[02] tail=24 r61=15 gh60=0xca14cea W1=0x91e,0x3f52,0x29a5 W2=0x82b,0x34e,0x27a
  witness[03] tail=24 r61=17 gh60=0xd8a8fa6 W1=0x27b3,0x1f1,0x2f4b W2=0x26c0,0x2855,0xcfd
  witness[04] tail=24 r61=18 gh60=0xb4885ae W1=0x12bf,0x25a3,0x1dd1 W2=0x11cc,0x19cb,0x3153
  witness[05] tail=24 r61=18 gh60=0x560bce6 W1=0x300b,0x2668,0x240d W2=0x2f18,0x3e08,0x1103
  witness[06] tail=24 r61=18 gh60=0x5914b6e W1=0x3950,0x3292,0x1295 W2=0x385d,0x3cb6,0x37d2
  witness[07] tail=24 r61=22 gh60=0x56584fa W1=0x3319,0x1a40,0x1e0 W2=0x3226,0x15f8,0x24bf
  witness[08] tail=24 r61=24 gh60=0x58b87ae W1=0x33bf,0x21f1,0x3b60 W2=0x32cc,0x2a39,0x38a2
  witness[09] tail=25 r61=15 gh60=0xc909b6e W1=0x1cf,0x1163,0x32d9 W2=0xdc,0x7e,0x36c
  witness[10] tail=25 r61=17 gh60=0x4a3849e W1=0x3207,0x2789,0x4ca W2=0x3114,0x47e,0x2ce4
  witness[11] tail=25 r61=22 gh60=0x44a44aa W1=0x2432,0xa78,0x2025 W2=0x233f,0x10fd,0x3546
  witness[12] tail=25 r61=24 gh60=0xb998ca6 W1=0x18fb,0x2b26,0x118a W2=0x1808,0x35b2,0x3dd6
  witness[13] tail=25 r61=24 gh60=0xcb6849a W1=0x2549,0x3236,0x35bf W2=0x2456,0x1843,0x3222
  witness[14] tail=25 r61=25 gh60=0xda6dcaa W1=0x102,0xf59,0x7f3 W2=0xf,0xfad,0x1898
  witness[15] tail=25 r61=25 gh60=0x5514d6a W1=0x18de,0x1ec6,0x299f W2=0x17eb,0x272e,0xa96

Scan-only r61 registry
  registry_count=16 registry_cap=16
  r61_witness[00] r61=13 tail=32 gh60=0x4514d6e W1=0x650,0x720,0x162d W2=0x55d,0x3158,0x227a
  r61_witness[01] r61=13 tail=35 gh60=0x4525d66 W1=0x1e54,0x3ada,0x2782 W2=0x1d61,0x2f13,0x1470
  r61_witness[02] r61=14 tail=30 gh60=0x4e05ce6 W1=0x3e1c,0x7a3,0x1d11 W2=0x3d29,0x27a8,0x22ca
  r61_witness[03] r61=15 tail=24 gh60=0xca14cea W1=0x91e,0x3f52,0x29a5 W2=0x82b,0x34e,0x27a
  r61_witness[04] r61=15 tail=25 gh60=0xc909b6e W1=0x1cf,0x1163,0x32d9 W2=0xdc,0x7e,0x36c
  r61_witness[05] r61=15 tail=28 gh60=0xbc884aa W1=0x322d,0x3018,0x3e94 W2=0x313a,0x354,0x1463
  r61_witness[06] r61=15 tail=32 gh60=0x4b884aa W1=0x2441,0x298d,0xcfe W2=0x234e,0x30fd,0x33cd
  r61_witness[07] r61=15 tail=34 gh60=0x45e8d7e W1=0x16d7,0x5b8,0x6c8 W2=0x15e4,0x1f8b,0x3120
  r61_witness[08] r61=15 tail=35 gh60=0x498c4aa W1=0x1aee,0x3018,0x905 W2=0x19fb,0x819,0x89a
  r61_witness[09] r61=16 tail=28 gh60=0x7a184ea W1=0x150d,0x12f2,0x3fdd W2=0x141a,0x2ae8,0x146e
  r61_witness[10] r61=16 tail=30 gh60=0x4b15b6a W1=0x15e,0x2d6b,0x45e W2=0x6b,0x259f,0x1403
  r61_witness[11] r61=16 tail=32 gh60=0x47284a6 W1=0x443,0x741,0x113d W2=0x350,0x14bc,0x1c6f
  r61_witness[12] r61=16 tail=33 gh60=0x5a0459a W1=0x148a,0x25d,0x3368 W2=0x1397,0xbf,0x1b5b
  r61_witness[13] r61=16 tail=35 gh60=0xc66859e W1=0x1487,0x30ea,0xaa1 W2=0x1394,0x787,0x1004
  r61_witness[14] r61=16 tail=37 gh60=0x488bca6 W1=0x2f3b,0x16d6,0x36d0 W2=0x2e48,0x1f64,0x3958
  r61_witness[15] r61=16 tail=39 gh60=0x4528d7a W1=0x659,0x34f,0x2409 W2=0x566,0x2142,0x9eb

D60=0 fiber histogram: 1:7961 2:4719 3:1719 4:1102 5:442 6:248 7:76 8:85 9:29 10:22 11:8 12:3 13:3 15:1
