free_word_mitm_reducedn
N=14 mask=0x3fff msb=0x2000
candidate: M0=0x3d36 mode=random-fallback fill=0x3fff kernel=dM0=dM9=0x2000
prefixes=32768/268435456 mode=permuted-prefix-sample w59_per_prefix=16384 total=536870912
run_mode=scan registry_cap=16
sample_start=259227648
scan_elapsed=18.248s rate=29.42 Mtriples/s

D60 interface
  D60=0 matches: 32615 (random expectation 32768.0, enrichment 0.995x)
  prefixes with D60=0: 16416
  max D60=0 fiber per prefix: 20 at W57=0x1af4 W58=0x3f63
  largest D60 bucket: D=0x13b9 count=33920
  min D60 HW: 0
  D60 HW histogram: 0:32615 1:456645 2:2976126 3:11910817 4:32797000 5:65618582 6:98438052 7:112523603 8:98443939 9:65582764 10:32749864 11:11889756 12:2964603 13:454397 14:32149

Tail closure among D60=0 matches
  final tail collisions: 0
  best r61 HW: 13
  best r61 W1[57..59]=0x1815,0xc5e,0x57b
  best r61 W2[57..59]=0x1722,0xa1,0x1ae
  best tail HW: 22
  best tail r61 HW: 22
  best W1[57..59]=0x1bfe,0x2f8b,0x22b3
  best W2[57..59]=0x1b0b,0x43c,0x1f05

SUMMARY N=14 sample_start=259227648 prefixes=32768 total=536870912 d0=32615 best_tail=22 tail_r61=22 best_r61=13 tail_W1=0x1bfe,0x2f8b,0x22b3 tail_W2=0x1b0b,0x43c,0x1f05 r61_W1=0x1815,0xc5e,0x57b r61_W2=0x1722,0xa1,0x1ae

Scan-only witness registry
  registry_count=16 registry_cap=16
  witness[00] tail=22 r61=13 gh60=0x7618cfa W1=0x1815,0xc5e,0x57b W2=0x1722,0xa1,0x1ae
  witness[01] tail=22 r61=22 gh60=0x45944aa W1=0x1bfe,0x2f8b,0x22b3 W2=0x1b0b,0x43c,0x1f05
  witness[02] tail=23 r61=22 gh60=0x5bb4daa W1=0x167e,0x2193,0x1fed W2=0x158b,0x325b,0xc34
  witness[03] tail=23 r61=24 gh60=0xdd844a6 W1=0x21fc,0x1526,0x140 W2=0x2109,0x32f4,0x20bc
  witness[04] tail=24 r61=23 gh60=0x3b7c7aa W1=0x1bc2,0x2f4c,0x5b2 W2=0x1acf,0x2fa9,0xc0a
  witness[05] tail=24 r61=23 gh60=0x4df4d6a W1=0x26de,0x1dfc,0x224f W2=0x25eb,0x1740,0x1720
  witness[06] tail=25 r61=18 gh60=0xca0cfea W1=0x379e,0x3f9f,0x32ae W2=0x36ab,0xc1f,0x2f0c
  witness[07] tail=25 r61=21 gh60=0x5757c9a W1=0x3046,0x1d57,0x3738 W2=0x2f53,0x31e8,0x2823
  witness[08] tail=25 r61=22 gh60=0x4579cae W1=0x3e3f,0x1f63,0x1a05 W2=0x3d4c,0xd36,0xc4
  witness[09] tail=25 r61=23 gh60=0x590bb6e W1=0xdcf,0x1411,0x27e8 W2=0xcdc,0x3a30,0xbc7
  witness[10] tail=25 r61=24 gh60=0x49dc7be W1=0x3378,0x362a,0x389b W2=0x3285,0x3f81,0x2b4a
  witness[11] tail=25 r61=25 gh60=0x4e6cc9e W1=0x15e8,0x26d6,0x167 W2=0x14f5,0x384d,0xec8
  witness[12] tail=25 r61=27 gh60=0xbaa4566 W1=0x3a64,0x3157,0x1a48 W2=0x3971,0x39a9,0xac4
  witness[13] tail=26 r61=16 gh60=0x55fc4ea W1=0x250e,0x1026,0x2928 W2=0x241b,0x172d,0x8b4
  witness[14] tail=26 r61=17 gh60=0x45644a6 W1=0x444,0x2185,0x2793 W2=0x351,0x3f01,0x3cbd
  witness[15] tail=26 r61=20 gh60=0x4e2c7fe W1=0x2b98,0x670,0x27ed W2=0x2aa5,0x3c1,0x3ff0

Scan-only r61 registry
  registry_count=16 registry_cap=16
  r61_witness[00] r61=13 tail=22 gh60=0x7618cfa W1=0x1815,0xc5e,0x57b W2=0x1722,0xa1,0x1ae
  r61_witness[01] r61=14 tail=27 gh60=0x750856a W1=0x12dd,0x85c,0x3a8e W2=0x11ea,0x1c5e,0x3a03
  r61_witness[02] r61=15 tail=31 gh60=0x56744ae W1=0x2300,0x1a92,0x294b W2=0x220d,0xc23,0x21a7
  r61_witness[03] r61=15 tail=33 gh60=0xc914f6e W1=0x27e0,0x7aa,0xf31 W2=0x26ed,0x3ede,0x23f2
  r61_witness[04] r61=16 tail=26 gh60=0x55fc4ea W1=0x250e,0x1026,0x2928 W2=0x241b,0x172d,0x8b4
  r61_witness[05] r61=16 tail=28 gh60=0xb49c5e6 W1=0xaa4,0xfee,0x3717 W2=0x9b1,0x54c,0x32e9
  r61_witness[06] r61=16 tail=29 gh60=0x4989baa W1=0x1db1,0x34ec,0x2877 W2=0x1cbe,0x3343,0x1ebb
  r61_witness[07] r61=16 tail=29 gh60=0xc60bfea W1=0x2f8d,0x2f69,0x26cf W2=0x2e9a,0xaf8,0xc40
  r61_witness[08] r61=16 tail=30 gh60=0x4895cae W1=0x3f30,0x668,0x36e6 W2=0x3e3d,0x3448,0x1cc
  r61_witness[09] r61=16 tail=32 gh60=0x36047e6 W1=0x38c,0x2561,0x677 W2=0x299,0x12ab,0x3a43
  r61_witness[10] r61=16 tail=32 gh60=0x570876a W1=0x33e1,0xbd2,0x24ab W2=0x32ee,0x2020,0x1237
  r61_witness[11] r61=16 tail=33 gh60=0x5919b66 W1=0x153,0x3a0d,0x15d W2=0x60,0x17d,0x1be7
  r61_witness[12] r61=16 tail=33 gh60=0x4a1bbee W1=0x319f,0x283a,0x3469 W2=0x30ac,0x10bd,0x1bf7
  r61_witness[13] r61=16 tail=34 gh60=0x4a0ccfa W1=0x281a,0x206a,0x2bff W2=0x2727,0x4d6,0xb17
  r61_witness[14] r61=16 tail=35 gh60=0xcb1856a W1=0xa51,0x2a20,0x3fc5 W2=0x95e,0x22d6,0x1178
  r61_witness[15] r61=17 tail=26 gh60=0x45644a6 W1=0x444,0x2185,0x2793 W2=0x351,0x3f01,0x3cbd

D60=0 fiber histogram: 1:7863 2:4751 3:1823 4:1110 5:428 6:227 7:72 8:61 9:25 10:32 11:11 12:6 13:1 14:2 15:1 16:1 17:1 20:1
