free_word_mitm_reducedn
N=14 mask=0x3fff msb=0x2000
candidate: M0=0x3d36 mode=random-fallback fill=0x3fff kernel=dM0=dM9=0x2000
prefixes=32768/268435456 mode=permuted-prefix-sample w59_per_prefix=16384 total=536870912
run_mode=scan registry_cap=16
sample_start=116621312
scan_elapsed=20.239s rate=26.53 Mtriples/s

D60 interface
  D60=0 matches: 32301 (random expectation 32768.0, enrichment 0.986x)
  prefixes with D60=0: 16420
  max D60=0 fiber per prefix: 18 at W57=0x1ce1 W58=0x176f
  largest D60 bucket: D=0x5ad count=33774
  min D60 HW: 0
  D60 HW histogram: 0:32301 1:458346 2:2978150 3:11919002 4:32824341 5:65665266 6:98481706 7:112508107 8:98360396 9:65529210 10:32743133 11:11905791 12:2975566 13:457384 14:32213

Tail closure among D60=0 matches
  final tail collisions: 0
  best r61 HW: 13
  best r61 W1[57..59]=0x10e4,0xeae,0x2994
  best r61 W2[57..59]=0xff1,0x107b,0x3a62
  best tail HW: 21
  best tail r61 HW: 13
  best W1[57..59]=0x10e4,0xeae,0x2994
  best W2[57..59]=0xff1,0x107b,0x3a62

SUMMARY N=14 sample_start=116621312 prefixes=32768 total=536870912 d0=32301 best_tail=21 tail_r61=13 best_r61=13 tail_W1=0x10e4,0xeae,0x2994 tail_W2=0xff1,0x107b,0x3a62 r61_W1=0x10e4,0xeae,0x2994 r61_W2=0xff1,0x107b,0x3a62

Scan-only witness registry
  registry_count=16 registry_cap=16
  witness[00] tail=21 r61=13 gh60=0xca67d66 W1=0x10e4,0xeae,0x2994 W2=0xff1,0x107b,0x3a62
  witness[01] tail=23 r61=16 gh60=0x4a85ca6 W1=0x1efc,0x884,0xd24 W2=0x1e09,0x128f,0x1646
  witness[02] tail=24 r61=22 gh60=0x58ac7ba W1=0x1bb6,0x1b95,0xc4f W2=0x1ac3,0x2c60,0x3345
  witness[03] tail=24 r61=23 gh60=0xde09cea W1=0x121,0x1dc7,0x310c W2=0x2e,0x1fee,0x1b3f
  witness[04] tail=24 r61=25 gh60=0xd67479e W1=0x388,0x1c0f,0xd4e W2=0x295,0x16b1,0x1b74
  witness[05] tail=24 r61=25 gh60=0xba2cdea W1=0x892,0xd1d,0x21bb W2=0x79f,0x1a01,0x2d9
  witness[06] tail=24 r61=26 gh60=0xdd9dd9a W1=0x1e6a,0x14ef,0x278e W2=0x1d77,0x1c8,0x2303
  witness[07] tail=25 r61=19 gh60=0xca14dee W1=0x8a0,0x3a68,0x29dc W2=0x7ad,0x1e1c,0x3bc7
  witness[08] tail=25 r61=19 gh60=0x54a4de6 W1=0x18a4,0x2095,0x3a15 W2=0x17b1,0x170,0x260e
  witness[09] tail=25 r61=23 gh60=0xcab85aa W1=0x46d,0x3572,0x1ce3 W2=0x37a,0x296,0xbde
  witness[10] tail=25 r61=24 gh60=0x7a5859a W1=0x289,0xbaa,0x1fee W2=0x196,0x289b,0x2293
  witness[11] tail=25 r61=26 gh60=0xcbb84aa W1=0x31fd,0x1bf5,0x29e7 W2=0x310a,0x2ea1,0x200b
  witness[12] tail=26 r61=17 gh60=0x471ff6a W1=0xfce,0x18ba,0x1bad W2=0xedb,0x5da,0x19f7
  witness[13] tail=26 r61=18 gh60=0xc52859a W1=0x1cc9,0x3c2b,0x15c6 W2=0x1bd6,0x2a96,0x152b
  witness[14] tail=26 r61=18 gh60=0x5a184ea W1=0x221d,0x1ac3,0x6a6 W2=0x212a,0x1c79,0x1ab9
  witness[15] tail=26 r61=21 gh60=0xf8ebb9a W1=0x2da9,0x3f8c,0x341 W2=0x2cb6,0x2df4,0x153b

Scan-only r61 registry
  registry_count=16 registry_cap=16
  r61_witness[00] r61=13 tail=21 gh60=0xca67d66 W1=0x10e4,0xeae,0x2994 W2=0xff1,0x107b,0x3a62
  r61_witness[01] r61=15 tail=29 gh60=0x476849e W1=0x3447,0xddd,0x194c W2=0x3354,0x2bce,0x24a0
  r61_witness[02] r61=15 tail=33 gh60=0xca08bea W1=0x5a1,0x25a5,0x1bd0 W2=0x4ae,0x2468,0x806
  r61_witness[03] r61=15 tail=33 gh60=0x5489ca6 W1=0x203b,0x148f,0x1912 W2=0x1f48,0x3c9d,0x3577
  r61_witness[04] r61=16 tail=23 gh60=0x4a85ca6 W1=0x1efc,0x884,0xd24 W2=0x1e09,0x128f,0x1646
  r61_witness[05] r61=16 tail=29 gh60=0x4ca84be W1=0x2437,0x1df9,0x2ba2 W2=0x2344,0x2c97,0x260b
  r61_witness[06] r61=16 tail=30 gh60=0x558449a W1=0xa2a,0x2d9d,0x2da5 W2=0x937,0x111f,0x1419
  r61_witness[07] r61=16 tail=30 gh60=0xc8ebc9a W1=0x2f29,0x4c8,0x3481 W2=0x2e36,0x1f18,0x23da
  r61_witness[08] r61=16 tail=32 gh60=0x58b5bae W1=0x21c0,0xed2,0x23cc W2=0x20cd,0x4ce,0x2125
  r61_witness[09] r61=16 tail=33 gh60=0x4604ce6 W1=0x60c,0x22cc,0x16d8 W2=0x519,0x5df,0x3d79
  r61_witness[10] r61=16 tail=33 gh60=0x49887a6 W1=0x1b7b,0xd20,0x18a2 W2=0x1a88,0x5d3,0x102b
  r61_witness[11] r61=16 tail=35 gh60=0x4614cee W1=0x2710,0x2642,0x2e05 W2=0x261d,0x152a,0x2b64
  r61_witness[12] r61=17 tail=26 gh60=0x471ff6a W1=0xfce,0x18ba,0x1bad W2=0xedb,0x5da,0x19f7
  r61_witness[13] r61=17 tail=28 gh60=0xc698fba W1=0x3775,0x2373,0x3b2 W2=0x3682,0x21f6,0xa7d
  r61_witness[14] r61=17 tail=29 gh60=0x5f87ba6 W1=0xdac,0x16e0,0x1ffa W2=0xcb9,0x92b,0x3f36
  r61_witness[15] r61=17 tail=30 gh60=0xd889fa6 W1=0x1fab,0x879,0xc37 W2=0x1eb8,0x2c4b,0x228

D60=0 fiber histogram: 1:7952 2:4757 3:1809 4:1093 5:355 6:221 7:89 8:78 9:26 10:21 11:3 12:10 13:1 14:2 15:1 17:1 18:1
