free_word_mitm_reducedn
N=14 mask=0x3fff msb=0x2000
candidate: M0=0x3d36 mode=random-fallback fill=0x3fff kernel=dM0=dM9=0x2000
prefixes=32768/268435456 mode=permuted-prefix-sample w59_per_prefix=16384 total=536870912
run_mode=scan registry_cap=16
sample_start=155156480
scan_elapsed=21.658s rate=24.79 Mtriples/s

D60 interface
  D60=0 matches: 32671 (random expectation 32768.0, enrichment 0.997x)
  prefixes with D60=0: 16505
  max D60=0 fiber per prefix: 20 at W57=0x8ab W58=0x1b1b
  largest D60 bucket: D=0x2ffe count=33716
  min D60 HW: 0
  D60 HW histogram: 0:32671 1:456843 2:2971506 3:11908747 4:32768795 5:65566065 6:98380583 7:112487233 8:98462936 9:65627009 10:32806604 11:11928027 12:2982807 13:458221 14:32865

Tail closure among D60=0 matches
  final tail collisions: 0
  best r61 HW: 14
  best r61 W1[57..59]=0x397d,0x2b50,0x1049
  best r61 W2[57..59]=0x388a,0x2803,0x730
  best tail HW: 18
  best tail r61 HW: 16
  best W1[57..59]=0x3fea,0x153a,0x2bfe
  best W2[57..59]=0x3ef7,0x363b,0x406

SUMMARY N=14 sample_start=155156480 prefixes=32768 total=536870912 d0=32671 best_tail=18 tail_r61=16 best_r61=14 tail_W1=0x3fea,0x153a,0x2bfe tail_W2=0x3ef7,0x363b,0x406 r61_W1=0x397d,0x2b50,0x1049 r61_W2=0x388a,0x2803,0x730

Scan-only witness registry
  registry_count=16 registry_cap=16
  witness[00] tail=18 r61=16 gh60=0x5e85c9a W1=0x3fea,0x153a,0x2bfe W2=0x3ef7,0x363b,0x406
  witness[01] tail=21 r61=25 gh60=0xfb24b66 W1=0x15d4,0xd95,0x2547 W2=0x14e1,0x2b84,0x33a
  witness[02] tail=22 r61=18 gh60=0xb70457a W1=0x1a5a,0x3859,0x10c1 W2=0x1967,0x3afa,0x35b
  witness[03] tail=22 r61=22 gh60=0x5cfc59a W1=0x32ca,0x1b04,0x1844 W2=0x31d7,0x176a,0x245c
  witness[04] tail=23 r61=25 gh60=0xca3dc9e W1=0x2108,0x139e,0x15e0 W2=0x2015,0x1ccb,0x2d65
  witness[05] tail=23 r61=25 gh60=0xce0c4ee W1=0x2410,0x2490,0x11a2 W2=0x231d,0x3a7,0x3346
  witness[06] tail=23 r61=26 gh60=0x4a8c7a6 W1=0x2b6c,0xe00,0x437 W2=0x2a79,0x36d4,0x30d4
  witness[07] tail=24 r61=17 gh60=0x5964baa W1=0x29b2,0x33ef,0x24fd W2=0x28bf,0x1ffb,0x11ab
  witness[08] tail=24 r61=18 gh60=0x590c76e W1=0x2b50,0x3755,0x3ac6 W2=0x2a5d,0x2b94,0x3a28
  witness[09] tail=24 r61=19 gh60=0xc91cb6a W1=0x39ce,0x3175,0x1ffb W2=0x38db,0x3b1,0x35ed
  witness[10] tail=24 r61=21 gh60=0x4ad8cbe W1=0x26f7,0x1e0f,0x1c7b W2=0x2604,0x1a72,0x6dc
  witness[11] tail=24 r61=23 gh60=0x5ad8dfe W1=0x897,0x6ff,0x9d3 W2=0x7a4,0x73e,0x176b
  witness[12] tail=24 r61=23 gh60=0xd664baa W1=0x1582,0x1991,0x2818 W2=0x148f,0x1a7d,0x3228
  witness[13] tail=24 r61=28 gh60=0xdb7cbba W1=0x29b6,0x3341,0x1342 W2=0x28c3,0x2e89,0x30d7
  witness[14] tail=25 r61=16 gh60=0xca79d9a W1=0x69,0x2a69,0x3b2b W2=0x3f76,0x765,0x44c
  witness[15] tail=25 r61=17 gh60=0x4885bba W1=0x21ba,0x28f1,0x6fc W2=0x20c7,0x16ed,0x2724

Scan-only r61 registry
  registry_count=16 registry_cap=16
  r61_witness[00] r61=14 tail=26 gh60=0x4688baa W1=0x397d,0x2b50,0x1049 W2=0x388a,0x2803,0x730
  r61_witness[01] r61=15 tail=27 gh60=0xc51cd6a W1=0x365e,0x34cf,0xe10 W2=0x356b,0x337,0x782
  r61_witness[02] r61=15 tail=28 gh60=0x56084ea W1=0x3b0d,0x16b,0x1a65 W2=0x3a1a,0x1b61,0x28f1
  r61_witness[03] r61=15 tail=29 gh60=0x4905b7a W1=0x3dda,0x3e8,0xd3f W2=0x3ce7,0x381c,0x3678
  r61_witness[04] r61=15 tail=30 gh60=0x46184ee W1=0xc1f,0x1713,0x240c W2=0xb2c,0x2ad,0x18d2
  r61_witness[05] r61=15 tail=32 gh60=0xdb6df7a W1=0x3fd6,0x509,0x33af W2=0x3ee3,0x729,0x148a
  r61_witness[06] r61=16 tail=18 gh60=0x5e85c9a W1=0x3fea,0x153a,0x2bfe W2=0x3ef7,0x363b,0x406
  r61_witness[07] r61=16 tail=25 gh60=0xca79d9a W1=0x69,0x2a69,0x3b2b W2=0x3f76,0x765,0x44c
  r61_witness[08] r61=16 tail=27 gh60=0x390876a W1=0x235d,0x1d73,0x1c39 W2=0x226a,0x14b9,0x2fcd
  r61_witness[09] r61=16 tail=28 gh60=0xc618cea W1=0x170d,0x36ba,0x3516 W2=0x161a,0xcb1,0x1f61
  r61_witness[10] r61=16 tail=29 gh60=0xc889faa W1=0x3fbd,0x37fb,0x2e8e W2=0x3eca,0x2402,0x295
  r61_witness[11] r61=16 tail=31 gh60=0x36087ea W1=0x2b8d,0x1d9d,0x173d W2=0x2a9a,0xe67,0x2880
  r61_witness[12] r61=16 tail=31 gh60=0x4568566 W1=0x2c53,0x70c,0x341a W2=0x2b60,0x1b65,0x16c1
  r61_witness[13] r61=16 tail=34 gh60=0x4a984a6 W1=0xaeb,0x1f0a,0x139a W2=0x9f8,0x3fe5,0x4f3
  r61_witness[14] r61=16 tail=34 gh60=0x450bd6a W1=0xe51,0x29cc,0x2b97 W2=0xd5e,0x18bb,0x22af
  r61_witness[15] r61=16 tail=35 gh60=0x4907f66 W1=0xfcc,0x3a01,0x3a22 W2=0xed9,0xebe,0x3279

D60=0 fiber histogram: 1:8027 2:4649 3:1809 4:1151 5:421 6:235 7:80 8:64 9:34 10:11 11:9 12:5 13:2 14:2 15:2 16:2 17:1 20:1
