free_word_mitm_reducedn
N=14 mask=0x3fff msb=0x2000
candidate: M0=0x3d36 mode=random-fallback fill=0x3fff kernel=dM0=dM9=0x2000
prefixes=32768/268435456 mode=permuted-prefix-sample w59_per_prefix=16384 total=536870912
run_mode=scan registry_cap=16
sample_start=96436224
scan_elapsed=21.879s rate=24.54 Mtriples/s

D60 interface
  D60=0 matches: 32460 (random expectation 32768.0, enrichment 0.991x)
  prefixes with D60=0: 16497
  max D60=0 fiber per prefix: 18 at W57=0x22a2 W58=0x31b2
  largest D60 bucket: D=0xc2e count=33805
  min D60 HW: 0
  D60 HW histogram: 0:32460 1:456469 2:2970801 3:11902201 4:32769152 5:65602084 6:98449762 7:112525493 8:98431022 9:65589960 10:32769456 11:11907202 12:2976372 13:455712 14:32766

Tail closure among D60=0 matches
  final tail collisions: 0
  best r61 HW: 13
  best r61 W1[57..59]=0x2913,0x1aee,0x28c
  best r61 W2[57..59]=0x2820,0x3410,0x3391
  best tail HW: 19
  best tail r61 HW: 18
  best W1[57..59]=0x2565,0xa21,0x3a44
  best W2[57..59]=0x2472,0x3aaf,0x1067

SUMMARY N=14 sample_start=96436224 prefixes=32768 total=536870912 d0=32460 best_tail=19 tail_r61=18 best_r61=13 tail_W1=0x2565,0xa21,0x3a44 tail_W2=0x2472,0x3aaf,0x1067 r61_W1=0x2913,0x1aee,0x28c r61_W2=0x2820,0x3410,0x3391

Scan-only witness registry
  registry_count=16 registry_cap=16
  witness[00] tail=19 r61=18 gh60=0x4ab8b9a W1=0x2565,0xa21,0x3a44 W2=0x2472,0x3aaf,0x1067
  witness[01] tail=23 r61=21 gh60=0xcf04d66 W1=0x185c,0x357a,0x3e92 W2=0x1769,0x35b5,0x2101
  witness[02] tail=24 r61=20 gh60=0x4b944ae W1=0x3f0,0x1ec8,0x186f W2=0x2fd,0x3be9,0x2b25
  witness[03] tail=24 r61=21 gh60=0x4a085ea W1=0x3c91,0x1ff9,0xf4a W2=0x3b9e,0x2f9b,0x28ec
  witness[04] tail=24 r61=25 gh60=0x7d644ea W1=0x3222,0x9bf,0x1a78 W2=0x312f,0x1bca,0x5cf
  witness[05] tail=24 r61=25 gh60=0xda3cbe6 W1=0x398c,0x2465,0xbb0 W2=0x3899,0x36b4,0x37a3
  witness[06] tail=24 r61=25 gh60=0xcf19f6e W1=0x3f5f,0x182b,0x2421 W2=0x3e6c,0x125e,0x3bbe
  witness[07] tail=25 r61=17 gh60=0xc908b6a W1=0x5d1,0x371d,0x316a W2=0x4de,0x3d5c,0x13f6
  witness[08] tail=25 r61=20 gh60=0x76884aa W1=0x39fd,0x85d,0x131c W2=0x390a,0x1d89,0x3025
  witness[09] tail=25 r61=21 gh60=0x36087ea W1=0x391,0x2b58,0x18ee W2=0x29e,0x2c26,0x2039
  witness[10] tail=25 r61=23 gh60=0xca6bcba W1=0xdf5,0x25ba,0x10e0 W2=0xd02,0x3871,0x2195
  witness[11] tail=25 r61=26 gh60=0xc53cd66 W1=0x65c,0x1217,0x1786 W2=0x569,0x2bb6,0x101b
  witness[12] tail=26 r61=16 gh60=0x4919f6a W1=0x3f5d,0x30ac,0x26c5 W2=0x3e6a,0x1abb,0x386d
  witness[13] tail=26 r61=17 gh60=0x4604cfa W1=0x371a,0x121b,0x1bd3 W2=0x3627,0x457,0x7b8
  witness[14] tail=26 r61=19 gh60=0x7b09f6a W1=0x3fcd,0x26c5,0x776 W2=0x3eda,0x18dc,0x82
  witness[15] tail=26 r61=20 gh60=0xca09dea W1=0x3e8d,0x211a,0x2a4b W2=0x3d9a,0x3175,0x237b

Scan-only r61 registry
  registry_count=16 registry_cap=16
  r61_witness[00] r61=13 tail=31 gh60=0x4a28ce6 W1=0x2913,0x1aee,0x28c W2=0x2820,0x3410,0x3391
  r61_witness[01] r61=14 tail=29 gh60=0x5e08ce6 W1=0x71b,0x22eb,0x2648 W2=0x628,0x3cf1,0x192
  r61_witness[02] r61=15 tail=28 gh60=0x4a08fea W1=0x3791,0x150e,0x301b W2=0x369e,0x24a1,0x2876
  r61_witness[03] r61=15 tail=31 gh60=0xc4a5ca6 W1=0x1e34,0x1671,0x1ac1 W2=0x1d41,0x189c,0x1e6
  r61_witness[04] r61=15 tail=32 gh60=0x4a184e6 W1=0x20b,0x721,0x3df0 W2=0x118,0x1202,0x39dd
  r61_witness[05] r61=15 tail=38 gh60=0x4a087ea W1=0x238d,0x2dfb,0x445 W2=0x229a,0x1cc5,0x2ea2
  r61_witness[06] r61=16 tail=26 gh60=0x4919f6a W1=0x3f5d,0x30ac,0x26c5 W2=0x3e6a,0x1abb,0x386d
  r61_witness[07] r61=16 tail=27 gh60=0x4618cea W1=0x70d,0x35a0,0x1ad5 W2=0x61a,0x3893,0x3934
  r61_witness[08] r61=16 tail=31 gh60=0xc8a4caa W1=0x932,0x8ed,0x2dc9 W2=0x83f,0xb31,0xca6
  r61_witness[09] r61=16 tail=31 gh60=0x563bdea W1=0x109d,0x155d,0xce1 W2=0xfaa,0x12a4,0x15dd
  r61_witness[10] r61=16 tail=35 gh60=0x3d84da6 W1=0x367c,0xcf9,0x3698 W2=0x3589,0x361e,0x3857
  r61_witness[11] r61=16 tail=35 gh60=0x5a29d9e W1=0x3e87,0x3a49,0x17df W2=0x3d94,0x35d,0x3f61
  r61_witness[12] r61=16 tail=37 gh60=0x498bcae W1=0x2f2f,0x29e,0x3f9c W2=0x2e3c,0xb85,0x3ffe
  r61_witness[13] r61=16 tail=40 gh60=0x4b29d9a W1=0x20c9,0x1fd7,0xa59 W2=0x1fd6,0x3883,0x1135
  r61_witness[14] r61=16 tail=43 gh60=0xc617cee W1=0x3110,0x1af3,0x8e4 W2=0x301d,0x3257,0x3805
  r61_witness[15] r61=16 tail=45 gh60=0x4a89dae W1=0x207f,0x3a23,0x1ed6 W2=0x1f8c,0x1e5a,0x255

D60=0 fiber histogram: 1:7925 2:4880 3:1839 4:1002 5:392 6:230 7:95 8:71 9:25 10:13 11:8 12:9 13:1 14:1 15:1 16:3 18:2
