free_word_mitm_reducedn
N=14 mask=0x3fff msb=0x2000
candidate: M0=0x3d36 mode=random-fallback fill=0x3fff kernel=dM0=dM9=0x2000
prefixes=32768/268435456 mode=permuted-prefix-sample w59_per_prefix=16384 total=536870912
run_mode=scan registry_cap=16
sample_start=160006144
scan_elapsed=18.863s rate=28.46 Mtriples/s

D60 interface
  D60=0 matches: 32646 (random expectation 32768.0, enrichment 0.996x)
  prefixes with D60=0: 16501
  max D60=0 fiber per prefix: 24 at W57=0x1805 W58=0x26cc
  largest D60 bucket: D=0x11ef count=33881
  min D60 HW: 0
  D60 HW histogram: 0:32646 1:458923 2:2977195 3:11919524 4:32800431 5:65651609 6:98453103 7:112457346 8:98387942 9:65567456 10:32779206 11:11916652 12:2979239 13:457561 14:32079

Tail closure among D60=0 matches
  final tail collisions: 0
  best r61 HW: 13
  best r61 W1[57..59]=0x53a,0x2cc9,0x9f0
  best r61 W2[57..59]=0x447,0x117c,0x2a96
  best tail HW: 21
  best tail r61 HW: 23
  best W1[57..59]=0x3ee2,0x4d9,0xb42
  best W2[57..59]=0x3def,0x15b9,0x23a9

SUMMARY N=14 sample_start=160006144 prefixes=32768 total=536870912 d0=32646 best_tail=21 tail_r61=23 best_r61=13 tail_W1=0x3ee2,0x4d9,0xb42 tail_W2=0x3def,0x15b9,0x23a9 r61_W1=0x53a,0x2cc9,0x9f0 r61_W2=0x447,0x117c,0x2a96

Scan-only witness registry
  registry_count=16 registry_cap=16
  witness[00] tail=21 r61=23 gh60=0xc9a5d6a W1=0x3ee2,0x4d9,0xb42 W2=0x3def,0x15b9,0x23a9
  witness[01] tail=22 r61=13 gh60=0x453459e W1=0xcc8,0x2494,0x157c W2=0xbd5,0x2b2c,0x3272
  witness[02] tail=24 r61=18 gh60=0xcee8c9a W1=0x3905,0x2edb,0x565 W2=0x3812,0x22ad,0x2dff
  witness[03] tail=25 r61=18 gh60=0x4a2c5fe W1=0x1c98,0x18d2,0x337e W2=0x1ba5,0x2e93,0x13a3
  witness[04] tail=25 r61=20 gh60=0x5a044e6 W1=0x3a1c,0x12ae,0x1049 W2=0x3929,0x3b72,0x2e38
  witness[05] tail=25 r61=24 gh60=0x589cba6 W1=0x15bc,0x2e84,0x109f W2=0x14c9,0x639,0x72e
  witness[06] tail=25 r61=24 gh60=0xba24fea W1=0x3792,0x2520,0xcda W2=0x369f,0x20b8,0xafb
  witness[07] tail=25 r61=25 gh60=0x4a945aa W1=0xa7e,0x3697,0x178d W2=0x98b,0x34a0,0x2c81
  witness[08] tail=25 r61=27 gh60=0xc987c9a W1=0x30ea,0x30ac,0x3b0f W2=0x2ff7,0x971,0x1389
  witness[09] tail=26 r61=16 gh60=0xda8fca6 W1=0xefc,0x22b7,0xfbb W2=0xe09,0x25c2,0x389e
  witness[10] tail=26 r61=16 gh60=0x5f04b66 W1=0x294c,0x202c,0x2f12 W2=0x2859,0x1e07,0x323
  witness[11] tail=26 r61=17 gh60=0xce04b9a W1=0x98a,0x20a,0x187a W2=0x897,0x2fe1,0xfc5
  witness[12] tail=26 r61=19 gh60=0x4d98da6 W1=0x8ab,0xf78,0x10a0 W2=0x7b8,0x1ac,0xd6b
  witness[13] tail=26 r61=19 gh60=0x4e08ce6 W1=0x391b,0x1eb5,0x5b4 W2=0x3828,0x2b37,0xe86
  witness[14] tail=26 r61=20 gh60=0xdf89caa W1=0x1f41,0x3269,0x37fd W2=0x1e4e,0x341c,0xca
  witness[15] tail=26 r61=20 gh60=0x470856a W1=0x2ccd,0x1b90,0x3ccb W2=0x2bda,0x27c2,0x17ae

Scan-only r61 registry
  registry_count=16 registry_cap=16
  r61_witness[00] r61=13 tail=22 gh60=0x453459e W1=0xcc8,0x2494,0x157c W2=0xbd5,0x2b2c,0x3272
  r61_witness[01] r61=13 tail=29 gh60=0x5609cea W1=0x201d,0x1388,0x162e W2=0x1f2a,0x15bb,0x1776
  r61_witness[02] r61=13 tail=30 gh60=0x48844ba W1=0x53a,0x2cc9,0x9f0 W2=0x447,0x117c,0x2a96
  r61_witness[03] r61=14 tail=30 gh60=0x36084ea W1=0x511,0xedc,0x1221 W2=0x41e,0x1412,0x3954
  r61_witness[04] r61=15 tail=30 gh60=0x5888baa W1=0x35ad,0xd79,0x4fc W2=0x34ba,0xd8c,0x3bdc
  r61_witness[05] r61=15 tail=31 gh60=0x4a69c9a W1=0x2105,0x3a73,0x26ab W2=0x2012,0x1fbb,0xfcf
  r61_witness[06] r61=15 tail=31 gh60=0x388c4ae W1=0x3340,0x2c4b,0x1b68 W2=0x324d,0x2a5c,0xb06
  r61_witness[07] r61=15 tail=34 gh60=0x5888faa W1=0x17ad,0x13cd,0x3196 W2=0x16ba,0x10e0,0xd0a
  r61_witness[08] r61=15 tail=37 gh60=0x4c884a6 W1=0x2a3b,0x239d,0x168a W2=0x2948,0x2ee8,0xab8
  r61_witness[09] r61=16 tail=26 gh60=0xda8fca6 W1=0xefc,0x22b7,0xfbb W2=0xe09,0x25c2,0x389e
  r61_witness[10] r61=16 tail=26 gh60=0x5f04b66 W1=0x294c,0x202c,0x2f12 W2=0x2859,0x1e07,0x323
  r61_witness[11] r61=16 tail=28 gh60=0x44844a6 W1=0x3c3c,0x3cb5,0x1da9 W2=0x3b49,0xb01,0x2f99
  r61_witness[12] r61=16 tail=30 gh60=0x48884ae W1=0xd2f,0x2269,0x2864 W2=0xc3c,0x89,0x9e0
  r61_witness[13] r61=16 tail=30 gh60=0x5e8bba6 W1=0xd6b,0x1ebd,0x26c7 W2=0xc78,0x1183,0x1672
  r61_witness[14] r61=16 tail=35 gh60=0xba9bba6 W1=0x316b,0x2198,0x13a5 W2=0x3078,0x1756,0x6f0
  r61_witness[15] r61=16 tail=36 gh60=0x4a88ba6 W1=0x157b,0x3d29,0x35a8 W2=0x1488,0x155d,0x2ec0

D60=0 fiber histogram: 1:7887 2:4780 3:1870 4:1150 5:406 6:201 7:75 8:71 9:27 10:14 11:4 12:7 13:3 16:3 18:1 20:1 24:1
