free_word_mitm_reducedn
N=14 mask=0x3fff msb=0x2000
candidate: M0=0x3d36 mode=random-fallback fill=0x3fff kernel=dM0=dM9=0x2000
prefixes=32768/268435456 mode=permuted-prefix-sample w59_per_prefix=16384 total=536870912
run_mode=scan registry_cap=16
sample_start=10715136
scan_elapsed=20.225s rate=26.54 Mtriples/s

D60 interface
  D60=0 matches: 32406 (random expectation 32768.0, enrichment 0.989x)
  prefixes with D60=0: 16420
  max D60=0 fiber per prefix: 24 at W57=0xc07 W58=0x289f
  largest D60 bucket: D=0x2d56 count=33815
  min D60 HW: 0
  D60 HW histogram: 0:32406 1:456207 2:2966913 3:11890022 4:32760266 5:65592437 6:98450246 7:112539445 8:98432290 9:65600832 10:32776559 11:11911088 12:2973397 13:456342 14:32462

Tail closure among D60=0 matches
  final tail collisions: 0
  best r61 HW: 15
  best r61 W1[57..59]=0x3f55,0xed,0x3a49
  best r61 W2[57..59]=0x3e62,0x2b10,0x14c1
  best tail HW: 23
  best tail r61 HW: 23
  best W1[57..59]=0xdce,0x21c,0x22e2
  best W2[57..59]=0xcdb,0x301c,0x1067

SUMMARY N=14 sample_start=10715136 prefixes=32768 total=536870912 d0=32406 best_tail=23 tail_r61=23 best_r61=15 tail_W1=0xdce,0x21c,0x22e2 tail_W2=0xcdb,0x301c,0x1067 r61_W1=0x3f55,0xed,0x3a49 r61_W2=0x3e62,0x2b10,0x14c1

Scan-only witness registry
  registry_count=16 registry_cap=16
  witness[00] tail=23 r61=23 gh60=0x7f0fb6a W1=0xdce,0x21c,0x22e2 W2=0xcdb,0x301c,0x1067
  witness[01] tail=24 r61=16 gh60=0xb908b66 W1=0x39db,0x15db,0x2731 W2=0x38e8,0x23a5,0x1fdc
  witness[02] tail=24 r61=17 gh60=0x4f69c9a W1=0x29,0x13bd,0x268d W2=0x3f36,0x3449,0x9fc
  witness[03] tail=24 r61=17 gh60=0xc60449a W1=0x1c0a,0x1d02,0x1cad W2=0x1b17,0x13c6,0x3042
  witness[04] tail=24 r61=19 gh60=0xdf844a6 W1=0x332c,0x8cc,0x189c W2=0x3239,0x282a,0x17da
  witness[05] tail=24 r61=20 gh60=0x5f985a6 W1=0x1c7b,0xfa,0x2333 W2=0x1b88,0x5ad,0x1838
  witness[06] tail=24 r61=20 gh60=0x4be8d7e W1=0x36d7,0xffc,0x2b6 W2=0x35e4,0x21c7,0x3066
  witness[07] tail=24 r61=24 gh60=0x575c59a W1=0x2c6,0x2788,0x236a W2=0x1d3,0x3fe,0x3fca
  witness[08] tail=25 r61=16 gh60=0xc908b6e W1=0x255f,0x3620,0x313b W2=0x246c,0x2c2b,0x1a52
  witness[09] tail=25 r61=16 gh60=0x4739d6a W1=0x3e4d,0x306e,0x3701 W2=0x3d5a,0x3c5d,0x153c
  witness[10] tail=25 r61=19 gh60=0xc998fae W1=0x17bf,0x34f2,0x1ffd W2=0x16cc,0x3b39,0x1212
  witness[11] tail=25 r61=21 gh60=0x4d3456a W1=0xa4e,0x3882,0x2f4b W2=0x95b,0x2d39,0x36e9
  witness[12] tail=25 r61=21 gh60=0xdaf9d6a W1=0x1e61,0xa6b,0x283f W2=0x1d6e,0xe46,0x1c06
  witness[13] tail=25 r61=24 gh60=0xca25ba6 W1=0x184,0x3e49,0x1734 W2=0x91,0x13c,0x207e
  witness[14] tail=25 r61=26 gh60=0x5758b9a W1=0x5c9,0x3f88,0x523 W2=0x4d6,0x2e,0x1718
  witness[15] tail=26 r61=16 gh60=0x4b844ba W1=0x1bfa,0x838,0x1b7f W2=0x1b07,0x3dab,0xa85

Scan-only r61 registry
  registry_count=16 registry_cap=16
  r61_witness[00] r61=15 tail=28 gh60=0xc697baa W1=0x317e,0x3872,0x1c68 W2=0x308b,0x213a,0x1036
  r61_witness[01] r61=15 tail=30 gh60=0x4919f7a W1=0x3f55,0xed,0x3a49 W2=0x3e62,0x2b10,0x14c1
  r61_witness[02] r61=15 tail=32 gh60=0xc608cea W1=0x161d,0x3625,0x1d3e W2=0x152a,0x10d8,0xbe6
  r61_witness[03] r61=15 tail=33 gh60=0x56087ea W1=0x1b8d,0x2f53,0xcf3 W2=0x1a9a,0x3521,0x163f
  r61_witness[04] r61=16 tail=24 gh60=0xb908b66 W1=0x39db,0x15db,0x2731 W2=0x38e8,0x23a5,0x1fdc
  r61_witness[05] r61=16 tail=25 gh60=0xc908b6e W1=0x255f,0x3620,0x313b W2=0x246c,0x2c2b,0x1a52
  r61_witness[06] r61=16 tail=25 gh60=0x4739d6a W1=0x3e4d,0x306e,0x3701 W2=0x3d5a,0x3c5d,0x153c
  r61_witness[07] r61=16 tail=26 gh60=0x4b844ba W1=0x1bfa,0x838,0x1b7f W2=0x1b07,0x3dab,0xa85
  r61_witness[08] r61=16 tail=26 gh60=0x4485da6 W1=0x3eac,0x23de,0x174d W2=0x3db9,0x3da1,0x34b7
  r61_witness[09] r61=16 tail=27 gh60=0x5b18766 W1=0x234b,0x1da6,0x3edd W2=0x2258,0x45f,0x18f7
  r61_witness[10] r61=16 tail=29 gh60=0x790449a W1=0x54a,0x2e45,0x66d W2=0x457,0x144f,0x3ae5
  r61_witness[11] r61=16 tail=29 gh60=0x3ee7ce6 W1=0xe14,0x287e,0xcdd W2=0xd21,0x1c27,0x485
  r61_witness[12] r61=16 tail=29 gh60=0xcb1876a W1=0x13dd,0x2e4b,0x24a7 W2=0x12ea,0x289d,0x3b50
  r61_witness[13] r61=16 tail=29 gh60=0xb6085ea W1=0x229d,0xb90,0x2f22 W2=0x21aa,0x151e,0x3d29
  r61_witness[14] r61=16 tail=29 gh60=0x4604c9a W1=0x360a,0xdf2,0xbf3 W2=0x3517,0x7bd,0x1bac
  r61_witness[15] r61=16 tail=33 gh60=0xc604fe6 W1=0x79c,0x22bc,0x1421 W2=0x6a9,0xa7b,0x2214

D60=0 fiber histogram: 1:7994 2:4677 3:1819 4:1083 5:403 6:211 7:78 8:83 9:25 10:21 11:6 12:11 13:2 14:2 15:1 16:2 20:1 24:1
