free_word_mitm_reducedn
N=14 mask=0x3fff msb=0x2000
candidate: M0=0x3d36 mode=random-fallback fill=0x3fff kernel=dM0=dM9=0x2000
prefixes=32768/268435456 mode=permuted-prefix-sample w59_per_prefix=16384 total=536870912
run_mode=scan registry_cap=16
sample_start=216727552
scan_elapsed=18.132s rate=29.61 Mtriples/s

D60 interface
  D60=0 matches: 32861 (random expectation 32768.0, enrichment 1.003x)
  prefixes with D60=0: 16629
  max D60=0 fiber per prefix: 22 at W57=0xa63 W58=0x11c9
  largest D60 bucket: D=0x31fa count=33778
  min D60 HW: 0
  D60 HW histogram: 0:32861 1:458549 2:2984729 3:11924396 4:32816872 5:65638759 6:98477824 7:112515019 8:98374620 9:65535751 10:32757099 11:11893495 12:2971660 13:456698 14:32580

Tail closure among D60=0 matches
  final tail collisions: 0
  best r61 HW: 13
  best r61 W1[57..59]=0x3aa,0x1aac,0x24ef
  best r61 W2[57..59]=0x2b7,0xc80,0x3fc3
  best tail HW: 23
  best tail r61 HW: 19
  best W1[57..59]=0x20d5,0xfbf,0x1974
  best W2[57..59]=0x1fe2,0x3632,0x3405

SUMMARY N=14 sample_start=216727552 prefixes=32768 total=536870912 d0=32861 best_tail=23 tail_r61=19 best_r61=13 tail_W1=0x20d5,0xfbf,0x1974 tail_W2=0x1fe2,0x3632,0x3405 r61_W1=0x3aa,0x1aac,0x24ef r61_W2=0x2b7,0xc80,0x3fc3

Scan-only witness registry
  registry_count=16 registry_cap=16
  witness[00] tail=23 r61=18 gh60=0x3e6849a W1=0x2c09,0x19b3,0x2104 W2=0x2b16,0x7e,0x319e
  witness[01] tail=23 r61=19 gh60=0x5729d7a W1=0x20d5,0xfbf,0x1974 W2=0x1fe2,0x3632,0x3405
  witness[02] tail=23 r61=25 gh60=0xce584fe W1=0xa17,0xab,0x557 W2=0x924,0x9d3,0x818
  witness[03] tail=24 r61=19 gh60=0xce185ea W1=0x2291,0x114f,0x2c2a W2=0x219e,0x9ed,0xcab
  witness[04] tail=24 r61=23 gh60=0x5569d7a W1=0x2059,0x13da,0x3865 W2=0x1f66,0x3229,0x26ff
  witness[05] tail=25 r61=19 gh60=0xc63dcfe W1=0x3f18,0x2245,0x17b7 W2=0x3e25,0x2f2d,0xe02
  witness[06] tail=25 r61=20 gh60=0xf9984e6 W1=0xd23,0x14da,0x2f42 W2=0xc30,0x304f,0x3f6c
  witness[07] tail=25 r61=21 gh60=0xcf0db6e W1=0x1d0,0x1af2,0x2962 W2=0xdd,0xa0e,0x3f78
  witness[08] tail=25 r61=21 gh60=0xb8b8b9a W1=0x19a5,0xdd9,0x254a W2=0x18b2,0xa37,0x24fa
  witness[09] tail=25 r61=25 gh60=0x5a2bfa6 W1=0x2f83,0x3c7c,0x646 W2=0x2e90,0x13de,0x149
  witness[10] tail=26 r61=17 gh60=0xcd68d7a W1=0x28d5,0x1d4c,0x3a6d W2=0x27e2,0x53b,0x54e
  witness[11] tail=26 r61=18 gh60=0xd704c9a W1=0x84a,0x448,0x7d9 W2=0x757,0x2793,0x284a
  witness[12] tail=26 r61=20 gh60=0xc618ce6 W1=0x161b,0x1e1c,0x3850 W2=0x1528,0x12e,0x1d1d
  witness[13] tail=26 r61=21 gh60=0xf7ac5ea W1=0xaa2,0x237b,0x84f W2=0x9af,0x3132,0x3050
  witness[14] tail=26 r61=21 gh60=0x4988caa W1=0x18f1,0x1cc8,0xc95 W2=0x17fe,0x2e87,0x1fa2
  witness[15] tail=26 r61=21 gh60=0xc67ccea W1=0x190e,0x2d13,0x3419 W2=0x181b,0x3d1f,0x17e8

Scan-only r61 registry
  registry_count=16 registry_cap=16
  r61_witness[00] r61=13 tail=30 gh60=0x498479a W1=0x3aa,0x1aac,0x24ef W2=0x2b7,0xc80,0x3fc3
  r61_witness[01] r61=14 tail=30 gh60=0x4a284fa W1=0x3515,0x3afc,0x2a78 W2=0x3422,0x33f0,0x3058
  r61_witness[02] r61=15 tail=27 gh60=0x48b7fae W1=0x2fc0,0x2a9a,0x1f4e W2=0x2ecd,0x11ce,0x9cd
  r61_witness[03] r61=15 tail=28 gh60=0xca045fa W1=0x2c9a,0x1f69,0x1ffe W2=0x2ba7,0x10fe,0x2d3b
  r61_witness[04] r61=15 tail=29 gh60=0x4cac4ba W1=0x2236,0x211c,0x20ef W2=0x2143,0x65b,0x109d
  r61_witness[05] r61=15 tail=30 gh60=0xda88cae W1=0x26ef,0x13db,0x3f0 W2=0x25fc,0x30ba,0x31a
  r61_witness[06] r61=15 tail=31 gh60=0x391876a W1=0x2bcd,0x214a,0xb7f W2=0x2ada,0x11ac,0x25cb
  r61_witness[07] r61=15 tail=31 gh60=0x4a0bfea W1=0x2f9d,0x337e,0x2916 W2=0x2eaa,0xefd,0x3ac6
  r61_witness[08] r61=15 tail=31 gh60=0xdd08566 W1=0x3c5b,0x2cbc,0x2d5f W2=0x3b68,0x32ff,0x28ac
  r61_witness[09] r61=15 tail=31 gh60=0xcb8449a W1=0x3d2a,0xe6f,0xaf3 W2=0x3c37,0x4ad,0x1927
  r61_witness[10] r61=15 tail=34 gh60=0x54a5ca6 W1=0x34,0x3f0b,0x3e7d W2=0x3f41,0x1ab6,0x3294
  r61_witness[11] r61=16 tail=28 gh60=0x493fb66 W1=0xdd4,0x3863,0x25ee W2=0xce1,0x2ed0,0x653
  r61_witness[12] r61=16 tail=28 gh60=0xc48dcaa W1=0x1e3e,0x22c5,0x15a8 W2=0x1d4b,0x2c79,0x1083
  r61_witness[13] r61=16 tail=30 gh60=0x4a285a6 W1=0x1c83,0x12ff,0x1411 W2=0x1b90,0x37e4,0x1dcc
  r61_witness[14] r61=16 tail=30 gh60=0xc589ca6 W1=0x3dfb,0x13b6,0x12b2 W2=0x3d08,0x25c0,0xe02
  r61_witness[15] r61=16 tail=31 gh60=0x460bce6 W1=0x2f1b,0x14b3,0x1d8f W2=0x2e28,0x1db3,0x2406

D60=0 fiber histogram: 1:8157 2:4693 3:1813 4:1070 5:426 6:226 7:75 8:89 9:21 10:29 11:8 12:10 13:2 14:4 15:1 16:3 22:2
