free_word_mitm_reducedn
N=14 mask=0x3fff msb=0x2000
candidate: M0=0x3d36 mode=random-fallback fill=0x3fff kernel=dM0=dM9=0x2000
prefixes=32768/268435456 mode=permuted-prefix-sample w59_per_prefix=16384 total=536870912
run_mode=scan registry_cap=16
sample_start=82509824
scan_elapsed=18.013s rate=29.81 Mtriples/s

D60 interface
  D60=0 matches: 32532 (random expectation 32768.0, enrichment 0.993x)
  prefixes with D60=0: 16610
  max D60=0 fiber per prefix: 19 at W57=0x39ec W58=0x7fa
  largest D60 bucket: D=0x2b4b count=33928
  min D60 HW: 0
  D60 HW histogram: 0:32532 1:456343 2:2974978 3:11909805 4:32791883 5:65607926 6:98462585 7:112549472 8:98426390 9:65569745 10:32749549 11:11888759 12:2962998 13:455551 14:32396

Tail closure among D60=0 matches
  final tail collisions: 0
  best r61 HW: 15
  best r61 W1[57..59]=0x313a,0x2905,0x3eb2
  best r61 W2[57..59]=0x3047,0x3b3d,0x2a86
  best tail HW: 21
  best tail r61 HW: 20
  best W1[57..59]=0x282c,0x2813,0x3303
  best W2[57..59]=0x2739,0x2230,0x3bd4

SUMMARY N=14 sample_start=82509824 prefixes=32768 total=536870912 d0=32532 best_tail=21 tail_r61=20 best_r61=15 tail_W1=0x282c,0x2813,0x3303 tail_W2=0x2739,0x2230,0x3bd4 r61_W1=0x313a,0x2905,0x3eb2 r61_W2=0x3047,0x3b3d,0x2a86

Scan-only witness registry
  registry_count=16 registry_cap=16
  witness[00] tail=21 r61=20 gh60=0xbc84ca6 W1=0x282c,0x2813,0x3303 W2=0x2739,0x2230,0x3bd4
  witness[01] tail=21 r61=21 gh60=0x4a784ea W1=0x1b1d,0x28b0,0x3cda W2=0x1a2a,0x392,0x6
  witness[02] tail=23 r61=19 gh60=0x5e0fcea W1=0x310e,0x35ba,0x16dc W2=0x301b,0x2d3e,0x946
  witness[03] tail=23 r61=20 gh60=0x39847a6 W1=0x2b7c,0x3b25,0x11f9 W2=0x2a89,0x24e9,0xf6
  witness[04] tail=23 r61=21 gh60=0x5b98dae W1=0x187f,0x2af1,0x3151 W2=0x178c,0x1da8,0x3cc7
  witness[05] tail=24 r61=18 gh60=0x4af4cae W1=0x6f0,0x279b,0x3a1f W2=0x5fd,0x147b,0x84a
  witness[06] tail=24 r61=20 gh60=0x7f09b6e W1=0x3dcf,0x6b,0x150f W2=0x3cdc,0x3486,0x1cd3
  witness[07] tail=24 r61=27 gh60=0x4db7cba W1=0xe36,0x195b,0x23c2 W2=0xd43,0x2b97,0x335
  witness[08] tail=25 r61=19 gh60=0x7a185a6 W1=0x1283,0x24ff,0x1a0b W2=0x1190,0x29e2,0x2e71
  witness[09] tail=25 r61=20 gh60=0xbe79d9e W1=0x87,0xee,0x1463 W2=0x3f94,0x402,0x209d
  witness[10] tail=25 r61=20 gh60=0x5db849e W1=0x31e7,0x17b,0x2b6a W2=0x30f4,0x1e2a,0x3a32
  witness[11] tail=25 r61=21 gh60=0x59f8cae W1=0x393f,0x27ae,0x365d W2=0x384c,0x11fd,0x45b
  witness[12] tail=25 r61=22 gh60=0x4ca859e W1=0xaa7,0x3497,0x2fe8 W2=0x9b4,0x3864,0x17d9
  witness[13] tail=25 r61=24 gh60=0xde39fa6 W1=0x3f83,0x3b81,0x12e4 W2=0x3e90,0x23e3,0x1222
  witness[14] tail=25 r61=25 gh60=0x5f0fb66 W1=0x315c,0x2a6c,0x4fe W2=0x3069,0x1eb9,0x3902
  witness[15] tail=26 r61=15 gh60=0x552857a W1=0x1259,0x1548,0x3b W2=0x1166,0x274,0xb1b

Scan-only r61 registry
  registry_count=16 registry_cap=16
  r61_witness[00] r61=15 tail=26 gh60=0x552857a W1=0x1259,0x1548,0x3b W2=0x1166,0x274,0xb1b
  r61_witness[01] r61=15 tail=29 gh60=0x4884bba W1=0x39ba,0x35b4,0x212a W2=0x38c7,0x31b4,0x2ba6
  r61_witness[02] r61=15 tail=30 gh60=0x4987cba W1=0x313a,0x2905,0x3eb2 W2=0x3047,0x3b3d,0x2a86
  r61_witness[03] r61=15 tail=30 gh60=0x49bc49e W1=0x3d28,0xec6,0x10ea W2=0x3c35,0x2cf0,0x38da
  r61_witness[04] r61=15 tail=31 gh60=0x5e84fa6 W1=0x77c,0x345f,0x1df5 W2=0x689,0x1a24,0x3587
  r61_witness[05] r61=15 tail=31 gh60=0xca8bca6 W1=0xffb,0x132f,0x149f W2=0xf08,0x30b9,0x19b0
  r61_witness[06] r61=15 tail=33 gh60=0xc8947ae W1=0x23b0,0x2372,0xcef W2=0x22bd,0x1dbb,0x1c0d
  r61_witness[07] r61=16 tail=28 gh60=0x48884ae W1=0x3d2f,0x2376,0x29b5 W2=0x3c3c,0x1296,0x1c3e
  r61_witness[08] r61=16 tail=31 gh60=0x491bb6e W1=0x2d5f,0x2f38,0x203c W2=0x2c6c,0x1847,0x3e60
  r61_witness[09] r61=16 tail=32 gh60=0x5a185ee W1=0x2c8f,0x1fa6,0x14f7 W2=0x2b9c,0x464,0x225a
  r61_witness[10] r61=16 tail=33 gh60=0x4a2c4fa W1=0xd16,0x3d44,0xfdc W2=0xc23,0x24cd,0x2e69
  r61_witness[11] r61=16 tail=33 gh60=0x3a0449a W1=0x230a,0x1bc1,0x3978 W2=0x2217,0x4bf,0x384a
  r61_witness[12] r61=17 tail=27 gh60=0xb58bda6 W1=0x30bb,0x17c2,0x2626 W2=0x2fc8,0x3ee0,0xc59
  r61_witness[13] r61=17 tail=28 gh60=0xca3859a W1=0x1c89,0x19d0,0x2100 W2=0x1b96,0x8cf,0x309a
  r61_witness[14] r61=17 tail=29 gh60=0x4704566 W1=0x1cdc,0x3f9e,0x308a W2=0x1be9,0xbc2,0x2955
  r61_witness[15] r61=17 tail=30 gh60=0xb50dd6e W1=0xd0,0x3cae,0x2932 W2=0x3fdd,0x1a5a,0x795

D60=0 fiber histogram: 1:8169 2:4684 3:1807 4:1122 5:408 6:207 7:73 8:76 9:22 10:22 11:3 12:9 13:2 15:1 16:3 18:1 19:1
