free_word_mitm_reducedn
N=14 mask=0x3fff msb=0x2000
candidate: M0=0x3d36 mode=random-fallback fill=0x3fff kernel=dM0=dM9=0x2000
prefixes=32768/268435456 mode=permuted-prefix-sample w59_per_prefix=16384 total=536870912
run_mode=scan registry_cap=16
sample_start=33521664
scan_elapsed=20.279s rate=26.47 Mtriples/s

D60 interface
  D60=0 matches: 32915 (random expectation 32768.0, enrichment 1.004x)
  prefixes with D60=0: 16569
  max D60=0 fiber per prefix: 17 at W57=0x215c W58=0xa36
  largest D60 bucket: D=0xe26 count=33826
  min D60 HW: 0
  D60 HW histogram: 0:32915 1:457562 2:2975358 3:11914059 4:32796020 5:65597632 6:98450611 7:112539532 8:98426445 9:65570079 10:32757573 11:11894439 12:2970101 13:455924 14:32662

Tail closure among D60=0 matches
  final tail collisions: 0
  best r61 HW: 14
  best r61 W1[57..59]=0x55a,0x2d69,0x22b4
  best r61 W2[57..59]=0x467,0x17a1,0x1301
  best tail HW: 19
  best tail r61 HW: 23
  best W1[57..59]=0x2294,0x191,0x894
  best W2[57..59]=0x21a1,0x365d,0x3a7c

SUMMARY N=14 sample_start=33521664 prefixes=32768 total=536870912 d0=32915 best_tail=19 tail_r61=23 best_r61=14 tail_W1=0x2294,0x191,0x894 tail_W2=0x21a1,0x365d,0x3a7c r61_W1=0x55a,0x2d69,0x22b4 r61_W2=0x467,0x17a1,0x1301

Scan-only witness registry
  registry_count=16 registry_cap=16
  witness[00] tail=19 r61=23 gh60=0x5aec5e6 W1=0x2294,0x191,0x894 W2=0x21a1,0x365d,0x3a7c
  witness[01] tail=22 r61=20 gh60=0x45885ae W1=0xcbf,0x16f3,0xd2b W2=0xbcc,0x3e1b,0x2647
  witness[02] tail=23 r61=19 gh60=0xcb88daa W1=0x167d,0x9a4,0x1b40 W2=0x158a,0x2a77,0x3543
  witness[03] tail=24 r61=18 gh60=0xca784ea W1=0x3521,0x2382,0x443 W2=0x342e,0x3ca8,0x1a74
  witness[04] tail=24 r61=20 gh60=0x597449e W1=0xb48,0xde6,0x16f3 W2=0xa55,0x1dde,0x367b
  witness[05] tail=24 r61=21 gh60=0xce98b66 W1=0x5e3,0x2ca5,0x9b4 W2=0x4f0,0x319b,0x2e62
  witness[06] tail=25 r61=17 gh60=0x4b0cb6a W1=0x154e,0x2b7,0x1370 W2=0x145b,0x18b3,0x2e4
  witness[07] tail=25 r61=19 gh60=0xba0bfea W1=0x2fa1,0x1975,0x3979 W2=0x2eae,0x4f8,0xf1b
  witness[08] tail=25 r61=20 gh60=0x4af459a W1=0x1cc6,0xaa8,0x2a33 W2=0x1bd3,0x3924,0x1a62
  witness[09] tail=25 r61=21 gh60=0xc4b85aa W1=0x14bd,0x4d7,0x677 W2=0x13ca,0x235b,0x3b91
  witness[10] tail=25 r61=21 gh60=0x4624cea W1=0x1612,0x892,0x373b W2=0x151f,0x1e92,0x32a9
  witness[11] tail=25 r61=21 gh60=0x4d8cd9a W1=0x18aa,0x2756,0x31b4 W2=0x17b7,0x223d,0xdc5
  witness[12] tail=25 r61=21 gh60=0xb669cba W1=0x1ff5,0x1208,0x347 W2=0x1f02,0x36c3,0x2697
  witness[13] tail=25 r61=22 gh60=0x49d7c9a W1=0x2e06,0x2b6d,0x30ce W2=0x2d13,0xa7e,0x35bc
  witness[14] tail=25 r61=24 gh60=0xc8bbfe6 W1=0x2fa3,0xf4,0x3b19 W2=0x2eb0,0x1be4,0x1732
  witness[15] tail=26 r61=15 gh60=0x49abc9a W1=0x3125,0x21ee,0x1da9 W2=0x3032,0x3a7a,0x1c14

Scan-only r61 registry
  registry_count=16 registry_cap=16
  r61_witness[00] r61=14 tail=35 gh60=0x4b04b7a W1=0x55a,0x2d69,0x22b4 W2=0x467,0x17a1,0x1301
  r61_witness[01] r61=15 tail=26 gh60=0x49abc9a W1=0x3125,0x21ee,0x1da9 W2=0x3032,0x3a7a,0x1c14
  r61_witness[02] r61=15 tail=28 gh60=0xce084ea W1=0x511,0x3594,0x21e4 W2=0x41e,0x3aca,0x3c12
  r61_witness[03] r61=15 tail=30 gh60=0xb888fae W1=0x17bf,0x2b0d,0x3921 W2=0x16cc,0x3154,0x328c
  r61_witness[04] r61=15 tail=30 gh60=0x498bcaa W1=0x2f31,0x2b32,0x3e0b W2=0x2e3e,0x23f9,0x9e7
  r61_witness[05] r61=15 tail=31 gh60=0x5d0cd6a W1=0x385e,0x182d,0x3798 W2=0x376b,0x2075,0x1178
  r61_witness[06] r61=15 tail=34 gh60=0x4618fea W1=0x378d,0x16d1,0x1388 W2=0x369a,0x1660,0x3696
  r61_witness[07] r61=16 tail=27 gh60=0x4918b7a W1=0x19d5,0x2330,0x2cf0 W2=0x18e2,0x196f,0x31a8
  r61_witness[08] r61=16 tail=28 gh60=0x3968be6 W1=0x35a3,0xe0e,0x252 W2=0x34b0,0x27f8,0x78a
  r61_witness[09] r61=16 tail=30 gh60=0x4a044e6 W1=0x1d1c,0x5d4,0x31cb W2=0x1c29,0x2a8,0x361c
  r61_witness[10] r61=16 tail=31 gh60=0x4d884aa W1=0x231,0x14b0,0x17c9 W2=0x13e,0x16b0,0x2bbf
  r61_witness[11] r61=16 tail=31 gh60=0x4a14fee W1=0x1790,0x2a3a,0x27b3 W2=0x169d,0x2e0e,0x29c4
  r61_witness[12] r61=16 tail=31 gh60=0x4905f9a W1=0x1fca,0x185d,0x2a77 W2=0x1ed7,0x8ae,0xb50
  r61_witness[13] r61=16 tail=32 gh60=0xcde4ca6 W1=0x1904,0x21d4,0xd81 W2=0x1811,0x3d11,0x399c
  r61_witness[14] r61=16 tail=32 gh60=0x7a345ee W1=0x3a90,0x32bc,0x2e69 W2=0x399d,0x24ff,0x29b0
  r61_witness[15] r61=16 tail=35 gh60=0x7505c9a W1=0x4a,0x1975,0x26e W2=0x3f57,0x3c3e,0x36a8

D60=0 fiber histogram: 1:8021 2:4758 3:1812 4:1074 5:418 6:230 7:99 8:69 9:32 10:25 11:8 12:10 13:4 14:5 15:2 16:1 17:1
