free_word_mitm_reducedn
N=14 mask=0x3fff msb=0x2000
candidate: M0=0x3d36 mode=random-fallback fill=0x3fff kernel=dM0=dM9=0x2000
prefixes=32768/268435456 mode=permuted-prefix-sample w59_per_prefix=16384 total=536870912
run_mode=scan registry_cap=16
sample_start=201293824
scan_elapsed=20.499s rate=26.19 Mtriples/s

D60 interface
  D60=0 matches: 32567 (random expectation 32768.0, enrichment 0.994x)
  prefixes with D60=0: 16563
  max D60=0 fiber per prefix: 17 at W57=0xe4d W58=0xd8f
  largest D60 bucket: D=0x2670 count=33779
  min D60 HW: 0
  D60 HW histogram: 0:32567 1:457123 2:2979095 3:11918790 4:32792344 5:65604582 6:98412749 7:112516417 8:98434975 9:65611705 10:32759575 11:11892113 12:2969245 13:456923 14:32709

Tail closure among D60=0 matches
  final tail collisions: 0
  best r61 HW: 14
  best r61 W1[57..59]=0xf41,0x607,0x414
  best r61 W2[57..59]=0xe4e,0x38b2,0x1d21
  best tail HW: 23
  best tail r61 HW: 20
  best W1[57..59]=0x3c94,0x257,0x2e89
  best W2[57..59]=0x3ba1,0x2625,0x446

SUMMARY N=14 sample_start=201293824 prefixes=32768 total=536870912 d0=32567 best_tail=23 tail_r61=20 best_r61=14 tail_W1=0x3c94,0x257,0x2e89 tail_W2=0x3ba1,0x2625,0x446 r61_W1=0xf41,0x607,0x414 r61_W2=0xe4e,0x38b2,0x1d21

Scan-only witness registry
  registry_count=16 registry_cap=16
  witness[00] tail=23 r61=20 gh60=0xcfe45e6 W1=0x3c94,0x257,0x2e89 W2=0x3ba1,0x2625,0x446
  witness[01] tail=24 r61=19 gh60=0xc6e45aa W1=0x2472,0xc88,0x1f8 W2=0x237f,0x1ba5,0x1935
  witness[02] tail=24 r61=20 gh60=0x4e55cfa W1=0x3f16,0x2580,0x38e W2=0x3e23,0xa88,0xc19
  witness[03] tail=24 r61=21 gh60=0x46d8c9a W1=0x1749,0x1df9,0x553 W2=0x1656,0x1103,0x312e
  witness[04] tail=24 r61=23 gh60=0xde7449a W1=0x29e6,0x10c9,0x519 W2=0x28f3,0x351b,0x24af
  witness[05] tail=25 r61=16 gh60=0x5aa7f66 W1=0x2fe4,0x3664,0x1df W2=0x2ef1,0xc41,0x32ba
  witness[06] tail=25 r61=20 gh60=0xcb85ca6 W1=0x3ffc,0x2cc2,0x1bec W2=0x3f09,0x254d,0x2a74
  witness[07] tail=25 r61=22 gh60=0xfb18566 W1=0x224b,0x15a7,0x220b W2=0x2158,0x25d0,0xc2b
  witness[08] tail=25 r61=22 gh60=0xba24da6 W1=0x2884,0x5cc,0x2e50 W2=0x2791,0x1821,0x1bfb
  witness[09] tail=25 r61=22 gh60=0x4aedf9a W1=0x3f66,0x39db,0x891 W2=0x3e73,0x3688,0x3651
  witness[10] tail=25 r61=23 gh60=0x4b34b6e W1=0x25e0,0x213c,0x3108 W2=0x24ed,0x1b50,0x1800
  witness[11] tail=25 r61=24 gh60=0xc719b6a W1=0x215d,0x400,0xca0 W2=0x206a,0x3427,0xb20
  witness[12] tail=26 r61=17 gh60=0xcd844a6 W1=0xa2c,0x314b,0x3545 W2=0x939,0xda7,0xf61
  witness[13] tail=26 r61=19 gh60=0xfaacfbe W1=0x778,0x37f1,0x620 W2=0x685,0x2ecd,0x194b
  witness[14] tail=26 r61=20 gh60=0xcf984aa W1=0x2c3d,0x3a47,0x33d W2=0x2b4a,0x3f73,0x681
  witness[15] tail=26 r61=22 gh60=0xc60c4e6 W1=0xc0c,0x1bc1,0x165b W2=0xb19,0x1a95,0xd89

Scan-only r61 registry
  registry_count=16 registry_cap=16
  r61_witness[00] r61=14 tail=30 gh60=0x488bcaa W1=0xf41,0x607,0x414 W2=0xe4e,0x38b2,0x1d21
  r61_witness[01] r61=14 tail=33 gh60=0x448bcae W1=0x2e2f,0x115a,0x2640 W2=0x2d3c,0x2e41,0x114
  r61_witness[02] r61=15 tail=34 gh60=0x4ea9fba W1=0x3f75,0x18f0,0xa20 W2=0x3e82,0x973,0x23d4
  r61_witness[03] r61=15 tail=35 gh60=0x4904766 W1=0x1bcc,0x374a,0x2d8f W2=0x1ad9,0x388a,0x694
  r61_witness[04] r61=15 tail=38 gh60=0xca045e6 W1=0xa8c,0x129a,0x1550 W2=0x999,0x2756,0x2d4f
  r61_witness[05] r61=16 tail=25 gh60=0x5aa7f66 W1=0x2fe4,0x3664,0x1df W2=0x2ef1,0xc41,0x32ba
  r61_witness[06] r61=16 tail=28 gh60=0xca284fe W1=0x1c17,0x169e,0x25dc W2=0x1b24,0x3846,0x1139
  r61_witness[07] r61=16 tail=30 gh60=0x4a0c4ea W1=0x320e,0x68e,0x3801 W2=0x311b,0x1a49,0x352f
  r61_witness[08] r61=16 tail=31 gh60=0x3928b9a W1=0x25c9,0x37c2,0x163f W2=0x24d6,0x3670,0x15a6
  r61_witness[09] r61=16 tail=32 gh60=0xc8a8c9a W1=0x2725,0x1418,0x3597 W2=0x2632,0x392a,0x5e7
  r61_witness[10] r61=16 tail=33 gh60=0x4508d6e W1=0x265f,0x2e94,0x2a2e W2=0x256c,0x13af,0xdcd
  r61_witness[11] r61=16 tail=34 gh60=0x4909f6a W1=0x1fe1,0x201,0x11e9 W2=0x1eee,0x3c14,0x2c7a
  r61_witness[12] r61=16 tail=35 gh60=0xd888baa W1=0x15ad,0x3a3c,0x251b W2=0x14ba,0x3a4f,0x1a94
  r61_witness[13] r61=16 tail=35 gh60=0xca34cfa W1=0x2716,0x3503,0x123a W2=0x2623,0x1b8b,0x14b6
  r61_witness[14] r61=16 tail=35 gh60=0x5a085e6 W1=0x328b,0x343d,0x3085 W2=0x3198,0x1bfa,0x2860
  r61_witness[15] r61=16 tail=36 gh60=0x48abcba W1=0x3135,0x3acd,0x244e W2=0x3042,0x114c,0x21a3

D60=0 fiber histogram: 1:8044 2:4793 3:1788 4:1101 5:405 6:194 7:90 8:77 9:29 10:17 11:10 12:9 13:3 14:1 15:1 17:1
