free_word_mitm_reducedn
N=14 mask=0x3fff msb=0x2000
candidate: M0=0x3d36 mode=random-fallback fill=0x3fff kernel=dM0=dM9=0x2000
prefixes=32768/268435456 mode=permuted-prefix-sample w59_per_prefix=16384 total=536870912
run_mode=scan registry_cap=16
sample_start=176128000
scan_elapsed=20.299s rate=26.45 Mtriples/s

D60 interface
  D60=0 matches: 33631 (random expectation 32768.0, enrichment 1.026x)
  prefixes with D60=0: 16768
  max D60=0 fiber per prefix: 32 at W57=0xa89 W58=0x712
  largest D60 bucket: D=0x330e count=33832
  min D60 HW: 0
  D60 HW histogram: 0:33631 1:459556 2:2986274 3:11925219 4:32799227 5:65599368 6:98413646 7:112478363 8:98413453 9:65585976 10:32789589 11:11919920 12:2977652 13:456584 14:32454

Tail closure among D60=0 matches
  final tail collisions: 0
  best r61 HW: 12
  best r61 W1[57..59]=0x3f3f,0x182,0x3265
  best r61 W2[57..59]=0x3e4c,0x1b55,0x1e03
  best tail HW: 23
  best tail r61 HW: 28
  best W1[57..59]=0x2a48,0x13c1,0x3392
  best W2[57..59]=0x2955,0xfb1,0x233a

SUMMARY N=14 sample_start=176128000 prefixes=32768 total=536870912 d0=33631 best_tail=23 tail_r61=28 best_r61=12 tail_W1=0x2a48,0x13c1,0x3392 tail_W2=0x2955,0xfb1,0x233a r61_W1=0x3f3f,0x182,0x3265 r61_W2=0x3e4c,0x1b55,0x1e03

Scan-only witness registry
  registry_count=16 registry_cap=16
  witness[00] tail=23 r61=23 gh60=0x59f84a6 W1=0x4eb,0x3705,0x35ba W2=0x3f8,0x33e2,0xd86
  witness[01] tail=23 r61=23 gh60=0xb96cfaa W1=0x7c2,0x2390,0x2e23 W2=0x6cf,0x10ac,0x2dbd
  witness[02] tail=23 r61=28 gh60=0x5bec49e W1=0x2a48,0x13c1,0x3392 W2=0x2955,0xfb1,0x233a
  witness[03] tail=24 r61=18 gh60=0x3b0856a W1=0x144d,0x18be,0x2c1b W2=0x135a,0x3844,0x1acc
  witness[04] tail=24 r61=20 gh60=0x4ad4cba W1=0x16f6,0x3640,0x3d4c W2=0x1603,0x2ac0,0x1bfc
  witness[05] tail=24 r61=21 gh60=0x5a5bbfe W1=0x2d97,0x38f4,0x3ce9 W2=0x2ca4,0x268b,0x375e
  witness[06] tail=24 r61=23 gh60=0x56387fa W1=0x1b99,0x3925,0x1fa6 W2=0x1aa6,0xe75,0x1760
  witness[07] tail=24 r61=24 gh60=0x49bc7aa W1=0x37e,0x1bf1,0x1625 W2=0x28b,0x1dba,0x3017
  witness[08] tail=25 r61=14 gh60=0xce88baa W1=0x1581,0x14b2,0x3eb1 W2=0x148e,0x2569,0x7ae
  witness[09] tail=25 r61=15 gh60=0x488dba6 W1=0x1ac,0x22b1,0x1af W2=0xb9,0x27f4,0x3520
  witness[10] tail=25 r61=21 gh60=0x7a2bbfe W1=0x1197,0x3a6,0x17bb W2=0x10a4,0x2335,0x309c
  witness[11] tail=25 r61=21 gh60=0x54f84ba W1=0x1a39,0x11bc,0x2062 W2=0x1946,0x43e,0x3e89
  witness[12] tail=25 r61=21 gh60=0xfb68bbe W1=0x35b7,0x2c2a,0x29a0 W2=0x34c4,0x3345,0x160d
  witness[13] tail=25 r61=22 gh60=0xce084e6 W1=0x2a1b,0x3297,0x407 W2=0x2928,0x3e6e,0x2f35
  witness[14] tail=25 r61=23 gh60=0xfa644aa W1=0x302,0x200c,0x2897 W2=0x20f,0x27e1,0x2dee
  witness[15] tail=25 r61=24 gh60=0xdb08766 W1=0x23db,0x29d7,0x421 W2=0x22e8,0x1984,0x84a

Scan-only r61 registry
  registry_count=16 registry_cap=16
  r61_witness[00] r61=12 tail=38 gh60=0xc889cae W1=0x3f3f,0x182,0x3265 W2=0x3e4c,0x1b55,0x1e03
  r61_witness[01] r61=14 tail=25 gh60=0xce88baa W1=0x1581,0x14b2,0x3eb1 W2=0x148e,0x2569,0x7ae
  r61_witness[02] r61=15 tail=25 gh60=0x488dba6 W1=0x1ac,0x22b1,0x1af W2=0xb9,0x27f4,0x3520
  r61_witness[03] r61=15 tail=27 gh60=0x44984a6 W1=0x2433,0x4ac,0x3608 W2=0x2340,0x1317,0x30d9
  r61_witness[04] r61=15 tail=27 gh60=0x4608cea W1=0x2721,0x16c6,0x35b4 W2=0x262e,0x1871,0x10b
  r61_witness[05] r61=15 tail=31 gh60=0x5a09dea W1=0x9d,0x16d,0x3d71 W2=0x3faa,0xbb8,0x302
  r61_witness[06] r61=15 tail=33 gh60=0x5e0cfea W1=0x178e,0x1491,0x3d49 W2=0x169b,0x2025,0x19eb
  r61_witness[07] r61=15 tail=33 gh60=0xc5845ba W1=0x34ba,0x3783,0x1971 W2=0x33c7,0x3422,0x2adf
  r61_witness[08] r61=15 tail=33 gh60=0xc978b9a W1=0x39c9,0x256e,0x3ec2 W2=0x38d6,0x31d0,0x1f6e
  r61_witness[09] r61=16 tail=26 gh60=0xc8e9be6 W1=0x1a3,0x2e58,0x2d3f W2=0xb0,0x32c4,0x3a4
  r61_witness[10] r61=16 tail=30 gh60=0xc924ba6 W1=0x25c4,0x8a6,0x1cf W2=0x24d1,0x108b,0x27f1
  r61_witness[11] r61=16 tail=31 gh60=0x4529d9a W1=0x1ec5,0x273c,0x84e W2=0x1dd2,0x15e4,0x230b
  r61_witness[12] r61=16 tail=35 gh60=0x4ab47ae W1=0x3b80,0x2a21,0x3a5e W2=0x3a8d,0x34ea,0x3691
  r61_witness[13] r61=17 tail=28 gh60=0x460cfee W1=0x2790,0x133f,0x5dd W2=0x269d,0xc0f,0x3979
  r61_witness[14] r61=17 tail=30 gh60=0xcda8de6 W1=0x28a3,0x37c0,0x2ca0 W2=0x27b0,0x79e,0x2130
  r61_witness[15] r61=17 tail=31 gh60=0x5604de6 W1=0x188c,0x332c,0x17ea W2=0x1799,0x32eb,0x16a1

D60=0 fiber histogram: 1:7979 2:4870 3:1857 4:1142 5:419 6:236 7:94 8:86 9:34 10:18 11:14 12:9 13:1 14:4 16:2 17:1 18:1 32:1
