free_word_mitm_reducedn
N=14 mask=0x3fff msb=0x2000
candidate: M0=0x3d36 mode=random-fallback fill=0x3fff kernel=dM0=dM9=0x2000
prefixes=32768/268435456 mode=permuted-prefix-sample w59_per_prefix=16384 total=536870912
run_mode=scan registry_cap=16
sample_start=218071040
scan_elapsed=20.286s rate=26.47 Mtriples/s

D60 interface
  D60=0 matches: 32417 (random expectation 32768.0, enrichment 0.989x)
  prefixes with D60=0: 16465
  max D60=0 fiber per prefix: 17 at W57=0x2d57 W58=0xb63
  largest D60 bucket: D=0x27b8 count=33943
  min D60 HW: 0
  D60 HW histogram: 0:32417 1:454909 2:2969697 3:11894120 4:32748232 5:65577780 6:98457148 7:112575808 8:98469897 9:65587907 10:32759556 11:11892042 12:2964001 13:454875 14:32523

Tail closure among D60=0 matches
  final tail collisions: 0
  best r61 HW: 13
  best r61 W1[57..59]=0x2bcf,0x3bc2,0x1832
  best r61 W2[57..59]=0x2adc,0x3c08,0x2171
  best tail HW: 20
  best tail r61 HW: 18
  best W1[57..59]=0x3b26,0x1a3,0x3a72
  best W2[57..59]=0x3a33,0x392d,0x1f5f

SUMMARY N=14 sample_start=218071040 prefixes=32768 total=536870912 d0=32417 best_tail=20 tail_r61=18 best_r61=13 tail_W1=0x3b26,0x1a3,0x3a72 tail_W2=0x3a33,0x392d,0x1f5f r61_W1=0x2bcf,0x3bc2,0x1832 r61_W2=0x2adc,0x3c08,0x2171

Scan-only witness registry
  registry_count=16 registry_cap=16
  witness[00] tail=20 r61=18 gh60=0x39d449a W1=0x3b26,0x1a3,0x3a72 W2=0x3a33,0x392d,0x1f5f
  witness[01] tail=21 r61=21 gh60=0xc90876a W1=0x1361,0x96,0x2190 W2=0x126e,0x12e4,0x185c
  witness[02] tail=21 r61=22 gh60=0xcdf859a W1=0x1269,0x8cc,0x74e W2=0x1176,0x3583,0xd1f
  witness[03] tail=22 r61=13 gh60=0xc90876e W1=0x2bcf,0x3bc2,0x1832 W2=0x2adc,0x3c08,0x2171
  witness[04] tail=23 r61=14 gh60=0x46b84be W1=0x23f7,0x166d,0xde1 W2=0x2304,0x258f,0x2d74
  witness[05] tail=23 r61=19 gh60=0xc489daa W1=0x1eb1,0x290b,0x2b1e W2=0x1dbe,0x26e2,0xc97
  witness[06] tail=23 r61=21 gh60=0xfa384ee W1=0x2c0f,0x3f3e,0x24e7 W2=0x2b1c,0x2be4,0x1742
  witness[07] tail=23 r61=22 gh60=0xfa844ba W1=0x23fa,0x2bcb,0x289 W2=0x2307,0x12c2,0x3b2a
  witness[08] tail=24 r61=18 gh60=0x4668d9a W1=0x1665,0xa60,0x2d62 W2=0x1572,0xbd2,0x261d
  witness[09] tail=24 r61=20 gh60=0xc918f66 W1=0x753,0x3917,0x3b0 W2=0x660,0x2569,0x6d7
  witness[10] tail=24 r61=21 gh60=0x48a9cba W1=0x2139,0x36f0,0x2631 W2=0x2046,0x172f,0x107
  witness[11] tail=25 r61=15 gh60=0xcb0856a W1=0xce1,0x306f,0x175f W2=0xbee,0x3389,0x1f3f
  witness[12] tail=25 r61=19 gh60=0xf5885aa W1=0x2ad,0x28aa,0x19d W2=0x1ba,0x32be,0x304
  witness[13] tail=25 r61=19 gh60=0x5989faa W1=0x3fb1,0x2944,0x2cee W2=0x3ebe,0x255b,0xd84
  witness[14] tail=25 r61=22 gh60=0xd76849e W1=0x1527,0x2c34,0x11bf W2=0x1434,0x39e7,0x2a97
  witness[15] tail=25 r61=24 gh60=0xca88faa W1=0x2771,0x354b,0xae5 W2=0x267e,0x33d2,0x1771

Scan-only r61 registry
  registry_count=16 registry_cap=16
  r61_witness[00] r61=13 tail=22 gh60=0xc90876e W1=0x2bcf,0x3bc2,0x1832 W2=0x2adc,0x3c08,0x2171
  r61_witness[01] r61=14 tail=23 gh60=0x46b84be W1=0x23f7,0x166d,0xde1 W2=0x2304,0x258f,0x2d74
  r61_witness[02] r61=14 tail=35 gh60=0x48b4c9a W1=0x3726,0x38e7,0x175f W2=0x3633,0x2bf2,0x412
  r61_witness[03] r61=15 tail=25 gh60=0xcb0856a W1=0xce1,0x306f,0x175f W2=0xbee,0x3389,0x1f3f
  r61_witness[04] r61=15 tail=27 gh60=0x4b07f66 W1=0xfdc,0x1f5,0x1a1e W2=0xee9,0x16a2,0x173
  r61_witness[05] r61=15 tail=29 gh60=0x58844ba W1=0x253a,0x2d8b,0x2745 W2=0x2447,0x143e,0x11cf
  r61_witness[06] r61=15 tail=32 gh60=0x5488caa W1=0x841,0x6d3,0x27cf W2=0x74e,0x842,0x3485
  r61_witness[07] r61=15 tail=32 gh60=0x4a0c4ea W1=0x230e,0x3db8,0x27ac W2=0x221b,0x63f,0x35de
  r61_witness[08] r61=15 tail=34 gh60=0x5a0bbea W1=0xd91,0x222e,0x307a W2=0xc9e,0x14f9,0x15ec
  r61_witness[09] r61=15 tail=34 gh60=0xca2849a W1=0x3a05,0x2fd7,0x26c9 W2=0x3912,0x246a,0x122a
  r61_witness[10] r61=15 tail=37 gh60=0xc6045e6 W1=0xc9c,0x3fc2,0x19e6 W2=0xba9,0x3772,0x1c87
  r61_witness[11] r61=16 tail=26 gh60=0x5f08b6e W1=0x255f,0x450,0x3273 W2=0x246c,0x3a5b,0x32a2
  r61_witness[12] r61=16 tail=27 gh60=0xc5a859a W1=0x3c65,0x1584,0x263d W2=0x3b72,0x143d,0x229b
  r61_witness[13] r61=16 tail=27 gh60=0x4969b7e W1=0x3dd7,0x2d75,0x1492 W2=0x3ce4,0x2194,0x2355
  r61_witness[14] r61=16 tail=31 gh60=0x7488daa W1=0x8c1,0xdcb,0x2ee W2=0x7ce,0x712,0x3771
  r61_witness[15] r61=16 tail=32 gh60=0x490876a W1=0x2bd1,0x2341,0x1f8 W2=0x2ade,0x23a7,0x9d8

D60=0 fiber histogram: 1:7931 2:4846 3:1763 4:1063 5:418 6:222 7:95 8:67 9:25 10:18 11:5 12:2 13:3 14:2 15:2 16:2 17:1
