free_word_mitm_reducedn
N=14 mask=0x3fff msb=0x2000
candidate: M0=0x3d36 mode=random-fallback fill=0x3fff kernel=dM0=dM9=0x2000
prefixes=32768/268435456 mode=permuted-prefix-sample w59_per_prefix=16384 total=536870912
run_mode=scan registry_cap=16
sample_start=49676288
scan_elapsed=14.953s rate=35.90 Mtriples/s

D60 interface
  D60=0 matches: 32641 (random expectation 32768.0, enrichment 0.996x)
  prefixes with D60=0: 16525
  max D60=0 fiber per prefix: 18 at W57=0x5bc W58=0x1b2e
  largest D60 bucket: D=0xd08 count=33881
  min D60 HW: 0
  D60 HW histogram: 0:32641 1:456587 2:2978276 3:11916313 4:32793785 5:65607783 6:98424928 7:112510331 8:98445435 9:65594646 10:32756145 11:11892400 12:2972413 13:457063 14:32166

Tail closure among D60=0 matches
  final tail collisions: 0
  best r61 HW: 13
  best r61 W1[57..59]=0x19dd,0x128c,0x177
  best r61 W2[57..59]=0x18ea,0x8bf,0x3dfe
  best tail HW: 20
  best tail r61 HW: 17
  best W1[57..59]=0x829,0x47,0x2686
  best W2[57..59]=0x736,0x2155,0x3c81

SUMMARY N=14 sample_start=49676288 prefixes=32768 total=536870912 d0=32641 best_tail=20 tail_r61=17 best_r61=13 tail_W1=0x829,0x47,0x2686 tail_W2=0x736,0x2155,0x3c81 r61_W1=0x19dd,0x128c,0x177 r61_W2=0x18ea,0x8bf,0x3dfe

Scan-only witness registry
  registry_count=16 registry_cap=16
  witness[00] tail=20 r61=17 gh60=0xcca8c9a W1=0x829,0x47,0x2686 W2=0x736,0x2155,0x3c81
  witness[01] tail=23 r61=24 gh60=0x4dbbca6 W1=0x2df3,0x31fd,0x1726 W2=0x2d00,0xbab,0x3401
  witness[02] tail=23 r61=27 gh60=0xb9bcfba W1=0x177a,0x1f57,0x6a W2=0x1687,0x1de3,0x2a71
  witness[03] tail=24 r61=16 gh60=0x78a7fe6 W1=0xfa4,0x15c0,0x32a8 W2=0xeb1,0x26a9,0x2332
  witness[04] tail=24 r61=17 gh60=0x4dbcca6 W1=0x383c,0x3fa8,0x39e7 W2=0x3749,0x9b5,0x2ed
  witness[05] tail=24 r61=26 gh60=0x5bf5b9a W1=0x2186,0x3af9,0x45c W2=0x2093,0x3726,0x6b1
  witness[06] tail=25 r61=20 gh60=0x59d859a W1=0x2a89,0x23fe,0x27eb W2=0x2996,0x79,0x2683
  witness[07] tail=25 r61=21 gh60=0x4b8ccae W1=0x3840,0x6d0,0x2f22 W2=0x374d,0x3120,0x39e9
  witness[08] tail=25 r61=24 gh60=0x7afbb7a W1=0xd55,0x36a7,0x34cd W2=0xc62,0x15a2,0x2044
  witness[09] tail=25 r61=24 gh60=0x49bc4aa W1=0x3b3e,0x25de,0x3d5a W2=0x3a4b,0x3e4f,0x2b44
  witness[10] tail=25 r61=25 gh60=0xca984a6 W1=0x32fb,0x362,0x2c29 W2=0x3208,0x322f,0x2b55
  witness[11] tail=26 r61=19 gh60=0xd998caa W1=0x2701,0xfff,0x3631 W2=0x260e,0x13ae,0xbbd
  witness[12] tail=26 r61=19 gh60=0x5d18566 W1=0x2c5b,0x1568,0x14e4 W2=0x2b68,0xa9f,0x1cdb
  witness[13] tail=26 r61=19 gh60=0xc63859a W1=0x2c85,0x2134,0x2da9 W2=0x2b92,0x102b,0x2ab5
  witness[14] tail=26 r61=20 gh60=0x7c85ca6 W1=0x3c,0x150c,0x340e W2=0x3f49,0x111b,0x3bb9
  witness[15] tail=26 r61=20 gh60=0x3668ba6 W1=0x2583,0x3242,0x56c W2=0x2490,0x3aa6,0x2da3

Scan-only r61 registry
  registry_count=16 registry_cap=16
  r61_witness[00] r61=13 tail=32 gh60=0x4908b6a W1=0x19dd,0x128c,0x177 W2=0x18ea,0x8bf,0x3dfe
  r61_witness[01] r61=15 tail=29 gh60=0xc4984a6 W1=0x433,0x2199,0xf1a W2=0x340,0x2e04,0x24c6
  r61_witness[02] r61=15 tail=31 gh60=0xdd0c59a W1=0xaca,0x174f,0x3f5d W2=0x9d7,0x33b,0x637
  r61_witness[03] r61=15 tail=32 gh60=0x4a0cdee W1=0x38a0,0x281f,0x2545 W2=0x37ad,0x18cf,0x14fd
  r61_witness[04] r61=15 tail=32 gh60=0x489849a W1=0x3d25,0x2504,0x25a4 W2=0x3c32,0x1b09,0x2ef1
  r61_witness[05] r61=16 tail=24 gh60=0x78a7fe6 W1=0xfa4,0x15c0,0x32a8 W2=0xeb1,0x26a9,0x2332
  r61_witness[06] r61=16 tail=28 gh60=0x4d0856a W1=0x4e1,0x2bd9,0x368b W2=0x3ee,0x3173,0x1ec
  r61_witness[07] r61=16 tail=28 gh60=0x49984aa W1=0x2cf1,0x1025,0x2e50 W2=0x2bfe,0x14e5,0x2fe
  r61_witness[08] r61=16 tail=31 gh60=0xc995baa W1=0x3d6e,0x20c4,0x3a2c W2=0x3c7b,0x1f60,0x2ce
  r61_witness[09] r61=16 tail=32 gh60=0x4908f6a W1=0x1761,0x1249,0x2fa5 W2=0x166e,0x2258,0x2e2d
  r61_witness[10] r61=16 tail=32 gh60=0xd487da6 W1=0x30bc,0x3528,0xffa W2=0x2fc9,0x1857,0x1750
  r61_witness[11] r61=16 tail=32 gh60=0xc907b66 W1=0x31cc,0x44b,0xa66 W2=0x30d9,0x39a8,0x330b
  r61_witness[12] r61=16 tail=35 gh60=0x4908b6a W1=0x1551,0x3d0c,0x66a W2=0x145e,0xf47,0x1cf3
  r61_witness[13] r61=16 tail=35 gh60=0xcc845a6 W1=0x1aac,0x343f,0x140d W2=0x19b9,0x1783,0x1f01
  r61_witness[14] r61=16 tail=35 gh60=0x4918b6a W1=0x35d1,0x20e,0xb8d W2=0x34de,0x1449,0x19a0
  r61_witness[15] r61=16 tail=37 gh60=0x5a245e6 W1=0xa94,0x3de1,0x13f3 W2=0x9a1,0x32ab,0x1a2f

D60=0 fiber histogram: 1:8031 2:4718 3:1763 4:1128 5:436 6:236 7:83 8:70 9:21 10:16 11:7 12:7 13:6 14:1 16:1 18:1
