free_word_mitm_reducedn
N=14 mask=0x3fff msb=0x2000
candidate: M0=0x3d36 mode=random-fallback fill=0x3fff kernel=dM0=dM9=0x2000
prefixes=32768/268435456 mode=permuted-prefix-sample w59_per_prefix=16384 total=536870912
run_mode=scan registry_cap=16
sample_start=91619328
scan_elapsed=15.705s rate=34.18 Mtriples/s

D60 interface
  D60=0 matches: 32742 (random expectation 32768.0, enrichment 0.999x)
  prefixes with D60=0: 16564
  max D60=0 fiber per prefix: 17 at W57=0x2ddd W58=0x1038
  largest D60 bucket: D=0x1230 count=33904
  min D60 HW: 0
  D60 HW histogram: 0:32742 1:460028 2:2985193 3:11938674 4:32855056 5:65688586 6:98473841 7:112474722 8:98345670 9:65517241 10:32739941 11:11897438 12:2971915 13:456937 14:32928

Tail closure among D60=0 matches
  final tail collisions: 0
  best r61 HW: 13
  best r61 W1[57..59]=0x35fa,0x2e10,0xcc4
  best r61 W2[57..59]=0x3507,0x2684,0x1d6e
  best tail HW: 21
  best tail r61 HW: 13
  best W1[57..59]=0x35fa,0x2e10,0xcc4
  best W2[57..59]=0x3507,0x2684,0x1d6e

SUMMARY N=14 sample_start=91619328 prefixes=32768 total=536870912 d0=32742 best_tail=21 tail_r61=13 best_r61=13 tail_W1=0x35fa,0x2e10,0xcc4 tail_W2=0x3507,0x2684,0x1d6e r61_W1=0x35fa,0x2e10,0xcc4 r61_W2=0x3507,0x2684,0x1d6e

Scan-only witness registry
  registry_count=16 registry_cap=16
  witness[00] tail=21 r61=13 gh60=0x4584cba W1=0x35fa,0x2e10,0xcc4 W2=0x3507,0x2684,0x1d6e
  witness[01] tail=21 r61=24 gh60=0xc6d459e W1=0x1c88,0x25a2,0x9ce W2=0x1b95,0x3cb2,0x14a4
  witness[02] tail=22 r61=24 gh60=0xc995cae W1=0x3ef0,0x13be,0x1d26 W2=0x3dfd,0x3e22,0x6c
  witness[03] tail=23 r61=16 gh60=0x492bf7e W1=0x2f57,0x2ab8,0x356f W2=0x2e64,0x10f7,0x12b7
  witness[04] tail=24 r61=17 gh60=0x379c4aa W1=0x14ee,0x2035,0xb1 W2=0x13fb,0x3836,0x290d
  witness[05] tail=24 r61=18 gh60=0xba24ce6 W1=0x814,0xc61,0x267b W2=0x721,0x2984,0x2716
  witness[06] tail=25 r61=20 gh60=0xc90bb6a W1=0x2d4d,0x37,0xa97 W2=0x2c5a,0x2032,0x276a
  witness[07] tail=25 r61=20 gh60=0x5e08ce6 W1=0x361b,0x3dad,0x1975 W2=0x3528,0x20bf,0x186f
  witness[08] tail=25 r61=20 gh60=0xca19cea W1=0x3f0d,0x2409,0x12cc W2=0x3e1a,0x287c,0x2a03
  witness[09] tail=25 r61=21 gh60=0xc5b9d9a W1=0x3e65,0x38c4,0x2778 W2=0x3d72,0x2bbc,0xe79
  witness[10] tail=25 r61=25 gh60=0x7f985ae W1=0xabf,0x98c,0xe78 W2=0x9cc,0x2f34,0x34a4
  witness[11] tail=26 r61=18 gh60=0xb68459a W1=0x126a,0x1978,0xf64 W2=0x1177,0x1614,0xa41
  witness[12] tail=26 r61=18 gh60=0x4b64f66 W1=0x1754,0x2cb3,0x3cd8 W2=0x1661,0x1ffa,0x3d24
  witness[13] tail=26 r61=19 gh60=0x5a0c5ea W1=0x228e,0x1d78,0x3165 W2=0x219b,0x1a17,0x33a3
  witness[14] tail=26 r61=19 gh60=0x4489daa W1=0x3eb1,0x20c,0xb01 W2=0x3dbe,0x3fe3,0x3d8b
  witness[15] tail=26 r61=20 gh60=0xb4b8cba W1=0x2839,0x1d45,0x3fa9 W2=0x2746,0x3f44,0x17ca

Scan-only r61 registry
  registry_count=16 registry_cap=16
  r61_witness[00] r61=13 tail=21 gh60=0x4584cba W1=0x35fa,0x2e10,0xcc4 W2=0x3507,0x2684,0x1d6e
  r61_witness[01] r61=14 tail=28 gh60=0x789c4ea W1=0x3b22,0x2133,0x2974 W2=0x3a2f,0x360e,0x3aa2
  r61_witness[02] r61=15 tail=29 gh60=0xdd1857a W1=0x1a55,0x1d34,0x2640 W2=0x1962,0x1bdc,0xec
  r61_witness[03] r61=15 tail=30 gh60=0x7a69dfa W1=0x3e99,0x2ab3,0x362f W2=0x3da6,0xb92,0x2983
  r61_witness[04] r61=15 tail=31 gh60=0xc888ca6 W1=0x192b,0x1324,0x2bf9 W2=0x1838,0x1c40,0x2900
  r61_witness[05] r61=15 tail=32 gh60=0xc90bf6a W1=0x2fd1,0x6f4,0x1df W2=0x2ede,0x3613,0x18eb
  r61_witness[06] r61=15 tail=37 gh60=0x4e0cd9a W1=0x268a,0x1b21,0x2bce W2=0x2597,0xac0,0x318a
  r61_witness[07] r61=15 tail=37 gh60=0x4938f66 W1=0x37d3,0x3c00,0x386b W2=0x36e0,0x2b46,0x1218
  r61_witness[08] r61=16 tail=23 gh60=0x492bf7e W1=0x2f57,0x2ab8,0x356f W2=0x2e64,0x10f7,0x12b7
  r61_witness[09] r61=16 tail=31 gh60=0x4a084e6 W1=0x3d0b,0x3c17,0xa66 W2=0x3c18,0xbee,0x3f08
  r61_witness[10] r61=16 tail=31 gh60=0x5a084ea W1=0x3d21,0x33c7,0x14aa W2=0x3c2e,0xa6d,0x638
  r61_witness[11] r61=16 tail=32 gh60=0x4ae7be6 W1=0x3194,0x1d34,0x13c6 W2=0x30a1,0x1715,0x3f6f
  r61_witness[12] r61=16 tail=32 gh60=0x46045fa W1=0x349a,0xa92,0xf88 W2=0x33a7,0x7a7,0x21f9
  r61_witness[13] r61=16 tail=33 gh60=0x488bcaa W1=0x1141,0x3d47,0x799 W2=0x104e,0x2df2,0x19b4
  r61_witness[14] r61=16 tail=35 gh60=0xcaa4f6a W1=0x762,0x370e,0x3660 W2=0x66f,0x1e46,0x11cb
  r61_witness[15] r61=16 tail=35 gh60=0xca08cea W1=0x260d,0x2d72,0x39b3 W2=0x251a,0x3435,0x2474

D60=0 fiber histogram: 1:8024 2:4805 3:1787 4:1067 5:401 6:231 7:96 8:70 9:36 10:18 11:11 12:12 13:2 14:2 16:1 17:1
