free_word_mitm_reducedn
N=14 mask=0x3fff msb=0x2000
candidate: M0=0x3d36 mode=random-fallback fill=0x3fff kernel=dM0=dM9=0x2000
prefixes=32768/268435456 mode=permuted-prefix-sample w59_per_prefix=16384 total=536870912
run_mode=scan registry_cap=16
sample_start=135430144
scan_elapsed=16.901s rate=31.77 Mtriples/s

D60 interface
  D60=0 matches: 32725 (random expectation 32768.0, enrichment 0.999x)
  prefixes with D60=0: 16534
  max D60=0 fiber per prefix: 26 at W57=0xddf W58=0x146
  largest D60 bucket: D=0x80e count=33780
  min D60 HW: 0
  D60 HW histogram: 0:32725 1:459337 2:2985790 3:11942839 4:32837641 5:65667977 6:98424910 7:112454912 8:98354803 9:65545751 10:32782286 11:11914913 12:2976169 13:458056 14:32803

Tail closure among D60=0 matches
  final tail collisions: 0
  best r61 HW: 14
  best r61 W1[57..59]=0x1a07,0x79d,0x129a
  best r61 W2[57..59]=0x1914,0x240c,0xfb9
  best tail HW: 17
  best tail r61 HW: 14
  best W1[57..59]=0x1a07,0x79d,0x129a
  best W2[57..59]=0x1914,0x240c,0xfb9

SUMMARY N=14 sample_start=135430144 prefixes=32768 total=536870912 d0=32725 best_tail=17 tail_r61=14 best_r61=14 tail_W1=0x1a07,0x79d,0x129a tail_W2=0x1914,0x240c,0xfb9 r61_W1=0x1a07,0x79d,0x129a r61_W2=0x1914,0x240c,0xfb9

Scan-only witness registry
  registry_count=16 registry_cap=16
  witness[00] tail=17 r61=14 gh60=0x562849e W1=0x1a07,0x79d,0x129a W2=0x1914,0x240c,0xfb9
  witness[01] tail=18 r61=14 gh60=0x78884aa W1=0x3541,0x1767,0x3308 W2=0x344e,0x2c17,0x143e
  witness[02] tail=21 r61=19 gh60=0xc8b849a W1=0x1529,0x3e19,0x2add W2=0x1436,0x33ec,0x1965
  witness[03] tail=21 r61=22 gh60=0xcef8d9a W1=0x6c9,0x223,0x24a5 W2=0x5d6,0x2349,0x388b
  witness[04] tail=22 r61=19 gh60=0xc88bbaa W1=0x31ad,0x3d9c,0x10ce W2=0x30ba,0x16ef,0x2764
  witness[05] tail=23 r61=20 gh60=0x4bf4d6a W1=0x364e,0x112c,0x26b8 W2=0x355b,0x1ea0,0x7f9
  witness[06] tail=23 r61=21 gh60=0x49fcbba W1=0x9ba,0x299b,0x14ab W2=0x8c7,0x1497,0xb11
  witness[07] tail=24 r61=17 gh60=0x551ddaa W1=0xc2,0x2059,0x2dbd W2=0x3fcf,0x2c59,0x3e69
  witness[08] tail=24 r61=19 gh60=0x592877a W1=0x3bd9,0x3afc,0x3203 W2=0x3ae6,0xdd8,0x38ea
  witness[09] tail=24 r61=20 gh60=0x5f1456a W1=0x44e,0x2fbf,0x28fc W2=0x35b,0x2856,0x3b2f
  witness[10] tail=24 r61=20 gh60=0x4d3c566 W1=0x1ad4,0x5bc,0x3763 W2=0x19e1,0x111a,0x3400
  witness[11] tail=24 r61=20 gh60=0xc99c7aa W1=0x33be,0x3ccd,0x1027 W2=0x32cb,0xd06,0x2c4
  witness[12] tail=24 r61=23 gh60=0x45a8566 W1=0x3463,0x12b4,0x2b2b W2=0x3370,0x3b27,0x3a68
  witness[13] tail=24 r61=27 gh60=0xc93bc9a W1=0x3145,0xdfd,0x1b2a W2=0x3052,0x26c9,0x22a8
  witness[14] tail=25 r61=17 gh60=0x4d19d9a W1=0x20c5,0x2fd6,0x1780 W2=0x1fd2,0x187e,0x3b48
  witness[15] tail=25 r61=20 gh60=0xc7885aa W1=0x3c7d,0x1f19,0x3bf7 W2=0x3b8a,0x3dad,0x336b

Scan-only r61 registry
  registry_count=16 registry_cap=16
  r61_witness[00] r61=14 tail=17 gh60=0x562849e W1=0x1a07,0x79d,0x129a W2=0x1914,0x240c,0xfb9
  r61_witness[01] r61=14 tail=18 gh60=0x78884aa W1=0x3541,0x1767,0x3308 W2=0x344e,0x2c17,0x143e
  r61_witness[02] r61=14 tail=29 gh60=0x4a8c7ba W1=0x37a,0x1cf0,0x24bf W2=0x287,0xe3f,0xfd4
  r61_witness[03] r61=14 tail=34 gh60=0x4628cfa W1=0x2719,0x109d,0x3c26 W2=0x2626,0x32d4,0xed4
  r61_witness[04] r61=15 tail=33 gh60=0x588c49a W1=0x232a,0x69f,0x26be W2=0x2237,0x2eeb,0xb0f
  r61_witness[05] r61=15 tail=38 gh60=0x460db9a W1=0x18a,0x2586,0x1646 W2=0x97,0xf5f,0x2a12
  r61_witness[06] r61=16 tail=28 gh60=0x4d3857a W1=0x3455,0x2954,0x310a W2=0x3362,0x21e4,0x145a
  r61_witness[07] r61=16 tail=31 gh60=0xc88bbaa W1=0xdad,0x32eb,0x1662 W2=0xcba,0x1906,0x16e5
  r61_witness[08] r61=16 tail=31 gh60=0xca084ee W1=0x250f,0x2231,0x3bf W2=0x241c,0x3d47,0x2448
  r61_witness[09] r61=16 tail=32 gh60=0x4a18ba6 W1=0x2983,0x2058,0x179f W2=0x2890,0x24bc,0x9d4
  r61_witness[10] r61=16 tail=32 gh60=0x4a38cfa W1=0x3719,0x338d,0x9ae W2=0x3626,0x29c4,0x2082
  r61_witness[11] r61=16 tail=34 gh60=0x7a07ce6 W1=0x100c,0x22e3,0x2b04 W2=0xf19,0x107c,0xd5c
  r61_witness[12] r61=16 tail=34 gh60=0x450856a W1=0x1cd1,0x34bc,0x26de W2=0x1bde,0x3dee,0x1d47
  r61_witness[13] r61=16 tail=38 gh60=0xca8449a W1=0x11ea,0x25da,0x863 W2=0x10f7,0x1a66,0x14f
  r61_witness[14] r61=17 tail=24 gh60=0x551ddaa W1=0xc2,0x2059,0x2dbd W2=0x3fcf,0x2c59,0x3e69
  r61_witness[15] r61=17 tail=25 gh60=0x4d19d9a W1=0x20c5,0x2fd6,0x1780 W2=0x1fd2,0x187e,0x3b48

D60=0 fiber histogram: 1:8107 2:4653 3:1784 4:1088 5:422 6:236 7:75 8:90 9:36 10:20 11:8 12:6 13:4 16:1 17:1 20:1 22:1 26:1
