free_word_mitm_reducedn
N=14 mask=0x3fff msb=0x2000
candidate: M0=0x3d36 mode=random-fallback fill=0x3fff kernel=dM0=dM9=0x2000
prefixes=32768/268435456 mode=permuted-prefix-sample w59_per_prefix=16384 total=536870912
run_mode=scan registry_cap=16
sample_start=263815168
scan_elapsed=20.200s rate=26.58 Mtriples/s

D60 interface
  D60=0 matches: 32572 (random expectation 32768.0, enrichment 0.994x)
  prefixes with D60=0: 16521
  max D60=0 fiber per prefix: 20 at W57=0x195d W58=0xf7b
  largest D60 bucket: D=0x33f4 count=33757
  min D60 HW: 0
  D60 HW histogram: 0:32572 1:458000 2:2976485 3:11919289 4:32809080 5:65618458 6:98431275 7:112476098 8:98368413 9:65588999 10:32802743 11:11918405 12:2981090 13:457558 14:32447

Tail closure among D60=0 matches
  final tail collisions: 0
  best r61 HW: 14
  best r61 W1[57..59]=0x1871,0x2168,0x202c
  best r61 W2[57..59]=0x177e,0x2b4f,0x39b1
  best tail HW: 22
  best tail r61 HW: 22
  best W1[57..59]=0x1a4a,0x2f58,0x24fb
  best W2[57..59]=0x1957,0x2318,0x3109

SUMMARY N=14 sample_start=263815168 prefixes=32768 total=536870912 d0=32572 best_tail=22 tail_r61=22 best_r61=14 tail_W1=0x1a4a,0x2f58,0x24fb tail_W2=0x1957,0x2318,0x3109 r61_W1=0x1871,0x2168,0x202c r61_W2=0x177e,0x2b4f,0x39b1

Scan-only witness registry
  registry_count=16 registry_cap=16
  witness[00] tail=22 r61=20 gh60=0xce04be6 W1=0x399c,0x1b4c,0x39fc W2=0x38a9,0x2d87,0x185d
  witness[01] tail=22 r61=21 gh60=0x752857e W1=0x257,0x3671,0x939 W2=0x164,0x1a5,0x30fb
  witness[02] tail=22 r61=22 gh60=0xfb0449a W1=0x1a4a,0x2f58,0x24fb W2=0x1957,0x2318,0x3109
  witness[03] tail=23 r61=20 gh60=0x4a0dcfa W1=0x3e1a,0x381,0xd62 W2=0x3d27,0x2c6d,0x264a
  witness[04] tail=24 r61=14 gh60=0x4a15cea W1=0x211e,0xf41,0x25f4 W2=0x202b,0x11b9,0xcd7
  witness[05] tail=24 r61=18 gh60=0x4b05b66 W1=0x1ddc,0x258f,0x1ddf W2=0x1ce9,0x30e0,0x624
  witness[06] tail=24 r61=19 gh60=0x5878fa6 W1=0x37bb,0xacd,0x14ef W2=0x36c8,0x111,0x1eb9
  witness[07] tail=24 r61=20 gh60=0xcbdbc9e W1=0x1147,0x653,0x2518 W2=0x1054,0x3703,0x28ea
  witness[08] tail=24 r61=23 gh60=0xfa18cea W1=0x2911,0x1d62,0xb1 W2=0x281e,0x1e19,0x2a11
  witness[09] tail=25 r61=16 gh60=0xc889fa6 W1=0x1fab,0x971,0x1c17 W2=0x1eb8,0x2d43,0x2d9e
  witness[10] tail=25 r61=17 gh60=0x4d04566 W1=0x14cc,0x109,0x3e3c W2=0x13d9,0xc37,0x212b
  witness[11] tail=25 r61=18 gh60=0xcd885aa W1=0x2ad,0x2db2,0x3445 W2=0x1ba,0x37c6,0x1b5
  witness[12] tail=25 r61=19 gh60=0x5a084ea W1=0x21d,0x1db1,0xa28 W2=0x12a,0x2167,0x1695
  witness[13] tail=25 r61=20 gh60=0x5584d9a W1=0x18aa,0x473,0x1405 W2=0x17b7,0x3f5a,0x2e1b
  witness[14] tail=25 r61=23 gh60=0x4fa849a W1=0x22e9,0x2810,0x2ccf W2=0x21f6,0x10e3,0xc50
  witness[15] tail=25 r61=23 gh60=0xca084ee W1=0x321f,0x1e54,0x2898 W2=0x312c,0x1cea,0x88

Scan-only r61 registry
  registry_count=16 registry_cap=16
  r61_witness[00] r61=14 tail=24 gh60=0x4a15cea W1=0x211e,0xf41,0x25f4 W2=0x202b,0x11b9,0xcd7
  r61_witness[01] r61=14 tail=28 gh60=0x4a88daa W1=0x1871,0x2168,0x202c W2=0x177e,0x2b4f,0x39b1
  r61_witness[02] r61=14 tail=30 gh60=0x4589caa W1=0x3e31,0x2910,0x1ac W2=0x3d3e,0x2f0f,0x3910
  r61_witness[03] r61=15 tail=30 gh60=0x4e04b9a W1=0x98a,0x9ca,0x2116 W2=0x897,0x37a1,0x2cdd
  r61_witness[04] r61=15 tail=31 gh60=0x4a0fcea W1=0xe1e,0x25c4,0x22a7 W2=0xd2b,0x18f0,0x3981
  r61_witness[05] r61=15 tail=33 gh60=0x4884bba W1=0x19ba,0x1b6c,0xda W2=0x18c7,0x176c,0x3052
  r61_witness[06] r61=15 tail=36 gh60=0x4a07be6 W1=0xd8c,0x322f,0x339 W2=0xc99,0x24f8,0x287a
  r61_witness[07] r61=15 tail=36 gh60=0x4a0bcee W1=0x300f,0x917,0x11cf W2=0x2f1c,0x207a,0x1c58
  r61_witness[08] r61=16 tail=25 gh60=0xc889fa6 W1=0x1fab,0x971,0x1c17 W2=0x1eb8,0x2d43,0x2d9e
  r61_witness[09] r61=16 tail=28 gh60=0x5b84d9a W1=0x66a,0x217f,0x135b W2=0x577,0x10de,0x6e3
  r61_witness[10] r61=16 tail=28 gh60=0x36044fa W1=0x131a,0x2d72,0x20ba W2=0x1227,0x232f,0x12ac
  r61_witness[11] r61=16 tail=29 gh60=0xc5884ae W1=0x43f,0x2761,0x285f W2=0x34c,0x14f1,0x2372
  r61_witness[12] r61=16 tail=31 gh60=0xca18ce6 W1=0x91b,0x966,0x3115 W2=0x828,0xec,0x88a
  r61_witness[13] r61=16 tail=31 gh60=0x5687cba W1=0x2ffa,0x331,0x1988 W2=0x2f07,0x1a29,0xfbe
  r61_witness[14] r61=16 tail=31 gh60=0xca087ea W1=0x33a1,0x724,0x3d0 W2=0x32ae,0x1be2,0x2c2
  r61_witness[15] r61=16 tail=32 gh60=0xc89ccae W1=0x1930,0x323c,0x3b5a W2=0x183d,0x2b9c,0xbb7

D60=0 fiber histogram: 1:8040 2:4704 3:1818 4:1108 5:418 6:208 7:81 8:71 9:31 10:14 11:11 12:11 13:2 14:1 16:1 17:1 20:1
