free_word_mitm_reducedn
N=14 mask=0x3fff msb=0x2000
candidate: M0=0x3d36 mode=random-fallback fill=0x3fff kernel=dM0=dM9=0x2000
prefixes=32768/268435456 mode=permuted-prefix-sample w59_per_prefix=16384 total=536870912
run_mode=scan registry_cap=16
sample_start=255426560
scan_elapsed=20.153s rate=26.64 Mtriples/s

D60 interface
  D60=0 matches: 32587 (random expectation 32768.0, enrichment 0.994x)
  prefixes with D60=0: 16464
  max D60=0 fiber per prefix: 15 at W57=0x3f11 W58=0x1f81
  largest D60 bucket: D=0x2e8f count=33714
  min D60 HW: 0
  D60 HW histogram: 0:32587 1:458207 2:2974587 3:11915699 4:32792629 5:65626716 6:98466240 7:112538830 8:98408774 9:65567285 10:32744488 11:11885227 12:2970810 13:456447 14:32386

Tail closure among D60=0 matches
  final tail collisions: 0
  best r61 HW: 12
  best r61 W1[57..59]=0x14d,0x2034,0x2f16
  best r61 W2[57..59]=0x5a,0x773,0x2b14
  best tail HW: 24
  best tail r61 HW: 20
  best W1[57..59]=0x8a5,0xa52,0x3bfe
  best W2[57..59]=0x7b2,0x333c,0x6ad

SUMMARY N=14 sample_start=255426560 prefixes=32768 total=536870912 d0=32587 best_tail=24 tail_r61=20 best_r61=12 tail_W1=0x8a5,0xa52,0x3bfe tail_W2=0x7b2,0x333c,0x6ad r61_W1=0x14d,0x2034,0x2f16 r61_W2=0x5a,0x773,0x2b14

Scan-only witness registry
  registry_count=16 registry_cap=16
  witness[00] tail=24 r61=20 gh60=0xd578d9a W1=0x8a5,0xa52,0x3bfe W2=0x7b2,0x333c,0x6ad
  witness[01] tail=24 r61=23 gh60=0x5488ca6 W1=0x382b,0xf10,0x1e16 W2=0x3738,0x82c,0xd3
  witness[02] tail=24 r61=29 gh60=0xffbbcbe W1=0x3137,0xd69,0x2e9 W2=0x3044,0x33cc,0x2f09
  witness[03] tail=25 r61=14 gh60=0x490876a W1=0x3351,0xcb4,0x275d W2=0x325e,0x1a16,0x3e7d
  witness[04] tail=25 r61=19 gh60=0xca08dea W1=0x269d,0x3d84,0x235 W2=0x25aa,0xb53,0x1dba
  witness[05] tail=25 r61=20 gh60=0x4b0876a W1=0x1b61,0x2d16,0x30ac W2=0x1a6e,0x164,0x2941
  witness[06] tail=25 r61=21 gh60=0x4f884aa W1=0x3cf1,0x3d50,0x8e3 W2=0x3bfe,0x1510,0x3612
  witness[07] tail=25 r61=22 gh60=0xc70c57a W1=0x4da,0x254f,0x1b2a W2=0x3e7,0x15f0,0xf58
  witness[08] tail=25 r61=22 gh60=0x5a0c4ee W1=0x2a10,0x3c7,0x10b8 W2=0x291d,0x22de,0x22c0
  witness[09] tail=25 r61=23 gh60=0xdeadb6a W1=0x1d62,0x233e,0x3953 W2=0x1c6f,0x168e,0x3597
  witness[10] tail=25 r61=23 gh60=0xc8e9f9e W1=0x1fa7,0x1849,0xcc5 W2=0x1eb4,0xaad,0x249b
  witness[11] tail=25 r61=25 gh60=0x4fbdcae W1=0x1f40,0x1e5f,0xfca W2=0x1e4d,0xc33,0x227a
  witness[12] tail=25 r61=26 gh60=0x5a8cbba W1=0x57a,0x62f,0x2374 W2=0x487,0x36ff,0x1bdb
  witness[13] tail=25 r61=28 gh60=0x7b84b9a W1=0x156a,0x1455,0x1ead W2=0x1477,0x1630,0x1c76
  witness[14] tail=26 r61=17 gh60=0x4aa45aa W1=0x2272,0x3732,0x3a0e W2=0x217f,0x3cf,0x19df
  witness[15] tail=26 r61=17 gh60=0x4df849e W1=0x39e7,0xcb5,0x1f82 W2=0x38f4,0x28e2,0x2855

Scan-only r61 registry
  registry_count=16 registry_cap=16
  r61_witness[00] r61=12 tail=30 gh60=0x4909b6a W1=0x14d,0x2034,0x2f16 W2=0x5a,0x773,0x2b14
  r61_witness[01] r61=14 tail=25 gh60=0x490876a W1=0x3351,0xcb4,0x275d W2=0x325e,0x1a16,0x3e7d
  r61_witness[02] r61=14 tail=32 gh60=0x4608cea W1=0x721,0x1d9,0x1e00 W2=0x62e,0x384,0x2132
  r61_witness[03] r61=15 tail=28 gh60=0x388479a W1=0xbaa,0x1fb,0x1ee0 W2=0xab7,0x33cd,0x2e43
  r61_witness[04] r61=15 tail=36 gh60=0x4a08cee W1=0x390f,0x32be,0x255f W2=0x381c,0x1e99,0x3b44
  r61_witness[05] r61=16 tail=27 gh60=0x5b29b7e W1=0x21d7,0xb59,0xaa0 W2=0x20e4,0x380,0x2107
  r61_witness[06] r61=16 tail=28 gh60=0x4924faa W1=0x17c2,0x3773,0x2600 W2=0x16cf,0x358f,0x2a88
  r61_witness[07] r61=16 tail=29 gh60=0x56087ee W1=0x339f,0x3990,0x12ec W2=0x32ac,0x64e,0x1e24
  r61_witness[08] r61=16 tail=30 gh60=0x490c76e W1=0x3d0,0x3912,0x1c49 W2=0x2dd,0x2d51,0x3317
  r61_witness[09] r61=16 tail=31 gh60=0x3b844ba W1=0x3cfa,0x3594,0x17f8 W2=0x3c07,0x2d47,0x3e9
  r61_witness[10] r61=16 tail=32 gh60=0x4e08bea W1=0x59d,0x3960,0x196e W2=0x4aa,0x27df,0x24f
  r61_witness[11] r61=16 tail=32 gh60=0x448bcaa W1=0x2e3d,0x29c2,0x2783 W2=0x2d4a,0x2671,0xaab
  r61_witness[12] r61=16 tail=33 gh60=0xc8e7be6 W1=0x31a4,0x2e24,0x3666 W2=0x30b1,0x2695,0x3301
  r61_witness[13] r61=16 tail=34 gh60=0x4a044e6 W1=0x31c,0x801,0x3c6c W2=0x229,0x1bd7,0x19f7
  r61_witness[14] r61=16 tail=35 gh60=0x45184a6 W1=0x1c43,0x311b,0x95f W2=0x1b50,0xd98,0x28f1
  r61_witness[15] r61=16 tail=35 gh60=0x4e08cea W1=0x2611,0x30c0,0x2aed W2=0x251e,0x37c7,0x2174

D60=0 fiber histogram: 1:7974 2:4717 3:1783 4:1098 5:447 6:233 7:62 8:74 9:34 10:17 11:8 12:10 13:4 14:2 15:1
