free_word_mitm_reducedn
N=14 mask=0x3fff msb=0x2000
candidate: M0=0x3d36 mode=random-fallback fill=0x3fff kernel=dM0=dM9=0x2000
prefixes=32768/268435456 mode=permuted-prefix-sample w59_per_prefix=16384 total=536870912
run_mode=scan registry_cap=16
sample_start=96043008
scan_elapsed=20.159s rate=26.63 Mtriples/s

D60 interface
  D60=0 matches: 32603 (random expectation 32768.0, enrichment 0.995x)
  prefixes with D60=0: 16496
  max D60=0 fiber per prefix: 24 at W57=0x1805 W58=0x268c
  largest D60 bucket: D=0x2bad count=33793
  min D60 HW: 0
  D60 HW histogram: 0:32603 1:456578 2:2970259 3:11896351 4:32746709 5:65582192 6:98416243 7:112516163 8:98467102 9:65619622 10:32784085 11:11914340 12:2977555 13:458310 14:32800

Tail closure among D60=0 matches
  final tail collisions: 0
  best r61 HW: 13
  best r61 W1[57..59]=0x252c,0x3d48,0x2e01
  best r61 W2[57..59]=0x2439,0x2ba6,0x22c0
  best tail HW: 17
  best tail r61 HW: 18
  best W1[57..59]=0x3c1a,0x3b0e,0x31a6
  best W2[57..59]=0x3b27,0x2e7b,0x3774

SUMMARY N=14 sample_start=96043008 prefixes=32768 total=536870912 d0=32603 best_tail=17 tail_r61=18 best_r61=13 tail_W1=0x3c1a,0x3b0e,0x31a6 tail_W2=0x3b27,0x2e7b,0x3774 r61_W1=0x252c,0x3d48,0x2e01 r61_W2=0x2439,0x2ba6,0x22c0

Scan-only witness registry
  registry_count=16 registry_cap=16
  witness[00] tail=17 r61=18 gh60=0xc61c4fa W1=0x3c1a,0x3b0e,0x31a6 W2=0x3b27,0x2e7b,0x3774
  witness[01] tail=23 r61=22 gh60=0x7edbb9e W1=0x31c7,0x3f6a,0x2167 W2=0x30d4,0x29d2,0x947
  witness[02] tail=24 r61=23 gh60=0x39e44ea W1=0x3412,0x1f31,0x2162 W2=0x331f,0x3530,0x3918
  witness[03] tail=24 r61=23 gh60=0xcbb8b9a W1=0x35a5,0x2d4,0xee3 W2=0x34b2,0x1fa,0x1e87
  witness[04] tail=24 r61=25 gh60=0xfae9b66 W1=0x3d53,0x2433,0x3323 W2=0x3c60,0x30a3,0x2b8e
  witness[05] tail=25 r61=15 gh60=0x3a044fa W1=0x3b1a,0x38df,0x1bbe W2=0x3a27,0x2e1c,0x29a8
  witness[06] tail=25 r61=18 gh60=0x49d7b7e W1=0x3158,0x3f06,0x12eb W2=0x3065,0x2426,0x111d
  witness[07] tail=25 r61=19 gh60=0xcb08b6e W1=0x19df,0x2646,0x1123 W2=0x18ec,0x2c5d,0x2cba
  witness[08] tail=25 r61=20 gh60=0xd4afdba W1=0x30b6,0x3a92,0x262c W2=0x2fc3,0x3cf6,0x28ce
  witness[09] tail=25 r61=22 gh60=0xcb6c49e W1=0x2b28,0x33a,0x1e40 W2=0x2a35,0x12f0,0x3ca9
  witness[10] tail=26 r61=18 gh60=0xb887cba W1=0x113a,0x3ee7,0x1155 W2=0x1047,0xb17,0x2a84
  witness[11] tail=26 r61=18 gh60=0x4df8dbe W1=0x38b7,0x3dd4,0x26c9 W2=0x37c4,0xf8f,0x11d4
  witness[12] tail=26 r61=19 gh60=0xc987fba W1=0x2fba,0x3f8b,0x1ea4 W2=0x2ec7,0x1583,0xf5a
  witness[13] tail=26 r61=20 gh60=0xca0bbea W1=0xd8d,0x1bf9,0xe0f W2=0xc9a,0x3e80,0xf1c
  witness[14] tail=26 r61=20 gh60=0xc6a8ca6 W1=0x15f3,0x3591,0x2f5 W2=0x1500,0x353d,0x185b
  witness[15] tail=26 r61=20 gh60=0x4798baa W1=0x39b1,0x1d1d,0x2c1f W2=0x38be,0x2934,0x2c33

Scan-only r61 registry
  registry_count=16 registry_cap=16
  r61_witness[00] r61=13 tail=27 gh60=0x38844a6 W1=0x252c,0x3d48,0x2e01 W2=0x2439,0x2ba6,0x22c0
  r61_witness[01] r61=13 tail=28 gh60=0x4b08b6a W1=0x39d1,0x3af0,0x2dc1 W2=0x38de,0x8eb,0x3e8e
  r61_witness[02] r61=14 tail=32 gh60=0x4a19fee W1=0x3f9f,0x31d9,0x4bc W2=0x3eac,0x2898,0x28e7
  r61_witness[03] r61=14 tail=34 gh60=0x595877a W1=0x3b59,0x6a6,0x345f W2=0x3a66,0x118a,0x2beb
  r61_witness[04] r61=14 tail=35 gh60=0xda6859a W1=0xa85,0xef2,0x769 W2=0x992,0x3b61,0x3a11
  r61_witness[05] r61=15 tail=25 gh60=0x3a044fa W1=0x3b1a,0x38df,0x1bbe W2=0x3a27,0x2e1c,0x29a8
  r61_witness[06] r61=15 tail=28 gh60=0x590cb6e W1=0x25d0,0x2165,0x29d9 W2=0x24dd,0x1b8d,0x20bf
  r61_witness[07] r61=15 tail=29 gh60=0x388c4aa W1=0x52e,0x1ee7,0x27aa W2=0x43b,0x2368,0x2e16
  r61_witness[08] r61=15 tail=30 gh60=0x5b0457a W1=0x14da,0x2654,0x2ae4 W2=0x13e7,0x20fd,0xd17
  r61_witness[09] r61=15 tail=33 gh60=0x4968ca6 W1=0x733,0x1461,0x3db1 W2=0x640,0x108d,0x73c
  r61_witness[10] r61=16 tail=28 gh60=0xce29bfe W1=0x1d97,0x28f7,0x3bf3 W2=0x1ca4,0x2186,0x3dbe
  r61_witness[11] r61=16 tail=31 gh60=0x77844a6 W1=0x3afc,0x3ab5,0x391c W2=0x3a09,0x1b81,0x1835
  r61_witness[12] r61=16 tail=32 gh60=0xc619cee W1=0x3e1f,0x2c9d,0x2b8a W2=0x3d2c,0x1cf4,0xa95
  r61_witness[13] r61=16 tail=33 gh60=0x45afdea W1=0xea2,0x240e,0x147e W2=0xdaf,0x26fe,0x1c48
  r61_witness[14] r61=16 tail=33 gh60=0x5e084ee W1=0x220f,0x2670,0x607 W2=0x211c,0xf16,0x3903
  r61_witness[15] r61=16 tail=34 gh60=0x4a1bcfa W1=0x1015,0x29de,0x2000 W2=0xf22,0x36a9,0x159f

D60=0 fiber histogram: 1:7909 2:4840 3:1804 4:1089 5:423 6:205 7:83 8:71 9:30 10:23 11:8 12:2 13:3 14:3 16:1 19:1 24:1
