free_word_mitm_reducedn
N=14 mask=0x3fff msb=0x2000
candidate: M0=0x3d36 mode=random-fallback fill=0x3fff kernel=dM0=dM9=0x2000
prefixes=32768/268435456 mode=permuted-prefix-sample w59_per_prefix=16384 total=536870912
run_mode=scan registry_cap=16
sample_start=254443520
scan_elapsed=19.325s rate=27.78 Mtriples/s

D60 interface
  D60=0 matches: 32500 (random expectation 32768.0, enrichment 0.992x)
  prefixes with D60=0: 16607
  max D60=0 fiber per prefix: 20 at W57=0x3d55 W58=0xcf0
  largest D60 bucket: D=0xcf2 count=33748
  min D60 HW: 0
  D60 HW histogram: 0:32500 1:458712 2:2982314 3:11932087 4:32823458 5:65655304 6:98471844 7:112504092 8:98376128 9:65516648 10:32738807 11:11909127 12:2977944 13:459308 14:32639

Tail closure among D60=0 matches
  final tail collisions: 0
  best r61 HW: 13
  best r61 W1[57..59]=0x1b63,0x37d3,0xbc9
  best r61 W2[57..59]=0x1a70,0x2cac,0xf99
  best tail HW: 21
  best tail r61 HW: 22
  best W1[57..59]=0x434,0x8b2,0x2729
  best W2[57..59]=0x341,0x251e,0x1c92

SUMMARY N=14 sample_start=254443520 prefixes=32768 total=536870912 d0=32500 best_tail=21 tail_r61=22 best_r61=13 tail_W1=0x434,0x8b2,0x2729 tail_W2=0x341,0x251e,0x1c92 r61_W1=0x1b63,0x37d3,0xbc9 r61_W2=0x1a70,0x2cac,0xf99

Scan-only witness registry
  registry_count=16 registry_cap=16
  witness[00] tail=21 r61=22 gh60=0x4f6c4a6 W1=0x434,0x8b2,0x2729 W2=0x341,0x251e,0x1c92
  witness[01] tail=22 r61=19 gh60=0x4d884ae W1=0x3ef,0x141a,0x191a W2=0x2fc,0x13a,0x88
  witness[02] tail=23 r61=17 gh60=0x790bb6a W1=0x11cd,0x2d5a,0x31e8 W2=0x10da,0x895,0x1d8f
  witness[03] tail=23 r61=24 gh60=0x4f75b6e W1=0x1de0,0x25f5,0x348 W2=0x1ced,0x2109,0x3bc4
  witness[04] tail=23 r61=25 gh60=0xdcf7cbe W1=0x1038,0x2623,0x1cd7 W2=0xf45,0x127f,0x350e
  witness[05] tail=23 r61=28 gh60=0xfe844ba W1=0x11fa,0xa99,0xa2e W2=0x1107,0xc,0x286f
  witness[06] tail=24 r61=14 gh60=0xca14fea W1=0x78e,0xda8,0xae4 W2=0x69b,0xe38,0x1cb9
  witness[07] tail=24 r61=17 gh60=0x5a08cea W1=0x3611,0x3ad9,0x36b0 W2=0x351e,0x14e4,0x302
  witness[08] tail=24 r61=18 gh60=0x592c4aa W1=0x1542,0x1731,0x1e86 W2=0x144f,0x2e06,0xfab
  witness[09] tail=24 r61=18 gh60=0x4a8479a W1=0x2b6a,0x2f73,0x1b72 W2=0x2a77,0x21c9,0x2fc
  witness[10] tail=24 r61=21 gh60=0x3b9c4ba W1=0x3fa,0x2ff2,0x3e75 W2=0x307,0x14e9,0x2daf
  witness[11] tail=24 r61=21 gh60=0xc4d449a W1=0x3c26,0xdd9,0xf24 W2=0x3b33,0x423,0x3b04
  witness[12] tail=24 r61=22 gh60=0xb695cae W1=0x2000,0xffc,0x3c83 W2=0x1f0d,0x284c,0x20d6
  witness[13] tail=24 r61=31 gh60=0xbb3856a W1=0x1a61,0x1210,0x2659 W2=0x196e,0x20ae,0x15de
  witness[14] tail=25 r61=14 gh60=0xca085ea W1=0x248d,0x135b,0x747 W2=0x239a,0x1e75,0x2b50
  witness[15] tail=25 r61=17 gh60=0xc888faa W1=0x27c1,0xbd7,0x26b2 W2=0x26ce,0x8de,0x2ab8

Scan-only r61 registry
  registry_count=16 registry_cap=16
  r61_witness[00] r61=13 tail=26 gh60=0x4998766 W1=0x1b63,0x37d3,0xbc9 W2=0x1a70,0x2cac,0xf99
  r61_witness[01] r61=14 tail=24 gh60=0xca14fea W1=0x78e,0xda8,0xae4 W2=0x69b,0xe38,0x1cb9
  r61_witness[02] r61=14 tail=25 gh60=0xca085ea W1=0x248d,0x135b,0x747 W2=0x239a,0x1e75,0x2b50
  r61_witness[03] r61=14 tail=27 gh60=0x470ff6e W1=0x2fe0,0x112e,0x38d5 W2=0x2eed,0x385e,0x114b
  r61_witness[04] r61=15 tail=26 gh60=0xbc8bdaa W1=0x30bd,0x1c41,0xfad W2=0x2fca,0x1300,0x1783
  r61_witness[05] r61=15 tail=28 gh60=0x47d8cfa W1=0x3919,0x7e0,0x2d58 W2=0x3826,0x3c17,0xd01
  r61_witness[06] r61=15 tail=30 gh60=0x4a67be6 W1=0x1194,0x664,0x1777 W2=0x10a1,0x363d,0xc7f
  r61_witness[07] r61=15 tail=33 gh60=0x4a0bdea W1=0x108d,0x2f85,0xa93 W2=0xf9a,0x2cdc,0x1ca4
  r61_witness[08] r61=15 tail=33 gh60=0x46884aa W1=0x1bed,0x2103,0x1801 W2=0x1afa,0x36bf,0x1797
  r61_witness[09] r61=15 tail=34 gh60=0x590bb6e W1=0x114f,0x11cc,0x3dbb W2=0x105c,0x34eb,0x2fe1
  r61_witness[10] r61=15 tail=34 gh60=0xc90bb6a W1=0x2d61,0x37a2,0x1c7 W2=0x2c6e,0x28d1,0x1d9b
  r61_witness[11] r61=16 tail=29 gh60=0x38ac7e6 W1=0x13a4,0x1ba1,0xf5b W2=0x12b1,0x120d,0x1870
  r61_witness[12] r61=16 tail=31 gh60=0x4a2dbfa W1=0x3d96,0x3e4b,0x1e6 W2=0x3ca3,0x3edb,0x2aed
  r61_witness[13] r61=16 tail=33 gh60=0xc90bf66 W1=0xf5b,0x1725,0x125e W2=0xe68,0x2bd1,0x13e7
  r61_witness[14] r61=16 tail=33 gh60=0x48b9b9a W1=0x21a9,0x2764,0xc05 W2=0x20b6,0x2088,0x32aa
  r61_witness[15] r61=16 tail=35 gh60=0xba18cee W1=0x190f,0x1fc8,0x2a37 W2=0x181c,0xba3,0x645

D60=0 fiber histogram: 1:8082 2:4839 3:1771 4:1085 5:416 6:205 7:67 8:67 9:33 10:20 11:12 12:5 15:2 16:1 17:1 20:1
