free_word_mitm_reducedn
N=14 mask=0x3fff msb=0x2000
candidate: M0=0x3d36 mode=random-fallback fill=0x3fff kernel=dM0=dM9=0x2000
prefixes=32768/268435456 mode=permuted-prefix-sample w59_per_prefix=16384 total=536870912
run_mode=scan registry_cap=16
sample_start=85950464
scan_elapsed=22.085s rate=24.31 Mtriples/s

D60 interface
  D60=0 matches: 32895 (random expectation 32768.0, enrichment 1.004x)
  prefixes with D60=0: 16518
  max D60=0 fiber per prefix: 18 at W57=0x3ee9 W58=0xaac
  largest D60 bucket: D=0xaa7 count=33774
  min D60 HW: 0
  D60 HW histogram: 0:32895 1:459870 2:2980350 3:11927685 4:32792960 5:65606558 6:98453964 7:112485243 8:98408465 9:65561838 10:32782449 11:11909015 12:2976938 13:459710 14:32972

Tail closure among D60=0 matches
  final tail collisions: 0
  best r61 HW: 15
  best r61 W1[57..59]=0x263d,0x2f98,0x1e2
  best r61 W2[57..59]=0x254a,0x36c3,0x27c5
  best tail HW: 22
  best tail r61 HW: 19
  best W1[57..59]=0xd6b,0x80a,0x2c2e
  best W2[57..59]=0xc78,0x3ad0,0x2bc0

SUMMARY N=14 sample_start=85950464 prefixes=32768 total=536870912 d0=32895 best_tail=22 tail_r61=19 best_r61=15 tail_W1=0xd6b,0x80a,0x2c2e tail_W2=0xc78,0x3ad0,0x2bc0 r61_W1=0x263d,0x2f98,0x1e2 r61_W2=0x254a,0x36c3,0x27c5

Scan-only witness registry
  registry_count=16 registry_cap=16
  witness[00] tail=22 r61=19 gh60=0xcb8bba6 W1=0xd6b,0x80a,0x2c2e W2=0xc78,0x3ad0,0x2bc0
  witness[01] tail=23 r61=20 gh60=0x4a54d9a W1=0x686,0x2578,0x13cb W2=0x593,0x71b,0x2566
  witness[02] tail=24 r61=18 gh60=0x4b95cae W1=0x1e30,0x1eb4,0xb5e W2=0x1d3d,0x94,0x886
  witness[03] tail=24 r61=20 gh60=0xc88dcae W1=0x130,0x2737,0x578 W2=0x3d,0x1317,0x1885
  witness[04] tail=24 r61=20 gh60=0x3617bea W1=0xd9e,0x82f,0x1704 W2=0xcab,0x3bab,0x1c2
  witness[05] tail=24 r61=20 gh60=0x4febcba W1=0xf39,0x3a22,0x3f44 W2=0xe46,0xc5d,0x135a
  witness[06] tail=24 r61=23 gh60=0x5a084ee W1=0x3b1f,0x1773,0x25ce W2=0x3a2c,0x879,0x357e
  witness[07] tail=25 r61=20 gh60=0x4a1fbe6 W1=0xd94,0x1e21,0x2586 W2=0xca1,0x10fa,0x1812
  witness[08] tail=25 r61=21 gh60=0xc674d9a W1=0x3686,0x672,0x117e W2=0x3593,0x3819,0x1764
  witness[09] tail=25 r61=22 gh60=0xce84cba W1=0x8fa,0x1b56,0x22c0 W2=0x807,0x3d8e,0x3622
  witness[10] tail=25 r61=23 gh60=0xcf04566 W1=0x24c,0x11,0x2b9b W2=0x159,0x1643,0x2018
  witness[11] tail=25 r61=25 gh60=0x393879a W1=0xbc5,0x215,0x1ea4 W2=0xad2,0x3438,0x20fe
  witness[12] tail=25 r61=26 gh60=0x7e8459a W1=0xc6a,0x1411,0x80b W2=0xb77,0x2af,0x23d8
  witness[13] tail=25 r61=26 gh60=0x4efbbae W1=0x2d6f,0x951,0xeae W2=0x2c7c,0x31d4,0x11e6
  witness[14] tail=25 r61=26 gh60=0x4fefc9e W1=0x3008,0x1dca,0x3f26 W2=0x2f15,0x6fb,0x1b76
  witness[15] tail=25 r61=27 gh60=0x5e344fa W1=0x2316,0x2eb2,0x3b0b W2=0x2223,0x183b,0x1fc3

Scan-only r61 registry
  registry_count=16 registry_cap=16
  r61_witness[00] r61=15 tail=32 gh60=0xc488caa W1=0x263d,0x2f98,0x1e2 W2=0x254a,0x36c3,0x27c5
  r61_witness[01] r61=15 tail=36 gh60=0x4a09cea W1=0x1f21,0x3de3,0x25af W2=0x1e2e,0x20a,0x4ca
  r61_witness[02] r61=16 tail=31 gh60=0x460cd9a W1=0x68a,0x28b5,0x604 W2=0x597,0x1a4c,0x1c70
  r61_witness[03] r61=16 tail=32 gh60=0x560bce6 W1=0x100b,0x2d48,0x26ae W2=0xf18,0xaf0,0x3bf4
  r61_witness[04] r61=16 tail=32 gh60=0x4a34dfe W1=0x2698,0x17f5,0x316 W2=0x25a5,0x2235,0x10c4
  r61_witness[05] r61=16 tail=37 gh60=0x390449a W1=0x54a,0x26f5,0x2a02 W2=0x457,0xcff,0xf9c
  r61_witness[06] r61=16 tail=37 gh60=0x4904b66 W1=0x29dc,0x2150,0x2318 W2=0x28e9,0x271f,0x22ef
  r61_witness[07] r61=16 tail=38 gh60=0xc90bb6a W1=0x2d5d,0x1cb4,0x1ccb W2=0x2c6a,0x3d9f,0x379d
  r61_witness[08] r61=16 tail=39 gh60=0x488cb9a W1=0x9aa,0x1100,0x1746 W2=0x8b7,0x3c13,0x35ed
  r61_witness[09] r61=16 tail=39 gh60=0x488bcaa W1=0x312d,0x2ee8,0x3575 W2=0x303a,0x25eb,0xc83
  r61_witness[10] r61=17 tail=26 gh60=0xc585da6 W1=0x1eac,0x1e84,0x2e54 W2=0x1db9,0x3847,0x3bc0
  r61_witness[11] r61=17 tail=26 gh60=0x4a1bcea W1=0x2e21,0x228f,0x1939 W2=0x2d2e,0x2002,0x99e
  r61_witness[12] r61=17 tail=27 gh60=0xcc89caa W1=0x1e2d,0x956,0x1a73 W2=0x1d3a,0xf11,0x2169
  r61_witness[13] r61=17 tail=29 gh60=0xbe0cfee W1=0x1790,0x34a5,0xe16 W2=0x169d,0x3879,0x2d3f
  r61_witness[14] r61=17 tail=30 gh60=0x4508566 W1=0x44b,0x12a5,0x28ef W2=0x358,0xef6,0x1430
  r61_witness[15] r61=17 tail=30 gh60=0xc668ffa W1=0x799,0x9f9,0xb57 W2=0x6a6,0x688,0x549

D60=0 fiber histogram: 1:7941 2:4828 3:1724 4:1100 5:450 6:229 7:89 8:79 9:27 10:21 11:8 12:10 13:4 15:1 16:3 17:1 18:3
