free_word_mitm_reducedn
N=14 mask=0x3fff msb=0x2000
candidate: M0=0x3d36 mode=random-fallback fill=0x3fff kernel=dM0=dM9=0x2000
prefixes=32768/268435456 mode=permuted-prefix-sample w59_per_prefix=16384 total=536870912
run_mode=scan registry_cap=16
sample_start=24608768
scan_elapsed=20.566s rate=26.11 Mtriples/s

D60 interface
  D60=0 matches: 32652 (random expectation 32768.0, enrichment 0.996x)
  prefixes with D60=0: 16587
  max D60=0 fiber per prefix: 22 at W57=0xdf1 W58=0x3ec8
  largest D60 bucket: D=0x123e count=33793
  min D60 HW: 0
  D60 HW histogram: 0:32652 1:458411 2:2976909 3:11915382 4:32766006 5:65573974 6:98442431 7:112526819 8:98437991 9:65583218 10:32771811 11:11918465 12:2974555 13:459304 14:32984

Tail closure among D60=0 matches
  final tail collisions: 0
  best r61 HW: 14
  best r61 W1[57..59]=0x37c5,0x2733,0x1ca3
  best r61 W2[57..59]=0x36d2,0x2691,0x3f83
  best tail HW: 21
  best tail r61 HW: 26
  best W1[57..59]=0xcb8,0xdcd,0x6aa
  best W2[57..59]=0xbc5,0x1514,0x60f

SUMMARY N=14 sample_start=24608768 prefixes=32768 total=536870912 d0=32652 best_tail=21 tail_r61=26 best_r61=14 tail_W1=0xcb8,0xdcd,0x6aa tail_W2=0xbc5,0x1514,0x60f r61_W1=0x37c5,0x2733,0x1ca3 r61_W2=0x36d2,0x2691,0x3f83

Scan-only witness registry
  registry_count=16 registry_cap=16
  witness[00] tail=21 r61=26 gh60=0xfcfc5be W1=0xcb8,0xdcd,0x6aa W2=0xbc5,0x1514,0x60f
  witness[01] tail=22 r61=23 gh60=0x56784fa W1=0x3219,0x29db,0x3d33 W2=0x3126,0x2163,0x1608
  witness[02] tail=22 r61=25 gh60=0x3ad449a W1=0x23e6,0xb24,0x2bd6 W2=0x22f3,0x3178,0x993
  witness[03] tail=23 r61=22 gh60=0xd8f87aa W1=0x13c1,0x1945,0x159d W2=0x12ce,0x2b8d,0xcdf
  witness[04] tail=23 r61=24 gh60=0x49b8baa W1=0x2971,0x34f4,0xc70 W2=0x287e,0x317b,0x996
  witness[05] tail=23 r61=25 gh60=0xd90cb7a W1=0x355a,0x25ae,0x2f6f W2=0x3467,0x22e6,0x15e1
  witness[06] tail=24 r61=19 gh60=0xca24dea W1=0x692,0x3ffa,0x10e3 W2=0x59f,0x12de,0x3af1
  witness[07] tail=24 r61=19 gh60=0x48984aa W1=0x252d,0x257f,0x143b W2=0x243a,0x2bfb,0x1ad4
  witness[08] tail=24 r61=20 gh60=0x58944ae W1=0x3b40,0x37db,0x3800 W2=0x3a4d,0x386c,0x3aa4
  witness[09] tail=25 r61=17 gh60=0xc924b66 W1=0x554,0x1de3,0x3b9 W2=0x461,0x27d6,0x2a21
  witness[10] tail=25 r61=18 gh60=0xc924b6a W1=0x952,0x6f6,0x15ae W2=0x85f,0x2d02,0x2438
  witness[11] tail=25 r61=18 gh60=0xcc9bca6 W1=0x1033,0x264b,0xf7a W2=0xf40,0x26f5,0x2c94
  witness[12] tail=25 r61=18 gh60=0xbe1cc9a W1=0x190a,0x1c05,0x312a W2=0x1817,0xd88,0x35cf
  witness[13] tail=25 r61=21 gh60=0x5eecc9e W1=0x1848,0x35d3,0x2b13 W2=0x1755,0x3efe,0xfd9
  witness[14] tail=25 r61=22 gh60=0x451bd66 W1=0x2ed3,0x3cec,0x5ba W2=0x2de0,0x2648,0x4ed
  witness[15] tail=25 r61=23 gh60=0xfa8c4ba W1=0xafa,0x307f,0x31f8 W2=0xa07,0x19b6,0x3a0c

Scan-only r61 registry
  registry_count=16 registry_cap=16
  r61_witness[00] r61=14 tail=32 gh60=0x4918f9a W1=0x37c5,0x2733,0x1ca3 W2=0x36d2,0x2691,0x3f83
  r61_witness[01] r61=14 tail=37 gh60=0x4b04b7a W1=0x29da,0xe87,0x4e5 W2=0x28e7,0x337f,0x2370
  r61_witness[02] r61=15 tail=29 gh60=0xc698ca6 W1=0x18eb,0x2c11,0x3b23 W2=0x17f8,0x35ad,0x1a85
  r61_witness[03] r61=15 tail=29 gh60=0x4888ca6 W1=0x393b,0x3e76,0x1b68 W2=0x3848,0x882,0x15f1
  r61_witness[04] r61=15 tail=35 gh60=0x49884ae W1=0x4ff,0x186c,0x265e W2=0x40c,0x367c,0x32f4
  r61_witness[05] r61=16 tail=27 gh60=0x460bce6 W1=0xe0b,0x39b5,0x3e98 W2=0xd18,0x3cdd,0x14ab
  r61_witness[06] r61=16 tail=31 gh60=0x4a984aa W1=0x3401,0x16e0,0x2a99 W2=0x330e,0x2bd0,0x3dfd
  r61_witness[07] r61=16 tail=32 gh60=0x4a385ee W1=0xc8f,0x37b6,0x149a W2=0xb9c,0x1a74,0x1676
  r61_witness[08] r61=16 tail=34 gh60=0x449ccba W1=0x263a,0x232f,0x1514 W2=0x2547,0xb23,0xacd
  r61_witness[09] r61=16 tail=35 gh60=0x7908b6a W1=0x1961,0x125,0x2ecb W2=0x186e,0xf14,0x1f8a
  r61_witness[10] r61=16 tail=39 gh60=0x490bb66 W1=0x114b,0x3fd3,0x1969 W2=0x1058,0x332f,0x25e2
  r61_witness[11] r61=17 tail=25 gh60=0xc924b66 W1=0x554,0x1de3,0x3b9 W2=0x461,0x27d6,0x2a21
  r61_witness[12] r61=17 tail=26 gh60=0x4e0bcea W1=0xe11,0x1c9b,0x81d W2=0xd1e,0x1026,0x27c0
  r61_witness[13] r61=17 tail=26 gh60=0x4a1fc9a W1=0x100a,0x85e,0x2b8c W2=0xf17,0x19a3,0x1b96
  r61_witness[14] r61=17 tail=26 gh60=0xca09cee W1=0x200f,0x2055,0x1b9e W2=0x1f1c,0xabc,0x2763
  r61_witness[15] r61=17 tail=29 gh60=0x3e0479a W1=0x2b8a,0x3e8a,0x1aa5 W2=0x2a97,0x312a,0x291

D60=0 fiber histogram: 1:8089 2:4761 3:1792 4:1084 5:417 6:216 7:77 8:71 9:34 10:22 11:8 12:7 13:5 16:1 18:1 22:2
