free_word_mitm_reducedn
N=14 mask=0x3fff msb=0x2000
candidate: M0=0x3d36 mode=random-fallback fill=0x3fff kernel=dM0=dM9=0x2000
prefixes=32768/268435456 mode=permuted-prefix-sample w59_per_prefix=16384 total=536870912
run_mode=scan registry_cap=16
sample_start=167215104
scan_elapsed=20.591s rate=26.07 Mtriples/s

D60 interface
  D60=0 matches: 32332 (random expectation 32768.0, enrichment 0.987x)
  prefixes with D60=0: 16413
  max D60=0 fiber per prefix: 30 at W57=0x3e81 W58=0x35d8
  largest D60 bucket: D=0x6bd count=33923
  min D60 HW: 0
  D60 HW histogram: 0:32332 1:454554 2:2971150 3:11917970 4:32804797 5:65619885 6:98454677 7:112515979 8:98417857 9:65556780 10:32760250 11:11899467 12:2975433 13:457324 14:32457

Tail closure among D60=0 matches
  final tail collisions: 0
  best r61 HW: 14
  best r61 W1[57..59]=0x3ebc,0x62,0x1379
  best r61 W2[57..59]=0x3dc9,0x1a19,0x35a7
  best tail HW: 19
  best tail r61 HW: 22
  best W1[57..59]=0x20b7,0x159a,0xd3b
  best W2[57..59]=0x1fc4,0x15d1,0xcaa

SUMMARY N=14 sample_start=167215104 prefixes=32768 total=536870912 d0=32332 best_tail=19 tail_r61=22 best_r61=14 tail_W1=0x20b7,0x159a,0xd3b tail_W2=0x1fc4,0x15d1,0xcaa r61_W1=0x3ebc,0x62,0x1379 r61_W2=0x3dc9,0x1a19,0x35a7

Scan-only witness registry
  registry_count=16 registry_cap=16
  witness[00] tail=19 r61=22 gh60=0xbdb9dbe W1=0x20b7,0x159a,0xd3b W2=0x1fc4,0x15d1,0xcaa
  witness[01] tail=21 r61=18 gh60=0x462fc9a W1=0x3106,0xf5a,0x2b33 W2=0x3013,0x28ab,0x3482
  witness[02] tail=21 r61=19 gh60=0x459dcae W1=0x1e40,0x673,0xfad W2=0x1d4d,0x2847,0x183c
  witness[03] tail=22 r61=21 gh60=0xf959bba W1=0x1db9,0x2eb6,0x323c W2=0x1cc6,0x2d0d,0x1955
  witness[04] tail=23 r61=17 gh60=0xca04c9a W1=0x170a,0x1dbc,0x285a W2=0x1617,0x113f,0x1069
  witness[05] tail=23 r61=19 gh60=0x3cd84ba W1=0x2c39,0xc6a,0x1619 W2=0x2b46,0x3168,0x2992
  witness[06] tail=23 r61=19 gh60=0xd9acb9e W1=0x3568,0x190e,0xed3 W2=0x3475,0x20bd,0x3d41
  witness[07] tail=24 r61=19 gh60=0xf8844a6 W1=0xb3c,0x19b9,0x2d63 W2=0xa49,0x2b05,0x3d82
  witness[08] tail=24 r61=20 gh60=0x5ae879a W1=0x3bc9,0x3d2c,0x2002 W2=0x3ad6,0xf4f,0x28b
  witness[09] tail=24 r61=24 gh60=0xd63cbee W1=0x1590,0x727,0x146a W2=0x149d,0xdbb,0x38cf
  witness[10] tail=24 r61=27 gh60=0x5af8d7a W1=0x16d9,0x12b,0x3d85 W2=0x15e6,0x2afe,0x1e78
  witness[11] tail=25 r61=19 gh60=0x4ee44e6 W1=0x3b14,0x127b,0x84f W2=0x3a21,0x1071,0x1c16
  witness[12] tail=25 r61=20 gh60=0xb61bce6 W1=0x101b,0x111c,0x529 W2=0xf28,0x2eb4,0x2858
  witness[13] tail=25 r61=21 gh60=0xc5e8b9a W1=0x985,0x1506,0xd13 W2=0x892,0x314,0x25d8
  witness[14] tail=25 r61=21 gh60=0x593c77a W1=0x135a,0x295b,0x1296 W2=0x1267,0x302c,0x125b
  witness[15] tail=25 r61=23 gh60=0xcf7c59e W1=0x1ca8,0x29de,0x297 W2=0x1bb5,0x30,0xfb0

Scan-only r61 registry
  registry_count=16 registry_cap=16
  r61_witness[00] r61=14 tail=33 gh60=0x4485da6 W1=0x3ebc,0x62,0x1379 W2=0x3dc9,0x1a19,0x35a7
  r61_witness[01] r61=15 tail=27 gh60=0x3a084e6 W1=0x3d1b,0x2b89,0x2a6d W2=0x3c28,0x3a4c,0x42
  r61_witness[02] r61=15 tail=30 gh60=0x450856a W1=0x34d1,0x345d,0x2367 W2=0x33de,0x607,0x1710
  r61_witness[03] r61=15 tail=32 gh60=0x5d0bd6a W1=0x30dd,0x3558,0x1f1e W2=0x2fea,0x3033,0x6dc
  r61_witness[04] r61=16 tail=26 gh60=0xca6dca6 W1=0x1df4,0x3940,0x3136 W2=0x1d01,0x37ef,0x13df
  r61_witness[05] r61=16 tail=26 gh60=0x362cb9a W1=0x2586,0x3833,0x3802 W2=0x2493,0x371e,0x5ee
  r61_witness[06] r61=16 tail=26 gh60=0x4c7bda6 W1=0x30ab,0x2312,0x34d W2=0x2fb8,0xa44,0x1921
  r61_witness[07] r61=16 tail=28 gh60=0x5988cae W1=0x28ef,0x1c3e,0xdfb W2=0x27fc,0x371d,0x1ee2
  r61_witness[08] r61=16 tail=28 gh60=0xb518566 W1=0x3a4b,0x1b84,0x38df W2=0x3958,0xb3,0x3d39
  r61_witness[09] r61=16 tail=30 gh60=0x48adb9e W1=0x21a8,0x34c9,0xb0d W2=0x20b5,0x29de,0x106d
  r61_witness[10] r61=16 tail=30 gh60=0x4928f66 W1=0x27d3,0x3f79,0x12a8 W2=0x26e0,0x2bcb,0x2a34
  r61_witness[11] r61=16 tail=30 gh60=0x4509d66 W1=0x3e4b,0x2055,0x2e27 W2=0x3d58,0x3c05,0x1488
  r61_witness[12] r61=16 tail=31 gh60=0xd928b9a W1=0x29c9,0x15de,0x33e4 W2=0x28d6,0x114c,0x3252
  r61_witness[13] r61=16 tail=32 gh60=0x452cd66 W1=0x36d4,0xa2e,0x3a11 W2=0x35e1,0xf85,0xe9e
  r61_witness[14] r61=16 tail=32 gh60=0x58a8c9e W1=0x3727,0x2ffc,0x3651 W2=0x3634,0x3ae6,0x8e1
  r61_witness[15] r61=16 tail=34 gh60=0x4c8c5ae W1=0x4c0,0x14a5,0x2b90 W2=0x3cd,0x3a5e,0x2ebb

D60=0 fiber histogram: 1:8029 2:4676 3:1784 4:1076 5:399 6:208 7:90 8:77 9:24 10:24 11:8 12:7 13:3 14:2 15:1 16:3 18:1 30:1
