free_word_mitm_reducedn
N=14 mask=0x3fff msb=0x2000
candidate: M0=0x3d36 mode=random-fallback fill=0x3fff kernel=dM0=dM9=0x2000
prefixes=32768/268435456 mode=permuted-prefix-sample w59_per_prefix=16384 total=536870912
run_mode=scan registry_cap=16
sample_start=32997376
scan_elapsed=20.582s rate=26.08 Mtriples/s

D60 interface
  D60=0 matches: 32517 (random expectation 32768.0, enrichment 0.992x)
  prefixes with D60=0: 16539
  max D60=0 fiber per prefix: 35 at W57=0x1972 W58=0x2dce
  largest D60 bucket: D=0x7ba count=33953
  min D60 HW: 0
  D60 HW histogram: 0:32517 1:454650 2:2968501 3:11910504 4:32774438 5:65607399 6:98445918 7:112533099 8:98428068 9:65574844 10:32762499 11:11915283 12:2973450 13:457112 14:32630

Tail closure among D60=0 matches
  final tail collisions: 0
  best r61 HW: 15
  best r61 W1[57..59]=0x33a8,0x3c17,0x2cec
  best r61 W2[57..59]=0x32b5,0x5f3,0x2b7e
  best tail HW: 20
  best tail r61 HW: 19
  best W1[57..59]=0x725,0xb6e,0x249e
  best W2[57..59]=0x632,0x2e78,0x74d

SUMMARY N=14 sample_start=32997376 prefixes=32768 total=536870912 d0=32517 best_tail=20 tail_r61=19 best_r61=15 tail_W1=0x725,0xb6e,0x249e tail_W2=0x632,0x2e78,0x74d r61_W1=0x33a8,0x3c17,0x2cec r61_W2=0x32b5,0x5f3,0x2b7e

Scan-only witness registry
  registry_count=16 registry_cap=16
  witness[00] tail=20 r61=19 gh60=0xb8b8c9a W1=0x725,0xb6e,0x249e W2=0x632,0x2e78,0x74d
  witness[01] tail=21 r61=16 gh60=0xdaa9da6 W1=0x2073,0x2ee1,0x2bb3 W2=0x1f80,0x337,0x906
  witness[02] tail=21 r61=22 gh60=0xce0fdea W1=0x309e,0xb7c,0x1a30 W2=0x2fab,0x32d0,0x3dea
  witness[03] tail=21 r61=23 gh60=0x477fc9a W1=0x2f4a,0x35a0,0x2c86 W2=0x2e57,0xc25,0x3f3f
  witness[04] tail=22 r61=16 gh60=0x46e8b66 W1=0x35e3,0x714,0x1da3 W2=0x34f0,0x180e,0x21af
  witness[05] tail=22 r61=17 gh60=0xda89cae W1=0x1eff,0x335c,0x19f W2=0x1e0c,0x11ab,0x14cd
  witness[06] tail=22 r61=22 gh60=0xc50cd66 W1=0x164c,0x229d,0x370b W2=0x1559,0x844,0x194b
  witness[07] tail=23 r61=15 gh60=0x5e044e6 W1=0x130c,0x1c7f,0x70d W2=0x1219,0x3a65,0x2c26
  witness[08] tail=23 r61=22 gh60=0xdae5f6a W1=0x1f52,0x1d15,0x10cb W2=0x1e5f,0xf35,0x3448
  witness[09] tail=24 r61=20 gh60=0xfa38fa6 W1=0x1783,0x2c19,0x19c9 W2=0x1690,0x22fd,0x24d1
  witness[10] tail=24 r61=23 gh60=0x4b9c59a W1=0x3caa,0x2b7c,0x2dc0 W2=0x3bb7,0x29aa,0x22a5
  witness[11] tail=25 r61=21 gh60=0xde18dee W1=0x369f,0x28a,0x331 W2=0x35ac,0x3d39,0x1208
  witness[12] tail=25 r61=22 gh60=0xc9ebfa6 W1=0x2f73,0xbb7,0x10be W2=0x2e80,0x2305,0x1b09
  witness[13] tail=25 r61=22 gh60=0x7d645aa W1=0x34c2,0x3548,0x5e W2=0x33cf,0x1205,0x1e07
  witness[14] tail=25 r61=25 gh60=0x39684ba W1=0x2339,0x14d8,0x1e93 W2=0x2246,0x3e16,0x2183
  witness[15] tail=26 r61=17 gh60=0x48e849a W1=0x2d29,0x19cf,0x3004 W2=0x2c36,0x24,0x459

Scan-only r61 registry
  registry_count=16 registry_cap=16
  r61_witness[00] r61=15 tail=23 gh60=0x5e044e6 W1=0x130c,0x1c7f,0x70d W2=0x1219,0x3a65,0x2c26
  r61_witness[01] r61=15 tail=28 gh60=0x49ac79e W1=0x33a8,0x3c17,0x2cec W2=0x32b5,0x5f3,0x2b7e
  r61_witness[02] r61=15 tail=29 gh60=0x4a144ea W1=0x1a0e,0x786,0x3a59 W2=0x191b,0x1bc1,0x20fa
  r61_witness[03] r61=15 tail=31 gh60=0xc787bba W1=0x117a,0x26bb,0x3fa9 W2=0x1087,0xa4b,0x3995
  r61_witness[04] r61=15 tail=31 gh60=0xd8fbbba W1=0x31b5,0x2f4f,0x3056 W2=0x30c2,0x89e,0x51f
  r61_witness[05] r61=15 tail=36 gh60=0x4a08ce6 W1=0x71b,0x2160,0x3353 W2=0x628,0x3b66,0x3706
  r61_witness[06] r61=16 tail=21 gh60=0xdaa9da6 W1=0x2073,0x2ee1,0x2bb3 W2=0x1f80,0x337,0x906
  r61_witness[07] r61=16 tail=22 gh60=0x46e8b66 W1=0x35e3,0x714,0x1da3 W2=0x34f0,0x180e,0x21af
  r61_witness[08] r61=16 tail=27 gh60=0xcb08d6e W1=0x6cf,0x142d,0x1a7e W2=0x5dc,0x3a7c,0x3ca0
  r61_witness[09] r61=16 tail=28 gh60=0x48884a6 W1=0x132b,0x888,0x30aa W2=0x1238,0x39e5,0x3ebc
  r61_witness[10] r61=16 tail=28 gh60=0xbb04f9a W1=0x17ca,0x5a,0x2e5a W2=0x16d7,0x3da9,0x3fc0
  r61_witness[11] r61=16 tail=29 gh60=0x49884a6 W1=0x2d3b,0x122d,0x3ff5 W2=0x2c48,0xf78,0x3f
  r61_witness[12] r61=16 tail=29 gh60=0x4b684a6 W1=0x3533,0x1555,0xc55 W2=0x3440,0x2c0,0xff3
  r61_witness[13] r61=16 tail=31 gh60=0xca144ea W1=0x330e,0x3e1d,0x3f1d W2=0x321b,0x15a8,0x29bc
  r61_witness[14] r61=16 tail=33 gh60=0xc88bbaa W1=0xdbd,0x32ee,0x2368 W2=0xcca,0x19f5,0x276c
  r61_witness[15] r61=16 tail=33 gh60=0x549cdea W1=0x28a2,0x3d41,0x1706 W2=0x27af,0x8b9,0x1d8d

D60=0 fiber histogram: 1:8044 2:4785 3:1745 4:1092 5:435 6:225 7:81 8:75 9:26 10:15 11:7 12:3 13:2 14:1 16:1 20:1 35:1
