free_word_mitm_reducedn
N=14 mask=0x3fff msb=0x2000
candidate: M0=0x3d36 mode=random-fallback fill=0x3fff kernel=dM0=dM9=0x2000
prefixes=32768/268435456 mode=permuted-prefix-sample w59_per_prefix=16384 total=536870912
run_mode=scan registry_cap=16
sample_start=100106240
scan_elapsed=20.697s rate=25.94 Mtriples/s

D60 interface
  D60=0 matches: 32460 (random expectation 32768.0, enrichment 0.991x)
  prefixes with D60=0: 16517
  max D60=0 fiber per prefix: 18 at W57=0x3df9 W58=0x203c
  largest D60 bucket: D=0x6de count=33889
  min D60 HW: 0
  D60 HW histogram: 0:32460 1:455253 2:2967579 3:11901697 4:32782490 5:65616214 6:98448215 7:112534475 8:98429553 9:65579008 10:32761517 11:11902842 12:2969657 13:456905 14:33047

Tail closure among D60=0 matches
  final tail collisions: 0
  best r61 HW: 13
  best r61 W1[57..59]=0x1f1a,0x33fe,0x51d
  best r61 W2[57..59]=0x1e27,0x18ba,0x16c7
  best tail HW: 23
  best tail r61 HW: 26
  best W1[57..59]=0x3216,0x1653,0x36ca
  best W2[57..59]=0x3123,0xa0c,0x3f9e

SUMMARY N=14 sample_start=100106240 prefixes=32768 total=536870912 d0=32460 best_tail=23 tail_r61=26 best_r61=13 tail_W1=0x3216,0x1653,0x36ca tail_W2=0x3123,0xa0c,0x3f9e r61_W1=0x1f1a,0x33fe,0x51d r61_W2=0x1e27,0x18ba,0x16c7

Scan-only witness registry
  registry_count=16 registry_cap=16
  witness[00] tail=23 r61=26 gh60=0x478bba6 W1=0x11ab,0x1737,0x2424 W2=0x10b8,0xa91,0x1009
  witness[01] tail=23 r61=26 gh60=0x4bfc4fa W1=0x3216,0x1653,0x36ca W2=0x3123,0xa0c,0x3f9e
  witness[02] tail=24 r61=22 gh60=0xdc88cae W1=0x162f,0x2252,0x69f W2=0x153c,0x21b1,0x616
  witness[03] tail=24 r61=23 gh60=0xcce4cea W1=0x1822,0x2f1a,0x510 W2=0x172f,0x3fa6,0x2481
  witness[04] tail=24 r61=23 gh60=0x5959f7e W1=0x3fd7,0x1f48,0x808 W2=0x3ee4,0x1187,0x3793
  witness[05] tail=24 r61=24 gh60=0x4babc9e W1=0x3027,0xcc8,0x1b60 W2=0x2f34,0x538,0x3fdb
  witness[06] tail=24 r61=26 gh60=0x7afc5ea W1=0x1492,0x10b6,0x1d82 W2=0x139f,0x2cdd,0x2ddf
  witness[07] tail=25 r61=18 gh60=0xc92849a W1=0x1b45,0x2102,0x160a W2=0x1a52,0x18c9,0x1f24
  witness[08] tail=25 r61=18 gh60=0x4cf4cbe W1=0x2838,0x1e4,0x274a W2=0x2745,0x3bc4,0x23a5
  witness[09] tail=25 r61=18 gh60=0xc90cb6e W1=0x29d0,0x1e79,0x3e68 W2=0x28dd,0x14a1,0xbbe
  witness[10] tail=25 r61=19 gh60=0xb888cae W1=0x72f,0x57c,0x2679 W2=0x63c,0x21db,0x1fdb
  witness[11] tail=25 r61=20 gh60=0x7d2c56a W1=0x2cd2,0x4af,0x3c76 W2=0x2bdf,0xcea,0x3384
  witness[12] tail=25 r61=20 gh60=0x5ae4baa W1=0x39c2,0x1033,0x197 W2=0x38cf,0xc4f,0x35c0
  witness[13] tail=25 r61=21 gh60=0x4ba4cea W1=0x2822,0xa34,0x1daf W2=0x272f,0xdc4,0x418
  witness[14] tail=25 r61=21 gh60=0xd4a8d9e W1=0x38a7,0x2538,0x384f W2=0x37b4,0x3602,0x207
  witness[15] tail=25 r61=22 gh60=0xcf09d66 W1=0x5b,0x2593,0x220 W2=0x3f68,0x1bd3,0x7f5

Scan-only r61 registry
  registry_count=16 registry_cap=16
  r61_witness[00] r61=13 tail=28 gh60=0xfa05cfa W1=0x1f1a,0x33fe,0x51d W2=0x1e27,0x18ba,0x16c7
  r61_witness[01] r61=13 tail=32 gh60=0x4a5bc9a W1=0x3109,0x10cd,0x37a3 W2=0x3016,0x25dd,0x53a
  r61_witness[02] r61=14 tail=30 gh60=0x488bca6 W1=0x313b,0x26fe,0x2d08 W2=0x3048,0xe0c,0x3f16
  r61_witness[03] r61=14 tail=32 gh60=0xc4a849e W1=0x427,0x3875,0xa96 W2=0x334,0x624,0x190e
  r61_witness[04] r61=14 tail=32 gh60=0x5904f66 W1=0x274c,0x17bc,0x4a4 W2=0x2659,0x37f7,0x809
  r61_witness[05] r61=15 tail=33 gh60=0x488ccba W1=0x193a,0x4b7,0xaa4 W2=0x1847,0x366f,0x1e23
  r61_witness[06] r61=15 tail=34 gh60=0x490bf6a W1=0xfd1,0x177d,0x3191 W2=0xede,0x49c,0x11a
  r61_witness[07] r61=15 tail=34 gh60=0x4904766 W1=0x335c,0x3af9,0x11ad W2=0x3269,0x3bab,0x2fb2
  r61_witness[08] r61=16 tail=30 gh60=0xca0bcea W1=0x3011,0x1cee,0x13ee W2=0x2f1e,0x1471,0x3b68
  r61_witness[09] r61=16 tail=32 gh60=0x5a09cee W1=0xf,0x1860,0x38f4 W2=0x3f1c,0x2c7,0x1328
  r61_witness[10] r61=16 tail=33 gh60=0x4924b6a W1=0x2952,0x3f00,0x3096 W2=0x285f,0x2d04,0x1f40
  r61_witness[11] r61=16 tail=36 gh60=0x4508d6e W1=0x36df,0x1606,0x184f W2=0x35ec,0x845,0x3712
  r61_witness[12] r61=16 tail=39 gh60=0x4e54f9e W1=0x788,0xe30,0x1900 W2=0x695,0x653,0x387
  r61_witness[13] r61=16 tail=40 gh60=0x4504566 W1=0x14dc,0x22b,0x3ebb W2=0x13e9,0xc4d,0x3026
  r61_witness[14] r61=17 tail=27 gh60=0x4e185ea W1=0x28d,0x384c,0xc90 W2=0x19a,0x2e6,0xc66
  r61_witness[15] r61=17 tail=27 gh60=0xfa8449a W1=0x23ea,0xc4c,0x37f2 W2=0x22f7,0x3254,0xb3

D60=0 fiber histogram: 1:8070 2:4728 3:1774 4:1107 5:380 6:235 7:83 8:76 9:21 10:21 11:5 12:9 13:2 14:1 16:3 17:1 18:1
