free_word_mitm_reducedn
N=14 mask=0x3fff msb=0x2000
candidate: M0=0x3d36 mode=random-fallback fill=0x3fff kernel=dM0=dM9=0x2000
prefixes=32768/268435456 mode=permuted-prefix-sample w59_per_prefix=16384 total=536870912
run_mode=scan registry_cap=16
sample_start=41385984
scan_elapsed=20.659s rate=25.99 Mtriples/s

D60 interface
  D60=0 matches: 32664 (random expectation 32768.0, enrichment 0.997x)
  prefixes with D60=0: 16527
  max D60=0 fiber per prefix: 21 at W57=0xfc1 W58=0x2489
  largest D60 bucket: D=0x26ad count=33788
  min D60 HW: 0
  D60 HW histogram: 0:32664 1:456396 2:2972071 3:11902492 4:32771567 5:65587369 6:98442782 7:112508621 8:98421990 9:65592691 10:32798566 11:11918835 12:2974867 13:457374 14:32627

Tail closure among D60=0 matches
  final tail collisions: 0
  best r61 HW: 12
  best r61 W1[57..59]=0x2b8a,0x128a,0x140a
  best r61 W2[57..59]=0x2a97,0x52a,0x223d
  best tail HW: 22
  best tail r61 HW: 23
  best W1[57..59]=0xe60,0x132c,0x14c3
  best W2[57..59]=0xd6d,0x29cc,0x23d2

SUMMARY N=14 sample_start=41385984 prefixes=32768 total=536870912 d0=32664 best_tail=22 tail_r61=23 best_r61=12 tail_W1=0xe60,0x132c,0x14c3 tail_W2=0xd6d,0x29cc,0x23d2 r61_W1=0x2b8a,0x128a,0x140a r61_W2=0x2a97,0x52a,0x223d

Scan-only witness registry
  registry_count=16 registry_cap=16
  witness[00] tail=22 r61=21 gh60=0xc9387a6 W1=0x33c3,0xaf8,0x3174 W2=0x32d0,0x36b,0x20e5
  witness[01] tail=22 r61=23 gh60=0x7b1fd6e W1=0xe60,0x132c,0x14c3 W2=0xd6d,0x29cc,0x23d2
  witness[02] tail=23 r61=19 gh60=0x3a1ccee W1=0x3620,0x231d,0x23ea W2=0x352d,0x11e5,0x3831
  witness[03] tail=24 r61=16 gh60=0xb72857a W1=0x3a55,0xf92,0x3ece W2=0x3962,0x442,0x35e
  witness[04] tail=24 r61=18 gh60=0x47b7caa W1=0xe2e,0xe6,0x1776 W2=0xd3b,0x33a6,0x3325
  witness[05] tail=24 r61=21 gh60=0x4aac566 W1=0x34e4,0x20af,0x3b16 W2=0x33f1,0x5fb,0x1a10
  witness[06] tail=24 r61=23 gh60=0x478bcae W1=0xe2f,0x2ec5,0x6ad W2=0xd3c,0x15a4,0x2ae0
  witness[07] tail=24 r61=23 gh60=0xbbd857e W1=0x3257,0x21ae,0x9b0 W2=0x3164,0x38e2,0x36d5
  witness[08] tail=24 r61=25 gh60=0x7e3bdee W1=0x309f,0x2746,0x1f8a W2=0x2fac,0x3e79,0x389c
  witness[09] tail=24 r61=25 gh60=0xd5ac5be W1=0x3278,0x2d60,0x3254 W2=0x3185,0x117,0x274e
  witness[10] tail=25 r61=16 gh60=0x5a6476a W1=0xbe2,0x2b6a,0xd2e W2=0xaef,0x1dd9,0xc6c
  witness[11] tail=25 r61=16 gh60=0xd604dfa W1=0x389a,0x3be1,0x3474 W2=0x37a7,0x3435,0xfef
  witness[12] tail=25 r61=20 gh60=0x5a187fa W1=0x395,0x1ee0,0xca W2=0x2a2,0x102c,0x3865
  witness[13] tail=25 r61=20 gh60=0x492cb6a W1=0x952,0x170b,0x33ae W2=0x85f,0x3d17,0xaf5
  witness[14] tail=25 r61=22 gh60=0xda1c4ee W1=0x1420,0x1cca,0x29ca W2=0x132d,0x7d1,0xdc
  witness[15] tail=25 r61=22 gh60=0xb8fccaa W1=0x3932,0x1a32,0x33b5 W2=0x383f,0x2b76,0x3cd4

Scan-only r61 registry
  registry_count=16 registry_cap=16
  r61_witness[00] r61=12 tail=30 gh60=0x5e0479a W1=0x2b8a,0x128a,0x140a W2=0x2a97,0x52a,0x223d
  r61_witness[01] r61=14 tail=29 gh60=0xce185ea W1=0x22a1,0x285d,0x2757 W2=0x21ae,0x21ef,0xc38
  r61_witness[02] r61=14 tail=31 gh60=0xca184e6 W1=0x413,0x244,0xe52 W2=0x320,0xf37,0x2ed3
  r61_witness[03] r61=15 tail=29 gh60=0xb5845a6 W1=0x12ac,0x2530,0x3849 W2=0x11b9,0xa76,0x36a8
  r61_witness[04] r61=15 tail=29 gh60=0xc675cba W1=0x3df6,0x28c9,0xe82 W2=0x3d03,0xf89,0x3b1c
  r61_witness[05] r61=15 tail=31 gh60=0xc8844a6 W1=0x52c,0x5c0,0x1a22 W2=0x439,0x321e,0x1b0
  r61_witness[06] r61=15 tail=35 gh60=0x4b25b6a W1=0x1dd2,0x1d9,0x1cf0 W2=0x1cdf,0x2e21,0xc3e
  r61_witness[07] r61=15 tail=35 gh60=0x4d29d66 W1=0x3ed3,0x37c7,0xf6f W2=0x3de0,0x2c1f,0x1510
  r61_witness[08] r61=16 tail=24 gh60=0xb72857a W1=0x3a55,0xf92,0x3ece W2=0x3962,0x442,0x35e
  r61_witness[09] r61=16 tail=25 gh60=0x5a6476a W1=0xbe2,0x2b6a,0xd2e W2=0xaef,0x1dd9,0xc6c
  r61_witness[10] r61=16 tail=25 gh60=0xd604dfa W1=0x389a,0x3be1,0x3474 W2=0x37a7,0x3435,0xfef
  r61_witness[11] r61=16 tail=29 gh60=0x4a08be6 W1=0x59b,0xa0f,0x10bb W2=0x4a8,0x104d,0x381d
  r61_witness[12] r61=16 tail=30 gh60=0x470cd6a W1=0x16ce,0x2f53,0x3fca W2=0x15db,0x3ca7,0x4ce
  r61_witness[13] r61=16 tail=30 gh60=0xc589caa W1=0x1e01,0x2ac,0x3a8f W2=0x1d0e,0xd1b,0x1dbf
  r61_witness[14] r61=16 tail=33 gh60=0xcd79d6a W1=0x51,0x1585,0x3e0b W2=0x3f5e,0xb58,0x319
  r61_witness[15] r61=16 tail=35 gh60=0xca8bcae W1=0x30ff,0x4aa,0x3429 W2=0x300c,0x801,0x8d9

D60=0 fiber histogram: 1:8028 2:4754 3:1720 4:1117 5:436 6:244 7:109 8:68 9:19 10:13 11:5 12:8 13:1 14:1 15:1 16:1 18:1 21:1
