free_word_mitm_reducedn
N=14 mask=0x3fff msb=0x2000
candidate: M0=0x3d36 mode=random-fallback fill=0x3fff kernel=dM0=dM9=0x2000
prefixes=32768/268435456 mode=permuted-prefix-sample w59_per_prefix=16384 total=536870912
run_mode=scan registry_cap=16
sample_start=67010560
scan_elapsed=19.905s rate=26.97 Mtriples/s

D60 interface
  D60=0 matches: 32170 (random expectation 32768.0, enrichment 0.982x)
  prefixes with D60=0: 16387
  max D60=0 fiber per prefix: 20 at W57=0x3352 W58=0x3f22
  largest D60 bucket: D=0xd96 count=33725
  min D60 HW: 0
  D60 HW histogram: 0:32170 1:455601 2:2967636 3:11905152 4:32762899 5:65619198 6:98460796 7:112531276 8:98438245 9:65587755 10:32754999 11:11900944 12:2967215 13:454806 14:32220

Tail closure among D60=0 matches
  final tail collisions: 0
  best r61 HW: 12
  best r61 W1[57..59]=0x38a5,0x2bf0,0x1207
  best r61 W2[57..59]=0x37b2,0x24d6,0x1aaf
  best tail HW: 21
  best tail r61 HW: 20
  best W1[57..59]=0x1619,0x18d9,0x1e93
  best W2[57..59]=0x1526,0x1360,0x29ac

SUMMARY N=14 sample_start=67010560 prefixes=32768 total=536870912 d0=32170 best_tail=21 tail_r61=20 best_r61=12 tail_W1=0x1619,0x18d9,0x1e93 tail_W2=0x1526,0x1360,0x29ac r61_W1=0x38a5,0x2bf0,0x1207 r61_W2=0x37b2,0x24d6,0x1aaf

Scan-only witness registry
  registry_count=16 registry_cap=16
  witness[00] tail=21 r61=20 gh60=0x3a78cfa W1=0x1619,0x18d9,0x1e93 W2=0x1526,0x1360,0x29ac
  witness[01] tail=22 r61=21 gh60=0xde347ee W1=0x23a0,0xcf9,0x1282 W2=0x22ad,0x8bc,0x2e2e
  witness[02] tail=22 r61=23 gh60=0xcaa7d6a W1=0x10e2,0x6a1,0x2208 W2=0xfef,0xa5,0x1637
  witness[03] tail=24 r61=18 gh60=0xbb1bd66 W1=0x3053,0x2a5f,0x62c W2=0x2f60,0x2d3b,0x28b5
  witness[04] tail=24 r61=18 gh60=0x7a2849e W1=0x3c07,0x3375,0x36a0 W2=0x3b14,0x126c,0x3f84
  witness[05] tail=24 r61=19 gh60=0xcab44ae W1=0x3cf0,0x1015,0x74a W2=0x3bfd,0xfb6,0x1e47
  witness[06] tail=24 r61=20 gh60=0xb97db6e W1=0x1d0,0x3558,0x14db W2=0xdd,0x2474,0x12e7
  witness[07] tail=24 r61=21 gh60=0xcd89ca6 W1=0x1deb,0x1b48,0xd26 W2=0x1cf8,0x2d66,0x1ed8
  witness[08] tail=24 r61=28 gh60=0x56385ee W1=0x2a9f,0x2a78,0x2b81 W2=0x29ac,0xeaa,0x14af
  witness[09] tail=25 r61=14 gh60=0xb627ca6 W1=0x1004,0x5d9,0x2571 W2=0xf11,0x1714,0x1342
  witness[10] tail=25 r61=16 gh60=0x450856a W1=0x3461,0x1c7b,0x196d W2=0x336e,0x2501,0x38c6
  witness[11] tail=25 r61=16 gh60=0xd5984aa W1=0x3a2d,0x33bb,0x335 W2=0x393a,0x977,0xa2f
  witness[12] tail=25 r61=17 gh60=0x4a2bd9a W1=0xe89,0x398f,0xe56 W2=0xd96,0xcc7,0xa30
  witness[13] tail=25 r61=19 gh60=0x4b24ca6 W1=0x744,0x35ae,0x2cb7 W2=0x651,0x20eb,0x13d3
  witness[14] tail=25 r61=19 gh60=0x4d585ba W1=0x2ab9,0x2565,0x24bd W2=0x29c6,0x3ffb,0x2a0d
  witness[15] tail=25 r61=20 gh60=0xc989caa W1=0x20fd,0x125d,0x3e89 W2=0x200a,0x16c8,0x2e26

Scan-only r61 registry
  registry_count=16 registry_cap=16
  r61_witness[00] r61=12 tail=34 gh60=0xb498d9a W1=0x38a5,0x2bf0,0x1207 W2=0x37b2,0x24d6,0x1aaf
  r61_witness[01] r61=14 tail=25 gh60=0xb627ca6 W1=0x1004,0x5d9,0x2571 W2=0xf11,0x1714,0x1342
  r61_witness[02] r61=14 tail=32 gh60=0x4a8bbaa W1=0x116d,0x2586,0x3635 W2=0x107a,0x54d,0x8bf
  r61_witness[03] r61=14 tail=35 gh60=0xc628ce6 W1=0x3713,0x362c,0x18ee W2=0x3620,0x3d2,0x3a8b
  r61_witness[04] r61=15 tail=35 gh60=0x48a7cea W1=0xf22,0x5bf,0x26b3 W2=0xe2f,0x349f,0x3d2e
  r61_witness[05] r61=15 tail=36 gh60=0x4a544be W1=0x1cf8,0x149a,0xec1 W2=0x1c05,0x3239,0x31e6
  r61_witness[06] r61=15 tail=39 gh60=0x4c88caa W1=0x631,0x112d,0x3c1c W2=0x53e,0x19ac,0xa88
  r61_witness[07] r61=15 tail=39 gh60=0xc60bdea W1=0xe9d,0xdab,0x9a W2=0xdaa,0x10f2,0x2207
  r61_witness[08] r61=16 tail=25 gh60=0x450856a W1=0x3461,0x1c7b,0x196d W2=0x336e,0x2501,0x38c6
  r61_witness[09] r61=16 tail=25 gh60=0xd5984aa W1=0x3a2d,0x33bb,0x335 W2=0x393a,0x977,0xa2f
  r61_witness[10] r61=16 tail=26 gh60=0x4d08d6e W1=0x8cf,0x16c2,0x1711 W2=0x7dc,0x36f1,0x1770
  r61_witness[11] r61=16 tail=26 gh60=0x5a09cee W1=0x1e0f,0x3c58,0x1e70 W2=0x1d1c,0x2cbf,0x3e90
  r61_witness[12] r61=16 tail=30 gh60=0x4b2879a W1=0x3c5,0x21c9,0x29ee W2=0x2d2,0x13ea,0x2298
  r61_witness[13] r61=16 tail=30 gh60=0xcc98da6 W1=0x6ab,0x2d69,0x3162 W2=0x5b8,0x61d,0x31f2
  r61_witness[14] r61=16 tail=30 gh60=0xcc98da6 W1=0x6ab,0x2d69,0x316a W2=0x5b8,0x61d,0x31fa
  r61_witness[15] r61=16 tail=30 gh60=0xd90c76a W1=0x335e,0x4ee,0x2249 W2=0x326b,0x1545,0x1bbd

D60=0 fiber histogram: 1:8077 2:4588 3:1807 4:1084 5:381 6:218 7:85 8:81 9:24 10:21 11:5 12:8 13:3 14:1 16:1 18:1 20:2
