free_word_mitm_reducedn
N=14 mask=0x3fff msb=0x2000
candidate: M0=0x3d36 mode=random-fallback fill=0x3fff kernel=dM0=dM9=0x2000
prefixes=32768/268435456 mode=permuted-prefix-sample w59_per_prefix=16384 total=536870912
run_mode=scan registry_cap=16
sample_start=75399168
scan_elapsed=20.144s rate=26.65 Mtriples/s

D60 interface
  D60=0 matches: 32550 (random expectation 32768.0, enrichment 0.993x)
  prefixes with D60=0: 16564
  max D60=0 fiber per prefix: 18 at W57=0x33b1 W58=0x18a7
  largest D60 bucket: D=0x18f1 count=33796
  min D60 HW: 0
  D60 HW histogram: 0:32550 1:459108 2:2980104 3:11919035 4:32813565 5:65631672 6:98463104 7:112536086 8:98411822 9:65550668 10:32728503 11:11888768 12:2967927 13:455516 14:32484

Tail closure among D60=0 matches
  final tail collisions: 0
  best r61 HW: 13
  best r61 W1[57..59]=0x16ae,0x7e1,0x3d82
  best r61 W2[57..59]=0x15bb,0x1749,0x165a
  best tail HW: 21
  best tail r61 HW: 20
  best W1[57..59]=0x1a69,0x1c05,0x6de
  best W2[57..59]=0x1976,0x83a,0x262d

SUMMARY N=14 sample_start=75399168 prefixes=32768 total=536870912 d0=32550 best_tail=21 tail_r61=20 best_r61=13 tail_W1=0x1a69,0x1c05,0x6de tail_W2=0x1976,0x83a,0x262d r61_W1=0x16ae,0x7e1,0x3d82 r61_W2=0x15bb,0x1749,0x165a

Scan-only witness registry
  registry_count=16 registry_cap=16
  witness[00] tail=21 r61=15 gh60=0xca144ee W1=0x2320,0x3001,0x207b W2=0x222d,0x219c,0x36b2
  witness[01] tail=21 r61=20 gh60=0x4db859a W1=0x1a69,0x1c05,0x6de W2=0x1976,0x83a,0x262d
  witness[02] tail=22 r61=20 gh60=0x4e2849a W1=0x3c09,0x109,0x34da W2=0x3b16,0x37e0,0x125f
  witness[03] tail=22 r61=23 gh60=0x4ab8baa W1=0x3971,0x1e5a,0x243c W2=0x387e,0x2ae1,0x1954
  witness[04] tail=23 r61=19 gh60=0xd88c79a W1=0x23aa,0x2107,0x3069 W2=0x22b7,0x12d3,0x1b0e
  witness[05] tail=23 r61=21 gh60=0xcd3859e W1=0x22c7,0x2b38,0x361d W2=0x21d4,0x2fc5,0xb86
  witness[06] tail=24 r61=18 gh60=0x460c4ee W1=0x1c20,0x24a3,0x1e13 W2=0x1b2d,0x112a,0x47b
  witness[07] tail=24 r61=21 gh60=0xd939b7a W1=0x3dd5,0xf8d,0x2ecd W2=0x3ce2,0x388,0x16d0
  witness[08] tail=24 r61=22 gh60=0x4625de6 W1=0x3e94,0x1c76,0x22bb W2=0x3da1,0x1543,0x2c8d
  witness[09] tail=24 r61=28 gh60=0x4e384fa W1=0x3215,0x38d5,0x2fc3 W2=0x3122,0x3099,0x2fd6
  witness[10] tail=25 r61=16 gh60=0xc70fb66 W1=0x114c,0x3bfe,0x2ab8 W2=0x1059,0x2f5b,0x3c54
  witness[11] tail=25 r61=20 gh60=0xd90fb6a W1=0x2d4e,0x14e0,0x216f W2=0x2c5b,0x4e0,0x209b
  witness[12] tail=25 r61=21 gh60=0x3cfc4ae W1=0x3c30,0x338c,0x2c47 W2=0x3b3d,0x22ad,0x1274
  witness[13] tail=25 r61=22 gh60=0xdc985e6 W1=0x22a3,0x252,0x2b20 W2=0x21b0,0x33b1,0x376e
  witness[14] tail=25 r61=22 gh60=0x3998baa W1=0x25b1,0x362a,0x214f W2=0x24be,0x3681,0x7c7
  witness[15] tail=25 r61=25 gh60=0xc9fdcba W1=0x1ef6,0x1f64,0x26f2 W2=0x1e03,0x264,0x3e56

Scan-only r61 registry
  registry_count=16 registry_cap=16
  r61_witness[00] r61=13 tail=27 gh60=0x4494daa W1=0x16ae,0x7e1,0x3d82 W2=0x15bb,0x1749,0x165a
  r61_witness[01] r61=14 tail=32 gh60=0x4604ce6 W1=0x171c,0x1a66,0x1234 W2=0x1629,0x3579,0x2a9b
  r61_witness[02] r61=14 tail=33 gh60=0x4504d66 W1=0x16dc,0x16ea,0x180b W2=0x15e9,0x5ad,0x30c6
  r61_witness[03] r61=14 tail=36 gh60=0x49844ba W1=0x333a,0x11c9,0x310 W2=0x3247,0x900,0xc76
  r61_witness[04] r61=15 tail=21 gh60=0xca144ee W1=0x2320,0x3001,0x207b W2=0x222d,0x219c,0x36b2
  r61_witness[05] r61=15 tail=28 gh60=0x4984ba6 W1=0x256c,0x57d,0x1b52 W2=0x2479,0xdd2,0x1cc8
  r61_witness[06] r61=15 tail=30 gh60=0x460cbe6 W1=0x299c,0x3ceb,0x10eb W2=0x28a9,0x32a,0x311
  r61_witness[07] r61=15 tail=31 gh60=0x4a0bcee W1=0xf1f,0x1e4c,0x2bd8 W2=0xe2c,0x2d97,0x3040
  r61_witness[08] r61=15 tail=35 gh60=0x4899bae W1=0x21bf,0x228f,0x2541 W2=0x20cc,0x149a,0x32a8
  r61_witness[09] r61=16 tail=25 gh60=0xc70fb66 W1=0x114c,0x3bfe,0x2ab8 W2=0x1059,0x2f5b,0x3c54
  r61_witness[10] r61=16 tail=27 gh60=0xce5859e W1=0x2267,0x9e9,0x3e96 W2=0x2174,0xebc,0x25a6
  r61_witness[11] r61=16 tail=28 gh60=0x488bba6 W1=0x11bb,0x3c62,0x15ec W2=0x10c8,0x2ea8,0x1a76
  r61_witness[12] r61=16 tail=30 gh60=0x5489cae W1=0x202f,0xc74,0x354c W2=0x1f3c,0x3453,0x162a
  r61_witness[13] r61=16 tail=30 gh60=0xca244a6 W1=0x3304,0x385b,0x12fa W2=0x3211,0x3757,0x24c4
  r61_witness[14] r61=16 tail=31 gh60=0xca185a6 W1=0x283,0x2675,0x1995 W2=0x190,0x1a58,0x14e6
  r61_witness[15] r61=16 tail=32 gh60=0x4e09cea W1=0x1e21,0x1acb,0x2373 W2=0x1d2e,0x2342,0x27a2

D60=0 fiber histogram: 1:8081 2:4788 3:1747 4:1101 5:400 6:221 7:77 8:72 9:30 10:22 11:10 12:7 13:2 14:1 15:1 16:2 18:2
