free_word_mitm_reducedn
N=14 mask=0x3fff msb=0x2000
candidate: M0=0x3d36 mode=random-fallback fill=0x3fff kernel=dM0=dM9=0x2000
prefixes=32768/268435456 mode=permuted-prefix-sample w59_per_prefix=16384 total=536870912
run_mode=scan registry_cap=16
sample_start=83787776
scan_elapsed=20.178s rate=26.61 Mtriples/s

D60 interface
  D60=0 matches: 32150 (random expectation 32768.0, enrichment 0.981x)
  prefixes with D60=0: 16400
  max D60=0 fiber per prefix: 24 at W57=0x1fcd W58=0x3191
  largest D60 bucket: D=0xd51 count=33865
  min D60 HW: 0
  D60 HW histogram: 0:32150 1:455874 2:2975872 3:11908004 4:32788858 5:65614547 6:98507688 7:112551611 8:98400711 9:65535790 10:32735980 11:11898958 12:2974163 13:457818 14:32888

Tail closure among D60=0 matches
  final tail collisions: 0
  best r61 HW: 13
  best r61 W1[57..59]=0x3b01,0x2260,0x3dee
  best r61 W2[57..59]=0x3a0e,0x3b90,0x3795
  best tail HW: 20
  best tail r61 HW: 22
  best W1[57..59]=0x378,0x32e1,0x2135
  best W2[57..59]=0x285,0x2c3c,0x334e

SUMMARY N=14 sample_start=83787776 prefixes=32768 total=536870912 d0=32150 best_tail=20 tail_r61=22 best_r61=13 tail_W1=0x378,0x32e1,0x2135 tail_W2=0x285,0x2c3c,0x334e r61_W1=0x3b01,0x2260,0x3dee r61_W2=0x3a0e,0x3b90,0x3795

Scan-only witness registry
  registry_count=16 registry_cap=16
  witness[00] tail=20 r61=22 gh60=0xda547be W1=0x378,0x32e1,0x2135 W2=0x285,0x2c3c,0x334e
  witness[01] tail=21 r61=21 gh60=0x7964baa W1=0x15c2,0x7b9,0x31b W2=0x14cf,0x815,0x2eac
  witness[02] tail=23 r61=15 gh60=0x463849e W1=0x1c07,0x96b,0x3bc9 W2=0x1b14,0x285a,0x2c64
  witness[03] tail=23 r61=19 gh60=0x498bfaa W1=0x2f6d,0x371d,0x2166 W2=0x2e7a,0xe9c,0x3869
  witness[04] tail=23 r61=22 gh60=0xca7c4ae W1=0x13f0,0xe79,0x1183 W2=0x12fd,0x3e9a,0x325a
  witness[05] tail=23 r61=23 gh60=0xc6e8b7e W1=0x39d7,0x1465,0x2cdd W2=0x38e4,0x1280,0x3420
  witness[06] tail=23 r61=25 gh60=0xc6e859a W1=0x3469,0x36f5,0x14e1 W2=0x3376,0x2534,0x253d
  witness[07] tail=24 r61=20 gh60=0xce17cee W1=0xf10,0x2937,0x833 W2=0xe1d,0x8a3,0x3388
  witness[08] tail=24 r61=21 gh60=0xde38ffa W1=0x1799,0x3215,0x3c34 W2=0x16a6,0x2a4,0x796
  witness[09] tail=24 r61=21 gh60=0x4679cae W1=0x3dff,0x16e,0x1ea7 W2=0x3d0c,0x33bd,0x1fb5
  witness[10] tail=25 r61=19 gh60=0xbe1849a W1=0x3205,0x11f6,0xe6a W2=0x3112,0x707,0x282b
  witness[11] tail=25 r61=21 gh60=0xc53857e W1=0x2c57,0x34f5,0x19d0 W2=0x2b64,0x3a41,0x1e6a
  witness[12] tail=25 r61=21 gh60=0x4e37fee W1=0x2f90,0x2663,0x3a8e W2=0x2e9d,0x1237,0x25ae
  witness[13] tail=25 r61=25 gh60=0x5eacb66 W1=0x29e4,0x2cf6,0x165e W2=0x28f1,0x31f5,0x2de0
  witness[14] tail=25 r61=26 gh60=0xf98c4a6 W1=0xaec,0x3b80,0x9ee W2=0x9f9,0xc5c,0x24e2
  witness[15] tail=25 r61=26 gh60=0x3ab859a W1=0x1c65,0x726,0xd8a W2=0x1b72,0x5d7,0x1d09

Scan-only r61 registry
  registry_count=16 registry_cap=16
  r61_witness[00] r61=13 tail=27 gh60=0x4714f6a W1=0x37de,0x28a2,0x2e95 W2=0x36eb,0x3cb2,0x1fb8
  r61_witness[01] r61=13 tail=28 gh60=0x4899fe6 W1=0x3fa3,0x2ba5,0x34ce W2=0x3eb0,0x1191,0x1089
  r61_witness[02] r61=13 tail=32 gh60=0x49984aa W1=0x3b01,0x2260,0x3dee W2=0x3a0e,0x3b90,0x3795
  r61_witness[03] r61=15 tail=23 gh60=0x463849e W1=0x1c07,0x96b,0x3bc9 W2=0x1b14,0x285a,0x2c64
  r61_witness[04] r61=15 tail=27 gh60=0x4b0bb6a W1=0x3161,0x29ee,0x1cc3 W2=0x306e,0x15dd,0x255f
  r61_witness[05] r61=15 tail=28 gh60=0x4a28b9e W1=0x3587,0x374e,0x25ae W2=0x3494,0x124,0x25f4
  r61_witness[06] r61=15 tail=38 gh60=0xcb2bc9e W1=0xe47,0x2e55,0x46e W2=0xd54,0x3505,0x2e26
  r61_witness[07] r61=15 tail=38 gh60=0x4489caa W1=0x1e3d,0x234c,0x3ad7 W2=0x1d4a,0x28fb,0xa5d
  r61_witness[08] r61=15 tail=41 gh60=0xbd05d66 W1=0x4c,0xdf,0x126a W2=0x3f59,0x3730,0x2ee6
  r61_witness[09] r61=16 tail=27 gh60=0xc8884ae W1=0xb3f,0x1d63,0x322b W2=0xa4c,0x3ef3,0x16c5
  r61_witness[10] r61=16 tail=30 gh60=0x4909b66 W1=0x1d4b,0xa7d,0x1d9c W2=0x1c58,0xed5,0x3bb9
  r61_witness[11] r61=16 tail=30 gh60=0x5a2c4fe W1=0x3218,0x305d,0x23df W2=0x3125,0x3bf6,0x355a
  r61_witness[12] r61=16 tail=31 gh60=0x4a8ccba W1=0x18fa,0x75d,0x1213 W2=0x1807,0x3991,0x3382
  r61_witness[13] r61=16 tail=33 gh60=0xc8887aa W1=0x1bc1,0x2309,0x20ab W2=0x1ace,0x3351,0x3bc7
  r61_witness[14] r61=16 tail=33 gh60=0x490bb6a W1=0x2de1,0x243f,0x262a W2=0x2cee,0x156e,0x2d83
  r61_witness[15] r61=16 tail=34 gh60=0xd6187e6 W1=0x3b9b,0x1884,0x11a1 W2=0x3aa8,0x133f,0x1392

D60=0 fiber histogram: 1:7966 2:4802 3:1826 4:986 5:378 6:210 7:83 8:80 9:20 10:21 11:5 12:6 13:1 14:5 15:2 16:6 17:1 20:1 24:1
