free_word_mitm_reducedn
N=14 mask=0x3fff msb=0x2000
candidate: M0=0x3d36 mode=random-fallback fill=0x3fff kernel=dM0=dM9=0x2000
prefixes=32768/268435456 mode=permuted-prefix-sample w59_per_prefix=16384 total=536870912
run_mode=scan registry_cap=16
sample_start=142508032
scan_elapsed=19.957s rate=26.90 Mtriples/s

D60 interface
  D60=0 matches: 32775 (random expectation 32768.0, enrichment 1.000x)
  prefixes with D60=0: 16605
  max D60=0 fiber per prefix: 18 at W57=0x2ea7 W58=0x33ae
  largest D60 bucket: D=0x28eb count=33740
  min D60 HW: 0
  D60 HW histogram: 0:32775 1:457259 2:2978364 3:11921691 4:32796283 5:65637570 6:98473355 7:112549553 8:98433732 9:65545992 10:32720586 11:11872501 12:2963686 13:455022 14:32543

Tail closure among D60=0 matches
  final tail collisions: 0
  best r61 HW: 14
  best r61 W1[57..59]=0x18ad,0x2e60,0x1b84
  best r61 W2[57..59]=0x17ba,0x7b3,0x3357
  best tail HW: 22
  best tail r61 HW: 24
  best W1[57..59]=0x7e0,0xd51,0x36ae
  best W2[57..59]=0x6ed,0x3c7d,0x5ca

SUMMARY N=14 sample_start=142508032 prefixes=32768 total=536870912 d0=32775 best_tail=22 tail_r61=24 best_r61=14 tail_W1=0x7e0,0xd51,0x36ae tail_W2=0x6ed,0x3c7d,0x5ca r61_W1=0x18ad,0x2e60,0x1b84 r61_W2=0x17ba,0x7b3,0x3357

Scan-only witness registry
  registry_count=16 registry_cap=16
  witness[00] tail=22 r61=20 gh60=0xde8449a W1=0x3aea,0x1afb,0x210 W2=0x39f7,0x133d,0x2f6
  witness[01] tail=22 r61=24 gh60=0xf93cf6e W1=0x7e0,0xd51,0x36ae W2=0x6ed,0x3c7d,0x5ca
  witness[02] tail=23 r61=18 gh60=0x4a2cdea W1=0x1692,0x3d4b,0x118d W2=0x159f,0x1b33,0x29fa
  witness[03] tail=23 r61=22 gh60=0x5ba45a6 W1=0x34b4,0x3c49,0x164f W2=0x33c1,0x219d,0x3ef0
  witness[04] tail=23 r61=27 gh60=0xcf78d6a W1=0x38d1,0xd7a,0x782 W2=0x37de,0x18e5,0xe46
  witness[05] tail=24 r61=20 gh60=0x363849a W1=0x3509,0x1c0,0x1e9 W2=0x3416,0x3855,0x3207
  witness[06] tail=24 r61=22 gh60=0x4d3fd6a W1=0xe4e,0x251a,0x1f53 W2=0xd5b,0x140a,0x16e0
  witness[07] tail=24 r61=24 gh60=0x4c8cd9a W1=0x36aa,0x12ae,0x266e W2=0x35b7,0x119d,0x3b97
  witness[08] tail=24 r61=26 gh60=0xbe39bfe W1=0x197,0x862,0x2898 W2=0xa4,0x3cf1,0x11bd
  witness[09] tail=25 r61=18 gh60=0x5605dfa W1=0x209a,0x15b0,0x3d32 W2=0x1fa7,0x84,0x33d3
  witness[10] tail=25 r61=19 gh60=0x456c4a6 W1=0x2c44,0x38a3,0x3c86 W2=0x2b51,0x1621,0x515
  witness[11] tail=25 r61=20 gh60=0x5d6857a W1=0x255,0x276c,0x23f6 W2=0x162,0x129c,0x217e
  witness[12] tail=25 r61=21 gh60=0x7b18c9a W1=0x1945,0x4db,0x3090 W2=0x1852,0x3621,0x91d
  witness[13] tail=25 r61=23 gh60=0xda0cc9a W1=0x380a,0x3a17,0x530 W2=0x3717,0x2de2,0x35f4
  witness[14] tail=26 r61=15 gh60=0xc92877a W1=0x33d9,0x10df,0x106a W2=0x32e6,0x25bb,0x35bd
  witness[15] tail=26 r61=18 gh60=0x4a344ee W1=0x3420,0x290b,0xc2 W2=0x332d,0x1612,0x3424

Scan-only r61 registry
  registry_count=16 registry_cap=16
  r61_witness[00] r61=14 tail=28 gh60=0x490876a W1=0x3bcd,0x10ca,0xa1f W2=0x3ada,0x1420,0x3a3e
  r61_witness[01] r61=14 tail=29 gh60=0x4a04fe6 W1=0x179c,0x2988,0x2ae6 W2=0x16a9,0x1e43,0x2e03
  r61_witness[02] r61=14 tail=30 gh60=0xca847a6 W1=0xb6c,0x1cb7,0x3f5a W2=0xa79,0x78b,0x1fd6
  r61_witness[03] r61=14 tail=32 gh60=0x4888ba6 W1=0x19bb,0x19ef,0x1d14 W2=0x18c8,0x2db3,0xd2a
  r61_witness[04] r61=14 tail=34 gh60=0x5488daa W1=0x18ad,0x2e60,0x1b84 W2=0x17ba,0x7b3,0x3357
  r61_witness[05] r61=15 tail=26 gh60=0xc92877a W1=0x33d9,0x10df,0x106a W2=0x32e6,0x25bb,0x35bd
  r61_witness[06] r61=15 tail=31 gh60=0x570477a W1=0x235a,0x1cac,0x1e11 W2=0x2267,0xf7d,0x93e
  r61_witness[07] r61=15 tail=32 gh60=0x4a0bbea W1=0x319d,0xc42,0x112f W2=0x30aa,0x2501,0x17b3
  r61_witness[08] r61=15 tail=34 gh60=0xda0cfea W1=0x178e,0x3c3d,0x2922 W2=0x169b,0x7d1,0x28bc
  r61_witness[09] r61=15 tail=34 gh60=0x7a085e6 W1=0x249b,0x1421,0x3b6e W2=0x23a8,0x7ce,0x2ba0
  r61_witness[10] r61=16 tail=27 gh60=0x4e1bcea W1=0xf1d,0x6cd,0x1ff7 W2=0xe2a,0x3634,0xb5a
  r61_witness[11] r61=16 tail=27 gh60=0xd898baa W1=0x25ad,0x2ed,0x2857 W2=0x24ba,0x3300,0x1f61
  r61_witness[12] r61=16 tail=33 gh60=0xca67d66 W1=0x2e64,0x1ad4,0x280e W2=0x2d71,0x421,0x17d8
  r61_witness[13] r61=16 tail=35 gh60=0x4a38cea W1=0x271d,0x3b35,0x35fc W2=0x262a,0x3d1c,0x5fd
  r61_witness[14] r61=16 tail=35 gh60=0x5994baa W1=0x396e,0x1ce7,0x3d4e W2=0x387b,0x29bf,0x1ec
  r61_witness[15] r61=16 tail=36 gh60=0x4679c9a W1=0x109,0x180a,0x23b0 W2=0x16,0x3b1e,0x215

D60=0 fiber histogram: 1:8023 2:4808 3:1815 4:1127 5:393 6:200 7:87 8:74 9:30 10:22 11:9 12:9 13:3 14:2 17:1 18:2
