free_word_mitm_reducedn
N=14 mask=0x3fff msb=0x2000
candidate: M0=0x3d36 mode=random-fallback fill=0x3fff kernel=dM0=dM9=0x2000
prefixes=32768/268435456 mode=permuted-prefix-sample w59_per_prefix=16384 total=536870912
run_mode=scan registry_cap=16
sample_start=259948544
scan_elapsed=13.230s rate=40.58 Mtriples/s

D60 interface
  D60=0 matches: 32771 (random expectation 32768.0, enrichment 1.000x)
  prefixes with D60=0: 16514
  max D60=0 fiber per prefix: 20 at W57=0x196f W58=0x18bc
  largest D60 bucket: D=0x2e49 count=33904
  min D60 HW: 0
  D60 HW histogram: 0:32771 1:456593 2:2977318 3:11930368 4:32825317 5:65687493 6:98500945 7:112498099 8:98355891 9:65532488 10:32730696 11:11884101 12:2968771 13:457377 14:32684

Tail closure among D60=0 matches
  final tail collisions: 0
  best r61 HW: 13
  best r61 W1[57..59]=0x34f5,0x35b9,0x5da
  best r61 W2[57..59]=0x3402,0x2ab3,0x2492
  best tail HW: 20
  best tail r61 HW: 24
  best W1[57..59]=0x29ba,0x1715,0x1a99
  best W2[57..59]=0x28c7,0x211,0xc7

SUMMARY N=14 sample_start=259948544 prefixes=32768 total=536870912 d0=32771 best_tail=20 tail_r61=24 best_r61=13 tail_W1=0x29ba,0x1715,0x1a99 tail_W2=0x28c7,0x211,0xc7 r61_W1=0x34f5,0x35b9,0x5da r61_W2=0x3402,0x2ab3,0x2492

Scan-only witness registry
  registry_count=16 registry_cap=16
  witness[00] tail=20 r61=24 gh60=0xf98cbba W1=0x29ba,0x1715,0x1a99 W2=0x28c7,0x211,0xc7
  witness[01] tail=22 r61=17 gh60=0xcf09d6a W1=0x3e51,0x2772,0x38e9 W2=0x3d5e,0x2365,0x3ef9
  witness[02] tail=22 r61=24 gh60=0x75fc5be W1=0x2a78,0x361f,0x181 W2=0x2985,0x395a,0x3a92
  witness[03] tail=23 r61=16 gh60=0x45885ae W1=0x4af,0x3248,0x26b3 W2=0x3bc,0x1700,0xc03
  witness[04] tail=24 r61=17 gh60=0x45f84aa W1=0x3fd,0x20e0,0x194e W2=0x30a,0x270c,0x59
  witness[05] tail=24 r61=17 gh60=0xf62c4aa W1=0x2b02,0x233a,0x3a1 W2=0x2a0f,0x2b8f,0x3075
  witness[06] tail=24 r61=22 gh60=0x5a84ca6 W1=0x26ec,0x26b9,0x23db W2=0x25f9,0x33d6,0x1c03
  witness[07] tail=25 r61=19 gh60=0x4764faa W1=0x27b2,0xc3d,0x852 W2=0x26bf,0x3a49,0x3dc6
  witness[08] tail=25 r61=20 gh60=0x498dfaa W1=0x3fbe,0x671,0x1a W2=0x3ecb,0x66d,0x25ed
  witness[09] tail=25 r61=22 gh60=0xca5459e W1=0xc88,0xd52,0x8bc W2=0xb95,0x1456,0x1ed
  witness[10] tail=25 r61=24 gh60=0x790cb6a W1=0x195e,0x1de9,0x3dda W2=0x186b,0x3019,0x2981
  witness[11] tail=25 r61=24 gh60=0x48ac79a W1=0x3ba6,0x265c,0x31f0 W2=0x3ab3,0x3836,0x932
  witness[12] tail=25 r61=25 gh60=0x7ae4baa W1=0x982,0x1c09,0x2ba1 W2=0x88f,0x8b5,0x3487
  witness[13] tail=25 r61=26 gh60=0x5f785aa W1=0x2cb1,0x255e,0x31b1 W2=0x2bbe,0x2176,0x2500
  witness[14] tail=26 r61=18 gh60=0x4e04ce6 W1=0x180c,0x27b6,0x10e8 W2=0x1719,0x2f4d,0x14a1
  witness[15] tail=26 r61=18 gh60=0x470c49a W1=0x3c4a,0xa79,0x29df W2=0x3b57,0xc1,0xaf1

Scan-only r61 registry
  registry_count=16 registry_cap=16
  r61_witness[00] r61=13 tail=27 gh60=0xc9984ba W1=0x34f5,0x35b9,0x5da W2=0x3402,0x2ab3,0x2492
  r61_witness[01] r61=15 tail=34 gh60=0x5a19ba6 W1=0x2183,0x3e50,0x34ba W2=0x2090,0x532,0x1842
  r61_witness[02] r61=15 tail=34 gh60=0xce07cfa W1=0x2e1a,0x120,0xc3d W2=0x2d27,0x1e0c,0x1a4
  r61_witness[03] r61=15 tail=35 gh60=0xd49c49a W1=0x3a2a,0x2848,0xcc5 W2=0x3937,0x1bc6,0x1c6c
  r61_witness[04] r61=16 tail=23 gh60=0x45885ae W1=0x4af,0x3248,0x26b3 W2=0x3bc,0x1700,0xc03
  r61_witness[05] r61=16 tail=29 gh60=0x4a0bde6 W1=0xe9b,0x3017,0x3163 W2=0xda8,0x333f,0xaa
  r61_witness[06] r61=16 tail=31 gh60=0x48884aa W1=0x541,0x25dd,0x1c38 W2=0x44e,0x2b8d,0x26d5
  r61_witness[07] r61=16 tail=31 gh60=0x7a39dea W1=0x1ea1,0x39d8,0x2d23 W2=0x1dae,0x3a27,0x36b7
  r61_witness[08] r61=16 tail=33 gh60=0x4a087ea W1=0x2b91,0x55c,0x668 W2=0x2a9e,0x62a,0x2fe3
  r61_witness[09] r61=16 tail=34 gh60=0x4f884aa W1=0x14ed,0x3135,0x1be7 W2=0x13fa,0x931,0xb76
  r61_witness[10] r61=16 tail=35 gh60=0x4e64de6 W1=0x894,0xe4d,0x57b W2=0x7a1,0x2398,0x31b1
  r61_witness[11] r61=16 tail=36 gh60=0xd904b9a W1=0x19ca,0x504,0x1ef1 W2=0x18d7,0x3f53,0x3b2c
  r61_witness[12] r61=16 tail=37 gh60=0x4c84ca6 W1=0x382c,0x393,0x1529 W2=0x3739,0xcb0,0x3465
  r61_witness[13] r61=17 tail=22 gh60=0xcf09d6a W1=0x3e51,0x2772,0x38e9 W2=0x3d5e,0x2365,0x3ef9
  r61_witness[14] r61=17 tail=24 gh60=0x45f84aa W1=0x3fd,0x20e0,0x194e W2=0x30a,0x270c,0x59
  r61_witness[15] r61=17 tail=24 gh60=0xf62c4aa W1=0x2b02,0x233a,0x3a1 W2=0x2a0f,0x2b8f,0x3075

D60=0 fiber histogram: 1:7976 2:4779 3:1743 4:1120 5:451 6:205 7:82 8:80 9:33 10:23 11:2 12:11 13:1 14:2 16:2 18:2 19:1 20:1
