free_word_mitm_reducedn
N=14 mask=0x3fff msb=0x2000
candidate: M0=0x3d36 mode=random-fallback fill=0x3fff kernel=dM0=dM9=0x2000
prefixes=32768/268435456 mode=permuted-prefix-sample w59_per_prefix=16384 total=536870912
run_mode=scan registry_cap=16
sample_start=214728704
scan_elapsed=19.926s rate=26.94 Mtriples/s

D60 interface
  D60=0 matches: 32651 (random expectation 32768.0, enrichment 0.996x)
  prefixes with D60=0: 16551
  max D60=0 fiber per prefix: 16 at W57=0xe52 W58=0x35da
  largest D60 bucket: D=0x3533 count=33764
  min D60 HW: 0
  D60 HW histogram: 0:32651 1:459868 2:2980103 3:11917921 4:32786439 5:65608202 6:98439864 7:112526136 8:98450398 9:65576004 10:32743440 11:11890437 12:2969855 13:457042 14:32552

Tail closure among D60=0 matches
  final tail collisions: 0
  best r61 HW: 12
  best r61 W1[57..59]=0x13fa,0x281f,0x22f1
  best r61 W2[57..59]=0x1307,0x1f12,0x3fd3
  best tail HW: 18
  best tail r61 HW: 17
  best W1[57..59]=0x1c14,0x3484,0x27c
  best W2[57..59]=0x1b21,0x226a,0x1249

SUMMARY N=14 sample_start=214728704 prefixes=32768 total=536870912 d0=32651 best_tail=18 tail_r61=17 best_r61=12 tail_W1=0x1c14,0x3484,0x27c tail_W2=0x1b21,0x226a,0x1249 r61_W1=0x13fa,0x281f,0x22f1 r61_W2=0x1307,0x1f12,0x3fd3

Scan-only witness registry
  registry_count=16 registry_cap=16
  witness[00] tail=18 r61=17 gh60=0x4a6c4e6 W1=0x1c14,0x3484,0x27c W2=0x1b21,0x226a,0x1249
  witness[01] tail=22 r61=20 gh60=0xc57bc9a W1=0x2e29,0x1dcd,0x36c7 W2=0x2d36,0x3c5d,0x1288
  witness[02] tail=23 r61=15 gh60=0xc618fea W1=0x179d,0x20ff,0x13ec W2=0x16aa,0x217a,0x13ba
  witness[03] tail=23 r61=16 gh60=0xc50c566 W1=0x34cc,0x1d3a,0x282e W2=0x33d9,0x2260,0x28a2
  witness[04] tail=23 r61=26 gh60=0xcaa9bba W1=0x3d79,0xefe,0x10a7 W2=0x3c86,0x11c5,0x33e5
  witness[05] tail=24 r61=19 gh60=0xfb09f6e W1=0x3fcf,0x2c7,0x3bb1 W2=0x3edc,0x3502,0x713
  witness[06] tail=24 r61=20 gh60=0x79644aa W1=0x1332,0x22f2,0x10ac W2=0x123f,0x3c37,0x3319
  witness[07] tail=24 r61=20 gh60=0xcd78d9a W1=0x28a9,0xfd5,0x51a W2=0x27b6,0x2abb,0x1c32
  witness[08] tail=24 r61=21 gh60=0x5b8c7ae W1=0x1b70,0xc7c,0x1357 W2=0x1a7d,0x1655,0x2b22
  witness[09] tail=24 r61=24 gh60=0x4789caa W1=0xed,0x70c,0x9b3 W2=0x3ffa,0xb8b,0x391b
  witness[10] tail=25 r61=18 gh60=0xcd7cd9a W1=0x28ca,0x235d,0x121c W2=0x27d7,0xc90,0x129d
  witness[11] tail=25 r61=19 gh60=0xd5bbde6 W1=0x30a3,0x3a7c,0x31b6 W2=0x2fb0,0x15c,0x147d
  witness[12] tail=25 r61=21 gh60=0x49fdbaa W1=0x172,0x3b35,0xb W2=0x7f,0x24d5,0x2fbd
  witness[13] tail=25 r61=22 gh60=0x4965ce6 W1=0x124,0xa6e,0x6fc W2=0x31,0x1433,0xc5e
  witness[14] tail=25 r61=22 gh60=0x4d88ca6 W1=0x162b,0x10e4,0x354e W2=0x1538,0x3080,0x35c5
  witness[15] tail=25 r61=23 gh60=0x4b99ce6 W1=0x3e23,0x1601,0x38e2 W2=0x3d30,0x645,0x262d

Scan-only r61 registry
  registry_count=16 registry_cap=16
  r61_witness[00] r61=12 tail=27 gh60=0x46844ba W1=0x13fa,0x281f,0x22f1 W2=0x1307,0x1f12,0x3fd3
  r61_witness[01] r61=15 tail=23 gh60=0xc618fea W1=0x179d,0x20ff,0x13ec W2=0x16aa,0x217a,0x13ba
  r61_witness[02] r61=15 tail=27 gh60=0xc788cae W1=0x8ff,0x90c,0x3f71 W2=0x80c,0x22db,0x2bee
  r61_witness[03] r61=15 tail=29 gh60=0x3e887aa W1=0x137d,0x3e5b,0x18bd W2=0x128a,0x10f,0xfa3
  r61_witness[04] r61=15 tail=33 gh60=0x572bb9e W1=0xdc7,0x1ae0,0x28ab W2=0xcd4,0x148,0x241c
  r61_witness[05] r61=15 tail=33 gh60=0x4607cfa W1=0x311a,0x15a,0x3bd0 W2=0x3027,0x1816,0x8f5
  r61_witness[06] r61=16 tail=23 gh60=0xc50c566 W1=0x34cc,0x1d3a,0x282e W2=0x33d9,0x2260,0x28a2
  r61_witness[07] r61=16 tail=28 gh60=0x465bd9a W1=0x2e89,0x3b31,0x2869 W2=0x2d96,0x669,0x948
  r61_witness[08] r61=16 tail=30 gh60=0x461bc9a W1=0x3105,0x3f5f,0x3241 W2=0x3012,0x14ab,0x1474
  r61_witness[09] r61=16 tail=32 gh60=0x4604ce6 W1=0x270c,0x224,0xe19 W2=0x2619,0x1147,0x363e
  r61_witness[10] r61=16 tail=32 gh60=0x461849a W1=0x2c05,0x3474,0xa6f W2=0x2b12,0x1b7b,0x3c2e
  r61_witness[11] r61=16 tail=33 gh60=0x5a08cee W1=0x170f,0x3492,0x1dad W2=0x161c,0x226d,0x34c2
  r61_witness[12] r61=16 tail=33 gh60=0xc999ca6 W1=0x20eb,0x256d,0x35b4 W2=0x1ff8,0x220b,0x3473
  r61_witness[13] r61=16 tail=36 gh60=0x3c8cdae W1=0x6b0,0x2608,0x30ac W2=0x5bd,0xe50,0x3bea
  r61_witness[14] r61=16 tail=39 gh60=0x498bca6 W1=0x30eb,0x472,0x603 W2=0x2ff8,0x2810,0x1125
  r61_witness[15] r61=16 tail=41 gh60=0x4e8bfa6 W1=0x2f6b,0x321,0x2f68 W2=0x2e78,0x1a5f,0xd11

D60=0 fiber histogram: 1:8000 2:4837 3:1739 4:1105 5:394 6:244 7:95 8:67 9:36 10:16 11:7 12:6 14:4 16:1
