free_word_mitm_reducedn
N=14 mask=0x3fff msb=0x2000
candidate: M0=0x3d36 mode=random-fallback fill=0x3fff kernel=dM0=dM9=0x2000
prefixes=32768/268435456 mode=permuted-prefix-sample w59_per_prefix=16384 total=536870912
run_mode=scan registry_cap=16
sample_start=5013504
scan_elapsed=20.201s rate=26.58 Mtriples/s

D60 interface
  D60=0 matches: 32264 (random expectation 32768.0, enrichment 0.985x)
  prefixes with D60=0: 16415
  max D60=0 fiber per prefix: 16 at W57=0xbf W58=0x1a18
  largest D60 bucket: D=0x1299 count=33800
  min D60 HW: 0
  D60 HW histogram: 0:32264 1:458454 2:2982612 3:11924345 4:32826118 5:65661515 6:98494532 7:112519722 8:98365815 9:65543505 10:32722647 11:11886890 12:2964369 13:455855 14:32269

Tail closure among D60=0 matches
  final tail collisions: 0
  best r61 HW: 13
  best r61 W1[57..59]=0x312a,0x3c24,0xff8
  best r61 W2[57..59]=0x3037,0x1069,0x2b10
  best tail HW: 22
  best tail r61 HW: 22
  best W1[57..59]=0xf50,0x3e60,0x319e
  best W2[57..59]=0xe5d,0x23a0,0x15d4

SUMMARY N=14 sample_start=5013504 prefixes=32768 total=536870912 d0=32264 best_tail=22 tail_r61=22 best_r61=13 tail_W1=0xf50,0x3e60,0x319e tail_W2=0xe5d,0x23a0,0x15d4 r61_W1=0x312a,0x3c24,0xff8 r61_W2=0x3037,0x1069,0x2b10

Scan-only witness registry
  registry_count=16 registry_cap=16
  witness[00] tail=22 r61=22 gh60=0xd90ff6e W1=0xf50,0x3e60,0x319e W2=0xe5d,0x23a0,0x15d4
  witness[01] tail=23 r61=19 gh60=0xcae4da6 W1=0x2674,0xdbe,0x3408 W2=0x2581,0x683,0x296b
  witness[02] tail=23 r61=20 gh60=0xc9d8c9a W1=0x609,0x128d,0x3e35 W2=0x516,0x3c5f,0xfb4
  witness[03] tail=23 r61=22 gh60=0xf6187e6 W1=0x3b93,0x23b7,0x318e W2=0x3aa0,0x2014,0x1eba
  witness[04] tail=23 r61=25 gh60=0xf634d9e W1=0x1888,0x348,0xa3e W2=0x1795,0x14d7,0x30dd
  witness[05] tail=23 r61=26 gh60=0xcb6c5be W1=0x3ab8,0x384d,0x2a20 W2=0x39c5,0xd18,0xd99
  witness[06] tail=24 r61=18 gh60=0x4a84c9a W1=0x6ea,0x28b3,0x1866 W2=0x5f7,0xbf2,0x28e8
  witness[07] tail=24 r61=21 gh60=0x48b4cba W1=0x736,0x2e10,0x2759 W2=0x643,0x1210,0x2d1a
  witness[08] tail=24 r61=24 gh60=0xcaa9b66 W1=0x1e3,0x52d,0x19f3 W2=0xf0,0x4a5,0x17e5
  witness[09] tail=24 r61=24 gh60=0x4fe8cfa W1=0x1915,0x5c1,0x34db W2=0x1822,0x3a34,0x2870
  witness[10] tail=24 r61=27 gh60=0xff88fa6 W1=0x77b,0x2693,0x1f36 W2=0x688,0xc47,0x347b
  witness[11] tail=24 r61=28 gh60=0xfeb85ba W1=0x275,0x34d7,0x697 W2=0x182,0x207d,0x2d81
  witness[12] tail=25 r61=16 gh60=0x4b0bb66 W1=0xddb,0x1111,0x2c87 W2=0xce8,0x85d,0x3f58
  witness[13] tail=25 r61=16 gh60=0x458bdaa W1=0x2e71,0xdc3,0x2f1e W2=0x2d7e,0x3726,0x4c1
  witness[14] tail=25 r61=18 gh60=0x4b08566 W1=0x3a5b,0x3047,0x1f58 W2=0x3968,0x146a,0x1580
  witness[15] tail=25 r61=20 gh60=0xdf8c5a6 W1=0x14ac,0x1f87,0x1279 W2=0x13b9,0x26cd,0x420

Scan-only r61 registry
  registry_count=16 registry_cap=16
  r61_witness[00] r61=13 tail=29 gh60=0x4887c9a W1=0x312a,0x3c24,0xff8 W2=0x3037,0x1069,0x2b10
  r61_witness[01] r61=14 tail=36 gh60=0x47a8f9e W1=0x3767,0x2f86,0x1ef6 W2=0x3674,0x3564,0x18e4
  r61_witness[02] r61=15 tail=36 gh60=0xca08cee W1=0x60f,0x3573,0x163d W2=0x51c,0x245a,0x284d
  r61_witness[03] r61=15 tail=39 gh60=0x4527d6a W1=0xed2,0x1ee7,0x3d0 W2=0xddf,0x1dbb,0x582
  r61_witness[04] r61=16 tail=25 gh60=0x4b0bb66 W1=0xddb,0x1111,0x2c87 W2=0xce8,0x85d,0x3f58
  r61_witness[05] r61=16 tail=25 gh60=0x458bdaa W1=0x2e71,0xdc3,0x2f1e W2=0x2d7e,0x3726,0x4c1
  r61_witness[06] r61=16 tail=27 gh60=0x4ae7f66 W1=0x2f64,0x1086,0x2d86 W2=0x2e71,0x2763,0x1475
  r61_witness[07] r61=16 tail=30 gh60=0x5618dea W1=0x28a1,0x2f5b,0xc06 W2=0x27ae,0x272e,0x253e
  r61_witness[08] r61=16 tail=31 gh60=0xcb0bb6e W1=0x2dcf,0x564,0x171 W2=0x2cdc,0x2d83,0x1eef
  r61_witness[09] r61=16 tail=31 gh60=0xca07fe6 W1=0x2f9c,0x99d,0xef0 W2=0x2ea9,0x24de,0x19ed
  r61_witness[10] r61=16 tail=33 gh60=0x4a04ce6 W1=0x371c,0x1808,0x118e W2=0x3629,0x331b,0x2e17
  r61_witness[11] r61=17 tail=26 gh60=0xc708b6e W1=0x195f,0x2b75,0x6f7 W2=0x186c,0x2984,0x24b1
  r61_witness[12] r61=17 tail=26 gh60=0xc514d6a W1=0x365e,0x38fe,0x18c7 W2=0x356b,0x766,0x3422
  r61_witness[13] r61=17 tail=27 gh60=0x4914f6a W1=0x174e,0x2c44,0xfb1 W2=0x165b,0x3f60,0x2c00
  r61_witness[14] r61=17 tail=27 gh60=0xce2849a W1=0x2b05,0x145a,0x80c W2=0x2a12,0x3ca1,0x1b50
  r61_witness[15] r61=17 tail=27 gh60=0x4b17b6a W1=0x2dce,0x1785,0x2df1 W2=0x2cdb,0x785,0x3694

D60=0 fiber histogram: 1:7978 2:4733 3:1772 4:1085 5:429 6:181 7:91 8:85 9:31 10:14 11:4 12:7 13:3 14:1 16:1
