free_word_mitm_reducedn
N=14 mask=0x3fff msb=0x2000
candidate: M0=0x3d36 mode=random-fallback fill=0x3fff kernel=dM0=dM9=0x2000
prefixes=32768/268435456 mode=permuted-prefix-sample w59_per_prefix=16384 total=536870912
run_mode=scan registry_cap=16
sample_start=147619840
scan_elapsed=20.015s rate=26.82 Mtriples/s

D60 interface
  D60=0 matches: 32541 (random expectation 32768.0, enrichment 0.993x)
  prefixes with D60=0: 16555
  max D60=0 fiber per prefix: 24 at W57=0x2bb5 W58=0x1019
  largest D60 bucket: D=0x77b count=33748
  min D60 HW: 0
  D60 HW histogram: 0:32541 1:458001 2:2977544 3:11923301 4:32793553 5:65605103 6:98414652 7:112504166 8:98424500 9:65573940 10:32775265 11:11917108 12:2980597 13:458114 14:32527

Tail closure among D60=0 matches
  final tail collisions: 0
  best r61 HW: 12
  best r61 W1[57..59]=0x195f,0x3575,0x1ba9
  best r61 W2[57..59]=0x186c,0x3384,0x3e27
  best tail HW: 22
  best tail r61 HW: 23
  best W1[57..59]=0x29b3,0x2ffd,0x2e85
  best W2[57..59]=0x28c0,0x33e1,0x269b

SUMMARY N=14 sample_start=147619840 prefixes=32768 total=536870912 d0=32541 best_tail=22 tail_r61=23 best_r61=12 tail_W1=0x29b3,0x2ffd,0x2e85 tail_W2=0x28c0,0x33e1,0x269b r61_W1=0x195f,0x3575,0x1ba9 r61_W2=0x186c,0x3384,0x3e27

Scan-only witness registry
  registry_count=16 registry_cap=16
  witness[00] tail=22 r61=23 gh60=0xc9e8ba6 W1=0x29b3,0x2ffd,0x2e85 W2=0x28c0,0x33e1,0x269b
  witness[01] tail=23 r61=17 gh60=0x46e9f9a W1=0x1f69,0x3088,0x28d8 W2=0x1e76,0x2f1c,0x2cb9
  witness[02] tail=23 r61=21 gh60=0x46a4d6a W1=0x38e2,0xda6,0x12d9 W2=0x37ef,0x2f2a,0x18c2
  witness[03] tail=24 r61=18 gh60=0x4b584ba W1=0x1b39,0x352f,0x28fb W2=0x1a46,0x2bf1,0x362b
  witness[04] tail=24 r61=20 gh60=0xd68479a W1=0x36a,0x252e,0x320b W2=0x277,0x178e,0x1545
  witness[05] tail=24 r61=23 gh60=0xbd2857a W1=0x12d9,0x653,0x2339 W2=0x11e6,0x2b67,0x68b
  witness[06] tail=25 r61=17 gh60=0x5ab9caa W1=0x1ef1,0x37e0,0x4cb W2=0x1dfe,0x3e23,0x1f28
  witness[07] tail=25 r61=22 gh60=0xc68fcba W1=0x2dfa,0xcfa,0x1ef1 W2=0x2d07,0x29f2,0x2da
  witness[08] tail=25 r61=25 gh60=0x45ec5aa W1=0x14b2,0x1443,0x2cc6 W2=0x13bf,0x33f0,0x27a
  witness[09] tail=25 r61=26 gh60=0xcb944aa W1=0xb3e,0xb31,0x360e W2=0xa4b,0x14a2,0xd04
  witness[10] tail=26 r61=18 gh60=0x452bd7a W1=0x2e59,0x3c7f,0x3727 W2=0x2d66,0xcee,0x3686
  witness[11] tail=26 r61=19 gh60=0xda5859e W1=0x467,0x19d5,0x2663 W2=0x374,0x2030,0x280b
  witness[12] tail=26 r61=20 gh60=0x77184a6 W1=0xd43,0x496,0x3e24 W2=0xc50,0x2413,0x164c
  witness[13] tail=26 r61=20 gh60=0xd9a84e6 W1=0x1323,0x33dd,0x46c W2=0x1230,0x450,0x2604
  witness[14] tail=26 r61=20 gh60=0xf53459e W1=0x22c8,0x22af,0x36a7 W2=0x21d5,0x274d,0x2702
  witness[15] tail=26 r61=20 gh60=0x46abcbe W1=0x30f7,0x214,0x1039 W2=0x3004,0x24f7,0x1221

Scan-only r61 registry
  registry_count=16 registry_cap=16
  r61_witness[00] r61=12 tail=30 gh60=0x4708b6e W1=0x195f,0x3575,0x1ba9 W2=0x186c,0x3384,0x3e27
  r61_witness[01] r61=14 tail=29 gh60=0xcf0bd6a W1=0x2e51,0x3605,0x3e87 W2=0x2d5e,0x26f4,0x3268
  r61_witness[02] r61=14 tail=31 gh60=0x4607c9a W1=0x110a,0x2271,0x2d7d W2=0x1017,0x3376,0x39f8
  r61_witness[03] r61=15 tail=27 gh60=0x4604c9a W1=0x90a,0x14e4,0x2166 W2=0x817,0x386b,0x1183
  r61_witness[04] r61=15 tail=28 gh60=0xc98bbaa W1=0x116d,0x191e,0x3f62 W2=0x107a,0x38e5,0x3868
  r61_witness[05] r61=15 tail=28 gh60=0xcb884a6 W1=0x153b,0xba9,0x3add W2=0x1448,0x19f6,0x36ba
  r61_witness[06] r61=15 tail=30 gh60=0xc988caa W1=0x93d,0x1509,0x40a W2=0x84a,0x1674,0x3052
  r61_witness[07] r61=15 tail=34 gh60=0xd508566 W1=0x1acb,0x2695,0xe17 W2=0x19d8,0xde4,0x1dc3
  r61_witness[08] r61=16 tail=30 gh60=0x4638bee W1=0x99f,0x19ec,0x333 W2=0x8ac,0xc6f,0x2387
  r61_witness[09] r61=16 tail=30 gh60=0x38b4b9e W1=0x35a8,0x2e59,0x2ec9 W2=0x34b5,0x3574,0x1d75
  r61_witness[10] r61=16 tail=33 gh60=0x59e87ba W1=0x33b5,0x257c,0x258e W2=0x32c2,0x2652,0xd42
  r61_witness[11] r61=16 tail=33 gh60=0xc929c9e W1=0x3f47,0x2d2b,0x3e11 W2=0x3e54,0x25df,0x3c9f
  r61_witness[12] r61=16 tail=34 gh60=0xc60ccea W1=0x160e,0x3099,0x257e W2=0x151b,0x655,0x96c
  r61_witness[13] r61=16 tail=36 gh60=0x3a0bce6 W1=0x2e1b,0x2082,0x162b W2=0x2d28,0x1d92,0x2f68
  r61_witness[14] r61=16 tail=36 gh60=0x3e04ce6 W1=0x361c,0x1bee,0x2990 W2=0x3529,0xaf1,0x622
  r61_witness[15] r61=16 tail=36 gh60=0x4e147ea W1=0x3b9e,0xd7a,0x3ffa W2=0x3aab,0x1c39,0x280d

D60=0 fiber histogram: 1:8044 2:4727 3:1820 4:1139 5:404 6:222 7:71 8:75 9:24 10:12 11:2 12:2 13:3 14:7 16:1 19:1 24:1
