free_word_mitm_reducedn
N=14 mask=0x3fff msb=0x2000
candidate: M0=0x3d36 mode=random-fallback fill=0x3fff kernel=dM0=dM9=0x2000
prefixes=32768/268435456 mode=permuted-prefix-sample w59_per_prefix=16384 total=536870912
run_mode=scan registry_cap=16
sample_start=256671744
scan_elapsed=20.078s rate=26.74 Mtriples/s

D60 interface
  D60=0 matches: 32867 (random expectation 32768.0, enrichment 1.003x)
  prefixes with D60=0: 16518
  max D60=0 fiber per prefix: 22 at W57=0x21bb W58=0xaea
  largest D60 bucket: D=0xa69 count=33748
  min D60 HW: 0
  D60 HW histogram: 0:32867 1:458607 2:2981573 3:11925931 4:32808565 5:65608520 6:98430223 7:112489468 8:98377871 9:65589182 10:32784713 11:11914282 12:2977039 13:459304 14:32767

Tail closure among D60=0 matches
  final tail collisions: 0
  best r61 HW: 14
  best r61 W1[57..59]=0x1e71,0x1abe,0x69b
  best r61 W2[57..59]=0x1d7e,0x1d29,0x3b1f
  best tail HW: 19
  best tail r61 HW: 19
  best W1[57..59]=0x3a0f,0xf14,0x2514
  best W2[57..59]=0x391c,0xd3e,0x2e6b

SUMMARY N=14 sample_start=256671744 prefixes=32768 total=536870912 d0=32867 best_tail=19 tail_r61=19 best_r61=14 tail_W1=0x3a0f,0xf14,0x2514 tail_W2=0x391c,0xd3e,0x2e6b r61_W1=0x1e71,0x1abe,0x69b r61_W2=0x1d7e,0x1d29,0x3b1f

Scan-only witness registry
  registry_count=16 registry_cap=16
  witness[00] tail=19 r61=19 gh60=0x56184ee W1=0x3a0f,0xf14,0x2514 W2=0x391c,0xd3e,0x2e6b
  witness[01] tail=22 r61=24 gh60=0xc9ac4aa W1=0x4f2,0x16cf,0xc0b W2=0x3ff,0x1c14,0x29d1
  witness[02] tail=23 r61=18 gh60=0x4939b6e W1=0x3d5f,0x2226,0x1644 W2=0x3c6c,0x1d39,0x24a5
  witness[03] tail=23 r61=20 gh60=0x5a0ffee W1=0x2f90,0x2be6,0x24f0 W2=0x2e9d,0x17ba,0x9d4
  witness[04] tail=23 r61=23 gh60=0x5b64caa W1=0x1642,0x873,0x2b91 W2=0x154f,0x2107,0x27ed
  witness[05] tail=24 r61=21 gh60=0x4d57d9e W1=0x2ec8,0x1ee3,0x74e W2=0x2dd5,0x197c,0xef9
  witness[06] tail=24 r61=21 gh60=0xc6685fa W1=0x3c95,0x3965,0x3f83 W2=0x3ba2,0x3901,0xd33
  witness[07] tail=24 r61=22 gh60=0xbf884ae W1=0x223f,0x95e,0x2952 W2=0x214c,0x366e,0xa5f
  witness[08] tail=24 r61=22 gh60=0xbf1bf6a W1=0x2f5d,0x23eb,0x3145 W2=0x2e6a,0x2f6,0x22f7
  witness[09] tail=24 r61=26 gh60=0xbf1c56e W1=0x2e0,0x1dfe,0x2821 W2=0x1ed,0x3d39,0x2a42
  witness[10] tail=25 r61=19 gh60=0x4618c9a W1=0x1905,0x20e2,0x3506 W2=0x1812,0x12ac,0x182d
  witness[11] tail=25 r61=19 gh60=0x44885a6 W1=0x1cbb,0x3fff,0x3c64 W2=0x1bc8,0x422,0x1624
  witness[12] tail=25 r61=20 gh60=0x3e0449a W1=0x1d0a,0x1aba,0x2eb3 W2=0x1c17,0x11be,0xffd
  witness[13] tail=25 r61=20 gh60=0xbe24cea W1=0x2912,0x3b68,0x3e22 W2=0x281f,0x34,0x3329
  witness[14] tail=25 r61=20 gh60=0xbaddc9a W1=0x3f46,0x214c,0x389f W2=0x3e53,0x621,0x170f
  witness[15] tail=25 r61=21 gh60=0x4a6c7aa W1=0x372,0x1193,0x3bf5 W2=0x27f,0x270,0x1bce

Scan-only r61 registry
  registry_count=16 registry_cap=16
  r61_witness[00] r61=14 tail=28 gh60=0x4555c9a W1=0x1e26,0x3b6a,0x341d W2=0x1d33,0x23bf,0x2d1a
  r61_witness[01] r61=14 tail=28 gh60=0x4589daa W1=0x1e71,0x1abe,0x69b W2=0x1d7e,0x1d29,0x3b1f
  r61_witness[02] r61=14 tail=31 gh60=0x4a0c4fa W1=0x121a,0x177f,0x31c7 W2=0x1127,0x8ec,0x1c27
  r61_witness[03] r61=15 tail=27 gh60=0x49f47aa W1=0x3b7e,0x11a7,0x13ad W2=0x3a8b,0x2470,0x27fa
  r61_witness[04] r61=15 tail=29 gh60=0x79ac4e6 W1=0x2524,0x271f,0x363d W2=0x2431,0x36a7,0x1b8e
  r61_witness[05] r61=15 tail=32 gh60=0x4a6bc9e W1=0x1107,0x32fe,0x30b1 W2=0x1014,0x202e,0x1218
  r61_witness[06] r61=16 tail=27 gh60=0xc5784a6 W1=0x3433,0x230a,0x172 W2=0x3340,0x75,0x15ad
  r61_witness[07] r61=16 tail=32 gh60=0x5708566 W1=0x32cb,0x3912,0x2015 W2=0x31d8,0x1857,0x2e99
  r61_witness[08] r61=16 tail=33 gh60=0x3915b6e W1=0x3dd0,0x233,0x435 W2=0x3cdd,0x364f,0x3c63
  r61_witness[09] r61=16 tail=36 gh60=0x498bfa6 W1=0x2f7b,0x2600,0x217 W2=0x2e88,0x3d32,0x139d
  r61_witness[10] r61=16 tail=40 gh60=0xc92879a W1=0x33c5,0x185b,0x22af W2=0x32d2,0x1a78,0x2bb1
  r61_witness[11] r61=17 tail=28 gh60=0xce04de6 W1=0x189c,0x364,0x35b4 W2=0x17a9,0x40f,0x1e2d
  r61_witness[12] r61=17 tail=29 gh60=0x495849e W1=0x1527,0x198d,0x8ee W2=0x1434,0x2740,0x180c
  r61_witness[13] r61=17 tail=29 gh60=0x4634cea W1=0x291e,0x90a,0x13df W2=0x282b,0xd06,0x282f
  r61_witness[14] r61=17 tail=31 gh60=0x592fba6 W1=0x11c4,0x203e,0x2849 W2=0x10d1,0xea5,0x34aa
  r61_witness[15] r61=17 tail=31 gh60=0x562dba6 W1=0x1d84,0x36f6,0x99 W2=0x1c91,0x3ce9,0x1998

D60=0 fiber histogram: 1:7986 2:4671 3:1869 4:1124 5:422 6:217 7:85 8:63 9:21 10:24 11:10 12:5 13:4 14:5 15:3 16:5 17:1 18:1 22:2
