free_word_mitm_reducedn
N=14 mask=0x3fff msb=0x2000
candidate: M0=0x3d36 mode=random-fallback fill=0x3fff kernel=dM0=dM9=0x2000
prefixes=32768/268435456 mode=permuted-prefix-sample w59_per_prefix=16384 total=536870912
run_mode=scan registry_cap=16
sample_start=255688704
scan_elapsed=17.493s rate=30.69 Mtriples/s

D60 interface
  D60=0 matches: 32698 (random expectation 32768.0, enrichment 0.998x)
  prefixes with D60=0: 16520
  max D60=0 fiber per prefix: 23 at W57=0xb3c W58=0x389c
  largest D60 bucket: D=0x3240 count=33763
  min D60 HW: 0
  D60 HW histogram: 0:32698 1:461719 2:2986474 3:11942272 4:32824149 5:65661286 6:98436809 7:112458666 8:98373326 9:65543069 10:32763804 11:11915787 12:2979018 13:459278 14:32557

Tail closure among D60=0 matches
  final tail collisions: 0
  best r61 HW: 13
  best r61 W1[57..59]=0x530,0x1de0,0x8e3
  best r61 W2[57..59]=0x43d,0xa81,0x189d
  best tail HW: 24
  best tail r61 HW: 22
  best W1[57..59]=0x1f0,0x1bad,0x3f7f
  best W2[57..59]=0xfd,0x364e,0x1526

SUMMARY N=14 sample_start=255688704 prefixes=32768 total=536870912 d0=32698 best_tail=24 tail_r61=22 best_r61=13 tail_W1=0x1f0,0x1bad,0x3f7f tail_W2=0xfd,0x364e,0x1526 r61_W1=0x530,0x1de0,0x8e3 r61_W2=0x43d,0xa81,0x189d

Scan-only witness registry
  registry_count=16 registry_cap=16
  witness[00] tail=24 r61=19 gh60=0x48bc4ae W1=0x2d30,0x2d62,0x30f4 W2=0x2c3d,0x1983,0xae2
  witness[01] tail=24 r61=20 gh60=0x3d984ae W1=0xbff,0x8c2,0x1c9e W2=0xb0c,0x3852,0xe44
  witness[02] tail=24 r61=21 gh60=0xfabcd6a W1=0x862,0x36b3,0x23 W2=0x76f,0x3a1b,0xc78
  witness[03] tail=24 r61=22 gh60=0xd58c4ae W1=0x1f0,0x1bad,0x3f7f W2=0xfd,0x364e,0x1526
  witness[04] tail=24 r61=22 gh60=0x5d3859e W1=0x4c7,0x44d,0x3fd3 W2=0x3d4,0xa52,0x17ff
  witness[05] tail=25 r61=13 gh60=0xc8944ae W1=0x530,0x1de0,0x8e3 W2=0x43d,0xa81,0x189d
  witness[06] tail=25 r61=15 gh60=0x5894caa W1=0x393e,0x34e1,0xf44 W2=0x384b,0x751,0x31c6
  witness[07] tail=25 r61=16 gh60=0xb909f66 W1=0x1fcb,0x3e94,0xf6a W2=0x1ed8,0x2854,0x3f17
  witness[08] tail=25 r61=18 gh60=0xce64d66 W1=0x6e4,0x150b,0x1434 W2=0x5f1,0x372,0x1a66
  witness[09] tail=25 r61=18 gh60=0xcb1c56a W1=0xa5e,0x33e9,0x1571 W2=0x96b,0x298c,0x216f
  witness[10] tail=25 r61=18 gh60=0xc4b449a W1=0xc26,0x31b,0x2e44 W2=0xb33,0x2969,0x11f5
  witness[11] tail=25 r61=18 gh60=0x450cd6e W1=0x26d0,0x3ef9,0x1ca5 W2=0x25dd,0x2951,0x8ef
  witness[12] tail=25 r61=18 gh60=0x4bec4be W1=0x3c38,0x149d,0x11be W2=0x3b45,0x23c0,0xcd2
  witness[13] tail=25 r61=22 gh60=0xbfe7fa6 W1=0xf74,0x3a6f,0x12b8 W2=0xe81,0xfd6,0x243e
  witness[14] tail=25 r61=23 gh60=0xcf34f6e W1=0x1760,0x33e0,0x3150 W2=0x166d,0x3810,0x1b20
  witness[15] tail=25 r61=26 gh60=0x7d8c4ae W1=0x240,0x2c1d,0x99a W2=0x14d,0x72e,0x2cb4

Scan-only r61 registry
  registry_count=16 registry_cap=16
  r61_witness[00] r61=13 tail=25 gh60=0xc8944ae W1=0x530,0x1de0,0x8e3 W2=0x43d,0xa81,0x189d
  r61_witness[01] r61=14 tail=29 gh60=0x461bc9a W1=0xf05,0x3a0b,0x2c58 W2=0xe12,0x957,0x23a3
  r61_witness[02] r61=15 tail=25 gh60=0x5894caa W1=0x393e,0x34e1,0xf44 W2=0x384b,0x751,0x31c6
  r61_witness[03] r61=15 tail=26 gh60=0x44fdd9a W1=0x1ea6,0x298b,0x1ef W2=0x1db3,0xa00,0x1a71
  r61_witness[04] r61=15 tail=27 gh60=0x399c4a6 W1=0x1534,0x22,0x326f W2=0x1441,0x1f8e,0x25fb
  r61_witness[05] r61=15 tail=30 gh60=0xd7844a6 W1=0x352c,0x37b2,0x2b5b W2=0x3439,0x3510,0x3e89
  r61_witness[06] r61=15 tail=31 gh60=0x5a084e6 W1=0xb1b,0x28ff,0xb05 W2=0xa28,0x6c6,0xa8f
  r61_witness[07] r61=15 tail=31 gh60=0x4b05d66 W1=0x1e4c,0x2f0d,0x35ac W2=0x1d59,0x2b6,0x21f5
  r61_witness[08] r61=15 tail=36 gh60=0x5488caa W1=0x183d,0x3ef3,0x6b1 W2=0x174a,0x111e,0x2317
  r61_witness[09] r61=16 tail=25 gh60=0xb909f66 W1=0x1fcb,0x3e94,0xf6a W2=0x1ed8,0x2854,0x3f17
  r61_witness[10] r61=16 tail=29 gh60=0x4608cee W1=0x61f,0x2151,0x560 W2=0x52c,0xf2c,0x2a80
  r61_witness[11] r61=16 tail=30 gh60=0x7a0c7fa W1=0x139a,0x7cf,0x390e W2=0x12a7,0x714,0x1021
  r61_witness[12] r61=16 tail=31 gh60=0x392879a W1=0x3c5,0x2275,0x3bce W2=0x2d2,0x1496,0x1b27
  r61_witness[13] r61=16 tail=33 gh60=0x5a0bcea W1=0xf0d,0x85,0x1fb5 W2=0xe1a,0x2ffc,0x126a
  r61_witness[14] r61=16 tail=37 gh60=0x4887fa6 W1=0x2fbc,0x3e84,0x34af W2=0x2ec9,0x1533,0x1dd3
  r61_witness[15] r61=16 tail=37 gh60=0x48b44ae W1=0x3530,0x3eda,0xfea W2=0x343d,0x3c7b,0x287

D60=0 fiber histogram: 1:7971 2:4763 3:1812 4:1110 5:428 6:222 7:73 8:67 9:29 10:19 11:5 12:9 13:4 14:2 15:1 16:1 18:2 22:1 23:1
