free_word_mitm_reducedn
N=14 mask=0x3fff msb=0x2000
candidate: M0=0x3d36 mode=random-fallback fill=0x3fff kernel=dM0=dM9=0x2000
prefixes=32768/268435456 mode=permuted-prefix-sample w59_per_prefix=16384 total=536870912
run_mode=scan registry_cap=16
sample_start=37584896
scan_elapsed=17.634s rate=30.45 Mtriples/s

D60 interface
  D60=0 matches: 32633 (random expectation 32768.0, enrichment 0.996x)
  prefixes with D60=0: 16497
  max D60=0 fiber per prefix: 32 at W57=0x1167 W58=0x3776
  largest D60 bucket: D=0xdbd count=33702
  min D60 HW: 0
  D60 HW histogram: 0:32633 1:456527 2:2972937 3:11900678 4:32774602 5:65615146 6:98457021 7:112536539 8:98432612 9:65578779 10:32756896 11:11895925 12:2969899 13:458090 14:32628

Tail closure among D60=0 matches
  final tail collisions: 0
  best r61 HW: 15
  best r61 W1[57..59]=0x1e1,0x3898,0x3b5c
  best r61 W2[57..59]=0xee,0x3883,0x3204
  best tail HW: 22
  best tail r61 HW: 18
  best W1[57..59]=0x2442,0xa2e,0x2869
  best W2[57..59]=0x234f,0x11c3,0x2088

SUMMARY N=14 sample_start=37584896 prefixes=32768 total=536870912 d0=32633 best_tail=22 tail_r61=18 best_r61=15 tail_W1=0x2442,0xa2e,0x2869 tail_W2=0x234f,0x11c3,0x2088 r61_W1=0x1e1,0x3898,0x3b5c r61_W2=0xee,0x3883,0x3204

Scan-only witness registry
  registry_count=16 registry_cap=16
  witness[00] tail=22 r61=18 gh60=0x46e44aa W1=0x2442,0xa2e,0x2869 W2=0x234f,0x11c3,0x2088
  witness[01] tail=23 r61=22 gh60=0x4e3c7ea W1=0x1b9e,0x1499,0x757 W2=0x1aab,0x2558,0x37de
  witness[02] tail=23 r61=25 gh60=0xb70457a W1=0x325a,0x3c2e,0x154e W2=0x3167,0x3757,0x1002
  witness[03] tail=23 r61=26 gh60=0xce2cbfe W1=0x1598,0x20ae,0x1a6 W2=0x14a5,0x263e,0x6a7
  witness[04] tail=24 r61=16 gh60=0xca18d9a W1=0x885,0x25e4,0x251b W2=0x792,0x1192,0x10d6
  witness[05] tail=24 r61=19 gh60=0x467bcae W1=0x10ef,0x2b9,0x128c W2=0xffc,0x1014,0x298f
  witness[06] tail=24 r61=21 gh60=0xca284e6 W1=0x3a13,0x3965,0x1001 W2=0x3920,0x375a,0x3b15
  witness[07] tail=24 r61=22 gh60=0x4a1c4ee W1=0x1420,0x29c2,0x2807 W2=0x132d,0x14c9,0x3c51
  witness[08] tail=24 r61=22 gh60=0x3a79ce6 W1=0x1e13,0x2c,0x3bcc W2=0x1d20,0x30e0,0x2ed9
  witness[09] tail=24 r61=23 gh60=0xcaf849a W1=0x32e9,0x223b,0x3e0 W2=0x31f6,0x1b0a,0x1746
  witness[10] tail=24 r61=23 gh60=0xceb9cae W1=0x3fef,0x2184,0x1f46 W2=0x3efc,0xde7,0x4f9
  witness[11] tail=24 r61=24 gh60=0x397cbbe W1=0x25b8,0x2171,0x2a5 W2=0x24c5,0x1979,0x7e9
  witness[12] tail=25 r61=17 gh60=0x3a684a6 W1=0x3303,0x1d28,0x3035 W2=0x3210,0x2c23,0x2c8f
  witness[13] tail=25 r61=19 gh60=0xb5885aa W1=0x2ab1,0x13c1,0x13ad W2=0x29be,0xe59,0x1b94
  witness[14] tail=25 r61=21 gh60=0x5a084ea W1=0x2a1d,0x83,0x2189 W2=0x292a,0x4b9,0x28d1
  witness[15] tail=25 r61=23 gh60=0xfe88daa W1=0x286d,0x1080,0x74f W2=0x277a,0x1b63,0x2e13

Scan-only r61 registry
  registry_count=16 registry_cap=16
  r61_witness[00] r61=15 tail=28 gh60=0xcf09b6a W1=0x1e1,0x3898,0x3b5c W2=0xee,0x3883,0x3204
  r61_witness[01] r61=15 tail=32 gh60=0xda04cfa W1=0x161a,0x74f,0x18dc W2=0x1527,0x3dbb,0x1f41
  r61_witness[02] r61=15 tail=33 gh60=0x4d08d66 W1=0x28cb,0xa50,0xa73 W2=0x27d8,0x282,0x9a8
  r61_witness[03] r61=16 tail=24 gh60=0xca18d9a W1=0x885,0x25e4,0x251b W2=0x792,0x1192,0x10d6
  r61_witness[04] r61=16 tail=29 gh60=0x4e0cdfa W1=0x389a,0xcc4,0x842 W2=0x37a7,0x518,0x5a
  r61_witness[05] r61=16 tail=39 gh60=0x4a0fdee W1=0xe90,0xed6,0x3357 W2=0xd9d,0x2212,0x10c7
  r61_witness[06] r61=16 tail=41 gh60=0xca0c4ea W1=0xb0e,0x2593,0x1a7f W2=0xa1b,0x2e9a,0x26b5
  r61_witness[07] r61=17 tail=25 gh60=0x3a684a6 W1=0x3303,0x1d28,0x3035 W2=0x3210,0x2c23,0x2c8f
  r61_witness[08] r61=17 tail=26 gh60=0x3a247aa W1=0x1382,0x2c76,0x2d52 W2=0x128f,0x2f63,0x3835
  r61_witness[09] r61=17 tail=28 gh60=0x48984aa W1=0xb2d,0x119c,0x3e2a W2=0xa3a,0x1a18,0x2bdf
  r61_witness[10] r61=17 tail=28 gh60=0x4a88ba6 W1=0x256b,0x2274,0x1516 W2=0x2478,0x2ab8,0x1439
  r61_witness[11] r61=17 tail=28 gh60=0xcb25b6a W1=0x3dd2,0xcdb,0x1ba5 W2=0x3cdf,0x11b,0x3aed
  r61_witness[12] r61=17 tail=29 gh60=0x4e045e6 W1=0x129c,0x2149,0x3601 W2=0x11a9,0x1f3,0x1ca6
  r61_witness[13] r61=17 tail=31 gh60=0x4499daa W1=0x1ebd,0xb1a,0x37fc W2=0x1dca,0x18e1,0x28c0
  r61_witness[14] r61=17 tail=31 gh60=0x4604be6 W1=0x399c,0x2e9c,0x2b0c W2=0x38a9,0xd7,0x1b15
  r61_witness[15] r61=17 tail=32 gh60=0x3ad84ba W1=0x2f9,0xe35,0x1b29 W2=0x206,0x35f7,0x2062

D60=0 fiber histogram: 1:8052 2:4723 3:1723 4:1109 5:433 6:235 7:86 8:50 9:24 10:25 11:11 12:13 13:4 14:2 15:2 16:2 18:2 32:1
