free_word_mitm_reducedn
N=14 mask=0x3fff msb=0x2000
candidate: M0=0x3d36 mode=random-fallback fill=0x3fff kernel=dM0=dM9=0x2000
prefixes=32768/268435456 mode=permuted-prefix-sample w59_per_prefix=16384 total=536870912
run_mode=scan registry_cap=16
sample_start=111837184
scan_elapsed=15.613s rate=34.39 Mtriples/s

D60 interface
  D60=0 matches: 32536 (random expectation 32768.0, enrichment 0.993x)
  prefixes with D60=0: 16576
  max D60=0 fiber per prefix: 24 at W57=0x3559 W58=0x34b5
  largest D60 bucket: D=0x1249 count=33807
  min D60 HW: 0
  D60 HW histogram: 0:32536 1:457887 2:2977387 3:11926162 4:32789924 5:65646388 6:98471095 7:112501022 8:98392045 9:65549933 10:32751915 11:11907436 12:2976299 13:458424 14:32459

Tail closure among D60=0 matches
  final tail collisions: 0
  best r61 HW: 13
  best r61 W1[57..59]=0x1011,0x21ca,0xa64
  best r61 W2[57..59]=0xf1e,0xf55,0xa1e
  best tail HW: 22
  best tail r61 HW: 15
  best W1[57..59]=0x2ec3,0x30c9,0x2128
  best W2[57..59]=0x2dd0,0x1e17,0xfb2

SUMMARY N=14 sample_start=111837184 prefixes=32768 total=536870912 d0=32536 best_tail=22 tail_r61=15 best_r61=13 tail_W1=0x2ec3,0x30c9,0x2128 tail_W2=0x2dd0,0x1e17,0xfb2 r61_W1=0x1011,0x21ca,0xa64 r61_W2=0xf1e,0xf55,0xa1e

Scan-only witness registry
  registry_count=16 registry_cap=16
  witness[00] tail=22 r61=15 gh60=0xcd7bda6 W1=0x2ec3,0x30c9,0x2128 W2=0x2dd0,0x1e17,0xfb2
  witness[01] tail=23 r61=22 gh60=0xca28ce6 W1=0x3713,0x169c,0x369c W2=0x3620,0x2442,0x1d9f
  witness[02] tail=24 r61=17 gh60=0xb5985ae W1=0x1a6f,0x355b,0x16c2 W2=0x197c,0x29a3,0x1699
  witness[03] tail=24 r61=21 gh60=0xc637dfe W1=0x2e98,0x371e,0x1a2c W2=0x2da5,0x33e6,0x2948
  witness[04] tail=24 r61=22 gh60=0xd6d7b9a W1=0x2dc6,0x7e3,0x32d4 W2=0x2cd3,0x323c,0x34a0
  witness[05] tail=25 r61=16 gh60=0x4f64b6a W1=0x3952,0x24d6,0x30bc W2=0x385f,0x1ede,0x6e6
  witness[06] tail=25 r61=21 gh60=0x4bbbba6 W1=0x116b,0x1e77,0xf08 W2=0x1078,0xe3d,0x2f7a
  witness[07] tail=25 r61=24 gh60=0x4aebc9e W1=0x3147,0x3b71,0xc16 W2=0x3054,0x2421,0x2c7d
  witness[08] tail=25 r61=24 gh60=0xb96fb9a W1=0x31c6,0xcb4,0x3aa7 W2=0x30d3,0x334d,0x21c3
  witness[09] tail=25 r61=24 gh60=0xcdac59e W1=0x3ca8,0x22a4,0x363f W2=0x3bb5,0x38fe,0x3799
  witness[10] tail=25 r61=26 gh60=0xf989caa W1=0x20fd,0x32cd,0x3c5e W2=0x200a,0x3738,0x227c
  witness[11] tail=25 r61=26 gh60=0x4a5c4ba W1=0x3af6,0xf0d,0x2895 W2=0x3a03,0x80c,0x1dd7
  witness[12] tail=25 r61=27 gh60=0xb488ca6 W1=0x183b,0x3f0e,0xdca W2=0x1748,0x391a,0x2b66
  witness[13] tail=25 r61=28 gh60=0x77884aa W1=0x2aed,0x33d9,0x1db0 W2=0x29fa,0x3ad5,0x1e3f
  witness[14] tail=26 r61=13 gh60=0xca0bcea W1=0x1011,0x21ca,0xa64 W2=0xf1e,0xf55,0xa1e
  witness[15] tail=26 r61=19 gh60=0x59687ba W1=0x3b9,0x30ac,0x252f W2=0x2c6,0x3182,0x125c

Scan-only r61 registry
  registry_count=16 registry_cap=16
  r61_witness[00] r61=13 tail=26 gh60=0xca0bcea W1=0x1011,0x21ca,0xa64 W2=0xf1e,0xf55,0xa1e
  r61_witness[01] r61=14 tail=27 gh60=0x4a39bfa W1=0x1d95,0x477,0x54b W2=0x1ca2,0x3502,0x3ea8
  r61_witness[02] r61=14 tail=27 gh60=0x4968ca6 W1=0x2733,0x156a,0x1c0a W2=0x2640,0x1196,0x1980
  r61_witness[03] r61=14 tail=28 gh60=0x4a0bbea W1=0xd8d,0x1ef8,0x3e13 W2=0xc9a,0x17f,0x139f
  r61_witness[04] r61=14 tail=32 gh60=0x5e644aa W1=0x1502,0xda0,0x23e2 W2=0x140f,0x24f5,0x3328
  r61_witness[05] r61=15 tail=22 gh60=0xcd7bda6 W1=0x2ec3,0x30c9,0x2128 W2=0x2dd0,0x1e17,0xfb2
  r61_witness[06] r61=15 tail=30 gh60=0x4a08cee W1=0x80f,0x3494,0x2197 W2=0x71c,0x1d7b,0x3f50
  r61_witness[07] r61=15 tail=33 gh60=0xc904b66 W1=0x154c,0x3b2a,0x37f7 W2=0x1459,0x1101,0x66c
  r61_witness[08] r61=16 tail=25 gh60=0x4f64b6a W1=0x3952,0x24d6,0x30bc W2=0x385f,0x1ede,0x6e6
  r61_witness[09] r61=16 tail=28 gh60=0x4918b66 W1=0x5d3,0x33e2,0x39cc W2=0x4e0,0x39cc,0x2786
  r61_witness[10] r61=16 tail=28 gh60=0xbd38d7e W1=0x28d7,0x3fa1,0x1823 W2=0x27e4,0x754,0x3d4a
  r61_witness[11] r61=16 tail=30 gh60=0x4488cae W1=0x63f,0x22d3,0x130c W2=0x54c,0x1222,0x1f1a
  r61_witness[12] r61=16 tail=30 gh60=0x4b38f6e W1=0x7cf,0x3118,0x2861 W2=0x6dc,0x2557,0xf47
  r61_witness[13] r61=16 tail=31 gh60=0x4b2bb7e W1=0x1157,0xa5b,0x138 W2=0x1064,0x2d7a,0x19d9
  r61_witness[14] r61=16 tail=33 gh60=0xb508d6a W1=0x18d1,0x35e0,0x1e9c W2=0x17de,0x3953,0x2b3e
  r61_witness[15] r61=17 tail=24 gh60=0xb5985ae W1=0x1a6f,0x355b,0x16c2 W2=0x197c,0x29a3,0x1699

D60=0 fiber histogram: 1:8068 2:4812 3:1781 4:1085 5:375 6:220 7:97 8:76 9:26 10:12 11:6 12:10 13:2 14:1 16:1 18:2 23:1 24:1
