free_word_mitm_reducedn
N=14 mask=0x3fff msb=0x2000
candidate: M0=0x3d36 mode=random-fallback fill=0x3fff kernel=dM0=dM9=0x2000
prefixes=32768/268435456 mode=permuted-prefix-sample w59_per_prefix=16384 total=536870912
run_mode=scan registry_cap=16
sample_start=200310784
scan_elapsed=18.940s rate=28.35 Mtriples/s

D60 interface
  D60=0 matches: 32353 (random expectation 32768.0, enrichment 0.987x)
  prefixes with D60=0: 16426
  max D60=0 fiber per prefix: 33 at W57=0x2681 W58=0x1b0f
  largest D60 bucket: D=0x299a count=33756
  min D60 HW: 0
  D60 HW histogram: 0:32353 1:456951 2:2974778 3:11920938 4:32822140 5:65659657 6:98518030 7:112523870 8:98412603 9:65528288 10:32704830 11:11868650 12:2961531 13:453890 14:32403

Tail closure among D60=0 matches
  final tail collisions: 0
  best r61 HW: 13
  best r61 W1[57..59]=0x37bd,0x3897,0x2a8d
  best r61 W2[57..59]=0x36ca,0x369a,0x3a17
  best tail HW: 20
  best tail r61 HW: 20
  best W1[57..59]=0x27ac,0x1ad4,0x11ed
  best W2[57..59]=0x26b9,0x119,0x769

SUMMARY N=14 sample_start=200310784 prefixes=32768 total=536870912 d0=32353 best_tail=20 tail_r61=20 best_r61=13 tail_W1=0x27ac,0x1ad4,0x11ed tail_W2=0x26b9,0x119,0x769 r61_W1=0x37bd,0x3897,0x2a8d r61_W2=0x36ca,0x369a,0x3a17

Scan-only witness registry
  registry_count=16 registry_cap=16
  witness[00] tail=20 r61=20 gh60=0xbb9cfa6 W1=0x27ac,0x1ad4,0x11ed W2=0x26b9,0x119,0x769
  witness[01] tail=22 r61=17 gh60=0x5a0449a W1=0x3a0a,0x3bf2,0x23de W2=0x3917,0x303e,0x1a0f
  witness[02] tail=22 r61=18 gh60=0x7618de6 W1=0x1893,0x34db,0x3d W2=0x17a0,0x1929,0x21e7
  witness[03] tail=23 r61=17 gh60=0x4739f6a W1=0x3fdd,0x2bcd,0x444 W2=0x3eea,0x1dd4,0x1c50
  witness[04] tail=23 r61=21 gh60=0x46744ee W1=0x3420,0x2a73,0x36a5 W2=0x332d,0x177a,0x1959
  witness[05] tail=24 r61=17 gh60=0xdb05c9a W1=0x214a,0x8d7,0x3760 W2=0x2057,0x2d58,0x1a47
  witness[06] tail=24 r61=19 gh60=0xc998caa W1=0x16fd,0x37ef,0x2977 W2=0x160a,0xcda,0x3bb9
  witness[07] tail=24 r61=24 gh60=0xdbeccaa W1=0x1732,0x1ba8,0x1132 W2=0x163f,0x2eec,0x156e
  witness[08] tail=24 r61=24 gh60=0xd608be6 W1=0x259b,0x17b8,0x13d5 W2=0x24a8,0x1df6,0x282c
  witness[09] tail=24 r61=29 gh60=0x579879a W1=0x2365,0x39ec,0xd42 W2=0x2272,0x2c3b,0x3cc
  witness[10] tail=25 r61=18 gh60=0x476859e W1=0x34c7,0x1c18,0x2d90 W2=0x33d4,0x3219,0xc4b
  witness[11] tail=25 r61=20 gh60=0x59687e6 W1=0x33a3,0x38d9,0x29fb W2=0x32b0,0x3544,0x27f4
  witness[12] tail=26 r61=20 gh60=0xc9a8c9a W1=0x16e9,0x27be,0xd91 W2=0x15f6,0x1d14,0xf89
  witness[13] tail=26 r61=20 gh60=0xc998caa W1=0x192d,0x2aff,0x3690 W2=0x183a,0x3c7a,0x6ba
  witness[14] tail=26 r61=21 gh60=0x3e584fe W1=0x1317,0x2e0b,0x345d W2=0x1224,0x3fa3,0x2214
  witness[15] tail=26 r61=21 gh60=0xcee4da6 W1=0x3684,0xf72,0x7b4 W2=0x3591,0x1847,0x3da7

Scan-only r61 registry
  registry_count=16 registry_cap=16
  r61_witness[00] r61=13 tail=29 gh60=0x4888faa W1=0x37bd,0x3897,0x2a8d W2=0x36ca,0x369a,0x3a17
  r61_witness[01] r61=14 tail=31 gh60=0x461fce6 W1=0x110c,0x9ea,0x860 W2=0x1019,0x2793,0x1f4
  r61_witness[02] r61=15 tail=32 gh60=0x3a24caa W1=0x602,0xfad,0x1e33 W2=0x50f,0x17c1,0x1a76
  r61_witness[03] r61=15 tail=38 gh60=0xd924ba6 W1=0x39c4,0x1590,0x2f8f W2=0x38d1,0x2975,0x1455
  r61_witness[04] r61=16 tail=31 gh60=0x760bcea W1=0x100d,0x3d70,0x5e W2=0xf1a,0x2ab7,0x2f1d
  r61_witness[05] r61=16 tail=31 gh60=0xb888caa W1=0x193d,0x3bde,0x30e7 W2=0x184a,0xe49,0x685
  r61_witness[06] r61=16 tail=32 gh60=0x4904b66 W1=0x154c,0x1622,0x3fa2 W2=0x1459,0x2bf9,0x13
  r61_witness[07] r61=16 tail=32 gh60=0x5a08cea W1=0x2821,0x209,0xa48 W2=0x272e,0x204,0xc42
  r61_witness[08] r61=16 tail=36 gh60=0xca28b9a W1=0x1589,0x55,0x3f15 W2=0x1496,0x1073,0xf74
  r61_witness[09] r61=16 tail=39 gh60=0x458c4ae W1=0x2430,0x1477,0x1d3d W2=0x233d,0x3318,0x39bc
  r61_witness[10] r61=17 tail=22 gh60=0x5a0449a W1=0x3a0a,0x3bf2,0x23de W2=0x3917,0x303e,0x1a0f
  r61_witness[11] r61=17 tail=23 gh60=0x4739f6a W1=0x3fdd,0x2bcd,0x444 W2=0x3eea,0x1dd4,0x1c50
  r61_witness[12] r61=17 tail=24 gh60=0xdb05c9a W1=0x214a,0x8d7,0x3760 W2=0x2057,0x2d58,0x1a47
  r61_witness[13] r61=17 tail=27 gh60=0xc4a859a W1=0x1ca9,0x315c,0x2628 W2=0x1bb6,0x1f7d,0x1292
  r61_witness[14] r61=17 tail=27 gh60=0xc507d7a W1=0x2eda,0x3926,0x1f62 W2=0x2de7,0x196a,0x3e97
  r61_witness[15] r61=17 tail=28 gh60=0xc904b66 W1=0x35dc,0x2818,0xb52 W2=0x34e9,0x3de3,0x1a3f

D60=0 fiber histogram: 1:8038 2:4684 3:1749 4:1089 5:404 6:215 7:94 8:93 9:26 10:16 11:8 12:3 13:5 16:1 33:1
