free_word_mitm_reducedn
N=14 mask=0x3fff msb=0x2000
candidate: M0=0x3d36 mode=random-fallback fill=0x3fff kernel=dM0=dM9=0x2000
prefixes=32768/268435456 mode=permuted-prefix-sample w59_per_prefix=16384 total=536870912
run_mode=scan registry_cap=16
sample_start=42795008
scan_elapsed=18.250s rate=29.42 Mtriples/s

D60 interface
  D60=0 matches: 32670 (random expectation 32768.0, enrichment 0.997x)
  prefixes with D60=0: 16488
  max D60=0 fiber per prefix: 16 at W57=0xeac W58=0xf6d
  largest D60 bucket: D=0xb57 count=33932
  min D60 HW: 0
  D60 HW histogram: 0:32670 1:457590 2:2975932 3:11915774 4:32797087 5:65624144 6:98461897 7:112513952 8:98409438 9:65553256 10:32765779 11:11900339 12:2972944 13:457685 14:32425

Tail closure among D60=0 matches
  final tail collisions: 0
  best r61 HW: 12
  best r61 W1[57..59]=0x160d,0x2de4,0x30eb
  best r61 W2[57..59]=0x151a,0x7ab,0x2498
  best tail HW: 23
  best tail r61 HW: 19
  best W1[57..59]=0x2c0c,0x2839,0x4be
  best W2[57..59]=0x2b19,0x290d,0x1078

SUMMARY N=14 sample_start=42795008 prefixes=32768 total=536870912 d0=32670 best_tail=23 tail_r61=19 best_r61=12 tail_W1=0x2c0c,0x2839,0x4be tail_W2=0x2b19,0x290d,0x1078 r61_W1=0x160d,0x2de4,0x30eb r61_W2=0x151a,0x7ab,0x2498

Scan-only witness registry
  registry_count=16 registry_cap=16
  witness[00] tail=23 r61=19 gh60=0x4a0c4e6 W1=0x2c0c,0x2839,0x4be W2=0x2b19,0x290d,0x1078
  witness[01] tail=23 r61=22 gh60=0xc9accaa W1=0x18f2,0x7ba,0x9a6 W2=0x17ff,0x197e,0x2aec
  witness[02] tail=23 r61=23 gh60=0xff3856a W1=0xc51,0x1adc,0x4f4 W2=0xb5e,0x14f2,0x18f
  witness[03] tail=23 r61=24 gh60=0xd8f879a W1=0x33a5,0x3bdc,0xa1c W2=0x32b2,0x3dc3,0x26f5
  witness[04] tail=24 r61=20 gh60=0xc8784aa W1=0xd3d,0x8ef,0x623 W2=0xc4a,0xfdb,0x247
  witness[05] tail=24 r61=20 gh60=0x4bbcfba W1=0x3776,0x3c5,0xd85 W2=0x3683,0x125d,0x36a3
  witness[06] tail=25 r61=16 gh60=0xc508d6a W1=0x6dd,0x1a86,0x7b7 W2=0x5ea,0x2fbd,0x22e2
  witness[07] tail=25 r61=19 gh60=0x5a285fe W1=0x2497,0x31bb,0x1de6 W2=0x23a4,0x34fb,0x1049
  witness[08] tail=25 r61=21 gh60=0xfa247e6 W1=0x2b94,0x2f91,0x3f16 W2=0x2aa1,0x1ceb,0x1dff
  witness[09] tail=25 r61=22 gh60=0x7a57b9a W1=0x1186,0xd6b,0x17cc W2=0x1093,0x94,0x1410
  witness[10] tail=25 r61=22 gh60=0x4ee849a W1=0x1549,0x2809,0x2243 W2=0x1456,0x1e12,0x3e14
  witness[11] tail=25 r61=25 gh60=0x7facf9e W1=0x17a8,0x1bec,0x349c W2=0x16b5,0x233f,0x3361
  witness[12] tail=25 r61=29 gh60=0xf92fb7e W1=0x1158,0x3a77,0x2126 W2=0x1065,0x1d97,0x2e94
  witness[13] tail=26 r61=16 gh60=0x5e644ea W1=0xb12,0xae6,0x35af W2=0xa1f,0x1431,0x1345
  witness[14] tail=26 r61=18 gh60=0x79644ea W1=0x3522,0x2fa5,0x3d1a W2=0x342f,0x480,0x2237
  witness[15] tail=26 r61=19 gh60=0x560dcea W1=0x1e,0x46e,0x5fe W2=0x3f2b,0x696,0x3110

Scan-only r61 registry
  registry_count=16 registry_cap=16
  r61_witness[00] r61=12 tail=34 gh60=0x5a08cea W1=0x160d,0x2de4,0x30eb W2=0x151a,0x7ab,0x2498
  r61_witness[01] r61=13 tail=32 gh60=0x7489ca6 W1=0x202b,0x3a0e,0x32f4 W2=0x1f38,0x2228,0x27ef
  r61_witness[02] r61=14 tail=29 gh60=0x4a984aa W1=0x1fd,0x3544,0x1223 W2=0x10a,0x38f0,0x2c7f
  r61_witness[03] r61=15 tail=30 gh60=0x48e8c9e W1=0x927,0x883,0x157e W2=0x834,0x171,0x2fd9
  r61_witness[04] r61=15 tail=31 gh60=0xc637fee W1=0x2f90,0x3125,0xd87 W2=0x2e9d,0x1cf9,0x2a11
  r61_witness[05] r61=15 tail=32 gh60=0xc719f6a W1=0x1fcd,0x3c53,0x2992 W2=0x1eda,0x2672,0x279b
  r61_witness[06] r61=15 tail=36 gh60=0x49e8f9e W1=0x37a7,0x282c,0x9b8 W2=0x36b4,0x2d96,0xfa8
  r61_witness[07] r61=16 tail=25 gh60=0xc508d6a W1=0x6dd,0x1a86,0x7b7 W2=0x5ea,0x2fbd,0x22e2
  r61_witness[08] r61=16 tail=26 gh60=0x5e644ea W1=0xb12,0xae6,0x35af W2=0xa1f,0x1431,0x1345
  r61_witness[09] r61=16 tail=28 gh60=0xd51856a W1=0x224d,0x3be,0x18c2 W2=0x215a,0x13e8,0x30a6
  r61_witness[10] r61=16 tail=30 gh60=0xc488caa W1=0x641,0x3ce3,0x2fbd W2=0x54e,0x452,0x35e9
  r61_witness[11] r61=16 tail=30 gh60=0x4624cea W1=0x1712,0x251a,0x213b W2=0x161f,0x36ea,0x1dd5
  r61_witness[12] r61=16 tail=31 gh60=0x5a09ce6 W1=0x211b,0x2f49,0x3529 W2=0x2028,0x29cd,0x165c
  r61_witness[13] r61=16 tail=32 gh60=0x4a68c9a W1=0x18e9,0xf76,0x176d W2=0x17f6,0x2cc,0x24d8
  r61_witness[14] r61=16 tail=32 gh60=0xc4885aa W1=0x2cb1,0x3a35,0x136d W2=0x2bbe,0x364d,0x1d4d
  r61_witness[15] r61=16 tail=34 gh60=0x4685c9a W1=0x3dea,0x64a,0x1d36 W2=0x3cf7,0x2d4b,0x17d2

D60=0 fiber histogram: 1:7929 2:4769 3:1769 4:1147 5:426 6:226 7:92 8:63 9:32 10:19 11:7 12:4 13:3 16:2
