free_word_mitm_reducedn
N=14 mask=0x3fff msb=0x2000
candidate: M0=0x3d36 mode=random-fallback fill=0x3fff kernel=dM0=dM9=0x2000
prefixes=32768/268435456 mode=permuted-prefix-sample w59_per_prefix=16384 total=536870912
run_mode=scan registry_cap=16
sample_start=152567808
scan_elapsed=17.491s rate=30.69 Mtriples/s

D60 interface
  D60=0 matches: 32930 (random expectation 32768.0, enrichment 1.005x)
  prefixes with D60=0: 16589
  max D60=0 fiber per prefix: 20 at W57=0x3161 W58=0x2e37
  largest D60 bucket: D=0x3888 count=33712
  min D60 HW: 0
  D60 HW histogram: 0:32930 1:456994 2:2978565 3:11929773 4:32821413 5:65645619 6:98443729 7:112442172 8:98384219 9:65571366 10:32777575 11:11916142 12:2980050 13:457287 14:33078

Tail closure among D60=0 matches
  final tail collisions: 0
  best r61 HW: 13
  best r61 W1[57..59]=0xad2,0x3d06,0x14b8
  best r61 W2[57..59]=0x9df,0x999,0x14ec
  best tail HW: 22
  best tail r61 HW: 21
  best W1[57..59]=0xce8,0x3cff,0x33e4
  best W2[57..59]=0xbf5,0xba9,0x3300

SUMMARY N=14 sample_start=152567808 prefixes=32768 total=536870912 d0=32930 best_tail=22 tail_r61=21 best_r61=13 tail_W1=0xce8,0x3cff,0x33e4 tail_W2=0xbf5,0xba9,0x3300 r61_W1=0xad2,0x3d06,0x14b8 r61_W2=0x9df,0x999,0x14ec

Scan-only witness registry
  registry_count=16 registry_cap=16
  witness[00] tail=22 r61=20 gh60=0x55985aa W1=0x2ad,0x1c9f,0x1539 W2=0x1ba,0x26b3,0x88e
  witness[01] tail=22 r61=21 gh60=0x36b449e W1=0xce8,0x3cff,0x33e4 W2=0xbf5,0xba9,0x3300
  witness[02] tail=23 r61=18 gh60=0xb9f8b7a W1=0x2959,0x1645,0x33ae W2=0x2866,0x1740,0x21da
  witness[03] tail=24 r61=17 gh60=0x463c4a6 W1=0x2404,0x1f8,0x46e W2=0x2311,0x21f4,0xff5
  witness[04] tail=24 r61=22 gh60=0xda55b9a W1=0x3d66,0x359c,0x379c W2=0x3c73,0x3549,0x1023
  witness[05] tail=24 r61=23 gh60=0xcafbda6 W1=0xe73,0x163d,0x3032 W2=0xd80,0x3a13,0x875
  witness[06] tail=24 r61=23 gh60=0xb5f85be W1=0x1a77,0x3799,0x7c3 W2=0x1984,0xadf,0x3978
  witness[07] tail=24 r61=27 gh60=0xfbf9cae W1=0xff,0xc45,0x1955 W2=0xc,0x2894,0x3cea
  witness[08] tail=25 r61=15 gh60=0xca88caa W1=0x5f1,0x220f,0x2904 W2=0x4fe,0x2b0e,0x38aa
  witness[09] tail=25 r61=19 gh60=0xc52ccaa W1=0x642,0x2834,0x2694 W2=0x54f,0x2fc8,0xef7
  witness[10] tail=25 r61=19 gh60=0x491bb66 W1=0x11cb,0x33b4,0x3b22 W2=0x10d8,0x2710,0x2790
  witness[11] tail=25 r61=20 gh60=0xc98c4ae W1=0x300,0x3a97,0x24e6 W2=0x20d,0x2a28,0x3463
  witness[12] tail=25 r61=20 gh60=0xd7944ae W1=0x2330,0x2b3e,0x3c35 W2=0x223d,0x1b5f,0x177f
  witness[13] tail=25 r61=22 gh60=0xd91476e W1=0x350,0xb07,0xdeb W2=0x25d,0x74e,0x245e
  witness[14] tail=25 r61=23 gh60=0x788dcae W1=0x3f30,0x2477,0x249 W2=0x3e3d,0x1257,0xff1
  witness[15] tail=25 r61=25 gh60=0xcf78b9a W1=0x39a9,0x5ba,0x808 W2=0x38b6,0xfe4,0x13a7

Scan-only r61 registry
  registry_count=16 registry_cap=16
  r61_witness[00] r61=13 tail=29 gh60=0xcd2456a W1=0xad2,0x3d06,0x14b8 W2=0x9df,0x999,0x14ec
  r61_witness[01] r61=14 tail=34 gh60=0x4ca45ea W1=0x3ca2,0x33ac,0x1bde W2=0x3baf,0xddf,0x338b
  r61_witness[02] r61=15 tail=25 gh60=0xca88caa W1=0x5f1,0x220f,0x2904 W2=0x4fe,0x2b0e,0x38aa
  r61_witness[03] r61=15 tail=27 gh60=0xda284fa W1=0x3c15,0x3909,0x3115 W2=0x3b22,0x30cd,0x3a13
  r61_witness[04] r61=15 tail=29 gh60=0xde08bee W1=0x399f,0x1bac,0x2bb4 W2=0x38ac,0x222b,0x1cd5
  r61_witness[05] r61=15 tail=37 gh60=0x4b987a6 W1=0x137b,0x27a2,0x15d W2=0x1288,0x22d7,0x313b
  r61_witness[06] r61=15 tail=40 gh60=0x4b1bb66 W1=0x314b,0x329c,0x3b27 W2=0x3058,0x27f8,0x2269
  r61_witness[07] r61=16 tail=32 gh60=0xca084ea W1=0x130d,0x1908,0x15b8 W2=0x121a,0x327e,0x2844
  r61_witness[08] r61=16 tail=39 gh60=0x7a08dee W1=0x388f,0x89e,0x43c W2=0x379c,0x3c61,0x1244
  r61_witness[09] r61=16 tail=41 gh60=0x4e084ea W1=0x20d,0x3bbf,0x96b W2=0x11a,0x3e81,0x250c
  r61_witness[10] r61=17 tail=24 gh60=0x463c4a6 W1=0x2404,0x1f8,0x46e W2=0x2311,0x21f4,0xff5
  r61_witness[11] r61=17 tail=28 gh60=0xc8884aa W1=0x1d31,0xfee,0x819 W2=0x1c3e,0x252e,0x1caa
  r61_witness[12] r61=17 tail=28 gh60=0xfc885a6 W1=0x34bb,0x2f42,0x2dbf W2=0x33c8,0x3367,0x3676
  r61_witness[13] r61=17 tail=29 gh60=0x4a284e6 W1=0x213,0x1ea5,0x180c W2=0x120,0x998,0xc25
  r61_witness[14] r61=17 tail=29 gh60=0xd93449a W1=0x1b46,0x1176,0x1cde W2=0x1a53,0x942,0x2ae4
  r61_witness[15] r61=17 tail=30 gh60=0x4e07de6 W1=0xe8c,0x234b,0x22e5 W2=0xd99,0x2684,0x215a

D60=0 fiber histogram: 1:8029 2:4765 3:1796 4:1112 5:393 6:242 7:77 8:102 9:32 10:17 11:12 12:5 13:1 14:3 18:1 20:2
