free_word_mitm_reducedn
N=14 mask=0x3fff msb=0x2000
candidate: M0=0x3d36 mode=random-fallback fill=0x3fff kernel=dM0=dM9=0x2000
prefixes=32768/268435456 mode=permuted-prefix-sample w59_per_prefix=16384 total=536870912
run_mode=scan registry_cap=16
sample_start=244482048
scan_elapsed=14.270s rate=37.62 Mtriples/s

D60 interface
  D60=0 matches: 32710 (random expectation 32768.0, enrichment 0.998x)
  prefixes with D60=0: 16646
  max D60=0 fiber per prefix: 21 at W57=0x30c1 W58=0x3189
  largest D60 bucket: D=0xe88 count=33794
  min D60 HW: 0
  D60 HW histogram: 0:32710 1:456760 2:2972555 3:11926146 4:32814766 5:65666910 6:98476072 7:112477204 8:98379006 9:65541200 10:32762562 11:11900594 12:2974404 13:457364 14:32659

Tail closure among D60=0 matches
  final tail collisions: 0
  best r61 HW: 14
  best r61 W1[57..59]=0x331d,0x100e,0x2ab7
  best r61 W2[57..59]=0x322a,0x2a70,0x177b
  best tail HW: 21
  best tail r61 HW: 20
  best W1[57..59]=0x32ef,0x3d1a,0xa84
  best W2[57..59]=0x31fc,0x2cba,0x44d

SUMMARY N=14 sample_start=244482048 prefixes=32768 total=536870912 d0=32710 best_tail=21 tail_r61=20 best_r61=14 tail_W1=0x32ef,0x3d1a,0xa84 tail_W2=0x31fc,0x2cba,0x44d r61_W1=0x331d,0x100e,0x2ab7 r61_W2=0x322a,0x2a70,0x177b

Scan-only witness registry
  registry_count=16 registry_cap=16
  witness[00] tail=21 r61=20 gh60=0x79984ae W1=0x32ef,0x3d1a,0xa84 W2=0x31fc,0x2cba,0x44d
  witness[01] tail=22 r61=26 gh60=0xfe5849a W1=0x2309,0x1902,0x1b69 W2=0x2216,0x20b,0x2292
  witness[02] tail=24 r61=21 gh60=0x3e2849a W1=0xd09,0x2ce3,0xaf4 W2=0xc16,0x13f6,0x18c8
  witness[03] tail=24 r61=23 gh60=0xc9e8b66 W1=0x1563,0x3cc4,0x21a9 W2=0x1470,0xebe,0x2b93
  witness[04] tail=25 r61=21 gh60=0x48f9c9e W1=0x127,0x14c4,0xb15 W2=0x34,0xd30,0x74e
  witness[05] tail=25 r61=21 gh60=0xdd8c5ba W1=0x3cba,0x2f37,0x1783 W2=0x3bc7,0x2e56,0x9d2
  witness[06] tail=25 r61=23 gh60=0x7d6849a W1=0x2445,0x1b70,0x358a W2=0x2352,0x179,0xf42
  witness[07] tail=25 r61=24 gh60=0xb9f7c9a W1=0x1126,0x5ea,0x4aa W2=0x1033,0x127b,0x28f2
  witness[08] tail=25 r61=25 gh60=0xc777dbe W1=0xeb8,0x2f07,0x1a57 W2=0xdc5,0x2153,0x1225
  witness[09] tail=25 r61=27 gh60=0x4b74daa W1=0x28be,0xab3,0x31f4 W2=0x27cb,0x40b,0x3ba0
  witness[10] tail=26 r61=14 gh60=0x48ffb66 W1=0x314c,0x898,0x1e14 W2=0x3059,0x3df5,0x3b72
  witness[11] tail=26 r61=18 gh60=0x4709b6e W1=0x1cf,0x3c1e,0x3c3f W2=0xdc,0x2b39,0x825
  witness[12] tail=26 r61=18 gh60=0x4698da6 W1=0x367b,0x1456,0xfb1 W2=0x3588,0x3d8a,0x3612
  witness[13] tail=26 r61=19 gh60=0x5d5849e W1=0x2447,0x3b19,0x3a58 W2=0x2354,0x906,0x19f3
  witness[14] tail=26 r61=19 gh60=0x4b18b66 W1=0x25d3,0xdf7,0x1900 W2=0x24e0,0x1be9,0x2df
  witness[15] tail=26 r61=20 gh60=0x3c98dba W1=0x6b5,0xc1c,0x3103 W2=0x5c2,0x3bef,0x1f30

Scan-only r61 registry
  registry_count=16 registry_cap=16
  r61_witness[00] r61=14 tail=26 gh60=0x48ffb66 W1=0x314c,0x898,0x1e14 W2=0x3059,0x3df5,0x3b72
  r61_witness[01] r61=14 tail=27 gh60=0xce084ea W1=0x331d,0x100e,0x2ab7 W2=0x322a,0x2a70,0x177b
  r61_witness[02] r61=15 tail=27 gh60=0xcc88daa W1=0x6ad,0x5a2,0x3a4d W2=0x5ba,0x15f5,0x3d30
  r61_witness[03] r61=15 tail=31 gh60=0xc92bc9a W1=0x1145,0x31f3,0x392 W2=0x1052,0x2bf,0x33fe
  r61_witness[04] r61=16 tail=27 gh60=0x4e1dbea W1=0x3d9e,0x16d0,0x3e36 W2=0x3cab,0x1650,0x102e
  r61_witness[05] r61=16 tail=29 gh60=0x492849a W1=0x3345,0x345b,0x26c4 W2=0x3252,0x2ca8,0x2b3a
  r61_witness[06] r61=16 tail=30 gh60=0x45885aa W1=0x2471,0x6e5,0x1cb3 W2=0x237e,0x60d,0x2c00
  r61_witness[07] r61=16 tail=32 gh60=0x5604ce6 W1=0x80c,0x3756,0x1fdb W2=0x719,0x33e9,0x786
  r61_witness[08] r61=16 tail=33 gh60=0xd589caa W1=0x2d,0x3d51,0x13b W2=0x3f3a,0x3d0c,0x34aa
  r61_witness[09] r61=16 tail=33 gh60=0x4ad7bba W1=0x2d76,0xf93,0x2d97 W2=0x2c83,0x3d27,0x34bf
  r61_witness[10] r61=16 tail=35 gh60=0x4a25caa W1=0x3f02,0x39a0,0x11c3 W2=0x3e0f,0x3bf4,0x28b
  r61_witness[11] r61=16 tail=36 gh60=0x5898caa W1=0x2741,0x1ad5,0x1704 W2=0x264e,0x1e04,0x2790
  r61_witness[12] r61=16 tail=36 gh60=0x4908b6a W1=0x2951,0x3012,0x13ce W2=0x285e,0x3211,0xdf
  r61_witness[13] r61=16 tail=36 gh60=0x7a084ea W1=0x2a1d,0x3c67,0x276b W2=0x292a,0x9d,0x2c58
  r61_witness[14] r61=16 tail=41 gh60=0x365849e W1=0x1ce7,0xe6c,0x117d W2=0x1bf4,0x1d21,0x3b4a
  r61_witness[15] r61=16 tail=42 gh60=0x4a084ea W1=0xc1d,0x2bb,0x3b59 W2=0xb2a,0x671,0x3c65

D60=0 fiber histogram: 1:8136 2:4775 3:1755 4:1109 5:420 6:232 7:86 8:78 9:16 10:18 11:2 12:10 13:1 14:3 15:1 16:3 21:1
