free_word_mitm_reducedn
N=14 mask=0x3fff msb=0x2000
candidate: M0=0x3d36 mode=random-fallback fill=0x3fff kernel=dM0=dM9=0x2000
prefixes=32768/268435456 mode=permuted-prefix-sample w59_per_prefix=16384 total=536870912
run_mode=scan registry_cap=16
sample_start=129040384
scan_elapsed=15.327s rate=35.03 Mtriples/s

D60 interface
  D60=0 matches: 32412 (random expectation 32768.0, enrichment 0.989x)
  prefixes with D60=0: 16409
  max D60=0 fiber per prefix: 16 at W57=0x313d W58=0x3f85
  largest D60 bucket: D=0xa3b count=33742
  min D60 HW: 0
  D60 HW histogram: 0:32412 1:457983 2:2981741 3:11918802 4:32790125 5:65594219 6:98432267 7:112513340 8:98426397 9:65583009 10:32771048 11:11905737 12:2974101 13:457421 14:32310

Tail closure among D60=0 matches
  final tail collisions: 0
  best r61 HW: 13
  best r61 W1[57..59]=0x71e,0x3f9c,0x24a1
  best r61 W2[57..59]=0x62b,0x598,0x2100
  best tail HW: 21
  best tail r61 HW: 14
  best W1[57..59]=0x2fe7,0xa00,0x20c6
  best W2[57..59]=0x2ef4,0x3ef0,0xe5a

SUMMARY N=14 sample_start=129040384 prefixes=32768 total=536870912 d0=32412 best_tail=21 tail_r61=14 best_r61=13 tail_W1=0x2fe7,0xa00,0x20c6 tail_W2=0x2ef4,0x3ef0,0xe5a r61_W1=0x71e,0x3f9c,0x24a1 r61_W2=0x62b,0x598,0x2100

Scan-only witness registry
  registry_count=16 registry_cap=16
  witness[00] tail=21 r61=14 gh60=0xd6dbc9e W1=0x2fe7,0xa00,0x20c6 W2=0x2ef4,0x3ef0,0xe5a
  witness[01] tail=23 r61=20 gh60=0xdc88ca6 W1=0x83b,0xa40,0x1eb0 W2=0x748,0x334c,0x2caf
  witness[02] tail=24 r61=16 gh60=0xd60bdea W1=0x3091,0x1103,0x1b57 W2=0x2f9e,0x3866,0x1f5a
  witness[03] tail=25 r61=14 gh60=0x448fc9a W1=0xe2a,0x14b1,0xbd3 W2=0xd37,0x2736,0xbb4
  witness[04] tail=25 r61=17 gh60=0xc9844ba W1=0x2fa,0x11e5,0x1854 W2=0x207,0x399c,0xaf4
  witness[05] tail=25 r61=18 gh60=0xba1ccee W1=0x1820,0x79,0x279 W2=0x172d,0x2941,0x1fae
  witness[06] tail=25 r61=19 gh60=0x469cd9a W1=0x366a,0x2b9a,0x3b3c W2=0x3577,0x2afd,0x48b
  witness[07] tail=25 r61=21 gh60=0xdd1849a W1=0x3245,0xc19,0xdf7 W2=0x3152,0xa6,0x27a4
  witness[08] tail=25 r61=23 gh60=0xc9d8b7e W1=0x557,0x2234,0x3f95 W2=0x464,0x2057,0x121e
  witness[09] tail=25 r61=26 gh60=0x3b3456e W1=0x1460,0x3b39,0xeb0 W2=0x136d,0x2df8,0x19f7
  witness[10] tail=25 r61=26 gh60=0xfe18cea W1=0x280d,0x3d2c,0x2588 W2=0x271a,0x3def,0x3eec
  witness[11] tail=25 r61=27 gh60=0xb53c56e W1=0x2ae0,0x2a65,0x1889 W2=0x29ed,0x1228,0x342f
  witness[12] tail=25 r61=30 gh60=0xdf8c7a6 W1=0x336c,0x8a1,0x2fa8 W2=0x3279,0x2f7,0x2053
  witness[13] tail=26 r61=14 gh60=0x4617cee W1=0x1110,0x2827,0x2ad7 W2=0x101d,0x593,0x844
  witness[14] tail=26 r61=16 gh60=0x5a09bea W1=0x3d9d,0x371d,0x2b41 W2=0x3caa,0x2698,0x28ea
  witness[15] tail=26 r61=20 gh60=0xfe184e6 W1=0x140b,0x35c2,0x2305 W2=0x1318,0x35a7,0x1c40

Scan-only r61 registry
  registry_count=16 registry_cap=16
  r61_witness[00] r61=13 tail=31 gh60=0x4614cea W1=0x71e,0x3f9c,0x24a1 W2=0x62b,0x598,0x2100
  r61_witness[01] r61=14 tail=21 gh60=0xd6dbc9e W1=0x2fe7,0xa00,0x20c6 W2=0x2ef4,0x3ef0,0xe5a
  r61_witness[02] r61=14 tail=25 gh60=0x448fc9a W1=0xe2a,0x14b1,0xbd3 W2=0xd37,0x2736,0xbb4
  r61_witness[03] r61=14 tail=26 gh60=0x4617cee W1=0x1110,0x2827,0x2ad7 W2=0x101d,0x593,0x844
  r61_witness[04] r61=14 tail=28 gh60=0x4b845ba W1=0xa7a,0x2050,0x158d W2=0x987,0xd5f,0x2d95
  r61_witness[05] r61=15 tail=32 gh60=0x496cca6 W1=0x3734,0x145b,0x3069 W2=0x3641,0xf88,0x3366
  r61_witness[06] r61=16 tail=24 gh60=0xd60bdea W1=0x3091,0x1103,0x1b57 W2=0x2f9e,0x3866,0x1f5a
  r61_witness[07] r61=16 tail=26 gh60=0x5a09bea W1=0x3d9d,0x371d,0x2b41 W2=0x3caa,0x2698,0x28ea
  r61_witness[08] r61=16 tail=27 gh60=0xfe0bcea W1=0x2f0d,0x1060,0xd0f W2=0x2e1a,0x9cf,0x13d4
  r61_witness[09] r61=16 tail=31 gh60=0xbe05ce6 W1=0x211c,0x10e3,0x2742 W2=0x2029,0x3b78,0x18c6
  r61_witness[10] r61=16 tail=32 gh60=0x4a07be6 W1=0x2d8c,0x156f,0xf4a W2=0x2c99,0x1240,0x3def
  r61_witness[11] r61=16 tail=32 gh60=0x4e85dba W1=0x3e7a,0x61b,0x1de8 W2=0x3d87,0x34e7,0x268c
  r61_witness[12] r61=16 tail=33 gh60=0xd6844a6 W1=0x32ec,0x594,0x64e W2=0x31f9,0x2572,0x1b28
  r61_witness[13] r61=16 tail=34 gh60=0x4484c9a W1=0x262a,0x919,0x2722 W2=0x2537,0x3224,0x58c
  r61_witness[14] r61=16 tail=36 gh60=0x4918b66 W1=0x395b,0x1312,0x17bf W2=0x3868,0x28e4,0x47e
  r61_witness[15] r61=16 tail=37 gh60=0xd889fa6 W1=0x3fab,0x2cb1,0x113d W2=0x3eb8,0x1083,0x1c1c

D60=0 fiber histogram: 1:7979 2:4703 3:1748 4:1101 5:412 6:236 7:98 8:60 9:35 10:20 11:4 12:2 13:4 14:4 15:2 16:1
