free_word_mitm_reducedn
N=14 mask=0x3fff msb=0x2000
candidate: M0=0x3d36 mode=random-fallback fill=0x3fff kernel=dM0=dM9=0x2000
prefixes=32768/268435456 mode=permuted-prefix-sample w59_per_prefix=16384 total=536870912
run_mode=scan registry_cap=128
sample_start=160071680
scan_elapsed=18.994s rate=28.26 Mtriples/s
refine_elapsed=17.824s repair_refine_elapsed=0.000s total_elapsed=36.819s

D60 interface
  D60=0 matches: 32860 (random expectation 32768.0, enrichment 1.003x)
  prefixes with D60=0: 16503
  max D60=0 fiber per prefix: 18 at W57=0x11b9 W58=0x4a9
  largest D60 bucket: D=0x2f86 count=33814
  min D60 HW: 0
  D60 HW histogram: 0:32860 1:457403 2:2978489 3:11914504 4:32775196 5:65610913 6:98465030 7:112538577 8:98441300 9:65562016 10:32743509 11:11889539 12:2970881 13:458189 14:32506

Tail closure among D60=0 matches
  final tail collisions: 0
  best r61 HW: 15
  best r61 W1[57..59]=0x1341,0xc74,0x7a0
  best r61 W2[57..59]=0x124e,0x24a4,0x17b4
  best tail HW: 20
  best tail r61 HW: 20
  best W1[57..59]=0x2525,0x1541,0x1901
  best W2[57..59]=0x2432,0x3ad4,0x31e7

SUMMARY N=14 sample_start=160071680 prefixes=32768 total=536870912 d0=32860 best_tail=20 tail_r61=20 best_r61=15 tail_W1=0x2525,0x1541,0x1901 tail_W2=0x2432,0x3ad4,0x31e7 r61_W1=0x1341,0xc74,0x7a0 r61_W2=0x124e,0x24a4,0x17b4

Scan-only witness registry
  registry_count=128 registry_cap=128
  witness[00] tail=20 r61=19 gh60=0xb498d9a W1=0x38a5,0x1d99,0x2321 W2=0x37b2,0x167f,0x982
  witness[01] tail=20 r61=20 gh60=0x7b7849a W1=0x2525,0x1541,0x1901 W2=0x2432,0x3ad4,0x31e7
  witness[02] tail=21 r61=21 gh60=0x4ab8bba W1=0x1579,0x9e9,0x299a W2=0x1486,0x19b0,0x3312
  witness[03] tail=21 r61=22 gh60=0x5fd479e W1=0x3c8,0x141,0x2649 W2=0x2d5,0x3b57,0xd9b
  witness[04] tail=22 r61=17 gh60=0x4b2857a W1=0x1459,0x1e8,0x33fe W2=0x1366,0x3074,0x16d2
  witness[05] tail=22 r61=21 gh60=0x4b8bdaa W1=0x2e81,0x6fa,0x623 W2=0x2d8e,0x3051,0x1ad3
  witness[06] tail=22 r61=22 gh60=0x566849e W1=0x2d07,0x22e0,0x2e64 W2=0x2c14,0x21cb,0x197c
  witness[07] tail=23 r61=18 gh60=0xcad8cba W1=0x15f9,0x9c9,0x2c4c W2=0x1506,0x248,0x27ab
  witness[08] tail=23 r61=18 gh60=0xfe087ee W1=0x2b8f,0x22e0,0x3751 W2=0x2a9c,0x1bae,0x3793
  witness[09] tail=23 r61=20 gh60=0xca0cde6 W1=0x289c,0x2697,0x3daf W2=0x27a9,0x1a46,0x3e79
  witness[10] tail=23 r61=22 gh60=0xfe6c4a6 W1=0x3f4,0x348c,0x2eef W2=0x301,0x1178,0x115f
  witness[11] tail=23 r61=28 gh60=0xdae8bbe W1=0x577,0x3f42,0x2361 W2=0x484,0x37cd,0x194
  witness[12] tail=24 r61=16 gh60=0x4a1bbe6 W1=0x318b,0x33aa,0x2e7c W2=0x3098,0x2d7a,0x2640
  witness[13] tail=24 r61=22 gh60=0xcae859a W1=0xc69,0x2779,0x2fd2 W2=0xb76,0x632,0x2d17
  witness[14] tail=24 r61=24 gh60=0xcb8fca6 W1=0xf2c,0x3bb,0x296d W2=0xe39,0x256,0x21ae
  witness[15] tail=24 r61=25 gh60=0xcb7856a W1=0x34cd,0x1d5c,0x2b0b W2=0x33da,0x3f02,0x2fca

Scan-only r61 registry
  registry_count=128 registry_cap=128
  r61_witness[00] r61=15 tail=30 gh60=0x48884aa W1=0x1341,0xc74,0x7a0 W2=0x124e,0x24a4,0x17b4
  r61_witness[01] r61=15 tail=30 gh60=0x468cc9a W1=0x26ea,0xb2a,0x2bfe W2=0x25f7,0x3071,0x2425
  r61_witness[02] r61=15 tail=39 gh60=0x4907b9a W1=0x2dca,0x38b5,0x227e W2=0x2cd7,0x1342,0xabd
  r61_witness[03] r61=16 tail=24 gh60=0x4a1bbe6 W1=0x318b,0x33aa,0x2e7c W2=0x3098,0x2d7a,0x2640
  r61_witness[04] r61=16 tail=25 gh60=0x5a1cfea W1=0x378e,0x1237,0x164c W2=0x369b,0x1dcb,0x2a34
  r61_witness[05] r61=16 tail=28 gh60=0x4a284a6 W1=0xd03,0x1f72,0x16d0 W2=0xc10,0x3f6f,0xba2
  r61_witness[06] r61=16 tail=28 gh60=0x448c5aa W1=0x34be,0x3e47,0x28e4 W2=0x33cb,0xae0,0x2751
  r61_witness[07] r61=16 tail=29 gh60=0xca2849a W1=0x2a05,0x3e6e,0xac6 W2=0x2912,0x22f5,0x1844
  r61_witness[08] r61=16 tail=30 gh60=0xc608fee W1=0x179f,0x12eb,0x3be0 W2=0x16ac,0x1baa,0x2f8c
  r61_witness[09] r61=16 tail=33 gh60=0x5a844ba W1=0x19fa,0x3fa6,0xedb W2=0x1907,0x3299,0x1bfd
  r61_witness[10] r61=16 tail=35 gh60=0x4714d6e W1=0x660,0x23f0,0x3503 W2=0x56d,0xd14,0x5a6
  r61_witness[11] r61=16 tail=35 gh60=0x46885ae W1=0x246f,0x3cb1,0xc34 W2=0x237c,0x23f9,0x249d
  r61_witness[12] r61=16 tail=37 gh60=0x48a8bbe W1=0x9b7,0x1388,0xb25 W2=0x8c4,0x69f,0x57a
  r61_witness[13] r61=17 tail=26 gh60=0x3617bee W1=0x2da0,0x2ce9,0x156d W2=0x2cad,0x1a6d,0x15d7
  r61_witness[14] r61=17 tail=28 gh60=0x56887aa W1=0x371,0x1c21,0x73d W2=0x27e,0x1ce9,0x590
  r61_witness[15] r61=17 tail=29 gh60=0x4e04dfa W1=0x69a,0x9b,0x3b82 W2=0x5a7,0x32ef,0x11b5

Second-stage local refinement
  seed pool: count=128 cap=128
  top seeds: [tail20/r6119 W=0x38a5,0x1d99,0x2321] [tail20/r6120 W=0x2525,0x1541,0x1901] [tail21/r6121 W=0x1579,0x9e9,0x299a] [tail21/r6122 W=0x3c8,0x141,0x2649] [tail22/r6117 W=0x1459,0x1e8,0x33fe] [tail22/r6121 W=0x2e81,0x6fa,0x623] [tail22/r6122 W=0x2d07,0x22e0,0x2e64] [tail23/r6118 W=0x15f9,0x9c9,0x2c4c]
  budget=500000000 tested=500000000 D60=0=30604 collisions=0 seed_inserts=74 prefix_enums=30514
  D60=0 rate: 0.000061
  phase tested/D60=0: single=3108/10 double=63714/11 walk=0/0 prefix=499933178/30583
  min refined D60 HW: 0 d60=0x0 at W1[57..59]=0x2525,0x1541,0x230
  best refined tail HW: 20 (scan best 20, improvements=0)
  best refined tail W1[57..59]=0x2525,0x1541,0x1901
  best refined tail W2[57..59]=0x2432,0x3ad4,0x31e7
  best refined r61 HW: 13 (scan best 15, improvements=1)
  best refined r61 W1[57..59]=0x2730,0x6ee,0x36eb
  best refined r61 W2[57..59]=0x263d,0x334e,0x164a

D60=0 fiber histogram: 1:7951 2:4761 3:1763 4:1135 5:404 6:253 7:75 8:72 9:39 10:26 11:6 12:10 13:1 14:3 16:2 17:1 18:1
