free_word_mitm_reducedn
N=14 mask=0x3fff msb=0x2000
candidate: M0=0x3d36 mode=random-fallback fill=0x3fff kernel=dM0=dM9=0x2000
prefixes=32768/268435456 mode=permuted-prefix-sample w59_per_prefix=16384 total=536870912
run_mode=scan registry_cap=16
sample_start=229277696
scan_elapsed=18.279s rate=29.37 Mtriples/s

D60 interface
  D60=0 matches: 32657 (random expectation 32768.0, enrichment 0.997x)
  prefixes with D60=0: 16612
  max D60=0 fiber per prefix: 24 at W57=0x2f82 W58=0xd9d
  largest D60 bucket: D=0x145a count=33718
  min D60 HW: 0
  D60 HW histogram: 0:32657 1:457999 2:2980199 3:11918463 4:32786466 5:65615500 6:98443215 7:112491896 8:98415342 9:65581886 10:32773697 11:11913066 12:2972143 13:456241 14:32142

Tail closure among D60=0 matches
  final tail collisions: 0
  best r61 HW: 13
  best r61 W1[57..59]=0x35cb,0x1a62,0x10ff
  best r61 W2[57..59]=0x34d8,0x2c38,0x225c
  best tail HW: 21
  best tail r61 HW: 17
  best W1[57..59]=0x3073,0x34a2,0x2456
  best W2[57..59]=0x2f80,0x37f0,0x19f1

SUMMARY N=14 sample_start=229277696 prefixes=32768 total=536870912 d0=32657 best_tail=21 tail_r61=17 best_r61=13 tail_W1=0x3073,0x34a2,0x2456 tail_W2=0x2f80,0x37f0,0x19f1 r61_W1=0x35cb,0x1a62,0x10ff r61_W2=0x34d8,0x2c38,0x225c

Scan-only witness registry
  registry_count=16 registry_cap=16
  witness[00] tail=21 r61=17 gh60=0x4e6bda6 W1=0x3073,0x34a2,0x2456 W2=0x2f80,0x37f0,0x19f1
  witness[01] tail=23 r61=19 gh60=0xc718b6e W1=0x9df,0x1255,0x37f3 W2=0x8ec,0x460,0x2cf7
  witness[02] tail=23 r61=22 gh60=0x4b9ff66 W1=0xf64,0x1169,0x20a2 W2=0xe71,0x2646,0xaf5
  witness[03] tail=23 r61=23 gh60=0xd6684fa W1=0x3d15,0xb74,0x3488 W2=0x3c22,0x2e8,0xdc7
  witness[04] tail=23 r61=24 gh60=0xc688fa6 W1=0x77b,0x2d56,0x299e W2=0x688,0x130a,0x2543
  witness[05] tail=23 r61=24 gh60=0x3e244aa W1=0x1b02,0x2aa5,0x9e3 W2=0x1a0f,0x1fa,0x22e8
  witness[06] tail=24 r61=18 gh60=0x7b59d7e W1=0x3e57,0x34b3,0x19ad W2=0x3d64,0xea,0x218e
  witness[07] tail=24 r61=19 gh60=0x4b844a6 W1=0xafc,0x24cf,0x2992 W2=0xa09,0x369b,0x3ba4
  witness[08] tail=24 r61=30 gh60=0xdd9c5ae W1=0x2cc0,0x26f8,0x3f9f W2=0x2bcd,0xc31,0x91a
  witness[09] tail=25 r61=13 gh60=0x4b08b66 W1=0x35cb,0x1a62,0x10ff W2=0x34d8,0x2c38,0x225c
  witness[10] tail=25 r61=14 gh60=0x4e084ea W1=0x321d,0x1bf,0x3fac W2=0x312a,0x1871,0xbcd
  witness[11] tail=25 r61=18 gh60=0xc927caa W1=0xf42,0x1002,0x1a2a W2=0xe4f,0x3ed2,0x279e
  witness[12] tail=25 r61=19 gh60=0x4919b6a W1=0x215d,0x1c31,0x11fa W2=0x206a,0xc58,0x27b3
  witness[13] tail=25 r61=19 gh60=0xca385fa W1=0x2495,0x1fc0,0x3afb W2=0x23a2,0xadc,0x173d
  witness[14] tail=25 r61=20 gh60=0x4e2bd9a W1=0x1085,0x2720,0xd6e W2=0xf92,0x454,0xfb7
  witness[15] tail=25 r61=21 gh60=0x5a1ccea W1=0x260e,0xc61,0x207a W2=0x251b,0x1719,0x1e4e

Scan-only r61 registry
  registry_count=16 registry_cap=16
  r61_witness[00] r61=13 tail=25 gh60=0x4b08b66 W1=0x35cb,0x1a62,0x10ff W2=0x34d8,0x2c38,0x225c
  r61_witness[01] r61=14 tail=25 gh60=0x4e084ea W1=0x321d,0x1bf,0x3fac W2=0x312a,0x1871,0xbcd
  r61_witness[02] r61=15 tail=36 gh60=0x4a05d9a W1=0x208a,0x3741,0x2f9f W2=0x1f97,0x2062,0x2bc
  r61_witness[03] r61=16 tail=27 gh60=0xb48bcae W1=0x302f,0x2de9,0x3ce3 W2=0x2f3c,0x4d0,0x2675
  r61_witness[04] r61=16 tail=28 gh60=0x4754b9e W1=0x39c8,0xdc0,0x1a48 W2=0x38d5,0x1213,0x1bf5
  r61_witness[05] r61=16 tail=31 gh60=0x3a68ca6 W1=0x5f3,0x21a0,0x2e9f W2=0x500,0x124c,0xf92
  r61_witness[06] r61=16 tail=32 gh60=0x5609bea W1=0x1d9d,0x1adc,0xcb3 W2=0x1caa,0xa57,0x1dff
  r61_witness[07] r61=16 tail=32 gh60=0xb48bcae W1=0x302f,0x2de9,0xf2 W2=0x2f3c,0x4d0,0x2a84
  r61_witness[08] r61=16 tail=33 gh60=0xba0bbea W1=0x118d,0x2fc9,0x2841 W2=0x109a,0xf90,0x1a7f
  r61_witness[09] r61=16 tail=33 gh60=0xce844ba W1=0x22fa,0x2dcd,0x3537 W2=0x2207,0x1784,0x2a1b
  r61_witness[10] r61=16 tail=33 gh60=0x4895bae W1=0x3dc0,0x82c,0x545 W2=0x3ccd,0x128,0xefb
  r61_witness[11] r61=16 tail=34 gh60=0xca27baa W1=0x1182,0x17dc,0x2552 W2=0x108f,0x3a90,0x17b4
  r61_witness[12] r61=16 tail=36 gh60=0xc98bcaa W1=0xf41,0x2223,0xe7a W2=0xe4e,0x14ce,0x3c9
  r61_witness[13] r61=16 tail=36 gh60=0x4a0cbfa W1=0x399a,0x3acc,0x23d0 W2=0x38a7,0x3550,0x1c48
  r61_witness[14] r61=16 tail=37 gh60=0xc60bbe6 W1=0x118b,0xc35,0x15a8 W2=0x1098,0x3bfd,0x34e3
  r61_witness[15] r61=17 tail=21 gh60=0x4e6bda6 W1=0x3073,0x34a2,0x2456 W2=0x2f80,0x37f0,0x19f1

D60=0 fiber histogram: 1:8042 2:4805 3:1853 4:1084 5:403 6:212 7:74 8:72 9:24 10:20 11:6 12:5 13:1 14:6 15:1 16:2 19:1 24:1
