free_word_mitm_reducedn
N=14 mask=0x3fff msb=0x2000
candidate: M0=0x3d36 mode=random-fallback fill=0x3fff kernel=dM0=dM9=0x2000
prefixes=32768/268435456 mode=permuted-prefix-sample w59_per_prefix=16384 total=536870912
run_mode=scan registry_cap=16
sample_start=261226496
scan_elapsed=18.299s rate=29.34 Mtriples/s

D60 interface
  D60=0 matches: 32293 (random expectation 32768.0, enrichment 0.986x)
  prefixes with D60=0: 16453
  max D60=0 fiber per prefix: 26 at W57=0x31b4 W58=0x1022
  largest D60 bucket: D=0x2a1b count=33774
  min D60 HW: 0
  D60 HW histogram: 0:32293 1:455923 2:2976480 3:11917822 4:32777396 5:65629865 6:98421914 7:112489905 8:98405007 9:65580540 10:32788842 11:11923457 12:2979932 13:458660 14:32876

Tail closure among D60=0 matches
  final tail collisions: 0
  best r61 HW: 14
  best r61 W1[57..59]=0x7ba,0x1f28,0x3c0b
  best r61 W2[57..59]=0x6c7,0xd24,0x2a37
  best tail HW: 22
  best tail r61 HW: 19
  best W1[57..59]=0xc31,0x32ad,0xfe3
  best W2[57..59]=0xb3e,0x38ad,0x38d7

SUMMARY N=14 sample_start=261226496 prefixes=32768 total=536870912 d0=32293 best_tail=22 tail_r61=19 best_r61=14 tail_W1=0xc31,0x32ad,0xfe3 tail_W2=0xb3e,0x38ad,0x38d7 r61_W1=0x7ba,0x1f28,0x3c0b r61_W2=0x6c7,0xd24,0x2a37

Scan-only witness registry
  registry_count=16 registry_cap=16
  witness[00] tail=22 r61=19 gh60=0xc4884aa W1=0xc31,0x32ad,0xfe3 W2=0xb3e,0x38ad,0x38d7
  witness[01] tail=23 r61=22 gh60=0xfd68d9e W1=0x28c7,0x1ecd,0x1ac7 W2=0x27d4,0x1fdb,0x31f7
  witness[02] tail=24 r61=16 gh60=0x4a147ee W1=0x1390,0x317b,0x12d6 W2=0x129d,0x394e,0x15f7
  witness[03] tail=24 r61=22 gh60=0x4bb4daa W1=0x167e,0x395,0x2889 W2=0x158b,0x145d,0x1632
  witness[04] tail=24 r61=25 gh60=0x4a6cca6 W1=0x904,0xee1,0x16c8 W2=0x811,0x191e,0x29ef
  witness[05] tail=25 r61=19 gh60=0x4c8459a W1=0x1aaa,0x33db,0xa2c W2=0x19b7,0x2f81,0x2aa8
  witness[06] tail=25 r61=21 gh60=0x4bac7e6 W1=0x3a4,0x22a7,0x2faa W2=0x2b1,0x1017,0x2c1e
  witness[07] tail=25 r61=21 gh60=0xca8bda6 W1=0x106b,0x103e,0x1725 W2=0xf78,0x2e04,0x1641
  witness[08] tail=25 r61=21 gh60=0x488cf9a W1=0x37aa,0x332e,0xe5 W2=0x36b7,0x303d,0x2a96
  witness[09] tail=25 r61=23 gh60=0xce09fe6 W1=0x1f8b,0xed2,0x339b W2=0x1e98,0x351e,0x801
  witness[10] tail=25 r61=24 gh60=0x4af859a W1=0x12c9,0x1642,0x2329 W2=0x11d6,0x2ab,0x146b
  witness[11] tail=25 r61=25 gh60=0x4b884a6 W1=0x1b3b,0x35a6,0x104e W2=0x1a48,0x23f1,0x29a9
  witness[12] tail=25 r61=28 gh60=0x5afbda6 W1=0x30c3,0x2d08,0x3bbc W2=0x2fd0,0x33d6,0x3ba2
  witness[13] tail=26 r61=17 gh60=0x7e085ea W1=0x149d,0x2f2b,0x2b81 W2=0x13aa,0xe35,0x3643
  witness[14] tail=26 r61=18 gh60=0x49884aa W1=0x34fd,0xe84,0x28aa W2=0x340a,0x2370,0x3c46
  witness[15] tail=26 r61=19 gh60=0xcaf8b66 W1=0x25d3,0x25e2,0x2cba W2=0x24e0,0x33d4,0x2974

Scan-only r61 registry
  registry_count=16 registry_cap=16
  r61_witness[00] r61=14 tail=30 gh60=0x4884fba W1=0x7ba,0x1f28,0x3c0b W2=0x6c7,0xd24,0x2a37
  r61_witness[01] r61=15 tail=32 gh60=0x48d47ba W1=0x2bb6,0x269c,0x2a3f W2=0x2ac3,0x2763,0x2061
  r61_witness[02] r61=15 tail=35 gh60=0x5604ce6 W1=0x381c,0x11a,0x26aa W2=0x3729,0x99d,0x360d
  r61_witness[03] r61=16 tail=24 gh60=0x4a147ee W1=0x1390,0x317b,0x12d6 W2=0x129d,0x394e,0x15f7
  r61_witness[04] r61=16 tail=27 gh60=0x4608fea W1=0x2791,0x71b,0x340e W2=0x269e,0x3aa,0x12e8
  r61_witness[05] r61=16 tail=27 gh60=0x44a84ba W1=0x3435,0x181,0x1fa3 W2=0x3342,0x363f,0x2314
  r61_witness[06] r61=16 tail=29 gh60=0x3e987a6 W1=0x37b,0xc90,0xd9e W2=0x288,0x36c5,0x1b4d
  r61_witness[07] r61=16 tail=29 gh60=0x48a84a6 W1=0x3333,0x1fa9,0x1558 W2=0x3240,0x2f14,0x3f1b
  r61_witness[08] r61=16 tail=29 gh60=0x5a5449e W1=0x3c08,0x35ba,0x28fc W2=0x3b15,0x4b2,0x112b
  r61_witness[09] r61=16 tail=30 gh60=0x590bf66 W1=0x2f5b,0x310,0x1c47 W2=0x2e68,0x19bc,0xce3
  r61_witness[10] r61=16 tail=34 gh60=0x4aa5fa6 W1=0x1f74,0x2943,0x225b W2=0x1e81,0xdaa,0x15a8
  r61_witness[11] r61=16 tail=34 gh60=0x48d47ba W1=0x2bb6,0x269c,0x223f W2=0x2ac3,0x2763,0x1861
  r61_witness[12] r61=16 tail=37 gh60=0x4a884aa W1=0x23f1,0x2399,0x1117 W2=0x22fe,0x2a99,0x182a
  r61_witness[13] r61=16 tail=41 gh60=0x4a084e6 W1=0x240b,0x1a9b,0x1f8c W2=0x2318,0x57c,0x207
  r61_witness[14] r61=17 tail=26 gh60=0x7e085ea W1=0x149d,0x2f2b,0x2b81 W2=0x13aa,0xe35,0x3643
  r61_witness[15] r61=17 tail=27 gh60=0x4989ba6 W1=0x1dab,0x301d,0xd9b W2=0x1cb8,0x366f,0xcd6

D60=0 fiber histogram: 1:7882 2:4846 3:1812 4:1112 5:395 6:219 7:81 8:53 9:28 10:9 11:5 12:7 13:1 17:1 18:1 26:1
