free_word_mitm_reducedn
N=14 mask=0x3fff msb=0x2000
candidate: M0=0x3d36 mode=random-fallback fill=0x3fff kernel=dM0=dM9=0x2000
prefixes=32768/268435456 mode=permuted-prefix-sample w59_per_prefix=16384 total=536870912
run_mode=scan registry_cap=16
sample_start=23986176
scan_elapsed=14.892s rate=36.05 Mtriples/s

D60 interface
  D60=0 matches: 32553 (random expectation 32768.0, enrichment 0.993x)
  prefixes with D60=0: 16496
  max D60=0 fiber per prefix: 20 at W57=0x2f15 W58=0x38de
  largest D60 bucket: D=0x270e count=33714
  min D60 HW: 0
  D60 HW histogram: 0:32553 1:456430 2:2970496 3:11914723 4:32818259 5:65654947 6:98478900 7:112479565 8:98373251 9:65575244 10:32756055 11:11903305 12:2969548 13:455573 14:32063

Tail closure among D60=0 matches
  final tail collisions: 0
  best r61 HW: 13
  best r61 W1[57..59]=0x3447,0x1224,0x2897
  best r61 W2[57..59]=0x3354,0x3015,0x24ba
  best tail HW: 22
  best tail r61 HW: 26
  best W1[57..59]=0xa38,0x231a,0x322f
  best W2[57..59]=0x945,0x1fb9,0x127

SUMMARY N=14 sample_start=23986176 prefixes=32768 total=536870912 d0=32553 best_tail=22 tail_r61=26 best_r61=13 tail_W1=0xa38,0x231a,0x322f tail_W2=0x945,0x1fb9,0x127 r61_W1=0x3447,0x1224,0x2897 r61_W2=0x3354,0x3015,0x24ba

Scan-only witness registry
  registry_count=16 registry_cap=16
  witness[00] tail=22 r61=26 gh60=0xb5b44be W1=0xa38,0x231a,0x322f W2=0x945,0x1fb9,0x127
  witness[01] tail=23 r61=19 gh60=0xdab8baa W1=0x1581,0x32f4,0xc63 W2=0x148e,0x3ab,0x617
  witness[02] tail=24 r61=20 gh60=0xce1cdee W1=0x2690,0x333d,0x3aac W2=0x259d,0x1dfd,0x2b3e
  witness[03] tail=24 r61=23 gh60=0xde78ce6 W1=0x191b,0x3390,0x23f5 W2=0x1828,0x12,0x3347
  witness[04] tail=24 r61=23 gh60=0xb6045e6 W1=0x329c,0x133d,0x28b1 W2=0x31a9,0x35e7,0x2683
  witness[05] tail=24 r61=24 gh60=0x5ab44ae W1=0x1b00,0xb37,0x1f0a W2=0x1a0d,0xa48,0x2d5b
  witness[06] tail=24 r61=24 gh60=0xcbac4e6 W1=0x3d24,0x329a,0xdb4 W2=0x3c31,0xd1c,0x1ba0
  witness[07] tail=24 r61=26 gh60=0x7bd849a W1=0x29e9,0x27e,0x5af W2=0x28f6,0x268f,0x33ff
  witness[08] tail=25 r61=17 gh60=0x44a5cea W1=0x3e22,0x1135,0x1f3f W2=0x3d2f,0x1941,0x31de
  witness[09] tail=25 r61=18 gh60=0xcd8ccba W1=0x263a,0x3811,0x16fa W2=0x2547,0x2005,0x1569
  witness[10] tail=25 r61=18 gh60=0xbd0fd6a W1=0x305e,0x32e2,0x1be5 W2=0x2f6b,0x1da2,0x1c72
  witness[11] tail=25 r61=19 gh60=0xda284fe W1=0x1417,0x217d,0xa1d W2=0x1324,0xa5,0x30be
  witness[12] tail=25 r61=19 gh60=0xd608dea W1=0x3891,0x86a,0x1339 W2=0x379e,0x144d,0x2ef4
  witness[13] tail=25 r61=19 gh60=0xc9884a6 W1=0x3d2b,0xb35,0xe3c W2=0x3c38,0x1a90,0x2196
  witness[14] tail=25 r61=20 gh60=0x3f18b9a W1=0x5c5,0x12d2,0x3a97 W2=0x4d2,0x334,0xcad
  witness[15] tail=25 r61=21 gh60=0xb598caa W1=0x3841,0x37fa,0x28c4 W2=0x374e,0xa69,0x2f68

Scan-only r61 registry
  registry_count=16 registry_cap=16
  r61_witness[00] r61=13 tail=31 gh60=0x452849e W1=0x3447,0x1224,0x2897 W2=0x3354,0x3015,0x24ba
  r61_witness[01] r61=14 tail=27 gh60=0x4d09d66 W1=0x1edb,0x3943,0x10db W2=0x1de8,0x1503,0xa90
  r61_witness[02] r61=14 tail=27 gh60=0x4a08dea W1=0x389d,0x1221,0x2998 W2=0x37aa,0x2eec,0x16e8
  r61_witness[03] r61=14 tail=33 gh60=0x44abcba W1=0xe35,0x1678,0x2c55 W2=0xd42,0x2caf,0x3ddd
  r61_witness[04] r61=15 tail=27 gh60=0xca885ae W1=0x146f,0x3867,0x2201 W2=0x137c,0x30af,0x339a
  r61_witness[05] r61=15 tail=28 gh60=0x4e0c4ee W1=0x3520,0x21d0,0x2652 W2=0x342d,0x1ee7,0x3d16
  r61_witness[06] r61=15 tail=29 gh60=0x5708b66 W1=0x255b,0xd55,0x3adf W2=0x2468,0x131b,0x1c2f
  r61_witness[07] r61=15 tail=29 gh60=0xc608be6 W1=0x398b,0x23c8,0x254c W2=0x3898,0x3a16,0x3ebb
  r61_witness[08] r61=15 tail=30 gh60=0x4ba44aa W1=0x3232,0x7e0,0x36d8 W2=0x313f,0x1ae5,0x1361
  r61_witness[09] r61=15 tail=34 gh60=0xca0bcea W1=0x2f0d,0x3264,0x10cd W2=0x2e1a,0x2bd3,0x2c41
  r61_witness[10] r61=15 tail=37 gh60=0x3b04766 W1=0x3bdc,0x2a60,0x1942 W2=0x3ae9,0x208c,0x21a6
  r61_witness[11] r61=16 tail=27 gh60=0xca07bfa W1=0x319a,0x2d7a,0x226a W2=0x30a7,0x706,0x2a7
  r61_witness[12] r61=16 tail=27 gh60=0x5b0db6a W1=0x3dde,0xa7c,0x2838 W2=0x3ceb,0xd68,0x3f34
  r61_witness[13] r61=16 tail=28 gh60=0x3a0c4e6 W1=0x2d1c,0xd1b,0xa75 W2=0x2c29,0x3ef3,0x28b8
  r61_witness[14] r61=16 tail=29 gh60=0xc984ba6 W1=0x35bc,0x3f73,0x2cfa W2=0x34c9,0x1728,0xd4c
  r61_witness[15] r61=16 tail=31 gh60=0x5608cee W1=0x81f,0x11ae,0x2575 W2=0x72c,0x3989,0x1306

D60=0 fiber histogram: 1:8022 2:4731 3:1795 4:1091 5:391 6:246 7:80 8:70 9:26 10:21 11:3 12:5 13:4 14:3 15:1 16:1 17:3 18:2 20:1
