free_word_mitm_reducedn
N=14 mask=0x3fff msb=0x2000
candidate: M0=0x3d36 mode=random-fallback fill=0x3fff kernel=dM0=dM9=0x2000
prefixes=32768/268435456 mode=permuted-prefix-sample w59_per_prefix=16384 total=536870912
run_mode=scan registry_cap=16
sample_start=242089984
scan_elapsed=15.287s rate=35.12 Mtriples/s

D60 interface
  D60=0 matches: 33135 (random expectation 32768.0, enrichment 1.011x)
  prefixes with D60=0: 16621
  max D60=0 fiber per prefix: 16 at W57=0x2071 W58=0x3a2f
  largest D60 bucket: D=0x26b9 count=33774
  min D60 HW: 0
  D60 HW histogram: 0:33135 1:458731 2:2981413 3:11928837 4:32810500 5:65623151 6:98443615 7:112506932 8:98381833 9:65562417 10:32768178 11:11907376 12:2974226 13:457994 14:32574

Tail closure among D60=0 matches
  final tail collisions: 0
  best r61 HW: 15
  best r61 W1[57..59]=0x386b,0x7c6,0x1a13
  best r61 W2[57..59]=0x3778,0x98a,0x3b7e
  best tail HW: 18
  best tail r61 HW: 18
  best W1[57..59]=0x1870,0x36ed,0xb4a
  best W2[57..59]=0x177d,0x28a5,0xe0e

SUMMARY N=14 sample_start=242089984 prefixes=32768 total=536870912 d0=33135 best_tail=18 tail_r61=18 best_r61=15 tail_W1=0x1870,0x36ed,0xb4a tail_W2=0x177d,0x28a5,0xe0e r61_W1=0x386b,0x7c6,0x1a13 r61_W2=0x3778,0x98a,0x3b7e

Scan-only witness registry
  registry_count=16 registry_cap=16
  witness[00] tail=18 r61=18 gh60=0xce74dae W1=0x1870,0x36ed,0xb4a W2=0x177d,0x28a5,0xe0e
  witness[01] tail=21 r61=21 gh60=0xc7a8cbe W1=0x737,0x2ad8,0x791 W2=0x644,0x26b7,0x3bc
  witness[02] tail=22 r61=21 gh60=0x393876a W1=0x2bcd,0x3046,0x2590 W2=0x2ada,0x20a8,0x2e27
  witness[03] tail=23 r61=21 gh60=0xdb0876e W1=0x33df,0x2e5b,0x370a W2=0x32ec,0x3289,0xe81
  witness[04] tail=23 r61=21 gh60=0xda047e6 W1=0x3b9c,0x2ae4,0xed0 W2=0x3aa9,0x21a0,0x90d
  witness[05] tail=24 r61=18 gh60=0x496fb9e W1=0x11c8,0x664,0x35a3 W2=0x10d5,0x24bd,0x241e
  witness[06] tail=24 r61=19 gh60=0x4a384ea W1=0xa11,0x2cc1,0x3179 W2=0x91e,0x2dc7,0x3db0
  witness[07] tail=24 r61=19 gh60=0xc768fba W1=0x17b9,0x3469,0x19ee W2=0x16c6,0x284,0x2e53
  witness[08] tail=24 r61=21 gh60=0xbd04c9a W1=0x184a,0x3634,0x7eb W2=0x1757,0x2773,0xae3
  witness[09] tail=24 r61=21 gh60=0xcb15d6a W1=0x3e5e,0x1189,0x2063 W2=0x3d6b,0xd6d,0x37d2
  witness[10] tail=24 r61=27 gh60=0xffec49a W1=0x3ce6,0x16b2,0x1eda W2=0x3bf3,0xd40,0x4e9
  witness[11] tail=25 r61=15 gh60=0xc639cee W1=0x1e0f,0x30ee,0x2cb8 W2=0x1d1c,0x2155,0x1275
  witness[12] tail=25 r61=15 gh60=0x5d0856e W1=0x34df,0x308a,0x3c5e W2=0x33ec,0x2128,0x3bf4
  witness[13] tail=25 r61=16 gh60=0xd97bb9a W1=0x31c5,0x2f10,0x3a8a W2=0x30d2,0x9b4,0x1093
  witness[14] tail=25 r61=16 gh60=0x4a1c4a6 W1=0x3c04,0x12ad,0x520 W2=0x3b11,0x1ab,0x3994
  witness[15] tail=25 r61=19 gh60=0xca19ce6 W1=0x1e0b,0x319c,0x3a0f W2=0x1d18,0x1c0,0x1b17

Scan-only r61 registry
  registry_count=16 registry_cap=16
  r61_witness[00] r61=15 tail=25 gh60=0xc639cee W1=0x1e0f,0x30ee,0x2cb8 W2=0x1d1c,0x2155,0x1275
  r61_witness[01] r61=15 tail=25 gh60=0x5d0856e W1=0x34df,0x308a,0x3c5e W2=0x33ec,0x2128,0x3bf4
  r61_witness[02] r61=15 tail=28 gh60=0xc8984aa W1=0x3d3d,0x3fbd,0x3e99 W2=0x3c4a,0x15a9,0x273b
  r61_witness[03] r61=15 tail=32 gh60=0x4e88da6 W1=0x386b,0x7c6,0x1a13 W2=0x3778,0x98a,0x3b7e
  r61_witness[04] r61=15 tail=39 gh60=0xc8887a6 W1=0xbab,0x2cea,0x3e1f W2=0xab8,0x173d,0x3b0
  r61_witness[05] r61=16 tail=25 gh60=0xd97bb9a W1=0x31c5,0x2f10,0x3a8a W2=0x30d2,0x9b4,0x1093
  r61_witness[06] r61=16 tail=25 gh60=0x4a1c4a6 W1=0x3c04,0x12ad,0x520 W2=0x3b11,0x1ab,0x3994
  r61_witness[07] r61=16 tail=29 gh60=0x4a8bbaa W1=0x117d,0x2afb,0x1d5b W2=0x108a,0x9b6,0x22c8
  r61_witness[08] r61=16 tail=29 gh60=0x4d845a6 W1=0x1c7c,0xd4b,0x2638 W2=0x1b89,0x11ef,0x262e
  r61_witness[09] r61=16 tail=30 gh60=0x4638be6 W1=0x3993,0x2e42,0xeae W2=0x38a0,0x4a0,0x639
  r61_witness[10] r61=16 tail=33 gh60=0x46044e6 W1=0x341c,0x1c79,0x1100 W2=0x3329,0x293b,0x829
  r61_witness[11] r61=16 tail=36 gh60=0xce0bcee W1=0x100f,0x1647,0x3c1c W2=0xf1c,0x33b2,0x315d
  r61_witness[12] r61=16 tail=36 gh60=0xd908766 W1=0x235b,0xcf7,0x21f0 W2=0x2268,0x349c,0x489
  r61_witness[13] r61=16 tail=37 gh60=0x4a09bea W1=0x3d9d,0x1d21,0x3d3c W2=0x3caa,0xc9c,0x3415
  r61_witness[14] r61=16 tail=42 gh60=0x4e285e6 W1=0x493,0x25d,0x2dd1 W2=0x3a0,0x1728,0x170e
  r61_witness[15] r61=17 tail=26 gh60=0x78b449a W1=0x3526,0x8b6,0x1b4e W2=0x3433,0x3e42,0x3af4

D60=0 fiber histogram: 1:8089 2:4708 3:1757 4:1123 5:433 6:240 7:101 8:88 9:29 10:29 11:10 12:6 13:2 14:2 16:4
