free_word_mitm_reducedn
N=14 mask=0x3fff msb=0x2000
candidate: M0=0x3d36 mode=random-fallback fill=0x3fff kernel=dM0=dM9=0x2000
prefixes=32768/268435456 mode=permuted-prefix-sample w59_per_prefix=16384 total=536870912
run_mode=scan registry_cap=16
sample_start=74088448
scan_elapsed=12.381s rate=43.36 Mtriples/s

D60 interface
  D60=0 matches: 32453 (random expectation 32768.0, enrichment 0.990x)
  prefixes with D60=0: 16651
  max D60=0 fiber per prefix: 17 at W57=0x3362 W58=0x2f86
  largest D60 bucket: D=0x2acd count=33867
  min D60 HW: 0
  D60 HW histogram: 0:32453 1:456249 2:2975862 3:11913122 4:32803402 5:65653725 6:98474591 7:112478342 8:98375394 9:65576652 10:32756945 11:11906953 12:2976850 13:457404 14:32968

Tail closure among D60=0 matches
  final tail collisions: 0
  best r61 HW: 14
  best r61 W1[57..59]=0x172e,0x45e,0xb19
  best r61 W2[57..59]=0x163b,0x17de,0x28ac
  best tail HW: 20
  best tail r61 HW: 17
  best W1[57..59]=0x324,0x2ea4,0x4ad
  best W2[57..59]=0x231,0x222c,0x3268

SUMMARY N=14 sample_start=74088448 prefixes=32768 total=536870912 d0=32453 best_tail=20 tail_r61=17 best_r61=14 tail_W1=0x324,0x2ea4,0x4ad tail_W2=0x231,0x222c,0x3268 r61_W1=0x172e,0x45e,0xb19 r61_W2=0x163b,0x17de,0x28ac

Scan-only witness registry
  registry_count=16 registry_cap=16
  witness[00] tail=20 r61=17 gh60=0xc8a44e6 W1=0x324,0x2ea4,0x4ad W2=0x231,0x222c,0x3268
  witness[01] tail=22 r61=22 gh60=0x5b29d9a W1=0xc5,0x3ac1,0x3731 W2=0x3fd2,0x2161,0x263
  witness[02] tail=23 r61=19 gh60=0xcbb7c9e W1=0xf28,0x1000,0x1dd9 W2=0xe35,0xe71,0x39ec
  witness[03] tail=23 r61=20 gh60=0xc995cae W1=0x1f30,0x3194,0x14b4 W2=0x1e3d,0x1f74,0x2bc4
  witness[04] tail=24 r61=24 gh60=0xc7fbf66 W1=0x2f4b,0x3d50,0x2ca5 W2=0x2e58,0x140c,0x81d
  witness[05] tail=25 r61=20 gh60=0x5ce44a6 W1=0x2a34,0xcd6,0x36ec W2=0x2941,0x744,0x1f35
  witness[06] tail=25 r61=23 gh60=0x5f884a6 W1=0x1c3b,0xaca,0x3506 W2=0x1b48,0x715,0x1b7
  witness[07] tail=25 r61=25 gh60=0xc795cae W1=0x1df0,0x2fd4,0x3a8e W2=0x1cfd,0xe38,0x3358
  witness[08] tail=25 r61=25 gh60=0x5a085ea W1=0x3a9d,0x959,0x1bf W2=0x39aa,0x2663,0x3d4b
  witness[09] tail=25 r61=26 gh60=0xf9e877e W1=0x3d7,0x31d6,0x2355 W2=0x2e4,0x2a92,0x19b
  witness[10] tail=25 r61=26 gh60=0xce1bd9a W1=0x3085,0x1c2a,0x2f51 W2=0x2f92,0x315e,0x221b
  witness[11] tail=26 r61=16 gh60=0x7a07fe6 W1=0xf9c,0x56b,0x12f6 W2=0xea9,0x16a4,0x1560
  witness[12] tail=26 r61=16 gh60=0x4f1c77a W1=0x135a,0x2717,0x305c W2=0x1267,0x2de8,0x2b3c
  witness[13] tail=26 r61=20 gh60=0xccfbdaa W1=0x10ad,0x26d,0x1cf0 W2=0xfba,0x348,0x2ab0
  witness[14] tail=26 r61=20 gh60=0xc698daa W1=0x267d,0x3c5,0x1ce8 W2=0x258a,0x1398,0x2d34
  witness[15] tail=26 r61=21 gh60=0x56147ea W1=0xb9e,0x1c58,0x11ae W2=0xaab,0x201b,0x290d

Scan-only r61 registry
  registry_count=16 registry_cap=16
  r61_witness[00] r61=14 tail=30 gh60=0xc88ccaa W1=0x172e,0x45e,0xb19 W2=0x163b,0x17de,0x28ac
  r61_witness[01] r61=14 tail=33 gh60=0xc709f6a W1=0x3fdd,0xfea,0x958 W2=0x3eea,0x1f1,0x84e
  r61_witness[02] r61=14 tail=35 gh60=0x3a0bdea W1=0x2e91,0x2183,0x3b9b W2=0x2d9e,0xee6,0x2549
  r61_witness[03] r61=15 tail=34 gh60=0x462849a W1=0x2409,0x9fc,0x29d7 W2=0x2316,0x3045,0x26c
  r61_witness[04] r61=15 tail=37 gh60=0xca185e6 W1=0x3c93,0x1fbe,0xae W2=0x3ba0,0x78b,0x2f32
  r61_witness[05] r61=15 tail=39 gh60=0xde04bfa W1=0x299a,0x12c7,0xc34 W2=0x28a7,0x4b,0x2403
  r61_witness[06] r61=16 tail=26 gh60=0x7a07fe6 W1=0xf9c,0x56b,0x12f6 W2=0xea9,0x16a4,0x1560
  r61_witness[07] r61=16 tail=26 gh60=0x4f1c77a W1=0x135a,0x2717,0x305c W2=0x1267,0x2de8,0x2b3c
  r61_witness[08] r61=16 tail=27 gh60=0xd885fa6 W1=0x3fbc,0x438,0xf0 W2=0x3ec9,0x2bef,0x28f8
  r61_witness[09] r61=16 tail=30 gh60=0x3b0bb66 W1=0x2d5b,0xdbc,0x9c7 W2=0x2c68,0x708,0x352a
  r61_witness[10] r61=16 tail=30 gh60=0x4a09cee W1=0x3f1f,0x34cb,0x10eb W2=0x3e2c,0x1112,0x2948
  r61_witness[11] r61=16 tail=31 gh60=0x4608cea W1=0x190d,0x3534,0x3f90 W2=0x181a,0x92b,0x36b9
  r61_witness[12] r61=16 tail=31 gh60=0x59987a6 W1=0x1b73,0x3dc7,0x27a6 W2=0x1a80,0x381c,0x15a5
  r61_witness[13] r61=16 tail=31 gh60=0xcb54dba W1=0x36b6,0x9c0,0x1dae W2=0x35c3,0x39ac,0x1e5d
  r61_witness[14] r61=16 tail=34 gh60=0x4484c9a W1=0x62a,0x1fed,0x3ea1 W2=0x537,0x6f0,0x20eb
  r61_witness[15] r61=16 tail=34 gh60=0x562bd9a W1=0x1085,0x1e20,0x1320 W2=0xf92,0x3b54,0x47

D60=0 fiber histogram: 1:8133 2:4818 3:1818 4:1071 5:386 6:236 7:68 8:59 9:30 10:14 11:5 12:4 13:1 14:1 15:2 16:3 17:2
