free_word_mitm_reducedn
N=14 mask=0x3fff msb=0x2000
candidate: M0=0x3d36 mode=random-fallback fill=0x3fff kernel=dM0=dM9=0x2000
prefixes=32768/268435456 mode=permuted-prefix-sample w59_per_prefix=16384 total=536870912
run_mode=scan registry_cap=16
sample_start=264536064
scan_elapsed=20.247s rate=26.52 Mtriples/s

D60 interface
  D60=0 matches: 32777 (random expectation 32768.0, enrichment 1.000x)
  prefixes with D60=0: 16536
  max D60=0 fiber per prefix: 24 at W57=0x235e W58=0x26cc
  largest D60 bucket: D=0x2dd0 count=33802
  min D60 HW: 0
  D60 HW histogram: 0:32777 1:456802 2:2976954 3:11909821 4:32771947 5:65605347 6:98469249 7:112530153 8:98417747 9:65570858 10:32765813 11:11903028 12:2970862 13:457272 14:32282

Tail closure among D60=0 matches
  final tail collisions: 0
  best r61 HW: 14
  best r61 W1[57..59]=0x27ab,0x2a9a,0x1a89
  best r61 W2[57..59]=0x26b8,0x10ee,0x3956
  best tail HW: 21
  best tail r61 HW: 20
  best W1[57..59]=0x1057,0x289f,0x310f
  best W2[57..59]=0xf64,0x18ee,0x1ed

SUMMARY N=14 sample_start=264536064 prefixes=32768 total=536870912 d0=32777 best_tail=21 tail_r61=20 best_r61=14 tail_W1=0x1057,0x289f,0x310f tail_W2=0xf64,0x18ee,0x1ed r61_W1=0x27ab,0x2a9a,0x1a89 r61_W2=0x26b8,0x10ee,0x3956

Scan-only witness registry
  registry_count=16 registry_cap=16
  witness[00] tail=21 r61=20 gh60=0xcaebd7e W1=0x1057,0x289f,0x310f W2=0xf64,0x18ee,0x1ed
  witness[01] tail=23 r61=18 gh60=0xc5744ae W1=0x440,0x28dc,0x3e21 W2=0x34d,0x66d,0x11f9
  witness[02] tail=23 r61=18 gh60=0x5e1c5e6 W1=0x48c,0x3224,0x205f W2=0x399,0x2ade,0x3beb
  witness[03] tail=24 r61=16 gh60=0xca144ea W1=0x41e,0x2775,0xf8a W2=0x32b,0x31a0,0x21bd
  witness[04] tail=24 r61=19 gh60=0x57984a6 W1=0x12fb,0x1505,0x3008 W2=0x1208,0x5d2,0x13bd
  witness[05] tail=24 r61=21 gh60=0xb73c57e W1=0xad8,0x105c,0xa4c W2=0x9e5,0xd29,0x1882
  witness[06] tail=24 r61=22 gh60=0x4567cea W1=0x2e22,0x27d,0x1132 W2=0x2d2f,0x3f85,0x32a8
  witness[07] tail=24 r61=26 gh60=0xc974c9e W1=0x3728,0x351f,0x346a W2=0x3635,0x100a,0x834
  witness[08] tail=25 r61=16 gh60=0x4a5859e W1=0x1a87,0x293c,0x1339 W2=0x1994,0x3ddb,0xb2e
  witness[09] tail=25 r61=18 gh60=0x49bc4ba W1=0x536,0x3d12,0xab1 W2=0x443,0x2191,0x1fdb
  witness[10] tail=25 r61=20 gh60=0x4a1fdaa W1=0x2e82,0x1fe1,0x2153 W2=0x2d8f,0x1d4d,0x1311
  witness[11] tail=25 r61=21 gh60=0xce1c49a W1=0x3b0a,0x3fb1,0x1865 W2=0x3a17,0x383d,0x30ab
  witness[12] tail=25 r61=22 gh60=0x3958b7e W1=0x15d7,0x3697,0x2ff1 W2=0x14e4,0x3fba,0x1809
  witness[13] tail=25 r61=24 gh60=0xcfacd66 W1=0x28e4,0x17aa,0x1a6f W2=0x27f1,0x2c79,0x27df
  witness[14] tail=26 r61=18 gh60=0x56d44fe W1=0x518,0x3ee8,0x3279 W2=0x425,0x1011,0x1b73
  witness[15] tail=26 r61=18 gh60=0xce285fa W1=0x1a99,0x219a,0x14a9 W2=0x19a6,0x10ba,0x1c5e

Scan-only r61 registry
  registry_count=16 registry_cap=16
  r61_witness[00] r61=14 tail=28 gh60=0xc988fa6 W1=0x27ab,0x2a9a,0x1a89 W2=0x26b8,0x10ee,0x3956
  r61_witness[01] r61=14 tail=33 gh60=0xc609bea W1=0x219d,0x3035,0x49 W2=0x20aa,0x1cf0,0x2af2
  r61_witness[02] r61=15 tail=30 gh60=0x46084e6 W1=0x2c0b,0x14a5,0x36b6 W2=0x2b18,0x188,0x1398
  r61_witness[03] r61=16 tail=24 gh60=0xca144ea W1=0x41e,0x2775,0xf8a W2=0x32b,0x31a0,0x21bd
  r61_witness[04] r61=16 tail=25 gh60=0x4a5859e W1=0x1a87,0x293c,0x1339 W2=0x1994,0x3ddb,0xb2e
  r61_witness[05] r61=16 tail=27 gh60=0xca5449a W1=0x2a06,0x1b40,0x1105 W2=0x2913,0x3fcc,0x7ec
  r61_witness[06] r61=16 tail=27 gh60=0x461bdea W1=0x2e9d,0x8ad,0x29be W2=0x2daa,0x5fc,0x34d
  r61_witness[07] r61=16 tail=28 gh60=0x4a345fe W1=0x2498,0x5a6,0x118a W2=0x23a5,0xce7,0x1278
  r61_witness[08] r61=16 tail=29 gh60=0xc90449a W1=0x34a,0x10bb,0x3485 W2=0x257,0x3945,0x37a0
  r61_witness[09] r61=16 tail=29 gh60=0x56084e6 W1=0xb1b,0x2160,0x3c30 W2=0xa28,0x3f27,0x16a7
  r61_witness[10] r61=16 tail=30 gh60=0x488bfae W1=0xfaf,0x3d5a,0x2944 W2=0xebc,0x22b9,0x3fe4
  r61_witness[11] r61=16 tail=31 gh60=0x4d0856a W1=0x3461,0x1973,0x320 W2=0x336e,0x21f9,0x811
  r61_witness[12] r61=16 tail=31 gh60=0x49887a6 W1=0x3b7b,0x23a9,0x2fbc W2=0x3a88,0x1e5c,0x2658
  r61_witness[13] r61=16 tail=34 gh60=0xcb98ca6 W1=0x15eb,0x6c8,0x2a96 W2=0x14f8,0x26e4,0xfcf
  r61_witness[14] r61=16 tail=35 gh60=0xca884aa W1=0x2a01,0x2639,0x2feb W2=0x290e,0x2a29,0x2ff9
  r61_witness[15] r61=16 tail=35 gh60=0x4609dee W1=0x3e9f,0xb46,0x2ffe W2=0x3dac,0x3375,0x1166

D60=0 fiber histogram: 1:7958 2:4797 3:1779 4:1119 5:434 6:222 7:78 8:74 9:35 10:16 11:11 12:8 13:2 14:1 16:1 24:1
