free_word_mitm_reducedn
N=14 mask=0x3fff msb=0x2000
candidate: M0=0x3d36 mode=random-fallback fill=0x3fff kernel=dM0=dM9=0x2000
prefixes=32768/268435456 mode=permuted-prefix-sample w59_per_prefix=16384 total=536870912
run_mode=scan registry_cap=16
sample_start=138706944
scan_elapsed=19.955s rate=26.90 Mtriples/s

D60 interface
  D60=0 matches: 32559 (random expectation 32768.0, enrichment 0.994x)
  prefixes with D60=0: 16560
  max D60=0 fiber per prefix: 18 at W57=0x8af W58=0x3bfc
  largest D60 bucket: D=0x2ee0 count=33863
  min D60 HW: 0
  D60 HW histogram: 0:32559 1:458662 2:2982134 3:11938160 4:32845677 5:65648861 6:98447720 7:112452808 8:98387286 9:65558465 10:32762733 11:11896466 12:2970450 13:456051 14:32880

Tail closure among D60=0 matches
  final tail collisions: 0
  best r61 HW: 14
  best r61 W1[57..59]=0x3cdd,0x34bb,0x85f
  best r61 W2[57..59]=0x3bea,0x12d5,0x26e5
  best tail HW: 20
  best tail r61 HW: 20
  best W1[57..59]=0x25d4,0xa3e,0x1948
  best W2[57..59]=0x24e1,0x1431,0x184a

SUMMARY N=14 sample_start=138706944 prefixes=32768 total=536870912 d0=32559 best_tail=20 tail_r61=20 best_r61=14 tail_W1=0x25d4,0xa3e,0x1948 tail_W2=0x24e1,0x1431,0x184a r61_W1=0x3cdd,0x34bb,0x85f r61_W2=0x3bea,0x12d5,0x26e5

Scan-only witness registry
  registry_count=16 registry_cap=16
  witness[00] tail=20 r61=20 gh60=0x591cb66 W1=0x25d4,0xa3e,0x1948 W2=0x24e1,0x1431,0x184a
  witness[01] tail=20 r61=25 gh60=0xdf69d9a W1=0x3ec9,0x2112,0x17b1 W2=0x3dd6,0x3db6,0x103c
  witness[02] tail=21 r61=19 gh60=0x4909f66 W1=0x3f5b,0x14a7,0x654 W2=0x3e68,0x3e57,0xdd
  witness[03] tail=24 r61=14 gh60=0x58a87ba W1=0x23b5,0x19d7,0x3840 W2=0x22c2,0xca9,0x2ead
  witness[04] tail=24 r61=19 gh60=0xc558cba W1=0x1639,0x18f,0xb20 W2=0x1546,0x3992,0xb28
  witness[05] tail=24 r61=21 gh60=0x5908f66 W1=0x17db,0x447,0x1822 W2=0x16e8,0x3c79,0x97e
  witness[06] tail=24 r61=22 gh60=0xcca849a W1=0x3c25,0x3897,0x22cd W2=0x3b32,0x2edc,0x156
  witness[07] tail=25 r61=16 gh60=0x3e08bea W1=0x25a1,0x62e,0x24c7 W2=0x24ae,0x4f1,0x2e4b
  witness[08] tail=25 r61=19 gh60=0xbe15dee W1=0x2090,0x3c85,0x24a6 W2=0x1f9d,0x1ec5,0x1b56
  witness[09] tail=25 r61=22 gh60=0xcfa47a6 W1=0xb74,0x3414,0x2f0e W2=0xa81,0x1f7a,0x34ff
  witness[10] tail=25 r61=22 gh60=0x5a7bbae W1=0x117f,0x191b,0x1e05 W2=0x108c,0x379a,0x3260
  witness[11] tail=25 r61=23 gh60=0xd905b66 W1=0x1d4c,0x2f3f,0x320a W2=0x1c59,0x3398,0x1739
  witness[12] tail=25 r61=26 gh60=0xdbbfc9a W1=0x30e6,0x12cb,0x240f W2=0x2ff3,0x2bdc,0x1d69
  witness[13] tail=25 r61=30 gh60=0x7bf9b7e W1=0x2157,0x13d3,0x86e W2=0x2064,0x3f2,0x15db
  witness[14] tail=26 r61=17 gh60=0x5608bea W1=0x359d,0x25e1,0x3d3c W2=0x34aa,0x285c,0x84c
  witness[15] tail=26 r61=19 gh60=0xf928f9e W1=0x7c7,0x1126,0x38 W2=0x6d4,0x8cc,0xfbf

Scan-only r61 registry
  registry_count=16 registry_cap=16
  r61_witness[00] r61=14 tail=24 gh60=0x58a87ba W1=0x23b5,0x19d7,0x3840 W2=0x22c2,0xca9,0x2ead
  r61_witness[01] r61=14 tail=28 gh60=0x450856a W1=0x3cdd,0x34bb,0x85f W2=0x3bea,0x12d5,0x26e5
  r61_witness[02] r61=14 tail=33 gh60=0xca1859a W1=0x3285,0x7fb,0x92b W2=0x3192,0x4ec,0xa2e
  r61_witness[03] r61=15 tail=32 gh60=0xc5d8ffe W1=0x1797,0x179,0x395 W2=0x16a4,0xa48,0x248d
  r61_witness[04] r61=16 tail=25 gh60=0x3e08bea W1=0x25a1,0x62e,0x24c7 W2=0x24ae,0x4f1,0x2e4b
  r61_witness[05] r61=16 tail=29 gh60=0x54884ae W1=0x1a3f,0x2d31,0x6bb W2=0x194c,0x27c1,0x2923
  r61_witness[06] r61=16 tail=29 gh60=0x4ea8cbe W1=0x27f7,0x1cd,0x2fda W2=0x2704,0xc30,0x196
  r61_witness[07] r61=16 tail=29 gh60=0x498bfaa W1=0x2fc1,0x39d7,0x115 W2=0x2ece,0x24da,0x472
  r61_witness[08] r61=16 tail=29 gh60=0xb90ff9a W1=0x2fca,0x3606,0x1e76 W2=0x2ed7,0xe53,0x357d
  r61_witness[09] r61=16 tail=30 gh60=0xca0bcea W1=0x110d,0x744,0x1de4 W2=0x101a,0x34bb,0x142c
  r61_witness[10] r61=16 tail=32 gh60=0x4ae8dba W1=0x2675,0x1ce8,0x3600 W2=0x2582,0xd4f,0x937
  r61_witness[11] r61=16 tail=32 gh60=0xc99bbba W1=0x2db5,0x2bc2,0x3691 W2=0x2cc2,0x8d1,0x3880
  r61_witness[12] r61=16 tail=35 gh60=0x4b34b6a W1=0x5de,0x3642,0x19b6 W2=0x4eb,0x382e,0x291c
  r61_witness[13] r61=16 tail=35 gh60=0x3a04de6 W1=0x368c,0x217c,0x1ed5 W2=0x3599,0x7bb,0x5b9
  r61_witness[14] r61=17 tail=26 gh60=0x5608bea W1=0x359d,0x25e1,0x3d3c W2=0x34aa,0x285c,0x84c
  r61_witness[15] r61=17 tail=28 gh60=0x4989caa W1=0x3f41,0x1da5,0x1917 W2=0x3e4e,0x1f58,0x2de4

D60=0 fiber histogram: 1:8093 2:4784 3:1718 4:1082 5:420 6:228 7:84 8:80 9:32 10:21 11:6 12:8 13:1 14:1 15:1 18:1
