free_word_mitm_reducedn
N=14 mask=0x3fff msb=0x2000
candidate: M0=0x3d36 mode=random-fallback fill=0x3fff kernel=dM0=dM9=0x2000
prefixes=32768/268435456 mode=permuted-prefix-sample w59_per_prefix=16384 total=536870912
run_mode=scan registry_cap=16
sample_start=78249984
scan_elapsed=15.719s rate=34.16 Mtriples/s

D60 interface
  D60=0 matches: 32766 (random expectation 32768.0, enrichment 1.000x)
  prefixes with D60=0: 16569
  max D60=0 fiber per prefix: 21 at W57=0x2e01 W58=0x3243
  largest D60 bucket: D=0x29cf count=33755
  min D60 HW: 0
  D60 HW histogram: 0:32766 1:456133 2:2967378 3:11878081 4:32718320 5:65532521 6:98413125 7:112558003 8:98496055 9:65630652 10:32796803 11:11922450 12:2978826 13:456974 14:32825

Tail closure among D60=0 matches
  final tail collisions: 0
  best r61 HW: 14
  best r61 W1[57..59]=0x1bd5,0x1f80,0x2645
  best r61 W2[57..59]=0x1ae2,0x1c60,0x1769
  best tail HW: 23
  best tail r61 HW: 20
  best W1[57..59]=0xa95,0x3ebb,0x2fb5
  best W2[57..59]=0x9a2,0x27d7,0x3054

SUMMARY N=14 sample_start=78249984 prefixes=32768 total=536870912 d0=32766 best_tail=23 tail_r61=20 best_r61=14 tail_W1=0xa95,0x3ebb,0x2fb5 tail_W2=0x9a2,0x27d7,0x3054 r61_W1=0x1bd5,0x1f80,0x2645 r61_W2=0x1ae2,0x1c60,0x1769

Scan-only witness registry
  registry_count=16 registry_cap=16
  witness[00] tail=23 r61=17 gh60=0x45a8c9a W1=0x2629,0x903,0x7f1 W2=0x2536,0x3219,0x2b2e
  witness[01] tail=23 r61=19 gh60=0x39687ba W1=0x1bb9,0x4ea,0x369a W2=0x1ac6,0x15c4,0x184b
  witness[02] tail=23 r61=20 gh60=0xba285fa W1=0xa95,0x3ebb,0x2fb5 W2=0x9a2,0x27d7,0x3054
  witness[03] tail=23 r61=20 gh60=0xcaa9cbe W1=0x3ef7,0x257e,0x894 W2=0x3e04,0x245d,0x2374
  witness[04] tail=24 r61=17 gh60=0xb51857a W1=0x1a55,0x1a44,0x1c48 W2=0x1962,0x18ec,0x3cbb
  witness[05] tail=24 r61=17 gh60=0xbb28566 W1=0x32d3,0x2e25,0x1ef5 W2=0x31e0,0x2d7c,0x1303
  witness[06] tail=24 r61=22 gh60=0xd99cfa6 W1=0x7ac,0x21a8,0x2547 W2=0x6b9,0x7ed,0x109c
  witness[07] tail=24 r61=23 gh60=0xdd0856e W1=0xa4f,0x146e,0xcf1 W2=0x95c,0x3d24,0x2e3c
  witness[08] tail=25 r61=14 gh60=0x4a884ae W1=0x23ef,0x27fa,0x176e W2=0x22fc,0x171a,0x3e0e
  witness[09] tail=25 r61=15 gh60=0x4aa8cbe W1=0x38f7,0x1c4f,0x21e7 W2=0x3804,0x26ae,0x1dc3
  witness[10] tail=25 r61=18 gh60=0x76bcb66 W1=0x19e4,0x3e22,0xa4c W2=0x18f1,0x1725,0x13
  witness[11] tail=25 r61=19 gh60=0x4f3c77a W1=0x2b5a,0x346a,0x1c2d W2=0x2a67,0x293b,0x2ac4
  witness[12] tail=25 r61=20 gh60=0xc58ddae W1=0x3e70,0xdc1,0x202f W2=0x3d7d,0x33fd,0x3d9c
  witness[13] tail=25 r61=21 gh60=0x4bbc49a W1=0x19e6,0x19e0,0x78c W2=0x18f3,0xe36,0xaea
  witness[14] tail=25 r61=22 gh60=0xda08ce6 W1=0x390b,0x306b,0x1f5b W2=0x3818,0x3c01,0x140d
  witness[15] tail=25 r61=22 gh60=0x58fcba6 W1=0x39bc,0x13f4,0x1e16 W2=0x38c9,0x27a9,0xaf4

Scan-only r61 registry
  registry_count=16 registry_cap=16
  r61_witness[00] r61=14 tail=25 gh60=0x4a884ae W1=0x23ef,0x27fa,0x176e W2=0x22fc,0x171a,0x3e0e
  r61_witness[01] r61=14 tail=29 gh60=0xc91877a W1=0x1bd5,0x1f80,0x2645 W2=0x1ae2,0x1c60,0x1769
  r61_witness[02] r61=14 tail=36 gh60=0x48884aa W1=0x3d3d,0x782,0x2671 W2=0x3c4a,0x1d6e,0x3e00
  r61_witness[03] r61=15 tail=25 gh60=0x4aa8cbe W1=0x38f7,0x1c4f,0x21e7 W2=0x3804,0x26ae,0x1dc3
  r61_witness[04] r61=15 tail=28 gh60=0xca09cea W1=0x1d,0x3428,0x1ba5 W2=0x3f2a,0x365b,0x2ec1
  r61_witness[05] r61=15 tail=30 gh60=0x5a08fee W1=0x278f,0xf67,0x3334 W2=0x269c,0x436,0x3a10
  r61_witness[06] r61=15 tail=31 gh60=0x5484ca6 W1=0x182c,0x3fcf,0x3eca W2=0x1739,0x8ec,0x1310
  r61_witness[07] r61=15 tail=34 gh60=0x4d37c9e W1=0xe48,0x48f,0x34e8 W2=0xd55,0x3740,0x1b7c
  r61_witness[08] r61=16 tail=30 gh60=0x4e845ba W1=0x27a,0x477,0x171e W2=0x187,0x3006,0xf4e
  r61_witness[09] r61=16 tail=30 gh60=0x78a84e6 W1=0x1d23,0xe8b,0x3499 W2=0x1c30,0x3efc,0x3a33
  r61_witness[10] r61=16 tail=30 gh60=0x36287a6 W1=0x2383,0xdf,0x3af5 W2=0x2290,0x2cc2,0x34d2
  r61_witness[11] r61=16 tail=30 gh60=0x4a887aa W1=0x2b7d,0x279b,0x473 W2=0x2a8a,0x194f,0xa95
  r61_witness[12] r61=16 tail=31 gh60=0xca087ea W1=0x2ba1,0xc96,0x2785 W2=0x2aae,0xe58,0xc08
  r61_witness[13] r61=16 tail=32 gh60=0x4608cee W1=0x171f,0x3e34,0x1193 W2=0x162c,0x2cfb,0x3ffc
  r61_witness[14] r61=16 tail=38 gh60=0x5904b66 W1=0x35dc,0x2cf6,0x380f W2=0x34e9,0x2c1,0xee2
  r61_witness[15] r61=17 tail=23 gh60=0x45a8c9a W1=0x2629,0x903,0x7f1 W2=0x2536,0x3219,0x2b2e

D60=0 fiber histogram: 1:8053 2:4739 3:1793 4:1086 5:437 6:222 7:87 8:86 9:28 10:15 11:4 12:11 13:4 14:1 16:1 17:1 21:1
