free_word_mitm_reducedn
N=14 mask=0x3fff msb=0x2000
candidate: M0=0x3d36 mode=random-fallback fill=0x3fff kernel=dM0=dM9=0x2000
prefixes=32768/268435456 mode=permuted-prefix-sample w59_per_prefix=16384 total=536870912
run_mode=scan registry_cap=16
sample_start=211681280
scan_elapsed=18.388s rate=29.20 Mtriples/s

D60 interface
  D60=0 matches: 32260 (random expectation 32768.0, enrichment 0.984x)
  prefixes with D60=0: 16489
  max D60=0 fiber per prefix: 16 at W57=0x2962 W58=0x1296
  largest D60 bucket: D=0x11c5 count=33708
  min D60 HW: 0
  D60 HW histogram: 0:32260 1:458252 2:2978753 3:11934394 4:32818746 5:65640535 6:98447534 7:112485516 8:98415238 9:65561648 10:32743392 11:11895192 12:2970619 13:456772 14:32061

Tail closure among D60=0 matches
  final tail collisions: 0
  best r61 HW: 13
  best r61 W1[57..59]=0x128f,0x187,0x1552
  best r61 W2[57..59]=0x119c,0x3749,0x11eb
  best tail HW: 22
  best tail r61 HW: 15
  best W1[57..59]=0x2ed6,0x12ec,0x2e25
  best W2[57..59]=0x2de3,0x233c,0x137b

SUMMARY N=14 sample_start=211681280 prefixes=32768 total=536870912 d0=32260 best_tail=22 tail_r61=15 best_r61=13 tail_W1=0x2ed6,0x12ec,0x2e25 tail_W2=0x2de3,0x233c,0x137b r61_W1=0x128f,0x187,0x1552 r61_W2=0x119c,0x3749,0x11eb

Scan-only witness registry
  registry_count=16 registry_cap=16
  witness[00] tail=22 r61=15 gh60=0x4537d7a W1=0x2ed6,0x12ec,0x2e25 W2=0x2de3,0x233c,0x137b
  witness[01] tail=23 r61=20 gh60=0x4e3c5a6 W1=0x1284,0x299a,0x1436 W2=0x1191,0x2e6e,0x1193
  witness[02] tail=23 r61=20 gh60=0xdea8c9a W1=0x16e5,0x184,0x3883 W2=0x15f2,0x3716,0x2343
  witness[03] tail=23 r61=24 gh60=0x4fd9cba W1=0x3f39,0x289e,0x943 W2=0x3e46,0xadd,0x59c
  witness[04] tail=23 r61=25 gh60=0xc8ecc9a W1=0x726,0x13da,0x382 W2=0x633,0x36e9,0x3d62
  witness[05] tail=24 r61=15 gh60=0x44a84be W1=0x2c37,0x1f78,0x213a W2=0x2b44,0x2c96,0x2737
  witness[06] tail=24 r61=18 gh60=0xd4dbd9a W1=0x10a9,0x3c01,0x37d2 W2=0xfb6,0xc69,0x20f5
  witness[07] tail=24 r61=20 gh60=0x57884aa W1=0x2d41,0x7ca,0x27f9 W2=0x2c4e,0xcfa,0x2408
  witness[08] tail=24 r61=21 gh60=0xce085ea W1=0x2a9d,0x1f4f,0x981 W2=0x29aa,0x2b5d,0x27a9
  witness[09] tail=24 r61=23 gh60=0xda3849e W1=0xb07,0x2ca2,0x26a3 W2=0xa14,0x2d15,0x24bd
  witness[10] tail=24 r61=23 gh60=0xce2c5a6 W1=0x1a84,0x3727,0x26c5 W2=0x1991,0x39fd,0x2428
  witness[11] tail=24 r61=23 gh60=0x5a0db9a W1=0x3d8a,0x267a,0x1486 W2=0x3c97,0x1493,0x1d96
  witness[12] tail=24 r61=25 gh60=0xcb7bd66 W1=0x2e5b,0x4e6,0x5f6 W2=0x2d68,0xd82,0x287
  witness[13] tail=25 r61=18 gh60=0xc618de6 W1=0x269b,0x3ad5,0x1e31 W2=0x25a8,0x1103,0x1741
  witness[14] tail=25 r61=19 gh60=0xc4edc9e W1=0x1e28,0x21d1,0xb58 W2=0x1d35,0x2246,0x1f02
  witness[15] tail=25 r61=20 gh60=0xce2859a W1=0x1285,0x1b64,0x1874 W2=0x1192,0x185d,0x3297

Scan-only r61 registry
  registry_count=16 registry_cap=16
  r61_witness[00] r61=13 tail=31 gh60=0x56085ee W1=0x128f,0x187,0x1552 W2=0x119c,0x3749,0x11eb
  r61_witness[01] r61=14 tail=37 gh60=0x4908766 W1=0x23db,0x2fee,0x1cca W2=0x22e8,0x1f9b,0x3d92
  r61_witness[02] r61=15 tail=22 gh60=0x4537d7a W1=0x2ed6,0x12ec,0x2e25 W2=0x2de3,0x233c,0x137b
  r61_witness[03] r61=15 tail=24 gh60=0x44a84be W1=0x2c37,0x1f78,0x213a W2=0x2b44,0x2c96,0x2737
  r61_witness[04] r61=15 tail=33 gh60=0x4898ba6 W1=0x25ab,0x985,0x159b W2=0x24b8,0x1159,0x1cbd
  r61_witness[05] r61=16 tail=27 gh60=0x4a987aa W1=0xb7d,0x5a1,0x1446 W2=0xa8a,0x3955,0x36a8
  r61_witness[06] r61=16 tail=28 gh60=0x3884b9a W1=0x5aa,0x11db,0x2094 W2=0x4b7,0x2e,0x7a7
  r61_witness[07] r61=16 tail=29 gh60=0xca89cae W1=0x20ff,0xe5c,0x95f W2=0x200c,0x2aab,0x12f3
  r61_witness[08] r61=16 tail=29 gh60=0x4e2bc9a W1=0x2f05,0xfd4,0x1f76 W2=0x2e12,0x2720,0x25a9
  r61_witness[09] r61=16 tail=32 gh60=0x5628ca6 W1=0x3803,0x3fe7,0xacc W2=0x3710,0x1b23,0x3c6d
  r61_witness[10] r61=17 tail=27 gh60=0x461bcee W1=0x110f,0x421,0x37f7 W2=0x101c,0x117c,0x1f3e
  r61_witness[11] r61=17 tail=27 gh60=0x3a05b9a W1=0x3d8a,0x228f,0x2549 W2=0x3c97,0x10a8,0x29ad
  r61_witness[12] r61=17 tail=28 gh60=0x593476e W1=0x3b50,0x95c,0xf84 W2=0x3a5d,0x189f,0x1f6e
  r61_witness[13] r61=17 tail=29 gh60=0x5f0876a W1=0x1b4d,0x3209,0x36b W2=0x1a5a,0x375f,0x1dc5
  r61_witness[14] r61=17 tail=30 gh60=0xcad859a W1=0xcc9,0x1118,0x107 W2=0xbd6,0x2f7f,0x21ff
  r61_witness[15] r61=17 tail=30 gh60=0x4a9bbae W1=0xd6f,0x18c9,0x261c W2=0xc7c,0x3b54,0x180b

D60=0 fiber histogram: 1:8032 2:4813 3:1749 4:1053 5:397 6:237 7:82 8:64 9:16 10:24 11:12 12:4 13:1 14:3 15:1 16:1
