free_word_mitm_reducedn
N=14 mask=0x3fff msb=0x2000
candidate: M0=0x3d36 mode=random-fallback fill=0x3fff kernel=dM0=dM9=0x2000
prefixes=32768/268435456 mode=permuted-prefix-sample w59_per_prefix=16384 total=536870912
run_mode=scan registry_cap=16
sample_start=18743296
scan_elapsed=18.366s rate=29.23 Mtriples/s

D60 interface
  D60=0 matches: 32820 (random expectation 32768.0, enrichment 1.002x)
  prefixes with D60=0: 16524
  max D60=0 fiber per prefix: 24 at W57=0xf6e W58=0x255d
  largest D60 bucket: D=0x9a6 count=33746
  min D60 HW: 0
  D60 HW histogram: 0:32820 1:459029 2:2979599 3:11923957 4:32821437 5:65642391 6:98475700 7:112483991 8:98385247 9:65541419 10:32749680 11:11908884 12:2976113 13:458007 14:32638

Tail closure among D60=0 matches
  final tail collisions: 0
  best r61 HW: 13
  best r61 W1[57..59]=0x330b,0x3961,0x1aea
  best r61 W2[57..59]=0x3218,0x2d36,0x680
  best tail HW: 19
  best tail r61 HW: 16
  best W1[57..59]=0x18fe,0x905,0x3daa
  best W2[57..59]=0x180b,0x1bf5,0xce

SUMMARY N=14 sample_start=18743296 prefixes=32768 total=536870912 d0=32820 best_tail=19 tail_r61=16 best_r61=13 tail_W1=0x18fe,0x905,0x3daa tail_W2=0x180b,0x1bf5,0xce r61_W1=0x330b,0x3961,0x1aea r61_W2=0x3218,0x2d36,0x680

Scan-only witness registry
  registry_count=16 registry_cap=16
  witness[00] tail=19 r61=16 gh60=0xda94caa W1=0x18fe,0x905,0x3daa W2=0x180b,0x1bf5,0xce
  witness[01] tail=22 r61=15 gh60=0x496dfa6 W1=0x3fc4,0x3d98,0x48 W2=0x3ed1,0x257f,0x14c9
  witness[02] tail=22 r61=20 gh60=0x7928f7a W1=0x759,0x11ea,0x2c5b W2=0x666,0xe0d,0xc3
  witness[03] tail=23 r61=18 gh60=0x4b18b6a W1=0x15d1,0x2539,0x2a1c W2=0x14de,0x2f7c,0xb52
  witness[04] tail=23 r61=19 gh60=0x3f884aa W1=0x2341,0x33ca,0x388d W2=0x224e,0x3cfa,0xc00
  witness[05] tail=23 r61=24 gh60=0xbbf5b6a W1=0x1de,0x38f9,0x1b87 W2=0xeb,0x3925,0x873
  witness[06] tail=23 r61=26 gh60=0x4d2bc9e W1=0x1047,0x3509,0x118 W2=0xf54,0x35b9,0x1cca
  witness[07] tail=23 r61=28 gh60=0x3d74cba W1=0x2636,0x1a94,0x22ac W2=0x2543,0x254,0x2b3b
  witness[08] tail=23 r61=28 gh60=0xc794dae W1=0x2670,0x373f,0x72d W2=0x257d,0x1ff7,0x3781
  witness[09] tail=24 r61=19 gh60=0xcb1fb6a W1=0xdde,0x1718,0x26e1 W2=0xceb,0x608,0x157
  witness[10] tail=24 r61=26 gh60=0xddd457e W1=0xa58,0x26ad,0x3260 W2=0x965,0x2b62,0x1234
  witness[11] tail=24 r61=27 gh60=0x3bbc4a6 W1=0xc34,0x9fb,0x1ab8 W2=0xb41,0x2869,0x1eb
  witness[12] tail=25 r61=17 gh60=0x4da4566 W1=0xa64,0x344f,0x1aff W2=0x971,0x299d,0x1b3c
  witness[13] tail=25 r61=18 gh60=0x4a58c9a W1=0x1909,0x28c8,0xe31 W2=0x1816,0x1a56,0x2b80
  witness[14] tail=25 r61=19 gh60=0x36384ee W1=0x2d1f,0x63,0x2217 W2=0x2c2c,0x1ded,0x1983
  witness[15] tail=25 r61=19 gh60=0x5b38d6a W1=0x38dd,0x3772,0x22e0 W2=0x37ea,0x13cd,0x776

Scan-only r61 registry
  registry_count=16 registry_cap=16
  r61_witness[00] r61=13 tail=31 gh60=0x3a084e6 W1=0x330b,0x3961,0x1aea W2=0x3218,0x2d36,0x680
  r61_witness[01] r61=14 tail=26 gh60=0xca5449a W1=0x2506,0x29b3,0x1c35 W2=0x2413,0xffd,0x1266
  r61_witness[02] r61=15 tail=22 gh60=0x496dfa6 W1=0x3fc4,0x3d98,0x48 W2=0x3ed1,0x257f,0x14c9
  r61_witness[03] r61=15 tail=31 gh60=0x5a0bde6 W1=0x109b,0x8b6,0x1b46 W2=0xfa8,0x265e,0x958
  r61_witness[04] r61=15 tail=31 gh60=0x498c4a6 W1=0x2b3c,0xc50,0x810 W2=0x2a49,0x1b9c,0x364b
  r61_witness[05] r61=15 tail=33 gh60=0xde08de6 W1=0x368b,0x2fb,0x3f W2=0x3598,0x2d39,0x3575
  r61_witness[06] r61=15 tail=34 gh60=0xb50bd6e W1=0x104f,0x3798,0x365d W2=0xf5c,0x867,0x1a70
  r61_witness[07] r61=16 tail=19 gh60=0xda94caa W1=0x18fe,0x905,0x3daa W2=0x180b,0x1bf5,0xce
  r61_witness[08] r61=16 tail=28 gh60=0x46585be W1=0x3c77,0x3bf9,0x3245 W2=0x3b84,0x13bf,0x3b01
  r61_witness[09] r61=16 tail=28 gh60=0xcab9ca6 W1=0x3ff3,0x3e6b,0x432 W2=0x3f00,0xa99,0x265f
  r61_witness[10] r61=16 tail=29 gh60=0x468ccaa W1=0x16ee,0x33c8,0x16a9 W2=0x15fb,0x7c8,0x3e0e
  r61_witness[11] r61=16 tail=29 gh60=0x572849a W1=0x1d45,0x2602,0x2a2f W2=0x1c52,0x1c49,0x27a3
  r61_witness[12] r61=16 tail=29 gh60=0x4a09dee W1=0x1e9f,0x269a,0x17f9 W2=0x1dac,0xec9,0x1f11
  r61_witness[13] r61=16 tail=30 gh60=0xde19be6 W1=0x3d8b,0x1244,0x3 W2=0x3c98,0x1b10,0x1563
  r61_witness[14] r61=16 tail=31 gh60=0x5e084ea W1=0x20d,0x3db7,0x3b86 W2=0x11a,0x79,0x3eeb
  r61_witness[15] r61=16 tail=32 gh60=0x4908766 W1=0x1bdb,0x204c,0x2934 W2=0x1ae8,0x1c7f,0x2bd

D60=0 fiber histogram: 1:8078 2:4642 3:1833 4:1052 5:409 6:253 7:74 8:106 9:34 10:15 11:10 12:8 13:6 18:1 19:1 21:1 24:1
