free_word_mitm_reducedn
N=14 mask=0x3fff msb=0x2000
candidate: M0=0x3d36 mode=random-fallback fill=0x3fff kernel=dM0=dM9=0x2000
prefixes=32768/268435456 mode=permuted-prefix-sample w59_per_prefix=16384 total=536870912
run_mode=scan registry_cap=16
sample_start=122519552
scan_elapsed=33.432s rate=16.06 Mtriples/s

D60 interface
  D60=0 matches: 32837 (random expectation 32768.0, enrichment 1.002x)
  prefixes with D60=0: 16545
  max D60=0 fiber per prefix: 20 at W57=0x1112 W58=0x1f2a
  largest D60 bucket: D=0x947 count=33813
  min D60 HW: 0
  D60 HW histogram: 0:32837 1:457830 2:2978366 3:11913734 4:32787888 5:65612377 6:98413644 7:112493613 8:98422485 9:65575985 10:32790799 11:11925100 12:2976743 13:456992 14:32519

Tail closure among D60=0 matches
  final tail collisions: 0
  best r61 HW: 14
  best r61 W1[57..59]=0x2da4,0xbf8,0x1a38
  best r61 W2[57..59]=0x2cb1,0x969,0x9a9
  best tail HW: 21
  best tail r61 HW: 16
  best W1[57..59]=0x13d0,0x292,0x3e52
  best W2[57..59]=0x12dd,0x11d5,0x163e

SUMMARY N=14 sample_start=122519552 prefixes=32768 total=536870912 d0=32837 best_tail=21 tail_r61=16 best_r61=14 tail_W1=0x13d0,0x292,0x3e52 tail_W2=0x12dd,0x11d5,0x163e r61_W1=0x2da4,0xbf8,0x1a38 r61_W2=0x2cb1,0x969,0x9a9

Scan-only witness registry
  registry_count=16 registry_cap=16
  witness[00] tail=21 r61=16 gh60=0x491c76e W1=0x13d0,0x292,0x3e52 W2=0x12dd,0x11d5,0x163e
  witness[01] tail=21 r61=18 gh60=0x5a047e6 W1=0x3b9c,0x1c3a,0x2669 W2=0x3aa9,0x12f6,0x3c10
  witness[02] tail=23 r61=15 gh60=0x4d04d7a W1=0x8da,0x149b,0x3a07 W2=0x7e7,0x7b,0x1336
  witness[03] tail=23 r61=23 gh60=0xbd54d9a W1=0x18a6,0x1b1,0x1037 W2=0x17b3,0x2ca4,0x3c3
  witness[04] tail=23 r61=24 gh60=0x49f8ba6 W1=0x5b3,0x17a0,0x50 W2=0x4c0,0x1f84,0x2e95
  witness[05] tail=23 r61=25 gh60=0xbb1cba6 W1=0x19c4,0x3e1f,0xeba W2=0x18d1,0x1204,0x292b
  witness[06] tail=24 r61=22 gh60=0xcaa8766 W1=0x2b63,0x163f,0x33b5 W2=0x2a70,0x14,0x534
  witness[07] tail=24 r61=24 gh60=0xd598d9a W1=0x1865,0xc6b,0x3ce0 W2=0x1772,0x7dd,0x2002
  witness[08] tail=25 r61=18 gh60=0x4a08ce6 W1=0x60b,0x3275,0x1068 W2=0x518,0x197,0x379e
  witness[09] tail=25 r61=18 gh60=0xde18fa6 W1=0x1783,0x866,0x9fe W2=0x1690,0x3f4a,0x337
  witness[10] tail=25 r61=20 gh60=0xba185e6 W1=0xa9b,0xb32,0xba6 W2=0x9a8,0x1ce1,0x2e8e
  witness[11] tail=25 r61=21 gh60=0x3aefcbe W1=0xdf8,0x1db0,0x23af W2=0xd05,0x148c,0x17c4
  witness[12] tail=25 r61=21 gh60=0xd4f84aa W1=0x3a2d,0x19a7,0xc11 W2=0x393a,0x2f63,0x532
  witness[13] tail=25 r61=22 gh60=0x7b6c5aa W1=0x2c2,0x3413,0x1a83 W2=0x1cf,0x3f50,0x1f13
  witness[14] tail=25 r61=22 gh60=0x49fdcfe W1=0x2018,0x22d1,0x90 W2=0x1f25,0x1da9,0x2f92
  witness[15] tail=25 r61=27 gh60=0xcbb8fbe W1=0x1777,0x29a,0x263e W2=0x1684,0x961,0x308f

Scan-only r61 registry
  registry_count=16 registry_cap=16
  r61_witness[00] r61=14 tail=28 gh60=0xc8a7be6 W1=0x2da4,0xbf8,0x1a38 W2=0x2cb1,0x969,0x9a9
  r61_witness[01] r61=14 tail=29 gh60=0x460bbe6 W1=0x119b,0x1a7b,0x2050 W2=0x10a8,0x933,0x833
  r61_witness[02] r61=14 tail=30 gh60=0xca084ee W1=0x1b0f,0x1fa2,0x3769 W2=0x1a1c,0x13bc,0x29f6
  r61_witness[03] r61=15 tail=23 gh60=0x4d04d7a W1=0x8da,0x149b,0x3a07 W2=0x7e7,0x7b,0x1336
  r61_witness[04] r61=15 tail=27 gh60=0x4c9c4ba W1=0x23a,0x2a8c,0x16b1 W2=0x147,0xd7f,0xc3c
  r61_witness[05] r61=15 tail=28 gh60=0x4b884aa W1=0x342d,0x1078,0x1141 W2=0x333a,0x2634,0x391
  r61_witness[06] r61=15 tail=32 gh60=0x452c57a W1=0x14d6,0x27a7,0x2ef0 W2=0x13e3,0x125c,0x2b47
  r61_witness[07] r61=16 tail=21 gh60=0x491c76e W1=0x13d0,0x292,0x3e52 W2=0x12dd,0x11d5,0x163e
  r61_witness[08] r61=16 tail=30 gh60=0xca044e6 W1=0x1c0c,0x105e,0x219b W2=0x1b19,0x1e36,0x2c28
  r61_witness[09] r61=16 tail=30 gh60=0x5504566 W1=0x32cc,0x3745,0xabd W2=0x31d9,0x1a8b,0x3fdc
  r61_witness[10] r61=16 tail=33 gh60=0x4a084ee W1=0x221f,0x3fca,0x3b3a W2=0x212c,0x2964,0x3eb6
  r61_witness[11] r61=16 tail=34 gh60=0x5b845ba W1=0x27a,0x2a1d,0x425 W2=0x187,0x15ac,0x24cf
  r61_witness[12] r61=16 tail=36 gh60=0xc918766 W1=0x3cb,0x2e86,0x3d1d W2=0x2d8,0x173f,0x2d77
  r61_witness[13] r61=16 tail=38 gh60=0x460459a W1=0x48a,0x3b6f,0x1456 W2=0x397,0x29c5,0x3fcd
  r61_witness[14] r61=16 tail=39 gh60=0x4a2bda6 W1=0xe83,0x3c95,0x1ba6 W2=0xd90,0x207f,0x358
  r61_witness[15] r61=17 tail=26 gh60=0x4b1cd6e W1=0x1850,0x685,0x1ac1 W2=0x175d,0x35d1,0x1489

D60=0 fiber histogram: 1:8007 2:4733 3:1833 4:1080 5:414 6:250 7:78 8:81 9:19 10:22 11:5 12:8 13:3 14:2 15:3 16:2 18:2 19:1 20:2
