free_word_mitm_reducedn
N=14 mask=0x3fff msb=0x2000
candidate: M0=0x3d36 mode=random-fallback fill=0x3fff kernel=dM0=dM9=0x2000
prefixes=32768/268435456 mode=permuted-prefix-sample w59_per_prefix=16384 total=536870912
run_mode=scan registry_cap=16
sample_start=114130944
scan_elapsed=33.409s rate=16.07 Mtriples/s

D60 interface
  D60=0 matches: 32549 (random expectation 32768.0, enrichment 0.993x)
  prefixes with D60=0: 16539
  max D60=0 fiber per prefix: 19 at W57=0x2db W58=0xf4b
  largest D60 bucket: D=0x28f6 count=33876
  min D60 HW: 0
  D60 HW histogram: 0:32549 1:456264 2:2974238 3:11908869 4:32780575 5:65593015 6:98445675 7:112507900 8:98424917 9:65606727 10:32772013 11:11904293 12:2975108 13:456470 14:32299

Tail closure among D60=0 matches
  final tail collisions: 0
  best r61 HW: 12
  best r61 W1[57..59]=0x2071,0x185,0x9cf
  best r61 W2[57..59]=0x1f7e,0x3df0,0x1282
  best tail HW: 22
  best tail r61 HW: 20
  best W1[57..59]=0x21bc,0x1f1d,0x24f5
  best W2[57..59]=0x20c9,0x2554,0x3636

SUMMARY N=14 sample_start=114130944 prefixes=32768 total=536870912 d0=32549 best_tail=22 tail_r61=20 best_r61=12 tail_W1=0x21bc,0x1f1d,0x24f5 tail_W2=0x20c9,0x2554,0x3636 r61_W1=0x2071,0x185,0x9cf r61_W2=0x1f7e,0x3df0,0x1282

Scan-only witness registry
  registry_count=16 registry_cap=16
  witness[00] tail=22 r61=20 gh60=0x587dba6 W1=0x21bc,0x1f1d,0x24f5 W2=0x20c9,0x2554,0x3636
  witness[01] tail=22 r61=22 gh60=0x5964ca6 W1=0x3934,0x228,0x2928 W2=0x3841,0x1bd5,0x1a9a
  witness[02] tail=23 r61=21 gh60=0x7b24ba6 W1=0x5c4,0x2c5e,0x3872 W2=0x4d1,0x3443,0x3899
  witness[03] tail=24 r61=15 gh60=0x4e28cfa W1=0x919,0x3c4d,0x309 W2=0x826,0x1c84,0x3ef
  witness[04] tail=24 r61=17 gh60=0xcf87b9a W1=0x11aa,0xf90,0x1d47 W2=0x10b7,0x2d9d,0x23c1
  witness[05] tail=24 r61=20 gh60=0xc8adcaa W1=0x2132,0x35ed,0x262c W2=0x203f,0x39b1,0x28ec
  witness[06] tail=25 r61=16 gh60=0xca0c5ea W1=0x349e,0xa70,0x18ec W2=0x33ab,0x177f,0x3dd6
  witness[07] tail=25 r61=24 gh60=0xceec4be W1=0xcf8,0x3181,0x84e W2=0xc05,0x124,0x1b0c
  witness[08] tail=25 r61=24 gh60=0xd8b44aa W1=0x133e,0x2112,0x1185 W2=0x124b,0x3903,0x3f68
  witness[09] tail=25 r61=24 gh60=0xd7945aa W1=0x3aae,0x2093,0x1577 W2=0x39bb,0x2e3c,0x3283
  witness[10] tail=25 r61=26 gh60=0x46b8caa W1=0x16ed,0x2794,0x2c1 W2=0x15fa,0x3b8f,0x3fd7
  witness[11] tail=25 r61=26 gh60=0xcbafbbe W1=0x2d78,0x3298,0x1396 W2=0x2c85,0x202c,0x34dc
  witness[12] tail=25 r61=28 gh60=0xb4a85a6 W1=0x32b3,0x80d,0x1ca0 W2=0x31c0,0xb50,0x1edc
  witness[13] tail=26 r61=18 gh60=0x4e5849a W1=0x1309,0x3d59,0x3a49 W2=0x1216,0x3666,0x2d58
  witness[14] tail=26 r61=19 gh60=0xca084ea W1=0xa0d,0x30da,0x563 W2=0x91a,0x321c,0x7c4
  witness[15] tail=26 r61=20 gh60=0x5799d9a W1=0x2065,0x33e3,0x3f64 W2=0x1f72,0x1ed3,0x296d

Scan-only r61 registry
  registry_count=16 registry_cap=16
  r61_witness[00] r61=12 tail=36 gh60=0x4d89daa W1=0x2071,0x185,0x9cf W2=0x1f7e,0x3df0,0x1282
  r61_witness[01] r61=13 tail=37 gh60=0x4a084ea W1=0xa11,0x3417,0x7c8 W2=0x91e,0x351d,0x786
  r61_witness[02] r61=14 tail=32 gh60=0x4e084ea W1=0xc1d,0x22c,0x1c56 W2=0xb2a,0x5e2,0x1a0f
  r61_witness[03] r61=15 tail=24 gh60=0x4e28cfa W1=0x919,0x3c4d,0x309 W2=0x826,0x1c84,0x3ef
  r61_witness[04] r61=15 tail=27 gh60=0x4b18f6a W1=0x761,0x3dfa,0x39c6 W2=0x66e,0x390d,0x136d
  r61_witness[05] r61=15 tail=29 gh60=0x4898faa W1=0x7ad,0xf18,0x23c9 W2=0x6ba,0x3d2b,0x232
  r61_witness[06] r61=15 tail=33 gh60=0x46085ea W1=0x249d,0x39a1,0x1181 W2=0x23aa,0x5af,0x1e26
  r61_witness[07] r61=15 tail=36 gh60=0x4898ce6 W1=0x723,0x1e12,0x2611 W2=0x630,0x1748,0xc8c
  r61_witness[08] r61=16 tail=25 gh60=0xca0c5ea W1=0x349e,0xa70,0x18ec W2=0x33ab,0x177f,0x3dd6
  r61_witness[09] r61=16 tail=27 gh60=0x5a84cba W1=0x26fa,0x9f0,0x14f8 W2=0x2607,0x2e28,0x766
  r61_witness[10] r61=16 tail=27 gh60=0x788c49a W1=0x3d2a,0x20d6,0x282 W2=0x3c37,0x1714,0x2e96
  r61_witness[11] r61=16 tail=29 gh60=0x4888bae W1=0x15bf,0x165c,0x37f W2=0x14cc,0x1e63,0x3f8c
  r61_witness[12] r61=16 tail=29 gh60=0xce58cba W1=0x38f9,0x379e,0x3e94 W2=0x3806,0x29dd,0x323f
  r61_witness[13] r61=16 tail=29 gh60=0xd909b66 W1=0x3d4b,0x3849,0x1473 W2=0x3c58,0x4a9,0x1bd4
  r61_witness[14] r61=16 tail=30 gh60=0x4b28f7a W1=0x27d9,0x3897,0x364f W2=0x26e6,0x34ba,0xcbd
  r61_witness[15] r61=16 tail=31 gh60=0xd51456e W1=0x2250,0x325b,0x2416 W2=0x215d,0xe8a,0x1a09

D60=0 fiber histogram: 1:7993 2:4865 3:1745 4:1080 5:410 6:220 7:88 8:77 9:20 10:18 11:4 12:5 13:4 14:5 15:1 16:2 17:1 19:1
