free_word_mitm_reducedn
N=14 mask=0x3fff msb=0x2000
candidate: M0=0x3d36 mode=random-fallback fill=0x3fff kernel=dM0=dM9=0x2000
prefixes=32768/268435456 mode=permuted-prefix-sample w59_per_prefix=16384 total=536870912
run_mode=scan registry_cap=16
sample_start=38633472
scan_elapsed=32.957s rate=16.29 Mtriples/s

D60 interface
  D60=0 matches: 32689 (random expectation 32768.0, enrichment 0.998x)
  prefixes with D60=0: 16473
  max D60=0 fiber per prefix: 22 at W57=0x1ee7 W58=0x183b
  largest D60 bucket: D=0x2d42 count=33752
  min D60 HW: 0
  D60 HW histogram: 0:32689 1:454971 2:2968635 3:11906378 4:32759253 5:65552904 6:98380963 7:112480875 8:98440554 9:65642560 10:32833039 11:11940526 12:2985284 13:459603 14:32678

Tail closure among D60=0 matches
  final tail collisions: 0
  best r61 HW: 14
  best r61 W1[57..59]=0x24a1,0x2de,0x80e
  best r61 W2[57..59]=0x23ae,0x3ef0,0xdf0
  best tail HW: 21
  best tail r61 HW: 16
  best W1[57..59]=0x1bae,0x2ea3,0x2ffd
  best W2[57..59]=0x1abb,0x3fec,0x278d

SUMMARY N=14 sample_start=38633472 prefixes=32768 total=536870912 d0=32689 best_tail=21 tail_r61=16 best_r61=14 tail_W1=0x1bae,0x2ea3,0x2ffd tail_W2=0x1abb,0x3fec,0x278d r61_W1=0x24a1,0x2de,0x80e r61_W2=0x23ae,0x3ef0,0xdf0

Scan-only witness registry
  registry_count=16 registry_cap=16
  witness[00] tail=21 r61=16 gh60=0x78b47aa W1=0x1bae,0x2ea3,0x2ffd W2=0x1abb,0x3fec,0x278d
  witness[01] tail=22 r61=20 gh60=0x4b0dd66 W1=0x3ecc,0x3164,0x30cc W2=0x3dd9,0x52d,0x154
  witness[02] tail=24 r61=18 gh60=0x7aa45a6 W1=0x274,0x1b61,0x663 W2=0x181,0xe25,0x30c9
  witness[03] tail=24 r61=20 gh60=0xc887b9a W1=0xdaa,0xcd4,0x1f8b W2=0xcb7,0x2f21,0x2ea3
  witness[04] tail=25 r61=20 gh60=0xc5b84be W1=0x1bf7,0x228d,0x2ec5 W2=0x1b04,0x2b,0x241
  witness[05] tail=25 r61=20 gh60=0xf8adfaa W1=0x1fb2,0x36b1,0x1023 W2=0x1ebf,0x26bd,0xf64
  witness[06] tail=25 r61=20 gh60=0xca64fa6 W1=0x3784,0x1c10,0x2596 W2=0x3691,0x1305,0x1c4e
  witness[07] tail=25 r61=20 gh60=0x46345fe W1=0x3c98,0x3341,0x26ec W2=0x3ba5,0x702,0x2e2c
  witness[08] tail=25 r61=22 gh60=0x7b08b6a W1=0x15e1,0x21ae,0x1c97 W2=0x14ee,0x2be5,0x1493
  witness[09] tail=25 r61=23 gh60=0xba88dae W1=0x186f,0x1664,0x194f W2=0x177c,0x82b,0xc55
  witness[10] tail=25 r61=24 gh60=0xdad9b9e W1=0x187,0x35a,0xe6c W2=0x94,0x392e,0x117f
  witness[11] tail=25 r61=25 gh60=0xd93c77a W1=0x23da,0x27a5,0x2a6f W2=0x22e7,0x127e,0x3a78
  witness[12] tail=25 r61=26 gh60=0xc8fcb66 W1=0x295c,0x115b,0x3aa1 W2=0x2869,0xf22,0xbe3
  witness[13] tail=25 r61=26 gh60=0xbbb8ca6 W1=0x372b,0xb86,0xfeb W2=0x3638,0x3722,0x2c32
  witness[14] tail=26 r61=16 gh60=0xd904b7a W1=0x9da,0x36b5,0x2aa4 W2=0x8e7,0x23a5,0x3f39
  witness[15] tail=26 r61=18 gh60=0xfe8459a W1=0x26a,0x353e,0x1f87 W2=0x177,0x21de,0xc52

Scan-only r61 registry
  registry_count=16 registry_cap=16
  r61_witness[00] r61=14 tail=31 gh60=0x4a085ea W1=0x24a1,0x2de,0x80e W2=0x23ae,0x3ef0,0xdf0
  r61_witness[01] r61=15 tail=30 gh60=0x452bc9a W1=0x2e45,0x36b7,0x1a03 W2=0x2d52,0x1543,0x2203
  r61_witness[02] r61=15 tail=31 gh60=0x4e24daa W1=0x1682,0x3843,0x1cf3 W2=0x158f,0x192f,0x162f
  r61_witness[03] r61=16 tail=21 gh60=0x78b47aa W1=0x1bae,0x2ea3,0x2ffd W2=0x1abb,0x3fec,0x278d
  r61_witness[04] r61=16 tail=26 gh60=0xd904b7a W1=0x9da,0x36b5,0x2aa4 W2=0x8e7,0x23a5,0x3f39
  r61_witness[05] r61=16 tail=27 gh60=0xc884c9a W1=0x272a,0x3ab7,0x243c W2=0x2637,0x1f82,0x2e64
  r61_witness[06] r61=16 tail=29 gh60=0x4a6849a W1=0xce9,0x1481,0x1b27 W2=0xbf6,0x3b4a,0x104b
  r61_witness[07] r61=16 tail=31 gh60=0x48887aa W1=0xbb1,0x2111,0x8e3 W2=0xabe,0x2369,0x2a75
  r61_witness[08] r61=16 tail=31 gh60=0xca87ca6 W1=0x30fc,0x184,0x1b88 W2=0x3009,0x1917,0x1b0a
  r61_witness[09] r61=16 tail=32 gh60=0x49b84ba W1=0x2539,0x156e,0x25bb W2=0x2446,0x3c2c,0xc19
  r61_witness[10] r61=16 tail=33 gh60=0x450856a W1=0x451,0x2c8e,0x2f18 W2=0x35e,0x2924,0x3558
  r61_witness[11] r61=16 tail=34 gh60=0xc608dee W1=0x169f,0x4a3,0x19b3 W2=0x15ac,0x3f52,0x38e3
  r61_witness[12] r61=16 tail=35 gh60=0x4a68566 W1=0x2263,0x1aad,0x3314 W2=0x2170,0xbf4,0x2b3d
  r61_witness[13] r61=16 tail=36 gh60=0x5984ca6 W1=0x192c,0x78f,0x228f W2=0x1839,0xac,0x2a6f
  r61_witness[14] r61=16 tail=36 gh60=0x4a084ea W1=0x1a21,0x29fb,0x273 W2=0x192e,0xf1,0x35a5
  r61_witness[15] r61=17 tail=27 gh60=0xde04ffa W1=0x79a,0x2edb,0x1507 W2=0x6a7,0x1f5f,0x12d2

D60=0 fiber histogram: 1:7937 2:4771 3:1783 4:1087 5:438 6:239 7:72 8:73 9:25 10:26 11:4 12:6 13:1 14:2 15:1 16:3 17:1 18:2 21:1 22:1
