free_word_mitm_reducedn
N=14 mask=0x3fff msb=0x2000
candidate: M0=0x3d36 mode=random-fallback fill=0x3fff kernel=dM0=dM9=0x2000
prefixes=32768/268435456 mode=permuted-prefix-sample w59_per_prefix=16384 total=536870912
run_mode=scan registry_cap=16
sample_start=88965120
scan_elapsed=33.344s rate=16.10 Mtriples/s

D60 interface
  D60=0 matches: 32337 (random expectation 32768.0, enrichment 0.987x)
  prefixes with D60=0: 16488
  max D60=0 fiber per prefix: 24 at W57=0x1ef5 W58=0x571
  largest D60 bucket: D=0xb4a count=33727
  min D60 HW: 0
  D60 HW histogram: 0:32337 1:456621 2:2973481 3:11902481 4:32765802 5:65604359 6:98441063 7:112492426 8:98430750 9:65602243 10:32782917 11:11918483 12:2977674 13:457446 14:32829

Tail closure among D60=0 matches
  final tail collisions: 0
  best r61 HW: 15
  best r61 W1[57..59]=0xb06,0x2059,0x2d17
  best r61 W2[57..59]=0xa13,0x8ad,0xb21
  best tail HW: 22
  best tail r61 HW: 15
  best W1[57..59]=0xb06,0x2059,0x2d17
  best W2[57..59]=0xa13,0x8ad,0xb21

SUMMARY N=14 sample_start=88965120 prefixes=32768 total=536870912 d0=32337 best_tail=22 tail_r61=15 best_r61=15 tail_W1=0xb06,0x2059,0x2d17 tail_W2=0xa13,0x8ad,0xb21 r61_W1=0xb06,0x2059,0x2d17 r61_W2=0xa13,0x8ad,0xb21

Scan-only witness registry
  registry_count=16 registry_cap=16
  witness[00] tail=22 r61=15 gh60=0x363c49a W1=0xb06,0x2059,0x2d17 W2=0xa13,0x8ad,0xb21
  witness[01] tail=23 r61=17 gh60=0x4a0cbee W1=0x990,0x52b,0x654 W2=0x89d,0x3bbb,0xe68
  witness[02] tail=23 r61=24 gh60=0xcdbc4ba W1=0x1bfa,0x33eb,0x2a62 W2=0x1b07,0x295e,0x33ae
  witness[03] tail=24 r61=17 gh60=0x5928b7e W1=0x5d7,0x149b,0x3241 W2=0x4e4,0xab6,0x2f39
  witness[04] tail=24 r61=18 gh60=0xb6685ba W1=0x2a79,0x1fd5,0x2626 W2=0x2986,0x3aff,0x34f8
  witness[05] tail=24 r61=19 gh60=0x4b8bcaa W1=0x3141,0x321c,0x76f W2=0x304e,0x28cf,0x1a37
  witness[06] tail=24 r61=19 gh60=0xbe084e6 W1=0x321b,0x3392,0x2295 W2=0x3128,0x1263,0x349c
  witness[07] tail=24 r61=20 gh60=0x48f479e W1=0x3ba8,0x3df1,0x3975 W2=0x3ab5,0x7cb,0x12a0
  witness[08] tail=24 r61=21 gh60=0x4e78c9e W1=0x1707,0x286c,0x1c06 W2=0x1614,0x341a,0x3ae8
  witness[09] tail=24 r61=24 gh60=0x4c98daa W1=0x16b1,0x2d40,0x2d91 W2=0x15be,0x3c97,0xd26
  witness[10] tail=25 r61=19 gh60=0xc598caa W1=0x62d,0xbdc,0x254d W2=0x53a,0x1417,0x3cc4
  witness[11] tail=25 r61=21 gh60=0x5dafcbe W1=0x1038,0x3d8a,0x1303 W2=0xf45,0x29e6,0x3515
  witness[12] tail=25 r61=21 gh60=0x4f3bd7a W1=0x3055,0x7f4,0x20a4 W2=0x2f62,0x223f,0x1d48
  witness[13] tail=25 r61=21 gh60=0x5a144ea W1=0x350e,0x3ab3,0x16f W2=0x341b,0x10be,0xf4
  witness[14] tail=25 r61=24 gh60=0xd49cdea W1=0x28a2,0x3579,0x3bef W2=0x27af,0xf1,0x2ea2
  witness[15] tail=25 r61=25 gh60=0xde5cbbe W1=0x2578,0x270b,0x98d W2=0x2485,0x1fa7,0x354d

Scan-only r61 registry
  registry_count=16 registry_cap=16
  r61_witness[00] r61=15 tail=22 gh60=0x363c49a W1=0xb06,0x2059,0x2d17 W2=0xa13,0x8ad,0xb21
  r61_witness[01] r61=15 tail=34 gh60=0x38abbba W1=0xdb9,0x23fe,0x1f77 W2=0xcc6,0x1b59,0x14a4
  r61_witness[02] r61=16 tail=27 gh60=0x5a0bcea W1=0x100d,0x3ff4,0x3be6 W2=0xf1a,0x2d3b,0x2576
  r61_witness[03] r61=16 tail=28 gh60=0xcc9fdea W1=0x10a2,0x4fc,0x3885 W2=0xfaf,0x1ec,0x1bac
  r61_witness[04] r61=16 tail=28 gh60=0x5a95cae W1=0x1f00,0x1d5e,0x1add W2=0x1e0d,0x7ae,0xb63
  r61_witness[05] r61=16 tail=29 gh60=0x3929b7a W1=0x3d55,0x206c,0x1445 W2=0x3c62,0xc6f,0x2baa
  r61_witness[06] r61=16 tail=30 gh60=0x4485dba W1=0x1eba,0x3ae7,0x1652 W2=0x1dc7,0x2d43,0x1574
  r61_witness[07] r61=16 tail=31 gh60=0x4988ba6 W1=0x56b,0x2995,0x2452 W2=0x478,0x31d9,0xcf4
  r61_witness[08] r61=16 tail=31 gh60=0xc938b7a W1=0x25d9,0x3639,0x168a W2=0x24e6,0x347c,0x1b00
  r61_witness[09] r61=16 tail=31 gh60=0x4a14cea W1=0x291e,0x315e,0x3d11 W2=0x282b,0x355a,0x3142
  r61_witness[10] r61=16 tail=32 gh60=0xcd58c9a W1=0x2829,0x71c,0x1cbb W2=0x2736,0x2a32,0x2723
  r61_witness[11] r61=16 tail=33 gh60=0xd6084ee W1=0x21f,0x11ea,0xf0a W2=0x12c,0x3d84,0x2146
  r61_witness[12] r61=16 tail=33 gh60=0x449c5ba W1=0x2cba,0x11a3,0x3f9d W2=0x2bc7,0x3ebe,0x3d7c
  r61_witness[13] r61=16 tail=37 gh60=0xc51456a W1=0xc5e,0x3972,0x291e W2=0xb6b,0x3075,0x347b
  r61_witness[14] r61=16 tail=37 gh60=0x4a08bea W1=0x199d,0x1fb1,0x17c8 W2=0x18aa,0x1e6c,0x2b04
  r61_witness[15] r61=16 tail=37 gh60=0xc608ce6 W1=0x390b,0x31fc,0x13d9 W2=0x3818,0x3d92,0x908

D60=0 fiber histogram: 1:8005 2:4798 3:1768 4:1107 5:377 6:225 7:86 8:61 9:20 10:17 11:9 12:5 13:1 14:2 16:4 19:1 22:1 24:1
