free_word_mitm_reducedn
N=14 mask=0x3fff msb=0x2000
candidate: M0=0x3d36 mode=random-fallback fill=0x3fff kernel=dM0=dM9=0x2000
prefixes=32768/268435456 mode=permuted-prefix-sample w59_per_prefix=16384 total=536870912
run_mode=scan registry_cap=16
sample_start=204472320
scan_elapsed=19.317s rate=27.79 Mtriples/s

D60 interface
  D60=0 matches: 33004 (random expectation 32768.0, enrichment 1.007x)
  prefixes with D60=0: 16598
  max D60=0 fiber per prefix: 22 at W57=0x1c52 W58=0x2527
  largest D60 bucket: D=0x2ebb count=33964
  min D60 HW: 0
  D60 HW histogram: 0:33004 1:458550 2:2981714 3:11915664 4:32781249 5:65599961 6:98408374 7:112473049 8:98411336 9:65607523 10:32798789 11:11924225 12:2985081 13:459438 14:32955

Tail closure among D60=0 matches
  final tail collisions: 0
  best r61 HW: 14
  best r61 W1[57..59]=0x17cb,0x899,0xf44
  best r61 W2[57..59]=0x16d8,0x3fd7,0x1f13
  best tail HW: 19
  best tail r61 HW: 18
  best W1[57..59]=0x1cf1,0x143d,0x2642
  best W2[57..59]=0x1bfe,0x29fd,0x493

SUMMARY N=14 sample_start=204472320 prefixes=32768 total=536870912 d0=33004 best_tail=19 tail_r61=18 best_r61=14 tail_W1=0x1cf1,0x143d,0x2642 tail_W2=0x1bfe,0x29fd,0x493 r61_W1=0x17cb,0x899,0xf44 r61_W2=0x16d8,0x3fd7,0x1f13

Scan-only witness registry
  registry_count=16 registry_cap=16
  witness[00] tail=19 r61=18 gh60=0x3e884aa W1=0x1cf1,0x143d,0x2642 W2=0x1bfe,0x29fd,0x493
  witness[01] tail=21 r61=20 gh60=0x3715b6a W1=0x3dde,0x360f,0x3e24 W2=0x3ceb,0x38fb,0xf9c
  witness[02] tail=22 r61=21 gh60=0xd6885ae W1=0x2a7f,0x20f8,0x38e9 W2=0x298c,0x530,0x1a8
  witness[03] tail=22 r61=22 gh60=0x59b47ba W1=0x13b6,0x39f7,0x32a0 W2=0x12c3,0xcc2,0x41b
  witness[04] tail=22 r61=22 gh60=0x3718b6e W1=0x35df,0x1a4c,0x3e3f W2=0x34ec,0x1c5b,0x2eb
  witness[05] tail=22 r61=24 gh60=0x4bec4be W1=0x3a38,0x27d1,0x2bb9 W2=0x3945,0x3474,0x22b1
  witness[06] tail=23 r61=20 gh60=0xd9947aa W1=0x137e,0xe0,0x16ac W2=0x128b,0x13a9,0x3ebc
  witness[07] tail=23 r61=22 gh60=0xc92dc9a W1=0x1f46,0x1e12,0xa21 W2=0x1e53,0x4df,0x9ae
  witness[08] tail=24 r61=17 gh60=0xbb19d6a W1=0x4d,0x3ad2,0x15e7 W2=0x3f5a,0xa1,0x1690
  witness[09] tail=24 r61=19 gh60=0xc91c766 W1=0x35c,0x2074,0x1e7a W2=0x269,0xe22,0x2064
  witness[10] tail=24 r61=19 gh60=0x7a84bba W1=0x297a,0x29c2,0x3cd5 W2=0x2887,0x1552,0x1676
  witness[11] tail=24 r61=21 gh60=0xdb985a6 W1=0x3c73,0x3aa4,0x3eff W2=0x3b80,0x2279,0x3665
  witness[12] tail=24 r61=23 gh60=0xdb9c4aa W1=0x3afe,0x1140,0x19b7 W2=0x3a0b,0x2a31,0x930
  witness[13] tail=24 r61=25 gh60=0x4fe7cea W1=0xf12,0x933,0xbd W2=0xe1f,0x3883,0x2a82
  witness[14] tail=24 r61=26 gh60=0x7baddba W1=0x3e76,0xc8a,0x3a0 W2=0x3d83,0x2b62,0x3bff
  witness[15] tail=25 r61=16 gh60=0xc504d7a W1=0x365a,0x2467,0x3599 W2=0x3567,0x224f,0xe0e

Scan-only r61 registry
  registry_count=16 registry_cap=16
  r61_witness[00] r61=14 tail=26 gh60=0x7b08f66 W1=0x17cb,0x899,0xf44 W2=0x16d8,0x3fd7,0x1f13
  r61_witness[01] r61=15 tail=26 gh60=0x4d1856e W1=0x3adf,0x214c,0x15c9 W2=0x39ec,0xe0a,0x2c0e
  r61_witness[02] r61=15 tail=34 gh60=0x4a0bcea W1=0x2f21,0x2e28,0x39d8 W2=0x2e2e,0x274b,0x2e
  r61_witness[03] r61=16 tail=25 gh60=0xc504d7a W1=0x365a,0x2467,0x3599 W2=0x3567,0x224f,0xe0e
  r61_witness[04] r61=16 tail=27 gh60=0x4907b66 W1=0x314c,0x2c31,0x138e W2=0x3059,0x218e,0x9f5
  r61_witness[05] r61=16 tail=28 gh60=0xca044fa W1=0x2c1a,0xb15,0x254e W2=0x2b27,0x3482,0x3157
  r61_witness[06] r61=16 tail=28 gh60=0x48887aa W1=0x33c1,0x17c4,0xf3b W2=0x32ce,0x280c,0x7c1
  r61_witness[07] r61=16 tail=28 gh60=0x4b2c59e W1=0x34c8,0x2ab8,0x9b6 W2=0x33d5,0xca,0x12d5
  r61_witness[08] r61=16 tail=28 gh60=0x5a94cae W1=0x3800,0x2e47,0x2307 W2=0x370d,0x1917,0xc23
  r61_witness[09] r61=16 tail=29 gh60=0xdf1857a W1=0x455,0x61d,0x227a W2=0x362,0x32ad,0xb72
  r61_witness[10] r61=16 tail=29 gh60=0x4a047e6 W1=0x1b8c,0x3bb8,0x3455 W2=0x1a99,0x3588,0x1550
  r61_witness[11] r61=16 tail=29 gh60=0x5489daa W1=0x20bd,0x271f,0x4b7 W2=0x1fca,0x2ee6,0x268c
  r61_witness[12] r61=16 tail=31 gh60=0x5b2cf66 W1=0x7d4,0x21d8,0xb41 W2=0x6e1,0x223,0x14f6
  r61_witness[13] r61=16 tail=31 gh60=0x4e385e6 W1=0x2a9b,0x3f79,0x4f2 W2=0x29a8,0x1328,0x3815
  r61_witness[14] r61=16 tail=31 gh60=0x4a0bce6 W1=0x2f0b,0x328d,0x37ef W2=0x2e18,0x3b9d,0x32e
  r61_witness[15] r61=16 tail=33 gh60=0xf4845a6 W1=0x1abc,0x3011,0x2cfd W2=0x19c9,0x1245,0x3d92

D60=0 fiber histogram: 1:7991 2:4759 3:1830 4:1134 5:429 6:219 7:90 8:72 9:27 10:18 11:11 12:7 13:3 14:2 16:3 19:1 20:1 22:1
