free_word_mitm_reducedn
N=14 mask=0x3fff msb=0x2000
candidate: M0=0x3d36 mode=random-fallback fill=0x3fff kernel=dM0=dM9=0x2000
prefixes=32768/268435456 mode=permuted-prefix-sample w59_per_prefix=16384 total=536870912
run_mode=scan registry_cap=16
sample_start=206209024
scan_elapsed=19.480s rate=27.56 Mtriples/s

D60 interface
  D60=0 matches: 32893 (random expectation 32768.0, enrichment 1.004x)
  prefixes with D60=0: 16624
  max D60=0 fiber per prefix: 20 at W57=0xb35 W58=0x1845
  largest D60 bucket: D=0x2e72 count=33827
  min D60 HW: 0
  D60 HW histogram: 0:32893 1:456281 2:2970984 3:11888705 4:32743775 5:65589180 6:98474568 7:112577609 8:98455987 9:65573459 10:32749233 11:11899559 12:2969874 13:456202 14:32603

Tail closure among D60=0 matches
  final tail collisions: 0
  best r61 HW: 14
  best r61 W1[57..59]=0x5a,0x1af0,0x36fa
  best r61 W2[57..59]=0x3f67,0x13c,0xfd3
  best tail HW: 21
  best tail r61 HW: 18
  best W1[57..59]=0x4b,0x3bdb,0x156d
  best W2[57..59]=0x3f58,0x322b,0x3770

SUMMARY N=14 sample_start=206209024 prefixes=32768 total=536870912 d0=32893 best_tail=21 tail_r61=18 best_r61=14 tail_W1=0x4b,0x3bdb,0x156d tail_W2=0x3f58,0x322b,0x3770 r61_W1=0x5a,0x1af0,0x36fa r61_W2=0x3f67,0x13c,0xfd3

Scan-only witness registry
  registry_count=16 registry_cap=16
  witness[00] tail=21 r61=18 gh60=0xd519d66 W1=0x4b,0x3bdb,0x156d W2=0x3f58,0x322b,0x3770
  witness[01] tail=21 r61=21 gh60=0xc96849e W1=0xb47,0x8cd,0x2bee W2=0xa54,0x8c4,0x5ff
  witness[02] tail=21 r61=24 gh60=0xdc785a6 W1=0xcbb,0x452,0x164a W2=0xbc8,0x3b75,0xaa7
  witness[03] tail=22 r61=16 gh60=0x5a98766 W1=0x13e3,0x33fd,0x2615 W2=0x12f0,0x2d60,0x3024
  witness[04] tail=24 r61=20 gh60=0xdb9fdaa W1=0x2ebe,0x182d,0x771 W2=0x2dcb,0x101,0x2344
  witness[05] tail=24 r61=21 gh60=0xcd94cae W1=0x5f0,0x14d7,0xc1e W2=0x4fd,0x35b7,0x383c
  witness[06] tail=24 r61=24 gh60=0x4b6877a W1=0x13d9,0x9ef,0x10e5 W2=0x12e6,0x14d3,0x3896
  witness[07] tail=25 r61=15 gh60=0xb608de6 W1=0x89b,0x19d8,0xf42 W2=0x7a8,0x986,0x1d0
  witness[08] tail=25 r61=18 gh60=0x3a3bd9a W1=0x2e89,0x3474,0x2b0f W2=0x2d96,0x3fac,0x2bc5
  witness[09] tail=25 r61=23 gh60=0x569c7a6 W1=0x36c,0x1205,0xe48 W2=0x279,0x3b5b,0x1a7d
  witness[10] tail=25 r61=23 gh60=0x467dcba W1=0x1ef6,0x2e54,0x3919 W2=0x1e03,0x1154,0x3da4
  witness[11] tail=25 r61=24 gh60=0x4b98766 W1=0x33e3,0x35f2,0x3972 W2=0x32f0,0x294d,0x71e
  witness[12] tail=25 r61=25 gh60=0x4beccfe W1=0x818,0x558,0x31cf W2=0x725,0x1b0,0x3067
  witness[13] tail=25 r61=26 gh60=0xf9d8cfe W1=0x1617,0x2e35,0x3fb W2=0x1524,0x109c,0x266a
  witness[14] tail=26 r61=14 gh60=0x4e084e6 W1=0x251b,0xe48,0x2da8 W2=0x2428,0xa0d,0x2e32
  witness[15] tail=26 r61=17 gh60=0x5504d66 W1=0x8cc,0x3a54,0x270e W2=0x7d9,0x267f,0x7eb

Scan-only r61 registry
  registry_count=16 registry_cap=16
  r61_witness[00] r61=14 tail=26 gh60=0x4e084e6 W1=0x251b,0xe48,0x2da8 W2=0x2428,0xa0d,0x2e32
  r61_witness[01] r61=14 tail=30 gh60=0x5505d7a W1=0x5a,0x1af0,0x36fa W2=0x3f67,0x13c,0xfd3
  r61_witness[02] r61=14 tail=30 gh60=0x4ad4bfe W1=0x1998,0x2999,0x11ac W2=0x18a5,0x2c29,0x3506
  r61_witness[03] r61=14 tail=34 gh60=0x4987ca6 W1=0xefc,0x3620,0x2a44 W2=0xe09,0x392b,0xe52
  r61_witness[04] r61=15 tail=25 gh60=0xb608de6 W1=0x89b,0x19d8,0xf42 W2=0x7a8,0x986,0x1d0
  r61_witness[05] r61=15 tail=30 gh60=0x4a24be6 W1=0x1994,0x2271,0x21f5 W2=0x18a1,0x34d0,0x163f
  r61_witness[06] r61=15 tail=31 gh60=0xda244aa W1=0x1b02,0x3725,0x19c8 W2=0x1a0f,0xe7a,0x243c
  r61_witness[07] r61=15 tail=33 gh60=0xc9887a6 W1=0x136b,0x3b55,0x1ced W2=0x1278,0x379a,0x1166
  r61_witness[08] r61=15 tail=34 gh60=0x4b54c9a W1=0x1926,0x13d7,0x1616 W2=0x1833,0x6ea,0x238d
  r61_witness[09] r61=15 tail=35 gh60=0x49887aa W1=0xb7d,0x223b,0x2b20 W2=0xa8a,0x15ef,0x11aa
  r61_witness[10] r61=15 tail=37 gh60=0x39884a6 W1=0x333b,0xaad,0x27e1 W2=0x3248,0x38fa,0x164f
  r61_witness[11] r61=16 tail=22 gh60=0x5a98766 W1=0x13e3,0x33fd,0x2615 W2=0x12f0,0x2d60,0x3024
  r61_witness[12] r61=16 tail=29 gh60=0x4899baa W1=0x1c1,0xf33,0x585 W2=0xce,0x93e,0x215a
  r61_witness[13] r61=16 tail=30 gh60=0x4a09cea W1=0x1e0d,0x159f,0x1882 W2=0x1d1a,0x1de2,0x1c3f
  r61_witness[14] r61=16 tail=32 gh60=0x4a0bbea W1=0xd91,0x36ca,0x1324 W2=0xc9e,0x2995,0x281a
  r61_witness[15] r61=16 tail=33 gh60=0x5a04ce6 W1=0x370c,0x1a6c,0x139c W2=0x3619,0x3493,0x24bb

D60=0 fiber histogram: 1:8137 2:4709 3:1800 4:1066 5:435 6:220 7:105 8:68 9:35 10:22 11:7 12:6 13:6 14:1 15:1 16:1 17:1 18:1 19:2 20:1
