free_word_mitm_reducedn
N=14 mask=0x3fff msb=0x2000
candidate: M0=0x3d36 mode=random-fallback fill=0x3fff kernel=dM0=dM9=0x2000
prefixes=32768/268435456 mode=permuted-prefix-sample w59_per_prefix=16384 total=536870912
run_mode=scan registry_cap=16
sample_start=213549056
scan_elapsed=11.903s rate=45.11 Mtriples/s

D60 interface
  D60=0 matches: 32538 (random expectation 32768.0, enrichment 0.993x)
  prefixes with D60=0: 16437
  max D60=0 fiber per prefix: 20 at W57=0x2cd W58=0x3c4
  largest D60 bucket: D=0xaae count=33793
  min D60 HW: 0
  D60 HW histogram: 0:32538 1:456396 2:2976737 3:11926084 4:32811338 5:65634658 6:98457318 7:112517611 8:98410704 9:65560191 10:32734201 11:11892462 12:2970486 13:457455 14:32733

Tail closure among D60=0 matches
  final tail collisions: 0
  best r61 HW: 13
  best r61 W1[57..59]=0x2de5,0x312c,0x18a3
  best r61 W2[57..59]=0x2cf2,0xbf8,0x3ce0
  best tail HW: 22
  best tail r61 HW: 19
  best W1[57..59]=0x38ee,0x175,0xbe1
  best W2[57..59]=0x37fb,0x1375,0x3ec6

SUMMARY N=14 sample_start=213549056 prefixes=32768 total=536870912 d0=32538 best_tail=22 tail_r61=19 best_r61=13 tail_W1=0x38ee,0x175,0xbe1 tail_W2=0x37fb,0x1375,0x3ec6 r61_W1=0x2de5,0x312c,0x18a3 r61_W2=0x2cf2,0xbf8,0x3ce0

Scan-only witness registry
  registry_count=16 registry_cap=16
  witness[00] tail=22 r61=19 gh60=0xcab4caa W1=0x38ee,0x175,0xbe1 W2=0x37fb,0x1375,0x3ec6
  witness[01] tail=24 r61=18 gh60=0x4918b66 W1=0x355b,0x1589,0x15e9 W2=0x3468,0x2f5b,0x1bd7
  witness[02] tail=24 r61=26 gh60=0xd65dc9a W1=0x3fe6,0x659,0x5f8 W2=0x3ef3,0x2726,0x58e
  witness[03] tail=25 r61=18 gh60=0x4a184e6 W1=0x51b,0x34fe,0x3726 W2=0x428,0x32c3,0x2386
  witness[04] tail=25 r61=20 gh60=0xcf884aa W1=0x1241,0x19f0,0x290c W2=0x114e,0x2de0,0xa10
  witness[05] tail=25 r61=20 gh60=0x5b544ba W1=0x2c36,0x2f08,0x93a W2=0x2b43,0x1447,0x1a8f
  witness[06] tail=25 r61=20 gh60=0x561bcea W1=0x3021,0x31de,0x3b42 W2=0x2f2e,0x2951,0x1502
  witness[07] tail=25 r61=25 gh60=0xcb885ae W1=0x1c6f,0x3ae4,0x330d W2=0x1b7c,0x30ac,0x724
  witness[08] tail=25 r61=25 gh60=0xb6645a6 W1=0x2a84,0x1786,0x700 W2=0x2991,0xb5c,0x2baf
  witness[09] tail=26 r61=16 gh60=0x4578daa W1=0x16c1,0x21ce,0x1017 W2=0x15ce,0x3215,0x1e78
  witness[10] tail=26 r61=20 gh60=0xcb887aa W1=0x1bb1,0x1bda,0x2616 W2=0x1abe,0x2d32,0x1a4b
  witness[11] tail=26 r61=20 gh60=0x48b44ae W1=0x3d30,0x296b,0x277e W2=0x3c3d,0x288c,0x3ecb
  witness[12] tail=26 r61=22 gh60=0xb889caa W1=0x2141,0x36c6,0x602 W2=0x204e,0x3679,0x153b
  witness[13] tail=26 r61=23 gh60=0x4b25d6a W1=0x1e52,0x2ef7,0xa45 W2=0x1d5f,0x2e7,0x1207
  witness[14] tail=26 r61=23 gh60=0xbfb84ba W1=0x29f9,0x3c8c,0x57 W2=0x2906,0x1f8e,0xa0f
  witness[15] tail=26 r61=24 gh60=0xce98da6 W1=0x166b,0x2a8d,0x2ea9 W2=0x1578,0x12d1,0x62d

Scan-only r61 registry
  registry_count=16 registry_cap=16
  r61_witness[00] r61=13 tail=28 gh60=0x4aabc9a W1=0x2de5,0x312c,0x18a3 W2=0x2cf2,0xbf8,0x3ce0
  r61_witness[01] r61=13 tail=29 gh60=0x389c4aa W1=0x1b3e,0x144e,0x12f9 W2=0x1a4b,0x2abf,0x6cb
  r61_witness[02] r61=14 tail=30 gh60=0x5608bee W1=0x259f,0x3d3d,0x22cf W2=0x24ac,0x33c0,0xfdf
  r61_witness[03] r61=14 tail=31 gh60=0xca1c7aa W1=0x3382,0x799,0x366d W2=0x328f,0x886,0x1147
  r61_witness[04] r61=15 tail=27 gh60=0xca05c9a W1=0x10a,0x2999,0x3126 W2=0x17,0x8a2,0x20b3
  r61_witness[05] r61=15 tail=28 gh60=0xc918f7a W1=0x3755,0x3701,0x3d72 W2=0x3662,0x2f20,0x36af
  r61_witness[06] r61=15 tail=30 gh60=0x592bca6 W1=0x3143,0x395f,0xa62 W2=0x3050,0x1d,0x1fc
  r61_witness[07] r61=15 tail=31 gh60=0x48d9cba W1=0x1f39,0x2803,0x1a36 W2=0x1e46,0xa42,0x89c
  r61_witness[08] r61=16 tail=26 gh60=0x4578daa W1=0x16c1,0x21ce,0x1017 W2=0x15ce,0x3215,0x1e78
  r61_witness[09] r61=16 tail=32 gh60=0x4a04ce6 W1=0x180c,0x3f66,0xf5 W2=0x1719,0x6fd,0x23f6
  r61_witness[10] r61=16 tail=32 gh60=0x4b04d66 W1=0x18cc,0x204,0x278 W2=0x17d9,0x933,0x3cbf
  r61_witness[11] r61=16 tail=32 gh60=0xc908b6a W1=0x295d,0x1ee9,0x1c50 W2=0x286a,0x1110,0x3d1a
  r61_witness[12] r61=16 tail=33 gh60=0x4708d6a W1=0x6d1,0xfbd,0x3d57 W2=0x5de,0x160c,0x38c3
  r61_witness[13] r61=16 tail=33 gh60=0x4a6849a W1=0x9e5,0x267b,0x101 W2=0x8f2,0xac0,0x18ed
  r61_witness[14] r61=16 tail=33 gh60=0xbb884a6 W1=0x222b,0x145,0x39f2 W2=0x2138,0xda2,0x3864
  r61_witness[15] r61=16 tail=33 gh60=0x4a884aa W1=0x2af1,0x3456,0x14dd W2=0x29fe,0x3b96,0x38de

D60=0 fiber histogram: 1:7983 2:4658 3:1816 4:1108 5:419 6:241 7:68 8:78 9:26 10:18 11:5 12:4 13:2 14:5 15:1 16:1 17:1 18:1 19:1 20:1
