free_word_mitm_reducedn
N=14 mask=0x3fff msb=0x2000
candidate: M0=0x3d36 mode=random-fallback fill=0x3fff kernel=dM0=dM9=0x2000
prefixes=32768/268435456 mode=permuted-prefix-sample w59_per_prefix=16384 total=536870912
run_mode=scan registry_cap=16
sample_start=135266304
scan_elapsed=17.464s rate=30.74 Mtriples/s

D60 interface
  D60=0 matches: 32666 (random expectation 32768.0, enrichment 0.997x)
  prefixes with D60=0: 16520
  max D60=0 fiber per prefix: 27 at W57=0x17a6 W58=0x1754
  largest D60 bucket: D=0x9f2 count=33968
  min D60 HW: 0
  D60 HW histogram: 0:32666 1:459968 2:2978066 3:11915616 4:32797718 5:65632847 6:98491511 7:112511360 8:98398421 9:65557160 10:32740710 11:11893779 12:2969546 13:458322 14:33222

Tail closure among D60=0 matches
  final tail collisions: 0
  best r61 HW: 12
  best r61 W1[57..59]=0x318c,0xd57,0x124e
  best r61 W2[57..59]=0x3099,0x728,0x221b
  best tail HW: 23
  best tail r61 HW: 24
  best W1[57..59]=0x2936,0xc74,0x526
  best W2[57..59]=0x2843,0x2e74,0xb50

SUMMARY N=14 sample_start=135266304 prefixes=32768 total=536870912 d0=32666 best_tail=23 tail_r61=24 best_r61=12 tail_W1=0x2936,0xc74,0x526 tail_W2=0x2843,0x2e74,0xb50 r61_W1=0x318c,0xd57,0x124e r61_W2=0x3099,0x728,0x221b

Scan-only witness registry
  registry_count=16 registry_cap=16
  witness[00] tail=23 r61=18 gh60=0x569db9a W1=0x1d6a,0x242f,0x2d87 W2=0x1c77,0x1208,0x1598
  witness[01] tail=23 r61=20 gh60=0x4bdccbe W1=0x1738,0x4cf,0x1a76 W2=0x1645,0x20b3,0x3155
  witness[02] tail=23 r61=20 gh60=0x4e75cea W1=0x1f1e,0x1f45,0x3c14 W2=0x1e2b,0x23bd,0x8d2
  witness[03] tail=23 r61=20 gh60=0xcb3457a W1=0x3ad6,0xa9d,0x16c7 W2=0x39e3,0x3b2a,0x26b5
  witness[04] tail=23 r61=21 gh60=0xc5a8ca6 W1=0x1633,0x1184,0x353d W2=0x1540,0x10b0,0x2fd2
  witness[05] tail=23 r61=24 gh60=0xffb4cba W1=0x2936,0xc74,0x526 W2=0x2843,0x2e74,0xb50
  witness[06] tail=24 r61=19 gh60=0xcdadd66 W1=0x3e64,0x56d,0x148e W2=0x3d71,0x1be,0x1426
  witness[07] tail=24 r61=23 gh60=0x4aedcba W1=0x3ff6,0x3746,0x20ae W2=0x3f03,0x1806,0x215e
  witness[08] tail=24 r61=26 gh60=0xca284fe W1=0x3517,0x2ede,0x3e70 W2=0x3424,0x3ff6,0x2b32
  witness[09] tail=25 r61=16 gh60=0x58844a6 W1=0x153c,0xb84,0x130a W2=0x1449,0x9d2,0x1d7a
  witness[10] tail=25 r61=16 gh60=0x4b0cd9a W1=0x16ca,0x3635,0x4e1 W2=0x15d7,0x3564,0x253b
  witness[11] tail=25 r61=18 gh60=0xdd87c9a W1=0xe2a,0x7c8,0x2651 W2=0xd37,0x1a4d,0x19a1
  witness[12] tail=25 r61=19 gh60=0x36184ee W1=0xb1f,0x2563,0x202b W2=0xa2c,0x36d,0x754
  witness[13] tail=25 r61=19 gh60=0xba84ca6 W1=0x28ec,0x22d5,0x378 W2=0x27f9,0xd72,0x2669
  witness[14] tail=25 r61=22 gh60=0xce9cd66 W1=0x664,0xf10,0x39cb W2=0x571,0x85f,0xee8
  witness[15] tail=25 r61=23 gh60=0xffb7cba W1=0x1036,0x15dd,0x2117 W2=0xf43,0x2219,0xe13

Scan-only r61 registry
  registry_count=16 registry_cap=16
  r61_witness[00] r61=12 tail=28 gh60=0x4607be6 W1=0x318c,0xd57,0x124e W2=0x3099,0x728,0x221b
  r61_witness[01] r61=14 tail=30 gh60=0x56687be W1=0x2b77,0x3e42,0xa3d W2=0x2a84,0x378c,0x38d5
  r61_witness[02] r61=15 tail=26 gh60=0x3a04dfa W1=0x169a,0x783,0x2bc7 W2=0x15a7,0x5d7,0x3a71
  r61_witness[03] r61=15 tail=30 gh60=0xca084ea W1=0x211,0x285c,0x299a W2=0x11e,0x2ae2,0xe94
  r61_witness[04] r61=15 tail=35 gh60=0x4607fe6 W1=0xf9c,0x1fb9,0x1e75 W2=0xea9,0x30f2,0x3006
  r61_witness[05] r61=16 tail=25 gh60=0x58844a6 W1=0x153c,0xb84,0x130a W2=0x1449,0x9d2,0x1d7a
  r61_witness[06] r61=16 tail=25 gh60=0x4b0cd9a W1=0x16ca,0x3635,0x4e1 W2=0x15d7,0x3564,0x253b
  r61_witness[07] r61=16 tail=26 gh60=0x4919b66 W1=0x215b,0x11c1,0x53d W2=0x2068,0x1209,0xa2c
  r61_witness[08] r61=16 tail=27 gh60=0x4889baa W1=0x1ad,0x3fe5,0x37a W2=0xba,0x2938,0x2281
  r61_witness[09] r61=16 tail=27 gh60=0xba08cea W1=0x3711,0x1056,0x3652 W2=0x361e,0x2611,0x2c3a
  r61_witness[10] r61=16 tail=30 gh60=0xcc9bcaa W1=0x3031,0x1ee0,0x3f53 W2=0x2f3e,0x15e7,0x3c65
  r61_witness[11] r61=16 tail=32 gh60=0x47b8dbe W1=0x6b7,0x34de,0x3587 W2=0x5c4,0x3c95,0x34d4
  r61_witness[12] r61=16 tail=33 gh60=0x4b8bcae W1=0x2e3f,0xbb8,0x106a W2=0x2d4c,0x288b,0x26ca
  r61_witness[13] r61=16 tail=34 gh60=0x4889faa W1=0x3fbd,0x1050,0x348a W2=0x3eca,0x3c57,0x8a4
  r61_witness[14] r61=16 tail=36 gh60=0x44885aa W1=0x2cc1,0x2dfb,0x3361 W2=0x2bce,0x2b03,0x25ab
  r61_witness[15] r61=16 tail=37 gh60=0x591c7a6 W1=0x33c4,0xacc,0x2124 W2=0x32d1,0x330,0x3266

D60=0 fiber histogram: 1:8083 2:4633 3:1780 4:1156 5:427 6:208 7:86 8:70 9:34 10:21 11:9 12:5 13:3 16:3 19:1 27:1
