free_word_mitm_reducedn
N=14 mask=0x3fff msb=0x2000
candidate: M0=0x3d36 mode=random-fallback fill=0x3fff kernel=dM0=dM9=0x2000
prefixes=32768/268435456 mode=permuted-prefix-sample w59_per_prefix=16384 total=536870912
run_mode=scan registry_cap=16
sample_start=175865856
scan_elapsed=20.036s rate=26.80 Mtriples/s

D60 interface
  D60=0 matches: 32508 (random expectation 32768.0, enrichment 0.992x)
  prefixes with D60=0: 16398
  max D60=0 fiber per prefix: 20 at W57=0x2dfe W58=0x2da3
  largest D60 bucket: D=0x2f15 count=33843
  min D60 HW: 0
  D60 HW histogram: 0:32508 1:457468 2:2975126 3:11920412 4:32796241 5:65601059 6:98434980 7:112494921 8:98419127 9:65601380 10:32773482 11:11900449 12:2974027 13:457212 14:32520

Tail closure among D60=0 matches
  final tail collisions: 0
  best r61 HW: 13
  best r61 W1[57..59]=0x3b5d,0x35a0,0x2178
  best r61 W2[57..59]=0x3a6a,0x2ff2,0x11b7
  best tail HW: 22
  best tail r61 HW: 22
  best W1[57..59]=0x2ae8,0x2f66,0x1f1f
  best W2[57..59]=0x29f5,0x3f98,0xd6c

SUMMARY N=14 sample_start=175865856 prefixes=32768 total=536870912 d0=32508 best_tail=22 tail_r61=22 best_r61=13 tail_W1=0x2ae8,0x2f66,0x1f1f tail_W2=0x29f5,0x3f98,0xd6c r61_W1=0x3b5d,0x35a0,0x2178 r61_W2=0x3a6a,0x2ff2,0x11b7

Scan-only witness registry
  registry_count=16 registry_cap=16
  witness[00] tail=22 r61=22 gh60=0x7e5c49e W1=0x2ae8,0x2f66,0x1f1f W2=0x29f5,0x3f98,0xd6c
  witness[01] tail=23 r61=21 gh60=0xc5a85ba W1=0x4b5,0x2032,0x1cf3 W2=0x3c2,0xcc4,0x28d1
  witness[02] tail=23 r61=24 gh60=0x753c566 W1=0x2ad4,0x1b4a,0x27f8 W2=0x29e1,0x11ac,0xfe6
  witness[03] tail=23 r61=24 gh60=0xde187a6 W1=0x3b83,0x21a,0x3705 W2=0x3a90,0x3d7f,0xa5e
  witness[04] tail=24 r61=17 gh60=0x568c4ae W1=0x2af0,0x3db6,0x20b8 W2=0x29fd,0x2cd7,0x3681
  witness[05] tail=25 r61=17 gh60=0x4a244a6 W1=0x2304,0x3c6f,0x3f50 W2=0x2211,0x2e6b,0x341c
  witness[06] tail=25 r61=19 gh60=0x5e3bcea W1=0xe0d,0xeae,0x2728 W2=0xd1a,0x1f5,0x1e6b
  witness[07] tail=25 r61=19 gh60=0xde0449a W1=0x320a,0x401,0x36e7 W2=0x3117,0x38cb,0x2112
  witness[08] tail=25 r61=20 gh60=0x5cb849a W1=0x3229,0x33f5,0x18ca W2=0x3136,0x2800,0x3d6e
  witness[09] tail=25 r61=20 gh60=0x4a087ea W1=0x3b91,0x2b7a,0x1b9b W2=0x3a9e,0x3f4c,0xd9a
  witness[10] tail=25 r61=21 gh60=0xda38cea W1=0x2921,0x19d4,0x3360 W2=0x282e,0x197f,0x37be
  witness[11] tail=25 r61=21 gh60=0x49e84fa W1=0x3a15,0x3151,0x20a5 W2=0x3922,0x2695,0x270a
  witness[12] tail=25 r61=25 gh60=0xcda859a W1=0x14a9,0x3580,0x3dfa W2=0x13b6,0x2323,0x2e0b
  witness[13] tail=25 r61=26 gh60=0x570cb66 W1=0x35cc,0x2cd5,0x144d W2=0x34d9,0x2ac,0x15cd
  witness[14] tail=26 r61=19 gh60=0x3ab4daa W1=0x366e,0x3149,0x3953 W2=0x357b,0x121,0x28e1
  witness[15] tail=26 r61=20 gh60=0x48d8b9e W1=0x39a7,0x22b7,0x3205 W2=0x38b4,0x24e1,0x1083

Scan-only r61 registry
  registry_count=16 registry_cap=16
  r61_witness[00] r61=13 tail=27 gh60=0x490876a W1=0x3b5d,0x35a0,0x2178 W2=0x3a6a,0x2ff2,0x11b7
  r61_witness[01] r61=14 tail=33 gh60=0x3e08cea W1=0x161d,0x3105,0x266a W2=0x152a,0xbb8,0x2e53
  r61_witness[02] r61=15 tail=29 gh60=0x4bb8ba6 W1=0x5bb,0x932,0x2ed0 W2=0x4c8,0x10f6,0xf62
  r61_witness[03] r61=16 tail=27 gh60=0xca89cae W1=0x1def,0x2f89,0x19c7 W2=0x1cfc,0x21ec,0x25e8
  r61_witness[04] r61=16 tail=29 gh60=0x492cb7e W1=0x5d8,0x1592,0x35e1 W2=0x4e5,0x7ae,0x356e
  r61_witness[05] r61=16 tail=29 gh60=0xc8984a6 W1=0x133b,0x24b7,0x1d37 W2=0x1248,0x1504,0x3160
  r61_witness[06] r61=16 tail=29 gh60=0x45685a6 W1=0x34c3,0x2e77,0xeb5 W2=0x33d0,0x12ca,0x312d
  r61_witness[07] r61=16 tail=33 gh60=0x4a34c9e W1=0x1908,0x31ac,0x5db W2=0x1815,0xb5b,0x491
  r61_witness[08] r61=16 tail=34 gh60=0x45a8766 W1=0xbe3,0x26f,0x30ef W2=0xaf0,0x2944,0x3718
  r61_witness[09] r61=16 tail=35 gh60=0x4617cea W1=0xf1e,0xf9b,0x2991 W2=0xe2b,0x3f17,0xb0c
  r61_witness[10] r61=16 tail=38 gh60=0xb48c5a6 W1=0x22ac,0x2585,0x50b W2=0x21b9,0x39cb,0x311b
  r61_witness[11] r61=17 tail=24 gh60=0x568c4ae W1=0x2af0,0x3db6,0x20b8 W2=0x29fd,0x2cd7,0x3681
  r61_witness[12] r61=17 tail=25 gh60=0x4a244a6 W1=0x2304,0x3c6f,0x3f50 W2=0x2211,0x2e6b,0x341c
  r61_witness[13] r61=17 tail=27 gh60=0x5889faa W1=0x1fc1,0x24de,0x34aa W2=0x1ece,0x20e9,0x158c
  r61_witness[14] r61=17 tail=29 gh60=0x7905f66 W1=0x3f5c,0x107d,0x1d67 W2=0x3e69,0x3a2e,0x2a4b
  r61_witness[15] r61=17 tail=30 gh60=0x48987a6 W1=0x3b3,0x245,0x27b8 W2=0x2c0,0x2aa8,0x24e0

D60=0 fiber histogram: 1:7917 2:4744 3:1742 4:1137 5:438 6:182 7:76 8:83 9:27 10:20 11:9 12:12 13:4 14:1 15:2 16:2 17:1 20:1
