=== block2_bridge_beam.py: anneal 20000 iters × 3 seeds × 5 cands ===
    temp 2.0 -> 0.1, max_flips=3, tabu=0

  bit3_m33ec77ca seed=0 ...
    best score=47.08  hw= 64  best_iter=  19885  accepts=   98  worse=   75  cascade_rej=    0  bridge_rej=  595
  bit3_m33ec77ca seed=1 ...
    best score=45.91  hw= 61  best_iter=   7891  accepts=  116  worse=   88  cascade_rej=    0  bridge_rej=  608
  bit3_m33ec77ca seed=2 ...
    best score=70.60  hw= 52  best_iter=  16261  accepts=   81  worse=   58  cascade_rej=    0  bridge_rej=  649
  bit2_ma896ee41 seed=0 ...
    best score=45.29  hw= 60  best_iter=  11850  accepts=  124  worse=   87  cascade_rej=    0  bridge_rej=    0
  bit2_ma896ee41 seed=1 ...
    best score=51.35  hw= 58  best_iter=    778  accepts=   84  worse=   71  cascade_rej=    0  bridge_rej=    0
  bit2_ma896ee41 seed=2 ...
    best score=44.29  hw= 63  best_iter=   4376  accepts=  124  worse=   82  cascade_rej=    0  bridge_rej=    0
  bit24_mdc27e18c seed=0 ...
    best score=43.67  hw= 59  best_iter=   2219  accepts=  109  worse=   79  cascade_rej=    0  bridge_rej=    0
  bit24_mdc27e18c seed=1 ...
    best score=43.75  hw= 62  best_iter=  16168  accepts=  108  worse=   82  cascade_rej=    0  bridge_rej=    0
  bit24_mdc27e18c seed=2 ...
    best score=62.65  hw= 55  best_iter=   2794  accepts=   94  worse=   71  cascade_rej=    0  bridge_rej=    0
  bit28_md1acca79 seed=0 ...
    best score=63.12  hw= 56  best_iter=   1898  accepts=  100  worse=   77  cascade_rej=    0  bridge_rej=    0
  bit28_md1acca79 seed=1 ...
    best score=47.08  hw= 64  best_iter=   1874  accepts=  104  worse=   79  cascade_rej=    0  bridge_rej=    0
  bit28_md1acca79 seed=2 ...
    best score=56.67  hw= 55  best_iter=   3797  accepts=   91  worse=   70  cascade_rej=    0  bridge_rej=    0
  bit13_m916a56aa seed=0 ...
    best score=52.96  hw= 58  best_iter=  17684  accepts=   83  worse=   66  cascade_rej=    0  bridge_rej=  291
  bit13_m916a56aa seed=1 ...
    best score=37.96  hw= 66  best_iter=    338  accepts=  111  worse=   83  cascade_rej=    0  bridge_rej=    7
  bit13_m916a56aa seed=2 ...
    best score=57.40  hw= 58  best_iter=  14923  accepts=  105  worse=   78  cascade_rej=    0  bridge_rej=    7

Total wall: 14.1s

=== Per-cand best across seeds (vs corpus best) ===
cand                   beam best score score hw  best hw  corpus best hw
  bit3_m33ec77ca                   70.60       52       51              55
  bit2_ma896ee41                   51.35       58       58              57
  bit24_mdc27e18c                  62.65       55       55              57
  bit28_md1acca79                  63.12       56       55              59
  bit13_m916a56aa                  57.40       58       58              59

wrote headline_hunt/bets/block2_wang/results/runs/20260525_panel_floor_map/group1.json
