free_word_mitm_reducedn
N=14 mask=0x3fff msb=0x2000
candidate: M0=0x3d36 mode=random-fallback fill=0x3fff kernel=dM0=dM9=0x2000
prefixes=32768/268435456 mode=permuted-prefix-sample w59_per_prefix=16384 total=536870912
run_mode=scan registry_cap=16
sample_start=102662144
scan_elapsed=18.995s rate=28.26 Mtriples/s

D60 interface
  D60=0 matches: 32710 (random expectation 32768.0, enrichment 0.998x)
  prefixes with D60=0: 16532
  max D60=0 fiber per prefix: 21 at W57=0x3de8 W58=0x3674
  largest D60 bucket: D=0x2b85 count=34012
  min D60 HW: 0
  D60 HW histogram: 0:32710 1:459670 2:2977566 3:11912557 4:32778227 5:65613932 6:98469689 7:112574040 8:98421595 9:65545444 10:32735830 11:11890988 12:2969869 13:456509 14:32286

Tail closure among D60=0 matches
  final tail collisions: 0
  best r61 HW: 15
  best r61 W1[57..59]=0xbb1,0x11a5,0x1ca8
  best r61 W2[57..59]=0xabe,0x13fd,0x24e0
  best tail HW: 22
  best tail r61 HW: 20
  best W1[57..59]=0x26,0x1ea6,0x2e4d
  best W2[57..59]=0x3f33,0x2f3,0xbbb

SUMMARY N=14 sample_start=102662144 prefixes=32768 total=536870912 d0=32710 best_tail=22 tail_r61=20 best_r61=15 tail_W1=0x26,0x1ea6,0x2e4d tail_W2=0x3f33,0x2f3,0xbbb r61_W1=0xbb1,0x11a5,0x1ca8 r61_W2=0xabe,0x13fd,0x24e0

Scan-only witness registry
  registry_count=16 registry_cap=16
  witness[00] tail=22 r61=20 gh60=0xf555c9a W1=0x26,0x1ea6,0x2e4d W2=0x3f33,0x2f3,0xbbb
  witness[01] tail=23 r61=18 gh60=0x4fe45e6 W1=0xa94,0x3f2b,0xdd0 W2=0x9a1,0x33f5,0x144b
  witness[02] tail=23 r61=21 gh60=0x4898be6 W1=0x29a3,0x1a1b,0x3eac W2=0x28b0,0x1c09,0x25ea
  witness[03] tail=23 r61=23 gh60=0x7e28d9e W1=0x1887,0x1e51,0x70f W2=0x1794,0x2fef,0x3e07
  witness[04] tail=23 r61=23 gh60=0x5df856a W1=0x3acd,0x71b,0x34af W2=0x39da,0x24a1,0x3b0d
  witness[05] tail=23 r61=23 gh60=0x4e89faa W1=0x3f6d,0x30b7,0x3915 W2=0x3e7a,0x213e,0x1890
  witness[06] tail=25 r61=19 gh60=0x48884ae W1=0x132f,0x3891,0x35fb W2=0x123c,0x29b1,0xf84
  witness[07] tail=25 r61=20 gh60=0x3a07be6 W1=0xd8c,0x3b53,0x3aaf W2=0xc99,0x2e1c,0x2b5b
  witness[08] tail=25 r61=21 gh60=0x5d2849e W1=0x1447,0x1219,0x396e W2=0x1354,0x3002,0x8e0
  witness[09] tail=25 r61=22 gh60=0x4b0cf66 W1=0x74c,0x3293,0x11ec W2=0x659,0x1ad6,0x2398
  witness[10] tail=25 r61=25 gh60=0xca9cca6 W1=0x38ec,0x369c,0x2d93 W2=0x37f9,0x3039,0x1d12
  witness[11] tail=25 r61=27 gh60=0x4c985aa W1=0x4ad,0x3f1f,0x24b W2=0x3ba,0xbb3,0x3f52
  witness[12] tail=25 r61=27 gh60=0xffb8fa6 W1=0x17b3,0xb82,0x1b0e W2=0x16c0,0xe6,0x1908
  witness[13] tail=26 r61=15 gh60=0x772849e W1=0x3547,0x1a28,0x20f6 W2=0x3454,0x2819,0xb20
  witness[14] tail=26 r61=16 gh60=0x74884a6 W1=0x1a3b,0x1967,0x36ab W2=0x1948,0x33b2,0x202e
  witness[15] tail=26 r61=18 gh60=0xc5f85a6 W1=0x46b,0x1bfa,0x1513 W2=0x378,0x10bf,0x1bb0

Scan-only r61 registry
  registry_count=16 registry_cap=16
  r61_witness[00] r61=15 tail=26 gh60=0x772849e W1=0x3547,0x1a28,0x20f6 W2=0x3454,0x2819,0xb20
  r61_witness[01] r61=15 tail=27 gh60=0xc9887aa W1=0xbb1,0x11a5,0x1ca8 W2=0xabe,0x13fd,0x24e0
  r61_witness[02] r61=15 tail=31 gh60=0x570876a W1=0x33e1,0xbee,0x1f6a W2=0x32ee,0x203c,0x1cfe
  r61_witness[03] r61=15 tail=32 gh60=0x4b08f6a W1=0x37cd,0x8e,0x126b W2=0x36da,0x3fa5,0x8f6
  r61_witness[04] r61=15 tail=36 gh60=0xc90c766 W1=0x13cc,0x7fe,0x11ad W2=0x12d9,0x7bc,0x19b1
  r61_witness[05] r61=16 tail=26 gh60=0x74884a6 W1=0x1a3b,0x1967,0x36ab W2=0x1948,0x33b2,0x202e
  r61_witness[06] r61=16 tail=28 gh60=0x4d09d6a W1=0x5d,0x25f3,0x2a85 W2=0x3f6a,0x2bb2,0x2274
  r61_witness[07] r61=16 tail=29 gh60=0x4658f9e W1=0x787,0x3932,0x3b63 W2=0x694,0x3144,0x32a8
  r61_witness[08] r61=16 tail=29 gh60=0x49944ae W1=0x1500,0x3f2,0x392b W2=0x140d,0x303,0x200f
  r61_witness[09] r61=16 tail=30 gh60=0x4a0bdea W1=0x108d,0x3795,0x204c W2=0xf9a,0x34ec,0x2af1
  r61_witness[10] r61=16 tail=30 gh60=0xc589caa W1=0x1e41,0x509,0x24c8 W2=0x1d4e,0xafc,0x18cf
  r61_witness[11] r61=16 tail=33 gh60=0xca09cea W1=0x1e21,0x2736,0x1beb W2=0x1d2e,0x2fad,0xe85
  r61_witness[12] r61=16 tail=33 gh60=0x4888baa W1=0x35ad,0x2248,0x8f5 W2=0x34ba,0x225b,0x27e
  r61_witness[13] r61=16 tail=36 gh60=0xce0bfee W1=0xf8f,0x150f,0x3408 W2=0xe9c,0x36da,0x22a9
  r61_witness[14] r61=16 tail=37 gh60=0xca84c9a W1=0x35ea,0xc7b,0x2256 W2=0x34f7,0x3fe,0x44c
  r61_witness[15] r61=16 tail=38 gh60=0xcd18d6a W1=0x38d1,0x9e5,0xdb8 W2=0x37de,0x1550,0x1bc6

D60=0 fiber histogram: 1:7983 2:4757 3:1812 4:1109 5:416 6:239 7:83 8:68 9:25 10:15 11:5 12:8 13:5 14:3 15:1 16:1 17:1 21:1
