free_word_mitm_reducedn
N=14 mask=0x3fff msb=0x2000
candidate: M0=0x3d36 mode=random-fallback fill=0x3fff kernel=dM0=dM9=0x2000
prefixes=32768/268435456 mode=permuted-prefix-sample w59_per_prefix=16384 total=536870912
run_mode=scan registry_cap=16
sample_start=18776064
scan_elapsed=18.589s rate=28.88 Mtriples/s

D60 interface
  D60=0 matches: 33019 (random expectation 32768.0, enrichment 1.008x)
  prefixes with D60=0: 16620
  max D60=0 fiber per prefix: 18 at W57=0x312e W58=0x2449
  largest D60 bucket: D=0xaf5 count=33761
  min D60 HW: 0
  D60 HW histogram: 0:33019 1:459379 2:2980431 3:11930259 4:32780971 5:65607826 6:98435063 7:112506729 8:98424525 9:65580814 10:32766646 11:11904659 12:2970431 13:457512 14:32648

Tail closure among D60=0 matches
  final tail collisions: 0
  best r61 HW: 14
  best r61 W1[57..59]=0x1f3b,0x387c,0x309f
  best r61 W2[57..59]=0x1e48,0x120a,0x365d
  best tail HW: 22
  best tail r61 HW: 21
  best W1[57..59]=0x1eda,0x2d39,0x12e3
  best W2[57..59]=0x1de7,0x1985,0x2e22

SUMMARY N=14 sample_start=18776064 prefixes=32768 total=536870912 d0=33019 best_tail=22 tail_r61=21 best_r61=14 tail_W1=0x1eda,0x2d39,0x12e3 tail_W2=0x1de7,0x1985,0x2e22 r61_W1=0x1f3b,0x387c,0x309f r61_W2=0x1e48,0x120a,0x365d

Scan-only witness registry
  registry_count=16 registry_cap=16
  witness[00] tail=22 r61=21 gh60=0x3b1dd7a W1=0x1eda,0x2d39,0x12e3 W2=0x1de7,0x1985,0x2e22
  witness[01] tail=23 r61=22 gh60=0xcdd85ba W1=0x3cb9,0x1748,0x3b26 W2=0x3bc6,0x662,0x3376
  witness[02] tail=23 r61=25 gh60=0xcae8dbe W1=0x2677,0x419,0x160 W2=0x2584,0xc64,0x1cb6
  witness[03] tail=24 r61=16 gh60=0x4568de6 W1=0x26a3,0x3379,0x3c36 W2=0x25b0,0x28d7,0x16b6
  witness[04] tail=24 r61=17 gh60=0x7889ba6 W1=0x3dab,0x2841,0x53c W2=0x3cb8,0x2e93,0x3f1e
  witness[05] tail=24 r61=18 gh60=0x36387a6 W1=0x3383,0x2e1e,0x3665 W2=0x3290,0x2701,0x245f
  witness[06] tail=24 r61=21 gh60=0xc978f6e W1=0x74f,0x1c1b,0x1247 W2=0x65c,0x1862,0x282a
  witness[07] tail=24 r61=21 gh60=0x4e6dbaa W1=0x1d82,0x1035,0x2b28 W2=0x1c8f,0x3e21,0x3d79
  witness[08] tail=25 r61=16 gh60=0xc9ec59e W1=0x2a88,0xb93,0x389f W2=0x2995,0x101f,0x37f7
  witness[09] tail=25 r61=19 gh60=0xc89c4ea W1=0xd22,0xfe1,0x9d0 W2=0xc2f,0x1740,0xd15
  witness[10] tail=25 r61=23 gh60=0xda085ea W1=0x249d,0xc35,0x2624 W2=0x23aa,0x1843,0xaa9
  witness[11] tail=25 r61=24 gh60=0xc718f6a W1=0x761,0x1479,0xf5a W2=0x66e,0xf8c,0x2824
  witness[12] tail=25 r61=25 gh60=0x59884aa W1=0x331,0x1d0b,0x45d W2=0x23e,0x234b,0x932
  witness[13] tail=25 r61=28 gh60=0xceec57e W1=0x3c58,0x44,0x372a W2=0x3b65,0x1b99,0x36e8
  witness[14] tail=26 r61=17 gh60=0x45a859a W1=0x1c69,0x4e3,0x175e W2=0x1b76,0x3398,0x39c3
  witness[15] tail=26 r61=20 gh60=0xce08bea W1=0x199d,0x3045,0x450 W2=0x18aa,0x2f00,0xd88

Scan-only r61 registry
  registry_count=16 registry_cap=16
  r61_witness[00] r61=14 tail=29 gh60=0xc989ca6 W1=0x1f3b,0x387c,0x309f W2=0x1e48,0x120a,0x365d
  r61_witness[01] r61=15 tail=32 gh60=0xca08cee W1=0x91f,0x35b2,0x4f3 W2=0x82c,0xd7d,0x325c
  r61_witness[02] r61=15 tail=33 gh60=0xc88bba6 W1=0xdab,0x747,0x2cba W2=0xcb8,0x3da1,0x304b
  r61_witness[03] r61=15 tail=36 gh60=0x3a184ee W1=0x240f,0x17f2,0x1b85 W2=0x231c,0x318,0x4a6
  r61_witness[04] r61=15 tail=36 gh60=0xca24cea W1=0x3812,0x1126,0x367a W2=0x371f,0x2126,0x3518
  r61_witness[05] r61=16 tail=24 gh60=0x4568de6 W1=0x26a3,0x3379,0x3c36 W2=0x25b0,0x28d7,0x16b6
  r61_witness[06] r61=16 tail=25 gh60=0xc9ec59e W1=0x2a88,0xb93,0x389f W2=0x2995,0x101f,0x37f7
  r61_witness[07] r61=16 tail=28 gh60=0x561bce6 W1=0x1013,0x336e,0x2fc5 W2=0xf20,0x30a6,0x312e
  r61_witness[08] r61=16 tail=28 gh60=0x566cbea W1=0x2592,0x2ea1,0x3247 W2=0x249f,0x2175,0x3652
  r61_witness[09] r61=16 tail=31 gh60=0xc60c5ea W1=0x348e,0x83a,0x2472 W2=0x339b,0x165d,0x1098
  r61_witness[10] r61=16 tail=32 gh60=0x4709f6a W1=0x3f4d,0x2ee4,0x3d8 W2=0x3e5a,0x1903,0x227a
  r61_witness[11] r61=16 tail=33 gh60=0x3b2456a W1=0xc52,0x3c64,0xc60 W2=0xb5f,0x27f,0x1ec7
  r61_witness[12] r61=16 tail=33 gh60=0x4604cfa W1=0x171a,0x1767,0x44c W2=0x1627,0x9a3,0x24c9
  r61_witness[13] r61=16 tail=34 gh60=0xca09bee W1=0x18f,0x1668,0xafc W2=0x9c,0x9f7,0x1020
  r61_witness[14] r61=16 tail=34 gh60=0xc608bee W1=0x198f,0x2fa,0x1e73 W2=0x189c,0x98d,0x1aa4
  r61_witness[15] r61=16 tail=35 gh60=0x4924f66 W1=0x3754,0x3607,0x223f W2=0x3661,0x3156,0x1d8f

D60=0 fiber histogram: 1:7939 2:4875 3:1767 4:1174 5:428 6:210 7:70 8:80 9:32 10:21 11:7 12:9 13:1 14:3 15:2 17:1 18:1
