free_word_mitm_reducedn
N=14 mask=0x3fff msb=0x2000
candidate: M0=0x3d36 mode=random-fallback fill=0x3fff kernel=dM0=dM9=0x2000
prefixes=32768/268435456 mode=permuted-prefix-sample w59_per_prefix=16384 total=536870912
run_mode=scan registry_cap=16
sample_start=69107712
scan_elapsed=18.875s rate=28.44 Mtriples/s

D60 interface
  D60=0 matches: 32604 (random expectation 32768.0, enrichment 0.995x)
  prefixes with D60=0: 16530
  max D60=0 fiber per prefix: 18 at W57=0x2e36 W58=0x2036
  largest D60 bucket: D=0x288f count=33871
  min D60 HW: 0
  D60 HW histogram: 0:32604 1:457141 2:2977752 3:11924155 4:32820480 5:65659423 6:98478202 7:112499503 8:98375853 9:65532050 10:32746233 11:11904980 12:2973180 13:456812 14:32544

Tail closure among D60=0 matches
  final tail collisions: 0
  best r61 HW: 14
  best r61 W1[57..59]=0x1dba,0x161,0xaa6
  best r61 W2[57..59]=0x1cc7,0x339d,0x27a4
  best tail HW: 21
  best tail r61 HW: 28
  best W1[57..59]=0x3843,0x318d,0x266a
  best W2[57..59]=0x3750,0xc49,0x2a84

SUMMARY N=14 sample_start=69107712 prefixes=32768 total=536870912 d0=32604 best_tail=21 tail_r61=28 best_r61=14 tail_W1=0x3843,0x318d,0x266a tail_W2=0x3750,0xc49,0x2a84 r61_W1=0x1dba,0x161,0xaa6 r61_W2=0x1cc7,0x339d,0x27a4

Scan-only witness registry
  registry_count=16 registry_cap=16
  witness[00] tail=21 r61=28 gh60=0xcbe8ca6 W1=0x3843,0x318d,0x266a W2=0x3750,0xc49,0x2a84
  witness[01] tail=23 r61=17 gh60=0xc68bca6 W1=0xeeb,0x8f2,0x2087 W2=0xdf8,0x1808,0x13f5
  witness[02] tail=23 r61=19 gh60=0x49884a6 W1=0x2fb,0x3bb2,0x8c7 W2=0x208,0x1b7f,0xbd9
  witness[03] tail=23 r61=19 gh60=0x4bedd9a W1=0x20a6,0x37bd,0x34a0 W2=0x1fb3,0x1232,0x3a06
  witness[04] tail=23 r61=22 gh60=0xcb0c79a W1=0x33ca,0x24a,0x2fab W2=0x32d7,0x450,0x1d09
  witness[05] tail=23 r61=23 gh60=0xcd8dca6 W1=0x3c,0x2a6b,0x719 W2=0x3f49,0x267a,0xd02
  witness[06] tail=24 r61=22 gh60=0x5bd8f7a W1=0x17d9,0x2826,0x3b6a W2=0x16e6,0x3049,0x1f75
  witness[07] tail=24 r61=23 gh60=0x3b84d9a W1=0x266a,0x883,0x3475 W2=0x2577,0x39da,0x1b80
  witness[08] tail=24 r61=25 gh60=0x773456e W1=0x250,0x2e5,0x1e3 W2=0x15d,0x291c,0x2238
  witness[09] tail=25 r61=17 gh60=0xb9a8b9e W1=0x967,0x37bd,0x22cc W2=0x874,0x2b57,0x2ab4
  witness[10] tail=25 r61=17 gh60=0x7488daa W1=0x18bd,0xfbf,0x5fb W2=0x17ca,0x2a02,0x2310
  witness[11] tail=25 r61=17 gh60=0x45bccaa W1=0x25fe,0x1992,0x229c W2=0x250b,0x2142,0x321e
  witness[12] tail=25 r61=19 gh60=0xb6f856a W1=0x2ad1,0x353,0x22cb W2=0x29de,0x3de9,0x104e
  witness[13] tail=25 r61=21 gh60=0x4c9c5a6 W1=0x12ac,0x3c11,0x1370 W2=0x11b9,0x2157,0x1e81
  witness[14] tail=25 r61=21 gh60=0xc555dbe W1=0x3eb8,0x21f1,0x9cd W2=0x3dc5,0x2c39,0x1166
  witness[15] tail=25 r61=22 gh60=0x489cba6 W1=0x5b4,0x2a13,0x2fa W2=0x4c1,0x31e8,0x239f

Scan-only r61 registry
  registry_count=16 registry_cap=16
  r61_witness[00] r61=14 tail=31 gh60=0x4885bba W1=0x1dba,0x161,0xaa6 W2=0x1cc7,0x339d,0x27a4
  r61_witness[01] r61=15 tail=29 gh60=0x49d4b9a W1=0x5c6,0x1e86,0xe46 W2=0x4d3,0x1edd,0x1ff0
  r61_witness[02] r61=15 tail=29 gh60=0x59244a6 W1=0x2d44,0xb52,0x2f28 W2=0x2c51,0x18d0,0x28be
  r61_witness[03] r61=15 tail=30 gh60=0xca08de6 W1=0x369b,0x419,0x902 W2=0x35a8,0x2f43,0x884
  r61_witness[04] r61=15 tail=32 gh60=0xc8884ae W1=0x253f,0x8be,0x13c5 W2=0x244c,0x284e,0x3959
  r61_witness[05] r61=16 tail=28 gh60=0x4884cba W1=0x393a,0x3b78,0x1bea W2=0x3847,0x2d30,0x276a
  r61_witness[06] r61=16 tail=29 gh60=0xc714f6e W1=0x17d0,0x2fe2,0x1c21 W2=0x16dd,0x3b26,0x2456
  r61_witness[07] r61=16 tail=29 gh60=0x46045e6 W1=0x348c,0x2491,0x92d W2=0x3399,0x2a4f,0x23a4
  r61_witness[08] r61=16 tail=31 gh60=0x4568de6 W1=0x26a3,0x2f79,0x21af W2=0x25b0,0x24d7,0x6f
  r61_witness[09] r61=16 tail=33 gh60=0x48784a6 W1=0x33b,0x3f2e,0x1ca2 W2=0x248,0x1e7b,0x100c
  r61_witness[10] r61=16 tail=34 gh60=0x5a08bea W1=0x9a1,0x107d,0x353a W2=0x8ae,0xb00,0x1aa0
  r61_witness[11] r61=16 tail=36 gh60=0x4b09d6e W1=0x3ecf,0xb6b,0x225 W2=0x3ddc,0x2f36,0x20b8
  r61_witness[12] r61=16 tail=37 gh60=0xca0ddee W1=0x1ea0,0xc8e,0x1b53 W2=0x1dad,0x34be,0x35f7
  r61_witness[13] r61=16 tail=39 gh60=0x4a284fa W1=0xa19,0x925,0x210e W2=0x926,0x2a2d,0x3510
  r61_witness[14] r61=16 tail=40 gh60=0x4a344fa W1=0x1a16,0x16b7,0x3e25 W2=0x1923,0x9f0,0x3445
  r61_witness[15] r61=17 tail=23 gh60=0xc68bca6 W1=0xeeb,0x8f2,0x2087 W2=0xdf8,0x1808,0x13f5

D60=0 fiber histogram: 1:8066 2:4715 3:1821 4:1051 5:413 6:227 7:78 8:78 9:41 10:17 11:5 12:4 13:6 14:2 15:2 16:3 18:1
