free_word_mitm_reducedn
N=14 mask=0x3fff msb=0x2000
candidate: M0=0x3d36 mode=random-fallback fill=0x3fff kernel=dM0=dM9=0x2000
prefixes=32768/268435456 mode=permuted-prefix-sample w59_per_prefix=16384 total=536870912
run_mode=scan registry_cap=16
sample_start=60719104
scan_elapsed=18.666s rate=28.76 Mtriples/s

D60 interface
  D60=0 matches: 32939 (random expectation 32768.0, enrichment 1.005x)
  prefixes with D60=0: 16636
  max D60=0 fiber per prefix: 18 at W57=0x3f9a W58=0x3fe1
  largest D60 bucket: D=0xcb8 count=33853
  min D60 HW: 0
  D60 HW histogram: 0:32939 1:456891 2:2978737 3:11914894 4:32818907 5:65655635 6:98475708 7:112498437 8:98383442 9:65557794 10:32739414 11:11897064 12:2972127 13:456601 14:32322

Tail closure among D60=0 matches
  final tail collisions: 0
  best r61 HW: 15
  best r61 W1[57..59]=0xd,0x383,0x273c
  best r61 W2[57..59]=0x3f1a,0x5c6,0x2d21
  best tail HW: 23
  best tail r61 HW: 21
  best W1[57..59]=0x1254,0x3f12,0x407
  best W2[57..59]=0x1161,0x4a,0x325d

SUMMARY N=14 sample_start=60719104 prefixes=32768 total=536870912 d0=32939 best_tail=23 tail_r61=21 best_r61=15 tail_W1=0x1254,0x3f12,0x407 tail_W2=0x1161,0x4a,0x325d r61_W1=0xd,0x383,0x273c r61_W2=0x3f1a,0x5c6,0x2d21

Scan-only witness registry
  registry_count=16 registry_cap=16
  witness[00] tail=23 r61=21 gh60=0xd524566 W1=0x1254,0x3f12,0x407 W2=0x1161,0x4a,0x325d
  witness[01] tail=24 r61=26 gh60=0xf71856a W1=0x3a51,0x3d21,0xfe8 W2=0x395e,0x2d3,0x16d1
  witness[02] tail=25 r61=16 gh60=0x5a2c4fe W1=0x1318,0x4ed,0x1142 W2=0x1225,0x2296,0x3ab5
  witness[03] tail=25 r61=20 gh60=0x46e85fa W1=0x1c95,0x258,0x2000 W2=0x1ba2,0x3f4,0x213e
  witness[04] tail=25 r61=23 gh60=0x7d5cd7a W1=0x1856,0x27ea,0x2f54 W2=0x1763,0x17b6,0x16cb
  witness[05] tail=25 r61=24 gh60=0xdbe9d9a W1=0x3e65,0x160e,0x1887 W2=0x3d72,0x906,0x1254
  witness[06] tail=25 r61=30 gh60=0xfb6c7a6 W1=0x3c4,0xc94,0x27de W2=0x2d1,0x35f8,0x534
  witness[07] tail=26 r61=17 gh60=0x5909b66 W1=0x3ddb,0x2cde,0x8b1 W2=0x3ce8,0x3026,0x258d
  witness[08] tail=26 r61=21 gh60=0xc628cfe W1=0x917,0x3d4d,0x2929 W2=0x824,0x35a4,0x2691
  witness[09] tail=26 r61=21 gh60=0xd5984a6 W1=0x39f3,0x3790,0x6fd W2=0x3900,0x357d,0xe51
  witness[10] tail=26 r61=21 gh60=0xdaa5ca6 W1=0x3ff4,0x3a5f,0x326a W2=0x3f01,0x128e,0x361f
  witness[11] tail=26 r61=22 gh60=0x4e77c9a W1=0x3106,0xe11,0x3080 W2=0x3013,0x2762,0x354
  witness[12] tail=26 r61=22 gh60=0xcf7459a W1=0x3ca6,0x30b,0x3116 W2=0x3bb3,0x3145,0x34
  witness[13] tail=26 r61=23 gh60=0x7c8c5aa W1=0x12be,0xa6f,0x1f5c W2=0x11cb,0x1688,0x291a
  witness[14] tail=26 r61=23 gh60=0xcb2877a W1=0x1bd5,0x3fba,0x95 W2=0x1ae2,0x3c9a,0xbba
  witness[15] tail=26 r61=23 gh60=0xb62bd9a W1=0x3085,0x1d25,0x3a13 W2=0x2f92,0x3259,0x48a

Scan-only r61 registry
  registry_count=16 registry_cap=16
  r61_witness[00] r61=15 tail=28 gh60=0xc63bfee W1=0xf9f,0x1003,0xb3 W2=0xeac,0x31be,0x1a53
  r61_witness[01] r61=15 tail=32 gh60=0x5a844a6 W1=0x1bfc,0x3a13,0x14a9 W2=0x1b09,0x6df,0x1b19
  r61_witness[02] r61=15 tail=34 gh60=0x460459a W1=0x3c8a,0x248a,0x1fb0 W2=0x3b97,0x2366,0x2de9
  r61_witness[03] r61=15 tail=35 gh60=0xc508566 W1=0x145b,0x1820,0x176e W2=0x1368,0x1659,0x1ea
  r61_witness[04] r61=15 tail=36 gh60=0x4a09cea W1=0xd,0x383,0x273c W2=0x3f1a,0x5c6,0x2d21
  r61_witness[05] r61=16 tail=25 gh60=0x5a2c4fe W1=0x1318,0x4ed,0x1142 W2=0x1225,0x2296,0x3ab5
  r61_witness[06] r61=16 tail=30 gh60=0x490449a W1=0x2d4a,0xc0e,0x2099 W2=0x2c57,0x3292,0xaf8
  r61_witness[07] r61=16 tail=32 gh60=0xd899caa W1=0x213d,0x326e,0x3edd W2=0x204a,0x325d,0x186d
  r61_witness[08] r61=16 tail=34 gh60=0x39644a6 W1=0x1d34,0x316e,0x1b4a W2=0x1c41,0xedc,0x1c1d
  r61_witness[09] r61=16 tail=36 gh60=0x49a47ea W1=0x3ba2,0x39b4,0x3464 W2=0x3aaf,0x3817,0x4a7
  r61_witness[10] r61=17 tail=26 gh60=0x5909b66 W1=0x3ddb,0x2cde,0x8b1 W2=0x3ce8,0x3026,0x258d
  r61_witness[11] r61=17 tail=29 gh60=0x460dce6 W1=0x11c,0x20dc,0x314d W2=0x29,0xb71,0x39ab
  r61_witness[12] r61=17 tail=29 gh60=0xda09cee W1=0x11f,0x324f,0xded W2=0x2c,0xc96,0x1dfe
  r61_witness[13] r61=17 tail=29 gh60=0xc889ca6 W1=0x12b,0x3ff1,0x102a W2=0x38,0x380b,0x263b
  r61_witness[14] r61=17 tail=29 gh60=0x550cd66 W1=0x185c,0xebb,0xa60 W2=0x1769,0xef6,0x330c
  r61_witness[15] r61=17 tail=29 gh60=0x4d08566 W1=0x345b,0x1a15,0x25b6 W2=0x3368,0x2256,0x2617

D60=0 fiber histogram: 1:8047 2:4800 3:1820 4:1064 5:432 6:240 7:76 8:72 9:35 10:28 11:10 12:6 13:1 14:2 15:1 17:1 18:1
