free_word_mitm_reducedn
N=14 mask=0x3fff msb=0x2000
candidate: M0=0x3d36 mode=random-fallback fill=0x3fff kernel=dM0=dM9=0x2000
prefixes=32768/268435456 mode=permuted-prefix-sample w59_per_prefix=16384 total=536870912
run_mode=scan registry_cap=16
sample_start=111050752
scan_elapsed=18.909s rate=28.39 Mtriples/s

D60 interface
  D60=0 matches: 32819 (random expectation 32768.0, enrichment 1.002x)
  prefixes with D60=0: 16708
  max D60=0 fiber per prefix: 18 at W57=0x1fdf W58=0x326f
  largest D60 bucket: D=0x76f count=33884
  min D60 HW: 0
  D60 HW histogram: 0:32819 1:457706 2:2983328 3:11936201 4:32836063 5:65664463 6:98453472 7:112447819 8:98359588 9:65559223 10:32773549 11:11905440 12:2972003 13:456853 14:32385

Tail closure among D60=0 matches
  final tail collisions: 0
  best r61 HW: 13
  best r61 W1[57..59]=0x13f5,0xfeb,0x15fe
  best r61 W2[57..59]=0x1302,0x725,0x6d8
  best tail HW: 23
  best tail r61 HW: 19
  best W1[57..59]=0x20c,0x1217,0x3275
  best W2[57..59]=0x119,0x30e9,0x244

SUMMARY N=14 sample_start=111050752 prefixes=32768 total=536870912 d0=32819 best_tail=23 tail_r61=19 best_r61=13 tail_W1=0x20c,0x1217,0x3275 tail_W2=0x119,0x30e9,0x244 r61_W1=0x13f5,0xfeb,0x15fe r61_W2=0x1302,0x725,0x6d8

Scan-only witness registry
  registry_count=16 registry_cap=16
  witness[00] tail=23 r61=16 gh60=0xd954b7e W1=0x25d8,0x2303,0x1f6b W2=0x24e5,0x1d27,0xe20
  witness[01] tail=23 r61=19 gh60=0xca044e6 W1=0x20c,0x1217,0x3275 W2=0x119,0x30e9,0x244
  witness[02] tail=23 r61=23 gh60=0x5fb84ba W1=0x3bf9,0x22aa,0x955 W2=0x3b06,0x1a28,0x2bb0
  witness[03] tail=24 r61=17 gh60=0xd6847a6 W1=0x237c,0x47e,0x3ef3 W2=0x2289,0x30c4,0x2239
  witness[04] tail=24 r61=17 gh60=0xca5bf9a W1=0x2f89,0x1648,0x4d2 W2=0x2e96,0x3f20,0x22e4
  witness[05] tail=24 r61=24 gh60=0x5fb85a6 W1=0x34ab,0x229a,0x3218 W2=0x33b8,0x27cf,0x3543
  witness[06] tail=25 r61=14 gh60=0x4904b66 W1=0x39dc,0x11ec,0x3140 W2=0x38e9,0x23b7,0x26b5
  witness[07] tail=25 r61=16 gh60=0xde2fb9a W1=0x2d86,0x462,0x128d W2=0x2c93,0x334b,0x15cc
  witness[08] tail=25 r61=16 gh60=0xbd0bd6a W1=0x30d1,0x226d,0x54d W2=0x2fde,0xd5c,0xed7
  witness[09] tail=25 r61=18 gh60=0x7a184e6 W1=0x131b,0xe75,0x5a9 W2=0x1228,0x3f36,0x3a05
  witness[10] tail=25 r61=19 gh60=0x488c4a6 W1=0x3b3c,0x356a,0x1831 W2=0x3a49,0x15b6,0x2be
  witness[11] tail=25 r61=20 gh60=0xc938b7e W1=0x957,0x3cc9,0x1a04 W2=0x864,0x35ec,0x31b4
  witness[12] tail=25 r61=21 gh60=0xc66dfbe W1=0x1f78,0x349a,0x354d W2=0x1e85,0x2972,0x25b8
  witness[13] tail=25 r61=22 gh60=0xcc845a6 W1=0x4bc,0x834,0x215b W2=0x3c9,0x3d6a,0x190d
  witness[14] tail=25 r61=23 gh60=0xba58f9a W1=0x1769,0x7f8,0x3546 W2=0x1676,0x178e,0x93b
  witness[15] tail=25 r61=23 gh60=0xfe55b9e W1=0x3d88,0x6fb,0x5d0 W2=0x3c95,0x3ce0,0x1e6a

Scan-only r61 registry
  registry_count=16 registry_cap=16
  r61_witness[00] r61=13 tail=32 gh60=0x46684ba W1=0x13f5,0xfeb,0x15fe W2=0x1302,0x725,0x6d8
  r61_witness[01] r61=14 tail=25 gh60=0x4904b66 W1=0x39dc,0x11ec,0x3140 W2=0x38e9,0x23b7,0x26b5
  r61_witness[02] r61=14 tail=31 gh60=0x489bca6 W1=0x2f33,0x1f07,0x3158 W2=0x2e40,0x839,0x1e80
  r61_witness[03] r61=14 tail=34 gh60=0x4a88ca6 W1=0x36fb,0x3768,0x2953 W2=0x3608,0x2474,0x3c8
  r61_witness[04] r61=15 tail=27 gh60=0xc6045fa W1=0x49a,0x2e2,0x1758 W2=0x3a7,0x33f7,0x1b93
  r61_witness[05] r61=15 tail=28 gh60=0x5a89dae W1=0x206f,0x3e85,0x1c3 W2=0x1f7c,0x22d0,0x207a
  r61_witness[06] r61=15 tail=28 gh60=0xd7784aa W1=0x2b41,0x781,0x4b5 W2=0x2a4e,0xf31,0x567
  r61_witness[07] r61=15 tail=30 gh60=0x4a884ae W1=0x29ff,0x222d,0xd49 W2=0x290c,0xe3d,0x2bc7
  r61_witness[08] r61=15 tail=36 gh60=0x4905b66 W1=0x1d4c,0x4c7,0x3fbb W2=0x1c59,0x920,0x210e
  r61_witness[09] r61=15 tail=36 gh60=0xcb0fb6e W1=0x2d50,0x2af4,0x1a5c W2=0x2c5d,0x1314,0x2ade
  r61_witness[10] r61=16 tail=23 gh60=0xd954b7e W1=0x25d8,0x2303,0x1f6b W2=0x24e5,0x1d27,0xe20
  r61_witness[11] r61=16 tail=25 gh60=0xde2fb9a W1=0x2d86,0x462,0x128d W2=0x2c93,0x334b,0x15cc
  r61_witness[12] r61=16 tail=25 gh60=0xbd0bd6a W1=0x30d1,0x226d,0x54d W2=0x2fde,0xd5c,0xed7
  r61_witness[13] r61=16 tail=30 gh60=0xca28b9e W1=0x587,0x22bf,0x192a W2=0x494,0x1b91,0x3649
  r61_witness[14] r61=16 tail=31 gh60=0x46684ba W1=0x23f9,0x2e42,0x192c W2=0x2306,0x1544,0x1ac9
  r61_witness[15] r61=16 tail=32 gh60=0xd6a879a W1=0x2369,0x222c,0xa3a W2=0x2276,0x247f,0x2155

D60=0 fiber histogram: 1:8150 2:4794 3:1818 4:1126 5:368 6:224 7:85 8:68 9:29 10:22 11:8 12:5 13:2 14:2 15:1 16:3 18:3
