free_word_mitm_reducedn
N=14 mask=0x3fff msb=0x2000
candidate: M0=0x3d36 mode=random-fallback fill=0x3fff kernel=dM0=dM9=0x2000
prefixes=32768/268435456 mode=permuted-prefix-sample w59_per_prefix=16384 total=536870912
run_mode=scan registry_cap=16
sample_start=148340736
scan_elapsed=21.137s rate=25.40 Mtriples/s

D60 interface
  D60=0 matches: 33047 (random expectation 32768.0, enrichment 1.009x)
  prefixes with D60=0: 16524
  max D60=0 fiber per prefix: 22 at W57=0x3f82 W58=0xb51
  largest D60 bucket: D=0x2a26 count=33872
  min D60 HW: 0
  D60 HW histogram: 0:33047 1:458350 2:2972710 3:11919042 4:32797472 5:65627688 6:98463130 7:112504866 8:98397795 9:65561287 10:32771966 11:11905460 12:2970019 13:455756 14:32324

Tail closure among D60=0 matches
  final tail collisions: 0
  best r61 HW: 13
  best r61 W1[57..59]=0x1f41,0x1801,0x5b4
  best r61 W2[57..59]=0x1e4e,0x19b4,0x739
  best tail HW: 17
  best tail r61 HW: 17
  best W1[57..59]=0xa06,0x2772,0x1c0e
  best W2[57..59]=0x913,0xc06,0x1d20

SUMMARY N=14 sample_start=148340736 prefixes=32768 total=536870912 d0=33047 best_tail=17 tail_r61=17 best_r61=13 tail_W1=0xa06,0x2772,0x1c0e tail_W2=0x913,0xc06,0x1d20 r61_W1=0x1f41,0x1801,0x5b4 r61_W2=0x1e4e,0x19b4,0x739

Scan-only witness registry
  registry_count=16 registry_cap=16
  witness[00] tail=17 r61=17 gh60=0x4a3449a W1=0xa06,0x2772,0x1c0e W2=0x913,0xc06,0x1d20
  witness[01] tail=22 r61=16 gh60=0xb498da6 W1=0x38bb,0x26e9,0x346f W2=0x37c8,0x290d,0x1cbe
  witness[02] tail=22 r61=20 gh60=0xfd6bd9a W1=0xec5,0x3d17,0x2794 W2=0xdd2,0x23bb,0x1e5
  witness[03] tail=23 r61=19 gh60=0x4eb85aa W1=0x1a6d,0x61,0x2255 W2=0x197a,0x1c85,0xbc0
  witness[04] tail=23 r61=20 gh60=0xde05ce6 W1=0x1e0c,0x3219,0x26dc W2=0x1d19,0x122e,0x1b21
  witness[05] tail=23 r61=26 gh60=0xdab5bae W1=0x3d70,0x1280,0x2bfb W2=0x3c7d,0x91c,0x1cba
  witness[06] tail=24 r61=18 gh60=0xc705d66 W1=0x1e4c,0x3595,0x3ff0 W2=0x1d59,0x93e,0x326d
  witness[07] tail=24 r61=19 gh60=0x4ab84ba W1=0x9f5,0x24c9,0x2915 W2=0x902,0xa07,0x2833
  witness[08] tail=24 r61=20 gh60=0x4e3fbaa W1=0xd82,0x25f9,0x184 W2=0xc8f,0xded,0x236d
  witness[09] tail=24 r61=21 gh60=0x7e3c4ea W1=0x2c1e,0x133,0x1b39 W2=0x2b2b,0xade,0x2bd1
  witness[10] tail=24 r61=25 gh60=0xf91876a W1=0x1bd1,0x2331,0x3d67 W2=0x1ade,0x3093,0x3b74
  witness[11] tail=25 r61=19 gh60=0x59bfca6 W1=0xf2c,0x3701,0x25cf W2=0xe39,0x359c,0x1255
  witness[12] tail=25 r61=21 gh60=0x4e087ee W1=0x238f,0xd99,0x110c W2=0x229c,0x467,0x1039
  witness[13] tail=25 r61=25 gh60=0xd999cae W1=0x12f,0x29e2,0x3d18 W2=0x3c,0x1c1,0x17e6
  witness[14] tail=26 r61=16 gh60=0xc78bca6 W1=0x113b,0x1689,0x6ba W2=0x1048,0x78f,0x2c5d
  witness[15] tail=26 r61=19 gh60=0x46d8c9e W1=0x18e7,0x1454,0x39ce W2=0x17f4,0x1fca,0x1b7f

Scan-only r61 registry
  registry_count=16 registry_cap=16
  r61_witness[00] r61=13 tail=31 gh60=0x4889caa W1=0x1f41,0x1801,0x5b4 W2=0x1e4e,0x19b4,0x739
  r61_witness[01] r61=15 tail=29 gh60=0x4a184ea W1=0x51d,0x216,0x36f2 W2=0x42a,0x7fc,0x10c4
  r61_witness[02] r61=15 tail=29 gh60=0x4508566 W1=0x3c4b,0x162,0x28a0 W2=0x3b58,0x8b1,0xee5
  r61_witness[03] r61=15 tail=33 gh60=0xc9a4ca6 W1=0x2734,0x2df8,0x600 W2=0x2641,0x1a25,0x20a3
  r61_witness[04] r61=15 tail=33 gh60=0x45ebcfe W1=0x2f17,0x2f25,0x1d67 W2=0x2e24,0x17fc,0x55f
  r61_witness[05] r61=15 tail=33 gh60=0xc88c7aa W1=0x33ae,0x207d,0xebf W2=0x32bb,0x31c6,0x2fd6
  r61_witness[06] r61=16 tail=22 gh60=0xb498da6 W1=0x38bb,0x26e9,0x346f W2=0x37c8,0x290d,0x1cbe
  r61_witness[07] r61=16 tail=26 gh60=0xc78bca6 W1=0x113b,0x1689,0x6ba W2=0x1048,0x78f,0x2c5d
  r61_witness[08] r61=16 tail=28 gh60=0x4f1c49a W1=0x124a,0x3bb8,0x1870 W2=0x1157,0x2ff6,0x2448
  r61_witness[09] r61=16 tail=31 gh60=0x5878ca6 W1=0x372b,0x10ce,0xc61 W2=0x3638,0x3c6a,0x3bba
  r61_witness[10] r61=16 tail=33 gh60=0x4a08bea W1=0x359d,0x2232,0x165 W2=0x34aa,0x24ad,0x12f2
  r61_witness[11] r61=16 tail=35 gh60=0x4e24ce6 W1=0x1814,0x2b79,0x2ff0 W2=0x1721,0x13a0,0x80e
  r61_witness[12] r61=17 tail=17 gh60=0x4a3449a W1=0xa06,0x2772,0x1c0e W2=0x913,0xc06,0x1d20
  r61_witness[13] r61=17 tail=28 gh60=0x558dcba W1=0x1ffa,0x204,0x3a73 W2=0x1f07,0x22f8,0xb3e
  r61_witness[14] r61=17 tail=29 gh60=0xc498caa W1=0x2641,0x2b35,0x94c W2=0x254e,0x32a4,0x2210
  r61_witness[15] r61=17 tail=30 gh60=0x4a28fa6 W1=0x2783,0x1089,0x4c9 W2=0x2690,0x366d,0x3cfa

D60=0 fiber histogram: 1:7948 2:4753 3:1776 4:1133 5:429 6:238 7:85 8:75 9:27 10:23 11:11 12:10 13:1 14:6 15:2 16:3 17:1 18:1 19:1 22:1
