free_word_mitm_reducedn
N=14 mask=0x3fff msb=0x2000
candidate: M0=0x3d36 mode=random-fallback fill=0x3fff kernel=dM0=dM9=0x2000
prefixes=32768/268435456 mode=permuted-prefix-sample w59_per_prefix=16384 total=536870912
run_mode=scan registry_cap=16
sample_start=47677440
scan_elapsed=21.673s rate=24.77 Mtriples/s

D60 interface
  D60=0 matches: 32745 (random expectation 32768.0, enrichment 0.999x)
  prefixes with D60=0: 16592
  max D60=0 fiber per prefix: 16 at W57=0x370d W58=0x1e8f
  largest D60 bucket: D=0x2a2e count=33882
  min D60 HW: 0
  D60 HW histogram: 0:32745 1:456722 2:2972199 3:11901000 4:32762671 5:65569014 6:98419029 7:112506138 8:98451393 9:65618656 10:32791261 11:11921373 12:2978769 13:457397 14:32545

Tail closure among D60=0 matches
  final tail collisions: 0
  best r61 HW: 12
  best r61 W1[57..59]=0xe2f,0xa5a,0x2290
  best r61 W2[57..59]=0xd3c,0x3139,0x2378
  best tail HW: 23
  best tail r61 HW: 16
  best W1[57..59]=0x2741,0x3564,0xa3d
  best W2[57..59]=0x264e,0x3893,0x1766

SUMMARY N=14 sample_start=47677440 prefixes=32768 total=536870912 d0=32745 best_tail=23 tail_r61=16 best_r61=12 tail_W1=0x2741,0x3564,0xa3d tail_W2=0x264e,0x3893,0x1766 r61_W1=0xe2f,0xa5a,0x2290 r61_W2=0xd3c,0x3139,0x2378

Scan-only witness registry
  registry_count=16 registry_cap=16
  witness[00] tail=23 r61=16 gh60=0xc998caa W1=0x2741,0x3564,0xa3d W2=0x264e,0x3893,0x1766
  witness[01] tail=23 r61=17 gh60=0x791ccaa W1=0x3742,0x248,0x5c9 W2=0x364f,0x169c,0x1e5e
  witness[02] tail=23 r61=19 gh60=0x5968cbe W1=0x937,0x9d4,0x2130 W2=0x844,0x3b3,0x10d2
  witness[03] tail=23 r61=20 gh60=0x4b98da6 W1=0x26bb,0x79b,0x1d04 W2=0x25c8,0x1f3f,0x13d4
  witness[04] tail=23 r61=23 gh60=0xfef44ee W1=0x1420,0x385f,0x1105 W2=0x132d,0x2366,0x3693
  witness[05] tail=24 r61=15 gh60=0x5a28cfa W1=0x719,0x74c,0x15b7 W2=0x626,0x2983,0x914
  witness[06] tail=24 r61=18 gh60=0xc529d7a W1=0x3e55,0x33e3,0x25fb W2=0x3d62,0x2056,0x1914
  witness[07] tail=24 r61=22 gh60=0xfe3859a W1=0xc85,0x128,0x16c6 W2=0xb92,0x3017,0x2d01
  witness[08] tail=24 r61=22 gh60=0x4b9dca6 W1=0x1e2c,0x1bd7,0x25d4 W2=0x1d39,0x3d72,0x44b
  witness[09] tail=24 r61=23 gh60=0xcf34d6a W1=0x16de,0x1fb2,0x195f W2=0x15eb,0x2dfa,0x17bf
  witness[10] tail=25 r61=12 gh60=0x448bcae W1=0xe2f,0xa5a,0x2290 W2=0xd3c,0x3139,0x2378
  witness[11] tail=25 r61=14 gh60=0xc4884aa W1=0x2c31,0x2f70,0x3f94 W2=0x2b3e,0x3370,0x3881
  witness[12] tail=25 r61=17 gh60=0xca184e6 W1=0x1b13,0xc27,0x2562 W2=0x1a20,0x200c,0x19f7
  witness[13] tail=25 r61=18 gh60=0x493cca6 W1=0x2944,0xb35,0x298 W2=0x2851,0x14f2,0x3fd
  witness[14] tail=25 r61=22 gh60=0xdfacbbe W1=0x1578,0x1563,0x3f2a W2=0x1485,0x1cfb,0x3d70
  witness[15] tail=26 r61=15 gh60=0xcb8cd9a W1=0x26aa,0xcc8,0x56d W2=0x25b7,0x3db3,0x608

Scan-only r61 registry
  registry_count=16 registry_cap=16
  r61_witness[00] r61=12 tail=25 gh60=0x448bcae W1=0xe2f,0xa5a,0x2290 W2=0xd3c,0x3139,0x2378
  r61_witness[01] r61=14 tail=25 gh60=0xc4884aa W1=0x2c31,0x2f70,0x3f94 W2=0x2b3e,0x3370,0x3881
  r61_witness[02] r61=14 tail=34 gh60=0x49887a6 W1=0xbbb,0x147c,0x1a7 W2=0xac8,0x3fbf,0x2f08
  r61_witness[03] r61=14 tail=34 gh60=0xc50bd66 W1=0xe5b,0x3da5,0x54a W2=0xd68,0x441,0x3ea3
  r61_witness[04] r61=15 tail=24 gh60=0x5a28cfa W1=0x719,0x74c,0x15b7 W2=0x626,0x2983,0x914
  r61_witness[05] r61=15 tail=26 gh60=0xcb8cd9a W1=0x26aa,0xcc8,0x56d W2=0x25b7,0x3db3,0x608
  r61_witness[06] r61=15 tail=31 gh60=0xf908b6a W1=0x15e1,0x32e1,0x24cd W2=0x14ee,0x3d18,0x1cf8
  r61_witness[07] r61=15 tail=31 gh60=0x5508566 W1=0x225b,0x217b,0x171a W2=0x2168,0x3290,0x1db
  r61_witness[08] r61=15 tail=36 gh60=0x5a28cfa W1=0x719,0x74c,0x15bb W2=0x626,0x2983,0x918
  r61_witness[09] r61=16 tail=23 gh60=0xc998caa W1=0x2741,0x3564,0xa3d W2=0x264e,0x3893,0x1766
  r61_witness[10] r61=16 tail=30 gh60=0xc50856a W1=0x2ce1,0x212f,0x2337 W2=0x2bee,0x1e51,0x3183
  r61_witness[11] r61=16 tail=32 gh60=0xd90876a W1=0x2b5d,0x18b6,0x396e W2=0x2a6a,0x11fc,0x1a59
  r61_witness[12] r61=16 tail=33 gh60=0x4a184e6 W1=0x1c13,0xe56,0x31d9 W2=0x1b20,0x304b,0x1c8d
  r61_witness[13] r61=16 tail=34 gh60=0x468c5aa W1=0x3c6e,0x38a8,0x3c93 W2=0x3b7b,0x841,0x23ba
  r61_witness[14] r61=16 tail=35 gh60=0x3a04be6 W1=0x258c,0x884,0x339f W2=0x2499,0x12cf,0x2a0b
  r61_witness[15] r61=16 tail=36 gh60=0xcb0856a W1=0xc5d,0x1505,0x1938 W2=0xb6a,0x2003,0x199e

D60=0 fiber histogram: 1:8071 2:4758 3:1780 4:1120 5:411 6:224 7:65 8:87 9:23 10:30 11:9 12:7 13:2 14:4 16:1
