free_word_mitm_reducedn
N=14 mask=0x3fff msb=0x2000
candidate: M0=0x3d36 mode=random-fallback fill=0x3fff kernel=dM0=dM9=0x2000
prefixes=32768/268435456 mode=permuted-prefix-sample w59_per_prefix=16384 total=536870912
run_mode=scan registry_cap=16
sample_start=190283776
scan_elapsed=21.027s rate=25.53 Mtriples/s

D60 interface
  D60=0 matches: 32396 (random expectation 32768.0, enrichment 0.989x)
  prefixes with D60=0: 16528
  max D60=0 fiber per prefix: 16 at W57=0x16bb W58=0x3681
  largest D60 bucket: D=0xfb7 count=34012
  min D60 HW: 0
  D60 HW histogram: 0:32396 1:457550 2:2979174 3:11932715 4:32806260 5:65612975 6:98427922 7:112468601 8:98381852 9:65581098 10:32792411 11:11922312 12:2982865 13:460303 14:32478

Tail closure among D60=0 matches
  final tail collisions: 0
  best r61 HW: 15
  best r61 W1[57..59]=0x3411,0x292a,0x11df
  best r61 W2[57..59]=0x331e,0x334,0x27f5
  best tail HW: 20
  best tail r61 HW: 18
  best W1[57..59]=0x2b69,0x3058,0x366f
  best W2[57..59]=0x2a76,0x32a9,0x25ba

SUMMARY N=14 sample_start=190283776 prefixes=32768 total=536870912 d0=32396 best_tail=20 tail_r61=18 best_r61=15 tail_W1=0x2b69,0x3058,0x366f tail_W2=0x2a76,0x32a9,0x25ba r61_W1=0x3411,0x292a,0x11df r61_W2=0x331e,0x334,0x27f5

Scan-only witness registry
  registry_count=16 registry_cap=16
  witness[00] tail=20 r61=18 gh60=0x5a6879a W1=0x2b69,0x3058,0x366f W2=0x2a76,0x32a9,0x25ba
  witness[01] tail=20 r61=19 gh60=0x5d9c5aa W1=0x326e,0x30bd,0x3598 W2=0x317b,0x3c56,0x1601
  witness[02] tail=21 r61=21 gh60=0xca2879a W1=0xb85,0x50e,0x1db8 W2=0xa92,0x379d,0x3d1a
  witness[03] tail=21 r61=22 gh60=0xb60ddfa W1=0x9a,0x3ac5,0x13aa W2=0x3fa7,0x2599,0x30ef
  witness[04] tail=23 r61=20 gh60=0x5b39b6a W1=0x14d,0x3df7,0x166e W2=0x5a,0x2536,0xd5c
  witness[05] tail=24 r61=17 gh60=0x4554d7a W1=0x3656,0x1e35,0x1877 W2=0x3563,0xc29,0x2950
  witness[06] tail=24 r61=20 gh60=0x4a18d9a W1=0x2685,0x3c18,0x28d4 W2=0x2592,0x2bce,0x112f
  witness[07] tail=24 r61=23 gh60=0x37887aa W1=0x2371,0x255a,0xbc W2=0x227e,0x2822,0xccf
  witness[08] tail=25 r61=19 gh60=0x462c4e6 W1=0x2414,0x17ad,0x1d11 W2=0x2321,0x3691,0x3ffe
  witness[09] tail=25 r61=20 gh60=0x3dd849a W1=0x3509,0x20f4,0x23ce W2=0x3416,0x1789,0x1084
  witness[10] tail=25 r61=21 gh60=0xba14cee W1=0x910,0x1d66,0x3b51 W2=0x81d,0xa4e,0x15
  witness[11] tail=25 r61=21 gh60=0x5a244a6 W1=0x1d04,0x3b70,0x12f8 W2=0x1c11,0x186e,0x1236
  witness[12] tail=25 r61=22 gh60=0xf9abce6 W1=0xf23,0x10bd,0x2649 W2=0xe30,0x3ff5,0x10a0
  witness[13] tail=25 r61=23 gh60=0x5aa4566 W1=0xa64,0x372d,0x3773 W2=0x971,0x2c7b,0x2490
  witness[14] tail=25 r61=23 gh60=0xb5ecf6a W1=0x37e2,0x3113,0x41a W2=0x36ef,0x3447,0x3d01
  witness[15] tail=25 r61=25 gh60=0xb588daa W1=0x8ad,0x2e8f,0x51b W2=0x7ba,0x38e2,0x3448

Scan-only r61 registry
  registry_count=16 registry_cap=16
  r61_witness[00] r61=15 tail=33 gh60=0xca0bbea W1=0x118d,0x1c8d,0x3434 W2=0x109a,0x3c54,0x266d
  r61_witness[01] r61=15 tail=34 gh60=0xca0c4e6 W1=0x1d1c,0x12c9,0x3efe W2=0x1c29,0xf9d,0x3dd8
  r61_witness[02] r61=15 tail=36 gh60=0x451fd7a W1=0x2eda,0x1307,0x102e W2=0x2de7,0x334b,0x14aa
  r61_witness[03] r61=15 tail=36 gh60=0x5a084ea W1=0x3411,0x292a,0x11df W2=0x331e,0x334,0x27f5
  r61_witness[04] r61=16 tail=26 gh60=0xc489cae W1=0x3e2f,0x3554,0x25f7 W2=0x3d3c,0x2333,0x3b6f
  r61_witness[05] r61=16 tail=29 gh60=0x4928b7a W1=0x25d5,0xa59,0xdcc W2=0x24e2,0x3858,0x522
  r61_witness[06] r61=16 tail=30 gh60=0xc90bb6a W1=0xd61,0x2c47,0x11de W2=0xc6e,0x1b76,0x12fb
  r61_witness[07] r61=16 tail=34 gh60=0xc90bf6a W1=0x2fdd,0x2a94,0x194c W2=0x2eea,0x99f,0x315e
  r61_witness[08] r61=16 tail=35 gh60=0x5904b66 W1=0x25dc,0x22f4,0x3041 W2=0x24e9,0x2cc3,0x2e74
  r61_witness[09] r61=16 tail=35 gh60=0x4908f6a W1=0x2761,0x1d37,0xb59 W2=0x266e,0x2042,0x639
  r61_witness[10] r61=16 tail=36 gh60=0x44885aa W1=0x1cad,0x1650,0x12b7 W2=0x1bba,0x3364,0xd4c
  r61_witness[11] r61=16 tail=39 gh60=0x4888bae W1=0x9bf,0x2146,0x38a0 W2=0x8cc,0x154d,0x7a7
  r61_witness[12] r61=17 tail=24 gh60=0x4554d7a W1=0x3656,0x1e35,0x1877 W2=0x3563,0xc29,0x2950
  r61_witness[13] r61=17 tail=28 gh60=0x4bd84ba W1=0x3cf9,0x218d,0x3ad5 W2=0x3c06,0x194b,0x274e
  r61_witness[14] r61=17 tail=29 gh60=0xd6084ee W1=0x120f,0x32e,0x33d0 W2=0x111c,0xd8,0x3858
  r61_witness[15] r61=17 tail=29 gh60=0xce18cea W1=0x1911,0x3220,0x36d4 W2=0x181e,0x5db,0x33c1

D60=0 fiber histogram: 1:8050 2:4769 3:1784 4:1085 5:419 6:209 7:73 8:77 9:27 10:18 11:4 12:5 13:2 14:4 15:1 16:1
