free_word_mitm_reducedn
N=14 mask=0x3fff msb=0x2000
candidate: M0=0x3d36 mode=random-fallback fill=0x3fff kernel=dM0=dM9=0x2000
prefixes=32768/268435456 mode=permuted-prefix-sample w59_per_prefix=16384 total=536870912
run_mode=scan registry_cap=16
sample_start=139952128
scan_elapsed=20.905s rate=25.68 Mtriples/s

D60 interface
  D60=0 matches: 32509 (random expectation 32768.0, enrichment 0.992x)
  prefixes with D60=0: 16504
  max D60=0 fiber per prefix: 29 at W57=0x1fdd W58=0xf8f
  largest D60 bucket: D=0x2b23 count=33836
  min D60 HW: 0
  D60 HW histogram: 0:32509 1:457586 2:2976773 3:11918859 4:32799776 5:65623471 6:98462153 7:112506104 8:98413292 9:65557298 10:32764102 11:11897557 12:2972126 13:456835 14:32471

Tail closure among D60=0 matches
  final tail collisions: 0
  best r61 HW: 14
  best r61 W1[57..59]=0x258b,0x28a5,0x1d3a
  best r61 W2[57..59]=0x2498,0x2eef,0x1cc8
  best tail HW: 23
  best tail r61 HW: 16
  best W1[57..59]=0x241,0x3684,0x91
  best W2[57..59]=0x14e,0x3974,0x34f0

SUMMARY N=14 sample_start=139952128 prefixes=32768 total=536870912 d0=32509 best_tail=23 tail_r61=16 best_r61=14 tail_W1=0x241,0x3684,0x91 tail_W2=0x14e,0x3974,0x34f0 r61_W1=0x258b,0x28a5,0x1d3a r61_W2=0x2498,0x2eef,0x1cc8

Scan-only witness registry
  registry_count=16 registry_cap=16
  witness[00] tail=23 r61=16 gh60=0x5cf84aa W1=0x241,0x3684,0x91 W2=0x14e,0x3974,0x34f0
  witness[01] tail=23 r61=19 gh60=0x3a6456a W1=0x462,0xa7f,0xba4 W2=0x36f,0x1426,0xe1f
  witness[02] tail=23 r61=19 gh60=0xbb0bf6e W1=0xf5f,0xd26,0x5dc W2=0xe6c,0x3255,0x347b
  witness[03] tail=23 r61=20 gh60=0xcb845ba W1=0x12ba,0x3ffb,0x379c W2=0x11c7,0x3d1a,0x36e
  witness[04] tail=23 r61=22 gh60=0x771876a W1=0x234d,0x45f,0x3150 W2=0x225a,0x3ab9,0xfc4
  witness[05] tail=23 r61=24 gh60=0x4af87fa W1=0xb95,0x19ed,0xed9 W2=0xaa2,0x939,0x31d2
  witness[06] tail=24 r61=16 gh60=0xcea47aa W1=0x372,0x1d1a,0x75f W2=0x27f,0xdf7,0xb00
  witness[07] tail=24 r61=17 gh60=0xde08cee W1=0x271f,0x3e12,0x28e0 W2=0x262c,0x17dd,0x2ef5
  witness[08] tail=24 r61=21 gh60=0xce185fa W1=0x2c95,0x21fc,0x95c W2=0x2ba2,0xf98,0x320e
  witness[09] tail=24 r61=24 gh60=0xbbffb66 W1=0x31e4,0xb8d,0x1609 W2=0x30f1,0x3f0a,0x31fc
  witness[10] tail=25 r61=18 gh60=0x456ccbe W1=0x1638,0x2601,0x2d80 W2=0x1545,0x35e5,0x3b6b
  witness[11] tail=25 r61=18 gh60=0xcca85a6 W1=0x3cb3,0x3f2b,0xfa7 W2=0x3bc0,0x2670,0x1991
  witness[12] tail=25 r61=19 gh60=0x36984aa W1=0x3cfd,0x28ca,0x349a W2=0x3c0a,0x3f36,0x3dca
  witness[13] tail=25 r61=21 gh60=0xba1dba6 W1=0x184,0x944,0x2537 W2=0x91,0xc37,0x3c72
  witness[14] tail=25 r61=21 gh60=0xd60bbea W1=0xda1,0x2fd8,0x39ef W2=0xcae,0x2393,0x1635
  witness[15] tail=25 r61=21 gh60=0x778c4aa W1=0x14ee,0x3a33,0x3836 W2=0x13fb,0x1234,0x2736

Scan-only r61 registry
  registry_count=16 registry_cap=16
  r61_witness[00] r61=14 tail=26 gh60=0x49884a6 W1=0x1aeb,0x31ef,0x190f W2=0x19f8,0x21ca,0x1299
  r61_witness[01] r61=14 tail=26 gh60=0xcb08b6a W1=0x39d1,0x36c8,0x3a01 W2=0x38de,0x4c3,0x1012
  r61_witness[02] r61=14 tail=30 gh60=0xb9a7ce6 W1=0x3124,0x504,0x311a W2=0x3031,0x3bc5,0xb64
  r61_witness[03] r61=14 tail=36 gh60=0x4a08be6 W1=0x258b,0x28a5,0x1d3a W2=0x2498,0x2eef,0x1cc8
  r61_witness[04] r61=15 tail=27 gh60=0xc50856a W1=0x24e1,0x19cc,0x2ca3 W2=0x23ee,0x156e,0x2aff
  r61_witness[05] r61=16 tail=23 gh60=0x5cf84aa W1=0x241,0x3684,0x91 W2=0x14e,0x3974,0x34f0
  r61_witness[06] r61=16 tail=24 gh60=0xcea47aa W1=0x372,0x1d1a,0x75f W2=0x27f,0xdf7,0xb00
  r61_witness[07] r61=16 tail=26 gh60=0x4935f7a W1=0x1f56,0x37d2,0x1402 W2=0x1e63,0x39f2,0x720
  r61_witness[08] r61=16 tail=27 gh60=0x4d08d6a W1=0x184d,0x3045,0xa56 W2=0x175a,0xb8c,0x1d34
  r61_witness[09] r61=16 tail=27 gh60=0x4905b66 W1=0x1ddc,0x1967,0x2253 W2=0x1ce9,0x24b8,0x2af4
  r61_witness[10] r61=16 tail=27 gh60=0xc609bee W1=0x219f,0x301a,0x14db W2=0x20ac,0x2499,0x3687
  r61_witness[11] r61=16 tail=28 gh60=0x79887aa W1=0x2bbd,0x805,0x11e W2=0x2aca,0x3949,0x2b1
  r61_witness[12] r61=16 tail=31 gh60=0x4e04ce6 W1=0x71c,0x2aaa,0x541 W2=0x629,0x38c1,0xdae
  r61_witness[13] r61=16 tail=36 gh60=0x49884ae W1=0x133f,0x380f,0x398e W2=0x124c,0x281f,0x2b5d
  r61_witness[14] r61=16 tail=38 gh60=0xce08ce6 W1=0x61b,0x3a9c,0x1b02 W2=0x528,0x8b2,0x168d
  r61_witness[15] r61=16 tail=41 gh60=0xca0c4e6 W1=0x340c,0x3438,0x896 W2=0x3319,0x20e,0x810

D60=0 fiber histogram: 1:8095 2:4697 3:1745 4:1071 5:436 6:243 7:68 8:80 9:25 10:22 11:5 12:5 13:3 14:4 15:2 16:1 17:1 29:1
