free_word_mitm_reducedn
N=14 mask=0x3fff msb=0x2000
candidate: M0=0x3d36 mode=random-fallback fill=0x3fff kernel=dM0=dM9=0x2000
prefixes=32768/268435456 mode=permuted-prefix-sample w59_per_prefix=16384 total=536870912
run_mode=scan registry_cap=16
sample_start=156729344
scan_elapsed=21.070s rate=25.48 Mtriples/s

D60 interface
  D60=0 matches: 32562 (random expectation 32768.0, enrichment 0.994x)
  prefixes with D60=0: 16602
  max D60=0 fiber per prefix: 18 at W57=0x2dad W58=0xf84
  largest D60 bucket: D=0x31a5 count=33824
  min D60 HW: 0
  D60 HW histogram: 0:32562 1:456048 2:2972135 3:11908211 4:32766677 5:65555230 6:98409808 7:112531433 8:98474086 9:65625481 10:32773385 11:11905999 12:2969148 13:458038 14:32671

Tail closure among D60=0 matches
  final tail collisions: 0
  best r61 HW: 13
  best r61 W1[57..59]=0xce3,0x24ce,0x1ce
  best r61 W2[57..59]=0xbf0,0x3913,0x336d
  best tail HW: 20
  best tail r61 HW: 22
  best W1[57..59]=0x297e,0x5f5,0x3747
  best W2[57..59]=0x288b,0x2bd,0x3fea

SUMMARY N=14 sample_start=156729344 prefixes=32768 total=536870912 d0=32562 best_tail=20 tail_r61=22 best_r61=13 tail_W1=0x297e,0x5f5,0x3747 tail_W2=0x288b,0x2bd,0x3fea r61_W1=0xce3,0x24ce,0x1ce r61_W2=0xbf0,0x3913,0x336d

Scan-only witness registry
  registry_count=16 registry_cap=16
  witness[00] tail=20 r61=22 gh60=0xcaf4baa W1=0x297e,0x5f5,0x3747 W2=0x288b,0x2bd,0x3fea
  witness[01] tail=22 r61=15 gh60=0xcb8ccba W1=0x93a,0x51d,0xca9 W2=0x847,0x26d1,0x39e4
  witness[02] tail=22 r61=21 gh60=0xc997bae W1=0x1170,0x2442,0x407 W2=0x107d,0x7de,0x3995
  witness[03] tail=23 r61=17 gh60=0xde08dea W1=0x369d,0xe61,0xbc W2=0x35aa,0x312c,0x3bf8
  witness[04] tail=23 r61=19 gh60=0xb50c56e W1=0x3250,0x6a8,0x1efb W2=0x315d,0x1db,0x2ac8
  witness[05] tail=24 r61=16 gh60=0x3a2c49a W1=0x1d06,0x3319,0x26ec W2=0x1c13,0x29e9,0x3778
  witness[06] tail=24 r61=16 gh60=0x4508d6a W1=0x26dd,0x2eed,0x142c W2=0x25ea,0x3c2c,0x27b2
  witness[07] tail=24 r61=20 gh60=0xcad459a W1=0x1c86,0x300c,0x395d W2=0x1b93,0x1efc,0x1c79
  witness[08] tail=24 r61=23 gh60=0x5a09dea W1=0x1e91,0x142d,0x14c7 W2=0x1d9e,0x148c,0xf62
  witness[09] tail=24 r61=26 gh60=0xde344fe W1=0x2418,0x32ea,0x62f W2=0x2325,0x3203,0x229b
  witness[10] tail=25 r61=20 gh60=0xda58b9a W1=0x1589,0x3a0c,0x69e W2=0x1496,0xa2a,0x2e29
  witness[11] tail=25 r61=21 gh60=0xbb984a6 W1=0x223b,0x21bd,0x3d79 W2=0x2148,0x2f0a,0xc1d
  witness[12] tail=25 r61=21 gh60=0x5f6bcba W1=0x3039,0x1cbb,0x1db6 W2=0x2f46,0x333e,0x9b4
  witness[13] tail=25 r61=22 gh60=0x788c7aa W1=0x2bae,0x3cf0,0x3b30 W2=0x2abb,0x3d39,0x1ea2
  witness[14] tail=25 r61=22 gh60=0xc594daa W1=0x367e,0x1e6d,0x3fe3 W2=0x358b,0x2f35,0x3c3b
  witness[15] tail=25 r61=23 gh60=0x4a045fa W1=0x249a,0x15a0,0x3b1d W2=0x23a7,0x4b5,0x16ee

Scan-only r61 registry
  registry_count=16 registry_cap=16
  r61_witness[00] r61=13 tail=26 gh60=0x4a68566 W1=0xce3,0x24ce,0x1ce W2=0xbf0,0x3913,0x336d
  r61_witness[01] r61=14 tail=27 gh60=0x4cb8da6 W1=0x8bb,0x33da,0x229d W2=0x7c8,0x24fe,0x1e5d
  r61_witness[02] r61=14 tail=31 gh60=0x4669c9e W1=0x20e7,0xfcc,0x13a0 W2=0x1ff4,0xac0,0x12d6
  r61_witness[03] r61=15 tail=22 gh60=0xcb8ccba W1=0x93a,0x51d,0xca9 W2=0x847,0x26d1,0x39e4
  r61_witness[04] r61=15 tail=33 gh60=0xcb09b66 W1=0x3d4b,0x2d91,0x686 W2=0x3c58,0x39f1,0x3723
  r61_witness[05] r61=15 tail=37 gh60=0x4508d6a W1=0x26dd,0x2eed,0x2bb4 W2=0x25ea,0x3c2c,0x3f3a
  r61_witness[06] r61=15 tail=40 gh60=0x4605fe6 W1=0x1f9c,0x2e49,0x27d9 W2=0x1ea9,0x1486,0x3094
  r61_witness[07] r61=16 tail=24 gh60=0x3a2c49a W1=0x1d06,0x3319,0x26ec W2=0x1c13,0x29e9,0x3778
  r61_witness[08] r61=16 tail=24 gh60=0x4508d6a W1=0x26dd,0x2eed,0x142c W2=0x25ea,0x3c2c,0x27b2
  r61_witness[09] r61=16 tail=27 gh60=0x4a285a6 W1=0x1483,0xd21,0x76c W2=0x1390,0x3404,0x91e
  r61_witness[10] r61=16 tail=28 gh60=0xda084ea W1=0x2511,0x2069,0x3a05 W2=0x241e,0x239f,0x1ec4
  r61_witness[11] r61=16 tail=31 gh60=0x4aabd9a W1=0xe65,0x9b3,0x537 W2=0xd72,0x2ca7,0x28f7
  r61_witness[12] r61=16 tail=32 gh60=0x44e4caa W1=0x632,0x342b,0x3e94 W2=0x53f,0x3caf,0xd49
  r61_witness[13] r61=16 tail=32 gh60=0x5888ca6 W1=0x72b,0x21aa,0x3221 W2=0x638,0x3e46,0x3c90
  r61_witness[14] r61=16 tail=32 gh60=0xc4a45aa W1=0x1cb2,0x2357,0x29c W2=0x1bbf,0x84,0x101
  r61_witness[15] r61=16 tail=33 gh60=0x4a085ee W1=0xc9f,0x1a2a,0x866 W2=0xbac,0x3ddc,0xd47

D60=0 fiber histogram: 1:8034 2:4904 3:1788 4:1043 5:375 6:227 7:82 8:78 9:27 10:22 11:2 12:10 13:5 14:1 15:1 16:2 18:1
