free_word_mitm_reducedn
N=14 mask=0x3fff msb=0x2000
candidate: M0=0x3d36 mode=random-fallback fill=0x3fff kernel=dM0=dM9=0x2000
prefixes=32768/268435456 mode=permuted-prefix-sample w59_per_prefix=16384 total=536870912
run_mode=scan registry_cap=16
sample_start=120553472
scan_elapsed=18.280s rate=29.37 Mtriples/s

D60 interface
  D60=0 matches: 32594 (random expectation 32768.0, enrichment 0.995x)
  prefixes with D60=0: 16525
  max D60=0 fiber per prefix: 22 at W57=0x305 W58=0x1b3f
  largest D60 bucket: D=0x1099 count=33821
  min D60 HW: 0
  D60 HW histogram: 0:32594 1:457221 2:2975560 3:11922353 4:32799981 5:65619658 6:98417562 7:112499222 8:98410083 9:65589596 10:32774429 11:11907942 12:2975133 13:457131 14:32447

Tail closure among D60=0 matches
  final tail collisions: 0
  best r61 HW: 15
  best r61 W1[57..59]=0x2769,0x691,0x2c3b
  best r61 W2[57..59]=0x2676,0x623,0x1619
  best tail HW: 22
  best tail r61 HW: 22
  best W1[57..59]=0x3304,0x684,0x35d8
  best W2[57..59]=0x3211,0x580,0x1538

SUMMARY N=14 sample_start=120553472 prefixes=32768 total=536870912 d0=32594 best_tail=22 tail_r61=22 best_r61=15 tail_W1=0x3304,0x684,0x35d8 tail_W2=0x3211,0x580,0x1538 r61_W1=0x2769,0x691,0x2c3b r61_W2=0x2676,0x623,0x1619

Scan-only witness registry
  registry_count=16 registry_cap=16
  witness[00] tail=22 r61=22 gh60=0x5eec4a6 W1=0x3304,0x684,0x35d8 W2=0x3211,0x580,0x1538
  witness[01] tail=23 r61=25 gh60=0xdadc77e W1=0x2358,0x3f17,0x3525 W2=0x2265,0x31d4,0x3c48
  witness[02] tail=24 r61=20 gh60=0x4a1cdaa W1=0x1882,0x32de,0x2bef W2=0x178f,0xdca,0x2889
  witness[03] tail=24 r61=22 gh60=0x4a0cdee W1=0x2690,0x3ebb,0x3c86 W2=0x259d,0x297b,0x3512
  witness[04] tail=25 r61=19 gh60=0x4629c9a W1=0x2105,0x18d6,0x2ae5 W2=0x2012,0x3e1e,0xa72
  witness[05] tail=25 r61=19 gh60=0x3bfbbae W1=0x2d7f,0x770,0x193a W2=0x2c8c,0x30e7,0x1732
  witness[06] tail=25 r61=19 gh60=0xca0c5ea W1=0x349e,0xa98,0x302a W2=0x33ab,0x17a7,0x15bc
  witness[07] tail=25 r61=20 gh60=0x7887cba W1=0xf3a,0x1541,0x1a39 W2=0xe47,0x2371,0x2bc0
  witness[08] tail=25 r61=22 gh60=0x5adc49e W1=0xce8,0x20ca,0x1d57 W2=0xbf5,0x2f74,0x3fbe
  witness[09] tail=25 r61=23 gh60=0x58a849a W1=0x1b25,0x2d7a,0x1e93 W2=0x1a32,0x2507,0x4bf
  witness[10] tail=25 r61=23 gh60=0xcbd7dbe W1=0x30b8,0x3cc9,0x216c W2=0x2fc5,0x2f0d,0x335c
  witness[11] tail=25 r61=24 gh60=0x4d845ba W1=0x1aba,0x2c68,0x1bb4 W2=0x19c7,0x2707,0x3d10
  witness[12] tail=25 r61=24 gh60=0xde07ce6 W1=0x311c,0x2155,0x3dfd W2=0x3029,0x38e6,0x756
  witness[13] tail=25 r61=26 gh60=0xba3ffee W1=0x2fa0,0x1f56,0x17a2 W2=0x2ead,0xb1a,0x302
  witness[14] tail=25 r61=29 gh60=0xf7b84ae W1=0x3cef,0x1a5f,0xc15 W2=0x3bfc,0x9ff,0x9f9
  witness[15] tail=26 r61=19 gh60=0xcd285a6 W1=0x34c3,0x1d72,0x338f W2=0x33d0,0x1c5,0x34aa

Scan-only r61 registry
  registry_count=16 registry_cap=16
  r61_witness[00] r61=15 tail=35 gh60=0x5a0bdee W1=0x2e8f,0x1a7e,0x1c52 W2=0x2d9c,0x37c1,0x466
  r61_witness[01] r61=15 tail=37 gh60=0xbaa8f9a W1=0x2769,0x691,0x2c3b W2=0x2676,0x623,0x1619
  r61_witness[02] r61=15 tail=38 gh60=0x788fca6 W1=0xf3c,0x38d5,0x2b42 W2=0xe49,0x375c,0x864
  r61_witness[03] r61=16 tail=29 gh60=0x5a04be6 W1=0x199c,0x2ffa,0x37cd W2=0x18a9,0x235,0x3a74
  r61_witness[04] r61=16 tail=30 gh60=0x4607fe6 W1=0xf9c,0x1e0f,0x2e98 W2=0xea9,0x2f48,0x5bb
  r61_witness[05] r61=16 tail=30 gh60=0x4b08b6e W1=0x25df,0x1747,0xbac W2=0x24ec,0x155a,0xcde
  r61_witness[06] r61=16 tail=31 gh60=0xca8cba6 W1=0x396c,0x3f52,0x396 W2=0x3879,0x13a7,0x97
  r61_witness[07] r61=16 tail=33 gh60=0x4895cae W1=0x2130,0xe96,0x4f2 W2=0x203d,0x3a76,0x13fe
  r61_witness[08] r61=16 tail=33 gh60=0xcaa456a W1=0x22e2,0x2a03,0x302d W2=0x21ef,0x342a,0x10c
  r61_witness[09] r61=16 tail=33 gh60=0x4a0449a W1=0x2c0a,0x1e0c,0x3884 W2=0x2b17,0x4cc,0x2869
  r61_witness[10] r61=16 tail=34 gh60=0x4a044e6 W1=0x2b0c,0x35c,0x1693 W2=0x2a19,0x1640,0xbe8
  r61_witness[11] r61=17 tail=27 gh60=0xc8984ae W1=0x52f,0x2b69,0x19c5 W2=0x43c,0x809,0x2ba4
  r61_witness[12] r61=17 tail=27 gh60=0x4e085ea W1=0x1c8d,0x1387,0x2e04 W2=0x1b9a,0x3525,0x3fc0
  r61_witness[13] r61=17 tail=28 gh60=0x4a18ce6 W1=0x813,0x1375,0x1a W2=0x720,0x1ca7,0x3167
  r61_witness[14] r61=17 tail=30 gh60=0x4a885ae W1=0x247f,0x37b4,0x8bc W2=0x238c,0x1fec,0x11cc
  r61_witness[15] r61=17 tail=31 gh60=0x3a8449a W1=0x33ea,0xdc6,0x13e3 W2=0x32f7,0x3ca,0x3522

D60=0 fiber histogram: 1:7991 2:4765 3:1826 4:1116 5:381 6:224 7:88 8:67 9:27 10:15 11:5 12:10 13:2 14:1 15:1 16:2 17:1 18:2 22:1
