free_word_mitm_reducedn
N=14 mask=0x3fff msb=0x2000
candidate: M0=0x3d36 mode=random-fallback fill=0x3fff kernel=dM0=dM9=0x2000
prefixes=32768/268435456 mode=permuted-prefix-sample w59_per_prefix=16384 total=536870912
run_mode=scan registry_cap=16
sample_start=103776256
scan_elapsed=18.614s rate=28.84 Mtriples/s

D60 interface
  D60=0 matches: 32894 (random expectation 32768.0, enrichment 1.004x)
  prefixes with D60=0: 16454
  max D60=0 fiber per prefix: 19 at W57=0x3f53 W58=0x2b5e
  largest D60 bucket: D=0xb1b count=33843
  min D60 HW: 0
  D60 HW histogram: 0:32894 1:457007 2:2976486 3:11927797 4:32800686 5:65599855 6:98408932 7:112475629 8:98435599 9:65604532 10:32780379 11:11907853 12:2973580 13:456815 14:32868

Tail closure among D60=0 matches
  final tail collisions: 0
  best r61 HW: 14
  best r61 W1[57..59]=0x4ee,0x260e,0x274c
  best r61 W2[57..59]=0x3fb,0x2b0f,0xfe
  best tail HW: 22
  best tail r61 HW: 22
  best W1[57..59]=0x707,0x2fa4,0x284b
  best W2[57..59]=0x614,0x2d56,0x1a35

SUMMARY N=14 sample_start=103776256 prefixes=32768 total=536870912 d0=32894 best_tail=22 tail_r61=22 best_r61=14 tail_W1=0x707,0x2fa4,0x284b tail_W2=0x614,0x2d56,0x1a35 r61_W1=0x4ee,0x260e,0x274c r61_W2=0x3fb,0x2b0f,0xfe

Scan-only witness registry
  registry_count=16 registry_cap=16
  witness[00] tail=22 r61=22 gh60=0xde28c9e W1=0x707,0x2fa4,0x284b W2=0x614,0x2d56,0x1a35
  witness[01] tail=23 r61=21 gh60=0xc9d4b7a W1=0x956,0x1693,0xf85 W2=0x863,0xbd7,0xe5f
  witness[02] tail=23 r61=21 gh60=0xc5d8dbe W1=0x16b7,0x224,0x34f4 W2=0x15c4,0x19df,0x3bf4
  witness[03] tail=24 r61=22 gh60=0xc7fbb9a W1=0x3189,0x2a25,0x1049 W2=0x3096,0x10fd,0x275a
  witness[04] tail=24 r61=24 gh60=0x7e08bea W1=0x29a1,0x3006,0x1967 W2=0x28ae,0x2a89,0x30fd
  witness[05] tail=24 r61=25 gh60=0xf9e8566 W1=0x2e3,0x1ed,0x1b12 W2=0x1f0,0x3a54,0x381d
  witness[06] tail=24 r61=25 gh60=0x563fbaa W1=0xd82,0x6d9,0x79f W2=0xc8f,0x2ecd,0xb1a
  witness[07] tail=25 r61=15 gh60=0x790876a W1=0x3351,0x3181,0x2dd0 W2=0x325e,0x3ee3,0xa00
  witness[08] tail=25 r61=18 gh60=0x4d18566 W1=0x22d3,0x36ee,0x3d60 W2=0x21e0,0x2f51,0x27b3
  witness[09] tail=25 r61=19 gh60=0xcea4d66 W1=0x8e4,0xd1,0x223f W2=0x7f1,0xd98,0x2e4c
  witness[10] tail=25 r61=21 gh60=0x7a3849a W1=0x2c05,0x18f0,0x1931 W2=0x2b12,0x3ff7,0x2618
  witness[11] tail=25 r61=21 gh60=0xc9a9cbe W1=0x3f37,0x10c8,0x1595 W2=0x3e44,0xb27,0xe2b
  witness[12] tail=25 r61=22 gh60=0x4f6857a W1=0xa55,0x230d,0x32f3 W2=0x962,0xbbd,0x3103
  witness[13] tail=25 r61=22 gh60=0x7a8c4aa W1=0x2bfe,0x440,0x37ab W2=0x2b0b,0x9f1,0x3799
  witness[14] tail=25 r61=23 gh60=0xfd17d6a W1=0x105e,0x286b,0x13a7 W2=0xf6b,0x112b,0x11c9
  witness[15] tail=25 r61=23 gh60=0x7ee45ea W1=0x1292,0x22a3,0x3d36 W2=0x119f,0x3c4a,0x654

Scan-only r61 registry
  registry_count=16 registry_cap=16
  r61_witness[00] r61=14 tail=29 gh60=0x4a944aa W1=0x4ee,0x260e,0x274c W2=0x3fb,0x2b0f,0xfe
  r61_witness[01] r61=14 tail=31 gh60=0x4614cee W1=0x1710,0xad8,0x2d78 W2=0x161d,0x4c4,0x1577
  r61_witness[02] r61=15 tail=25 gh60=0x790876a W1=0x3351,0x3181,0x2dd0 W2=0x325e,0x3ee3,0xa00
  r61_witness[03] r61=15 tail=30 gh60=0xc884ca6 W1=0x172c,0x2959,0x3ece W2=0x1639,0x4f6,0x84a
  r61_witness[04] r61=15 tail=32 gh60=0xc994caa W1=0x36fe,0x146f,0x1cb5 W2=0x360b,0x295f,0x17fb
  r61_witness[05] r61=15 tail=33 gh60=0x48a9fba W1=0x1fb5,0x3237,0x22bd W2=0x1ec2,0x1e4a,0x330e
  r61_witness[06] r61=15 tail=35 gh60=0x450cd6a W1=0x26de,0x1797,0x29c7 W2=0x25eb,0x10db,0x1df
  r61_witness[07] r61=15 tail=36 gh60=0x5a08de6 W1=0x288b,0x3a12,0x2595 W2=0x2798,0x2acc,0x2f70
  r61_witness[08] r61=16 tail=26 gh60=0xf9544ba W1=0x2536,0x2a23,0x24b9 W2=0x2443,0x10a2,0x29df
  r61_witness[09] r61=16 tail=27 gh60=0xc9844a6 W1=0x32c,0x198,0x28d2 W2=0x239,0xff6,0x1798
  r61_witness[10] r61=16 tail=28 gh60=0x363bbee W1=0x2d9f,0x152e,0x234c W2=0x2cac,0x2b1,0x1e80
  r61_witness[11] r61=16 tail=28 gh60=0x395c7ba W1=0x3bb6,0x194f,0x3d0b W2=0x3ac3,0x2c1a,0x3710
  r61_witness[12] r61=16 tail=29 gh60=0x4a09bea W1=0x219d,0x1b51,0x29e1 W2=0x20aa,0x80c,0x1fde
  r61_witness[13] r61=16 tail=32 gh60=0x4b95cae W1=0x1f00,0x786,0x1f3e W2=0x1e0d,0x31d6,0xbf4
  r61_witness[14] r61=16 tail=32 gh60=0x4a39ffa W1=0x1f99,0x13b6,0xf7c W2=0x1ea6,0x1245,0x33d8
  r61_witness[15] r61=16 tail=33 gh60=0x48884a6 W1=0x233b,0x1acc,0x365f W2=0x2248,0x3c19,0x2f3

D60=0 fiber histogram: 1:7883 2:4702 3:1826 4:1138 5:428 6:233 7:103 8:70 9:31 10:13 11:6 12:12 14:5 16:2 18:1 19:1
