free_word_mitm_reducedn
N=14 mask=0x3fff msb=0x2000
candidate: M0=0x3d36 mode=random-fallback fill=0x3fff kernel=dM0=dM9=0x2000
prefixes=32768/268435456 mode=permuted-prefix-sample w59_per_prefix=16384 total=536870912
run_mode=scan registry_cap=16
sample_start=95059968
scan_elapsed=17.878s rate=30.03 Mtriples/s

D60 interface
  D60=0 matches: 32369 (random expectation 32768.0, enrichment 0.988x)
  prefixes with D60=0: 16536
  max D60=0 fiber per prefix: 18 at W57=0xd71 W58=0x288c
  largest D60 bucket: D=0xbde count=33797
  min D60 HW: 0
  D60 HW histogram: 0:32369 1:456188 2:2976876 3:11913608 4:32794472 5:65612806 6:98400218 7:112479882 8:98416295 9:65602565 10:32795242 11:11925186 12:2975444 13:457005 14:32756

Tail closure among D60=0 matches
  final tail collisions: 0
  best r61 HW: 14
  best r61 W1[57..59]=0x27bb,0xaf1,0xa37
  best r61 W2[57..59]=0x26c8,0x3035,0x2bbb
  best tail HW: 21
  best tail r61 HW: 23
  best W1[57..59]=0x2596,0x2fce,0x33b7
  best W2[57..59]=0x24a3,0x325e,0xf7e

SUMMARY N=14 sample_start=95059968 prefixes=32768 total=536870912 d0=32369 best_tail=21 tail_r61=23 best_r61=14 tail_W1=0x2596,0x2fce,0x33b7 tail_W2=0x24a3,0x325e,0xf7e r61_W1=0x27bb,0xaf1,0xa37 r61_W2=0x26c8,0x3035,0x2bbb

Scan-only witness registry
  registry_count=16 registry_cap=16
  witness[00] tail=21 r61=23 gh60=0xda3cbfa W1=0x2596,0x2fce,0x33b7 W2=0x24a3,0x325e,0xf7e
  witness[01] tail=22 r61=14 gh60=0x4e95daa W1=0x3e6e,0x3a42,0x2aab W2=0x3d7b,0x389e,0x37c1
  witness[02] tail=22 r61=20 gh60=0xdeac49e W1=0x2e8,0x1f3b,0x2709 W2=0x1f5,0x2fe7,0x1bc1
  witness[03] tail=22 r61=22 gh60=0xd6b4d9e W1=0x1868,0x84d,0x24e3 W2=0x1775,0x1b94,0x375e
  witness[04] tail=24 r61=19 gh60=0xc4b85aa W1=0x14bd,0x508,0x1a8a W2=0x13ca,0x238c,0x1095
  witness[05] tail=24 r61=20 gh60=0xca745ee W1=0x2a0,0x1545,0x3902 W2=0x1ad,0x3cf8,0x1f1c
  witness[06] tail=24 r61=22 gh60=0xd937f6e W1=0xfd0,0x1c6f,0x2279 W2=0xedd,0x1af,0x237f
  witness[07] tail=24 r61=22 gh60=0xd488dae W1=0x38bf,0x334d,0x23fd W2=0x37cc,0x2574,0x2cd3
  witness[08] tail=24 r61=23 gh60=0x4e18cfa W1=0x3915,0x26a3,0x2f70 W2=0x3822,0x1b16,0x4f3
  witness[09] tail=24 r61=24 gh60=0xdea87ba W1=0x3375,0x3ec3,0x2929 W2=0x3282,0x5,0x2992
  witness[10] tail=25 r61=16 gh60=0x4b94faa W1=0x37ae,0x2e75,0x33d2 W2=0x36bb,0x3b7d,0x338c
  witness[11] tail=25 r61=18 gh60=0x4b3dd7e W1=0x2058,0x4fb,0xe67 W2=0x1f65,0x34b,0x1d1e
  witness[12] tail=25 r61=19 gh60=0xff887a6 W1=0x37b,0x49a,0x1782 W2=0x288,0x2ecf,0x38d7
  witness[13] tail=25 r61=20 gh60=0x37ebba6 W1=0xdb3,0xf9c,0x3fd8 W2=0xcc0,0x606,0x3169
  witness[14] tail=25 r61=20 gh60=0x76e4d6a W1=0x18d2,0x13aa,0x67d W2=0x17df,0x2b22,0x86f
  witness[15] tail=25 r61=21 gh60=0xbedbcbe W1=0x2ef7,0x168e,0x1051 W2=0x2e04,0x3b71,0x1e23

Scan-only r61 registry
  registry_count=16 registry_cap=16
  r61_witness[00] r61=14 tail=22 gh60=0x4e95daa W1=0x3e6e,0x3a42,0x2aab W2=0x3d7b,0x389e,0x37c1
  r61_witness[01] r61=14 tail=35 gh60=0xc888fa6 W1=0x27bb,0xaf1,0xa37 W2=0x26c8,0x3035,0x2bbb
  r61_witness[02] r61=15 tail=30 gh60=0x5a04ce6 W1=0x171c,0x3cd6,0x31e W2=0x1629,0x17e9,0x439
  r61_witness[03] r61=16 tail=25 gh60=0x4b94faa W1=0x37ae,0x2e75,0x33d2 W2=0x36bb,0x3b7d,0x338c
  r61_witness[04] r61=16 tail=30 gh60=0xfc8bcaa W1=0x2e3d,0x36d6,0x1f8 W2=0x2d4a,0x3385,0xacd
  r61_witness[05] r61=16 tail=31 gh60=0xca144ea W1=0x3d1e,0x2b8e,0xd0 W2=0x3c2b,0x3e05,0x24af
  r61_witness[06] r61=16 tail=33 gh60=0x4928f9e W1=0x17c7,0x35a3,0x3062 W2=0x16d4,0x3b4d,0x1e5b
  r61_witness[07] r61=16 tail=35 gh60=0x4a1bce6 W1=0x3113,0x3582,0xc9c W2=0x3020,0x3ca2,0x3e4d
  r61_witness[08] r61=16 tail=35 gh60=0x4564566 W1=0x3c54,0x3af7,0xe09 W2=0x3b61,0x2655,0x32c3
  r61_witness[09] r61=16 tail=41 gh60=0x4a04ce6 W1=0x380c,0x2c30,0x253c W2=0x3719,0x33c7,0x288b
  r61_witness[10] r61=16 tail=45 gh60=0x46a859a W1=0x3c65,0x3da0,0x214b W2=0x3b72,0x3c59,0x2e2f
  r61_witness[11] r61=17 tail=26 gh60=0xb898caa W1=0x72d,0x18a4,0x62e W2=0x63a,0x1d1f,0x7f6
  r61_witness[12] r61=17 tail=28 gh60=0x4d98da6 W1=0x6ab,0x39d9,0x41a W2=0x5b8,0x128d,0x23f6
  r61_witness[13] r61=17 tail=29 gh60=0x463cca6 W1=0x1704,0x257d,0x2b26 W2=0x1611,0x223a,0x3443
  r61_witness[14] r61=17 tail=30 gh60=0xdb2857a W1=0x459,0x562,0x30e4 W2=0x366,0x21f6,0x273c
  r61_witness[15] r61=17 tail=31 gh60=0x4525d66 W1=0x1e54,0x3d60,0x35c6 W2=0x1d61,0x3199,0x1fb0

D60=0 fiber histogram: 1:8101 2:4748 3:1752 4:1116 5:384 6:216 7:81 8:68 9:30 10:20 11:6 12:5 13:5 14:1 16:2 18:1
