free_word_mitm_reducedn
N=14 mask=0x3fff msb=0x2000
candidate: M0=0x3d36 mode=random-fallback fill=0x3fff kernel=dM0=dM9=0x2000
prefixes=32768/268435456 mode=permuted-prefix-sample w59_per_prefix=16384 total=536870912
run_mode=repair registry_cap=64
repair_d60_hw_limit=1
sample_start=2392064
scan_elapsed=22.196s rate=24.19 Mtriples/s

D60 interface
  D60=0 matches: 32529 (random expectation 32768.0, enrichment 0.993x)
  prefixes with D60=0: 16536
  max D60=0 fiber per prefix: 19 at W57=0x15d7 W58=0x1617
  largest D60 bucket: D=0x158a count=33758
  min D60 HW: 0
  D60 HW histogram: 0:32529 1:454827 2:2968484 3:11897082 4:32763514 5:65592149 6:98451538 7:112530356 8:98421282 9:65591480 10:32781287 11:11922308 12:2974963 13:456585 14:32528

Tail closure among D60=0 matches
  final tail collisions: 0
  best r61 HW: 12
  best r61 W1[57..59]=0x86c,0x3c8d,0x1f4c
  best r61 W2[57..59]=0x779,0x2f42,0x734
  best tail HW: 18
  best tail r61 HW: 12
  best W1[57..59]=0x86c,0x3c8d,0x1f4c
  best W2[57..59]=0x779,0x2f42,0x734

SUMMARY N=14 sample_start=2392064 prefixes=32768 total=536870912 d0=32529 best_tail=18 tail_r61=12 best_r61=12 tail_W1=0x86c,0x3c8d,0x1f4c tail_W2=0x779,0x2f42,0x734 r61_W1=0x86c,0x3c8d,0x1f4c r61_W2=0x779,0x2f42,0x734

Scan-only witness registry
  registry_count=64 registry_cap=64
  witness[00] tail=18 r61=12 gh60=0x5684da6 W1=0x86c,0x3c8d,0x1f4c W2=0x779,0x2f42,0x734
  witness[01] tail=24 r61=20 gh60=0x4d38566 W1=0x4db,0x3435,0xf34 W2=0x3e8,0x294a,0x3e80
  witness[02] tail=24 r61=21 gh60=0xba8c4a6 W1=0x1fc,0x3d45,0x2c8c W2=0x109,0x1913,0x16e8
  witness[03] tail=24 r61=22 gh60=0xcd8cc9a W1=0x17ea,0x38dc,0x2a9c W2=0x16f7,0x2c67,0x37f3
  witness[04] tail=24 r61=26 gh60=0xcaa8b66 W1=0x1563,0x20ac,0x61a W2=0x1470,0x32a6,0x2d98
  witness[05] tail=24 r61=26 gh60=0x4bb47aa W1=0x336e,0x3630,0x302 W2=0x327b,0x809,0x3b39
  witness[06] tail=25 r61=19 gh60=0xcf15d6a W1=0x1e4e,0x2e6d,0x10d1 W2=0x1d5b,0x3259,0x16a
  witness[07] tail=25 r61=19 gh60=0x497479e W1=0x2ba8,0x163,0x312b W2=0x2ab5,0x3b39,0x33ef
  witness[08] tail=25 r61=22 gh60=0x4f2849a W1=0x1449,0x1fa5,0x3288 W2=0x1356,0x156e,0x116c
  witness[09] tail=25 r61=22 gh60=0x5735d7a W1=0x2056,0x355a,0x1c2e W2=0x1f63,0x13aa,0x3540
  witness[10] tail=25 r61=22 gh60=0x4fe84a6 W1=0x23f3,0x769,0x1b61 W2=0x2300,0x1654,0x35a0
  witness[11] tail=25 r61=23 gh60=0x7a6bcba W1=0x30f9,0xa9d,0x1d87 W2=0x3006,0x1d60,0x371c
  witness[12] tail=25 r61=23 gh60=0xca3c4ea W1=0x3a1e,0x3509,0x1ee1 W2=0x392b,0x630,0x3b10
  witness[13] tail=25 r61=24 gh60=0xf98dcae W1=0x2140,0x3fd9,0x2230 W2=0x204d,0x2bad,0x96
  witness[14] tail=25 r61=24 gh60=0x4a55ffa W1=0x3f96,0x389c,0x3c4a W2=0x3ea3,0x372c,0x5a5
  witness[15] tail=25 r61=25 gh60=0xd98ccba W1=0x28fa,0x2aef,0x3e0a W2=0x2807,0xd27,0x2031

Scan-only r61 registry
  registry_count=64 registry_cap=64
  r61_witness[00] r61=12 tail=18 gh60=0x5684da6 W1=0x86c,0x3c8d,0x1f4c W2=0x779,0x2f42,0x734
  r61_witness[01] r61=14 tail=31 gh60=0x49844a6 W1=0x252c,0x3864,0xeb2 W2=0x2439,0x26c2,0x18e6
  r61_witness[02] r61=16 tail=28 gh60=0x56a4ca6 W1=0x7f4,0x7d0,0x33e6 W2=0x701,0x22fd,0x2c79
  r61_witness[03] r61=16 tail=28 gh60=0x4614bea W1=0x299e,0xf0c,0x3877 W2=0x28ab,0xdd0,0x1f3e
  r61_witness[04] r61=16 tail=29 gh60=0x490bb6a W1=0x315d,0x2f29,0x2e93 W2=0x306a,0xb54,0x3a5a
  r61_witness[05] r61=16 tail=32 gh60=0x391bb66 W1=0xd4b,0x33f0,0x664 W2=0xc58,0x2a4c,0x3fb1
  r61_witness[06] r61=16 tail=33 gh60=0x56084ea W1=0x2b11,0x18c7,0x40e W2=0x2a1e,0x1ffd,0x229c
  r61_witness[07] r61=16 tail=33 gh60=0x492bf7a W1=0x2fd9,0x26b0,0xfa0 W2=0x2ee6,0x14cf,0x29f8
  r61_witness[08] r61=16 tail=33 gh60=0xc939f6e W1=0x3f4f,0x1c85,0x14ba W2=0x3e5c,0x16c8,0x3b28
  r61_witness[09] r61=16 tail=35 gh60=0xbd04d7a W1=0x8da,0xb27,0x229c W2=0x7e7,0x3707,0x5f4
  r61_witness[10] r61=16 tail=35 gh60=0x4a28b9e W1=0x2987,0x2d68,0x1475 W2=0x2894,0x2142,0x21cf
  r61_witness[11] r61=17 tail=26 gh60=0xc79bca6 W1=0x1133,0x2553,0x1e17 W2=0x1040,0x35fd,0xaa7
  r61_witness[12] r61=17 tail=26 gh60=0xc98c4ba W1=0x133a,0x24c,0x32 W2=0x1247,0x3b83,0x1f7f
  r61_witness[13] r61=17 tail=26 gh60=0xca38cea W1=0x1721,0x1e5,0x3622 W2=0x162e,0x188c,0xeb9
  r61_witness[14] r61=17 tail=27 gh60=0xc657bfe W1=0x1198,0x37be,0x3015 W2=0x10a5,0x174e,0x3a50
  r61_witness[15] r61=17 tail=29 gh60=0x3a28b9a W1=0x1585,0x1e28,0x1e89 W2=0x1492,0x1e02,0x3fa4

D60 repair probe registry
  repair_candidates=454827 d60_hw_limit=1
  best repaired tail HW: 15 d60=0x4 d60_hw=1 r61=17 gh60=0xcedbd9a
  best repaired tail W1[57..59]=0x10c9,0x19f6,0x752
  best repaired tail W2[57..59]=0xfd6,0x2a9e,0x961
  best repaired r61 HW: 12 d60=0x800 d60_hw=1 tail=22 gh60=0x5624da6
  best repaired r61 W1[57..59]=0x1884,0x36d6,0xa35
  best repaired r61 W2[57..59]=0x1791,0x1a2b,0x10bd
  repaired_tail_registry_count=64 registry_cap=64
  repair_witness[00] tail=15 r61=17 d60=0x4 d60_hw=1 gh60=0xcedbd9a W1=0x10c9,0x19f6,0x752 W2=0xfd6,0x2a9e,0x961
  repair_witness[01] tail=19 r61=19 d60=0x2 d60_hw=1 gh60=0xfba8c9a W1=0x28e9,0x2c31,0xe74 W2=0x27f6,0xf83,0x3b3a
  repair_witness[02] tail=19 r61=22 d60=0x4 d60_hw=1 gh60=0xda74cbe W1=0x6f8,0x8de,0x57c W2=0x605,0x1542,0x134c
  repair_witness[03] tail=20 r61=19 d60=0x4 d60_hw=1 gh60=0xb50c56e W1=0x3260,0x6b6,0x173 W2=0x316d,0xdd,0x2c2c
  repair_witness[04] tail=20 r61=20 d60=0x2 d60_hw=1 gh60=0xc95477e W1=0x2bd8,0x3015,0x3543 W2=0x2ae5,0x2cda,0x30fe
  repair_witness[05] tail=21 r61=19 d60=0x20 d60_hw=1 gh60=0x3eb7b9a W1=0xd66,0x2492,0x23df W2=0xc73,0x1b3b,0x318d
  repair_witness[06] tail=21 r61=19 d60=0x1000 d60_hw=1 gh60=0xc527da6 W1=0xec4,0x2091,0x25a9 W2=0xdd1,0x3f8,0xa15
  repair_witness[07] tail=21 r61=20 d60=0x20 d60_hw=1 gh60=0xb798daa W1=0x1881,0x2178,0xeb6 W2=0x178e,0x2c4f,0x1996
  repair_witness[08] tail=21 r61=21 d60=0x80 d60_hw=1 gh60=0xdc985ae W1=0x2cbf,0x2921,0x76c W2=0x2bcc,0xe49,0x9a6
  repair_witness[09] tail=22 r61=12 d60=0x800 d60_hw=1 gh60=0x5624da6 W1=0x1884,0x36d6,0xa35 W2=0x1791,0x1a2b,0x10bd
  repair_witness[10] tail=22 r61=13 d60=0x40 d60_hw=1 gh60=0x490876a W1=0x2bd1,0x1b65,0x180e W2=0x2ade,0x1bcb,0x1fa6
  repair_witness[11] tail=22 r61=14 d60=0x400 d60_hw=1 gh60=0x4cb9da6 W1=0xab,0x38dc,0xa34 W2=0x3fb8,0x290e,0xe71
  repair_witness[12] tail=22 r61=16 d60=0x2 d60_hw=1 gh60=0xca1c4ea W1=0x120e,0x14a8,0x3c2 W2=0x111b,0x2663,0x3eea
  repair_witness[13] tail=22 r61=17 d60=0x400 d60_hw=1 gh60=0x5898be6 W1=0x25a3,0x3f42,0x2878 W2=0x24b0,0x530,0x39b1
  repair_witness[14] tail=22 r61=18 d60=0x400 d60_hw=1 gh60=0xc9e7b6a W1=0x1152,0x1547,0x4c2 W2=0x105f,0x304b,0x2295
  repair_witness[15] tail=22 r61=18 d60=0x40 d60_hw=1 gh60=0x4b0856a W1=0x1add,0x3e8,0x26be W2=0x19ea,0x1a6a,0x1d21
  repaired_r61_registry_count=64 registry_cap=64
  repair_r61_witness[00] r61=12 tail=22 d60=0x800 d60_hw=1 gh60=0x5624da6 W1=0x1884,0x36d6,0xa35 W2=0x1791,0x1a2b,0x10bd
  repair_r61_witness[01] r61=12 tail=33 d60=0x100 d60_hw=1 gh60=0x4894cae W1=0x940,0x1347,0x659 W2=0x84d,0x3c97,0x15cd
  repair_r61_witness[02] r61=12 tail=33 d60=0x1000 d60_hw=1 gh60=0x4608cea W1=0x2721,0x20ea,0x175 W2=0x262e,0x2295,0x454
  repair_r61_witness[03] r61=13 tail=22 d60=0x40 d60_hw=1 gh60=0x490876a W1=0x2bd1,0x1b65,0x180e W2=0x2ade,0x1bcb,0x1fa6
  repair_r61_witness[04] r61=13 tail=24 d60=0x4 d60_hw=1 gh60=0xce085ea W1=0x2a9d,0x235c,0x3ab6 W2=0x29aa,0x2f6a,0x18fb
  repair_r61_witness[05] r61=13 tail=26 d60=0x1 d60_hw=1 gh60=0xc609cee W1=0x210f,0x2348,0x2425 W2=0x201c,0x3d9f,0xb89
  repair_r61_witness[06] r61=13 tail=29 d60=0x2 d60_hw=1 gh60=0xc8887ae W1=0xbaf,0x1809,0x284e W2=0xabc,0x1261,0x1064
  repair_r61_witness[07] r61=13 tail=30 d60=0x200 d60_hw=1 gh60=0xcb845ba W1=0x2aba,0x2fbc,0x1eca W2=0x29c7,0x1a57,0x3a94
  repair_r61_witness[08] r61=13 tail=32 d60=0x1 d60_hw=1 gh60=0x4f08f6e W1=0x175f,0x1de2,0x1e2 W2=0x166c,0x1e11,0x1bcd
  repair_r61_witness[09] r61=13 tail=36 d60=0x200 d60_hw=1 gh60=0x450856e W1=0x45f,0x3465,0x3ec1 W2=0x36c,0x2227,0x1224
  repair_r61_witness[10] r61=13 tail=38 d60=0x800 d60_hw=1 gh60=0x4a08dea W1=0x88d,0xc2a,0x276a W2=0x79a,0x1505,0x30b3
  repair_r61_witness[11] r61=14 tail=22 d60=0x400 d60_hw=1 gh60=0x4cb9da6 W1=0xab,0x38dc,0xa34 W2=0x3fb8,0x290e,0xe71
  repair_r61_witness[12] r61=14 tail=23 d60=0x4 d60_hw=1 gh60=0x4a2859a W1=0x2c89,0xfb3,0x1587 W2=0x2b96,0x2eae,0x2742
  repair_r61_witness[13] r61=14 tail=24 d60=0x400 d60_hw=1 gh60=0x5e08cea W1=0x611,0xbe7,0x395e W2=0x51e,0x12ee,0xca8
  repair_r61_witness[14] r61=14 tail=26 d60=0x40 d60_hw=1 gh60=0x3918766 W1=0x33cb,0x221,0x18ad W2=0x32d8,0x37d6,0x3e0f
  repair_r61_witness[15] r61=14 tail=26 d60=0x8 d60_hw=1 gh60=0x44884a6 W1=0x342b,0x2370,0x170e W2=0x3338,0x20cd,0x1f32

D60=0 fiber histogram: 1:8053 2:4738 3:1792 4:1099 5:426 6:208 7:78 8:67 9:34 10:21 11:8 12:5 13:1 14:4 16:1 19:1
