free_word_mitm_reducedn
N=14 mask=0x3fff msb=0x2000
candidate: M0=0x3d36 mode=random-fallback fill=0x3fff kernel=dM0=dM9=0x2000
prefixes=32768/268435456 mode=permuted-prefix-sample w59_per_prefix=16384 total=536870912
run_mode=scan registry_cap=16
sample_start=94699520
scan_elapsed=15.796s rate=33.99 Mtriples/s

D60 interface
  D60=0 matches: 32388 (random expectation 32768.0, enrichment 0.988x)
  prefixes with D60=0: 16437
  max D60=0 fiber per prefix: 18 at W57=0x2f85 W58=0x1d18
  largest D60 bucket: D=0x2bb8 count=33778
  min D60 HW: 0
  D60 HW histogram: 0:32388 1:455679 2:2967510 3:11894940 4:32756178 5:65573207 6:98424133 7:112499327 8:98463463 9:65619419 10:32802842 11:11919633 12:2973388 13:456565 14:32240

Tail closure among D60=0 matches
  final tail collisions: 0
  best r61 HW: 13
  best r61 W1[57..59]=0x18ff,0x71b,0x1850
  best r61 W2[57..59]=0x180c,0x31ea,0x2c26
  best tail HW: 21
  best tail r61 HW: 16
  best W1[57..59]=0xf4b,0x263,0x1236
  best W2[57..59]=0xe58,0x171f,0x6d7

SUMMARY N=14 sample_start=94699520 prefixes=32768 total=536870912 d0=32388 best_tail=21 tail_r61=16 best_r61=13 tail_W1=0xf4b,0x263,0x1236 tail_W2=0xe58,0x171f,0x6d7 r61_W1=0x18ff,0x71b,0x1850 r61_W2=0x180c,0x31ea,0x2c26

Scan-only witness registry
  registry_count=16 registry_cap=16
  witness[00] tail=21 r61=16 gh60=0xc70bf66 W1=0xf4b,0x263,0x1236 W2=0xe58,0x171f,0x6d7
  witness[01] tail=22 r61=19 gh60=0x49ec7a6 W1=0x2bc4,0x2223,0x699 W2=0x2ad1,0xc09,0x20ab
  witness[02] tail=24 r61=13 gh60=0xc884cba W1=0x73a,0x2e42,0x3c8 W2=0x647,0x11f6,0x2cc6
  witness[03] tail=24 r61=17 gh60=0x4df8caa W1=0x7f1,0x389c,0x2169 W2=0x6fe,0x3b9b,0x17b9
  witness[04] tail=24 r61=21 gh60=0xf898f9a W1=0x27a5,0x2973,0x111a W2=0x26b2,0x1895,0x5e5
  witness[05] tail=24 r61=21 gh60=0x7ad4b9e W1=0x2988,0x1d86,0x2cc W2=0x2895,0x1171,0x140d
  witness[06] tail=24 r61=22 gh60=0x45e8ce6 W1=0x3623,0x2393,0x2cee W2=0x3530,0x25d5,0x15dd
  witness[07] tail=24 r61=25 gh60=0xca89cae W1=0x3dff,0x13fb,0xac8 W2=0x3d0c,0x64a,0x1dd9
  witness[08] tail=24 r61=29 gh60=0xcfbbb9e W1=0xd67,0x189b,0x13a5 W2=0xc74,0x3b33,0x3a65
  witness[09] tail=25 r61=16 gh60=0x4bafcbe W1=0x3038,0x204a,0x926 W2=0x2f45,0x2ae,0x2ba8
  witness[10] tail=25 r61=18 gh60=0xcd1dd6a W1=0x4e,0x3700,0x2dbd W2=0x3f5b,0x2cd4,0x647
  witness[11] tail=25 r61=18 gh60=0x472cda6 W1=0x6c4,0x1543,0x109d W2=0x5d1,0xca8,0xe96
  witness[12] tail=25 r61=22 gh60=0xba3cf9a W1=0x278a,0xa7,0x25a5 W2=0x2697,0x2e86,0x1541
  witness[13] tail=25 r61=23 gh60=0xd628dfa W1=0x3895,0x39c8,0x1cf7 W2=0x37a2,0x3623,0x103e
  witness[14] tail=25 r61=24 gh60=0xfa744ea W1=0x41e,0xd1f,0x2ee8 W2=0x32b,0x174a,0x1edf
  witness[15] tail=25 r61=24 gh60=0x5b1c766 W1=0x2b5c,0x366f,0x11f3 W2=0x2a69,0x1b97,0x31cd

Scan-only r61 registry
  registry_count=16 registry_cap=16
  r61_witness[00] r61=13 tail=24 gh60=0xc884cba W1=0x73a,0x2e42,0x3c8 W2=0x647,0x11f6,0x2cc6
  r61_witness[01] r61=13 tail=28 gh60=0x5a88cae W1=0x18ff,0x71b,0x1850 W2=0x180c,0x31ea,0x2c26
  r61_witness[02] r61=14 tail=28 gh60=0x470856a W1=0xccd,0x1e8c,0xdf9 W2=0xbda,0x30b6,0xc1c
  r61_witness[03] r61=15 tail=32 gh60=0x78b8fba W1=0x7b5,0x3c48,0x2d29 W2=0x6c2,0x2a5b,0x27bd
  r61_witness[04] r61=15 tail=32 gh60=0xc909f6e W1=0x3f5f,0x3779,0x133c W2=0x3e6c,0x31ac,0x2647
  r61_witness[05] r61=15 tail=33 gh60=0x7909b6e W1=0x1d4f,0x2047,0x2636 W2=0x1c5c,0x1462,0x23ea
  r61_witness[06] r61=15 tail=33 gh60=0x5607ce6 W1=0x301c,0x1c9,0x21cf W2=0x2f29,0x294a,0x1928
  r61_witness[07] r61=15 tail=33 gh60=0x4a2c4fa W1=0x3a16,0x30ce,0x336b W2=0x3923,0x2207,0x11a2
  r61_witness[08] r61=16 tail=21 gh60=0xc70bf66 W1=0xf4b,0x263,0x1236 W2=0xe58,0x171f,0x6d7
  r61_witness[09] r61=16 tail=25 gh60=0x4bafcbe W1=0x3038,0x204a,0x926 W2=0x2f45,0x2ae,0x2ba8
  r61_witness[10] r61=16 tail=30 gh60=0x4a09dea W1=0x91,0x804,0x2ec8 W2=0x3f9e,0x263,0x1202
  r61_witness[11] r61=16 tail=30 gh60=0x5a044e6 W1=0x3d0c,0x962,0x167e W2=0x3c19,0x54a,0x15a7
  r61_witness[12] r61=16 tail=31 gh60=0x4a084ea W1=0xc11,0x1f2b,0x8a8 W2=0xb1e,0x21b1,0x2e02
  r61_witness[13] r61=16 tail=31 gh60=0xca085ea W1=0x3a91,0x3ae9,0x1f37 W2=0x399e,0x90b,0x39f5
  r61_witness[14] r61=16 tail=32 gh60=0x498cbba W1=0x297a,0x303b,0x125c W2=0x2887,0x1bcb,0x17e5
  r61_witness[15] r61=16 tail=32 gh60=0x498cbba W1=0x39ba,0x16a7,0x2126 W2=0x38c7,0x12a7,0x2f77

D60=0 fiber histogram: 1:7984 2:4730 3:1774 4:1103 5:425 6:194 7:80 8:81 9:26 10:16 11:3 12:8 13:6 14:2 16:3 18:2
