free_word_mitm_reducedn
N=14 mask=0x3fff msb=0x2000
candidate: M0=0x3d36 mode=random-fallback fill=0x3fff kernel=dM0=dM9=0x2000
prefixes=32768/268435456 mode=permuted-prefix-sample w59_per_prefix=16384 total=536870912
run_mode=scan registry_cap=16
sample_start=186974208
scan_elapsed=15.847s rate=33.88 Mtriples/s

D60 interface
  D60=0 matches: 32395 (random expectation 32768.0, enrichment 0.989x)
  prefixes with D60=0: 16388
  max D60=0 fiber per prefix: 32 at W57=0x3171 W58=0x1b5a
  largest D60 bucket: D=0x3004 count=33862
  min D60 HW: 0
  D60 HW histogram: 0:32395 1:456577 2:2972170 3:11902459 4:32755411 5:65599153 6:98457344 7:112541997 8:98414685 9:65584624 10:32771742 11:11912444 12:2978924 13:458112 14:32875

Tail closure among D60=0 matches
  final tail collisions: 0
  best r61 HW: 12
  best r61 W1[57..59]=0x1a13,0x2b66,0x1fb8
  best r61 W2[57..59]=0x1920,0x2b5b,0x2310
  best tail HW: 23
  best tail r61 HW: 17
  best W1[57..59]=0x65b,0xd9b,0x1e08
  best W2[57..59]=0x568,0x2b39,0x32ce

SUMMARY N=14 sample_start=186974208 prefixes=32768 total=536870912 d0=32395 best_tail=23 tail_r61=17 best_r61=12 tail_W1=0x65b,0xd9b,0x1e08 tail_W2=0x568,0x2b39,0x32ce r61_W1=0x1a13,0x2b66,0x1fb8 r61_W2=0x1920,0x2b5b,0x2310

Scan-only witness registry
  registry_count=16 registry_cap=16
  witness[00] tail=23 r61=17 gh60=0xc718d66 W1=0x65b,0xd9b,0x1e08 W2=0x568,0x2b39,0x32ce
  witness[01] tail=23 r61=18 gh60=0xc88bcae W1=0x112f,0x3255,0x139e W2=0x103c,0x334,0x15b9
  witness[02] tail=23 r61=24 gh60=0x4effbaa W1=0xd72,0x273,0x1a5 W2=0xc7f,0x2953,0x2d09
  witness[03] tail=24 r61=21 gh60=0xdb98da6 W1=0x286b,0x20e2,0xf8c W2=0x2778,0x13a6,0x302f
  witness[04] tail=24 r61=23 gh60=0x5997cae W1=0x10f0,0x248e,0x3ae8 W2=0xffd,0x5ea,0x3350
  witness[05] tail=24 r61=23 gh60=0xfd0dd6e W1=0x2050,0x269e,0x25dd W2=0x1f5d,0x46a,0xbac
  witness[06] tail=25 r61=18 gh60=0x4a88da6 W1=0x266b,0x1c84,0xf34 W2=0x2578,0x35c8,0x1725
  witness[07] tail=25 r61=18 gh60=0xcd8cd9a W1=0x386a,0x1208,0x313a W2=0x3777,0xb6b,0x1f47
  witness[08] tail=25 r61=20 gh60=0x4e147ee W1=0x3390,0xbc1,0x229d W2=0x329d,0x1594,0x2fb4
  witness[09] tail=25 r61=20 gh60=0x78b87aa W1=0x33ad,0x1821,0xd8b W2=0x32ba,0x1975,0x3a92
  witness[10] tail=25 r61=21 gh60=0x4b7c4aa W1=0x2a2e,0x3722,0x1ca W2=0x293b,0x39e3,0x11bf
  witness[11] tail=25 r61=22 gh60=0x5929b9e W1=0x1c7,0x2db6,0xb8a W2=0xd4,0x1f1a,0x543
  witness[12] tail=25 r61=22 gh60=0xbb08d6a W1=0x38d1,0x41c,0x1e35 W2=0x37de,0xf87,0x3185
  witness[13] tail=25 r61=24 gh60=0x36f84aa W1=0x2fd,0x568,0x2d98 W2=0x20a,0xcd4,0x1e4a
  witness[14] tail=25 r61=24 gh60=0xcd884aa W1=0x3bed,0x292a,0x3736 W2=0x3afa,0xe6,0x1363
  witness[15] tail=25 r61=25 gh60=0xc9dcb9e W1=0x968,0xbbe,0x19b1 W2=0x875,0x3f69,0x3fae

Scan-only r61 registry
  registry_count=16 registry_cap=16
  r61_witness[00] r61=12 tail=27 gh60=0x5a184e6 W1=0x1a13,0x2b66,0x1fb8 W2=0x1920,0x2b5b,0x2310
  r61_witness[01] r61=15 tail=31 gh60=0x4a1bcee W1=0x301f,0x2527,0x28af W2=0x2f2c,0x3c7a,0xb5a
  r61_witness[02] r61=15 tail=32 gh60=0x4e044fa W1=0x41a,0x17e2,0x7b2 W2=0x327,0xcf,0x3ea1
  r61_witness[03] r61=16 tail=28 gh60=0x4e07d9a W1=0x308a,0x1e63,0x239b W2=0x2f97,0x3780,0x2ba8
  r61_witness[04] r61=16 tail=29 gh60=0x4994baa W1=0x25ae,0x2b59,0x14ad W2=0x24bb,0x2b61,0x253f
  r61_witness[05] r61=16 tail=30 gh60=0x4a15cee W1=0x10,0x212d,0x2d1d W2=0x3f1d,0x3b85,0x3072
  r61_witness[06] r61=16 tail=32 gh60=0x46144ea W1=0x3c1e,0x9a6,0xe6e W2=0x3b2b,0x1c4d,0xd95
  r61_witness[07] r61=16 tail=34 gh60=0x550856e W1=0x32cf,0x1b44,0xc88 W2=0x31dc,0xa8e,0x2f46
  r61_witness[08] r61=16 tail=34 gh60=0x36d9b9a W1=0x3dc9,0xc78,0x293c W2=0x3cd6,0xa1c,0x3270
  r61_witness[09] r61=16 tail=39 gh60=0x4e29cfa W1=0x119,0x1ba0,0x217e W2=0x26,0x3e57,0x21a8
  r61_witness[10] r61=16 tail=42 gh60=0x4608dea W1=0x691,0x1f33,0x105b W2=0x59e,0x1e12,0x35c1
  r61_witness[11] r61=17 tail=23 gh60=0xc718d66 W1=0x65b,0xd9b,0x1e08 W2=0x568,0x2b39,0x32ce
  r61_witness[12] r61=17 tail=27 gh60=0x46084ee W1=0x241f,0xaf3,0xed6 W2=0x232c,0x370d,0x1793
  r61_witness[13] r61=17 tail=29 gh60=0x56084e6 W1=0xa1b,0x12db,0x2338 W2=0x928,0x1cb2,0x30da
  r61_witness[14] r61=17 tail=29 gh60=0xc6084ee W1=0xc0f,0x997,0x2174 W2=0xb1c,0x343d,0x3b20
  r61_witness[15] r61=17 tail=30 gh60=0xc8a849a W1=0xd29,0xa9e,0xd92 W2=0xc36,0x30eb,0x1f84

D60=0 fiber histogram: 1:7917 2:4764 3:1797 4:1052 5:407 6:206 7:86 8:87 9:33 10:13 11:9 12:6 13:4 14:2 16:1 18:2 20:1 32:1
