free_word_mitm_reducedn
N=14 mask=0x3fff msb=0x2000
candidate: M0=0x3d36 mode=random-fallback fill=0x3fff kernel=dM0=dM9=0x2000
prefixes=32768/268435456 mode=permuted-prefix-sample w59_per_prefix=16384 total=536870912
run_mode=scan registry_cap=16
sample_start=176324608
scan_elapsed=18.941s rate=28.34 Mtriples/s

D60 interface
  D60=0 matches: 32762 (random expectation 32768.0, enrichment 1.000x)
  prefixes with D60=0: 16578
  max D60=0 fiber per prefix: 17 at W57=0x1f63 W58=0x3584
  largest D60 bucket: D=0x2edd count=33899
  min D60 HW: 0
  D60 HW histogram: 0:32762 1:457243 2:2978052 3:11921113 4:32806639 5:65622036 6:98441217 7:112480506 8:98424898 9:65592973 10:32763690 11:11891409 12:2970258 13:455893 14:32223

Tail closure among D60=0 matches
  final tail collisions: 0
  best r61 HW: 13
  best r61 W1[57..59]=0x1ed3,0x296e,0x1393
  best r61 W2[57..59]=0x1de0,0x25ce,0x21f6
  best tail HW: 21
  best tail r61 HW: 17
  best W1[57..59]=0x3c5a,0x3c93,0x263c
  best W2[57..59]=0x3b67,0x379c,0x27d5

SUMMARY N=14 sample_start=176324608 prefixes=32768 total=536870912 d0=32762 best_tail=21 tail_r61=17 best_r61=13 tail_W1=0x3c5a,0x3c93,0x263c tail_W2=0x3b67,0x379c,0x27d5 r61_W1=0x1ed3,0x296e,0x1393 r61_W2=0x1de0,0x25ce,0x21f6

Scan-only witness registry
  registry_count=16 registry_cap=16
  witness[00] tail=21 r61=17 gh60=0x4d0457a W1=0x3c5a,0x3c93,0x263c W2=0x3b67,0x379c,0x27d5
  witness[01] tail=21 r61=19 gh60=0xdafdb6e W1=0x1d0,0x18a8,0x1d60 W2=0xdd,0x7c4,0x75c
  witness[02] tail=21 r61=22 gh60=0xc918b7a W1=0x2555,0x1553,0x80c W2=0x2462,0xb4a,0x3b01
  witness[03] tail=21 r61=23 gh60=0xf6e4b66 W1=0x5d4,0x24a1,0x3ea4 W2=0x4e1,0x268c,0x3698
  witness[04] tail=22 r61=16 gh60=0xc6a4ba6 W1=0x3974,0x2d08,0x4f8 W2=0x3881,0x16d,0x61d
  witness[05] tail=23 r61=13 gh60=0x4519d66 W1=0x1ed3,0x296e,0x1393 W2=0x1de0,0x25ce,0x21f6
  witness[06] tail=23 r61=20 gh60=0x79844a6 W1=0xb2c,0xa61,0xb9c W2=0xa39,0x1abd,0x36a7
  witness[07] tail=23 r61=24 gh60=0x5bfc4a6 W1=0x19fc,0x349a,0x2f58 W2=0x1909,0x1f66,0x18c4
  witness[08] tail=24 r61=19 gh60=0x49847a6 W1=0x237c,0xb4e,0x2050 W2=0x2289,0x3794,0x2c3c
  witness[09] tail=24 r61=24 gh60=0xdab5baa W1=0x3d7e,0x1fd2,0x3e9a W2=0x3c8b,0x1d5a,0xe5d
  witness[10] tail=24 r61=25 gh60=0xc527d66 W1=0xed4,0x3848,0x3f4d W2=0xde1,0x1fa5,0x26f9
  witness[11] tail=24 r61=26 gh60=0xb5e859a W1=0x3ac5,0x2d86,0x266f W2=0x39d2,0x2965,0x1ff7
  witness[12] tail=25 r61=15 gh60=0xca98baa W1=0x2971,0x3c90,0x3878 W2=0x287e,0x3917,0xc05
  witness[13] tail=25 r61=16 gh60=0x56085ea W1=0x1a8d,0x3a50,0x2372 W2=0x199a,0x1a6e,0x43
  witness[14] tail=25 r61=17 gh60=0xc60dbe6 W1=0x18c,0x15da,0x2f51 W2=0x99,0x19a7,0x2d03
  witness[15] tail=25 r61=19 gh60=0x4a547ba W1=0x1376,0x18d,0x3e9f W2=0x1283,0x14e4,0x230a

Scan-only r61 registry
  registry_count=16 registry_cap=16
  r61_witness[00] r61=13 tail=23 gh60=0x4519d66 W1=0x1ed3,0x296e,0x1393 W2=0x1de0,0x25ce,0x21f6
  r61_witness[01] r61=15 tail=25 gh60=0xca98baa W1=0x2971,0x3c90,0x3878 W2=0x287e,0x3917,0xc05
  r61_witness[02] r61=15 tail=31 gh60=0x4898ba6 W1=0x25ab,0xc94,0x2f97 W2=0x24b8,0x1468,0x3d4a
  r61_witness[03] r61=16 tail=22 gh60=0xc6a4ba6 W1=0x3974,0x2d08,0x4f8 W2=0x3881,0x16d,0x61d
  r61_witness[04] r61=16 tail=25 gh60=0x56085ea W1=0x1a8d,0x3a50,0x2372 W2=0x199a,0x1a6e,0x43
  r61_witness[05] r61=16 tail=26 gh60=0xdd24d6a W1=0x3852,0x2972,0x22b W2=0x375f,0xca,0x3ae7
  r61_witness[06] r61=16 tail=27 gh60=0xc888caa W1=0x741,0x78b,0x163c W2=0x64e,0xaba,0x11c0
  r61_witness[07] r61=16 tail=28 gh60=0x570876a W1=0x135d,0x3c55,0x1414 W2=0x126a,0x3e9f,0x3127
  r61_witness[08] r61=16 tail=29 gh60=0x5a04c9a W1=0x190a,0x1fb6,0x35cb W2=0x1817,0x1139,0x2d2c
  r61_witness[09] r61=16 tail=31 gh60=0x4e2bcfa W1=0x3015,0x2dc7,0x34ca W2=0x2f22,0x48a,0x2199
  r61_witness[10] r61=16 tail=32 gh60=0x4a08cea W1=0x1811,0x3622,0x1343 W2=0x171e,0xa2d,0x1102
  r61_witness[11] r61=16 tail=32 gh60=0x4a084e6 W1=0x3b0b,0x17d3,0x37fa W2=0x3a18,0x9aa,0x32cc
  r61_witness[12] r61=16 tail=33 gh60=0xc48449a W1=0x342a,0x387e,0x1407 W2=0x3337,0x2dfe,0x3d3
  r61_witness[13] r61=16 tail=33 gh60=0x4d0457a W1=0x3ada,0x3757,0x300f W2=0x39e7,0x37d8,0x3488
  r61_witness[14] r61=16 tail=36 gh60=0xc554d9a W1=0x6c6,0x3d70,0x349c W2=0x5d3,0x1ea7,0x341f
  r61_witness[15] r61=16 tail=36 gh60=0x4664caa W1=0x16f2,0x3ff,0x21b W2=0x15ff,0x17c3,0x3e87

D60=0 fiber histogram: 1:7947 2:4861 3:1828 4:1075 5:449 6:199 7:88 8:53 9:24 10:25 11:9 12:9 13:3 14:5 15:1 16:1 17:1
