free_word_mitm_reducedn
N=14 mask=0x3fff msb=0x2000
candidate: M0=0x3d36 mode=random-fallback fill=0x3fff kernel=dM0=dM9=0x2000
prefixes=32768/268435456 mode=permuted-prefix-sample w59_per_prefix=16384 total=536870912
run_mode=scan registry_cap=16
sample_start=118521856
scan_elapsed=20.233s rate=26.53 Mtriples/s

D60 interface
  D60=0 matches: 32257 (random expectation 32768.0, enrichment 0.984x)
  prefixes with D60=0: 16384
  max D60=0 fiber per prefix: 15 at W57=0x14f6 W58=0x94c
  largest D60 bucket: D=0xc62 count=33800
  min D60 HW: 0
  D60 HW histogram: 0:32257 1:456720 2:2970269 3:11914683 4:32795913 5:65623543 6:98441814 7:112478282 8:98407196 9:65589350 10:32786575 11:11910923 12:2974634 13:456633 14:32120

Tail closure among D60=0 matches
  final tail collisions: 0
  best r61 HW: 14
  best r61 W1[57..59]=0x215c,0x27b5,0x3789
  best r61 W2[57..59]=0x2069,0x27fe,0x1550
  best tail HW: 19
  best tail r61 HW: 18
  best W1[57..59]=0x32ec,0x14ff,0x3d49
  best W2[57..59]=0x31f9,0x34dd,0x21a5

SUMMARY N=14 sample_start=118521856 prefixes=32768 total=536870912 d0=32257 best_tail=19 tail_r61=18 best_r61=14 tail_W1=0x32ec,0x14ff,0x3d49 tail_W2=0x31f9,0x34dd,0x21a5 r61_W1=0x215c,0x27b5,0x3789 r61_W2=0x2069,0x27fe,0x1550

Scan-only witness registry
  registry_count=16 registry_cap=16
  witness[00] tail=19 r61=18 gh60=0x4bfc4a6 W1=0x32ec,0x14ff,0x3d49 W2=0x31f9,0x34dd,0x21a5
  witness[01] tail=22 r61=14 gh60=0x4618dea W1=0x2691,0x126e,0xc2f W2=0x259e,0x114d,0x1c44
  witness[02] tail=23 r61=20 gh60=0xf60fd9a W1=0x308a,0x1394,0x13cb W2=0x2f97,0x2cb1,0x3676
  witness[03] tail=24 r61=18 gh60=0xdb38b6a W1=0x1551,0x31a9,0x2dc1 W2=0x145e,0x3e4,0x2414
  witness[04] tail=24 r61=18 gh60=0x47f8fea W1=0x1791,0x3598,0x311f W2=0x169e,0x52b,0x2b80
  witness[05] tail=24 r61=18 gh60=0xdf6cb9a W1=0x19c6,0x1daf,0x3b4 W2=0x18d3,0x284a,0x11c5
  witness[06] tail=24 r61=19 gh60=0xda38dea W1=0x368d,0x2e36,0x2844 W2=0x359a,0x1015,0x3432
  witness[07] tail=24 r61=26 gh60=0x7a74dea W1=0x369e,0x2cf4,0x26e2 W2=0x35ab,0x3bc4,0x2565
  witness[08] tail=24 r61=29 gh60=0xdd68566 W1=0xa53,0x3d38,0x1002 W2=0x960,0x3579,0x3391
  witness[09] tail=25 r61=18 gh60=0xcf2fca6 W1=0x1044,0x2752,0x15c5 W2=0xf51,0x3409,0x39de
  witness[10] tail=25 r61=23 gh60=0x79a84e6 W1=0x523,0x39b,0x7d1 W2=0x430,0x2112,0x2bd2
  witness[11] tail=25 r61=23 gh60=0xca344fa W1=0x2416,0xa,0xdc1 W2=0x2323,0x2743,0x156b
  witness[12] tail=26 r61=16 gh60=0x7489cae W1=0x3f,0x1731,0x318d W2=0x3f4c,0x3f04,0x1f21
  witness[13] tail=26 r61=17 gh60=0xcb08f66 W1=0x17db,0x1f37,0xcef W2=0x16e8,0x1769,0x1f2b
  witness[14] tail=26 r61=18 gh60=0xde08bea W1=0x5a1,0x1f29,0x288d W2=0x4ae,0x1dec,0x29bb
  witness[15] tail=26 r61=19 gh60=0x7e0ccea W1=0x80e,0x57,0x181a W2=0x71b,0x50f,0x384b

Scan-only r61 registry
  registry_count=16 registry_cap=16
  r61_witness[00] r61=14 tail=22 gh60=0x4618dea W1=0x2691,0x126e,0xc2f W2=0x259e,0x114d,0x1c44
  r61_witness[01] r61=14 tail=33 gh60=0x48844a6 W1=0x3d2c,0x2e51,0x6db W2=0x3c39,0x2dad,0x285
  r61_witness[02] r61=14 tail=34 gh60=0x4905b66 W1=0x215c,0x27b5,0x3789 W2=0x2069,0x27fe,0x1550
  r61_witness[03] r61=15 tail=27 gh60=0x5f04d66 W1=0x65c,0x2cc0,0x76 W2=0x569,0x65f,0x3c41
  r61_witness[04] r61=15 tail=28 gh60=0xc885bba W1=0x3dba,0x1ea9,0x23ac W2=0x3cc7,0x10e5,0x11d4
  r61_witness[05] r61=15 tail=29 gh60=0xc688fae W1=0x176f,0x3431,0x1797 W2=0x167c,0x39f8,0x1731
  r61_witness[06] r61=15 tail=30 gh60=0x4489da6 W1=0x3eab,0x39ed,0x2582 W2=0x3db8,0xf9f,0x178d
  r61_witness[07] r61=15 tail=32 gh60=0xb909b66 W1=0x1cb,0x2239,0x2abc W2=0xd8,0x2191,0x824
  r61_witness[08] r61=15 tail=32 gh60=0xc8a8be6 W1=0x9a3,0xf64,0x3108 W2=0x8b0,0x1152,0x26ba
  r61_witness[09] r61=15 tail=37 gh60=0x570856a W1=0x32cd,0x250b,0x3208 W2=0x31da,0x411,0x10c3
  r61_witness[10] r61=16 tail=26 gh60=0x7489cae W1=0x3f,0x1731,0x318d W2=0x3f4c,0x3f04,0x1f21
  r61_witness[11] r61=16 tail=28 gh60=0x39a456a W1=0x1ae2,0x3a74,0x3c2e W2=0x19ef,0x1a1f,0x399e
  r61_witness[12] r61=16 tail=30 gh60=0xc9a4baa W1=0x972,0x2afd,0x3703 W2=0x87f,0x1799,0x146c
  r61_witness[13] r61=16 tail=32 gh60=0xcd28d7a W1=0x655,0x1425,0xbdc W2=0x562,0x214,0x300e
  r61_witness[14] r61=16 tail=33 gh60=0x5609dea W1=0x2091,0x554,0xf72 W2=0x1f9e,0x3fb3,0x1c44
  r61_witness[15] r61=16 tail=34 gh60=0x4968b7e W1=0x3957,0x1f40,0x11d7 W2=0x3864,0x2563,0x15e8

D60=0 fiber histogram: 1:7969 2:4709 3:1757 4:1105 5:406 6:204 7:97 8:73 9:29 10:16 11:3 12:8 13:2 14:4 15:2
