free_word_mitm_reducedn
N=14 mask=0x3fff msb=0x2000
candidate: M0=0x3d36 mode=random-fallback fill=0x3fff kernel=dM0=dM9=0x2000
prefixes=32768/268435456 mode=permuted-prefix-sample w59_per_prefix=16384 total=536870912
run_mode=scan registry_cap=16
sample_start=19529728
scan_elapsed=18.676s rate=28.75 Mtriples/s

D60 interface
  D60=0 matches: 32529 (random expectation 32768.0, enrichment 0.993x)
  prefixes with D60=0: 16586
  max D60=0 fiber per prefix: 18 at W57=0x6e7 W58=0x403
  largest D60 bucket: D=0xc4f count=33996
  min D60 HW: 0
  D60 HW histogram: 0:32529 1:455314 2:2974238 3:11909358 4:32792746 5:65601588 6:98420774 7:112493977 8:98408017 9:65608777 10:32782812 11:11920282 12:2979435 13:458485 14:32580

Tail closure among D60=0 matches
  final tail collisions: 0
  best r61 HW: 14
  best r61 W1[57..59]=0x226b,0x157,0x3e83
  best r61 W2[57..59]=0x2178,0x161c,0x49a
  best tail HW: 22
  best tail r61 HW: 24
  best W1[57..59]=0x3053,0x4a5,0x2d21
  best W2[57..59]=0x2f60,0x781,0x2f34

SUMMARY N=14 sample_start=19529728 prefixes=32768 total=536870912 d0=32529 best_tail=22 tail_r61=24 best_r61=14 tail_W1=0x3053,0x4a5,0x2d21 tail_W2=0x2f60,0x781,0x2f34 r61_W1=0x226b,0x157,0x3e83 r61_W2=0x2178,0x161c,0x49a

Scan-only witness registry
  registry_count=16 registry_cap=16
  witness[00] tail=22 r61=24 gh60=0xd52bd66 W1=0x3053,0x4a5,0x2d21 W2=0x2f60,0x781,0x2f34
  witness[01] tail=23 r61=18 gh60=0x4e5ddfa W1=0x2096,0x32b9,0xe61 W2=0x1fa3,0xd99,0x2a5b
  witness[02] tail=23 r61=19 gh60=0x7a1bde6 W1=0xe8b,0x337e,0xc26 W2=0xd98,0x36b6,0x176f
  witness[03] tail=23 r61=22 gh60=0x79bc4a6 W1=0x334,0x3a44,0x1921 W2=0x241,0x28b0,0x146c
  witness[04] tail=23 r61=23 gh60=0x49d477a W1=0x1356,0x1ab0,0x376c W2=0x1263,0x318d,0x3f86
  witness[05] tail=24 r61=16 gh60=0x4b884aa W1=0x21ed,0x1df3,0x3e29 W2=0x20fa,0x22af,0x2048
  witness[06] tail=24 r61=20 gh60=0x79d44be W1=0x1cf8,0x2ee0,0x12a6 W2=0x1c05,0xc7f,0x17e7
  witness[07] tail=24 r61=22 gh60=0xce2dcea W1=0x2112,0x2e9e,0x3aab W2=0x201f,0x30ea,0x130
  witness[08] tail=24 r61=25 gh60=0xfd94dae W1=0x3670,0x1e1f,0x21ca W2=0x357d,0x15d7,0x7f
  witness[09] tail=25 r61=17 gh60=0x4508d6a W1=0x661,0x1e10,0x3f8c W2=0x56e,0x1b73,0x269d
  witness[10] tail=25 r61=19 gh60=0x4b7449a W1=0x1426,0x2a42,0x9a7 W2=0x1333,0x2016,0x1fbf
  witness[11] tail=25 r61=20 gh60=0x45b459e W1=0x2c68,0x1cf,0x2b7a W2=0x2b75,0x891,0x993
  witness[12] tail=25 r61=21 gh60=0x3b9bdaa W1=0x2ead,0x3ac5,0x1a60 W2=0x2dba,0x3798,0x2d6e
  witness[13] tail=25 r61=22 gh60=0xda184e6 W1=0x1d0b,0x1132,0x737 W2=0x1c18,0x2309,0x1920
  witness[14] tail=25 r61=23 gh60=0xca1dda6 W1=0x84,0x3c,0x20f2 W2=0x3f91,0x108f,0xa8e
  witness[15] tail=25 r61=23 gh60=0xfa084e6 W1=0x330b,0x13c,0x280e W2=0x3218,0x3511,0x3a5

Scan-only r61 registry
  registry_count=16 registry_cap=16
  r61_witness[00] r61=14 tail=29 gh60=0xc88bcaa W1=0xf31,0x3f1a,0x3793 W2=0xe3e,0x31d9,0x3425
  r61_witness[01] r61=14 tail=30 gh60=0x4a885a6 W1=0x226b,0x157,0x3e83 W2=0x2178,0x161c,0x49a
  r61_witness[02] r61=15 tail=26 gh60=0x492bca6 W1=0x3143,0x320a,0x824 W2=0x3050,0x38c8,0xbb1
  r61_witness[03] r61=15 tail=27 gh60=0xc904f66 W1=0x27cc,0x1b70,0xaf3 W2=0x26d9,0x3b3,0x3414
  r61_witness[04] r61=15 tail=32 gh60=0x4508d6a W1=0x265d,0x14f2,0x2e17 W2=0x256a,0x2a49,0x384e
  r61_witness[05] r61=15 tail=34 gh60=0x4885b9a W1=0x21aa,0x904,0x2d5 W2=0x20b7,0x360d,0x128b
  r61_witness[06] r61=16 tail=24 gh60=0x4b884aa W1=0x21ed,0x1df3,0x3e29 W2=0x20fa,0x22af,0x2048
  r61_witness[07] r61=16 tail=26 gh60=0xcae849e W1=0x2b07,0x289c,0x3f9b W2=0x2a14,0x2907,0x3ac6
  r61_witness[08] r61=16 tail=30 gh60=0xca1cb9a W1=0x98a,0x3e9f,0x655 W2=0x897,0x2c76,0x29cf
  r61_witness[09] r61=16 tail=30 gh60=0x79d84ba W1=0x22f9,0x29d9,0x22c2 W2=0x2206,0x139b,0x138b
  r61_witness[10] r61=16 tail=30 gh60=0x492849a W1=0x3b45,0x2789,0x2331 W2=0x3a52,0x1f58,0x23d6
  r61_witness[11] r61=16 tail=32 gh60=0x4a0c4e6 W1=0x151c,0x64e,0x2675 W2=0x1429,0x120,0x260f
  r61_witness[12] r61=16 tail=36 gh60=0xcad45fe W1=0x1298,0x3ba6,0x2b88 W2=0x11a5,0xd67,0x1058
  r61_witness[13] r61=17 tail=25 gh60=0x4508d6a W1=0x661,0x1e10,0x3f8c W2=0x56e,0x1b73,0x269d
  r61_witness[14] r61=17 tail=27 gh60=0x4d3456e W1=0x34e0,0x419,0x2312 W2=0x33ed,0x38b8,0x3c72
  r61_witness[15] r61=17 tail=28 gh60=0x58884a6 W1=0x1b2b,0x327d,0x1152 W2=0x1a38,0x21d8,0x2830

D60=0 fiber histogram: 1:8032 2:4846 3:1780 4:1115 5:375 6:234 7:71 8:63 9:27 10:26 11:3 12:5 13:4 14:2 15:1 16:1 18:1
