free_word_mitm_reducedn
N=14 mask=0x3fff msb=0x2000
candidate: M0=0x3d36 mode=random-fallback fill=0x3fff kernel=dM0=dM9=0x2000
prefixes=32768/268435456 mode=permuted-prefix-sample w59_per_prefix=16384 total=536870912
run_mode=scan registry_cap=16
sample_start=237633536
scan_elapsed=18.858s rate=28.47 Mtriples/s

D60 interface
  D60=0 matches: 32620 (random expectation 32768.0, enrichment 0.995x)
  prefixes with D60=0: 16512
  max D60=0 fiber per prefix: 23 at W57=0x23ef W58=0x5fa
  largest D60 bucket: D=0x2a43 count=33962
  min D60 HW: 0
  D60 HW histogram: 0:32620 1:456837 2:2971336 3:11882934 4:32727282 5:65548815 6:98412046 7:112512660 8:98483384 9:65629720 10:32798457 11:11937467 12:2985274 13:459317 14:32763

Tail closure among D60=0 matches
  final tail collisions: 0
  best r61 HW: 13
  best r61 W1[57..59]=0x1987,0x85b,0x2c68
  best r61 W2[57..59]=0x1894,0xb39,0x37a4
  best tail HW: 20
  best tail r61 HW: 24
  best W1[57..59]=0x74e,0x1ed,0x3fbd
  best W2[57..59]=0x65b,0x3a15,0x29ad

SUMMARY N=14 sample_start=237633536 prefixes=32768 total=536870912 d0=32620 best_tail=20 tail_r61=24 best_r61=13 tail_W1=0x74e,0x1ed,0x3fbd tail_W2=0x65b,0x3a15,0x29ad r61_W1=0x1987,0x85b,0x2c68 r61_W2=0x1894,0xb39,0x37a4

Scan-only witness registry
  registry_count=16 registry_cap=16
  witness[00] tail=20 r61=24 gh60=0x590cf6a W1=0x74e,0x1ed,0x3fbd W2=0x65b,0x3a15,0x29ad
  witness[01] tail=22 r61=16 gh60=0x59b84a6 W1=0x1cfb,0x453,0x3acd W2=0x1c08,0x111e,0x2924
  witness[02] tail=24 r61=20 gh60=0x478dcba W1=0x213a,0x1ad6,0x664 W2=0x2047,0x3f0a,0xcc1
  witness[03] tail=24 r61=21 gh60=0x4dd8d9a W1=0x26a9,0x2a10,0x190 W2=0x25b6,0xaf6,0xcc7
  witness[04] tail=24 r61=23 gh60=0xc8987a6 W1=0xbb3,0x1d14,0x20e0 W2=0xac0,0x7f9,0x2256
  witness[05] tail=24 r61=23 gh60=0xdb3476e W1=0x33d0,0x3ce1,0x723 W2=0x32dd,0x61c,0x15ad
  witness[06] tail=24 r61=24 gh60=0x4998baa W1=0x19bd,0x25b4,0x1d63 W2=0x18ca,0x21f7,0x1ce
  witness[07] tail=24 r61=26 gh60=0xf60459a W1=0x1a8a,0x1fe8,0x1e0e W2=0x1997,0x1c4c,0x1108
  witness[08] tail=25 r61=17 gh60=0xc50c57a W1=0x24da,0x243,0x3c62 W2=0x23e7,0x28ec,0x2f94
  witness[09] tail=25 r61=17 gh60=0x4e04be6 W1=0x298c,0x2052,0x34a4 W2=0x2899,0x269d,0x1fc3
  witness[10] tail=25 r61=18 gh60=0xd68c4a6 W1=0x32fc,0x2627,0x3c89 W2=0x3209,0x4f5,0x55e
  witness[11] tail=25 r61=19 gh60=0xc48cda6 W1=0x16bc,0x2972,0x6d8 W2=0x15c9,0x1227,0x5db
  witness[12] tail=25 r61=21 gh60=0x47d45be W1=0x1cb8,0x2f64,0xb7f W2=0x1bc5,0x4af,0x1d6f
  witness[13] tail=25 r61=21 gh60=0xdd0c56e W1=0x22d0,0x17c2,0x1234 W2=0x21dd,0x3c19,0x3b5a
  witness[14] tail=25 r61=22 gh60=0x3d1456e W1=0xc50,0x2896,0x9d7 W2=0xb5d,0xeed,0x293b
  witness[15] tail=25 r61=22 gh60=0xd985f9a W1=0x3faa,0xe86,0x90d W2=0x3eb7,0x3e97,0x3403

Scan-only r61 registry
  registry_count=16 registry_cap=16
  r61_witness[00] r61=13 tail=31 gh60=0x4658b9e W1=0x1987,0x85b,0x2c68 W2=0x1894,0xb39,0x37a4
  r61_witness[01] r61=14 tail=29 gh60=0x45e4da6 W1=0x16c4,0x2fec,0x30d7 W2=0x15d1,0x3851,0x38cc
  r61_witness[02] r61=15 tail=26 gh60=0x462ccfe W1=0x2718,0x2a74,0xf42 W2=0x2625,0x38dc,0x13ad
  r61_witness[03] r61=15 tail=28 gh60=0x4a047fa W1=0x139a,0x217e,0x1fcf W2=0x12a7,0x20c3,0x27cc
  r61_witness[04] r61=15 tail=30 gh60=0x4a09cee W1=0x10f,0x2321,0x3bc5 W2=0x1c,0x3d78,0x362e
  r61_witness[05] r61=16 tail=22 gh60=0x59b84a6 W1=0x1cfb,0x453,0x3acd W2=0x1c08,0x111e,0x2924
  r61_witness[06] r61=16 tail=26 gh60=0x468ff9a W1=0xf6a,0x2dfb,0x2a53 W2=0xe77,0x1298,0x1e0
  r61_witness[07] r61=16 tail=26 gh60=0xc9984aa W1=0x3b31,0x1b58,0xbbf W2=0x3a3e,0x3518,0x1ca2
  r61_witness[08] r61=16 tail=32 gh60=0x468cdae W1=0x1680,0x2d1e,0xba1 W2=0x158d,0x25c6,0x2fca
  r61_witness[09] r61=16 tail=32 gh60=0x48a84a6 W1=0x2333,0xe6f,0x22f8 W2=0x2240,0xeda,0x20b7
  r61_witness[10] r61=16 tail=32 gh60=0xc6884aa W1=0x3401,0x1d5d,0x120e W2=0x330e,0x324d,0xf11
  r61_witness[11] r61=16 tail=34 gh60=0x5c884ae W1=0x323f,0x38e7,0x3d1f W2=0x314c,0x32f7,0x634
  r61_witness[12] r61=16 tail=35 gh60=0x44884a6 W1=0x43b,0x1523,0x1de0 W2=0x348,0x270,0x372f
  r61_witness[13] r61=16 tail=37 gh60=0x4b0449a W1=0x1a4a,0x2442,0x1944 W2=0x1957,0x1802,0x1491
  r61_witness[14] r61=16 tail=37 gh60=0xca684a6 W1=0x2af3,0x1880,0x2b5b W2=0x2a00,0x176d,0x3bad
  r61_witness[15] r61=17 tail=25 gh60=0xc50c57a W1=0x24da,0x243,0x3c62 W2=0x23e7,0x28ec,0x2f94

D60=0 fiber histogram: 1:7996 2:4832 3:1760 4:1036 5:404 6:246 7:87 8:69 9:31 10:22 11:11 12:7 13:2 14:2 15:1 16:3 17:1 18:1 23:1
