free_word_mitm_reducedn
N=14 mask=0x3fff msb=0x2000
candidate: M0=0x3d36 mode=random-fallback fill=0x3fff kernel=dM0=dM9=0x2000
prefixes=32768/268435456 mode=permuted-prefix-sample w59_per_prefix=16384 total=536870912
run_mode=scan registry_cap=16
sample_start=39485440
scan_elapsed=18.785s rate=28.58 Mtriples/s

D60 interface
  D60=0 matches: 33085 (random expectation 32768.0, enrichment 1.010x)
  prefixes with D60=0: 16705
  max D60=0 fiber per prefix: 19 at W57=0x101 W58=0x9d5
  largest D60 bucket: D=0x2c27 count=33829
  min D60 HW: 0
  D60 HW histogram: 0:33085 1:456852 2:2976654 3:11919191 4:32775952 5:65577329 6:98388854 7:112478889 8:98441158 9:65610455 10:32809119 11:11929478 12:2983259 13:458094 14:32543

Tail closure among D60=0 matches
  final tail collisions: 0
  best r61 HW: 14
  best r61 W1[57..59]=0x6c6,0xc65,0x1e46
  best r61 W2[57..59]=0x5d3,0x2d9c,0x21d
  best tail HW: 21
  best tail r61 HW: 22
  best W1[57..59]=0x3fea,0x2601,0x121
  best W2[57..59]=0x3ef7,0x702,0x1138

SUMMARY N=14 sample_start=39485440 prefixes=32768 total=536870912 d0=33085 best_tail=21 tail_r61=22 best_r61=14 tail_W1=0x3fea,0x2601,0x121 tail_W2=0x3ef7,0x702,0x1138 r61_W1=0x6c6,0xc65,0x1e46 r61_W2=0x5d3,0x2d9c,0x21d

Scan-only witness registry
  registry_count=16 registry_cap=16
  witness[00] tail=21 r61=22 gh60=0xda8dc9a W1=0x3fea,0x2601,0x121 W2=0x3ef7,0x702,0x1138
  witness[01] tail=23 r61=23 gh60=0x46f8f66 W1=0x1763,0x3ad7,0x2cbe W2=0x1670,0x2b31,0x1e6d
  witness[02] tail=24 r61=17 gh60=0x37a44aa W1=0xcf2,0x8df,0x1635 W2=0xbff,0xfa4,0x3b87
  witness[03] tail=24 r61=17 gh60=0x450cd66 W1=0x164c,0x1319,0x1be7 W2=0x1559,0x38c0,0x243f
  witness[04] tail=24 r61=19 gh60=0xcf04b7a W1=0x395a,0x4fb,0x346c W2=0x3867,0x3ef3,0x11d5
  witness[05] tail=24 r61=20 gh60=0x5e784be W1=0x11f7,0x4e6,0x3be5 W2=0x1104,0x2284,0x38e
  witness[06] tail=24 r61=21 gh60=0xde0fde6 W1=0x109c,0x1a5a,0x2839 W2=0xfa9,0x3803,0x98b
  witness[07] tail=24 r61=21 gh60=0x45addbe W1=0x1e78,0x1006,0x1e57 W2=0x1d85,0x16be,0x3ae9
  witness[08] tail=24 r61=22 gh60=0x3f0bb6e W1=0xdcf,0x17dd,0x35f W2=0xcdc,0x3dfc,0x1693
  witness[09] tail=24 r61=23 gh60=0x3e244a6 W1=0x3b04,0x1218,0x3292 W2=0x3a11,0x1316,0x24a3
  witness[10] tail=24 r61=27 gh60=0xcbe85e6 W1=0x2293,0x579,0x3da2 W2=0x21a0,0x3644,0xfd8
  witness[11] tail=25 r61=17 gh60=0x4b5c57a W1=0xad6,0x2600,0x13bc W2=0x9e3,0x28d,0x14ac
  witness[12] tail=25 r61=19 gh60=0xca7849e W1=0x3307,0x19e9,0x25e W2=0x3214,0x2ade,0x1ac2
  witness[13] tail=25 r61=20 gh60=0x4e08fea W1=0x791,0x26f0,0x26db W2=0x69e,0x237f,0x36be
  witness[14] tail=25 r61=20 gh60=0x5c98c9a W1=0x3625,0x1ab5,0x2f9f W2=0x3532,0x117b,0x224b
  witness[15] tail=25 r61=21 gh60=0xb668566 W1=0x1263,0x2fec,0x7c5 W2=0x1170,0x2c37,0x2690

Scan-only r61 registry
  registry_count=16 registry_cap=16
  r61_witness[00] r61=14 tail=28 gh60=0x4d2cd9a W1=0x6c6,0xc65,0x1e46 W2=0x5d3,0x2d9c,0x21d
  r61_witness[01] r61=14 tail=28 gh60=0xb908f6a W1=0x2761,0x3648,0xf9b W2=0x266e,0x3953,0x270b
  r61_witness[02] r61=15 tail=30 gh60=0xc8a4cea W1=0x722,0x268c,0x31da W2=0x62f,0x2bec,0x1ab9
  r61_witness[03] r61=15 tail=30 gh60=0x5a6c49a W1=0x2be6,0x3718,0x2218 W2=0x2af3,0x1dea,0x3d7b
  r61_witness[04] r61=15 tail=32 gh60=0x4e2849a W1=0xa05,0x20b9,0x227 W2=0x912,0x548,0x1df4
  r61_witness[05] r61=15 tail=32 gh60=0xce04cfa W1=0x371a,0x4f7,0x2f49 W2=0x3627,0x3733,0x366e
  r61_witness[06] r61=15 tail=34 gh60=0xc908b6a W1=0x3561,0x14da,0x34be W2=0x346e,0x1f11,0x2cfb
  r61_witness[07] r61=15 tail=36 gh60=0xc897bae W1=0x31b0,0x2ac4,0x31d0 W2=0x30bd,0xfcc,0x1620
  r61_witness[08] r61=16 tail=26 gh60=0x37887a6 W1=0x3bb,0x2deb,0x1336 W2=0x2c8,0x17b0,0x3d7c
  r61_witness[09] r61=16 tail=26 gh60=0xc975c9a W1=0x1f26,0x1a46,0x150f W2=0x1e33,0x3edb,0x13b
  r61_witness[10] r61=16 tail=26 gh60=0xb4884ae W1=0x2a3f,0x3b6e,0x36cb W2=0x294c,0x26fe,0x44d
  r61_witness[11] r61=16 tail=29 gh60=0x4d0bd6a W1=0x30d1,0x3c1d,0x14a9 W2=0x2fde,0x270c,0x13e2
  r61_witness[12] r61=16 tail=30 gh60=0x58884aa W1=0x2531,0x723,0x35da W2=0x243e,0xde3,0x364b
  r61_witness[13] r61=16 tail=31 gh60=0xc605c9a W1=0x10a,0x219,0x31e W2=0x17,0x2122,0x1433
  r61_witness[14] r61=16 tail=32 gh60=0x4928b7a W1=0x555,0x2a29,0x37bb W2=0x462,0x1828,0x3753
  r61_witness[15] r61=16 tail=32 gh60=0x46244ea W1=0x3412,0x3405,0x3c19 W2=0x331f,0xa04,0x27

D60=0 fiber histogram: 1:8067 2:4802 3:1805 4:1172 5:408 6:239 7:69 8:63 9:30 10:20 11:12 12:6 13:7 14:1 16:1 18:2 19:1
