free_word_mitm_reducedn
N=14 mask=0x3fff msb=0x2000
candidate: M0=0x3d36 mode=random-fallback fill=0x3fff kernel=dM0=dM9=0x2000
prefixes=32768/268435456 mode=permuted-prefix-sample w59_per_prefix=16384 total=536870912
run_mode=scan registry_cap=16
sample_start=140640256
scan_elapsed=15.405s rate=34.85 Mtriples/s

D60 interface
  D60=0 matches: 32639 (random expectation 32768.0, enrichment 0.996x)
  prefixes with D60=0: 16568
  max D60=0 fiber per prefix: 21 at W57=0x247d W58=0x149d
  largest D60 bucket: D=0xa9b count=33775
  min D60 HW: 0
  D60 HW histogram: 0:32639 1:456932 2:2974646 3:11898530 4:32759335 5:65565547 6:98433900 7:112511128 8:98445229 9:65621096 10:32785046 11:11916807 12:2979122 13:458374 14:32581

Tail closure among D60=0 matches
  final tail collisions: 0
  best r61 HW: 13
  best r61 W1[57..59]=0x34cb,0x207e,0x4d4
  best r61 W2[57..59]=0x33d8,0x21a3,0x2788
  best tail HW: 22
  best tail r61 HW: 22
  best W1[57..59]=0x12a2,0x414,0x30b7
  best W2[57..59]=0x11af,0x1c47,0x203d

SUMMARY N=14 sample_start=140640256 prefixes=32768 total=536870912 d0=32639 best_tail=22 tail_r61=22 best_r61=13 tail_W1=0x12a2,0x414,0x30b7 tail_W2=0x11af,0x1c47,0x203d r61_W1=0x34cb,0x207e,0x4d4 r61_W2=0x33d8,0x21a3,0x2788

Scan-only witness registry
  registry_count=16 registry_cap=16
  witness[00] tail=22 r61=22 gh60=0x749c5ea W1=0x12a2,0x414,0x30b7 W2=0x11af,0x1c47,0x203d
  witness[01] tail=24 r61=19 gh60=0x7a384ea W1=0x31d,0x2f2a,0x3c7c W2=0x22a,0x3690,0x324a
  witness[02] tail=24 r61=20 gh60=0xc518d6a W1=0x16e1,0x1a97,0x1ceb W2=0x15ee,0x24de,0x1d21
  witness[03] tail=24 r61=24 gh60=0x5ef84aa W1=0x39ed,0x2cd0,0x24ef W2=0x38fa,0x30c,0xb7f
  witness[04] tail=25 r61=21 gh60=0x46dc57a W1=0x2456,0x1e2f,0x260e W2=0x2363,0x3cbc,0x23f3
  witness[05] tail=25 r61=22 gh60=0xbbb8caa W1=0x92d,0x938,0x246 W2=0x83a,0xbb3,0x2083
  witness[06] tail=25 r61=22 gh60=0xdb284a6 W1=0x3a43,0x2026,0x5e4 W2=0x3950,0x1ca3,0x34fc
  witness[07] tail=25 r61=26 gh60=0xcde9d9e W1=0x67,0x1627,0x3261 W2=0x3f74,0x1b03,0x1a15
  witness[08] tail=25 r61=26 gh60=0x4995baa W1=0x3dbe,0x38a4,0x2c15 W2=0x3ccb,0x39a0,0x3339
  witness[09] tail=25 r61=28 gh60=0x7939f66 W1=0x3f4b,0x3576,0x386f W2=0x3e58,0x1f36,0x3421
  witness[10] tail=25 r61=30 gh60=0x3b8c49a W1=0x12ea,0xa1f,0x2079 W2=0x11f7,0x2eb,0x659
  witness[11] tail=26 r61=13 gh60=0xca37d9e W1=0x1088,0x4c9,0x153b W2=0xf95,0x35d2,0x30cd
  witness[12] tail=26 r61=16 gh60=0x46245a6 W1=0x484,0x2b43,0x3dc3 W2=0x391,0x117,0x13df
  witness[13] tail=26 r61=18 gh60=0xcca84e6 W1=0x1223,0x32d1,0x51e W2=0x1130,0x2f54,0x11a8
  witness[14] tail=26 r61=19 gh60=0x4998baa W1=0x25b1,0x8bb,0x35f8 W2=0x24be,0x912,0x3cb0
  witness[15] tail=26 r61=19 gh60=0xca8c4a6 W1=0x2aec,0x1e30,0x281a W2=0x29f9,0x2d0c,0x1cb9

Scan-only r61 registry
  registry_count=16 registry_cap=16
  r61_witness[00] r61=13 tail=26 gh60=0xca37d9e W1=0x1088,0x4c9,0x153b W2=0xf95,0x35d2,0x30cd
  r61_witness[01] r61=13 tail=29 gh60=0x4508566 W1=0x34cb,0x207e,0x4d4 W2=0x33d8,0x21a3,0x2788
  r61_witness[02] r61=14 tail=37 gh60=0x4498da6 W1=0x6b3,0x3074,0xf0c W2=0x5c0,0x28b8,0xad8
  r61_witness[03] r61=15 tail=30 gh60=0x4a384ea W1=0x321d,0xdf5,0x1004 W2=0x312a,0x24a7,0x2c26
  r61_witness[04] r61=15 tail=31 gh60=0x48844a6 W1=0x3d2c,0x50f,0x27f2 W2=0x3c39,0x46b,0x3404
  r61_witness[05] r61=15 tail=32 gh60=0xc90fb6e W1=0x1150,0x11cc,0x3f3 W2=0x105d,0x34ec,0x45
  r61_witness[06] r61=15 tail=33 gh60=0x5509d6a W1=0xcd,0x1a5c,0xec0 W2=0x3fda,0x2843,0x1de6
  r61_witness[07] r61=16 tail=26 gh60=0x46245a6 W1=0x484,0x2b43,0x3dc3 W2=0x391,0x117,0x13df
  r61_witness[08] r61=16 tail=28 gh60=0xcb244aa W1=0x1542,0x2952,0x1aca W2=0x144f,0x27,0x27d4
  r61_witness[09] r61=16 tail=31 gh60=0x4508d6a W1=0x36cd,0x485,0x13e3 W2=0x35da,0x25cc,0x3311
  r61_witness[10] r61=16 tail=32 gh60=0x459bcba W1=0x2df5,0x1d01,0x6cb W2=0x2d02,0x35c0,0x3a87
  r61_witness[11] r61=16 tail=33 gh60=0x48884ae W1=0x2d2f,0x377d,0x374d W2=0x2c3c,0x139d,0x1857
  r61_witness[12] r61=16 tail=35 gh60=0x498dc9a W1=0x1f2a,0x27cf,0x2de2 W2=0x1e37,0xc18,0x368b
  r61_witness[13] r61=16 tail=35 gh60=0x4e28cfa W1=0x2615,0x3132,0x4fc W2=0x2522,0x1775,0x23f5
  r61_witness[14] r61=16 tail=36 gh60=0x4908766 W1=0x2b4b,0x11a0,0x334e W2=0x2a58,0x39db,0x1d17
  r61_witness[15] r61=16 tail=38 gh60=0xce05bfa W1=0x19a,0x1c66,0x1756 W2=0xa7,0x8ea,0x2f49

D60=0 fiber histogram: 1:8036 2:4850 3:1761 4:1046 5:413 6:222 7:95 8:69 9:26 10:26 11:6 12:5 13:3 14:2 15:3 16:2 17:1 20:1 21:1
