free_word_mitm_reducedn
N=14 mask=0x3fff msb=0x2000
candidate: M0=0x3d36 mode=random-fallback fill=0x3fff kernel=dM0=dM9=0x2000
prefixes=32768/268435456 mode=permuted-prefix-sample w59_per_prefix=16384 total=536870912
run_mode=scan registry_cap=16
sample_start=132415488
scan_elapsed=20.142s rate=26.65 Mtriples/s

D60 interface
  D60=0 matches: 32616 (random expectation 32768.0, enrichment 0.995x)
  prefixes with D60=0: 16460
  max D60=0 fiber per prefix: 28 at W57=0x1a7c W58=0x3fba
  largest D60 bucket: D=0x111c count=33675
  min D60 HW: 0
  D60 HW histogram: 0:32616 1:457679 2:2978863 3:11921474 4:32795366 5:65641932 6:98468400 7:112502426 8:98389700 9:65565183 10:32751950 11:11901080 12:2972515 13:458522 14:33206

Tail closure among D60=0 matches
  final tail collisions: 0
  best r61 HW: 13
  best r61 W1[57..59]=0x398a,0x28e0,0x1efe
  best r61 W2[57..59]=0x3897,0x25bb,0x709
  best tail HW: 23
  best tail r61 HW: 20
  best W1[57..59]=0x2031,0x2995,0x1335
  best W2[57..59]=0x1f3e,0x2994,0x574

SUMMARY N=14 sample_start=132415488 prefixes=32768 total=536870912 d0=32616 best_tail=23 tail_r61=20 best_r61=13 tail_W1=0x2031,0x2995,0x1335 tail_W2=0x1f3e,0x2994,0x574 r61_W1=0x398a,0x28e0,0x1efe r61_W2=0x3897,0x25bb,0x709

Scan-only witness registry
  registry_count=16 registry_cap=16
  witness[00] tail=23 r61=20 gh60=0x5499caa W1=0x2031,0x2995,0x1335 W2=0x1f3e,0x2994,0x574
  witness[01] tail=24 r61=17 gh60=0xda88caa W1=0x35ed,0x12e6,0x1100 W2=0x34fa,0x2aa1,0x253d
  witness[02] tail=24 r61=23 gh60=0xf7984a6 W1=0x1b2b,0x3faf,0x2802 W2=0x1a38,0x2f0a,0x15f5
  witness[03] tail=25 r61=18 gh60=0x5ae4ca6 W1=0x2804,0x1dce,0x3c55 W2=0x2711,0x380b,0x23c2
  witness[04] tail=25 r61=20 gh60=0x561cdee W1=0x2890,0x2e7d,0xd4a W2=0x279d,0x133d,0x1840
  witness[05] tail=25 r61=26 gh60=0x4f9c7a6 W1=0x237c,0xb8b,0x18ca W2=0x2289,0x37d1,0x467
  witness[06] tail=26 r61=19 gh60=0xb5a84ba W1=0x9f9,0x84a,0x1741 W2=0x906,0x2d4c,0x423
  witness[07] tail=26 r61=20 gh60=0xdb3bc9e W1=0x1147,0x46f,0x3e63 W2=0x1054,0x351f,0x509
  witness[08] tail=26 r61=20 gh60=0xd8944aa W1=0x3d3e,0x2469,0x3df9 W2=0x3c4b,0x3a5a,0x585
  witness[09] tail=26 r61=21 gh60=0x5c8c5aa W1=0x2ae,0x2183,0x309c W2=0x1bb,0x1bac,0x1525
  witness[10] tail=26 r61=21 gh60=0xba2ccfe W1=0x2918,0x3804,0x334f W2=0x2825,0x46c,0x13e9
  witness[11] tail=26 r61=22 gh60=0x4a07bfa W1=0xd9a,0x1d96,0x1a28 W2=0xca7,0x15a,0x372d
  witness[12] tail=26 r61=22 gh60=0xd98bcaa W1=0x2f3d,0x140d,0x353 W2=0x2e4a,0xcfc,0x3fea
  witness[13] tail=26 r61=23 gh60=0xb55859e W1=0x1aa7,0x357a,0x37de W2=0x19b4,0x93b,0x1873
  witness[14] tail=26 r61=23 gh60=0xc6b9f9a W1=0x1f69,0x207d,0xcea W2=0x1e76,0x1f11,0x15ca
  witness[15] tail=26 r61=23 gh60=0x5938b6e W1=0x255f,0x389,0xc0d W2=0x246c,0x3994,0x30cc

Scan-only r61 registry
  registry_count=16 registry_cap=16
  r61_witness[00] r61=13 tail=29 gh60=0x44884aa W1=0x1c41,0x31b8,0x1a98 W2=0x1b4e,0x5a8,0xc53
  r61_witness[01] r61=13 tail=31 gh60=0xca04b9a W1=0x398a,0x28e0,0x1efe W2=0x3897,0x25bb,0x709
  r61_witness[02] r61=14 tail=31 gh60=0xf60cdea W1=0x388e,0x2dd9,0x12e5 W2=0x379b,0x35bd,0x15ec
  r61_witness[03] r61=15 tail=33 gh60=0x4aa44a6 W1=0x32f4,0x28df,0x958 W2=0x3201,0x28cb,0x3033
  r61_witness[04] r61=15 tail=36 gh60=0x4a87dba W1=0x107a,0x265,0x18c W2=0xf87,0x2335,0x996
  r61_witness[05] r61=15 tail=40 gh60=0xd8984a6 W1=0xd2b,0x211d,0x283d W2=0xc38,0x1f78,0x35d7
  r61_witness[06] r61=16 tail=28 gh60=0x4484ca6 W1=0x262c,0x593,0x1b74 W2=0x2539,0x2630,0x4aa
  r61_witness[07] r61=16 tail=29 gh60=0xca2c49e W1=0xa08,0x275f,0x2e14 W2=0x915,0x23d3,0xa4b
  r61_witness[08] r61=16 tail=31 gh60=0x4a084ea W1=0xa21,0x3082,0x3b83 W2=0x92e,0x327c,0x22b6
  r61_witness[09] r61=16 tail=31 gh60=0xde044e6 W1=0x3c0c,0xff4,0x4d W2=0x3b19,0x1bcc,0x22e4
  r61_witness[10] r61=16 tail=33 gh60=0xc908b6a W1=0x25dd,0x2302,0x2d65 W2=0x24ea,0x10f1,0x2fa8
  r61_witness[11] r61=16 tail=35 gh60=0x5a044e6 W1=0x1a0c,0xd8c,0xcb2 W2=0x1919,0x3964,0x3ae9
  r61_witness[12] r61=16 tail=35 gh60=0x4918c9a W1=0x2745,0xcfa,0x2788 W2=0x2652,0x3044,0x1059
  r61_witness[13] r61=17 tail=24 gh60=0xda88caa W1=0x35ed,0x12e6,0x1100 W2=0x34fa,0x2aa1,0x253d
  r61_witness[14] r61=17 tail=27 gh60=0x4665ba6 W1=0x184,0xf9d,0x2528 W2=0x91,0x1290,0x1a04
  r61_witness[15] r61=17 tail=28 gh60=0x36084ea W1=0x1321,0x429,0x20d0 W2=0x122e,0x1ccf,0x3b9c

D60=0 fiber histogram: 1:7915 2:4788 3:1814 4:1078 5:407 6:230 7:85 8:69 9:24 10:17 11:9 12:15 13:2 14:4 16:1 18:1 28:1
