free_word_mitm_reducedn
N=14 mask=0x3fff msb=0x2000
candidate: M0=0x3d36 mode=random-fallback fill=0x3fff kernel=dM0=dM9=0x2000
prefixes=32768/268435456 mode=permuted-prefix-sample w59_per_prefix=16384 total=536870912
run_mode=scan registry_cap=16
sample_start=231702528
scan_elapsed=21.982s rate=24.42 Mtriples/s

D60 interface
  D60=0 matches: 32257 (random expectation 32768.0, enrichment 0.984x)
  prefixes with D60=0: 16399
  max D60=0 fiber per prefix: 22 at W57=0x3f41 W58=0x3b56
  largest D60 bucket: D=0xb89 count=33736
  min D60 HW: 0
  D60 HW histogram: 0:32257 1:455572 2:2970333 3:11905697 4:32793099 5:65630233 6:98513211 7:112581538 8:98404175 9:65524263 10:32718290 11:11888486 12:2965449 13:455586 14:32723

Tail closure among D60=0 matches
  final tail collisions: 0
  best r61 HW: 15
  best r61 W1[57..59]=0x315e,0x2d0f,0x34d1
  best r61 W2[57..59]=0x306b,0x193f,0x2924
  best tail HW: 21
  best tail r61 HW: 19
  best W1[57..59]=0x20da,0x7c0,0x3c0d
  best W2[57..59]=0x1fe7,0x2e2c,0x961

SUMMARY N=14 sample_start=231702528 prefixes=32768 total=536870912 d0=32257 best_tail=21 tail_r61=19 best_r61=15 tail_W1=0x20da,0x7c0,0x3c0d tail_W2=0x1fe7,0x2e2c,0x961 r61_W1=0x315e,0x2d0f,0x34d1 r61_W2=0x306b,0x193f,0x2924

Scan-only witness registry
  registry_count=16 registry_cap=16
  witness[00] tail=21 r61=19 gh60=0xf505d7a W1=0x20da,0x7c0,0x3c0d W2=0x1fe7,0x2e2c,0x961
  witness[01] tail=22 r61=23 gh60=0xce984ba W1=0x3af5,0x2567,0xf5c W2=0x3a02,0x1e61,0x973
  witness[02] tail=23 r61=20 gh60=0xc50bd6a W1=0x2e5d,0x34b8,0x10c W2=0x2d6a,0x3593,0x2536
  witness[03] tail=24 r61=20 gh60=0x4d98da6 W1=0x873,0x1d59,0x262b W2=0x780,0x30ad,0x2942
  witness[04] tail=24 r61=24 gh60=0xdb1c566 W1=0x325c,0xbaa,0x3db7 W2=0x3169,0x35cc,0x1b8d
  witness[05] tail=24 r61=24 gh60=0x47b8cba W1=0x35f5,0x1a7c,0x17d0 W2=0x3502,0x12b7,0x1461
  witness[06] tail=24 r61=26 gh60=0xcf7c59e W1=0x34c8,0x3b0e,0x1e56 W2=0x33d5,0x1120,0x975
  witness[07] tail=25 r61=21 gh60=0xca18de6 W1=0x89b,0x591,0x9da W2=0x7a8,0x353f,0xa72
  witness[08] tail=25 r61=23 gh60=0x3b2849a W1=0x2449,0xac6,0x587 W2=0x2356,0x3093,0x68d
  witness[09] tail=25 r61=24 gh60=0xdd385a6 W1=0x1ac3,0x112c,0xfbc W2=0x19d0,0x1381,0x3af8
  witness[10] tail=25 r61=27 gh60=0xdae84e6 W1=0x3313,0x1604,0x273a W2=0x3220,0x29eb,0xb2b
  witness[11] tail=26 r61=17 gh60=0x4f3856a W1=0x2cd,0x1293,0x27b8 W2=0x1da,0x249d,0x391c
  witness[12] tail=26 r61=19 gh60=0xcb08b66 W1=0x355b,0x2458,0xf95 W2=0x3468,0x3e2a,0x25b2
  witness[13] tail=26 r61=21 gh60=0xcb0cf6e W1=0x7d0,0x2ef1,0x3510 W2=0x6dd,0x1f31,0x37ae
  witness[14] tail=26 r61=21 gh60=0xc894baa W1=0x25ae,0x234b,0x2014 W2=0x24bb,0x2353,0x1d8e
  witness[15] tail=26 r61=22 gh60=0x46e4566 W1=0x4d4,0x27b6,0x2fae W2=0x3e1,0x37f2,0x501

Scan-only r61 registry
  registry_count=16 registry_cap=16
  r61_witness[00] r61=15 tail=27 gh60=0xc9244a6 W1=0x2b44,0x2508,0x3a6c W2=0x2a51,0x1486,0x3302
  r61_witness[01] r61=15 tail=31 gh60=0x45884aa W1=0x1bed,0x1f27,0xdad W2=0x1afa,0x34e3,0x15f9
  r61_witness[02] r61=15 tail=32 gh60=0x4919f66 W1=0x3f53,0x2bde,0x1269 W2=0x3e60,0x15ae,0x1624
  r61_witness[03] r61=15 tail=33 gh60=0xc4844a6 W1=0x242c,0x3e66,0x244 W2=0x2339,0x3cc4,0x28ec
  r61_witness[04] r61=15 tail=35 gh60=0x4b244a6 W1=0x2244,0x1161,0x192c W2=0x2151,0xedd,0x28ba
  r61_witness[05] r61=15 tail=35 gh60=0xc917b6a W1=0x315e,0x2d0f,0x34d1 W2=0x306b,0x193f,0x2924
  r61_witness[06] r61=16 tail=28 gh60=0x48887aa W1=0x3bad,0x1da0,0x21a9 W2=0x3aba,0x20f4,0x13b2
  r61_witness[07] r61=16 tail=29 gh60=0xc908b6a W1=0x3961,0xffa,0x1e74 W2=0x386e,0x15f1,0x2cb1
  r61_witness[08] r61=16 tail=33 gh60=0xca6c4aa W1=0x2b02,0x5ce,0x1a3a W2=0x2a0f,0xe23,0xa91
  r61_witness[09] r61=16 tail=34 gh60=0xc51456a W1=0x1cce,0x3162,0x2cb7 W2=0x1bdb,0x3e95,0x321c
  r61_witness[10] r61=16 tail=34 gh60=0xdb89fa6 W1=0x3f6b,0x337,0x1942 W2=0x3e78,0x2b7d,0x10e5
  r61_witness[11] r61=16 tail=35 gh60=0x4ae8d9a W1=0x2865,0x3203,0x173 W2=0x2772,0x1d71,0x3cba
  r61_witness[12] r61=16 tail=36 gh60=0xd7844a6 W1=0x14fc,0x32de,0x13f4 W2=0x1409,0x31ac,0x6bc
  r61_witness[13] r61=16 tail=38 gh60=0x452bda6 W1=0xec3,0x3ece,0x489 W2=0xdd0,0x2624,0x172a
  r61_witness[14] r61=16 tail=39 gh60=0x488bba6 W1=0xdbb,0x323a,0x384a W2=0xcc8,0x2980,0x1248
  r61_witness[15] r61=17 tail=26 gh60=0x4f3856a W1=0x2cd,0x1293,0x27b8 W2=0x1da,0x249d,0x391c

D60=0 fiber histogram: 1:7952 2:4744 3:1812 4:1063 5:367 6:246 7:76 8:69 9:31 10:19 11:4 12:9 13:1 14:2 16:2 18:1 22:1
