free_word_mitm_reducedn
N=14 mask=0x3fff msb=0x2000
candidate: M0=0x3d36 mode=random-fallback fill=0x3fff kernel=dM0=dM9=0x2000
prefixes=32768/268435456 mode=permuted-prefix-sample w59_per_prefix=16384 total=536870912
run_mode=scan registry_cap=16
sample_start=172982272
scan_elapsed=21.839s rate=24.58 Mtriples/s

D60 interface
  D60=0 matches: 32784 (random expectation 32768.0, enrichment 1.000x)
  prefixes with D60=0: 16595
  max D60=0 fiber per prefix: 17 at W57=0x481 W58=0x23be
  largest D60 bucket: D=0xef6 count=33866
  min D60 HW: 0
  D60 HW histogram: 0:32784 1:458285 2:2982852 3:11928047 4:32814765 5:65623183 6:98410422 7:112474689 8:98404214 9:65597845 10:32767049 11:11910893 12:2975604 13:457391 14:32889

Tail closure among D60=0 matches
  final tail collisions: 0
  best r61 HW: 10
  best r61 W1[57..59]=0x178d,0x1307,0x2c77
  best r61 W2[57..59]=0x169a,0x1296,0x2ab
  best tail HW: 22
  best tail r61 HW: 23
  best W1[57..59]=0x13,0x87d,0x3700
  best W2[57..59]=0x3f20,0x12b1,0x2c61

SUMMARY N=14 sample_start=172982272 prefixes=32768 total=536870912 d0=32784 best_tail=22 tail_r61=23 best_r61=10 tail_W1=0x13,0x87d,0x3700 tail_W2=0x3f20,0x12b1,0x2c61 r61_W1=0x178d,0x1307,0x2c77 r61_W2=0x169a,0x1296,0x2ab

Scan-only witness registry
  registry_count=16 registry_cap=16
  witness[00] tail=22 r61=23 gh60=0x5a69ce6 W1=0x13,0x87d,0x3700 W2=0x3f20,0x12b1,0x2c61
  witness[01] tail=23 r61=20 gh60=0xd899cba W1=0x2135,0xa1d,0xd9e W2=0x2042,0x2a98,0xf26
  witness[02] tail=24 r61=14 gh60=0xba08cea W1=0x281d,0x5f8,0xe47 W2=0x272a,0x5af,0x9ad
  witness[03] tail=24 r61=18 gh60=0x7889caa W1=0x12d,0x1ae,0x2529 W2=0x3a,0x1a9,0x369a
  witness[04] tail=24 r61=21 gh60=0x7b1476e W1=0x2b60,0x199e,0x3a81 W2=0x2a6d,0xec9,0x189b
  witness[05] tail=24 r61=21 gh60=0xbbbdcbe W1=0x3f38,0x1d12,0x2505 W2=0x3e45,0x2b72,0xbe4
  witness[06] tail=24 r61=23 gh60=0x5ea84be W1=0x39f7,0x20cc,0x17d W2=0x3904,0x3dea,0xfba
  witness[07] tail=25 r61=10 gh60=0x5a08fea W1=0x178d,0x1307,0x2c77 W2=0x169a,0x1296,0x2ab
  witness[08] tail=25 r61=19 gh60=0x4a3c7fa W1=0x2b9a,0x3a34,0x1a19 W2=0x2aa7,0x2f79,0x337c
  witness[09] tail=25 r61=19 gh60=0x4c844a6 W1=0x3c3c,0x1dad,0x15ea W2=0x3b49,0x2bf9,0x1ac0
  witness[10] tail=25 r61=20 gh60=0x5fb8f66 W1=0x2763,0x2640,0x1949 W2=0x2670,0x996,0x2c6f
  witness[11] tail=25 r61=21 gh60=0xda0c7ee W1=0x2b90,0xc3b,0x1769 W2=0x2a9d,0x90a,0x35a1
  witness[12] tail=25 r61=22 gh60=0x4f984ae W1=0x143f,0x1f9e,0x25e6 W2=0x134c,0x1e2e,0x3b3a
  witness[13] tail=25 r61=22 gh60=0xb899caa W1=0x1f41,0x174c,0x53f W2=0x1e4e,0x18ff,0x207a
  witness[14] tail=25 r61=23 gh60=0xc5b4daa W1=0x16be,0x353f,0x38a3 W2=0x15cb,0x597,0x1504
  witness[15] tail=25 r61=23 gh60=0x4bf84ae W1=0x33ef,0x94d,0x998 W2=0x32fc,0x76d,0x1a3e

Scan-only r61 registry
  registry_count=16 registry_cap=16
  r61_witness[00] r61=10 tail=25 gh60=0x5a08fea W1=0x178d,0x1307,0x2c77 W2=0x169a,0x1296,0x2ab
  r61_witness[01] r61=12 tail=28 gh60=0xca0479a W1=0x2b8a,0x256a,0x2387 W2=0x2a97,0x180a,0x121e
  r61_witness[02] r61=13 tail=36 gh60=0x460bbea W1=0x118d,0x5ed,0x3521 W2=0x109a,0x25b4,0x2b7e
  r61_witness[03] r61=14 tail=24 gh60=0xba08cea W1=0x281d,0x5f8,0xe47 W2=0x272a,0x5af,0x9ad
  r61_witness[04] r61=15 tail=32 gh60=0xd4dc5ba W1=0x1ab6,0x2fab,0x1301 W2=0x19c3,0x1a56,0x229e
  r61_witness[05] r61=15 tail=33 gh60=0x4898baa W1=0x5b1,0x149f,0x245f W2=0x4be,0x14f6,0x70d
  r61_witness[06] r61=15 tail=33 gh60=0x588c4a6 W1=0x332c,0x3927,0x1ad3 W2=0x3239,0x1885,0x1768
  r61_witness[07] r61=15 tail=36 gh60=0x4a084ee W1=0x51f,0x210a,0x14af W2=0x42c,0x3f14,0x1917
  r61_witness[08] r61=15 tail=39 gh60=0x4a084ee W1=0x51f,0x210a,0x1caf W2=0x42c,0x3f14,0x2117
  r61_witness[09] r61=16 tail=27 gh60=0xc4a85ba W1=0x2cb9,0x2c57,0x3a41 W2=0x2bc6,0x96d,0x162b
  r61_witness[10] r61=16 tail=28 gh60=0x3e084ea W1=0xd11,0x14c,0x1451 W2=0xc1e,0x402,0x338f
  r61_witness[11] r61=16 tail=29 gh60=0x4c844a6 W1=0x3c3c,0x1dad,0x1dea W2=0x3b49,0x2bf9,0x22c0
  r61_witness[12] r61=16 tail=33 gh60=0xc607ce6 W1=0xe1c,0x1f53,0x114e W2=0xd29,0x325c,0x1025
  r61_witness[13] r61=16 tail=33 gh60=0xce044fa W1=0x2d1a,0x3b85,0x1a42 W2=0x2c27,0x2542,0xd67
  r61_witness[14] r61=16 tail=37 gh60=0xca884aa W1=0x22ed,0x870,0x20b W2=0x21fa,0x10ec,0x3137
  r61_witness[15] r61=16 tail=41 gh60=0x7887bba W1=0x2dba,0x1c65,0x1a7a W2=0x2cc7,0x359d,0x1241

D60=0 fiber histogram: 1:8066 2:4780 3:1747 4:1114 5:425 6:230 7:83 8:78 9:37 10:10 11:6 12:9 13:3 14:3 15:2 16:1 17:1
