free_word_mitm_reducedn
N=14 mask=0x3fff msb=0x2000
candidate: M0=0x3d36 mode=random-fallback fill=0x3fff kernel=dM0=dM9=0x2000
prefixes=32768/268435456 mode=permuted-prefix-sample w59_per_prefix=16384 total=536870912
run_mode=scan registry_cap=16
sample_start=240091136
scan_elapsed=21.863s rate=24.56 Mtriples/s

D60 interface
  D60=0 matches: 32778 (random expectation 32768.0, enrichment 1.000x)
  prefixes with D60=0: 16489
  max D60=0 fiber per prefix: 21 at W57=0x54d W58=0x13
  largest D60 bucket: D=0xee7 count=33769
  min D60 HW: 0
  D60 HW histogram: 0:32778 1:458217 2:2979555 3:11932226 4:32805920 5:65634874 6:98434798 7:112456491 8:98372839 9:65583059 10:32783858 11:11924834 12:2979285 13:459741 14:32437

Tail closure among D60=0 matches
  final tail collisions: 0
  best r61 HW: 13
  best r61 W1[57..59]=0x2ef,0x3dfa,0x29e8
  best r61 W2[57..59]=0x1fc,0x1c9a,0x20cc
  best tail HW: 18
  best tail r61 HW: 13
  best W1[57..59]=0x13c5,0xf77,0x47f
  best W2[57..59]=0x12d2,0x119c,0x863

SUMMARY N=14 sample_start=240091136 prefixes=32768 total=536870912 d0=32778 best_tail=18 tail_r61=13 best_r61=13 tail_W1=0x13c5,0xf77,0x47f tail_W2=0x12d2,0x119c,0x863 r61_W1=0x2ef,0x3dfa,0x29e8 r61_W2=0x1fc,0x1c9a,0x20cc

Scan-only witness registry
  registry_count=16 registry_cap=16
  witness[00] tail=18 r61=13 gh60=0xc92879a W1=0x13c5,0xf77,0x47f W2=0x12d2,0x119c,0x863
  witness[01] tail=19 r61=18 gh60=0x77b5cae W1=0x2000,0x3820,0x219c W2=0x1f0d,0x1070,0x1ef0
  witness[02] tail=20 r61=23 gh60=0x5c8cca6 W1=0x383c,0x2106,0x1b78 W2=0x3749,0x2b13,0x1175
  witness[03] tail=23 r61=18 gh60=0xca044e6 W1=0x1c1c,0x9fa,0x376f W2=0x1b29,0x16be,0x12fe
  witness[04] tail=23 r61=22 gh60=0x49b5caa W1=0xee,0x7d2,0x1c W2=0x3ffb,0x856,0x1e2f
  witness[05] tail=23 r61=24 gh60=0x4b79cae W1=0x212f,0x3b22,0x2dd2 W2=0x203c,0x1301,0x3160
  witness[06] tail=24 r61=15 gh60=0xcb1859a W1=0x2cc5,0x60e,0x3ed0 W2=0x2bd2,0x3479,0x28e9
  witness[07] tail=24 r61=18 gh60=0x5f14b6a W1=0x194e,0x199e,0xeb7 W2=0x185b,0x2bda,0x22e4
  witness[08] tail=24 r61=22 gh60=0xda38cfa W1=0x815,0xd89,0x29d9 W2=0x722,0x2dcc,0x1ebb
  witness[09] tail=24 r61=25 gh60=0xc9b8caa W1=0x18f1,0x9c2,0x1ec9 W2=0x17fe,0x1b81,0x1b0b
  witness[10] tail=24 r61=25 gh60=0xcb38b9a W1=0x29c5,0x3f81,0x18d7 W2=0x28d2,0x2b2b,0x2690
  witness[11] tail=25 r61=13 gh60=0x5895baa W1=0x1be,0x1764,0x3c20 W2=0xcb,0x15a0,0x2bbc
  witness[12] tail=25 r61=18 gh60=0x7899bae W1=0x1dbf,0x267,0x3798 W2=0x1ccc,0x3772,0xe6e
  witness[13] tail=25 r61=18 gh60=0x48f9fba W1=0x3fb5,0x1ac1,0x3e7c W2=0x3ec2,0x6d4,0x2a1
  witness[14] tail=25 r61=20 gh60=0x36084ea W1=0x1d21,0x130,0x286d W2=0x1c2e,0x19d6,0x2a01
  witness[15] tail=25 r61=21 gh60=0x7ce8ca6 W1=0x2833,0x9bd,0xc0e W2=0x2740,0x1469,0x29a5

Scan-only r61 registry
  registry_count=16 registry_cap=16
  r61_witness[00] r61=13 tail=18 gh60=0xc92879a W1=0x13c5,0xf77,0x47f W2=0x12d2,0x119c,0x863
  r61_witness[01] r61=13 tail=25 gh60=0x5895baa W1=0x1be,0x1764,0x3c20 W2=0xcb,0x15a0,0x2bbc
  r61_witness[02] r61=13 tail=29 gh60=0xd6884ae W1=0x2ef,0x3dfa,0x29e8 W2=0x1fc,0x1c9a,0x20cc
  r61_witness[03] r61=13 tail=29 gh60=0x490876a W1=0x1bdd,0x3848,0xc58 W2=0x1aea,0x349a,0x29ef
  r61_witness[04] r61=13 tail=33 gh60=0xb904b9a W1=0x19ca,0x1198,0x3206 W2=0x18d7,0xbe7,0x3f8
  r61_witness[05] r61=14 tail=28 gh60=0x4609cee W1=0x210f,0x1964,0x779 W2=0x201c,0x33bb,0x31a9
  r61_witness[06] r61=14 tail=33 gh60=0xb6084ea W1=0x1a21,0x3aa3,0x2480 W2=0x192e,0x1199,0xc87
  r61_witness[07] r61=14 tail=41 gh60=0x450856e W1=0x1c4f,0xa1f,0x365f W2=0x1b5c,0x3b69,0x9e9
  r61_witness[08] r61=15 tail=24 gh60=0xcb1859a W1=0x2cc5,0x60e,0x3ed0 W2=0x2bd2,0x3479,0x28e9
  r61_witness[09] r61=15 tail=28 gh60=0x450bd6a W1=0xe61,0x27d6,0x3b88 W2=0xd6e,0x16b5,0x598
  r61_witness[10] r61=15 tail=28 gh60=0xcd0bd6a W1=0x305d,0x2701,0x3620 W2=0x2f6a,0x21bc,0x8c3
  r61_witness[11] r61=15 tail=30 gh60=0xc888fa6 W1=0x17ab,0x2131,0x3b40 W2=0x16b8,0x1685,0x3146
  r61_witness[12] r61=15 tail=30 gh60=0x4918ba6 W1=0x29c3,0x1bed,0x2cff W2=0x28d0,0x1fe1,0x1029
  r61_witness[13] r61=15 tail=31 gh60=0xc4a44ea W1=0xc22,0x11c6,0x695 W2=0xb2f,0x18d5,0x376a
  r61_witness[14] r61=16 tail=26 gh60=0xcb884aa W1=0x23ed,0x1a9f,0x2952 W2=0x22fa,0x21db,0x84b
  r61_witness[15] r61=16 tail=26 gh60=0x4a38ba6 W1=0x2983,0x1c5c,0x2b85 W2=0x2890,0x20c0,0x1eff

D60=0 fiber histogram: 1:7870 2:4864 3:1754 4:1135 5:433 6:214 7:69 8:65 9:30 10:27 11:6 12:8 13:2 14:4 16:3 17:2 19:1 20:1 21:1
