free_word_mitm_reducedn
N=14 mask=0x3fff msb=0x2000
candidate: M0=0x3d36 mode=random-fallback fill=0x3fff kernel=dM0=dM9=0x2000
prefixes=32768/268435456 mode=permuted-prefix-sample w59_per_prefix=16384 total=536870912
run_mode=scan registry_cap=16
sample_start=147816448
scan_elapsed=22.086s rate=24.31 Mtriples/s

D60 interface
  D60=0 matches: 32376 (random expectation 32768.0, enrichment 0.988x)
  prefixes with D60=0: 16504
  max D60=0 fiber per prefix: 24 at W57=0x1428 W58=0x3c0f
  largest D60 bucket: D=0x117d count=33770
  min D60 HW: 0
  D60 HW histogram: 0:32376 1:456333 2:2971148 3:11906107 4:32774048 5:65615060 6:98471554 7:112525597 8:98420719 9:65586789 10:32750717 11:11902101 12:2970307 13:455681 14:32375

Tail closure among D60=0 matches
  final tail collisions: 0
  best r61 HW: 14
  best r61 W1[57..59]=0x71b,0x2040,0x3f96
  best r61 W2[57..59]=0x628,0x3a46,0x3ec5
  best tail HW: 22
  best tail r61 HW: 23
  best W1[57..59]=0x19ed,0x3ab4,0xcc3
  best W2[57..59]=0x18fa,0xef0,0x1fe5

SUMMARY N=14 sample_start=147816448 prefixes=32768 total=536870912 d0=32376 best_tail=22 tail_r61=23 best_r61=14 tail_W1=0x19ed,0x3ab4,0xcc3 tail_W2=0x18fa,0xef0,0x1fe5 r61_W1=0x71b,0x2040,0x3f96 r61_W2=0x628,0x3a46,0x3ec5

Scan-only witness registry
  registry_count=16 registry_cap=16
  witness[00] tail=22 r61=23 gh60=0xd7f84aa W1=0x19ed,0x3ab4,0xcc3 W2=0x18fa,0xef0,0x1fe5
  witness[01] tail=23 r61=26 gh60=0xb97cb66 W1=0x94c,0x905,0x1c9e W2=0x859,0xee8,0x232c
  witness[02] tail=23 r61=26 gh60=0xb794cae W1=0x3840,0x1643,0x3213 W2=0x374d,0x93,0x301e
  witness[03] tail=24 r61=20 gh60=0x4f6dd7a W1=0x56,0x1b81,0x7e2 W2=0x3f63,0x31d9,0x3613
  witness[04] tail=24 r61=20 gh60=0x4588caa W1=0x263d,0x216d,0x23cc W2=0x254a,0x2898,0x2696
  witness[05] tail=24 r61=21 gh60=0xc63cde6 W1=0x2694,0xa78,0x28c W2=0x25a1,0x543,0x39cf
  witness[06] tail=24 r61=26 gh60=0xd8f7bae W1=0xdc0,0x72c,0x13c5 W2=0xccd,0x2a28,0x2f00
  witness[07] tail=24 r61=27 gh60=0xbe3ccee W1=0x910,0xcb1,0x333d W2=0x81d,0x3999,0x725
  witness[08] tail=24 r61=27 gh60=0xdeecb7e W1=0x9d8,0x11de,0x1153 W2=0x8e5,0x3efa,0x3389
  witness[09] tail=25 r61=16 gh60=0xcb1856e W1=0x1adf,0xf98,0xe91 W2=0x19ec,0x65e,0x28ce
  witness[10] tail=25 r61=19 gh60=0x5624be6 W1=0x594,0xa3f,0x363a W2=0x4a1,0x149a,0x240c
  witness[11] tail=25 r61=19 gh60=0x56385ea W1=0x3aa1,0x31a5,0xc89 W2=0x39ae,0x3eb3,0x24f6
  witness[12] tail=25 r61=20 gh60=0xda787fa W1=0x3395,0x14ba,0x13fc W2=0x32a2,0x1a06,0x3854
  witness[13] tail=25 r61=21 gh60=0x4be8b7e W1=0x19d7,0x304,0x375c W2=0x18e4,0x927,0x3e10
  witness[14] tail=25 r61=23 gh60=0xca347ee W1=0xb90,0xc46,0x2220 W2=0xa9d,0x715,0xae0
  witness[15] tail=26 r61=18 gh60=0xc88bba6 W1=0xdbb,0xe3a,0x23ed W2=0xcc8,0x580,0x1d75

Scan-only r61 registry
  registry_count=16 registry_cap=16
  r61_witness[00] r61=14 tail=38 gh60=0x4a08ce6 W1=0x71b,0x2040,0x3f96 W2=0x628,0x3a46,0x3ec5
  r61_witness[01] r61=15 tail=27 gh60=0x5a047fa W1=0x339a,0x5d6,0xa58 W2=0x32a7,0x71b,0x1139
  r61_witness[02] r61=15 tail=28 gh60=0xce087e6 W1=0x1b8b,0x3a2f,0x254f W2=0x1a98,0x37fe,0x1e69
  r61_witness[03] r61=16 tail=25 gh60=0xcb1856e W1=0x1adf,0xf98,0xe91 W2=0x19ec,0x65e,0x28ce
  r61_witness[04] r61=16 tail=27 gh60=0xd538d6e W1=0x285f,0x2732,0x1d02 W2=0x276c,0x66d,0x3e9e
  r61_witness[05] r61=16 tail=28 gh60=0xc6084ea W1=0x1421,0x2374,0x34e0 W2=0x132e,0x3a6a,0x250a
  r61_witness[06] r61=16 tail=28 gh60=0x4ce45a6 W1=0x24b4,0x23ed,0xb37 W2=0x23c1,0x3a41,0xe56
  r61_witness[07] r61=16 tail=29 gh60=0x4a08fea W1=0x178d,0x111c,0x288 W2=0x169a,0x10ab,0x32bd
  r61_witness[08] r61=16 tail=29 gh60=0x460bce6 W1=0x2e0b,0x1cb4,0xdb4 W2=0x2d18,0x19d4,0x1f9a
  r61_witness[09] r61=16 tail=30 gh60=0xc708f6a W1=0x17dd,0x2577,0x45e W2=0x16ea,0x1d8a,0x14bc
  r61_witness[10] r61=16 tail=31 gh60=0x4a04ffa W1=0x279a,0x2f8d,0xe98 W2=0x26a7,0x2011,0x2d15
  r61_witness[11] r61=16 tail=32 gh60=0x4528d7a W1=0x3655,0x1bb6,0x2a94 W2=0x3562,0x15a5,0xd71
  r61_witness[12] r61=16 tail=33 gh60=0x488fbae W1=0x11b0,0x3f09,0x2030 W2=0x10bd,0x1e19,0x25bf
  r61_witness[13] r61=16 tail=34 gh60=0x44acce6 W1=0x624,0x1a40,0xc8d W2=0x531,0x1b77,0x17ab
  r61_witness[14] r61=16 tail=34 gh60=0x4a084ee W1=0x141f,0x3fe0,0x2343 W2=0x132c,0x3ef6,0x390f
  r61_witness[15] r61=16 tail=40 gh60=0x4909f6a W1=0x3fcd,0x2805,0xa93 W2=0x3eda,0x1a1c,0x20f2

D60=0 fiber histogram: 1:8047 2:4733 3:1796 4:1119 5:407 6:191 7:82 8:67 9:22 10:14 11:9 12:4 13:2 14:2 16:3 17:1 18:2 20:1 24:2
