free_word_mitm_reducedn
N=14 mask=0x3fff msb=0x2000
candidate: M0=0x3d36 mode=random-fallback fill=0x3fff kernel=dM0=dM9=0x2000
prefixes=32768/268435456 mode=permuted-prefix-sample w59_per_prefix=16384 total=536870912
run_mode=scan registry_cap=16
sample_start=131039232
scan_elapsed=22.078s rate=24.32 Mtriples/s

D60 interface
  D60=0 matches: 32922 (random expectation 32768.0, enrichment 1.005x)
  prefixes with D60=0: 16509
  max D60=0 fiber per prefix: 22 at W57=0x5ce W58=0xeff
  largest D60 bucket: D=0xe62 count=33801
  min D60 HW: 0
  D60 HW histogram: 0:32922 1:456990 2:2980213 3:11922090 4:32805251 5:65648111 6:98495889 7:112529282 8:98393648 9:65528727 10:32735697 11:11886959 12:2968555 13:454173 14:32405

Tail closure among D60=0 matches
  final tail collisions: 0
  best r61 HW: 14
  best r61 W1[57..59]=0xeaa,0x3dab,0x3c48
  best r61 W2[57..59]=0xdb7,0x2018,0x13da
  best tail HW: 22
  best tail r61 HW: 19
  best W1[57..59]=0x247d,0x8a0,0x2c1a
  best W2[57..59]=0x238a,0x18b4,0x254d

SUMMARY N=14 sample_start=131039232 prefixes=32768 total=536870912 d0=32922 best_tail=22 tail_r61=19 best_r61=14 tail_W1=0x247d,0x8a0,0x2c1a tail_W2=0x238a,0x18b4,0x254d r61_W1=0xeaa,0x3dab,0x3c48 r61_W2=0xdb7,0x2018,0x13da

Scan-only witness registry
  registry_count=16 registry_cap=16
  witness[00] tail=22 r61=19 gh60=0xdab85aa W1=0x247d,0x8a0,0x2c1a W2=0x238a,0x18b4,0x254d
  witness[01] tail=24 r61=16 gh60=0x5e08ce6 W1=0x270b,0x3d56,0x1144 W2=0x2618,0x1868,0xfef
  witness[02] tail=24 r61=20 gh60=0x49ffb9a W1=0xd8a,0x19be,0x28f6 W2=0xc97,0xdb,0x2818
  witness[03] tail=24 r61=21 gh60=0x4e3bbe6 W1=0x2d9b,0x1a71,0x3ef6 W2=0x2ca8,0x1831,0x3bd0
  witness[04] tail=24 r61=22 gh60=0x4718b6e W1=0x94f,0x678,0x1aae W2=0x85c,0x9f,0x143f
  witness[05] tail=25 r61=14 gh60=0xc4bfd9a W1=0xeaa,0x3dab,0x3c48 W2=0xdb7,0x2018,0x13da
  witness[06] tail=25 r61=18 gh60=0xfa04fe6 W1=0x279c,0x30c,0x56d W2=0x26a9,0x2acb,0x2d5b
  witness[07] tail=25 r61=22 gh60=0xde68c9a W1=0x3909,0x3d25,0x34cf W2=0x3816,0x30bb,0x1f3e
  witness[08] tail=25 r61=23 gh60=0x44a859e W1=0x34a7,0x375c,0x2dba W2=0x33b4,0xd27,0x3ba7
  witness[09] tail=25 r61=24 gh60=0xdb38f6a W1=0x74d,0x1e86,0x2dfe W2=0x65a,0xaa9,0x1026
  witness[10] tail=25 r61=24 gh60=0xba38c9a W1=0x1809,0x3cec,0x23dc W2=0x1716,0x2eba,0x17b7
  witness[11] tail=25 r61=26 gh60=0x5fbc4ba W1=0x1236,0x10fc,0x343d W2=0x1143,0x63f,0x24b3
  witness[12] tail=26 r61=16 gh60=0xd62849e W1=0x1207,0xc3e,0x2805 W2=0x1114,0x292b,0x2e3c
  witness[13] tail=26 r61=18 gh60=0x5b985aa W1=0xa7d,0x17b0,0x31dc W2=0x98a,0x25c4,0x156d
  witness[14] tail=26 r61=19 gh60=0x5e64bea W1=0x992,0x177c,0x484 W2=0x89f,0x610,0x2e98
  witness[15] tail=26 r61=19 gh60=0x5a885aa W1=0x226d,0x3363,0x3e16 W2=0x217a,0x7,0x29f3

Scan-only r61 registry
  registry_count=16 registry_cap=16
  r61_witness[00] r61=14 tail=25 gh60=0xc4bfd9a W1=0xeaa,0x3dab,0x3c48 W2=0xdb7,0x2018,0x13da
  r61_witness[01] r61=14 tail=39 gh60=0xc704566 W1=0x2c5c,0x690,0x3f3b W2=0x2b69,0x37c8,0x236
  r61_witness[02] r61=15 tail=35 gh60=0xc5644a6 W1=0x2c44,0x3322,0x18cb W2=0x2b51,0x10a0,0x373b
  r61_witness[03] r61=16 tail=24 gh60=0x5e08ce6 W1=0x270b,0x3d56,0x1144 W2=0x2618,0x1868,0xfef
  r61_witness[04] r61=16 tail=26 gh60=0xd62849e W1=0x1207,0xc3e,0x2805 W2=0x1114,0x292b,0x2e3c
  r61_witness[05] r61=16 tail=27 gh60=0xc6885aa W1=0x46d,0x39b7,0x3d45 W2=0x37a,0x6db,0x1d72
  r61_witness[06] r61=16 tail=31 gh60=0xcb85cba W1=0x1ffa,0x2f4f,0x2e69 W2=0x1f07,0x1043,0x2ff3
  r61_witness[07] r61=16 tail=31 gh60=0x3a6849a W1=0x23e5,0x3225,0xfbc W2=0x22f2,0x1874,0x3108
  r61_witness[08] r61=16 tail=32 gh60=0x49887a6 W1=0x236b,0x19d4,0x1526 W2=0x2278,0x519,0x37b4
  r61_witness[09] r61=16 tail=33 gh60=0xc4ac49a W1=0x2426,0x1f95,0x31e2 W2=0x2333,0x56d,0x1940
  r61_witness[10] r61=16 tail=33 gh60=0x56084e6 W1=0x3b1b,0x35f6,0x15a1 W2=0x3a28,0x26b9,0x34a8
  r61_witness[11] r61=16 tail=34 gh60=0x4974b6a W1=0x54e,0xbf2,0x2484 W2=0x45b,0x5fa,0x5a6
  r61_witness[12] r61=16 tail=35 gh60=0x3d884aa W1=0x2c01,0x1a48,0x2c2d W2=0x2b0e,0x1fb8,0x1d8b
  r61_witness[13] r61=16 tail=35 gh60=0x46544fe W1=0x3c18,0x22c7,0x2196 W2=0x3b25,0x2e60,0x2cf5
  r61_witness[14] r61=16 tail=36 gh60=0xc6584ba W1=0x1bf9,0x34c9,0x1258 W2=0x1b06,0x2a47,0x12b2
  r61_witness[15] r61=17 tail=27 gh60=0x3a2879a W1=0x1b89,0x686,0x39a5 W2=0x1a96,0x1925,0x202

D60=0 fiber histogram: 1:7949 2:4778 3:1766 4:1102 5:413 6:244 7:81 8:96 9:34 10:20 11:9 12:6 13:4 14:2 15:1 16:2 21:1 22:1
