free_word_mitm_reducedn
N=14 mask=0x3fff msb=0x2000
candidate: M0=0x3d36 mode=random-fallback fill=0x3fff kernel=dM0=dM9=0x2000
prefixes=32768/268435456 mode=permuted-prefix-sample w59_per_prefix=16384 total=536870912
run_mode=scan registry_cap=16
sample_start=237207552
scan_elapsed=19.839s rate=27.06 Mtriples/s

D60 interface
  D60=0 matches: 32605 (random expectation 32768.0, enrichment 0.995x)
  prefixes with D60=0: 16549
  max D60=0 fiber per prefix: 18 at W57=0x10db W58=0x3615
  largest D60 bucket: D=0x1055 count=33751
  min D60 HW: 0
  D60 HW histogram: 0:32605 1:458204 2:2973549 3:11920837 4:32787396 5:65625057 6:98468728 7:112538972 8:98446216 9:65552750 10:32731144 11:11884744 12:2962641 13:455668 14:32401

Tail closure among D60=0 matches
  final tail collisions: 0
  best r61 HW: 12
  best r61 W1[57..59]=0x31c,0xcc9,0x438
  best r61 W2[57..59]=0x229,0x209f,0x2d37
  best tail HW: 21
  best tail r61 HW: 23
  best W1[57..59]=0x2664,0x1b56,0x3928
  best W2[57..59]=0x2571,0xc9d,0x2ba0

SUMMARY N=14 sample_start=237207552 prefixes=32768 total=536870912 d0=32605 best_tail=21 tail_r61=23 best_r61=12 tail_W1=0x2664,0x1b56,0x3928 tail_W2=0x2571,0xc9d,0x2ba0 r61_W1=0x31c,0xcc9,0x438 r61_W2=0x229,0x209f,0x2d37

Scan-only witness registry
  registry_count=16 registry_cap=16
  witness[00] tail=21 r61=23 gh60=0x7a6cd66 W1=0x2664,0x1b56,0x3928 W2=0x2571,0xc9d,0x2ba0
  witness[01] tail=22 r61=16 gh60=0xfc89cae W1=0x3e3f,0x350e,0x353f W2=0x3d4c,0x22e1,0x3e08
  witness[02] tail=22 r61=19 gh60=0x591bb66 W1=0x31d3,0x2fd4,0x1c0b W2=0x30e0,0x2540,0x36d6
  witness[03] tail=23 r61=16 gh60=0x3887b9a W1=0xdaa,0xf0c,0x214e W2=0xcb7,0x3159,0x1401
  witness[04] tail=23 r61=26 gh60=0x5cbc5ae W1=0x32c0,0xfb1,0x297c W2=0x31cd,0x1ea,0x3072
  witness[05] tail=24 r61=21 gh60=0xcab85ba W1=0x2275,0x1543,0x3f19 W2=0x2182,0x2e9,0xeb8
  witness[06] tail=24 r61=22 gh60=0xb6fc4e6 W1=0xa0c,0xb33,0x2762 W2=0x919,0x2807,0x3377
  witness[07] tail=24 r61=24 gh60=0xc979f9a W1=0x1fc9,0x1e78,0x2c03 W2=0x1ed6,0x1ae4,0x2386
  witness[08] tail=24 r61=25 gh60=0x578c5aa W1=0x1a6e,0x2b30,0x452 W2=0x197b,0x3749,0x823
  witness[09] tail=24 r61=27 gh60=0x77985a6 W1=0x273,0x2fba,0x26b7 W2=0x180,0x228d,0x1119
  witness[10] tail=25 r61=17 gh60=0xca1cb9a W1=0x258a,0x1dcb,0x2993 W2=0x2497,0xcea,0x16b1
  witness[11] tail=25 r61=18 gh60=0x5908b6e W1=0x19df,0xcf9,0x1d26 W2=0x18ec,0x1310,0xf90
  witness[12] tail=25 r61=19 gh60=0x5519d66 W1=0xdb,0x1710,0x867 W2=0x3fe8,0x528,0x370d
  witness[13] tail=25 r61=20 gh60=0x5d1856a W1=0x261,0x3f32,0xedd W2=0x16e,0x3a54,0x3c37
  witness[14] tail=25 r61=22 gh60=0x488cfae W1=0x7c0,0x39a2,0x1898 W2=0x6cd,0x2eda,0x24a5
  witness[15] tail=25 r61=23 gh60=0xb738d9a W1=0x8c5,0x2ced,0x37a W2=0x7d2,0x180f,0x144c

Scan-only r61 registry
  registry_count=16 registry_cap=16
  r61_witness[00] r61=12 tail=34 gh60=0x56044e6 W1=0x31c,0xcc9,0x438 W2=0x229,0x209f,0x2d37
  r61_witness[01] r61=14 tail=26 gh60=0x4b0fd6a W1=0x10ce,0x3a94,0x885 W2=0xfdb,0x2384,0x1e01
  r61_witness[02] r61=14 tail=38 gh60=0x48abbe6 W1=0x31a3,0x122,0xfd4 W2=0x30b0,0x3992,0x80b
  r61_witness[03] r61=15 tail=27 gh60=0x4a88da6 W1=0x267b,0x3cfa,0x1fa2 W2=0x2588,0x152e,0x2719
  r61_witness[04] r61=15 tail=28 gh60=0x590876a W1=0x23cd,0x2e5c,0x22e3 W2=0x22da,0x1cbe,0x2109
  r61_witness[05] r61=15 tail=28 gh60=0xb6084ea W1=0x2a11,0x3e44,0x3a7c W2=0x291e,0x14a,0x1906
  r61_witness[06] r61=15 tail=31 gh60=0xb4a45e6 W1=0x32a4,0x3130,0x1bf1 W2=0x31b1,0x338c,0xb17
  r61_witness[07] r61=15 tail=33 gh60=0x48884a6 W1=0x1b3b,0x294f,0x3acb W2=0x1a48,0x179a,0x10db
  r61_witness[08] r61=16 tail=22 gh60=0xfc89cae W1=0x3e3f,0x350e,0x353f W2=0x3d4c,0x22e1,0x3e08
  r61_witness[09] r61=16 tail=23 gh60=0x3887b9a W1=0xdaa,0xf0c,0x214e W2=0xcb7,0x3159,0x1401
  r61_witness[10] r61=16 tail=28 gh60=0x59e879a W1=0x1365,0x23a3,0x3abb W2=0x1272,0x25f6,0x20b7
  r61_witness[11] r61=16 tail=29 gh60=0x5e085ee W1=0x329f,0x3c29,0x3ae8 W2=0x31ac,0x32d7,0x2e99
  r61_witness[12] r61=16 tail=29 gh60=0xca08fee W1=0x378f,0x3635,0x10e8 W2=0x369c,0x3e08,0xd0c
  r61_witness[13] r61=16 tail=30 gh60=0x3a2879a W1=0xb85,0x2ffe,0x1dcc W2=0xa92,0x228d,0x2487
  r61_witness[14] r61=16 tail=30 gh60=0xba88faa W1=0x1771,0x3a01,0x19d1 W2=0x167e,0x788,0x2e2e
  r61_witness[15] r61=16 tail=31 gh60=0x462859a W1=0x1489,0x6e2,0x2908 W2=0x1396,0x355f,0x69d

D60=0 fiber histogram: 1:8013 2:4750 3:1821 4:1135 5:384 6:219 7:95 8:73 9:31 10:11 11:7 12:5 14:1 16:3 18:1
