free_word_mitm_reducedn
N=14 mask=0x3fff msb=0x2000
candidate: M0=0x3d36 mode=random-fallback fill=0x3fff kernel=dM0=dM9=0x2000
prefixes=32768/268435456 mode=permuted-prefix-sample w59_per_prefix=16384 total=536870912
run_mode=scan registry_cap=16
sample_start=191070208
scan_elapsed=19.961s rate=26.90 Mtriples/s

D60 interface
  D60=0 matches: 32542 (random expectation 32768.0, enrichment 0.993x)
  prefixes with D60=0: 16571
  max D60=0 fiber per prefix: 18 at W57=0x2e55 W58=0x22ce
  largest D60 bucket: D=0x3157 count=33793
  min D60 HW: 0
  D60 HW histogram: 0:32542 1:457780 2:2977169 3:11932560 4:32799281 5:65594555 6:98425718 7:112497233 8:98419604 9:65596135 10:32770177 11:11903712 12:2974510 13:457182 14:32754

Tail closure among D60=0 matches
  final tail collisions: 0
  best r61 HW: 14
  best r61 W1[57..59]=0xc5a,0x156d,0x1280
  best r61 W2[57..59]=0xb67,0x3c76,0x3331
  best tail HW: 20
  best tail r61 HW: 19
  best W1[57..59]=0x25,0x1780,0x1271
  best W2[57..59]=0x3f32,0x37c8,0x5a7

SUMMARY N=14 sample_start=191070208 prefixes=32768 total=536870912 d0=32542 best_tail=20 tail_r61=19 best_r61=14 tail_W1=0x25,0x1780,0x1271 tail_W2=0x3f32,0x37c8,0x5a7 r61_W1=0xc5a,0x156d,0x1280 r61_W2=0xb67,0x3c76,0x3331

Scan-only witness registry
  registry_count=16 registry_cap=16
  witness[00] tail=20 r61=19 gh60=0x4d69c9a W1=0x25,0x1780,0x1271 W2=0x3f32,0x37c8,0x5a7
  witness[01] tail=21 r61=17 gh60=0x4a084ea W1=0x3521,0x3c3d,0x1e92 W2=0x342e,0x1563,0x32c9
  witness[02] tail=22 r61=20 gh60=0xdb1856e W1=0xa4f,0x3537,0x2906 W2=0x95c,0x1ded,0x1db2
  witness[03] tail=22 r61=22 gh60=0x4be47aa W1=0x33b2,0x39aa,0x3ccc W2=0x32bf,0x3af7,0x11d9
  witness[04] tail=22 r61=22 gh60=0xc5a8d9a W1=0x36a9,0x408,0x2d10 W2=0x35b6,0x32f2,0x36b0
  witness[05] tail=23 r61=25 gh60=0xbdb8566 W1=0x2a63,0xb48,0x343d W2=0x2970,0x3e8d,0x3c50
  witness[06] tail=24 r61=22 gh60=0xca35dee W1=0xa0,0x219b,0x3a20 W2=0x3fad,0x3cb,0x710
  witness[07] tail=24 r61=28 gh60=0xca5bbba W1=0x3179,0xa6b,0x237e W2=0x3086,0x2fee,0x3561
  witness[08] tail=25 r61=18 gh60=0xca28cfa W1=0x1915,0x394d,0x268c W2=0x1822,0x2dc0,0x278e
  witness[09] tail=25 r61=22 gh60=0x5f89faa W1=0x1f7d,0x2a45,0x221f W2=0x1e8a,0x1ab8,0x2796
  witness[10] tail=25 r61=23 gh60=0xc7d8f7e W1=0x7d7,0x3831,0x2f69 W2=0x6e4,0x2c6c,0x315
  witness[11] tail=25 r61=23 gh60=0xb6a8566 W1=0xa63,0x953,0x38dc W2=0x970,0x2a0,0x398e
  witness[12] tail=25 r61=23 gh60=0x49ac7be W1=0x3b78,0x2e77,0xe70 W2=0x3a85,0x39ce,0x28be
  witness[13] tail=25 r61=26 gh60=0x4e7c49a W1=0xce6,0x1e46,0xb54 W2=0xbf3,0x4d0,0x1a1d
  witness[14] tail=25 r61=26 gh60=0xdaf8bea W1=0x1991,0x3147,0xdaf W2=0x189e,0x3fda,0x3de5
  witness[15] tail=25 r61=30 gh60=0xdde84ba W1=0x1f9,0x2c7e,0x2638 W2=0x106,0x1000,0x287e

Scan-only r61 registry
  registry_count=16 registry_cap=16
  r61_witness[00] r61=14 tail=32 gh60=0x450457a W1=0xc5a,0x156d,0x1280 W2=0xb67,0x3c76,0x3331
  r61_witness[01] r61=15 tail=33 gh60=0x39884aa W1=0x2fd,0x35d5,0x2969 W2=0x20a,0x3d41,0x3511
  r61_witness[02] r61=15 tail=33 gh60=0x4a2859a W1=0x2c89,0x105f,0x2900 W2=0x2b96,0x2f5a,0x3f01
  r61_witness[03] r61=15 tail=34 gh60=0x4524566 W1=0x2c54,0x3091,0x718 W2=0x2b61,0xeb,0x3b80
  r61_witness[04] r61=15 tail=35 gh60=0x4a08ce6 W1=0x90b,0x303a,0x174 W2=0x818,0x28cc,0x6bb
  r61_witness[05] r61=15 tail=39 gh60=0x4608cee W1=0x390f,0x1471,0x3a2a W2=0x381c,0x4c,0x95e
  r61_witness[06] r61=16 tail=29 gh60=0x4d2857a W1=0x259,0xdcd,0x33db W2=0x166,0x2901,0x98c
  r61_witness[07] r61=16 tail=32 gh60=0x560c4e6 W1=0xb1c,0x2f6b,0x3a3 W2=0xa29,0x143,0x38a9
  r61_witness[08] r61=16 tail=33 gh60=0x56147ee W1=0x390,0x1749,0x1ed7 W2=0x29d,0x1418,0x3e58
  r61_witness[09] r61=16 tail=33 gh60=0x590876e W1=0x1b5f,0x274a,0x28e8 W2=0x1a6c,0x2b78,0x374f
  r61_witness[10] r61=16 tail=33 gh60=0xc888fae W1=0x27bf,0x1ee2,0x1e71 W2=0x26cc,0x1429,0x6
  r61_witness[11] r61=16 tail=34 gh60=0x4a0bbe6 W1=0x2d8b,0x3a0d,0xc2e W2=0x2c98,0x36dd,0x15d1
  r61_witness[12] r61=16 tail=34 gh60=0x490cb6e W1=0x39d0,0x103,0x2155 W2=0x38dd,0x31f,0x1123
  r61_witness[13] r61=16 tail=35 gh60=0x5b885aa W1=0x46d,0x2647,0x1026 W2=0x37a,0x336b,0x32db
  r61_witness[14] r61=16 tail=38 gh60=0x4a04cfa W1=0x61a,0x4d7,0x3ba6 W2=0x527,0x2f43,0x23d
  r61_witness[15] r61=16 tail=39 gh60=0x4a884aa W1=0x2bfd,0x786,0x9c3 W2=0x2b0a,0xd32,0x30cc

D60=0 fiber histogram: 1:8105 2:4738 3:1812 4:1079 5:382 6:222 7:87 8:73 9:28 10:18 11:9 12:8 13:5 16:4 18:1
