free_word_mitm_reducedn
N=14 mask=0x3fff msb=0x2000
candidate: M0=0x3d36 mode=random-fallback fill=0x3fff kernel=dM0=dM9=0x2000
prefixes=32768/268435456 mode=permuted-prefix-sample w59_per_prefix=16384 total=536870912
run_mode=scan registry_cap=16
sample_start=197656576
scan_elapsed=17.905s rate=29.98 Mtriples/s

D60 interface
  D60=0 matches: 32721 (random expectation 32768.0, enrichment 0.999x)
  prefixes with D60=0: 16606
  max D60=0 fiber per prefix: 29 at W57=0x677 W58=0x2dad
  largest D60 bucket: D=0x2bdf count=34052
  min D60 HW: 0
  D60 HW histogram: 0:32721 1:457160 2:2975831 3:11919917 4:32791306 5:65616660 6:98441895 7:112496852 8:98416947 9:65585511 10:32766664 11:11907019 12:2972550 13:457599 14:32280

Tail closure among D60=0 matches
  final tail collisions: 0
  best r61 HW: 14
  best r61 W1[57..59]=0x3b5f,0x239,0x1b6b
  best r61 W2[57..59]=0x3a6c,0xc6f,0xbb5
  best tail HW: 21
  best tail r61 HW: 25
  best W1[57..59]=0x3624,0x28d9,0x1ea3
  best W2[57..59]=0x3531,0x370c,0x1e4

SUMMARY N=14 sample_start=197656576 prefixes=32768 total=536870912 d0=32721 best_tail=21 tail_r61=25 best_r61=14 tail_W1=0x3624,0x28d9,0x1ea3 tail_W2=0x3531,0x370c,0x1e4 r61_W1=0x3b5f,0x239,0x1b6b r61_W2=0x3a6c,0xc6f,0xbb5

Scan-only witness registry
  registry_count=16 registry_cap=16
  witness[00] tail=21 r61=25 gh60=0x5be4ce6 W1=0x3624,0x28d9,0x1ea3 W2=0x3531,0x370c,0x1e4
  witness[01] tail=23 r61=19 gh60=0x5a65fa6 W1=0x3f84,0x1dcf,0x271a W2=0x3e91,0x242,0x1e32
  witness[02] tail=23 r61=22 gh60=0x4b7859a W1=0x2aa5,0x767,0x14e8 W2=0x29b2,0x3308,0x2228
  witness[03] tail=23 r61=22 gh60=0xb9abce6 W1=0x2f23,0x2bb1,0x448 W2=0x2e30,0x14e1,0x218f
  witness[04] tail=24 r61=18 gh60=0xbb68d7a W1=0x855,0x2cb9,0x337e W2=0x762,0x1488,0x21dd
  witness[05] tail=24 r61=22 gh60=0x4ef7cee W1=0xe20,0x122f,0x2dd5 W2=0xd2d,0x257b,0x846
  witness[06] tail=25 r61=15 gh60=0x3e184ee W1=0xd0f,0x152d,0x395e W2=0xc1c,0x2fc3,0x1215
  witness[07] tail=25 r61=17 gh60=0x463cbe6 W1=0x299c,0x909,0x1e3e W2=0x28a9,0xf48,0x2f33
  witness[08] tail=25 r61=19 gh60=0x551c566 W1=0xad4,0x25a,0x3842 W2=0x9e1,0x2eb4,0x51c
  witness[09] tail=25 r61=19 gh60=0xca79b9a W1=0x1d69,0x2ac5,0x1fa2 W2=0x1c76,0x2c99,0x183
  witness[10] tail=25 r61=19 gh60=0xc90477a W1=0x33da,0x3adc,0x216f W2=0x32e7,0x3ad,0x3d72
  witness[11] tail=25 r61=20 gh60=0xc578c9a W1=0x1629,0x1beb,0x717 W2=0x1536,0x14fd,0x38d9
  witness[12] tail=25 r61=20 gh60=0xcb1bf7a W1=0x2f55,0x3df7,0x1c8 W2=0x2e62,0x1c12,0x3148
  witness[13] tail=25 r61=20 gh60=0x5e1bfea W1=0x2f91,0x3660,0xd8c W2=0x2e9e,0x21f3,0x17e0
  witness[14] tail=25 r61=20 gh60=0x5e09bea W1=0x3d9d,0x1ea9,0x2ee9 W2=0x3caa,0xe24,0x1132
  witness[15] tail=25 r61=21 gh60=0x492877a W1=0x1355,0x4be,0x11c9 W2=0x1262,0x796,0x3621

Scan-only r61 registry
  registry_count=16 registry_cap=16
  r61_witness[00] r61=14 tail=30 gh60=0x490876e W1=0x3b5f,0x239,0x1b6b W2=0x3a6c,0xc6f,0xbb5
  r61_witness[01] r61=14 tail=30 gh60=0xc929c9a W1=0x3f45,0xc1d,0x3c0a W2=0x3e52,0x2ced,0x1da4
  r61_witness[02] r61=15 tail=25 gh60=0x3e184ee W1=0xd0f,0x152d,0x395e W2=0xc1c,0x2fc3,0x1215
  r61_witness[03] r61=15 tail=27 gh60=0xc888baa W1=0x39bd,0x3b96,0x63e W2=0x38ca,0x37d9,0x1d39
  r61_witness[04] r61=15 tail=29 gh60=0x4a09ce6 W1=0x200b,0x3397,0x25f W2=0x1f18,0x1e3b,0x27c6
  r61_witness[05] r61=15 tail=30 gh60=0x4e09cee W1=0x3e1f,0x54a,0x16ff W2=0x3d2c,0x35a1,0x1f23
  r61_witness[06] r61=15 tail=38 gh60=0x3a1c4e6 W1=0x1d1c,0x2fb3,0x3058 W2=0x1c29,0x2c87,0x8fb
  r61_witness[07] r61=16 tail=29 gh60=0x3e68dbe W1=0x677,0x2dad,0x2e1d W2=0x584,0x35f8,0x2731
  r61_witness[08] r61=16 tail=29 gh60=0xc4844a6 W1=0x342c,0x2ee0,0x13e1 W2=0x3339,0x3c3e,0x287
  r61_witness[09] r61=16 tail=30 gh60=0x4a8479a W1=0xb6a,0x3d17,0x3591 W2=0xa77,0x2f75,0x34f3
  r61_witness[10] r61=16 tail=31 gh60=0x462c4ea W1=0x3412,0x3008,0xf5c W2=0x331f,0x607,0x257
  r61_witness[11] r61=16 tail=32 gh60=0x4d884ae W1=0x23ff,0x329c,0x3850 W2=0x230c,0x22ac,0x3ac2
  r61_witness[12] r61=16 tail=34 gh60=0x450856a W1=0x3c61,0x2026,0x36d W2=0x3b6e,0x262c,0x9d6
  r61_witness[13] r61=16 tail=35 gh60=0xc88bfa6 W1=0x2fab,0x3538,0x35ba W2=0x2eb8,0x100a,0x16ba
  r61_witness[14] r61=16 tail=35 gh60=0x4a37bea W1=0x319e,0x3e15,0x24df W2=0x30ab,0x26d9,0x1277
  r61_witness[15] r61=17 tail=25 gh60=0x463cbe6 W1=0x299c,0x909,0x1e3e W2=0x28a9,0xf48,0x2f33

D60=0 fiber histogram: 1:8079 2:4737 3:1857 4:1078 5:420 6:200 7:99 8:65 9:24 10:19 11:12 12:8 13:2 14:2 16:1 17:1 22:1 29:1
