free_word_mitm_reducedn
N=14 mask=0x3fff msb=0x2000
candidate: M0=0x3d36 mode=random-fallback fill=0x3fff kernel=dM0=dM9=0x2000
prefixes=32768/268435456 mode=permuted-prefix-sample w59_per_prefix=16384 total=536870912
run_mode=scan registry_cap=16
sample_start=88604672
scan_elapsed=17.616s rate=30.48 Mtriples/s

D60 interface
  D60=0 matches: 32144 (random expectation 32768.0, enrichment 0.981x)
  prefixes with D60=0: 16505
  max D60=0 fiber per prefix: 14 at W57=0x3db1 W58=0x14b0
  largest D60 bucket: D=0x5ac count=33801
  min D60 HW: 0
  D60 HW histogram: 0:32144 1:456620 2:2971986 3:11909546 4:32780981 5:65612942 6:98433439 7:112504435 8:98413598 9:65587572 10:32789420 11:11911957 12:2975996 13:457426 14:32850

Tail closure among D60=0 matches
  final tail collisions: 0
  best r61 HW: 14
  best r61 W1[57..59]=0xa11,0x1034,0xac6
  best r61 W2[57..59]=0x91e,0x113a,0x32c5
  best tail HW: 21
  best tail r61 HW: 19
  best W1[57..59]=0x9bd,0x34b1,0xdcc
  best W2[57..59]=0x8ca,0x20f4,0x20ad

SUMMARY N=14 sample_start=88604672 prefixes=32768 total=536870912 d0=32144 best_tail=21 tail_r61=19 best_r61=14 tail_W1=0x9bd,0x34b1,0xdcc tail_W2=0x8ca,0x20f4,0x20ad r61_W1=0xa11,0x1034,0xac6 r61_W2=0x91e,0x113a,0x32c5

Scan-only witness registry
  registry_count=16 registry_cap=16
  witness[00] tail=21 r61=19 gh60=0xb988baa W1=0x9bd,0x34b1,0xdcc W2=0x8ca,0x20f4,0x20ad
  witness[01] tail=22 r61=21 gh60=0xced84fe W1=0x3417,0x30f,0x2163 W2=0x3324,0x2437,0x3666
  witness[02] tail=23 r61=19 gh60=0xcdecd7e W1=0x6d8,0x1ec6,0x158f W2=0x5e5,0x2092,0x963
  witness[03] tail=23 r61=22 gh60=0x561cc9a W1=0x180a,0xe55,0xf49 W2=0x1717,0x18,0x297
  witness[04] tail=24 r61=23 gh60=0x4f27ca6 W1=0x1144,0x1bb7,0xd51 W2=0x1051,0x186e,0x16a9
  witness[05] tail=24 r61=25 gh60=0x4e1cc9a W1=0x80a,0x333b,0x2719 W2=0x717,0x1702,0x1bb
  witness[06] tail=25 r61=15 gh60=0xfa29fe6 W1=0x1f93,0x1cda,0x330b W2=0x1ea0,0x336,0x264a
  witness[07] tail=25 r61=16 gh60=0x5908b6a W1=0x15d1,0x26ec,0x34fa W2=0x14de,0x312f,0x1113
  witness[08] tail=25 r61=18 gh60=0xcb0bf6a W1=0xf51,0x1ab0,0x13ee W2=0xe5e,0x7cf,0x1b86
  witness[09] tail=25 r61=18 gh60=0x46084ea W1=0x2411,0x3d39,0x1064 W2=0x231e,0x3f,0x291f
  witness[10] tail=25 r61=19 gh60=0x59887a6 W1=0x2bbb,0x1770,0x3300 W2=0x2ac8,0xb3,0xfe7
  witness[11] tail=25 r61=21 gh60=0x5757d7e W1=0x10d8,0x349c,0x3f91 W2=0xfe5,0x24cc,0x275e
  witness[12] tail=25 r61=22 gh60=0x5b887a6 W1=0x3ab,0x3afa,0x3f4a W2=0x2b8,0x23cf,0x194
  witness[13] tail=25 r61=24 gh60=0xcbd459a W1=0x1266,0x2338,0x153c W2=0x1173,0xfe0,0x1544
  witness[14] tail=25 r61=25 gh60=0x4e67baa W1=0x3172,0x28ca,0xa0a W2=0x307f,0x262,0x3e28
  witness[15] tail=25 r61=26 gh60=0xcae44a6 W1=0xd44,0x16e6,0x3d1f W2=0xc51,0x2664,0x2c82

Scan-only r61 registry
  registry_count=16 registry_cap=16
  r61_witness[00] r61=14 tail=32 gh60=0x4a084ea W1=0xa11,0x1034,0xac6 W2=0x91e,0x113a,0x32c5
  r61_witness[01] r61=14 tail=34 gh60=0x4a08cea W1=0x181d,0x3492,0xaf1 W2=0x172a,0x945,0x3cc6
  r61_witness[02] r61=15 tail=25 gh60=0xfa29fe6 W1=0x1f93,0x1cda,0x330b W2=0x1ea0,0x336,0x264a
  r61_witness[03] r61=15 tail=28 gh60=0xbd0fd6e W1=0x30d0,0x2c2c,0x8ae W2=0x2fdd,0x3edc,0x17ed
  r61_witness[04] r61=15 tail=29 gh60=0x5a085ee W1=0x2c9f,0x3f09,0x1613 W2=0x2bac,0x24bb,0x3b33
  r61_witness[05] r61=15 tail=33 gh60=0x49d84ba W1=0x14f9,0x90a,0x1c8 W2=0x1406,0x48,0x627
  r61_witness[06] r61=15 tail=34 gh60=0x48a8c9a W1=0x3929,0x26d,0xed2 W2=0x3836,0x3337,0x3825
  r61_witness[07] r61=15 tail=37 gh60=0x4a04ce6 W1=0x181c,0x2c8,0xf15 W2=0x1729,0xb4b,0x27d6
  r61_witness[08] r61=16 tail=25 gh60=0x5908b6a W1=0x15d1,0x26ec,0x34fa W2=0x14de,0x312f,0x1113
  r61_witness[09] r61=16 tail=26 gh60=0x4e14cee W1=0x3710,0x34ec,0x1d17 W2=0x361d,0x2ed8,0x3dde
  r61_witness[10] r61=16 tail=29 gh60=0x7a0c7fa W1=0x39a,0x3851,0x10b W2=0x2a7,0x2d96,0x2938
  r61_witness[11] r61=16 tail=30 gh60=0xca2849e W1=0x1307,0x31f7,0x1861 W2=0x1214,0x2e4,0x3d27
  r61_witness[12] r61=16 tail=31 gh60=0x3e07c9a W1=0xe0a,0x55,0x1a7c W2=0xd17,0x179a,0x2642
  r61_witness[13] r61=16 tail=31 gh60=0x4d0856a W1=0x12e1,0x2d53,0x1d71 W2=0x11ee,0x3159,0x1fa2
  r61_witness[14] r61=16 tail=32 gh60=0x4908f6a W1=0x1761,0x3531,0x2496 W2=0x166e,0x540,0x37e6
  r61_witness[15] r61=16 tail=34 gh60=0x48884aa W1=0x32d,0x1796,0x1119 W2=0x23a,0x1d92,0x1433

D60=0 fiber histogram: 1:8078 2:4785 3:1798 4:1024 5:410 6:203 7:77 8:64 9:28 10:12 11:7 12:12 13:4 14:3
