free_word_mitm_reducedn
N=14 mask=0x3fff msb=0x2000
candidate: M0=0x3d36 mode=random-fallback fill=0x3fff kernel=dM0=dM9=0x2000
prefixes=32768/268435456 mode=permuted-prefix-sample w59_per_prefix=16384 total=536870912
run_mode=scan registry_cap=16
sample_start=247988224
scan_elapsed=17.703s rate=30.33 Mtriples/s

D60 interface
  D60=0 matches: 32958 (random expectation 32768.0, enrichment 1.006x)
  prefixes with D60=0: 16579
  max D60=0 fiber per prefix: 20 at W57=0x16fb W58=0xefc
  largest D60 bucket: D=0x2e73 count=33712
  min D60 HW: 0
  D60 HW histogram: 0:32958 1:458513 2:2976464 3:11905693 4:32767644 5:65587875 6:98389584 7:112465734 8:98410650 9:65631176 10:32826372 11:11943179 12:2983195 13:459000 14:32875

Tail closure among D60=0 matches
  final tail collisions: 0
  best r61 HW: 13
  best r61 W1[57..59]=0xaed,0xb68,0x323e
  best r61 W2[57..59]=0x9fa,0x1464,0x38e7
  best tail HW: 19
  best tail r61 HW: 24
  best W1[57..59]=0x19b0,0x3635,0x2f71
  best W2[57..59]=0x18bd,0x3a3d,0x3942

SUMMARY N=14 sample_start=247988224 prefixes=32768 total=536870912 d0=32958 best_tail=19 tail_r61=24 best_r61=13 tail_W1=0x19b0,0x3635,0x2f71 tail_W2=0x18bd,0x3a3d,0x3942 r61_W1=0xaed,0xb68,0x323e r61_W2=0x9fa,0x1464,0x38e7

Scan-only witness registry
  registry_count=16 registry_cap=16
  witness[00] tail=19 r61=24 gh60=0x47b4bae W1=0x19b0,0x3635,0x2f71 W2=0x18bd,0x3a3d,0x3942
  witness[01] tail=20 r61=22 gh60=0x55e87fa W1=0x1395,0x4f,0x7e W2=0x12a2,0x39b,0x812
  witness[02] tail=22 r61=19 gh60=0xb88dbaa W1=0x1be,0x3ad9,0x418 W2=0xcb,0x3915,0x2730
  witness[03] tail=23 r61=17 gh60=0x4a3bdfa W1=0xe99,0x3c8c,0x1404 W2=0xda6,0xf6b,0x16e0
  witness[04] tail=23 r61=18 gh60=0x466849a W1=0x3e5,0x35a5,0x1 W2=0x2f2,0x1bec,0x1cf2
  witness[05] tail=23 r61=19 gh60=0xd4bc4a6 W1=0x3a34,0x3a89,0xcc9 W2=0x3941,0x7f7,0xc21
  witness[06] tail=23 r61=24 gh60=0xd9fc49e W1=0x2c08,0x346d,0x195e W2=0x2b15,0x3359,0xfb0
  witness[07] tail=23 r61=24 gh60=0xc6e9fe6 W1=0x3f93,0x34f9,0x2e19 W2=0x3ea0,0x1b55,0x761
  witness[08] tail=24 r61=19 gh60=0x7ef44ea W1=0xb0e,0x171a,0xaa6 W2=0xa1b,0x2021,0x2ba8
  witness[09] tail=24 r61=19 gh60=0x471857a W1=0x14d5,0x20f,0x3fa W2=0x13e2,0x38bf,0x2b06
  witness[10] tail=24 r61=20 gh60=0xc72859a W1=0x2cc5,0x2598,0x21ef W2=0x2bd2,0x1403,0x14bd
  witness[11] tail=24 r61=21 gh60=0x3a3dcfa W1=0x3e1a,0xc43,0x24b9 W2=0x3d27,0x352f,0x2ee1
  witness[12] tail=24 r61=22 gh60=0xca284fa W1=0x1d15,0x1318,0x2a35 W2=0x1c22,0xc8c,0xd10
  witness[13] tail=24 r61=24 gh60=0xca784ea W1=0x3c0d,0x879,0x19fb W2=0x3b1a,0x203f,0xb2
  witness[14] tail=24 r61=25 gh60=0xb96dc9e W1=0x3f28,0x3bbd,0x3de8 W2=0x3e35,0xa2a,0x27e6
  witness[15] tail=25 r61=17 gh60=0x557449e W1=0x3a48,0x1290,0x36d2 W2=0x3955,0x1e84,0x3b4

Scan-only r61 registry
  registry_count=16 registry_cap=16
  r61_witness[00] r61=13 tail=34 gh60=0x4a884aa W1=0xaed,0xb68,0x323e W2=0x9fa,0x1464,0x38e7
  r61_witness[01] r61=14 tail=31 gh60=0xca087e6 W1=0x138b,0x1a2c,0x2608 W2=0x1298,0x1679,0x355a
  r61_witness[02] r61=14 tail=36 gh60=0x4a045fa W1=0x49a,0x1880,0x3c94 W2=0x3a7,0x995,0x114d
  r61_witness[03] r61=15 tail=29 gh60=0xd608cea W1=0x380d,0x3a8,0x387e W2=0x371a,0x176f,0x1a97
  r61_witness[04] r61=15 tail=30 gh60=0xf884c9a W1=0x392a,0x1237,0x25d4 W2=0x3837,0x2f6,0x1097
  r61_witness[05] r61=16 tail=26 gh60=0xca0c5e6 W1=0x2a8c,0x3659,0x2b66 W2=0x2999,0xd15,0x2b10
  r61_witness[06] r61=16 tail=28 gh60=0x4889caa W1=0x2141,0x749,0x3af6 W2=0x204e,0x6fc,0x1a81
  r61_witness[07] r61=16 tail=29 gh60=0x4b8dfae W1=0x3f80,0x12a7,0x1f6 W2=0x3e8d,0x76f,0x2919
  r61_witness[08] r61=16 tail=30 gh60=0x448bdae W1=0x2eaf,0x3246,0x25e4 W2=0x2dbc,0xefd,0x3ed0
  r61_witness[09] r61=16 tail=30 gh60=0x3a085ee W1=0x348f,0x1da2,0x3bf3 W2=0x339c,0x17e4,0xada
  r61_witness[10] r61=16 tail=31 gh60=0x5a0bcea W1=0x2f21,0x41d,0x2e61 W2=0x2e2e,0x3d40,0x21bc
  r61_witness[11] r61=16 tail=32 gh60=0x38884a6 W1=0xd2b,0x2bc3,0x37f7 W2=0xc38,0x2a1e,0x33d8
  r61_witness[12] r61=16 tail=32 gh60=0xca54bfe W1=0x1998,0x22c7,0x2a12 W2=0x18a5,0x2557,0x138d
  r61_witness[13] r61=16 tail=32 gh60=0x5b1859a W1=0x1cc5,0x2a8,0x1401 W2=0x1bd2,0x10f,0xf36
  r61_witness[14] r61=16 tail=33 gh60=0x592fb6a W1=0xdd2,0x253e,0x2c51 W2=0xcdf,0x382,0x1338
  r61_witness[15] r61=16 tail=33 gh60=0x472857a W1=0x2c59,0x36a7,0x191 W2=0x2b66,0x1bb3,0x1cbf

D60=0 fiber histogram: 1:8001 2:4728 3:1818 4:1113 5:450 6:243 7:80 8:79 9:27 10:23 11:6 12:5 13:1 14:2 16:1 19:1 20:1
