free_word_mitm_reducedn
N=14 mask=0x3fff msb=0x2000
candidate: M0=0x3d36 mode=random-fallback fill=0x3fff kernel=dM0=dM9=0x2000
prefixes=32768/268435456 mode=permuted-prefix-sample w59_per_prefix=16384 total=536870912
run_mode=scan registry_cap=16
sample_start=63438848
scan_elapsed=16.816s rate=31.93 Mtriples/s

D60 interface
  D60=0 matches: 32178 (random expectation 32768.0, enrichment 0.982x)
  prefixes with D60=0: 16450
  max D60=0 fiber per prefix: 32 at W57=0x1187 W58=0x32a6
  largest D60 bucket: D=0xe9c count=33851
  min D60 HW: 0
  D60 HW histogram: 0:32178 1:453379 2:2966523 3:11903974 4:32798800 5:65603568 6:98473019 7:112531731 8:98408661 9:65559507 10:32774123 11:11901799 12:2972693 13:458309 14:32648

Tail closure among D60=0 matches
  final tail collisions: 0
  best r61 HW: 13
  best r61 W1[57..59]=0x1437,0x2cae,0xa0a
  best r61 W2[57..59]=0x1344,0xb50,0xd21
  best tail HW: 22
  best tail r61 HW: 20
  best W1[57..59]=0x2ad5,0x122e,0x356a
  best W2[57..59]=0x29e2,0x3cbe,0x3b2e

SUMMARY N=14 sample_start=63438848 prefixes=32768 total=536870912 d0=32178 best_tail=22 tail_r61=20 best_r61=13 tail_W1=0x2ad5,0x122e,0x356a tail_W2=0x29e2,0x3cbe,0x3b2e r61_W1=0x1437,0x2cae,0xa0a r61_W2=0x1344,0xb50,0xd21

Scan-only witness registry
  registry_count=16 registry_cap=16
  witness[00] tail=22 r61=20 gh60=0xcd1857a W1=0x2ad5,0x122e,0x356a W2=0x29e2,0x3cbe,0x3b2e
  witness[01] tail=23 r61=19 gh60=0xdda85a6 W1=0x1a73,0x3231,0x3730 W2=0x1980,0x3606,0x2974
  witness[02] tail=23 r61=30 gh60=0x5dedcaa W1=0x2102,0x216d,0x3fe5 W2=0x200f,0x21c1,0x2bb9
  witness[03] tail=24 r61=20 gh60=0x4a37ffe W1=0x2f98,0x32e6,0xae4 W2=0x2ea5,0x1dbe,0x3912
  witness[04] tail=24 r61=21 gh60=0xca3cca6 W1=0x704,0xc3b,0x1dec W2=0x611,0x37f8,0x2dfd
  witness[05] tail=24 r61=22 gh60=0xf958b7a W1=0x29d9,0x133c,0x3b5e W2=0x28e6,0xc3f,0x10f3
  witness[06] tail=25 r61=18 gh60=0xca1c5ee W1=0x1aa0,0xb85,0x171 W2=0x19ad,0x3eb4,0x12a7
  witness[07] tail=25 r61=20 gh60=0xd609de6 W1=0x209b,0x2398,0x14ae W2=0x1fa8,0x1644,0x3a64
  witness[08] tail=25 r61=20 gh60=0x4ae5be6 W1=0x3d94,0xa50,0x2643 W2=0x3ca1,0x132d,0x1ae2
  witness[09] tail=25 r61=21 gh60=0x5d585be W1=0xab7,0x15fa,0x2179 W2=0x9c4,0x1ab0,0x3068
  witness[10] tail=25 r61=22 gh60=0xca5fdfa W1=0x2e96,0xd23,0x172d W2=0x2da3,0x1a0b,0x2f7b
  witness[11] tail=26 r61=16 gh60=0x478fc9a W1=0xdea,0x2097,0xeb4 W2=0xcf7,0x379c,0x22a9
  witness[12] tail=26 r61=17 gh60=0x4b88fa6 W1=0x277b,0x150e,0x29b7 W2=0x2688,0x3ac2,0xac0
  witness[13] tail=26 r61=19 gh60=0x3dbbdaa W1=0xebd,0x587,0x2359 W2=0xdca,0xc4e,0xc0c
  witness[14] tail=26 r61=19 gh60=0xc584dba W1=0x36ba,0x396,0x3ea2 W2=0x35c7,0x376,0x2a92
  witness[15] tail=26 r61=20 gh60=0x56684e6 W1=0x3a13,0xeec,0x2466 W2=0x3920,0xce1,0x14af

Scan-only r61 registry
  registry_count=16 registry_cap=16
  r61_witness[00] r61=13 tail=33 gh60=0x4938b6a W1=0x9d1,0xeb8,0x3a3 W2=0x8de,0x10b7,0x3817
  r61_witness[01] r61=13 tail=33 gh60=0x45684be W1=0x1437,0x2cae,0xa0a W2=0x1344,0xb50,0xd21
  r61_witness[02] r61=15 tail=30 gh60=0xfa04be6 W1=0x359c,0x3f52,0x27fb W2=0x34a9,0x158d,0x27a9
  r61_witness[03] r61=15 tail=32 gh60=0xc8884ae W1=0x3d2f,0x33fa,0x1d6f W2=0x3c3c,0x231a,0x2f84
  r61_witness[04] r61=15 tail=36 gh60=0x46085ea W1=0x2ca1,0x20b2,0x1bbb W2=0x2bae,0x1e44,0x382a
  r61_witness[05] r61=15 tail=38 gh60=0xd488da6 W1=0x28ab,0x9da,0x2aa2 W2=0x27b8,0x3c0e,0x3b4b
  r61_witness[06] r61=16 tail=26 gh60=0x478fc9a W1=0xdea,0x2097,0xeb4 W2=0xcf7,0x379c,0x22a9
  r61_witness[07] r61=16 tail=28 gh60=0xca59c9e W1=0x1f07,0xe2b,0x265f W2=0x1e14,0xd57,0x2c88
  r61_witness[08] r61=16 tail=29 gh60=0x4a084ea W1=0x1a21,0x218,0xde0 W2=0x192e,0x190e,0x2553
  r61_witness[09] r61=16 tail=31 gh60=0x4b0449a W1=0x2c4a,0x3b92,0xfbb W2=0x2b57,0x21d6,0x29ee
  r61_witness[10] r61=16 tail=33 gh60=0xc989ca6 W1=0xfb,0x2f2,0x2aeb W2=0x8,0x3f7c,0x1979
  r61_witness[11] r61=16 tail=33 gh60=0xc984cba W1=0x173a,0x4ae,0x3e4d W2=0x1647,0x3866,0x10ab
  r61_witness[12] r61=16 tail=33 gh60=0x4625caa W1=0x1f02,0x1924,0x2afd W2=0x1e0f,0x1b78,0x3415
  r61_witness[13] r61=16 tail=39 gh60=0x4628c9a W1=0x3709,0x1e51,0x2f5b W2=0x3616,0x13e7,0x1f0
  r61_witness[14] r61=16 tail=40 gh60=0x4707f66 W1=0xfcc,0x26cb,0x221e W2=0xed9,0x3b88,0x2a6f
  r61_witness[15] r61=16 tail=41 gh60=0x49884ae W1=0x33f,0xe09,0x27dd W2=0x24c,0x2d19,0x72c

D60=0 fiber histogram: 1:8090 2:4727 3:1712 4:1076 5:406 6:221 7:77 8:80 9:28 10:15 11:5 12:2 13:2 14:6 16:1 20:1 32:1
