free_word_mitm_reducedn
N=14 mask=0x3fff msb=0x2000
candidate: M0=0x3d36 mode=random-fallback fill=0x3fff kernel=dM0=dM9=0x2000
prefixes=32768/268435456 mode=permuted-prefix-sample w59_per_prefix=16384 total=536870912
run_mode=scan registry_cap=16
sample_start=36864000
scan_elapsed=20.455s rate=26.25 Mtriples/s

D60 interface
  D60=0 matches: 32479 (random expectation 32768.0, enrichment 0.991x)
  prefixes with D60=0: 16596
  max D60=0 fiber per prefix: 20 at W57=0x3c2a W58=0xfb6
  largest D60 bucket: D=0xf58 count=33828
  min D60 HW: 0
  D60 HW histogram: 0:32479 1:458338 2:2977678 3:11913185 4:32762168 5:65584925 6:98440224 7:112494289 8:98427864 9:65613489 10:32787798 11:11908265 12:2979994 13:457638 14:32578

Tail closure among D60=0 matches
  final tail collisions: 0
  best r61 HW: 15
  best r61 W1[57..59]=0x150d,0x3603,0x1a96
  best r61 W2[57..59]=0x141a,0xdf9,0x805
  best tail HW: 21
  best tail r61 HW: 16
  best W1[57..59]=0xb94,0x37ea,0xee3
  best W2[57..59]=0xaa1,0x2344,0xb32

SUMMARY N=14 sample_start=36864000 prefixes=32768 total=536870912 d0=32479 best_tail=21 tail_r61=16 best_r61=15 tail_W1=0xb94,0x37ea,0xee3 tail_W2=0xaa1,0x2344,0xb32 r61_W1=0x150d,0x3603,0x1a96 r61_W2=0x141a,0xdf9,0x805

Scan-only witness registry
  registry_count=16 registry_cap=16
  witness[00] tail=21 r61=16 gh60=0x4a2c7e6 W1=0xb94,0x37ea,0xee3 W2=0xaa1,0x2344,0xb32
  witness[01] tail=22 r61=22 gh60=0xbd885ae W1=0x3abf,0x1060,0x1b9a W2=0x39cc,0x508,0x29aa
  witness[02] tail=23 r61=16 gh60=0x3e18de6 W1=0x369b,0x2694,0x242c W2=0x35a8,0x11be,0x34be
  witness[03] tail=23 r61=25 gh60=0xbd39d6e W1=0x20df,0x12e,0x1ae5 W2=0x1fec,0x26d1,0x38db
  witness[04] tail=24 r61=16 gh60=0xd62c5fa W1=0x2a96,0x1b44,0x3701 W2=0x29a3,0x3a65,0x3912
  witness[05] tail=24 r61=19 gh60=0x7bb4b9a W1=0x25a6,0x1d4d,0x33f4 W2=0x24b3,0x1d64,0x2226
  witness[06] tail=24 r61=20 gh60=0x4b19ba6 W1=0x3dc3,0x1a2a,0xaef W2=0x3cd0,0x1fa0,0x2c45
  witness[07] tail=24 r61=22 gh60=0xb77849e W1=0x1a47,0x19ae,0x1313 W2=0x1954,0x3599,0x488
  witness[08] tail=25 r61=17 gh60=0x5908b6a W1=0x961,0x2f7c,0x28e7 W2=0x86e,0x296f,0x3340
  witness[09] tail=25 r61=18 gh60=0x45bc566 W1=0xc64,0x77c,0x387d W2=0xb71,0x1eea,0x2717
  witness[10] tail=25 r61=20 gh60=0x466c76a W1=0x33e2,0x3448,0x14a2 W2=0x32ef,0x3bbb,0xbcd
  witness[11] tail=25 r61=24 gh60=0xbae5da6 W1=0x20c4,0x1477,0xaf5 W2=0x1fd1,0x285e,0x36a1
  witness[12] tail=25 r61=24 gh60=0xb92cb7e W1=0x2958,0x3542,0x30d4 W2=0x2865,0x225e,0x3e44
  witness[13] tail=25 r61=25 gh60=0xd5bfca6 W1=0x103c,0x2beb,0x3537 W2=0xf49,0x18f2,0x2e79
  witness[14] tail=25 r61=25 gh60=0xbe7c4e6 W1=0x121c,0xaa0,0x3bc5 W2=0x1129,0x3362,0x3331
  witness[15] tail=25 r61=25 gh60=0xdbe4f66 W1=0x27d4,0x2cc9,0x38af W2=0x26e1,0x151c,0x11ae

Scan-only r61 registry
  registry_count=16 registry_cap=16
  r61_witness[00] r61=15 tail=33 gh60=0x5a184ea W1=0x150d,0x3603,0x1a96 W2=0x141a,0xdf9,0x805
  r61_witness[01] r61=16 tail=21 gh60=0x4a2c7e6 W1=0xb94,0x37ea,0xee3 W2=0xaa1,0x2344,0xb32
  r61_witness[02] r61=16 tail=23 gh60=0x3e18de6 W1=0x369b,0x2694,0x242c W2=0x35a8,0x11be,0x34be
  r61_witness[03] r61=16 tail=24 gh60=0xd62c5fa W1=0x2a96,0x1b44,0x3701 W2=0x29a3,0x3a65,0x3912
  r61_witness[04] r61=16 tail=27 gh60=0x490c76e W1=0xb50,0x3131,0x1092 W2=0xa5d,0x2b78,0x1c54
  r61_witness[05] r61=16 tail=28 gh60=0x4ca44ea W1=0xc22,0x2842,0x71e W2=0xb2f,0x2f51,0x92b
  r61_witness[06] r61=16 tail=30 gh60=0x4984ba6 W1=0x396c,0x2863,0x30f4 W2=0x3879,0x3cb8,0x3688
  r61_witness[07] r61=16 tail=32 gh60=0x4a28cfa W1=0x2719,0x2708,0x3ee7 W2=0x2626,0x93f,0x31c0
  r61_witness[08] r61=16 tail=34 gh60=0x48abcba W1=0xf35,0x1121,0x1dfe W2=0xe42,0x2398,0x15d3
  r61_witness[09] r61=16 tail=34 gh60=0xda04ce6 W1=0x290c,0x2bfa,0x2de3 W2=0x2819,0x189d,0x3ffe
  r61_witness[10] r61=16 tail=34 gh60=0x44884aa W1=0x3441,0x27b8,0x1c7d W2=0x334e,0x3c28,0x28cf
  r61_witness[11] r61=16 tail=34 gh60=0xc884c9a W1=0x372a,0x4cb,0xd2b W2=0x3637,0x378a,0xb5b
  r61_witness[12] r61=16 tail=36 gh60=0x4a085ee W1=0x1c8f,0x2802,0xcff W2=0x1b9c,0x21c4,0x2360
  r61_witness[13] r61=16 tail=37 gh60=0x44dbd9e W1=0x2ea7,0x22be,0x3541 W2=0x2db4,0x2106,0x170d
  r61_witness[14] r61=16 tail=40 gh60=0x4e084ee W1=0x141f,0x245c,0x2c00 W2=0x132c,0x2372,0x1ce0
  r61_witness[15] r61=16 tail=40 gh60=0x48acfa6 W1=0x37b4,0x2dfb,0x13e8 W2=0x36c1,0x2350,0x28ca

D60=0 fiber histogram: 1:8156 2:4723 3:1812 4:1076 5:398 6:218 7:71 8:68 9:23 10:26 11:7 12:10 14:2 15:1 17:2 18:1 19:1 20:1
