free_word_mitm_reducedn
N=14 mask=0x3fff msb=0x2000
candidate: M0=0x3d36 mode=random-fallback fill=0x3fff kernel=dM0=dM9=0x2000
prefixes=32768/268435456 mode=permuted-prefix-sample w59_per_prefix=16384 total=536870912
run_mode=scan registry_cap=16
sample_start=85196800
scan_elapsed=19.031s rate=28.21 Mtriples/s

D60 interface
  D60=0 matches: 32883 (random expectation 32768.0, enrichment 1.004x)
  prefixes with D60=0: 16607
  max D60=0 fiber per prefix: 19 at W57=0x22a8 W58=0x1067
  largest D60 bucket: D=0x2ff2 count=33803
  min D60 HW: 0
  D60 HW histogram: 0:32883 1:456671 2:2973806 3:11913934 4:32799000 5:65613572 6:98454533 7:112522772 8:98413087 9:65568107 10:32759455 11:11903214 12:2970982 13:456458 14:32438

Tail closure among D60=0 matches
  final tail collisions: 0
  best r61 HW: 14
  best r61 W1[57..59]=0x2f6d,0x2240,0x1485
  best r61 W2[57..59]=0x2e7a,0x39bf,0x94d
  best tail HW: 21
  best tail r61 HW: 18
  best W1[57..59]=0x553,0x175e,0x1a90
  best W2[57..59]=0x460,0x2550,0x28ba

SUMMARY N=14 sample_start=85196800 prefixes=32768 total=536870912 d0=32883 best_tail=21 tail_r61=18 best_r61=14 tail_W1=0x553,0x175e,0x1a90 tail_W2=0x460,0x2550,0x28ba r61_W1=0x2f6d,0x2240,0x1485 r61_W2=0x2e7a,0x39bf,0x94d

Scan-only witness registry
  registry_count=16 registry_cap=16
  witness[00] tail=21 r61=18 gh60=0x4918b66 W1=0x553,0x175e,0x1a90 W2=0x460,0x2550,0x28ba
  witness[01] tail=21 r61=18 gh60=0xcce7daa W1=0xeb2,0x12b4,0x996 W2=0xdbf,0x15a8,0x2b37
  witness[02] tail=21 r61=23 gh60=0x4f7ddbe W1=0xb8,0x1ede,0x22dc W2=0x3fc5,0x2326,0x38c5
  witness[03] tail=22 r61=17 gh60=0x4a5849a W1=0x14e9,0x271b,0x3f05 W2=0x13f6,0x1d72,0x2c9b
  witness[04] tail=22 r61=22 gh60=0x3bb84ba W1=0x1bf9,0xb2e,0x9d6 W2=0x1b06,0xac,0x3ae8
  witness[05] tail=23 r61=19 gh60=0xbb0dc9a W1=0x4a,0x1044,0x10f2 W2=0x3f57,0x330d,0x1491
  witness[06] tail=23 r61=22 gh60=0xc638bea W1=0x99d,0x5ce,0x1736 W2=0x8aa,0x308d,0x3b82
  witness[07] tail=23 r61=24 gh60=0xfa55c9e W1=0x2108,0x3143,0x1154 W2=0x2015,0x3a70,0x2836
  witness[08] tail=23 r61=26 gh60=0xfa187ea W1=0x2b8d,0x3757,0x397c W2=0x2a9a,0x2821,0x3d59
  witness[09] tail=24 r61=16 gh60=0xc488ca6 W1=0x362b,0xa79,0x1947 W2=0x3538,0x2a15,0xb03
  witness[10] tail=24 r61=20 gh60=0x595ccba W1=0x1936,0x32bf,0x373b W2=0x1843,0x24c3,0x3107
  witness[11] tail=24 r61=23 gh60=0xcd244a6 W1=0x1c44,0x22ac,0x1e6 W2=0x1b51,0xf2a,0x3d2a
  witness[12] tail=24 r61=24 gh60=0xfa3c4e6 W1=0x30c,0x3ad4,0x1133 W2=0x219,0xdb6,0xa37
  witness[13] tail=24 r61=24 gh60=0xc62c59e W1=0x1c88,0x2965,0x18a9 W2=0x1b95,0x75,0x34b4
  witness[14] tail=24 r61=24 gh60=0xb6ec49e W1=0x2a08,0xff,0x220e W2=0x2915,0x3d6b,0x1243
  witness[15] tail=24 r61=24 gh60=0x3bb9bbe W1=0x3db7,0x2686,0x285d W2=0x3cc4,0x1c9d,0x1a9e

Scan-only r61 registry
  registry_count=16 registry_cap=16
  r61_witness[00] r61=14 tail=30 gh60=0x469bfaa W1=0x2f6d,0x2240,0x1485 W2=0x2e7a,0x39bf,0x94d
  r61_witness[01] r61=15 tail=31 gh60=0xcb3456e W1=0x3cd0,0x2d7a,0x5e1 W2=0x3bdd,0x20a5,0x3819
  r61_witness[02] r61=15 tail=35 gh60=0x460fcee W1=0xf10,0x145a,0x2113 W2=0xe1d,0x33c6,0x1d4b
  r61_witness[03] r61=16 tail=24 gh60=0xc488ca6 W1=0x362b,0xa79,0x1947 W2=0x3538,0x2a15,0xb03
  r61_witness[04] r61=16 tail=26 gh60=0xc98cbae W1=0x35b0,0x5e,0x1b3e W2=0x34bd,0x866,0x148f
  r61_witness[05] r61=16 tail=28 gh60=0xd6044e6 W1=0x20c,0x38a5,0xc06 W2=0x119,0x1777,0x34ab
  r61_witness[06] r61=16 tail=29 gh60=0x4924fa6 W1=0x7c4,0x37de,0xb42 W2=0x6d1,0x1d43,0x23e6
  r61_witness[07] r61=16 tail=31 gh60=0x48847a6 W1=0x33ac,0x3cae,0x3638 W2=0x32b9,0x3674,0x38de
  r61_witness[08] r61=16 tail=31 gh60=0xca08cee W1=0x371f,0x6dc,0x4c4 W2=0x362c,0x35a3,0x1411
  r61_witness[09] r61=16 tail=32 gh60=0xc984ba6 W1=0x39ac,0x5dd,0x2cfb W2=0x38b9,0x19a2,0x361
  r61_witness[10] r61=16 tail=34 gh60=0xca084ea W1=0xd1d,0xf68,0xbca W2=0xc2a,0x12ce,0x156f
  r61_witness[11] r61=16 tail=34 gh60=0x54884ae W1=0x323f,0x19c4,0x3d0 W2=0x314c,0x13d4,0x830
  r61_witness[12] r61=16 tail=36 gh60=0xc51c566 W1=0x34cc,0x1cb0,0x3f6a W2=0x33d9,0x21d6,0x26bc
  r61_witness[13] r61=16 tail=37 gh60=0x560ccfa W1=0x81a,0x330a,0x732 W2=0x727,0x1776,0x3a86
  r61_witness[14] r61=17 tail=22 gh60=0x4a5849a W1=0x14e9,0x271b,0x3f05 W2=0x13f6,0x1d72,0x2c9b
  r61_witness[15] r61=17 tail=25 gh60=0x5a0c4fa W1=0x221a,0x27e5,0x2b6e W2=0x2127,0xd52,0x1d0a

D60=0 fiber histogram: 1:8071 2:4770 3:1752 4:1125 5:434 6:217 7:86 8:76 9:23 10:25 11:3 12:11 13:4 14:3 16:4 17:1 18:1 19:1
