free_word_mitm_reducedn
N=14 mask=0x3fff msb=0x2000
candidate: M0=0x3d36 mode=random-fallback fill=0x3fff kernel=dM0=dM9=0x2000
prefixes=32768/268435456 mode=permuted-prefix-sample w59_per_prefix=16384 total=536870912
run_mode=scan registry_cap=16
sample_start=142934016
scan_elapsed=15.365s rate=34.94 Mtriples/s

D60 interface
  D60=0 matches: 32367 (random expectation 32768.0, enrichment 0.988x)
  prefixes with D60=0: 16365
  max D60=0 fiber per prefix: 17 at W57=0x1dc8 W58=0x384e
  largest D60 bucket: D=0x1656 count=33794
  min D60 HW: 0
  D60 HW histogram: 0:32367 1:456450 2:2971294 3:11899754 4:32740781 5:65551946 6:98409365 7:112540856 8:98478381 9:65625126 10:32789863 11:11910280 12:2974614 13:457184 14:32651

Tail closure among D60=0 matches
  final tail collisions: 0
  best r61 HW: 14
  best r61 W1[57..59]=0x2919,0x1678,0x1a3f
  best r61 W2[57..59]=0x2826,0x36af,0x4ac
  best tail HW: 22
  best tail r61 HW: 17
  best W1[57..59]=0x349a,0x1793,0x10da
  best W2[57..59]=0x33a7,0x14a8,0x1f92

SUMMARY N=14 sample_start=142934016 prefixes=32768 total=536870912 d0=32367 best_tail=22 tail_r61=17 best_r61=14 tail_W1=0x349a,0x1793,0x10da tail_W2=0x33a7,0x14a8,0x1f92 r61_W1=0x2919,0x1678,0x1a3f r61_W2=0x2826,0x36af,0x4ac

Scan-only witness registry
  registry_count=16 registry_cap=16
  witness[00] tail=22 r61=17 gh60=0xde0c5fa W1=0x349a,0x1793,0x10da W2=0x33a7,0x14a8,0x1f92
  witness[01] tail=23 r61=17 gh60=0x798bba6 W1=0x11ab,0x1990,0x966 W2=0x10b8,0xcea,0x3467
  witness[02] tail=23 r61=20 gh60=0xcfd5b7a W1=0x2156,0x331e,0x2936 W2=0x2063,0x335e,0x1796
  witness[03] tail=23 r61=23 gh60=0xdd645aa W1=0x32b2,0x3264,0x7cb W2=0x31bf,0xd91,0x2653
  witness[04] tail=23 r61=24 gh60=0x5c94daa W1=0x36ae,0x300d,0x2fc1 W2=0x35bb,0x3f75,0xc79
  witness[05] tail=25 r61=15 gh60=0x479dfba W1=0x1fba,0x134c,0x39 W2=0x1ec7,0x348,0x273e
  witness[06] tail=25 r61=18 gh60=0x49a44aa W1=0x2d32,0x2081,0x1356 W2=0x2c3f,0x24c6,0xfd9
  witness[07] tail=25 r61=20 gh60=0xc4b45be W1=0x1cb8,0x2540,0x3020 W2=0x1bc5,0x3a8b,0x1f2f
  witness[08] tail=25 r61=20 gh60=0xb7d859e W1=0x22a7,0x3787,0x33f W2=0x21b4,0x3bce,0x71b
  witness[09] tail=25 r61=21 gh60=0x5a647aa W1=0xb82,0x2e89,0x27a8 W2=0xa8f,0x2276,0x35d2
  witness[10] tail=25 r61=21 gh60=0x4bafba6 W1=0xdb4,0x918,0x5e7 W2=0xcc1,0x3b73,0x267b
  witness[11] tail=25 r61=22 gh60=0xf6087ea W1=0x2b91,0xf93,0x3d91 W2=0x2a9e,0x1061,0x18ac
  witness[12] tail=25 r61=23 gh60=0x5a384a6 W1=0x1203,0x2c8f,0x20e8 W2=0x1110,0x298a,0x24c2
  witness[13] tail=25 r61=24 gh60=0xc61bdea W1=0x2e8d,0x12e3,0x231d W2=0x2d9a,0x1042,0x1380
  witness[14] tail=25 r61=24 gh60=0xd73c5aa W1=0x3ac2,0x10d0,0xffc W2=0x39cf,0x2d8d,0x2baf
  witness[15] tail=25 r61=24 gh60=0x3f19ca6 W1=0x3e43,0x45e,0x2bc1 W2=0x3d50,0x329c,0x3ae

Scan-only r61 registry
  registry_count=16 registry_cap=16
  r61_witness[00] r61=14 tail=29 gh60=0xc60ccfa W1=0x171a,0x20f4,0x129a W2=0x1627,0x1330,0x1bbe
  r61_witness[01] r61=14 tail=30 gh60=0x4628cfa W1=0x2919,0x1678,0x1a3f W2=0x2826,0x36af,0x4ac
  r61_witness[02] r61=15 tail=25 gh60=0x479dfba W1=0x1fba,0x134c,0x39 W2=0x1ec7,0x348,0x273e
  r61_witness[03] r61=15 tail=29 gh60=0x4a39f9a W1=0x3f89,0x2cef,0x1175 W2=0x3e96,0x2bc3,0x2db5
  r61_witness[04] r61=15 tail=30 gh60=0x36087e6 W1=0x38b,0x1d2b,0x3cd5 W2=0x298,0x674,0x1495
  r61_witness[05] r61=15 tail=30 gh60=0x4908766 W1=0x1bcb,0xd39,0x2fb4 W2=0x1ad8,0xa78,0x410
  r61_witness[06] r61=16 tail=28 gh60=0x7939b66 W1=0x1d3,0x1aed,0x2292 W2=0xe0,0x1a55,0x5a0
  r61_witness[07] r61=16 tail=29 gh60=0x5e0459a W1=0xc8a,0x3732,0x376b W2=0xb97,0x260a,0x2f12
  r61_witness[08] r61=16 tail=30 gh60=0x5e087e6 W1=0x238b,0x174a,0x3c6a W2=0x2298,0x3e93,0x83c
  r61_witness[09] r61=16 tail=30 gh60=0x4a95daa W1=0x3e6e,0x1f4,0x74 W2=0x3d7b,0x50,0x2e92
  r61_witness[10] r61=16 tail=32 gh60=0x4fd877a W1=0x23d9,0xbfc,0x22ac W2=0x22e6,0xae0,0x2808
  r61_witness[11] r61=16 tail=33 gh60=0x4a084e6 W1=0x130b,0x3538,0x90e W2=0x1218,0x270d,0x3fe4
  r61_witness[12] r61=16 tail=34 gh60=0x4a08fee W1=0x178f,0x43e,0x2ad4 W2=0x169c,0xc11,0x705
  r61_witness[13] r61=16 tail=35 gh60=0x4908766 W1=0x1bcb,0xd39,0x2009 W2=0x1ad8,0xa78,0x3465
  r61_witness[14] r61=16 tail=35 gh60=0x450856a W1=0x3c61,0x3e2a,0x25cc W2=0x3b6e,0x430,0x2495
  r61_witness[15] r61=16 tail=36 gh60=0x45885a6 W1=0x247b,0xc85,0x3909 W2=0x2388,0x43a,0x1886

D60=0 fiber histogram: 1:8006 2:4639 3:1760 4:1077 5:423 6:211 7:85 8:82 9:28 10:27 11:6 12:11 13:5 14:1 15:1 16:2 17:1
