free_word_mitm_reducedn
N=14 mask=0x3fff msb=0x2000
candidate: M0=0x3d36 mode=random-fallback fill=0x3fff kernel=dM0=dM9=0x2000
prefixes=32768/268435456 mode=permuted-prefix-sample w59_per_prefix=16384 total=536870912
run_mode=scan registry_cap=16
sample_start=67436544
scan_elapsed=15.441s rate=34.77 Mtriples/s

D60 interface
  D60=0 matches: 32725 (random expectation 32768.0, enrichment 0.999x)
  prefixes with D60=0: 16652
  max D60=0 fiber per prefix: 16 at W57=0x2db5 W58=0x3eec
  largest D60 bucket: D=0x2c92 count=33814
  min D60 HW: 0
  D60 HW histogram: 0:32725 1:454342 2:2967212 3:11892787 4:32780061 5:65583181 6:98417383 7:112521938 8:98444979 9:65623210 10:32787836 11:11906688 12:2970806 13:455369 14:32395

Tail closure among D60=0 matches
  final tail collisions: 0
  best r61 HW: 13
  best r61 W1[57..59]=0x66d,0x23b8,0x3d4f
  best r61 W2[57..59]=0x57a,0x349b,0x30c4
  best tail HW: 22
  best tail r61 HW: 21
  best W1[57..59]=0x254e,0x3775,0x260c
  best W2[57..59]=0x245b,0x3975,0x2fc8

SUMMARY N=14 sample_start=67436544 prefixes=32768 total=536870912 d0=32725 best_tail=22 tail_r61=21 best_r61=13 tail_W1=0x254e,0x3775,0x260c tail_W2=0x245b,0x3975,0x2fc8 r61_W1=0x66d,0x23b8,0x3d4f r61_W2=0x57a,0x349b,0x30c4

Scan-only witness registry
  registry_count=16 registry_cap=16
  witness[00] tail=22 r61=21 gh60=0xc90cb6a W1=0x254e,0x3775,0x260c W2=0x245b,0x3975,0x2fc8
  witness[01] tail=23 r61=18 gh60=0xc998baa W1=0x9c1,0x1dd,0x2eb8 W2=0x8ce,0x3de4,0x3734
  witness[02] tail=24 r61=17 gh60=0x4e684a6 W1=0x1d03,0xe7f,0xa97 W2=0x1c10,0x3b7c,0x1b1c
  witness[03] tail=24 r61=18 gh60=0x4b07b7a W1=0x2d5a,0x12a4,0x1778 W2=0x2c67,0x33d8,0x27bb
  witness[04] tail=24 r61=20 gh60=0xc668cfa W1=0x1719,0x313f,0xa79 W2=0x1626,0x2776,0x3429
  witness[05] tail=24 r61=20 gh60=0xcb6456a W1=0x2ad2,0x8aa,0x25d2 W2=0x29df,0xf45,0xda2
  witness[06] tail=24 r61=22 gh60=0x551c566 W1=0x24c,0xf4a,0x12e1 W2=0x159,0x257c,0x37af
  witness[07] tail=24 r61=22 gh60=0x4e945aa W1=0x227e,0x1f9a,0x3d53 W2=0x218b,0x1d23,0x27d3
  witness[08] tail=24 r61=24 gh60=0xd658d9e W1=0x1867,0x2820,0x1393 W2=0x1774,0x3b76,0x18ab
  witness[09] tail=24 r61=27 gh60=0x4afdb6a W1=0x3d5e,0x34e6,0xc7c W2=0x3c6b,0x2fda,0x15a2
  witness[10] tail=24 r61=29 gh60=0xd65c4fa W1=0x2316,0x3615,0x3324 W2=0x2223,0x1f9e,0x224a
  witness[11] tail=25 r61=16 gh60=0x4b884aa W1=0x2d3d,0x259,0x23b9 W2=0x2c4a,0x745,0xb89
  witness[12] tail=25 r61=19 gh60=0x4bb85ae W1=0xc6f,0x1851,0x28a3 W2=0xb7c,0x3f19,0x644
  witness[13] tail=25 r61=19 gh60=0xc4e44a6 W1=0x2c34,0x7e6,0x17f1 W2=0x2b41,0x2454,0x7e6
  witness[14] tail=25 r61=20 gh60=0x4a08cea W1=0x3621,0x377f,0x24e3 W2=0x352e,0x1276,0x38f5
  witness[15] tail=25 r61=24 gh60=0xcf0fb9a W1=0x2dca,0x4d2,0x233f W2=0x2cd7,0x1f5f,0x21d

Scan-only r61 registry
  registry_count=16 registry_cap=16
  r61_witness[00] r61=13 tail=36 gh60=0xca88daa W1=0x66d,0x23b8,0x3d4f W2=0x57a,0x349b,0x30c4
  r61_witness[01] r61=14 tail=32 gh60=0xdc87da6 W1=0x2eac,0x4ec,0x1035 W2=0x2db9,0xdaf,0x2bb
  r61_witness[02] r61=14 tail=32 gh60=0x48884aa W1=0x3d31,0x17a7,0x1f03 W2=0x3c3e,0x2ee7,0x3919
  r61_witness[03] r61=14 tail=33 gh60=0x4a084ea W1=0x1b21,0x84b,0x54a W2=0x1a2e,0x2371,0x2000
  r61_witness[04] r61=14 tail=34 gh60=0x4a09cee W1=0x10f,0x1efd,0x22ff W2=0x1c,0x3954,0x1bd8
  r61_witness[05] r61=15 tail=27 gh60=0xc72fd7e W1=0xed8,0x3257,0x34d4 W2=0xde5,0x28a7,0x2c89
  r61_witness[06] r61=15 tail=28 gh60=0xca84ba6 W1=0x97c,0xd45,0x39e2 W2=0x889,0x118a,0x32e6
  r61_witness[07] r61=15 tail=31 gh60=0xda0449a W1=0x240a,0x2e8d,0x3b08 W2=0x2317,0x14cb,0x17d1
  r61_witness[08] r61=15 tail=32 gh60=0xca1bce6 W1=0x2f1b,0x550,0x290d W2=0x2e28,0xe50,0x3251
  r61_witness[09] r61=15 tail=33 gh60=0x49884a6 W1=0x1aeb,0x2af2,0x3f4f W2=0x19f8,0x1acd,0x3a52
  r61_witness[10] r61=15 tail=35 gh60=0x4a5849a W1=0x2509,0x3ef2,0x2034 W2=0x2416,0x257b,0x2d22
  r61_witness[11] r61=16 tail=25 gh60=0x4b884aa W1=0x2d3d,0x259,0x23b9 W2=0x2c4a,0x745,0xb89
  r61_witness[12] r61=16 tail=27 gh60=0xc8787a6 W1=0xbbb,0x1f6a,0x21d W2=0xac8,0xaad,0xc44
  r61_witness[13] r61=16 tail=27 gh60=0x4b07d66 W1=0x2edc,0x3789,0x3c1d W2=0x2de9,0x46,0x13ea
  r61_witness[14] r61=16 tail=28 gh60=0x5a247aa W1=0x382,0x26fc,0x1981 W2=0x28f,0x18e9,0x3765
  r61_witness[15] r61=16 tail=29 gh60=0xba0c5ea W1=0x2a9e,0xee5,0xda5 W2=0x29ab,0xef8,0x85c

D60=0 fiber histogram: 1:8113 2:4750 3:1827 4:1136 5:383 6:220 7:93 8:63 9:26 10:21 11:7 12:5 13:2 14:2 15:2 16:2
