free_word_mitm_reducedn
N=14 mask=0x3fff msb=0x2000
candidate: M0=0x3d36 mode=random-fallback fill=0x3fff kernel=dM0=dM9=0x2000
prefixes=32768/268435456 mode=permuted-prefix-sample w59_per_prefix=16384 total=536870912
run_mode=scan registry_cap=16
sample_start=235339776
scan_elapsed=18.845s rate=28.49 Mtriples/s

D60 interface
  D60=0 matches: 32772 (random expectation 32768.0, enrichment 1.000x)
  prefixes with D60=0: 16602
  max D60=0 fiber per prefix: 17 at W57=0x3de9 W58=0x3888
  largest D60 bucket: D=0x2991 count=33910
  min D60 HW: 0
  D60 HW histogram: 0:32772 1:457341 2:2976592 3:11915041 4:32810329 5:65669600 6:98492914 7:112523909 8:98382870 9:65516099 10:32736742 11:11893155 12:2972183 13:458659 14:32706

Tail closure among D60=0 matches
  final tail collisions: 0
  best r61 HW: 15
  best r61 W1[57..59]=0x2007,0xf1,0x1130
  best r61 W2[57..59]=0x1f14,0xe1d,0x3e9a
  best tail HW: 23
  best tail r61 HW: 17
  best W1[57..59]=0x384a,0x272,0x11ba
  best W2[57..59]=0x3757,0x35b9,0x3be7

SUMMARY N=14 sample_start=235339776 prefixes=32768 total=536870912 d0=32772 best_tail=23 tail_r61=17 best_r61=15 tail_W1=0x384a,0x272,0x11ba tail_W2=0x3757,0x35b9,0x3be7 r61_W1=0x2007,0xf1,0x1130 r61_W2=0x1f14,0xe1d,0x3e9a

Scan-only witness registry
  registry_count=16 registry_cap=16
  witness[00] tail=23 r61=17 gh60=0x4b04c9a W1=0x384a,0x272,0x11ba W2=0x3757,0x35b9,0x3be7
  witness[01] tail=23 r61=25 gh60=0x4a9bfa6 W1=0xf7b,0xd52,0x301a W2=0xe88,0x1e8c,0x144e
  witness[02] tail=24 r61=15 gh60=0x4a29c9e W1=0x2007,0xf1,0x1130 W2=0x1f14,0xe1d,0x3e9a
  witness[03] tail=24 r61=21 gh60=0xdc9ddea W1=0x20a2,0x2cca,0x3611 W2=0x1faf,0x36be,0x31e6
  witness[04] tail=24 r61=23 gh60=0x36687ba W1=0x375,0x1038,0x3894 W2=0x282,0x17e,0x1ee0
  witness[05] tail=25 r61=15 gh60=0xcbb9cba W1=0x1ff5,0xc7e,0x23e0 W2=0x1f02,0x3139,0x2444
  witness[06] tail=25 r61=18 gh60=0xb68c4a6 W1=0x11fc,0x687,0x35fd W2=0x1109,0x3355,0x1a09
  witness[07] tail=25 r61=18 gh60=0x49f8d9e W1=0x1687,0x2e28,0x15d8 W2=0x1594,0x5c6,0x2583
  witness[08] tail=25 r61=26 gh60=0xdf984ba W1=0x3af5,0x388,0xb4f W2=0x3a02,0x3c82,0x382b
  witness[09] tail=25 r61=28 gh60=0x7964faa W1=0x7b2,0xafd,0x2d4c W2=0x6bf,0x3909,0x339
  witness[10] tail=25 r61=28 gh60=0x7958bba W1=0x29b9,0x2215,0x2066 W2=0x28c6,0x1d2c,0x32f5
  witness[11] tail=26 r61=18 gh60=0x5a88ca6 W1=0x38fb,0x2210,0x1237 W2=0x3808,0x2c9c,0x4bc
  witness[12] tail=26 r61=19 gh60=0x4a04be6 W1=0x298c,0x4d6,0x1a9e W2=0x2899,0xb21,0x565
  witness[13] tail=26 r61=19 gh60=0xc58bcae W1=0x2e2f,0x3fe5,0x1312 W2=0x2d3c,0x1ccc,0x1b49
  witness[14] tail=26 r61=20 gh60=0xdb99fba W1=0x3f75,0x77b,0x1d27 W2=0x3e82,0x37fe,0x24a3
  witness[15] tail=26 r61=21 gh60=0x4a08cea W1=0x70d,0x3516,0x1f89 W2=0x61a,0x3809,0x2a0e

Scan-only r61 registry
  registry_count=16 registry_cap=16
  r61_witness[00] r61=15 tail=24 gh60=0x4a29c9e W1=0x2007,0xf1,0x1130 W2=0x1f14,0xe1d,0x3e9a
  r61_witness[01] r61=15 tail=25 gh60=0xcbb9cba W1=0x1ff5,0xc7e,0x23e0 W2=0x1f02,0x3139,0x2444
  r61_witness[02] r61=15 tail=31 gh60=0xcd0c566 W1=0x1cdc,0x38e3,0xeec W2=0x1be9,0x507,0x2158
  r61_witness[03] r61=15 tail=32 gh60=0x5a1859a W1=0x2c85,0x32c8,0x2293 W2=0x2b92,0x21bf,0x13a
  r61_witness[04] r61=15 tail=35 gh60=0x5a947ae W1=0x3370,0x16,0x10b5 W2=0x327d,0x9ef,0x383b
  r61_witness[05] r61=15 tail=38 gh60=0x4e185e6 W1=0x3c8b,0x3c89,0x20a5 W2=0x3b98,0x448,0x3b35
  r61_witness[06] r61=16 tail=27 gh60=0xcb89daa W1=0x3ead,0x24e,0x3bad W2=0x3dba,0x1021,0x8df
  r61_witness[07] r61=16 tail=29 gh60=0x5e084ee W1=0x20f,0x9d4,0x14e5 W2=0x11c,0x347a,0x3c5
  r61_witness[08] r61=16 tail=31 gh60=0x4a1879a W1=0x1385,0x407,0x3c4b W2=0x1292,0x6a0,0x1f62
  r61_witness[09] r61=16 tail=31 gh60=0xca08bea W1=0x19a1,0x27cc,0x2cdf W2=0x18ae,0x364b,0x1c36
  r61_witness[10] r61=16 tail=32 gh60=0xda08be6 W1=0x98b,0x1502,0x284f W2=0x898,0x174c,0x2886
  r61_witness[11] r61=16 tail=32 gh60=0x4629dfa W1=0x3e99,0x2a47,0x3b97 W2=0x3da6,0xb26,0x33fe
  r61_witness[12] r61=16 tail=37 gh60=0x3d05d66 W1=0x3e4c,0x2f35,0x6e9 W2=0x3d59,0xae6,0x3261
  r61_witness[13] r61=17 tail=23 gh60=0x4b04c9a W1=0x384a,0x272,0x11ba W2=0x3757,0x35b9,0x3be7
  r61_witness[14] r61=17 tail=28 gh60=0x497cbaa W1=0x35b2,0x23ae,0xd21 W2=0x34bf,0x23fa,0x2e44
  r61_witness[15] r61=17 tail=30 gh60=0x590876a W1=0x361,0x3c1c,0xee8 W2=0x26e,0x3d6e,0xca0

D60=0 fiber histogram: 1:8041 2:4757 3:1785 4:1172 5:411 6:238 7:69 8:58 9:31 10:16 11:7 12:8 13:3 14:2 16:3 17:1
