free_word_mitm_reducedn
N=14 mask=0x3fff msb=0x2000
candidate: M0=0x3d36 mode=random-fallback fill=0x3fff kernel=dM0=dM9=0x2000
prefixes=32768/268435456 mode=permuted-prefix-sample w59_per_prefix=16384 total=536870912
run_mode=scan registry_cap=16
sample_start=42401792
scan_elapsed=18.667s rate=28.76 Mtriples/s

D60 interface
  D60=0 matches: 32357 (random expectation 32768.0, enrichment 0.987x)
  prefixes with D60=0: 16421
  max D60=0 fiber per prefix: 32 at W57=0x2943 W58=0x316
  largest D60 bucket: D=0x2c42 count=33815
  min D60 HW: 0
  D60 HW histogram: 0:32357 1:456584 2:2974820 3:11917568 4:32822497 5:65688949 6:98474918 7:112500951 8:98363516 9:65516960 10:32738269 11:11913982 12:2977693 13:459541 14:32307

Tail closure among D60=0 matches
  final tail collisions: 0
  best r61 HW: 14
  best r61 W1[57..59]=0x3d2c,0x548,0x5da
  best r61 W2[57..59]=0x3c39,0x4a4,0x2d7b
  best tail HW: 22
  best tail r61 HW: 20
  best W1[57..59]=0x1a6a,0x2099,0xd2f
  best W2[57..59]=0x1977,0x1cb3,0x3dc8

SUMMARY N=14 sample_start=42401792 prefixes=32768 total=536870912 d0=32357 best_tail=22 tail_r61=20 best_r61=14 tail_W1=0x1a6a,0x2099,0xd2f tail_W2=0x1977,0x1cb3,0x3dc8 r61_W1=0x3d2c,0x548,0x5da r61_W2=0x3c39,0x4a4,0x2d7b

Scan-only witness registry
  registry_count=16 registry_cap=16
  witness[00] tail=22 r61=20 gh60=0xf58459a W1=0x1a6a,0x2099,0xd2f W2=0x1977,0x1cb3,0x3dc8
  witness[01] tail=24 r61=19 gh60=0x3938766 W1=0x3bdb,0x4ca,0x36e9 W2=0x3ae8,0x36f5,0x3a5a
  witness[02] tail=24 r61=21 gh60=0x598c4ba W1=0x34fa,0x218a,0x39d0 W2=0x3407,0x16bd,0x1bb
  witness[03] tail=24 r61=22 gh60=0x4e745ae W1=0x2470,0x156a,0xcd4 W2=0x237d,0x3ca3,0x1c9a
  witness[04] tail=24 r61=27 gh60=0x46e857a W1=0x14d9,0xff8,0x119f W2=0x13e6,0x36ac,0x2f20
  witness[05] tail=25 r61=20 gh60=0xde9ccaa W1=0x17ee,0x2056,0x3236 W2=0x16fb,0x3216,0x31a5
  witness[06] tail=25 r61=21 gh60=0x38d84be W1=0x2537,0x30a3,0x3e7a W2=0x2444,0x2f41,0x11c5
  witness[07] tail=25 r61=22 gh60=0x3a6bca6 W1=0xdf3,0x3f87,0x36fa W2=0xd00,0x232d,0xfed
  witness[08] tail=25 r61=24 gh60=0xce29c9a W1=0x3f09,0x1675,0x2f29 W2=0x3e16,0x3b89,0x94f
  witness[09] tail=25 r61=26 gh60=0x3b0bb66 W1=0xd4b,0x1442,0x1a2b W2=0xc58,0xa9e,0x4be
  witness[10] tail=26 r61=16 gh60=0x468459a W1=0x46a,0x347a,0x38b7 W2=0x377,0x229a,0x1ecd
  witness[11] tail=26 r61=17 gh60=0x470cb6e W1=0x3960,0x3651,0x311f W2=0x386d,0x69,0x310d
  witness[12] tail=26 r61=18 gh60=0xca8c7a6 W1=0x136c,0x30f9,0x1b2a W2=0x1279,0x2d4f,0xccb
  witness[13] tail=26 r61=18 gh60=0xbe8bba6 W1=0x317b,0x1190,0x1680 W2=0x3088,0x642,0xa25
  witness[14] tail=26 r61=19 gh60=0xcb34f6a W1=0x27de,0x2e7c,0x26e5 W2=0x26eb,0x2590,0x95b
  witness[15] tail=26 r61=20 gh60=0xf8fbb66 W1=0xddb,0x282e,0x2776 W2=0xce8,0x1f7a,0x1f5f

Scan-only r61 registry
  registry_count=16 registry_cap=16
  r61_witness[00] r61=14 tail=33 gh60=0x488c4a6 W1=0x3d2c,0x548,0x5da W2=0x3c39,0x4a4,0x2d7b
  r61_witness[01] r61=15 tail=27 gh60=0x490876a W1=0x135d,0x11e4,0x3d68 W2=0x126a,0x142e,0x35b6
  r61_witness[02] r61=15 tail=27 gh60=0x455459e W1=0x2cc8,0x5a2,0x2bab W2=0x2bd5,0xc42,0x2430
  r61_witness[03] r61=15 tail=35 gh60=0x5608be6 W1=0x58b,0xa31,0x1a63 W2=0x498,0x107b,0x3bb5
  r61_witness[04] r61=16 tail=26 gh60=0x468459a W1=0x46a,0x347a,0x38b7 W2=0x377,0x229a,0x1ecd
  r61_witness[05] r61=16 tail=28 gh60=0xc6045fa W1=0x49a,0x232c,0x301e W2=0x3a7,0x1441,0x12bb
  r61_witness[06] r61=16 tail=28 gh60=0x4a07f9a W1=0x2f8a,0x2c47,0xe25 W2=0x2e97,0x924,0x242e
  r61_witness[07] r61=16 tail=29 gh60=0x4a2bb9a W1=0x1185,0x39a9,0x306c W2=0x1092,0x18bd,0x2b8c
  r61_witness[08] r61=16 tail=29 gh60=0x490bf6a W1=0x2fe1,0x1167,0x2e0b W2=0x2eee,0x76,0x346c
  r61_witness[09] r61=16 tail=29 gh60=0x4e05ffa W1=0x3f9a,0x1840,0x2d35 W2=0x3ea7,0x6c4,0x16e6
  r61_witness[10] r61=16 tail=30 gh60=0x4a14bee W1=0x590,0x3f38,0x16e6 W2=0x49d,0x39c8,0x2487
  r61_witness[11] r61=16 tail=30 gh60=0xbd09d6e W1=0x20df,0x10fd,0x1230 W2=0x1fec,0x36a0,0x18c0
  r61_witness[12] r61=16 tail=30 gh60=0x4618fe6 W1=0x279b,0x198d,0x5ad W2=0x26a8,0x3d4b,0x3639
  r61_witness[13] r61=16 tail=30 gh60=0xca28b9a W1=0x2989,0x2978,0x253c W2=0x2896,0x2552,0x38ba
  r61_witness[14] r61=16 tail=30 gh60=0x5a185fa W1=0x3a95,0x184e,0x32ac W2=0x39a2,0x156a,0x21ce
  r61_witness[15] r61=16 tail=32 gh60=0x4c8bda6 W1=0x10bb,0x912,0x1b57 W2=0xfc8,0x2a38,0x1db3

D60=0 fiber histogram: 1:7997 2:4697 3:1816 4:1054 5:412 6:220 7:86 8:67 9:30 10:16 11:10 12:3 13:3 14:4 15:2 16:1 17:1 18:1 32:1
