free_word_mitm_reducedn
N=14 mask=0x3fff msb=0x2000
candidate: M0=0x3d36 mode=random-fallback fill=0x3fff kernel=dM0=dM9=0x2000
prefixes=32768/268435456 mode=permuted-prefix-sample w59_per_prefix=16384 total=536870912
run_mode=scan registry_cap=16
sample_start=52363264
scan_elapsed=19.033s rate=28.21 Mtriples/s

D60 interface
  D60=0 matches: 32640 (random expectation 32768.0, enrichment 0.996x)
  prefixes with D60=0: 16583
  max D60=0 fiber per prefix: 18 at W57=0x2168 W58=0x3e2e
  largest D60 bucket: D=0xef9 count=33772
  min D60 HW: 0
  D60 HW histogram: 0:32640 1:457597 2:2977271 3:11910801 4:32795177 5:65616396 6:98452603 7:112512358 8:98393749 9:65575888 10:32766255 11:11912955 12:2976192 13:458261 14:32769

Tail closure among D60=0 matches
  final tail collisions: 0
  best r61 HW: 15
  best r61 W1[57..59]=0xc92,0x200a,0x39e
  best r61 W2[57..59]=0xb9f,0x2ead,0x3eaa
  best tail HW: 20
  best tail r61 HW: 21
  best W1[57..59]=0x16e3,0x342f,0x5f5
  best W2[57..59]=0x15f0,0x3ba1,0x391d

SUMMARY N=14 sample_start=52363264 prefixes=32768 total=536870912 d0=32640 best_tail=20 tail_r61=21 best_r61=15 tail_W1=0x16e3,0x342f,0x5f5 tail_W2=0x15f0,0x3ba1,0x391d r61_W1=0xc92,0x200a,0x39e r61_W2=0xb9f,0x2ead,0x3eaa

Scan-only witness registry
  registry_count=16 registry_cap=16
  witness[00] tail=20 r61=21 gh60=0xc698d66 W1=0x16e3,0x342f,0x5f5 W2=0x15f0,0x3ba1,0x391d
  witness[01] tail=21 r61=21 gh60=0xc73856a W1=0x14e1,0xc3d,0x1e9d W2=0x13ee,0x12e3,0x39f9
  witness[02] tail=21 r61=24 gh60=0xbaf8566 W1=0x22d3,0x3999,0xcc7 W2=0x21e0,0x31fc,0x38ba
  witness[03] tail=22 r61=15 gh60=0x46245ea W1=0xc92,0x200a,0x39e W2=0xb9f,0x2ead,0x3eaa
  witness[04] tail=23 r61=16 gh60=0x49ac4aa W1=0xd32,0xea,0x1623 W2=0xc3f,0x72f,0x392d
  witness[05] tail=23 r61=17 gh60=0xc66bd9a W1=0x2e85,0x26f1,0xb14 W2=0x2d92,0x225,0x334
  witness[06] tail=23 r61=19 gh60=0x596bb9a W1=0x31c9,0x304c,0x24d7 W2=0x30d6,0x1ab4,0xdb8
  witness[07] tail=23 r61=22 gh60=0xce34cfe W1=0x1618,0x15b9,0x1439 W2=0x1525,0x2411,0x3c05
  witness[08] tail=23 r61=22 gh60=0xdd8c5a6 W1=0x2a7c,0x2206,0x35eb W2=0x2989,0x35aa,0x1e74
  witness[09] tail=24 r61=19 gh60=0xc9f47ba W1=0xb76,0x3f5a,0xd36 W2=0xa83,0x2b5,0x3c8b
  witness[10] tail=24 r61=19 gh60=0x4adfd7e W1=0x2ed8,0x4e9,0x39f9 W2=0x2de5,0x3d39,0x8f2
  witness[11] tail=24 r61=22 gh60=0xce59dfe W1=0x2097,0x3cd2,0x17c2 W2=0x1fa4,0x3f91,0x20c3
  witness[12] tail=24 r61=22 gh60=0xb91ff7a W1=0x2fda,0x2e97,0x11f1 W2=0x2ee7,0xcab,0x37a
  witness[13] tail=24 r61=25 gh60=0xcb99dae W1=0x206f,0x10af,0x2d61 W2=0x1f7c,0x34fa,0x2998
  witness[14] tail=24 r61=27 gh60=0x3e7c4aa W1=0x2502,0x3adf,0x3402 W2=0x240f,0x334,0x37d0
  witness[15] tail=24 r61=28 gh60=0xcae879e W1=0x2387,0x3280,0x6b1 W2=0x2294,0x2d19,0x5b

Scan-only r61 registry
  registry_count=16 registry_cap=16
  r61_witness[00] r61=15 tail=22 gh60=0x46245ea W1=0xc92,0x200a,0x39e W2=0xb9f,0x2ead,0x3eaa
  r61_witness[01] r61=15 tail=26 gh60=0x4a1bcea W1=0x1121,0x312,0x1442 W2=0x102e,0x303d,0x96
  r61_witness[02] r61=15 tail=35 gh60=0xca184a6 W1=0xc03,0x3de8,0x18cc W2=0xb10,0xde5,0x2591
  r61_witness[03] r61=16 tail=23 gh60=0x49ac4aa W1=0xd32,0xea,0x1623 W2=0xc3f,0x72f,0x392d
  r61_witness[04] r61=16 tail=25 gh60=0x4af8d9a W1=0x3665,0x16ab,0x10f8 W2=0x3572,0x1625,0x2621
  r61_witness[05] r61=16 tail=32 gh60=0x4608dea W1=0x269d,0x28e7,0x3c8f W2=0x25aa,0x36b6,0x1553
  r61_witness[06] r61=17 tail=23 gh60=0xc66bd9a W1=0x2e85,0x26f1,0xb14 W2=0x2d92,0x225,0x334
  r61_witness[07] r61=17 tail=28 gh60=0x559bda6 W1=0x307b,0x3d56,0x2d8d W2=0x2f88,0x2108,0xd41
  r61_witness[08] r61=17 tail=29 gh60=0xc894caa W1=0x173e,0x2077,0x2cf5 W2=0x164b,0x34e7,0x3b6b
  r61_witness[09] r61=17 tail=30 gh60=0x44845a6 W1=0x24bc,0x1868,0x3c6a W2=0x23c9,0xf9e,0x450
  r61_witness[10] r61=17 tail=30 gh60=0x470856a W1=0x3451,0x3e31,0x81a W2=0x335e,0x7c3,0x32cf
  r61_witness[11] r61=17 tail=30 gh60=0x4d0856e W1=0x3ccf,0x274c,0x1e75 W2=0x3bdc,0x1676,0x5ac
  r61_witness[12] r61=17 tail=31 gh60=0x4a09ce6 W1=0x1b,0x3ef8,0x38a3 W2=0x3f28,0x298c,0x15fd
  r61_witness[13] r61=17 tail=31 gh60=0xc918f6a W1=0x1751,0x3ede,0xd78 W2=0x165e,0xdf9,0x135f
  r61_witness[14] r61=17 tail=32 gh60=0x48887a6 W1=0xbbb,0x37dd,0x22b W2=0xac8,0x2320,0x7bb
  r61_witness[15] r61=17 tail=32 gh60=0x490bb6a W1=0xd4d,0x29b6,0x211d W2=0xc5a,0x7b1,0x2feb

D60=0 fiber histogram: 1:8109 2:4699 3:1799 4:1095 5:453 6:220 7:65 8:77 9:19 10:23 11:12 12:4 13:1 14:3 15:2 16:1 18:1
