free_word_mitm_reducedn
N=14 mask=0x3fff msb=0x2000
candidate: M0=0x3d36 mode=random-fallback fill=0x3fff kernel=dM0=dM9=0x2000
prefixes=32768/268435456 mode=permuted-prefix-sample w59_per_prefix=16384 total=536870912
run_mode=scan registry_cap=16
sample_start=253689856
scan_elapsed=18.483s rate=29.05 Mtriples/s

D60 interface
  D60=0 matches: 32328 (random expectation 32768.0, enrichment 0.987x)
  prefixes with D60=0: 16430
  max D60=0 fiber per prefix: 17 at W57=0x3063 W58=0x15fd
  largest D60 bucket: D=0x25fe count=33778
  min D60 HW: 0
  D60 HW histogram: 0:32328 1:454864 2:2967136 3:11892233 4:32738350 5:65565415 6:98393396 7:112537348 8:98466764 9:65637642 10:32806231 11:11915697 12:2975474 13:455789 14:32245

Tail closure among D60=0 matches
  final tail collisions: 0
  best r61 HW: 15
  best r61 W1[57..59]=0x3c29,0x1771,0x2333
  best r61 W2[57..59]=0x3b36,0xd7a,0xbd0
  best tail HW: 20
  best tail r61 HW: 18
  best W1[57..59]=0x311c,0x3eb,0x1d6f
  best W2[57..59]=0x3029,0x1b7c,0xcba

SUMMARY N=14 sample_start=253689856 prefixes=32768 total=536870912 d0=32328 best_tail=20 tail_r61=18 best_r61=15 tail_W1=0x311c,0x3eb,0x1d6f tail_W2=0x3029,0x1b7c,0xcba r61_W1=0x3c29,0x1771,0x2333 r61_W2=0x3b36,0xd7a,0xbd0

Scan-only witness registry
  registry_count=16 registry_cap=16
  witness[00] tail=20 r61=18 gh60=0xca07ce6 W1=0x311c,0x3eb,0x1d6f W2=0x3029,0x1b7c,0xcba
  witness[01] tail=22 r61=20 gh60=0xdd2857a W1=0x1259,0x2e58,0x3143 W2=0x1166,0x1b84,0x459
  witness[02] tail=22 r61=24 gh60=0xfcbc4ba W1=0x3c36,0xf07,0x34f0 W2=0x3b43,0x64a,0x3db
  witness[03] tail=24 r61=18 gh60=0x4a64766 W1=0x2be4,0x3fe9,0x1a7f W2=0x2af1,0x2cc7,0x2c61
  witness[04] tail=24 r61=19 gh60=0x4e684be W1=0x2cf7,0x246a,0xe9 W2=0x2c04,0x220c,0x3de5
  witness[05] tail=24 r61=22 gh60=0x7b88caa W1=0x25f1,0x323b,0x3403 W2=0x24fe,0x3b3a,0x1dac
  witness[06] tail=25 r61=16 gh60=0x4898fae W1=0x17bf,0x163,0x126b W2=0x16cc,0x7aa,0x13db
  witness[07] tail=25 r61=19 gh60=0xd47cda6 W1=0x38ac,0x1f4a,0x4ad W2=0x37b9,0x208f,0x16d4
  witness[08] tail=25 r61=22 gh60=0x49e4de6 W1=0x2894,0x2501,0x2e34 W2=0x27a1,0x3a4c,0xa0d
  witness[09] tail=25 r61=22 gh60=0xb718d6a W1=0x28d1,0x131f,0x27f9 W2=0x27de,0xb96,0x1520
  witness[10] tail=25 r61=25 gh60=0x4e944aa W1=0x12fe,0x82a,0x33d2 W2=0x120b,0x209b,0x1f4e
  witness[11] tail=25 r61=25 gh60=0xb49859a W1=0x32a5,0x3d80,0x952 W2=0x31b2,0x39a7,0x134b
  witness[12] tail=25 r61=30 gh60=0xfb88faa W1=0x1781,0x217b,0x727 W2=0x168e,0x2ff2,0x13cc
  witness[13] tail=26 r61=17 gh60=0xba884a6 W1=0x19eb,0x3136,0x1e19 W2=0x18f8,0xd11,0x1731
  witness[14] tail=26 r61=18 gh60=0xfb04566 W1=0xc4c,0x29a8,0x312d W2=0xb59,0x1ffc,0x1f21
  witness[15] tail=26 r61=21 gh60=0x4c89caa W1=0x3d,0x2c74,0x5f8 W2=0x3f4a,0x2c23,0x6e0

Scan-only r61 registry
  registry_count=16 registry_cap=16
  r61_witness[00] r61=15 tail=28 gh60=0x44e849a W1=0x3c29,0x1771,0x2333 W2=0x3b36,0xd7a,0xbd0
  r61_witness[01] r61=15 tail=30 gh60=0xc50856a W1=0x1c5d,0x76b,0x92 W2=0x1b6a,0x2765,0x1c
  r61_witness[02] r61=15 tail=31 gh60=0x48b9baa W1=0x21b1,0x29ee,0x1405 W2=0x20be,0x2305,0x3eee
  r61_witness[03] r61=15 tail=34 gh60=0x448bdae W1=0x2eaf,0x1ed2,0x15a6 W2=0x2dbc,0x3b89,0x3204
  r61_witness[04] r61=15 tail=35 gh60=0xca0449a W1=0x140a,0x17fb,0x70a W2=0x1317,0xe3d,0x27bf
  r61_witness[05] r61=15 tail=38 gh60=0x490bb6e W1=0x2d5f,0xc33,0x2d25 W2=0x2c6c,0x3542,0x3b78
  r61_witness[06] r61=16 tail=25 gh60=0x4898fae W1=0x17bf,0x163,0x126b W2=0x16cc,0x7aa,0x13db
  r61_witness[07] r61=16 tail=28 gh60=0x5e09dee W1=0x208f,0x226d,0x1535 W2=0x1f9c,0x4ac,0x66e
  r61_witness[08] r61=16 tail=28 gh60=0x48ebba6 W1=0x31b3,0x289c,0x13f9 W2=0x30c0,0x21fe,0xbd1
  r61_witness[09] r61=16 tail=28 gh60=0x4a79b9e W1=0x3d67,0x31b2,0x2472 W2=0x3c74,0x2d4e,0x197a
  r61_witness[10] r61=16 tail=30 gh60=0x4895bae W1=0x21c0,0x518,0x36b2 W2=0x20cd,0x3b14,0x26e2
  r61_witness[11] r61=16 tail=31 gh60=0x4a344ee W1=0x520,0x2aff,0x2174 W2=0x42d,0x1d1a,0x215a
  r61_witness[12] r61=16 tail=31 gh60=0x4728d7a W1=0x1659,0x3714,0x3525 W2=0x1566,0x28ff,0x1d12
  r61_witness[13] r61=16 tail=33 gh60=0x4a84da6 W1=0x166c,0x1d51,0xdf1 W2=0x1579,0x586,0x3111
  r61_witness[14] r61=16 tail=33 gh60=0x45884aa W1=0x242d,0x2a31,0x2627 W2=0x233a,0x30ed,0x982
  r61_witness[15] r61=16 tail=34 gh60=0x56084ee W1=0x121f,0x1598,0xc5 W2=0x112c,0x122e,0x1d5

D60=0 fiber histogram: 1:8030 2:4723 3:1756 4:1073 5:381 6:229 7:100 8:64 9:25 10:19 11:8 12:10 13:2 14:5 16:3 17:2
