free_word_mitm_reducedn
N=14 mask=0x3fff msb=0x2000
candidate: M0=0x3d36 mode=random-fallback fill=0x3fff kernel=dM0=dM9=0x2000
prefixes=32768/268435456 mode=permuted-prefix-sample w59_per_prefix=16384 total=536870912
run_mode=scan registry_cap=16
sample_start=27197440
scan_elapsed=18.899s rate=28.41 Mtriples/s

D60 interface
  D60=0 matches: 32525 (random expectation 32768.0, enrichment 0.993x)
  prefixes with D60=0: 16474
  max D60=0 fiber per prefix: 22 at W57=0x1080 W58=0x3653
  largest D60 bucket: D=0x2d9f count=34044
  min D60 HW: 0
  D60 HW histogram: 0:32525 1:456862 2:2967450 3:11900576 4:32781247 5:65618698 6:98461508 7:112490231 8:98420878 9:65585216 10:32778420 11:11913958 12:2973564 13:457050 14:32729

Tail closure among D60=0 matches
  final tail collisions: 0
  best r61 HW: 12
  best r61 W1[57..59]=0x14dc,0x1d21,0x3c55
  best r61 W2[57..59]=0x13e9,0x2743,0x9c6
  best tail HW: 22
  best tail r61 HW: 31
  best W1[57..59]=0x15dc,0x1b65,0x3f30
  best W2[57..59]=0x14e9,0x3938,0xa11

SUMMARY N=14 sample_start=27197440 prefixes=32768 total=536870912 d0=32525 best_tail=22 tail_r61=31 best_r61=12 tail_W1=0x15dc,0x1b65,0x3f30 tail_W2=0x14e9,0x3938,0xa11 r61_W1=0x14dc,0x1d21,0x3c55 r61_W2=0x13e9,0x2743,0x9c6

Scan-only witness registry
  registry_count=16 registry_cap=16
  witness[00] tail=22 r61=31 gh60=0xf8fcb66 W1=0x15dc,0x1b65,0x3f30 W2=0x14e9,0x3938,0xa11
  witness[01] tail=23 r61=21 gh60=0x455859a W1=0x1ca9,0x22b3,0x397f W2=0x1bb6,0x10d4,0x3ca8
  witness[02] tail=23 r61=25 gh60=0x57ec5ea W1=0xa92,0x19c1,0xbbb W2=0x99f,0x26e4,0x340f
  witness[03] tail=24 r61=18 gh60=0x460c5ee W1=0xca0,0xf55,0x2537 W2=0xbad,0x3708,0x176f
  witness[04] tail=24 r61=20 gh60=0xc60bfee W1=0x2f8f,0x152e,0x1f98 W2=0x2e9c,0x101,0x31fc
  witness[05] tail=24 r61=21 gh60=0xcb87ba6 W1=0x116c,0x2466,0x807 W2=0x1079,0x183d,0x158b
  witness[06] tail=24 r61=21 gh60=0x5cfbdba W1=0x2eb9,0x16f5,0x2c47 W2=0x2dc6,0x2348,0x2a36
  witness[07] tail=24 r61=22 gh60=0xc8afbbe W1=0x31b8,0x338e,0x3352 W2=0x30c5,0x1892,0x1c1a
  witness[08] tail=25 r61=20 gh60=0x469bd9a W1=0xe65,0x929,0x1689 W2=0xd72,0x2c1d,0x18be
  witness[09] tail=25 r61=20 gh60=0x5eafc9e W1=0xfe8,0x1bed,0x2a6c W2=0xef5,0xcde,0x688
  witness[10] tail=25 r61=20 gh60=0x492879e W1=0x2bc7,0x19e,0x1769 W2=0x2ad4,0x3bcd,0xa6f
  witness[11] tail=25 r61=23 gh60=0x4d1c56a W1=0xcde,0x2f3d,0x3176 W2=0xbeb,0x2e58,0x3ebc
  witness[12] tail=25 r61=23 gh60=0xc9e84a6 W1=0x1c03,0x22d8,0x2e86 W2=0x1b10,0x3fd5,0x325d
  witness[13] tail=25 r61=29 gh60=0x77f849e W1=0x1507,0x16cc,0x1951 W2=0x1414,0x2539,0x1a82
  witness[14] tail=26 r61=16 gh60=0x7e08cea W1=0x3921,0x187f,0x3add W2=0x382e,0x2d26,0x34aa
  witness[15] tail=26 r61=19 gh60=0xf4885aa W1=0x22c1,0xb11,0x187b W2=0x21ce,0x819,0x2dfd

Scan-only r61 registry
  registry_count=16 registry_cap=16
  r61_witness[00] r61=12 tail=27 gh60=0xcd04566 W1=0x14dc,0x1d21,0x3c55 W2=0x13e9,0x2743,0x9c6
  r61_witness[01] r61=13 tail=28 gh60=0x4a29bfa W1=0x199,0x22a0,0x3305 W2=0xa6,0x1f2f,0x2063
  r61_witness[02] r61=14 tail=32 gh60=0x492db7a W1=0x1dd6,0x221,0x25dd W2=0x1ce3,0x3e29,0x362e
  r61_witness[03] r61=14 tail=36 gh60=0x4b04d66 W1=0x16cc,0x10a0,0x195b W2=0x15d9,0x3e6f,0x356e
  r61_witness[04] r61=15 tail=29 gh60=0x4f57f9e W1=0xfc8,0x3a2f,0x164 W2=0xed5,0x1ac8,0x360f
  r61_witness[05] r61=15 tail=29 gh60=0x4ae44aa W1=0x1a42,0x2c41,0x5c3 W2=0x194f,0x3ed6,0xe8a
  r61_witness[06] r61=15 tail=32 gh60=0xdb09d66 W1=0x3ecb,0x2e58,0x66d W2=0x3dd8,0x220,0x19d5
  r61_witness[07] r61=15 tail=35 gh60=0x490449a W1=0x3b4a,0x32f4,0x2501 W2=0x3a57,0x2afc,0x3138
  r61_witness[08] r61=15 tail=38 gh60=0xc518566 W1=0x2c53,0xe62,0x1a53 W2=0x2b60,0x22bb,0x10c1
  r61_witness[09] r61=16 tail=26 gh60=0x7e08cea W1=0x3921,0x187f,0x3add W2=0x382e,0x2d26,0x34aa
  r61_witness[10] r61=16 tail=28 gh60=0x4914b6a W1=0x355e,0x39f6,0x871 W2=0x346b,0x7ee,0x898
  r61_witness[11] r61=16 tail=29 gh60=0x4e145ee W1=0x2a0,0x397f,0x3597 W2=0x1ad,0x2132,0x1b5c
  r61_witness[12] r61=16 tail=29 gh60=0x4a084ea W1=0x3d0d,0x934,0x2164 W2=0x3c1a,0x20aa,0x173d
  r61_witness[13] r61=16 tail=30 gh60=0x598c4aa W1=0x2d3e,0xe96,0x8f8 W2=0x2c4b,0x1387,0x19d5
  r61_witness[14] r61=16 tail=30 gh60=0x5988baa W1=0x35b1,0x23af,0x284e W2=0x34be,0x3406,0x1c42
  r61_witness[15] r61=16 tail=32 gh60=0x4484c9a W1=0x262a,0x2b31,0x723 W2=0x2537,0x143c,0x1171

D60=0 fiber histogram: 1:8061 2:4730 3:1691 4:1092 5:418 6:243 7:82 8:82 9:33 10:16 11:11 12:6 13:2 14:4 15:1 16:1 22:1
