free_word_mitm_reducedn
N=14 mask=0x3fff msb=0x2000
candidate: M0=0x3d36 mode=random-fallback fill=0x3fff kernel=dM0=dM9=0x2000
prefixes=32768/268435456 mode=permuted-prefix-sample w59_per_prefix=16384 total=536870912
run_mode=scan registry_cap=16
sample_start=18808832
scan_elapsed=18.914s rate=28.39 Mtriples/s

D60 interface
  D60=0 matches: 32844 (random expectation 32768.0, enrichment 1.002x)
  prefixes with D60=0: 16528
  max D60=0 fiber per prefix: 34 at W57=0x189 W58=0x23d6
  largest D60 bucket: D=0x1229 count=33752
  min D60 HW: 0
  D60 HW histogram: 0:32844 1:453972 2:2973919 3:11917800 4:32797266 5:65640632 6:98467390 7:112510636 8:98414689 9:65563011 10:32740491 11:11895628 12:2971189 13:458367 14:33078

Tail closure among D60=0 matches
  final tail collisions: 0
  best r61 HW: 12
  best r61 W1[57..59]=0x382d,0x39f2,0x29f3
  best r61 W2[57..59]=0x373a,0xb2d,0x378
  best tail HW: 21
  best tail r61 HW: 23
  best W1[57..59]=0x13a6,0x1b6f,0x4e3
  best W2[57..59]=0x12b3,0x2d43,0x12ed

SUMMARY N=14 sample_start=18808832 prefixes=32768 total=536870912 d0=32844 best_tail=21 tail_r61=23 best_r61=12 tail_W1=0x13a6,0x1b6f,0x4e3 tail_W2=0x12b3,0x2d43,0x12ed r61_W1=0x382d,0x39f2,0x29f3 r61_W2=0x373a,0xb2d,0x378

Scan-only witness registry
  registry_count=16 registry_cap=16
  witness[00] tail=21 r61=15 gh60=0xc97df7a W1=0x3fda,0x21b1,0x238f W2=0x3ee7,0x13c5,0x542
  witness[01] tail=21 r61=23 gh60=0x58ac79a W1=0x13a6,0x1b6f,0x4e3 W2=0x12b3,0x2d43,0x12ed
  witness[02] tail=23 r61=16 gh60=0x4c844a6 W1=0xc2c,0x2bff,0x1722 W2=0xb39,0x2a5b,0x2986
  witness[03] tail=23 r61=19 gh60=0xbf08f6a W1=0x374d,0x1596,0xb4f W2=0x365a,0xcb5,0x3917
  witness[04] tail=23 r61=23 gh60=0xd9bccaa W1=0x8f2,0xcb2,0x3ec3 W2=0x7ff,0xf76,0x100f
  witness[05] tail=23 r61=24 gh60=0x3e984a6 W1=0xafb,0x954,0x38d4 W2=0xa08,0x2b1f,0x2cf2
  witness[06] tail=24 r61=14 gh60=0xc4884aa W1=0x2c2d,0x1bd3,0x27a W2=0x2b3a,0x200f,0x14b6
  witness[07] tail=24 r61=18 gh60=0x5a08cea W1=0x1721,0x282c,0x82b W2=0x162e,0x3ed3,0x3fbe
  witness[08] tail=24 r61=19 gh60=0xd608cea W1=0x80d,0x373a,0x1bf3 W2=0x71a,0x37fd,0x226c
  witness[09] tail=24 r61=19 gh60=0x4a884aa W1=0x1d01,0x1773,0x187e W2=0x1c0e,0x2c23,0x2f6c
  witness[10] tail=24 r61=20 gh60=0x36fc77a W1=0x3356,0x909,0x22d5 W2=0x3263,0x19ee,0x399e
  witness[11] tail=24 r61=23 gh60=0x46a8c9a W1=0x25e5,0x8ae,0x23e0 W2=0x24f2,0x31fc,0x28d8
  witness[12] tail=24 r61=23 gh60=0x76087ee W1=0x2b9f,0x3351,0x302f W2=0x2aac,0x2d13,0xe26
  witness[13] tail=24 r61=24 gh60=0xcee879a W1=0xb89,0x3d97,0x3ae5 W2=0xa96,0x2a,0x1501
  witness[14] tail=24 r61=26 gh60=0x3a185fa W1=0x495,0x3bf0,0x5b1 W2=0x3a2,0x290c,0x1c6f
  witness[15] tail=25 r61=18 gh60=0xca39cea W1=0x10d,0x2bdc,0x1c63 W2=0x1a,0x2e4f,0x2e96

Scan-only r61 registry
  registry_count=16 registry_cap=16
  r61_witness[00] r61=12 tail=30 gh60=0x4c98caa W1=0x382d,0x39f2,0x29f3 W2=0x373a,0xb2d,0x378
  r61_witness[01] r61=14 tail=24 gh60=0xc4884aa W1=0x2c2d,0x1bd3,0x27a W2=0x2b3a,0x200f,0x14b6
  r61_witness[02] r61=14 tail=30 gh60=0x490db7a W1=0x1da,0x29fb,0x272 W2=0xe7,0x19ef,0x1a40
  r61_witness[03] r61=15 tail=21 gh60=0xc97df7a W1=0x3fda,0x21b1,0x238f W2=0x3ee7,0x13c5,0x542
  r61_witness[04] r61=15 tail=27 gh60=0x4a045e6 W1=0x328c,0x1c5d,0x3754 W2=0x3199,0x1b,0x25df
  r61_witness[05] r61=15 tail=29 gh60=0xca1cfee W1=0x2790,0x795,0x2016 W2=0x269d,0x65,0x22f4
  r61_witness[06] r61=15 tail=29 gh60=0x4b884a6 W1=0x29fb,0x91a,0x3cfb W2=0x2908,0x14e5,0x2014
  r61_witness[07] r61=15 tail=35 gh60=0x44845a6 W1=0xcac,0x32f7,0x3597 W2=0xbb9,0x293b,0x1b7b
  r61_witness[08] r61=16 tail=23 gh60=0x4c844a6 W1=0xc2c,0x2bff,0x1722 W2=0xb39,0x2a5b,0x2986
  r61_witness[09] r61=16 tail=27 gh60=0xca24ca6 W1=0x3704,0x19d6,0x2827 W2=0x3611,0x1693,0x2c03
  r61_witness[10] r61=16 tail=32 gh60=0x5489da6 W1=0xbb,0x37d8,0x3ead W2=0x3fc8,0x27fe,0x28d1
  r61_witness[11] r61=16 tail=32 gh60=0x4668f9e W1=0x3787,0x2e56,0x62c W2=0x3694,0x366c,0x1d5c
  r61_witness[12] r61=16 tail=35 gh60=0xc4885aa W1=0xcc1,0x34f2,0x212a W2=0xbce,0x33fa,0xa6b
  r61_witness[13] r61=16 tail=38 gh60=0x48884ae W1=0x2b3f,0xe17,0x1557 W2=0x2a4c,0x2da7,0x17e1
  r61_witness[14] r61=17 tail=28 gh60=0x5617cea W1=0x300e,0x349b,0x143c W2=0x2f1b,0x2bcf,0x2b85
  r61_witness[15] r61=17 tail=28 gh60=0xc909b6e W1=0x3ddf,0x1645,0x349e W2=0x3cec,0x950,0x3e41

D60=0 fiber histogram: 1:7983 2:4754 3:1798 4:1098 5:404 6:245 7:84 8:91 9:29 10:23 11:6 12:3 13:1 14:5 16:2 19:1 34:1
