free_word_mitm_reducedn
N=14 mask=0x3fff msb=0x2000
candidate: M0=0x3d36 mode=random-fallback fill=0x3fff kernel=dM0=dM9=0x2000
prefixes=32768/268435456 mode=permuted-prefix-sample w59_per_prefix=16384 total=536870912
run_mode=scan registry_cap=16
sample_start=10616832
scan_elapsed=18.520s rate=28.99 Mtriples/s

D60 interface
  D60=0 matches: 32839 (random expectation 32768.0, enrichment 1.002x)
  prefixes with D60=0: 16630
  max D60=0 fiber per prefix: 21 at W57=0x3b8c W58=0x1700
  largest D60 bucket: D=0x652 count=33750
  min D60 HW: 0
  D60 HW histogram: 0:32839 1:457540 2:2975071 3:11911558 4:32797133 5:65647283 6:98509559 7:112533223 8:98411538 9:65535322 10:32721859 11:11879652 12:2969280 13:456355 14:32700

Tail closure among D60=0 matches
  final tail collisions: 0
  best r61 HW: 15
  best r61 W1[57..59]=0x254e,0xaf9,0x1ea8
  best r61 W2[57..59]=0x245b,0xcf9,0x2000
  best tail HW: 22
  best tail r61 HW: 23
  best W1[57..59]=0xcfb,0x3899,0x747
  best W2[57..59]=0xc08,0x3864,0x22f6

SUMMARY N=14 sample_start=10616832 prefixes=32768 total=536870912 d0=32839 best_tail=22 tail_r61=23 best_r61=15 tail_W1=0xcfb,0x3899,0x747 tail_W2=0xc08,0x3864,0x22f6 r61_W1=0x254e,0xaf9,0x1ea8 r61_W2=0x245b,0xcf9,0x2000

Scan-only witness registry
  registry_count=16 registry_cap=16
  witness[00] tail=22 r61=23 gh60=0xb518d66 W1=0x8db,0xe1f,0xdcd W2=0x7e8,0x3d35,0x17c8
  witness[01] tail=22 r61=23 gh60=0x37784a6 W1=0xcfb,0x3899,0x747 W2=0xc08,0x3864,0x22f6
  witness[02] tail=23 r61=18 gh60=0x54ecc9e W1=0x2828,0xce2,0x1b50 W2=0x2735,0x7d9,0xbde
  witness[03] tail=24 r61=20 gh60=0x498c4ae W1=0x2530,0xccf,0x2f80 W2=0x243d,0x3b70,0x2c5f
  witness[04] tail=24 r61=22 gh60=0x3a384a6 W1=0x3d03,0x1c22,0x68 W2=0x3c10,0xb1f,0x2f13
  witness[05] tail=24 r61=24 gh60=0xd8a4ba6 W1=0x9b4,0x19e0,0x9d5 W2=0x8c1,0x1db5,0x24ee
  witness[06] tail=24 r61=24 gh60=0xca89caa W1=0x1ef1,0x31ee,0x2a45 W2=0x1dfe,0x3831,0x34eb
  witness[07] tail=24 r61=25 gh60=0x4cb4c9e W1=0x828,0xaed,0x2383 W2=0x735,0x3dc,0x3cfe
  witness[08] tail=25 r61=17 gh60=0xc718c9a W1=0x745,0x151e,0x296d W2=0x652,0x3a70,0x20fe
  witness[09] tail=25 r61=18 gh60=0x598ccaa W1=0x393e,0x1df0,0x3fcf W2=0x384b,0x3060,0x296c
  witness[10] tail=25 r61=20 gh60=0x5b0876e W1=0x3bcf,0x2804,0x3c18 W2=0x3adc,0x2b3e,0xddb
  witness[11] tail=25 r61=21 gh60=0x389c4ea W1=0x2322,0x1b26,0x35fb W2=0x222f,0x2485,0x3de3
  witness[12] tail=25 r61=21 gh60=0x4a68de6 W1=0x3693,0x20c5,0x2f4e W2=0x35a0,0x2a93,0x3e94
  witness[13] tail=25 r61=22 gh60=0x3e35b9e W1=0x1d88,0x1241,0x1d5b W2=0x1c95,0xa2e,0x80e
  witness[14] tail=25 r61=23 gh60=0xca044fa W1=0x151a,0x361a,0x1544 W2=0x1427,0x2957,0x3009
  witness[15] tail=25 r61=23 gh60=0x39e84ba W1=0x22f5,0x39fc,0x2150 W2=0x2202,0x237a,0x18c1

Scan-only r61 registry
  registry_count=16 registry_cap=16
  r61_witness[00] r61=15 tail=38 gh60=0x490cb6a W1=0x254e,0xaf9,0x1ea8 W2=0x245b,0xcf9,0x2000
  r61_witness[01] r61=16 tail=30 gh60=0x4704b7a W1=0x19da,0x3d89,0x1911 W2=0x18e7,0x3781,0x387c
  r61_witness[02] r61=16 tail=31 gh60=0x4e045e6 W1=0x28c,0x225f,0x145 W2=0x199,0x3919,0x2fa0
  r61_witness[03] r61=16 tail=31 gh60=0x4e085ee W1=0x128f,0x16c2,0x11c4 W2=0x119c,0xc84,0xa6c
  r61_witness[04] r61=16 tail=32 gh60=0x39944ae W1=0x3d00,0xaaf,0x3177 W2=0x3c0d,0x940,0x39b8
  r61_witness[05] r61=16 tail=33 gh60=0xcd77dae W1=0x2eb0,0x1f98,0x19ac W2=0x2dbd,0x3860,0x1c
  r61_witness[06] r61=16 tail=35 gh60=0x3a08cea W1=0x2621,0x2bfe,0x31f3 W2=0x252e,0x31f9,0x2301
  r61_witness[07] r61=16 tail=39 gh60=0x44b8cae W1=0x163f,0xb23,0x21e4 W2=0x154c,0xb72,0x34ef
  r61_witness[08] r61=16 tail=44 gh60=0x4a085ea W1=0x1a8d,0xbb,0x3564 W2=0x199a,0x20d9,0x978
  r61_witness[09] r61=17 tail=25 gh60=0xc718c9a W1=0x745,0x151e,0x296d W2=0x652,0x3a70,0x20fe
  r61_witness[10] r61=17 tail=26 gh60=0x496849a W1=0x3d45,0x332,0x3a5b W2=0x3c52,0x3981,0x257b
  r61_witness[11] r61=17 tail=26 gh60=0xcb05f7a W1=0x3f5a,0xd76,0x2b08 W2=0x3e67,0x3792,0xcd7
  r61_witness[12] r61=17 tail=27 gh60=0xb6244e6 W1=0x1214,0x8bc,0x10d3 W2=0x1121,0x12a4,0x1e74
  r61_witness[13] r61=17 tail=27 gh60=0x5a8449a W1=0x14ea,0x768,0x3c89 W2=0x13f7,0x3db4,0x1a97
  r61_witness[14] r61=17 tail=28 gh60=0xb997bae W1=0x31b0,0x223a,0x1c03 W2=0x30bd,0x742,0x1524
  r61_witness[15] r61=17 tail=29 gh60=0x4a18d9a W1=0x1685,0x3185,0x36c6 W2=0x1592,0x313f,0xe44

D60=0 fiber histogram: 1:8158 2:4691 3:1768 4:1147 5:393 6:234 7:80 8:79 9:33 10:18 11:10 12:9 13:4 14:1 15:2 16:1 18:1 21:1
