free_word_mitm_reducedn
N=14 mask=0x3fff msb=0x2000
candidate: M0=0x3d36 mode=random-fallback fill=0x3fff kernel=dM0=dM9=0x2000
prefixes=32768/268435456 mode=permuted-prefix-sample w59_per_prefix=16384 total=536870912
run_mode=scan registry_cap=16
sample_start=25264128
scan_elapsed=19.229s rate=27.92 Mtriples/s

D60 interface
  D60=0 matches: 32824 (random expectation 32768.0, enrichment 1.002x)
  prefixes with D60=0: 16568
  max D60=0 fiber per prefix: 19 at W57=0x3ded W58=0x37f7
  largest D60 bucket: D=0x277d count=33650
  min D60 HW: 0
  D60 HW histogram: 0:32824 1:459798 2:2981283 3:11932508 4:32795469 5:65616559 6:98429784 7:112468647 8:98392885 9:65579648 10:32787245 11:11920105 12:2981793 13:459381 14:32983

Tail closure among D60=0 matches
  final tail collisions: 0
  best r61 HW: 13
  best r61 W1[57..59]=0x282a,0x3de1,0x3969
  best r61 W2[57..59]=0x2737,0x20ec,0x364f
  best tail HW: 21
  best tail r61 HW: 21
  best W1[57..59]=0x2342,0xa4f,0xd00
  best W2[57..59]=0x224f,0x13a4,0x20e8

SUMMARY N=14 sample_start=25264128 prefixes=32768 total=536870912 d0=32824 best_tail=21 tail_r61=21 best_r61=13 tail_W1=0x2342,0xa4f,0xd00 tail_W2=0x224f,0x13a4,0x20e8 r61_W1=0x282a,0x3de1,0x3969 r61_W2=0x2737,0x20ec,0x364f

Scan-only witness registry
  registry_count=16 registry_cap=16
  witness[00] tail=21 r61=21 gh60=0x3b2c4aa W1=0x2342,0xa4f,0xd00 W2=0x224f,0x13a4,0x20e8
  witness[01] tail=22 r61=16 gh60=0x4e244e6 W1=0x3c14,0x31dd,0x3555 W2=0x3b21,0x1dc3,0x1033
  witness[02] tail=22 r61=20 gh60=0x4e3cd9e W1=0x2688,0x3b29,0xd58 W2=0x2595,0x2b4,0x2fb9
  witness[03] tail=23 r61=21 gh60=0xcd8cda6 W1=0x26ac,0x184e,0x27ef W2=0x25b9,0x3113,0x2768
  witness[04] tail=23 r61=22 gh60=0xd63449a W1=0x2206,0xfb7,0x2bff W2=0x2113,0x34c1,0xa23
  witness[05] tail=23 r61=23 gh60=0x39b4b9a W1=0x1566,0x14a3,0x625 W2=0x1473,0x264a,0x152b
  witness[06] tail=23 r61=23 gh60=0x46e7ca6 W1=0x30f4,0x3c05,0x7a8 W2=0x3001,0x3334,0x234b
  witness[07] tail=24 r61=20 gh60=0xde0bce6 W1=0x111b,0x2c93,0x119c W2=0x1028,0x1a1b,0x3717
  witness[08] tail=24 r61=20 gh60=0xc58bdaa W1=0x2ec1,0x3397,0x1138 W2=0x2dce,0x205a,0x2bd1
  witness[09] tail=24 r61=21 gh60=0xdb04566 W1=0xccc,0x91c,0x3ed9 W2=0xbd9,0x3748,0x194e
  witness[10] tail=24 r61=21 gh60=0xcd64566 W1=0x3cd4,0x2ca5,0x2225 W2=0x3be1,0xfdb,0x1307
  witness[11] tail=24 r61=23 gh60=0xced7cba W1=0x10f6,0x19b9,0x264 W2=0x1003,0x2ab5,0x28ee
  witness[12] tail=24 r61=23 gh60=0xced7cba W1=0x10f6,0x19b9,0x22e4 W2=0x1003,0x2ab5,0x96e
  witness[13] tail=24 r61=29 gh60=0xffd9c9a W1=0x3f09,0x18a7,0x3fc2 W2=0x3e16,0x3dbb,0x242b
  witness[14] tail=25 r61=17 gh60=0x36a47a6 W1=0x2b74,0x2a22,0x57b W2=0x2a81,0x1388,0x324d
  witness[15] tail=25 r61=17 gh60=0x5afbd9a W1=0x2ec9,0x3626,0x23ea W2=0x2dd6,0x4ce,0x15cc

Scan-only r61 registry
  registry_count=16 registry_cap=16
  r61_witness[00] r61=13 tail=27 gh60=0x4e087ea W1=0x139d,0x1792,0x818 W2=0x12aa,0x1a4c,0x24c
  r61_witness[01] r61=13 tail=35 gh60=0x4c84c9a W1=0x282a,0x3de1,0x3969 W2=0x2737,0x20ec,0x364f
  r61_witness[02] r61=14 tail=31 gh60=0xc884cba W1=0x173a,0x2d8c,0x38cb W2=0x1647,0x2144,0x11c5
  r61_witness[03] r61=14 tail=33 gh60=0x44845a6 W1=0x3cac,0x46d,0x1c81 W2=0x3bb9,0xbb1,0x146b
  r61_witness[04] r61=15 tail=36 gh60=0x450bd6e W1=0xe4f,0x1be0,0x3d1b W2=0xd5c,0x328f,0x1f55
  r61_witness[05] r61=16 tail=22 gh60=0x4e244e6 W1=0x3c14,0x31dd,0x3555 W2=0x3b21,0x1dc3,0x1033
  r61_witness[06] r61=16 tail=28 gh60=0x44e5caa W1=0x1e32,0x3270,0x2466 W2=0x1d3f,0x3c74,0x1991
  r61_witness[07] r61=16 tail=28 gh60=0x3a887aa W1=0x3371,0x2a27,0xa5a W2=0x327e,0x3bef,0x1992
  r61_witness[08] r61=16 tail=33 gh60=0xc908b6a W1=0x19d1,0x169b,0xc80 W2=0x18de,0x1c9e,0x654
  r61_witness[09] r61=16 tail=33 gh60=0x471db6e W1=0x2160,0x806,0x102f W2=0x206d,0x3812,0x7df
  r61_witness[10] r61=16 tail=33 gh60=0xd508566 W1=0x225b,0x1143,0x2043 W2=0x2168,0x2258,0x3038
  r61_witness[11] r61=16 tail=35 gh60=0xca04c9a W1=0x180a,0x3d1e,0x3c83 W2=0x1717,0x2ee1,0x28
  r61_witness[12] r61=16 tail=36 gh60=0x4909f6e W1=0x3f5f,0xfe8,0x16c2 W2=0x3e6c,0xa1b,0x3588
  r61_witness[13] r61=17 tail=25 gh60=0x36a47a6 W1=0x2b74,0x2a22,0x57b W2=0x2a81,0x1388,0x324d
  r61_witness[14] r61=17 tail=25 gh60=0x5afbd9a W1=0x2ec9,0x3626,0x23ea W2=0x2dd6,0x4ce,0x15cc
  r61_witness[15] r61=17 tail=26 gh60=0x4d6bd9e W1=0x10a7,0x3728,0x2d43 W2=0xfb4,0x2770,0x1c9b

D60=0 fiber histogram: 1:8062 2:4686 3:1819 4:1116 5:408 6:233 7:80 8:90 9:39 10:16 11:9 12:3 13:3 14:1 16:1 17:1 19:1
