free_word_mitm_reducedn
N=14 mask=0x3fff msb=0x2000
candidate: M0=0x3d36 mode=random-fallback fill=0x3fff kernel=dM0=dM9=0x2000
prefixes=32768/268435456 mode=permuted-prefix-sample w59_per_prefix=16384 total=536870912
run_mode=scan registry_cap=16
sample_start=117538816
scan_elapsed=18.898s rate=28.41 Mtriples/s

D60 interface
  D60=0 matches: 32875 (random expectation 32768.0, enrichment 1.003x)
  prefixes with D60=0: 16594
  max D60=0 fiber per prefix: 19 at W57=0x6ec W58=0x2bc0
  largest D60 bucket: D=0x30ea count=33847
  min D60 HW: 0
  D60 HW histogram: 0:32875 1:457679 2:2974523 3:11910480 4:32774692 5:65621840 6:98457467 7:112547266 8:98421954 9:65554471 10:32748332 11:11905892 12:2973246 13:457635 14:32560

Tail closure among D60=0 matches
  final tail collisions: 0
  best r61 HW: 11
  best r61 W1[57..59]=0xa2f,0x73c,0x1c28
  best r61 W2[57..59]=0x93c,0x33dc,0x19ad
  best tail HW: 23
  best tail r61 HW: 15
  best W1[57..59]=0x715,0x5c2,0x287c
  best W2[57..59]=0x622,0x2835,0x2b63

SUMMARY N=14 sample_start=117538816 prefixes=32768 total=536870912 d0=32875 best_tail=23 tail_r61=15 best_r61=11 tail_W1=0x715,0x5c2,0x287c tail_W2=0x622,0x2835,0x2b63 r61_W1=0xa2f,0x73c,0x1c28 r61_W2=0x93c,0x33dc,0x19ad

Scan-only witness registry
  registry_count=16 registry_cap=16
  witness[00] tail=23 r61=15 gh60=0x4628cfa W1=0x715,0x5c2,0x287c W2=0x622,0x2835,0x2b63
  witness[01] tail=23 r61=19 gh60=0x5938b6a W1=0x9e1,0x128a,0x724 W2=0x8ee,0x1475,0x1a38
  witness[02] tail=23 r61=20 gh60=0x4a78ce6 W1=0x181b,0xdc7,0x3f94 W2=0x1728,0xa59,0x2d83
  witness[03] tail=23 r61=23 gh60=0xdb0856a W1=0x145d,0x2445,0x1338 W2=0x136a,0x2bf,0x239f
  witness[04] tail=24 r61=19 gh60=0x5d78566 W1=0x324b,0x2d69,0x280c W2=0x3158,0x1496,0xe36
  witness[05] tail=24 r61=21 gh60=0xc7f9dfa W1=0x1e95,0x2f47,0x3785 W2=0x1da2,0x2022,0x21f3
  witness[06] tail=24 r61=22 gh60=0xc67c5ea W1=0x2c8e,0x3929,0x1333 W2=0x2b9b,0x39c8,0x1b02
  witness[07] tail=24 r61=23 gh60=0xce647aa W1=0x2382,0x17e0,0x1e1e W2=0x228f,0xbcd,0x213e
  witness[08] tail=25 r61=16 gh60=0x5e84ca6 W1=0x28fc,0x3f07,0x84e W2=0x2809,0x2894,0x850
  witness[09] tail=25 r61=17 gh60=0x46acd66 W1=0x3664,0x3f48,0x1929 W2=0x3571,0xd9b,0xa7b
  witness[10] tail=25 r61=18 gh60=0xdba879e W1=0x3b67,0x1ba6,0x3bf W2=0x3a74,0x2603,0x1b1
  witness[11] tail=25 r61=19 gh60=0x4798faa W1=0x77d,0x29a0,0xaf2 W2=0x68a,0x1713,0x1dc3
  witness[12] tail=25 r61=20 gh60=0xc61dc9a W1=0x1e0a,0x1838,0x28b2 W2=0x1d17,0x3f79,0x1360
  witness[13] tail=25 r61=24 gh60=0xd8bdcae W1=0x1f40,0x2bff,0xaeb W2=0x1e4d,0x19d3,0x10bd
  witness[14] tail=25 r61=24 gh60=0xb50c56a W1=0x2ade,0x53b,0x9aa W2=0x29eb,0x3cbe,0xd47
  witness[15] tail=25 r61=28 gh60=0xcaf4b6e W1=0x35d0,0x2c0a,0x2016 W2=0x34dd,0x3226,0x3993

Scan-only r61 registry
  registry_count=16 registry_cap=16
  r61_witness[00] r61=11 tail=26 gh60=0x4c884ae W1=0xa2f,0x73c,0x1c28 W2=0x93c,0x33dc,0x19ad
  r61_witness[01] r61=15 tail=23 gh60=0x4628cfa W1=0x715,0x5c2,0x287c W2=0x622,0x2835,0x2b63
  r61_witness[02] r61=15 tail=30 gh60=0xca387ee W1=0x239f,0x2440,0x163f W2=0x22ac,0x1c02,0xcca
  r61_witness[03] r61=15 tail=31 gh60=0x478dcae W1=0x3e40,0x2bc5,0x2d34 W2=0x3d4d,0xd99,0x152b
  r61_witness[04] r61=16 tail=25 gh60=0x5e84ca6 W1=0x28fc,0x3f07,0x84e W2=0x2809,0x2894,0x850
  r61_witness[05] r61=16 tail=28 gh60=0x48a5baa W1=0x3db2,0x3f58,0x27c8 W2=0x3cbf,0x31a4,0xa75
  r61_witness[06] r61=16 tail=30 gh60=0xbb24ca6 W1=0x2744,0xb4,0x3712 W2=0x2651,0x2bf1,0x18c5
  r61_witness[07] r61=16 tail=30 gh60=0x4a085ea W1=0x2c91,0xa9c,0x3a71 W2=0x2b9e,0x73a,0x1bcc
  r61_witness[08] r61=16 tail=30 gh60=0xc48fcaa W1=0x2e2e,0x184d,0xea8 W2=0x2d3b,0x1115,0x360f
  r61_witness[09] r61=16 tail=32 gh60=0x4a28ce6 W1=0x1913,0x97c,0x64e W2=0x1820,0x35a2,0x27f9
  r61_witness[10] r61=16 tail=34 gh60=0xca04cfa W1=0x61a,0x34af,0x3c84 W2=0x527,0x1f1b,0x4d3
  r61_witness[11] r61=16 tail=35 gh60=0xc90bb66 W1=0x31cb,0x3232,0x1b4b W2=0x30d8,0x278e,0x3517
  r61_witness[12] r61=16 tail=36 gh60=0x4e07be6 W1=0xd8c,0x15cf,0x2ce4 W2=0xc99,0x898,0x3c1
  r61_witness[13] r61=16 tail=36 gh60=0x4907c9a W1=0xf4a,0x3af3,0x2f4e W2=0xe57,0x978,0x3b0f
  r61_witness[14] r61=16 tail=36 gh60=0x4d0856e W1=0x24cf,0x1cf7,0x6c4 W2=0x23dc,0x7ad,0xa2b
  r61_witness[15] r61=16 tail=36 gh60=0xc60449a W1=0x3c0a,0x11e4,0x2b0 W2=0x3b17,0x8b0,0x1967

D60=0 fiber histogram: 1:7978 2:4867 3:1768 4:1116 5:379 6:235 7:95 8:86 9:28 10:19 11:5 12:9 13:5 14:1 16:1 18:1 19:1
