free_word_mitm_reducedn
N=14 mask=0x3fff msb=0x2000
candidate: M0=0x3d36 mode=random-fallback fill=0x3fff kernel=dM0=dM9=0x2000
prefixes=32768/268435456 mode=permuted-prefix-sample w59_per_prefix=16384 total=536870912
run_mode=scan registry_cap=16
sample_start=134316032
scan_elapsed=18.783s rate=28.58 Mtriples/s

D60 interface
  D60=0 matches: 32464 (random expectation 32768.0, enrichment 0.991x)
  prefixes with D60=0: 16463
  max D60=0 fiber per prefix: 18 at W57=0x2bc9 W58=0x1584
  largest D60 bucket: D=0xbad count=33799
  min D60 HW: 0
  D60 HW histogram: 0:32464 1:455870 2:2965440 3:11888347 4:32762686 5:65593791 6:98452272 7:112569882 8:98453973 9:65576206 10:32754216 11:11907283 12:2970532 13:455611 14:32339

Tail closure among D60=0 matches
  final tail collisions: 0
  best r61 HW: 14
  best r61 W1[57..59]=0x392a,0x115,0x276e
  best r61 W2[57..59]=0x3837,0x31d4,0x3eb6
  best tail HW: 21
  best tail r61 HW: 16
  best W1[57..59]=0x342d,0xb88,0x680
  best W2[57..59]=0x333a,0x2144,0x385e

SUMMARY N=14 sample_start=134316032 prefixes=32768 total=536870912 d0=32464 best_tail=21 tail_r61=16 best_r61=14 tail_W1=0x342d,0xb88,0x680 tail_W2=0x333a,0x2144,0x385e r61_W1=0x392a,0x115,0x276e r61_W2=0x3837,0x31d4,0x3eb6

Scan-only witness registry
  registry_count=16 registry_cap=16
  witness[00] tail=21 r61=16 gh60=0xcc884aa W1=0x342d,0xb88,0x680 W2=0x333a,0x2144,0x385e
  witness[01] tail=23 r61=17 gh60=0x3a085ea W1=0x348d,0x28ec,0x3490 W2=0x339a,0xb0a,0x22fb
  witness[02] tail=23 r61=23 gh60=0x473859a W1=0x14c9,0x234b,0x2f11 W2=0x13d6,0x1134,0x659
  witness[03] tail=23 r61=25 gh60=0x4e084ea W1=0x2b0d,0x1a0e,0x2a21 W2=0x2a1a,0x2100,0xc2a
  witness[04] tail=24 r61=19 gh60=0xc5e85a6 W1=0x1c73,0x16d,0x1f40 W2=0x1b80,0x2742,0x3e1e
  witness[05] tail=24 r61=21 gh60=0x76184ea W1=0x3d1d,0xe50,0x9ce W2=0x3c2a,0x24b2,0x344e
  witness[06] tail=24 r61=24 gh60=0x778cbaa W1=0x25be,0x2c92,0x39f9 W2=0x24cb,0x2c8a,0x1339
  witness[07] tail=24 r61=28 gh60=0xcdd857a W1=0xa59,0x231d,0x2309 W2=0x966,0x3bd1,0x293d
  witness[08] tail=25 r61=15 gh60=0x4a884aa W1=0x301,0x38ff,0x1cb0 W2=0x20e,0xaf,0x3f1f
  witness[09] tail=25 r61=17 gh60=0x4e085ea W1=0x249d,0x1eb1,0x59d W2=0x23aa,0x2abf,0x174e
  witness[10] tail=25 r61=19 gh60=0x5a1bbea W1=0x318d,0x264a,0xe94 W2=0x309a,0x19,0x1e0a
  witness[11] tail=25 r61=20 gh60=0xbb78b66 W1=0x9db,0x3a4,0x2191 W2=0x8e8,0x56a,0x2524
  witness[12] tail=25 r61=21 gh60=0x4609cea W1=0x2111,0xb60,0x3e90 W2=0x201e,0xd97,0x3992
  witness[13] tail=25 r61=23 gh60=0xddabd9a W1=0x30a5,0x3789,0x7f7 W2=0x2fb2,0xfed,0x1c05
  witness[14] tail=25 r61=25 gh60=0xcfacc9a W1=0x826,0x1e9a,0x2929 W2=0x733,0x3f69,0x3625
  witness[15] tail=25 r61=25 gh60=0x7b984ae W1=0x12ff,0x385b,0x13da W2=0x120c,0x28eb,0x1916

Scan-only r61 registry
  registry_count=16 registry_cap=16
  r61_witness[00] r61=14 tail=31 gh60=0x4b84c9a W1=0x392a,0x115,0x276e W2=0x3837,0x31d4,0x3eb6
  r61_witness[01] r61=15 tail=25 gh60=0x4a884aa W1=0x301,0x38ff,0x1cb0 W2=0x20e,0xaf,0x3f1f
  r61_witness[02] r61=15 tail=26 gh60=0x4d884a6 W1=0x31eb,0x201a,0x247 W2=0x30f8,0x3bf7,0x2fe7
  r61_witness[03] r61=16 tail=21 gh60=0xcc884aa W1=0x342d,0xb88,0x680 W2=0x333a,0x2144,0x385e
  r61_witness[04] r61=16 tail=26 gh60=0x56085e6 W1=0x1a8b,0x1853,0x1c2 W2=0x1998,0x12,0x2288
  r61_witness[05] r61=16 tail=27 gh60=0x48884aa W1=0x1b41,0x2cf8,0x2423 W2=0x1a4e,0x3a8,0x12ba
  r61_witness[06] r61=16 tail=30 gh60=0xca244e6 W1=0x3a14,0xf7f,0x1fae W2=0x3921,0x1965,0x2acc
  r61_witness[07] r61=16 tail=32 gh60=0x5a044fa W1=0x2a1a,0xf75,0x1a3a W2=0x2927,0x3662,0x2f9f
  r61_witness[08] r61=16 tail=32 gh60=0x3e044fa W1=0x2d1a,0x19ed,0x3e5e W2=0x2c27,0x3aa,0x3b2
  r61_witness[09] r61=16 tail=33 gh60=0x4a04de6 W1=0x89c,0x33ae,0x188f W2=0x7a9,0x275d,0x2918
  r61_witness[10] r61=16 tail=33 gh60=0x5889caa W1=0x2131,0x2933,0x3256 W2=0x203e,0x28f2,0x3b03
  r61_witness[11] r61=16 tail=33 gh60=0x5908b66 W1=0x394b,0x149d,0x2d54 W2=0x3858,0x2a7b,0x83c
  r61_witness[12] r61=16 tail=33 gh60=0x4489cae W1=0x3e2f,0x3d1c,0x488 W2=0x3d3c,0x2afb,0xc68
  r61_witness[13] r61=16 tail=33 gh60=0xdf19d6e W1=0x3ecf,0x1dfc,0x2593 W2=0x3ddc,0x1c7,0x637
  r61_witness[14] r61=16 tail=35 gh60=0xb90bb66 W1=0x11db,0x1131,0x26f5 W2=0x10e8,0x37d,0x421
  r61_witness[15] r61=16 tail=35 gh60=0x5b04f66 W1=0x275c,0x2ff8,0xe10 W2=0x2669,0xf1f,0x177

D60=0 fiber histogram: 1:7982 2:4770 3:1754 4:1127 5:378 6:205 7:73 8:107 9:32 10:16 11:9 12:5 14:2 15:1 17:1 18:1
