free_word_mitm_reducedn
N=14 mask=0x3fff msb=0x2000
candidate: M0=0x3d36 mode=random-fallback fill=0x3fff kernel=dM0=dM9=0x2000
prefixes=32768/268435456 mode=permuted-prefix-sample w59_per_prefix=16384 total=536870912
run_mode=scan registry_cap=16
sample_start=75595776
scan_elapsed=18.932s rate=28.36 Mtriples/s

D60 interface
  D60=0 matches: 32872 (random expectation 32768.0, enrichment 1.003x)
  prefixes with D60=0: 16489
  max D60=0 fiber per prefix: 17 at W57=0x2116 W58=0x167c
  largest D60 bucket: D=0x10fd count=33768
  min D60 HW: 0
  D60 HW histogram: 0:32872 1:459071 2:2981204 3:11921337 4:32788206 5:65563455 6:98366047 7:112449178 8:98429778 9:65638322 10:32822600 11:11942676 12:2984182 13:458977 14:33007

Tail closure among D60=0 matches
  final tail collisions: 0
  best r61 HW: 13
  best r61 W1[57..59]=0x71f,0x19e5,0x20e
  best r61 W2[57..59]=0x62c,0x33b0,0x1212
  best tail HW: 20
  best tail r61 HW: 22
  best W1[57..59]=0x1a81,0x845,0xc81
  best W2[57..59]=0x198e,0x135d,0x2bbf

SUMMARY N=14 sample_start=75595776 prefixes=32768 total=536870912 d0=32872 best_tail=20 tail_r61=22 best_r61=13 tail_W1=0x1a81,0x845,0xc81 tail_W2=0x198e,0x135d,0x2bbf r61_W1=0x71f,0x19e5,0x20e r61_W2=0x62c,0x33b0,0x1212

Scan-only witness registry
  registry_count=16 registry_cap=16
  witness[00] tail=20 r61=22 gh60=0x4a785aa W1=0x1a81,0x845,0xc81 W2=0x198e,0x135d,0x2bbf
  witness[01] tail=23 r61=24 gh60=0x5b5c59e W1=0x14a8,0x3199,0xd25 W2=0x13b5,0x76d,0x1f8b
  witness[02] tail=24 r61=16 gh60=0xcd19d6a W1=0x3ee1,0x2c6f,0x2c03 W2=0x3dee,0x302a,0x3692
  witness[03] tail=24 r61=17 gh60=0xd4acdaa W1=0x18b2,0x2078,0x283d W2=0x17bf,0x39e4,0x1b51
  witness[04] tail=24 r61=19 gh60=0xc604ce6 W1=0x371c,0x296c,0x33ec W2=0x3629,0x47f,0x945
  witness[05] tail=24 r61=21 gh60=0x4a884aa W1=0x12f1,0x28fb,0xc0a W2=0x11fe,0x2bb,0x2381
  witness[06] tail=24 r61=24 gh60=0xf938f6a W1=0x7d1,0x2f38,0x3dbb W2=0x6de,0x3357,0x6ca
  witness[07] tail=24 r61=27 gh60=0x3af5bfe W1=0x1d98,0x3076,0x25fc W2=0x1ca5,0x2906,0x2916
  witness[08] tail=25 r61=15 gh60=0xca085ea W1=0x348d,0x2ec,0x3399 W2=0x339a,0x250a,0x28c5
  witness[09] tail=25 r61=19 gh60=0x5a04bfa W1=0x299a,0x2a53,0x27dd W2=0x28a7,0x17d7,0x1ab8
  witness[10] tail=25 r61=21 gh60=0xb5e8b66 W1=0x39e3,0x518,0x10c8 W2=0x38f0,0x1212,0x2fb9
  witness[11] tail=25 r61=23 gh60=0x55b84aa W1=0x21ed,0x3ea9,0x13c4 W2=0x20fa,0x365,0x1670
  witness[12] tail=25 r61=24 gh60=0xcbfc76a W1=0x1b4e,0x279,0x21ce W2=0x1a5b,0x1bd4,0x1016
  witness[13] tail=25 r61=24 gh60=0xfe09ce6 W1=0x1e0b,0x3802,0x13f2 W2=0x1d18,0x826,0x2f41
  witness[14] tail=25 r61=24 gh60=0xfb1cd66 W1=0x264c,0x3ad5,0x302d W2=0x2559,0xd80,0x1f34
  witness[15] tail=26 r61=15 gh60=0x4a0bcee W1=0xf0f,0x1a7e,0x1028 W2=0xe1c,0x29d9,0x1ac8

Scan-only r61 registry
  registry_count=16 registry_cap=16
  r61_witness[00] r61=13 tail=36 gh60=0xc608cee W1=0x71f,0x19e5,0x20e W2=0x62c,0x33b0,0x1212
  r61_witness[01] r61=14 tail=28 gh60=0x4d08d6a W1=0x851,0x2e5a,0x31bd W2=0x75e,0x26b1,0x9a6
  r61_witness[02] r61=14 tail=30 gh60=0x488c4ba W1=0x233a,0x3bea,0xd44 W2=0x2247,0x251d,0x3557
  r61_witness[03] r61=14 tail=33 gh60=0x48944ae W1=0x530,0x1830,0x3775 W2=0x43d,0x4d1,0x1015
  r61_witness[04] r61=15 tail=25 gh60=0xca085ea W1=0x348d,0x2ec,0x3399 W2=0x339a,0x250a,0x28c5
  r61_witness[05] r61=15 tail=26 gh60=0x4a0bcee W1=0xf0f,0x1a7e,0x1028 W2=0xe1c,0x29d9,0x1ac8
  r61_witness[06] r61=15 tail=29 gh60=0xca085ee W1=0x48f,0x971,0x699 W2=0x39c,0x2eaf,0xab2
  r61_witness[07] r61=15 tail=30 gh60=0x3e184e6 W1=0xc0b,0x149f,0x3141 W2=0xb18,0x3f82,0x2874
  r61_witness[08] r61=15 tail=32 gh60=0x552456a W1=0x22d2,0x1421,0xbe7 W2=0x21df,0x183c,0x2137
  r61_witness[09] r61=15 tail=32 gh60=0x4917b6a W1=0x2dde,0x35dd,0x12e0 W2=0x2ceb,0x26cd,0x13d9
  r61_witness[10] r61=15 tail=35 gh60=0x4e27bea W1=0x2d92,0x2c95,0x316b W2=0x2c9f,0x96d,0x3897
  r61_witness[11] r61=16 tail=24 gh60=0xcd19d6a W1=0x3ee1,0x2c6f,0x2c03 W2=0x3dee,0x302a,0x3692
  r61_witness[12] r61=16 tail=29 gh60=0x4a8c5ba W1=0xc7a,0x1503,0x37d5 W2=0xb87,0x492,0x124e
  r61_witness[13] r61=16 tail=33 gh60=0x4887cba W1=0x2f3a,0x1a09,0x2a21 W2=0x2e47,0x2e41,0x37c7
  r61_witness[14] r61=16 tail=33 gh60=0x5d08d6a W1=0x38e1,0x1f55,0x3da5 W2=0x37ee,0x2bb4,0x3525
  r61_witness[15] r61=16 tail=34 gh60=0xf585c9a W1=0x2a,0x2674,0x1450 W2=0x3f37,0xaf5,0x1a09

D60=0 fiber histogram: 1:7935 2:4749 3:1787 4:1098 5:441 6:215 7:112 8:82 9:24 10:21 11:9 12:4 13:1 14:5 15:2 16:3 17:1
