free_word_mitm_reducedn
N=14 mask=0x3fff msb=0x2000
candidate: M0=0x3d36 mode=random-fallback fill=0x3fff kernel=dM0=dM9=0x2000
prefixes=32768/268435456 mode=permuted-prefix-sample w59_per_prefix=16384 total=536870912
run_mode=scan registry_cap=16
sample_start=142704640
scan_elapsed=18.731s rate=28.66 Mtriples/s

D60 interface
  D60=0 matches: 32910 (random expectation 32768.0, enrichment 1.004x)
  prefixes with D60=0: 16394
  max D60=0 fiber per prefix: 20 at W57=0x2ee7 W58=0x43b
  largest D60 bucket: D=0x3008 count=33806
  min D60 HW: 0
  D60 HW histogram: 0:32910 1:459474 2:2974382 3:11914973 4:32761194 5:65562356 6:98387893 7:112515242 8:98470504 9:65614056 10:32799094 11:11915673 12:2974326 13:456138 14:32697

Tail closure among D60=0 matches
  final tail collisions: 0
  best r61 HW: 14
  best r61 W1[57..59]=0x2f0a,0x3381,0x35f1
  best r61 W2[57..59]=0x2e17,0xe86,0x1730
  best tail HW: 21
  best tail r61 HW: 24
  best W1[57..59]=0x6b,0x2bba,0x318f
  best W2[57..59]=0x3f78,0x2080,0xe6a

SUMMARY N=14 sample_start=142704640 prefixes=32768 total=536870912 d0=32910 best_tail=21 tail_r61=24 best_r61=14 tail_W1=0x6b,0x2bba,0x318f tail_W2=0x3f78,0x2080,0xe6a r61_W1=0x2f0a,0x3381,0x35f1 r61_W2=0x2e17,0xe86,0x1730

Scan-only witness registry
  registry_count=16 registry_cap=16
  witness[00] tail=21 r61=24 gh60=0x5af9da6 W1=0x6b,0x2bba,0x318f W2=0x3f78,0x2080,0xe6a
  witness[01] tail=24 r61=17 gh60=0xdaf8b66 W1=0x35d3,0x3f68,0x18db W2=0x34e0,0x114e,0x415
  witness[02] tail=24 r61=25 gh60=0x5aec59e W1=0x2488,0x3ee0,0x1f04 W2=0x2395,0x56a,0xa92
  witness[03] tail=25 r61=18 gh60=0x566859a W1=0x3a65,0x3bb9,0x1b13 W2=0x3972,0x37f2,0x18b5
  witness[04] tail=25 r61=24 gh60=0xdeac4be W1=0x33f8,0xde4,0x2a28 W2=0x3305,0x1b03,0x2990
  witness[05] tail=25 r61=25 gh60=0x79bc4e6 W1=0x1524,0x3993,0x1e92 W2=0x1431,0x1417,0xbfd
  witness[06] tail=25 r61=26 gh60=0x4889faa W1=0x1fc1,0x1ed6,0x3ae7 W2=0x1ece,0x1ae1,0x3ff1
  witness[07] tail=26 r61=20 gh60=0x4979b6a W1=0x1dd,0x3bd5,0x2842 W2=0xea,0x2bfc,0x3d40
  witness[08] tail=26 r61=20 gh60=0xb929b7e W1=0x21d7,0x16f9,0x3079 W2=0x20e4,0xf20,0x2de1
  witness[09] tail=26 r61=21 gh60=0x75a859a W1=0x1a69,0x3916,0x2ad7 W2=0x1976,0x254b,0x1d4
  witness[10] tail=26 r61=21 gh60=0x4af4f9e W1=0x27c8,0x4fe,0x34d7 W2=0x26d5,0x3a9d,0x1486
  witness[11] tail=26 r61=21 gh60=0xda04ffa W1=0x379a,0x18e5,0x2b99 W2=0x36a7,0x1569,0x7c4
  witness[12] tail=26 r61=22 gh60=0xc634c9e W1=0x608,0x612,0x15aa W2=0x515,0x7c5,0x30c8
  witness[13] tail=26 r61=24 gh60=0x3bdc79a W1=0x366,0x3955,0x2364 W2=0x273,0x3bc1,0x322a
  witness[14] tail=26 r61=24 gh60=0x4d1856a W1=0x1ce1,0x3a07,0x286 W2=0x1bee,0x22d,0x15c8
  witness[15] tail=26 r61=24 gh60=0x49544be W1=0x2338,0x2c41,0x2d1d W2=0x2245,0x3d60,0x247e

Scan-only r61 registry
  registry_count=16 registry_cap=16
  r61_witness[00] r61=14 tail=36 gh60=0x5a07c9a W1=0x2f0a,0x3381,0x35f1 W2=0x2e17,0xe86,0x1730
  r61_witness[01] r61=15 tail=28 gh60=0xda047e6 W1=0xb9c,0x2050,0x3b1a W2=0xaa9,0xc10,0x3485
  r61_witness[02] r61=15 tail=29 gh60=0x455457a W1=0xc56,0x3c1d,0xa9a W2=0xb63,0x1332,0x276d
  r61_witness[03] r61=15 tail=30 gh60=0xcb14b6a W1=0x5de,0x3a46,0x5fe W2=0x4eb,0x3c32,0x369f
  r61_witness[04] r61=15 tail=31 gh60=0x4a045fa W1=0x129a,0xff0,0x17a9 W2=0x11a7,0x985,0x1834
  r61_witness[05] r61=15 tail=33 gh60=0x4bebb66 W1=0xd53,0x2cd9,0x22f8 W2=0xc60,0x2345,0x3f32
  r61_witness[06] r61=16 tail=28 gh60=0x461bfea W1=0x2f91,0xf29,0x28a7 W2=0x2e9e,0x3abc,0x266c
  r61_witness[07] r61=16 tail=29 gh60=0x4ca7cea W1=0xe22,0xaa1,0x1903 W2=0xd2f,0x3db1,0x2b54
  r61_witness[08] r61=16 tail=30 gh60=0xda05ffa W1=0x3f9a,0x2672,0x73d W2=0x3ea7,0x14f6,0x2228
  r61_witness[09] r61=16 tail=32 gh60=0x5484ca6 W1=0x382c,0x88f,0xde6 W2=0x3739,0x11ac,0xa38
  r61_witness[10] r61=16 tail=33 gh60=0xda0449a W1=0x20a,0x1cff,0xcf1 W2=0x117,0x1c5,0x3d68
  r61_witness[11] r61=16 tail=40 gh60=0x592849e W1=0x2b47,0x1cce,0x3dbd W2=0x2a54,0x1cbd,0xaa9
  r61_witness[12] r61=17 tail=24 gh60=0xdaf8b66 W1=0x35d3,0x3f68,0x18db W2=0x34e0,0x114e,0x415
  r61_witness[13] r61=17 tail=27 gh60=0x5d3457a W1=0x3a56,0x18b9,0x566 W2=0x3963,0x16e,0x355c
  r61_witness[14] r61=17 tail=28 gh60=0x4a39ce6 W1=0x1f13,0x10ab,0x36dd W2=0x1e20,0xd4f,0x1d92
  r61_witness[15] r61=17 tail=29 gh60=0x58b8bae W1=0x5af,0x3973,0x12c9 W2=0x4bc,0x318a,0x2120

D60=0 fiber histogram: 1:7837 2:4684 3:1828 4:1168 5:398 6:230 7:85 8:69 9:38 10:21 11:11 12:7 13:4 14:4 15:2 16:4 17:1 18:2 20:1
