free_word_mitm_reducedn
N=14 mask=0x3fff msb=0x2000
candidate: M0=0x3d36 mode=random-fallback fill=0x3fff kernel=dM0=dM9=0x2000
prefixes=32768/268435456 mode=permuted-prefix-sample w59_per_prefix=16384 total=536870912
run_mode=scan registry_cap=16
sample_start=169869312
scan_elapsed=19.173s rate=28.00 Mtriples/s

D60 interface
  D60=0 matches: 33166 (random expectation 32768.0, enrichment 1.012x)
  prefixes with D60=0: 16677
  max D60=0 fiber per prefix: 21 at W57=0x13a4 W58=0x1c2f
  largest D60 bucket: D=0x93f count=33774
  min D60 HW: 0
  D60 HW histogram: 0:33166 1:457741 2:2976572 3:11910802 4:32778490 5:65603319 6:98437898 7:112502419 8:98436845 9:65580885 10:32775575 11:11910499 12:2976836 13:457219 14:32646

Tail closure among D60=0 matches
  final tail collisions: 0
  best r61 HW: 11
  best r61 W1[57..59]=0x173d,0x2b01,0x3a09
  best r61 W2[57..59]=0x164a,0x3f6c,0x1d3f
  best tail HW: 16
  best tail r61 HW: 18
  best W1[57..59]=0x234d,0x1614,0x1968
  best W2[57..59]=0x225a,0xc6e,0x2723

SUMMARY N=14 sample_start=169869312 prefixes=32768 total=536870912 d0=33166 best_tail=16 tail_r61=18 best_r61=11 tail_W1=0x234d,0x1614,0x1968 tail_W2=0x225a,0xc6e,0x2723 r61_W1=0x173d,0x2b01,0x3a09 r61_W2=0x164a,0x3f6c,0x1d3f

Scan-only witness registry
  registry_count=16 registry_cap=16
  witness[00] tail=16 r61=18 gh60=0xf90876a W1=0x234d,0x1614,0x1968 W2=0x225a,0xc6e,0x2723
  witness[01] tail=20 r61=13 gh60=0x4684ca6 W1=0x5ec,0x793,0x2338 W2=0x4f9,0x28b0,0x2ece
  witness[02] tail=22 r61=21 gh60=0xbaefca6 W1=0xf04,0x2ea8,0x35c9 W2=0xe11,0x1263,0x48c
  witness[03] tail=23 r61=20 gh60=0x46085ea W1=0x2c8d,0x2176,0x162e W2=0x2b9a,0x2e10,0x1263
  witness[04] tail=24 r61=20 gh60=0xc51c566 W1=0x345c,0x1272,0x35f9 W2=0x3369,0x1eb4,0x46b
  witness[05] tail=24 r61=21 gh60=0x4b3fd9a W1=0xeca,0x15e8,0xbd W2=0xdd7,0x3895,0x38ac
  witness[06] tail=24 r61=21 gh60=0xd9ecb7e W1=0x19d8,0x1b38,0x34f0 W2=0x18e5,0x255c,0x838
  witness[07] tail=24 r61=21 gh60=0x4ab84ba W1=0x2cf5,0x1115,0x1a98 W2=0x2c02,0x3693,0xd76
  witness[08] tail=24 r61=26 gh60=0xf53456e W1=0x260,0x3057,0x123e W2=0x16d,0x177a,0x1b43
  witness[09] tail=24 r61=26 gh60=0xf59fdaa W1=0x10b2,0x2ed,0x1d8f W2=0xfbf,0x3fe1,0x39c3
  witness[10] tail=25 r61=21 gh60=0x3ca4da6 W1=0x26b4,0x12a0,0x10dd W2=0x25c1,0xaf5,0x2089
  witness[11] tail=25 r61=23 gh60=0xc7afcba W1=0xe36,0x2aa,0x3218 W2=0xd43,0x14e6,0x378c
  witness[12] tail=25 r61=23 gh60=0xca1849a W1=0x1d05,0x3b19,0x11b W2=0x1c12,0x31e4,0x27d
  witness[13] tail=25 r61=24 gh60=0xf6b85ba W1=0x279,0x3d65,0x3118 W2=0x186,0x190f,0xac4
  witness[14] tail=25 r61=24 gh60=0x5898b9a W1=0x5a5,0x2f67,0xbaa W2=0x4b2,0x1d91,0x15b8
  witness[15] tail=26 r61=18 gh60=0x5a8c4ae W1=0x2a00,0x2660,0x34d6 W2=0x290d,0x271,0x379b

Scan-only r61 registry
  registry_count=16 registry_cap=16
  r61_witness[00] r61=11 tail=28 gh60=0x4898caa W1=0x173d,0x2b01,0x3a09 W2=0x164a,0x3f6c,0x1d3f
  r61_witness[01] r61=13 tail=20 gh60=0x4684ca6 W1=0x5ec,0x793,0x2338 W2=0x4f9,0x28b0,0x2ece
  r61_witness[02] r61=14 tail=30 gh60=0x5a0ddee W1=0x20a0,0x316a,0x39fc W2=0x1fad,0x139a,0x62c
  r61_witness[03] r61=15 tail=30 gh60=0xcca45e6 W1=0x4a4,0x3b6e,0x37e0 W2=0x3b1,0x14ce,0x2369
  r61_witness[04] r61=15 tail=30 gh60=0x4a08fea W1=0x2791,0x1db3,0x34c3 W2=0x269e,0x1a42,0x1221
  r61_witness[05] r61=15 tail=38 gh60=0x5a087ea W1=0x239d,0x2299,0xa65 W2=0x22aa,0x1257,0x2f02
  r61_witness[06] r61=16 tail=32 gh60=0xc668c9e W1=0x907,0x3ad7,0x2c30 W2=0x814,0x3689,0x317d
  r61_witness[07] r61=16 tail=40 gh60=0x4a04ce6 W1=0x161c,0x154a,0x563 W2=0x1529,0x44d,0x372
  r61_witness[08] r61=17 tail=29 gh60=0x4a88fae W1=0x177f,0xa3b,0x6f6 W2=0x168c,0x10f2,0x3c8c
  r61_witness[09] r61=17 tail=29 gh60=0x4497cae W1=0x2e30,0x1dce,0x3413 W2=0x2d3d,0x26b6,0x2759
  r61_witness[10] r61=17 tail=31 gh60=0x5504d66 W1=0x28dc,0x3f36,0x1c13 W2=0x27e9,0x3255,0x52c
  r61_witness[11] r61=17 tail=31 gh60=0x38b44aa W1=0x332e,0x13a,0x35d0 W2=0x323b,0x183b,0x2174
  r61_witness[12] r61=17 tail=32 gh60=0x5914b6e W1=0x550,0x29f0,0x2fbd W2=0x45d,0x2418,0x6fa
  r61_witness[13] r61=17 tail=32 gh60=0xc88bfaa W1=0xfad,0x7cc,0x3aa4 W2=0xeba,0x2ce7,0x383e
  r61_witness[14] r61=17 tail=32 gh60=0x4ba84a6 W1=0x12f3,0x38a6,0x12d7 W2=0x1200,0xa91,0x37b3
  r61_witness[15] r61=17 tail=32 gh60=0xc504d66 W1=0x16cc,0xaf4,0x278d W2=0x15d9,0x38c3,0x5b4

D60=0 fiber histogram: 1:8025 2:4778 3:1855 4:1142 5:434 6:214 7:73 8:69 9:29 10:34 11:6 12:5 13:3 14:1 15:2 16:2 17:2 19:2 21:1
