free_word_mitm_reducedn
N=14 mask=0x3fff msb=0x2000
candidate: M0=0x3d36 mode=random-fallback fill=0x3fff kernel=dM0=dM9=0x2000
prefixes=32768/268435456 mode=permuted-prefix-sample w59_per_prefix=16384 total=536870912
run_mode=scan registry_cap=16
sample_start=102760448
scan_elapsed=19.311s rate=27.80 Mtriples/s

D60 interface
  D60=0 matches: 32868 (random expectation 32768.0, enrichment 1.003x)
  prefixes with D60=0: 16514
  max D60=0 fiber per prefix: 18 at W57=0x1282 W58=0x4ae
  largest D60 bucket: D=0x1330 count=33887
  min D60 HW: 0
  D60 HW histogram: 0:32868 1:458649 2:2976601 3:11907785 4:32762975 5:65590337 6:98422780 7:112509869 8:98426237 9:65587392 10:32795668 11:11925741 12:2983368 13:458036 14:32606

Tail closure among D60=0 matches
  final tail collisions: 0
  best r61 HW: 13
  best r61 W1[57..59]=0x3b07,0xc44,0x2682
  best r61 W2[57..59]=0x3a14,0x1cbb,0x64e
  best tail HW: 20
  best tail r61 HW: 13
  best W1[57..59]=0x3b07,0xc44,0x2682
  best W2[57..59]=0x3a14,0x1cbb,0x64e

SUMMARY N=14 sample_start=102760448 prefixes=32768 total=536870912 d0=32868 best_tail=20 tail_r61=13 best_r61=13 tail_W1=0x3b07,0xc44,0x2682 tail_W2=0x3a14,0x1cbb,0x64e r61_W1=0x3b07,0xc44,0x2682 r61_W2=0x3a14,0x1cbb,0x64e

Scan-only witness registry
  registry_count=16 registry_cap=16
  witness[00] tail=20 r61=13 gh60=0x7a5849e W1=0x3b07,0xc44,0x2682 W2=0x3a14,0x1cbb,0x64e
  witness[01] tail=23 r61=18 gh60=0x4b98de6 W1=0x28a3,0x6a,0x1034 W2=0x27b0,0x1048,0x3c5f
  witness[02] tail=23 r61=23 gh60=0xc908b6a W1=0x2961,0x1f74,0xd1a W2=0x286e,0x215f,0x1467
  witness[03] tail=24 r61=19 gh60=0x4c884aa W1=0x241,0x344e,0x3ca8 W2=0x14e,0x373e,0x14de
  witness[04] tail=24 r61=25 gh60=0xc8dc4ba W1=0x1b36,0x737,0x1c1f W2=0x1a43,0x3dba,0x10fc
  witness[05] tail=25 r61=18 gh60=0x4e0bbee W1=0x319f,0x10d4,0x92a W2=0x30ac,0x3957,0x1792
  witness[06] tail=25 r61=23 gh60=0x5ba45ea W1=0x2aa2,0x12fe,0x3a30 W2=0x29af,0x22b5,0x87
  witness[07] tail=25 r61=24 gh60=0xdf68b7e W1=0x3557,0x1385,0x2648 W2=0x3464,0x1ca8,0x28c6
  witness[08] tail=25 r61=29 gh60=0xfa1c7e6 W1=0x3394,0x3d45,0xf5b W2=0x32a1,0x3725,0x1222
  witness[09] tail=25 r61=32 gh60=0xcd9c5a6 W1=0x34ac,0x16cd,0x26de W2=0x33b9,0x1c13,0x14ad
  witness[10] tail=26 r61=16 gh60=0x4a24fea W1=0x2792,0x368,0x3291 W2=0x269f,0x33fc,0x2ce5
  witness[11] tail=26 r61=17 gh60=0xbe145ea W1=0x129e,0x232f,0xf74 W2=0x11ab,0x2bbe,0x181c
  witness[12] tail=26 r61=17 gh60=0xd918f6a W1=0x174d,0x2be0,0x9b0 W2=0x165a,0x2af7,0x3f85
  witness[13] tail=26 r61=18 gh60=0x4a14dea W1=0x188e,0x1f6a,0x2166 W2=0x179b,0x274e,0x51f
  witness[14] tail=26 r61=18 gh60=0xb504566 W1=0x3a5c,0xf8c,0x3892 W2=0x3969,0x37b0,0x305a
  witness[15] tail=26 r61=19 gh60=0xc8884ae W1=0x52f,0x668,0x12de W2=0x43c,0x2308,0x13e0

Scan-only r61 registry
  registry_count=16 registry_cap=16
  r61_witness[00] r61=13 tail=20 gh60=0x7a5849e W1=0x3b07,0xc44,0x2682 W2=0x3a14,0x1cbb,0x64e
  r61_witness[01] r61=14 tail=28 gh60=0x4b08f6a W1=0x761,0x1d0c,0xca0 W2=0x66e,0x181f,0x2fed
  r61_witness[02] r61=14 tail=31 gh60=0x4a19bee W1=0x18f,0x1efb,0x3c30 W2=0x9c,0x128a,0x3183
  r61_witness[03] r61=15 tail=29 gh60=0x4615bee W1=0x2190,0xecf,0x1dfc W2=0x209d,0x25f,0xc0b
  r61_witness[04] r61=15 tail=33 gh60=0x4a68b9a W1=0x2589,0x3ef0,0x35b3 W2=0x2496,0x3e0a,0x1261
  r61_witness[05] r61=15 tail=35 gh60=0x490bb6e W1=0x115f,0xf4e,0x233 W2=0x106c,0x315d,0x176d
  r61_witness[06] r61=16 tail=26 gh60=0x4a24fea W1=0x2792,0x368,0x3291 W2=0x269f,0x33fc,0x2ce5
  r61_witness[07] r61=16 tail=27 gh60=0xc8847ba W1=0xbba,0x2e7c,0x391c W2=0xac7,0x2137,0x16ae
  r61_witness[08] r61=16 tail=28 gh60=0xb508d6a W1=0x28dd,0x1d15,0x1915 W2=0x27ea,0x2474,0xa42
  r61_witness[09] r61=16 tail=30 gh60=0xca0c5e6 W1=0x348c,0x3124,0x2ac6 W2=0x3399,0x36e2,0x29cc
  r61_witness[10] r61=16 tail=32 gh60=0x488fcaa W1=0x2f2e,0x2c69,0x393c W2=0x2e3b,0x2171,0xccf
  r61_witness[11] r61=16 tail=34 gh60=0x4904f7a W1=0x375a,0x256b,0x1b2a W2=0x3667,0x2183,0x326b
  r61_witness[12] r61=16 tail=35 gh60=0x4a0c5e6 W1=0x48c,0x102a,0x1656 W2=0x399,0x8e4,0x22d0
  r61_witness[13] r61=16 tail=38 gh60=0x4a05ce6 W1=0x3e0c,0x3ed,0x1371 W2=0x3d19,0x2402,0x1496
  r61_witness[14] r61=16 tail=40 gh60=0x4a0bce6 W1=0x301b,0x85b,0x5d9 W2=0x2f28,0x1feb,0x13f4
  r61_witness[15] r61=16 tail=42 gh60=0x4a0449a W1=0x220a,0x2b0b,0x2207 W2=0x2117,0xfc9,0x3caa

D60=0 fiber histogram: 1:7912 2:4754 3:1847 4:1110 5:403 6:251 7:97 8:77 9:28 10:15 11:6 12:10 14:1 15:1 16:1 18:1
