free_word_mitm_reducedn
N=14 mask=0x3fff msb=0x2000
candidate: M0=0x3d36 mode=random-fallback fill=0x3fff kernel=dM0=dM9=0x2000
prefixes=32768/268435456 mode=permuted-prefix-sample w59_per_prefix=16384 total=536870912
run_mode=scan registry_cap=16
sample_start=94371840
scan_elapsed=19.227s rate=27.92 Mtriples/s

D60 interface
  D60=0 matches: 32347 (random expectation 32768.0, enrichment 0.987x)
  prefixes with D60=0: 16429
  max D60=0 fiber per prefix: 19 at W57=0x2ec9 W58=0x2828
  largest D60 bucket: D=0x2c4e count=33754
  min D60 HW: 0
  D60 HW histogram: 0:32347 1:457738 2:2969328 3:11897691 4:32775555 5:65614245 6:98486286 7:112549093 8:98405544 9:65580788 10:32747149 11:11894647 12:2969424 13:458121 14:32956

Tail closure among D60=0 matches
  final tail collisions: 0
  best r61 HW: 14
  best r61 W1[57..59]=0x1b1f,0x3b93,0x2041
  best r61 W2[57..59]=0x1a2c,0x2e99,0x22b1
  best tail HW: 20
  best tail r61 HW: 19
  best W1[57..59]=0x1215,0x39f3,0xefb
  best W2[57..59]=0x1122,0x2fb7,0x29cc

SUMMARY N=14 sample_start=94371840 prefixes=32768 total=536870912 d0=32347 best_tail=20 tail_r61=19 best_r61=14 tail_W1=0x1215,0x39f3,0xefb tail_W2=0x1122,0x2fb7,0x29cc r61_W1=0x1b1f,0x3b93,0x2041 r61_W2=0x1a2c,0x2e99,0x22b1

Scan-only witness registry
  registry_count=16 registry_cap=16
  witness[00] tail=20 r61=19 gh60=0x4e284fa W1=0x1215,0x39f3,0xefb W2=0x1122,0x2fb7,0x29cc
  witness[01] tail=23 r61=20 gh60=0xcb887ae W1=0x1b7f,0x18f7,0x3442 W2=0x1a8c,0x21af,0x112c
  witness[02] tail=23 r61=23 gh60=0xc62fc9e W1=0xe08,0x35b6,0x4ed W2=0xd15,0x2ce7,0x61c
  witness[03] tail=24 r61=20 gh60=0x4b78766 W1=0xb53,0xa92,0x238b W2=0xa60,0x3963,0x24b2
  witness[04] tail=24 r61=21 gh60=0xca6879a W1=0x2b65,0xfa,0x2620 W2=0x2a72,0x3347,0x3a07
  witness[05] tail=25 r61=14 gh60=0xc98ccaa W1=0x38fe,0x25a2,0x1ccc W2=0x380b,0x3892,0x21e3
  witness[06] tail=25 r61=18 gh60=0x7d98da6 W1=0x87b,0x3028,0x32e4 W2=0x788,0x21dc,0x169e
  witness[07] tail=25 r61=19 gh60=0xbb35d7e W1=0xd8,0x2e8c,0x37f2 W2=0x3fe5,0x2cbc,0x8fd
  witness[08] tail=25 r61=19 gh60=0x59b87ae W1=0x37f,0x287a,0x2a52 W2=0x28c,0x2232,0x3027
  witness[09] tail=25 r61=21 gh60=0x491c49a W1=0x234a,0x6b6,0xa21 W2=0x2257,0x2f38,0x38ad
  witness[10] tail=25 r61=21 gh60=0x4639ffe W1=0x3f97,0x3b01,0x213e W2=0x3ea4,0x31d0,0x2583
  witness[11] tail=25 r61=22 gh60=0x4f5479a W1=0x13a6,0x1d8,0x3bd2 W2=0x12b3,0x13ac,0x360f
  witness[12] tail=25 r61=22 gh60=0xc6d5c9a W1=0x1de6,0x1354,0x1a0a W2=0x1cf3,0x3829,0x156
  witness[13] tail=25 r61=24 gh60=0xc499da6 W1=0x1eab,0xee4,0x27fa W2=0x1db8,0x2496,0x2c36
  witness[14] tail=25 r61=24 gh60=0x49b8caa W1=0x28f1,0x731,0x13ac W2=0x27fe,0x9f0,0x34cb
  witness[15] tail=25 r61=28 gh60=0xbbb84aa W1=0x2a3d,0x1693,0x1d3f W2=0x294a,0x1a3f,0x382d

Scan-only r61 registry
  registry_count=16 registry_cap=16
  r61_witness[00] r61=14 tail=25 gh60=0xc98ccaa W1=0x38fe,0x25a2,0x1ccc W2=0x380b,0x3892,0x21e3
  r61_witness[01] r61=14 tail=33 gh60=0x4a084ea W1=0x3d21,0x1da4,0x1bea W2=0x3c2e,0x344a,0x1639
  r61_witness[02] r61=14 tail=37 gh60=0x4e084ee W1=0x1b1f,0x3b93,0x2041 W2=0x1a2c,0x2e99,0x22b1
  r61_witness[03] r61=15 tail=32 gh60=0x491cb9a W1=0x9ca,0x10fd,0x1e8d W2=0x8d7,0x3e48,0x2c99
  r61_witness[04] r61=16 tail=27 gh60=0x3d04d66 W1=0x16dc,0x1de8,0x328d W2=0x15e9,0xcab,0x3627
  r61_witness[05] r61=16 tail=29 gh60=0x4a88cae W1=0x6ff,0x3214,0x1e5b W2=0x60c,0xde3,0x470
  r61_witness[06] r61=16 tail=29 gh60=0xc909b6a W1=0x215d,0x24aa,0x34d2 W2=0x206a,0x14d1,0x24a4
  r61_witness[07] r61=16 tail=31 gh60=0x3d25caa W1=0x1e42,0x3166,0xe9d W2=0x1d4f,0x3b7e,0x38ea
  r61_witness[08] r61=16 tail=32 gh60=0xca88caa W1=0x6ed,0x18c,0x368 W2=0x5fa,0x687,0xef3
  r61_witness[09] r61=16 tail=33 gh60=0x490bb6e W1=0xdcf,0xec0,0x28f8 W2=0xcdc,0x34df,0x3f16
  r61_witness[10] r61=16 tail=34 gh60=0x490876e W1=0x3df,0xdb4,0x20e1 W2=0x2ec,0x6de,0x2def
  r61_witness[11] r61=16 tail=34 gh60=0xcb0856a W1=0x24d1,0x20a2,0xf24 W2=0x23de,0x1b58,0x114c
  r61_witness[12] r61=16 tail=35 gh60=0x4a08fee W1=0x79f,0xf09,0x14b6 W2=0x6ac,0x2cc,0x318a
  r61_witness[13] r61=16 tail=39 gh60=0xca09dee W1=0x3e8f,0x3258,0x3fe0 W2=0x3d9c,0x1a97,0x1c3c
  r61_witness[14] r61=17 tail=26 gh60=0x5d8dcaa W1=0x1e3e,0x2e29,0x72 W2=0x1d4b,0x37dd,0x1abd
  r61_witness[15] r61=17 tail=26 gh60=0x5a68da6 W1=0x2873,0x27b8,0x2786 W2=0x2780,0x3b0c,0x2560

D60=0 fiber histogram: 1:7944 2:4802 3:1754 4:1064 5:425 6:229 7:82 8:66 9:23 10:17 11:7 12:6 13:3 14:1 15:1 16:2 17:1 18:1 19:1
