free_word_mitm_reducedn
N=14 mask=0x3fff msb=0x2000
candidate: M0=0x3d36 mode=random-fallback fill=0x3fff kernel=dM0=dM9=0x2000
prefixes=32768/268435456 mode=permuted-prefix-sample w59_per_prefix=16384 total=536870912
run_mode=scan registry_cap=16
sample_start=36929536
scan_elapsed=20.047s rate=26.78 Mtriples/s

D60 interface
  D60=0 matches: 32665 (random expectation 32768.0, enrichment 0.997x)
  prefixes with D60=0: 16447
  max D60=0 fiber per prefix: 20 at W57=0x3b9d W58=0x3d91
  largest D60 bucket: D=0x90c count=33815
  min D60 HW: 0
  D60 HW histogram: 0:32665 1:457985 2:2980938 3:11924785 4:32809808 5:65624128 6:98420047 7:112467287 8:98379455 9:65588949 10:32791824 11:11920163 12:2981433 13:458997 14:32448

Tail closure among D60=0 matches
  final tail collisions: 0
  best r61 HW: 12
  best r61 W1[57..59]=0x1e0c,0x449,0x253
  best r61 W2[57..59]=0x1d19,0x245e,0x2808
  best tail HW: 23
  best tail r61 HW: 18
  best W1[57..59]=0xe1a,0x167a,0x107a
  best W2[57..59]=0xd27,0x296e,0x11e3

SUMMARY N=14 sample_start=36929536 prefixes=32768 total=536870912 d0=32665 best_tail=23 tail_r61=18 best_r61=12 tail_W1=0xe1a,0x167a,0x107a tail_W2=0xd27,0x296e,0x11e3 r61_W1=0x1e0c,0x449,0x253 r61_W2=0x1d19,0x245e,0x2808

Scan-only witness registry
  registry_count=16 registry_cap=16
  witness[00] tail=23 r61=15 gh60=0xc90bb6a W1=0x31e1,0x325f,0x24e6 W2=0x30ee,0x1e4e,0x3dc3
  witness[01] tail=23 r61=18 gh60=0x4e07cfa W1=0xe1a,0x167a,0x107a W2=0xd27,0x296e,0x11e3
  witness[02] tail=23 r61=21 gh60=0x49b44aa W1=0x14ee,0x3278,0x2558 W2=0x13fb,0xa79,0x3833
  witness[03] tail=23 r61=23 gh60=0x5f6c4be W1=0xb38,0xe17,0x973 W2=0xa45,0x1eb6,0x17f8
  witness[04] tail=23 r61=27 gh60=0x5efc4ae W1=0x3cf0,0x258e,0x470 W2=0x3bfd,0x252f,0x30f0
  witness[05] tail=24 r61=18 gh60=0x5c985a6 W1=0x14ab,0x1d89,0x26e2 W2=0x13b8,0x24be,0x1dd7
  witness[06] tail=24 r61=21 gh60=0xcf28b7a W1=0x959,0x156b,0x1fd6 W2=0x866,0xe6e,0x34b8
  witness[07] tail=24 r61=25 gh60=0x7d65d66 W1=0x2054,0xeb2,0x1102 W2=0x1f61,0x1c8b,0x2623
  witness[08] tail=25 r61=17 gh60=0x45b859e W1=0xc67,0x943,0x2df2 W2=0xb74,0x101c,0x2e13
  witness[09] tail=25 r61=19 gh60=0x4918b7a W1=0x1555,0x304d,0x1ece W2=0x1462,0x3144,0x1dbf
  witness[10] tail=25 r61=21 gh60=0x5da5cea W1=0x3e22,0x3a03,0x4ac W2=0x3d2f,0x20f,0x193f
  witness[11] tail=25 r61=22 gh60=0xdb57f7a W1=0x2f56,0xf1c,0x72 W2=0x2e63,0x3d3c,0x1243
  witness[12] tail=26 r61=19 gh60=0x4e0c4ea W1=0x1b1e,0x322f,0xfd7 W2=0x1a2b,0x926,0x2915
  witness[13] tail=26 r61=20 gh60=0xcba87ba W1=0x23b5,0x2c43,0x3dce W2=0x22c2,0x1f15,0x1261
  witness[14] tail=26 r61=21 gh60=0x4b89fa6 W1=0x1fab,0x358e,0x4b5 W2=0x1eb8,0x1960,0x295f
  witness[15] tail=26 r61=22 gh60=0x4ba44aa W1=0x332,0x15ce,0x26a8 W2=0x23f,0x1c13,0x1dc1

Scan-only r61 registry
  registry_count=16 registry_cap=16
  r61_witness[00] r61=12 tail=28 gh60=0x4e05ce6 W1=0x1e0c,0x449,0x253 W2=0x1d19,0x245e,0x2808
  r61_witness[01] r61=14 tail=35 gh60=0xc487ca6 W1=0xe2c,0x702,0x5a8 W2=0xd39,0x199d,0x3922
  r61_witness[02] r61=15 tail=23 gh60=0xc90bb6a W1=0x31e1,0x325f,0x24e6 W2=0x30ee,0x1e4e,0x3dc3
  r61_witness[03] r61=15 tail=36 gh60=0x4a94daa W1=0x266e,0x16b9,0x7d1 W2=0x257b,0x1791,0x1cb7
  r61_witness[04] r61=16 tail=31 gh60=0x49a849a W1=0x529,0x1dfd,0xb3b W2=0x436,0x3cc,0x7cf
  r61_witness[05] r61=16 tail=33 gh60=0xca8449a W1=0x1aea,0x3c55,0xced W2=0x19f7,0x349f,0x3afb
  r61_witness[06] r61=16 tail=35 gh60=0xc584ca6 W1=0x35fc,0x23e7,0x1978 W2=0x3509,0x14f4,0x3aa8
  r61_witness[07] r61=16 tail=36 gh60=0x46184a6 W1=0x2c03,0x26ac,0x1901 W2=0x2b10,0x34a9,0x2dd2
  r61_witness[08] r61=16 tail=37 gh60=0x4b04566 W1=0xa5c,0x2cf8,0x22e2 W2=0x969,0x218,0x32b5
  r61_witness[09] r61=17 tail=25 gh60=0x45b859e W1=0xc67,0x943,0x2df2 W2=0xb74,0x101c,0x2e13
  r61_witness[10] r61=17 tail=27 gh60=0x5a084ee W1=0x150f,0x9eb,0x2e9d W2=0x141c,0x3a05,0x492
  r61_witness[11] r61=17 tail=28 gh60=0x5b244aa W1=0x1c42,0x1959,0xbcf W2=0x1b4f,0x2d6e,0xdb3
  r61_witness[12] r61=17 tail=29 gh60=0xce0449a W1=0x1c0a,0x2042,0x13ab W2=0x1b17,0x1706,0x1c74
  r61_witness[13] r61=17 tail=29 gh60=0xc51c566 W1=0x2ccc,0x2579,0x4fb W2=0x2bd9,0x1dad,0x35
  r61_witness[14] r61=17 tail=29 gh60=0xca08dee W1=0x368f,0x946,0x3528 W2=0x359c,0x309,0x2fb5
  r61_witness[15] r61=17 tail=30 gh60=0x49dbc9a W1=0xe09,0x13d1,0x3492 W2=0xd16,0x2721,0x3742

D60=0 fiber histogram: 1:8021 2:4709 3:1721 4:1061 5:426 6:247 7:112 8:80 9:21 10:18 11:10 12:8 13:3 14:2 15:1 16:1 17:2 18:1 19:2 20:1
