free_word_mitm_reducedn
N=14 mask=0x3fff msb=0x2000
candidate: M0=0x3d36 mode=random-fallback fill=0x3fff kernel=dM0=dM9=0x2000
prefixes=32768/268435456 mode=permuted-prefix-sample w59_per_prefix=16384 total=536870912
run_mode=scan registry_cap=16
sample_start=162758656
scan_elapsed=20.179s rate=26.61 Mtriples/s

D60 interface
  D60=0 matches: 32255 (random expectation 32768.0, enrichment 0.984x)
  prefixes with D60=0: 16406
  max D60=0 fiber per prefix: 18 at W57=0xe5b W58=0x3dd5
  largest D60 bucket: D=0x13d count=33766
  min D60 HW: 0
  D60 HW histogram: 0:32255 1:455677 2:2972254 3:11910745 4:32787420 5:65593206 6:98438486 7:112500488 8:98440091 9:65598752 10:32776911 11:11904107 12:2971790 13:456040 14:32690

Tail closure among D60=0 matches
  final tail collisions: 0
  best r61 HW: 13
  best r61 W1[57..59]=0xf3d,0x3def,0x4b3
  best r61 W2[57..59]=0xe4a,0x30d6,0x2b12
  best tail HW: 22
  best tail r61 HW: 24
  best W1[57..59]=0x239d,0x6ff,0x289d
  best W2[57..59]=0x22aa,0x36bd,0x19a9

SUMMARY N=14 sample_start=162758656 prefixes=32768 total=536870912 d0=32255 best_tail=22 tail_r61=24 best_r61=13 tail_W1=0x239d,0x6ff,0x289d tail_W2=0x22aa,0x36bd,0x19a9 r61_W1=0xf3d,0x3def,0x4b3 r61_W2=0xe4a,0x30d6,0x2b12

Scan-only witness registry
  registry_count=16 registry_cap=16
  witness[00] tail=22 r61=24 gh60=0x7e187ea W1=0x239d,0x6ff,0x289d W2=0x22aa,0x36bd,0x19a9
  witness[01] tail=23 r61=24 gh60=0x46a849e W1=0x13e7,0x1199,0x153 W2=0x12f4,0x2fd0,0x1a6b
  witness[02] tail=23 r61=25 gh60=0x5ef8d6a W1=0x651,0x3e64,0x15c9 W2=0x55e,0x3cdb,0x2c04
  witness[03] tail=24 r61=17 gh60=0xcc8c4aa W1=0x22e,0x277,0xc2b W2=0x13b,0x4b8,0x2e5c
  witness[04] tail=24 r61=21 gh60=0x7e7849a W1=0x509,0x362a,0x138a W2=0x416,0x1cbb,0x34a0
  witness[05] tail=25 r61=17 gh60=0xca88baa W1=0x156d,0x3da6,0x2c79 W2=0x147a,0x3e29,0x1c
  witness[06] tail=25 r61=17 gh60=0x4f8cc9a W1=0x16ea,0x2d84,0x1856 W2=0x15f7,0x22cf,0x269d
  witness[07] tail=25 r61=20 gh60=0xdd88cae W1=0x15ef,0x1c71,0x45b W2=0x14fc,0x1c50,0x39ef
  witness[08] tail=25 r61=21 gh60=0x5e3c4ea W1=0x312,0x2a10,0x149d W2=0x21f,0x34db,0x2d4c
  witness[09] tail=25 r61=22 gh60=0x5f3849a W1=0x1d45,0x1f10,0x2e4d W2=0x1c52,0x1557,0x114b
  witness[10] tail=26 r61=15 gh60=0x78a44aa W1=0x1532,0x331c,0x3de3 W2=0x143f,0xae1,0x635
  witness[11] tail=26 r61=17 gh60=0x4a2849e W1=0xb07,0x1fb0,0x1952 W2=0xa14,0x2023,0x110a
  witness[12] tail=26 r61=19 gh60=0x48b8caa W1=0x173d,0xb7c,0x1019 W2=0x164a,0x1fe7,0x14f
  witness[13] tail=26 r61=19 gh60=0x49f9b6a W1=0x21cd,0x353e,0x19f6 W2=0x20da,0x1c7d,0x25c4
  witness[14] tail=26 r61=19 gh60=0xc49bca6 W1=0x2e33,0x13a7,0x10ad W2=0x2d40,0x30d9,0x2607
  witness[15] tail=26 r61=20 gh60=0xca1bda6 W1=0x3083,0x248a,0x121b W2=0x2f90,0x27ec,0x192b

Scan-only r61 registry
  registry_count=16 registry_cap=16
  r61_witness[00] r61=13 tail=33 gh60=0x489bcaa W1=0xf3d,0x3def,0x4b3 W2=0xe4a,0x30d6,0x2b12
  r61_witness[01] r61=14 tail=30 gh60=0xb605cfa W1=0x1a,0x2de8,0x1dc4 W2=0x3f27,0x10d4,0x1ac4
  r61_witness[02] r61=15 tail=26 gh60=0x78a44aa W1=0x1532,0x331c,0x3de3 W2=0x143f,0xae1,0x635
  r61_witness[03] r61=16 tail=31 gh60=0xca05ffa W1=0x1f9a,0x2cd0,0x2cd9 W2=0x1ea7,0x1b54,0x3bd6
  r61_witness[04] r61=16 tail=33 gh60=0xc88bcae W1=0xf3f,0x2183,0xfe6 W2=0xe4c,0x344e,0x107d
  r61_witness[05] r61=16 tail=34 gh60=0x4607ffa W1=0x2f9a,0xfc0,0x3f1f W2=0x2ea7,0x2a4c,0x1122
  r61_witness[06] r61=16 tail=35 gh60=0x4904b66 W1=0x154c,0x2a1e,0xe16 W2=0x1459,0x3ff5,0x370b
  r61_witness[07] r61=16 tail=35 gh60=0xcf08b66 W1=0x15db,0xc40,0x3f65 W2=0x14e8,0x2612,0x3f0a
  r61_witness[08] r61=16 tail=35 gh60=0x548c5aa W1=0x22be,0x146d,0x3424 W2=0x21cb,0x1186,0x107b
  r61_witness[09] r61=16 tail=36 gh60=0xc60fdea W1=0xe8e,0x3dfa,0x27cb W2=0xd9b,0x3156,0x1305
  r61_witness[10] r61=17 tail=24 gh60=0xcc8c4aa W1=0x22e,0x277,0xc2b W2=0x13b,0x4b8,0x2e5c
  r61_witness[11] r61=17 tail=25 gh60=0xca88baa W1=0x156d,0x3da6,0x2c79 W2=0x147a,0x3e29,0x1c
  r61_witness[12] r61=17 tail=25 gh60=0x4f8cc9a W1=0x16ea,0x2d84,0x1856 W2=0x15f7,0x22cf,0x269d
  r61_witness[13] r61=17 tail=26 gh60=0x4a2849e W1=0xb07,0x1fb0,0x1952 W2=0xa14,0x2023,0x110a
  r61_witness[14] r61=17 tail=27 gh60=0x4909b6a W1=0x1dd1,0x2fbf,0x226f W2=0x1cde,0x2c02,0x2770
  r61_witness[15] r61=17 tail=29 gh60=0xc68c4ba W1=0x13fa,0x37d6,0x2352 W2=0x1307,0x2ec9,0x2637

D60=0 fiber histogram: 1:7966 2:4729 3:1820 4:1058 5:398 6:210 7:74 8:79 9:31 10:18 11:8 12:9 13:4 14:1 18:1
