free_word_mitm_reducedn
N=14 mask=0x3fff msb=0x2000
candidate: M0=0x3d36 mode=random-fallback fill=0x3fff kernel=dM0=dM9=0x2000
prefixes=32768/268435456 mode=permuted-prefix-sample w59_per_prefix=16384 total=536870912
run_mode=scan registry_cap=16
sample_start=260702208
scan_elapsed=18.680s rate=28.74 Mtriples/s

D60 interface
  D60=0 matches: 32411 (random expectation 32768.0, enrichment 0.989x)
  prefixes with D60=0: 16599
  max D60=0 fiber per prefix: 20 at W57=0x151b W58=0x819
  largest D60 bucket: D=0x1146 count=33810
  min D60 HW: 0
  D60 HW histogram: 0:32411 1:455064 2:2974472 3:11915072 4:32806857 5:65646725 6:98454324 7:112486838 8:98399278 9:65569171 10:32755696 11:11908232 12:2976438 13:457693 14:32641

Tail closure among D60=0 matches
  final tail collisions: 0
  best r61 HW: 15
  best r61 W1[57..59]=0x13ea,0x2959,0x1a84
  best r61 W2[57..59]=0x12f7,0x1f65,0x2955
  best tail HW: 17
  best tail r61 HW: 19
  best W1[57..59]=0x107f,0x21ba,0x2a71
  best W2[57..59]=0xf8c,0x2ef9,0xb49

SUMMARY N=14 sample_start=260702208 prefixes=32768 total=536870912 d0=32411 best_tail=17 tail_r61=19 best_r61=15 tail_W1=0x107f,0x21ba,0x2a71 tail_W2=0xf8c,0x2ef9,0xb49 r61_W1=0x13ea,0x2959,0x1a84 r61_W2=0x12f7,0x1f65,0x2955

Scan-only witness registry
  registry_count=16 registry_cap=16
  witness[00] tail=17 r61=19 gh60=0xdb8bdae W1=0x107f,0x21ba,0x2a71 W2=0xf8c,0x2ef9,0xb49
  witness[01] tail=21 r61=15 gh60=0x469c49a W1=0x13ea,0x2959,0x1a84 W2=0x12f7,0x1f65,0x2955
  witness[02] tail=21 r61=17 gh60=0xc9984aa W1=0x1b41,0x19d7,0x23bf W2=0x1a4e,0x3087,0x146b
  witness[03] tail=23 r61=18 gh60=0xcb0c56e W1=0x2260,0x1914,0x74e W2=0x216d,0x362f,0x3694
  witness[04] tail=23 r61=22 gh60=0x391c4a6 W1=0x2344,0x3cc2,0x339a W2=0x2251,0x2e3e,0x3b1d
  witness[05] tail=24 r61=17 gh60=0xc765faa W1=0x1fc2,0x176a,0x157f W2=0x1ecf,0x78a,0xdb7
  witness[06] tail=24 r61=19 gh60=0x4bd849e W1=0xd07,0x2285,0x3413 W2=0xc14,0x2178,0x3e52
  witness[07] tail=24 r61=19 gh60=0x3e6ccea W1=0x2612,0x3109,0x66b W2=0x251f,0x3c05,0xae7
  witness[08] tail=24 r61=23 gh60=0x4578cba W1=0x3639,0xa67,0x3aca W2=0x3546,0x26a,0x261b
  witness[09] tail=25 r61=16 gh60=0x5b287a6 W1=0xbc3,0x2173,0x1fb9 W2=0xad0,0xd68,0x12aa
  witness[10] tail=25 r61=17 gh60=0x5689caa W1=0x1,0x233c,0x3abf W2=0x3f0e,0x27ab,0x3ef7
  witness[11] tail=25 r61=20 gh60=0xcea8b66 W1=0x15e3,0x151c,0xa29 W2=0x14f0,0x2e1e,0x223b
  witness[12] tail=25 r61=20 gh60=0x4a344ea W1=0x330e,0xa2f,0x1347 W2=0x321b,0x21ba,0x2baf
  witness[13] tail=25 r61=23 gh60=0x7a1bcfa W1=0xe15,0x19d5,0x35a0 W2=0xd22,0x2ca0,0x25
  witness[14] tail=25 r61=25 gh60=0xb58c5aa W1=0x3abe,0x74c,0x4e9 W2=0x39cb,0x13e5,0x91b
  witness[15] tail=25 r61=28 gh60=0xda9c5aa W1=0x346e,0x2dad,0x2b97 W2=0x337b,0x3bc6,0x3b18

Scan-only r61 registry
  registry_count=16 registry_cap=16
  r61_witness[00] r61=15 tail=21 gh60=0x469c49a W1=0x13ea,0x2959,0x1a84 W2=0x12f7,0x1f65,0x2955
  r61_witness[01] r61=15 tail=27 gh60=0xc99849a W1=0x3525,0x341c,0x3568 W2=0x3432,0x29a3,0x34d8
  r61_witness[02] r61=15 tail=30 gh60=0x4a27be6 W1=0xd94,0x24fe,0x436 W2=0xca1,0x17d7,0x3ac
  r61_witness[03] r61=15 tail=35 gh60=0x4989faa W1=0x1fbd,0x2263,0xfce W2=0x1eca,0xe6a,0x2f7f
  r61_witness[04] r61=15 tail=35 gh60=0x4d09d6a W1=0x2061,0x680,0x387a W2=0x1f6e,0x43b,0xc62
  r61_witness[05] r61=16 tail=25 gh60=0x5b287a6 W1=0xbc3,0x2173,0x1fb9 W2=0xad0,0xd68,0x12aa
  r61_witness[06] r61=16 tail=26 gh60=0x5e184e6 W1=0x3b1b,0x1728,0x22e0 W2=0x3a28,0x7eb,0x357d
  r61_witness[07] r61=16 tail=27 gh60=0xd508d66 W1=0x18db,0x152f,0x1291 W2=0x17e8,0x1951,0x3491
  r61_witness[08] r61=16 tail=28 gh60=0xca8bdae W1=0xe7f,0x2532,0x19 W2=0xd8c,0x3871,0x835
  r61_witness[09] r61=16 tail=29 gh60=0x4a085ea W1=0x1a8d,0x24db,0x3b48 W2=0x199a,0x4f9,0x321c
  r61_witness[10] r61=16 tail=30 gh60=0x46685a6 W1=0xc83,0x2411,0x1b01 W2=0xb90,0x3bf6,0x2bde
  r61_witness[11] r61=16 tail=30 gh60=0x4bebd7a W1=0x2ed9,0x19cf,0xf58 W2=0x2de6,0x2a1e,0xc1a
  r61_witness[12] r61=16 tail=35 gh60=0x4a085ee W1=0x2a8f,0x2b5f,0x10e8 W2=0x299c,0xe9d,0x182c
  r61_witness[13] r61=16 tail=37 gh60=0xcd09d6e W1=0x1ecf,0x14a7,0x3b8c W2=0x1ddc,0x7a,0x24af
  r61_witness[14] r61=17 tail=21 gh60=0xc9984aa W1=0x1b41,0x19d7,0x23bf W2=0x1a4e,0x3087,0x146b
  r61_witness[15] r61=17 tail=24 gh60=0xc765faa W1=0x1fc2,0x176a,0x157f W2=0x1ecf,0x78a,0xdb7

D60=0 fiber histogram: 1:8164 2:4750 3:1788 4:1047 5:406 6:222 7:96 8:65 9:29 10:13 11:5 12:6 13:2 14:1 15:1 16:3 20:1
