free_word_mitm_reducedn
N=14 mask=0x3fff msb=0x2000
candidate: M0=0x3d36 mode=random-fallback fill=0x3fff kernel=dM0=dM9=0x2000
prefixes=32768/268435456 mode=permuted-prefix-sample w59_per_prefix=16384 total=536870912
run_mode=scan registry_cap=16
sample_start=112263168
scan_elapsed=18.753s rate=28.63 Mtriples/s

D60 interface
  D60=0 matches: 32688 (random expectation 32768.0, enrichment 0.998x)
  prefixes with D60=0: 16497
  max D60=0 fiber per prefix: 20 at W57=0xb0b W58=0xe1b
  largest D60 bucket: D=0x121e count=33712
  min D60 HW: 0
  D60 HW histogram: 0:32688 1:456874 2:2977394 3:11915569 4:32770032 5:65578222 6:98401641 7:112489198 8:98419621 9:65628868 10:32797887 11:11929123 12:2981866 13:459547 14:32382

Tail closure among D60=0 matches
  final tail collisions: 0
  best r61 HW: 12
  best r61 W1[57..59]=0x1797,0x3513,0x1035
  best r61 W2[57..59]=0x16a4,0x3de2,0x2d7
  best tail HW: 21
  best tail r61 HW: 17
  best W1[57..59]=0x25e8,0x11f4,0x2b24
  best W2[57..59]=0x24f5,0x1367,0x1780

SUMMARY N=14 sample_start=112263168 prefixes=32768 total=536870912 d0=32688 best_tail=21 tail_r61=17 best_r61=12 tail_W1=0x25e8,0x11f4,0x2b24 tail_W2=0x24f5,0x1367,0x1780 r61_W1=0x1797,0x3513,0x1035 r61_W2=0x16a4,0x3de2,0x2d7

Scan-only witness registry
  registry_count=16 registry_cap=16
  witness[00] tail=21 r61=17 gh60=0x4aacc9e W1=0x25e8,0x11f4,0x2b24 W2=0x24f5,0x1367,0x1780
  witness[01] tail=22 r61=29 gh60=0xfbdfd9e W1=0x1068,0x24f7,0x30a5 W2=0xf75,0x15c0,0x77b
  witness[02] tail=23 r61=24 gh60=0xce8c4ae W1=0xcf0,0x25c2,0x21d0 W2=0xbfd,0x1463,0x8b
  witness[03] tail=24 r61=18 gh60=0xc9f8caa W1=0x2941,0x2520,0x3d01 W2=0x284e,0x264f,0x1c59
  witness[04] tail=24 r61=19 gh60=0x48f8ca6 W1=0x93b,0x386f,0x134a W2=0x848,0x317b,0x1c1
  witness[05] tail=24 r61=20 gh60=0x37d9bfa W1=0x1d99,0x25c1,0x24e7 W2=0x1ca6,0x2690,0x11f9
  witness[06] tail=24 r61=20 gh60=0x4a084ea W1=0x250d,0x229f,0x831 W2=0x241a,0x2591,0x3142
  witness[07] tail=24 r61=22 gh60=0xceb87aa W1=0x3b6d,0x300d,0x28e5 W2=0x3a7a,0x33d1,0x33ac
  witness[08] tail=25 r61=17 gh60=0xd70bb6a W1=0x2d4d,0x3793,0x19fb W2=0x2c5a,0x178e,0x2
  witness[09] tail=25 r61=18 gh60=0x56085ea W1=0x1291,0x357,0x169b W2=0x119e,0x10f9,0x1372
  witness[10] tail=25 r61=18 gh60=0x4b09d6a W1=0x2061,0x2f4c,0x188f W2=0x1f6e,0x2d07,0x110b
  witness[11] tail=25 r61=20 gh60=0xb6184a6 W1=0xa03,0x187,0x2909 W2=0x910,0x2f84,0x2762
  witness[12] tail=25 r61=20 gh60=0x3bfc4aa W1=0x2cfe,0x1502,0x11d7 W2=0x2c0b,0x1a73,0x1944
  witness[13] tail=25 r61=20 gh60=0xcb3cc9a W1=0x384a,0x364f,0x3005 W2=0x3757,0x2996,0x159a
  witness[14] tail=25 r61=21 gh60=0x467ccfe W1=0x918,0x53e,0x3cef W2=0x825,0x11a6,0x3176
  witness[15] tail=25 r61=22 gh60=0x4ba9b66 W1=0x163,0x131a,0x14b6 W2=0x70,0x1b9a,0x2443

Scan-only r61 registry
  registry_count=16 registry_cap=16
  r61_witness[00] r61=12 tail=36 gh60=0x4628ffe W1=0x1797,0x3513,0x1035 W2=0x16a4,0x3de2,0x2d7
  r61_witness[01] r61=13 tail=29 gh60=0x489dcaa W1=0x12e,0x2f61,0x14c2 W2=0x3b,0x3361,0xa2d
  r61_witness[02] r61=14 tail=35 gh60=0x4a084e6 W1=0x51b,0x11e0,0xc01 W2=0x428,0xfa5,0x361b
  r61_witness[03] r61=15 tail=30 gh60=0x4a0fcea W1=0x101e,0x3b58,0x2e0d W2=0xf2b,0x2884,0x2d3b
  r61_witness[04] r61=16 tail=28 gh60=0xc589daa W1=0x1e6d,0x3890,0x218 W2=0x1d7a,0xaf7,0x2c48
  r61_witness[05] r61=16 tail=29 gh60=0x4a08fea W1=0x278d,0x2df5,0x1842 W2=0x269a,0x1a80,0x1dbe
  r61_witness[06] r61=16 tail=30 gh60=0x49544ba W1=0x2536,0x3ca1,0x27f5 W2=0x2443,0x2320,0x3892
  r61_witness[07] r61=16 tail=32 gh60=0xca047e6 W1=0x138c,0x107f,0x3df2 W2=0x1299,0x8cd,0x1e6f
  r61_witness[08] r61=17 tail=21 gh60=0x4aacc9e W1=0x25e8,0x11f4,0x2b24 W2=0x24f5,0x1367,0x1780
  r61_witness[09] r61=17 tail=25 gh60=0xd70bb6a W1=0x2d4d,0x3793,0x19fb W2=0x2c5a,0x178e,0x2
  r61_witness[10] r61=17 tail=26 gh60=0x4e09cee W1=0x3e1f,0x9be,0x275f W2=0x3d2c,0x3a15,0x177f
  r61_witness[11] r61=17 tail=27 gh60=0x49944aa W1=0x4fe,0x580,0x35d0 W2=0x40b,0xb71,0xc7a
  r61_witness[12] r61=17 tail=28 gh60=0x460c4ee W1=0x2c20,0x1825,0x3ea6 W2=0x2b2d,0x39b0,0x120a
  r61_witness[13] r61=17 tail=28 gh60=0xcb0bf6a W1=0x2fd1,0x3e50,0x2443 W2=0x2ede,0x2d6f,0x52b
  r61_witness[14] r61=17 tail=30 gh60=0x499dba6 W1=0x1b4,0x1554,0x3b29 W2=0xc1,0x1aa7,0x13a0
  r61_witness[15] r61=17 tail=31 gh60=0x4508566 W1=0x3c5b,0x1b4,0x38e9 W2=0x3b68,0x7f7,0x389a

D60=0 fiber histogram: 1:7966 2:4772 3:1806 4:1069 5:434 6:220 7:74 8:72 9:32 10:22 11:6 12:12 13:4 14:2 15:2 16:1 18:2 20:1
