free_word_mitm_reducedn
N=14 mask=0x3fff msb=0x2000
candidate: M0=0x3d36 mode=random-fallback fill=0x3fff kernel=dM0=dM9=0x2000
prefixes=32768/268435456 mode=permuted-prefix-sample w59_per_prefix=16384 total=536870912
run_mode=scan registry_cap=16
sample_start=204537856
scan_elapsed=18.690s rate=28.73 Mtriples/s

D60 interface
  D60=0 matches: 32468 (random expectation 32768.0, enrichment 0.991x)
  prefixes with D60=0: 16432
  max D60=0 fiber per prefix: 20 at W57=0x1f93 W58=0xd63
  largest D60 bucket: D=0x1e2f count=33881
  min D60 HW: 0
  D60 HW histogram: 0:32468 1:456400 2:2974806 3:11931478 4:32808232 5:65633364 6:98439984 7:112508386 8:98386340 9:65560268 10:32768386 11:11907371 12:2974900 13:456169 14:32360

Tail closure among D60=0 matches
  final tail collisions: 0
  best r61 HW: 12
  best r61 W1[57..59]=0xa6c,0x2d05,0x2dca
  best r61 W2[57..59]=0x979,0x1b9,0x1194
  best tail HW: 20
  best tail r61 HW: 22
  best W1[57..59]=0x31e6,0x1694,0x30b9
  best W2[57..59]=0x30f3,0xb64,0x2ec7

SUMMARY N=14 sample_start=204537856 prefixes=32768 total=536870912 d0=32468 best_tail=20 tail_r61=22 best_r61=12 tail_W1=0x31e6,0x1694,0x30b9 tail_W2=0x30f3,0xb64,0x2ec7 r61_W1=0xa6c,0x2d05,0x2dca r61_W2=0x979,0x1b9,0x1194

Scan-only witness registry
  registry_count=16 registry_cap=16
  witness[00] tail=20 r61=22 gh60=0xbbb449a W1=0x31e6,0x1694,0x30b9 W2=0x30f3,0xb64,0x2ec7
  witness[01] tail=23 r61=12 gh60=0x55845a6 W1=0xa6c,0x2d05,0x2dca W2=0x979,0x1b9,0x1194
  witness[02] tail=23 r61=22 gh60=0x472bc9e W1=0x2e47,0x20f1,0x1543 W2=0x2d54,0x1fa1,0x2daf
  witness[03] tail=23 r61=26 gh60=0xdb2ccaa W1=0x2742,0x208c,0x2404 W2=0x264f,0x23e0,0x36c9
  witness[04] tail=24 r61=15 gh60=0x4b8dfae W1=0x1f70,0x1e1d,0x1aee W2=0x1e7d,0x12f9,0x3b8b
  witness[05] tail=24 r61=18 gh60=0xc66859e W1=0xc87,0x1a2f,0x242e W2=0xb94,0x2142,0x3991
  witness[06] tail=24 r61=18 gh60=0x47b4caa W1=0x363e,0x3a25,0x2243 W2=0x354b,0x1255,0x392
  witness[07] tail=24 r61=19 gh60=0xfe25baa W1=0x1d82,0x65c,0x2e1c W2=0x1c8f,0x3448,0x1eb1
  witness[08] tail=24 r61=20 gh60=0x4b844a6 W1=0x1d3c,0x23e5,0x7b4 W2=0x1c49,0x2031,0x22fa
  witness[09] tail=24 r61=24 gh60=0x5bb45be W1=0xc78,0x3b1a,0x692 W2=0xb85,0x2d5,0x8e1
  witness[10] tail=25 r61=18 gh60=0xc8dbbbe W1=0x31b7,0x15c1,0xdf3 W2=0x30c4,0x3ed4,0x3023
  witness[11] tail=25 r61=20 gh60=0xce3ccea W1=0x190e,0x100b,0x1022 W2=0x181b,0x2017,0x5bb
  witness[12] tail=25 r61=21 gh60=0x4e94baa W1=0x397e,0x43,0x1f2e W2=0x388b,0xd0b,0xcbe
  witness[13] tail=25 r61=22 gh60=0xd5d9d9a W1=0x20c9,0x2515,0x610 W2=0x1fd6,0x3dc1,0x886
  witness[14] tail=25 r61=24 gh60=0xdb77d9e W1=0x2ea8,0x340a,0x3a01 W2=0x2db5,0x2e63,0x3013
  witness[15] tail=25 r61=25 gh60=0xbe88ba6 W1=0x97b,0xdd6,0xc04 W2=0x888,0x120a,0x37cc

Scan-only r61 registry
  registry_count=16 registry_cap=16
  r61_witness[00] r61=12 tail=23 gh60=0x55845a6 W1=0xa6c,0x2d05,0x2dca W2=0x979,0x1b9,0x1194
  r61_witness[01] r61=13 tail=34 gh60=0x4a88ba6 W1=0x157b,0x2034,0x374d W2=0x1488,0x3868,0x13ea
  r61_witness[02] r61=15 tail=24 gh60=0x4b8dfae W1=0x1f70,0x1e1d,0x1aee W2=0x1e7d,0x12f9,0x3b8b
  r61_witness[03] r61=15 tail=31 gh60=0xc50856e W1=0xccf,0x2425,0x22d W2=0xbdc,0x653,0x3dc3
  r61_witness[04] r61=15 tail=32 gh60=0xb6085ee W1=0x3a9f,0x120f,0x259b W2=0x39ac,0x73d,0x43a
  r61_witness[05] r61=15 tail=35 gh60=0xca084ea W1=0x2311,0x3369,0xadc W2=0x221e,0x381f,0x334b
  r61_witness[06] r61=16 tail=27 gh60=0x49884ae W1=0x233f,0x272,0xc11 W2=0x224c,0x2382,0xcd5
  r61_witness[07] r61=16 tail=28 gh60=0x4e285fe W1=0xc97,0x2ef9,0x3f61 W2=0xba4,0x32b9,0x118d
  r61_witness[08] r61=16 tail=29 gh60=0x59884ae W1=0x132f,0x128e,0x16b5 W2=0x123c,0x3ae,0x22e3
  r61_witness[09] r61=16 tail=31 gh60=0x490cb6e W1=0x15e0,0x3a75,0x26d3 W2=0x14ed,0x88d,0x769
  r61_witness[10] r61=16 tail=33 gh60=0x592877a W1=0x1359,0x1a6f,0x1b7e W2=0x1266,0x2d4b,0x1a67
  r61_witness[11] r61=16 tail=33 gh60=0xca04ce6 W1=0x281c,0x1a2c,0x3111 W2=0x2729,0x15b3,0xac8
  r61_witness[12] r61=16 tail=33 gh60=0x5b18b6e W1=0x354f,0x32c9,0x25af W2=0x345c,0x3cec,0x36e7
  r61_witness[13] r61=16 tail=34 gh60=0xc489ca6 W1=0x3e2b,0x2175,0x1d83 W2=0x3d38,0x2f0f,0x1b88
  r61_witness[14] r61=16 tail=35 gh60=0x4f29b7e W1=0x2157,0x156d,0x1f44 W2=0x2064,0x58c,0x2ee9
  r61_witness[15] r61=16 tail=37 gh60=0x490876e W1=0x1bcf,0xfb,0x2017 W2=0x1adc,0xe3d,0x1731

D60=0 fiber histogram: 1:7927 2:4770 3:1783 4:1076 5:429 6:228 7:75 8:78 9:32 10:16 11:4 12:6 13:2 14:1 15:2 16:2 20:1
