free_word_mitm_reducedn
N=14 mask=0x3fff msb=0x2000
candidate: M0=0x3d36 mode=random-fallback fill=0x3fff kernel=dM0=dM9=0x2000
prefixes=32768/268435456 mode=permuted-prefix-sample w59_per_prefix=16384 total=536870912
run_mode=scan registry_cap=1
sample_start=1671168
scan_elapsed=23.210s rate=23.13 Mtriples/s

D60 interface
  D60=0 matches: 32633 (random expectation 32768.0, enrichment 0.996x)
  prefixes with D60=0: 16587
  max D60=0 fiber per prefix: 17 at W57=0x5b1 W58=0x1ae7
  largest D60 bucket: D=0x2490 count=33720
  min D60 HW: 0
  D60 HW histogram: 0:32633 1:457560 2:2975699 3:11910921 4:32791636 5:65599206 6:98431632 7:112528408 8:98442997 9:65574824 10:32754898 11:11906704 12:2974603 13:456877 14:32314

Tail closure among D60=0 matches
  final tail collisions: 0
  best r61 HW: 13
  best r61 W1[57..59]=0x2611,0x3a40,0x146f
  best r61 W2[57..59]=0x251e,0x147,0x2685
  best tail HW: 17
  best tail r61 HW: 19
  best W1[57..59]=0x1a7f,0x2ea6,0x3ac4
  best W2[57..59]=0x198c,0x21de,0x3b8e

SUMMARY N=14 sample_start=1671168 prefixes=32768 total=536870912 d0=32633 best_tail=17 tail_r61=19 best_r61=13 tail_W1=0x1a7f,0x2ea6,0x3ac4 tail_W2=0x198c,0x21de,0x3b8e r61_W1=0x2611,0x3a40,0x146f r61_W2=0x251e,0x147,0x2685

Scan-only witness registry
  registry_count=1 registry_cap=1
  witness[00] tail=17 r61=19 gh60=0xff885ae W1=0x1a7f,0x2ea6,0x3ac4 W2=0x198c,0x21de,0x3b8e

Scan-only r61 registry
  registry_count=1 registry_cap=1
  r61_witness[00] r61=13 tail=32 gh60=0x3a08cea W1=0x2611,0x3a40,0x146f W2=0x251e,0x147,0x2685

D60=0 fiber histogram: 1:8112 2:4761 3:1815 4:1054 5:395 6:214 7:63 8:82 9:30 10:25 11:7 12:13 13:8 14:1 15:2 16:4 17:1
