free_word_mitm_reducedn
N=14 mask=0x3fff msb=0x2000
candidate: M0=0x3d36 mode=random-fallback fill=0x3fff kernel=dM0=dM9=0x2000
prefixes=32768/268435456 mode=permuted-prefix-sample w59_per_prefix=16384 total=536870912
run_mode=scan registry_cap=1
sample_start=1146880
scan_elapsed=23.175s rate=23.17 Mtriples/s

D60 interface
  D60=0 matches: 32580 (random expectation 32768.0, enrichment 0.994x)
  prefixes with D60=0: 16376
  max D60=0 fiber per prefix: 17 at W57=0x34a3 W58=0x9c7
  largest D60 bucket: D=0x312b count=33951
  min D60 HW: 0
  D60 HW histogram: 0:32580 1:457484 2:2982546 3:11936488 4:32839158 5:65662454 6:98478602 7:112521912 8:98380207 9:65521800 10:32716323 11:11883143 12:2969234 13:456464 14:32517

Tail closure among D60=0 matches
  final tail collisions: 0
  best r61 HW: 13
  best r61 W1[57..59]=0x1f41,0x1709,0x2ae3
  best r61 W2[57..59]=0x1e4e,0x18bc,0x2e43
  best tail HW: 22
  best tail r61 HW: 21
  best W1[57..59]=0x3489,0xaef,0x29c9
  best W2[57..59]=0x3396,0x3964,0x1c9a

SUMMARY N=14 sample_start=1146880 prefixes=32768 total=536870912 d0=32580 best_tail=22 tail_r61=21 best_r61=13 tail_W1=0x3489,0xaef,0x29c9 tail_W2=0x3396,0x3964,0x1c9a r61_W1=0x1f41,0x1709,0x2ae3 r61_W2=0x1e4e,0x18bc,0x2e43

Scan-only witness registry
  registry_count=1 registry_cap=1
  witness[00] tail=22 r61=21 gh60=0x4ee859a W1=0x3489,0xaef,0x29c9 W2=0x3396,0x3964,0x1c9a

Scan-only r61 registry
  registry_count=1 registry_cap=1
  r61_witness[00] r61=13 tail=24 gh60=0xb889caa W1=0x1f41,0x1709,0x2ae3 W2=0x1e4e,0x18bc,0x2e43

D60=0 fiber histogram: 1:7908 2:4676 3:1808 4:1104 5:389 6:241 7:96 8:78 9:32 10:17 11:10 12:10 13:2 14:1 16:3 17:1
