free_word_mitm_reducedn
N=14 mask=0x3fff msb=0x2000
candidate: M0=0x3d36 mode=random-fallback fill=0x3fff kernel=dM0=dM9=0x2000
prefixes=32768/268435456 mode=permuted-prefix-sample w59_per_prefix=16384 total=536870912
run_mode=scan registry_cap=16
sample_start=114720768
scan_elapsed=19.930s rate=26.94 Mtriples/s

D60 interface
  D60=0 matches: 32098 (random expectation 32768.0, enrichment 0.980x)
  prefixes with D60=0: 16498
  max D60=0 fiber per prefix: 15 at W57=0x1a28 W58=0x2b9f
  largest D60 bucket: D=0x27c count=33772
  min D60 HW: 0
  D60 HW histogram: 0:32098 1:457063 2:2984174 3:11950814 4:32842336 5:65682166 6:98479814 7:112490722 8:98346724 9:65515107 10:32727917 11:11899899 12:2972145 13:457139 14:32794

Tail closure among D60=0 matches
  final tail collisions: 0
  best r61 HW: 14
  best r61 W1[57..59]=0x120b,0x11b2,0x3a47
  best r61 W2[57..59]=0x1118,0x2f97,0x3257
  best tail HW: 24
  best tail r61 HW: 19
  best W1[57..59]=0x2275,0x3fff,0x1c9e
  best W2[57..59]=0x2182,0x2da5,0x10f9

SUMMARY N=14 sample_start=114720768 prefixes=32768 total=536870912 d0=32098 best_tail=24 tail_r61=19 best_r61=14 tail_W1=0x2275,0x3fff,0x1c9e tail_W2=0x2182,0x2da5,0x10f9 r61_W1=0x120b,0x11b2,0x3a47 r61_W2=0x1118,0x2f97,0x3257

Scan-only witness registry
  registry_count=16 registry_cap=16
  witness[00] tail=24 r61=16 gh60=0xfa044e6 W1=0x1a1c,0x21e8,0x19d3 W2=0x1929,0xcac,0x380f
  witness[01] tail=24 r61=19 gh60=0x7a985ba W1=0x2275,0x3fff,0x1c9e W2=0x2182,0x2da5,0x10f9
  witness[02] tail=24 r61=21 gh60=0xd89c4a6 W1=0x1d34,0x3b9,0x130 W2=0x1c41,0x2127,0x3429
  witness[03] tail=24 r61=21 gh60=0xcc885aa W1=0x3abd,0x3687,0x1b5a W2=0x39ca,0x130b,0x2398
  witness[04] tail=24 r61=24 gh60=0xcee84fa W1=0x3319,0x3f36,0x27a3 W2=0x3226,0x3aee,0x2a88
  witness[05] tail=25 r61=19 gh60=0x5f0457a W1=0xa5a,0x22cb,0x599 W2=0x967,0x774,0x3da4
  witness[06] tail=25 r61=19 gh60=0xcb3fc9a W1=0x1046,0x17de,0x1c97 W2=0xf53,0x246f,0x3054
  witness[07] tail=25 r61=20 gh60=0x4a7c5e6 W1=0xa9c,0x205,0x34a0 W2=0x9a9,0x17b5,0x60d
  witness[08] tail=25 r61=20 gh60=0xc5b4cba W1=0x2636,0x331e,0x17ac W2=0x2543,0x1ade,0x85
  witness[09] tail=25 r61=21 gh60=0x4d74cba W1=0x3636,0x160e,0x202d W2=0x3543,0xdd2,0x2fb9
  witness[10] tail=25 r61=23 gh60=0x46f456a W1=0x4ce,0x731,0x2873 W2=0x3db,0x7e0,0x1bc4
  witness[11] tail=25 r61=23 gh60=0xce69ba6 W1=0x1d73,0xd95,0x2c7b W2=0x1c80,0x186b,0x393
  witness[12] tail=25 r61=25 gh60=0xba88cae W1=0x16ff,0x12e6,0x3cee W2=0x160c,0x3fb5,0x388c
  witness[13] tail=25 r61=27 gh60=0x4ae9b66 W1=0x1dd3,0x2ee4,0x19d8 W2=0x1ce0,0x3b54,0xf49
  witness[14] tail=25 r61=29 gh60=0xbefc5be W1=0x2a78,0x1eff,0x20ae W2=0x2985,0x223a,0x35e7
  witness[15] tail=26 r61=14 gh60=0x4a184e6 W1=0x120b,0x11b2,0x3a47 W2=0x1118,0x2f97,0x3257

Scan-only r61 registry
  registry_count=16 registry_cap=16
  r61_witness[00] r61=14 tail=26 gh60=0x4a184e6 W1=0x120b,0x11b2,0x3a47 W2=0x1118,0x2f97,0x3257
  r61_witness[01] r61=15 tail=28 gh60=0x5a27ca6 W1=0x3104,0x38dd,0x16e2 W2=0x3011,0x3020,0x1644
  r61_witness[02] r61=15 tail=33 gh60=0x56584ba W1=0xcf9,0x1254,0x57f W2=0xc06,0x3a16,0x37a6
  r61_witness[03] r61=15 tail=33 gh60=0x4a084ea W1=0x2c0d,0x2a21,0x3d89 W2=0x2b1a,0x2ee3,0x244d
  r61_witness[04] r61=16 tail=24 gh60=0xfa044e6 W1=0x1a1c,0x21e8,0x19d3 W2=0x1929,0xcac,0x380f
  r61_witness[05] r61=16 tail=27 gh60=0x4d09d6a W1=0x61,0x2590,0xd3 W2=0x3f6e,0x1b53,0x2843
  r61_witness[06] r61=16 tail=28 gh60=0xdd08d66 W1=0x6db,0xee6,0x3488 W2=0x5e8,0x249c,0x2b61
  r61_witness[07] r61=16 tail=29 gh60=0x4904b7a W1=0x395a,0x3dab,0x3bd6 W2=0x3867,0x37a3,0x3ab7
  r61_witness[08] r61=16 tail=32 gh60=0xca09cee W1=0x10f,0x2fd0,0x2375 W2=0x1c,0xa27,0x2985
  r61_witness[09] r61=16 tail=36 gh60=0x4a085ea W1=0x348d,0x36d0,0x25c6 W2=0x339a,0x18ee,0x3fce
  r61_witness[10] r61=17 tail=26 gh60=0xcc8bcae W1=0xe3f,0x3ed0,0x21ac W2=0xd4c,0x259b,0x288e
  r61_witness[11] r61=17 tail=27 gh60=0xda3c4ee W1=0x1a20,0x2525,0x3c87 W2=0x192d,0x102c,0x2956
  r61_witness[12] r61=17 tail=30 gh60=0x39944aa W1=0x2aee,0x3413,0xcf0 W2=0x29fb,0x3b14,0x11dd
  r61_witness[13] r61=17 tail=31 gh60=0x37844a6 W1=0x333c,0x3652,0x3982 W2=0x3249,0x14a0,0xf61
  r61_witness[14] r61=17 tail=31 gh60=0x456849e W1=0x3427,0x2eb0,0x48 W2=0x3334,0xc5b,0x2b50
  r61_witness[15] r61=17 tail=31 gh60=0xcd98d9a W1=0x38a5,0x1ad0,0x19d3 W2=0x37b2,0x13b6,0x1124

D60=0 fiber histogram: 1:8233 2:4629 3:1716 4:1070 5:414 6:216 7:90 8:67 9:19 10:28 11:5 12:4 13:6 15:1
