free_word_mitm_reducedn
N=14 mask=0x3fff msb=0x2000
candidate: M0=0x3d36 mode=random-fallback fill=0x3fff kernel=dM0=dM9=0x2000
prefixes=32768/268435456 mode=permuted-prefix-sample w59_per_prefix=16384 total=536870912
run_mode=scan registry_cap=16
sample_start=139886592
scan_elapsed=19.595s rate=27.40 Mtriples/s

D60 interface
  D60=0 matches: 32559 (random expectation 32768.0, enrichment 0.994x)
  prefixes with D60=0: 16450
  max D60=0 fiber per prefix: 18 at W57=0x833 W58=0x25ff
  largest D60 bucket: D=0x10e4 count=33836
  min D60 HW: 0
  D60 HW histogram: 0:32559 1:457045 2:2980163 3:11947887 4:32845627 5:65668039 6:98458691 7:112459468 8:98369358 9:65534742 10:32743041 11:11907742 12:2975270 13:458513 14:32767

Tail closure among D60=0 matches
  final tail collisions: 0
  best r61 HW: 12
  best r61 W1[57..59]=0x36bb,0x837,0x698
  best r61 W2[57..59]=0x35c8,0x30db,0x2c46
  best tail HW: 24
  best tail r61 HW: 20
  best W1[57..59]=0x14d3,0x1d28,0x1a1c
  best W2[57..59]=0x13e0,0x467,0x309f

SUMMARY N=14 sample_start=139886592 prefixes=32768 total=536870912 d0=32559 best_tail=24 tail_r61=20 best_r61=12 tail_W1=0x14d3,0x1d28,0x1a1c tail_W2=0x13e0,0x467,0x309f r61_W1=0x36bb,0x837,0x698 r61_W2=0x35c8,0x30db,0x2c46

Scan-only witness registry
  registry_count=16 registry_cap=16
  witness[00] tail=24 r61=14 gh60=0x4528d7e W1=0x6d7,0x1d3,0xaf5 W2=0x5e4,0x79e,0x3633
  witness[01] tail=24 r61=20 gh60=0xdf18566 W1=0x14d3,0x1d28,0x1a1c W2=0x13e0,0x467,0x309f
  witness[02] tail=24 r61=26 gh60=0x59e8cfe W1=0x2817,0x588,0xfaa W2=0x2724,0xdef,0x28ee
  witness[03] tail=25 r61=12 gh60=0x4488da6 W1=0x36bb,0x837,0x698 W2=0x35c8,0x30db,0x2c46
  witness[04] tail=25 r61=20 gh60=0x76d879a W1=0x1b69,0x1d29,0x2dd6 W2=0x1a76,0x2f7e,0x32f1
  witness[05] tail=25 r61=21 gh60=0xd96c7ea W1=0x3a2,0x1b78,0x37ac W2=0x2af,0x10df,0x2219
  witness[06] tail=25 r61=21 gh60=0xcb2cb7e W1=0x2558,0x3056,0x387f W2=0x2465,0x2272,0x3042
  witness[07] tail=25 r61=22 gh60=0xca1c4e6 W1=0x1a1c,0x23d3,0x2dc3 W2=0x1929,0xe97,0x3d3
  witness[08] tail=25 r61=22 gh60=0xca98daa W1=0x266d,0x386b,0x136a W2=0x257a,0x94e,0x3ee6
  witness[09] tail=25 r61=26 gh60=0xce244ea W1=0x3a12,0x33e4,0x171c W2=0x391f,0x5e3,0x28c4
  witness[10] tail=26 r61=15 gh60=0x4bb84ba W1=0x3235,0x1d73,0xf66 W2=0x3142,0x10b1,0x2dbf
  witness[11] tail=26 r61=16 gh60=0x4a0c5ea W1=0x128e,0x2432,0x345d W2=0x119b,0x2dd5,0x1e0f
  witness[12] tail=26 r61=17 gh60=0x4a844a6 W1=0x23fc,0x1400,0x28be W2=0x2309,0x13ce,0x154a
  witness[13] tail=26 r61=17 gh60=0x4887c9a W1=0x312a,0x3f6c,0x22ce W2=0x3037,0x13b1,0x28dc
  witness[14] tail=26 r61=18 gh60=0xc6585fe W1=0x2497,0x3fd9,0x2471 W2=0x23a4,0x319,0x1a39
  witness[15] tail=26 r61=19 gh60=0x49aff9e W1=0xf68,0x1901,0x12fa W2=0xe75,0x3dea,0x3fcc

Scan-only r61 registry
  registry_count=16 registry_cap=16
  r61_witness[00] r61=12 tail=25 gh60=0x4488da6 W1=0x36bb,0x837,0x698 W2=0x35c8,0x30db,0x2c46
  r61_witness[01] r61=14 tail=24 gh60=0x4528d7e W1=0x6d7,0x1d3,0xaf5 W2=0x5e4,0x79e,0x3633
  r61_witness[02] r61=14 tail=27 gh60=0x589bcae W1=0x113f,0x35d,0x37ca W2=0x104c,0x1428,0xad1
  r61_witness[03] r61=14 tail=32 gh60=0x5a085ea W1=0x1491,0x3a03,0x36cc W2=0x139e,0xa25,0x2b9f
  r61_witness[04] r61=15 tail=26 gh60=0x4bb84ba W1=0x3235,0x1d73,0xf66 W2=0x3142,0x10b1,0x2dbf
  r61_witness[05] r61=15 tail=31 gh60=0x4587d9a W1=0x2e6a,0x3870,0x1592 W2=0x2d77,0x174d,0x1906
  r61_witness[06] r61=15 tail=32 gh60=0x36187ee W1=0x3b9f,0x34a1,0x2c19 W2=0x3aac,0x3f5f,0x1352
  r61_witness[07] r61=15 tail=38 gh60=0x4a08cee W1=0x281f,0xc02,0x3750 W2=0x272c,0x33dd,0x3909
  r61_witness[08] r61=16 tail=26 gh60=0x4a0c5ea W1=0x128e,0x2432,0x345d W2=0x119b,0x2dd5,0x1e0f
  r61_witness[09] r61=16 tail=28 gh60=0xc91c49a W1=0x254a,0x6f6,0x11f2 W2=0x2457,0x2cf8,0x15a2
  r61_witness[10] r61=16 tail=30 gh60=0xd60dbea W1=0x1d8e,0x384c,0x30cf W2=0x1c9b,0x38dc,0x315d
  r61_witness[11] r61=16 tail=30 gh60=0xce2bf9e W1=0x2f87,0x6ff,0x2fa4 W2=0x2e94,0x3017,0xe3c
  r61_witness[12] r61=16 tail=30 gh60=0x488fc9a W1=0x312a,0x3b81,0x2b8f W2=0x3037,0xfc6,0x1b8
  r61_witness[13] r61=16 tail=31 gh60=0xc708f6e W1=0x27cf,0x3f7d,0x8a2 W2=0x26dc,0x3bc4,0x2ec8
  r61_witness[14] r61=16 tail=32 gh60=0x3b0fb66 W1=0x2ddc,0x818,0x3449 W2=0x2ce9,0x165,0x2618
  r61_witness[15] r61=16 tail=33 gh60=0x3919b6a W1=0x3d51,0x838,0x18b3 W2=0x3c5e,0x47b,0x3f4

D60=0 fiber histogram: 1:7929 2:4734 3:1804 4:1131 5:424 6:209 7:82 8:68 9:28 10:14 11:9 12:9 13:2 14:2 15:1 16:3 18:1
