free_word_mitm_reducedn
N=14 mask=0x3fff msb=0x2000
candidate: M0=0x3d36 mode=random-fallback fill=0x3fff kernel=dM0=dM9=0x2000
prefixes=32768/268435456 mode=permuted-prefix-sample w59_per_prefix=16384 total=536870912
run_mode=scan registry_cap=16
sample_start=81166336
scan_elapsed=19.584s rate=27.41 Mtriples/s

D60 interface
  D60=0 matches: 32667 (random expectation 32768.0, enrichment 0.997x)
  prefixes with D60=0: 16522
  max D60=0 fiber per prefix: 20 at W57=0x3d07 W58=0x3899
  largest D60 bucket: D=0x10ac count=34040
  min D60 HW: 0
  D60 HW histogram: 0:32667 1:458638 2:2982348 3:11934524 4:32816578 5:65650574 6:98439209 7:112496168 8:98380458 9:65550651 10:32758900 11:11902991 12:2976050 13:458517 14:32639

Tail closure among D60=0 matches
  final tail collisions: 0
  best r61 HW: 11
  best r61 W1[57..59]=0x2ccd,0xd4,0x2c56
  best r61 W2[57..59]=0x2bda,0xd06,0x3ff5
  best tail HW: 20
  best tail r61 HW: 20
  best W1[57..59]=0x3064,0x2ffd,0x2
  best W2[57..59]=0x2f71,0x32ea,0x2278

SUMMARY N=14 sample_start=81166336 prefixes=32768 total=536870912 d0=32667 best_tail=20 tail_r61=20 best_r61=11 tail_W1=0x3064,0x2ffd,0x2 tail_W2=0x2f71,0x32ea,0x2278 r61_W1=0x2ccd,0xd4,0x2c56 r61_W2=0x2bda,0xd06,0x3ff5

Scan-only witness registry
  registry_count=16 registry_cap=16
  witness[00] tail=20 r61=20 gh60=0xba9fd66 W1=0x3064,0x2ffd,0x2 W2=0x2f71,0x32ea,0x2278
  witness[01] tail=21 r61=16 gh60=0x4a07bfa W1=0xd9a,0x3cfe,0x3b42 W2=0xca7,0x20c2,0x32bf
  witness[02] tail=21 r61=23 gh60=0x4ae8d7e W1=0x28d7,0x2226,0x3378 W2=0x27e4,0x29d9,0x2b0e
  witness[03] tail=22 r61=18 gh60=0xf578d6a W1=0x2851,0x3848,0x3d4 W2=0x275e,0x3897,0x2279
  witness[04] tail=23 r61=19 gh60=0x4cbbca6 W1=0x2e2b,0xbe,0x168d W2=0x2d38,0x3d60,0x1566
  witness[05] tail=23 r61=22 gh60=0xf8987aa W1=0x3b1,0x148d,0x4b9 W2=0x2be,0x14e5,0x1b89
  witness[06] tail=24 r61=19 gh60=0x3b7849a W1=0x1d45,0x1a77,0x1d7c W2=0x1c52,0x10be,0x1068
  witness[07] tail=24 r61=20 gh60=0x5a09ce6 W1=0x11b,0x195d,0x25c2 W2=0x28,0x13e1,0x3ec1
  witness[08] tail=24 r61=22 gh60=0xfe0c5ee W1=0x1c90,0x33b1,0x23b6 W2=0x1b9d,0x2974,0x1f85
  witness[09] tail=24 r61=23 gh60=0xce7449e W1=0x14e8,0x3d0e,0x2114 W2=0x13f5,0x1b46,0x20ca
  witness[10] tail=25 r61=16 gh60=0x49e849a W1=0x1b45,0x1619,0x1368 W2=0x1a52,0xde0,0x1be0
  witness[11] tail=25 r61=18 gh60=0xcf98bae W1=0x357f,0x23b4,0x339e W2=0x348c,0x2c2b,0x119f
  witness[12] tail=25 r61=20 gh60=0x45b45ae W1=0x1470,0x466,0x18e7 W2=0x137d,0x3c9f,0x1004
  witness[13] tail=25 r61=22 gh60=0xd57849e W1=0x2227,0x2738,0x392e W2=0x2134,0x336f,0x1fb0
  witness[14] tail=25 r61=22 gh60=0xdbd8d9e W1=0x26c7,0x10d4,0x3c1 W2=0x25d4,0x17e2,0x2603
  witness[15] tail=25 r61=23 gh60=0xbb2456a W1=0x22d2,0x2005,0x1b47 W2=0x21df,0x2420,0xf2

Scan-only r61 registry
  registry_count=16 registry_cap=16
  r61_witness[00] r61=11 tail=30 gh60=0x4d0856a W1=0x2ccd,0xd4,0x2c56 W2=0x2bda,0xd06,0x3ff5
  r61_witness[01] r61=14 tail=30 gh60=0x4b8bfa6 W1=0x2fab,0x20f,0x19cd W2=0x2eb8,0x1ce1,0x2d76
  r61_witness[02] r61=15 tail=28 gh60=0x7aa85ba W1=0xa75,0x2397,0xfef W2=0x982,0x10bd,0x38e
  r61_witness[03] r61=15 tail=29 gh60=0x4a884aa W1=0x19f1,0x3d,0x2ff1 W2=0x18fe,0x143d,0x1def
  r61_witness[04] r61=15 tail=32 gh60=0x4c885aa W1=0x24c1,0x21ba,0x98f W2=0x23ce,0x2142,0x35fb
  r61_witness[05] r61=15 tail=33 gh60=0x48844ba W1=0x3d3a,0x94,0x8c3 W2=0x3c47,0x37cb,0x24df
  r61_witness[06] r61=15 tail=34 gh60=0x5908b6e W1=0x154f,0x36f8,0x22c3 W2=0x145c,0x3913,0x3676
  r61_witness[07] r61=15 tail=36 gh60=0x48884ae W1=0x2d3f,0x12ab,0x1da9 W2=0x2c4c,0x2fbb,0x72b
  r61_witness[08] r61=16 tail=21 gh60=0x4a07bfa W1=0xd9a,0x3cfe,0x3b42 W2=0xca7,0x20c2,0x32bf
  r61_witness[09] r61=16 tail=25 gh60=0x49e849a W1=0x1b45,0x1619,0x1368 W2=0x1a52,0xde0,0x1be0
  r61_witness[10] r61=16 tail=27 gh60=0xc66cbba W1=0x976,0x171d,0xa71 W2=0x883,0x12f9,0xed8
  r61_witness[11] r61=16 tail=31 gh60=0x470cd66 W1=0x36dc,0x35bf,0x1993 W2=0x35e9,0x1c7a,0x3abf
  r61_witness[12] r61=16 tail=32 gh60=0x4604ffa W1=0x79a,0x33cf,0x172b W2=0x6a7,0x2453,0x357e
  r61_witness[13] r61=16 tail=33 gh60=0xd92dc9e W1=0x2148,0x34a6,0x2cb7 W2=0x2055,0x153,0x1cec
  r61_witness[14] r61=16 tail=35 gh60=0x4a08cea W1=0x611,0x364f,0x41c W2=0x51e,0x3d56,0x307e
  r61_witness[15] r61=16 tail=36 gh60=0x36184e6 W1=0x231b,0x17da,0x14e6 W2=0x2228,0x359f,0x1709

D60=0 fiber histogram: 1:8008 2:4787 3:1737 4:1124 5:393 6:234 7:85 8:90 9:15 10:26 11:8 12:8 13:1 14:1 15:1 16:1 18:1 19:1 20:1
