free_word_mitm_reducedn
N=14 mask=0x3fff msb=0x2000
candidate: M0=0x3d36 mode=random-fallback fill=0x3fff kernel=dM0=dM9=0x2000
prefixes=32768/268435456 mode=permuted-prefix-sample w59_per_prefix=16384 total=536870912
run_mode=scan registry_cap=16
sample_start=198606848
scan_elapsed=19.400s rate=27.67 Mtriples/s

D60 interface
  D60=0 matches: 32785 (random expectation 32768.0, enrichment 1.001x)
  prefixes with D60=0: 16668
  max D60=0 fiber per prefix: 16 at W57=0x2d85 W58=0x50d
  largest D60 bucket: D=0xdff count=33707
  min D60 HW: 0
  D60 HW histogram: 0:32785 1:459698 2:2989981 3:11936415 4:32812740 5:65617170 6:98397327 7:112437572 8:98381276 9:65580054 10:32804530 11:11941801 12:2987649 13:459563 14:32351

Tail closure among D60=0 matches
  final tail collisions: 0
  best r61 HW: 12
  best r61 W1[57..59]=0xe1d,0x1d7e,0x1ca3
  best r61 W2[57..59]=0xd2a,0x10b5,0x3357
  best tail HW: 23
  best tail r61 HW: 22
  best W1[57..59]=0x4a0,0x2013,0x15f0
  best W2[57..59]=0x3ad,0xa46,0x202

SUMMARY N=14 sample_start=198606848 prefixes=32768 total=536870912 d0=32785 best_tail=23 tail_r61=22 best_r61=12 tail_W1=0x4a0,0x2013,0x15f0 tail_W2=0x3ad,0xa46,0x202 r61_W1=0xe1d,0x1d7e,0x1ca3 r61_W2=0xd2a,0x10b5,0x3357

Scan-only witness registry
  registry_count=16 registry_cap=16
  witness[00] tail=23 r61=20 gh60=0x5d3fd7a W1=0x1056,0xcbd,0x1915 W2=0xf63,0x150d,0x3aca
  witness[01] tail=23 r61=20 gh60=0x49844a6 W1=0x3cfc,0x28c1,0x26e4 W2=0x3c09,0x278d,0x24d4
  witness[02] tail=23 r61=21 gh60=0x4a044fa W1=0x331a,0x1500,0x34e8 W2=0x3227,0xcbd,0x3973
  witness[03] tail=23 r61=22 gh60=0xc6745ee W1=0x4a0,0x2013,0x15f0 W2=0x3ad,0xa46,0x202
  witness[04] tail=24 r61=15 gh60=0x56885aa W1=0x1281,0xeb1,0xd95 W2=0x118e,0x1b49,0x3d50
  witness[05] tail=24 r61=19 gh60=0xfa54d9a W1=0x886,0x2de2,0x2e0a W2=0x793,0x985,0x1ddc
  witness[06] tail=24 r61=22 gh60=0xb918c9a W1=0x3745,0x1767,0x2b1b W2=0x3652,0xcb5,0x3b40
  witness[07] tail=24 r61=23 gh60=0xda3859e W1=0x1a87,0x30f,0x2db5 W2=0x1994,0x17ae,0x3af0
  witness[08] tail=24 r61=24 gh60=0xcf1db66 W1=0x3ddc,0x1108,0x3002 W2=0x3ce9,0x1451,0x9b0
  witness[09] tail=25 r61=12 gh60=0xda0bcea W1=0xe1d,0x1d7e,0x1ca3 W2=0xd2a,0x10b5,0x3357
  witness[10] tail=25 r61=20 gh60=0xc60bbee W1=0x119f,0x6c1,0x510 W2=0x10ac,0x253c,0x1905
  witness[11] tail=25 r61=20 gh60=0xdd88cae W1=0x15ef,0x23d8,0x16c3 W2=0x14fc,0x23b7,0x3ce
  witness[12] tail=25 r61=22 gh60=0xb8a8f9e W1=0x17a7,0x1a55,0x3990 W2=0x16b4,0x21b7,0x15e
  witness[13] tail=25 r61=23 gh60=0x44784aa W1=0x43d,0x2966,0x2cd9 W2=0x34a,0x2f12,0x16e9
  witness[14] tail=25 r61=28 gh60=0x4774d7e W1=0x2658,0x1885,0x13b0 W2=0x2565,0x1a31,0x38b6
  witness[15] tail=26 r61=16 gh60=0x4908766 W1=0x33db,0x57d,0x3f22 W2=0x32e8,0x3a26,0xeef

Scan-only r61 registry
  registry_count=16 registry_cap=16
  r61_witness[00] r61=12 tail=25 gh60=0xda0bcea W1=0xe1d,0x1d7e,0x1ca3 W2=0xd2a,0x10b5,0x3357
  r61_witness[01] r61=15 tail=24 gh60=0x56885aa W1=0x1281,0xeb1,0xd95 W2=0x118e,0x1b49,0x3d50
  r61_witness[02] r61=15 tail=30 gh60=0xc66fc9a W1=0xe06,0x3bda,0x14d8 W2=0xd13,0x12eb,0x34af
  r61_witness[03] r61=15 tail=33 gh60=0x5a644ea W1=0x2a12,0x3eca,0x811 W2=0x291f,0x5c5,0x358d
  r61_witness[04] r61=15 tail=36 gh60=0x4a68dba W1=0x3879,0xf70,0x27a5 W2=0x3786,0x39d7,0x34e3
  r61_witness[05] r61=15 tail=39 gh60=0x460bfea W1=0x2f91,0x1322,0x1a5a W2=0x2e9e,0x3eb5,0x3000
  r61_witness[06] r61=16 tail=26 gh60=0x4908766 W1=0x33db,0x57d,0x3f22 W2=0x32e8,0x3a26,0xeef
  r61_witness[07] r61=16 tail=27 gh60=0x7908b6e W1=0x355f,0xdf6,0x2c2d W2=0x346c,0x180d,0x2065
  r61_witness[08] r61=16 tail=30 gh60=0xca0ccee W1=0x2910,0x1907,0x1113 W2=0x281d,0x5ef,0x1233
  r61_witness[09] r61=16 tail=30 gh60=0x455c49e W1=0x3c28,0x15f2,0x1f97 W2=0x3b35,0x241c,0x30f5
  r61_witness[10] r61=16 tail=31 gh60=0x5c884a6 W1=0x42b,0x38de,0x219f W2=0x338,0x253b,0x2aa9
  r61_witness[11] r61=16 tail=36 gh60=0x4a2c4a6 W1=0x2404,0x7a,0x3daa W2=0x2311,0x2076,0x39db
  r61_witness[12] r61=16 tail=37 gh60=0x4608cea W1=0x621,0x132e,0x210b W2=0x52e,0x1929,0x1206
  r61_witness[13] r61=17 tail=27 gh60=0x3aa9da6 W1=0x3e73,0x35b9,0x26e0 W2=0x3d80,0x308f,0x2f50
  r61_witness[14] r61=17 tail=29 gh60=0x48884aa W1=0x541,0x2ed2,0x29c1 W2=0x44e,0x3482,0x35cd
  r61_witness[15] r61=17 tail=29 gh60=0x4a144ea W1=0x151e,0x1e91,0x76e W2=0x142b,0x3188,0x2ebf

D60=0 fiber histogram: 1:8122 2:4748 3:1817 4:1112 5:424 6:229 7:89 8:68 9:24 10:15 11:8 12:8 13:1 14:2 16:1
