free_word_mitm_reducedn
N=14 mask=0x3fff msb=0x2000
candidate: M0=0x3d36 mode=random-fallback fill=0x3fff kernel=dM0=dM9=0x2000
prefixes=32768/268435456 mode=permuted-prefix-sample w59_per_prefix=16384 total=536870912
run_mode=scan registry_cap=16
sample_start=64389120
scan_elapsed=19.904s rate=26.97 Mtriples/s

D60 interface
  D60=0 matches: 32796 (random expectation 32768.0, enrichment 1.001x)
  prefixes with D60=0: 16632
  max D60=0 fiber per prefix: 19 at W57=0x162 W58=0x199e
  largest D60 bucket: D=0xd60 count=33858
  min D60 HW: 0
  D60 HW histogram: 0:32796 1:458401 2:2985218 3:11946771 4:32834522 5:65657258 6:98458164 7:112432892 8:98339549 9:65553336 10:32772805 11:11924387 12:2983072 13:458963 14:32778

Tail closure among D60=0 matches
  final tail collisions: 0
  best r61 HW: 14
  best r61 W1[57..59]=0x3e01,0x3e2,0x29f
  best r61 W2[57..59]=0x3d0e,0xe51,0x312f
  best tail HW: 22
  best tail r61 HW: 28
  best W1[57..59]=0x3c18,0x2513,0x30bc
  best W2[57..59]=0x3b25,0x30ac,0x3c57

SUMMARY N=14 sample_start=64389120 prefixes=32768 total=536870912 d0=32796 best_tail=22 tail_r61=28 best_r61=14 tail_W1=0x3c18,0x2513,0x30bc tail_W2=0x3b25,0x30ac,0x3c57 r61_W1=0x3e01,0x3e2,0x29f r61_W2=0x3d0e,0xe51,0x312f

Scan-only witness registry
  registry_count=16 registry_cap=16
  witness[00] tail=22 r61=28 gh60=0xc6f44fe W1=0x3c18,0x2513,0x30bc W2=0x3b25,0x30ac,0x3c57
  witness[01] tail=24 r61=19 gh60=0x4af459e W1=0x2cc8,0x3bb8,0x1c31 W2=0x2bd5,0x258,0x226e
  witness[02] tail=24 r61=20 gh60=0xbe04bfa W1=0x399a,0x527,0x26b W2=0x38a7,0x3fab,0x2671
  witness[03] tail=24 r61=26 gh60=0xfa54d9a W1=0x886,0xde2,0x2f44 W2=0x793,0x2985,0x3f16
  witness[04] tail=25 r61=17 gh60=0xc6085ea W1=0x34a1,0xeec,0x3900 W2=0x33ae,0x1ffa,0xd6a
  witness[05] tail=25 r61=18 gh60=0x76e5d6a W1=0x20d2,0x7a7,0xaf8 W2=0x1fdf,0xd9f,0x3528
  witness[06] tail=25 r61=21 gh60=0x4b84cba W1=0x6fa,0x3b04,0x33d3 W2=0x607,0x1f3c,0x2265
  witness[07] tail=25 r61=21 gh60=0x4e1c4ee W1=0x3410,0x110c,0x17f7 W2=0x331d,0x3f27,0x16bd
  witness[08] tail=25 r61=23 gh60=0x47b849a W1=0x2429,0x373f,0x2863 W2=0x2336,0x1cd6,0xd0d
  witness[09] tail=25 r61=24 gh60=0x49a44e6 W1=0x1b24,0x2e91,0x3c87 W2=0x1a31,0x2d13,0xb32
  witness[10] tail=25 r61=25 gh60=0x4f84d9a W1=0x66a,0x2b03,0x2c38 W2=0x577,0x1a62,0xd50
  witness[11] tail=25 r61=26 gh60=0x4f08d66 W1=0x8db,0xf6e,0x2f16 W2=0x7e8,0x3e84,0x2abf
  witness[12] tail=25 r61=27 gh60=0x7fb8daa W1=0x16ad,0x1ef7,0x3720 W2=0x15ba,0x3e4a,0xd0
  witness[13] tail=26 r61=18 gh60=0xcc87dba W1=0x2eba,0xaf5,0x2274 W2=0x2dc7,0x234d,0x86c
  witness[14] tail=26 r61=18 gh60=0x4a984aa W1=0x3b01,0x140,0x4d0 W2=0x3a0e,0x1a70,0xfb7
  witness[15] tail=26 r61=19 gh60=0xb4a849a W1=0x3225,0xea9,0x28a1 W2=0x3132,0x2f0,0x2af6

Scan-only r61 registry
  registry_count=16 registry_cap=16
  r61_witness[00] r61=14 tail=27 gh60=0xcb99caa W1=0x3e01,0x3e2,0x29f W2=0x3d0e,0xe51,0x312f
  r61_witness[01] r61=15 tail=27 gh60=0xc608fea W1=0x7a1,0x386a,0x1576 W2=0x6ae,0x33ed,0x1829
  r61_witness[02] r61=15 tail=29 gh60=0x4907b7a W1=0x315a,0x341e,0x775 W2=0x3067,0x1112,0x2c76
  r61_witness[03] r61=15 tail=30 gh60=0x4604be6 W1=0x398c,0x17dc,0xcb5 W2=0x3899,0x2a2b,0xa78
  r61_witness[04] r61=15 tail=32 gh60=0xc505d7a W1=0x3e5a,0xc96,0xcb8 W2=0x3d67,0x3902,0x3ceb
  r61_witness[05] r61=15 tail=33 gh60=0x56984aa W1=0x2afd,0x1728,0x1bb1 W2=0x2a0a,0x1f14,0x135c
  r61_witness[06] r61=15 tail=34 gh60=0x48844a6 W1=0x2b3c,0x2cc5,0x76d W2=0x2a49,0x3c11,0x380b
  r61_witness[07] r61=15 tail=34 gh60=0x4a085ea W1=0x3c8d,0x1033,0x3b61 W2=0x3b9a,0x2fd1,0x34a9
  r61_witness[08] r61=16 tail=27 gh60=0xca28be6 W1=0x2593,0x4cb,0x134f W2=0x24a0,0xb25,0x20ed
  r61_witness[09] r61=16 tail=30 gh60=0x49d85fa W1=0x299,0x2705,0x25bc W2=0x1a6,0x2a5,0x141b
  r61_witness[10] r61=16 tail=31 gh60=0x448bdaa W1=0x2ec1,0x2390,0x17d1 W2=0x2dce,0x1053,0x35bd
  r61_witness[11] r61=16 tail=33 gh60=0xca2849e W1=0x1207,0xe8a,0xae7 W2=0x1114,0x2b77,0x2a04
  r61_witness[12] r61=16 tail=33 gh60=0x48b87a6 W1=0x1bab,0x64e,0x35b W2=0x1ab8,0x3fa1,0x133
  r61_witness[13] r61=16 tail=35 gh60=0xca09cea W1=0x201d,0x20e1,0x21a3 W2=0x1f2a,0x2314,0xb04
  r61_witness[14] r61=16 tail=35 gh60=0x5a05c9a W1=0x3f0a,0x3e55,0x346a W2=0x3e17,0x1f5e,0x25f7
  r61_witness[15] r61=16 tail=36 gh60=0x450bd66 W1=0x2ecb,0xd9e,0x1d36 W2=0x2dd8,0x166a,0x339a

D60=0 fiber histogram: 1:8039 2:4807 3:1840 4:1099 5:412 6:216 7:79 8:69 9:26 10:23 11:5 12:2 13:5 14:4 16:3 17:1 18:1 19:1
