free_word_mitm_reducedn
N=14 mask=0x3fff msb=0x2000
candidate: M0=0x3d36 mode=random-fallback fill=0x3fff kernel=dM0=dM9=0x2000
prefixes=32768/268435456 mode=permuted-prefix-sample w59_per_prefix=16384 total=536870912
run_mode=scan registry_cap=16
sample_start=140214272
scan_elapsed=20.075s rate=26.74 Mtriples/s

D60 interface
  D60=0 matches: 32433 (random expectation 32768.0, enrichment 0.990x)
  prefixes with D60=0: 16490
  max D60=0 fiber per prefix: 19 at W57=0x5f2 W58=0x1dff
  largest D60 bucket: D=0x2c12 count=33777
  min D60 HW: 0
  D60 HW histogram: 0:32433 1:459608 2:2982468 3:11940585 4:32866049 5:65706725 6:98489358 7:112464085 8:98318725 9:65520359 10:32728975 11:11900658 12:2971894 13:456535 14:32455

Tail closure among D60=0 matches
  final tail collisions: 0
  best r61 HW: 12
  best r61 W1[57..59]=0x192,0x37df,0x25b3
  best r61 W2[57..59]=0x9f,0x2373,0x3d57
  best tail HW: 22
  best tail r61 HW: 25
  best W1[57..59]=0x217,0x2c08,0x2692
  best W2[57..59]=0x124,0x37b0,0x17d6

SUMMARY N=14 sample_start=140214272 prefixes=32768 total=536870912 d0=32433 best_tail=22 tail_r61=25 best_r61=12 tail_W1=0x217,0x2c08,0x2692 tail_W2=0x124,0x37b0,0x17d6 r61_W1=0x192,0x37df,0x25b3 r61_W2=0x9f,0x2373,0x3d57

Scan-only witness registry
  registry_count=16 registry_cap=16
  witness[00] tail=22 r61=23 gh60=0xc988bae W1=0x56f,0x97f,0x144c W2=0x47c,0x206,0x36e8
  witness[01] tail=22 r61=25 gh60=0xca284fe W1=0x217,0x2c08,0x2692 W2=0x124,0x37b0,0x17d6
  witness[02] tail=23 r61=19 gh60=0x4619dea W1=0x1ea1,0x125c,0x1fb W2=0x1dae,0x12ab,0x1337
  witness[03] tail=23 r61=22 gh60=0xd9b44aa W1=0x1d2e,0x8a1,0x29fa W2=0x1c3b,0x1da2,0x1ba3
  witness[04] tail=24 r61=16 gh60=0xcad857e W1=0xcd7,0x91,0x2927 W2=0xbe4,0x3bd,0xe6d
  witness[05] tail=24 r61=17 gh60=0x4a084ee W1=0x51f,0x390f,0x13d8 W2=0x42c,0x1719,0x3ccd
  witness[06] tail=24 r61=21 gh60=0xc688caa W1=0x2601,0x3f09,0x1318 W2=0x250e,0x6f8,0xc4
  witness[07] tail=24 r61=21 gh60=0x4718d66 W1=0x36db,0x17ae,0x6f0 W2=0x35e8,0x3a68,0x31f3
  witness[08] tail=24 r61=25 gh60=0x4e945aa W1=0x327e,0x6ec,0x2e56 W2=0x318b,0x1175,0x2c64
  witness[09] tail=24 r61=26 gh60=0xcd7849a W1=0x1249,0x213e,0x895 W2=0x1156,0x1587,0x2eaa
  witness[10] tail=24 r61=26 gh60=0x5ee5b66 W1=0x3dd4,0xe5c,0x3470 W2=0x3ce1,0x12c5,0x1155
  witness[11] tail=25 r61=22 gh60=0xb60c5ea W1=0xa9e,0x153d,0x11f4 W2=0x9ab,0x1350,0x3205
  witness[12] tail=25 r61=22 gh60=0x5798ca6 W1=0x3833,0x389d,0x3db5 W2=0x3740,0x1249,0x68
  witness[13] tail=25 r61=22 gh60=0xb6644a6 W1=0x3a04,0x3c28,0xc95 W2=0x3911,0x926,0x2dcc
  witness[14] tail=25 r61=26 gh60=0xd7a84ba W1=0x22f5,0x2ec5,0x35cb W2=0x2202,0x1843,0x16d6
  witness[15] tail=26 r61=18 gh60=0x48dc49e W1=0x3b28,0x2352,0x413 W2=0x3a35,0x2fc,0x20d8

Scan-only r61 registry
  registry_count=16 registry_cap=16
  r61_witness[00] r61=12 tail=31 gh60=0x4665bea W1=0x192,0x37df,0x25b3 W2=0x9f,0x2373,0x3d57
  r61_witness[01] r61=13 tail=32 gh60=0x4a1c4a6 W1=0x1304,0x2aea,0x3065 W2=0x1211,0x2be6,0x296d
  r61_witness[02] r61=14 tail=32 gh60=0xc489daa W1=0x1eb1,0x233b,0x16b9 W2=0x1dbe,0x2112,0x2314
  r61_witness[03] r61=15 tail=28 gh60=0x460bbee W1=0x318f,0x766,0x16ab W2=0x309c,0x30f9,0x1f97
  r61_witness[04] r61=15 tail=32 gh60=0x5b08b66 W1=0x54b,0x286f,0x66c W2=0x458,0x3651,0xf1c
  r61_witness[05] r61=15 tail=32 gh60=0x488479a W1=0x1baa,0x413,0x3a16 W2=0x1ab7,0x5d9,0x1ac4
  r61_witness[06] r61=15 tail=35 gh60=0x4a1bbe6 W1=0x319b,0x111d,0x3c99 W2=0x30a8,0x9dd,0x374a
  r61_witness[07] r61=16 tail=24 gh60=0xcad857e W1=0xcd7,0x91,0x2927 W2=0xbe4,0x3bd,0xe6d
  r61_witness[08] r61=16 tail=31 gh60=0x46085ea W1=0xc9d,0x2bbc,0xc54 W2=0xbaa,0x374a,0x394d
  r61_witness[09] r61=16 tail=34 gh60=0x5a184ea W1=0x2c1d,0x26b9,0x3137 W2=0x2b2a,0x2c6f,0x3b45
  r61_witness[10] r61=16 tail=35 gh60=0x4888bae W1=0x15af,0x2feb,0x203c W2=0x14bc,0x3802,0x19dc
  r61_witness[11] r61=16 tail=37 gh60=0x4905b9a W1=0x3dca,0x2839,0x3589 W2=0x3cd7,0x19c2,0xcaa
  r61_witness[12] r61=16 tail=38 gh60=0x48a87ba W1=0x23b5,0x3163,0x810 W2=0x22c2,0x2435,0x1e59
  r61_witness[13] r61=17 tail=24 gh60=0x4a084ee W1=0x51f,0x390f,0x13d8 W2=0x42c,0x1719,0x3ccd
  r61_witness[14] r61=17 tail=28 gh60=0x4b08566 W1=0x2adb,0x165,0x365e W2=0x29e8,0x1ca4,0x17c2
  r61_witness[15] r61=17 tail=30 gh60=0xc8efba6 W1=0x2db4,0x1184,0x1135 W2=0x2cc1,0x9d7,0x3411

D60=0 fiber histogram: 1:8073 2:4730 3:1742 4:1086 5:428 6:202 7:83 8:62 9:36 10:24 11:3 12:6 13:3 14:4 15:1 16:2 17:1 18:3 19:1
