free_word_mitm_reducedn
N=14 mask=0x3fff msb=0x2000
candidate: M0=0x3d36 mode=random-fallback fill=0x3fff kernel=dM0=dM9=0x2000
prefixes=32768/268435456 mode=permuted-prefix-sample w59_per_prefix=16384 total=536870912
run_mode=scan registry_cap=16
sample_start=35487744
scan_elapsed=19.679s rate=27.28 Mtriples/s

D60 interface
  D60=0 matches: 32739 (random expectation 32768.0, enrichment 0.999x)
  prefixes with D60=0: 16608
  max D60=0 fiber per prefix: 32 at W57=0x1265 W58=0xf7c
  largest D60 bucket: D=0x27eb count=33928
  min D60 HW: 0
  D60 HW histogram: 0:32739 1:457225 2:2980402 3:11928479 4:32788914 5:65578969 6:98383702 7:112461045 8:98429971 9:65620196 10:32809767 11:11924687 12:2984133 13:457966 14:32717

Tail closure among D60=0 matches
  final tail collisions: 0
  best r61 HW: 14
  best r61 W1[57..59]=0x36a,0x27ad,0x2e6
  best r61 W2[57..59]=0x277,0x1a0d,0x178d
  best tail HW: 19
  best tail r61 HW: 29
  best W1[57..59]=0x2dbd,0x215b,0x37c7
  best W2[57..59]=0x2cca,0x3e5a,0x322e

SUMMARY N=14 sample_start=35487744 prefixes=32768 total=536870912 d0=32739 best_tail=19 tail_r61=29 best_r61=14 tail_W1=0x2dbd,0x215b,0x37c7 tail_W2=0x2cca,0x3e5a,0x322e r61_W1=0x36a,0x27ad,0x2e6 r61_W2=0x277,0x1a0d,0x178d

Scan-only witness registry
  registry_count=16 registry_cap=16
  witness[00] tail=19 r61=29 gh60=0x3ffbbaa W1=0x2dbd,0x215b,0x37c7 W2=0x2cca,0x3e5a,0x322e
  witness[01] tail=23 r61=18 gh60=0xca28b9a W1=0x3989,0x1ca,0x2f9e W2=0x3896,0xea0,0x35de
  witness[02] tail=24 r61=17 gh60=0xb918b6e W1=0x394f,0x290a,0x2d5c W2=0x385c,0x2f2d,0x19d8
  witness[03] tail=24 r61=20 gh60=0xdaadf66 W1=0x1f64,0x3a15,0x2be2 W2=0x1e71,0x1bee,0x2bb8
  witness[04] tail=24 r61=23 gh60=0xc5b8766 W1=0x3e3,0x121f,0x36fa W2=0x2f0,0x3a76,0x1830
  witness[05] tail=24 r61=28 gh60=0xd99cba6 W1=0x397c,0x25e,0x1b55 W2=0x3889,0x16a3,0x37dc
  witness[06] tail=25 r61=16 gh60=0x4728b66 W1=0x19d3,0x2d5f,0x244b W2=0x18e0,0x34d,0x28f9
  witness[07] tail=25 r61=17 gh60=0x491cf6e W1=0x37d0,0x11ad,0x3e12 W2=0x36dd,0x14e9,0x1b86
  witness[08] tail=25 r61=19 gh60=0xca084ee W1=0x51f,0x10a2,0x3389 W2=0x42c,0x2eac,0x1c7d
  witness[09] tail=25 r61=21 gh60=0xfad8b9a W1=0x1569,0x1d31,0xfe1 W2=0x1476,0x2f07,0x2810
  witness[10] tail=25 r61=21 gh60=0xcadc5fa W1=0x3496,0x364b,0x3141 W2=0x33a3,0x236c,0x29b4
  witness[11] tail=25 r61=21 gh60=0x453859a W1=0x3cc5,0xc0,0xcab W2=0x3bd2,0x3f1f,0x3f8b
  witness[12] tail=25 r61=23 gh60=0xdb7849a W1=0x325,0x3315,0x5f3 W2=0x232,0x1b20,0x320
  witness[13] tail=25 r61=24 gh60=0xdb08d66 W1=0x65b,0xb3a,0x1a8d W2=0x568,0x28d8,0x1c0a
  witness[14] tail=25 r61=24 gh60=0xcbdbb7a W1=0x11d9,0x3ecd,0x1ae W2=0x10e6,0x29cc,0x6b1
  witness[15] tail=25 r61=24 gh60=0xdaadf66 W1=0x1f64,0x3a15,0x833 W2=0x1e71,0x1bee,0x809

Scan-only r61 registry
  registry_count=16 registry_cap=16
  r61_witness[00] r61=14 tail=29 gh60=0xc48bcae W1=0xe3f,0x21c,0x20ba W2=0xd4c,0x28e7,0xd98
  r61_witness[01] r61=14 tail=30 gh60=0xc904766 W1=0x3bcc,0x172c,0x114e W2=0x3ad9,0xe64,0x2939
  r61_witness[02] r61=14 tail=34 gh60=0xca8c79a W1=0x36a,0x27ad,0x2e6 W2=0x277,0x1a0d,0x178d
  r61_witness[03] r61=15 tail=33 gh60=0x4888ca6 W1=0x93b,0x33f4,0xbe4 W2=0x848,0x2d00,0x2975
  r61_witness[04] r61=15 tail=33 gh60=0x4a047fa W1=0x239a,0x1854,0x1194 W2=0x22a7,0xb99,0x20f1
  r61_witness[05] r61=15 tail=33 gh60=0x461dc9a W1=0x3f0a,0x18c,0x2a92 W2=0x3e17,0x2295,0x13f8
  r61_witness[06] r61=15 tail=34 gh60=0x7a28ce6 W1=0x3713,0x246d,0x337d W2=0x3620,0x3213,0x13b0
  r61_witness[07] r61=16 tail=25 gh60=0x4728b66 W1=0x19d3,0x2d5f,0x244b W2=0x18e0,0x34d,0x28f9
  r61_witness[08] r61=16 tail=27 gh60=0xd51bd6e W1=0x10cf,0x167b,0x2f30 W2=0xfdc,0x272a,0x341
  r61_witness[09] r61=16 tail=27 gh60=0xc9184a6 W1=0x1343,0x1044,0x195c W2=0x1250,0x20bf,0x37d2
  r61_witness[10] r61=16 tail=29 gh60=0x4609ce6 W1=0x1f1b,0x240,0x3c48 W2=0x1e28,0x1e44,0x337a
  r61_witness[11] r61=16 tail=30 gh60=0xd905b66 W1=0x1d5c,0x2f3d,0x1df3 W2=0x1c69,0x3286,0x2606
  r61_witness[12] r61=16 tail=31 gh60=0x56184ee W1=0x21f,0xa15,0x28f9 W2=0x12c,0x35af,0x1e24
  r61_witness[13] r61=16 tail=31 gh60=0x4c884aa W1=0x1c3d,0x3d1a,0x13c5 W2=0x1b4a,0x1146,0x1a9c
  r61_witness[14] r61=16 tail=33 gh60=0x4a884ae W1=0x1aff,0x1b03,0xea9 W2=0x1a0c,0xa13,0x2027
  r61_witness[15] r61=16 tail=33 gh60=0x4ca5ce6 W1=0x1e24,0x346a,0x792 W2=0x1d31,0x349f,0x3f87

D60=0 fiber histogram: 1:8096 2:4746 3:1779 4:1143 5:412 6:212 7:78 8:70 9:23 10:20 11:8 12:7 13:4 14:6 16:1 18:1 23:1 32:1
