free_word_mitm_reducedn
N=14 mask=0x3fff msb=0x2000
candidate: M0=0x3d36 mode=random-fallback fill=0x3fff kernel=dM0=dM9=0x2000
prefixes=32768/268435456 mode=permuted-prefix-sample w59_per_prefix=16384 total=536870912
run_mode=scan registry_cap=128
sample_start=140148736
scan_elapsed=18.128s rate=29.62 Mtriples/s
refine_elapsed=17.427s repair_refine_elapsed=0.000s total_elapsed=35.554s

D60 interface
  D60=0 matches: 32703 (random expectation 32768.0, enrichment 0.998x)
  prefixes with D60=0: 16558
  max D60=0 fiber per prefix: 15 at W57=0x5c0 W58=0x1f50
  largest D60 bucket: D=0xa57 count=33993
  min D60 HW: 0
  D60 HW histogram: 0:32703 1:457491 2:2974308 3:11918797 4:32774101 5:65601854 6:98435361 7:112488633 8:98426165 9:65587210 10:32786304 11:11917408 12:2978941 13:458892 14:32744

Tail closure among D60=0 matches
  final tail collisions: 0
  best r61 HW: 14
  best r61 W1[57..59]=0x114a,0x2085,0x2eb0
  best r61 W2[57..59]=0x1057,0x2d0a,0x8c7
  best tail HW: 19
  best tail r61 HW: 21
  best W1[57..59]=0x97,0x3678,0x1852
  best W2[57..59]=0x3fa4,0x3937,0x106a

SUMMARY N=14 sample_start=140148736 prefixes=32768 total=536870912 d0=32703 best_tail=19 tail_r61=21 best_r61=14 tail_W1=0x97,0x3678,0x1852 tail_W2=0x3fa4,0x3937,0x106a r61_W1=0x114a,0x2085,0x2eb0 r61_W2=0x1057,0x2d0a,0x8c7

Scan-only witness registry
  registry_count=128 registry_cap=128
  witness[00] tail=19 r61=21 gh60=0xd629dfe W1=0x97,0x3678,0x1852 W2=0x3fa4,0x3937,0x106a
  witness[01] tail=21 r61=23 gh60=0xc6bbcaa W1=0x2efd,0x178e,0x364b W2=0x2e0a,0xd01,0x305e
  witness[02] tail=22 r61=17 gh60=0xde3dde6 W1=0x1e94,0x2687,0x1324 W2=0x1da1,0x1f54,0x5e9
  witness[03] tail=22 r61=22 gh60=0xb954b9e W1=0x9c8,0x2e86,0x32d2 W2=0x8d5,0x23dd,0x34e2
  witness[04] tail=22 r61=24 gh60=0xbaddd9e W1=0x20c8,0x1cd4,0x3286 W2=0x1fd5,0x2171,0x33cc
  witness[05] tail=23 r61=16 gh60=0xcb0cd6e W1=0x36e0,0x1c61,0x2ab3 W2=0x35ed,0x12a1,0x1599
  witness[06] tail=23 r61=25 gh60=0xf99bb9a W1=0x1165,0x951,0xd3d W2=0x1072,0x2825,0xa95
  witness[07] tail=23 r61=26 gh60=0x79fcb9e W1=0x1568,0x71c,0x39d7 W2=0x1475,0x10c3,0x2072
  witness[08] tail=24 r61=15 gh60=0xf4a7ca6 W1=0x1034,0x22bb,0x37ec W2=0xf41,0x2f66,0x1c36
  witness[09] tail=24 r61=17 gh60=0xcc8c4aa W1=0x22e,0x277,0xc2b W2=0x13b,0x4b8,0x2e5c
  witness[10] tail=24 r61=20 gh60=0x4c844a6 W1=0x22c,0x320,0xf19 W2=0x139,0x1d7e,0x485
  witness[11] tail=24 r61=20 gh60=0xbd2859a W1=0x12c9,0x300c,0x21ee W2=0x11d6,0x1c75,0x9bc
  witness[12] tail=24 r61=21 gh60=0x4d3dd7a W1=0x1e5a,0x5f1,0x1981 W2=0x1d67,0x3a55,0x110c
  witness[13] tail=24 r61=21 gh60=0x56184ee W1=0x320f,0x1634,0x2b6e W2=0x311c,0x15de,0x310c
  witness[14] tail=24 r61=24 gh60=0x5a385fe W1=0x297,0x367a,0xdb4 W2=0x1a4,0x3a3a,0x21f4
  witness[15] tail=24 r61=26 gh60=0xd6387ee W1=0x139f,0x1453,0x37d W2=0x12ac,0x1f11,0x1d9b

Scan-only r61 registry
  registry_count=128 registry_cap=128
  r61_witness[00] r61=14 tail=31 gh60=0x5c884a6 W1=0x222b,0xdda,0x2d56 W2=0x2138,0x1a37,0x1fcc
  r61_witness[01] r61=14 tail=34 gh60=0xca047e6 W1=0xb9c,0x384,0x1a97 W2=0xaa9,0x2f44,0x38e2
  r61_witness[02] r61=14 tail=34 gh60=0x4c84da6 W1=0x18ac,0x2cdb,0x17f W2=0x17b9,0x2e20,0x21bb
  r61_witness[03] r61=14 tail=35 gh60=0x4907c9a W1=0x114a,0x2085,0x2eb0 W2=0x1057,0x2d0a,0x8c7
  r61_witness[04] r61=15 tail=24 gh60=0xf4a7ca6 W1=0x1034,0x22bb,0x37ec W2=0xf41,0x2f66,0x1c36
  r61_witness[05] r61=15 tail=26 gh60=0x46a849e W1=0xbe7,0x1eed,0x2b1 W2=0xaf4,0x2d96,0x135a
  r61_witness[06] r61=15 tail=29 gh60=0x490876a W1=0x3bdd,0x19c4,0x2c6b W2=0x3aea,0x1c0e,0x3d0a
  r61_witness[07] r61=15 tail=30 gh60=0x4d07d66 W1=0x2e4c,0x37ab,0x2e2b W2=0x2d59,0x58,0x2a98
  r61_witness[08] r61=16 tail=23 gh60=0xcb0cd6e W1=0x36e0,0x1c61,0x2ab3 W2=0x35ed,0x12a1,0x1599
  r61_witness[09] r61=16 tail=28 gh60=0x460dcfa W1=0x3f1a,0x699,0x1526 W2=0x3e27,0x2b55,0x1d86
  r61_witness[10] r61=16 tail=31 gh60=0x4a19da6 W1=0x83,0x225c,0x2d03 W2=0x3f90,0x36be,0x3de3
  r61_witness[11] r61=16 tail=32 gh60=0x4a19da6 W1=0x83,0x225c,0x2cff W2=0x3f90,0x36be,0x3ddf
  r61_witness[12] r61=16 tail=32 gh60=0xf5885aa W1=0xa6d,0x46d,0xffb W2=0x97a,0x1191,0x9f2
  r61_witness[13] r61=16 tail=33 gh60=0x4a685a6 W1=0x2283,0x2c9a,0x1ebd W2=0x2190,0x227d,0x320c
  r61_witness[14] r61=16 tail=33 gh60=0xc499ca6 W1=0x3e33,0x1178,0x3d16 W2=0x3d40,0x3fa2,0x367d
  r61_witness[15] r61=16 tail=35 gh60=0x5a8bcae W1=0x2eff,0x3add,0x3f86 W2=0x2e0c,0x34,0x35e1

Second-stage local refinement
  seed pool: count=128 cap=128
  top seeds: [tail19/r6121 W=0x97,0x3678,0x1852] [tail21/r6123 W=0x2efd,0x178e,0x364b] [tail22/r6117 W=0x1e94,0x2687,0x1324] [tail22/r6122 W=0x9c8,0x2e86,0x32d2] [tail22/r6124 W=0x20c8,0x1cd4,0x3286] [tail23/r6116 W=0x36e0,0x1c61,0x2ab3] [tail23/r6125 W=0x1165,0x951,0xd3d] [tail23/r6126 W=0x1568,0x71c,0x39d7]
  budget=500000000 tested=500000000 D60=0=31426 collisions=0 seed_inserts=77 prefix_enums=30514
  D60=0 rate: 0.000063
  phase tested/D60=0: single=3108/10 double=63714/4 walk=0/0 prefix=499933178/31412
  min refined D60 HW: 0 d60=0x0 at W1[57..59]=0x97,0x3678,0x1852
  best refined tail HW: 19 (scan best 19, improvements=0)
  best refined tail W1[57..59]=0x97,0x3678,0x1852
  best refined tail W2[57..59]=0x3fa4,0x3937,0x106a
  best refined r61 HW: 12 (scan best 14, improvements=1)
  best refined r61 W1[57..59]=0x1b9d,0x1253,0x3e2c
  best refined r61 W2[57..59]=0x1aaa,0x170d,0x1d89

D60=0 fiber histogram: 1:8093 2:4703 3:1803 4:1081 5:418 6:209 7:85 8:74 9:40 10:22 11:13 12:11 13:1 14:3 15:2
