free_word_mitm_reducedn
N=14 mask=0x3fff msb=0x2000
candidate: M0=0x3d36 mode=random-fallback fill=0x3fff kernel=dM0=dM9=0x2000
prefixes=32768/268435456 mode=permuted-prefix-sample w59_per_prefix=16384 total=536870912
run_mode=scan registry_cap=16
sample_start=28213248
scan_elapsed=19.141s rate=28.05 Mtriples/s

D60 interface
  D60=0 matches: 32713 (random expectation 32768.0, enrichment 0.998x)
  prefixes with D60=0: 16586
  max D60=0 fiber per prefix: 22 at W57=0xf5d W58=0xe09
  largest D60 bucket: D=0x301b count=33851
  min D60 HW: 0
  D60 HW histogram: 0:32713 1:457998 2:2981284 3:11918347 4:32802960 5:65617683 6:98457682 7:112512931 8:98392590 9:65572457 10:32754331 11:11900791 12:2977273 13:458981 14:32891

Tail closure among D60=0 matches
  final tail collisions: 0
  best r61 HW: 14
  best r61 W1[57..59]=0xe31,0x2065,0xd41
  best r61 W2[57..59]=0xd3e,0x1764,0x1af0
  best tail HW: 20
  best tail r61 HW: 16
  best W1[57..59]=0x1f48,0x2b13,0x2bd4
  best W2[57..59]=0x1e55,0x39c0,0x3e98

SUMMARY N=14 sample_start=28213248 prefixes=32768 total=536870912 d0=32713 best_tail=20 tail_r61=16 best_r61=14 tail_W1=0x1f48,0x2b13,0x2bd4 tail_W2=0x1e55,0x39c0,0x3e98 r61_W1=0xe31,0x2065,0xd41 r61_W2=0xd3e,0x1764,0x1af0

Scan-only witness registry
  registry_count=16 registry_cap=16
  witness[00] tail=20 r61=16 gh60=0x4735c9e W1=0x1f48,0x2b13,0x2bd4 W2=0x1e55,0x39c0,0x3e98
  witness[01] tail=23 r61=24 gh60=0xde6859e W1=0x2467,0x1e1c,0x2ca2 W2=0x2374,0x246f,0x3800
  witness[02] tail=23 r61=26 gh60=0x7588dae W1=0x287f,0x3e31,0x373 W2=0x278c,0x1fe8,0x3e66
  witness[03] tail=24 r61=18 gh60=0x4a38dfa W1=0x895,0x33ec,0x1567 W2=0x7a2,0x1c47,0xb44
  witness[04] tail=24 r61=19 gh60=0xf66bc9a W1=0xfe9,0x16e2,0x1b6b W2=0xef6,0x23f2,0x53c
  witness[05] tail=24 r61=23 gh60=0x763c5aa W1=0xa82,0x15f8,0x36db W2=0x98f,0x2425,0x2c5
  witness[06] tail=24 r61=23 gh60=0xdfb5faa W1=0x1f6e,0x2bcc,0x33b5 W2=0x1e7b,0x2868,0x1dea
  witness[07] tail=24 r61=24 gh60=0xf5b8cbe W1=0x837,0x3631,0xff3 W2=0x744,0x10,0xe6e
  witness[08] tail=25 r61=17 gh60=0xca0bbee W1=0x2d8f,0x19fb,0x304e W2=0x2c9c,0x68e,0x1207
  witness[09] tail=25 r61=18 gh60=0x3a0c49a W1=0x150a,0x3940,0x3701 W2=0x1417,0x2fc2,0x2a92
  witness[10] tail=25 r61=19 gh60=0x5a0fbfa W1=0x2d9a,0x35d3,0x960 W2=0x2ca7,0x139f,0x240
  witness[11] tail=25 r61=20 gh60=0xde9c5ae W1=0x1280,0x7c7,0x357c W2=0x118d,0x3c70,0x3aeb
  witness[12] tail=25 r61=22 gh60=0xcd0fd6a W1=0xede,0x3cc6,0x29ac W2=0xdeb,0x2b86,0x23d8
  witness[13] tail=25 r61=22 gh60=0xcf98caa W1=0x18f1,0x34ee,0x2be8 W2=0x17fe,0x6ad,0x26f7
  witness[14] tail=25 r61=22 gh60=0xf889baa W1=0x3dbd,0xbf4,0x1418 W2=0x3cca,0x38fb,0x2735
  witness[15] tail=25 r61=25 gh60=0xff08b6a W1=0x25cd,0x286b,0x2f50 W2=0x24da,0x166e,0x3bdd

Scan-only r61 registry
  registry_count=16 registry_cap=16
  r61_witness[00] r61=14 tail=31 gh60=0xc904b9a W1=0x25ca,0x16f8,0x1ec W2=0x24d7,0x58b,0x24c1
  r61_witness[01] r61=14 tail=34 gh60=0x448bcaa W1=0xe31,0x2065,0xd41 W2=0xd3e,0x1764,0x1af0
  r61_witness[02] r61=14 tail=36 gh60=0x498bcae W1=0xf2f,0x3b15,0x1a04 W2=0xe3c,0xdf4,0x20d9
  r61_witness[03] r61=15 tail=29 gh60=0xcc88daa W1=0x16b1,0x30ff,0x316e W2=0x15be,0x56,0x1e2c
  r61_witness[04] r61=15 tail=35 gh60=0x4e184e6 W1=0x2413,0xa6f,0x3e4e W2=0x2320,0x1562,0x2406
  r61_witness[05] r61=15 tail=36 gh60=0xca0bbee W1=0x2d8f,0x19fb,0xde4 W2=0x2c9c,0x68e,0x2f9d
  r61_witness[06] r61=16 tail=20 gh60=0x4735c9e W1=0x1f48,0x2b13,0x2bd4 W2=0x1e55,0x39c0,0x3e98
  r61_witness[07] r61=16 tail=27 gh60=0x4a88daa W1=0x681,0x1f5d,0x19ef W2=0x58e,0x1f34,0x519
  r61_witness[08] r61=16 tail=29 gh60=0x598fbae W1=0x3170,0x32c3,0x34c4 W2=0x307d,0x1c57,0x22df
  r61_witness[09] r61=16 tail=31 gh60=0x499fcba W1=0x2f3a,0x18e2,0x35e0 W2=0x2e47,0x2d1a,0x1a8f
  r61_witness[10] r61=16 tail=31 gh60=0x587c4a6 W1=0x333c,0x147,0x111 W2=0x3249,0x1f95,0x1f62
  r61_witness[11] r61=16 tail=32 gh60=0xc985cba W1=0xfa,0x3cb5,0x30ee W2=0x7,0x1d69,0x3970
  r61_witness[12] r61=16 tail=32 gh60=0xcf98baa W1=0x2581,0x1f23,0x3347 W2=0x248e,0x1fda,0x3a4f
  r61_witness[13] r61=16 tail=32 gh60=0x5b0449a W1=0x3d4a,0x468,0x1ec7 W2=0x3c57,0x3af0,0x2092
  r61_witness[14] r61=16 tail=33 gh60=0x5a984a6 W1=0x3fb,0x350c,0x12e6 W2=0x308,0x22d9,0xb5e
  r61_witness[15] r61=16 tail=34 gh60=0xda29cfe W1=0x1f17,0x6ac,0x2fa6 W2=0x1e24,0x383,0x3206

D60=0 fiber histogram: 1:8085 2:4728 3:1775 4:1132 5:440 6:200 7:84 8:71 9:26 10:21 11:11 12:4 13:2 16:4 17:1 21:1 22:1
