free_word_mitm_reducedn
N=14 mask=0x3fff msb=0x2000
candidate: M0=0x3d36 mode=random-fallback fill=0x3fff kernel=dM0=dM9=0x2000
prefixes=32768/268435456 mode=permuted-prefix-sample w59_per_prefix=16384 total=536870912
run_mode=scan registry_cap=16
sample_start=11436032
scan_elapsed=19.004s rate=28.25 Mtriples/s

D60 interface
  D60=0 matches: 32707 (random expectation 32768.0, enrichment 0.998x)
  prefixes with D60=0: 16537
  max D60=0 fiber per prefix: 17 at W57=0x3ba2 W58=0x2f4
  largest D60 bucket: D=0x13a1 count=33652
  min D60 HW: 0
  D60 HW histogram: 0:32707 1:458720 2:2975405 3:11926739 4:32808424 5:65625806 6:98450845 7:112499748 8:98397170 9:65552572 10:32763241 11:11910382 12:2976867 13:459621 14:32665

Tail closure among D60=0 matches
  final tail collisions: 0
  best r61 HW: 15
  best r61 W1[57..59]=0x2c27,0x1fee,0x2661
  best r61 W2[57..59]=0x2b34,0x2e23,0x3d41
  best tail HW: 19
  best tail r61 HW: 17
  best W1[57..59]=0x367,0x9e3,0x18d9
  best W2[57..59]=0x274,0x43e,0x31fa

SUMMARY N=14 sample_start=11436032 prefixes=32768 total=536870912 d0=32707 best_tail=19 tail_r61=17 best_r61=15 tail_W1=0x367,0x9e3,0x18d9 tail_W2=0x274,0x43e,0x31fa r61_W1=0x2c27,0x1fee,0x2661 r61_W2=0x2b34,0x2e23,0x3d41

Scan-only witness registry
  registry_count=16 registry_cap=16
  witness[00] tail=19 r61=17 gh60=0xce6879e W1=0x367,0x9e3,0x18d9 W2=0x274,0x43e,0x31fa
  witness[01] tail=20 r61=16 gh60=0xcb645a6 W1=0x2b4,0x6b1,0x3b6b W2=0x1c1,0x3905,0x35eb
  witness[02] tail=20 r61=20 gh60=0x4914b6a W1=0x55e,0x19e8,0x120a W2=0x46b,0x13dc,0x29c1
  witness[03] tail=21 r61=25 gh60=0x4e2bcfe W1=0x3117,0x19fa,0x1aa5 W2=0x3024,0xd1,0x3f09
  witness[04] tail=22 r61=16 gh60=0x4a27cea W1=0x3012,0x1ed9,0x3fac W2=0x2f1f,0x1651,0x328
  witness[05] tail=23 r61=16 gh60=0xb735d6e W1=0xd0,0x1ce9,0x2ad6 W2=0x3fdd,0x3a95,0x109
  witness[06] tail=23 r61=24 gh60=0xc9684e6 W1=0x3b23,0x3987,0x3f2a W2=0x3a30,0x9f8,0x2974
  witness[07] tail=24 r61=16 gh60=0x4ed8b7e W1=0x1557,0x2052,0x39ca W2=0x1464,0x216d,0x2c9b
  witness[08] tail=24 r61=19 gh60=0x4a0bfea W1=0xf9d,0x35af,0x1121 W2=0xeaa,0x1726,0x21a6
  witness[09] tail=24 r61=19 gh60=0xc928766 W1=0x2353,0x37bc,0x22e W2=0x2260,0x1e07,0x1878
  witness[10] tail=24 r61=21 gh60=0x7a0fde6 W1=0x109c,0xdea,0x187a W2=0xfa9,0x2b93,0x927
  witness[11] tail=24 r61=22 gh60=0x5f99caa W1=0x1dfd,0x3590,0x13e9 W2=0x1d0a,0x3fbb,0x11db
  witness[12] tail=24 r61=22 gh60=0xc9f7cbe W1=0x3138,0x2997,0xc0b W2=0x3045,0x1bfb,0x2540
  witness[13] tail=24 r61=24 gh60=0xfe18dee W1=0x188f,0x1c0b,0x2851 W2=0x179c,0xfce,0x3256
  witness[14] tail=25 r61=16 gh60=0x4767fe6 W1=0xfa4,0xe4a,0x1ad1 W2=0xeb1,0x1f33,0x3c81
  witness[15] tail=25 r61=19 gh60=0xcc8bdae W1=0x10bf,0x3d30,0x163d W2=0xfcc,0xddb,0xbdb

Scan-only r61 registry
  registry_count=16 registry_cap=16
  r61_witness[00] r61=15 tail=27 gh60=0x44a849e W1=0x2c27,0x1fee,0x2661 W2=0x2b34,0x2e23,0x3d41
  r61_witness[01] r61=15 tail=29 gh60=0xcca849a W1=0xc29,0x3da2,0x2574 W2=0xb36,0x23af,0x32a
  r61_witness[02] r61=15 tail=33 gh60=0x4a09ce6 W1=0x1e0b,0x26c6,0x28af W2=0x1d18,0x36ea,0x296d
  r61_witness[03] r61=16 tail=20 gh60=0xcb645a6 W1=0x2b4,0x6b1,0x3b6b W2=0x1c1,0x3905,0x35eb
  r61_witness[04] r61=16 tail=22 gh60=0x4a27cea W1=0x3012,0x1ed9,0x3fac W2=0x2f1f,0x1651,0x328
  r61_witness[05] r61=16 tail=23 gh60=0xb735d6e W1=0xd0,0x1ce9,0x2ad6 W2=0x3fdd,0x3a95,0x109
  r61_witness[06] r61=16 tail=24 gh60=0x4ed8b7e W1=0x1557,0x2052,0x39ca W2=0x1464,0x216d,0x2c9b
  r61_witness[07] r61=16 tail=25 gh60=0x4767fe6 W1=0xfa4,0xe4a,0x1ad1 W2=0xeb1,0x1f33,0x3c81
  r61_witness[08] r61=16 tail=30 gh60=0x54a859a W1=0x2a9,0x2ad9,0xb71 W2=0x1b6,0x708,0x3597
  r61_witness[09] r61=16 tail=30 gh60=0xc88cc9a W1=0x172a,0x386,0x14a W2=0x1637,0x384d,0x16e9
  r61_witness[10] r61=16 tail=31 gh60=0x7a0bfea W1=0xf91,0x2fe3,0xf64 W2=0xe9e,0x216e,0x3876
  r61_witness[11] r61=16 tail=33 gh60=0x463c5e6 W1=0xc8c,0x344f,0x34d1 W2=0xb99,0x2b0b,0x334c
  r61_witness[12] r61=16 tail=33 gh60=0x58844a6 W1=0x1d3c,0x513,0x732 W2=0x1c49,0x15f,0x474
  r61_witness[13] r61=16 tail=33 gh60=0xca184ea W1=0x2411,0x12db,0x32f1 W2=0x231e,0x15e1,0x1696
  r61_witness[14] r61=16 tail=34 gh60=0x46384ea W1=0x421,0x25b0,0x270b W2=0x32e,0x2baa,0xf94
  r61_witness[15] r61=16 tail=37 gh60=0x3a884aa W1=0x23ed,0x31cb,0x39e4 W2=0x22fa,0x3907,0x2a22

D60=0 fiber histogram: 1:8007 2:4750 3:1794 4:1125 5:387 6:246 7:91 8:70 9:22 10:23 11:6 12:8 13:1 14:3 16:3 17:1
