free_word_mitm_reducedn
N=14 mask=0x3fff msb=0x2000
candidate: M0=0x3d36 mode=random-fallback fill=0x3fff kernel=dM0=dM9=0x2000
prefixes=32768/268435456 mode=permuted-prefix-sample w59_per_prefix=16384 total=536870912
run_mode=scan registry_cap=16
sample_start=212762624
scan_elapsed=17.889s rate=30.01 Mtriples/s

D60 interface
  D60=0 matches: 32949 (random expectation 32768.0, enrichment 1.006x)
  prefixes with D60=0: 16511
  max D60=0 fiber per prefix: 26 at W57=0x3f68 W58=0x26db
  largest D60 bucket: D=0xa20 count=33904
  min D60 HW: 0
  D60 HW histogram: 0:32949 1:458668 2:2982818 3:11938549 4:32835974 5:65645818 6:98416745 7:112452636 8:98370422 9:65563374 10:32775887 11:11923738 12:2982177 13:458177 14:32980

Tail closure among D60=0 matches
  final tail collisions: 0
  best r61 HW: 14
  best r61 W1[57..59]=0x285b,0x3921,0x2f95
  best r61 W2[57..59]=0x2768,0x2857,0x16b5
  best tail HW: 21
  best tail r61 HW: 17
  best W1[57..59]=0x3664,0xc0c,0x3242
  best W2[57..59]=0x3571,0x1a5f,0x4ac

SUMMARY N=14 sample_start=212762624 prefixes=32768 total=536870912 d0=32949 best_tail=21 tail_r61=17 best_r61=14 tail_W1=0x3664,0xc0c,0x3242 tail_W2=0x3571,0x1a5f,0x4ac r61_W1=0x285b,0x3921,0x2f95 r61_W2=0x2768,0x2857,0x16b5

Scan-only witness registry
  registry_count=16 registry_cap=16
  witness[00] tail=21 r61=17 gh60=0x4aacd66 W1=0x3664,0xc0c,0x3242 W2=0x3571,0x1a5f,0x4ac
  witness[01] tail=22 r61=17 gh60=0xba0bce6 W1=0x310b,0x3c58,0x3000 W2=0x3018,0x23e8,0x3281
  witness[02] tail=22 r61=23 gh60=0x7d7bdba W1=0x30b5,0x517,0x4e3 W2=0x2fc2,0x1b66,0x370a
  witness[03] tail=24 r61=18 gh60=0x4a88ba6 W1=0x56b,0x569,0x34ee W2=0x478,0xdad,0x37c
  witness[04] tail=24 r61=22 gh60=0x36f87aa W1=0x37d,0x3193,0x40 W2=0x28a,0x2347,0x317d
  witness[05] tail=24 r61=27 gh60=0xcf644a6 W1=0x1d34,0x2aae,0x256d W2=0x1c41,0x81c,0x1787
  witness[06] tail=25 r61=14 gh60=0x450856a W1=0x2c61,0x24c3,0x1bf7 W2=0x2b6e,0x29bd,0x2e47
  witness[07] tail=25 r61=19 gh60=0x5b09b6e W1=0x14f,0x2217,0x21f4 W2=0x5c,0x193a,0x2107
  witness[08] tail=25 r61=20 gh60=0xd66c79e W1=0x1368,0xe9d,0x2df7 W2=0x1275,0x1905,0x26f2
  witness[09] tail=25 r61=20 gh60=0xb88cca6 W1=0x372c,0x1524,0x10ea W2=0x3639,0x30c1,0x12d2
  witness[10] tail=25 r61=21 gh60=0x5b247a6 W1=0xbc4,0x174c,0x2900 W2=0xad1,0x332,0x39e0
  witness[11] tail=25 r61=21 gh60=0xd917b6e W1=0xd50,0x263f,0xd78 W2=0xc5d,0xc5f,0x291
  witness[12] tail=25 r61=21 gh60=0xca1bdea W1=0xe91,0x1db4,0x249e W2=0xd9e,0x110f,0xcb2
  witness[13] tail=25 r61=22 gh60=0x5d54d9a W1=0x8c6,0x383e,0xe46 W2=0x7d3,0x1375,0x27af
  witness[14] tail=25 r61=29 gh60=0x7bfcdba W1=0x6ba,0x2253,0x9b5 W2=0x5c7,0x122f,0x2f4
  witness[15] tail=26 r61=18 gh60=0xc629c9a W1=0x3e09,0x313c,0x2a2 W2=0x3d16,0x1a90,0x3c3b

Scan-only r61 registry
  registry_count=16 registry_cap=16
  r61_witness[00] r61=14 tail=25 gh60=0x450856a W1=0x2c61,0x24c3,0x1bf7 W2=0x2b6e,0x29bd,0x2e47
  r61_witness[01] r61=14 tail=32 gh60=0x5508d66 W1=0x285b,0x3921,0x2f95 W2=0x2768,0x2857,0x16b5
  r61_witness[02] r61=15 tail=31 gh60=0xd704d9a W1=0x38ca,0x188a,0x2e8d W2=0x37d7,0x13b1,0x6be
  r61_witness[03] r61=15 tail=36 gh60=0x4697bae W1=0x1180,0x2198,0x29e1 W2=0x108d,0x428,0x5b3
  r61_witness[04] r61=15 tail=36 gh60=0x4a1c7a6 W1=0x2384,0x838,0x151b W2=0x2291,0x342c,0x1d07
  r61_witness[05] r61=15 tail=40 gh60=0x5a084ea W1=0x2311,0xac,0xfc W2=0x221e,0x562,0xe6
  r61_witness[06] r61=16 tail=29 gh60=0xda0bce6 W1=0x310b,0x386d,0x2f4f W2=0x3018,0x1ffd,0x2d86
  r61_witness[07] r61=16 tail=30 gh60=0x4a2849a W1=0x209,0x39f9,0x33b1 W2=0x116,0x1eca,0x23f7
  r61_witness[08] r61=16 tail=30 gh60=0xc52857a W1=0x1459,0x31b7,0x7f6 W2=0x1366,0x2043,0x213b
  r61_witness[09] r61=16 tail=31 gh60=0x4619da6 W1=0x3e83,0x98d,0x2c12 W2=0x3d90,0x46f,0x3c67
  r61_witness[10] r61=16 tail=32 gh60=0x5a05dfa W1=0x209a,0x3570,0x668 W2=0x1fa7,0x2044,0x36a5
  r61_witness[11] r61=16 tail=40 gh60=0x4c8bcaa W1=0x2e3d,0x811,0x36cc W2=0x2d4a,0x4c0,0x883
  r61_witness[12] r61=16 tail=40 gh60=0x4e84b9a W1=0x396a,0x3d55,0x8df W2=0x3877,0x37f8,0xb85
  r61_witness[13] r61=16 tail=43 gh60=0x4d0856a W1=0x3c51,0x3abf,0x30c4 W2=0x3b5e,0x1d1,0x2c24
  r61_witness[14] r61=17 tail=21 gh60=0x4aacd66 W1=0x3664,0xc0c,0x3242 W2=0x3571,0x1a5f,0x4ac
  r61_witness[15] r61=17 tail=22 gh60=0xba0bce6 W1=0x310b,0x3c58,0x3000 W2=0x3018,0x23e8,0x3281

D60=0 fiber histogram: 1:7871 2:4780 3:1833 4:1118 5:429 6:252 7:91 8:68 9:31 10:19 11:8 12:6 13:2 14:2 26:1
