free_word_mitm_reducedn
N=14 mask=0x3fff msb=0x2000
candidate: M0=0x3d36 mode=random-fallback fill=0x3fff kernel=dM0=dM9=0x2000
prefixes=32768/268435456 mode=permuted-prefix-sample w59_per_prefix=16384 total=536870912
run_mode=scan registry_cap=16
sample_start=76251136
scan_elapsed=19.409s rate=27.66 Mtriples/s

D60 interface
  D60=0 matches: 32848 (random expectation 32768.0, enrichment 1.002x)
  prefixes with D60=0: 16583
  max D60=0 fiber per prefix: 14 at W57=0x4ac W58=0x3919
  largest D60 bucket: D=0xdb1 count=33890
  min D60 HW: 0
  D60 HW histogram: 0:32848 1:457148 2:2975851 3:11905716 4:32777385 5:65616701 6:98465678 7:112530112 8:98417003 9:65576328 10:32750238 11:11902265 12:2974181 13:456906 14:32552

Tail closure among D60=0 matches
  final tail collisions: 0
  best r61 HW: 15
  best r61 W1[57..59]=0x269b,0x3cc3,0x1bdb
  best r61 W2[57..59]=0x25a8,0x12f1,0x28b5
  best tail HW: 21
  best tail r61 HW: 23
  best W1[57..59]=0x1c02,0x1ea8,0x3f59
  best W2[57..59]=0x1b0f,0x333d,0x1b0d

SUMMARY N=14 sample_start=76251136 prefixes=32768 total=536870912 d0=32848 best_tail=21 tail_r61=23 best_r61=15 tail_W1=0x1c02,0x1ea8,0x3f59 tail_W2=0x1b0f,0x333d,0x1b0d r61_W1=0x269b,0x3cc3,0x1bdb r61_W2=0x25a8,0x12f1,0x28b5

Scan-only witness registry
  registry_count=16 registry_cap=16
  witness[00] tail=21 r61=23 gh60=0x59ec4aa W1=0x1c02,0x1ea8,0x3f59 W2=0x1b0f,0x333d,0x1b0d
  witness[01] tail=22 r61=18 gh60=0x4a9c7ae W1=0x1380,0x268f,0x105d W2=0x128d,0x3158,0x26d2
  witness[02] tail=22 r61=19 gh60=0x4ef859e W1=0x22c7,0x1b91,0x4af W2=0x21d4,0x201e,0x3d7c
  witness[03] tail=22 r61=20 gh60=0x5d88ca6 W1=0x27fb,0x1c56,0x2e32 W2=0x2708,0x5e2,0x6c3
  witness[04] tail=22 r61=21 gh60=0x38987a6 W1=0x3b3,0xf85,0x17ac W2=0x2c0,0x37e8,0x31f3
  witness[05] tail=23 r61=18 gh60=0x49e45e6 W1=0x3a94,0xbe9,0x9f0 W2=0x39a1,0xdb7,0x2643
  witness[06] tail=23 r61=19 gh60=0x47a4ce6 W1=0x3924,0x1b77,0x23e6 W2=0x3831,0x343a,0x28e3
  witness[07] tail=23 r61=20 gh60=0x4a684fa W1=0xb15,0x1fc6,0x404 W2=0xa22,0x4ba,0x1b9f
  witness[08] tail=24 r61=18 gh60=0x54bc49a W1=0x2226,0x8e7,0x5f2 W2=0x2133,0x2d3f,0x2a2e
  witness[09] tail=24 r61=21 gh60=0x4a884aa W1=0x11fd,0x13cb,0x28dc W2=0x110a,0x2877,0x216d
  witness[10] tail=24 r61=24 gh60=0x476dda6 W1=0x1eb4,0x346e,0x1647 W2=0x1dc1,0x2ec1,0x172e
  witness[11] tail=24 r61=28 gh60=0xca7849a W1=0x11e9,0x3faf,0x286b W2=0x10f6,0x3446,0x1d0c
  witness[12] tail=25 r61=16 gh60=0x4e085e6 W1=0x1a8b,0x11b0,0xbe W2=0x1998,0x396f,0x1fd9
  witness[13] tail=25 r61=22 gh60=0xc625be6 W1=0x194,0x1748,0x1d6 W2=0xa1,0x1b25,0x660
  witness[14] tail=25 r61=27 gh60=0xdbf8ba6 W1=0x19b3,0x37b9,0x325c W2=0x18c0,0xb9d,0xce0
  witness[15] tail=26 r61=15 gh60=0x4b69cba W1=0x39,0x2cbc,0xf8f W2=0x3f46,0xd3b,0x37c

Scan-only r61 registry
  registry_count=16 registry_cap=16
  r61_witness[00] r61=15 tail=26 gh60=0x4b69cba W1=0x39,0x2cbc,0xf8f W2=0x3f46,0xd3b,0x37c
  r61_witness[01] r61=15 tail=30 gh60=0x5884bba W1=0x29ba,0x2b6e,0xfc6 W2=0x28c7,0x166a,0x5a6
  r61_witness[02] r61=15 tail=37 gh60=0x4608de6 W1=0x269b,0x3cc3,0x1bdb W2=0x25a8,0x12f1,0x28b5
  r61_witness[03] r61=16 tail=25 gh60=0x4e085e6 W1=0x1a8b,0x11b0,0xbe W2=0x1998,0x396f,0x1fd9
  r61_witness[04] r61=16 tail=26 gh60=0xced9c9e W1=0x7,0x1a76,0x18d3 W2=0x3f14,0x25aa,0x2636
  r61_witness[05] r61=16 tail=27 gh60=0x499c79a W1=0x236a,0x11cf,0x11e7 W2=0x2277,0x427,0x1a80
  r61_witness[06] r61=16 tail=27 gh60=0xc8a84be W1=0x3d37,0x29a,0x24e5 W2=0x3c44,0x11bc,0x29b6
  r61_witness[07] r61=16 tail=29 gh60=0x460449a W1=0x40a,0x34a5,0x2462 W2=0x317,0x1aeb,0x6f7
  r61_witness[08] r61=16 tail=29 gh60=0x4669bfe W1=0x2197,0x2e9b,0xee6 W2=0x20a4,0x232a,0x187f
  r61_witness[09] r61=16 tail=30 gh60=0x4889baa W1=0x1ad,0x2456,0x1bce W2=0xba,0xda9,0x144a
  r61_witness[10] r61=16 tail=30 gh60=0x563859a W1=0x2a89,0xd21,0x338e W2=0x2996,0x299c,0x3c0d
  r61_witness[11] r61=16 tail=31 gh60=0x4908b66 W1=0x155b,0x1428,0xdbb W2=0x1468,0x25f2,0x23b4
  r61_witness[12] r61=16 tail=32 gh60=0xb6845a6 W1=0x3a7c,0x30a5,0x1088 W2=0x3989,0x1549,0x20f9
  r61_witness[13] r61=16 tail=38 gh60=0xca0bbe6 W1=0x319b,0xcf2,0x6a7 W2=0x30a8,0x5b2,0x212d
  r61_witness[14] r61=16 tail=39 gh60=0xc888caa W1=0x92d,0x2ed6,0x328a W2=0x83a,0x3151,0x108d
  r61_witness[15] r61=17 tail=28 gh60=0x4629b9a W1=0x189,0x3b70,0x2b0 W2=0x96,0x3944,0x202d

D60=0 fiber histogram: 1:8010 2:4819 3:1726 4:1124 5:432 6:238 7:93 8:65 9:36 10:20 11:7 12:7 13:2 14:4
