free_word_mitm_reducedn
N=14 mask=0x3fff msb=0x2000
candidate: M0=0x3d36 mode=random-fallback fill=0x3fff kernel=dM0=dM9=0x2000
prefixes=32768/268435456 mode=permuted-prefix-sample w59_per_prefix=16384 total=536870912
run_mode=scan registry_cap=16
sample_start=253198336
scan_elapsed=18.733s rate=28.66 Mtriples/s

D60 interface
  D60=0 matches: 32608 (random expectation 32768.0, enrichment 0.995x)
  prefixes with D60=0: 16451
  max D60=0 fiber per prefix: 32 at W57=0x387 W58=0x1615
  largest D60 bucket: D=0x2bb4 count=33854
  min D60 HW: 0
  D60 HW histogram: 0:32608 1:457298 2:2971689 3:11896229 4:32750160 5:65551979 6:98412868 7:112527420 8:98470016 9:65630801 10:32789071 11:11910820 12:2978599 13:458686 14:32668

Tail closure among D60=0 matches
  final tail collisions: 0
  best r61 HW: 12
  best r61 W1[57..59]=0x29df,0x3823,0x2571
  best r61 W2[57..59]=0x28ec,0x3236,0x2203
  best tail HW: 22
  best tail r61 HW: 14
  best W1[57..59]=0x12f,0x36e2,0x18c3
  best W2[57..59]=0x3c,0xec1,0x2f42

SUMMARY N=14 sample_start=253198336 prefixes=32768 total=536870912 d0=32608 best_tail=22 tail_r61=14 best_r61=12 tail_W1=0x12f,0x36e2,0x18c3 tail_W2=0x3c,0xec1,0x2f42 r61_W1=0x29df,0x3823,0x2571 r61_W2=0x28ec,0x3236,0x2203

Scan-only witness registry
  registry_count=16 registry_cap=16
  witness[00] tail=22 r61=14 gh60=0xb999cae W1=0x12f,0x36e2,0x18c3 W2=0x3c,0xec1,0x2f42
  witness[01] tail=24 r61=21 gh60=0xc704b7a W1=0x195a,0x24f5,0x3e10 W2=0x1867,0x26e5,0x2baf
  witness[02] tail=24 r61=21 gh60=0x5a74cae W1=0x36f0,0x172f,0xd85 W2=0x35fd,0x130f,0x274b
  witness[03] tail=24 r61=26 gh60=0xba644e6 W1=0x3214,0x2d54,0x2c66 W2=0x3121,0x393c,0x20e5
  witness[04] tail=25 r61=16 gh60=0x4a88fa6 W1=0x77b,0x151a,0xd17 W2=0x688,0x3ace,0x786
  witness[05] tail=25 r61=18 gh60=0x5df47fa W1=0x2b96,0x897,0x1bdf W2=0x2aa3,0xde8,0x282e
  witness[06] tail=25 r61=22 gh60=0xcb984ba W1=0x2435,0x2635,0xe6d W2=0x2342,0xcef,0x26f3
  witness[07] tail=25 r61=24 gh60=0xcb08766 W1=0x3db,0x29c2,0xb28 W2=0x2e8,0x1367,0x2b50
  witness[08] tail=25 r61=24 gh60=0xfa9c766 W1=0x1364,0x1e9,0x2e45 W2=0x1271,0x3845,0xf2d
  witness[09] tail=25 r61=25 gh60=0x49b849a W1=0x2525,0x139a,0x250c W2=0x2432,0x392d,0x39
  witness[10] tail=25 r61=26 gh60=0x4f7c77a W1=0x23da,0x39ed,0xb15 W2=0x22e7,0x24c6,0x19fe
  witness[11] tail=25 r61=27 gh60=0x7a685a6 W1=0x2283,0x129e,0x22a2 W2=0x2190,0x881,0x1336
  witness[12] tail=26 r61=13 gh60=0x48844a6 W1=0x1d3c,0x2f87,0x130d W2=0x1c49,0x2bd3,0x1297
  witness[13] tail=26 r61=18 gh60=0xc767cea W1=0xf22,0x19f3,0x3753 W2=0xe2f,0x8d3,0x219b
  witness[14] tail=26 r61=18 gh60=0xda05fe6 W1=0x3f8c,0x25f,0x95c W2=0x3e99,0x28ac,0x2bb3
  witness[15] tail=26 r61=19 gh60=0x4488cae W1=0x62f,0x1cd,0x5da W2=0x53c,0x322c,0x2986

Scan-only r61 registry
  registry_count=16 registry_cap=16
  r61_witness[00] r61=12 tail=34 gh60=0x4908b6e W1=0x29df,0x3823,0x2571 W2=0x28ec,0x3236,0x2203
  r61_witness[01] r61=13 tail=26 gh60=0x48844a6 W1=0x1d3c,0x2f87,0x130d W2=0x1c49,0x2bd3,0x1297
  r61_witness[02] r61=13 tail=28 gh60=0x360449a W1=0x330a,0x575,0xa0b W2=0x3217,0x3e7f,0x1f27
  r61_witness[03] r61=14 tail=22 gh60=0xb999cae W1=0x12f,0x36e2,0x18c3 W2=0x3c,0xec1,0x2f42
  r61_witness[04] r61=15 tail=28 gh60=0x4b08d6a W1=0x38dd,0x3550,0xfdb W2=0x37ea,0x11ab,0x2cfe
  r61_witness[05] r61=15 tail=30 gh60=0x4a5fcfe W1=0xe18,0x29cb,0x2a2 W2=0xd25,0x1cab,0x10fe
  r61_witness[06] r61=16 tail=25 gh60=0x4a88fa6 W1=0x77b,0x151a,0xd17 W2=0x688,0x3ace,0x786
  r61_witness[07] r61=16 tail=27 gh60=0xc608cea W1=0x91d,0x13e7,0x1b3c W2=0x82a,0x13ce,0x117c
  r61_witness[08] r61=16 tail=28 gh60=0x4f08f66 W1=0x7cb,0x219f,0x24aa W2=0x6d8,0x5d9,0x142e
  r61_witness[09] r61=16 tail=28 gh60=0xfa28c9a W1=0x1805,0x1d4f,0x60e W2=0x1712,0xed9,0xc0e
  r61_witness[10] r61=16 tail=28 gh60=0x4e69c9e W1=0x1de7,0x2c3f,0x482 W2=0x1cf4,0x3d33,0x1b83
  r61_witness[11] r61=16 tail=28 gh60=0xd98cfa6 W1=0x27bc,0x94,0x3495 W2=0x26c9,0x25c9,0x2df6
  r61_witness[12] r61=16 tail=31 gh60=0x4a59cfa W1=0x3e19,0x7a,0x2202 W2=0x3d26,0x2981,0x3a19
  r61_witness[13] r61=16 tail=33 gh60=0xc914f6a W1=0x74e,0x33f0,0x9de W2=0x65b,0x2c18,0x1be3
  r61_witness[14] r61=16 tail=33 gh60=0x476bda6 W1=0xec3,0x2683,0xc8d W2=0xdd0,0xdd9,0x3b6d
  r61_witness[15] r61=16 tail=33 gh60=0xca08be6 W1=0x258b,0x1bba,0xc0e W2=0x2498,0x2204,0x122d

D60=0 fiber histogram: 1:7899 2:4819 3:1780 4:1075 5:415 6:223 7:91 8:79 9:21 10:30 11:9 12:4 14:1 16:1 17:3 32:1
