free_word_mitm_reducedn
N=14 mask=0x3fff msb=0x2000
candidate: M0=0x3d36 mode=random-fallback fill=0x3fff kernel=dM0=dM9=0x2000
prefixes=32768/268435456 mode=permuted-prefix-sample w59_per_prefix=16384 total=536870912
run_mode=scan registry_cap=16
sample_start=84475904
scan_elapsed=16.683s rate=32.18 Mtriples/s

D60 interface
  D60=0 matches: 32328 (random expectation 32768.0, enrichment 0.987x)
  prefixes with D60=0: 16477
  max D60=0 fiber per prefix: 16 at W57=0x3255 W58=0x39ed
  largest D60 bucket: D=0x2979 count=33810
  min D60 HW: 0
  D60 HW histogram: 0:32328 1:456582 2:2979799 3:11926906 4:32806481 5:65650982 6:98436980 7:112493111 8:98391856 9:65567991 10:32755638 11:11906433 12:2975066 13:457467 14:33292

Tail closure among D60=0 matches
  final tail collisions: 0
  best r61 HW: 12
  best r61 W1[57..59]=0x2e61,0x2be,0x14c2
  best r61 W2[57..59]=0x2d6e,0x339d,0x1466
  best tail HW: 19
  best tail r61 HW: 20
  best W1[57..59]=0x2492,0xd64,0x300e
  best W2[57..59]=0x239f,0x1c87,0x1634

SUMMARY N=14 sample_start=84475904 prefixes=32768 total=536870912 d0=32328 best_tail=19 tail_r61=20 best_r61=12 tail_W1=0x2492,0xd64,0x300e tail_W2=0x239f,0x1c87,0x1634 r61_W1=0x2e61,0x2be,0x14c2 r61_W2=0x2d6e,0x339d,0x1466

Scan-only witness registry
  registry_count=16 registry_cap=16
  witness[00] tail=19 r61=20 gh60=0xca1c5ea W1=0x2492,0xd64,0x300e W2=0x239f,0x1c87,0x1634
  witness[01] tail=23 r61=17 gh60=0x4afc4ea W1=0xb0e,0x1859,0xaec W2=0xa1b,0x2160,0x3f32
  witness[02] tail=23 r61=17 gh60=0x4a8c59a W1=0x226a,0x24b9,0x3eb9 W2=0x2177,0x1151,0x18ae
  witness[03] tail=23 r61=19 gh60=0x492fb66 W1=0xd54,0x319,0x2b2e W2=0xc61,0x3986,0x146d
  witness[04] tail=24 r61=18 gh60=0x56144ea W1=0x130e,0x29d1,0x721 W2=0x121b,0x3f5c,0x3860
  witness[05] tail=24 r61=22 gh60=0xceac4aa W1=0x33f2,0xb89,0x1261 W2=0x32ff,0x218e,0x3e19
  witness[06] tail=24 r61=26 gh60=0x7b984aa W1=0x3301,0x286f,0x3272 W2=0x320e,0x3f1f,0x7b4
  witness[07] tail=25 r61=18 gh60=0xcae84be W1=0x12f7,0x3c6c,0x1eef W2=0x1204,0xe0a,0x2a21
  witness[08] tail=25 r61=21 gh60=0xc898faa W1=0x17b1,0x24e0,0x1aba W2=0x16be,0x31f7,0x8d1
  witness[09] tail=25 r61=21 gh60=0x360fbe6 W1=0x2d9c,0x72e,0x3cca W2=0x2ca9,0x4ef,0x358f
  witness[10] tail=25 r61=23 gh60=0x467bc9a W1=0x1109,0x306c,0x1959 W2=0x1016,0x3d7c,0x2466
  witness[11] tail=25 r61=23 gh60=0xfe385fa W1=0x1c95,0xd5f,0x31ca W2=0x1ba2,0xefb,0x1fc1
  witness[12] tail=25 r61=24 gh60=0xfa044fa W1=0x341a,0x37ac,0x3523 W2=0x3327,0x2c99,0x1d15
  witness[13] tail=26 r61=17 gh60=0x76047fa W1=0x39a,0x1790,0x1e3d W2=0x2a7,0xcd5,0x30df
  witness[14] tail=26 r61=18 gh60=0xcd1bd66 W1=0x304b,0xf6c,0x2fd6 W2=0x2f58,0x32b8,0x2f58
  witness[15] tail=26 r61=19 gh60=0x5e07c9a W1=0x310a,0x1c55,0x20db W2=0x3017,0x355a,0x7d2

Scan-only r61 registry
  registry_count=16 registry_cap=16
  r61_witness[00] r61=12 tail=29 gh60=0x38984aa W1=0xb2d,0x84d,0x1c05 W2=0xa3a,0x10c9,0x1dca
  r61_witness[01] r61=12 tail=33 gh60=0xc50bd6a W1=0x2e61,0x2be,0x14c2 W2=0x2d6e,0x339d,0x1466
  r61_witness[02] r61=15 tail=27 gh60=0x490bf6a W1=0x2f5d,0x1b0,0x1598 W2=0x2e6a,0x20bb,0x18a6
  r61_witness[03] r61=15 tail=29 gh60=0x4ad9dfa W1=0x99,0x1b4e,0x271f W2=0x3fa6,0x362d,0x21b9
  r61_witness[04] r61=15 tail=30 gh60=0xc609cea W1=0x3f1d,0x2124,0x129a W2=0x3e2a,0x2587,0x18fa
  r61_witness[05] r61=15 tail=34 gh60=0x46084ea W1=0x3421,0xc5c,0x50f W2=0x332e,0x2552,0x6b9
  r61_witness[06] r61=15 tail=37 gh60=0x448449a W1=0xc2a,0x3909,0xa03 W2=0xb37,0x1f0b,0x2e11
  r61_witness[07] r61=15 tail=37 gh60=0x4aa44a6 W1=0x32f4,0x30d9,0xd67 W2=0x3201,0x30c5,0x1a48
  r61_witness[08] r61=16 tail=27 gh60=0xb98ffaa W1=0x2fbe,0xcf3,0x132b W2=0x2ecb,0x33e7,0xa21
  r61_witness[09] r61=16 tail=31 gh60=0x38984a6 W1=0x133b,0x710,0x1960 W2=0x1248,0x375d,0xab3
  r61_witness[10] r61=16 tail=32 gh60=0x4487dba W1=0xeba,0x97d,0x3daa W2=0xdc7,0x2bdd,0xf22
  r61_witness[11] r61=16 tail=32 gh60=0x44984a6 W1=0x2c33,0x2b6c,0x149e W2=0x2b40,0x37d9,0x676
  r61_witness[12] r61=16 tail=35 gh60=0x3b64566 W1=0x454,0x2f72,0x2eaf W2=0x361,0x7d6,0x111e
  r61_witness[13] r61=16 tail=35 gh60=0x4aa5d6a W1=0x1ee2,0x14a5,0x3b1f W2=0x1def,0x1d8d,0x31fc
  r61_witness[14] r61=16 tail=35 gh60=0x4a0c4ee W1=0x3410,0xd9e,0x2f88 W2=0x331d,0x3bb9,0x3ae8
  r61_witness[15] r61=16 tail=35 gh60=0x3a0dbee W1=0x3d90,0x1c7c,0x2adb W2=0x3c9d,0x150c,0x2768

D60=0 fiber histogram: 1:7960 2:4834 3:1780 4:1108 5:360 6:219 7:81 8:64 9:33 10:17 11:5 12:7 13:1 14:5 15:2 16:1
