free_word_mitm_reducedn
N=14 mask=0x3fff msb=0x2000
candidate: M0=0x3d36 mode=random-fallback fill=0x3fff kernel=dM0=dM9=0x2000
prefixes=32768/268435456 mode=permuted-prefix-sample w59_per_prefix=16384 total=536870912
run_mode=scan registry_cap=16
sample_start=220364800
scan_elapsed=17.600s rate=30.50 Mtriples/s

D60 interface
  D60=0 matches: 32831 (random expectation 32768.0, enrichment 1.002x)
  prefixes with D60=0: 16670
  max D60=0 fiber per prefix: 23 at W57=0x3f7f W58=0x2e8f
  largest D60 bucket: D=0xe19 count=33743
  min D60 HW: 0
  D60 HW histogram: 0:32831 1:457959 2:2982345 3:11931343 4:32807127 5:65647171 6:98452959 7:112494078 8:98416952 9:65559832 10:32743589 11:11883827 12:2970405 13:457645 14:32849

Tail closure among D60=0 matches
  final tail collisions: 0
  best r61 HW: 13
  best r61 W1[57..59]=0x69e,0x2dcd,0x2388
  best r61 W2[57..59]=0x5ab,0x2fa1,0x1aea
  best tail HW: 17
  best tail r61 HW: 19
  best W1[57..59]=0x206f,0x25c0,0x1acf
  best W2[57..59]=0x1f7c,0xa0b,0xb91

SUMMARY N=14 sample_start=220364800 prefixes=32768 total=536870912 d0=32831 best_tail=17 tail_r61=19 best_r61=13 tail_W1=0x206f,0x25c0,0x1acf tail_W2=0x1f7c,0xa0b,0xb91 r61_W1=0x69e,0x2dcd,0x2388 r61_W2=0x5ab,0x2fa1,0x1aea

Scan-only witness registry
  registry_count=16 registry_cap=16
  witness[00] tail=17 r61=19 gh60=0xcb99dae W1=0x206f,0x25c0,0x1acf W2=0x1f7c,0xa0b,0xb91
  witness[01] tail=23 r61=19 gh60=0xdaa4f6a W1=0x27e2,0x38aa,0x294a W2=0x26ef,0x1ee2,0x3715
  witness[02] tail=23 r61=20 gh60=0xccb44be W1=0x2c38,0x34bc,0x103a W2=0x2b45,0x31db,0x1497
  witness[03] tail=23 r61=25 gh60=0xc5e8c9a W1=0x35e5,0x24c4,0x2d22 W2=0x34f2,0x1c0e,0x14e6
  witness[04] tail=24 r61=15 gh60=0x4e08bea W1=0x99d,0x290,0x30ee W2=0x8aa,0x2d4f,0x3f23
  witness[05] tail=24 r61=18 gh60=0xc89bc9a W1=0x1125,0x1b60,0x185d W2=0x1032,0x2bec,0x29ef
  witness[06] tail=24 r61=23 gh60=0x4e9dcaa W1=0x3df2,0x31bd,0x2bae W2=0x3cff,0x3845,0x3a9b
  witness[07] tail=24 r61=27 gh60=0xcaf8cba W1=0x7f9,0x202f,0x1bf7 W2=0x706,0x2b2,0x2da5
  witness[08] tail=25 r61=15 gh60=0xce08ce6 W1=0x190b,0x31eb,0x2b5a W2=0x1818,0x3d81,0xf00
  witness[09] tail=25 r61=16 gh60=0x4908f6a W1=0x2761,0x3d3,0x3a65 W2=0x266e,0x6de,0x1d75
  witness[10] tail=25 r61=20 gh60=0x75984aa W1=0x3a3d,0x855,0x1f93 W2=0x394a,0x1d01,0x1f18
  witness[11] tail=25 r61=21 gh60=0xc4e44e6 W1=0x3c24,0x3fa5,0x3206 W2=0x3b31,0x2a17,0x194d
  witness[12] tail=25 r61=23 gh60=0x7a18cea W1=0x61d,0x38f6,0x368f W2=0x52a,0x3ead,0x2709
  witness[13] tail=25 r61=23 gh60=0xc5f859e W1=0x3467,0x707,0x1e82 W2=0x3374,0x1d66,0x1524
  witness[14] tail=25 r61=25 gh60=0xd978b9e W1=0x19a7,0xf8e,0x174f W2=0x18b4,0x13b0,0x56a
  witness[15] tail=26 r61=17 gh60=0x45945aa W1=0x47e,0xb9c,0x1cdb W2=0x38b,0x9a5,0xb2f

Scan-only r61 registry
  registry_count=16 registry_cap=16
  r61_witness[00] r61=13 tail=29 gh60=0xc60cdea W1=0x69e,0x2dcd,0x2388 W2=0x5ab,0x2fa1,0x1aea
  r61_witness[01] r61=14 tail=36 gh60=0x4898fa6 W1=0x37ab,0xc77,0x29c0 W2=0x36b8,0x1cb,0x1b2c
  r61_witness[02] r61=15 tail=24 gh60=0x4e08bea W1=0x99d,0x290,0x30ee W2=0x8aa,0x2d4f,0x3f23
  r61_witness[03] r61=15 tail=25 gh60=0xce08ce6 W1=0x190b,0x31eb,0x2b5a W2=0x1818,0x3d81,0xf00
  r61_witness[04] r61=15 tail=27 gh60=0x56944ae W1=0x11f0,0x39d6,0x16da W2=0x10fd,0x2777,0x394a
  r61_witness[05] r61=15 tail=28 gh60=0xce084e6 W1=0x321b,0x318b,0x2439 W2=0x3128,0x105c,0x2014
  r61_witness[06] r61=15 tail=33 gh60=0x46145ee W1=0x24a0,0xb0d,0x313b W2=0x23ad,0x3340,0x8e
  r61_witness[07] r61=15 tail=33 gh60=0x4a085ee W1=0x3c9f,0xdab,0x37f0 W2=0x3bac,0x459,0x2ed0
  r61_witness[08] r61=16 tail=25 gh60=0x4908f6a W1=0x2761,0x3d3,0x3a65 W2=0x266e,0x6de,0x1d75
  r61_witness[09] r61=16 tail=28 gh60=0x4f1849a W1=0x345,0x2277,0x35b9 W2=0x252,0xac8,0x3b96
  r61_witness[10] r61=16 tail=29 gh60=0x4c985e6 W1=0x3ca3,0x10e8,0x2d10 W2=0x3bb0,0x3741,0x1d25
  r61_witness[11] r61=16 tail=30 gh60=0xcb87dba W1=0x2e7a,0x1c3f,0x2393 W2=0x2d87,0x3907,0x1f1f
  r61_witness[12] r61=16 tail=31 gh60=0xcb74f6a W1=0x7de,0x3378,0x13a3 W2=0x6eb,0x3284,0x1d83
  r61_witness[13] r61=16 tail=33 gh60=0xcd884a6 W1=0x1a3b,0x26b7,0x294f W2=0x1948,0x102,0x16f3
  r61_witness[14] r61=16 tail=35 gh60=0xb88bfaa W1=0xfbd,0x2d7d,0x3c01 W2=0xeca,0x1284,0x1ee7
  r61_witness[15] r61=16 tail=36 gh60=0x4a384fe W1=0x1a17,0x3dd1,0x31ed W2=0x1924,0x1cf9,0x3231

D60=0 fiber histogram: 1:8081 2:4800 3:1859 4:1089 5:383 6:237 7:89 8:65 9:19 10:18 11:8 12:12 13:2 14:3 15:2 16:1 17:1 23:1
