free_word_mitm_reducedn
N=14 mask=0x3fff msb=0x2000
candidate: M0=0x3d36 mode=random-fallback fill=0x3fff kernel=dM0=dM9=0x2000
prefixes=32768/268435456 mode=permuted-prefix-sample w59_per_prefix=16384 total=536870912
run_mode=scan registry_cap=16
sample_start=206864384
scan_elapsed=20.098s rate=26.71 Mtriples/s

D60 interface
  D60=0 matches: 32589 (random expectation 32768.0, enrichment 0.995x)
  prefixes with D60=0: 16525
  max D60=0 fiber per prefix: 18 at W57=0x1d0 W58=0x1190
  largest D60 bucket: D=0x1481 count=33779
  min D60 HW: 0
  D60 HW histogram: 0:32589 1:457755 2:2980587 3:11927220 4:32795106 5:65627836 6:98432713 7:112519791 8:98402126 9:65579265 10:32758682 11:11898705 12:2968773 13:457125 14:32639

Tail closure among D60=0 matches
  final tail collisions: 0
  best r61 HW: 13
  best r61 W1[57..59]=0x38e2,0x3646,0xd23
  best r61 W2[57..59]=0x37ef,0x17ca,0x3986
  best tail HW: 22
  best tail r61 HW: 16
  best W1[57..59]=0x1a8f,0x16cc,0x262c
  best W2[57..59]=0x199c,0xf0e,0x255f

SUMMARY N=14 sample_start=206864384 prefixes=32768 total=536870912 d0=32589 best_tail=22 tail_r61=16 best_r61=13 tail_W1=0x1a8f,0x16cc,0x262c tail_W2=0x199c,0xf0e,0x255f r61_W1=0x38e2,0x3646,0xd23 r61_W2=0x37ef,0x17ca,0x3986

Scan-only witness registry
  registry_count=16 registry_cap=16
  witness[00] tail=22 r61=16 gh60=0x5a185ee W1=0x1a8f,0x16cc,0x262c W2=0x199c,0xf0e,0x255f
  witness[01] tail=22 r61=19 gh60=0xb704566 W1=0x22cc,0x1277,0x390e W2=0x21d9,0x26c9,0x1380
  witness[02] tail=23 r61=16 gh60=0x4a9bca6 W1=0x10eb,0x1f08,0x1591 W2=0xff8,0xc9e,0x3b09
  witness[03] tail=23 r61=27 gh60=0x4bfbbea W1=0x2d9d,0x29a9,0x3efa W2=0x2caa,0x728,0x2a9
  witness[04] tail=24 r61=18 gh60=0xc5244a6 W1=0x444,0xb59,0x2e71 W2=0x351,0x28d5,0x3e21
  witness[05] tail=24 r61=18 gh60=0x5a187e6 W1=0x138b,0x446,0x2d2 W2=0x1298,0x93,0x1f3a
  witness[06] tail=24 r61=20 gh60=0xc6d457a W1=0x14d6,0x21de,0x3ee1 W2=0x13e3,0xc93,0xd75
  witness[07] tail=24 r61=22 gh60=0xdbe4f66 W1=0x3754,0x3bf,0x401 W2=0x3661,0x3f0e,0x25bc
  witness[08] tail=24 r61=25 gh60=0xce985a6 W1=0x1a73,0x3460,0x3342 W2=0x1980,0x3835,0x6e4
  witness[09] tail=24 r61=26 gh60=0xce2ffea W1=0x2f92,0xe44,0xab7 W2=0x2e9f,0x29dc,0x196a
  witness[10] tail=25 r61=16 gh60=0x457459a W1=0xca6,0x1dc9,0x2e22 W2=0xbb3,0x3c07,0x2700
  witness[11] tail=25 r61=19 gh60=0x3908b6a W1=0x551,0x909,0x3fa8 W2=0x45e,0x750,0x1223
  witness[12] tail=25 r61=19 gh60=0x493476e W1=0x2b60,0x3342,0xfd7 W2=0x2a6d,0x286d,0x329f
  witness[13] tail=25 r61=20 gh60=0xda17cee W1=0xf20,0x3e63,0x14bf W2=0xe2d,0x1dbf,0x942
  witness[14] tail=25 r61=20 gh60=0x4a0dce6 W1=0x1e1c,0x17fc,0x40b W2=0x1d29,0x3801,0x3279
  witness[15] tail=25 r61=20 gh60=0x47584ba W1=0x3c39,0x21f3,0x8ab W2=0x3b46,0x18f5,0x103b

Scan-only r61 registry
  registry_count=16 registry_cap=16
  r61_witness[00] r61=13 tail=28 gh60=0x49a4d6a W1=0x38e2,0x3646,0xd23 W2=0x37ef,0x17ca,0x3986
  r61_witness[01] r61=15 tail=28 gh60=0x46885ae W1=0x146f,0x27f4,0x18fb W2=0x137c,0x203c,0x3627
  r61_witness[02] r61=15 tail=35 gh60=0xc905b66 W1=0x1d5c,0x1949,0x2881 W2=0x1c69,0x1c92,0x22d8
  r61_witness[03] r61=15 tail=37 gh60=0x4904f66 W1=0x175c,0x844,0x120d W2=0x1669,0x3c6f,0x2ed2
  r61_witness[04] r61=16 tail=22 gh60=0x5a185ee W1=0x1a8f,0x16cc,0x262c W2=0x199c,0xf0e,0x255f
  r61_witness[05] r61=16 tail=23 gh60=0x4a9bca6 W1=0x10eb,0x1f08,0x1591 W2=0xff8,0xc9e,0x3b09
  r61_witness[06] r61=16 tail=25 gh60=0x457459a W1=0xca6,0x1dc9,0x2e22 W2=0xbb3,0x3c07,0x2700
  r61_witness[07] r61=16 tail=29 gh60=0x7a0fbe6 W1=0x318c,0x2fbc,0x179f W2=0x3099,0x298d,0x7e4
  r61_witness[08] r61=16 tail=31 gh60=0x4b2857a W1=0x3a55,0x3c16,0x2ad9 W2=0x3962,0x30c6,0x307a
  r61_witness[09] r61=16 tail=32 gh60=0x3ea7d66 W1=0x2e64,0x3d0c,0x3d28 W2=0x2d71,0x2659,0x2498
  r61_witness[10] r61=16 tail=34 gh60=0x4b34b6a W1=0x194e,0x2342,0x29ad W2=0x185b,0x357e,0x121
  r61_witness[11] r61=16 tail=36 gh60=0x4a084ee W1=0x2b1f,0x5d2,0x2e4e W2=0x2a2c,0x25dc,0x390b
  r61_witness[12] r61=16 tail=36 gh60=0x591876e W1=0x3b5f,0x2468,0xda6 W2=0x3a6c,0x2e9e,0x13ab
  r61_witness[13] r61=16 tail=37 gh60=0x48d5cba W1=0x2136,0x158b,0x3510 W2=0x2043,0x3a0b,0x2a3c
  r61_witness[14] r61=17 tail=26 gh60=0xbea8bbe W1=0x977,0x1669,0x35c1 W2=0x884,0x9f4,0x2f5c
  r61_witness[15] r61=17 tail=29 gh60=0xcb09b66 W1=0x1cb,0x2074,0x7d0 W2=0xd8,0x1fcc,0x2d8c

D60=0 fiber histogram: 1:7982 2:4772 3:1830 4:1090 5:397 6:237 7:81 8:77 9:19 10:22 11:6 12:2 13:5 14:2 15:1 16:1 18:1
