free_word_mitm_reducedn
N=14 mask=0x3fff msb=0x2000
candidate: M0=0x3d36 mode=random-fallback fill=0x3fff kernel=dM0=dM9=0x2000
prefixes=32768/268435456 mode=permuted-prefix-sample w59_per_prefix=16384 total=536870912
run_mode=scan registry_cap=16
sample_start=39092224
scan_elapsed=18.696s rate=28.72 Mtriples/s

D60 interface
  D60=0 matches: 32837 (random expectation 32768.0, enrichment 1.002x)
  prefixes with D60=0: 16587
  max D60=0 fiber per prefix: 18 at W57=0x40d W58=0x3ff7
  largest D60 bucket: D=0x2994 count=33768
  min D60 HW: 0
  D60 HW histogram: 0:32837 1:456399 2:2971622 3:11899962 4:32768395 5:65586875 6:98423650 7:112499373 8:98430816 9:65619867 10:32799431 11:11915261 12:2975954 13:457359 14:33111

Tail closure among D60=0 matches
  final tail collisions: 0
  best r61 HW: 12
  best r61 W1[57..59]=0x1fb7,0x3e04,0x12ec
  best r61 W2[57..59]=0x1ec4,0x325b,0x2138
  best tail HW: 21
  best tail r61 HW: 18
  best W1[57..59]=0x2cb1,0x3396,0x127f
  best W2[57..59]=0x2bbe,0x2fae,0x2699

SUMMARY N=14 sample_start=39092224 prefixes=32768 total=536870912 d0=32837 best_tail=21 tail_r61=18 best_r61=12 tail_W1=0x2cb1,0x3396,0x127f tail_W2=0x2bbe,0x2fae,0x2699 r61_W1=0x1fb7,0x3e04,0x12ec r61_W2=0x1ec4,0x325b,0x2138

Scan-only witness registry
  registry_count=16 registry_cap=16
  witness[00] tail=21 r61=18 gh60=0xcdb85aa W1=0x2cb1,0x3396,0x127f W2=0x2bbe,0x2fae,0x2699
  witness[01] tail=23 r61=17 gh60=0xd8e44a6 W1=0xb34,0x5ae,0xdde W2=0xa41,0x361c,0x22b7
  witness[02] tail=23 r61=20 gh60=0xfb2857a W1=0x3c59,0x3bb1,0x2b77 W2=0x3b66,0x22c5,0x36d0
  witness[03] tail=23 r61=21 gh60=0x59247a6 W1=0x3bc4,0x32be,0x3b3d W2=0x3ad1,0x2da4,0x361
  witness[04] tail=24 r61=21 gh60=0x56644a6 W1=0x2a04,0xeec,0x1ab6 W2=0x2911,0xaea,0x1548
  witness[05] tail=24 r61=22 gh60=0xce84da6 W1=0x267c,0x2c3,0xe29 W2=0x2589,0x1ae8,0x288b
  witness[06] tail=24 r61=22 gh60=0xdae8b9a W1=0x3989,0x27c1,0x1276 W2=0x3896,0x3497,0x3aba
  witness[07] tail=24 r61=23 gh60=0xce74baa W1=0x397e,0xbe9,0x1864 W2=0x388b,0x18b1,0x1b6
  witness[08] tail=25 r61=20 gh60=0x5d1456e W1=0x22e0,0x1e93,0x20d8 W2=0x21ed,0x3d6,0x1085
  witness[09] tail=25 r61=20 gh60=0x4698cba W1=0x26f5,0x294a,0x3e38 W2=0x2602,0xdc9,0x3680
  witness[10] tail=25 r61=22 gh60=0x550c56e W1=0xa50,0x1e15,0x2aba W2=0x95d,0x2cc,0x790
  witness[11] tail=25 r61=22 gh60=0xcba7faa W1=0x2fb2,0x2802,0xb6e W2=0x2ebf,0x3f0e,0x22f9
  witness[12] tail=25 r61=23 gh60=0x38a9b9e W1=0x3da7,0x26d1,0x31cf W2=0x3cb4,0x1dfd,0xe86
  witness[13] tail=25 r61=23 gh60=0x4ad5f9a W1=0x3f66,0x39d4,0x33bd W2=0x3e73,0x3681,0x151b
  witness[14] tail=25 r61=26 gh60=0xc63cffa W1=0x796,0x3dea,0x1229 W2=0x6a3,0x3e7a,0x3cfa
  witness[15] tail=25 r61=26 gh60=0x778cdaa W1=0x28be,0x2a46,0x2a19 W2=0x27cb,0x239e,0x36f9

Scan-only r61 registry
  registry_count=16 registry_cap=16
  r61_witness[00] r61=12 tail=30 gh60=0x48a9fbe W1=0x1fb7,0x3e04,0x12ec W2=0x1ec4,0x325b,0x2138
  r61_witness[01] r61=13 tail=27 gh60=0x460c4ea W1=0x140e,0x10c6,0x3d40 W2=0x131b,0x2501,0x24f2
  r61_witness[02] r61=14 tail=31 gh60=0xda085ea W1=0x2a8d,0x652,0x2f72 W2=0x299a,0x116c,0x3893
  r61_witness[03] r61=15 tail=28 gh60=0x36087ee W1=0x238f,0x1a9d,0x2a70 W2=0x229c,0x116b,0x2392
  r61_witness[04] r61=15 tail=30 gh60=0x452857e W1=0x24d7,0x26c2,0x2240 W2=0x23e4,0x3176,0x1da4
  r61_witness[05] r61=15 tail=32 gh60=0x4b18d7a W1=0x2855,0x10b3,0x892 W2=0x2762,0x7a,0x3ba7
  r61_witness[06] r61=15 tail=34 gh60=0x390449a W1=0xb4a,0x3588,0x106a W2=0xa57,0x1d94,0x1cae
  r61_witness[07] r61=15 tail=37 gh60=0x4e24ce6 W1=0x2914,0x2187,0x31c0 W2=0x2821,0x2eba,0x3838
  r61_witness[08] r61=16 tail=30 gh60=0xb888baa W1=0x9c1,0x3bf3,0xc6e W2=0x8ce,0x37fa,0x238f
  r61_witness[09] r61=16 tail=30 gh60=0xc6385fa W1=0x2c95,0x1900,0x25af W2=0x2ba2,0x69c,0xf08
  r61_witness[10] r61=16 tail=30 gh60=0xca19cfa W1=0x3e15,0x356b,0x68 W2=0x3d22,0x1e2e,0x12aa
  r61_witness[11] r61=16 tail=31 gh60=0x4a09de6 W1=0x208b,0x14be,0xb5c W2=0x1f98,0x77a,0xcb6
  r61_witness[12] r61=16 tail=33 gh60=0x58ac4be W1=0x1b38,0x2405,0x17da W2=0x1a45,0x2a8,0x1e4e
  r61_witness[13] r61=16 tail=35 gh60=0x491879a W1=0x23c5,0x37f6,0x3baa W2=0x22d2,0x2a1f,0x3c32
  r61_witness[14] r61=16 tail=35 gh60=0x4987ba6 W1=0x2dbc,0xdb2,0x1486 W2=0x2cc9,0x6e1,0x1b52
  r61_witness[15] r61=16 tail=37 gh60=0xca544ba W1=0xcf6,0x2a24,0x180 W2=0xc03,0x11a7,0x3369

D60=0 fiber histogram: 1:8035 2:4780 3:1775 4:1096 5:437 6:235 7:82 8:71 9:32 10:16 11:8 12:10 13:5 14:3 15:1 18:1
