free_word_mitm_reducedn
N=14 mask=0x3fff msb=0x2000
candidate: M0=0x3d36 mode=random-fallback fill=0x3fff kernel=dM0=dM9=0x2000
prefixes=32768/268435456 mode=permuted-prefix-sample w59_per_prefix=16384 total=536870912
run_mode=scan registry_cap=16
sample_start=215252992
scan_elapsed=19.898s rate=26.98 Mtriples/s

D60 interface
  D60=0 matches: 32551 (random expectation 32768.0, enrichment 0.993x)
  prefixes with D60=0: 16539
  max D60=0 fiber per prefix: 26 at W57=0x24e7 W58=0x2d8c
  largest D60 bucket: D=0x2b7b count=33778
  min D60 HW: 0
  D60 HW histogram: 0:32551 1:457352 2:2983212 3:11943605 4:32836072 5:65658507 6:98464149 7:112481158 8:98363513 9:65542165 10:32750286 11:11896215 12:2971861 13:457918 14:32348

Tail closure among D60=0 matches
  final tail collisions: 0
  best r61 HW: 13
  best r61 W1[57..59]=0x2ed0,0x19e8,0x2429
  best r61 W2[57..59]=0x2ddd,0x32b8,0x394b
  best tail HW: 21
  best tail r61 HW: 18
  best W1[57..59]=0x1f2d,0x2e9,0x3400
  best W2[57..59]=0x1e3a,0x4e4,0x3

SUMMARY N=14 sample_start=215252992 prefixes=32768 total=536870912 d0=32551 best_tail=21 tail_r61=18 best_r61=13 tail_W1=0x1f2d,0x2e9,0x3400 tail_W2=0x1e3a,0x4e4,0x3 r61_W1=0x2ed0,0x19e8,0x2429 r61_W2=0x2ddd,0x32b8,0x394b

Scan-only witness registry
  registry_count=16 registry_cap=16
  witness[00] tail=21 r61=18 gh60=0xc889caa W1=0x1f2d,0x2e9,0x3400 W2=0x1e3a,0x4e4,0x3
  witness[01] tail=22 r61=16 gh60=0xc53c56a W1=0x2cde,0x2d5,0xce4 W2=0x2beb,0x3bf8,0x18d5
  witness[02] tail=22 r61=25 gh60=0x5ed857e W1=0x1257,0x3252,0x5c3 W2=0x1164,0x3f7e,0x12d
  witness[03] tail=23 r61=18 gh60=0x4aebc9a W1=0xf05,0x3bac,0x2e32 W2=0xe12,0xaf8,0x2058
  witness[04] tail=23 r61=18 gh60=0xcb884aa W1=0x1c3d,0xd3b,0x606 W2=0x1b4a,0x2167,0x1d42
  witness[05] tail=23 r61=20 gh60=0xd7a9de6 W1=0x20a3,0x1a2c,0x22b8 W2=0x1fb0,0x2c08,0x39e1
  witness[06] tail=23 r61=26 gh60=0x5f58dbe W1=0x8b7,0x5a1,0x572 W2=0x7c4,0x758,0x9f0
  witness[07] tail=24 r61=14 gh60=0xca085ea W1=0x2491,0x3260,0x2f50 W2=0x239e,0x2d7e,0x1632
  witness[08] tail=24 r61=17 gh60=0x4ab44ae W1=0x3400,0xf9a,0x174 W2=0x330d,0x3cab,0x15a9
  witness[09] tail=24 r61=20 gh60=0xc93bca6 W1=0x3143,0x1dfc,0xdbb W2=0x3050,0x24ba,0x295e
  witness[10] tail=24 r61=22 gh60=0x4e7ccaa W1=0x27f2,0xc06,0x2500 W2=0x26ff,0xf0a,0xc4f
  witness[11] tail=25 r61=17 gh60=0x4a5449e W1=0x9e8,0x2461,0x3aa0 W2=0x8f5,0x208b,0x2cbf
  witness[12] tail=25 r61=19 gh60=0x3b5c59e W1=0x34c8,0x18b2,0x3ab6 W2=0x33d5,0x2ec4,0xb4b
  witness[13] tail=25 r61=21 gh60=0xca8cb9a W1=0x196a,0x27d8,0x2a13 W2=0x1877,0x2473,0x6fe
  witness[14] tail=25 r61=21 gh60=0x57e9cfa W1=0x2019,0x30fc,0x39a2 W2=0x1f26,0x1403,0x3489
  witness[15] tail=25 r61=21 gh60=0x56884a6 W1=0x21eb,0x2a3c,0x245 W2=0x20f8,0x3719,0x3e95

Scan-only r61 registry
  registry_count=16 registry_cap=16
  r61_witness[00] r61=13 tail=32 gh60=0x450fd6e W1=0x2ed0,0x19e8,0x2429 W2=0x2ddd,0x32b8,0x394b
  r61_witness[01] r61=14 tail=24 gh60=0xca085ea W1=0x2491,0x3260,0x2f50 W2=0x239e,0x2d7e,0x1632
  r61_witness[02] r61=14 tail=35 gh60=0x4488cae W1=0x362f,0x14cb,0x1929 W2=0x353c,0x142a,0x1a77
  r61_witness[03] r61=15 tail=29 gh60=0x450856a W1=0x24dd,0x3f93,0xab7 W2=0x23ea,0xb31,0x2d26
  r61_witness[04] r61=15 tail=31 gh60=0x5909f6a W1=0x1fd1,0x2706,0x2cf2 W2=0x1ede,0x2129,0x2d9a
  r61_witness[05] r61=15 tail=36 gh60=0x450449a W1=0x244a,0x1e1f,0x1c2c W2=0x2357,0x3e1,0x19b
  r61_witness[06] r61=16 tail=22 gh60=0xc53c56a W1=0x2cde,0x2d5,0xce4 W2=0x2beb,0x3bf8,0x18d5
  r61_witness[07] r61=16 tail=26 gh60=0x4a084e6 W1=0x2c0b,0x1de5,0x7d8 W2=0x2b18,0xac8,0x30ce
  r61_witness[08] r61=16 tail=28 gh60=0xca144ea W1=0xc0e,0x314e,0xbca W2=0xb1b,0x3805,0x1f01
  r61_witness[09] r61=16 tail=28 gh60=0x4767d6a W1=0x2ed2,0x3991,0x5c W2=0x2ddf,0x3a65,0x2916
  r61_witness[10] r61=16 tail=29 gh60=0x4b88dae W1=0x67f,0x441,0x8b6 W2=0x58c,0x2bf8,0xb58
  r61_witness[11] r61=16 tail=29 gh60=0x4c98cae W1=0x263f,0x6a5,0xd03 W2=0x254c,0x35f4,0x1209
  r61_witness[12] r61=16 tail=33 gh60=0x4a87c9a W1=0xeea,0x12e0,0x3628 W2=0xdf7,0x25a5,0x59e
  r61_witness[13] r61=16 tail=34 gh60=0xc568d66 W1=0x2653,0x1ac1,0x2c40 W2=0x2560,0x10fb,0x285a
  r61_witness[14] r61=16 tail=36 gh60=0x4e0bdee W1=0x108f,0x270b,0x9df W2=0xf9c,0x3446,0x176c
  r61_witness[15] r61=16 tail=36 gh60=0x4a28b9a W1=0x2585,0x26ed,0x281d W2=0x2492,0x15c3,0x2176

D60=0 fiber histogram: 1:8055 2:4740 3:1861 4:1033 5:407 6:207 7:89 8:70 9:33 10:12 11:13 12:6 13:4 14:1 15:2 16:3 18:1 21:1 26:1
