free_word_mitm_reducedn
N=14 mask=0x3fff msb=0x2000
candidate: M0=0x3d36 mode=random-fallback fill=0x3fff kernel=dM0=dM9=0x2000
prefixes=32768/268435456 mode=permuted-prefix-sample w59_per_prefix=16384 total=536870912
run_mode=scan registry_cap=16
sample_start=198475776
scan_elapsed=19.930s rate=26.94 Mtriples/s

D60 interface
  D60=0 matches: 32630 (random expectation 32768.0, enrichment 0.996x)
  prefixes with D60=0: 16568
  max D60=0 fiber per prefix: 23 at W57=0x10f9 W58=0x2253
  largest D60 bucket: D=0x9c7 count=33820
  min D60 HW: 0
  D60 HW histogram: 0:32630 1:456344 2:2970845 3:11896534 4:32769005 5:65583293 6:98418147 7:112492750 8:98440670 9:65610137 10:32803641 11:11928394 12:2977557 13:458048 14:32917

Tail closure among D60=0 matches
  final tail collisions: 0
  best r61 HW: 13
  best r61 W1[57..59]=0x13df,0x2a08,0x10bd
  best r61 W2[57..59]=0x12ec,0x343e,0x2b9d
  best tail HW: 22
  best tail r61 HW: 26
  best W1[57..59]=0x3235,0x22cb,0x2377
  best W2[57..59]=0x3142,0x1609,0x1b15

SUMMARY N=14 sample_start=198475776 prefixes=32768 total=536870912 d0=32630 best_tail=22 tail_r61=26 best_r61=13 tail_W1=0x3235,0x22cb,0x2377 tail_W2=0x3142,0x1609,0x1b15 r61_W1=0x13df,0x2a08,0x10bd r61_W2=0x12ec,0x343e,0x2b9d

Scan-only witness registry
  registry_count=16 registry_cap=16
  witness[00] tail=22 r61=26 gh60=0xd5784ba W1=0x3235,0x22cb,0x2377 W2=0x3142,0x1609,0x1b15
  witness[01] tail=23 r61=25 gh60=0x7b6c5ba W1=0x3ab6,0x1d59,0xa21 W2=0x39c3,0xa04,0x5df
  witness[02] tail=24 r61=19 gh60=0x44b7cae W1=0xe30,0x1f28,0x1f1d W2=0xd3d,0x3208,0x303c
  witness[03] tail=24 r61=21 gh60=0xdb59d9e W1=0x3ec7,0x2ca9,0x23a0 W2=0x3dd4,0x312d,0x25eb
  witness[04] tail=24 r61=24 gh60=0x46bcc9e W1=0x38e8,0x2f2c,0x3e10 W2=0x37f5,0x89b,0x199a
  witness[05] tail=25 r61=16 gh60=0xca18cee W1=0x70f,0x42d,0x2b02 W2=0x61c,0x1f04,0xd1c
  witness[06] tail=25 r61=16 gh60=0xd6045e6 W1=0x128c,0x9e1,0x33c6 W2=0x1199,0x2b9f,0xb99
  witness[07] tail=25 r61=18 gh60=0xd929b7e W1=0x3dd7,0x3b59,0x2566 W2=0x3ce4,0x2f78,0x74f
  witness[08] tail=25 r61=19 gh60=0x4eec7aa W1=0x2b72,0x1a0,0x4 W2=0x2a7f,0x327d,0x3522
  witness[09] tail=25 r61=23 gh60=0x4b8c4aa W1=0x3d2e,0x1e4a,0x178a W2=0x3c3b,0x354b,0x5c1
  witness[10] tail=25 r61=30 gh60=0x3ba87ba W1=0x1b79,0x374b,0x1ca2 W2=0x1a86,0x891,0x3d9
  witness[11] tail=26 r61=17 gh60=0xf4a9da6 W1=0x20b3,0x170b,0x2bbe W2=0x1fc0,0x26cd,0x178e
  witness[12] tail=26 r61=19 gh60=0x4bb84a6 W1=0x223b,0x22c1,0x1c2a W2=0x2148,0x300e,0x248c
  witness[13] tail=26 r61=19 gh60=0x4a144ee W1=0x2320,0x3839,0xd15 W2=0x222d,0x29d4,0x3d80
  witness[14] tail=26 r61=20 gh60=0x7704d66 W1=0x8dc,0x90,0x60c W2=0x7e9,0x2ba7,0x1dc
  witness[15] tail=26 r61=21 gh60=0xcd684e6 W1=0x1a23,0x3ddb,0x1a47 W2=0x1930,0x3c5c,0x16f9

Scan-only r61 registry
  registry_count=16 registry_cap=16
  r61_witness[00] r61=13 tail=30 gh60=0xc91876e W1=0x13df,0x2a08,0x10bd W2=0x12ec,0x343e,0x2b9d
  r61_witness[01] r61=14 tail=31 gh60=0x44844a6 W1=0x1c3c,0x771,0x17a5 W2=0x1b49,0x13bd,0xd4d
  r61_witness[02] r61=15 tail=30 gh60=0x4708d66 W1=0x264b,0x47,0x3210 W2=0x2558,0x16f1,0x2874
  r61_witness[03] r61=15 tail=31 gh60=0xca04bfa W1=0x199a,0x675,0x1886 W2=0x18a7,0xf9,0x318d
  r61_witness[04] r61=15 tail=32 gh60=0x450457a W1=0x24da,0x1a20,0x3a8f W2=0x23e7,0xc9,0x48
  r61_witness[05] r61=15 tail=36 gh60=0x4a087ee W1=0x239f,0xd67,0x3e4c W2=0x22ac,0x529,0x1f91
  r61_witness[06] r61=16 tail=25 gh60=0xca18cee W1=0x70f,0x42d,0x2b02 W2=0x61c,0x1f04,0xd1c
  r61_witness[07] r61=16 tail=25 gh60=0xd6045e6 W1=0x128c,0x9e1,0x33c6 W2=0x1199,0x2b9f,0xb99
  r61_witness[08] r61=16 tail=30 gh60=0x49544ba W1=0x2336,0x2fe9,0xcd5 W2=0x2243,0x18e8,0x248a
  r61_witness[09] r61=16 tail=34 gh60=0x4524d6a W1=0x6d2,0x1224,0x3d51 W2=0x5df,0x2478,0x16c1
  r61_witness[10] r61=16 tail=36 gh60=0x4a0bdea W1=0x308d,0x316c,0x300d W2=0x2f9a,0x28cb,0x3cd5
  r61_witness[11] r61=17 tail=26 gh60=0xf4a9da6 W1=0x20b3,0x170b,0x2bbe W2=0x1fc0,0x26cd,0x178e
  r61_witness[12] r61=17 tail=29 gh60=0x46e9cba W1=0x20f5,0x3a30,0x1634 W2=0x2002,0x1f2b,0x862
  r61_witness[13] r61=17 tail=30 gh60=0x48a84be W1=0x1d37,0x1499,0x2b68 W2=0x1c44,0x21bb,0x193c
  r61_witness[14] r61=17 tail=31 gh60=0xce384e6 W1=0xd1b,0x1ee9,0x1507 W2=0xc28,0x1ab0,0x245a
  r61_witness[15] r61=17 tail=32 gh60=0xccb84ae W1=0x143f,0xf42,0x2cd5 W2=0x134c,0xdd2,0x3194

D60=0 fiber histogram: 1:8043 2:4755 3:1837 4:1117 5:373 6:211 7:88 8:75 9:26 10:16 11:9 12:6 13:4 14:3 15:1 17:2 20:1 23:1
