free_word_mitm_reducedn
N=14 mask=0x3fff msb=0x2000
candidate: M0=0x3d36 mode=random-fallback fill=0x3fff kernel=dM0=dM9=0x2000
prefixes=32768/268435456 mode=permuted-prefix-sample w59_per_prefix=16384 total=536870912
run_mode=scan registry_cap=16
sample_start=72646656
scan_elapsed=20.343s rate=26.39 Mtriples/s

D60 interface
  D60=0 matches: 33002 (random expectation 32768.0, enrichment 1.007x)
  prefixes with D60=0: 16604
  max D60=0 fiber per prefix: 16 at W57=0xff7 W58=0x690
  largest D60 bucket: D=0x312c count=33747
  min D60 HW: 0
  D60 HW histogram: 0:33002 1:457498 2:2977274 3:11921448 4:32790926 5:65623328 6:98465026 7:112509473 8:98409092 9:65556346 10:32757416 11:11906583 12:2972788 13:458042 14:32670

Tail closure among D60=0 matches
  final tail collisions: 0
  best r61 HW: 14
  best r61 W1[57..59]=0x3121,0x1295,0x3227
  best r61 W2[57..59]=0x302e,0x9b8,0x1192
  best tail HW: 22
  best tail r61 HW: 22
  best W1[57..59]=0x2d55,0x3fb3,0x1d11
  best W2[57..59]=0x2c62,0x20ae,0x32

SUMMARY N=14 sample_start=72646656 prefixes=32768 total=536870912 d0=33002 best_tail=22 tail_r61=22 best_r61=14 tail_W1=0x2d55,0x3fb3,0x1d11 tail_W2=0x2c62,0x20ae,0x32 r61_W1=0x3121,0x1295,0x3227 r61_W2=0x302e,0x9b8,0x1192

Scan-only witness registry
  registry_count=16 registry_cap=16
  witness[00] tail=22 r61=22 gh60=0x4b7bb7a W1=0x2d55,0x3fb3,0x1d11 W2=0x2c62,0x20ae,0x32
  witness[01] tail=24 r61=14 gh60=0x4899cba W1=0x3f35,0x158,0x3f3a W2=0x3e42,0x23d3,0x1f9b
  witness[02] tail=24 r61=16 gh60=0xca0bce6 W1=0x111b,0x2dba,0x19ea W2=0x1028,0x1b42,0x1970
  witness[03] tail=24 r61=19 gh60=0x498c7a6 W1=0x236c,0x1357,0x20b7 W2=0x2279,0x3ead,0x4c8
  witness[04] tail=24 r61=20 gh60=0xba0ffea W1=0xf8e,0x2912,0xadb W2=0xe9b,0x1a9e,0x1d4a
  witness[05] tail=24 r61=22 gh60=0x397876a W1=0x13dd,0x145f,0xaca W2=0x12ea,0xeb1,0x1d9b
  witness[06] tail=25 r61=19 gh60=0xcb68fbe W1=0x27b7,0x377c,0x37c9 W2=0x26c4,0x2dd3,0x16eb
  witness[07] tail=25 r61=20 gh60=0xcee7ca6 W1=0x1144,0x3d1,0x48b W2=0x1051,0x88,0x277a
  witness[08] tail=25 r61=20 gh60=0x58bdcaa W1=0x212e,0x2f11,0x32c3 W2=0x203b,0x3311,0x17f
  witness[09] tail=25 r61=21 gh60=0x3a0fbe6 W1=0x2d8c,0x700,0x3742 W2=0x2c99,0x3d1,0x265b
  witness[10] tail=25 r61=22 gh60=0x49884aa W1=0x12f1,0x2a37,0x5dd W2=0x11fe,0x3f7,0x237a
  witness[11] tail=25 r61=23 gh60=0x5a68dba W1=0x879,0x17ce,0x18d3 W2=0x786,0x3239,0x2fc9
  witness[12] tail=25 r61=23 gh60=0xb53856a W1=0x3a51,0x14ee,0x3b31 W2=0x395e,0x1aa0,0x2fa6
  witness[13] tail=25 r61=27 gh60=0xcdf85ae W1=0x1caf,0x18fd,0x3073 W2=0x1bbc,0xe35,0x1802
  witness[14] tail=26 r61=16 gh60=0x3a8c79a W1=0x136a,0xcd3,0x358e W2=0x1277,0xf2f,0x1dbc
  witness[15] tail=26 r61=18 gh60=0x45fbcba W1=0xdf5,0x2289,0x2e5a W2=0xd02,0x3540,0x3151

Scan-only r61 registry
  registry_count=16 registry_cap=16
  r61_witness[00] r61=14 tail=24 gh60=0x4899cba W1=0x3f35,0x158,0x3f3a W2=0x3e42,0x23d3,0x1f9b
  r61_witness[01] r61=14 tail=28 gh60=0xc894baa W1=0x15be,0x28c9,0x381e W2=0x14cb,0x38c1,0x1fa8
  r61_witness[02] r61=14 tail=33 gh60=0x460bcea W1=0x3121,0x1295,0x3227 W2=0x302e,0x9b8,0x1192
  r61_witness[03] r61=15 tail=29 gh60=0xc488dae W1=0x26bf,0x3bc7,0x201c W2=0x25cc,0x22ee,0x3a12
  r61_witness[04] r61=15 tail=30 gh60=0x468bbaa W1=0x1171,0x2110,0x1df6 W2=0x107e,0x109b,0x12e4
  r61_witness[05] r61=15 tail=32 gh60=0x3908b6e W1=0x354f,0x266f,0x1fed W2=0x345c,0x3092,0xb9e
  r61_witness[06] r61=15 tail=33 gh60=0x4f2bf7a W1=0x2fd5,0x71e,0x22 W2=0x2ee2,0x2539,0x75e
  r61_witness[07] r61=15 tail=34 gh60=0xc9844ba W1=0x12fa,0x227b,0x3f97 W2=0x1207,0x1c2e,0x2337
  r61_witness[08] r61=15 tail=38 gh60=0x44885a6 W1=0x14ab,0x448,0x839 W2=0x13b8,0xb7d,0x35df
  r61_witness[09] r61=16 tail=24 gh60=0xca0bce6 W1=0x111b,0x2dba,0x19ea W2=0x1028,0x1b42,0x1970
  r61_witness[10] r61=16 tail=26 gh60=0x3a8c79a W1=0x136a,0xcd3,0x358e W2=0x1277,0xf2f,0x1dbc
  r61_witness[11] r61=16 tail=27 gh60=0x48a4faa W1=0x7b2,0x46b,0x343f W2=0x6bf,0x3277,0x1dee
  r61_witness[12] r61=16 tail=29 gh60=0x7617bee W1=0x2da0,0x1731,0x1261 W2=0x2cad,0x4b5,0x1f0d
  r61_witness[13] r61=16 tail=30 gh60=0xc888bae W1=0x9af,0x2f80,0x2105 W2=0x8bc,0x2397,0x390
  r61_witness[14] r61=16 tail=30 gh60=0x5a08bee W1=0x299f,0x2096,0x1893 W2=0x28ac,0x1319,0x20f4
  r61_witness[15] r61=16 tail=30 gh60=0x4618ce6 W1=0x390b,0x2c5d,0x37ce W2=0x3818,0x37f3,0x3f22

D60=0 fiber histogram: 1:7982 2:4782 3:1842 4:1060 5:450 6:253 7:109 8:63 9:22 10:23 11:5 12:5 13:4 14:1 15:2 16:1
