free_word_mitm_reducedn
N=14 mask=0x3fff msb=0x2000
candidate: M0=0x3d36 mode=random-fallback fill=0x3fff kernel=dM0=dM9=0x2000
prefixes=32768/268435456 mode=permuted-prefix-sample w59_per_prefix=16384 total=536870912
run_mode=scan registry_cap=16
sample_start=251953152
scan_elapsed=18.396s rate=29.18 Mtriples/s

D60 interface
  D60=0 matches: 32628 (random expectation 32768.0, enrichment 0.996x)
  prefixes with D60=0: 16534
  max D60=0 fiber per prefix: 16 at W57=0x3fb1 W58=0x2e8
  largest D60 bucket: D=0x2a45 count=33783
  min D60 HW: 0
  D60 HW histogram: 0:32628 1:456752 2:2977629 3:11925426 4:32806985 5:65610220 6:98414409 7:112475147 8:98406811 9:65588915 10:32786354 11:11921086 12:2976379 13:459643 14:32528

Tail closure among D60=0 matches
  final tail collisions: 0
  best r61 HW: 14
  best r61 W1[57..59]=0x390b,0x3208,0x3790
  best r61 W2[57..59]=0x3818,0x3d9e,0x1fa7
  best tail HW: 20
  best tail r61 HW: 25
  best W1[57..59]=0x1299,0x1122,0x1b66
  best W2[57..59]=0x11a6,0x3ec2,0x31a

SUMMARY N=14 sample_start=251953152 prefixes=32768 total=536870912 d0=32628 best_tail=20 tail_r61=25 best_r61=14 tail_W1=0x1299,0x1122,0x1b66 tail_W2=0x11a6,0x3ec2,0x31a r61_W1=0x390b,0x3208,0x3790 r61_W2=0x3818,0x3d9e,0x1fa7

Scan-only witness registry
  registry_count=16 registry_cap=16
  witness[00] tail=20 r61=25 gh60=0xb6e85fa W1=0x1299,0x1122,0x1b66 W2=0x11a6,0x3ec2,0x31a
  witness[01] tail=21 r61=15 gh60=0x4e3c59e W1=0x3a88,0x1dfb,0x1589 W2=0x3995,0x3283,0x2a8
  witness[02] tail=22 r61=21 gh60=0x4d9c5ae W1=0x2cc0,0x3880,0x3e7d W2=0x2bcd,0x1db9,0x2dce
  witness[03] tail=23 r61=17 gh60=0xc9f4dea W1=0x168e,0x3e06,0x26c7 W2=0x159b,0xbea,0x334
  witness[04] tail=23 r61=19 gh60=0x4b24f6a W1=0x7d2,0x23fe,0x32bd W2=0x6df,0x1422,0x1d1
  witness[05] tail=23 r61=19 gh60=0xda1c5ee W1=0x1ca0,0x37bd,0x4e9 W2=0x1bad,0x2c6c,0x3313
  witness[06] tail=23 r61=20 gh60=0xcdf85e6 W1=0x1a9b,0x243,0x1339 W2=0x19a8,0x28ee,0x38e1
  witness[07] tail=23 r61=21 gh60=0x3e845a6 W1=0x2c6c,0x24d3,0x1d41 W2=0x2b79,0x1987,0x1e84
  witness[08] tail=24 r61=21 gh60=0x5a28b9a W1=0x589,0x23e0,0xa21 W2=0x496,0x24f2,0x2541
  witness[09] tail=24 r61=21 gh60=0x59f84ee W1=0x121f,0x34e6,0x1ba1 W2=0x112c,0x317c,0x1a87
  witness[10] tail=24 r61=21 gh60=0xd6fddfa W1=0x209a,0x1d93,0x328a W2=0x1fa7,0x867,0x2212
  witness[11] tail=25 r61=18 gh60=0x4628cfa W1=0x3615,0x1589,0x8f8 W2=0x3522,0xfcc,0xee8
  witness[12] tail=25 r61=21 gh60=0x5b6cd66 W1=0x6d4,0x178,0x2e19 W2=0x5e1,0x33d3,0x3b1c
  witness[13] tail=25 r61=23 gh60=0x4de4da6 W1=0x2674,0x221e,0x95e W2=0x2581,0x1ae3,0x3083
  witness[14] tail=25 r61=24 gh60=0xbf18f9a W1=0x7c5,0x2492,0x705 W2=0x6d2,0x13f4,0x20e1
  witness[15] tail=25 r61=24 gh60=0xcd9c59a W1=0x146a,0x14ad,0x7c0 W2=0x1377,0x12c9,0x35f5

Scan-only r61 registry
  registry_count=16 registry_cap=16
  r61_witness[00] r61=14 tail=26 gh60=0xb6945aa W1=0x1a6e,0x2119,0x256d W2=0x197b,0x2d32,0x3d58
  r61_witness[01] r61=14 tail=26 gh60=0xc608ce6 W1=0x390b,0x3208,0x3790 W2=0x3818,0x3d9e,0x1fa7
  r61_witness[02] r61=14 tail=27 gh60=0x4494cae W1=0x640,0x2a4f,0x104b W2=0x54d,0x99f,0x250d
  r61_witness[03] r61=14 tail=28 gh60=0x4918b66 W1=0x25d3,0x135f,0x36c9 W2=0x24e0,0x2151,0xd34
  r61_witness[04] r61=14 tail=36 gh60=0x54884a6 W1=0x2a2b,0x2f1a,0x13bd W2=0x2938,0x3975,0x39e2
  r61_witness[05] r61=15 tail=21 gh60=0x4e3c59e W1=0x3a88,0x1dfb,0x1589 W2=0x3995,0x3283,0x2a8
  r61_witness[06] r61=15 tail=38 gh60=0xca0cbfa W1=0x299a,0x313a,0x23d1 W2=0x28a7,0x1ebe,0x3e09
  r61_witness[07] r61=16 tail=26 gh60=0xca284fa W1=0x1315,0x91c,0x345e W2=0x1222,0x290,0x3f3e
  r61_witness[08] r61=16 tail=27 gh60=0xc979b6e W1=0x1ddf,0xb9e,0x7c W2=0x1cec,0x6b1,0xc4f
  r61_witness[09] r61=16 tail=28 gh60=0x3e187a6 W1=0x383,0x3c9c,0x1c23 W2=0x290,0x267f,0x8fa
  r61_witness[10] r61=16 tail=29 gh60=0xc604dfa W1=0x269a,0x2aad,0x1075 W2=0x25a7,0x1d01,0x1116
  r61_witness[11] r61=16 tail=29 gh60=0xca28c9e W1=0x2807,0x9ac,0xcfc W2=0x2714,0x1356,0x1c58
  r61_witness[12] r61=16 tail=31 gh60=0x4a0ddea W1=0x8e,0xdfc,0x2aaa W2=0x3f9b,0x85c,0x1f1c
  r61_witness[13] r61=16 tail=31 gh60=0x4614cea W1=0x270e,0x2018,0x3e27 W2=0x261b,0x2720,0x1a7c
  r61_witness[14] r61=16 tail=31 gh60=0x5b85ba6 W1=0x3dbc,0x1a62,0x131c W2=0x3cc9,0x2399,0x84
  r61_witness[15] r61=16 tail=32 gh60=0xd50bd66 W1=0x10db,0x2fe9,0x302a W2=0xfe8,0x1105,0xa53

D60=0 fiber histogram: 1:8005 2:4736 3:1833 4:1121 5:430 6:187 7:72 8:76 9:29 10:17 11:9 12:10 13:1 14:2 15:3 16:3
