free_word_mitm_reducedn
N=14 mask=0x3fff msb=0x2000
candidate: M0=0x3d36 mode=random-fallback fill=0x3fff kernel=dM0=dM9=0x2000
prefixes=32768/268435456 mode=permuted-prefix-sample w59_per_prefix=16384 total=536870912
run_mode=scan registry_cap=16
sample_start=210010112
scan_elapsed=18.598s rate=28.87 Mtriples/s

D60 interface
  D60=0 matches: 32701 (random expectation 32768.0, enrichment 0.998x)
  prefixes with D60=0: 16506
  max D60=0 fiber per prefix: 28 at W57=0x30b5 W58=0x1364
  largest D60 bucket: D=0x13f6 count=33765
  min D60 HW: 0
  D60 HW histogram: 0:32701 1:457377 2:2973092 3:11900434 4:32784271 5:65602765 6:98465459 7:112536978 8:98439424 9:65573373 10:32752262 11:11890873 12:2972601 13:456821 14:32481

Tail closure among D60=0 matches
  final tail collisions: 0
  best r61 HW: 13
  best r61 W1[57..59]=0x3190,0x3ece,0x3632
  best r61 W2[57..59]=0x309d,0x2862,0x696
  best tail HW: 21
  best tail r61 HW: 18
  best W1[57..59]=0xba7,0x1d24,0xf7c
  best W2[57..59]=0xab4,0x1711,0xeb7

SUMMARY N=14 sample_start=210010112 prefixes=32768 total=536870912 d0=32701 best_tail=21 tail_r61=18 best_r61=13 tail_W1=0xba7,0x1d24,0xf7c tail_W2=0xab4,0x1711,0xeb7 r61_W1=0x3190,0x3ece,0x3632 r61_W2=0x309d,0x2862,0x696

Scan-only witness registry
  registry_count=16 registry_cap=16
  witness[00] tail=21 r61=18 gh60=0xc70856a W1=0x451,0x169a,0x3c9b W2=0x35e,0x1330,0x3743
  witness[01] tail=21 r61=18 gh60=0x48d879e W1=0xba7,0x1d24,0xf7c W2=0xab4,0x1711,0xeb7
  witness[02] tail=22 r61=24 gh60=0x4f04b66 W1=0x9cc,0x2ba0,0x2a58 W2=0x8d9,0x297b,0x293d
  witness[03] tail=23 r61=24 gh60=0x4cfc5aa W1=0x14be,0x1a45,0x181d W2=0x13cb,0x28de,0x36d7
  witness[04] tail=24 r61=16 gh60=0x5519d66 W1=0x205b,0x39e1,0x485 W2=0x1f68,0x2819,0xb6c
  witness[05] tail=24 r61=20 gh60=0xcb08f6a W1=0x2761,0x2c10,0x3092 W2=0x266e,0x2f1b,0xcdb
  witness[06] tail=25 r61=18 gh60=0xb504d7a W1=0x18da,0x3d97,0x25f7 W2=0x17e7,0x357f,0x390d
  witness[07] tail=25 r61=19 gh60=0x4cfdd9a W1=0xaa,0x1a7d,0x2d5 W2=0x3fb7,0x6ee,0x37b5
  witness[08] tail=25 r61=19 gh60=0x5908b6a W1=0x54d,0x158c,0x3fa1 W2=0x45a,0x38f,0x3b48
  witness[09] tail=25 r61=22 gh60=0x393849e W1=0x2347,0x303d,0x2380 W2=0x2254,0x30aa,0x3f47
  witness[10] tail=25 r61=25 gh60=0xd98dfa6 W1=0x3fac,0x3be1,0x11df W2=0x3eb9,0x23a4,0x3bbe
  witness[11] tail=26 r61=17 gh60=0x7a247aa W1=0x3382,0x19cc,0xf42 W2=0x328f,0x1ab9,0x2249
  witness[12] tail=26 r61=18 gh60=0x561c49a W1=0x320a,0x1b0a,0x23bd W2=0x3117,0xfd4,0x3313
  witness[13] tail=26 r61=19 gh60=0xb6e857a W1=0x1ad5,0xcee,0x3912 W2=0x19e2,0x37e,0x38b1
  witness[14] tail=26 r61=21 gh60=0xf6184e6 W1=0x3a1b,0x2b40,0x210c W2=0x3928,0x813,0xa8c
  witness[15] tail=26 r61=22 gh60=0x7efc79a W1=0x2b66,0x2dbe,0x10d3 W2=0x2a73,0x3020,0x1e78

Scan-only r61 registry
  registry_count=16 registry_cap=16
  r61_witness[00] r61=13 tail=31 gh60=0x4a0fbee W1=0x3190,0x3ece,0x3632 W2=0x309d,0x2862,0x696
  r61_witness[01] r61=14 tail=28 gh60=0x4504d66 W1=0x26cc,0x2708,0x3be8 W2=0x25d9,0x1db,0x3965
  r61_witness[02] r61=14 tail=37 gh60=0xc90bb6a W1=0x11dd,0x3ac,0x3f28 W2=0x10ea,0x1dd7,0x37da
  r61_witness[03] r61=14 tail=39 gh60=0x4489da6 W1=0x3eab,0x3fd,0x12a8 W2=0x3db8,0x19af,0x19dd
  r61_witness[04] r61=15 tail=28 gh60=0x466c5aa W1=0xc82,0x88e,0x24e0 W2=0xb8f,0x183b,0x2b83
  r61_witness[05] r61=15 tail=30 gh60=0xcb08566 W1=0xa5b,0xdc2,0x2e29 W2=0x968,0x26e1,0x2eb6
  r61_witness[06] r61=15 tail=34 gh60=0x488bcaa W1=0x2f31,0xed6,0x1680 W2=0x2e3e,0x79d,0x2196
  r61_witness[07] r61=15 tail=35 gh60=0xca047e6 W1=0x3b8c,0x1552,0x1e0e W2=0x3a99,0xd22,0x2f87
  r61_witness[08] r61=15 tail=37 gh60=0xb488daa W1=0x28ad,0x3b72,0x3215 W2=0x27ba,0x5c5,0x3013
  r61_witness[09] r61=15 tail=38 gh60=0x4888cae W1=0x192f,0x30e,0x2f09 W2=0x183c,0x2c6d,0x812
  r61_witness[10] r61=15 tail=40 gh60=0x4504d66 W1=0x16dc,0x18e2,0x315a W2=0x15e9,0x7a5,0xa15
  r61_witness[11] r61=16 tail=24 gh60=0x5519d66 W1=0x205b,0x39e1,0x485 W2=0x1f68,0x2819,0xb6c
  r61_witness[12] r61=16 tail=27 gh60=0x4a0cdee W1=0x6a0,0x3d89,0x3d0 W2=0x5ad,0x273d,0x3eb0
  r61_witness[13] r61=16 tail=28 gh60=0x470856a W1=0xc51,0x2812,0x520 W2=0xb5e,0x2228,0x3495
  r61_witness[14] r61=16 tail=31 gh60=0x4a8ccba W1=0x27fa,0x3c2b,0x87e W2=0x2707,0x1ea3,0xe91
  r61_witness[15] r61=16 tail=32 gh60=0x49244aa W1=0x342,0x3556,0xb3e W2=0x24f,0x3cab,0x2a56

D60=0 fiber histogram: 1:7946 2:4785 3:1797 4:1100 5:422 6:226 7:97 8:76 9:24 10:15 11:4 12:5 14:2 15:1 16:2 20:1 22:1 26:1 28:1
