free_word_mitm_reducedn
N=14 mask=0x3fff msb=0x2000
candidate: M0=0x3d36 mode=random-fallback fill=0x3fff kernel=dM0=dM9=0x2000
prefixes=32768/268435456 mode=permuted-prefix-sample w59_per_prefix=16384 total=536870912
run_mode=scan registry_cap=16
sample_start=59015168
scan_elapsed=18.931s rate=28.36 Mtriples/s

D60 interface
  D60=0 matches: 32568 (random expectation 32768.0, enrichment 0.994x)
  prefixes with D60=0: 16431
  max D60=0 fiber per prefix: 20 at W57=0x10ce W58=0x2e68
  largest D60 bucket: D=0x2c9f count=33813
  min D60 HW: 0
  D60 HW histogram: 0:32568 1:455512 2:2972665 3:11909445 4:32798818 5:65615061 6:98444314 7:112522351 8:98445013 9:65564967 10:32757249 11:11895029 12:2969252 13:456223 14:32445

Tail closure among D60=0 matches
  final tail collisions: 0
  best r61 HW: 12
  best r61 W1[57..59]=0x2bae,0x3b4,0x1e39
  best r61 W2[57..59]=0x2abb,0x3fd,0x2ad8
  best tail HW: 18
  best tail r61 HW: 12
  best W1[57..59]=0x2bae,0x3b4,0x1e39
  best W2[57..59]=0x2abb,0x3fd,0x2ad8

SUMMARY N=14 sample_start=59015168 prefixes=32768 total=536870912 d0=32568 best_tail=18 tail_r61=12 best_r61=12 tail_W1=0x2bae,0x3b4,0x1e39 tail_W2=0x2abb,0x3fd,0x2ad8 r61_W1=0x2bae,0x3b4,0x1e39 r61_W2=0x2abb,0x3fd,0x2ad8

Scan-only witness registry
  registry_count=16 registry_cap=16
  witness[00] tail=18 r61=12 gh60=0x488c7aa W1=0x2bae,0x3b4,0x1e39 W2=0x2abb,0x3fd,0x2ad8
  witness[01] tail=22 r61=12 gh60=0x4888baa W1=0x39c1,0xad,0x2b98 W2=0x38ce,0xcb4,0x1ea6
  witness[02] tail=22 r61=15 gh60=0xd717b6e W1=0xd50,0x477,0x1e54 W2=0xc5d,0x2a97,0x16b9
  witness[03] tail=22 r61=20 gh60=0x5688baa W1=0x571,0xa72,0x14ca W2=0x47e,0xb39,0x311d
  witness[04] tail=23 r61=15 gh60=0xc6044e6 W1=0x3c1c,0x2d68,0x7d8 W2=0x3b29,0x382c,0x19a9
  witness[05] tail=23 r61=18 gh60=0xdb1856a W1=0xadd,0x3c78,0xf58 W2=0x9ea,0xdee,0x1631
  witness[06] tail=24 r61=18 gh60=0x59887aa W1=0x1381,0x320d,0x236 W2=0x128e,0x4c5,0xfa3
  witness[07] tail=24 r61=20 gh60=0x56645e6 W1=0x3a94,0x259d,0x1196 W2=0x39a1,0x276b,0x1bfa
  witness[08] tail=24 r61=20 gh60=0x3a6879e W1=0x3b67,0x6a2,0x253e W2=0x3a74,0x10ff,0xd26
  witness[09] tail=24 r61=23 gh60=0x461dfea W1=0x1f9e,0x1c8c,0xf05 W2=0x1eab,0x1b0c,0x605
  witness[10] tail=24 r61=31 gh60=0xfd3459a W1=0x2ac6,0x18de,0x1d2d W2=0x29d3,0x34de,0x1920
  witness[11] tail=24 r61=32 gh60=0x55fcde6 W1=0x28a4,0xf2e,0x17c4 W2=0x27b1,0x230d,0x898
  witness[12] tail=25 r61=20 gh60=0xc8afbea W1=0xda2,0x3c66,0x976 W2=0xcaf,0x1fc6,0xc26
  witness[13] tail=25 r61=21 gh60=0xf625caa W1=0x2,0x3b38,0x670 W2=0x3f0f,0x3bcc,0x1dd5
  witness[14] tail=25 r61=22 gh60=0x5bdcdbe W1=0x878,0x25af,0x15fb W2=0x785,0x27eb,0x3ef2
  witness[15] tail=25 r61=25 gh60=0xdd79de6 W1=0xa3,0xde2,0x6d0 W2=0x3fb0,0x1fbe,0x2bce

Scan-only r61 registry
  registry_count=16 registry_cap=16
  r61_witness[00] r61=12 tail=18 gh60=0x488c7aa W1=0x2bae,0x3b4,0x1e39 W2=0x2abb,0x3fd,0x2ad8
  r61_witness[01] r61=12 tail=22 gh60=0x4888baa W1=0x39c1,0xad,0x2b98 W2=0x38ce,0xcb4,0x1ea6
  r61_witness[02] r61=15 tail=22 gh60=0xd717b6e W1=0xd50,0x477,0x1e54 W2=0xc5d,0x2a97,0x16b9
  r61_witness[03] r61=15 tail=23 gh60=0xc6044e6 W1=0x3c1c,0x2d68,0x7d8 W2=0x3b29,0x382c,0x19a9
  r61_witness[04] r61=15 tail=28 gh60=0x4a0c7ee W1=0x390,0x3608,0xc0b W2=0x29d,0x32d7,0x857
  r61_witness[05] r61=15 tail=31 gh60=0xc91bf6a W1=0x2f61,0x988,0x3ca9 W2=0x2e6e,0x3897,0x2b37
  r61_witness[06] r61=16 tail=29 gh60=0x48b8b9a W1=0x29a9,0x664,0x3069 W2=0x28b6,0x38a,0xd19
  r61_witness[07] r61=16 tail=30 gh60=0x74e44a6 W1=0x3a34,0x44e,0x161b W2=0x3941,0x11bc,0x1a6d
  r61_witness[08] r61=16 tail=31 gh60=0xc6d4c9e W1=0x948,0x392c,0x38fc W2=0x855,0x463,0x29d2
  r61_witness[09] r61=16 tail=31 gh60=0x36047fa W1=0x2b9a,0x2bad,0x27c0 W2=0x2aa7,0x20f2,0x1fd2
  r61_witness[10] r61=16 tail=32 gh60=0x4a3bcfa W1=0x1115,0x2a9,0x229d W2=0x1022,0xfa4,0x2758
  r61_witness[11] r61=16 tail=32 gh60=0xca18c9a W1=0x3805,0x3f1d,0x1b5a W2=0x3712,0x32af,0x35bc
  r61_witness[12] r61=16 tail=32 gh60=0x3f247a6 W1=0x3bc4,0x167e,0x2148 W2=0x3ad1,0x1164,0x1313
  r61_witness[13] r61=16 tail=33 gh60=0xc88bfae W1=0xfaf,0x385a,0x26bd W2=0xebc,0x1db9,0x1ad7
  r61_witness[14] r61=16 tail=33 gh60=0x4a08be6 W1=0x359b,0x334d,0x1578 W2=0x34a8,0xd87,0x2992
  r61_witness[15] r61=16 tail=36 gh60=0x550856a W1=0x1acd,0xa9e,0x29ca W2=0x19da,0x222c,0xc81

D60=0 fiber histogram: 1:7897 2:4713 3:1872 4:1112 5:392 6:226 7:86 8:59 9:25 10:18 11:8 12:14 13:5 14:1 15:1 16:1 20:1
