free_word_mitm_reducedn
N=14 mask=0x3fff msb=0x2000
candidate: M0=0x3d36 mode=random-fallback fill=0x3fff kernel=dM0=dM9=0x2000
prefixes=32768/268435456 mode=permuted-prefix-sample w59_per_prefix=16384 total=536870912
run_mode=scan registry_cap=16
sample_start=84180992
scan_elapsed=18.695s rate=28.72 Mtriples/s

D60 interface
  D60=0 matches: 32004 (random expectation 32768.0, enrichment 0.977x)
  prefixes with D60=0: 16451
  max D60=0 fiber per prefix: 21 at W57=0x1fc9 W58=0x104c
  largest D60 bucket: D=0x28d count=33783
  min D60 HW: 0
  D60 HW histogram: 0:32004 1:456159 2:2978346 3:11919054 4:32789123 5:65597482 6:98404789 7:112500871 8:98433273 9:65600595 10:32790266 11:11904522 12:2972981 13:458735 14:32712

Tail closure among D60=0 matches
  final tail collisions: 0
  best r61 HW: 15
  best r61 W1[57..59]=0xf5d,0x641,0x2650
  best r61 W2[57..59]=0xe6a,0x234c,0x256b
  best tail HW: 22
  best tail r61 HW: 15
  best W1[57..59]=0x11b2,0xc2b,0xd73
  best W2[57..59]=0x10bf,0x2b3f,0x1a50

SUMMARY N=14 sample_start=84180992 prefixes=32768 total=536870912 d0=32004 best_tail=22 tail_r61=15 best_r61=15 tail_W1=0x11b2,0xc2b,0xd73 tail_W2=0x10bf,0x2b3f,0x1a50 r61_W1=0xf5d,0x641,0x2650 r61_W2=0xe6a,0x234c,0x256b

Scan-only witness registry
  registry_count=16 registry_cap=16
  witness[00] tail=22 r61=15 gh60=0x596fbaa W1=0x11b2,0xc2b,0xd73 W2=0x10bf,0x2b3f,0x1a50
  witness[01] tail=23 r61=18 gh60=0xce0c4e6 W1=0x231c,0x38bc,0x2133 W2=0x2229,0xa92,0x411
  witness[02] tail=23 r61=24 gh60=0xdb8c4ae W1=0x2540,0x2215,0x1d40 W2=0x244d,0x11a6,0x3eff
  witness[03] tail=24 r61=16 gh60=0x39a8bbe W1=0x15b7,0x9ee,0x201d W2=0x14c4,0x1109,0x1949
  witness[04] tail=24 r61=20 gh60=0x5b1cd6a W1=0x28de,0x29d9,0x2472 W2=0x27eb,0x1d3d,0x664
  witness[05] tail=24 r61=20 gh60=0x4628da6 W1=0x3683,0x1838,0x3d65 W2=0x3590,0x211c,0x695
  witness[06] tail=24 r61=21 gh60=0x5d8bcaa W1=0x2e31,0x1a92,0x5ab W2=0x2d3e,0x1799,0x377f
  witness[07] tail=25 r61=20 gh60=0xcd04c9a W1=0x184a,0x3796,0x2246 W2=0x1757,0x28d5,0x3a3
  witness[08] tail=25 r61=22 gh60=0x4a0bce6 W1=0x101b,0x254b,0x1321 W2=0xf28,0x2e3,0x21c0
  witness[09] tail=25 r61=22 gh60=0x4fe4b6a W1=0x39d2,0x156,0xf44 W2=0x38df,0x356,0x3cbf
  witness[10] tail=25 r61=22 gh60=0xfd6859a W1=0x3ac5,0x419,0x3525 W2=0x39d2,0x3ff8,0x325d
  witness[11] tail=25 r61=23 gh60=0x4af449a W1=0x2c46,0x1444,0x3f6f W2=0x2b53,0x3ad4,0x860
  witness[12] tail=25 r61=24 gh60=0xca34bee W1=0x15a0,0x284a,0x1355 W2=0x14ad,0x2eca,0x2675
  witness[13] tail=25 r61=25 gh60=0x3bbbcae W1=0xdff,0x657,0x26f7 W2=0xd0c,0x29a6,0x2b1a
  witness[14] tail=25 r61=26 gh60=0xdd1cd66 W1=0x3654,0x1b50,0x16a8 W2=0x3561,0x288f,0x13e6
  witness[15] tail=26 r61=18 gh60=0xf50856e W1=0x32df,0x2d8e,0x3e11 W2=0x31ec,0x1bcc,0x2170

Scan-only r61 registry
  registry_count=16 registry_cap=16
  r61_witness[00] r61=15 tail=22 gh60=0x596fbaa W1=0x11b2,0xc2b,0xd73 W2=0x10bf,0x2b3f,0x1a50
  r61_witness[01] r61=15 tail=28 gh60=0xc90bf6a W1=0xf5d,0x641,0x2650 W2=0xe6a,0x234c,0x256b
  r61_witness[02] r61=15 tail=38 gh60=0x4a084ee W1=0x2c0f,0xcf7,0x3645 W2=0x2b1c,0x399d,0x3f59
  r61_witness[03] r61=16 tail=24 gh60=0x39a8bbe W1=0x15b7,0x9ee,0x201d W2=0x14c4,0x1109,0x1949
  r61_witness[04] r61=16 tail=29 gh60=0x4607fe6 W1=0x2f8c,0x133,0x2159 W2=0x2e99,0x1c84,0x3112
  r61_witness[05] r61=16 tail=32 gh60=0x5a084e6 W1=0x1d1b,0x1ae,0x24a5 W2=0x1c28,0x1271,0x35f4
  r61_witness[06] r61=16 tail=33 gh60=0x48a9bba W1=0x3db9,0x3d04,0x1d6e W2=0x3cc6,0x3b5b,0x2d3c
  r61_witness[07] r61=16 tail=34 gh60=0xbb04d66 W1=0x184c,0x1354,0x39e6 W2=0x1759,0x129b,0x88e
  r61_witness[08] r61=16 tail=36 gh60=0xd92877a W1=0x1359,0xbc0,0x2750 W2=0x1266,0x1e9c,0x83c
  r61_witness[09] r61=16 tail=37 gh60=0x48a9bba W1=0x3db9,0x3d04,0xba6 W2=0x3cc6,0x3b5b,0x1b74
  r61_witness[10] r61=17 tail=28 gh60=0x491bf66 W1=0xfd3,0x1f40,0xf1c W2=0xee0,0x340c,0x207
  r61_witness[11] r61=17 tail=30 gh60=0xb5844a6 W1=0xa3c,0x2bb9,0x17d0 W2=0x949,0x905,0x251b
  r61_witness[12] r61=17 tail=30 gh60=0xc65cf9a W1=0x1786,0x31bb,0x177b W2=0x1693,0x3faa,0x19d9
  r61_witness[13] r61=17 tail=30 gh60=0x4b0bb6a W1=0x31d1,0x3e14,0x24f2 W2=0x30de,0x2b13,0x369e
  r61_witness[14] r61=17 tail=31 gh60=0x4e684a6 W1=0x3503,0x12fc,0x2c55 W2=0x3410,0x3ff7,0x18f2
  r61_witness[15] r61=17 tail=32 gh60=0xfa04be6 W1=0x258c,0x2f48,0x3764 W2=0x2499,0x3993,0x80c

D60=0 fiber histogram: 1:8066 2:4742 3:1793 4:1056 5:401 6:199 7:70 8:62 9:22 10:19 11:5 12:6 13:4 14:2 16:2 18:1 21:1
