free_word_mitm_reducedn
N=14 mask=0x3fff msb=0x2000
candidate: M0=0x3d36 mode=random-fallback fill=0x3fff kernel=dM0=dM9=0x2000
prefixes=32768/268435456 mode=permuted-prefix-sample w59_per_prefix=16384 total=536870912
run_mode=scan registry_cap=16
sample_start=14876672
scan_elapsed=17.357s rate=30.93 Mtriples/s

D60 interface
  D60=0 matches: 32404 (random expectation 32768.0, enrichment 0.989x)
  prefixes with D60=0: 16358
  max D60=0 fiber per prefix: 18 at W57=0x972 W58=0x3c0f
  largest D60 bucket: D=0x7cf count=33842
  min D60 HW: 0
  D60 HW histogram: 0:32404 1:456498 2:2972041 3:11906125 4:32756485 5:65564022 6:98433491 7:112540660 8:98463263 9:65601229 10:32777880 11:11903216 12:2974119 13:456429 14:33050

Tail closure among D60=0 matches
  final tail collisions: 0
  best r61 HW: 14
  best r61 W1[57..59]=0x360f,0x1fcf,0x11da
  best r61 W2[57..59]=0x351c,0x21ba,0x1933
  best tail HW: 22
  best tail r61 HW: 18
  best W1[57..59]=0xaca,0x1528,0x341f
  best W2[57..59]=0x9d7,0x114,0x3bc8

SUMMARY N=14 sample_start=14876672 prefixes=32768 total=536870912 d0=32404 best_tail=22 tail_r61=18 best_r61=14 tail_W1=0xaca,0x1528,0x341f tail_W2=0x9d7,0x114,0x3bc8 r61_W1=0x360f,0x1fcf,0x11da r61_W2=0x351c,0x21ba,0x1933

Scan-only witness registry
  registry_count=16 registry_cap=16
  witness[00] tail=22 r61=17 gh60=0x4c88da6 W1=0x26bb,0x2b61,0x920 W2=0x25c8,0x305,0x2990
  witness[01] tail=22 r61=18 gh60=0xcb0459a W1=0xaca,0x1528,0x341f W2=0x9d7,0x114,0x3bc8
  witness[02] tail=22 r61=19 gh60=0xca6c49a W1=0x3306,0x20fe,0x29ff W2=0x3213,0x19d4,0x1c50
  witness[03] tail=23 r61=18 gh60=0xcea85a6 W1=0x273,0x1aa5,0x2989 W2=0x180,0xd78,0x19ec
  witness[04] tail=23 r61=19 gh60=0x4585cba W1=0x1dfa,0x2d57,0xb6e W2=0x1d07,0x144b,0x265a
  witness[05] tail=23 r61=19 gh60=0xd9d7d9e W1=0x3088,0x3d27,0x74c W2=0x2f95,0x3630,0x1cfc
  witness[06] tail=23 r61=21 gh60=0x4ee879a W1=0x3b69,0x2923,0x1c84 W2=0x3a76,0x3b80,0x19b5
  witness[07] tail=24 r61=17 gh60=0x5a1c4ee W1=0xb10,0x3f75,0x554 W2=0xa1d,0x309c,0x632
  witness[08] tail=24 r61=17 gh60=0x4aa44aa W1=0x31f2,0xe9e,0x32d2 W2=0x30ff,0x2223,0xb21
  witness[09] tail=24 r61=20 gh60=0xcf0c566 W1=0x2dc,0x3c0e,0x1d8d W2=0x1e9,0xb44,0x169
  witness[10] tail=24 r61=20 gh60=0x5728566 W1=0x32d3,0x20d9,0x24e7 W2=0x31e0,0x2030,0x233c
  witness[11] tail=24 r61=20 gh60=0x453cd66 W1=0x36dc,0x21d9,0x541 W2=0x35e9,0x894,0x11e2
  witness[12] tail=24 r61=23 gh60=0xca084ea W1=0xd0d,0x2e75,0x21bd W2=0xc1a,0x30e7,0x2a51
  witness[13] tail=24 r61=25 gh60=0xcf1856a W1=0x3a61,0x1c8f,0x225a W2=0x396e,0x2135,0x1bc4
  witness[14] tail=25 r61=17 gh60=0x4909b6a W1=0x3de1,0x2629,0x4f W2=0x3cee,0x2954,0x7a0
  witness[15] tail=25 r61=18 gh60=0xcad849e W1=0x12e7,0x36eb,0xdaa W2=0x11f4,0x7a2,0x15d

Scan-only r61 registry
  registry_count=16 registry_cap=16
  r61_witness[00] r61=14 tail=28 gh60=0x44844a6 W1=0x1c3c,0x833,0x2542 W2=0x1b49,0x147f,0x1b5c
  r61_witness[01] r61=14 tail=34 gh60=0xca38cee W1=0x360f,0x1fcf,0x11da W2=0x351c,0x21ba,0x1933
  r61_witness[02] r61=15 tail=30 gh60=0x4a0bbe6 W1=0xd9b,0x1ae2,0x2abc W2=0xca8,0xe9a,0x344e
  r61_witness[03] r61=15 tail=33 gh60=0x4908f66 W1=0x175b,0x2d3c,0x2d11 W2=0x1668,0x1d66,0x24de
  r61_witness[04] r61=16 tail=29 gh60=0x4a25caa W1=0x102,0x3c54,0x188a W2=0xf,0x3ca8,0x1844
  r61_witness[05] r61=16 tail=30 gh60=0x56b87aa W1=0x237d,0x8d7,0xae5 W2=0x228a,0x3c8b,0x2d8f
  r61_witness[06] r61=16 tail=31 gh60=0x44b4c9e W1=0x3628,0x2cdd,0x27b0 W2=0x3535,0x3bc8,0x39e1
  r61_witness[07] r61=16 tail=32 gh60=0x4738b66 W1=0x194b,0x20bb,0x1e90 W2=0x1858,0x2e91,0x1a1d
  r61_witness[08] r61=16 tail=33 gh60=0x4909b6a W1=0x3de1,0x2629,0x31a9 W2=0x3cee,0x2954,0x38fa
  r61_witness[09] r61=16 tail=34 gh60=0x462bffa W1=0x2f99,0x3da1,0x21f8 W2=0x2ea6,0x2838,0x2d1d
  r61_witness[10] r61=16 tail=35 gh60=0xda184ea W1=0xd11,0x359d,0x2be1 W2=0xc1e,0x3853,0x160d
  r61_witness[11] r61=17 tail=22 gh60=0x4c88da6 W1=0x26bb,0x2b61,0x920 W2=0x25c8,0x305,0x2990
  r61_witness[12] r61=17 tail=24 gh60=0x5a1c4ee W1=0xb10,0x3f75,0x554 W2=0xa1d,0x309c,0x632
  r61_witness[13] r61=17 tail=24 gh60=0x4aa44aa W1=0x31f2,0xe9e,0x32d2 W2=0x30ff,0x2223,0xb21
  r61_witness[14] r61=17 tail=25 gh60=0x4909b6a W1=0x3de1,0x2629,0x4f W2=0x3cee,0x2954,0x7a0
  r61_witness[15] r61=17 tail=27 gh60=0x5768d7a W1=0x8d9,0x33ca,0x35b5 W2=0x7e6,0x13b5,0xffe

D60=0 fiber histogram: 1:7902 2:4718 3:1756 4:1100 5:434 6:231 7:71 8:72 9:31 10:21 11:9 12:4 13:4 14:1 15:1 16:1 18:2
