free_word_mitm_reducedn
N=14 mask=0x3fff msb=0x2000
candidate: M0=0x3d36 mode=random-fallback fill=0x3fff kernel=dM0=dM9=0x2000
prefixes=32768/268435456 mode=permuted-prefix-sample w59_per_prefix=16384 total=536870912
run_mode=scan registry_cap=16
sample_start=23265280
scan_elapsed=17.160s rate=31.29 Mtriples/s

D60 interface
  D60=0 matches: 33006 (random expectation 32768.0, enrichment 1.007x)
  prefixes with D60=0: 16629
  max D60=0 fiber per prefix: 18 at W57=0xf11 W58=0x1c25
  largest D60 bucket: D=0xa9b count=33852
  min D60 HW: 0
  D60 HW histogram: 0:33006 1:458060 2:2977118 3:11912137 4:32768174 5:65584344 6:98416583 7:112531903 8:98436807 9:65621989 10:32771700 11:11903109 12:2968051 13:455158 14:32773

Tail closure among D60=0 matches
  final tail collisions: 0
  best r61 HW: 13
  best r61 W1[57..59]=0x3b20,0x1763,0xa2
  best r61 W2[57..59]=0x3a2d,0x147a,0x3d5e
  best tail HW: 23
  best tail r61 HW: 20
  best W1[57..59]=0x2386,0x2b1b,0x2e3d
  best W2[57..59]=0x2293,0x2dc5,0x1b3b

SUMMARY N=14 sample_start=23265280 prefixes=32768 total=536870912 d0=33006 best_tail=23 tail_r61=20 best_r61=13 tail_W1=0x2386,0x2b1b,0x2e3d tail_W2=0x2293,0x2dc5,0x1b3b r61_W1=0x3b20,0x1763,0xa2 r61_W2=0x3a2d,0x147a,0x3d5e

Scan-only witness registry
  registry_count=16 registry_cap=16
  witness[00] tail=23 r61=20 gh60=0x4a7479a W1=0x2386,0x2b1b,0x2e3d W2=0x2293,0x2dc5,0x1b3b
  witness[01] tail=24 r61=17 gh60=0xc8a849e W1=0x3d27,0x3071,0x6ed W2=0x3c34,0x3e9a,0xbde
  witness[02] tail=24 r61=19 gh60=0xf99bbaa W1=0x316d,0x3c9f,0x384d W2=0x307a,0x125e,0x1605
  witness[03] tail=24 r61=20 gh60=0xd907b66 W1=0x115c,0x3fd7,0x29d8 W2=0x1069,0x3224,0x2cf7
  witness[04] tail=24 r61=21 gh60=0x75bdca6 W1=0x202c,0x2dfb,0x3d4f W2=0x1f39,0x2a16,0xa26
  witness[05] tail=24 r61=25 gh60=0xcb98baa W1=0x3971,0x153f,0x1474 W2=0x387e,0x21c6,0x30ba
  witness[06] tail=24 r61=26 gh60=0xcb7dc9a W1=0x2026,0x33f,0x1ff5 W2=0x1f33,0x2594,0x1cfa
  witness[07] tail=25 r61=17 gh60=0x7a98faa W1=0x177d,0x18a3,0x29d2 W2=0x168a,0x1716,0x3489
  witness[08] tail=25 r61=18 gh60=0x472c57e W1=0x4d8,0x1f59,0x2c2a W2=0x3e5,0x2006,0xd9b
  witness[09] tail=25 r61=20 gh60=0x498bcaa W1=0x1101,0x177a,0xd0c W2=0x100e,0x4a9,0x2520
  witness[10] tail=25 r61=20 gh60=0x4789ba6 W1=0x217b,0xae5,0x29b7 W2=0x2088,0x1197,0xe58
  witness[11] tail=25 r61=21 gh60=0xcb3856a W1=0x1ae1,0x3bc,0x2904 W2=0x19ee,0xa42,0x21f6
  witness[12] tail=25 r61=23 gh60=0xda984aa W1=0x13ed,0x600,0x39ac W2=0x12fa,0x1e3c,0x2b16
  witness[13] tail=25 r61=24 gh60=0x4c9bca6 W1=0xe33,0x2333,0x243d W2=0xd40,0xa5d,0xec1
  witness[14] tail=25 r61=26 gh60=0xbe5ffba W1=0xf76,0x3666,0x2a5a W2=0xe83,0x2b02,0x18af
  witness[15] tail=25 r61=26 gh60=0x79d85fe W1=0x1297,0xc90,0x447 W2=0x11a4,0x2250,0x1636

Scan-only r61 registry
  registry_count=16 registry_cap=16
  r61_witness[00] r61=13 tail=26 gh60=0x4a0c4ee W1=0x3b20,0x1763,0xa2 W2=0x3a2d,0x147a,0x3d5e
  r61_witness[01] r61=14 tail=26 gh60=0xc90876a W1=0x3b61,0x8be,0x3bc3 W2=0x3a6e,0x1314,0x3498
  r61_witness[02] r61=15 tail=33 gh60=0x48b7caa W1=0xf2e,0x2c70,0x94f W2=0xe3b,0x1b70,0x362a
  r61_witness[03] r61=15 tail=33 gh60=0x3907b9a W1=0x2dca,0x3bf,0x2a0e W2=0x2cd7,0x1e4c,0x2b04
  r61_witness[04] r61=15 tail=34 gh60=0x388479a W1=0x33aa,0x3306,0x1df8 W2=0x32b7,0x34d6,0x21cd
  r61_witness[05] r61=15 tail=34 gh60=0x39844a6 W1=0x3cfc,0x32db,0x2926 W2=0x3c09,0x31a7,0x3983
  r61_witness[06] r61=15 tail=35 gh60=0x4a185e6 W1=0x28b,0x23d4,0x1bed W2=0x198,0x368d,0x2d1
  r61_witness[07] r61=15 tail=35 gh60=0x492cf9a W1=0x7c6,0x3949,0x3b97 W2=0x6d3,0x38a0,0x3fc8
  r61_witness[08] r61=15 tail=36 gh60=0x5a884aa W1=0x1cf1,0x18f9,0x38c2 W2=0x1bfe,0x2eb9,0xcb0
  r61_witness[09] r61=16 tail=27 gh60=0x44b84a6 W1=0xc2b,0x1470,0xed7 W2=0xb38,0x2cb,0x38cb
  r61_witness[10] r61=16 tail=27 gh60=0xd8787aa W1=0x33ad,0x479,0x18fe W2=0x32ba,0x5cd,0x34d3
  r61_witness[11] r61=16 tail=27 gh60=0x492849a W1=0x3545,0x210e,0x14fb W2=0x3452,0x16db,0x1ce0
  r61_witness[12] r61=16 tail=28 gh60=0xca1bcee W1=0x301f,0x117f,0x2240 W2=0x2f2c,0x28d2,0x1bb7
  r61_witness[13] r61=16 tail=30 gh60=0x54844a6 W1=0x1a3c,0x2dd5,0x3c92 W2=0x1949,0x1821,0x335a
  r61_witness[14] r61=16 tail=31 gh60=0x56044e6 W1=0x50c,0x1533,0x542 W2=0x419,0x615,0x2e09
  r61_witness[15] r61=16 tail=32 gh60=0xc8887aa W1=0x13ad,0x66f,0x2b30 W2=0x12ba,0x9c3,0x21bb

D60=0 fiber histogram: 1:8092 2:4795 3:1707 4:1101 5:442 6:239 7:81 8:90 9:34 10:15 11:14 12:7 13:4 14:3 15:2 16:2 18:1
