free_word_mitm_reducedn
N=14 mask=0x3fff msb=0x2000
candidate: M0=0x3d36 mode=random-fallback fill=0x3fff kernel=dM0=dM9=0x2000
prefixes=32768/268435456 mode=permuted-prefix-sample w59_per_prefix=16384 total=536870912
run_mode=scan registry_cap=16
sample_start=557056
scan_elapsed=20.491s rate=26.20 Mtriples/s

D60 interface
  D60=0 matches: 32753 (random expectation 32768.0, enrichment 1.000x)
  prefixes with D60=0: 16502
  max D60=0 fiber per prefix: 24 at W57=0x24b0 W58=0x334f
  largest D60 bucket: D=0xa96 count=33783
  min D60 HW: 0
  D60 HW histogram: 0:32753 1:458454 2:2981713 3:11928302 4:32833278 5:65658161 6:98482911 7:112506936 8:98378212 9:65523210 10:32731717 11:11894261 12:2971538 13:456955 14:32511

Tail closure among D60=0 matches
  final tail collisions: 0
  best r61 HW: 11
  best r61 W1[57..59]=0x110a,0x221,0x1113
  best r61 W2[57..59]=0x1017,0x1326,0x1522
  best tail HW: 21
  best tail r61 HW: 22
  best W1[57..59]=0x773,0x9c9,0x25e
  best W2[57..59]=0x680,0x309d,0xe15

SUMMARY N=14 sample_start=557056 prefixes=32768 total=536870912 d0=32753 best_tail=21 tail_r61=22 best_r61=11 tail_W1=0x773,0x9c9,0x25e tail_W2=0x680,0x309d,0xe15 r61_W1=0x110a,0x221,0x1113 r61_W2=0x1017,0x1326,0x1522

Scan-only witness registry
  registry_count=16 registry_cap=16
  witness[00] tail=21 r61=22 gh60=0x5e98fa6 W1=0x773,0x9c9,0x25e W2=0x680,0x309d,0xe15
  witness[01] tail=24 r61=20 gh60=0xcbd877e W1=0x3357,0x386,0x1ca8 W2=0x3264,0x104a,0x317a
  witness[02] tail=24 r61=21 gh60=0x4be4ce6 W1=0x924,0x2f81,0x2e80 W2=0x831,0x3b48,0x20df
  witness[03] tail=24 r61=30 gh60=0xda3c4fa W1=0x221a,0x381f,0x5c8 W2=0x2127,0x1d8c,0x4a5
  witness[04] tail=25 r61=18 gh60=0xca09bea W1=0x219d,0xa70,0xb59 W2=0x20aa,0x372b,0xe0d
  witness[05] tail=25 r61=18 gh60=0x36347ea W1=0x338e,0xad3,0x1ad0 W2=0x329b,0x1ca6,0x227b
  witness[06] tail=25 r61=20 gh60=0xcfa8fe6 W1=0x27a3,0x3685,0x39fb W2=0x26b0,0x19f3,0x37d4
  witness[07] tail=25 r61=21 gh60=0xb498da6 W1=0x38bb,0x36e8,0x1829 W2=0x37c8,0x390c,0x3f67
  witness[08] tail=25 r61=22 gh60=0xcf84cba W1=0x83a,0x2502,0x240c W2=0x747,0x6f6,0x30c8
  witness[09] tail=25 r61=22 gh60=0x5b845ba W1=0x127a,0x3293,0x2526 W2=0x1187,0x301e,0x1556
  witness[10] tail=25 r61=24 gh60=0xce6c49e W1=0x1d08,0x38c1,0x3da0 W2=0x1c15,0x17b1,0x2545
  witness[11] tail=25 r61=26 gh60=0x3eac566 W1=0xae4,0x344e,0x2ac9 W2=0x9f1,0x26b4,0x2ebc
  witness[12] tail=25 r61=27 gh60=0x4a3c49a W1=0x2c0a,0x392b,0x1bdf W2=0x2b17,0x1feb,0x1356
  witness[13] tail=25 r61=31 gh60=0xcee84fe W1=0x1b17,0x1763,0xa93 W2=0x1a24,0x2a7b,0x2d7a
  witness[14] tail=26 r61=15 gh60=0x47e7ce6 W1=0xf14,0x2bbc,0x590 W2=0xe21,0xb75,0x1ab7
  witness[15] tail=26 r61=18 gh60=0xcad87be W1=0xb77,0x11d7,0xf2b W2=0xa84,0xd21,0x25b0

Scan-only r61 registry
  registry_count=16 registry_cap=16
  r61_witness[00] r61=11 tail=34 gh60=0x4a07c9a W1=0x110a,0x221,0x1113 W2=0x1017,0x1326,0x1522
  r61_witness[01] r61=14 tail=30 gh60=0x390479a W1=0x23ca,0x2c0d,0x139a W2=0x22d7,0x1e1f,0x8b6
  r61_witness[02] r61=14 tail=33 gh60=0x3a3849a W1=0x3409,0x18d9,0x2d0e W2=0x3316,0xf2e,0x2325
  r61_witness[03] r61=14 tail=37 gh60=0x4885c9a W1=0x1f2a,0x3e86,0x39d8 W2=0x1e37,0x22cf,0x118e
  r61_witness[04] r61=15 tail=26 gh60=0x47e7ce6 W1=0xf14,0x2bbc,0x590 W2=0xe21,0xb75,0x1ab7
  r61_witness[05] r61=15 tail=28 gh60=0x4a08cee W1=0x291f,0x3499,0x1259 W2=0x282c,0xc64,0x36f5
  r61_witness[06] r61=15 tail=29 gh60=0xc50856e W1=0xccf,0x32c6,0xdfe W2=0xbdc,0x14f4,0x1e15
  r61_witness[07] r61=15 tail=35 gh60=0xc884fa6 W1=0x7bc,0x589,0x27c6 W2=0x6c9,0x2abe,0x8e2
  r61_witness[08] r61=15 tail=35 gh60=0x4a0bdea W1=0xea1,0x2430,0x259b W2=0xdae,0x177b,0x3975
  r61_witness[09] r61=16 tail=27 gh60=0x456859e W1=0x34c7,0x33f8,0xd43 W2=0x33d4,0x9f9,0x84e
  r61_witness[10] r61=16 tail=30 gh60=0x4bd479e W1=0x23a8,0x22d0,0x17c2 W2=0x22b5,0x1ca8,0x139a
  r61_witness[11] r61=16 tail=31 gh60=0xc66c49a W1=0x1c06,0x16e9,0x3496 W2=0x1b13,0xdf9,0x6af
  r61_witness[12] r61=16 tail=31 gh60=0x4914b6a W1=0x25ce,0x33a8,0x2ef W2=0x24db,0x2db0,0x1b78
  r61_witness[13] r61=16 tail=31 gh60=0x4498daa W1=0x26c1,0x3280,0x69c W2=0x25ce,0x31c7,0x11eb
  r61_witness[14] r61=16 tail=31 gh60=0xca184e6 W1=0x2b1b,0x35ba,0x3820 W2=0x2a28,0x1581,0x8b5
  r61_witness[15] r61=16 tail=32 gh60=0xce885aa W1=0x127d,0xbdc,0x205f W2=0x118a,0x2870,0x20c5

D60=0 fiber histogram: 1:8028 2:4749 3:1701 4:1121 5:430 6:222 7:100 8:64 9:29 10:25 11:10 12:10 13:5 14:2 16:2 17:2 22:1 24:1
