free_word_mitm_reducedn
N=14 mask=0x3fff msb=0x2000
candidate: M0=0x3d36 mode=random-fallback fill=0x3fff kernel=dM0=dM9=0x2000
prefixes=32768/268435456 mode=permuted-prefix-sample w59_per_prefix=16384 total=536870912
run_mode=scan registry_cap=16
sample_start=220725248
scan_elapsed=18.666s rate=28.76 Mtriples/s

D60 interface
  D60=0 matches: 32578 (random expectation 32768.0, enrichment 0.994x)
  prefixes with D60=0: 16521
  max D60=0 fiber per prefix: 19 at W57=0x1e6 W58=0x1a91
  largest D60 bucket: D=0x2e00 count=33768
  min D60 HW: 0
  D60 HW histogram: 0:32578 1:457904 2:2986770 3:11932775 4:32817275 5:65653058 6:98491755 7:112515262 8:98391748 9:65529672 10:32723914 11:11882892 12:2966342 13:456622 14:32345

Tail closure among D60=0 matches
  final tail collisions: 0
  best r61 HW: 13
  best r61 W1[57..59]=0x1133,0x3664,0x27d0
  best r61 W2[57..59]=0x1040,0x70e,0x2620
  best tail HW: 22
  best tail r61 HW: 17
  best W1[57..59]=0x1e7c,0x6b1,0xef0
  best W2[57..59]=0x1d89,0x1cd4,0x8f

SUMMARY N=14 sample_start=220725248 prefixes=32768 total=536870912 d0=32578 best_tail=22 tail_r61=17 best_r61=13 tail_W1=0x1e7c,0x6b1,0xef0 tail_W2=0x1d89,0x1cd4,0x8f r61_W1=0x1133,0x3664,0x27d0 r61_W2=0x1040,0x70e,0x2620

Scan-only witness registry
  registry_count=16 registry_cap=16
  witness[00] tail=22 r61=17 gh60=0x458dda6 W1=0x1e7c,0x6b1,0xef0 W2=0x1d89,0x1cd4,0x8f
  witness[01] tail=23 r61=17 gh60=0x49d4c9a W1=0x2606,0x3f2a,0x37dc W2=0x2513,0x26b5,0xe4c
  witness[02] tail=23 r61=23 gh60=0x7d945ae W1=0x2270,0x5b6,0x3e W2=0x217d,0x2a6f,0x2491
  witness[03] tail=24 r61=20 gh60=0x47984aa W1=0x3fd,0x93,0x1117 W2=0x30a,0x6bf,0x5de
  witness[04] tail=24 r61=20 gh60=0x3a184a6 W1=0x3d03,0x1c05,0xc06 W2=0x3c10,0xb02,0x2ce3
  witness[05] tail=25 r61=20 gh60=0x4af84fa W1=0xa15,0x28f1,0x3bd3 W2=0x922,0xa35,0x388c
  witness[06] tail=25 r61=20 gh60=0xc50856e W1=0x1cdf,0x3515,0x2ef8 W2=0x1bec,0x2d3b,0xd8a
  witness[07] tail=25 r61=20 gh60=0x7898cae W1=0x292f,0x1bce,0x20df W2=0x283c,0x362d,0x29d
  witness[08] tail=25 r61=21 gh60=0x5a0c4e6 W1=0x321c,0x110e,0x1882 W2=0x3129,0x3bd0,0xa58
  witness[09] tail=25 r61=21 gh60=0xcad8c9e W1=0x3647,0x1375,0x4e W2=0x3554,0x34a7,0x3839
  witness[10] tail=25 r61=22 gh60=0xde045fa W1=0xa9a,0x192f,0x37c1 W2=0x9a7,0x644,0x1054
  witness[11] tail=25 r61=23 gh60=0x46a5d66 W1=0xe4,0x34ce,0x24ce W2=0x3ff1,0x397,0x12b1
  witness[12] tail=25 r61=24 gh60=0x4e7bdea W1=0x108d,0x2eb3,0x1176 W2=0xf9a,0x2c0a,0x2f42
  witness[13] tail=26 r61=18 gh60=0x4a244e6 W1=0xb14,0x356b,0xb69 W2=0xa21,0x265d,0x3d1f
  witness[14] tail=26 r61=18 gh60=0x38887aa W1=0x23ad,0x2e2d,0x272d W2=0x22ba,0x2081,0x1267
  witness[15] tail=26 r61=19 gh60=0xc4a84e6 W1=0x1423,0x2c12,0x346b W2=0x1330,0xa95,0x331a

Scan-only r61 registry
  registry_count=16 registry_cap=16
  r61_witness[00] r61=13 tail=36 gh60=0xda07bfa W1=0x2d9a,0x259c,0x233a W2=0x2ca7,0x368,0xb6d
  r61_witness[01] r61=13 tail=38 gh60=0x48ebca6 W1=0x1133,0x3664,0x27d0 W2=0x1040,0x70e,0x2620
  r61_witness[02] r61=14 tail=30 gh60=0x5ca849a W1=0x3c29,0x2265,0xa1d W2=0x3b36,0x186e,0x470
  r61_witness[03] r61=15 tail=29 gh60=0x4d0856a W1=0x1ad1,0x757,0x1eb0 W2=0x19de,0xee9,0x1d98
  r61_witness[04] r61=15 tail=34 gh60=0xcb0876e W1=0xb4f,0x3ff5,0x22f8 W2=0xa5c,0x3e3b,0x235e
  r61_witness[05] r61=15 tail=38 gh60=0x46b4bae W1=0x970,0xf1f,0x2c5 W2=0x87d,0x3b7,0x42
  r61_witness[06] r61=16 tail=27 gh60=0xc8847ba W1=0x3ba,0x2f8f,0x3b74 W2=0x2c7,0x204a,0x3ff8
  r61_witness[07] r61=16 tail=27 gh60=0x4f08766 W1=0x13cb,0xd52,0x8ae W2=0x12d8,0x90f,0x1a0e
  r61_witness[08] r61=16 tail=28 gh60=0x4d2bd66 W1=0x10d3,0x1515,0x9a1 W2=0xfe0,0x15d1,0x3a02
  r61_witness[09] r61=16 tail=29 gh60=0xc584d9a W1=0x166a,0x4b1,0x2a60 W2=0x1577,0x60c,0x792
  r61_witness[10] r61=16 tail=30 gh60=0x36044e6 W1=0x331c,0x133d,0x19eb W2=0x3229,0x320f,0xdd7
  r61_witness[11] r61=16 tail=31 gh60=0xd618be6 W1=0x258b,0x350f,0x3106 W2=0x2498,0x3b59,0x972
  r61_witness[12] r61=16 tail=31 gh60=0x5f847ba W1=0x337a,0xd0d,0x27c6 W2=0x3287,0xe58,0x114c
  r61_witness[13] r61=16 tail=32 gh60=0x5a88dae W1=0x86f,0x1b26,0x41d W2=0x77c,0x3ded,0x2e22
  r61_witness[14] r61=16 tail=33 gh60=0x492db7a W1=0x3dd6,0xf5,0x13b8 W2=0x3ce3,0x4f5,0x3449
  r61_witness[15] r61=16 tail=34 gh60=0x58d84be W1=0xd37,0x30e5,0x2c62 W2=0xc44,0x3003,0x23f5

D60=0 fiber histogram: 1:8013 2:4753 3:1797 4:1092 5:445 6:199 7:71 8:76 9:29 10:27 11:5 12:5 13:4 14:2 15:1 16:1 19:1
