free_word_mitm_reducedn
N=14 mask=0x3fff msb=0x2000
candidate: M0=0x3d36 mode=random-fallback fill=0x3fff kernel=dM0=dM9=0x2000
prefixes=32768/268435456 mode=permuted-prefix-sample w59_per_prefix=16384 total=536870912
run_mode=scan registry_cap=16
sample_start=38109184
scan_elapsed=32.906s rate=16.32 Mtriples/s

D60 interface
  D60=0 matches: 32775 (random expectation 32768.0, enrichment 1.000x)
  prefixes with D60=0: 16627
  max D60=0 fiber per prefix: 16 at W57=0xe4c W58=0xea8
  largest D60 bucket: D=0xf98 count=33873
  min D60 HW: 0
  D60 HW histogram: 0:32775 1:458957 2:2980240 3:11943374 4:32870551 5:65722889 6:98552412 7:112486435 8:98314294 9:65462020 10:32706613 11:11883764 12:2969191 13:454830 14:32567

Tail closure among D60=0 matches
  final tail collisions: 0
  best r61 HW: 15
  best r61 W1[57..59]=0x2fbd,0x32d9,0xdc3
  best r61 W2[57..59]=0x2eca,0xdd8,0xd31
  best tail HW: 22
  best tail r61 HW: 17
  best W1[57..59]=0x1450,0x1eff,0x3b6b
  best W2[57..59]=0x135d,0x12ca,0x37b0

SUMMARY N=14 sample_start=38109184 prefixes=32768 total=536870912 d0=32775 best_tail=22 tail_r61=17 best_r61=15 tail_W1=0x1450,0x1eff,0x3b6b tail_W2=0x135d,0x12ca,0x37b0 r61_W1=0x2fbd,0x32d9,0xdc3 r61_W2=0x2eca,0xdd8,0xd31

Scan-only witness registry
  registry_count=16 registry_cap=16
  witness[00] tail=22 r61=16 gh60=0xc5985aa W1=0x24bd,0x16e9,0x204d W2=0x23ca,0x266d,0x373e
  witness[01] tail=22 r61=17 gh60=0x451456e W1=0x1450,0x1eff,0x3b6b W2=0x135d,0x12ca,0x37b0
  witness[02] tail=22 r61=17 gh60=0xc6885aa W1=0x346d,0x2969,0x9de W2=0x337a,0x78d,0x1f0b
  witness[03] tail=23 r61=18 gh60=0xb889baa W1=0x1ad,0x55e,0x90a W2=0xba,0x2eb1,0x1941
  witness[04] tail=23 r61=19 gh60=0x4bb8daa W1=0x38ad,0x2dcb,0x3b5a W2=0x37ba,0x71e,0x623
  witness[05] tail=23 r61=22 gh60=0xd79849a W1=0x1d25,0x3510,0xeeb W2=0x1c32,0x2b1d,0x3000
  witness[06] tail=23 r61=23 gh60=0xcff9dba W1=0xb9,0xce6,0x33cc W2=0x3fc6,0x253d,0x2fbc
  witness[07] tail=23 r61=26 gh60=0xb5fdde6 W1=0x9c,0x86,0x2ec4 W2=0x3fa9,0x3333,0x36d5
  witness[08] tail=24 r61=17 gh60=0x4e984aa W1=0x3b01,0x9c1,0x2850 W2=0x3a0e,0x22f1,0x32
  witness[09] tail=24 r61=18 gh60=0xb61849a W1=0xa05,0x2dc0,0x28f4 W2=0x912,0x124f,0x2fcc
  witness[10] tail=24 r61=21 gh60=0x3b18d7a W1=0x1655,0x1864,0x3be9 W2=0x1562,0x1a4b,0x345a
  witness[11] tail=24 r61=21 gh60=0xf955b9e W1=0x21a8,0xa76,0x1d7e W2=0x20b5,0x3f8b,0x32f8
  witness[12] tail=24 r61=23 gh60=0xca08dea W1=0x269d,0x3d74,0x524 W2=0x25aa,0xb43,0x219d
  witness[13] tail=24 r61=24 gh60=0x7a67b66 W1=0x2de4,0x20fe,0x3c97 W2=0x2cf1,0x197b,0x18c6
  witness[14] tail=24 r61=26 gh60=0x7918b9a W1=0x29c5,0x284e,0x250f W2=0x28d2,0x13f8,0x2f41
  witness[15] tail=24 r61=29 gh60=0xfcb8dba W1=0x18b9,0x3978,0x1d28 W2=0x17c6,0x2353,0x1c5e

Scan-only r61 registry
  registry_count=16 registry_cap=16
  r61_witness[00] r61=15 tail=28 gh60=0xce385ee W1=0x48f,0x9d6,0x157b W2=0x39c,0x2f14,0x100e
  r61_witness[01] r61=15 tail=32 gh60=0xb88bfaa W1=0x2fbd,0x32d9,0xdc3 W2=0x2eca,0xdd8,0xd31
  r61_witness[02] r61=15 tail=37 gh60=0x4a345fa W1=0x2a96,0x2d95,0x96f W2=0x29a3,0xcb6,0x131f
  r61_witness[03] r61=16 tail=22 gh60=0xc5985aa W1=0x24bd,0x16e9,0x204d W2=0x23ca,0x266d,0x373e
  r61_witness[04] r61=16 tail=28 gh60=0xda044e6 W1=0x2d0c,0xaf2,0x2fe6 W2=0x2c19,0x3bd6,0x3aa1
  r61_witness[05] r61=16 tail=31 gh60=0x5619de6 W1=0x93,0x457,0x3663 W2=0x3fa0,0x16a3,0x234f
  r61_witness[06] r61=16 tail=33 gh60=0x4515d6a W1=0x1e5e,0x1e35,0x3793 W2=0x1d6b,0x2211,0x33e2
  r61_witness[07] r61=16 tail=33 gh60=0x4a7459a W1=0x3c86,0x404,0x244d W2=0x3b93,0x32ec,0x34c3
  r61_witness[08] r61=16 tail=35 gh60=0x4887ca6 W1=0x312c,0x2d96,0x2287 W2=0x3039,0xb9,0x3af3
  r61_witness[09] r61=16 tail=36 gh60=0x48884a6 W1=0x153b,0x175d,0x1989 W2=0x1448,0x25aa,0x3198
  r61_witness[10] r61=16 tail=36 gh60=0x4a084ea W1=0x2a1d,0x323,0x13db W2=0x292a,0x759,0x3b6f
  r61_witness[11] r61=16 tail=37 gh60=0x4a1cbe6 W1=0x3594,0x2206,0xc3 W2=0x34a1,0x3865,0x1a6f
  r61_witness[12] r61=16 tail=40 gh60=0x4e08cea W1=0x2611,0x30b0,0x257a W2=0x251e,0x37b7,0x1d55
  r61_witness[13] r61=17 tail=22 gh60=0x451456e W1=0x1450,0x1eff,0x3b6b W2=0x135d,0x12ca,0x37b0
  r61_witness[14] r61=17 tail=22 gh60=0xc6885aa W1=0x346d,0x2969,0x9de W2=0x337a,0x78d,0x1f0b
  r61_witness[15] r61=17 tail=24 gh60=0x4e984aa W1=0x3b01,0x9c1,0x2850 W2=0x3a0e,0x22f1,0x32

D60=0 fiber histogram: 1:8045 2:4809 3:1802 4:1116 5:402 6:226 7:90 8:70 9:28 10:21 11:5 12:6 13:4 14:1 15:1 16:1
