free_word_mitm_reducedn
N=14 mask=0x3fff msb=0x2000
candidate: M0=0x3d36 mode=random-fallback fill=0x3fff kernel=dM0=dM9=0x2000
prefixes=32768/268435456 mode=permuted-prefix-sample w59_per_prefix=16384 total=536870912
run_mode=scan registry_cap=16
sample_start=96829440
scan_elapsed=32.832s rate=16.35 Mtriples/s

D60 interface
  D60=0 matches: 32546 (random expectation 32768.0, enrichment 0.993x)
  prefixes with D60=0: 16537
  max D60=0 fiber per prefix: 16 at W57=0x2e4b W58=0x3cfd
  largest D60 bucket: D=0xb5c count=33978
  min D60 HW: 0
  D60 HW histogram: 0:32546 1:457466 2:2975454 3:11909584 4:32791659 5:65628443 6:98476760 7:112524928 8:98403275 9:65562576 10:32752751 11:11899752 12:2967341 13:455844 14:32533

Tail closure among D60=0 matches
  final tail collisions: 0
  best r61 HW: 13
  best r61 W1[57..59]=0x2f1b,0x107a,0x1763
  best r61 W2[57..59]=0x2e28,0x197a,0x3191
  best tail HW: 21
  best tail r61 HW: 19
  best W1[57..59]=0x3233,0x2e60,0x1ea6
  best W2[57..59]=0x3140,0x29cb,0x2032

SUMMARY N=14 sample_start=96829440 prefixes=32768 total=536870912 d0=32546 best_tail=21 tail_r61=19 best_r61=13 tail_W1=0x3233,0x2e60,0x1ea6 tail_W2=0x3140,0x29cb,0x2032 r61_W1=0x2f1b,0x107a,0x1763 r61_W2=0x2e28,0x197a,0x3191

Scan-only witness registry
  registry_count=16 registry_cap=16
  witness[00] tail=21 r61=19 gh60=0x4ba84a6 W1=0x3233,0x2e60,0x1ea6 W2=0x3140,0x29cb,0x2032
  witness[01] tail=22 r61=17 gh60=0x44a4ca6 W1=0x3634,0x28e6,0x2ccd W2=0x3541,0x3813,0x1372
  witness[02] tail=22 r61=20 gh60=0x466bc9a W1=0x30e9,0x67d,0x189c W2=0x2ff6,0x1b4d,0x3fd1
  witness[03] tail=22 r61=20 gh60=0xca28ce6 W1=0x3713,0x178d,0x874 W2=0x3620,0x2533,0x2a6c
  witness[04] tail=23 r61=21 gh60=0x45f45ae W1=0x24c0,0x1632,0xa73 W2=0x23cd,0x3deb,0x3644
  witness[05] tail=23 r61=22 gh60=0xc509d6a W1=0x1ed1,0x7d6,0x351e W2=0x1dde,0x3a9,0xd7a
  witness[06] tail=23 r61=23 gh60=0x7a68bbe W1=0x3977,0x77,0x1314 W2=0x3884,0x4fe,0x30f2
  witness[07] tail=24 r61=17 gh60=0xc5945ae W1=0x470,0x3fe2,0x3942 W2=0x37d,0x251b,0x2da0
  witness[08] tail=24 r61=21 gh60=0xc90c766 W1=0x3b4c,0xf15,0x1479 W2=0x3a59,0xe55,0x1eb5
  witness[09] tail=24 r61=22 gh60=0xf8e84be W1=0x3d37,0x9a2,0x2283 W2=0x3c44,0x18c4,0x2b2f
  witness[10] tail=24 r61=23 gh60=0x46545fa W1=0x1496,0x2776,0x177d W2=0x13a3,0x1297,0xa58
  witness[11] tail=24 r61=24 gh60=0x3eec4a6 W1=0x22f4,0x3fd8,0x3df5 W2=0x2201,0x30c4,0x3914
  witness[12] tail=25 r61=17 gh60=0x4a64d6a W1=0x36e2,0x3afc,0x1e4 W2=0x35ef,0x1e60,0x2f40
  witness[13] tail=25 r61=19 gh60=0x4b27f6a W1=0xf52,0x19bd,0x37a7 W2=0xe5f,0x36e1,0x3831
  witness[14] tail=25 r61=19 gh60=0xcb04566 W1=0x14dc,0x11c3,0x3f17 W2=0x13e9,0x1be5,0x281a
  witness[15] tail=25 r61=20 gh60=0xd4945ae W1=0x2c0,0xbf4,0x239d W2=0x1cd,0x2f2d,0x168d

Scan-only r61 registry
  registry_count=16 registry_cap=16
  r61_witness[00] r61=13 tail=31 gh60=0x460bce6 W1=0x2f1b,0x107a,0x1763 W2=0x2e28,0x197a,0x3191
  r61_witness[01] r61=14 tail=30 gh60=0x488c4ae W1=0x2330,0x17,0x6c2 W2=0x223d,0x3038,0x39cd
  r61_witness[02] r61=15 tail=26 gh60=0x490477a W1=0x335a,0x2ae8,0x2f42 W2=0x3267,0x2bc1,0x2861
  r61_witness[03] r61=15 tail=28 gh60=0x568479a W1=0x1b6a,0x75f,0x790 W2=0x1a77,0x9b9,0x3dce
  r61_witness[04] r61=15 tail=29 gh60=0x495cb9e W1=0x25c8,0x1edb,0x7f6 W2=0x24d5,0x153a,0x1130
  r61_witness[05] r61=15 tail=31 gh60=0x58884a6 W1=0x353b,0x3f52,0x3786 W2=0x3448,0xb9f,0x2c34
  r61_witness[06] r61=15 tail=32 gh60=0xfa0cbfa W1=0x359a,0x2aec,0x1b4 W2=0x34a7,0x28b0,0x601
  r61_witness[07] r61=15 tail=40 gh60=0x4a89daa W1=0x3e81,0x395b,0x1ba9 W2=0x3d8e,0x3bb2,0x1f50
  r61_witness[08] r61=16 tail=27 gh60=0xdaabd66 W1=0x3063,0x1c9f,0x185a W2=0x2f70,0x1f8b,0x2588
  r61_witness[09] r61=16 tail=28 gh60=0x4a1dcea W1=0x1e0e,0x2fda,0x2b85 W2=0x1d1b,0x3812,0x2e71
  r61_witness[10] r61=16 tail=29 gh60=0xcb0856a W1=0x2ce1,0x3747,0xfdc W2=0x2bee,0x3469,0x14fc
  r61_witness[11] r61=16 tail=32 gh60=0xca285fa W1=0x2c99,0x2d51,0xcb2 W2=0x2ba6,0xaf1,0x2854
  r61_witness[12] r61=16 tail=33 gh60=0x5b0c76a W1=0x1bce,0x2beb,0x2fff W2=0x1adb,0x3d4e,0x8f3
  r61_witness[13] r61=16 tail=36 gh60=0x4b887aa W1=0xbb1,0x471,0x2793 W2=0xabe,0x6c9,0x2d53
  r61_witness[14] r61=17 tail=22 gh60=0x44a4ca6 W1=0x3634,0x28e6,0x2ccd W2=0x3541,0x3813,0x1372
  r61_witness[15] r61=17 tail=24 gh60=0xc5945ae W1=0x470,0x3fe2,0x3942 W2=0x37d,0x251b,0x2da0

D60=0 fiber histogram: 1:8126 2:4643 3:1783 4:1128 5:427 6:199 7:84 8:69 9:28 10:25 11:9 12:10 13:3 14:2 16:1
