free_word_mitm_reducedn
N=14 mask=0x3fff msb=0x2000
candidate: M0=0x3d36 mode=random-fallback fill=0x3fff kernel=dM0=dM9=0x2000
prefixes=32768/268435456 mode=permuted-prefix-sample w59_per_prefix=16384 total=536870912
run_mode=scan registry_cap=16
sample_start=54886400
scan_elapsed=32.716s rate=16.41 Mtriples/s

D60 interface
  D60=0 matches: 32941 (random expectation 32768.0, enrichment 1.005x)
  prefixes with D60=0: 16710
  max D60=0 fiber per prefix: 16 at W57=0x988 W58=0x1411
  largest D60 bucket: D=0x1129 count=33852
  min D60 HW: 0
  D60 HW histogram: 0:32941 1:459021 2:2981541 3:11935435 4:32831836 5:65646863 6:98465088 7:112496536 8:98397961 9:65524198 10:32736468 11:11900737 12:2972976 13:456474 14:32837

Tail closure among D60=0 matches
  final tail collisions: 0
  best r61 HW: 14
  best r61 W1[57..59]=0x12b0,0xff0,0xb46
  best r61 W2[57..59]=0x11bd,0x539,0x255e
  best tail HW: 23
  best tail r61 HW: 18
  best W1[57..59]=0xd89,0xaac,0x2f4d
  best W2[57..59]=0xc96,0x3dc4,0xee3

SUMMARY N=14 sample_start=54886400 prefixes=32768 total=536870912 d0=32941 best_tail=23 tail_r61=18 best_r61=14 tail_W1=0xd89,0xaac,0x2f4d tail_W2=0xc96,0x3dc4,0xee3 r61_W1=0x12b0,0xff0,0xb46 r61_W2=0x11bd,0x539,0x255e

Scan-only witness registry
  registry_count=16 registry_cap=16
  witness[00] tail=23 r61=18 gh60=0x565bb9a W1=0xd89,0xaac,0x2f4d W2=0xc96,0x3dc4,0xee3
  witness[01] tail=23 r61=19 gh60=0xf89fcae W1=0xf30,0x26b,0x1d17 W2=0xe3d,0x214b,0x1761
  witness[02] tail=24 r61=16 gh60=0xce19ce6 W1=0x113,0x1b64,0xc94 W2=0x20,0x3588,0x3b0d
  witness[03] tail=24 r61=19 gh60=0x555457a W1=0x1256,0x1572,0x36cf W2=0x1163,0x69f,0x2342
  witness[04] tail=24 r61=19 gh60=0xf6287fa W1=0x1b95,0x32f5,0x2037 W2=0x1aa2,0x3841,0x2990
  witness[05] tail=24 r61=19 gh60=0xd6147ee W1=0x3b90,0x3bf8,0x15bd W2=0x3a9d,0x3cb,0x2428
  witness[06] tail=24 r61=20 gh60=0xd6a8566 W1=0x2ae3,0x92,0x2a5e W2=0x29f0,0xff,0x1d0c
  witness[07] tail=24 r61=23 gh60=0xc9b7faa W1=0xfae,0x21e4,0x136b W2=0xebb,0x12f4,0x3404
  witness[08] tail=24 r61=25 gh60=0xdbe879a W1=0x13c5,0x102f,0x17d4 W2=0x12d2,0x1254,0x1f4d
  witness[09] tail=25 r61=18 gh60=0x4984ba6 W1=0x97c,0x66f,0x3f00 W2=0x889,0xab4,0x2c22
  witness[10] tail=25 r61=19 gh60=0x4908b6e W1=0x15df,0xf7a,0x5d2 W2=0x14ec,0x1991,0x4dd
  witness[11] tail=25 r61=20 gh60=0xf8887a6 W1=0x3bb,0x71c,0x209f W2=0x2c8,0x30e1,0xfd6
  witness[12] tail=25 r61=20 gh60=0xdcadc9e W1=0x2028,0x1d25,0x37d6 W2=0x1f35,0x179a,0x13c2
  witness[13] tail=25 r61=22 gh60=0xcd5c49a W1=0x3c26,0x32ca,0x659 W2=0x3b33,0x2914,0xe9d
  witness[14] tail=25 r61=24 gh60=0xda684fe W1=0x217,0x20d0,0x1768 W2=0x124,0x2c78,0xe62
  witness[15] tail=25 r61=25 gh60=0xd8f9b9e W1=0x1da7,0x27db,0x2307 W2=0x1cb4,0x1cff,0x4db

Scan-only r61 registry
  registry_count=16 registry_cap=16
  r61_witness[00] r61=14 tail=30 gh60=0x4c945ae W1=0x12b0,0xff0,0xb46 W2=0x11bd,0x539,0x255e
  r61_witness[01] r61=14 tail=37 gh60=0x4a184ee W1=0x121f,0xa3a,0x102 W2=0x112c,0x6d0,0x28cc
  r61_witness[02] r61=15 tail=27 gh60=0x450856a W1=0x4d1,0xfb,0x3b95 W2=0x3de,0x5a9,0x19de
  r61_witness[03] r61=15 tail=35 gh60=0xb60bcea W1=0x100d,0x1554,0xfd6 W2=0xf1a,0x29b,0x30b
  r61_witness[04] r61=16 tail=24 gh60=0xce19ce6 W1=0x113,0x1b64,0xc94 W2=0x20,0x3588,0x3b0d
  r61_witness[05] r61=16 tail=27 gh60=0x4a0dcfa W1=0x211a,0x3209,0xd32 W2=0x2027,0x14c5,0x366
  r61_witness[06] r61=16 tail=30 gh60=0x4624ca6 W1=0x2904,0xfbc,0x216c W2=0x2811,0x19f9,0x15e4
  r61_witness[07] r61=16 tail=32 gh60=0xc52849a W1=0x3445,0x1146,0x26ca W2=0x3352,0x753,0x22ab
  r61_witness[08] r61=16 tail=33 gh60=0x4625cea W1=0x2112,0x2b8f,0x113 W2=0x201f,0x2ddb,0x545
  r61_witness[09] r61=16 tail=34 gh60=0x4518566 W1=0x3c5b,0x1e59,0x16d1 W2=0x3b68,0x249c,0x1a37
  r61_witness[10] r61=16 tail=35 gh60=0xca1c5ea W1=0x148e,0xefc,0x3e9 W2=0x139b,0x1b1f,0x19f9
  r61_witness[11] r61=16 tail=36 gh60=0x4a08de6 W1=0x169b,0x12c6,0x3446 W2=0x15a8,0x3df0,0xff9
  r61_witness[12] r61=17 tail=28 gh60=0x7ca8c9a W1=0x1625,0x39c7,0x2b4b W2=0x1532,0x3295,0x37f
  r61_witness[13] r61=17 tail=29 gh60=0xb607c9a W1=0x100a,0x3e1,0x47c W2=0xf17,0x1526,0x251e
  r61_witness[14] r61=17 tail=30 gh60=0x4c945ae W1=0x12b0,0xff0,0x346 W2=0x11bd,0x539,0x1d5e
  r61_witness[15] r61=17 tail=30 gh60=0x4b844ba W1=0x2a3a,0x276e,0x3ad1 W2=0x2947,0x9e1,0x299b

D60=0 fiber histogram: 1:8091 2:4772 3:1880 4:1141 5:394 6:198 7:88 8:79 9:31 10:13 11:7 12:8 13:4 14:1 16:3
