free_word_mitm_reducedn
N=14 mask=0x3fff msb=0x2000
candidate: M0=0x3d36 mode=random-fallback fill=0x3fff kernel=dM0=dM9=0x2000
prefixes=32768/268435456 mode=permuted-prefix-sample w59_per_prefix=16384 total=536870912
run_mode=scan registry_cap=16
sample_start=147161088
scan_elapsed=32.542s rate=16.50 Mtriples/s

D60 interface
  D60=0 matches: 32411 (random expectation 32768.0, enrichment 0.989x)
  prefixes with D60=0: 16422
  max D60=0 fiber per prefix: 19 at W57=0x1db8 W58=0x3884
  largest D60 bucket: D=0xe6e count=33774
  min D60 HW: 0
  D60 HW histogram: 0:32411 1:456840 2:2982782 3:11926308 4:32798275 5:65618220 6:98451770 7:112499539 8:98404826 9:65580925 10:32763483 11:11900202 12:2967388 13:455464 14:32479

Tail closure among D60=0 matches
  final tail collisions: 0
  best r61 HW: 14
  best r61 W1[57..59]=0x2e26,0x2a0e,0x31b7
  best r61 W2[57..59]=0x2d33,0x45f,0x1be6
  best tail HW: 22
  best tail r61 HW: 29
  best W1[57..59]=0x1a36,0xf41,0x39a6
  best W2[57..59]=0x1943,0x204,0x2a39

SUMMARY N=14 sample_start=147161088 prefixes=32768 total=536870912 d0=32411 best_tail=22 tail_r61=29 best_r61=14 tail_W1=0x1a36,0xf41,0x39a6 tail_W2=0x1943,0x204,0x2a39 r61_W1=0x2e26,0x2a0e,0x31b7 r61_W2=0x2d33,0x45f,0x1be6

Scan-only witness registry
  registry_count=16 registry_cap=16
  witness[00] tail=22 r61=29 gh60=0xb7ec4ba W1=0x1a36,0xf41,0x39a6 W2=0x1943,0x204,0x2a39
  witness[01] tail=23 r61=24 gh60=0xc889caa W1=0x3f2d,0x1ff2,0x1a1f W2=0x3e3a,0x21ed,0x937
  witness[02] tail=23 r61=26 gh60=0xdbb4cba W1=0x3736,0x6be,0x3029 W2=0x3643,0x3ac2,0x3bc
  witness[03] tail=24 r61=17 gh60=0xcaecca6 W1=0x2844,0x1733,0x2a31 W2=0x2751,0x30f0,0x609
  witness[04] tail=24 r61=20 gh60=0x4998c9a W1=0x28e5,0x2dc8,0x88a W2=0x27f2,0x1156,0x3947
  witness[05] tail=24 r61=21 gh60=0xc724caa W1=0x3942,0x1ca9,0x2089 W2=0x384f,0x2efd,0x2467
  witness[06] tail=24 r61=22 gh60=0xcb987a6 W1=0x3bab,0x36af,0x2dee W2=0x3ab8,0x3202,0xd88
  witness[07] tail=24 r61=23 gh60=0x7d0cd6e W1=0x26d0,0x1f99,0x369a W2=0x25dd,0x9f1,0x3f63
  witness[08] tail=25 r61=17 gh60=0x4528d7a W1=0x3659,0x37c0,0x29a8 W2=0x3566,0x21b3,0x3129
  witness[09] tail=25 r61=20 gh60=0x38e849e W1=0x3327,0x22d8,0x30e4 W2=0x3234,0x3303,0x3324
  witness[10] tail=25 r61=20 gh60=0x3b1856a W1=0x3cd1,0x16d,0x1419 W2=0x3bde,0x1097,0x1324
  witness[11] tail=25 r61=20 gh60=0x490df66 W1=0x3fcc,0xf08,0x2d78 W2=0x3ed9,0x30c1,0x5b8
  witness[12] tail=25 r61=21 gh60=0xc7f8b6a W1=0x29d1,0x1bdb,0x3074 W2=0x28de,0x15e2,0x1058
  witness[13] tail=25 r61=22 gh60=0xde2cbfa W1=0x3596,0x279a,0x2781 W2=0x34a3,0x352a,0xc82
  witness[14] tail=25 r61=23 gh60=0xc7e8ca6 W1=0x2603,0x2565,0x2ae7 W2=0x2510,0x1521,0x3e19
  witness[15] tail=25 r61=24 gh60=0x3d7bc9e W1=0x2e47,0x39ab,0x35cb W2=0x2d54,0x385b,0x33e0

Scan-only r61 registry
  registry_count=16 registry_cap=16
  r61_witness[00] r61=14 tail=28 gh60=0x44b7c9a W1=0x2e26,0x2a0e,0x31b7 W2=0x2d33,0x45f,0x1be6
  r61_witness[01] r61=15 tail=35 gh60=0x4928f7a W1=0x2755,0x17ad,0x1e58 W2=0x2662,0xbc4,0x1cae
  r61_witness[02] r61=15 tail=37 gh60=0x490bf6e W1=0x2f4f,0x254,0x38a5 W2=0x2e5c,0x2993,0x6f7
  r61_witness[03] r61=16 tail=26 gh60=0xca85dba W1=0x207a,0x1f29,0x3155 W2=0x1f87,0x7f5,0x3859
  r61_witness[04] r61=16 tail=27 gh60=0x3a647ea W1=0x2392,0x3d0f,0x335 W2=0x229f,0x2fe2,0x1d9c
  r61_witness[05] r61=16 tail=29 gh60=0xcc8dca6 W1=0x3e2c,0x2bf9,0x1394 W2=0x3d39,0xd94,0x8b7
  r61_witness[06] r61=16 tail=31 gh60=0x5f04d7a W1=0x16da,0x2e8d,0x2c92 W2=0x15e7,0x2c55,0x10a5
  r61_witness[07] r61=16 tail=31 gh60=0x5e18dea W1=0x188d,0x33ee,0x1d34 W2=0x179a,0xfcd,0x36bb
  r61_witness[08] r61=16 tail=32 gh60=0x3904766 W1=0x135c,0x887,0x44c W2=0x1269,0x3f31,0x3c8e
  r61_witness[09] r61=16 tail=32 gh60=0xcd05d66 W1=0x1edc,0x1bc3,0x203 W2=0x1de9,0x3784,0x3d9c
  r61_witness[10] r61=16 tail=32 gh60=0x7b0bd66 W1=0x304b,0x146,0x15 W2=0x2f58,0x2492,0x263a
  r61_witness[11] r61=16 tail=36 gh60=0xc508d6e W1=0x65f,0x3d97,0x2b68 W2=0x56c,0x2aba,0x1bda
  r61_witness[12] r61=16 tail=38 gh60=0xd8a8b9a W1=0x29a9,0x33a3,0x364d W2=0x28b6,0x30c9,0x13c0
  r61_witness[13] r61=16 tail=38 gh60=0x4a345fe W1=0x3c98,0x12a1,0x15f7 W2=0x3ba5,0x2662,0x699
  r61_witness[14] r61=17 tail=24 gh60=0xcaecca6 W1=0x2844,0x1733,0x2a31 W2=0x2751,0x30f0,0x609
  r61_witness[15] r61=17 tail=25 gh60=0x4528d7a W1=0x3659,0x37c0,0x29a8 W2=0x3566,0x21b3,0x3129

D60=0 fiber histogram: 1:8007 2:4683 3:1783 4:1079 5:418 6:229 7:72 8:74 9:31 10:14 11:14 12:10 13:2 14:2 15:2 17:1 19:1
