free_word_mitm_reducedn
N=14 mask=0x3fff msb=0x2000
candidate: M0=0x3d36 mode=random-fallback fill=0x3fff kernel=dM0=dM9=0x2000
prefixes=32768/268435456 mode=permuted-prefix-sample w59_per_prefix=16384 total=536870912
run_mode=scan registry_cap=16
sample_start=69304320
scan_elapsed=18.831s rate=28.51 Mtriples/s

D60 interface
  D60=0 matches: 32577 (random expectation 32768.0, enrichment 0.994x)
  prefixes with D60=0: 16393
  max D60=0 fiber per prefix: 21 at W57=0xdc9 W58=0x1658
  largest D60 bucket: D=0xd3f count=33802
  min D60 HW: 0
  D60 HW histogram: 0:32577 1:458477 2:2980234 3:11918683 4:32798898 5:65648037 6:98446138 7:112469977 8:98381702 9:65573677 10:32782226 11:11913990 12:2975587 13:457878 14:32831

Tail closure among D60=0 matches
  final tail collisions: 0
  best r61 HW: 13
  best r61 W1[57..59]=0x110c,0x29fe,0x207a
  best r61 W2[57..59]=0x1019,0x7a7,0x186d
  best tail HW: 22
  best tail r61 HW: 18
  best W1[57..59]=0x394f,0xe6f,0x3409
  best W2[57..59]=0x385c,0x1492,0x5fb

SUMMARY N=14 sample_start=69304320 prefixes=32768 total=536870912 d0=32577 best_tail=22 tail_r61=18 best_r61=13 tail_W1=0x394f,0xe6f,0x3409 tail_W2=0x385c,0x1492,0x5fb r61_W1=0x110c,0x29fe,0x207a r61_W2=0x1019,0x7a7,0x186d

Scan-only witness registry
  registry_count=16 registry_cap=16
  witness[00] tail=22 r61=18 gh60=0x4b08b6e W1=0x394f,0xe6f,0x3409 W2=0x385c,0x1492,0x5fb
  witness[01] tail=23 r61=20 gh60=0xd8f9bbe W1=0x3db7,0x2df,0x1ff7 W2=0x3cc4,0x38f6,0x3e3c
  witness[02] tail=23 r61=21 gh60=0x4b14d6a W1=0x26ce,0x3a20,0x477 W2=0x25db,0x3478,0x1464
  witness[03] tail=24 r61=14 gh60=0x490876a W1=0x3bcd,0x3246,0x1cdd W2=0x3ada,0x359c,0x2bec
  witness[04] tail=24 r61=17 gh60=0xbe07be6 W1=0x118c,0x2d0b,0x1633 W2=0x1099,0x1cd4,0x2b9
  witness[05] tail=24 r61=18 gh60=0xcae84a6 W1=0x24f3,0x89c,0xcbe W2=0x2400,0x2787,0x626
  witness[06] tail=24 r61=24 gh60=0xcf1456a W1=0x2ade,0xfd0,0x3a51 W2=0x29eb,0x753,0x2170
  witness[07] tail=25 r61=18 gh60=0xc888faa W1=0x7b1,0x31e5,0x3cd5 W2=0x6be,0x2ffc,0x3dd5
  witness[08] tail=25 r61=18 gh60=0xfe085ea W1=0x24a1,0x1883,0x322a W2=0x23ae,0x1495,0x340e
  witness[09] tail=25 r61=18 gh60=0xc534d6a W1=0x26de,0x714,0x3ea W2=0x25eb,0x58,0xe8e
  witness[10] tail=25 r61=19 gh60=0xb61ccea W1=0x812,0x113,0x28a8 W2=0x71f,0x60f,0x2cb
  witness[11] tail=25 r61=19 gh60=0x3b884a6 W1=0xc3b,0x23d1,0x8f5 W2=0xb48,0x131c,0x384
  witness[12] tail=25 r61=20 gh60=0xfb9cba6 W1=0x25b4,0xef,0x919 W2=0x24c1,0x8c4,0x1737
  witness[13] tail=25 r61=21 gh60=0xc6bfca6 W1=0xdf4,0xc18,0x2c1b W2=0xd01,0x3bf,0xf37
  witness[14] tail=25 r61=21 gh60=0xfaa4566 W1=0x1464,0xb60,0x511 W2=0x1371,0x2dcc,0xca1
  witness[15] tail=25 r61=21 gh60=0x36544fe W1=0x3318,0x3a08,0x3ba8 W2=0x3225,0x19b1,0x33c4

Scan-only r61 registry
  registry_count=16 registry_cap=16
  r61_witness[00] r61=13 tail=30 gh60=0x463fce6 W1=0x110c,0x29fe,0x207a W2=0x1019,0x7a7,0x186d
  r61_witness[01] r61=14 tail=24 gh60=0x490876a W1=0x3bcd,0x3246,0x1cdd W2=0x3ada,0x359c,0x2bec
  r61_witness[02] r61=14 tail=26 gh60=0x3609bee W1=0x3d9f,0x279b,0x3e8b W2=0x3cac,0x1f1a,0x1063
  r61_witness[03] r61=14 tail=28 gh60=0x4a084ea W1=0x3411,0x2787,0x3c53 W2=0x331e,0x191,0x3232
  r61_witness[04] r61=14 tail=28 gh60=0xc728d7a W1=0x3659,0x31f0,0x34a5 W2=0x3566,0x1be3,0xd6
  r61_witness[05] r61=15 tail=32 gh60=0xfa08ce6 W1=0x71b,0x3728,0x27a7 W2=0x628,0x112e,0xeeb
  r61_witness[06] r61=15 tail=32 gh60=0x5a087ea W1=0x23a1,0x1a3f,0xf02 W2=0x22ae,0x1a01,0x1039
  r61_witness[07] r61=15 tail=32 gh60=0xc50457a W1=0x245a,0x442,0xf10 W2=0x2367,0x32c3,0x104b
  r61_witness[08] r61=15 tail=34 gh60=0xd888bae W1=0x29af,0x10b9,0x1cac W2=0x28bc,0x4d0,0x5d0
  r61_witness[09] r61=16 tail=26 gh60=0xcc884a6 W1=0x1a2b,0x2d99,0x285b W2=0x1938,0x8f4,0x871
  r61_witness[10] r61=16 tail=32 gh60=0xce28ba6 W1=0x583,0x1e7e,0x92d W2=0x490,0x26e2,0x1bbb
  r61_witness[11] r61=17 tail=24 gh60=0xbe07be6 W1=0x118c,0x2d0b,0x1633 W2=0x1099,0x1cd4,0x2b9
  r61_witness[12] r61=17 tail=27 gh60=0xc898c9a W1=0x2925,0x239e,0x304d W2=0x2832,0x6b0,0x5a0
  r61_witness[13] r61=17 tail=28 gh60=0x4a28ca6 W1=0x803,0x25e9,0x2753 W2=0x710,0x3025,0x18be
  r61_witness[14] r61=17 tail=28 gh60=0xbf8bda6 W1=0x307b,0x2a28,0x1033 W2=0x2f88,0xdda,0x2396
  r61_witness[15] r61=17 tail=30 gh60=0x3b945ae W1=0x1c80,0x3b59,0x2042 W2=0x1b8d,0x3002,0x501

D60=0 fiber histogram: 1:7924 2:4712 3:1818 4:1058 5:411 6:210 7:98 8:84 9:26 10:19 11:8 12:7 13:5 14:4 15:2 16:3 18:3 21:1
