free_word_mitm_reducedn
N=14 mask=0x3fff msb=0x2000
candidate: M0=0x3d36 mode=random-fallback fill=0x3fff kernel=dM0=dM9=0x2000
prefixes=32768/268435456 mode=permuted-prefix-sample w59_per_prefix=16384 total=536870912
run_mode=scan registry_cap=128
sample_start=52068352
scan_elapsed=19.589s rate=27.41 Mtriples/s
refine_elapsed=17.976s repair_refine_elapsed=0.000s total_elapsed=37.565s

D60 interface
  D60=0 matches: 32514 (random expectation 32768.0, enrichment 0.992x)
  prefixes with D60=0: 16483
  max D60=0 fiber per prefix: 24 at W57=0x3db0 W58=0x7e3
  largest D60 bucket: D=0x2cf4 count=33757
  min D60 HW: 0
  D60 HW histogram: 0:32514 1:457469 2:2976547 3:11916788 4:32782587 5:65631893 6:98437215 7:112505058 8:98434835 9:65571356 10:32757641 11:11902891 12:2973577 13:457516 14:33025

Tail closure among D60=0 matches
  final tail collisions: 0
  best r61 HW: 13
  best r61 W1[57..59]=0x6ff,0x3646,0x3469
  best r61 W2[57..59]=0x60c,0x1215,0x1c8a
  best tail HW: 20
  best tail r61 HW: 17
  best W1[57..59]=0xf13,0x17ef,0x3bba
  best W2[57..59]=0xe20,0x797,0x19a7

SUMMARY N=14 sample_start=52068352 prefixes=32768 total=536870912 d0=32514 best_tail=20 tail_r61=17 best_r61=13 tail_W1=0xf13,0x17ef,0x3bba tail_W2=0xe20,0x797,0x19a7 r61_W1=0x6ff,0x3646,0x3469 r61_W2=0x60c,0x1215,0x1c8a

Scan-only witness registry
  registry_count=128 registry_cap=128
  witness[00] tail=20 r61=17 gh60=0xc66bce6 W1=0xf13,0x17ef,0x3bba W2=0xe20,0x797,0x19a7
  witness[01] tail=22 r61=11 gh60=0x450457a W1=0x24da,0xe34,0xc11 W2=0x23e7,0x34dd,0xd8a
  witness[02] tail=22 r61=15 gh60=0x4e085ea W1=0x2aa1,0x3b66,0x1c56 W2=0x29ae,0x3778,0x27ad
  witness[03] tail=22 r61=23 gh60=0x499c7ae W1=0x2bb0,0x1caa,0x1778 W2=0x2abd,0x14f3,0x169
  witness[04] tail=22 r61=27 gh60=0xcfac76a W1=0x1362,0x33c,0x2725 W2=0x126f,0x9af,0x2de7
  witness[05] tail=23 r61=18 gh60=0x39e84ba W1=0xcf5,0x1567,0x1b6e W2=0xc02,0x3ce5,0x2987
  witness[06] tail=23 r61=18 gh60=0x499fcba W1=0x2f3a,0x1052,0x33c1 W2=0x2e47,0x248a,0x256a
  witness[07] tail=23 r61=21 gh60=0x3fefd6a W1=0x2ed2,0x269e,0x26c4 W2=0x2ddf,0x2772,0x3089
  witness[08] tail=23 r61=23 gh60=0xc5f857a W1=0x2459,0x2c2c,0x1566 W2=0x2366,0xeb8,0x3bfb
  witness[09] tail=23 r61=25 gh60=0x462fdea W1=0x2e92,0x28f8,0x2383 W2=0x2d9f,0x2660,0x2b34
  witness[10] tail=24 r61=20 gh60=0xcb0c56e W1=0x12e0,0x2002,0x173f W2=0x11ed,0x1849,0x2289
  witness[11] tail=24 r61=21 gh60=0xcf18566 W1=0x2d3,0x3e2a,0x300 W2=0x1e0,0x3085,0x913
  witness[12] tail=24 r61=23 gh60=0x7f15b6e W1=0x1e0,0xc9f,0x32c0 W2=0xed,0x3cab,0x1e28
  witness[13] tail=24 r61=24 gh60=0xd73c76a W1=0x3bd2,0x209f,0xa07 W2=0x3adf,0x27fe,0x323c
  witness[14] tail=24 r61=25 gh60=0x7ad85ba W1=0x479,0x3a38,0x294a W2=0x386,0x1762,0x2224
  witness[15] tail=24 r61=32 gh60=0xdbf84a6 W1=0x4eb,0x2646,0x3034 W2=0x3f8,0x2323,0x2801

Scan-only r61 registry
  registry_count=128 registry_cap=128
  r61_witness[00] r61=13 tail=27 gh60=0xca78cae W1=0x6ff,0x3646,0x3469 W2=0x60c,0x1215,0x1c8a
  r61_witness[01] r61=13 tail=36 gh60=0x4b0876a W1=0xbe1,0x3f1c,0x1ced W2=0xaee,0x666,0x19a
  r61_witness[02] r61=14 tail=32 gh60=0x4524566 W1=0x2c54,0x89d,0x2d99 W2=0x2b61,0x18f7,0x2d7
  r61_witness[03] r61=14 tail=35 gh60=0x4707f66 W1=0x2fcc,0x3e7,0xd30 W2=0x2ed9,0x1aa4,0x1749
  r61_witness[04] r61=15 tail=22 gh60=0x4e085ea W1=0x2aa1,0x3b66,0x1c56 W2=0x29ae,0x3778,0x27ad
  r61_witness[05] r61=15 tail=26 gh60=0x36184e6 W1=0x2b0b,0x6c3,0x3d5b W2=0x2a18,0x2596,0x2616
  r61_witness[06] r61=15 tail=30 gh60=0x4909b6e W1=0x21cf,0x3ab3,0x2eed W2=0x20dc,0x31d6,0x13b0
  r61_witness[07] r61=15 tail=30 gh60=0x5b8bcaa W1=0x2e41,0x22d3,0x2ded W2=0x2d4e,0x1fc6,0x1506
  r61_witness[08] r61=15 tail=30 gh60=0x3e95cae W1=0x3e00,0x1468,0x29e W2=0x3d0d,0x32b8,0x945
  r61_witness[09] r61=15 tail=32 gh60=0x4b0876a W1=0x334d,0x3f4b,0xbeb W2=0x325a,0x3ca9,0x2436
  r61_witness[10] r61=15 tail=35 gh60=0x4b08566 W1=0xa5b,0x1ae5,0x8fa W2=0x968,0x3404,0x2b3e
  r61_witness[11] r61=16 tail=28 gh60=0x548bcaa W1=0x3041,0x2b1c,0x3be2 W2=0x2f4e,0x220f,0x12cc
  r61_witness[12] r61=16 tail=29 gh60=0xc908766 W1=0x2b4b,0xa3f,0xf1d W2=0x2a58,0x327a,0x3211
  r61_witness[13] r61=16 tail=30 gh60=0xdb945ae W1=0x1cc0,0x10b3,0x91d W2=0x1bcd,0x4ec,0x2a5d
  r61_witness[14] r61=16 tail=30 gh60=0x4a09bea W1=0x3d8d,0x14b2,0x28c8 W2=0x3c9a,0x53d,0x990
  r61_witness[15] r61=16 tail=31 gh60=0x7604be6 W1=0x158c,0x1366,0x330 W2=0x1499,0x29b5,0x176a

Second-stage local refinement
  seed pool: count=128 cap=128
  top seeds: [tail20/r6117 W=0xf13,0x17ef,0x3bba] [tail22/r6111 W=0x24da,0xe34,0xc11] [tail22/r6115 W=0x2aa1,0x3b66,0x1c56] [tail22/r6123 W=0x2bb0,0x1caa,0x1778] [tail22/r6127 W=0x1362,0x33c,0x2725] [tail23/r6118 W=0xcf5,0x1567,0x1b6e] [tail23/r6118 W=0x2f3a,0x1052,0x33c1] [tail23/r6121 W=0x2ed2,0x269e,0x26c4]
  budget=500000000 tested=500000000 D60=0=31317 collisions=0 seed_inserts=76 prefix_enums=30514
  D60=0 rate: 0.000063
  phase tested/D60=0: single=3108/15 double=63714/11 walk=0/0 prefix=499933178/31291
  min refined D60 HW: 0 d60=0x0 at W1[57..59]=0xf13,0x17ef,0x1015
  best refined tail HW: 20 (scan best 20, improvements=0)
  best refined tail W1[57..59]=0xf13,0x17ef,0x3bba
  best refined tail W2[57..59]=0xe20,0x797,0x19a7
  best refined r61 HW: 11 (scan best 13, improvements=1)
  best refined r61 W1[57..59]=0x24da,0xe34,0xc11
  best refined r61 W2[57..59]=0x23e7,0x34dd,0xd8a

D60=0 fiber histogram: 1:7972 2:4796 3:1762 4:1092 5:438 6:211 7:64 8:70 9:30 10:21 11:4 12:12 13:6 14:2 15:1 19:1 24:1
