free_word_mitm_reducedn
N=14 mask=0x3fff msb=0x2000
candidate: M0=0x3d36 mode=random-fallback fill=0x3fff kernel=dM0=dM9=0x2000
prefixes=32768/268435456 mode=permuted-prefix-sample w59_per_prefix=16384 total=536870912
run_mode=scan registry_cap=16
sample_start=158171136
scan_elapsed=20.325s rate=26.41 Mtriples/s

D60 interface
  D60=0 matches: 32612 (random expectation 32768.0, enrichment 0.995x)
  prefixes with D60=0: 16514
  max D60=0 fiber per prefix: 22 at W57=0x1edd W58=0x4ad
  largest D60 bucket: D=0xdd1 count=33894
  min D60 HW: 0
  D60 HW histogram: 0:32612 1:456057 2:2968976 3:11902757 4:32774818 5:65594509 6:98429363 7:112544730 8:98431298 9:65603514 10:32777692 11:11896097 12:2969133 13:456789 14:32567

Tail closure among D60=0 matches
  final tail collisions: 0
  best r61 HW: 15
  best r61 W1[57..59]=0xbcb,0x327e,0x19c1
  best r61 W2[57..59]=0xad8,0x18b9,0x3629
  best tail HW: 22
  best tail r61 HW: 19
  best W1[57..59]=0x2e00,0x189f,0x1fdb
  best W2[57..59]=0x2d0d,0x25f7,0x1c8c

SUMMARY N=14 sample_start=158171136 prefixes=32768 total=536870912 d0=32612 best_tail=22 tail_r61=19 best_r61=15 tail_W1=0x2e00,0x189f,0x1fdb tail_W2=0x2d0d,0x25f7,0x1c8c r61_W1=0xbcb,0x327e,0x19c1 r61_W2=0xad8,0x18b9,0x3629

Scan-only witness registry
  registry_count=16 registry_cap=16
  witness[00] tail=22 r61=16 gh60=0xc667d6a W1=0x10e2,0x1f0d,0x10f6 W2=0xfef,0x1911,0x478
  witness[01] tail=22 r61=19 gh60=0x459fcae W1=0x2e00,0x189f,0x1fdb W2=0x2d0d,0x25f7,0x1c8c
  witness[02] tail=23 r61=18 gh60=0x4a084ea W1=0x50d,0x65a,0xa3 W2=0x41a,0xb4c,0x297f
  witness[03] tail=24 r61=19 gh60=0xdb945aa W1=0x1aae,0x3f09,0xe55 W2=0x19bb,0xab2,0x1719
  witness[04] tail=24 r61=20 gh60=0x5b99ca6 W1=0x20fb,0xb20,0x3dbf W2=0x2008,0x7aa,0x17ad
  witness[05] tail=24 r61=24 gh60=0xb679cbe W1=0x1ff7,0x5b4,0x1133 W2=0x1f04,0x1293,0x2451
  witness[06] tail=25 r61=15 gh60=0x5a27dea W1=0x1092,0xe9d,0x29d4 W2=0xf9f,0xbfd,0x2130
  witness[07] tail=25 r61=18 gh60=0xc98c7a6 W1=0xbac,0x28a,0x3d2f W2=0xab9,0x2cce,0x2b7e
  witness[08] tail=25 r61=18 gh60=0xde144ee W1=0x3c10,0x3a,0x1a96 W2=0x3b1d,0x2bd5,0x1507
  witness[09] tail=25 r61=19 gh60=0xc885ba6 W1=0x21bc,0x37b2,0x2ebb W2=0x20c9,0x3de9,0x1b55
  witness[10] tail=25 r61=21 gh60=0xca3cf9a W1=0x1786,0x142f,0x2cbe W2=0x1693,0x221e,0xf27
  witness[11] tail=25 r61=23 gh60=0xca144ea W1=0x1d1e,0x31aa,0xf88 W2=0x1c2b,0x621,0x38eb
  witness[12] tail=25 r61=24 gh60=0xcdec7ea W1=0x392,0x323a,0xc54 W2=0x29f,0x270d,0x298
  witness[13] tail=25 r61=25 gh60=0x4698da6 W1=0x367b,0x3047,0x3fb7 W2=0x3588,0x197b,0xbf5
  witness[14] tail=25 r61=26 gh60=0xcaf8f7a W1=0x37d9,0x3807,0x185 W2=0x36e6,0x822,0x3cf4
  witness[15] tail=25 r61=27 gh60=0x5878caa W1=0x73d,0x357f,0xa3f W2=0x64a,0x38ea,0xd07

Scan-only r61 registry
  registry_count=16 registry_cap=16
  r61_witness[00] r61=15 tail=25 gh60=0x5a27dea W1=0x1092,0xe9d,0x29d4 W2=0xf9f,0xbfd,0x2130
  r61_witness[01] r61=15 tail=29 gh60=0xda04cfa W1=0x81a,0x47d,0x1eb4 W2=0x727,0x28e9,0x921
  r61_witness[02] r61=15 tail=30 gh60=0x3b18766 W1=0xbcb,0x327e,0x19c1 W2=0xad8,0x18b9,0x3629
  r61_witness[03] r61=15 tail=30 gh60=0x450856a W1=0x1cd1,0x3698,0xee0 W2=0x1bde,0x3fca,0x3569
  r61_witness[04] r61=15 tail=33 gh60=0x4a5c7fa W1=0x1396,0x1867,0x238 W2=0x12a3,0x27b8,0x3772
  r61_witness[05] r61=15 tail=34 gh60=0xc585dba W1=0x1e7a,0x11eb,0x31f0 W2=0x1d87,0xb7,0x1ae0
  r61_witness[06] r61=15 tail=37 gh60=0x4e1c4ea W1=0x1512,0x1a66,0x1a W2=0x141f,0x2eb5,0xeb0
  r61_witness[07] r61=16 tail=22 gh60=0xc667d6a W1=0x10e2,0x1f0d,0x10f6 W2=0xfef,0x1911,0x478
  r61_witness[08] r61=16 tail=29 gh60=0xc9a8bbe W1=0x19b7,0x351e,0x37f W2=0x18c4,0x3939,0x2c96
  r61_witness[09] r61=16 tail=30 gh60=0xcc984aa W1=0x42d,0x1e13,0xa6c W2=0x33a,0x22cf,0xff1
  r61_witness[10] r61=16 tail=31 gh60=0xc89cfae W1=0x17b0,0x1c10,0x2bc9 W2=0x16bd,0x2158,0x1aa6
  r61_witness[11] r61=16 tail=36 gh60=0x4914b6a W1=0x394e,0x1d80,0x2a8d W2=0x385b,0x27c4,0x7ac
  r61_witness[12] r61=16 tail=39 gh60=0x4b844a6 W1=0x333c,0x1fde,0x27a3 W2=0x3249,0x3e2c,0x19f3
  r61_witness[13] r61=17 tail=26 gh60=0x4b04b7a W1=0x255a,0x361,0x2b62 W2=0x2467,0x3591,0x1577
  r61_witness[14] r61=17 tail=27 gh60=0xcae849e W1=0x3d07,0xa25,0x14cd W2=0x3c14,0x191c,0x1f7
  r61_witness[15] r61=17 tail=28 gh60=0xd928b9a W1=0x5c5,0x3e93,0xc8e W2=0x4d2,0x2ef5,0x23ef

D60=0 fiber histogram: 1:8055 2:4685 3:1805 4:1089 5:424 6:227 7:86 8:73 9:27 10:16 11:11 12:7 13:2 14:2 15:1 16:2 17:1 22:1
