free_word_mitm_reducedn
N=14 mask=0x3fff msb=0x2000
candidate: M0=0x3d36 mode=random-fallback fill=0x3fff kernel=dM0=dM9=0x2000
prefixes=32768/268435456 mode=permuted-prefix-sample w59_per_prefix=16384 total=536870912
run_mode=scan registry_cap=16
sample_start=15564800
scan_elapsed=20.313s rate=26.43 Mtriples/s

D60 interface
  D60=0 matches: 32507 (random expectation 32768.0, enrichment 0.992x)
  prefixes with D60=0: 16494
  max D60=0 fiber per prefix: 17 at W57=0x3f6d W58=0xca3
  largest D60 bucket: D=0xe6d count=33855
  min D60 HW: 0
  D60 HW histogram: 0:32507 1:457594 2:2979561 3:11932266 4:32813553 5:65654143 6:98465072 7:112503660 8:98381994 9:65547823 10:32744975 11:11898206 12:2971603 13:455539 14:32416

Tail closure among D60=0 matches
  final tail collisions: 0
  best r61 HW: 13
  best r61 W1[57..59]=0xf9d,0x1a5b,0x3fee
  best r61 W2[57..59]=0xeaa,0x3bd2,0x2a67
  best tail HW: 22
  best tail r61 HW: 23
  best W1[57..59]=0x3ad9,0x30a9,0x24ac
  best W2[57..59]=0x39e6,0x1d35,0x3162

SUMMARY N=14 sample_start=15564800 prefixes=32768 total=536870912 d0=32507 best_tail=22 tail_r61=23 best_r61=13 tail_W1=0x3ad9,0x30a9,0x24ac tail_W2=0x39e6,0x1d35,0x3162 r61_W1=0xf9d,0x1a5b,0x3fee r61_W2=0xeaa,0x3bd2,0x2a67

Scan-only witness registry
  registry_count=16 registry_cap=16
  witness[00] tail=22 r61=23 gh60=0xcd2857a W1=0x3ad9,0x30a9,0x24ac W2=0x39e6,0x1d35,0x3162
  witness[01] tail=24 r61=19 gh60=0x496cfaa W1=0x27c2,0x2588,0x248 W2=0x26cf,0x12a4,0x2ec7
  witness[02] tail=24 r61=20 gh60=0xc9f8baa W1=0x197d,0x125e,0x3048 W2=0x188a,0xf11,0x297a
  witness[03] tail=24 r61=22 gh60=0x577857a W1=0x2255,0x3dcd,0x2674 W2=0x2162,0x2ef5,0xc95
  witness[04] tail=24 r61=22 gh60=0x49b8caa W1=0x2931,0x281b,0x2341 W2=0x283e,0x2a5a,0x13f8
  witness[05] tail=24 r61=23 gh60=0xb888caa W1=0x731,0x21c8,0x900 W2=0x63e,0x2607,0xe0
  witness[06] tail=25 r61=15 gh60=0xcd09d6a W1=0x2051,0x3632,0x766 W2=0x1f5e,0x33fd,0x1d52
  witness[07] tail=25 r61=16 gh60=0xca8c4a6 W1=0x11ec,0x535,0x2c81 W2=0x10f9,0x3313,0x2718
  witness[08] tail=25 r61=16 gh60=0x560fb9a W1=0x2d8a,0x35a0,0x646 W2=0x2c97,0x14bd,0x7b2
  witness[09] tail=25 r61=18 gh60=0xd9d8cbe W1=0x38f7,0x2a75,0x2329 W2=0x3804,0x34d4,0xf36
  witness[10] tail=25 r61=20 gh60=0xc8b8cbe W1=0x1937,0x2bfc,0x1d18 W2=0x1844,0x35df,0x3e87
  witness[11] tail=25 r61=22 gh60=0x58b84a6 W1=0xb2b,0x3fc8,0x3c8d W2=0xa38,0x2023,0xb59
  witness[12] tail=25 r61=23 gh60=0xf96c49e W1=0x348,0x286,0x13ad W2=0x255,0x12fc,0x36e5
  witness[13] tail=25 r61=26 gh60=0x589c4ae W1=0x3530,0x8af,0x3a4a W2=0x343d,0x650,0x12d7
  witness[14] tail=26 r61=16 gh60=0x4518d9a W1=0x16c5,0x15c7,0x36d9 W2=0x15d2,0x14ed,0xd1
  witness[15] tail=26 r61=18 gh60=0xd568d66 W1=0x1853,0x84e,0x286a W2=0x1760,0x2424,0x3acf

Scan-only r61 registry
  registry_count=16 registry_cap=16
  r61_witness[00] r61=13 tail=35 gh60=0x5a0bfea W1=0xf9d,0x1a5b,0x3fee W2=0xeaa,0x3bd2,0x2a67
  r61_witness[01] r61=15 tail=25 gh60=0xcd09d6a W1=0x2051,0x3632,0x766 W2=0x1f5e,0x33fd,0x1d52
  r61_witness[02] r61=15 tail=34 gh60=0x4608ce6 W1=0x71b,0x2e03,0xee0 W2=0x628,0x809,0xe12
  r61_witness[03] r61=15 tail=36 gh60=0x3b1856a W1=0x144d,0x18c1,0x38c7 W2=0x135a,0x3847,0x138b
  r61_witness[04] r61=16 tail=25 gh60=0xca8c4a6 W1=0x11ec,0x535,0x2c81 W2=0x10f9,0x3313,0x2718
  r61_witness[05] r61=16 tail=25 gh60=0x560fb9a W1=0x2d8a,0x35a0,0x646 W2=0x2c97,0x14bd,0x7b2
  r61_witness[06] r61=16 tail=26 gh60=0x4518d9a W1=0x16c5,0x15c7,0x36d9 W2=0x15d2,0x14ed,0xd1
  r61_witness[07] r61=16 tail=30 gh60=0x4b2bd9e W1=0xec7,0x23f8,0x323d W2=0xdd4,0x1a80,0x3956
  r61_witness[08] r61=16 tail=32 gh60=0x4529d66 W1=0x1e53,0x1568,0x2f37 W2=0x1d60,0x9a0,0x25b9
  r61_witness[09] r61=16 tail=32 gh60=0x4489ca6 W1=0x3e2b,0x2b3a,0x78 W2=0x3d38,0x38d4,0x1d52
  r61_witness[10] r61=16 tail=33 gh60=0x4a09cea W1=0x2111,0x34e5,0x252f W2=0x201e,0x371c,0x3a9a
  r61_witness[11] r61=16 tail=35 gh60=0x46045e6 W1=0x2c8c,0x1af0,0x1842 W2=0x2b99,0x13ac,0x3793
  r61_witness[12] r61=16 tail=36 gh60=0x4e04ce6 W1=0x261c,0x1ba8,0xfe3 W2=0x2529,0x3daf,0x25de
  r61_witness[13] r61=16 tail=37 gh60=0x46045e6 W1=0x2c8c,0x1af0,0x3311 W2=0x2b99,0x13ac,0x1262
  r61_witness[14] r61=17 tail=28 gh60=0x493476a W1=0x13de,0x185d,0x1e9e W2=0x12eb,0x26b4,0x3548
  r61_witness[15] r61=17 tail=29 gh60=0x493476a W1=0x13de,0x185d,0x26a6 W2=0x12eb,0x26b4,0x3d50

D60=0 fiber histogram: 1:7974 2:4759 3:1814 4:1083 5:428 6:214 7:91 8:74 9:25 10:18 11:3 12:5 13:1 14:2 16:2 17:1
