free_word_mitm_reducedn
N=14 mask=0x3fff msb=0x2000
candidate: M0=0x3d36 mode=random-fallback fill=0x3fff kernel=dM0=dM9=0x2000
prefixes=32768/268435456 mode=permuted-prefix-sample w59_per_prefix=16384 total=536870912
run_mode=scan registry_cap=16
sample_start=225280000
scan_elapsed=20.366s rate=26.36 Mtriples/s

D60 interface
  D60=0 matches: 32919 (random expectation 32768.0, enrichment 1.005x)
  prefixes with D60=0: 16606
  max D60=0 fiber per prefix: 20 at W57=0x2f02 W58=0xe62
  largest D60 bucket: D=0x14be count=33828
  min D60 HW: 0
  D60 HW histogram: 0:32919 1:458363 2:2976066 3:11927304 4:32808612 5:65617028 6:98434762 7:112490152 8:98416990 9:65566245 10:32762381 11:11907652 12:2982253 13:457825 14:32360

Tail closure among D60=0 matches
  final tail collisions: 0
  best r61 HW: 12
  best r61 W1[57..59]=0x503,0x2861,0x13c9
  best r61 W2[57..59]=0x410,0x65c,0x196e
  best tail HW: 19
  best tail r61 HW: 19
  best W1[57..59]=0xcc9,0x2119,0x535
  best W2[57..59]=0xbd6,0x3f80,0x8a6

SUMMARY N=14 sample_start=225280000 prefixes=32768 total=536870912 d0=32919 best_tail=19 tail_r61=19 best_r61=12 tail_W1=0xcc9,0x2119,0x535 tail_W2=0xbd6,0x3f80,0x8a6 r61_W1=0x503,0x2861,0x13c9 r61_W2=0x410,0x65c,0x196e

Scan-only witness registry
  registry_count=16 registry_cap=16
  witness[00] tail=19 r61=19 gh60=0x4d2859a W1=0xcc9,0x2119,0x535 W2=0xbd6,0x3f80,0x8a6
  witness[01] tail=21 r61=20 gh60=0xd90c76a W1=0x33ce,0x1f88,0x301 W2=0x32db,0x38e3,0x3b35
  witness[02] tail=23 r61=18 gh60=0xcd98caa W1=0x362d,0x136b,0x1de3 W2=0x353a,0x2aa6,0x2e3d
  witness[03] tail=23 r61=19 gh60=0x4e0c49a W1=0x240a,0xc2,0x2fe0 W2=0x2317,0x2700,0x37c0
  witness[04] tail=24 r61=20 gh60=0xc7a4566 W1=0x3c64,0x2bbd,0x2a68 W2=0x3b71,0x162f,0x2f45
  witness[05] tail=24 r61=21 gh60=0x4ea84a6 W1=0x3af3,0x596,0x1f2e W2=0x3a00,0x1783,0x1e89
  witness[06] tail=24 r61=22 gh60=0xbb98c9a W1=0x27e5,0x32b9,0x3278 W2=0x26f2,0x1607,0x10e7
  witness[07] tail=24 r61=22 gh60=0xc739f9a W1=0x3fc9,0x4b5,0x3632 W2=0x3ed6,0x3f19,0x255e
  witness[08] tail=25 r61=17 gh60=0xcd7859a W1=0x12c9,0x2e33,0x3b69 W2=0x11d6,0x1a9c,0x21df
  witness[09] tail=25 r61=17 gh60=0x4b0c57a W1=0x1ada,0x3a7e,0x33b8 W2=0x19e7,0x3507,0x3f8a
  witness[10] tail=25 r61=18 gh60=0x490bb6a W1=0x2de1,0x38ab,0x609 W2=0x2cee,0x29da,0x14c2
  witness[11] tail=25 r61=18 gh60=0x4679cea W1=0x3f21,0x1970,0x2029 W2=0x3e2e,0x1d97,0x3e9e
  witness[12] tail=25 r61=19 gh60=0xcb69cbe W1=0x3f37,0x1120,0x30d3 W2=0x3e44,0xb7f,0x2f60
  witness[13] tail=25 r61=20 gh60=0x7afc5ae W1=0x270,0x28f,0x2833 W2=0x17d,0x2548,0x35bc
  witness[14] tail=25 r61=21 gh60=0xd629b9e W1=0x1d87,0x1b3d,0x25b2 W2=0x1c94,0x1719,0x3b0
  witness[15] tail=25 r61=21 gh60=0xdb945ae W1=0x34c0,0x346c,0x2431 W2=0x33cd,0x2925,0x257b

Scan-only r61 registry
  registry_count=16 registry_cap=16
  r61_witness[00] r61=12 tail=29 gh60=0x4e184a6 W1=0x503,0x2861,0x13c9 W2=0x410,0x65c,0x196e
  r61_witness[01] r61=13 tail=29 gh60=0x4a88caa W1=0x18ed,0x1872,0x34a7 W2=0x17fa,0x2a6d,0x2f1a
  r61_witness[02] r61=13 tail=34 gh60=0xce05ce6 W1=0x211c,0x2abd,0x1feb W2=0x2029,0x1552,0x1aca
  r61_witness[03] r61=14 tail=29 gh60=0xc904b66 W1=0x29cc,0x2df4,0x35dd W2=0x28d9,0x33d7,0x3bca
  r61_witness[04] r61=15 tail=30 gh60=0x5985bba W1=0x3dba,0x252d,0x2351 W2=0x3cc7,0x1769,0x8c5
  r61_witness[05] r61=15 tail=35 gh60=0x4a084ee W1=0xd0f,0x390,0x7c5 W2=0xc1c,0x1e26,0xbf6
  r61_witness[06] r61=15 tail=35 gh60=0x4709f6a W1=0x3f4d,0x4e5,0x307c W2=0x3e5a,0x2f04,0x2de7
  r61_witness[07] r61=16 tail=29 gh60=0x46f9fee W1=0x1f8f,0x2deb,0x18ca W2=0x1e9c,0x24ba,0x1f73
  r61_witness[08] r61=16 tail=30 gh60=0x48847a6 W1=0x2bac,0xca9,0x8fa W2=0x2ab9,0x34ed,0x33b0
  r61_witness[09] r61=16 tail=31 gh60=0x4a19cea W1=0x210d,0x7bd,0x495 W2=0x201a,0xa30,0x368c
  r61_witness[10] r61=16 tail=31 gh60=0xc667da6 W1=0x2e84,0x2ee9,0x22c0 W2=0x2d91,0x1cbc,0x16f2
  r61_witness[11] r61=16 tail=32 gh60=0x4b08f6a W1=0x275d,0x2932,0x3d31 W2=0x266a,0x1c39,0x27ec
  r61_witness[12] r61=16 tail=33 gh60=0x38a7ba6 W1=0x2db4,0x1781,0x2f5 W2=0x2cc1,0xfd4,0x21db
  r61_witness[13] r61=16 tail=39 gh60=0x4a0c4ee W1=0x2b20,0x3fe5,0x283c W2=0x2a2d,0x3400,0x3624
  r61_witness[14] r61=17 tail=25 gh60=0xcd7859a W1=0x12c9,0x2e33,0x3b69 W2=0x11d6,0x1a9c,0x21df
  r61_witness[15] r61=17 tail=25 gh60=0x4b0c57a W1=0x1ada,0x3a7e,0x33b8 W2=0x19e7,0x3507,0x3f8a

D60=0 fiber histogram: 1:8003 2:4799 3:1789 4:1141 5:427 6:213 7:90 8:76 9:29 10:12 11:8 12:7 13:4 14:3 16:2 17:1 20:2
