free_word_mitm_reducedn
N=14 mask=0x3fff msb=0x2000
candidate: M0=0x3d36 mode=random-fallback fill=0x3fff kernel=dM0=dM9=0x2000
prefixes=32768/268435456 mode=permuted-prefix-sample w59_per_prefix=16384 total=536870912
run_mode=scan registry_cap=16
sample_start=99450880
scan_elapsed=20.230s rate=26.54 Mtriples/s

D60 interface
  D60=0 matches: 32383 (random expectation 32768.0, enrichment 0.988x)
  prefixes with D60=0: 16402
  max D60=0 fiber per prefix: 22 at W57=0x3d87 W58=0x2b1d
  largest D60 bucket: D=0x284a count=33828
  min D60 HW: 0
  D60 HW histogram: 0:32383 1:456336 2:2969653 3:11913050 4:32825672 5:65690349 6:98510137 7:112525788 8:98374651 9:65536623 10:32713129 11:11876941 12:2961701 13:452196 14:32303

Tail closure among D60=0 matches
  final tail collisions: 0
  best r61 HW: 12
  best r61 W1[57..59]=0x35,0x3da7,0x1739
  best r61 W2[57..59]=0x3f42,0x1de2,0x302a
  best tail HW: 21
  best tail r61 HW: 19
  best W1[57..59]=0x60a,0x940,0x1214
  best W2[57..59]=0x517,0x3307,0x1335

SUMMARY N=14 sample_start=99450880 prefixes=32768 total=536870912 d0=32383 best_tail=21 tail_r61=19 best_r61=12 tail_W1=0x60a,0x940,0x1214 tail_W2=0x517,0x3307,0x1335 r61_W1=0x35,0x3da7,0x1739 r61_W2=0x3f42,0x1de2,0x302a

Scan-only witness registry
  registry_count=16 registry_cap=16
  witness[00] tail=21 r61=19 gh60=0x4e04c9a W1=0x60a,0x940,0x1214 W2=0x517,0x3307,0x1335
  witness[01] tail=22 r61=26 gh60=0x5cac4ba W1=0x3c36,0x22c9,0x2b9a W2=0x3b43,0x1a0c,0x2be4
  witness[02] tail=23 r61=18 gh60=0xc8b84ae W1=0x2b3f,0x39d9,0x1eb1 W2=0x2a4c,0x1969,0x99c
  witness[03] tail=23 r61=25 gh60=0xdf5c49e W1=0x3428,0x27f1,0xd7f W2=0x3335,0x359d,0x7d
  witness[04] tail=24 r61=15 gh60=0xd889ba6 W1=0x1ab,0x14ea,0x23e W2=0xb8,0x163c,0x1b9e
  witness[05] tail=24 r61=20 gh60=0xb754cba W1=0x2836,0x3b08,0x2100 W2=0x2743,0x1cc8,0x10d8
  witness[06] tail=24 r61=20 gh60=0xde5c4ba W1=0x39f6,0x22c5,0x26d6 W2=0x3903,0x1804,0x1b0c
  witness[07] tail=25 r61=18 gh60=0xda9c4a6 W1=0x19fc,0x3b6,0x1adb W2=0x1909,0x2e82,0x3080
  witness[08] tail=25 r61=18 gh60=0x5f844a6 W1=0x1b2c,0x3497,0x1b23 W2=0x1a39,0x13f3,0x18dd
  witness[09] tail=25 r61=21 gh60=0xcf5849e W1=0x1d27,0x3ee,0x314c W2=0x1c34,0x121f,0x2312
  witness[10] tail=25 r61=22 gh60=0x4d3856e W1=0x34df,0x2e60,0x1a4e W2=0x33ec,0x1efe,0x1ad7
  witness[11] tail=25 r61=23 gh60=0xbf3bd9a W1=0x10c9,0x2fea,0x748 W2=0xfd6,0x92,0x25c0
  witness[12] tail=25 r61=26 gh60=0xcefcce6 W1=0x291c,0x635,0x2c7a W2=0x2829,0x31cc,0x1750
  witness[13] tail=26 r61=12 gh60=0x54a9cba W1=0x35,0x3da7,0x1739 W2=0x3f42,0x1de2,0x302a
  witness[14] tail=26 r61=18 gh60=0x4b04766 W1=0xbcc,0x3672,0x478 W2=0xad9,0x18ae,0x2d8b
  witness[15] tail=26 r61=20 gh60=0xc99cb6a W1=0x2562,0x23db,0x27d W2=0x246f,0x162b,0x2d0

Scan-only r61 registry
  registry_count=16 registry_cap=16
  r61_witness[00] r61=12 tail=26 gh60=0x54a9cba W1=0x35,0x3da7,0x1739 W2=0x3f42,0x1de2,0x302a
  r61_witness[01] r61=14 tail=33 gh60=0xde08de6 W1=0x88b,0x3e8a,0x300c W2=0x798,0x2f44,0x12eb
  r61_witness[02] r61=14 tail=33 gh60=0x488bbae W1=0x31bf,0xa00,0x1f4e W2=0x30cc,0x3203,0x335e
  r61_witness[03] r61=15 tail=24 gh60=0xd889ba6 W1=0x1ab,0x14ea,0x23e W2=0xb8,0x163c,0x1b9e
  r61_witness[04] r61=15 tail=28 gh60=0x4f9849a W1=0x1a25,0x1db8,0x18e5 W2=0x1932,0x1185,0x2c26
  r61_witness[05] r61=15 tail=31 gh60=0x4a1849a W1=0xb05,0x230f,0xbde W2=0xa12,0xb5e,0xad8
  r61_witness[06] r61=15 tail=34 gh60=0x44884a6 W1=0x143b,0xc39,0x246c W2=0x1348,0xa86,0x3105
  r61_witness[07] r61=15 tail=34 gh60=0x448459a W1=0x14aa,0x8b2,0x39e7 W2=0x13b7,0x65a,0x123d
  r61_witness[08] r61=16 tail=27 gh60=0x48a44aa W1=0x2332,0x2ce0,0xb36 W2=0x223f,0x3525,0x388b
  r61_witness[09] r61=16 tail=29 gh60=0xc884cba W1=0x173a,0x20fc,0x31e4 W2=0x1647,0x14b4,0x1f0c
  r61_witness[10] r61=16 tail=29 gh60=0x4908b6e W1=0x355f,0x2d82,0xad5 W2=0x346c,0x3799,0x37d8
  r61_witness[11] r61=16 tail=29 gh60=0x4a08ce6 W1=0x360b,0x1fef,0x3cee W2=0x3518,0x215,0x14a0
  r61_witness[12] r61=16 tail=31 gh60=0x4608cea W1=0x370d,0x1c7,0x392d W2=0x361a,0x17be,0x2019
  r61_witness[13] r61=16 tail=33 gh60=0xca14cea W1=0x391e,0x8ce,0xf34 W2=0x382b,0x19c6,0x1013
  r61_witness[14] r61=16 tail=35 gh60=0x48b4cba W1=0x3736,0x17de,0x11a1 W2=0x3643,0xbe2,0x3f0a
  r61_witness[15] r61=16 tail=38 gh60=0x4a344ea W1=0x221e,0x1695,0x1aca W2=0x212b,0x1c40,0x3fbc

D60=0 fiber histogram: 1:7913 2:4705 3:1846 4:1099 5:410 6:207 7:92 8:74 9:20 10:18 11:7 12:3 13:1 14:2 15:2 16:2 22:1
