free_word_mitm_reducedn
N=14 mask=0x3fff msb=0x2000
candidate: M0=0x3d36 mode=random-fallback fill=0x3fff kernel=dM0=dM9=0x2000
prefixes=32768/268435456 mode=permuted-prefix-sample w59_per_prefix=16384 total=536870912
run_mode=scan registry_cap=16
sample_start=65896448
scan_elapsed=20.216s rate=26.56 Mtriples/s

D60 interface
  D60=0 matches: 32875 (random expectation 32768.0, enrichment 1.003x)
  prefixes with D60=0: 16657
  max D60=0 fiber per prefix: 17 at W57=0x1d1 W58=0x3579
  largest D60 bucket: D=0x9ed count=34098
  min D60 HW: 0
  D60 HW histogram: 0:32875 1:458842 2:2979140 3:11922029 4:32813806 5:65665511 6:98484541 7:112510772 8:98399213 9:65544219 10:32721692 11:11880114 12:2968324 13:457255 14:32579

Tail closure among D60=0 matches
  final tail collisions: 0
  best r61 HW: 13
  best r61 W1[57..59]=0x1e9b,0x1388,0xbd0
  best r61 W2[57..59]=0x1da8,0x2bb4,0x38fe
  best tail HW: 23
  best tail r61 HW: 20
  best W1[57..59]=0x3500,0x15fd,0x37fc
  best W2[57..59]=0x340d,0x130e,0x1eeb

SUMMARY N=14 sample_start=65896448 prefixes=32768 total=536870912 d0=32875 best_tail=23 tail_r61=20 best_r61=13 tail_W1=0x3500,0x15fd,0x37fc tail_W2=0x340d,0x130e,0x1eeb r61_W1=0x1e9b,0x1388,0xbd0 r61_W2=0x1da8,0x2bb4,0x38fe

Scan-only witness registry
  registry_count=16 registry_cap=16
  witness[00] tail=23 r61=20 gh60=0xda8c4ae W1=0x3500,0x15fd,0x37fc W2=0x340d,0x130e,0x1eeb
  witness[01] tail=24 r61=16 gh60=0x5d0c56a W1=0x44e,0x2786,0x3bdf W2=0x35b,0x201d,0x25a7
  witness[02] tail=24 r61=17 gh60=0x4658c9e W1=0x2707,0x13f1,0x17c3 W2=0x2614,0xf9b,0x2a97
  witness[03] tail=24 r61=18 gh60=0x4c9cdea W1=0x28a2,0x1f9,0x294 W2=0x27af,0xd71,0x13f7
  witness[04] tail=24 r61=21 gh60=0x448c59a W1=0x14aa,0x249d,0x2781 W2=0x13b7,0x2245,0x2db8
  witness[05] tail=24 r61=23 gh60=0x4667d6a W1=0x10e2,0x110d,0x2d09 W2=0xfef,0xb11,0x1227
  witness[06] tail=24 r61=25 gh60=0x4669ca6 W1=0x3e03,0x3b17,0xba8 W2=0x3d10,0x2dd1,0x3cd6
  witness[07] tail=25 r61=13 gh60=0xca09de6 W1=0x1e9b,0x1388,0xbd0 W2=0x1da8,0x2bb4,0x38fe
  witness[08] tail=25 r61=19 gh60=0xc718b6a W1=0x394d,0x19cb,0x2832 W2=0x385a,0x100a,0x2fc2
  witness[09] tail=25 r61=22 gh60=0x7be45e6 W1=0x14a4,0x3dcc,0x28c3 W2=0x13b1,0x2028,0x647
  witness[10] tail=25 r61=22 gh60=0xdb98cae W1=0x162f,0x1af5,0xe05 W2=0x153c,0x1a54,0x17dd
  witness[11] tail=25 r61=22 gh60=0xce79f66 W1=0x3fe3,0x1db7,0x163d W2=0x3ef0,0x3e8f,0x379c
  witness[12] tail=25 r61=23 gh60=0x3e6c49e W1=0x2be8,0x2ee8,0xea8 W2=0x2af5,0x2d9a,0x1334
  witness[13] tail=25 r61=24 gh60=0xfd3456e W1=0xad0,0x1756,0x1ae5 W2=0x9dd,0x3425,0x2f1c
  witness[14] tail=25 r61=24 gh60=0x5e35b9e W1=0x2188,0x37c3,0xa13 W2=0x2095,0x2bb0,0x1c9d
  witness[15] tail=25 r61=26 gh60=0xbaf8d9e W1=0x3867,0x1289,0x10fa W2=0x3774,0x23e7,0x2e5c

Scan-only r61 registry
  registry_count=16 registry_cap=16
  r61_witness[00] r61=13 tail=25 gh60=0xca09de6 W1=0x1e9b,0x1388,0xbd0 W2=0x1da8,0x2bb4,0x38fe
  r61_witness[01] r61=14 tail=36 gh60=0xc909b6e W1=0x1dcf,0xb1e,0x1b98 W2=0x1cdc,0x741,0xcea
  r61_witness[02] r61=15 tail=29 gh60=0xc898bae W1=0x19af,0x1cb9,0x574 W2=0x18bc,0x20d0,0x1fd6
  r61_witness[03] r61=15 tail=34 gh60=0x4a08cea W1=0x70d,0x38cd,0x38dd W2=0x61a,0x3bc0,0x3f89
  r61_witness[04] r61=15 tail=38 gh60=0xca08fee W1=0x278f,0x1d78,0x9c4 W2=0x269c,0x1247,0x1095
  r61_witness[05] r61=15 tail=39 gh60=0x45885ae W1=0x1c6f,0x27a0,0x277d W2=0x1b7c,0x1d68,0x24a0
  r61_witness[06] r61=16 tail=24 gh60=0x5d0c56a W1=0x44e,0x2786,0x3bdf W2=0x35b,0x201d,0x25a7
  r61_witness[07] r61=16 tail=27 gh60=0xc4885ae W1=0x1cbf,0x3810,0x3272 W2=0x1bcc,0x2c38,0x1451
  r61_witness[08] r61=16 tail=28 gh60=0x48887aa W1=0x3c1,0x250d,0x3f31 W2=0x2ce,0x2655,0x3cc8
  r61_witness[09] r61=16 tail=29 gh60=0x4609dee W1=0x1e8f,0x9d1,0x7ae W2=0x1d9c,0x3210,0x100b
  r61_witness[10] r61=16 tail=29 gh60=0xc604ce6 W1=0x370c,0x2be8,0x3ede W2=0x3619,0x60f,0x307d
  r61_witness[11] r61=16 tail=30 gh60=0xba084ea W1=0x3a0d,0x2054,0x11d6 W2=0x391a,0x369a,0x2f4
  r61_witness[12] r61=16 tail=32 gh60=0x458dcba W1=0x1e3a,0x45a,0x979 W2=0x1d47,0x2ece,0x21b2
  r61_witness[13] r61=16 tail=32 gh60=0x5907b66 W1=0x2dcc,0x14c5,0x2a03 W2=0x2cd9,0xd22,0x92a
  r61_witness[14] r61=16 tail=33 gh60=0xd8887a6 W1=0x3bb,0x227,0x3461 W2=0x2c8,0x2bec,0x1594
  r61_witness[15] r61=16 tail=33 gh60=0x45985ba W1=0x2c75,0x2d76,0x2dbb W2=0x2b82,0x1b1c,0x9a1

D60=0 fiber histogram: 1:8173 2:4709 3:1779 4:1101 5:437 6:201 7:80 8:105 9:30 10:18 11:7 12:8 13:4 14:1 15:2 16:1 17:1
