free_word_mitm_reducedn
N=14 mask=0x3fff msb=0x2000
candidate: M0=0x3d36 mode=random-fallback fill=0x3fff kernel=dM0=dM9=0x2000
prefixes=32768/268435456 mode=permuted-prefix-sample w59_per_prefix=16384 total=536870912
run_mode=scan registry_cap=16
sample_start=76709888
scan_elapsed=18.164s rate=29.56 Mtriples/s

D60 interface
  D60=0 matches: 32724 (random expectation 32768.0, enrichment 0.999x)
  prefixes with D60=0: 16585
  max D60=0 fiber per prefix: 18 at W57=0x2fdc W58=0x1026
  largest D60 bucket: D=0x1b71 count=34071
  min D60 HW: 0
  D60 HW histogram: 0:32724 1:457038 2:2974982 3:11926294 4:32804945 5:65669296 6:98513719 7:112519850 8:98376240 9:65516381 10:32722180 11:11890629 12:2974499 13:459410 14:32725

Tail closure among D60=0 matches
  final tail collisions: 0
  best r61 HW: 12
  best r61 W1[57..59]=0x2e22,0x3615,0x26de
  best r61 W2[57..59]=0x2d2f,0x331d,0x13fd
  best tail HW: 20
  best tail r61 HW: 21
  best W1[57..59]=0x2fac,0x1d89,0x1c8
  best W2[57..59]=0x2eb9,0x344c,0x2398

SUMMARY N=14 sample_start=76709888 prefixes=32768 total=536870912 d0=32724 best_tail=20 tail_r61=21 best_r61=12 tail_W1=0x2fac,0x1d89,0x1c8 tail_W2=0x2eb9,0x344c,0x2398 r61_W1=0x2e22,0x3615,0x26de r61_W2=0x2d2f,0x331d,0x13fd

Scan-only witness registry
  registry_count=16 registry_cap=16
  witness[00] tail=20 r61=21 gh60=0x58bffa6 W1=0x2fac,0x1d89,0x1c8 W2=0x2eb9,0x344c,0x2398
  witness[01] tail=22 r61=20 gh60=0xda2bcfa W1=0x3015,0x3b07,0x3e1 W2=0x2f22,0x11ca,0x83c
  witness[02] tail=23 r61=16 gh60=0x4667faa W1=0x2f82,0x15a8,0x3c3a W2=0x2e8f,0x3154,0x3d30
  witness[03] tail=23 r61=18 gh60=0xc668c9a W1=0x18e5,0x1a1c,0x3305 W2=0x17f2,0xdae,0x28b2
  witness[04] tail=24 r61=18 gh60=0x3e08dea W1=0x69d,0x2cc3,0x2853 W2=0x5aa,0x3a92,0x1064
  witness[05] tail=24 r61=21 gh60=0xd92bb7a W1=0x11d9,0x11c,0x35ca W2=0x10e6,0x2c1b,0xb88
  witness[06] tail=24 r61=24 gh60=0xdbe8da6 W1=0x2673,0x26d7,0x2ceb W2=0x2580,0x1fab,0x1eed
  witness[07] tail=24 r61=24 gh60=0x5a34dfe W1=0x3698,0x1ca1,0x2b40 W2=0x35a5,0x32e1,0x3450
  witness[08] tail=24 r61=25 gh60=0x5e1c4e6 W1=0xc14,0x3e8c,0xb2e W2=0xb21,0x1d6e,0x36f6
  witness[09] tail=24 r61=30 gh60=0x5f0449a W1=0x2c4a,0x1604,0x1d4e W2=0x2b57,0x3c48,0x36c3
  witness[10] tail=25 r61=18 gh60=0x388c4ba W1=0x53a,0x37d2,0x35f6 W2=0x447,0x1c85,0x1420
  witness[11] tail=25 r61=20 gh60=0xcd8cda6 W1=0x16ac,0x2ec8,0x3ae5 W2=0x15b9,0x168d,0x37e0
  witness[12] tail=25 r61=20 gh60=0xcd18566 W1=0x2a53,0x9ea,0x259b W2=0x2960,0x3c23,0x2a31
  witness[13] tail=25 r61=24 gh60=0xc5a84a6 W1=0x3bf3,0xfe9,0x3ca2 W2=0x3b00,0x2fd6,0x2c46
  witness[14] tail=25 r61=25 gh60=0x56b44aa W1=0x31ee,0x50c,0x24eb W2=0x30fb,0x18cd,0x28f4
  witness[15] tail=25 r61=25 gh60=0xd998766 W1=0x3363,0x2a85,0x1e06 W2=0x3270,0x26e8,0x17b1

Scan-only r61 registry
  registry_count=16 registry_cap=16
  r61_witness[00] r61=12 tail=31 gh60=0x5905f66 W1=0x1f5c,0x31ff,0x175f W2=0x1e69,0x13a8,0x104
  r61_witness[01] r61=12 tail=34 gh60=0xc5a7cea W1=0x2e22,0x3615,0x26de W2=0x2d2f,0x331d,0x13fd
  r61_witness[02] r61=14 tail=32 gh60=0xc5985aa W1=0x34c1,0x3245,0x35e W2=0x33ce,0x3ecd,0x2a6f
  r61_witness[03] r61=15 tail=29 gh60=0x45f8da6 W1=0x367b,0x86b,0xfe1 W2=0x3588,0x319f,0x3f86
  r61_witness[04] r61=15 tail=32 gh60=0x4a8bbae W1=0xd6f,0x2d03,0xb53 W2=0xc7c,0xf8e,0x1a4c
  r61_witness[05] r61=15 tail=32 gh60=0x4d04566 W1=0x344c,0x725,0x39c7 W2=0x3359,0x1473,0x1b22
  r61_witness[06] r61=16 tail=23 gh60=0x4667faa W1=0x2f82,0x15a8,0x3c3a W2=0x2e8f,0x3154,0x3d30
  r61_witness[07] r61=16 tail=26 gh60=0x4a0bfea W1=0x2f91,0x30d2,0x2e80 W2=0x2e9e,0x1c65,0x3e62
  r61_witness[08] r61=16 tail=27 gh60=0x4a8bcaa W1=0x2e01,0x228d,0x1b2a W2=0x2d0e,0x1c04,0x27d3
  r61_witness[09] r61=16 tail=29 gh60=0xc6185ea W1=0x348d,0x3c6b,0x3e6 W2=0x339a,0x1e89,0xaed
  r61_witness[10] r61=16 tail=30 gh60=0x5879ba6 W1=0x21ab,0x1118,0xc43 W2=0x20b8,0x126a,0x181f
  r61_witness[11] r61=16 tail=30 gh60=0x389c4ae W1=0x3b30,0x3bd8,0x220a W2=0x3a3d,0x3d79,0x11da
  r61_witness[12] r61=16 tail=33 gh60=0x4e17dee W1=0x2ea0,0x11a3,0x2cc2 W2=0x2dad,0x2ed7,0x685
  r61_witness[13] r61=16 tail=35 gh60=0xda385e6 W1=0xa9b,0x15d6,0x23ce W2=0x9a8,0x2785,0xc2a
  r61_witness[14] r61=16 tail=40 gh60=0xc888baa W1=0x9b1,0x76c,0x1f87 W2=0x8be,0x383,0x2892
  r61_witness[15] r61=17 tail=26 gh60=0x4628c9a W1=0x3905,0x39e4,0x40 W2=0x3812,0x2db6,0x3b0e

D60=0 fiber histogram: 1:8031 2:4863 3:1723 4:1099 5:416 6:222 7:83 8:71 9:23 10:24 11:9 12:7 13:3 14:4 15:1 16:2 17:3 18:1
