free_word_mitm_reducedn
N=14 mask=0x3fff msb=0x2000
candidate: M0=0x3d36 mode=random-fallback fill=0x3fff kernel=dM0=dM9=0x2000
prefixes=32768/268435456 mode=permuted-prefix-sample w59_per_prefix=16384 total=536870912
run_mode=scan registry_cap=16
sample_start=240222208
scan_elapsed=20.123s rate=26.68 Mtriples/s

D60 interface
  D60=0 matches: 32290 (random expectation 32768.0, enrichment 0.985x)
  prefixes with D60=0: 16304
  max D60=0 fiber per prefix: 34 at W57=0x1c6e W58=0x1ea6
  largest D60 bucket: D=0x117b count=33822
  min D60 HW: 0
  D60 HW histogram: 0:32290 1:455886 2:2967187 3:11876237 4:32706305 5:65520524 6:98407384 7:112541244 8:98500652 9:65669082 10:32800801 11:11925415 12:2978264 13:457330 14:32311

Tail closure among D60=0 matches
  final tail collisions: 0
  best r61 HW: 14
  best r61 W1[57..59]=0x1ddf,0x4cd,0x3419
  best r61 W2[57..59]=0x1cec,0x3fe0,0x1224
  best tail HW: 21
  best tail r61 HW: 21
  best W1[57..59]=0x523,0x1104,0x263c
  best W2[57..59]=0x430,0x2e7b,0x3f61

SUMMARY N=14 sample_start=240222208 prefixes=32768 total=536870912 d0=32290 best_tail=21 tail_r61=21 best_r61=14 tail_W1=0x523,0x1104,0x263c tail_W2=0x430,0x2e7b,0x3f61 r61_W1=0x1ddf,0x4cd,0x3419 r61_W2=0x1cec,0x3fe0,0x1224

Scan-only witness registry
  registry_count=16 registry_cap=16
  witness[00] tail=21 r61=21 gh60=0xc8e84e6 W1=0x523,0x1104,0x263c W2=0x430,0x2e7b,0x3f61
  witness[01] tail=22 r61=15 gh60=0x4a35b9a W1=0x186,0x3ef5,0x1b10 W2=0x93,0x391a,0x3e72
  witness[02] tail=24 r61=18 gh60=0x4b744aa W1=0x43e,0x3b8c,0x1ab2 W2=0x34b,0x13d,0x28a8
  witness[03] tail=24 r61=20 gh60=0xcb984ba W1=0x2435,0x53d,0x2b6b W2=0x2342,0x2bf7,0x3c1f
  witness[04] tail=24 r61=20 gh60=0xdb28b7e W1=0x3957,0x2ca9,0x1254 W2=0x3864,0x32cc,0x366c
  witness[05] tail=24 r61=21 gh60=0xcf24fa6 W1=0x17c4,0xafc,0x296c W2=0x16d1,0x161,0x1e58
  witness[06] tail=24 r61=23 gh60=0x3a6fcaa W1=0xe02,0x1123,0x73f W2=0xd0f,0x8b7,0x1a33
  witness[07] tail=24 r61=25 gh60=0x7af84ae W1=0x34ff,0xd03,0x386d W2=0x340c,0x3a13,0x20dc
  witness[08] tail=25 r61=17 gh60=0x450856e W1=0xc4f,0xfad,0x3a00 W2=0xb5c,0x3a03,0x210e
  witness[09] tail=25 r61=24 gh60=0xf958c9e W1=0x947,0x3ebb,0x1ea6 W2=0x854,0x39f1,0x15c1
  witness[10] tail=25 r61=24 gh60=0x5e2c4fe W1=0xd18,0x6a4,0x33d W2=0xc25,0x164d,0x35f6
  witness[11] tail=25 r61=24 gh60=0x45f4d9e W1=0x16c8,0xc0a,0x1f97 W2=0x15d5,0x2325,0x2b4e
  witness[12] tail=25 r61=26 gh60=0x4fb4dae W1=0x2870,0x1883,0xc40 W2=0x277d,0x3b3b,0x1ea3
  witness[13] tail=25 r61=26 gh60=0xcefcd6a W1=0x3652,0x38eb,0x3cc7 W2=0x355f,0x1663,0x297
  witness[14] tail=25 r61=27 gh60=0xdebdbba W1=0x2176,0x2c20,0x2df2 W2=0x2083,0x26f8,0x1056
  witness[15] tail=26 r61=16 gh60=0x4f0876a W1=0x1bdd,0x18f0,0x1441 W2=0x1aea,0x1542,0x141c

Scan-only r61 registry
  registry_count=16 registry_cap=16
  r61_witness[00] r61=14 tail=31 gh60=0x4909b6e W1=0x1ddf,0x4cd,0x3419 W2=0x1cec,0x3fe0,0x1224
  r61_witness[01] r61=15 tail=22 gh60=0x4a35b9a W1=0x186,0x3ef5,0x1b10 W2=0x93,0x391a,0x3e72
  r61_witness[02] r61=15 tail=28 gh60=0xd588da6 W1=0x286b,0x1f91,0x1534 W2=0x2778,0x1255,0xfea
  r61_witness[03] r61=15 tail=30 gh60=0xca044fa W1=0x31a,0x1462,0x22cb W2=0x227,0x1f,0x25a6
  r61_witness[04] r61=15 tail=33 gh60=0xcf07f66 W1=0x2f5c,0xfc5,0x25fa W2=0x2e69,0x2672,0x1023
  r61_witness[05] r61=16 tail=26 gh60=0x4f0876a W1=0x1bdd,0x18f0,0x1441 W2=0x1aea,0x1542,0x141c
  r61_witness[06] r61=16 tail=28 gh60=0x4a18be6 W1=0x1593,0x2622,0x128b W2=0x14a0,0x80,0x3f6f
  r61_witness[07] r61=16 tail=30 gh60=0x5a044e6 W1=0x141c,0x1d15,0x1d8e W2=0x1329,0x27d7,0x2d87
  r61_witness[08] r61=16 tail=30 gh60=0x4904b7a W1=0x155a,0x3b41,0x2a50 W2=0x1467,0x71,0x3a6f
  r61_witness[09] r61=16 tail=30 gh60=0x54844a6 W1=0x1a2c,0x3723,0x2253 W2=0x1939,0x227f,0x3925
  r61_witness[10] r61=16 tail=32 gh60=0xc4884a6 W1=0x243b,0x2823,0x2bc W2=0x2348,0x1770,0xbc5
  r61_witness[11] r61=16 tail=33 gh60=0xca28c9e W1=0x3707,0x1fb1,0x38c W2=0x3614,0x2d67,0xe91
  r61_witness[12] r61=16 tail=34 gh60=0x5e0ffea W1=0xf9e,0x34e0,0x576 W2=0xeab,0x265c,0x3190
  r61_witness[13] r61=16 tail=35 gh60=0x3924b66 W1=0x1554,0x185b,0x249f W2=0x1461,0x2e42,0xc8e
  r61_witness[14] r61=16 tail=36 gh60=0x48b5b9a W1=0x1a6,0x1cc8,0x3aa0 W2=0xb3,0x1c25,0x3a2b
  r61_witness[15] r61=16 tail=37 gh60=0x493bf66 W1=0xf4b,0x12fd,0x36ef W2=0xe58,0x27b9,0x1191

D60=0 fiber histogram: 1:7874 2:4668 3:1777 4:1157 5:396 6:209 7:80 8:79 9:27 10:18 11:5 12:4 13:4 16:3 17:1 18:1 34:1
