free_word_mitm_reducedn
N=14 mask=0x3fff msb=0x2000
candidate: M0=0x3d36 mode=random-fallback fill=0x3fff kernel=dM0=dM9=0x2000
prefixes=32768/268435456 mode=permuted-prefix-sample w59_per_prefix=16384 total=536870912
run_mode=scan registry_cap=16
sample_start=7307264
scan_elapsed=20.653s rate=26.00 Mtriples/s

D60 interface
  D60=0 matches: 32414 (random expectation 32768.0, enrichment 0.989x)
  prefixes with D60=0: 16441
  max D60=0 fiber per prefix: 16 at W57=0xd56 W58=0x3c4f
  largest D60 bucket: D=0x1253 count=33762
  min D60 HW: 0
  D60 HW histogram: 0:32414 1:456645 2:2977120 3:11915289 4:32789344 5:65601597 6:98423981 7:112492159 8:98421127 9:65600129 10:32795591 11:11904416 12:2974252 13:454424 14:32424

Tail closure among D60=0 matches
  final tail collisions: 0
  best r61 HW: 13
  best r61 W1[57..59]=0x169f,0x3e0,0x3f2f
  best r61 W2[57..59]=0x15ac,0x3e8f,0x1554
  best tail HW: 23
  best tail r61 HW: 20
  best W1[57..59]=0x3ac3,0x338c,0x1d26
  best W2[57..59]=0x39d0,0x37e1,0x24ed

SUMMARY N=14 sample_start=7307264 prefixes=32768 total=536870912 d0=32414 best_tail=23 tail_r61=20 best_r61=13 tail_W1=0x3ac3,0x338c,0x1d26 tail_W2=0x39d0,0x37e1,0x24ed r61_W1=0x169f,0x3e0,0x3f2f r61_W2=0x15ac,0x3e8f,0x1554

Scan-only witness registry
  registry_count=16 registry_cap=16
  witness[00] tail=23 r61=20 gh60=0xd5185a6 W1=0x3ac3,0x338c,0x1d26 W2=0x39d0,0x37e1,0x24ed
  witness[01] tail=24 r61=19 gh60=0xc8884aa W1=0x153d,0xb9,0x977 W2=0x144a,0x1725,0x1f7a
  witness[02] tail=24 r61=23 gh60=0xf9e5faa W1=0x3fb2,0x3bce,0xce2 W2=0x3ebf,0x2bda,0x8c2
  witness[03] tail=24 r61=25 gh60=0xfd0856e W1=0x2df,0x1bb0,0x2d5d W2=0x1ec,0x3eea,0x2322
  witness[04] tail=25 r61=17 gh60=0xcc88caa W1=0x82d,0x1377,0x1d25 W2=0x73a,0x15b2,0x29fb
  witness[05] tail=25 r61=18 gh60=0xd6084ea W1=0xd1d,0xd83,0x224 W2=0xc2a,0x10e9,0x1804
  witness[06] tail=25 r61=19 gh60=0x4969b7e W1=0x21d7,0x1111,0x2714 W2=0x20e4,0x938,0x33d9
  witness[07] tail=25 r61=20 gh60=0xcb08566 W1=0x344b,0x2dca,0x22b9 W2=0x3358,0x3717,0x1de5
  witness[08] tail=25 r61=21 gh60=0x5e14cea W1=0x171e,0x1138,0x26e3 W2=0x162b,0x2430,0x3fc8
  witness[09] tail=25 r61=22 gh60=0xdb88baa W1=0x196d,0x3c12,0x294e W2=0x187a,0x38d5,0xc89
  witness[10] tail=25 r61=22 gh60=0x4ed449a W1=0x3c06,0x2d4,0xf25 W2=0x3b13,0x39ec,0x39f
  witness[11] tail=25 r61=23 gh60=0x4af8da6 W1=0x6c3,0x9d6,0x3f5 W2=0x5d0,0x12a,0x127c
  witness[12] tail=25 r61=23 gh60=0xc614cee W1=0x720,0x19b2,0x1925 W2=0x62d,0x78e,0x3b72
  witness[13] tail=25 r61=24 gh60=0xca05ce6 W1=0x1f0c,0x3613,0x1648 W2=0x1e19,0x238,0x1b07
  witness[14] tail=25 r61=28 gh60=0xfd5449a W1=0x1a26,0x2615,0x1190 W2=0x1933,0x19e7,0x576
  witness[15] tail=26 r61=19 gh60=0xdbe84ba W1=0x1535,0x3654,0x5c7 W2=0x1442,0x2cd2,0xcdb

Scan-only r61 registry
  registry_count=16 registry_cap=16
  r61_witness[00] r61=13 tail=27 gh60=0xca08dee W1=0x169f,0x3e0,0x3f2f W2=0x15ac,0x3e8f,0x1554
  r61_witness[01] r61=14 tail=30 gh60=0xce245aa W1=0x1c82,0xaf,0x2a10 W2=0x1b8f,0x1d5c,0x1f8a
  r61_witness[02] r61=14 tail=37 gh60=0x3a0459a W1=0x3c8a,0x91e,0xf10 W2=0x3b97,0x7fa,0x2aac
  r61_witness[03] r61=15 tail=35 gh60=0x4b0bb6a W1=0x31cd,0x9f3,0x265d W2=0x30da,0x272e,0x2fc8
  r61_witness[04] r61=15 tail=38 gh60=0xc504566 W1=0x144c,0x1d9f,0x35c3 W2=0x1359,0x20e5,0xef4
  r61_witness[05] r61=16 tail=28 gh60=0x4a08de6 W1=0x88b,0x151d,0x2c60 W2=0x798,0x5d7,0x17b2
  r61_witness[06] r61=16 tail=29 gh60=0x44bcdba W1=0x6b6,0xe55,0x1407 W2=0x5c3,0x2e3d,0x2f27
  r61_witness[07] r61=16 tail=29 gh60=0xcb04766 W1=0xbdc,0x1de4,0x3a52 W2=0xae9,0x10c,0x24d9
  r61_witness[08] r61=16 tail=29 gh60=0x4e045fa W1=0xc9a,0x3903,0x2644 W2=0xba7,0x2898,0x3aab
  r61_witness[09] r61=16 tail=29 gh60=0x4d37d6e W1=0x3050,0x1a15,0x935 W2=0x2f5d,0x2ce5,0x369
  r61_witness[10] r61=16 tail=34 gh60=0x4984b9a W1=0x156a,0x1a0d,0x253b W2=0x1477,0x1be8,0x3df
  r61_witness[11] r61=16 tail=34 gh60=0x7d08566 W1=0x1ccb,0x5a,0x2487 W2=0x1bd8,0x989,0x114d
  r61_witness[12] r61=16 tail=35 gh60=0x4e084ea W1=0x3511,0x134e,0x10c W2=0x341e,0x2d88,0x223e
  r61_witness[13] r61=16 tail=36 gh60=0x4e08bea W1=0x258d,0x3419,0x4d4 W2=0x249a,0x22a4,0x2ca4
  r61_witness[14] r61=17 tail=25 gh60=0xcc88caa W1=0x82d,0x1377,0x1d25 W2=0x73a,0x15b2,0x29fb
  r61_witness[15] r61=17 tail=27 gh60=0x4a04ce6 W1=0x70c,0x596,0x8d7 W2=0x619,0x14b9,0x1e6a

D60=0 fiber histogram: 1:8012 2:4649 3:1806 4:1126 5:410 6:223 7:70 8:74 9:36 10:17 11:9 12:5 13:1 14:1 16:2
