free_word_mitm_reducedn
N=14 mask=0x3fff msb=0x2000
candidate: M0=0x3d36 mode=random-fallback fill=0x3fff kernel=dM0=dM9=0x2000
prefixes=32768/268435456 mode=permuted-prefix-sample w59_per_prefix=16384 total=536870912
run_mode=scan registry_cap=16
sample_start=141524992
scan_elapsed=20.513s rate=26.17 Mtriples/s

D60 interface
  D60=0 matches: 32764 (random expectation 32768.0, enrichment 1.000x)
  prefixes with D60=0: 16539
  max D60=0 fiber per prefix: 18 at W57=0x3778 W58=0x2dab
  largest D60 bucket: D=0x2ec3 count=33805
  min D60 HW: 0
  D60 HW histogram: 0:32764 1:457397 2:2971905 3:11898659 4:32769112 5:65590288 6:98442143 7:112542923 8:98449736 9:65601961 10:32761593 11:11894569 12:2970558 13:454956 14:32348

Tail closure among D60=0 matches
  final tail collisions: 0
  best r61 HW: 14
  best r61 W1[57..59]=0x391e,0x378b,0x1232
  best r61 W2[57..59]=0x382b,0x883,0x129c
  best tail HW: 22
  best tail r61 HW: 21
  best W1[57..59]=0x3319,0x3955,0x37b5
  best W2[57..59]=0x3226,0x350d,0x20cb

SUMMARY N=14 sample_start=141524992 prefixes=32768 total=536870912 d0=32764 best_tail=22 tail_r61=21 best_r61=14 tail_W1=0x3319,0x3955,0x37b5 tail_W2=0x3226,0x350d,0x20cb r61_W1=0x391e,0x378b,0x1232 r61_W2=0x382b,0x883,0x129c

Scan-only witness registry
  registry_count=16 registry_cap=16
  witness[00] tail=22 r61=21 gh60=0x5fe84fa W1=0x3319,0x3955,0x37b5 W2=0x3226,0x350d,0x20cb
  witness[01] tail=23 r61=18 gh60=0x4bdc79e W1=0x33c8,0x394a,0x70c W2=0x32d5,0x35c,0x1afd
  witness[02] tail=23 r61=19 gh60=0xd61fce6 W1=0x100c,0x3552,0x3a32 W2=0xf19,0x22eb,0x306a
  witness[03] tail=23 r61=22 gh60=0x5a644aa W1=0x2402,0x2f1a,0x3893 W2=0x230f,0x372f,0x20a9
  witness[04] tail=23 r61=27 gh60=0x490bb66 W1=0x2d5b,0xf60,0x2dea W2=0x2c68,0x8ac,0x3ce6
  witness[05] tail=24 r61=17 gh60=0x56387e6 W1=0xb93,0x224,0x2255 W2=0xaa0,0x297d,0x702
  witness[06] tail=24 r61=18 gh60=0x4c78ca6 W1=0x82b,0x17b9,0x1c5a W2=0x738,0x1d5,0x163c
  witness[07] tail=24 r61=21 gh60=0x56044fa W1=0x1a1a,0x3873,0x3793 W2=0x1927,0x2b60,0x2ad8
  witness[08] tail=24 r61=21 gh60=0x4e984a6 W1=0x24eb,0xfa5,0x33e6 W2=0x23f8,0xe82,0x37f7
  witness[09] tail=24 r61=22 gh60=0xda08cea W1=0x370d,0x346f,0x3ef6 W2=0x361a,0xa66,0x326
  witness[10] tail=24 r61=30 gh60=0xcbbdcaa W1=0x202e,0x19a9,0x21d6 W2=0x1f3b,0x1d69,0x3fa0
  witness[11] tail=25 r61=16 gh60=0x4a88faa W1=0x781,0x8e0,0x3948 W2=0x68e,0x657,0x2e7
  witness[12] tail=25 r61=22 gh60=0xcb684a6 W1=0x2b33,0x22ca,0x14df W2=0x2a40,0x2137,0x2565
  witness[13] tail=25 r61=23 gh60=0xd48fda6 W1=0x30ac,0x1827,0x411 W2=0x2fb9,0x3b6a,0x16f4
  witness[14] tail=26 r61=18 gh60=0xd7884aa W1=0x1231,0x1075,0x9be W2=0x113e,0x2575,0x1551
  witness[15] tail=26 r61=18 gh60=0x5a8cca6 W1=0x16fc,0x33bc,0x264e W2=0x1609,0x10c9,0x3307

Scan-only r61 registry
  registry_count=16 registry_cap=16
  r61_witness[00] r61=14 tail=30 gh60=0x460ccea W1=0x391e,0x378b,0x1232 W2=0x382b,0x883,0x129c
  r61_witness[01] r61=14 tail=31 gh60=0x4b04566 W1=0x2acc,0x28e0,0x27d6 W2=0x29d9,0x3f34,0x3527
  r61_witness[02] r61=15 tail=29 gh60=0x46184ee W1=0x3c0f,0x1f03,0x350b W2=0x3b1c,0x1ead,0x3dc5
  r61_witness[03] r61=15 tail=31 gh60=0x4a04b9a W1=0x298a,0x38c,0x3933 W2=0x2897,0x2f6b,0x3524
  r61_witness[04] r61=15 tail=36 gh60=0x4a68f9e W1=0x3767,0x2b02,0x23ee W2=0x3674,0x30e0,0x27b3
  r61_witness[05] r61=16 tail=25 gh60=0x4a88faa W1=0x781,0x8e0,0x3948 W2=0x68e,0x657,0x2e7
  r61_witness[06] r61=16 tail=29 gh60=0xda98d9a W1=0x2665,0x2a25,0x2bec W2=0x2572,0x1b93,0x2048
  r61_witness[07] r61=16 tail=32 gh60=0xc4884aa W1=0x243d,0x3d8f,0x3a72 W2=0x234a,0x53b,0x133f
  r61_witness[08] r61=16 tail=33 gh60=0x460bfea W1=0x2f9d,0x36e3,0x3a7e W2=0x2eaa,0x1262,0x2ed3
  r61_witness[09] r61=16 tail=34 gh60=0x48984a6 W1=0x153b,0x110,0x33c6 W2=0x1448,0xf5d,0xca6
  r61_witness[10] r61=16 tail=34 gh60=0xc908b6e W1=0x39cf,0x1eff,0x30bf W2=0x38dc,0x1d1a,0x21f5
  r61_witness[11] r61=16 tail=35 gh60=0x4608bee W1=0x98f,0x3e74,0x214c W2=0x89c,0x3103,0x3af9
  r61_witness[12] r61=16 tail=36 gh60=0xca184a6 W1=0x1403,0x5ca,0x3a5e W2=0x1310,0x24c5,0x3262
  r61_witness[13] r61=16 tail=40 gh60=0x54884a6 W1=0x2a3b,0x2715,0x11a3 W2=0x2948,0x3260,0x147f
  r61_witness[14] r61=16 tail=42 gh60=0x5907b66 W1=0xdcc,0x3163,0x2594 W2=0xcd9,0x27c0,0x2479
  r61_witness[15] r61=17 tail=24 gh60=0x56387e6 W1=0xb93,0x224,0x2255 W2=0xaa0,0x297d,0x702

D60=0 fiber histogram: 1:7965 2:4751 3:1861 4:1122 5:373 6:240 7:79 8:68 9:32 10:28 11:4 12:9 13:2 14:1 15:2 16:1 18:1
