free_word_mitm_reducedn
N=14 mask=0x3fff msb=0x2000
candidate: M0=0x3d36 mode=random-fallback fill=0x3fff kernel=dM0=dM9=0x2000
prefixes=32768/268435456 mode=permuted-prefix-sample w59_per_prefix=16384 total=536870912
run_mode=scan registry_cap=16
sample_start=183468032
scan_elapsed=20.850s rate=25.75 Mtriples/s

D60 interface
  D60=0 matches: 32466 (random expectation 32768.0, enrichment 0.991x)
  prefixes with D60=0: 16522
  max D60=0 fiber per prefix: 20 at W57=0x118a W58=0x250f
  largest D60 bucket: D=0xd96 count=33815
  min D60 HW: 0
  D60 HW histogram: 0:32466 1:456688 2:2972076 3:11908113 4:32777804 5:65603267 6:98411488 7:112462523 8:98429887 9:65620038 10:32804216 11:11923362 12:2979126 13:457364 14:32494

Tail closure among D60=0 matches
  final tail collisions: 0
  best r61 HW: 13
  best r61 W1[57..59]=0xdc1,0x23a0,0x5bb
  best r61 W2[57..59]=0xcce,0x1aeb,0x1ba8
  best tail HW: 22
  best tail r61 HW: 17
  best W1[57..59]=0x1b65,0x280b,0x34a8
  best W2[57..59]=0x1a72,0x2a5c,0x25c6

SUMMARY N=14 sample_start=183468032 prefixes=32768 total=536870912 d0=32466 best_tail=22 tail_r61=17 best_r61=13 tail_W1=0x1b65,0x280b,0x34a8 tail_W2=0x1a72,0x2a5c,0x25c6 r61_W1=0xdc1,0x23a0,0x5bb r61_W2=0xcce,0x1aeb,0x1ba8

Scan-only witness registry
  registry_count=16 registry_cap=16
  witness[00] tail=22 r61=17 gh60=0x4e9879a W1=0x1b65,0x280b,0x34a8 W2=0x1a72,0x2a5c,0x25c6
  witness[01] tail=22 r61=22 gh60=0x3edc79a W1=0x2b86,0x16ad,0x39ee W2=0x2a93,0x1959,0x161e
  witness[02] tail=23 r61=16 gh60=0xc5a4566 W1=0xc64,0x196b,0x3694 W2=0xb71,0x30d9,0x721
  witness[03] tail=24 r61=19 gh60=0xdb77d7a W1=0xed6,0x2fa0,0x1e65 W2=0xde3,0x3df0,0x33ad
  witness[04] tail=24 r61=20 gh60=0xd8884aa W1=0x3d3d,0x23b,0x3cb8 W2=0x3c4a,0x1827,0x2e98
  witness[05] tail=24 r61=28 gh60=0x5d2cd7a W1=0x1656,0x3a20,0x2bf6 W2=0x1563,0x300c,0x380f
  witness[06] tail=25 r61=21 gh60=0xc509d6e W1=0x3e4f,0x34f2,0x1e35 W2=0x3d5c,0x20a5,0x2553
  witness[07] tail=25 r61=22 gh60=0xcb68b9a W1=0x5c5,0x1950,0xdf8 W2=0x4d2,0x9b2,0x3b08
  witness[08] tail=25 r61=22 gh60=0xba99cae W1=0x1fef,0x160c,0x27da W2=0x1efc,0x26f,0x20b
  witness[09] tail=25 r61=23 gh60=0x4e3c7fa W1=0x2b9a,0x2eb4,0x23f7 W2=0x2aa7,0x23f9,0x2fc8
  witness[10] tail=25 r61=27 gh60=0xd88c4ae W1=0x1b30,0x452,0x1123 W2=0x1a3d,0x3f3,0x3b0a
  witness[11] tail=26 r61=18 gh60=0xc5285a6 W1=0x4c3,0x338d,0x712 W2=0x3d0,0x8e0,0x3222
  witness[12] tail=26 r61=19 gh60=0xc8d84be W1=0x1b37,0x1517,0x2c9f W2=0x1a44,0x23b9,0x2050
  witness[13] tail=26 r61=20 gh60=0x5f3bba6 W1=0x2dc3,0x929,0xdde W2=0x2cd0,0x697,0x2688
  witness[14] tail=26 r61=20 gh60=0x5b94cae W1=0x3840,0x8c3,0xe69 W2=0x374d,0x3313,0x312f
  witness[15] tail=26 r61=20 gh60=0x4f38566 W1=0x3cd3,0x3ac9,0x2df1 W2=0x3be0,0x19fe,0x1635

Scan-only r61 registry
  registry_count=16 registry_cap=16
  r61_witness[00] r61=13 tail=30 gh60=0x388bbaa W1=0xdc1,0x23a0,0x5bb W2=0xcce,0x1aeb,0x1ba8
  r61_witness[01] r61=14 tail=29 gh60=0x4d04d66 W1=0x185c,0x293a,0x2b60 W2=0x1769,0x2975,0x84f
  r61_witness[02] r61=14 tail=31 gh60=0x4a08dea W1=0x1691,0x895,0x79c W2=0x159e,0x1a78,0x24ae
  r61_witness[03] r61=15 tail=27 gh60=0xc53bd6e W1=0x2e5f,0x26cc,0x32f1 W2=0x2d6c,0x3f6b,0x32d4
  r61_witness[04] r61=15 tail=36 gh60=0xc607b9a W1=0x118a,0x250f,0x3340 W2=0x1097,0x7ec,0x32d9
  r61_witness[05] r61=16 tail=23 gh60=0xc5a4566 W1=0xc64,0x196b,0x3694 W2=0xb71,0x30d9,0x721
  r61_witness[06] r61=16 tail=27 gh60=0xda68b9a W1=0x3969,0x28df,0xcb W2=0x3876,0x337d,0x2c15
  r61_witness[07] r61=16 tail=32 gh60=0x450457a W1=0xc5a,0x2f5d,0x3c4b W2=0xb67,0x1666,0x3dfc
  r61_witness[08] r61=16 tail=34 gh60=0xc8abce6 W1=0xf23,0x2e9d,0x3278 W2=0xe30,0x1dd5,0x1d2a
  r61_witness[09] r61=16 tail=34 gh60=0x4a0449a W1=0x1d0a,0x3c36,0x374b W2=0x1c17,0x333a,0xf34
  r61_witness[10] r61=16 tail=34 gh60=0x4a284fa W1=0x3a19,0x16b3,0x3405 W2=0x3926,0xbbb,0x1b89
  r61_witness[11] r61=16 tail=36 gh60=0x56084ea W1=0x50d,0x2502,0x1c66 W2=0x41a,0x29f4,0x756
  r61_witness[12] r61=16 tail=38 gh60=0x4a885ae W1=0xa7f,0x1c4,0x85e W2=0x98c,0x27fc,0x29c9
  r61_witness[13] r61=17 tail=22 gh60=0x4e9879a W1=0x1b65,0x280b,0x34a8 W2=0x1a72,0x2a5c,0x25c6
  r61_witness[14] r61=17 tail=28 gh60=0xcb884aa W1=0x33f1,0x254c,0x3ff2 W2=0x32fe,0x3b4c,0x3306
  r61_witness[15] r61=17 tail=30 gh60=0xca35dfe W1=0x2098,0x3706,0x251b W2=0x1fa5,0x39c6,0x11bd

D60=0 fiber histogram: 1:8029 2:4748 3:1826 4:1100 5:390 6:202 7:85 8:66 9:30 10:28 11:6 12:9 17:2 20:1
