free_word_mitm_reducedn
N=14 mask=0x3fff msb=0x2000
candidate: M0=0x3d36 mode=random-fallback fill=0x3fff kernel=dM0=dM9=0x2000
prefixes=32768/268435456 mode=permuted-prefix-sample w59_per_prefix=16384 total=536870912
run_mode=scan registry_cap=16
sample_start=243040256
scan_elapsed=16.173s rate=33.20 Mtriples/s

D60 interface
  D60=0 matches: 32607 (random expectation 32768.0, enrichment 0.995x)
  prefixes with D60=0: 16535
  max D60=0 fiber per prefix: 16 at W57=0x28b0 W58=0x3630
  largest D60 bucket: D=0x2eb3 count=33886
  min D60 HW: 0
  D60 HW histogram: 0:32607 1:457662 2:2978773 3:11921451 4:32774666 5:65574860 6:98417321 7:112487034 8:98398028 9:65611966 10:32809732 11:11931993 12:2982826 13:459377 14:32616

Tail closure among D60=0 matches
  final tail collisions: 0
  best r61 HW: 14
  best r61 W1[57..59]=0x3602,0x697,0x366e
  best r61 W2[57..59]=0x350f,0x1fab,0x1050
  best tail HW: 23
  best tail r61 HW: 23
  best W1[57..59]=0x2f91,0x119a,0x1d97
  best W2[57..59]=0x2e9e,0x3d2d,0x776

SUMMARY N=14 sample_start=243040256 prefixes=32768 total=536870912 d0=32607 best_tail=23 tail_r61=23 best_r61=14 tail_W1=0x2f91,0x119a,0x1d97 tail_W2=0x2e9e,0x3d2d,0x776 r61_W1=0x3602,0x697,0x366e r61_W2=0x350f,0x1fab,0x1050

Scan-only witness registry
  registry_count=16 registry_cap=16
  witness[00] tail=23 r61=23 gh60=0x7a0bfea W1=0x2f91,0x119a,0x1d97 W2=0x2e9e,0x3d2d,0x776
  witness[01] tail=24 r61=22 gh60=0x4d8bdaa W1=0x2eb1,0x3129,0x3e2c W2=0x2dbe,0x1e00,0xb61
  witness[02] tail=25 r61=17 gh60=0x37884a6 W1=0x1b2b,0x25a4,0x170a W2=0x1a38,0x14ff,0x9dc
  witness[03] tail=25 r61=19 gh60=0xc6884aa W1=0x33fd,0x947,0x48a W2=0x330a,0x1e73,0x643
  witness[04] tail=25 r61=19 gh60=0x488c4aa W1=0x3b3e,0x600,0x31c1 W2=0x3a4b,0x1e71,0x64c
  witness[05] tail=25 r61=23 gh60=0xcb7cb6e W1=0x3560,0x223,0x3ba3 W2=0x346d,0x103b,0x3d6
  witness[06] tail=25 r61=24 gh60=0x46f45aa W1=0xc7e,0x2ab1,0x18cd W2=0xb8b,0x2a3a,0x245c
  witness[07] tail=25 r61=25 gh60=0x4f98d66 W1=0x663,0x30e0,0x2476 W2=0x570,0x2e2e,0x3359
  witness[08] tail=26 r61=17 gh60=0xc90bf6a W1=0x2fe1,0x220a,0x1961 W2=0x2eee,0x1119,0x35ed
  witness[09] tail=26 r61=18 gh60=0x5878fa6 W1=0x37ab,0x21ea,0x3523 W2=0x36b8,0x173e,0x37fc
  witness[10] tail=26 r61=19 gh60=0x495879a W1=0x3a9,0x188b,0x2b27 W2=0x2b6,0x1a7a,0x272f
  witness[11] tail=26 r61=19 gh60=0x376c49e W1=0xd28,0x398a,0x3284 W2=0xc35,0x7b8,0xa6e
  witness[12] tail=26 r61=19 gh60=0xcb04f66 W1=0x37cc,0x2d9c,0x3436 W2=0x36d9,0x20d3,0x1d7d
  witness[13] tail=26 r61=19 gh60=0x5a9cb6a W1=0x3962,0x269d,0x2082 W2=0x386f,0x20b9,0x38d3
  witness[14] tail=26 r61=20 gh60=0xcb884ae W1=0x21ff,0x978,0x2a4d W2=0x210c,0x3708,0xfd3
  witness[15] tail=26 r61=21 gh60=0x4a1ccea W1=0x3812,0x17e9,0xdf4 W2=0x371f,0x27e9,0x1e02

Scan-only r61 registry
  registry_count=16 registry_cap=16
  r61_witness[00] r61=14 tail=27 gh60=0x4e24caa W1=0x3602,0x697,0x366e W2=0x350f,0x1fab,0x1050
  r61_witness[01] r61=15 tail=33 gh60=0x4884ca6 W1=0x193c,0x23ef,0x1c95 W2=0x1849,0x1dfc,0x8a3
  r61_witness[02] r61=15 tail=38 gh60=0x5a08cea W1=0x3611,0x21c1,0x3223 W2=0x351e,0x3bcc,0x29b1
  r61_witness[03] r61=16 tail=29 gh60=0x468ccaa W1=0x5ee,0xd96,0x1b76 W2=0x4fb,0x1656,0xb61
  r61_witness[04] r61=16 tail=30 gh60=0x4a0449a W1=0x20a,0x235b,0x2 W2=0x117,0x821,0x1ded
  r61_witness[05] r61=16 tail=32 gh60=0xd914b6a W1=0x29de,0x768,0x12f4 W2=0x28eb,0x3d9c,0x173f
  r61_witness[06] r61=16 tail=34 gh60=0x3a044e6 W1=0x41c,0x1841,0x37e8 W2=0x329,0x1a07,0x2b24
  r61_witness[07] r61=16 tail=34 gh60=0x4a884a6 W1=0x39fb,0x36b8,0x2aa2 W2=0x3908,0x1383,0x19b3
  r61_witness[08] r61=16 tail=35 gh60=0xc505d7a W1=0x1e5a,0x2d04,0x3412 W2=0x1d67,0x2168,0x1cf
  r61_witness[09] r61=16 tail=37 gh60=0x4f885aa W1=0x2471,0x1fad,0xd3 W2=0x237e,0x1ed5,0xd74
  r61_witness[10] r61=16 tail=41 gh60=0x550459a W1=0x1aca,0x1676,0x2a73 W2=0x19d7,0x1266,0x1f04
  r61_witness[11] r61=17 tail=25 gh60=0x37884a6 W1=0x1b2b,0x25a4,0x170a W2=0x1a38,0x14ff,0x9dc
  r61_witness[12] r61=17 tail=26 gh60=0xc90bf6a W1=0x2fe1,0x220a,0x1961 W2=0x2eee,0x1119,0x35ed
  r61_witness[13] r61=17 tail=27 gh60=0x4f08b6a W1=0x54d,0x3aec,0x288f W2=0x45a,0x28ef,0x29f2
  r61_witness[14] r61=17 tail=27 gh60=0xf62c4aa W1=0x1502,0x273,0x2978 W2=0x140f,0x19c8,0x63c
  r61_witness[15] r61=17 tail=29 gh60=0x4788caa W1=0x292d,0x27ca,0x36cb W2=0x283a,0x2a45,0xc40

D60=0 fiber histogram: 1:7990 2:4795 3:1798 4:1076 5:417 6:231 7:95 8:78 9:26 10:12 11:5 12:5 13:3 14:1 15:1 16:2
