free_word_mitm_reducedn
N=14 mask=0x3fff msb=0x2000
candidate: M0=0x3d36 mode=random-fallback fill=0x3fff kernel=dM0=dM9=0x2000
prefixes=32768/268435456 mode=permuted-prefix-sample w59_per_prefix=16384 total=536870912
run_mode=scan registry_cap=16
sample_start=133988352
scan_elapsed=15.906s rate=33.75 Mtriples/s

D60 interface
  D60=0 matches: 32547 (random expectation 32768.0, enrichment 0.993x)
  prefixes with D60=0: 16452
  max D60=0 fiber per prefix: 28 at W57=0x2fb5 W58=0x1880
  largest D60 bucket: D=0x117e count=33778
  min D60 HW: 0
  D60 HW histogram: 0:32547 1:459814 2:2980600 3:11917505 4:32795595 5:65585409 6:98421783 7:112473271 8:98411477 9:65600511 10:32784159 11:11930122 12:2984834 13:460048 14:33237

Tail closure among D60=0 matches
  final tail collisions: 0
  best r61 HW: 14
  best r61 W1[57..59]=0x3fa5,0x26a6,0x3896
  best r61 W2[57..59]=0x3eb2,0x12ce,0x334e
  best tail HW: 22
  best tail r61 HW: 16
  best W1[57..59]=0x2b3,0x1a7f,0x3d85
  best W2[57..59]=0x1c0,0xcc2,0x3eb1

SUMMARY N=14 sample_start=133988352 prefixes=32768 total=536870912 d0=32547 best_tail=22 tail_r61=16 best_r61=14 tail_W1=0x2b3,0x1a7f,0x3d85 tail_W2=0x1c0,0xcc2,0x3eb1 r61_W1=0x3fa5,0x26a6,0x3896 r61_W2=0x3eb2,0x12ce,0x334e

Scan-only witness registry
  registry_count=16 registry_cap=16
  witness[00] tail=22 r61=16 gh60=0xb4a85a6 W1=0x2b3,0x1a7f,0x3d85 W2=0x1c0,0xcc2,0x3eb1
  witness[01] tail=24 r61=20 gh60=0xb7884aa W1=0x1a2d,0x2509,0xe18 W2=0x193a,0x38c5,0x6d1
  witness[02] tail=24 r61=21 gh60=0x4eb4c9a W1=0x17e6,0x87f,0x437 W2=0x16f3,0x3bd6,0x2de8
  witness[03] tail=24 r61=22 gh60=0x76784ba W1=0xcf9,0x16b7,0x1c01 W2=0xc06,0x3e79,0x2417
  witness[04] tail=24 r61=25 gh60=0xd534d6e W1=0x860,0x5b6,0xf43 W2=0x76d,0x28fa,0x2971
  witness[05] tail=25 r61=16 gh60=0x59d7b9a W1=0x2dc6,0x16cb,0x30e1 W2=0x2cd3,0x124,0x262b
  witness[06] tail=25 r61=21 gh60=0x55b449e W1=0x1e8,0x3ff4,0x2b5f W2=0xf5,0x3ca0,0xaba
  witness[07] tail=25 r61=21 gh60=0x4d58d9a W1=0x36c9,0x37fa,0x2343 W2=0x35d6,0x291c,0x1928
  witness[08] tail=25 r61=22 gh60=0xf5a45e6 W1=0x12a4,0x1e5a,0x219 W2=0x11b1,0x1eb6,0x19c1
  witness[09] tail=25 r61=22 gh60=0x7b85fa6 W1=0x1fbc,0x1216,0x33d7 W2=0x1ec9,0x39cd,0x2be
  witness[10] tail=25 r61=22 gh60=0x4d0856e W1=0x2a4f,0x575,0x1a97 W2=0x295c,0x2823,0x2fc9
  witness[11] tail=25 r61=24 gh60=0xce0cbfa W1=0x259a,0x19de,0x20f9 W2=0x24a7,0xca2,0x811
  witness[12] tail=26 r61=16 gh60=0x4a344ee W1=0x2a20,0x4a2,0x1600 W2=0x292d,0x24ad,0x383a
  witness[13] tail=26 r61=18 gh60=0xdd04566 W1=0x2cdc,0xc4c,0x225d W2=0x2be9,0x56c,0x3384
  witness[14] tail=26 r61=18 gh60=0x451c56e W1=0x3ce0,0x2aa3,0x3330 W2=0x3bed,0x1cc2,0xfbc
  witness[15] tail=26 r61=19 gh60=0xdd05d9a W1=0x3eca,0x3751,0x2209 W2=0x3dd7,0x27fa,0x3ec6

Scan-only r61 registry
  registry_count=16 registry_cap=16
  r61_witness[00] r61=14 tail=28 gh60=0x46384e6 W1=0x1413,0x1d02,0x33cc W2=0x1320,0x3cf9,0x292c
  r61_witness[01] r61=14 tail=30 gh60=0xc999f9a W1=0x3fa5,0x26a6,0x3896 W2=0x3eb2,0x12ce,0x334e
  r61_witness[02] r61=14 tail=35 gh60=0x4a084e6 W1=0x121b,0x1f1e,0x167f W2=0x1128,0x3bef,0xadd
  r61_witness[03] r61=14 tail=38 gh60=0x490cf66 W1=0x275c,0x3a69,0x3772 W2=0x2669,0x1990,0xd02
  r61_witness[04] r61=15 tail=29 gh60=0x4c8c5ae W1=0xcc0,0x2bd6,0x1335 W2=0xbcd,0x130f,0x3dde
  r61_witness[05] r61=15 tail=35 gh60=0x46084ea W1=0x411,0x1e54,0x36dc W2=0x31e,0x235a,0x77a
  r61_witness[06] r61=16 tail=22 gh60=0xb4a85a6 W1=0x2b3,0x1a7f,0x3d85 W2=0x1c0,0xcc2,0x3eb1
  r61_witness[07] r61=16 tail=25 gh60=0x59d7b9a W1=0x2dc6,0x16cb,0x30e1 W2=0x2cd3,0x124,0x262b
  r61_witness[08] r61=16 tail=26 gh60=0x4a344ee W1=0x2a20,0x4a2,0x1600 W2=0x292d,0x24ad,0x383a
  r61_witness[09] r61=16 tail=28 gh60=0x45a9da6 W1=0x3eb3,0x11c2,0x241e W2=0x3dc0,0x804,0x26a
  r61_witness[10] r61=16 tail=30 gh60=0xc885ba6 W1=0x3dbc,0xbc2,0x2f05 W2=0x3cc9,0x14f9,0x1615
  r61_witness[11] r61=16 tail=31 gh60=0xc8d5bbe W1=0x1db8,0x2a5,0xeb3 W2=0x1cc5,0x3cad,0x14af
  r61_witness[12] r61=16 tail=32 gh60=0xc92bb66 W1=0x1153,0x19f1,0x2dfc W2=0x1060,0xd5d,0x1f87
  r61_witness[13] r61=16 tail=33 gh60=0x4a284fa W1=0x3a19,0x12e2,0x1b77 W2=0x3926,0x7ea,0x3ab4
  r61_witness[14] r61=16 tail=35 gh60=0x4888ca6 W1=0x93b,0x3120,0x3b91 W2=0x848,0x2a2c,0x1916
  r61_witness[15] r61=16 tail=35 gh60=0x4a084ea W1=0x2421,0x2952,0x3d9a W2=0x232e,0x2d4c,0x2668

D60=0 fiber histogram: 1:8026 2:4711 3:1784 4:1044 5:418 6:222 7:84 8:64 9:40 10:28 11:14 12:4 13:3 14:1 15:3 16:4 17:1 28:1
