free_word_mitm_reducedn
N=14 mask=0x3fff msb=0x2000
candidate: M0=0x3d36 mode=random-fallback fill=0x3fff kernel=dM0=dM9=0x2000
prefixes=32768/268435456 mode=permuted-prefix-sample w59_per_prefix=16384 total=536870912
run_mode=scan registry_cap=16
sample_start=205684736
scan_elapsed=16.519s rate=32.50 Mtriples/s

D60 interface
  D60=0 matches: 32269 (random expectation 32768.0, enrichment 0.985x)
  prefixes with D60=0: 16373
  max D60=0 fiber per prefix: 18 at W57=0x186 W58=0x5f4
  largest D60 bucket: D=0x14b0 count=33862
  min D60 HW: 0
  D60 HW histogram: 0:32269 1:457107 2:2983891 3:11929850 4:32818319 5:65652782 6:98465212 7:112487044 8:98407770 9:65543677 10:32736011 11:11893685 12:2973967 13:456818 14:32510

Tail closure among D60=0 matches
  final tail collisions: 0
  best r61 HW: 12
  best r61 W1[57..59]=0x16ad,0x2652,0xdb3
  best r61 W2[57..59]=0x15ba,0x5a5,0x16f6
  best tail HW: 21
  best tail r61 HW: 18
  best W1[57..59]=0x2419,0x29d0,0x323
  best W2[57..59]=0x2326,0xcd8,0x2b49

SUMMARY N=14 sample_start=205684736 prefixes=32768 total=536870912 d0=32269 best_tail=21 tail_r61=18 best_r61=12 tail_W1=0x2419,0x29d0,0x323 tail_W2=0x2326,0xcd8,0x2b49 r61_W1=0x16ad,0x2652,0xdb3 r61_W2=0x15ba,0x5a5,0x16f6

Scan-only witness registry
  registry_count=16 registry_cap=16
  witness[00] tail=21 r61=18 gh60=0xc6284fa W1=0x2419,0x29d0,0x323 W2=0x2326,0xcd8,0x2b49
  witness[01] tail=22 r61=21 gh60=0x46bc59a W1=0x1c6a,0x1a92,0xb19 W2=0x1b77,0x192c,0x199b
  witness[02] tail=22 r61=24 gh60=0x4b5479a W1=0x33a6,0x534,0x3262 W2=0x32b3,0x1710,0x141f
  witness[03] tail=23 r61=17 gh60=0xda0c4ee W1=0x1510,0x14b6,0x1dea W2=0x141d,0x10e1,0x33e6
  witness[04] tail=23 r61=20 gh60=0xc61ccee W1=0x1620,0x23d9,0x1a94 W2=0x152d,0x12a1,0x1592
  witness[05] tail=23 r61=20 gh60=0xca89ca6 W1=0x20fb,0x2519,0x1b3b W2=0x2008,0x21a3,0x1c3a
  witness[06] tail=23 r61=22 gh60=0x4f1877a W1=0x1355,0x8db,0x1bc3 W2=0x1262,0xbb3,0x10df
  witness[07] tail=24 r61=16 gh60=0x448c5ae W1=0xcc0,0x32ce,0x2ef5 W2=0xbcd,0x1a07,0xa36
  witness[08] tail=24 r61=16 gh60=0x5a05c9a W1=0x200a,0x1ff,0x1b11 W2=0x1f17,0x2340,0x3a88
  witness[09] tail=24 r61=20 gh60=0x74784a6 W1=0x1a3b,0x194c,0x32a2 W2=0x1948,0x3397,0x764
  witness[10] tail=24 r61=20 gh60=0xc70856a W1=0x2c4d,0x2d37,0x32f5 W2=0x2b5a,0x141,0xc63
  witness[11] tail=24 r61=21 gh60=0x4f3876a W1=0x3b51,0x1135,0xc88 W2=0x3a5e,0x1c97,0x150f
  witness[12] tail=24 r61=26 gh60=0xdf8c7a6 W1=0x13ac,0x2dfb,0x3dd2 W2=0x12b9,0x29c1,0xe25
  witness[13] tail=25 r61=12 gh60=0x4498daa W1=0x16ad,0x2652,0xdb3 W2=0x15ba,0x5a5,0x16f6
  witness[14] tail=25 r61=20 gh60=0xda24ba6 W1=0x1984,0xef2,0xa82 W2=0x1891,0x2367,0x1a20
  witness[15] tail=25 r61=20 gh60=0xda7859a W1=0x1a89,0x628,0x2a5b W2=0x1996,0x32a7,0x3afd

Scan-only r61 registry
  registry_count=16 registry_cap=16
  r61_witness[00] r61=12 tail=25 gh60=0x4498daa W1=0x16ad,0x2652,0xdb3 W2=0x15ba,0x5a5,0x16f6
  r61_witness[01] r61=14 tail=33 gh60=0xf8a4baa W1=0x39b2,0x1c05,0x2094 W2=0x38bf,0x1811,0x3a74
  r61_witness[02] r61=14 tail=36 gh60=0x4e085e6 W1=0x148b,0x208d,0x129b W2=0x1398,0x284a,0x56e
  r61_witness[03] r61=15 tail=29 gh60=0x451456e W1=0x3460,0x2101,0x1f25 W2=0x336d,0x1dc8,0x1782
  r61_witness[04] r61=15 tail=30 gh60=0xf508d6a W1=0x18d1,0xfab,0x124c W2=0x17de,0x131e,0x3909
  r61_witness[05] r61=15 tail=30 gh60=0xc919f66 W1=0x1fdb,0x12c,0x3f35 W2=0x1ee8,0x2adc,0x1a57
  r61_witness[06] r61=15 tail=30 gh60=0xc90bb66 W1=0x2d4b,0xbd2,0x2fe5 W2=0x2c58,0x42e,0xbad
  r61_witness[07] r61=15 tail=32 gh60=0x499bfaa W1=0xfc1,0x273a,0x8c9 W2=0xece,0x1c45,0x979
  r61_witness[08] r61=15 tail=34 gh60=0xc4a44ea W1=0xc22,0x3582,0x2202 W2=0xb2f,0x3c91,0x3d9b
  r61_witness[09] r61=15 tail=35 gh60=0x44a84be W1=0x437,0x2605,0x2e19 W2=0x344,0x32a3,0xce6
  r61_witness[10] r61=16 tail=24 gh60=0x448c5ae W1=0xcc0,0x32ce,0x2ef5 W2=0xbcd,0x1a07,0xa36
  r61_witness[11] r61=16 tail=24 gh60=0x5a05c9a W1=0x200a,0x1ff,0x1b11 W2=0x1f17,0x2340,0x3a88
  r61_witness[12] r61=16 tail=28 gh60=0x4eefdba W1=0x1076,0xe00,0x39c9 W2=0xf83,0x1edc,0x1281
  r61_witness[13] r61=16 tail=29 gh60=0xc508566 W1=0x145b,0x2df0,0x212f W2=0x1368,0x2c29,0xcbb
  r61_witness[14] r61=16 tail=31 gh60=0x4a085e6 W1=0x248b,0x3ba7,0x1363 W2=0x2398,0x2e60,0x1e6e
  r61_witness[15] r61=16 tail=33 gh60=0x4884fa6 W1=0x7bc,0x2891,0x3781 W2=0x6c9,0xdc6,0x20ad

D60=0 fiber histogram: 1:7949 2:4782 3:1693 4:1068 5:417 6:241 7:87 8:67 9:30 10:17 11:8 12:5 13:1 15:3 16:3 17:1 18:1
