free_word_mitm_reducedn
N=14 mask=0x3fff msb=0x2000
candidate: M0=0x3d36 mode=random-fallback fill=0x3fff kernel=dM0=dM9=0x2000
prefixes=32768/268435456 mode=permuted-prefix-sample w59_per_prefix=16384 total=536870912
run_mode=scan registry_cap=16
sample_start=99614720
scan_elapsed=19.190s rate=27.98 Mtriples/s

D60 interface
  D60=0 matches: 32872 (random expectation 32768.0, enrichment 1.003x)
  prefixes with D60=0: 16608
  max D60=0 fiber per prefix: 28 at W57=0x1f6c W58=0x19a1
  largest D60 bucket: D=0x2d3a count=33928
  min D60 HW: 0
  D60 HW histogram: 0:32872 1:456692 2:2971880 3:11887887 4:32762863 5:65595223 6:98444650 7:112552862 8:98450548 9:65591102 10:32770355 11:11896378 12:2970549 13:454792 14:32259

Tail closure among D60=0 matches
  final tail collisions: 0
  best r61 HW: 13
  best r61 W1[57..59]=0x1c3f,0x39c0,0x37e2
  best r61 W2[57..59]=0x1b4c,0x35d0,0x1cdd
  best tail HW: 22
  best tail r61 HW: 17
  best W1[57..59]=0x2631,0x1e60,0xdce
  best W2[57..59]=0x253e,0x26df,0xcaf

SUMMARY N=14 sample_start=99614720 prefixes=32768 total=536870912 d0=32872 best_tail=22 tail_r61=17 best_r61=13 tail_W1=0x2631,0x1e60,0xdce tail_W2=0x253e,0x26df,0xcaf r61_W1=0x1c3f,0x39c0,0x37e2 r61_W2=0x1b4c,0x35d0,0x1cdd

Scan-only witness registry
  registry_count=16 registry_cap=16
  witness[00] tail=22 r61=17 gh60=0xcc88caa W1=0x2631,0x1e60,0xdce W2=0x253e,0x26df,0xcaf
  witness[01] tail=23 r61=21 gh60=0xb4f44ae W1=0x1a40,0x2341,0x3730 W2=0x194d,0xdd2,0x1992
  witness[02] tail=23 r61=23 gh60=0x5a1cfe6 W1=0x379c,0x3cbb,0x2e5b W2=0x36a9,0x3176,0x239b
  witness[03] tail=23 r61=24 gh60=0xd7f84ae W1=0x2aff,0x131a,0x35b2 W2=0x2a0c,0x332a,0x3598
  witness[04] tail=24 r61=19 gh60=0x4719d6a W1=0x1e4d,0x277e,0x35b5 W2=0x1d5a,0x3b65,0x2851
  witness[05] tail=24 r61=19 gh60=0x576bb7a W1=0x2dd5,0x11c6,0x285e W2=0x2ce2,0x32c1,0x34e8
  witness[06] tail=24 r61=25 gh60=0x4b65cea W1=0x3f22,0x31f7,0x37db W2=0x3e2f,0x35d3,0xf29
  witness[07] tail=25 r61=14 gh60=0x4a087ea W1=0x13a1,0x2afc,0x39d W2=0x12ae,0x3dba,0x39d7
  witness[08] tail=25 r61=19 gh60=0x38e4baa W1=0x25b2,0xd1d,0xf4a W2=0x24bf,0x3d69,0x29fa
  witness[09] tail=25 r61=20 gh60=0xca9fdae W1=0x1080,0x10e7,0x18fb W2=0xf8d,0x2217,0x33b8
  witness[10] tail=25 r61=20 gh60=0xb95bb7e W1=0x3157,0x371e,0x26a2 W2=0x3064,0x1c3d,0x1b78
  witness[11] tail=25 r61=22 gh60=0xda39c9a W1=0x5,0x23dc,0x4ed W2=0x3f12,0x6ec,0x13d0
  witness[12] tail=25 r61=23 gh60=0xd5acb6a W1=0x9e2,0x681,0x2a29 W2=0x8ef,0x3391,0x2c37
  witness[13] tail=25 r61=24 gh60=0xbb38f7e W1=0x757,0x2729,0x2483 W2=0x664,0x236c,0x5ea
  witness[14] tail=25 r61=24 gh60=0xcaa8d9a W1=0x2665,0x143a,0x2739 W2=0x2572,0x5a8,0x1af5
  witness[15] tail=25 r61=24 gh60=0xc66cf9a W1=0x2786,0x221b,0x200d W2=0x2693,0x2006,0x7e6

Scan-only r61 registry
  registry_count=16 registry_cap=16
  r61_witness[00] r61=13 tail=27 gh60=0x44884ae W1=0x1c3f,0x39c0,0x37e2 W2=0x1b4c,0x35d0,0x1cdd
  r61_witness[01] r61=14 tail=25 gh60=0x4a087ea W1=0x13a1,0x2afc,0x39d W2=0x12ae,0x3dba,0x39d7
  r61_witness[02] r61=14 tail=28 gh60=0xca684e6 W1=0x1b13,0x831,0x3239 W2=0x1a20,0x1c16,0x12df
  r61_witness[03] r61=14 tail=30 gh60=0x4a2849a W1=0xb05,0x3be1,0xd85 W2=0xa12,0x2430,0x295e
  r61_witness[04] r61=15 tail=32 gh60=0xc62bc9a W1=0xe09,0x5ab,0x3a88 W2=0xd16,0x18fb,0x3f10
  r61_witness[05] r61=15 tail=34 gh60=0x390876a W1=0x34d,0x3074,0x6c9 W2=0x25a,0x20d6,0x1286
  r61_witness[06] r61=15 tail=35 gh60=0x3b0c56e W1=0x14d0,0x2628,0xa2a W2=0x13dd,0x21db,0x3279
  r61_witness[07] r61=16 tail=30 gh60=0x4a044e6 W1=0x41c,0x1227,0x1c82 W2=0x329,0x13ed,0x2d13
  r61_witness[08] r61=16 tail=33 gh60=0x5984cba W1=0x293a,0x1946,0x168b W2=0x2847,0x3afa,0x271f
  r61_witness[09] r61=16 tail=34 gh60=0xca14cee W1=0x3920,0x3d5e,0x3fa3 W2=0x382d,0x3636,0x2612
  r61_witness[10] r61=16 tail=35 gh60=0x5a287fe W1=0x397,0x1a13,0x19fc W2=0x2a4,0x1363,0x2ec1
  r61_witness[11] r61=16 tail=35 gh60=0x450856e W1=0x145f,0xa06,0x2d36 W2=0x136c,0x38c4,0x2078
  r61_witness[12] r61=16 tail=37 gh60=0x54884ae W1=0x23f,0xfa,0x29b4 W2=0x14c,0x2c0a,0x1200
  r61_witness[13] r61=17 tail=22 gh60=0xcc88caa W1=0x2631,0x1e60,0xdce W2=0x253e,0x26df,0xcaf
  r61_witness[14] r61=17 tail=26 gh60=0xcb19c9a W1=0x145,0x2987,0x2eae W2=0x52,0x857,0xb6f
  r61_witness[15] r61=17 tail=26 gh60=0x4a9859a W1=0x2465,0xfdc,0x2bc1 W2=0x2372,0x3e0b,0x1625

D60=0 fiber histogram: 1:8126 2:4713 3:1842 4:1032 5:394 6:238 7:96 8:79 9:28 10:28 11:7 12:13 13:2 14:4 15:1 16:1 17:1 19:1 22:1 28:1
