free_word_mitm_reducedn
N=14 mask=0x3fff msb=0x2000
candidate: M0=0x3d36 mode=random-fallback fill=0x3fff kernel=dM0=dM9=0x2000
prefixes=32768/268435456 mode=permuted-prefix-sample w59_per_prefix=16384 total=536870912
run_mode=scan registry_cap=16
sample_start=233832448
scan_elapsed=19.094s rate=28.12 Mtriples/s

D60 interface
  D60=0 matches: 32618 (random expectation 32768.0, enrichment 0.995x)
  prefixes with D60=0: 16393
  max D60=0 fiber per prefix: 16 at W57=0x15e8 W58=0x239b
  largest D60 bucket: D=0x2ea2 count=33794
  min D60 HW: 0
  D60 HW histogram: 0:32618 1:456778 2:2972887 3:11898640 4:32748909 5:65568328 6:98440719 7:112521104 8:98461296 9:65602061 10:32789996 11:11916494 12:2971586 13:456397 14:33099

Tail closure among D60=0 matches
  final tail collisions: 0
  best r61 HW: 13
  best r61 W1[57..59]=0x3c93,0x278c,0xd94
  best r61 W2[57..59]=0x3ba0,0xf59,0x26bf
  best tail HW: 17
  best tail r61 HW: 15
  best W1[57..59]=0x93f,0x342e,0x3079
  best W2[57..59]=0x84c,0xd7d,0x1746

SUMMARY N=14 sample_start=233832448 prefixes=32768 total=536870912 d0=32618 best_tail=17 tail_r61=15 best_r61=13 tail_W1=0x93f,0x342e,0x3079 tail_W2=0x84c,0xd7d,0x1746 r61_W1=0x3c93,0x278c,0xd94 r61_W2=0x3ba0,0xf59,0x26bf

Scan-only witness registry
  registry_count=16 registry_cap=16
  witness[00] tail=17 r61=15 gh60=0xc988cae W1=0x93f,0x342e,0x3079 W2=0x84c,0xd7d,0x1746
  witness[01] tail=21 r61=18 gh60=0x4967cea W1=0x3122,0x3365,0x38a4 W2=0x302f,0x2a3d,0x2a22
  witness[02] tail=23 r61=18 gh60=0xcb08b6a W1=0x154d,0x37c2,0x8ff W2=0x145a,0x39b9,0x1e86
  witness[03] tail=23 r61=19 gh60=0x460459a W1=0x348a,0x21bb,0x755 W2=0x3397,0x2015,0x19b2
  witness[04] tail=23 r61=21 gh60=0xde8c4a6 W1=0x2bfc,0x23d6,0x2064 W2=0x2b09,0x21a2,0x27ef
  witness[05] tail=24 r61=15 gh60=0x5619ca6 W1=0x2003,0x223d,0x2aea W2=0x1f10,0x2e77,0x3c53
  witness[06] tail=24 r61=20 gh60=0xd4ec4ea W1=0x2a22,0x2807,0x7d0 W2=0x292f,0x2f96,0xf5e
  witness[07] tail=24 r61=22 gh60=0x4a784aa W1=0x22f1,0x3457,0x368 W2=0x21fe,0x3d17,0x129d
  witness[08] tail=25 r61=19 gh60=0x571476a W1=0x234e,0x433,0x28ac W2=0x225b,0x692,0x240f
  witness[09] tail=25 r61=20 gh60=0x4628c9a W1=0x909,0x1ac0,0x1812 W2=0x816,0x3e52,0x3f24
  witness[10] tail=25 r61=20 gh60=0xda09ce6 W1=0x3e1b,0x372d,0x3749 W2=0x3d28,0x741,0x1e80
  witness[11] tail=25 r61=21 gh60=0x36d44fa W1=0x316,0xd12,0x3a6b W2=0x223,0x389b,0x312e
  witness[12] tail=25 r61=21 gh60=0x5968b7e W1=0x3557,0x23c5,0xd73 W2=0x3464,0x2ce8,0x1199
  witness[13] tail=25 r61=22 gh60=0x4a184e6 W1=0x50b,0x3598,0xbef W2=0x418,0x3269,0x1553
  witness[14] tail=25 r61=22 gh60=0xda05ce6 W1=0x211c,0x2d8f,0x3561 W2=0x2029,0x1824,0x295e
  witness[15] tail=25 r61=22 gh60=0x4c84d9a W1=0x38aa,0xc35,0x5eb W2=0x37b7,0x524,0x2ea1

Scan-only r61 registry
  registry_count=16 registry_cap=16
  r61_witness[00] r61=13 tail=32 gh60=0x46285e6 W1=0x3c93,0x278c,0xd94 W2=0x3ba0,0xf59,0x26bf
  r61_witness[01] r61=14 tail=28 gh60=0x4608cea W1=0x1721,0x10ab,0xf76 W2=0x162e,0x2752,0xdd0
  r61_witness[02] r61=14 tail=33 gh60=0xca1bcee W1=0xf0f,0xac0,0x27ac W2=0xe1c,0x1a1b,0x4e
  r61_witness[03] r61=14 tail=35 gh60=0x4727b66 W1=0x1154,0x3b6,0x1246 W2=0x1061,0x3723,0x2c1e
  r61_witness[04] r61=14 tail=37 gh60=0x46a4baa W1=0x2972,0x325d,0x545 W2=0x287f,0x1ef9,0x34b0
  r61_witness[05] r61=15 tail=17 gh60=0xc988cae W1=0x93f,0x342e,0x3079 W2=0x84c,0xd7d,0x1746
  r61_witness[06] r61=15 tail=24 gh60=0x5619ca6 W1=0x2003,0x223d,0x2aea W2=0x1f10,0x2e77,0x3c53
  r61_witness[07] r61=15 tail=30 gh60=0x491877a W1=0x3bd5,0xc6d,0x27e6 W2=0x3ae2,0xf45,0xc97
  r61_witness[08] r61=15 tail=35 gh60=0x4ae4b66 W1=0x554,0x2d6d,0x2329 W2=0x461,0x3760,0x842
  r61_witness[09] r61=15 tail=41 gh60=0x4608ce6 W1=0x271b,0x4f4,0x3ffc W2=0x2628,0x1efa,0x727
  r61_witness[10] r61=16 tail=26 gh60=0xf4884a6 W1=0xa2b,0x1e56,0x3674 W2=0x938,0x2ab1,0x12ee
  r61_witness[11] r61=16 tail=27 gh60=0x450856e W1=0x145f,0x2a06,0x323f W2=0x136c,0x18c4,0x3d81
  r61_witness[12] r61=16 tail=31 gh60=0xc908b6a W1=0x35e1,0xcf5,0x2de8 W2=0x34ee,0x1f24,0x2134
  r61_witness[13] r61=16 tail=41 gh60=0x4908b66 W1=0x9db,0xde6,0x2345 W2=0x8e8,0xfac,0x2e92
  r61_witness[14] r61=17 tail=28 gh60=0x4a57bfe W1=0xd98,0x59e,0x2da4 W2=0xca5,0x292e,0x2b03
  r61_witness[15] r61=17 tail=29 gh60=0x4b884aa W1=0x3c3d,0x3436,0xd13 W2=0x3b4a,0xa62,0x3b8

D60=0 fiber histogram: 1:7827 2:4797 3:1797 4:1109 5:395 6:232 7:85 8:69 9:33 10:21 11:11 12:7 13:2 14:5 16:3
