free_word_mitm_reducedn
N=14 mask=0x3fff msb=0x2000
candidate: M0=0x3d36 mode=random-fallback fill=0x3fff kernel=dM0=dM9=0x2000
prefixes=32768/268435456 mode=permuted-prefix-sample w59_per_prefix=16384 total=536870912
run_mode=scan registry_cap=16
sample_start=108003328
scan_elapsed=19.266s rate=27.87 Mtriples/s

D60 interface
  D60=0 matches: 32523 (random expectation 32768.0, enrichment 0.993x)
  prefixes with D60=0: 16516
  max D60=0 fiber per prefix: 23 at W57=0x20dc W58=0x37fe
  largest D60 bucket: D=0x2a66 count=34072
  min D60 HW: 0
  D60 HW histogram: 0:32523 1:456608 2:2969730 3:11900814 4:32764600 5:65604796 6:98477694 7:112523242 8:98458002 9:65583626 10:32752122 11:11891118 12:2967751 13:455707 14:32579

Tail closure among D60=0 matches
  final tail collisions: 0
  best r61 HW: 13
  best r61 W1[57..59]=0x3e8a,0x3da6,0xdf8
  best r61 W2[57..59]=0x3d97,0x2abf,0x20
  best tail HW: 21
  best tail r61 HW: 21
  best W1[57..59]=0x3c0f,0x3318,0x2c69
  best W2[57..59]=0x3b1c,0x32c2,0x54e

SUMMARY N=14 sample_start=108003328 prefixes=32768 total=536870912 d0=32523 best_tail=21 tail_r61=21 best_r61=13 tail_W1=0x3c0f,0x3318,0x2c69 tail_W2=0x3b1c,0x32c2,0x54e r61_W1=0x3e8a,0x3da6,0xdf8 r61_W2=0x3d97,0x2abf,0x20

Scan-only witness registry
  registry_count=16 registry_cap=16
  witness[00] tail=21 r61=16 gh60=0xc92849e W1=0x3347,0x1888,0x1eb6 W2=0x3254,0x28f9,0x27bf
  witness[01] tail=21 r61=21 gh60=0xc6f84ee W1=0x3c0f,0x3318,0x2c69 W2=0x3b1c,0x32c2,0x54e
  witness[02] tail=22 r61=20 gh60=0xc49bdaa W1=0xeb1,0x1af0,0x3b85 W2=0xdbe,0x11cf,0x255f
  witness[03] tail=24 r61=18 gh60=0xce28dfe W1=0x1897,0x31ee,0x23d5 W2=0x17a4,0x62d,0x992
  witness[04] tail=24 r61=21 gh60=0xc4ac5be W1=0xcb8,0x2757,0x4ff W2=0xbc5,0x2e9e,0x283f
  witness[05] tail=24 r61=21 gh60=0x44ebce6 W1=0xe23,0x26ad,0x7dc W2=0xd30,0x9f5,0x37e8
  witness[06] tail=24 r61=21 gh60=0xc6744aa W1=0x3bee,0x1ba5,0x3bc7 W2=0x3afb,0x3366,0x39d7
  witness[07] tail=24 r61=22 gh60=0xca747fa W1=0xb96,0x23c1,0xf5e W2=0xaa3,0x2712,0x11fe
  witness[08] tail=25 r61=15 gh60=0x451856a W1=0x3ccd,0xe37,0x1077 W2=0x3bda,0x2d5d,0x3307
  witness[09] tail=25 r61=20 gh60=0xc5b8cba W1=0x3635,0x2aa2,0x34e0 W2=0x3542,0x2261,0xba1
  witness[10] tail=25 r61=22 gh60=0x5bdbc9a W1=0xe29,0xd7e,0x964 W2=0xd36,0x240e,0x2eac
  witness[11] tail=25 r61=23 gh60=0x4f9c7aa W1=0x372,0x3139,0x342b W2=0x27f,0x2216,0x3348
  witness[12] tail=25 r61=27 gh60=0xcdbcc9e W1=0x5e8,0xe96,0x2621 W2=0x4f5,0xe01,0x2a95
  witness[13] tail=25 r61=28 gh60=0xd978ca6 W1=0x8eb,0x2696,0x39c1 W2=0x7f8,0x2132,0x2c96
  witness[14] tail=26 r61=16 gh60=0x457c4a6 W1=0x3ec,0xd75,0x2a1b W2=0x2f9,0xa53,0x23c0
  witness[15] tail=26 r61=18 gh60=0xfb89ca6 W1=0x1f2b,0x1246,0x2a43 W2=0x1e38,0x2be0,0x110c

Scan-only r61 registry
  registry_count=16 registry_cap=16
  r61_witness[00] r61=13 tail=35 gh60=0x460dd9a W1=0x3e8a,0x3da6,0xdf8 W2=0x3d97,0x2abf,0x20
  r61_witness[01] r61=14 tail=29 gh60=0x45985aa W1=0x2cc1,0x2190,0xfe4 W2=0x2bce,0x1e98,0x278b
  r61_witness[02] r61=14 tail=30 gh60=0x4b2c5aa W1=0x2ac2,0xefc,0x1af1 W2=0x29cf,0x1ab9,0x2814
  r61_witness[03] r61=14 tail=31 gh60=0x5998ca6 W1=0x93b,0x331b,0x358a W2=0x848,0x2c27,0x2654
  r61_witness[04] r61=14 tail=35 gh60=0xca2c5fe W1=0x3498,0x1cf1,0x29cb W2=0x33a5,0x3232,0x1368
  r61_witness[05] r61=14 tail=44 gh60=0xca044e6 W1=0x1d1c,0x32be,0x3b9 W2=0x1c29,0x2f92,0x2f84
  r61_witness[06] r61=15 tail=25 gh60=0x451856a W1=0x3ccd,0xe37,0x1077 W2=0x3bda,0x2d5d,0x3307
  r61_witness[07] r61=15 tail=30 gh60=0xd88c7ae W1=0x23c0,0x23f5,0x2bcd W2=0x22cd,0x1f2e,0x636
  r61_witness[08] r61=15 tail=31 gh60=0x495449e W1=0x2d48,0x3d38,0x3b6f W2=0x2c55,0xba8,0x10ba
  r61_witness[09] r61=15 tail=35 gh60=0x393876a W1=0x33dd,0xf5a,0x32c2 W2=0x32ea,0x13a4,0x3c88
  r61_witness[10] r61=15 tail=36 gh60=0x48a8c9a W1=0x1925,0x1e5b,0x26a4 W2=0x1832,0x1169,0x1111
  r61_witness[11] r61=16 tail=21 gh60=0xc92849e W1=0x3347,0x1888,0x1eb6 W2=0x3254,0x28f9,0x27bf
  r61_witness[12] r61=16 tail=26 gh60=0x457c4a6 W1=0x3ec,0xd75,0x2a1b W2=0x2f9,0xa53,0x23c0
  r61_witness[13] r61=16 tail=29 gh60=0xb4944aa W1=0x23e,0x3930,0x11ec W2=0x14b,0x3c61,0x36e5
  r61_witness[14] r61=16 tail=29 gh60=0x4b2c5aa W1=0x2ac2,0xefc,0x1ae9 W2=0x29cf,0x1ab9,0x280c
  r61_witness[15] r61=16 tail=30 gh60=0x4e09fee W1=0x1f8f,0x3abd,0x368c W2=0x1e9c,0x318c,0x32fd

D60=0 fiber histogram: 1:8011 2:4772 3:1795 4:1059 5:431 6:237 7:80 8:70 9:20 10:20 11:7 12:8 13:2 14:1 16:1 18:1 23:1
