free_word_mitm_reducedn
N=14 mask=0x3fff msb=0x2000
candidate: M0=0x3d36 mode=random-fallback fill=0x3fff kernel=dM0=dM9=0x2000
prefixes=32768/268435456 mode=permuted-prefix-sample w59_per_prefix=16384 total=536870912
run_mode=scan registry_cap=16
sample_start=258113536
scan_elapsed=18.179s rate=29.53 Mtriples/s

D60 interface
  D60=0 matches: 32771 (random expectation 32768.0, enrichment 1.000x)
  prefixes with D60=0: 16485
  max D60=0 fiber per prefix: 32 at W57=0x2389 W58=0x243a
  largest D60 bucket: D=0x992 count=33869
  min D60 HW: 0
  D60 HW histogram: 0:32771 1:457450 2:2977194 3:11918903 4:32803887 5:65632807 6:98482027 7:112476606 8:98406002 9:65546169 10:32763556 11:11909669 12:2975030 13:456733 14:32108

Tail closure among D60=0 matches
  final tail collisions: 0
  best r61 HW: 13
  best r61 W1[57..59]=0x691,0x2f4c,0x1608
  best r61 W2[57..59]=0x59e,0x2e2b,0x883
  best tail HW: 18
  best tail r61 HW: 22
  best W1[57..59]=0x3d8e,0x646,0x3d13
  best W2[57..59]=0x3c9b,0x6d6,0x3c18

SUMMARY N=14 sample_start=258113536 prefixes=32768 total=536870912 d0=32771 best_tail=18 tail_r61=22 best_r61=13 tail_W1=0x3d8e,0x646,0x3d13 tail_W2=0x3c9b,0x6d6,0x3c18 r61_W1=0x691,0x2f4c,0x1608 r61_W2=0x59e,0x2e2b,0x883

Scan-only witness registry
  registry_count=16 registry_cap=16
  witness[00] tail=18 r61=22 gh60=0xce3dbea W1=0x3d8e,0x646,0x3d13 W2=0x3c9b,0x6d6,0x3c18
  witness[01] tail=19 r61=17 gh60=0x4ae8f9e W1=0x2767,0x23b9,0x1bf9 W2=0x2674,0x1b8b,0x39c4
  witness[02] tail=20 r61=20 gh60=0xfb984aa W1=0x12fd,0x3486,0x39d9 W2=0x120a,0xcf2,0x2436
  witness[03] tail=21 r61=26 gh60=0xcdb84a6 W1=0x19eb,0xf5c,0x385d W2=0x18f8,0x2b37,0x3e17
  witness[04] tail=22 r61=20 gh60=0xdb0cd7a W1=0x185a,0xb62,0x2e9d W2=0x1767,0xb22,0x2e33
  witness[05] tail=22 r61=21 gh60=0x463dce6 W1=0x3e14,0x340f,0x817 W2=0x3d21,0x34b4,0x2b96
  witness[06] tail=23 r61=21 gh60=0xce9bdae W1=0x2e7f,0xa5b,0x6a0 W2=0x2d8c,0x2392,0x63d
  witness[07] tail=24 r61=16 gh60=0xc714d6a W1=0x6de,0x2a5e,0x1079 W2=0x5eb,0x2b9a,0x92
  witness[08] tail=24 r61=19 gh60=0xda98daa W1=0x2871,0x13e1,0x3d6e W2=0x277e,0xec8,0x26d2
  witness[09] tail=24 r61=19 gh60=0x791bb6a W1=0x2ddd,0x5e7,0xe0a W2=0x2cea,0x26d2,0x19dc
  witness[10] tail=24 r61=22 gh60=0x4c8fdaa W1=0x2eae,0xf19,0x195b W2=0x2dbb,0x3801,0x2492
  witness[11] tail=24 r61=23 gh60=0xba2bdfa W1=0x1095,0x85f,0x1c8e W2=0xfa2,0x253a,0x172c
  witness[12] tail=24 r61=23 gh60=0xdd2857a W1=0x2ad5,0x38e0,0x1d0 W2=0x29e2,0x2370,0x4a1
  witness[13] tail=24 r61=23 gh60=0x45add9e W1=0x3ea8,0x74d,0x2b03 W2=0x3db5,0x11aa,0x1495
  witness[14] tail=24 r61=26 gh60=0xdaecbe6 W1=0x2594,0x3c9a,0x1cd0 W2=0x24a1,0x6f5,0x20cc
  witness[15] tail=25 r61=17 gh60=0x7aacf66 W1=0x37e4,0x3458,0x384a W2=0x36f1,0x27b3,0x30af

Scan-only r61 registry
  registry_count=16 registry_cap=16
  r61_witness[00] r61=13 tail=27 gh60=0xc608dea W1=0x691,0x2f4c,0x1608 W2=0x59e,0x2e2b,0x883
  r61_witness[01] r61=14 tail=30 gh60=0x4a98566 W1=0x463,0x1fd0,0x1a9e W2=0x370,0x3d3f,0x13be
  r61_witness[02] r61=14 tail=31 gh60=0x4a1bda6 W1=0x1083,0x17d7,0x367b W2=0xf90,0x1541,0x1ca4
  r61_witness[03] r61=14 tail=33 gh60=0x4a184ea W1=0x1a21,0x28ca,0x3a7 W2=0x192e,0x3fc0,0x1fe4
  r61_witness[04] r61=15 tail=30 gh60=0x4a1fbe6 W1=0x2d9c,0x148c,0x18db W2=0x2ca9,0x124d,0x1ff
  r61_witness[05] r61=15 tail=34 gh60=0x5a047e6 W1=0x238c,0x35ad,0xda9 W2=0x2299,0x20f7,0x1bda
  r61_witness[06] r61=15 tail=36 gh60=0xcca44e6 W1=0x2424,0xc28,0x5ed W2=0x2331,0x2ba0,0x8d0
  r61_witness[07] r61=16 tail=24 gh60=0xc714d6a W1=0x6de,0x2a5e,0x1079 W2=0x5eb,0x2b9a,0x92
  r61_witness[08] r61=16 tail=28 gh60=0xcb84b9a W1=0x96a,0x3f6b,0xa5e W2=0x877,0x2b0a,0x17ea
  r61_witness[09] r61=16 tail=30 gh60=0x489cba6 W1=0x39b4,0x619,0x1449 W2=0x38c1,0x19ee,0x276e
  r61_witness[10] r61=16 tail=31 gh60=0xba1bdee W1=0x308f,0x1f98,0x2650 W2=0x2f9c,0x36db,0x39fb
  r61_witness[11] r61=16 tail=32 gh60=0xc518566 W1=0x34db,0x3587,0x2f45 W2=0x33e8,0x35a0,0x32e0
  r61_witness[12] r61=16 tail=33 gh60=0x5a54c9a W1=0x16e6,0x17b3,0x1b07 W2=0x15f3,0xd4a,0x1d1a
  r61_witness[13] r61=16 tail=34 gh60=0x4708566 W1=0xc4b,0x1604,0x25a5 W2=0xb58,0x1057,0x355a
  r61_witness[14] r61=16 tail=34 gh60=0x4b08d6e W1=0x18df,0x376,0x1eb0 W2=0x17ec,0x379d,0x131b
  r61_witness[15] r61=16 tail=34 gh60=0x4609cea W1=0x1e21,0x3186,0x1bf0 W2=0x1d2e,0x39fd,0x25a2

D60=0 fiber histogram: 1:7927 2:4806 3:1788 4:1060 5:419 6:250 7:91 8:70 9:23 10:18 11:12 12:7 13:4 14:3 15:1 16:1 17:2 20:1 22:1 32:1
