free_word_mitm_reducedn
N=14 mask=0x3fff msb=0x2000
candidate: M0=0x3d36 mode=random-fallback fill=0x3fff kernel=dM0=dM9=0x2000
prefixes=32768/268435456 mode=permuted-prefix-sample w59_per_prefix=16384 total=536870912
run_mode=scan registry_cap=16
sample_start=226557952
scan_elapsed=19.238s rate=27.91 Mtriples/s

D60 interface
  D60=0 matches: 32613 (random expectation 32768.0, enrichment 0.995x)
  prefixes with D60=0: 16654
  max D60=0 fiber per prefix: 20 at W57=0x1106 W58=0x226e
  largest D60 bucket: D=0x3e9c count=33791
  min D60 HW: 0
  D60 HW histogram: 0:32613 1:458925 2:2983392 3:11933479 4:32835702 5:65671026 6:98431322 7:112445436 8:98354103 9:65550508 10:32775806 11:11927224 12:2979920 13:458577 14:32879

Tail closure among D60=0 matches
  final tail collisions: 0
  best r61 HW: 15
  best r61 W1[57..59]=0x1ccc,0x23e2,0x2ffd
  best r61 W2[57..59]=0x1bd9,0x3112,0x34ea
  best tail HW: 19
  best tail r61 HW: 16
  best W1[57..59]=0x20b9,0x276,0x749
  best W2[57..59]=0x1fc6,0x1acd,0xdc2

SUMMARY N=14 sample_start=226557952 prefixes=32768 total=536870912 d0=32613 best_tail=19 tail_r61=16 best_r61=15 tail_W1=0x20b9,0x276,0x749 tail_W2=0x1fc6,0x1acd,0xdc2 r61_W1=0x1ccc,0x23e2,0x2ffd r61_W2=0x1bd9,0x3112,0x34ea

Scan-only witness registry
  registry_count=16 registry_cap=16
  witness[00] tail=19 r61=16 gh60=0xbb59dba W1=0x20b9,0x276,0x749 W2=0x1fc6,0x1acd,0xdc2
  witness[01] tail=21 r61=20 gh60=0xd6384fa W1=0x1219,0x6ef,0x42f W2=0x1126,0x3c77,0x1924
  witness[02] tail=23 r61=18 gh60=0x46b84aa W1=0x23fd,0xfbc,0x34f8 W2=0x230a,0x17e8,0x3cef
  witness[03] tail=24 r61=21 gh60=0x3a844a6 W1=0x1cfc,0xea9,0x3883 W2=0x1c09,0xb75,0x351c
  witness[04] tail=24 r61=24 gh60=0x3e7fc9e W1=0xde8,0x1db7,0x37eb W2=0xcf5,0x14a8,0x3a31
  witness[05] tail=25 r61=16 gh60=0x5608cee W1=0x81f,0x1bd5,0x22cd W2=0x72c,0x3b0,0x242d
  witness[06] tail=25 r61=18 gh60=0xc895cae W1=0x130,0xb4a,0x2bf8 W2=0x3d,0x372a,0x26f8
  witness[07] tail=25 r61=18 gh60=0xda18dea W1=0x289d,0x356d,0x14c7 W2=0x27aa,0x3d3c,0x20d5
  witness[08] tail=25 r61=18 gh60=0x4488caa W1=0x3641,0x35ed,0x1ecb W2=0x354e,0xe5c,0x16a9
  witness[09] tail=25 r61=20 gh60=0x4d8fdae W1=0x3080,0x3a85,0x1113 W2=0x2f8d,0x11ad,0x2998
  witness[10] tail=25 r61=21 gh60=0x36b44aa W1=0x24ee,0x32d6,0xbd5 W2=0x23fb,0x39d7,0x1a4b
  witness[11] tail=25 r61=24 gh60=0xc77857a W1=0x2cd5,0x3b2b,0x178c W2=0x2be2,0x285b,0x3598
  witness[12] tail=25 r61=32 gh60=0xf6347ea W1=0x339e,0x327,0xb8e W2=0x32ab,0x13e6,0x2505
  witness[13] tail=26 r61=17 gh60=0xba68f9a W1=0x785,0x21c6,0x536 W2=0x692,0x1194,0x123f
  witness[14] tail=26 r61=19 gh60=0x45884aa W1=0x23f1,0x605,0x29d9 W2=0x22fe,0xd05,0x67e
  witness[15] tail=26 r61=20 gh60=0x4a1cc9a W1=0x170a,0x32c5,0x1788 W2=0x1617,0x2648,0x452

Scan-only r61 registry
  registry_count=16 registry_cap=16
  r61_witness[00] r61=15 tail=31 gh60=0x56284a6 W1=0x3b03,0x20f0,0x25f9 W2=0x3a10,0x31ed,0x3513
  r61_witness[01] r61=15 tail=37 gh60=0x4d04566 W1=0x1ccc,0x23e2,0x2ffd W2=0x1bd9,0x3112,0x34ea
  r61_witness[02] r61=16 tail=19 gh60=0xbb59dba W1=0x20b9,0x276,0x749 W2=0x1fc6,0x1acd,0xdc2
  r61_witness[03] r61=16 tail=25 gh60=0x5608cee W1=0x81f,0x1bd5,0x22cd W2=0x72c,0x3b0,0x242d
  r61_witness[04] r61=16 tail=30 gh60=0x46084ee W1=0x3c1f,0x58b,0x2312 W2=0x3b2c,0x421,0x1fc2
  r61_witness[05] r61=16 tail=31 gh60=0xd91bb6a W1=0x314d,0x38a4,0xa97 W2=0x305a,0x15df,0x2973
  r61_witness[06] r61=16 tail=32 gh60=0x4b1476e W1=0x13e0,0x2457,0x3e54 W2=0x12ed,0x328e,0xaf7
  r61_witness[07] r61=16 tail=32 gh60=0x5d885aa W1=0x32bd,0x2916,0xf9e W2=0x31ca,0x31a,0x1ee0
  r61_witness[08] r61=16 tail=35 gh60=0x5619dee W1=0x8f,0x3c8b,0x3e28 W2=0x3f9c,0x1eca,0xb4b
  r61_witness[09] r61=16 tail=35 gh60=0x490cb66 W1=0x5dc,0x3e9d,0x3481 W2=0x4e9,0x64,0x1b95
  r61_witness[10] r61=16 tail=35 gh60=0x44985e6 W1=0x2ca3,0x24fa,0x2645 W2=0x2bb0,0x3a57,0x31ce
  r61_witness[11] r61=16 tail=38 gh60=0x4487c9a W1=0xe2a,0xdc,0x12c4 W2=0xd37,0x1361,0x1a66
  r61_witness[12] r61=16 tail=39 gh60=0xfa0bdea W1=0xe91,0x36db,0x1a84 W2=0xd9e,0x2a36,0x3dd6
  r61_witness[13] r61=16 tail=40 gh60=0x4e1bce6 W1=0xe0b,0x14d3,0x133 W2=0xd18,0x17fb,0x342c
  r61_witness[14] r61=17 tail=26 gh60=0xba68f9a W1=0x785,0x21c6,0x536 W2=0x692,0x1194,0x123f
  r61_witness[15] r61=17 tail=27 gh60=0xd50cd66 W1=0x8cc,0x344b,0x3ee2 W2=0x7d9,0x2076,0x18b2

D60=0 fiber histogram: 1:8142 2:4814 3:1755 4:1091 5:409 6:243 7:64 8:63 9:30 10:20 11:9 12:7 13:2 14:2 16:2 20:1
