free_word_mitm_reducedn
N=14 mask=0x3fff msb=0x2000
candidate: M0=0x3d36 mode=random-fallback fill=0x3fff kernel=dM0=dM9=0x2000
prefixes=32768/268435456 mode=permuted-prefix-sample w59_per_prefix=16384 total=536870912
run_mode=scan registry_cap=16
sample_start=25231360
scan_elapsed=19.173s rate=28.00 Mtriples/s

D60 interface
  D60=0 matches: 32700 (random expectation 32768.0, enrichment 0.998x)
  prefixes with D60=0: 16589
  max D60=0 fiber per prefix: 17 at W57=0x791 W58=0x3b7d
  largest D60 bucket: D=0x2623 count=33786
  min D60 HW: 0
  D60 HW histogram: 0:32700 1:458422 2:2982042 3:11912880 4:32769765 5:65604201 6:98426360 7:112490415 8:98424140 9:65595778 10:32785405 11:11923402 12:2974946 13:457763 14:32693

Tail closure among D60=0 matches
  final tail collisions: 0
  best r61 HW: 13
  best r61 W1[57..59]=0xe93,0x2a6f,0xd11
  best r61 W2[57..59]=0xda0,0xe37,0x17d5
  best tail HW: 21
  best tail r61 HW: 29
  best W1[57..59]=0x3164,0x2e33,0x2ec6
  best W2[57..59]=0x3071,0x22b0,0x2fd3

SUMMARY N=14 sample_start=25231360 prefixes=32768 total=536870912 d0=32700 best_tail=21 tail_r61=29 best_r61=13 tail_W1=0x3164,0x2e33,0x2ec6 tail_W2=0x3071,0x22b0,0x2fd3 r61_W1=0xe93,0x2a6f,0xd11 r61_W2=0xda0,0xe37,0x17d5

Scan-only witness registry
  registry_count=16 registry_cap=16
  witness[00] tail=21 r61=19 gh60=0xc8b5b9e W1=0x21a8,0x11fc,0x767 W2=0x20b5,0x711,0xbae
  witness[01] tail=21 r61=29 gh60=0xfeafb66 W1=0x3164,0x2e33,0x2ec6 W2=0x3071,0x22b0,0x2fd3
  witness[02] tail=23 r61=28 gh60=0xbffdf9a W1=0x3f8a,0x1554,0x3ecf W2=0x3e97,0x2d,0x29c6
  witness[03] tail=24 r61=22 gh60=0x455459a W1=0x1ca6,0x2b53,0x2204 W2=0x1bb3,0x1985,0x2aab
  witness[04] tail=24 r61=24 gh60=0x4cec4e6 W1=0x1424,0x3725,0x20e2 W2=0x1331,0x2199,0x5e6
  witness[05] tail=25 r61=17 gh60=0xcce85e6 W1=0xca3,0x36f0,0x77c W2=0xbb0,0xa4d,0x938
  witness[06] tail=25 r61=18 gh60=0x7588dae W1=0x387f,0x2a33,0x3c72 W2=0x378c,0x1cea,0x805
  witness[07] tail=25 r61=19 gh60=0x459bdaa W1=0x2eb1,0x26a3,0xe72 W2=0x2dbe,0x137a,0x2d91
  witness[08] tail=25 r61=20 gh60=0x4895cae W1=0x130,0x1b4a,0x1f35 W2=0x3d,0x72a,0x262d
  witness[09] tail=25 r61=20 gh60=0xcb84da6 W1=0x387c,0x14d5,0x115b W2=0x3789,0x177a,0x1763
  witness[10] tail=25 r61=21 gh60=0x5aecba6 W1=0x1574,0x5d9,0x3035 W2=0x1481,0x1e3e,0x1a1
  witness[11] tail=25 r61=30 gh60=0xf77c5be W1=0x22b8,0x250a,0x101c W2=0x21c5,0x2a51,0x986
  witness[12] tail=26 r61=18 gh60=0x3c8c5aa W1=0xcae,0x12c8,0xaaa W2=0xbbb,0x10f1,0x3ee
  witness[13] tail=26 r61=18 gh60=0x4a9849a W1=0x2be5,0x15f0,0x863 W2=0x2af2,0x3cbd,0x2904
  witness[14] tail=26 r61=20 gh60=0x7b28566 W1=0x2d3,0x13b7,0x33a5 W2=0x1e0,0x612,0x20c9
  witness[15] tail=26 r61=20 gh60=0xc9d879a W1=0x2b69,0x1a0b,0x587 W2=0x2a76,0x1c5c,0x1641

Scan-only r61 registry
  registry_count=16 registry_cap=16
  r61_witness[00] r61=13 tail=33 gh60=0x3a2bde6 W1=0xe93,0x2a6f,0xd11 W2=0xda0,0xe37,0x17d5
  r61_witness[01] r61=14 tail=30 gh60=0x4b04b9a W1=0x29ca,0x28c6,0x622 W2=0x28d7,0x1419,0x54d
  r61_witness[02] r61=15 tail=29 gh60=0x4a87fa6 W1=0xf7c,0x324,0x3cdb W2=0xe89,0x186f,0x1273
  r61_witness[03] r61=15 tail=29 gh60=0x4a5c49a W1=0x2506,0x1e1a,0x24a1 W2=0x2413,0x464,0x2783
  r61_witness[04] r61=15 tail=35 gh60=0x54a45a6 W1=0x1ab4,0x1440,0x1fd8 W2=0x19c1,0x1796,0x773
  r61_witness[05] r61=15 tail=39 gh60=0xca07c9a W1=0x110a,0x35ab,0x670 W2=0x1017,0x6b0,0x7ed
  r61_witness[06] r61=16 tail=28 gh60=0x4b8fcae W1=0x3140,0xd23,0x5d9 W2=0x304d,0x1ff7,0x22c
  r61_witness[07] r61=16 tail=30 gh60=0xca044fa W1=0xa1a,0x3741,0x2267 W2=0x927,0x1c2e,0x2238
  r61_witness[08] r61=16 tail=30 gh60=0x4b1856e W1=0x1ccf,0x16a,0x1688 W2=0x1bdc,0x3a9c,0x3161
  r61_witness[09] r61=16 tail=33 gh60=0x4b0856a W1=0x34cd,0xe53,0x282 W2=0x33da,0x2ff9,0x3a45
  r61_witness[10] r61=16 tail=34 gh60=0x36a4b66 W1=0x1564,0x38e5,0x1f25 W2=0x1471,0xee0,0x3de9
  r61_witness[11] r61=16 tail=34 gh60=0x4e89daa W1=0x206d,0x543,0x23b W2=0x1f7a,0x11aa,0xec0
  r61_witness[12] r61=16 tail=34 gh60=0x4888caa W1=0x272d,0x14fb,0x3b0d W2=0x263a,0x1976,0x3829
  r61_witness[13] r61=16 tail=34 gh60=0x39884aa W1=0x2d2d,0x1e2a,0x267c W2=0x2c3a,0x2226,0x17b8
  r61_witness[14] r61=17 tail=25 gh60=0xcce85e6 W1=0xca3,0x36f0,0x77c W2=0xbb0,0xa4d,0x938
  r61_witness[15] r61=17 tail=27 gh60=0x57784a6 W1=0x1543,0x2948,0x162b W2=0x1450,0x17c3,0xbd4

D60=0 fiber histogram: 1:8102 2:4711 3:1817 4:1109 5:396 6:235 7:71 8:73 9:25 10:23 11:3 12:9 13:3 14:5 15:1 16:4 17:2
