free_word_mitm_reducedn
N=14 mask=0x3fff msb=0x2000
candidate: M0=0x3d36 mode=random-fallback fill=0x3fff kernel=dM0=dM9=0x2000
prefixes=32768/268435456 mode=permuted-prefix-sample w59_per_prefix=16384 total=536870912
run_mode=scan registry_cap=16
sample_start=8454144
scan_elapsed=19.336s rate=27.77 Mtriples/s

D60 interface
  D60=0 matches: 32709 (random expectation 32768.0, enrichment 0.998x)
  prefixes with D60=0: 16544
  max D60=0 fiber per prefix: 24 at W57=0x35e3 W58=0x3432
  largest D60 bucket: D=0x615 count=33839
  min D60 HW: 0
  D60 HW histogram: 0:32709 1:458798 2:2982300 3:11926154 4:32810212 5:65615789 6:98458013 7:112508684 8:98404993 9:65560535 10:32748295 11:11903417 12:2972135 13:456291 14:32587

Tail closure among D60=0 matches
  final tail collisions: 0
  best r61 HW: 13
  best r61 W1[57..59]=0x15c1,0x34c1,0x34b6
  best r61 W2[57..59]=0x14ce,0x508,0x2f5
  best tail HW: 21
  best tail r61 HW: 20
  best W1[57..59]=0x1dfb,0x1ef9,0x32b4
  best W2[57..59]=0x1d08,0x3103,0x17ab

SUMMARY N=14 sample_start=8454144 prefixes=32768 total=536870912 d0=32709 best_tail=21 tail_r61=20 best_r61=13 tail_W1=0x1dfb,0x1ef9,0x32b4 tail_W2=0x1d08,0x3103,0x17ab r61_W1=0x15c1,0x34c1,0x34b6 r61_W2=0x14ce,0x508,0x2f5

Scan-only witness registry
  registry_count=16 registry_cap=16
  witness[00] tail=21 r61=20 gh60=0x4b89ca6 W1=0x1dfb,0x1ef9,0x32b4 W2=0x1d08,0x3103,0x17ab
  witness[01] tail=22 r61=19 gh60=0x4e844a6 W1=0x3aec,0x3761,0x30a5 W2=0x39f9,0x193d,0x3edf
  witness[02] tail=22 r61=22 gh60=0x476bcba W1=0xf35,0x16f8,0x105 W2=0xe42,0x296f,0x2628
  witness[03] tail=23 r61=17 gh60=0x595cc9e W1=0x2728,0xbf4,0x2644 W2=0x2635,0x18eb,0x121a
  witness[04] tail=23 r61=21 gh60=0x5b1c4aa W1=0x2242,0x3fe1,0x2fe4 W2=0x214f,0x4f6,0x383c
  witness[05] tail=24 r61=17 gh60=0xc929b9a W1=0x1dc9,0xcb3,0x1c82 W2=0x1cd6,0xc5f,0x1d08
  witness[06] tail=24 r61=20 gh60=0x4a2fde6 W1=0x2e94,0x643,0x3141 W2=0x2da1,0x3414,0xbc4
  witness[07] tail=24 r61=21 gh60=0x4bf4c9e W1=0x7e8,0xc9d,0x236d W2=0x6f5,0x608,0x2222
  witness[08] tail=24 r61=21 gh60=0xc714f6a W1=0x27ce,0x1790,0x14f2 W2=0x26db,0xfb8,0x390b
  witness[09] tail=24 r61=21 gh60=0x4ab84a6 W1=0x32f3,0x3e84,0x167 W2=0x3200,0xe6f,0x3fff
  witness[10] tail=25 r61=16 gh60=0x46a9b9e W1=0x167,0xe97,0x15b W2=0x74,0x633,0x873
  witness[11] tail=25 r61=18 gh60=0xcad4b7a W1=0x15d6,0x3aa7,0x2c56 W2=0x14e3,0x7ab,0xe94
  witness[12] tail=25 r61=18 gh60=0x5a3bd9a W1=0x3089,0x32b4,0x2ab1 W2=0x2f96,0x37ec,0x10ea
  witness[13] tail=25 r61=19 gh60=0x49f449e W1=0xae8,0x1715,0x27d7 W2=0x9f5,0x273f,0x2adc
  witness[14] tail=25 r61=19 gh60=0x5a244ea W1=0x2412,0xdb7,0x3b56 W2=0x231f,0x14b2,0x334e
  witness[15] tail=25 r61=19 gh60=0x7a68dbe W1=0x3677,0x770,0x1c28 W2=0x3584,0x1fb7,0x287

Scan-only r61 registry
  registry_count=16 registry_cap=16
  r61_witness[00] r61=13 tail=28 gh60=0x3988baa W1=0x15c1,0x34c1,0x34b6 W2=0x14ce,0x508,0x2f5
  r61_witness[01] r61=15 tail=26 gh60=0x5a084ea W1=0x1a21,0x1ecc,0x1660 W2=0x192e,0x35c2,0x2de3
  r61_witness[02] r61=15 tail=30 gh60=0x458c5aa W1=0x247e,0x93,0xcc W2=0x238b,0x9c,0x184f
  r61_witness[03] r61=15 tail=31 gh60=0x4a6c4a6 W1=0x1d04,0x1123,0xb0e W2=0x1c11,0x2e21,0x1665
  r61_witness[04] r61=15 tail=32 gh60=0xc698da6 W1=0x2673,0x252e,0x2835 W2=0x2580,0x1e02,0x81
  r61_witness[05] r61=15 tail=34 gh60=0x4a0c5ea W1=0x328e,0x282e,0x633 W2=0x319b,0x33d1,0x20dd
  r61_witness[06] r61=16 tail=25 gh60=0x46a9b9e W1=0x167,0xe97,0x15b W2=0x74,0x633,0x873
  r61_witness[07] r61=16 tail=28 gh60=0x5f184a6 W1=0xa43,0x12e,0x2bc1 W2=0x950,0x2eab,0x3560
  r61_witness[08] r61=16 tail=29 gh60=0x4e0cdee W1=0x2890,0x39d7,0xb0 W2=0x279d,0x1e97,0x85c
  r61_witness[09] r61=16 tail=31 gh60=0x390479a W1=0x23ca,0xb97,0x3aba W2=0x22d7,0x3da9,0x14e
  r61_witness[10] r61=16 tail=33 gh60=0x4e245e6 W1=0x294,0x31f0,0x3353 W2=0x1a1,0x28bc,0x11f3
  r61_witness[11] r61=16 tail=34 gh60=0x5e085ea W1=0x1c91,0x116d,0xfb9 W2=0x1b9e,0x230f,0x1d57
  r61_witness[12] r61=16 tail=35 gh60=0x56184a6 W1=0x3203,0x111f,0x31dd W2=0x3110,0xc1a,0x1b46
  r61_witness[13] r61=16 tail=35 gh60=0x58a8b9e W1=0x39a7,0x485,0x137 W2=0x38b4,0x6af,0x844
  r61_witness[14] r61=17 tail=23 gh60=0x595cc9e W1=0x2728,0xbf4,0x2644 W2=0x2635,0x18eb,0x121a
  r61_witness[15] r61=17 tail=24 gh60=0xc929b9a W1=0x1dc9,0xcb3,0x1c82 W2=0x1cd6,0xc5f,0x1d08

D60=0 fiber histogram: 1:8071 2:4718 3:1768 4:1147 5:393 6:198 7:91 8:64 9:32 10:26 11:12 12:7 13:8 14:6 15:1 17:1 24:1
