free_word_mitm_reducedn
N=14 mask=0x3fff msb=0x2000
candidate: M0=0x3d36 mode=random-fallback fill=0x3fff kernel=dM0=dM9=0x2000
prefixes=32768/268435456 mode=permuted-prefix-sample w59_per_prefix=16384 total=536870912
run_mode=scan registry_cap=16
sample_start=140279808
scan_elapsed=20.136s rate=26.66 Mtriples/s

D60 interface
  D60=0 matches: 32990 (random expectation 32768.0, enrichment 1.007x)
  prefixes with D60=0: 16635
  max D60=0 fiber per prefix: 19 at W57=0xf7c W58=0xb2a
  largest D60 bucket: D=0xda4 count=33784
  min D60 HW: 0
  D60 HW histogram: 0:32990 1:459364 2:2982277 3:11931928 4:32806460 5:65640750 6:98462045 7:112454635 8:98374022 9:65563785 10:32774335 11:11921107 12:2976082 13:458633 14:32499

Tail closure among D60=0 matches
  final tail collisions: 0
  best r61 HW: 13
  best r61 W1[57..59]=0x37a0,0x392,0x17d0
  best r61 W2[57..59]=0x36ad,0x852,0x3eb7
  best tail HW: 21
  best tail r61 HW: 16
  best W1[57..59]=0x2937,0xf58,0x2e08
  best W2[57..59]=0x2844,0x937,0x628

SUMMARY N=14 sample_start=140279808 prefixes=32768 total=536870912 d0=32990 best_tail=21 tail_r61=16 best_r61=13 tail_W1=0x2937,0xf58,0x2e08 tail_W2=0x2844,0x937,0x628 r61_W1=0x37a0,0x392,0x17d0 r61_W2=0x36ad,0x852,0x3eb7

Scan-only witness registry
  registry_count=16 registry_cap=16
  witness[00] tail=21 r61=16 gh60=0x5968cbe W1=0x2937,0xf58,0x2e08 W2=0x2844,0x937,0x628
  witness[01] tail=23 r61=14 gh60=0x45884ae W1=0x343f,0x29ec,0x1459 W2=0x334c,0x267c,0x373f
  witness[02] tail=23 r61=16 gh60=0xc8a8cba W1=0x3735,0x66b,0x2b09 W2=0x3642,0x3a6a,0x2dd9
  witness[03] tail=23 r61=17 gh60=0x4ce8da6 W1=0x8b3,0x719,0x2969 W2=0x7c0,0x19dd,0x16e5
  witness[04] tail=23 r61=19 gh60=0xcd1c59a W1=0x32ca,0x88,0x7fe W2=0x31d7,0x3cee,0x10d6
  witness[05] tail=23 r61=20 gh60=0x466ccba W1=0x8f6,0x181d,0x3f20 W2=0x803,0x3aa1,0x3f8d
  witness[06] tail=23 r61=23 gh60=0x7f84ba6 W1=0x5bc,0x3cbb,0x2b9b W2=0x4c9,0x470,0x2a2a
  witness[07] tail=23 r61=28 gh60=0xcab5faa W1=0x1f7e,0x11ae,0x33e6 W2=0x1e8b,0xe36,0x3f6d
  witness[08] tail=24 r61=18 gh60=0x4e95fae W1=0x3f70,0x1e82,0x3e16 W2=0x3e7d,0x135e,0xa24
  witness[09] tail=24 r61=20 gh60=0x498449a W1=0x14ea,0x289a,0x1312 W2=0x13f7,0x1ee6,0x30c6
  witness[10] tail=24 r61=21 gh60=0xc63bbfa W1=0x1199,0x1fd3,0x2b9f W2=0x10a6,0xf62,0x72
  witness[11] tail=24 r61=25 gh60=0x3b0fd6a W1=0x2ece,0x3ef4,0x2b7e W2=0x2ddb,0x2fc4,0x1ea9
  witness[12] tail=25 r61=19 gh60=0xca84ba6 W1=0x357c,0x1a39,0x1b5f W2=0x3489,0x327e,0x24ed
  witness[13] tail=25 r61=20 gh60=0xcc844a6 W1=0x223c,0x3516,0x3a8a W2=0x2149,0x1264,0x2c40
  witness[14] tail=25 r61=21 gh60=0xc68cf9a W1=0x276a,0xf0a,0x2824 W2=0x2677,0x3ea1,0x250f
  witness[15] tail=25 r61=22 gh60=0x4a245a6 W1=0x3c84,0x2ffc,0x1c7a W2=0x3b91,0x16d2,0xc40

Scan-only r61 registry
  registry_count=16 registry_cap=16
  r61_witness[00] r61=13 tail=29 gh60=0x4a29fe6 W1=0x1f93,0x13a9,0x39a7 W2=0x1ea0,0x3a05,0x3d12
  r61_witness[01] r61=13 tail=29 gh60=0x4a14fee W1=0x37a0,0x392,0x17d0 W2=0x36ad,0x852,0x3eb7
  r61_witness[02] r61=14 tail=23 gh60=0x45884ae W1=0x343f,0x29ec,0x1459 W2=0x334c,0x267c,0x373f
  r61_witness[03] r61=14 tail=31 gh60=0x488c7ba W1=0x23ba,0x16be,0x11ed W2=0x22c7,0x979,0x2276
  r61_witness[04] r61=14 tail=33 gh60=0x48a7fea W1=0xfa2,0x13b9,0x2695 W2=0xeaf,0x34d9,0xae
  r61_witness[05] r61=15 tail=26 gh60=0x4aac4ba W1=0x32f6,0x2fe8,0x28dd W2=0x3203,0x2767,0x26a7
  r61_witness[06] r61=15 tail=29 gh60=0x58884aa W1=0x1d3d,0x180a,0x3fa3 W2=0x1c4a,0x2bf6,0x1814
  r61_witness[07] r61=15 tail=29 gh60=0x4a884aa W1=0x22ed,0x189f,0x1481 W2=0x21fa,0x211b,0x3a94
  r61_witness[08] r61=15 tail=35 gh60=0x4a0dfee W1=0x3fa0,0x150a,0xc70 W2=0x3ead,0xbca,0x2290
  r61_witness[09] r61=15 tail=36 gh60=0x470457a W1=0x1c5a,0x223b,0x39d7 W2=0x1b67,0x273c,0x178c
  r61_witness[10] r61=16 tail=21 gh60=0x5968cbe W1=0x2937,0xf58,0x2e08 W2=0x2844,0x937,0x628
  r61_witness[11] r61=16 tail=23 gh60=0xc8a8cba W1=0x3735,0x66b,0x2b09 W2=0x3642,0x3a6a,0x2dd9
  r61_witness[12] r61=16 tail=27 gh60=0x4a2dbaa W1=0x1d82,0x108d,0x24c W2=0x1c8f,0x3e79,0xcaf
  r61_witness[13] r61=16 tail=29 gh60=0x48a84e6 W1=0x1b23,0x1caa,0x3c82 W2=0x1a30,0x2f1b,0x2660
  r61_witness[14] r61=16 tail=29 gh60=0x5cabde6 W1=0x2ea3,0x15e,0x3545 W2=0x2db0,0x2ebe,0x10b0
  r61_witness[15] r61=16 tail=29 gh60=0x5b04b7a W1=0x355a,0x14e7,0xec2 W2=0x3467,0x121f,0x627

D60=0 fiber histogram: 1:7974 2:4867 3:1813 4:1104 5:407 6:233 7:103 8:62 9:26 10:21 11:6 12:7 13:3 14:2 15:1 16:4 18:1 19:1
