free_word_mitm_reducedn
N=14 mask=0x3fff msb=0x2000
candidate: M0=0x3d36 mode=random-fallback fill=0x3fff kernel=dM0=dM9=0x2000
prefixes=32768/268435456 mode=permuted-prefix-sample w59_per_prefix=16384 total=536870912
run_mode=scan registry_cap=16
sample_start=73170944
scan_elapsed=20.022s rate=26.81 Mtriples/s

D60 interface
  D60=0 matches: 32556 (random expectation 32768.0, enrichment 0.994x)
  prefixes with D60=0: 16575
  max D60=0 fiber per prefix: 24 at W57=0x812 W58=0x285a
  largest D60 bucket: D=0x2510 count=33752
  min D60 HW: 0
  D60 HW histogram: 0:32556 1:459161 2:2982788 3:11934410 4:32856733 5:65720173 6:98528850 7:112494667 8:98338837 9:65488097 10:32704755 11:11878150 12:2964057 13:455204 14:32474

Tail closure among D60=0 matches
  final tail collisions: 0
  best r61 HW: 14
  best r61 W1[57..59]=0x90f,0x152b,0x1905
  best r61 W2[57..59]=0x81c,0x2e02,0x3d1
  best tail HW: 22
  best tail r61 HW: 24
  best W1[57..59]=0xf59,0x7f9,0x25d3
  best W2[57..59]=0xe66,0x3418,0x254e

SUMMARY N=14 sample_start=73170944 prefixes=32768 total=536870912 d0=32556 best_tail=22 tail_r61=24 best_r61=14 tail_W1=0xf59,0x7f9,0x25d3 tail_W2=0xe66,0x3418,0x254e r61_W1=0x90f,0x152b,0x1905 r61_W2=0x81c,0x2e02,0x3d1

Scan-only witness registry
  registry_count=16 registry_cap=16
  witness[00] tail=22 r61=24 gh60=0x4bdbf7a W1=0xf59,0x7f9,0x25d3 W2=0xe66,0x3418,0x254e
  witness[01] tail=23 r61=22 gh60=0x47fbb9a W1=0x11c5,0x375d,0x2412 W2=0x10d2,0x1a01,0x304d
  witness[02] tail=24 r61=17 gh60=0xd887ca6 W1=0x313c,0x1ec,0xaf7 W2=0x3049,0x14fb,0x3251
  witness[03] tail=24 r61=20 gh60=0x5febb66 W1=0xdd3,0x23c2,0x6b8 W2=0xce0,0x1a2e,0x2def
  witness[04] tail=24 r61=20 gh60=0x7a74dae W1=0x1680,0x119b,0x33e8 W2=0x158d,0xa43,0xa7f
  witness[05] tail=24 r61=21 gh60=0xcd0cd66 W1=0x26cc,0x3dd3,0x24d9 W2=0x25d9,0x18a6,0xec5
  witness[06] tail=24 r61=21 gh60=0xda087ea W1=0x2b8d,0x3321,0xcfa W2=0x2a9a,0x23eb,0x2e12
  witness[07] tail=24 r61=22 gh60=0x7db84ba W1=0x2439,0x1416,0x3ec9 W2=0x2346,0x3a94,0x278
  witness[08] tail=24 r61=27 gh60=0xdbe8d9e W1=0x3887,0x2c9e,0x2fdc W2=0x3794,0x34,0x36b5
  witness[09] tail=25 r61=17 gh60=0xdb844a6 W1=0x9fc,0x311d,0x2b77 W2=0x909,0xee9,0x2b25
  witness[10] tail=25 r61=17 gh60=0xcf1ccaa W1=0x2942,0x135a,0x39f5 W2=0x284f,0x14ae,0xdc1
  witness[11] tail=25 r61=20 gh60=0x5bbfdae W1=0x2eb0,0x2cdf,0x2d3d W2=0x2dbd,0x5a7,0x29d5
  witness[12] tail=25 r61=20 gh60=0x7ab84ba W1=0x39f5,0x397c,0x8b4 W2=0x3902,0x2eb6,0x18d2
  witness[13] tail=25 r61=22 gh60=0xd90c76a W1=0x234e,0x13e2,0x10d2 W2=0x225b,0x1641,0x1a36
  witness[14] tail=25 r61=22 gh60=0x5d68d9a W1=0x38c9,0xfc3,0x1d1b W2=0x37d6,0x3ae5,0x1434
  witness[15] tail=25 r61=24 gh60=0x4df8d7e W1=0x38d7,0x3d0e,0x15fe W2=0x37e4,0x8b9,0x38dc

Scan-only r61 registry
  registry_count=16 registry_cap=16
  r61_witness[00] r61=14 tail=31 gh60=0xc6285fa W1=0x3499,0x146a,0x54a W2=0x33a6,0x58a,0x3804
  r61_witness[01] r61=14 tail=33 gh60=0xca08cee W1=0x90f,0x152b,0x1905 W2=0x81c,0x2e02,0x3d1
  r61_witness[02] r61=15 tail=29 gh60=0x3d0856a W1=0x44d,0x2a28,0x1b9 W2=0x35a,0x36ba,0x210c
  r61_witness[03] r61=15 tail=29 gh60=0xc888bae W1=0x29af,0x3415,0x2c80 W2=0x28bc,0x282c,0xa12
  r61_witness[04] r61=15 tail=34 gh60=0x5604be6 W1=0x58c,0x3a1e,0xbc2 W2=0x499,0x469,0x3161
  r61_witness[05] r61=16 tail=29 gh60=0x48a44a6 W1=0x1b34,0xb68,0x23b4 W2=0x1a41,0xad6,0x2e3
  r61_witness[06] r61=16 tail=29 gh60=0x5a78bea W1=0x2591,0x311a,0x2625 W2=0x249e,0x2fe9,0x156b
  r61_witness[07] r61=16 tail=30 gh60=0x4a09be6 W1=0x219b,0x126c,0x3d80 W2=0x20a8,0x1728,0x187e
  r61_witness[08] r61=16 tail=31 gh60=0x4984ca6 W1=0x92c,0x218b,0x37d5 W2=0x839,0xba8,0x14b5
  r61_witness[09] r61=16 tail=31 gh60=0x4d08566 W1=0x24db,0x149f,0xa1 W2=0x23e8,0xfbc,0xc42
  r61_witness[10] r61=16 tail=32 gh60=0xf914b6a W1=0x294e,0x20fc,0x3e4b W2=0x285b,0x1f3c,0x1217
  r61_witness[11] r61=16 tail=36 gh60=0xc625ce6 W1=0x114,0x38ba,0x27e2 W2=0x21,0x2ef,0x27f6
  r61_witness[12] r61=17 tail=24 gh60=0xd887ca6 W1=0x313c,0x1ec,0xaf7 W2=0x3049,0x14fb,0x3251
  r61_witness[13] r61=17 tail=25 gh60=0xdb844a6 W1=0x9fc,0x311d,0x2b77 W2=0x909,0xee9,0x2b25
  r61_witness[14] r61=17 tail=25 gh60=0xcf1ccaa W1=0x2942,0x135a,0x39f5 W2=0x284f,0x14ae,0xdc1
  r61_witness[15] r61=17 tail=27 gh60=0xca1c4e6 W1=0xc14,0xcd4,0x1b2 W2=0xb21,0x2bb6,0x13e

D60=0 fiber histogram: 1:8124 2:4717 3:1826 4:1057 5:401 6:227 7:77 8:71 9:27 10:24 11:5 12:4 13:7 14:2 15:1 16:1 17:1 20:1 21:1 24:1
