free_word_mitm_reducedn
N=14 mask=0x3fff msb=0x2000
candidate: M0=0x3d36 mode=random-fallback fill=0x3fff kernel=dM0=dM9=0x2000
prefixes=32768/268435456 mode=permuted-prefix-sample w59_per_prefix=16384 total=536870912
run_mode=scan registry_cap=16
sample_start=101482496
scan_elapsed=19.994s rate=26.85 Mtriples/s

D60 interface
  D60=0 matches: 32859 (random expectation 32768.0, enrichment 1.003x)
  prefixes with D60=0: 16681
  max D60=0 fiber per prefix: 24 at W57=0x1174 W58=0xab9
  largest D60 bucket: D=0x3683 count=33846
  min D60 HW: 0
  D60 HW histogram: 0:32859 1:458244 2:2981084 3:11937290 4:32843313 5:65645245 6:98449973 7:112464141 8:98389426 9:65540434 10:32760529 11:11904396 12:2973760 13:457352 14:32866

Tail closure among D60=0 matches
  final tail collisions: 0
  best r61 HW: 13
  best r61 W1[57..59]=0x8de,0x3e84,0xcc1
  best r61 W2[57..59]=0x7eb,0x39e0,0x1c60
  best tail HW: 19
  best tail r61 HW: 15
  best W1[57..59]=0x3171,0x3750,0x2bd6
  best W2[57..59]=0x307e,0x1cd3,0x4de

SUMMARY N=14 sample_start=101482496 prefixes=32768 total=536870912 d0=32859 best_tail=19 tail_r61=15 best_r61=13 tail_W1=0x3171,0x3750,0x2bd6 tail_W2=0x307e,0x1cd3,0x4de r61_W1=0x8de,0x3e84,0xcc1 r61_W2=0x7eb,0x39e0,0x1c60

Scan-only witness registry
  registry_count=16 registry_cap=16
  witness[00] tail=19 r61=15 gh60=0xc98bbaa W1=0x3171,0x3750,0x2bd6 W2=0x307e,0x1cd3,0x4de
  witness[01] tail=20 r61=21 gh60=0xc8acba6 W1=0x19b4,0x17d7,0x263e W2=0x18c1,0x2bac,0x3588
  witness[02] tail=22 r61=14 gh60=0xc48bdae W1=0x2eaf,0x8d5,0xded W2=0x2dbc,0x258c,0x237e
  witness[03] tail=22 r61=19 gh60=0xc4ffcba W1=0xe36,0x2444,0x3aad W2=0xd43,0x3680,0x2dc3
  witness[04] tail=22 r61=19 gh60=0xfa1849a W1=0x3205,0xa8e,0xfc6 W2=0x3112,0x3f9f,0x27a9
  witness[05] tail=24 r61=15 gh60=0x4c985e6 W1=0x34a3,0xc38,0x2e5b W2=0x33b0,0x3493,0x2413
  witness[06] tail=24 r61=19 gh60=0xcbe45aa W1=0x1282,0x3648,0x4b5 W2=0x118f,0x12f5,0x1504
  witness[07] tail=24 r61=20 gh60=0xc66ddbe W1=0x1e78,0x266e,0xc69 W2=0x1d85,0x2d26,0x3c50
  witness[08] tail=24 r61=20 gh60=0xd8bdfaa W1=0x3fb2,0x3f67,0xf27 W2=0x3ebf,0x2f73,0xb6d
  witness[09] tail=25 r61=17 gh60=0x4688caa W1=0x25ed,0x1901,0x2dd6 W2=0x24fa,0x21bc,0x367e
  witness[10] tail=25 r61=18 gh60=0xde0c5ee W1=0x1aa0,0x1ff,0x1ce3 W2=0x19ad,0x352e,0x335f
  witness[11] tail=25 r61=19 gh60=0x4619cea W1=0x11d,0x3ebe,0x13a0 W2=0x2a,0x121,0x25a6
  witness[12] tail=25 r61=19 gh60=0xc8a8cbe W1=0x1937,0x263d,0x2d79 W2=0x1844,0x3020,0xb49
  witness[13] tail=25 r61=19 gh60=0xca2c7e6 W1=0x3b94,0x3c6c,0x27e4 W2=0x3aa1,0x34ca,0x343f
  witness[14] tail=25 r61=21 gh60=0xfde8dbe W1=0x6b7,0x7a3,0x33b0 W2=0x5c4,0xf5a,0x14f3
  witness[15] tail=25 r61=23 gh60=0x4fd4cba W1=0x936,0x156e,0x1ed W2=0x843,0x376e,0x27b3

Scan-only r61 registry
  registry_count=16 registry_cap=16
  r61_witness[00] r61=13 tail=30 gh60=0xd714d6a W1=0x8de,0x3e84,0xcc1 W2=0x7eb,0x39e0,0x1c60
  r61_witness[01] r61=14 tail=22 gh60=0xc48bdae W1=0x2eaf,0x8d5,0xded W2=0x2dbc,0x258c,0x237e
  r61_witness[02] r61=14 tail=32 gh60=0x751456e W1=0x22d0,0x229,0x29e9 W2=0x21dd,0x2680,0xb9d
  r61_witness[03] r61=14 tail=36 gh60=0x46084ea W1=0x3c1d,0x37bd,0x3c50 W2=0x3b2a,0xe6f,0x350c
  r61_witness[04] r61=15 tail=19 gh60=0xc98bbaa W1=0x3171,0x3750,0x2bd6 W2=0x307e,0x1cd3,0x4de
  r61_witness[05] r61=15 tail=24 gh60=0x4c985e6 W1=0x34a3,0xc38,0x2e5b W2=0x33b0,0x3493,0x2413
  r61_witness[06] r61=15 tail=27 gh60=0xba99cae W1=0xef,0x33a0,0x211c W2=0x3ffc,0x1003,0xded
  r61_witness[07] r61=15 tail=29 gh60=0xca34dea W1=0x268e,0x27c0,0x87b W2=0x259b,0x2aa0,0x15eb
  r61_witness[08] r61=15 tail=30 gh60=0xc88bca6 W1=0xf2b,0x6b0,0x1ea4 W2=0xe38,0x194a,0x11b2
  r61_witness[09] r61=15 tail=30 gh60=0x3d88dae W1=0x367f,0x2f86,0x3766 W2=0x358c,0x283d,0x3ba2
  r61_witness[10] r61=15 tail=31 gh60=0x488bca6 W1=0xf2b,0xa9b,0x25c W2=0xe38,0x1d35,0xee3
  r61_witness[11] r61=15 tail=32 gh60=0x4a8bcae W1=0xeff,0x1f26,0x1fb7 W2=0xe0c,0x2e75,0x28dd
  r61_witness[12] r61=15 tail=35 gh60=0x4c885aa W1=0x14b1,0x3b79,0x2e57 W2=0x13be,0xb11,0x39fc
  r61_witness[13] r61=16 tail=29 gh60=0x4a284e6 W1=0x213,0x1aca,0x3369 W2=0x120,0x5bd,0x2af3
  r61_witness[14] r61=16 tail=29 gh60=0x4a185ee W1=0x3a9f,0x122a,0xaab W2=0x39ac,0x758,0x2216
  r61_witness[15] r61=16 tail=33 gh60=0x4664faa W1=0x2782,0x2423,0x640 W2=0x268f,0x11cf,0x3f6e

D60=0 fiber histogram: 1:8179 2:4771 3:1786 4:1060 5:445 6:197 7:75 8:79 9:36 10:21 11:5 12:12 13:1 14:5 16:3 17:2 18:3 24:1
