free_word_mitm_reducedn
N=14 mask=0x3fff msb=0x2000
candidate: M0=0x3d36 mode=random-fallback fill=0x3fff kernel=dM0=dM9=0x2000
prefixes=32768/268435456 mode=permuted-prefix-sample w59_per_prefix=16384 total=536870912
run_mode=scan registry_cap=16
sample_start=125861888
scan_elapsed=18.804s rate=28.55 Mtriples/s

D60 interface
  D60=0 matches: 32611 (random expectation 32768.0, enrichment 0.995x)
  prefixes with D60=0: 16496
  max D60=0 fiber per prefix: 18 at W57=0x3069 W58=0x20e1
  largest D60 bucket: D=0x1d31 count=33903
  min D60 HW: 0
  D60 HW histogram: 0:32611 1:457356 2:2980880 3:11921771 4:32831502 5:65661586 6:98479272 7:112520068 8:98386195 9:65536717 10:32729082 11:11879463 12:2964780 13:456922 14:32707

Tail closure among D60=0 matches
  final tail collisions: 0
  best r61 HW: 14
  best r61 W1[57..59]=0x687,0xf16,0x366
  best r61 W2[57..59]=0x594,0x18a8,0x84e
  best tail HW: 19
  best tail r61 HW: 18
  best W1[57..59]=0x174c,0x25c0,0x1ac
  best W2[57..59]=0x1659,0x18f7,0x24cf

SUMMARY N=14 sample_start=125861888 prefixes=32768 total=536870912 d0=32611 best_tail=19 tail_r61=18 best_r61=14 tail_W1=0x174c,0x25c0,0x1ac tail_W2=0x1659,0x18f7,0x24cf r61_W1=0x687,0xf16,0x366 r61_W2=0x594,0x18a8,0x84e

Scan-only witness registry
  registry_count=16 registry_cap=16
  witness[00] tail=19 r61=18 gh60=0x5904f66 W1=0x174c,0x25c0,0x1ac W2=0x1659,0x18f7,0x24cf
  witness[01] tail=23 r61=16 gh60=0xcba8dba W1=0x6b9,0x215c,0xd43 W2=0x5c6,0x133,0x2260
  witness[02] tail=23 r61=28 gh60=0xcd3c5a6 W1=0xac4,0x205,0x1753 W2=0x9d1,0x376b,0x3e74
  witness[03] tail=24 r61=18 gh60=0x56184ea W1=0x2b1d,0x1099,0x275 W2=0x2a2a,0x187f,0x355b
  witness[04] tail=24 r61=19 gh60=0x46784fe W1=0x3c17,0xafc,0x2a8c W2=0x3b24,0x2aa4,0x3c55
  witness[05] tail=24 r61=20 gh60=0x4b98fa6 W1=0x17ab,0x115a,0x3526 W2=0x16b8,0x6ae,0x1573
  witness[06] tail=24 r61=20 gh60=0x7918b6a W1=0x1951,0x1f25,0x148f W2=0x185e,0x2d20,0x1e58
  witness[07] tail=24 r61=21 gh60=0x4a08bea W1=0x1591,0x15fa,0x34dd W2=0x149e,0x28cd,0x28e4
  witness[08] tail=24 r61=21 gh60=0xca19be6 W1=0x1d8b,0xa1,0x3580 W2=0x1c98,0x96d,0x3595
  witness[09] tail=24 r61=22 gh60=0x46844a6 W1=0x23fc,0x2dc8,0xd8c W2=0x2309,0x2d96,0x313c
  witness[10] tail=25 r61=19 gh60=0xc9f9ca6 W1=0x3f33,0x2834,0x19e9 W2=0x3e40,0x225e,0x3b95
  witness[11] tail=25 r61=22 gh60=0x4be9f66 W1=0x3fd3,0x914,0x2b56 W2=0x3ee0,0x2adc,0x19f5
  witness[12] tail=25 r61=23 gh60=0x3e784a6 W1=0x2d03,0x161f,0xcc7 W2=0x2c10,0x341c,0x1497
  witness[13] tail=25 r61=24 gh60=0xde8c4a6 W1=0x31fc,0x86f,0x1f0e W2=0x3109,0x333d,0x1c29
  witness[14] tail=25 r61=25 gh60=0xcf9bca6 W1=0xef3,0xb94,0x14a W2=0xe00,0x3b3a,0x26cf
  witness[15] tail=26 r61=16 gh60=0x4b7859e W1=0x4c7,0xe34,0x10ed W2=0x3d4,0x1439,0x2074

Scan-only r61 registry
  registry_count=16 registry_cap=16
  r61_witness[00] r61=14 tail=30 gh60=0x4638d9e W1=0x687,0xf16,0x366 W2=0x594,0x18a8,0x84e
  r61_witness[01] r61=14 tail=32 gh60=0x4d0dd9a W1=0xca,0x1300,0x16cf W2=0x3fd7,0x3da9,0x3c45
  r61_witness[02] r61=15 tail=27 gh60=0x471cda6 W1=0x6c4,0x3949,0x1127 W2=0x5d1,0x30ae,0x1c5
  r61_witness[03] r61=15 tail=32 gh60=0x4a07cfa W1=0x101a,0x81c,0x70e W2=0xf27,0x1510,0x3ed5
  r61_witness[04] r61=15 tail=32 gh60=0x38884aa W1=0x1b41,0x12a4,0x15e7 W2=0x1a4e,0x2954,0xf53
  r61_witness[05] r61=15 tail=32 gh60=0x4a18ce6 W1=0x261b,0x221a,0x1f4c W2=0x2528,0x3030,0x2e51
  r61_witness[06] r61=15 tail=34 gh60=0xc93476a W1=0x235e,0x2c91,0x14e5 W2=0x226b,0x2fdc,0x2429
  r61_witness[07] r61=15 tail=35 gh60=0xc89c49a W1=0x332a,0x19a7,0x1fac W2=0x3237,0x11e7,0x15f1
  r61_witness[08] r61=16 tail=23 gh60=0xcba8dba W1=0x6b9,0x215c,0xd43 W2=0x5c6,0x133,0x2260
  r61_witness[09] r61=16 tail=26 gh60=0x4b7859e W1=0x4c7,0xe34,0x10ed W2=0x3d4,0x1439,0x2074
  r61_witness[10] r61=16 tail=28 gh60=0x4a084ea W1=0x521,0x8b2,0x34af W2=0x42e,0xedc,0x1a6d
  r61_witness[11] r61=16 tail=29 gh60=0x4e0bde6 W1=0xe9b,0x34aa,0x315b W2=0xda8,0x37d2,0x3605
  r61_witness[12] r61=16 tail=29 gh60=0x56e9b7e W1=0x3d57,0x8d1,0x27 W2=0x3c64,0x4f8,0x3549
  r61_witness[13] r61=16 tail=30 gh60=0x4aa8566 W1=0xa63,0x32d7,0x399 W2=0x970,0x2c24,0x354c
  r61_witness[14] r61=16 tail=31 gh60=0x58e7faa W1=0xfb2,0x1c68,0x24e0 W2=0xebf,0x3d7c,0x3a3d
  r61_witness[15] r61=16 tail=31 gh60=0x588c4ae W1=0x1530,0x2e1,0x3b4a W2=0x143d,0x282,0x9b1

D60=0 fiber histogram: 1:7940 2:4836 3:1742 4:1110 5:408 6:221 7:99 8:73 9:29 10:19 11:10 12:3 13:1 14:1 16:3 18:1
