free_word_mitm_reducedn
N=14 mask=0x3fff msb=0x2000
candidate: M0=0x3d36 mode=random-fallback fill=0x3fff kernel=dM0=dM9=0x2000
prefixes=32768/268435456 mode=permuted-prefix-sample w59_per_prefix=16384 total=536870912
run_mode=scan registry_cap=16
sample_start=19169280
scan_elapsed=20.293s rate=26.46 Mtriples/s

D60 interface
  D60=0 matches: 32502 (random expectation 32768.0, enrichment 0.992x)
  prefixes with D60=0: 16457
  max D60=0 fiber per prefix: 20 at W57=0x211d W58=0x20a8
  largest D60 bucket: D=0xfb6 count=33774
  min D60 HW: 0
  D60 HW histogram: 0:32502 1:458740 2:2972585 3:11909476 4:32795042 5:65641083 6:98456919 7:112498315 8:98404112 9:65575113 10:32768185 11:11900311 12:2969456 13:456736 14:32337

Tail closure among D60=0 matches
  final tail collisions: 0
  best r61 HW: 14
  best r61 W1[57..59]=0x333,0x1ac1,0x1005
  best r61 W2[57..59]=0x240,0x192c,0x3b31
  best tail HW: 21
  best tail r61 HW: 24
  best W1[57..59]=0x1f10,0x20c9,0x31d2
  best W2[57..59]=0x1e1d,0xd31,0x572

SUMMARY N=14 sample_start=19169280 prefixes=32768 total=536870912 d0=32502 best_tail=21 tail_r61=24 best_r61=14 tail_W1=0x1f10,0x20c9,0x31d2 tail_W2=0x1e1d,0xd31,0x572 r61_W1=0x333,0x1ac1,0x1005 r61_W2=0x240,0x192c,0x3b31

Scan-only witness registry
  registry_count=16 registry_cap=16
  witness[00] tail=21 r61=24 gh60=0x7e15cee W1=0x1f10,0x20c9,0x31d2 W2=0x1e1d,0xd31,0x572
  witness[01] tail=22 r61=20 gh60=0xd6744ea W1=0x220e,0x7ad,0x17e W2=0x211b,0xc64,0x121c
  witness[02] tail=23 r61=17 gh60=0xbce45aa W1=0x2ab2,0x3957,0xf85 W2=0x29bf,0x404,0x2889
  witness[03] tail=23 r61=19 gh60=0x36e879a W1=0x3b85,0x137,0x349c W2=0x3a92,0x3ca,0x3c7
  witness[04] tail=23 r61=20 gh60=0xcda45ea W1=0x34a2,0x239,0x2ec7 W2=0x33af,0x1eec,0x24d6
  witness[05] tail=23 r61=21 gh60=0x5a08cea W1=0x290d,0x2141,0x3830 W2=0x281a,0x2234,0x1974
  witness[06] tail=24 r61=21 gh60=0x4aa4daa W1=0x1872,0x1663,0xc5c W2=0x177f,0x303f,0x262f
  witness[07] tail=24 r61=24 gh60=0x5c985e6 W1=0x2aa3,0x1a42,0x1e23 W2=0x29b0,0xd9f,0x2096
  witness[08] tail=25 r61=18 gh60=0x4a384e6 W1=0x2213,0x3cb4,0x2f59 W2=0x2120,0x25a7,0x2641
  witness[09] tail=25 r61=18 gh60=0xc8884a6 W1=0x232b,0x1251,0x2f55 W2=0x2238,0x32ae,0x1762
  witness[10] tail=25 r61=19 gh60=0x4bf459a W1=0x466,0x2100,0x38b7 W2=0x373,0x3f2c,0x272c
  witness[11] tail=25 r61=19 gh60=0xc61bffa W1=0x2f95,0x3bcd,0x2437 W2=0x2ea2,0x1660,0x13f9
  witness[12] tail=25 r61=22 gh60=0x497bfaa W1=0xf6d,0x11a0,0x27e0 W2=0xe7a,0x3327,0x1724
  witness[13] tail=25 r61=22 gh60=0xccebcba W1=0x1039,0x1a0a,0x34b9 W2=0xf46,0x2a85,0x659
  witness[14] tail=25 r61=22 gh60=0xcb1fd6e W1=0x10e0,0x1770,0xac3 W2=0xfed,0x2810,0x1f87
  witness[15] tail=25 r61=22 gh60=0x48884a6 W1=0x2d2b,0x2c12,0x2641 W2=0x2c38,0x286d,0x31c0

Scan-only r61 registry
  registry_count=16 registry_cap=16
  r61_witness[00] r61=14 tail=27 gh60=0x48984a6 W1=0x333,0x1ac1,0x1005 W2=0x240,0x192c,0x3b31
  r61_witness[01] r61=15 tail=30 gh60=0xda89baa W1=0x1d6d,0x285c,0x10bd W2=0x1c7a,0x1ae3,0x1e8f
  r61_witness[02] r61=15 tail=31 gh60=0x4605cfa W1=0x1e1a,0x8a8,0x3432 W2=0x1d27,0x3194,0x382b
  r61_witness[03] r61=15 tail=32 gh60=0x48bbc9a W1=0x2f25,0x99f,0x210f W2=0x2e32,0x242b,0x21c5
  r61_witness[04] r61=15 tail=38 gh60=0x4688baa W1=0x196d,0x238b,0x2c1e W2=0x187a,0x204e,0x2202
  r61_witness[05] r61=16 tail=28 gh60=0x4888cae W1=0x73f,0x350a,0x1d4b W2=0x64c,0x1059,0x6e2
  r61_witness[06] r61=16 tail=31 gh60=0x4904b66 W1=0x154c,0xb32,0x30da W2=0x1459,0x2109,0x37db
  r61_witness[07] r61=16 tail=31 gh60=0x3e045fa W1=0x1c9a,0x757,0x2ab8 W2=0x1ba7,0x4ec,0x1744
  r61_witness[08] r61=16 tail=31 gh60=0xdc89ca6 W1=0x1e3b,0x1c30,0x2528 W2=0x1d48,0x29be,0x30b4
  r61_witness[09] r61=16 tail=31 gh60=0x5d844ba W1=0x3bfa,0x286c,0xc39 W2=0x3b07,0x1fdf,0xcd3
  r61_witness[10] r61=16 tail=32 gh60=0xc50457a W1=0x1cda,0xad3,0x1220 W2=0x1be7,0x7fc,0x19d
  r61_witness[11] r61=16 tail=32 gh60=0x550856e W1=0x2a4f,0x695,0x37e W2=0x295c,0x2943,0x1e40
  r61_witness[12] r61=16 tail=35 gh60=0x4a05dfa W1=0x9a,0xe1e,0x31d5 W2=0x3fa7,0x38f2,0x1224
  r61_witness[13] r61=16 tail=35 gh60=0x48984a6 W1=0x333,0x1ac1,0x1ac1 W2=0x240,0x192c,0x5ed
  r61_witness[14] r61=16 tail=35 gh60=0x5734c9a W1=0x1846,0x2aee,0x1faa W2=0x1753,0x1bf9,0x1108
  r61_witness[15] r61=16 tail=35 gh60=0x4e0bbe6 W1=0x2d9b,0x166a,0x21d8 W2=0x2ca8,0x142a,0x21ca

D60=0 fiber histogram: 1:8002 2:4679 3:1797 4:1104 5:417 6:238 7:83 8:73 9:27 10:19 11:8 12:5 13:2 14:1 16:1 20:1
