free_word_mitm_reducedn
N=14 mask=0x3fff msb=0x2000
candidate: M0=0x3d36 mode=random-fallback fill=0x3fff kernel=dM0=dM9=0x2000
prefixes=32768/268435456 mode=permuted-prefix-sample w59_per_prefix=16384 total=536870912
run_mode=scan registry_cap=16
sample_start=237273088
scan_elapsed=19.858s rate=27.04 Mtriples/s

D60 interface
  D60=0 matches: 32481 (random expectation 32768.0, enrichment 0.991x)
  prefixes with D60=0: 16513
  max D60=0 fiber per prefix: 18 at W57=0x2511 W58=0x23ad
  largest D60 bucket: D=0xb68 count=33711
  min D60 HW: 0
  D60 HW histogram: 0:32481 1:455269 2:2969090 3:11898959 4:32781398 5:65621484 6:98455735 7:112491633 8:98437540 9:65579275 10:32774612 11:11912097 12:2970710 13:457708 14:32921

Tail closure among D60=0 matches
  final tail collisions: 0
  best r61 HW: 14
  best r61 W1[57..59]=0x1198,0xfbe,0x37af
  best r61 W2[57..59]=0x10a5,0x2f4e,0x4e6
  best tail HW: 23
  best tail r61 HW: 18
  best W1[57..59]=0xbe8,0x1aea,0x51
  best W2[57..59]=0xaf5,0x1994,0x1a89

SUMMARY N=14 sample_start=237273088 prefixes=32768 total=536870912 d0=32481 best_tail=23 tail_r61=18 best_r61=14 tail_W1=0xbe8,0x1aea,0x51 tail_W2=0xaf5,0x1994,0x1a89 r61_W1=0x1198,0xfbe,0x37af r61_W2=0x10a5,0x2f4e,0x4e6

Scan-only witness registry
  registry_count=16 registry_cap=16
  witness[00] tail=23 r61=18 gh60=0xc65c49e W1=0xbe8,0x1aea,0x51 W2=0xaf5,0x1994,0x1a89
  witness[01] tail=24 r61=17 gh60=0x58987a6 W1=0x2bbb,0x37ca,0x20fb W2=0x2ac8,0x210d,0x6
  witness[02] tail=24 r61=20 gh60=0x5b784ba W1=0x339,0x592,0x20b6 W2=0x246,0x2cd0,0x199d
  witness[03] tail=24 r61=22 gh60=0xce6ddbe W1=0x78,0x14a2,0xf85 W2=0x3f85,0x155a,0x107c
  witness[04] tail=24 r61=26 gh60=0x598bfae W1=0x2fbf,0x3c3,0xc46 W2=0x2ecc,0x2f06,0x3a79
  witness[05] tail=25 r61=18 gh60=0x44b45ae W1=0xcc0,0x34e1,0x3102 W2=0xbcd,0x1c1a,0x211d
  witness[06] tail=25 r61=18 gh60=0xca89ca6 W1=0x1ffb,0x24fd,0x19ff W2=0x1f08,0x1187,0x2f24
  witness[07] tail=25 r61=21 gh60=0xf6d477e W1=0x1bd8,0x2525,0x364f W2=0x1ae5,0x35ea,0x18c6
  witness[08] tail=25 r61=21 gh60=0x4e184ea W1=0x3d0d,0x10ed,0x25a3 W2=0x3c1a,0x2863,0x35d1
  witness[09] tail=25 r61=22 gh60=0xde9cdae W1=0x670,0x136c,0x14a7 W2=0x57d,0x3c24,0x3eb2
  witness[10] tail=25 r61=22 gh60=0xba74fba W1=0x776,0x3c6c,0x284a W2=0x683,0x3b08,0x1e59
  witness[11] tail=25 r61=27 gh60=0xf895fae W1=0x3fb0,0x79e,0x3ec4 W2=0x3ebd,0x3fe6,0x1967
  witness[12] tail=25 r61=30 gh60=0x5fac5ba W1=0x1c76,0x2a47,0x1e88 W2=0x1b83,0x17de,0x3f60
  witness[13] tail=26 r61=16 gh60=0xce544be W1=0xaf8,0x299a,0x935 W2=0xa05,0x3abd,0x1940
  witness[14] tail=26 r61=17 gh60=0xce047e6 W1=0x1b8c,0x17f2,0xddb W2=0x1a99,0x11c2,0x17c0
  witness[15] tail=26 r61=18 gh60=0x555cd9a W1=0x18a6,0xc52,0x3ab9 W2=0x17b3,0x3745,0x341d

Scan-only r61 registry
  registry_count=16 registry_cap=16
  r61_witness[00] r61=14 tail=29 gh60=0x4657bfe W1=0x1198,0xfbe,0x37af W2=0x10a5,0x2f4e,0x4e6
  r61_witness[01] r61=15 tail=27 gh60=0x4519d6a W1=0x3e4d,0xec2,0x1fbd W2=0x3d5a,0x1ab1,0x331d
  r61_witness[02] r61=15 tail=29 gh60=0x7a3bc9e W1=0xf07,0x995,0x578 W2=0xe14,0x38c5,0x160f
  r61_witness[03] r61=15 tail=29 gh60=0x491bb7a W1=0x2d55,0x3408,0x10b1 W2=0x2c62,0x1503,0x7a2
  r61_witness[04] r61=15 tail=33 gh60=0x5b0856a W1=0x2ce1,0x673,0x2b80 W2=0x2bee,0x395,0xf8c
  r61_witness[05] r61=15 tail=34 gh60=0x3a085ea W1=0xc8d,0x2ce6,0x3f0d W2=0xb9a,0x3780,0x16c7
  r61_witness[06] r61=16 tail=26 gh60=0xce544be W1=0xaf8,0x299a,0x935 W2=0xa05,0x3abd,0x1940
  r61_witness[07] r61=16 tail=29 gh60=0x4fd8b9e W1=0x1567,0x3be9,0x336e W2=0x1474,0x57f,0x26fe
  r61_witness[08] r61=16 tail=29 gh60=0x4ad45fa W1=0x2a96,0x22c1,0x289e W2=0x29a3,0x1e2,0x3db6
  r61_witness[09] r61=16 tail=30 gh60=0xce044fa W1=0x2c1a,0x274f,0x2454 W2=0x2b27,0x10bc,0x1cbb
  r61_witness[10] r61=16 tail=31 gh60=0x44944aa W1=0x342e,0x10ce,0x18c0 W2=0x333b,0x268f,0x338a
  r61_witness[11] r61=16 tail=32 gh60=0xce047e6 W1=0x1b8c,0x17f2,0x5db W2=0x1a99,0x11c2,0xfc0
  r61_witness[12] r61=16 tail=33 gh60=0x4a084ea W1=0x130d,0x3d0d,0x210 W2=0x121a,0x1683,0x161d
  r61_witness[13] r61=16 tail=34 gh60=0xc6885aa W1=0xc6d,0xb28,0x29b W2=0xb7a,0x19cc,0x1afe
  r61_witness[14] r61=16 tail=34 gh60=0x58a47e6 W1=0x1ba4,0x3721,0x3944 W2=0x1ab1,0x300b,0x33c1
  r61_witness[15] r61=16 tail=35 gh60=0xca84da6 W1=0x386c,0x3587,0xbd6 W2=0x3779,0x373c,0x12de

D60=0 fiber histogram: 1:8035 2:4671 3:1856 4:1119 5:402 6:224 7:90 8:54 9:22 10:20 11:9 12:5 13:3 15:2 18:1
