free_word_mitm_reducedn
N=14 mask=0x3fff msb=0x2000
candidate: M0=0x3d36 mode=random-fallback fill=0x3fff kernel=dM0=dM9=0x2000
prefixes=32768/268435456 mode=permuted-prefix-sample w59_per_prefix=16384 total=536870912
run_mode=scan registry_cap=16
sample_start=83525632
scan_elapsed=17.818s rate=30.13 Mtriples/s

D60 interface
  D60=0 matches: 32554 (random expectation 32768.0, enrichment 0.993x)
  prefixes with D60=0: 16468
  max D60=0 fiber per prefix: 23 at W57=0x151 W58=0x36c5
  largest D60 bucket: D=0x2fc5 count=33850
  min D60 HW: 0
  D60 HW histogram: 0:32554 1:456223 2:2970811 3:11911929 4:32771825 5:65594738 6:98447922 7:112529301 8:98420667 9:65583938 10:32771520 11:11911948 12:2977864 13:456683 14:32989

Tail closure among D60=0 matches
  final tail collisions: 0
  best r61 HW: 14
  best r61 W1[57..59]=0x24a9,0x1a1c,0x35c4
  best r61 W2[57..59]=0x23b6,0x37c3,0x3839
  best tail HW: 23
  best tail r61 HW: 22
  best W1[57..59]=0x3c6d,0xe45,0x2153
  best W2[57..59]=0x3b7a,0x2de9,0x39e8

SUMMARY N=14 sample_start=83525632 prefixes=32768 total=536870912 d0=32554 best_tail=23 tail_r61=22 best_r61=14 tail_W1=0x3c6d,0xe45,0x2153 tail_W2=0x3b7a,0x2de9,0x39e8 r61_W1=0x24a9,0x1a1c,0x35c4 r61_W2=0x23b6,0x37c3,0x3839

Scan-only witness registry
  registry_count=16 registry_cap=16
  witness[00] tail=23 r61=19 gh60=0x4f08b6a W1=0x19d1,0x2a4f,0x560 W2=0x18de,0x3052,0x168c
  witness[01] tail=23 r61=19 gh60=0xdee4cea W1=0x3712,0x1712,0x2fa3 W2=0x361f,0x28e2,0xc06
  witness[02] tail=23 r61=22 gh60=0x45b85aa W1=0x3c6d,0xe45,0x2153 W2=0x3b7a,0x2de9,0x39e8
  witness[03] tail=24 r61=17 gh60=0x4a045e6 W1=0x148c,0x2eb7,0x1d37 W2=0x1399,0x3275,0x25b0
  witness[04] tail=24 r61=20 gh60=0x45bbb66 W1=0xde3,0x879,0x1426 W2=0xcf0,0x3ef5,0x3ac8
  witness[05] tail=24 r61=21 gh60=0xfb6c5aa W1=0x24b2,0xe75,0xbeb W2=0x23bf,0x1d22,0x29d7
  witness[06] tail=24 r61=21 gh60=0x37f4b9a W1=0x25c6,0x24c0,0x979 W2=0x24d3,0x231f,0x20c9
  witness[07] tail=24 r61=22 gh60=0x7a1c7a6 W1=0x2384,0x128,0x292c W2=0x2291,0x2d1c,0x18fb
  witness[08] tail=24 r61=23 gh60=0xbe185ea W1=0x228d,0x3b28,0x1e6 W2=0x219a,0x3c2,0x3bd7
  witness[09] tail=25 r61=19 gh60=0x4b08d6a W1=0x284d,0xdb,0x1ccc W2=0x275a,0x1126,0x86e
  witness[10] tail=25 r61=20 gh60=0xd68c7a6 W1=0x3b7c,0x2740,0x3bcc W2=0x3a89,0x2204,0x3b1b
  witness[11] tail=25 r61=27 gh60=0x4df479e W1=0x1b88,0x36d8,0x24a3 W2=0x1a95,0x188,0x25fe
  witness[12] tail=25 r61=27 gh60=0xfffc4a6 W1=0x3a3c,0x2580,0x3c0e W2=0x3949,0x11cc,0x1169
  witness[13] tail=25 r61=28 gh60=0xfffc4a6 W1=0x3a3c,0x2580,0x24f7 W2=0x3949,0x11cc,0x3a52
  witness[14] tail=26 r61=19 gh60=0xca184a6 W1=0x403,0x1461,0x1e58 W2=0x310,0x225c,0x3b0d
  witness[15] tail=26 r61=21 gh60=0x5b3dd6a W1=0x20d2,0x2b62,0x38be W2=0x1fdf,0x315a,0x365

Scan-only r61 registry
  registry_count=16 registry_cap=16
  r61_witness[00] r61=14 tail=27 gh60=0xc6844a6 W1=0x3bfc,0x2a4d,0x629 W2=0x3b09,0x3919,0x1a31
  r61_witness[01] r61=14 tail=33 gh60=0x44b859a W1=0x24a9,0x1a1c,0x35c4 W2=0x23b6,0x37c3,0x3839
  r61_witness[02] r61=15 tail=28 gh60=0x4a084ee W1=0x151f,0xc40,0x1908 W2=0x142c,0x3b46,0x31c4
  r61_witness[03] r61=15 tail=29 gh60=0xca1bcea W1=0x311d,0x25d0,0x2209 W2=0x302a,0x1d2f,0xa0b
  r61_witness[04] r61=15 tail=31 gh60=0xca18dee W1=0x69f,0x3277,0x36a W2=0x5ac,0x182a,0x208
  r61_witness[05] r61=15 tail=32 gh60=0x363449a W1=0x1506,0x31d,0x9e5 W2=0x1413,0x396b,0x252a
  r61_witness[06] r61=15 tail=37 gh60=0x489bce6 W1=0x1123,0xe97,0x18cd W2=0x1030,0x1b4f,0x190
  r61_witness[07] r61=16 tail=30 gh60=0xc979cae W1=0x12f,0x355e,0x29ff W2=0x3c,0xd3d,0xa9d
  r61_witness[08] r61=16 tail=30 gh60=0x490bb66 W1=0x114b,0x36cf,0x1883 W2=0x1058,0x2a2b,0x2d90
  r61_witness[09] r61=16 tail=32 gh60=0xc524d66 W1=0x3654,0x341d,0x189f W2=0x3561,0x15c,0x1ccd
  r61_witness[10] r61=16 tail=34 gh60=0x5b08f6a W1=0x274d,0x297,0x3081 W2=0x265a,0x36b2,0x34bb
  r61_witness[11] r61=16 tail=35 gh60=0x4d245a6 W1=0x4c4,0xf3,0x2dad W2=0x3d1,0x1657,0x2eeb
  r61_witness[12] r61=16 tail=35 gh60=0x4909b6e W1=0x1ddf,0x2441,0x3a87 W2=0x1cec,0x1f54,0x3916
  r61_witness[13] r61=16 tail=35 gh60=0x4929b9a W1=0x21c5,0x2e25,0x3c2e W2=0x20d2,0x19cd,0x1f94
  r61_witness[14] r61=16 tail=36 gh60=0x4988ca6 W1=0x192b,0x2689,0x2429 W2=0x1838,0x2fa5,0x3d75
  r61_witness[15] r61=16 tail=37 gh60=0x5c98dae W1=0x6af,0x356,0x30d8 W2=0x5bc,0x2b8d,0x148d

D60=0 fiber histogram: 1:8005 2:4720 3:1769 4:1076 5:448 6:224 7:87 8:69 9:26 10:16 11:13 12:7 14:2 15:1 16:3 18:1 23:1
