free_word_mitm_reducedn
N=14 mask=0x3fff msb=0x2000
candidate: M0=0x3d36 mode=random-fallback fill=0x3fff kernel=dM0=dM9=0x2000
prefixes=32768/268435456 mode=permuted-prefix-sample w59_per_prefix=16384 total=536870912
run_mode=scan registry_cap=16
sample_start=78348288
scan_elapsed=19.920s rate=26.95 Mtriples/s

D60 interface
  D60=0 matches: 32965 (random expectation 32768.0, enrichment 1.006x)
  prefixes with D60=0: 16588
  max D60=0 fiber per prefix: 14 at W57=0x1035 W58=0x1304
  largest D60 bucket: D=0x1153 count=33781
  min D60 HW: 0
  D60 HW histogram: 0:32965 1:458722 2:2976071 3:11899105 4:32765761 5:65567836 6:98439984 7:112509475 8:98460072 9:65607470 10:32777266 11:11908859 12:2975457 13:459085 14:32784

Tail closure among D60=0 matches
  final tail collisions: 0
  best r61 HW: 13
  best r61 W1[57..59]=0x39a4,0x2519,0x14aa
  best r61 W2[57..59]=0x38b1,0x3704,0x3b1b
  best tail HW: 21
  best tail r61 HW: 24
  best W1[57..59]=0x2d5f,0x164d,0x10a5
  best W2[57..59]=0x2c6c,0x3f5c,0x19e

SUMMARY N=14 sample_start=78348288 prefixes=32768 total=536870912 d0=32965 best_tail=21 tail_r61=24 best_r61=13 tail_W1=0x2d5f,0x164d,0x10a5 tail_W2=0x2c6c,0x3f5c,0x19e r61_W1=0x39a4,0x2519,0x14aa r61_W2=0x38b1,0x3704,0x3b1b

Scan-only witness registry
  registry_count=16 registry_cap=16
  witness[00] tail=21 r61=24 gh60=0x397bb6e W1=0x2d5f,0x164d,0x10a5 W2=0x2c6c,0x3f5c,0x19e
  witness[01] tail=22 r61=15 gh60=0x38844ba W1=0x133a,0xaad,0x39d0 W2=0x1247,0x3e4,0x20bd
  witness[02] tail=23 r61=20 gh60=0xba08cea W1=0x371d,0x8fe,0xbfd W2=0x362a,0x1fe1,0xa3d
  witness[03] tail=23 r61=22 gh60=0xfe24cea W1=0x1812,0x2d60,0x12a8 W2=0x171f,0x3d60,0x243
  witness[04] tail=23 r61=23 gh60=0xd5f45aa W1=0x227e,0x2e3c,0x2381 W2=0x218b,0x2bc5,0x1166
  witness[05] tail=23 r61=24 gh60=0xcfa84e6 W1=0x1323,0x2909,0x1311 W2=0x1230,0x397c,0x3349
  witness[06] tail=24 r61=21 gh60=0xf8b9baa W1=0x21c1,0xfc,0x28fd W2=0x20ce,0x3b07,0x2a1b
  witness[07] tail=25 r61=16 gh60=0x46085ea W1=0x3ca1,0x1a33,0x2bae W2=0x3bae,0x28c1,0x3934
  witness[08] tail=25 r61=17 gh60=0x5928b7a W1=0x15d5,0x3ecf,0x1170 W2=0x14e2,0x37ce,0x36a8
  witness[09] tail=25 r61=17 gh60=0xd68c4aa W1=0x1cfe,0x281a,0x47e W2=0x1c0b,0x3c8b,0xd3b
  witness[10] tail=25 r61=18 gh60=0x79844ba W1=0x253a,0x31fb,0x1ef W2=0x2447,0x18ae,0x3764
  witness[11] tail=25 r61=20 gh60=0xc484ca6 W1=0x163c,0x38b9,0x2870 W2=0x1549,0x2946,0x1750
  witness[12] tail=25 r61=20 gh60=0x7fe9cfa W1=0x1e15,0xbed,0x336b W2=0x1d22,0x34b0,0x1cbe
  witness[13] tail=25 r61=21 gh60=0xcd6bd7a W1=0x1055,0x34c2,0x23dc W2=0xf62,0xd0d,0x187e
  witness[14] tail=25 r61=22 gh60=0x5a85c9a W1=0x3fea,0x14aa,0x35be W2=0x3ef7,0x35ab,0x3e12
  witness[15] tail=25 r61=26 gh60=0xca99baa W1=0x3d6d,0x229d,0x6df W2=0x3c7a,0x1524,0x276c

Scan-only r61 registry
  registry_count=16 registry_cap=16
  r61_witness[00] r61=13 tail=27 gh60=0x58a4be6 W1=0x39a4,0x2519,0x14aa W2=0x38b1,0x3704,0x3b1b
  r61_witness[01] r61=14 tail=29 gh60=0xc904766 W1=0x2bdc,0x3f9e,0x1bcc W2=0x2ae9,0x2cce,0x25a1
  r61_witness[02] r61=14 tail=32 gh60=0xd50457a W1=0x1ada,0x3ec1,0x2326 W2=0x19e7,0x394a,0x1ef9
  r61_witness[03] r61=14 tail=33 gh60=0xc90bf6a W1=0x2fe1,0x3976,0x6d5 W2=0x2eee,0x2885,0x2a59
  r61_witness[04] r61=14 tail=35 gh60=0x5a044fa W1=0x3d1a,0x3ccf,0x2b2f W2=0x3c27,0x308c,0x1260
  r61_witness[05] r61=15 tail=22 gh60=0x38844ba W1=0x133a,0xaad,0x39d0 W2=0x1247,0x3e4,0x20bd
  r61_witness[06] r61=15 tail=28 gh60=0xc908b6a W1=0x3961,0x102a,0xba3 W2=0x386e,0x1621,0x1ca8
  r61_witness[07] r61=15 tail=31 gh60=0x4489cae W1=0x3e2f,0x4e4,0x1dd3 W2=0x3d3c,0x32c3,0x3bb7
  r61_witness[08] r61=15 tail=35 gh60=0x5a3bcea W1=0x1121,0x117,0x3fb7 W2=0x102e,0x2e42,0x2513
  r61_witness[09] r61=15 tail=35 gh60=0x5a09dea W1=0x1e9d,0x1574,0x2b37 W2=0x1daa,0x25bf,0x232b
  r61_witness[10] r61=15 tail=36 gh60=0x46085ea W1=0x3ca1,0x1a33,0x2dae W2=0x3bae,0x28c1,0x3b34
  r61_witness[11] r61=15 tail=37 gh60=0x4e0c59a W1=0xa8a,0xb61,0x3e41 W2=0x997,0x37b9,0x2475
  r61_witness[12] r61=16 tail=25 gh60=0x46085ea W1=0x3ca1,0x1a33,0x2bae W2=0x3bae,0x28c1,0x3934
  r61_witness[13] r61=16 tail=26 gh60=0x4b19b7a W1=0x21d5,0x112d,0x3df1 W2=0x20e2,0x3970,0xfbd
  r61_witness[14] r61=16 tail=28 gh60=0x48ac7ea W1=0x33a2,0x3856,0x369f W2=0x32af,0x38b9,0x22cf
  r61_witness[15] r61=16 tail=30 gh60=0x5904b66 W1=0x35dc,0x1574,0x1028 W2=0x34e9,0x2b3f,0x2e7d

D60=0 fiber histogram: 1:8026 2:4734 3:1806 4:1091 5:443 6:240 7:100 8:79 9:29 10:23 11:5 12:4 13:4 14:4
