free_word_mitm_reducedn
N=14 mask=0x3fff msb=0x2000
candidate: M0=0x3d36 mode=random-fallback fill=0x3fff kernel=dM0=dM9=0x2000
prefixes=32768/268435456 mode=permuted-prefix-sample w59_per_prefix=16384 total=536870912
run_mode=scan registry_cap=16
sample_start=161153024
scan_elapsed=19.070s rate=28.15 Mtriples/s

D60 interface
  D60=0 matches: 32536 (random expectation 32768.0, enrichment 0.993x)
  prefixes with D60=0: 16381
  max D60=0 fiber per prefix: 36 at W57=0x3b5e W58=0x29ab
  largest D60 bucket: D=0xa31 count=33764
  min D60 HW: 0
  D60 HW histogram: 0:32536 1:458229 2:2980355 3:11906736 4:32793190 5:65624081 6:98454114 7:112496948 8:98397735 9:65570315 10:32781522 11:11909287 12:2976132 13:456948 14:32784

Tail closure among D60=0 matches
  final tail collisions: 0
  best r61 HW: 14
  best r61 W1[57..59]=0x12ed,0x3631,0x7da
  best r61 W2[57..59]=0x11fa,0xfad,0x401
  best tail HW: 19
  best tail r61 HW: 20
  best W1[57..59]=0xe4c,0x1acb,0x2754
  best W2[57..59]=0xd59,0x2178,0x5fe

SUMMARY N=14 sample_start=161153024 prefixes=32768 total=536870912 d0=32536 best_tail=19 tail_r61=20 best_r61=14 tail_W1=0xe4c,0x1acb,0x2754 tail_W2=0xd59,0x2178,0x5fe r61_W1=0x12ed,0x3631,0x7da r61_W2=0x11fa,0xfad,0x401

Scan-only witness registry
  registry_count=16 registry_cap=16
  witness[00] tail=19 r61=20 gh60=0x7d07d66 W1=0xe4c,0x1acb,0x2754 W2=0xd59,0x2178,0x5fe
  witness[01] tail=20 r61=21 gh60=0x5b35f6a W1=0x3fce,0x1cbf,0x173c W2=0x3edb,0x1edb,0x390e
  witness[02] tail=22 r61=14 gh60=0x4e08cee W1=0x81f,0x3072,0x6cc W2=0x72c,0x184d,0x3f85
  witness[03] tail=22 r61=21 gh60=0xd6a4b6a W1=0x9e2,0x6b2,0x1c84 W2=0x8ef,0x33c2,0x106b
  witness[04] tail=24 r61=19 gh60=0xd93cb66 W1=0x355c,0x38fd,0xccf W2=0x3469,0x16d0,0x2bce
  witness[05] tail=24 r61=20 gh60=0x5708566 W1=0x2acb,0x2547,0x3bce W2=0x29d8,0x3f9a,0x2a56
  witness[06] tail=24 r61=23 gh60=0xb589caa W1=0x3ffd,0x217d,0x40d W2=0x3f0a,0x25a8,0x3f1d
  witness[07] tail=25 r61=14 gh60=0x4888baa W1=0x25ad,0x1847,0x1d1d W2=0x24ba,0x85a,0x20ad
  witness[08] tail=25 r61=16 gh60=0x5e284a6 W1=0x2303,0x8fb,0x21ea W2=0x2210,0xaf6,0x28cc
  witness[09] tail=25 r61=20 gh60=0x4aa4d66 W1=0x2864,0x26ff,0x320f W2=0x2771,0x32e6,0x19ca
  witness[10] tail=25 r61=21 gh60=0x765bdbe W1=0x1077,0x1cbf,0x238c W2=0xf84,0x98a,0x38c0
  witness[11] tail=25 r61=22 gh60=0x4c985aa W1=0x1cad,0x88b,0x5f1 W2=0x1bba,0x259f,0x33e9
  witness[12] tail=25 r61=23 gh60=0xfa687ba W1=0x3b79,0x1277,0x2b7f W2=0x3a86,0x25bd,0x16b7
  witness[13] tail=25 r61=28 gh60=0xc4945aa W1=0x14ae,0x2cc8,0x629 W2=0x13bb,0x3c71,0x885
  witness[14] tail=25 r61=28 gh60=0xf588da6 W1=0x38bb,0x2f0f,0x3306 W2=0x37c8,0x3133,0x3a4b
  witness[15] tail=26 r61=14 gh60=0x5a044e6 W1=0x1b0c,0x33b2,0x2d68 W2=0x1a19,0x139a,0x3a49

Scan-only r61 registry
  registry_count=16 registry_cap=16
  r61_witness[00] r61=14 tail=22 gh60=0x4e08cee W1=0x81f,0x3072,0x6cc W2=0x72c,0x184d,0x3f85
  r61_witness[01] r61=14 tail=25 gh60=0x4888baa W1=0x25ad,0x1847,0x1d1d W2=0x24ba,0x85a,0x20ad
  r61_witness[02] r61=14 tail=26 gh60=0x5a044e6 W1=0x1b0c,0x33b2,0x2d68 W2=0x1a19,0x139a,0x3a49
  r61_witness[03] r61=14 tail=30 gh60=0xca884aa W1=0x12ed,0x3631,0x7da W2=0x11fa,0xfad,0x401
  r61_witness[04] r61=15 tail=28 gh60=0x58b4c9a W1=0x1926,0x2a41,0x31f9 W2=0x1833,0x1d54,0x26da
  r61_witness[05] r61=15 tail=28 gh60=0x4a084ee W1=0x241f,0x2d96,0xfb9 W2=0x232c,0x19b0,0x14d1
  r61_witness[06] r61=15 tail=29 gh60=0xc784ca6 W1=0x362c,0x88f,0x14e7 W2=0x3539,0x382c,0x2af9
  r61_witness[07] r61=15 tail=31 gh60=0x4f08766 W1=0x1bcb,0x486,0x27e0 W2=0x1ad8,0x1c5,0x376d
  r61_witness[08] r61=15 tail=32 gh60=0xb884ba6 W1=0x9bc,0x5f9,0x1479 W2=0x8c9,0x9ae,0xcd2
  r61_witness[09] r61=15 tail=33 gh60=0xc618ce6 W1=0x2713,0x2681,0x3883 W2=0x2620,0x2123,0x1590
  r61_witness[10] r61=16 tail=25 gh60=0x5e284a6 W1=0x2303,0x8fb,0x21ea W2=0x2210,0xaf6,0x28cc
  r61_witness[11] r61=16 tail=27 gh60=0x4507d7a W1=0xe5a,0x816,0x556 W2=0xd67,0x267a,0x168f
  r61_witness[12] r61=16 tail=28 gh60=0x4a0fce6 W1=0x2e0c,0x1944,0x143f W2=0x2d19,0x2655,0x1711
  r61_witness[13] r61=16 tail=30 gh60=0xc924faa W1=0x37c2,0x57b,0x27f7 W2=0x36cf,0x397,0x387b
  r61_witness[14] r61=16 tail=31 gh60=0x4d28d9a W1=0x36c9,0x17fc,0x76e W2=0x35d6,0x91e,0x57e
  r61_witness[15] r61=16 tail=32 gh60=0x5918766 W1=0xbdb,0x3660,0xd02 W2=0xae8,0x1d87,0x1291

D60=0 fiber histogram: 1:7884 2:4734 3:1771 4:1134 5:420 6:224 7:62 8:73 9:34 10:17 11:8 12:4 13:3 14:6 15:2 16:2 18:1 22:1 36:1
