free_word_mitm_reducedn
N=14 mask=0x3fff msb=0x2000
candidate: M0=0x3d36 mode=random-fallback fill=0x3fff kernel=dM0=dM9=0x2000
prefixes=32768/268435456 mode=permuted-prefix-sample w59_per_prefix=16384 total=536870912
run_mode=scan registry_cap=16
sample_start=253820928
scan_elapsed=18.549s rate=28.94 Mtriples/s

D60 interface
  D60=0 matches: 33097 (random expectation 32768.0, enrichment 1.010x)
  prefixes with D60=0: 16626
  max D60=0 fiber per prefix: 19 at W57=0x1171 W58=0x2815
  largest D60 bucket: D=0x371f count=33783
  min D60 HW: 0
  D60 HW histogram: 0:33097 1:460105 2:2982764 3:11945366 4:32845105 5:65661038 6:98466721 7:112474864 8:98378002 9:65518305 10:32738038 11:11898868 12:2977891 13:458236 14:32512

Tail closure among D60=0 matches
  final tail collisions: 0
  best r61 HW: 13
  best r61 W1[57..59]=0x717,0x1bac,0x32e
  best r61 W2[57..59]=0x624,0x1603,0x94d
  best tail HW: 21
  best tail r61 HW: 21
  best W1[57..59]=0x39a4,0x3ba7,0x1e9a
  best W2[57..59]=0x38b1,0xd92,0x687

SUMMARY N=14 sample_start=253820928 prefixes=32768 total=536870912 d0=33097 best_tail=21 tail_r61=21 best_r61=13 tail_W1=0x39a4,0x3ba7,0x1e9a tail_W2=0x38b1,0xd92,0x687 r61_W1=0x717,0x1bac,0x32e r61_W2=0x624,0x1603,0x94d

Scan-only witness registry
  registry_count=16 registry_cap=16
  witness[00] tail=21 r61=21 gh60=0x48e4be6 W1=0x39a4,0x3ba7,0x1e9a W2=0x38b1,0xd92,0x687
  witness[01] tail=21 r61=25 gh60=0xbde85be W1=0xa77,0x3f9d,0x2270 W2=0x984,0x4e7,0x3dfb
  witness[02] tail=22 r61=20 gh60=0x5bf5d9e W1=0x3ec8,0x2b8d,0x236e W2=0x3dd5,0x3422,0x865
  witness[03] tail=22 r61=27 gh60=0xcdf449e W1=0x1a28,0x3c11,0x3c41 W2=0x1935,0x7c3,0x2b9e
  witness[04] tail=24 r61=20 gh60=0xf889faa W1=0x3fc1,0x1521,0x3965 W2=0x3ece,0x112c,0x2103
  witness[05] tail=24 r61=23 gh60=0xc669f66 W1=0x3f63,0x1766,0x1cde W2=0x3e70,0x146,0x3688
  witness[06] tail=24 r61=24 gh60=0x4f5bf9e W1=0xfa7,0x393a,0x129e W2=0xeb4,0x1da2,0x18e5
  witness[07] tail=25 r61=20 gh60=0x398c4aa W1=0x1b3e,0x35f0,0x42 W2=0x1a4b,0xc61,0x3274
  witness[08] tail=25 r61=20 gh60=0x4d8bcae W1=0x2dff,0x11a6,0x1ed2 W2=0x2d0c,0x2afd,0x23be
  witness[09] tail=25 r61=22 gh60=0xd61ddea W1=0x208e,0x1536,0x1165 W2=0x1f9b,0xf96,0x2955
  witness[10] tail=25 r61=23 gh60=0xce687a6 W1=0x1373,0x1007,0x1b55 W2=0x1280,0xbda,0x145f
  witness[11] tail=25 r61=23 gh60=0x3a1cbee W1=0x3590,0x1ecf,0x1240 W2=0x349d,0x2563,0x637
  witness[12] tail=25 r61=26 gh60=0x5e0dc9a W1=0x10a,0xf26,0x1425 W2=0x17,0x2e2f,0x1721
  witness[13] tail=25 r61=28 gh60=0xdbfc49a W1=0x24e6,0x30f1,0x192e W2=0x23f3,0x1705,0x31f2
  witness[14] tail=26 r61=18 gh60=0x4b8fcba W1=0xdfa,0x1aaa,0x2359 W2=0xd07,0x319a,0x37d0
  witness[15] tail=26 r61=18 gh60=0xbca84ba W1=0x3235,0x2fe5,0x31f7 W2=0x3142,0x2323,0x58d

Scan-only r61 registry
  registry_count=16 registry_cap=16
  r61_witness[00] r61=13 tail=28 gh60=0x4628cfe W1=0x717,0x1bac,0x32e W2=0x624,0x1603,0x94d
  r61_witness[01] r61=13 tail=28 gh60=0x4aa476a W1=0x2362,0x2c63,0x25b7 W2=0x226f,0x1fd2,0x916
  r61_witness[02] r61=13 tail=30 gh60=0x4785fa6 W1=0x3f6c,0xfaa,0xbc9 W2=0x3e79,0x3401,0x3167
  r61_witness[03] r61=13 tail=31 gh60=0x4788faa W1=0x17bd,0x3e77,0x70f W2=0x16ca,0x3c7a,0x1a3f
  r61_witness[04] r61=13 tail=37 gh60=0x4918b7a W1=0x19d5,0x1e19,0x1429 W2=0x18e2,0x1458,0x195a
  r61_witness[05] r61=14 tail=33 gh60=0x4b08b6a W1=0x294d,0x2fac,0x2f19 W2=0x285a,0x21e7,0x2f94
  r61_witness[06] r61=14 tail=35 gh60=0x4608bea W1=0x991,0x385b,0x1b49 W2=0x89e,0x32ea,0x2dcb
  r61_witness[07] r61=15 tail=29 gh60=0xc9884aa W1=0x2b41,0x2a53,0x1a6a W2=0x2a4e,0x3203,0x234c
  r61_witness[08] r61=16 tail=27 gh60=0xfa084e6 W1=0x231b,0x104c,0x858 W2=0x2228,0x2e11,0x33b7
  r61_witness[09] r61=16 tail=30 gh60=0x4ab84a6 W1=0x1bfb,0x271b,0x19b4 W2=0x1b08,0x23e6,0x1cf1
  r61_witness[10] r61=16 tail=31 gh60=0x5b28da6 W1=0x28c3,0xa67,0x3f6d W2=0x27d0,0x1c3b,0x3b0c
  r61_witness[11] r61=16 tail=33 gh60=0xd8a8c9e W1=0x2727,0x26aa,0xc11 W2=0x2634,0x23a0,0x385
  r61_witness[12] r61=16 tail=34 gh60=0x4a87ca6 W1=0x10fc,0xe0,0x909 W2=0x1009,0x226b,0x2893
  r61_witness[13] r61=16 tail=37 gh60=0xc5b84a6 W1=0x42b,0x2550,0x370 W2=0x338,0x11ad,0x272b
  r61_witness[14] r61=16 tail=37 gh60=0x468bbae W1=0x117f,0x1175,0x99d W2=0x108c,0x2ff4,0x3850
  r61_witness[15] r61=16 tail=37 gh60=0x4488daa W1=0x26c1,0x1e8a,0x68 W2=0x25ce,0x1dd1,0x18ad

D60=0 fiber histogram: 1:8048 2:4699 3:1763 4:1234 5:430 6:218 7:91 8:68 9:28 10:26 11:9 12:4 13:1 14:2 16:1 17:2 18:1 19:1
