free_word_mitm_reducedn
N=14 mask=0x3fff msb=0x2000
candidate: M0=0x3d36 mode=random-fallback fill=0x3fff kernel=dM0=dM9=0x2000
prefixes=32768/268435456 mode=permuted-prefix-sample w59_per_prefix=16384 total=536870912
run_mode=scan registry_cap=16
sample_start=2162688
scan_elapsed=18.462s rate=29.08 Mtriples/s

D60 interface
  D60=0 matches: 32528 (random expectation 32768.0, enrichment 0.993x)
  prefixes with D60=0: 16433
  max D60=0 fiber per prefix: 20 at W57=0xea2 W58=0x1604
  largest D60 bucket: D=0x289e count=33848
  min D60 HW: 0
  D60 HW histogram: 0:32528 1:458325 2:2982317 3:11942420 4:32821816 5:65625623 6:98447063 7:112473921 8:98382497 9:65564103 10:32765837 11:11908847 12:2975412 13:457421 14:32782

Tail closure among D60=0 matches
  final tail collisions: 0
  best r61 HW: 15
  best r61 W1[57..59]=0xe09,0xdbf,0x28c
  best r61 W2[57..59]=0xd16,0x210f,0x1090
  best tail HW: 20
  best tail r61 HW: 15
  best W1[57..59]=0x3e52,0x268e,0x13b
  best W2[57..59]=0x3d5f,0x3286,0x30c7

SUMMARY N=14 sample_start=2162688 prefixes=32768 total=536870912 d0=32528 best_tail=20 tail_r61=15 best_r61=15 tail_W1=0x3e52,0x268e,0x13b tail_W2=0x3d5f,0x3286,0x30c7 r61_W1=0xe09,0xdbf,0x28c r61_W2=0xd16,0x210f,0x1090

Scan-only witness registry
  registry_count=16 registry_cap=16
  witness[00] tail=20 r61=15 gh60=0xc71dd6a W1=0x3e52,0x268e,0x13b W2=0x3d5f,0x3286,0x30c7
  witness[01] tail=21 r61=18 gh60=0x5a585fe W1=0x497,0x2456,0x2644 W2=0x3a4,0x2996,0x30e9
  witness[02] tail=21 r61=20 gh60=0xbb0856a W1=0x25d,0xb23,0x10a5 W2=0x16a,0x1641,0xafd
  witness[03] tail=23 r61=19 gh60=0x4e85c9a W1=0x3fea,0x3f38,0x335e W2=0x3ef7,0x2039,0x2
  witness[04] tail=23 r61=26 gh60=0x45fbfea W1=0x2f91,0x1394,0x1348 W2=0x2e9e,0x3f27,0x22e0
  witness[05] tail=24 r61=17 gh60=0x7b07b66 W1=0x31dc,0x335b,0x376f W2=0x30e9,0x27a8,0xa6b
  witness[06] tail=24 r61=21 gh60=0x4b8cca6 W1=0x28fc,0x172,0x3db7 W2=0x2809,0x2aff,0x39a6
  witness[07] tail=25 r61=18 gh60=0x76244ea W1=0x1b12,0x2266,0x70d W2=0x1a1f,0x3ab5,0x333a
  witness[08] tail=25 r61=18 gh60=0xce08ce6 W1=0x370b,0x304,0x1941 W2=0x3618,0x311a,0x28fc
  witness[09] tail=25 r61=20 gh60=0x4b9c4ba W1=0xb3a,0x23c3,0x191d W2=0xa47,0xc76,0x2038
  witness[10] tail=25 r61=20 gh60=0xf4a8cba W1=0x3839,0x1051,0x349b W2=0x3746,0x254,0x2f02
  witness[11] tail=25 r61=21 gh60=0xcca859a W1=0xca9,0x2656,0x374e W2=0xbb6,0x483,0x3538
  witness[12] tail=25 r61=21 gh60=0xc8b4cae W1=0x3740,0x26bd,0x2073 W2=0x364d,0x230d,0x3e88
  witness[13] tail=25 r61=22 gh60=0xd63c4e6 W1=0x2b14,0x2114,0xa9a W2=0x2a21,0x1406,0x1d3
  witness[14] tail=25 r61=22 gh60=0xce185fa W1=0x3295,0x1d5e,0x14b7 W2=0x31a2,0x1cfa,0x592
  witness[15] tail=25 r61=24 gh60=0xbe84f9a W1=0x376a,0x3289,0x171c W2=0x3677,0x302c,0x2e9

Scan-only r61 registry
  registry_count=16 registry_cap=16
  r61_witness[00] r61=15 tail=20 gh60=0xc71dd6a W1=0x3e52,0x268e,0x13b W2=0x3d5f,0x3286,0x30c7
  r61_witness[01] r61=15 tail=29 gh60=0xc589daa W1=0x3eb1,0x1228,0x3097 W2=0x3dbe,0xfff,0x3e9f
  r61_witness[02] r61=15 tail=30 gh60=0x4ab4baa W1=0x196e,0x382f,0x3f56 W2=0x187b,0x507,0x35b5
  r61_witness[03] r61=15 tail=34 gh60=0x462bc9a W1=0xe09,0xdbf,0x28c W2=0xd16,0x210f,0x1090
  r61_witness[04] r61=16 tail=28 gh60=0x489ccea W1=0x1922,0x2ee7,0x3847 W2=0x182f,0x3f43,0x2700
  r61_witness[05] r61=16 tail=28 gh60=0x44e4ce6 W1=0x2624,0x2af3,0x605 W2=0x2531,0x2c2a,0x36c4
  r61_witness[06] r61=16 tail=28 gh60=0x46d8c9e W1=0x2747,0x1c68,0xe73 W2=0x2654,0x1796,0xe5d
  r61_witness[07] r61=16 tail=29 gh60=0xc50457a W1=0x4da,0x3d30,0x31b8 W2=0x3e7,0x2dd1,0x3fed
  r61_witness[08] r61=16 tail=29 gh60=0x4a88cae W1=0x25ef,0x34f,0x1961 W2=0x24fc,0x342e,0x2687
  r61_witness[09] r61=16 tail=29 gh60=0x4a24da6 W1=0x2884,0x8ca,0x16ff W2=0x2791,0x1b1f,0x17b9
  r61_witness[10] r61=16 tail=31 gh60=0x4908f6e W1=0x75f,0x31cc,0x3a92 W2=0x66c,0x2cff,0x81d
  r61_witness[11] r61=16 tail=32 gh60=0xca345fe W1=0x1298,0x34b2,0x1892 W2=0x11a5,0x673,0xdf8
  r61_witness[12] r61=16 tail=33 gh60=0xca044e6 W1=0x50c,0xb8b,0x114b W2=0x419,0x3c6d,0x1b06
  r61_witness[13] r61=16 tail=37 gh60=0x490cb66 W1=0x354c,0x3001,0x3a72 W2=0x3459,0xde0,0x2b6
  r61_witness[14] r61=17 tail=24 gh60=0x7b07b66 W1=0x31dc,0x335b,0x376f W2=0x30e9,0x27a8,0xa6b
  r61_witness[15] r61=17 tail=26 gh60=0xceb479e W1=0x3368,0x24e,0x3a22 W2=0x3275,0xcbe,0x19f7

D60=0 fiber histogram: 1:7895 2:4709 3:1849 4:1148 5:388 6:226 7:92 8:71 9:22 10:18 11:6 12:6 16:2 20:1
