free_word_mitm_reducedn
N=14 mask=0x3fff msb=0x2000
candidate: M0=0x3d36 mode=random-fallback fill=0x3fff kernel=dM0=dM9=0x2000
prefixes=32768/268435456 mode=permuted-prefix-sample w59_per_prefix=16384 total=536870912
run_mode=scan registry_cap=16
sample_start=58458112
scan_elapsed=15.465s rate=34.72 Mtriples/s

D60 interface
  D60=0 matches: 32432 (random expectation 32768.0, enrichment 0.990x)
  prefixes with D60=0: 16542
  max D60=0 fiber per prefix: 22 at W57=0xfc5 W58=0x392b
  largest D60 bucket: D=0xea1 count=33752
  min D60 HW: 0
  D60 HW histogram: 0:32432 1:457789 2:2975951 3:11914464 4:32803438 5:65642747 6:98492277 7:112557668 8:98418052 9:65528478 10:32716534 11:11880518 12:2964216 13:454068 14:32280

Tail closure among D60=0 matches
  final tail collisions: 0
  best r61 HW: 13
  best r61 W1[57..59]=0x5b1,0xb4e,0x257b
  best r61 W2[57..59]=0x4be,0xba5,0x3bde
  best tail HW: 22
  best tail r61 HW: 30
  best W1[57..59]=0x32b3,0x94f,0x3f67
  best W2[57..59]=0x31c0,0xc92,0x1a75

SUMMARY N=14 sample_start=58458112 prefixes=32768 total=536870912 d0=32432 best_tail=22 tail_r61=30 best_r61=13 tail_W1=0x32b3,0x94f,0x3f67 tail_W2=0x31c0,0xc92,0x1a75 r61_W1=0x5b1,0xb4e,0x257b r61_W2=0x4be,0xba5,0x3bde

Scan-only witness registry
  registry_count=16 registry_cap=16
  witness[00] tail=22 r61=26 gh60=0xf95cf9a W1=0x37a6,0x14ce,0x14a9 W2=0x36b3,0x21e9,0x3c6
  witness[01] tail=22 r61=30 gh60=0xb4b85a6 W1=0x32b3,0x94f,0x3f67 W2=0x31c0,0xc92,0x1a75
  witness[02] tail=23 r61=17 gh60=0xd49c4a6 W1=0x123c,0x467,0x365f W2=0x1149,0x30b5,0x588
  witness[03] tail=23 r61=17 gh60=0x4b1856a W1=0x14e1,0x1ac1,0x2eba W2=0x13ee,0x2167,0x2f09
  witness[04] tail=23 r61=20 gh60=0x4b28b9a W1=0x39c9,0x1048,0x326c W2=0x38d6,0x1caa,0x32e2
  witness[05] tail=23 r61=22 gh60=0xd5a9d9e W1=0x67,0x1aaf,0x202c W2=0x3f74,0x1f8b,0x3ca
  witness[06] tail=23 r61=23 gh60=0xba8bdae W1=0x306f,0x223,0x44d W2=0x2f7c,0x1566,0x3e0f
  witness[07] tail=23 r61=25 gh60=0x7578cba W1=0x3839,0x3e18,0x3a77 W2=0x3746,0x301b,0x3e8
  witness[08] tail=24 r61=17 gh60=0x4a2bdfa W1=0x3095,0x6c7,0x23d7 W2=0x2fa2,0x1daa,0x1db2
  witness[09] tail=24 r61=18 gh60=0xcf9c5ba W1=0x2a7a,0x10e1,0x433 W2=0x2987,0x3bf0,0x2754
  witness[10] tail=24 r61=22 gh60=0x469cd6a W1=0x38e2,0x1351,0x96a W2=0x37ef,0x34d5,0x1d8f
  witness[11] tail=25 r61=17 gh60=0xf6d449e W1=0x1e8,0xdca,0x64b W2=0xf5,0xa76,0x39d0
  witness[12] tail=25 r61=19 gh60=0x4b79da6 W1=0x1e7b,0x2877,0x2675 W2=0x1d88,0x2a9,0x38a0
  witness[13] tail=25 r61=20 gh60=0xba08cea W1=0x3921,0x2118,0xb5e W2=0x382e,0x35bf,0x25b8
  witness[14] tail=25 r61=21 gh60=0x59bc4a6 W1=0x12ec,0x323b,0x31d3 W2=0x11f9,0x1419,0x1289
  witness[15] tail=25 r61=21 gh60=0xcb947ae W1=0x1b80,0x16f1,0x3807 W2=0x1a8d,0x1fba,0x1fa9

Scan-only r61 registry
  registry_count=16 registry_cap=16
  r61_witness[00] r61=13 tail=36 gh60=0x4898baa W1=0x5b1,0xb4e,0x257b W2=0x4be,0xba5,0x3bde
  r61_witness[01] r61=15 tail=28 gh60=0xba88ca6 W1=0x6fb,0x3b07,0x24ac W2=0x608,0x1713,0x22b1
  r61_witness[02] r61=15 tail=28 gh60=0x4d0bd6a W1=0x10d1,0x511,0x291e W2=0xfde,0x2e00,0x2c7f
  r61_witness[03] r61=15 tail=30 gh60=0xde087e6 W1=0x339b,0x303a,0x9b3 W2=0x32a8,0x2d73,0x2f11
  r61_witness[04] r61=15 tail=31 gh60=0x4b2849e W1=0x2a47,0xcd1,0x423 W2=0x2954,0x18c0,0x3596
  r61_witness[05] r61=15 tail=32 gh60=0x44885aa W1=0x4ad,0x5e2,0x3f1b W2=0x3ba,0x1276,0xd1b
  r61_witness[06] r61=15 tail=32 gh60=0xc908b6a W1=0x29e1,0x89c,0x1c98 W2=0x28ee,0x28f,0x55d
  r61_witness[07] r61=15 tail=36 gh60=0x4584da6 W1=0x6bc,0x2955,0x2c72 W2=0x5c9,0x10a,0x3574
  r61_witness[08] r61=16 tail=26 gh60=0xfe0449a W1=0x230a,0x1355,0x1d9b W2=0x2217,0x3c53,0x1a67
  r61_witness[09] r61=16 tail=27 gh60=0x48887aa W1=0x3bc1,0xa41,0x6ab W2=0x3ace,0x1c89,0x335
  r61_witness[10] r61=16 tail=28 gh60=0x46085ee W1=0x1c9f,0x914,0x2ba5 W2=0x1bac,0x1c2,0x1c3e
  r61_witness[11] r61=16 tail=32 gh60=0x4a584fe W1=0x1517,0x3044,0xcf4 W2=0x1424,0x3f5c,0x1ab9
  r61_witness[12] r61=16 tail=34 gh60=0x4a8449a W1=0x19ea,0x21db,0x208e W2=0x18f7,0x15e5,0x30f8
  r61_witness[13] r61=16 tail=34 gh60=0xc607ce6 W1=0x2f0c,0x947,0x3235 W2=0x2e19,0x268,0x1856
  r61_witness[14] r61=16 tail=34 gh60=0xc938f6a W1=0x37cd,0xb3c,0x14e4 W2=0x36da,0xa53,0x848
  r61_witness[15] r61=17 tail=23 gh60=0xd49c4a6 W1=0x123c,0x467,0x365f W2=0x1149,0x30b5,0x588

D60=0 fiber histogram: 1:8109 2:4785 3:1736 4:1057 5:407 6:222 7:68 8:84 9:27 10:19 11:6 12:11 13:2 14:5 16:2 21:1 22:1
