free_word_mitm_reducedn
N=14 mask=0x3fff msb=0x2000
candidate: M0=0x3d36 mode=random-fallback fill=0x3fff kernel=dM0=dM9=0x2000
prefixes=32768/268435456 mode=permuted-prefix-sample w59_per_prefix=16384 total=536870912
run_mode=scan registry_cap=16
sample_start=142344192
scan_elapsed=15.430s rate=34.79 Mtriples/s

D60 interface
  D60=0 matches: 32303 (random expectation 32768.0, enrichment 0.986x)
  prefixes with D60=0: 16521
  max D60=0 fiber per prefix: 20 at W57=0x31d5 W58=0x3072
  largest D60 bucket: D=0x11e4 count=33915
  min D60 HW: 0
  D60 HW histogram: 0:32303 1:456658 2:2974272 3:11930985 4:32811861 5:65637516 6:98469816 7:112529043 8:98397504 9:65541079 10:32736445 11:11892959 12:2971522 13:456257 14:32692

Tail closure among D60=0 matches
  final tail collisions: 0
  best r61 HW: 13
  best r61 W1[57..59]=0x18e9,0xdf7,0x356e
  best r61 W2[57..59]=0x17f6,0x14d,0x81a
  best tail HW: 22
  best tail r61 HW: 19
  best W1[57..59]=0x307d,0x136e,0x1de4
  best W2[57..59]=0x2f8a,0x6c1,0x3d88

SUMMARY N=14 sample_start=142344192 prefixes=32768 total=536870912 d0=32303 best_tail=22 tail_r61=19 best_r61=13 tail_W1=0x307d,0x136e,0x1de4 tail_W2=0x2f8a,0x6c1,0x3d88 r61_W1=0x18e9,0xdf7,0x356e r61_W2=0x17f6,0x14d,0x81a

Scan-only witness registry
  registry_count=16 registry_cap=16
  witness[00] tail=22 r61=17 gh60=0xcf38d9e W1=0x26c7,0x2737,0x1bdb W2=0x25d4,0x2e45,0x3476
  witness[01] tail=22 r61=19 gh60=0x559bdaa W1=0x307d,0x136e,0x1de4 W2=0x2f8a,0x6c1,0x3d88
  witness[02] tail=23 r61=18 gh60=0x4975bae W1=0x21c0,0x79c,0x2778 W2=0x20cd,0x3d98,0x2658
  witness[03] tail=23 r61=20 gh60=0x3ee8da6 W1=0x673,0x1580,0x30c W2=0x580,0xe54,0x2d14
  witness[04] tail=24 r61=22 gh60=0xcb884ae W1=0x1aff,0x61a,0x3b8a W2=0x1a0c,0x352a,0x3013
  witness[05] tail=24 r61=28 gh60=0xb6ffd9e W1=0x1068,0xb93,0x19c5 W2=0xf75,0x3c5c,0x2952
  witness[06] tail=24 r61=28 gh60=0xdb8cda6 W1=0x18ac,0x23c4,0x2f37 W2=0x17b9,0x2509,0x194
  witness[07] tail=25 r61=18 gh60=0x3a64d66 W1=0x2664,0x3475,0x7fe W2=0x2571,0x25bc,0x2b37
  witness[08] tail=25 r61=21 gh60=0xd7b87aa W1=0x1381,0x1b43,0x13a1 W2=0x128e,0x2dfb,0x2d07
  witness[09] tail=25 r61=22 gh60=0x4ba7da6 W1=0x10b4,0x1cb1,0x266f W2=0xfc1,0x198c,0x3484
  witness[10] tail=25 r61=23 gh60=0xdca7da6 W1=0xeb4,0x1853,0xece W2=0xdc1,0x3bae,0x3083
  witness[11] tail=25 r61=23 gh60=0x4bb84aa W1=0x32ed,0x60f,0x1dfa W2=0x31fa,0x1d8b,0x3ee2
  witness[12] tail=25 r61=27 gh60=0xda88caa W1=0x15fd,0x1f71,0xccb W2=0x150a,0x381c,0x501
  witness[13] tail=25 r61=27 gh60=0xcdf5d6a W1=0x3e4e,0x312d,0x2ef5 W2=0x3d5b,0x2d21,0x1ee0
  witness[14] tail=25 r61=30 gh60=0xf95cb7e W1=0x2958,0x2d60,0xbb6 W2=0x2865,0x1a7c,0x701
  witness[15] tail=26 r61=17 gh60=0xcab849a W1=0xae5,0x2c28,0x1606 W2=0x9f2,0x142d,0x1ca0

Scan-only r61 registry
  registry_count=16 registry_cap=16
  r61_witness[00] r61=13 tail=33 gh60=0x4668c9a W1=0x18e9,0xdf7,0x356e W2=0x17f6,0x14d,0x81a
  r61_witness[01] r61=15 tail=29 gh60=0x4f884aa W1=0xafd,0xb57,0x16b9 W2=0xa0a,0x1543,0x3719
  r61_witness[02] r61=15 tail=32 gh60=0xc4a45a6 W1=0x34b4,0x2377,0x3238 W2=0x33c1,0x8cb,0x126d
  r61_witness[03] r61=15 tail=39 gh60=0xc499caa W1=0x3e31,0x20e2,0x81e W2=0x3d3e,0x26e1,0x24ee
  r61_witness[04] r61=16 tail=29 gh60=0xc95bb7a W1=0xdd9,0x28fe,0x377d W2=0xce6,0x183d,0x2b6a
  r61_witness[05] r61=16 tail=32 gh60=0x5a084ea W1=0x150d,0x2e21,0x3ddd W2=0x141a,0x617,0x1342
  r61_witness[06] r61=16 tail=33 gh60=0xc488caa W1=0x2641,0x52f,0x3495 W2=0x254e,0xc9e,0x2a89
  r61_witness[07] r61=16 tail=36 gh60=0xc508d66 W1=0x26cb,0x2e5f,0x3a35 W2=0x25d8,0xd31,0xeb5
  r61_witness[08] r61=16 tail=38 gh60=0x4605cfa W1=0x1f1a,0x3f78,0x118c W2=0x1e27,0x2434,0x1325
  r61_witness[09] r61=17 tail=22 gh60=0xcf38d9e W1=0x26c7,0x2737,0x1bdb W2=0x25d4,0x2e45,0x3476
  r61_witness[10] r61=17 tail=26 gh60=0xcab849a W1=0xae5,0x2c28,0x1606 W2=0x9f2,0x142d,0x1ca0
  r61_witness[11] r61=17 tail=27 gh60=0xca58ffe W1=0x3797,0x1da4,0x1227 W2=0x36a4,0x2673,0x1aff
  r61_witness[12] r61=17 tail=28 gh60=0xca884a6 W1=0xcfb,0x2836,0x3663 W2=0xc08,0x2801,0x1afe
  r61_witness[13] r61=17 tail=28 gh60=0x5b2fc9e W1=0x2e48,0x276c,0x109f W2=0x2d55,0x121d,0x14a6
  r61_witness[14] r61=17 tail=28 gh60=0x4887bba W1=0x31ba,0x3bb,0x3f52 W2=0x30c7,0x18b3,0xe3c
  r61_witness[15] r61=17 tail=29 gh60=0xc52bd9a W1=0xec9,0x1e39,0xf6e W2=0xdd6,0x34e1,0x19aa

D60=0 fiber histogram: 1:8008 2:4800 3:1870 4:1025 5:399 6:228 7:73 8:60 9:21 10:15 11:5 12:6 13:5 14:1 16:3 18:1 20:1
