free_word_mitm_reducedn
N=14 mask=0x3fff msb=0x2000
candidate: M0=0x3d36 mode=random-fallback fill=0x3fff kernel=dM0=dM9=0x2000
prefixes=32768/268435456 mode=permuted-prefix-sample w59_per_prefix=16384 total=536870912
run_mode=scan registry_cap=16
sample_start=35192832
scan_elapsed=19.241s rate=27.90 Mtriples/s

D60 interface
  D60=0 matches: 32601 (random expectation 32768.0, enrichment 0.995x)
  prefixes with D60=0: 16546
  max D60=0 fiber per prefix: 21 at W57=0x1d4d W58=0x16ae
  largest D60 bucket: D=0x374d count=33777
  min D60 HW: 0
  D60 HW histogram: 0:32601 1:456716 2:2973402 3:11916129 4:32783419 5:65618575 6:98423239 7:112490989 8:98423585 9:65614618 10:32775204 11:11903101 12:2971083 13:455677 14:32574

Tail closure among D60=0 matches
  final tail collisions: 0
  best r61 HW: 14
  best r61 W1[57..59]=0x3e1b,0x4a1,0x37db
  best r61 W2[57..59]=0x3d28,0x14b5,0x2096
  best tail HW: 20
  best tail r61 HW: 19
  best W1[57..59]=0x1d2d,0x34f0,0x1e3d
  best W2[57..59]=0x1c3a,0x9ec,0x199c

SUMMARY N=14 sample_start=35192832 prefixes=32768 total=536870912 d0=32601 best_tail=20 tail_r61=19 best_r61=14 tail_W1=0x1d2d,0x34f0,0x1e3d tail_W2=0x1c3a,0x9ec,0x199c r61_W1=0x3e1b,0x4a1,0x37db r61_W2=0x3d28,0x14b5,0x2096

Scan-only witness registry
  registry_count=16 registry_cap=16
  witness[00] tail=20 r61=19 gh60=0x4f884aa W1=0x1d2d,0x34f0,0x1e3d W2=0x1c3a,0x9ec,0x199c
  witness[01] tail=22 r61=21 gh60=0x5de859a W1=0x32c5,0x3946,0x1f7c W2=0x31d2,0x35a3,0x146c
  witness[02] tail=23 r61=22 gh60=0xdaf4b9a W1=0x29c6,0x137e,0x26c W2=0x28d3,0xf1d,0x2fb7
  witness[03] tail=24 r61=17 gh60=0xc88bbae W1=0x2dbf,0x39f,0x17d4 W2=0x2ccc,0x30a2,0x34e1
  witness[04] tail=24 r61=19 gh60=0x472857a W1=0x2cd5,0x3920,0xf03 W2=0x2be2,0x2650,0xd36
  witness[05] tail=24 r61=19 gh60=0xb89cfaa W1=0x37be,0x2b96,0x3112 W2=0x36cb,0x398e,0xae0
  witness[06] tail=24 r61=20 gh60=0x49f8caa W1=0x741,0x1ced,0x67a W2=0x64e,0x201c,0x2d3
  witness[07] tail=24 r61=20 gh60=0x5a1c7aa W1=0x1b82,0x321e,0x48f W2=0x1a8f,0x330b,0x360d
  witness[08] tail=24 r61=20 gh60=0x570fb6a W1=0x2dde,0x377e,0x6b5 W2=0x2ceb,0x286e,0x2871
  witness[09] tail=24 r61=23 gh60=0x4a1ccea W1=0x381e,0xce5,0x1a7e W2=0x372b,0x1d8d,0x2e42
  witness[10] tail=24 r61=23 gh60=0xcfe9b7a W1=0x3dd5,0x1a54,0x10a6 W2=0x3ce2,0xe4f,0x2f5f
  witness[11] tail=24 r61=24 gh60=0xdbabdba W1=0x2e75,0x201a,0x1bc6 W2=0x2d82,0x38f9,0xd48
  witness[12] tail=25 r61=17 gh60=0xc608cee W1=0x360f,0x2972,0xf88 W2=0x351c,0x2b5d,0x1861
  witness[13] tail=25 r61=18 gh60=0xdd5457e W1=0x2ad8,0x635,0x34d9 W2=0x29e5,0xd0a,0x160c
  witness[14] tail=25 r61=19 gh60=0x58a849a W1=0x1d29,0x2dc8,0x3b55 W2=0x1c36,0x2419,0x17ff
  witness[15] tail=25 r61=19 gh60=0xd87c7ba W1=0x23ba,0x98,0x377d W2=0x22c7,0x3353,0x28c6

Scan-only r61 registry
  registry_count=16 registry_cap=16
  r61_witness[00] r61=14 tail=29 gh60=0x4a1cbfa W1=0x99a,0x2614,0x35c8 W2=0x8a7,0x1398,0x359a
  r61_witness[01] r61=14 tail=34 gh60=0x560bce6 W1=0x301b,0x260f,0x3e W2=0x2f28,0x3d9f,0xdc9
  r61_witness[02] r61=14 tail=37 gh60=0x4609ce6 W1=0x3e1b,0x4a1,0x37db W2=0x3d28,0x14b5,0x2096
  r61_witness[03] r61=15 tail=27 gh60=0x5608bea W1=0x2591,0x2af4,0xe93 W2=0x249e,0x29c3,0x19de
  r61_witness[04] r61=15 tail=31 gh60=0xc8844a6 W1=0x1d3c,0x1405,0x1d28 W2=0x1c49,0x1051,0x1cb6
  r61_witness[05] r61=15 tail=31 gh60=0x490db66 W1=0x1d4c,0x24e4,0x1a11 W2=0x1c59,0x293d,0x1315
  r61_witness[06] r61=15 tail=32 gh60=0x4d84dba W1=0x67a,0x1b4,0x2646 W2=0x587,0x3204,0x34a4
  r61_witness[07] r61=15 tail=33 gh60=0x490876a W1=0xb61,0x767,0xa4f W2=0xa6e,0x6b9,0x2d57
  r61_witness[08] r61=15 tail=36 gh60=0x56087ee W1=0x239f,0xff6,0xb31 W2=0x22ac,0x7b8,0x36ad
  r61_witness[09] r61=16 tail=27 gh60=0x4a08bea W1=0x5a1,0x39de,0x2834 W2=0x4ae,0x38a1,0x347b
  r61_witness[10] r61=16 tail=28 gh60=0x49884aa W1=0x301,0x14a0,0x518 W2=0x20e,0x1c50,0x1316
  r61_witness[11] r61=16 tail=28 gh60=0x478c4ae W1=0x430,0x13b7,0xcb4 W2=0x33d,0x3058,0x3ea9
  r61_witness[12] r61=16 tail=29 gh60=0x4a0bcee W1=0x301f,0x294c,0x29b4 W2=0x2f2c,0x9f,0x337c
  r61_witness[13] r61=16 tail=31 gh60=0x48a5ba6 W1=0x21b4,0x1569,0x32e0 W2=0x20c1,0x1abc,0x335
  r61_witness[14] r61=16 tail=32 gh60=0x44845a6 W1=0x24ac,0x157c,0x857 W2=0x23b9,0xbc2,0x29cf
  r61_witness[15] r61=16 tail=34 gh60=0x48b8ba6 W1=0x19bb,0x18a1,0x15e9 W2=0x18c8,0x2c65,0x21ca

D60=0 fiber histogram: 1:7986 2:4848 3:1777 4:1082 5:404 6:229 7:68 8:82 9:27 10:19 11:8 12:10 13:1 14:2 15:1 16:1 21:1
