free_word_mitm_reducedn
N=14 mask=0x3fff msb=0x2000
candidate: M0=0x3d36 mode=random-fallback fill=0x3fff kernel=dM0=dM9=0x2000
prefixes=32768/268435456 mode=permuted-prefix-sample w59_per_prefix=16384 total=536870912
run_mode=scan registry_cap=16
sample_start=26804224
scan_elapsed=19.223s rate=27.93 Mtriples/s

D60 interface
  D60=0 matches: 32383 (random expectation 32768.0, enrichment 0.988x)
  prefixes with D60=0: 16497
  max D60=0 fiber per prefix: 17 at W57=0x1766 W58=0x24cc
  largest D60 bucket: D=0x9bd count=33777
  min D60 HW: 0
  D60 HW histogram: 0:32383 1:458868 2:2973116 3:11905374 4:32764303 5:65530600 6:98390169 7:112521854 8:98481056 9:65648463 10:32797380 11:11911002 12:2967710 13:456039 14:32595

Tail closure among D60=0 matches
  final tail collisions: 0
  best r61 HW: 13
  best r61 W1[57..59]=0x2f75,0x345e,0x170f
  best r61 W2[57..59]=0x2e82,0xadd,0x2a87
  best tail HW: 21
  best tail r61 HW: 25
  best W1[57..59]=0x3feb,0x304d,0x2023
  best W2[57..59]=0x3ef8,0x1ceb,0x1f6f

SUMMARY N=14 sample_start=26804224 prefixes=32768 total=536870912 d0=32383 best_tail=21 tail_r61=25 best_r61=13 tail_W1=0x3feb,0x304d,0x2023 tail_W2=0x3ef8,0x1ceb,0x1f6f r61_W1=0x2f75,0x345e,0x170f r61_W2=0x2e82,0xadd,0x2a87

Scan-only witness registry
  registry_count=16 registry_cap=16
  witness[00] tail=21 r61=25 gh60=0xdbf9ca6 W1=0x3feb,0x304d,0x2023 W2=0x3ef8,0x1ceb,0x1f6f
  witness[01] tail=22 r61=21 gh60=0x4e6dbaa W1=0x182,0x1b19,0x505 W2=0x8f,0x5c5,0x3536
  witness[02] tail=22 r61=23 gh60=0x4a8bdaa W1=0x306d,0x33fe,0x1451 W2=0x2f7a,0x275d,0x206b
  witness[03] tail=23 r61=20 gh60=0x5a0c5ea W1=0xa8e,0x3877,0x2d44 W2=0x99b,0x3596,0x2eda
  witness[04] tail=23 r61=22 gh60=0x7b98c9a W1=0x36e5,0x31ea,0x187d W2=0x35f2,0x2574,0x21e5
  witness[05] tail=24 r61=22 gh60=0xda1bbe6 W1=0x118b,0x2e77,0x1427 W2=0x1098,0x1e3f,0xfb0
  witness[06] tail=25 r61=18 gh60=0xce08ce6 W1=0x270b,0x1789,0x1e45 W2=0x2618,0x329b,0x220f
  witness[07] tail=25 r61=20 gh60=0x5a144ea W1=0x50e,0x2a7f,0x15f0 W2=0x41b,0x3386,0x557
  witness[08] tail=25 r61=22 gh60=0xca745ee W1=0x2a90,0x162a,0x1fd9 W2=0x299d,0x3d69,0x2101
  witness[09] tail=25 r61=25 gh60=0xc718b6a W1=0x951,0x43f,0x64c W2=0x85e,0x3e46,0x3f1e
  witness[10] tail=25 r61=25 gh60=0x77a849a W1=0x19e5,0x3e58,0x1501 W2=0x18f2,0x32a9,0x50
  witness[11] tail=25 r61=25 gh60=0x4ab8dba W1=0x2675,0x24a2,0x2131 W2=0x2582,0x1509,0x234
  witness[12] tail=25 r61=27 gh60=0x47fcfe6 W1=0x379c,0x2f,0xf58 W2=0x36a9,0x34ea,0x7f8
  witness[13] tail=26 r61=15 gh60=0x4db8f66 W1=0x17e3,0x127b,0x263e W2=0x16f0,0x9dd,0x24a1
  witness[14] tail=26 r61=15 gh60=0x4ba8c9e W1=0x26e7,0x3a64,0x2f83 W2=0x25f4,0x37d6,0x2a5d
  witness[15] tail=26 r61=16 gh60=0xca1fba6 W1=0xd84,0x14f6,0x96c W2=0xc91,0xcf1,0x2774

Scan-only r61 registry
  registry_count=16 registry_cap=16
  r61_witness[00] r61=13 tail=29 gh60=0x4f85cba W1=0x1efa,0x753,0x94d W2=0x1e07,0x2a07,0x2eb3
  r61_witness[01] r61=13 tail=31 gh60=0x46abfba W1=0x2f75,0x345e,0x170f W2=0x2e82,0xadd,0x2a87
  r61_witness[02] r61=15 tail=26 gh60=0x4db8f66 W1=0x17e3,0x127b,0x263e W2=0x16f0,0x9dd,0x24a1
  r61_witness[03] r61=15 tail=26 gh60=0x4ba8c9e W1=0x26e7,0x3a64,0x2f83 W2=0x25f4,0x37d6,0x2a5d
  r61_witness[04] r61=15 tail=28 gh60=0xc6084e6 W1=0x41b,0x23d1,0x2670 W2=0x328,0x11a6,0xf2b
  r61_witness[05] r61=15 tail=33 gh60=0x788bcaa W1=0x112d,0x34a7,0x1e48 W2=0x103a,0x25a2,0x400
  r61_witness[06] r61=15 tail=34 gh60=0x4918b6a W1=0x961,0x1909,0x3142 W2=0x86e,0x12fc,0x1df4
  r61_witness[07] r61=16 tail=26 gh60=0xca1fba6 W1=0xd84,0x14f6,0x96c W2=0xc91,0xcf1,0x2774
  r61_witness[08] r61=16 tail=29 gh60=0x4e07c9a W1=0x110a,0x3d8b,0x1cae W2=0x1017,0xe90,0x3bf7
  r61_witness[09] r61=16 tail=30 gh60=0xca385ea W1=0x48d,0x35a8,0x2a19 W2=0x39a,0x2c2,0x19cc
  r61_witness[10] r61=16 tail=34 gh60=0x46a8cba W1=0x25f9,0x28bd,0x161c W2=0x2506,0x1140,0x586
  r61_witness[11] r61=16 tail=35 gh60=0xda284fa W1=0x419,0x428,0x37c4 W2=0x326,0x2930,0x2ea8
  r61_witness[12] r61=16 tail=37 gh60=0x4a085ee W1=0x48f,0x193c,0x8c W2=0x39c,0x3e7a,0x25dc
  r61_witness[13] r61=16 tail=40 gh60=0xce09cee W1=0x3f1f,0x1c22,0x1723 W2=0x3e2c,0x3869,0x1e83
  r61_witness[14] r61=17 tail=28 gh60=0xcb885aa W1=0x12b1,0x354a,0x2f4e W2=0x11be,0x262,0xa
  r61_witness[15] r61=17 tail=28 gh60=0x4c8ccaa W1=0x163e,0x3e50,0x5a W2=0x154b,0x1680,0x19c1

D60=0 fiber histogram: 1:8084 2:4740 3:1718 4:1087 5:411 6:227 7:90 8:79 9:18 10:29 11:4 12:4 13:1 15:1 16:2 17:2
