free_word_mitm_reducedn
N=14 mask=0x3fff msb=0x2000
candidate: M0=0x3d36 mode=random-fallback fill=0x3fff kernel=dM0=dM9=0x2000
prefixes=32768/268435456 mode=permuted-prefix-sample w59_per_prefix=16384 total=536870912
run_mode=scan registry_cap=16
sample_start=252870656
scan_elapsed=16.637s rate=32.27 Mtriples/s

D60 interface
  D60=0 matches: 32551 (random expectation 32768.0, enrichment 0.993x)
  prefixes with D60=0: 16534
  max D60=0 fiber per prefix: 19 at W57=0x3563 W58=0x24ce
  largest D60 bucket: D=0x2a8d count=33795
  min D60 HW: 0
  D60 HW histogram: 0:32551 1:458168 2:2982237 3:11934485 4:32830707 5:65677603 6:98518605 7:112519354 8:98371801 9:65501603 10:32709566 11:11879499 12:2966163 13:455898 14:32672

Tail closure among D60=0 matches
  final tail collisions: 0
  best r61 HW: 13
  best r61 W1[57..59]=0x3e2b,0x3b73,0x2e3d
  best r61 W2[57..59]=0x3d38,0x90d,0x2c6a
  best tail HW: 22
  best tail r61 HW: 22
  best W1[57..59]=0x1268,0x153e,0x1a53
  best W2[57..59]=0x1175,0x2a06,0x391a

SUMMARY N=14 sample_start=252870656 prefixes=32768 total=536870912 d0=32551 best_tail=22 tail_r61=22 best_r61=13 tail_W1=0x1268,0x153e,0x1a53 tail_W2=0x1175,0x2a06,0x391a r61_W1=0x3e2b,0x3b73,0x2e3d r61_W2=0x3d38,0x90d,0x2c6a

Scan-only witness registry
  registry_count=16 registry_cap=16
  witness[00] tail=22 r61=22 gh60=0xfad459e W1=0x1268,0x153e,0x1a53 W2=0x1175,0x2a06,0x391a
  witness[01] tail=23 r61=20 gh60=0xc8f5fba W1=0x3fb6,0x1c87,0x1410 W2=0x3ec3,0x1c8f,0x331
  witness[02] tail=23 r61=21 gh60=0xc91fb6a W1=0xd4e,0xf66,0x2a6d W2=0xc5b,0x3d66,0x257
  witness[03] tail=24 r61=18 gh60=0x552cc9e W1=0x1848,0x3caf,0x1cba W2=0x1755,0x5da,0x1615
  witness[04] tail=24 r61=27 gh60=0x5e28c9e W1=0x2907,0x2c88,0x2b52 W2=0x2814,0x2632,0x3c58
  witness[05] tail=25 r61=19 gh60=0xc4845a6 W1=0x14ac,0x1c6a,0x2767 W2=0x13b9,0x23b0,0x3e4d
  witness[06] tail=25 r61=19 gh60=0x4de44e6 W1=0x1d14,0x15ab,0x3b3 W2=0x1c21,0x33a1,0x3d7c
  witness[07] tail=25 r61=20 gh60=0x4a784ba W1=0x4f5,0x353a,0x3dae W2=0x402,0x1a38,0x2f01
  witness[08] tail=25 r61=26 gh60=0xbd08d6e W1=0x384f,0x1354,0x109d W2=0x375c,0x6a7,0x11d9
  witness[09] tail=25 r61=27 gh60=0x4f0cb6a W1=0x5de,0xdef,0x29b0 W2=0x4eb,0xfdb,0x2a84
  witness[10] tail=26 r61=16 gh60=0x4638cea W1=0x390d,0x3649,0x3e1a W2=0x381a,0xa40,0x1529
  witness[11] tail=26 r61=18 gh60=0x4615cea W1=0x11e,0x295,0xdcc W2=0x2b,0x50d,0x723
  witness[12] tail=26 r61=18 gh60=0x55644aa W1=0x1a32,0x95d,0xb08 W2=0x193f,0x1ce2,0x3150
  witness[13] tail=26 r61=20 gh60=0x448dc9a W1=0x1e2a,0xb9f,0xb3d W2=0x1d37,0x3428,0x1460
  witness[14] tail=26 r61=21 gh60=0x4628d9a W1=0x689,0xaa7,0x226e W2=0x596,0x2c59,0x381d
  witness[15] tail=26 r61=21 gh60=0x5728b7a W1=0x15d9,0x37ed,0x2ce1 W2=0x14e6,0x130,0xe6f

Scan-only r61 registry
  registry_count=16 registry_cap=16
  r61_witness[00] r61=13 tail=30 gh60=0xc499ca6 W1=0x3e2b,0x3b73,0x2e3d W2=0x3d38,0x90d,0x2c6a
  r61_witness[01] r61=14 tail=29 gh60=0x4a68ffa W1=0x1799,0x3cba,0x323f W2=0x16a6,0xd49,0x11da
  r61_witness[02] r61=15 tail=31 gh60=0xd908b66 W1=0x15cb,0xaa2,0x100 W2=0x14d8,0x2480,0x3a81
  r61_witness[03] r61=15 tail=32 gh60=0x38984a6 W1=0x252b,0x8c7,0x3c3b W2=0x2438,0x724,0x885
  r61_witness[04] r61=15 tail=36 gh60=0x590449a W1=0x2d4a,0xe1e,0x1b3c W2=0x2c57,0x34a2,0x4bb
  r61_witness[05] r61=16 tail=26 gh60=0x4638cea W1=0x390d,0x3649,0x3e1a W2=0x381a,0xa40,0x1529
  r61_witness[06] r61=16 tail=29 gh60=0x4a244ea W1=0x3312,0x2221,0x2d26 W2=0x321f,0x39f0,0x273a
  r61_witness[07] r61=16 tail=31 gh60=0xc52c57e W1=0xc58,0x335a,0x2314 W2=0xb65,0x3aaf,0x393
  r61_witness[08] r61=16 tail=32 gh60=0xc88c7ba W1=0x1bba,0x1513,0x31be W2=0x1ac7,0x15d2,0x3253
  r61_witness[09] r61=16 tail=33 gh60=0xc925baa W1=0x21c2,0x2c92,0x25df W2=0x20cf,0x1ab2,0x3d71
  r61_witness[10] r61=16 tail=36 gh60=0xfa08de6 W1=0x169b,0x220a,0x22db W2=0x15a8,0xd34,0x1f4f
  r61_witness[11] r61=17 tail=28 gh60=0xc9a8b66 W1=0x563,0x7bf,0x253d W2=0x470,0x15bd,0x1e96
  r61_witness[12] r61=17 tail=28 gh60=0x49884aa W1=0xced,0x38,0xf36 W2=0xbfa,0x6b4,0x3751
  r61_witness[13] r61=17 tail=28 gh60=0xba18cea W1=0x1721,0x412,0x14ca W2=0x162e,0x1ab9,0x21ec
  r61_witness[14] r61=17 tail=29 gh60=0x4a07ce6 W1=0x311c,0x7d1,0x14b6 W2=0x3029,0x1f62,0x37b
  r61_witness[15] r61=17 tail=29 gh60=0xda284e6 W1=0x3a13,0x1f49,0xdb5 W2=0x3920,0x1d3e,0x1645

D60=0 fiber histogram: 1:8103 2:4700 3:1780 4:1088 5:429 6:193 7:80 8:84 9:27 10:21 11:10 12:10 13:2 14:3 15:1 18:2 19:1
