free_word_mitm_reducedn
N=14 mask=0x3fff msb=0x2000
candidate: M0=0x3d36 mode=random-fallback fill=0x3fff kernel=dM0=dM9=0x2000
prefixes=32768/268435456 mode=permuted-prefix-sample w59_per_prefix=16384 total=536870912
run_mode=scan registry_cap=16
sample_start=75661312
scan_elapsed=15.771s rate=34.04 Mtriples/s

D60 interface
  D60=0 matches: 32402 (random expectation 32768.0, enrichment 0.989x)
  prefixes with D60=0: 16428
  max D60=0 fiber per prefix: 19 at W57=0xb99 W58=0x2b46
  largest D60 bucket: D=0x2bb7 count=34013
  min D60 HW: 0
  D60 HW histogram: 0:32402 1:455965 2:2971212 3:11909597 4:32802910 5:65605704 6:98432915 7:112501200 8:98422871 9:65603409 10:32779394 11:11901384 12:2965322 13:454438 14:32189

Tail closure among D60=0 matches
  final tail collisions: 0
  best r61 HW: 14
  best r61 W1[57..59]=0x3dbb,0x1205,0x38c8
  best r61 W2[57..59]=0x3cc8,0x174b,0xad
  best tail HW: 23
  best tail r61 HW: 21
  best W1[57..59]=0x2f45,0x2635,0x20c
  best W2[57..59]=0x2e52,0x101,0x3f6f

SUMMARY N=14 sample_start=75661312 prefixes=32768 total=536870912 d0=32402 best_tail=23 tail_r61=21 best_r61=14 tail_W1=0x2f45,0x2635,0x20c tail_W2=0x2e52,0x101,0x3f6f r61_W1=0x3dbb,0x1205,0x38c8 r61_W2=0x3cc8,0x174b,0xad

Scan-only witness registry
  registry_count=16 registry_cap=16
  witness[00] tail=23 r61=20 gh60=0x461ffee W1=0x2fa0,0xe92,0x11c5 W2=0x2ead,0x3a56,0x328f
  witness[01] tail=23 r61=21 gh60=0xc9fbc9a W1=0x2f45,0x2635,0x20c W2=0x2e52,0x101,0x3f6f
  witness[02] tail=24 r61=18 gh60=0x4b884aa W1=0x3c3d,0x3833,0x34b6 W2=0x3b4a,0xe5f,0x29ee
  witness[03] tail=24 r61=19 gh60=0x49d8b7e W1=0x29d7,0x8c5,0x90f W2=0x28e4,0x1e8,0x6e3
  witness[04] tail=24 r61=19 gh60=0xca1fdea W1=0x3092,0x2376,0x49f W2=0x2f9f,0x1ade,0x7fd
  witness[05] tail=24 r61=20 gh60=0xcda85ba W1=0x2479,0x1f,0x1b98 W2=0x2386,0x1f49,0x809
  witness[06] tail=24 r61=22 gh60=0xcaebdbe W1=0x2e77,0x3261,0x31b2 W2=0x2d84,0x2b24,0x111
  witness[07] tail=24 r61=22 gh60=0x4e285fa W1=0x3295,0x355c,0x87c W2=0x31a2,0x34f8,0xf54
  witness[08] tail=24 r61=23 gh60=0x5be4daa W1=0x1682,0x21a7,0x3a48 W2=0x158f,0x293,0x17f5
  witness[09] tail=24 r61=25 gh60=0xdf8bbaa W1=0x2d7d,0x1703,0x3020 W2=0x2c8a,0x3076,0x24c9
  witness[10] tail=25 r61=16 gh60=0x4a1fc9a W1=0xf0a,0x19b6,0x2e2c W2=0xe17,0x2cbb,0x1472
  witness[11] tail=25 r61=16 gh60=0x4898ca6 W1=0x192b,0x3b3e,0x29f2 W2=0x1838,0x45a,0x27
  witness[12] tail=25 r61=17 gh60=0xcbd4c9e W1=0x628,0x439,0x1b2a W2=0x535,0x328,0xf88
  witness[13] tail=25 r61=19 gh60=0x47a84ba W1=0x3c35,0x29e3,0x3cd3 W2=0x3b42,0x2121,0x1b01
  witness[14] tail=25 r61=21 gh60=0x7e0fffa W1=0xf9a,0x29b7,0x1750 W2=0xea7,0xa3b,0x3ecb
  witness[15] tail=25 r61=21 gh60=0x7b75b7a W1=0x3dd6,0x3ebc,0xc4f W2=0x3ce3,0x2bc,0x2a5a

Scan-only r61 registry
  registry_count=16 registry_cap=16
  r61_witness[00] r61=14 tail=32 gh60=0xc899ba6 W1=0x3dbb,0x1205,0x38c8 W2=0x3cc8,0x174b,0xad
  r61_witness[01] r61=15 tail=26 gh60=0x7888bae W1=0x35bf,0xba0,0xb4a W2=0x34cc,0x13a7,0x9fa
  r61_witness[02] r61=15 tail=29 gh60=0xc5884aa W1=0xc41,0x168b,0xd56 W2=0xb4e,0x1d7b,0x3d2e
  r61_witness[03] r61=15 tail=29 gh60=0x3a0dce6 W1=0x1e1c,0x2714,0x3680 W2=0x1d29,0x719,0x28b3
  r61_witness[04] r61=15 tail=31 gh60=0xfc885a6 W1=0x24bb,0x2344,0x2c61 W2=0x23c8,0x1a69,0x5ac
  r61_witness[05] r61=16 tail=25 gh60=0x4a1fc9a W1=0xf0a,0x19b6,0x2e2c W2=0xe17,0x2cbb,0x1472
  r61_witness[06] r61=16 tail=25 gh60=0x4898ca6 W1=0x192b,0x3b3e,0x29f2 W2=0x1838,0x45a,0x27
  r61_witness[07] r61=16 tail=26 gh60=0x4a0bcea W1=0x2f1d,0x3a12,0x231d W2=0x2e2a,0x3371,0x3649
  r61_witness[08] r61=16 tail=32 gh60=0xca0cbea W1=0x58e,0x63f,0x3eb5 W2=0x49b,0x8cf,0x3e37
  r61_witness[09] r61=16 tail=32 gh60=0xca0c59a W1=0x1c8a,0x353b,0x2330 W2=0x1b97,0x341f,0xf00
  r61_witness[10] r61=16 tail=35 gh60=0x4935b6a W1=0x1dce,0x364d,0x1db0 W2=0x1cdb,0x3251,0x151a
  r61_witness[11] r61=16 tail=36 gh60=0x4d08d6a W1=0x36e1,0xf36,0x3713 W2=0x35ee,0x2175,0x1d44
  r61_witness[12] r61=16 tail=38 gh60=0x4584cba W1=0x35fa,0x162a,0x30db W2=0x3507,0xe9e,0x2897
  r61_witness[13] r61=16 tail=39 gh60=0x4b0bd66 W1=0x10db,0x1d41,0x3fe8 W2=0xfe8,0x3e5d,0x14c9
  r61_witness[14] r61=17 tail=25 gh60=0xcbd4c9e W1=0x628,0x439,0x1b2a W2=0x535,0x328,0xf88
  r61_witness[15] r61=17 tail=28 gh60=0x3aa4d66 W1=0x664,0x8d,0x328b W2=0x571,0x39dc,0x2195

D60=0 fiber histogram: 1:7964 2:4695 3:1811 4:1096 5:409 6:236 7:82 8:82 9:29 10:12 11:4 12:3 13:2 16:1 18:1 19:1
