free_word_mitm_reducedn
N=14 mask=0x3fff msb=0x2000
candidate: M0=0x3d36 mode=random-fallback fill=0x3fff kernel=dM0=dM9=0x2000
prefixes=32768/268435456 mode=permuted-prefix-sample w59_per_prefix=16384 total=536870912
run_mode=scan registry_cap=16
sample_start=38666240
scan_elapsed=15.985s rate=33.59 Mtriples/s

D60 interface
  D60=0 matches: 32445 (random expectation 32768.0, enrichment 0.990x)
  prefixes with D60=0: 16490
  max D60=0 fiber per prefix: 19 at W57=0x3181 W58=0x31c2
  largest D60 bucket: D=0x103a count=33797
  min D60 HW: 0
  D60 HW histogram: 0:32445 1:456812 2:2974618 3:11907118 4:32785520 5:65584612 6:98433275 7:112494731 8:98448220 9:65596967 10:32778485 11:11909534 12:2977802 13:458222 14:32551

Tail closure among D60=0 matches
  final tail collisions: 0
  best r61 HW: 13
  best r61 W1[57..59]=0x3513,0x27f9,0x108f
  best r61 W2[57..59]=0x3420,0x19e0,0xb5f
  best tail HW: 20
  best tail r61 HW: 24
  best W1[57..59]=0x1874,0x395,0x1da3
  best W2[57..59]=0x1781,0x25da,0x3180

SUMMARY N=14 sample_start=38666240 prefixes=32768 total=536870912 d0=32445 best_tail=20 tail_r61=24 best_r61=13 tail_W1=0x1874,0x395,0x1da3 tail_W2=0x1781,0x25da,0x3180 r61_W1=0x3513,0x27f9,0x108f r61_W2=0x3420,0x19e0,0xb5f

Scan-only witness registry
  registry_count=16 registry_cap=16
  witness[00] tail=20 r61=24 gh60=0xb7ecda6 W1=0x1874,0x395,0x1da3 W2=0x1781,0x25da,0x3180
  witness[01] tail=21 r61=20 gh60=0x5dac4ea W1=0x2a22,0x36df,0x3edc W2=0x292f,0x3e6e,0x3506
  witness[02] tail=22 r61=21 gh60=0x48dccbe W1=0x1738,0x127,0xb68 W2=0x1645,0x1d0b,0x145b
  witness[03] tail=22 r61=23 gh60=0x4a28ba6 W1=0x2583,0x3f0d,0x3ab3 W2=0x2490,0x771,0x141a
  witness[04] tail=23 r61=19 gh60=0xdcac5ba W1=0x1ab6,0x272d,0x1cc5 W2=0x19c3,0x11d8,0x693
  witness[05] tail=23 r61=20 gh60=0xc508566 W1=0x2cdb,0x2155,0x1e24 W2=0x2be8,0x1e74,0x1ae8
  witness[06] tail=23 r61=23 gh60=0xcdfc56a W1=0x32d2,0x3240,0x3248 W2=0x31df,0x154f,0x2a36
  witness[07] tail=24 r61=22 gh60=0xca2c4ea W1=0x2d12,0x2c8d,0x3b0c W2=0x2c1f,0x3558,0x291b
  witness[08] tail=24 r61=23 gh60=0x5d74d7e W1=0x858,0x60f,0x272f W2=0x765,0x9e3,0x2841
  witness[09] tail=24 r61=26 gh60=0x58b4c9e W1=0x2928,0x1b81,0x476 W2=0x2835,0x2678,0x8f1
  witness[10] tail=25 r61=17 gh60=0x76184e6 W1=0x150b,0x1f8a,0x2ffc W2=0x1418,0x2f5f,0x1fd5
  witness[11] tail=25 r61=18 gh60=0x49a849a W1=0x1d29,0x2f2c,0x818 W2=0x1c36,0x257d,0x337c
  witness[12] tail=25 r61=21 gh60=0x3b9cca6 W1=0x15ec,0x35b0,0x1bde W2=0x14f9,0x25cd,0x2d12
  witness[13] tail=25 r61=22 gh60=0x4e9c4ae W1=0x24f0,0x15c3,0x1a30 W2=0x23fd,0x4e4,0x39a1
  witness[14] tail=25 r61=24 gh60=0x7677bba W1=0xd76,0xb39,0xf99 W2=0xc83,0x2d5,0x84c
  witness[15] tail=25 r61=25 gh60=0x55f8da6 W1=0x1873,0x11cb,0x281e W2=0x1780,0x341f,0x37a2

Scan-only r61 registry
  registry_count=16 registry_cap=16
  r61_witness[00] r61=13 tail=30 gh60=0x4a0459a W1=0x248a,0xda3,0x370d W2=0x2397,0x3c01,0x31c
  r61_witness[01] r61=13 tail=33 gh60=0x4887ca6 W1=0x312c,0x2860,0x3289 W2=0x3039,0x3b83,0x1ef9
  r61_witness[02] r61=13 tail=34 gh60=0xca184e6 W1=0x3513,0x27f9,0x108f W2=0x3420,0x19e0,0xb5f
  r61_witness[03] r61=15 tail=30 gh60=0x590db66 W1=0x1d4c,0x2648,0x289a W2=0x1c59,0x2aa1,0x7fa
  r61_witness[04] r61=15 tail=34 gh60=0x390477a W1=0x335a,0x3fb2,0x1659 W2=0x3267,0x8b,0x3f11
  r61_witness[05] r61=16 tail=26 gh60=0x48a84a6 W1=0x2333,0x2a3f,0xb07 W2=0x2240,0x2aaa,0x1ade
  r61_witness[06] r61=16 tail=27 gh60=0x5a18dee W1=0x169f,0x3ccd,0x2774 W2=0x15ac,0x377c,0x3706
  r61_witness[07] r61=16 tail=28 gh60=0x4c97dae W1=0xeb0,0x2dfe,0x160 W2=0xdbd,0xce,0x156
  r61_witness[08] r61=16 tail=30 gh60=0x549dca6 W1=0x3c,0x1a01,0x8e7 W2=0x3f49,0x1610,0x1778
  r61_witness[09] r61=16 tail=31 gh60=0x58847ba W1=0x3bba,0x2e8e,0x39d3 W2=0x3ac7,0x314d,0x22d9
  r61_witness[10] r61=16 tail=32 gh60=0x46abb9a W1=0x3165,0x172c,0x355b W2=0x3072,0x2e00,0x1230
  r61_witness[11] r61=16 tail=32 gh60=0x56045e6 W1=0x3a8c,0x1d56,0xea9 W2=0x3999,0x3f16,0x291e
  r61_witness[12] r61=16 tail=34 gh60=0x4f844a6 W1=0xcec,0x2209,0x3b57 W2=0xbf9,0x10e5,0x3673
  r61_witness[13] r61=16 tail=36 gh60=0x4985ba6 W1=0x217c,0x1db6,0x22ed W2=0x2089,0x2079,0x2a0b
  r61_witness[14] r61=16 tail=36 gh60=0x46744be W1=0x33f8,0xe9,0x3640 W2=0x3305,0xe08,0x29d4
  r61_witness[15] r61=16 tail=38 gh60=0x4a19cee W1=0x3e0f,0x3c4e,0x3b02 W2=0x3d1c,0x2cb5,0x3adc

D60=0 fiber histogram: 1:8108 2:4678 3:1734 4:1107 5:413 6:207 7:101 8:69 9:26 10:25 11:5 12:6 13:2 14:2 15:1 16:2 17:1 18:1 19:2
