free_word_mitm_reducedn
N=14 mask=0x3fff msb=0x2000
candidate: M0=0x3d36 mode=random-fallback fill=0x3fff kernel=dM0=dM9=0x2000
prefixes=32768/268435456 mode=permuted-prefix-sample w59_per_prefix=16384 total=536870912
run_mode=scan registry_cap=16
sample_start=248381440
scan_elapsed=16.116s rate=33.31 Mtriples/s

D60 interface
  D60=0 matches: 32339 (random expectation 32768.0, enrichment 0.987x)
  prefixes with D60=0: 16446
  max D60=0 fiber per prefix: 15 at W57=0x1c5e W58=0x2ea1
  largest D60 bucket: D=0x163e count=33704
  min D60 HW: 0
  D60 HW histogram: 0:32339 1:454980 2:2971686 3:11906012 4:32786652 5:65623326 6:98478416 7:112490267 8:98408335 9:65588922 10:32759263 11:11902937 12:2975807 13:459158 14:32812

Tail closure among D60=0 matches
  final tail collisions: 0
  best r61 HW: 13
  best r61 W1[57..59]=0xb4d,0xac4,0x2776
  best r61 W2[57..59]=0xa5a,0x3926,0x1105
  best tail HW: 21
  best tail r61 HW: 20
  best W1[57..59]=0x383c,0x2673,0xa8
  best W2[57..59]=0x3749,0x3080,0x35e5

SUMMARY N=14 sample_start=248381440 prefixes=32768 total=536870912 d0=32339 best_tail=21 tail_r61=20 best_r61=13 tail_W1=0x383c,0x2673,0xa8 tail_W2=0x3749,0x3080,0x35e5 r61_W1=0xb4d,0xac4,0x2776 r61_W2=0xa5a,0x3926,0x1105

Scan-only witness registry
  registry_count=16 registry_cap=16
  witness[00] tail=21 r61=14 gh60=0x49847ba W1=0x3b7a,0x512,0x161c W2=0x3a87,0x85d,0x153a
  witness[01] tail=21 r61=20 gh60=0x7784ca6 W1=0x383c,0x2673,0xa8 W2=0x3749,0x3080,0x35e5
  witness[02] tail=22 r61=18 gh60=0xcc88caa W1=0x2841,0x388a,0xe56 W2=0x274e,0x39f9,0x2f9
  witness[03] tail=23 r61=22 gh60=0xc9d8b9a W1=0x39a9,0x187,0xb7 W2=0x38b6,0xbb1,0x2959
  witness[04] tail=24 r61=16 gh60=0xcba4566 W1=0x22e4,0x21ae,0x3205 W2=0x21f1,0x1c1e,0xc22
  witness[05] tail=24 r61=16 gh60=0x48a4ca6 W1=0x2734,0x3ada,0x2cf4 W2=0x2641,0x2707,0x1ea7
  witness[06] tail=24 r61=21 gh60=0x4618bee W1=0x298f,0x2795,0x3920 W2=0x289c,0x1a24,0x3022
  witness[07] tail=24 r61=21 gh60=0xc628c9a W1=0x3609,0x1e05,0x3e4b W2=0x3516,0x17db,0x2a82
  witness[08] tail=24 r61=22 gh60=0x4b8459a W1=0x24aa,0xd4c,0x29fc W2=0x23b7,0x3af8,0x3a4c
  witness[09] tail=25 r61=16 gh60=0x498cba6 W1=0x29bc,0x4d4,0x1ec2 W2=0x28c9,0x889,0xb8d
  witness[10] tail=25 r61=18 gh60=0x4a37bfe W1=0x1198,0x2f5c,0x24bd W2=0x10a5,0xeec,0x10e7
  witness[11] tail=25 r61=19 gh60=0xce19cea W1=0x21,0xb35,0x37d4 W2=0x3f2e,0xdac,0x30f5
  witness[12] tail=25 r61=20 gh60=0xd92cb66 W1=0x1554,0x354a,0x1cd0 W2=0x1461,0xb31,0x39bd
  witness[13] tail=25 r61=22 gh60=0x7a0bfea W1=0xf8d,0x16fc,0x464 W2=0xe9a,0x3883,0x2a5d
  witness[14] tail=25 r61=22 gh60=0xca0449a W1=0x130a,0x74d,0x14b0 W2=0x1217,0x4f,0x24af
  witness[15] tail=25 r61=23 gh60=0xc8944aa W1=0x1b2e,0x39d5,0x31b7 W2=0x1a3b,0x1156,0x3f03

Scan-only r61 registry
  registry_count=16 registry_cap=16
  r61_witness[00] r61=13 tail=29 gh60=0x4a18cee W1=0x281f,0x3338,0xaea W2=0x272c,0x1b13,0x20d9
  r61_witness[01] r61=13 tail=32 gh60=0xc51849a W1=0x1c45,0x2193,0x15dd W2=0x1b52,0x181a,0x3df9
  r61_witness[02] r61=13 tail=33 gh60=0x490876a W1=0xb4d,0xac4,0x2776 W2=0xa5a,0x3926,0x1105
  r61_witness[03] r61=14 tail=21 gh60=0x49847ba W1=0x3b7a,0x512,0x161c W2=0x3a87,0x85d,0x153a
  r61_witness[04] r61=15 tail=28 gh60=0xb90bb66 W1=0x114b,0x344a,0x2ddd W2=0x1058,0x27a6,0xf34
  r61_witness[05] r61=15 tail=31 gh60=0x58884aa W1=0x2331,0x20ab,0x428 W2=0x223e,0x28eb,0x26c9
  r61_witness[06] r61=15 tail=32 gh60=0xca0dbea W1=0x3d8e,0x1d8c,0xafa W2=0x3c9b,0x1e1c,0xa74
  r61_witness[07] r61=15 tail=33 gh60=0x4a2c4a6 W1=0x3d04,0x3847,0x3472 W2=0x3c11,0x1745,0x453
  r61_witness[08] r61=15 tail=34 gh60=0xd9884a6 W1=0x2d3b,0x1ca4,0x2369 W2=0x2c48,0x19ef,0x2706
  r61_witness[09] r61=16 tail=24 gh60=0xcba4566 W1=0x22e4,0x21ae,0x3205 W2=0x21f1,0x1c1e,0xc22
  r61_witness[10] r61=16 tail=24 gh60=0x48a4ca6 W1=0x2734,0x3ada,0x2cf4 W2=0x2641,0x2707,0x1ea7
  r61_witness[11] r61=16 tail=25 gh60=0x498cba6 W1=0x29bc,0x4d4,0x1ec2 W2=0x28c9,0x889,0xb8d
  r61_witness[12] r61=16 tail=26 gh60=0xca884aa W1=0x33f1,0x3e63,0x1c7f W2=0x32fe,0x1463,0x39a2
  r61_witness[13] r61=16 tail=26 gh60=0xb57c4a6 W1=0x3a34,0x1c81,0x3a5e W2=0x3941,0x29ef,0x3608
  r61_witness[14] r61=16 tail=30 gh60=0xc589da6 W1=0x3eab,0x3006,0x2d3b W2=0x3db8,0x5b8,0x1471
  r61_witness[15] r61=16 tail=33 gh60=0x79887aa W1=0x1b71,0xec4,0x64b W2=0x1a7e,0x208c,0x18e7

D60=0 fiber histogram: 1:7942 2:4789 3:1834 4:1017 5:448 6:204 7:69 8:77 9:28 10:15 11:4 12:11 13:5 14:2 15:1
