free_word_mitm_reducedn
N=14 mask=0x3fff msb=0x2000
candidate: M0=0x3d36 mode=random-fallback fill=0x3fff kernel=dM0=dM9=0x2000
prefixes=32768/268435456 mode=permuted-prefix-sample w59_per_prefix=16384 total=536870912
run_mode=scan registry_cap=16
sample_start=30277632
scan_elapsed=15.950s rate=33.66 Mtriples/s

D60 interface
  D60=0 matches: 32607 (random expectation 32768.0, enrichment 0.995x)
  prefixes with D60=0: 16545
  max D60=0 fiber per prefix: 18 at W57=0x1faf W58=0x3368
  largest D60 bucket: D=0x29ea count=33799
  min D60 HW: 0
  D60 HW histogram: 0:32607 1:457317 2:2980542 3:11916161 4:32795514 5:65596163 6:98433088 7:112493408 8:98401885 9:65578134 10:32799984 11:11922093 12:2974338 13:457410 14:32268

Tail closure among D60=0 matches
  final tail collisions: 0
  best r61 HW: 13
  best r61 W1[57..59]=0x149a,0x1968,0x1390
  best r61 W2[57..59]=0x13a7,0x147d,0x2a03
  best tail HW: 18
  best tail r61 HW: 15
  best W1[57..59]=0x1f71,0x176b,0x3e03
  best W2[57..59]=0x1e7e,0x17f6,0x33f3

SUMMARY N=14 sample_start=30277632 prefixes=32768 total=536870912 d0=32607 best_tail=18 tail_r61=15 best_r61=13 tail_W1=0x1f71,0x176b,0x3e03 tail_W2=0x1e7e,0x17f6,0x33f3 r61_W1=0x149a,0x1968,0x1390 r61_W2=0x13a7,0x147d,0x2a03

Scan-only witness registry
  registry_count=16 registry_cap=16
  witness[00] tail=18 r61=15 gh60=0x49f9faa W1=0x1f71,0x176b,0x3e03 W2=0x1e7e,0x17f6,0x33f3
  witness[01] tail=23 r61=18 gh60=0x3a39be6 W1=0x3d93,0xe93,0x679 W2=0x3ca0,0x176f,0x1593
  witness[02] tail=23 r61=22 gh60=0x5935b6a W1=0x1dde,0x2fdd,0x355b W2=0x1ceb,0x2ad1,0x3413
  witness[03] tail=23 r61=25 gh60=0x4cb9ca6 W1=0x1e33,0x3169,0x32aa W2=0x1d40,0x1f93,0x2dfb
  witness[04] tail=24 r61=18 gh60=0xd67879e W1=0x387,0x11f7,0x251a W2=0x294,0xc88,0x2b56
  witness[05] tail=24 r61=18 gh60=0x4b2ff9e W1=0x2fc8,0x1b90,0x1265 W2=0x2ed5,0x429,0x2304
  witness[06] tail=25 r61=16 gh60=0xb898faa W1=0x17c1,0x1663,0x1f28 W2=0x16ce,0x246a,0x1ee3
  witness[07] tail=25 r61=17 gh60=0x49bbbbe W1=0x11b7,0x1b50,0x96d W2=0x10c4,0x3e6b,0x27d5
  witness[08] tail=25 r61=25 gh60=0xfba8f9a W1=0x1765,0x3851,0x1bcf W2=0x1672,0x37e3,0xf3
  witness[09] tail=25 r61=29 gh60=0xf68c49a W1=0x12ea,0x218f,0x1269 W2=0x11f7,0x1a5b,0x67d
  witness[10] tail=26 r61=13 gh60=0x46045fa W1=0x149a,0x1968,0x1390 W2=0x13a7,0x147d,0x2a03
  witness[11] tail=26 r61=15 gh60=0x550856a W1=0xa5d,0x1189,0x27e4 W2=0x96a,0x1b27,0x12ba
  witness[12] tail=26 r61=18 gh60=0x4b1c56a W1=0x1a5e,0x2643,0xa09 W2=0x196b,0x38e2,0x3f13
  witness[13] tail=26 r61=18 gh60=0xcb844ba W1=0x31fa,0x2e49,0x34c W2=0x3107,0x21bc,0x1ed6
  witness[14] tail=26 r61=19 gh60=0xb48fdaa W1=0x10ae,0x20dd,0x3b07 W2=0xfbb,0xdcd,0x3af7
  witness[15] tail=26 r61=19 gh60=0xca09dea W1=0x1e91,0x2f24,0x3d50 W2=0x1d9e,0x2f83,0x23a

Scan-only r61 registry
  registry_count=16 registry_cap=16
  r61_witness[00] r61=13 tail=26 gh60=0x46045fa W1=0x149a,0x1968,0x1390 W2=0x13a7,0x147d,0x2a03
  r61_witness[01] r61=14 tail=30 gh60=0x46884ae W1=0x3ff,0xa9f,0x3967 W2=0x30c,0x38af,0x2608
  r61_witness[02] r61=15 tail=18 gh60=0x49f9faa W1=0x1f71,0x176b,0x3e03 W2=0x1e7e,0x17f6,0x33f3
  r61_witness[03] r61=15 tail=26 gh60=0x550856a W1=0xa5d,0x1189,0x27e4 W2=0x96a,0x1b27,0x12ba
  r61_witness[04] r61=15 tail=28 gh60=0x4668cba W1=0x6f9,0x2e46,0x3bf8 W2=0x606,0x1289,0x1ad4
  r61_witness[05] r61=15 tail=29 gh60=0x548459a W1=0x1aaa,0x2f8b,0x3bb4 W2=0x19b7,0x2b31,0x1376
  r61_witness[06] r61=15 tail=29 gh60=0xc904f66 W1=0x374c,0x2d38,0x1dc5 W2=0x3659,0x2877,0x990
  r61_witness[07] r61=15 tail=32 gh60=0x460bcea W1=0xe0d,0x9d5,0xdd3 W2=0xd1a,0x3d1c,0x27c0
  r61_witness[08] r61=15 tail=33 gh60=0x5a0cdea W1=0x168e,0xc39,0xd0c W2=0x159b,0x1a1d,0x2afe
  r61_witness[09] r61=15 tail=33 gh60=0x44844a6 W1=0x3c3c,0x2b2f,0x20f7 W2=0x3b49,0x397b,0x1711
  r61_witness[10] r61=15 tail=39 gh60=0x4a084ea W1=0x2b1d,0x161c,0xc58 W2=0x2a2a,0x1e02,0x133d
  r61_witness[11] r61=16 tail=25 gh60=0xb898faa W1=0x17c1,0x1663,0x1f28 W2=0x16ce,0x246a,0x1ee3
  r61_witness[12] r61=16 tail=30 gh60=0xc9a8bba W1=0x579,0x290a,0x2345 W2=0x486,0x29d5,0x161e
  r61_witness[13] r61=16 tail=30 gh60=0x592c766 W1=0xb54,0x1b74,0x24dd W2=0xa61,0x646,0x2c8e
  r61_witness[14] r61=16 tail=30 gh60=0x4e6cf66 W1=0x3764,0x87c,0x110a W2=0x3671,0x4df,0x3387
  r61_witness[15] r61=16 tail=33 gh60=0xc889ba6 W1=0x3dbb,0x36cb,0x1aae W2=0x3cc8,0x3c11,0x2dbf

D60=0 fiber histogram: 1:8061 2:4730 3:1835 4:1090 5:386 6:201 7:80 8:73 9:37 10:24 11:11 12:4 13:3 14:2 15:1 16:4 17:1 18:2
