free_word_mitm_reducedn
N=14 mask=0x3fff msb=0x2000
candidate: M0=0x3d36 mode=random-fallback fill=0x3fff kernel=dM0=dM9=0x2000
prefixes=32768/268435456 mode=permuted-prefix-sample w59_per_prefix=16384 total=536870912
run_mode=scan registry_cap=16
sample_start=198049792
scan_elapsed=15.886s rate=33.80 Mtriples/s

D60 interface
  D60=0 matches: 32380 (random expectation 32768.0, enrichment 0.988x)
  prefixes with D60=0: 16494
  max D60=0 fiber per prefix: 17 at W57=0x1d11 W58=0x35d3
  largest D60 bucket: D=0x16be count=33805
  min D60 HW: 0
  D60 HW histogram: 0:32380 1:456099 2:2973503 3:11896412 4:32766855 5:65563538 6:98394014 7:112469576 8:98442559 9:65650667 10:32827941 11:11929250 12:2977427 13:458354 14:32337

Tail closure among D60=0 matches
  final tail collisions: 0
  best r61 HW: 14
  best r61 W1[57..59]=0x28ec,0x3d2d,0x3051
  best r61 W2[57..59]=0x27f9,0x27ca,0x23e9
  best tail HW: 22
  best tail r61 HW: 28
  best W1[57..59]=0x3156,0x1617,0x8dc
  best W2[57..59]=0x3063,0x357,0x2c56

SUMMARY N=14 sample_start=198049792 prefixes=32768 total=536870912 d0=32380 best_tail=22 tail_r61=28 best_r61=14 tail_W1=0x3156,0x1617,0x8dc tail_W2=0x3063,0x357,0x2c56 r61_W1=0x28ec,0x3d2d,0x3051 r61_W2=0x27f9,0x27ca,0x23e9

Scan-only witness registry
  registry_count=16 registry_cap=16
  witness[00] tail=22 r61=19 gh60=0x4de456a W1=0x22d2,0x313b,0x2588 W2=0x21df,0x3556,0x2449
  witness[01] tail=22 r61=28 gh60=0x5befb7a W1=0x3156,0x1617,0x8dc W2=0x3063,0x357,0x2c56
  witness[02] tail=23 r61=17 gh60=0x48d8bba W1=0x15b9,0x138b,0x1df5 W2=0x14c6,0x22e6,0x3b6a
  witness[03] tail=23 r61=21 gh60=0xba2bce6 W1=0x1013,0xef,0x38de W2=0xf20,0x3e27,0x3bf2
  witness[04] tail=23 r61=22 gh60=0xb6f856a W1=0x3ad1,0x33d9,0x1fd6 W2=0x39de,0x163,0x1761
  witness[05] tail=23 r61=25 gh60=0xbe3dfea W1=0x3f9e,0x3ab4,0x2cb5 W2=0x3eab,0x3934,0x1e5b
  witness[06] tail=24 r61=17 gh60=0xcb39d6a W1=0x1e61,0x872,0x1ea1 W2=0x1d6e,0xc4d,0x2684
  witness[07] tail=24 r61=19 gh60=0xc66cf6a W1=0x1762,0x2af3,0x1c3a W2=0x166f,0x2f27,0x2fe7
  witness[08] tail=24 r61=19 gh60=0x7a5c59a W1=0x1a66,0x38a8,0x1702 W2=0x1973,0x24ce,0xba5
  witness[09] tail=24 r61=20 gh60=0x787c79a W1=0x33aa,0x2a37,0x80f W2=0x32b7,0x2c07,0x1233
  witness[10] tail=24 r61=22 gh60=0xfd78dae W1=0x28af,0xf0f,0x30ec W2=0x27bc,0x3146,0x2093
  witness[11] tail=24 r61=22 gh60=0x4ed44fa W1=0x3416,0x1928,0x5a2 W2=0x3323,0xe61,0x1454
  witness[12] tail=24 r61=23 gh60=0x5bdc59a W1=0x3466,0x2d83,0x2638 W2=0x3373,0x1bb3,0x3763
  witness[13] tail=24 r61=26 gh60=0x37e84a6 W1=0x2d33,0x1a2a,0x3e56 W2=0x2c40,0x3697,0x1d68
  witness[14] tail=25 r61=18 gh60=0x4e18de6 W1=0x169b,0x1790,0x2ff2 W2=0x15a8,0x2ba,0x2af3
  witness[15] tail=25 r61=18 gh60=0xbaacfbe W1=0x1778,0x22a3,0x21da W2=0x1685,0x297b,0x1701

Scan-only r61 registry
  registry_count=16 registry_cap=16
  r61_witness[00] r61=14 tail=29 gh60=0xc918f66 W1=0x17d3,0xb00,0x39a W2=0x16e0,0x24e,0x488
  r61_witness[01] r61=14 tail=34 gh60=0xd90876a W1=0x1b61,0x1e5,0x525 W2=0x1a6e,0x1633,0x16c9
  r61_witness[02] r61=14 tail=35 gh60=0x4984ca6 W1=0x28ec,0x3d2d,0x3051 W2=0x27f9,0x27ca,0x23e9
  r61_witness[03] r61=15 tail=29 gh60=0xfa08dee W1=0x189f,0x1b40,0x3e97 W2=0x17ac,0xfef,0x104b
  r61_witness[04] r61=15 tail=31 gh60=0xda1ccfa W1=0x281a,0x61c,0x305e W2=0x2727,0x2a88,0x16f4
  r61_witness[05] r61=15 tail=34 gh60=0x4a245e6 W1=0x2c94,0x2729,0x36d3 W2=0x2ba1,0x3ff3,0x19a3
  r61_witness[06] r61=16 tail=27 gh60=0x4608de6 W1=0x369b,0x159a,0x1656 W2=0x35a8,0xc4,0x27c1
  r61_witness[07] r61=16 tail=28 gh60=0x4a04d9a W1=0x368a,0xf06,0xf1c W2=0x3597,0x10a1,0x2d49
  r61_witness[08] r61=16 tail=29 gh60=0x4904b7a W1=0x29da,0xae9,0x2ee0 W2=0x28e7,0x2fe1,0x2601
  r61_witness[09] r61=16 tail=31 gh60=0x4e044e6 W1=0x30c,0xbf1,0x3edc W2=0x219,0x1ed3,0x1885
  r61_witness[10] r61=16 tail=31 gh60=0x588bbaa W1=0x11bd,0xa21,0x183a W2=0x10ca,0x2c68,0x6d
  r61_witness[11] r61=16 tail=31 gh60=0xca2dca6 W1=0x3e04,0x3e76,0x2729 W2=0x3d11,0x3d31,0x2a72
  r61_witness[12] r61=16 tail=32 gh60=0xca37cee W1=0x1020,0x3885,0x2c35 W2=0xf2d,0x5d1,0xbab
  r61_witness[13] r61=16 tail=32 gh60=0x4b0856a W1=0x22cd,0x3c34,0xc1d W2=0x21da,0x446,0x1377
  r61_witness[14] r61=16 tail=33 gh60=0x4a05de6 W1=0x9c,0x1565,0x3096 W2=0x3fa9,0x812,0x3c5d
  r61_witness[15] r61=16 tail=34 gh60=0xba07d9a W1=0x108a,0x7cd,0x226c W2=0xf97,0x28ea,0x2d2c

D60=0 fiber histogram: 1:8034 2:4736 3:1805 4:1068 5:416 6:233 7:70 8:66 9:33 10:11 11:7 12:6 13:2 14:1 15:2 16:3 17:1
