free_word_mitm_reducedn
N=14 mask=0x3fff msb=0x2000
candidate: M0=0x3d36 mode=random-fallback fill=0x3fff kernel=dM0=dM9=0x2000
prefixes=32768/268435456 mode=permuted-prefix-sample w59_per_prefix=16384 total=536870912
run_mode=scan registry_cap=16
sample_start=142737408
scan_elapsed=15.358s rate=34.96 Mtriples/s

D60 interface
  D60=0 matches: 32376 (random expectation 32768.0, enrichment 0.988x)
  prefixes with D60=0: 16408
  max D60=0 fiber per prefix: 16 at W57=0x37a2 W58=0x1b74
  largest D60 bucket: D=0x2973 count=33698
  min D60 HW: 0
  D60 HW histogram: 0:32376 1:456483 2:2977391 3:11924020 4:32802678 5:65627652 6:98421490 7:112495689 8:98420814 9:65573263 10:32775421 11:11906537 12:2970207 13:454584 14:32307

Tail closure among D60=0 matches
  final tail collisions: 0
  best r61 HW: 12
  best r61 W1[57..59]=0x347c,0xc58,0xfb7
  best r61 W2[57..59]=0x3389,0x10fe,0x29ad
  best tail HW: 20
  best tail r61 HW: 18
  best W1[57..59]=0x3bf0,0x110c,0x225f
  best W2[57..59]=0x3afd,0xad,0x1a43

SUMMARY N=14 sample_start=142737408 prefixes=32768 total=536870912 d0=32376 best_tail=20 tail_r61=18 best_r61=12 tail_W1=0x3bf0,0x110c,0x225f tail_W2=0x3afd,0xad,0x1a43 r61_W1=0x347c,0xc58,0xfb7 r61_W2=0x3389,0x10fe,0x29ad

Scan-only witness registry
  registry_count=16 registry_cap=16
  witness[00] tail=20 r61=18 gh60=0x3f8c4ae W1=0x3bf0,0x110c,0x225f W2=0x3afd,0xad,0x1a43
  witness[01] tail=20 r61=19 gh60=0xc7f9dbe W1=0x3e77,0x293c,0x2de7 W2=0x3d84,0x3403,0x3ce9
  witness[02] tail=21 r61=21 gh60=0xc9e85e6 W1=0xa93,0x21f2,0x3d19 W2=0x9a0,0x12bb,0x32f3
  witness[03] tail=22 r61=21 gh60=0xde5859e W1=0x2c67,0x34fa,0x280d W2=0x2b74,0x3bcb,0x55d
  witness[04] tail=23 r61=23 gh60=0xdef8f6a W1=0x37e1,0x2550,0xb4d W2=0x36ee,0x355f,0x1d5c
  witness[05] tail=23 r61=24 gh60=0xb9b9fbe W1=0x1fb7,0x2cf2,0x3dd9 W2=0x1ec4,0x2149,0x22b0
  witness[06] tail=24 r61=20 gh60=0xf954fbe W1=0x17b8,0xd44,0x1344 W2=0x16c5,0x1390,0x1244
  witness[07] tail=25 r61=19 gh60=0xc60ccea W1=0x60e,0x1d37,0x3101 W2=0x51b,0x27ef,0x22b7
  witness[08] tail=25 r61=19 gh60=0xcaf479a W1=0x2bc6,0x2250,0x1cc4 W2=0x2ad3,0x2470,0x5c9
  witness[09] tail=25 r61=20 gh60=0xceec4be W1=0x2cf8,0x36c5,0x34de W2=0x2c05,0x468,0xf94
  witness[10] tail=25 r61=20 gh60=0xcab449a W1=0x39e6,0x1eb5,0x29d9 W2=0x38f3,0x1303,0x3fe4
  witness[11] tail=25 r61=23 gh60=0xde385ea W1=0x2291,0x2edb,0x1e29 W2=0x219e,0x2779,0x1f1b
  witness[12] tail=25 r61=26 gh60=0x54f45be W1=0x12b8,0x259,0x115b W2=0x11c5,0x17a4,0x104
  witness[13] tail=25 r61=26 gh60=0x5d7856a W1=0x2ad1,0x3fe4,0x78e W2=0x29de,0x3a7a,0x542
  witness[14] tail=26 r61=18 gh60=0xc6184e6 W1=0x141b,0x3b35,0x5cc W2=0x1328,0x3a06,0x11ad
  witness[15] tail=26 r61=19 gh60=0x5b8bcae W1=0x10ef,0x548,0x2331 W2=0xffc,0x12a3,0x157d

Scan-only r61 registry
  registry_count=16 registry_cap=16
  r61_witness[00] r61=12 tail=38 gh60=0x4a845a6 W1=0x347c,0xc58,0xfb7 W2=0x3389,0x10fe,0x29ad
  r61_witness[01] r61=14 tail=29 gh60=0x4589daa W1=0x1e81,0x1540,0x3667 W2=0x1d8e,0x1797,0x2ac5
  r61_witness[02] r61=15 tail=27 gh60=0x4a0dc9a W1=0xa,0x14b6,0x1a25 W2=0x3f17,0x33ff,0x35bd
  r61_witness[03] r61=15 tail=33 gh60=0x4a184fa W1=0x3315,0x142a,0x2a27 W2=0x3222,0xf9e,0x3dfe
  r61_witness[04] r61=15 tail=35 gh60=0x46544be W1=0x3bf8,0x1786,0x5ed W2=0x3b05,0x2725,0x1922
  r61_witness[05] r61=16 tail=30 gh60=0x4598caa W1=0x35ed,0x2e94,0xd W2=0x34fa,0x64f,0x2352
  r61_witness[06] r61=16 tail=31 gh60=0x4609ce6 W1=0x211b,0x13ad,0xa15 W2=0x2028,0xe31,0x1d34
  r61_witness[07] r61=16 tail=32 gh60=0x5a09bea W1=0x1a1,0x37ab,0xe86 W2=0xae,0x342a,0xf99
  r61_witness[08] r61=16 tail=33 gh60=0x47e8f7e W1=0x7d7,0x1e33,0x336a W2=0x6e4,0x126e,0x11f3
  r61_witness[09] r61=16 tail=34 gh60=0x4e984ba W1=0x24f5,0x13da,0x1ec7 W2=0x2402,0x3ad8,0x21de
  r61_witness[10] r61=16 tail=34 gh60=0x58987aa W1=0x3bc1,0xc4e,0x2bb4 W2=0x3ace,0x1e96,0x124b
  r61_witness[11] r61=16 tail=34 gh60=0x491df6e W1=0x3f50,0x38e8,0x2e69 W2=0x3e5d,0x332c,0x2f4d
  r61_witness[12] r61=16 tail=35 gh60=0xc5845ba W1=0x47a,0xbb5,0x3ad2 W2=0x387,0x38c4,0x7ca
  r61_witness[13] r61=16 tail=37 gh60=0xc60bfea W1=0x2f91,0x753,0x3534 W2=0x2e9e,0x32e6,0x22df
  r61_witness[14] r61=17 tail=27 gh60=0x4a845a6 W1=0x46c,0x1e6a,0x1a7 W2=0x379,0x1320,0x1e39
  r61_witness[15] r61=17 tail=28 gh60=0xb498ce6 W1=0x823,0x277b,0x2829 W2=0x730,0x2f41,0x10b4

D60=0 fiber histogram: 1:7948 2:4730 3:1791 4:1120 5:343 6:240 7:100 8:72 9:21 10:17 11:9 12:10 13:1 15:3 16:3
