free_word_mitm_reducedn
N=14 mask=0x3fff msb=0x2000
candidate: M0=0x3d36 mode=random-fallback fill=0x3fff kernel=dM0=dM9=0x2000
prefixes=32768/268435456 mode=permuted-prefix-sample w59_per_prefix=16384 total=536870912
run_mode=scan registry_cap=16
sample_start=223019008
scan_elapsed=18.299s rate=29.34 Mtriples/s

D60 interface
  D60=0 matches: 32473 (random expectation 32768.0, enrichment 0.991x)
  prefixes with D60=0: 16457
  max D60=0 fiber per prefix: 18 at W57=0xd72 W58=0x16eb
  largest D60 bucket: D=0x8e2 count=33817
  min D60 HW: 0
  D60 HW histogram: 0:32473 1:456395 2:2975092 3:11906562 4:32763017 5:65581230 6:98442869 7:112514150 8:98447677 9:65602492 10:32776629 11:11910101 12:2972632 13:456803 14:32790

Tail closure among D60=0 matches
  final tail collisions: 0
  best r61 HW: 14
  best r61 W1[57..59]=0x2ec3,0x195e,0x33e3
  best r61 W2[57..59]=0x2dd0,0x6ac,0x3f82
  best tail HW: 21
  best tail r61 HW: 17
  best W1[57..59]=0x2ebb,0x12e4,0x3497
  best W2[57..59]=0x2dc8,0x1f82,0x24fb

SUMMARY N=14 sample_start=223019008 prefixes=32768 total=536870912 d0=32473 best_tail=21 tail_r61=17 best_r61=14 tail_W1=0x2ebb,0x12e4,0x3497 tail_W2=0x2dc8,0x1f82,0x24fb r61_W1=0x2ec3,0x195e,0x33e3 r61_W2=0x2dd0,0x6ac,0x3f82

Scan-only witness registry
  registry_count=16 registry_cap=16
  witness[00] tail=21 r61=17 gh60=0x5c7bda6 W1=0x2ebb,0x12e4,0x3497 W2=0x2dc8,0x1f82,0x24fb
  witness[01] tail=21 r61=21 gh60=0xc49c49a W1=0xc2a,0xac6,0x3d97 W2=0xb37,0x30c8,0x1c7c
  witness[02] tail=22 r61=18 gh60=0x5a684fa W1=0x1d15,0x2614,0x13cf W2=0x1c22,0x1f88,0x1562
  witness[03] tail=23 r61=17 gh60=0x470fb66 W1=0x11dc,0x2b04,0x2934 W2=0x10e9,0x1d51,0x818
  witness[04] tail=24 r61=17 gh60=0xca247e6 W1=0x3394,0x2376,0x2dad W2=0x32a1,0x1d56,0xccd
  witness[05] tail=24 r61=20 gh60=0xca8c4ba W1=0x11fa,0x292e,0x20ba W2=0x1107,0x1ea1,0x19dd
  witness[06] tail=24 r61=21 gh60=0x497bc9a W1=0xf49,0x147,0xf84 W2=0xe56,0x13d7,0x2940
  witness[07] tail=24 r61=26 gh60=0x4c985a6 W1=0xcb3,0x22c,0x2cb3 W2=0xbc0,0x1871,0x3435
  witness[08] tail=25 r61=15 gh60=0x4a15dee W1=0xa0,0x991,0x333 W2=0x3fad,0x2bc1,0x1282
  witness[09] tail=25 r61=18 gh60=0x4b945aa W1=0x2c6e,0xf89,0x336 W2=0x2b7b,0xc22,0x1f96
  witness[10] tail=25 r61=19 gh60=0x5a184e6 W1=0x130b,0x2a1b,0x2d45 W2=0x1218,0x1bf0,0x141a
  witness[11] tail=25 r61=21 gh60=0xd965cea W1=0x122,0x2c47,0x22bd W2=0x2f,0x2e23,0x24a3
  witness[12] tail=25 r61=21 gh60=0xc5abdba W1=0xeb9,0x2d5b,0xa6 W2=0xdc6,0x3b6,0x2e47
  witness[13] tail=25 r61=21 gh60=0x497879a W1=0x2bc9,0x35b7,0x26aa W2=0x2ad6,0x37e6,0x2a25
  witness[14] tail=25 r61=23 gh60=0xc51857a W1=0x2c55,0x27b,0xbe4 W2=0x2b62,0x3783,0x2461
  witness[15] tail=25 r61=25 gh60=0xf9884ae W1=0x33f,0x3d05,0xf95 W2=0x24c,0x1c15,0x3d8b

Scan-only r61 registry
  registry_count=16 registry_cap=16
  r61_witness[00] r61=14 tail=35 gh60=0x4d04d9a W1=0x38ca,0x3e4,0x1141 W2=0x37d7,0x3f0b,0x2f50
  r61_witness[01] r61=14 tail=36 gh60=0x472bda6 W1=0x2ec3,0x195e,0x33e3 W2=0x2dd0,0x6ac,0x3f82
  r61_witness[02] r61=15 tail=25 gh60=0x4a15dee W1=0xa0,0x991,0x333 W2=0x3fad,0x2bc1,0x1282
  r61_witness[03] r61=16 tail=29 gh60=0xc624da6 W1=0x1684,0x1b1a,0x16cf W2=0x1591,0x23ef,0x2061
  r61_witness[04] r61=16 tail=31 gh60=0xda78fea W1=0x791,0x39c5,0x75d W2=0x69e,0x3654,0x20c0
  r61_witness[05] r61=16 tail=31 gh60=0x4508566 W1=0xc5b,0x2b42,0x294b W2=0xb68,0x2681,0x2510
  r61_witness[06] r61=16 tail=33 gh60=0x4e24fa6 W1=0x784,0x3e44,0x292 W2=0x691,0x2439,0x2474
  r61_witness[07] r61=16 tail=34 gh60=0xc688baa W1=0x2971,0x1e5a,0x1ba0 W2=0x287e,0x1ae1,0x2b75
  r61_witness[08] r61=16 tail=37 gh60=0x46344fa W1=0x3416,0x62c,0x2e77 W2=0x3323,0x3b65,0x38f1
  r61_witness[09] r61=16 tail=38 gh60=0xca085e6 W1=0x1a9b,0x57a,0x98a W2=0x19a8,0x2c25,0x21ed
  r61_witness[10] r61=17 tail=21 gh60=0x5c7bda6 W1=0x2ebb,0x12e4,0x3497 W2=0x2dc8,0x1f82,0x24fb
  r61_witness[11] r61=17 tail=23 gh60=0x470fb66 W1=0x11dc,0x2b04,0x2934 W2=0x10e9,0x1d51,0x818
  r61_witness[12] r61=17 tail=24 gh60=0xca247e6 W1=0x3394,0x2376,0x2dad W2=0x32a1,0x1d56,0xccd
  r61_witness[13] r61=17 tail=26 gh60=0x455cd9a W1=0x36c6,0x3c49,0x1611 W2=0x35d3,0x2d7c,0xf31
  r61_witness[14] r61=17 tail=26 gh60=0x4a18ca6 W1=0x3903,0x2ec5,0x1392 W2=0x3810,0x1a01,0x3c1a
  r61_witness[15] r61=17 tail=27 gh60=0xd90cf6a W1=0x275e,0x33bf,0x1f84 W2=0x266b,0x32cb,0x11b0

D60=0 fiber histogram: 1:8013 2:4668 3:1844 4:1089 5:395 6:220 7:78 8:73 9:32 10:19 11:9 12:7 13:2 14:3 15:1 16:2 17:1 18:1
