free_word_mitm_reducedn
N=14 mask=0x3fff msb=0x2000
candidate: M0=0x3d36 mode=random-fallback fill=0x3fff kernel=dM0=dM9=0x2000
prefixes=32768/268435456 mode=permuted-prefix-sample w59_per_prefix=16384 total=536870912
run_mode=scan registry_cap=16
sample_start=172687360
scan_elapsed=19.075s rate=28.15 Mtriples/s

D60 interface
  D60=0 matches: 32309 (random expectation 32768.0, enrichment 0.986x)
  prefixes with D60=0: 16466
  max D60=0 fiber per prefix: 14 at W57=0x3fec W58=0x14a9
  largest D60 bucket: D=0xa65 count=33764
  min D60 HW: 0
  D60 HW histogram: 0:32309 1:457212 2:2972436 3:11909221 4:32788640 5:65611053 6:98428626 7:112468180 8:98418948 9:65590870 10:32805693 11:11921440 12:2976857 13:456993 14:32434

Tail closure among D60=0 matches
  final tail collisions: 0
  best r61 HW: 14
  best r61 W1[57..59]=0x2989,0x35c8,0x3193
  best r61 W2[57..59]=0x2896,0x31a2,0x31d9
  best tail HW: 22
  best tail r61 HW: 19
  best W1[57..59]=0x3d7a,0x3e74,0x25eb
  best W2[57..59]=0x3c87,0x2d40,0x9fe

SUMMARY N=14 sample_start=172687360 prefixes=32768 total=536870912 d0=32309 best_tail=22 tail_r61=19 best_r61=14 tail_W1=0x3d7a,0x3e74,0x25eb tail_W2=0x3c87,0x2d40,0x9fe r61_W1=0x2989,0x35c8,0x3193 r61_W2=0x2896,0x31a2,0x31d9

Scan-only witness registry
  registry_count=16 registry_cap=16
  witness[00] tail=22 r61=19 gh60=0xde8dbba W1=0x3d7a,0x3e74,0x25eb W2=0x3c87,0x2d40,0x9fe
  witness[01] tail=23 r61=22 gh60=0x5b3cd6a W1=0x385e,0x18f3,0x1c56 W2=0x376b,0x213b,0x1e97
  witness[02] tail=24 r61=17 gh60=0xb734d6e W1=0x8e0,0x1e9a,0xde9 W2=0x7ed,0x39b6,0xd68
  witness[03] tail=24 r61=20 gh60=0x593877a W1=0x355,0x34ca,0x3086 W2=0x262,0x25aa,0x2650
  witness[04] tail=24 r61=22 gh60=0x4f1bda6 W1=0xec3,0x1b69,0x312d W2=0xdd0,0x2bf,0x2674
  witness[05] tail=24 r61=25 gh60=0x4af85fe W1=0x1497,0x3923,0x2fe5 W2=0x13a4,0x1063,0x3d19
  witness[06] tail=24 r61=25 gh60=0xc98c7aa W1=0x336e,0x1ee7,0xc42 W2=0x327b,0x30c0,0x1b43
  witness[07] tail=24 r61=27 gh60=0x3dbbd9a W1=0x2e69,0x22e0,0x109c W2=0x2d76,0x2dd8,0x3c06
  witness[08] tail=25 r61=14 gh60=0xc628b9a W1=0x2989,0x35c8,0x3193 W2=0x2896,0x31a2,0x31d9
  witness[09] tail=25 r61=18 gh60=0x5918ca6 W1=0x1943,0x344c,0x2155 W2=0x1850,0x1f08,0x2130
  witness[10] tail=25 r61=22 gh60=0x4b0876e W1=0x234f,0xfee,0x1a8b W2=0x225c,0x62c,0x2341
  witness[11] tail=25 r61=22 gh60=0xccd7cba W1=0x2e36,0x22bb,0x3935 W2=0x2d43,0x3aff,0xb4d
  witness[12] tail=25 r61=23 gh60=0xd658dfe W1=0x3897,0x3d4,0x3b71 W2=0x37a4,0x1813,0x3759
  witness[13] tail=25 r61=24 gh60=0xd585cba W1=0x3a,0x571,0x2416 W2=0x3f47,0x29e5,0x35ac
  witness[14] tail=25 r61=24 gh60=0xc7ecf66 W1=0x754,0xbbc,0x211b W2=0x661,0x340f,0x3d5
  witness[15] tail=25 r61=24 gh60=0xbe84cba W1=0x27fa,0x1562,0x74e W2=0x2707,0x37da,0xe19

Scan-only r61 registry
  registry_count=16 registry_cap=16
  r61_witness[00] r61=14 tail=25 gh60=0xc628b9a W1=0x2989,0x35c8,0x3193 W2=0x2896,0x31a2,0x31d9
  r61_witness[01] r61=14 tail=33 gh60=0x45185a6 W1=0x4c3,0x593,0x3e17 W2=0x3d0,0x1ae6,0x388a
  r61_witness[02] r61=15 tail=26 gh60=0x4998baa W1=0x5ad,0x17e8,0x1e05 W2=0x4ba,0x7fb,0x2e28
  r61_witness[03] r61=15 tail=32 gh60=0xca044e6 W1=0x320c,0x1fab,0x1bb5 W2=0x3119,0xb81,0x1512
  r61_witness[04] r61=15 tail=34 gh60=0x4e8459a W1=0xc6a,0xe57,0x409 W2=0xb77,0x3cf5,0x327b
  r61_witness[05] r61=16 tail=29 gh60=0x4a3c5fa W1=0x49a,0x3367,0xc32 W2=0x3a7,0x247c,0x3ed7
  r61_witness[06] r61=16 tail=30 gh60=0xca084e6 W1=0x331b,0xef,0x14fa W2=0x3228,0x33b0,0x311d
  r61_witness[07] r61=16 tail=31 gh60=0x4c8dc9a W1=0x202a,0x3687,0x391d W2=0x1f37,0x1910,0x203c
  r61_witness[08] r61=16 tail=31 gh60=0x4e0449a W1=0x3b0a,0xfbe,0x25dc W2=0x3a17,0x84a,0x26b1
  r61_witness[09] r61=16 tail=32 gh60=0x498cbae W1=0x15c0,0x1554,0x84b W2=0x14cd,0x1d4c,0x36a2
  r61_witness[10] r61=16 tail=33 gh60=0xca08dea W1=0x3691,0x18a5,0x148b W2=0x359e,0x2a88,0x2ca9
  r61_witness[11] r61=16 tail=35 gh60=0x4a8bfaa W1=0xf71,0x2d7f,0x395d W2=0xe7e,0x1f0a,0x8f8
  r61_witness[12] r61=16 tail=35 gh60=0x4a07c9a W1=0x2f0a,0x319f,0xc73 W2=0x2e17,0xca4,0x1268
  r61_witness[13] r61=16 tail=39 gh60=0x460c59a W1=0xc8a,0x3015,0x1912 W2=0xb97,0x1eed,0x3082
  r61_witness[14] r61=17 tail=24 gh60=0xb734d6e W1=0x8e0,0x1e9a,0xde9 W2=0x7ed,0x39b6,0xd68
  r61_witness[15] r61=17 tail=28 gh60=0x478449a W1=0x242a,0x3b58,0x1a55 W2=0x2337,0x20e4,0x1c45

D60=0 fiber histogram: 1:8036 2:4740 3:1779 4:1078 5:376 6:227 7:86 8:73 9:27 10:26 11:9 12:4 13:4 14:1
