free_word_mitm_reducedn
N=14 mask=0x3fff msb=0x2000
candidate: M0=0x3d36 mode=random-fallback fill=0x3fff kernel=dM0=dM9=0x2000
prefixes=32768/268435456 mode=permuted-prefix-sample w59_per_prefix=16384 total=536870912
run_mode=scan registry_cap=16
sample_start=187727872
scan_elapsed=21.878s rate=24.54 Mtriples/s

D60 interface
  D60=0 matches: 32648 (random expectation 32768.0, enrichment 0.996x)
  prefixes with D60=0: 16581
  max D60=0 fiber per prefix: 18 at W57=0x31d2 W58=0x364e
  largest D60 bucket: D=0x105d count=33735
  min D60 HW: 0
  D60 HW histogram: 0:32648 1:457234 2:2969272 3:11919873 4:32830697 5:65700781 6:98525092 7:112513132 8:98389644 9:65509108 10:32708415 11:11862727 12:2965131 13:455056 14:32102

Tail closure among D60=0 matches
  final tail collisions: 0
  best r61 HW: 14
  best r61 W1[57..59]=0x218d,0x1ec6,0x2bb1
  best r61 W2[57..59]=0x209a,0xa91,0x3d55
  best tail HW: 20
  best tail r61 HW: 15
  best W1[57..59]=0x221d,0x32b2,0x78e
  best W2[57..59]=0x212a,0x3468,0x306c

SUMMARY N=14 sample_start=187727872 prefixes=32768 total=536870912 d0=32648 best_tail=20 tail_r61=15 best_r61=14 tail_W1=0x221d,0x32b2,0x78e tail_W2=0x212a,0x3468,0x306c r61_W1=0x218d,0x1ec6,0x2bb1 r61_W2=0x209a,0xa91,0x3d55

Scan-only witness registry
  registry_count=16 registry_cap=16
  witness[00] tail=20 r61=15 gh60=0xda184ea W1=0x221d,0x32b2,0x78e W2=0x212a,0x3468,0x306c
  witness[01] tail=21 r61=20 gh60=0xc8984aa W1=0x3341,0x38e1,0x1427 W2=0x324e,0xf11,0x1f88
  witness[02] tail=22 r61=20 gh60=0xc918b66 W1=0x5d3,0xfda,0x39b8 W2=0x4e0,0x15c4,0x2a36
  witness[03] tail=23 r61=17 gh60=0x4a2c4ea W1=0x512,0x1b72,0x3654 W2=0x41f,0x24bd,0x3535
  witness[04] tail=23 r61=21 gh60=0xc92cb6a W1=0x3552,0x3bfd,0x25f5 W2=0x345f,0x3a45,0x274e
  witness[05] tail=23 r61=22 gh60=0xcab849a W1=0x33e5,0x1cfe,0x385 W2=0x32f2,0x1349,0x3cc8
  witness[06] tail=24 r61=15 gh60=0xce98cae W1=0x5ef,0x2a70,0x22cc W2=0x4fc,0x1b4f,0x96b
  witness[07] tail=24 r61=17 gh60=0x3c89da6 W1=0x3ebb,0x2937,0x179f W2=0x3dc8,0x3edd,0x266b
  witness[08] tail=24 r61=29 gh60=0x58a8fa6 W1=0x37b3,0x1374,0x17a7 W2=0x36c0,0x8d8,0x1862
  witness[09] tail=25 r61=17 gh60=0xc6684e6 W1=0x3413,0x281c,0xf16 W2=0x3320,0xa13,0xf84
  witness[10] tail=25 r61=20 gh60=0x4a88cae W1=0x6ef,0x308a,0x33f9 W2=0x5fc,0xd69,0x3b94
  witness[11] tail=25 r61=21 gh60=0xcba4566 W1=0xc64,0x1ebf,0x16ca W2=0xb71,0x362d,0x247f
  witness[12] tail=25 r61=21 gh60=0x48984a6 W1=0xd2b,0x360d,0x3765 W2=0xc38,0x3468,0x3691
  witness[13] tail=25 r61=21 gh60=0xfae84a6 W1=0x1503,0x1f4d,0x2bbc W2=0x1410,0xe48,0x3f5e
  witness[14] tail=25 r61=22 gh60=0x4624dea W1=0x3692,0x1a8,0xf69 W2=0x359f,0x1f90,0x9a7
  witness[15] tail=25 r61=23 gh60=0xc9e476a W1=0x1362,0x689,0x37fe W2=0x126f,0xcfc,0xaed

Scan-only r61 registry
  registry_count=16 registry_cap=16
  r61_witness[00] r61=14 tail=26 gh60=0x4717b6a W1=0x31de,0x5,0x333 W2=0x30eb,0x2c35,0x2528
  r61_witness[01] r61=14 tail=31 gh60=0x4609bea W1=0x218d,0x1ec6,0x2bb1 W2=0x209a,0xa91,0x3d55
  r61_witness[02] r61=15 tail=20 gh60=0xda184ea W1=0x221d,0x32b2,0x78e W2=0x212a,0x3468,0x306c
  r61_witness[03] r61=15 tail=24 gh60=0xce98cae W1=0x5ef,0x2a70,0x22cc W2=0x4fc,0x1b4f,0x96b
  r61_witness[04] r61=15 tail=33 gh60=0x4604cfa W1=0x261a,0x29fb,0x2fc7 W2=0x2527,0x1467,0x1f46
  r61_witness[05] r61=15 tail=38 gh60=0x4a05be6 W1=0x3d9c,0x3aff,0x29ed W2=0x3ca9,0x2bc,0x2eea
  r61_witness[06] r61=16 tail=29 gh60=0xc8887ae W1=0x33bf,0x146f,0x3aa3 W2=0x32cc,0x1cb7,0x1530
  r61_witness[07] r61=16 tail=29 gh60=0x4988fae W1=0x377f,0x1d9a,0x1af7 W2=0x368c,0x2451,0x5ea
  r61_witness[08] r61=16 tail=31 gh60=0x5905b9a W1=0x1dca,0x813,0x3159 W2=0x1cd7,0x3ba4,0x1038
  r61_witness[09] r61=16 tail=31 gh60=0x3a084e6 W1=0x241b,0xf91,0x615 W2=0x2328,0x3b66,0x169f
  r61_witness[10] r61=16 tail=33 gh60=0xd618cee W1=0x81f,0x216b,0x4da W2=0x72c,0x946,0x3348
  r61_witness[11] r61=16 tail=33 gh60=0x5908b6a W1=0x354d,0x6f6,0x28f8 W2=0x345a,0xf5,0x1667
  r61_witness[12] r61=16 tail=33 gh60=0x4ab9f9e W1=0x3f67,0x17b9,0x261d W2=0x3e74,0x1095,0x1337
  r61_witness[13] r61=16 tail=36 gh60=0xd889cae W1=0x3f2f,0x1ab7,0xb82 W2=0x3e3c,0x3496,0x23a3
  r61_witness[14] r61=17 tail=23 gh60=0x4a2c4ea W1=0x512,0x1b72,0x3654 W2=0x41f,0x24bd,0x3535
  r61_witness[15] r61=17 tail=24 gh60=0x3c89da6 W1=0x3ebb,0x2937,0x179f W2=0x3dc8,0x3edd,0x266b

D60=0 fiber histogram: 1:8053 2:4725 3:1852 4:1110 5:390 6:225 7:93 8:77 9:29 10:10 11:6 12:5 13:1 14:1 16:1 17:2 18:1
