free_word_mitm_reducedn
N=14 mask=0x3fff msb=0x2000
candidate: M0=0x3d36 mode=random-fallback fill=0x3fff kernel=dM0=dM9=0x2000
prefixes=32768/268435456 mode=permuted-prefix-sample w59_per_prefix=16384 total=536870912
run_mode=scan registry_cap=16
sample_start=20971520
scan_elapsed=19.131s rate=28.06 Mtriples/s

D60 interface
  D60=0 matches: 32251 (random expectation 32768.0, enrichment 0.984x)
  prefixes with D60=0: 16454
  max D60=0 fiber per prefix: 24 at W57=0x25fe W58=0xca5
  largest D60 bucket: D=0xd3e count=33743
  min D60 HW: 0
  D60 HW histogram: 0:32251 1:454372 2:2971664 3:11905065 4:32772135 5:65594736 6:98456668 7:112570211 8:98461429 9:65566306 10:32735947 11:11889787 12:2969973 13:457870 14:32498

Tail closure among D60=0 matches
  final tail collisions: 0
  best r61 HW: 12
  best r61 W1[57..59]=0x1e9d,0x2e2e,0x3f37
  best r61 W2[57..59]=0x1daa,0x3e79,0x2cd5
  best tail HW: 22
  best tail r61 HW: 19
  best W1[57..59]=0x228b,0x662,0x11c2
  best W2[57..59]=0x2198,0x171b,0x219f

SUMMARY N=14 sample_start=20971520 prefixes=32768 total=536870912 d0=32251 best_tail=22 tail_r61=19 best_r61=12 tail_W1=0x228b,0x662,0x11c2 tail_W2=0x2198,0x171b,0x219f r61_W1=0x1e9d,0x2e2e,0x3f37 r61_W2=0x1daa,0x3e79,0x2cd5

Scan-only witness registry
  registry_count=16 registry_cap=16
  witness[00] tail=22 r61=19 gh60=0x76085e6 W1=0x228b,0x662,0x11c2 W2=0x2198,0x171b,0x219f
  witness[01] tail=23 r61=20 gh60=0x4d9cb66 W1=0x15e4,0x369e,0xd1d W2=0x14f1,0x13a1,0x542
  witness[02] tail=23 r61=26 gh60=0xb5fcde6 W1=0x89c,0x1045,0x60d W2=0x7a9,0x3f4,0x159e
  witness[03] tail=24 r61=17 gh60=0x5a79bea W1=0x219d,0x34bb,0x63f W2=0x20aa,0x2176,0x78d
  witness[04] tail=24 r61=19 gh60=0xd6d4c9a W1=0x1806,0x3878,0x383c W2=0x1713,0x2a07,0xac2
  witness[05] tail=25 r61=14 gh60=0xc5abc9a W1=0x2e29,0x17c8,0x7a7 W2=0x2d36,0x3658,0x23a8
  witness[06] tail=25 r61=17 gh60=0xd88ffa6 W1=0x2fac,0x2e77,0x3a87 W2=0x2eb9,0x53a,0x3620
  witness[07] tail=25 r61=20 gh60=0xce3bda6 W1=0x2e83,0x1246,0x10e3 W2=0x2d90,0x3c28,0x3c1e
  witness[08] tail=25 r61=20 gh60=0x77844a6 W1=0x34fc,0x9d2,0x1340 W2=0x3409,0x6a0,0x19eb
  witness[09] tail=25 r61=23 gh60=0xc754cba W1=0x936,0xa54,0x2710 W2=0x843,0x2c54,0x3b0d
  witness[10] tail=25 r61=24 gh60=0xcd684e6 W1=0x3223,0x3d9e,0x1253 W2=0x3130,0x3c21,0xd4d
  witness[11] tail=25 r61=25 gh60=0x5618dfa W1=0x1895,0x1a9a,0x328a W2=0x17a2,0x16f5,0x3768
  witness[12] tail=25 r61=25 gh60=0x49afbea W1=0x2da2,0x3f6,0x380c W2=0x2caf,0x215e,0x222e
  witness[13] tail=25 r61=26 gh60=0xc63ffe6 W1=0xf8c,0x129a,0x3dc7 W2=0xe99,0x23e3,0x2ac2
  witness[14] tail=26 r61=15 gh60=0xc71bd7a W1=0xed5,0x840,0x34d0 W2=0xde2,0x268b,0x24d9
  witness[15] tail=26 r61=16 gh60=0xc98fbaa W1=0x2dae,0xdad,0x2f52 W2=0x2cbb,0x35b5,0x18a1

Scan-only r61 registry
  registry_count=16 registry_cap=16
  r61_witness[00] r61=12 tail=28 gh60=0x4619dea W1=0x1e9d,0x2e2e,0x3f37 W2=0x1daa,0x3e79,0x2cd5
  r61_witness[01] r61=14 tail=25 gh60=0xc5abc9a W1=0x2e29,0x17c8,0x7a7 W2=0x2d36,0x3658,0x23a8
  r61_witness[02] r61=14 tail=31 gh60=0x4a08bea W1=0x159d,0x1e72,0x111c W2=0x14aa,0x20ed,0x575
  r61_witness[03] r61=15 tail=26 gh60=0xc71bd7a W1=0xed5,0x840,0x34d0 W2=0xde2,0x268b,0x24d9
  r61_witness[04] r61=15 tail=32 gh60=0xca94cae W1=0x16f0,0x66f,0x1eb4 W2=0x15fd,0x24f,0x3dc
  r61_witness[05] r61=15 tail=32 gh60=0x4d9bc9a W1=0x2de5,0x14fa,0x3da5 W2=0x2cf2,0x2fc6,0x2ba9
  r61_witness[06] r61=16 tail=26 gh60=0xc98fbaa W1=0x2dae,0xdad,0x2f52 W2=0x2cbb,0x35b5,0x18a1
  r61_witness[07] r61=16 tail=30 gh60=0x4e287a6 W1=0x3383,0x1d31,0x3ca8 W2=0x3290,0x1614,0x1a3e
  r61_witness[08] r61=16 tail=31 gh60=0xc898ba6 W1=0x15ab,0x7d2,0x36ed W2=0x14b8,0x1fa6,0x1f26
  r61_witness[09] r61=16 tail=31 gh60=0x4904b66 W1=0x355c,0x2f0c,0x3e99 W2=0x3469,0xcdf,0x2e7a
  r61_witness[10] r61=16 tail=33 gh60=0x4a18cee W1=0x170f,0x3278,0xb18 W2=0x161c,0x2053,0x16e7
  r61_witness[11] r61=16 tail=35 gh60=0x4628dfe W1=0x2697,0x1cc0,0x13dc W2=0x25a4,0x22ff,0x5d1
  r61_witness[12] r61=16 tail=38 gh60=0x4d0457a W1=0x1cda,0x1bd9,0x1655 W2=0x1be7,0x1902,0x17c4
  r61_witness[13] r61=16 tail=45 gh60=0x4485dba W1=0x1eba,0x3e79,0x1911 W2=0x1dc7,0x30d5,0x12c5
  r61_witness[14] r61=17 tail=24 gh60=0x5a79bea W1=0x219d,0x34bb,0x63f W2=0x20aa,0x2176,0x78d
  r61_witness[15] r61=17 tail=25 gh60=0xd88ffa6 W1=0x2fac,0x2e77,0x3a87 W2=0x2eb9,0x53a,0x3620

D60=0 fiber histogram: 1:8011 2:4764 3:1798 4:1058 5:384 6:235 7:75 8:61 9:25 10:18 11:5 12:9 13:4 14:2 16:2 19:1 20:1 24:1
