free_word_mitm_reducedn
N=14 mask=0x3fff msb=0x2000
candidate: M0=0x3d36 mode=random-fallback fill=0x3fff kernel=dM0=dM9=0x2000
prefixes=32768/268435456 mode=permuted-prefix-sample w59_per_prefix=16384 total=536870912
run_mode=scan registry_cap=16
sample_start=130023424
scan_elapsed=18.959s rate=28.32 Mtriples/s

D60 interface
  D60=0 matches: 32207 (random expectation 32768.0, enrichment 0.983x)
  prefixes with D60=0: 16323
  max D60=0 fiber per prefix: 17 at W57=0x2ac5 W58=0xeaf
  largest D60 bucket: D=0x27a1 count=33826
  min D60 HW: 0
  D60 HW histogram: 0:32207 1:457279 2:2975541 3:11911796 4:32801783 5:65633129 6:98476591 7:112541113 8:98428599 9:65537274 10:32734319 11:11886096 12:2967620 13:455418 14:32147

Tail closure among D60=0 matches
  final tail collisions: 0
  best r61 HW: 14
  best r61 W1[57..59]=0x7c1,0x6db,0x1a53
  best r61 W2[57..59]=0x6ce,0x3e2,0x25e3
  best tail HW: 23
  best tail r61 HW: 21
  best W1[57..59]=0x117,0x2ed3,0xfda
  best W2[57..59]=0x24,0x29aa,0x3198

SUMMARY N=14 sample_start=130023424 prefixes=32768 total=536870912 d0=32207 best_tail=23 tail_r61=21 best_r61=14 tail_W1=0x117,0x2ed3,0xfda tail_W2=0x24,0x29aa,0x3198 r61_W1=0x7c1,0x6db,0x1a53 r61_W2=0x6ce,0x3e2,0x25e3

Scan-only witness registry
  registry_count=16 registry_cap=16
  witness[00] tail=23 r61=21 gh60=0x46e9cfe W1=0x117,0x2ed3,0xfda W2=0x24,0x29aa,0x3198
  witness[01] tail=24 r61=21 gh60=0x5a2c4fa W1=0xd16,0x1b28,0x3a56 W2=0xc23,0x2b1,0x25a5
  witness[02] tail=25 r61=18 gh60=0xcc845a6 W1=0x1cbc,0x3faf,0x3d3a W2=0x1bc9,0x3e3,0x248e
  witness[03] tail=25 r61=19 gh60=0xddd859e W1=0x2c67,0x1552,0x37bc W2=0x2b74,0x1c23,0x3abb
  witness[04] tail=25 r61=20 gh60=0xda38cea W1=0x391d,0x42b,0x2f22 W2=0x382a,0x190e,0x379f
  witness[05] tail=25 r61=21 gh60=0x4fa849a W1=0x3425,0x3a5,0x1c17 W2=0x3332,0x396c,0xbf5
  witness[06] tail=25 r61=24 gh60=0x4afc5ae W1=0x3280,0x2b8f,0x29e2 W2=0x318d,0x1e38,0xd0a
  witness[07] tail=25 r61=26 gh60=0xcae84fa W1=0x3c19,0x77b,0x37f9 W2=0x3b26,0x3f03,0x15ee
  witness[08] tail=25 r61=27 gh60=0xc758d9e W1=0x6c7,0x2f68,0x21d7 W2=0x5d4,0x386e,0x15da
  witness[09] tail=25 r61=27 gh60=0xfaf5dba W1=0x3e76,0x1bb5,0x191 W2=0x3d83,0x3a8d,0x340d
  witness[10] tail=26 r61=17 gh60=0x3a984ae W1=0x14ff,0x3f3b,0x2e24 W2=0x140c,0x2e4b,0x35d8
  witness[11] tail=26 r61=17 gh60=0x4d94dae W1=0x38c0,0x3c25,0x6d W2=0x37cd,0x2e5d,0x1a1f
  witness[12] tail=26 r61=19 gh60=0xda0c49a W1=0x2d0a,0x7a5,0x3c76 W2=0x2c17,0x2ea5,0x3cfa
  witness[13] tail=26 r61=21 gh60=0xcbec49e W1=0x248,0x117e,0x159e W2=0x155,0xdf4,0x17e
  witness[14] tail=26 r61=22 gh60=0x4787fa6 W1=0x2f7c,0x25b0,0x1162 W2=0x2e89,0xf3,0x195c
  witness[15] tail=26 r61=22 gh60=0xfee4566 W1=0x3c64,0x26cf,0x7f1 W2=0x3b71,0x1141,0x3f13

Scan-only r61 registry
  registry_count=16 registry_cap=16
  r61_witness[00] r61=14 tail=37 gh60=0x4888faa W1=0x7c1,0x6db,0x1a53 W2=0x6ce,0x3e2,0x25e3
  r61_witness[01] r61=15 tail=31 gh60=0xce84da6 W1=0x387c,0x3181,0x344c W2=0x3789,0x3426,0x372a
  r61_witness[02] r61=15 tail=33 gh60=0x4908b6a W1=0x9e1,0x290c,0x52c W2=0x8ee,0x2af7,0x2a75
  r61_witness[03] r61=15 tail=35 gh60=0x4909f66 W1=0x3fdb,0x343a,0x67d W2=0x3ee8,0x15e2,0x2d05
  r61_witness[04] r61=16 tail=27 gh60=0xda07ffa W1=0xf9a,0x1dfa,0x173f W2=0xea7,0x3e7e,0x1bdc
  r61_witness[05] r61=16 tail=27 gh60=0x4e084ea W1=0x120d,0x25f9,0x1b91 W2=0x111a,0x3bbf,0x35e
  r61_witness[06] r61=16 tail=27 gh60=0xc88449a W1=0x1b2a,0x9eb,0x854 W2=0x1a37,0x1b1,0x357e
  r61_witness[07] r61=16 tail=27 gh60=0xda0dcee W1=0x2110,0x1c18,0x3068 W2=0x201d,0x680,0x1e88
  r61_witness[08] r61=16 tail=32 gh60=0x448459a W1=0x4aa,0x16d4,0x3ea0 W2=0x3b7,0x488,0x3c8
  r61_witness[09] r61=16 tail=38 gh60=0x4904766 W1=0x33cc,0x3af1,0x115e W2=0x32d9,0x34a7,0x3ac1
  r61_witness[10] r61=16 tail=38 gh60=0x5585ca6 W1=0x3fec,0x32f8,0x3f13 W2=0x3ef9,0x2b97,0x21db
  r61_witness[11] r61=17 tail=26 gh60=0x3a984ae W1=0x14ff,0x3f3b,0x2e24 W2=0x140c,0x2e4b,0x35d8
  r61_witness[12] r61=17 tail=26 gh60=0x4d94dae W1=0x38c0,0x3c25,0x6d W2=0x37cd,0x2e5d,0x1a1f
  r61_witness[13] r61=17 tail=27 gh60=0xc929c9a W1=0x145,0x3ddc,0x35b4 W2=0x52,0x1cac,0x1ae5
  r61_witness[14] r61=17 tail=28 gh60=0xd504566 W1=0xa5c,0x3712,0x27f8 W2=0x969,0xc32,0x2e19
  r61_witness[15] r61=17 tail=29 gh60=0x549bdaa W1=0x10c1,0x1a82,0x3339 W2=0xfce,0xb4d,0xba7

D60=0 fiber histogram: 1:7898 2:4693 3:1807 4:1091 5:410 6:195 7:94 8:68 9:24 10:16 11:9 12:8 13:3 14:3 15:1 16:2 17:1
