free_word_mitm_reducedn
N=14 mask=0x3fff msb=0x2000
candidate: M0=0x3d36 mode=random-fallback fill=0x3fff kernel=dM0=dM9=0x2000
prefixes=32768/268435456 mode=permuted-prefix-sample w59_per_prefix=16384 total=536870912
run_mode=scan registry_cap=16
sample_start=121634816
scan_elapsed=19.025s rate=28.22 Mtriples/s

D60 interface
  D60=0 matches: 32943 (random expectation 32768.0, enrichment 1.005x)
  prefixes with D60=0: 16628
  max D60=0 fiber per prefix: 18 at W57=0xc79 W58=0x21bb
  largest D60 bucket: D=0x264a count=33812
  min D60 HW: 0
  D60 HW histogram: 0:32943 1:458763 2:2979054 3:11927099 4:32791030 5:65621346 6:98428072 7:112485470 8:98403993 9:65574029 10:32781495 11:11915019 12:2981821 13:458107 14:32671

Tail closure among D60=0 matches
  final tail collisions: 0
  best r61 HW: 12
  best r61 W1[57..59]=0x3a9c,0x3188,0x1cd6
  best r61 W2[57..59]=0x39a9,0x1234,0x19b3
  best tail HW: 23
  best tail r61 HW: 23
  best W1[57..59]=0x1b9,0x947,0xfef
  best W2[57..59]=0xc6,0x35e,0x2b86

SUMMARY N=14 sample_start=121634816 prefixes=32768 total=536870912 d0=32943 best_tail=23 tail_r61=23 best_r61=12 tail_W1=0x1b9,0x947,0xfef tail_W2=0xc6,0x35e,0x2b86 r61_W1=0x3a9c,0x3188,0x1cd6 r61_W2=0x39a9,0x1234,0x19b3

Scan-only witness registry
  registry_count=16 registry_cap=16
  witness[00] tail=23 r61=23 gh60=0x59b9bba W1=0x1b9,0x947,0xfef W2=0xc6,0x35e,0x2b86
  witness[01] tail=24 r61=18 gh60=0x3a1c4ea W1=0x230e,0x12e2,0xd0a W2=0x221b,0x1b69,0x1bc5
  witness[02] tail=24 r61=23 gh60=0x55884aa W1=0x123d,0x2e96,0x8b6 W2=0x114a,0x2c2,0x3ada
  witness[03] tail=24 r61=23 gh60=0x5988ca6 W1=0x16fb,0x165c,0x2aa6 W2=0x1608,0x368,0x2d1f
  witness[04] tail=24 r61=23 gh60=0xda2879a W1=0x1b89,0xb85,0x42b W2=0x1a96,0x1e24,0x94c
  witness[05] tail=24 r61=25 gh60=0x7de84a6 W1=0x3b03,0x239c,0x149f W2=0x3a10,0x3499,0xd2d
  witness[06] tail=24 r61=26 gh60=0xd8b5cba W1=0x3f36,0x3453,0x2396 W2=0x3e43,0x1ad3,0x1d51
  witness[07] tail=25 r61=13 gh60=0x4a08bea W1=0x3591,0x6da,0x8e4 W2=0x349e,0x19ad,0x6b3
  witness[08] tail=25 r61=16 gh60=0xfc884a6 W1=0x22b,0x1f09,0x28df W2=0x138,0x2966,0x2f9d
  witness[09] tail=25 r61=19 gh60=0x5ae7ba6 W1=0x31c4,0x619,0xa5 W2=0x30d1,0x3a78,0x1220
  witness[10] tail=25 r61=20 gh60=0x3b99baa W1=0x3dad,0x32e8,0x13e9 W2=0x3cba,0x20fb,0x3280
  witness[11] tail=25 r61=21 gh60=0xda044fa W1=0x331a,0x3b9e,0x222b W2=0x3227,0x335b,0xa10
  witness[12] tail=25 r61=23 gh60=0x5babd66 W1=0x1063,0x32c7,0x894 W2=0xf70,0x33b3,0xdbc
  witness[13] tail=25 r61=25 gh60=0x7d1dd6e W1=0x50,0x3170,0x2819 W2=0x3f5d,0x1744,0x746
  witness[14] tail=26 r61=20 gh60=0xd50856a W1=0xadd,0x3dfe,0x1cc1 W2=0x9ea,0xf74,0x3adc
  witness[15] tail=26 r61=20 gh60=0x4c99daa W1=0x20ad,0x3b6b,0x13c3 W2=0x1fba,0x33e,0x1136

Scan-only r61 registry
  registry_count=16 registry_cap=16
  r61_witness[00] r61=12 tail=37 gh60=0xca045e6 W1=0x3a9c,0x3188,0x1cd6 W2=0x39a9,0x1234,0x19b3
  r61_witness[01] r61=13 tail=25 gh60=0x4a08bea W1=0x3591,0x6da,0x8e4 W2=0x349e,0x19ad,0x6b3
  r61_witness[02] r61=14 tail=34 gh60=0x4c84c9a W1=0x82a,0x3a59,0x3dfc W2=0x737,0x1b5c,0x18de
  r61_witness[03] r61=14 tail=35 gh60=0xca84cba W1=0x36fa,0x229c,0x101d W2=0x3607,0x16d0,0xb1
  r61_witness[04] r61=15 tail=28 gh60=0x4b944ae W1=0xc40,0x32ef,0xfd2 W2=0xb4d,0x1200,0xa0a
  r61_witness[05] r61=15 tail=29 gh60=0x3a1c4ea W1=0x230e,0x12e2,0x2c05 W2=0x221b,0x1b69,0x3ac0
  r61_witness[06] r61=15 tail=31 gh60=0xca084ea W1=0x421,0x356e,0x3b4b W2=0x32e,0x3b68,0xb25
  r61_witness[07] r61=15 tail=32 gh60=0x4898ba6 W1=0x15ab,0x3fd2,0x3ca2 W2=0x14b8,0x17a6,0x2e51
  r61_witness[08] r61=15 tail=34 gh60=0xca045e6 W1=0x3a9c,0x3188,0x14d6 W2=0x39a9,0x1234,0x11b3
  r61_witness[09] r61=16 tail=25 gh60=0xfc884a6 W1=0x22b,0x1f09,0x28df W2=0x138,0x2966,0x2f9d
  r61_witness[10] r61=16 tail=28 gh60=0xcb985a6 W1=0x2473,0x2b67,0x3c1d W2=0x2380,0x23a,0x2305
  r61_witness[11] r61=16 tail=31 gh60=0xce384ea W1=0x311,0x264b,0xe06 W2=0x21e,0x2d01,0x283c
  r61_witness[12] r61=16 tail=32 gh60=0x48ddcbe W1=0x1f38,0x15f2,0x206c W2=0x1e45,0x2452,0x3b0f
  r61_witness[13] r61=16 tail=33 gh60=0x7a645e6 W1=0x294,0x389c,0x7fe W2=0x1a1,0x2f68,0x3175
  r61_witness[14] r61=16 tail=33 gh60=0xc5244a6 W1=0x1c44,0x191c,0x2d68 W2=0x1b51,0x59a,0xc92
  r61_witness[15] r61=16 tail=33 gh60=0x492849a W1=0x2b49,0x2af9,0x1e5f W2=0x2a56,0x1308,0x32d8

D60=0 fiber histogram: 1:7977 2:4835 3:1837 4:1161 5:372 6:217 7:81 8:67 9:28 10:24 11:5 12:11 13:2 14:4 15:2 16:1 17:3 18:1
