free_word_mitm_reducedn
N=14 mask=0x3fff msb=0x2000
candidate: M0=0x3d36 mode=random-fallback fill=0x3fff kernel=dM0=dM9=0x2000
prefixes=32768/268435456 mode=permuted-prefix-sample w59_per_prefix=16384 total=536870912
run_mode=scan registry_cap=16
sample_start=204111872
scan_elapsed=16.809s rate=31.94 Mtriples/s

D60 interface
  D60=0 matches: 32477 (random expectation 32768.0, enrichment 0.991x)
  prefixes with D60=0: 16544
  max D60=0 fiber per prefix: 18 at W57=0x1f31 W58=0x3249
  largest D60 bucket: D=0x2f16 count=33799
  min D60 HW: 0
  D60 HW histogram: 0:32477 1:458698 2:2979774 3:11925188 4:32804903 5:65649750 6:98470623 7:112500275 8:98400057 9:65552750 10:32734970 11:11897667 12:2973406 13:457541 14:32833

Tail closure among D60=0 matches
  final tail collisions: 0
  best r61 HW: 13
  best r61 W1[57..59]=0x13ba,0x1751,0xbac
  best r61 W2[57..59]=0x12c7,0x1a10,0x2c73
  best tail HW: 22
  best tail r61 HW: 22
  best W1[57..59]=0x2eca,0x1b4f,0xd73
  best W2[57..59]=0x2dd7,0x35fc,0x120c

SUMMARY N=14 sample_start=204111872 prefixes=32768 total=536870912 d0=32477 best_tail=22 tail_r61=22 best_r61=13 tail_W1=0x2eca,0x1b4f,0xd73 tail_W2=0x2dd7,0x35fc,0x120c r61_W1=0x13ba,0x1751,0xbac r61_W2=0x12c7,0x1a10,0x2c73

Scan-only witness registry
  registry_count=16 registry_cap=16
  witness[00] tail=22 r61=22 gh60=0x4507d9a W1=0x2eca,0x1b4f,0xd73 W2=0x2dd7,0x35fc,0x120c
  witness[01] tail=23 r61=23 gh60=0xba35b9a W1=0x2186,0x3833,0x1e68 W2=0x2093,0x3460,0x1d81
  witness[02] tail=23 r61=24 gh60=0x793877a W1=0x13d9,0x35a,0x2c8 W2=0x12e6,0xe3e,0x3cdb
  witness[03] tail=24 r61=20 gh60=0x5f3876a W1=0xb61,0x3d25,0x2fbf W2=0xa6e,0x3c77,0x1f6
  witness[04] tail=24 r61=20 gh60=0x5a244e6 W1=0x1514,0x13fe,0x397f W2=0x1421,0x2ff6,0x30b7
  witness[05] tail=25 r61=17 gh60=0x4a28be6 W1=0x3593,0x1f60,0x35 W2=0x34a0,0x39be,0x98
  witness[06] tail=25 r61=19 gh60=0x4757d9a W1=0x2ea6,0x3654,0x16a6 W2=0x2db3,0xcd,0x1fc3
  witness[07] tail=25 r61=20 gh60=0xc7e45a6 W1=0x2c74,0x1fb0,0x17f6 W2=0x2b81,0x3476,0x28d1
  witness[08] tail=25 r61=21 gh60=0xc88c79a W1=0x33aa,0x91,0xd3a W2=0x32b7,0x261,0x3d61
  witness[09] tail=25 r61=22 gh60=0x478bca6 W1=0x10fb,0x3e34,0x3c4a W2=0x1008,0x2bbe,0x3480
  witness[10] tail=25 r61=22 gh60=0x7a1c4aa W1=0x1402,0x1971,0x2eb3 W2=0x130f,0x3086,0xd6e
  witness[11] tail=25 r61=22 gh60=0x5e1cbee W1=0x35a0,0x1ae1,0x1485 W2=0x34ad,0x2161,0x24bb
  witness[12] tail=25 r61=23 gh60=0x49edb9a W1=0x2166,0x1e4b,0xccb W2=0x2073,0x1830,0x14a1
  witness[13] tail=25 r61=24 gh60=0xcb9dda6 W1=0x3eac,0x383f,0x16ba W2=0x3db9,0x1202,0x2233
  witness[14] tail=25 r61=25 gh60=0xcb984e6 W1=0x1a23,0x3628,0x23a0 W2=0x1930,0x34a9,0x1d8d
  witness[15] tail=25 r61=27 gh60=0xffe9cba W1=0x1f35,0x3586,0x3d14 W2=0x1e42,0x1801,0x849

Scan-only r61 registry
  registry_count=16 registry_cap=16
  r61_witness[00] r61=13 tail=33 gh60=0xf8847ba W1=0x13ba,0x1751,0xbac W2=0x12c7,0x1a10,0x2c73
  r61_witness[01] r61=14 tail=30 gh60=0x7b87c9a W1=0x2e2a,0x3684,0x2d92 W2=0x2d37,0x1109,0x15a1
  r61_witness[02] r61=14 tail=33 gh60=0x4a284e6 W1=0x2c13,0xc97,0x3daf W2=0x2b20,0x1988,0x12df
  r61_witness[03] r61=14 tail=40 gh60=0x4a04cfa W1=0x361a,0x371d,0x254a W2=0x3527,0x2d89,0x3a9d
  r61_witness[04] r61=15 tail=31 gh60=0x4a844a6 W1=0xcec,0x1663,0x31c4 W2=0xbf9,0x53f,0x3042
  r61_witness[05] r61=15 tail=33 gh60=0x5884ca6 W1=0x392c,0x321d,0x2efa W2=0x3839,0x2b3a,0x11be
  r61_witness[06] r61=15 tail=34 gh60=0xba084ee W1=0x120f,0x186a,0x694 W2=0x111c,0x1614,0x27cd
  r61_witness[07] r61=16 tail=29 gh60=0x4568d9a W1=0x36a5,0x1602,0x2249 W2=0x35b2,0x14e8,0x38ee
  r61_witness[08] r61=16 tail=30 gh60=0x3de849a W1=0x3e9,0x3534,0xa78 W2=0x2f6,0x1b3f,0x494
  r61_witness[09] r61=16 tail=32 gh60=0x49b449e W1=0x4e8,0x1ae,0x241d W2=0x3f5,0xfda,0x28f6
  r61_witness[10] r61=16 tail=32 gh60=0x4684cba W1=0x18fa,0x1de2,0x24bb W2=0x1807,0x1016,0x1bd7
  r61_witness[11] r61=16 tail=32 gh60=0x5a684be W1=0x3af7,0xed7,0x3612 W2=0x3a04,0x1ff5,0x34c3
  r61_witness[12] r61=16 tail=34 gh60=0x4e04be6 W1=0x158c,0xca6,0x3d76 W2=0x1499,0x22f5,0x1c1b
  r61_witness[13] r61=16 tail=38 gh60=0xc888baa W1=0x19bd,0x35de,0x1a9a W2=0x18ca,0x3221,0x2cad
  r61_witness[14] r61=16 tail=40 gh60=0xc889faa W1=0x1fb1,0x316b,0x3055 W2=0x1ebe,0x2d82,0x3dec
  r61_witness[15] r61=17 tail=25 gh60=0x4a28be6 W1=0x3593,0x1f60,0x35 W2=0x34a0,0x39be,0x98

D60=0 fiber histogram: 1:8050 2:4812 3:1745 4:1116 5:398 6:197 7:74 8:64 9:42 10:23 11:9 12:4 13:4 14:2 16:2 17:1 18:1
