free_word_mitm_reducedn
N=14 mask=0x3fff msb=0x2000
candidate: M0=0x3d36 mode=random-fallback fill=0x3fff kernel=dM0=dM9=0x2000
prefixes=32768/268435456 mode=permuted-prefix-sample w59_per_prefix=16384 total=536870912
run_mode=scan registry_cap=16
sample_start=81264640
scan_elapsed=23.806s rate=22.55 Mtriples/s

D60 interface
  D60=0 matches: 32485 (random expectation 32768.0, enrichment 0.991x)
  prefixes with D60=0: 16463
  max D60=0 fiber per prefix: 15 at W57=0x1d72 W58=0x2034
  largest D60 bucket: D=0x128e count=33756
  min D60 HW: 0
  D60 HW histogram: 0:32485 1:458098 2:2976909 3:11929441 4:32831945 5:65648678 6:98435740 7:112486393 8:98389878 9:65559891 10:32749314 11:11908757 12:2974432 13:456490 14:32461

Tail closure among D60=0 matches
  final tail collisions: 0
  best r61 HW: 14
  best r61 W1[57..59]=0x374a,0x28ec,0x1b6
  best r61 W2[57..59]=0x3657,0x1df3,0x395d
  best tail HW: 21
  best tail r61 HW: 21
  best W1[57..59]=0x5ad,0x3e2c,0x3959
  best W2[57..59]=0x4ba,0x2e3f,0x32

SUMMARY N=14 sample_start=81264640 prefixes=32768 total=536870912 d0=32485 best_tail=21 tail_r61=21 best_r61=14 tail_W1=0x5ad,0x3e2c,0x3959 tail_W2=0x4ba,0x2e3f,0x32 r61_W1=0x374a,0x28ec,0x1b6 r61_W2=0x3657,0x1df3,0x395d

Scan-only witness registry
  registry_count=16 registry_cap=16
  witness[00] tail=21 r61=21 gh60=0x5878baa W1=0x5ad,0x3e2c,0x3959 W2=0x4ba,0x2e3f,0x32
  witness[01] tail=22 r61=19 gh60=0xb4d4cba W1=0x3836,0x1aea,0xac5 W2=0x3743,0xcae,0x19ea
  witness[02] tail=24 r61=19 gh60=0xfa7449e W1=0x1408,0x51b,0x2cfd W2=0x1315,0x1389,0xcec
  witness[03] tail=25 r61=14 gh60=0xc704c9a W1=0x374a,0x28ec,0x1b6 W2=0x3657,0x1df3,0x395d
  witness[04] tail=25 r61=16 gh60=0xca1c79a W1=0xb8a,0x103f,0x1d57 W2=0xa97,0x2d7,0x2875
  witness[05] tail=25 r61=18 gh60=0x452c57a W1=0x2cd6,0x2196,0x3c8f W2=0x2be3,0x3acb,0x2a46
  witness[06] tail=25 r61=19 gh60=0x590477a W1=0x3da,0x1322,0x3899 W2=0x2e7,0x7f3,0x110
  witness[07] tail=25 r61=19 gh60=0x5dabda6 W1=0x1073,0x3986,0xc68 W2=0xf80,0x36dc,0x5a4
  witness[08] tail=25 r61=20 gh60=0xca544fa W1=0x3416,0x3070,0x1fbf W2=0x3323,0x25a9,0x24b0
  witness[09] tail=25 r61=21 gh60=0x4f39f6a W1=0x3f4d,0xbd7,0x31c5 W2=0x3e5a,0x35f6,0x3b81
  witness[10] tail=25 r61=26 gh60=0x39fc4a6 W1=0x1344,0x3f40,0x2ca7 W2=0x1251,0x3fbc,0x2e00
  witness[11] tail=26 r61=16 gh60=0x388c7a6 W1=0x3bbc,0x76a,0x2fa3 W2=0x3ac9,0x19e,0x1c1f
  witness[12] tail=26 r61=18 gh60=0x5904b7a W1=0x19da,0x3f41,0x3b06 W2=0x18e7,0x3939,0x1f3d
  witness[13] tail=26 r61=18 gh60=0xba15bee W1=0x2190,0x232f,0xe82 W2=0x209d,0x16bf,0x1b86
  witness[14] tail=26 r61=20 gh60=0x4a5c7be W1=0xb78,0x1fb7,0x3580 W2=0xa85,0x1b12,0x1a3c
  witness[15] tail=26 r61=20 gh60=0x4e0dbfa W1=0x219a,0xd3d,0x17d5 W2=0x20a7,0x39c1,0x308d

Scan-only r61 registry
  registry_count=16 registry_cap=16
  r61_witness[00] r61=14 tail=25 gh60=0xc704c9a W1=0x374a,0x28ec,0x1b6 W2=0x3657,0x1df3,0x395d
  r61_witness[01] r61=14 tail=35 gh60=0xc604ce6 W1=0x260c,0x27d0,0x14bd W2=0x2519,0xae3,0x3832
  r61_witness[02] r61=15 tail=32 gh60=0x4888bae W1=0x9af,0x2691,0x1e29 W2=0x8bc,0x1aa8,0xe4b
  r61_witness[03] r61=16 tail=25 gh60=0xca1c79a W1=0xb8a,0x103f,0x1d57 W2=0xa97,0x2d7,0x2875
  r61_witness[04] r61=16 tail=26 gh60=0x388c7a6 W1=0x3bbc,0x76a,0x2fa3 W2=0x3ac9,0x19e,0x1c1f
  r61_witness[05] r61=16 tail=28 gh60=0x5a08cee W1=0x71f,0x1232,0x1a2d W2=0x62c,0x2bfd,0x5ca
  r61_witness[06] r61=16 tail=28 gh60=0x5928f9a W1=0x7c9,0x1935,0x1d6 W2=0x6d6,0x189b,0x16d
  r61_witness[07] r61=16 tail=30 gh60=0xc619cee W1=0x10f,0x304e,0x268e W2=0x1c,0xaa5,0x1dd0
  r61_witness[08] r61=16 tail=30 gh60=0xc88c4a6 W1=0x52c,0x955,0x3682 W2=0x439,0x35b3,0x159d
  r61_witness[09] r61=16 tail=30 gh60=0x4a08cea W1=0x1721,0x10e0,0x3cac W2=0x162e,0x2787,0x2f03
  r61_witness[10] r61=16 tail=31 gh60=0xc98bfaa W1=0xfc1,0x2048,0x10ee W2=0xece,0x1553,0xb3e
  r61_witness[11] r61=16 tail=31 gh60=0x4504d66 W1=0x16cc,0xf54,0x2ea2 W2=0x15d9,0x3d23,0x204d
  r61_witness[12] r61=16 tail=31 gh60=0x5d0457a W1=0x325a,0x2ee0,0xd48 W2=0x3167,0x2a09,0x357f
  r61_witness[13] r61=16 tail=31 gh60=0xc609cea W1=0x3f1d,0x1d25,0xc8f W2=0x3e2a,0x2188,0x240
  r61_witness[14] r61=16 tail=32 gh60=0x54b4dbe W1=0x8b8,0x1ca6,0x32bd W2=0x7c5,0x1e6e,0x2ee8
  r61_witness[15] r61=16 tail=33 gh60=0x4a144ea W1=0x21e,0x157d,0x2ca9 W2=0x12b,0x1d28,0x3f14

D60=0 fiber histogram: 1:7942 2:4782 3:1792 4:1054 5:439 6:229 7:99 8:73 9:25 10:13 11:5 12:5 13:1 14:2 15:2
