free_word_mitm_reducedn
N=14 mask=0x3fff msb=0x2000
candidate: M0=0x3d36 mode=random-fallback fill=0x3fff kernel=dM0=dM9=0x2000
prefixes=32768/268435456 mode=permuted-prefix-sample w59_per_prefix=16384 total=536870912
run_mode=scan registry_cap=16
sample_start=154861568
scan_elapsed=17.518s rate=30.65 Mtriples/s

D60 interface
  D60=0 matches: 32742 (random expectation 32768.0, enrichment 0.999x)
  prefixes with D60=0: 16558
  max D60=0 fiber per prefix: 16 at W57=0x2dbd W58=0x1f09
  largest D60 bucket: D=0x2708 count=33713
  min D60 HW: 0
  D60 HW histogram: 0:32742 1:458480 2:2979600 3:11929945 4:32828408 5:65675223 6:98469678 7:112481074 8:98361843 9:65538296 10:32740009 11:11908887 12:2975569 13:458255 14:32903

Tail closure among D60=0 matches
  final tail collisions: 0
  best r61 HW: 14
  best r61 W1[57..59]=0x340,0x1d7a,0x1e84
  best r61 W2[57..59]=0x24d,0xc8b,0x93
  best tail HW: 19
  best tail r61 HW: 16
  best W1[57..59]=0x380a,0x2c06,0x9a
  best W2[57..59]=0x3717,0x1fd1,0x2c1b

SUMMARY N=14 sample_start=154861568 prefixes=32768 total=536870912 d0=32742 best_tail=19 tail_r61=16 best_r61=14 tail_W1=0x380a,0x2c06,0x9a tail_W2=0x3717,0x1fd1,0x2c1b r61_W1=0x340,0x1d7a,0x1e84 r61_W2=0x24d,0xc8b,0x93

Scan-only witness registry
  registry_count=16 registry_cap=16
  witness[00] tail=19 r61=16 gh60=0x4a04c9a W1=0x380a,0x2c06,0x9a W2=0x3717,0x1fd1,0x2c1b
  witness[01] tail=22 r61=18 gh60=0x4898ba6 W1=0x15b3,0x47e,0x375c W2=0x14c0,0x1c62,0x3b88
  witness[02] tail=22 r61=19 gh60=0x74a84ba W1=0xa35,0x915,0x1189 W2=0x942,0x2dcf,0x1752
  witness[03] tail=22 r61=20 gh60=0xca78bea W1=0x35a1,0xe15,0x23b4 W2=0x34ae,0x20d4,0x967
  witness[04] tail=24 r61=17 gh60=0xcd0c56a W1=0x1a4e,0x3913,0x107a W2=0x195b,0xcbe,0x3eae
  witness[05] tail=24 r61=19 gh60=0xc698cba W1=0x15f5,0x27a3,0x3156 W2=0x1502,0x1fde,0x3233
  witness[06] tail=24 r61=19 gh60=0x4e0cce6 W1=0x160c,0x947,0x3699 W2=0x1519,0x375e,0x2bdf
  witness[07] tail=24 r61=23 gh60=0xd798dae W1=0x8af,0x24de,0x23c5 W2=0x7bc,0x715,0x1ae4
  witness[08] tail=24 r61=24 gh60=0x5708d6a W1=0x18dd,0x12ec,0x345a W2=0x17ea,0x274f,0xee5
  witness[09] tail=24 r61=24 gh60=0x465c59a W1=0x3c86,0x30a7,0x2058 W2=0x3b93,0x1f8f,0x2f12
  witness[10] tail=25 r61=17 gh60=0xcd88daa W1=0x16bd,0x30bb,0x1436 W2=0x15ca,0x10fe,0x916
  witness[11] tail=25 r61=18 gh60=0x4d1456e W1=0x3250,0x939,0x3b20 W2=0x315d,0x46c,0x1277
  witness[12] tail=25 r61=19 gh60=0xde7c4aa W1=0x1cfe,0x2f30,0x3a6d W2=0x1c0b,0x3a1,0x20ec
  witness[13] tail=25 r61=20 gh60=0xcd3bd66 W1=0x10cb,0xd01,0x1108 W2=0xfd8,0x2e2d,0x2546
  witness[14] tail=25 r61=21 gh60=0xd675c9e W1=0x3fe8,0x382c,0x1470 W2=0x3ef5,0x3119,0x98
  witness[15] tail=25 r61=23 gh60=0x4ab4faa W1=0x77e,0x233,0x37d7 W2=0x68b,0x3fbb,0x3c0a

Scan-only r61 registry
  registry_count=16 registry_cap=16
  r61_witness[00] r61=14 tail=29 gh60=0xca084ea W1=0xb11,0x2a34,0x190d W2=0xa1e,0x2f6a,0x418
  r61_witness[01] r61=14 tail=30 gh60=0x49b44ae W1=0x340,0x1d7a,0x1e84 W2=0x24d,0xc8b,0x93
  r61_witness[02] r61=15 tail=32 gh60=0x5aa849e W1=0x33e7,0x3019,0x110d W2=0x32f4,0xe48,0x13c9
  r61_witness[03] r61=15 tail=37 gh60=0x4c884aa W1=0xa41,0x16b7,0x8f8 W2=0x94e,0x1c27,0x660
  r61_witness[04] r61=16 tail=19 gh60=0x4a04c9a W1=0x380a,0x2c06,0x9a W2=0x3717,0x1fd1,0x2c1b
  r61_witness[05] r61=16 tail=26 gh60=0x5918b66 W1=0x295b,0xd7f,0x27e2 W2=0x2868,0xf45,0x22b0
  r61_witness[06] r61=16 tail=26 gh60=0x4908766 W1=0x335b,0x2355,0x3ee4 W2=0x3268,0x2006,0x332d
  r61_witness[07] r61=16 tail=27 gh60=0xc4e8c9a W1=0x2629,0x3897,0x61a W2=0x2536,0x21ad,0x133b
  r61_witness[08] r61=16 tail=28 gh60=0xc9d5c9a W1=0x3f46,0x37a3,0xfed W2=0x3e53,0x1c78,0x33b5
  r61_witness[09] r61=16 tail=31 gh60=0x3a044e6 W1=0x40c,0x29cf,0xb19 W2=0x319,0x2aa1,0x3ff3
  r61_witness[10] r61=16 tail=31 gh60=0x5909f6a W1=0x1f61,0x2265,0x20af W2=0x1e6e,0x2470,0x220
  r61_witness[11] r61=16 tail=33 gh60=0x46084ee W1=0x1c1f,0x38b3,0x3416 W2=0x1b2c,0x3949,0xc2
  r61_witness[12] r61=16 tail=33 gh60=0x4a34bfa W1=0x2996,0x1fdf,0x22e7 W2=0x28a3,0x1daf,0x2f1b
  r61_witness[13] r61=16 tail=34 gh60=0x590bb6a W1=0x31d1,0x3be1,0x234c W2=0x30de,0x28e0,0x1685
  r61_witness[14] r61=16 tail=37 gh60=0xc935b7e W1=0x1dd8,0x28d0,0x5c1 W2=0x1ce5,0x24f8,0x361b
  r61_witness[15] r61=16 tail=39 gh60=0x4528ca6 W1=0x2643,0x3384,0x3b67 W2=0x2550,0x22c0,0x2fd

D60=0 fiber histogram: 1:7999 2:4835 3:1787 4:1036 5:412 6:256 7:93 8:58 9:31 10:22 11:13 12:9 13:1 14:1 16:5
