free_word_mitm_reducedn
N=14 mask=0x3fff msb=0x2000
candidate: M0=0x3d36 mode=random-fallback fill=0x3fff kernel=dM0=dM9=0x2000
prefixes=32768/268435456 mode=permuted-prefix-sample w59_per_prefix=16384 total=536870912
run_mode=scan registry_cap=16
sample_start=154632192
scan_elapsed=21.934s rate=24.48 Mtriples/s

D60 interface
  D60=0 matches: 32907 (random expectation 32768.0, enrichment 1.004x)
  prefixes with D60=0: 16621
  max D60=0 fiber per prefix: 17 at W57=0x1034 W58=0x1f2a
  largest D60 bucket: D=0x1c05 count=33797
  min D60 HW: 0
  D60 HW histogram: 0:32907 1:459183 2:2986190 3:11940643 4:32840288 5:65671169 6:98443537 7:112460895 8:98343283 9:65543090 10:32764966 11:11916711 12:2976877 13:458428 14:32745

Tail closure among D60=0 matches
  final tail collisions: 0
  best r61 HW: 13
  best r61 W1[57..59]=0x1949,0x34cc,0x3e0e
  best r61 W2[57..59]=0x1856,0x25d6,0x2651
  best tail HW: 22
  best tail r61 HW: 20
  best W1[57..59]=0x340c,0x1a3,0x3d47
  best W2[57..59]=0x3319,0xf79,0x3844

SUMMARY N=14 sample_start=154632192 prefixes=32768 total=536870912 d0=32907 best_tail=22 tail_r61=20 best_r61=13 tail_W1=0x340c,0x1a3,0x3d47 tail_W2=0x3319,0xf79,0x3844 r61_W1=0x1949,0x34cc,0x3e0e r61_W2=0x1856,0x25d6,0x2651

Scan-only witness registry
  registry_count=16 registry_cap=16
  witness[00] tail=22 r61=20 gh60=0x46044e6 W1=0x340c,0x1a3,0x3d47 W2=0x3319,0xf79,0x3844
  witness[01] tail=23 r61=20 gh60=0xf65c4be W1=0x1cf8,0x3f39,0x3b14 W2=0x1c05,0x1cd8,0x3f45
  witness[02] tail=23 r61=20 gh60=0xcba849a W1=0x29e5,0x355f,0x10db W2=0x28f2,0x19ac,0x1e46
  witness[03] tail=23 r61=22 gh60=0xb614dee W1=0x38a0,0x19b2,0xd6b W2=0x37ad,0xa62,0xf19
  witness[04] tail=24 r61=23 gh60=0x4ae849a W1=0x1205,0x22b5,0x2a88 W2=0x1112,0x17be,0x114f
  witness[05] tail=24 r61=24 gh60=0x5d1857a W1=0x2a55,0x23a2,0x1ade W2=0x2962,0x164a,0x106
  witness[06] tail=24 r61=24 gh60=0xcb89caa W1=0x3f2d,0x255a,0x13c6 W2=0x3e3a,0x2755,0x3a0a
  witness[07] tail=25 r61=19 gh60=0xca18bea W1=0x158d,0x2ede,0x12d7 W2=0x149a,0x316d,0x1182
  witness[08] tail=25 r61=21 gh60=0xd51856a W1=0x1ad1,0x82,0x14ed W2=0x19de,0x814,0x1cd4
  witness[09] tail=25 r61=21 gh60=0xd6d879e W1=0x3b87,0x1b07,0x54d W2=0x3a94,0x259e,0x4fa
  witness[10] tail=25 r61=22 gh60=0xd89bcaa W1=0x3131,0xdf0,0x372 W2=0x303e,0x4b7,0x1578
  witness[11] tail=25 r61=22 gh60=0x3a784ee W1=0x3d1f,0x33b1,0x3d18 W2=0x3c2c,0x2237,0x3dc2
  witness[12] tail=25 r61=23 gh60=0xd887ca6 W1=0x112c,0x16f4,0x3aa8 W2=0x1039,0x340f,0x294
  witness[13] tail=25 r61=23 gh60=0xf78c5a6 W1=0x1aac,0x2da8,0xb07 W2=0x19b9,0x10ec,0xd5f
  witness[14] tail=25 r61=23 gh60=0x463c4ee W1=0x2420,0x2ee4,0x2028 W2=0x232d,0xeef,0xb6f
  witness[15] tail=25 r61=25 gh60=0xfa7c5fa W1=0x496,0x9d9,0xf61 W2=0x3a3,0x2afa,0x32ff

Scan-only r61 registry
  registry_count=16 registry_cap=16
  r61_witness[00] r61=13 tail=28 gh60=0xb928c9a W1=0x1949,0x34cc,0x3e0e W2=0x1856,0x25d6,0x2651
  r61_witness[01] r61=14 tail=29 gh60=0x451849a W1=0x2c45,0x1721,0x19c4 W2=0x2b52,0x3dac,0x99c
  r61_witness[02] r61=14 tail=34 gh60=0x458bcaa W1=0x2e01,0x18b1,0x38bc W2=0x2d0e,0x1228,0x8a7
  r61_witness[03] r61=15 tail=26 gh60=0x4a29bfe W1=0x3d97,0x3044,0x2ccf W2=0x3ca4,0x28d3,0x33d3
  r61_witness[04] r61=15 tail=27 gh60=0xc91cba6 W1=0x5c4,0x1b11,0x2c95 W2=0x4d1,0x22f6,0xb43
  r61_witness[05] r61=15 tail=29 gh60=0x4618ce6 W1=0x1713,0x1ed6,0x1d88 W2=0x1620,0x2c7c,0x20e4
  r61_witness[06] r61=15 tail=31 gh60=0x4487cba W1=0x2e3a,0x3fa7,0x285f W2=0x2d47,0x181f,0x31c9
  r61_witness[07] r61=15 tail=32 gh60=0x4e65ba6 W1=0x1d84,0xbfd,0x3357 W2=0x1c91,0x11f0,0x39bf
  r61_witness[08] r61=15 tail=32 gh60=0x56044fa W1=0x221a,0x7a0,0x25f1 W2=0x2127,0x2d0d,0x2932
  r61_witness[09] r61=16 tail=27 gh60=0xd48c5ba W1=0x2aba,0x360d,0x1de1 W2=0x29c7,0x20a8,0x3520
  r61_witness[10] r61=16 tail=28 gh60=0xca184ea W1=0xd1d,0x330e,0x167f W2=0xc2a,0x3674,0x26e2
  r61_witness[11] r61=16 tail=32 gh60=0xca184a6 W1=0x2c03,0x33fc,0x19bf W2=0x2b10,0x1f9,0x20b0
  r61_witness[12] r61=16 tail=33 gh60=0x44b45ba W1=0x14b6,0x6b1,0x138e W2=0x13c3,0x355c,0x199
  r61_witness[13] r61=16 tail=33 gh60=0x4b0856a W1=0x2cd1,0x23e5,0x1412 W2=0x2bde,0x201b,0x17f6
  r61_witness[14] r61=16 tail=35 gh60=0x466cca6 W1=0x36f4,0x2901,0x37f4 W2=0x3601,0x24ae,0x8db
  r61_witness[15] r61=16 tail=40 gh60=0x4d09d6a W1=0x20cd,0x674,0x1fcf W2=0x1fda,0xc63,0x382d

D60=0 fiber histogram: 1:7940 2:4931 3:1793 4:1100 5:395 6:228 7:78 8:81 9:29 10:21 11:9 12:6 13:4 14:1 16:4 17:1
