free_word_mitm_reducedn
N=14 mask=0x3fff msb=0x2000
candidate: M0=0x3d36 mode=random-fallback fill=0x3fff kernel=dM0=dM9=0x2000
prefixes=32768/268435456 mode=permuted-prefix-sample w59_per_prefix=16384 total=536870912
run_mode=scan registry_cap=16
sample_start=45744128
scan_elapsed=15.549s rate=34.53 Mtriples/s

D60 interface
  D60=0 matches: 32978 (random expectation 32768.0, enrichment 1.006x)
  prefixes with D60=0: 16493
  max D60=0 fiber per prefix: 17 at W57=0x30b0 W58=0x13d6
  largest D60 bucket: D=0xea0 count=33696
  min D60 HW: 0
  D60 HW histogram: 0:32978 1:457703 2:2976134 3:11913883 4:32789250 5:65627828 6:98436625 7:112507734 8:98423917 9:65568327 10:32763051 11:11906878 12:2976941 13:457006 14:32657

Tail closure among D60=0 matches
  final tail collisions: 0
  best r61 HW: 14
  best r61 W1[57..59]=0x3910,0x2b2,0x2c37
  best r61 W2[57..59]=0x381d,0x3a9e,0x3388
  best tail HW: 22
  best tail r61 HW: 19
  best W1[57..59]=0x22e2,0xb75,0x1cba
  best W2[57..59]=0x21ef,0x159c,0x108

SUMMARY N=14 sample_start=45744128 prefixes=32768 total=536870912 d0=32978 best_tail=22 tail_r61=19 best_r61=14 tail_W1=0x22e2,0xb75,0x1cba tail_W2=0x21ef,0x159c,0x108 r61_W1=0x3910,0x2b2,0x2c37 r61_W2=0x381d,0x3a9e,0x3388

Scan-only witness registry
  registry_count=16 registry_cap=16
  witness[00] tail=22 r61=19 gh60=0x37a456a W1=0x22e2,0xb75,0x1cba W2=0x21ef,0x159c,0x108
  witness[01] tail=23 r61=16 gh60=0xb92df6a W1=0x1f52,0x30fc,0x37fc W2=0x1e5f,0x231c,0x3f1c
  witness[02] tail=24 r61=18 gh60=0xcb0856a W1=0x3c61,0x78e,0x99 W2=0x3b6e,0xd94,0x3082
  witness[03] tail=24 r61=21 gh60=0x4787ca6 W1=0x113c,0x2290,0x1381 W2=0x1049,0x3f97,0x250d
  witness[04] tail=24 r61=26 gh60=0xc969b7a W1=0x21d9,0x1102,0x542 W2=0x20e6,0x909,0x2756
  witness[05] tail=25 r61=19 gh60=0xca04ce6 W1=0x91c,0x2f5a,0x5b5 W2=0x829,0x1af1,0x1932
  witness[06] tail=25 r61=19 gh60=0x556857a W1=0x1a59,0x3eac,0x1d2b W2=0x1966,0x2d58,0x2fa6
  witness[07] tail=25 r61=19 gh60=0x4ae4566 W1=0x3ad4,0xea7,0xde0 W2=0x39e1,0xffd,0x2c3d
  witness[08] tail=25 r61=22 gh60=0x77e87a6 W1=0x2373,0x955,0xa14 W2=0x2280,0x3428,0x22e4
  witness[09] tail=25 r61=23 gh60=0xcadcb7e W1=0x25d8,0x27f4,0x2fa6 W2=0x24e5,0x2218,0x3681
  witness[10] tail=26 r61=17 gh60=0xca187fa W1=0x1395,0x2fa2,0x1b14 W2=0x12a2,0x32ee,0x206b
  witness[11] tail=26 r61=18 gh60=0xca844a6 W1=0x34ec,0x18e6,0x19fe W2=0x33f9,0x16c4,0x98e
  witness[12] tail=26 r61=19 gh60=0xfe6bd9a W1=0x3085,0x1640,0x2e2 W2=0x2f92,0x2b74,0x3f0
  witness[13] tail=26 r61=20 gh60=0x5e09de6 W1=0x3e8b,0x1ba3,0x3ab0 W2=0x3d98,0x33df,0x32e7
  witness[14] tail=26 r61=20 gh60=0xc4d5d9a W1=0x3ea6,0x84,0x2a9f W2=0x3db3,0x2301,0x2df9
  witness[15] tail=26 r61=20 gh60=0x4b99faa W1=0x3fbd,0x2c2d,0x237b W2=0x3eca,0x1834,0x397c

Scan-only r61 registry
  registry_count=16 registry_cap=16
  r61_witness[00] r61=14 tail=32 gh60=0x5a14cee W1=0x3910,0x2b2,0x2c37 W2=0x381d,0x3a9e,0x3388
  r61_witness[01] r61=15 tail=30 gh60=0xc88c4aa W1=0xb2e,0x2440,0x1e4b W2=0xa3b,0x2cc1,0x3052
  r61_witness[02] r61=15 tail=32 gh60=0x7684da6 W1=0x187c,0x2d7f,0xcc W2=0x1789,0x3024,0x1375
  r61_witness[03] r61=15 tail=33 gh60=0x4e844ba W1=0x39fa,0x111c,0x1c0e W2=0x3907,0x60f,0x1a7a
  r61_witness[04] r61=15 tail=33 gh60=0xc509d66 W1=0x3ecb,0x1749,0x3bdf W2=0x3dd8,0x2b11,0x28fc
  r61_witness[05] r61=15 tail=37 gh60=0x4a087ee W1=0x2b8f,0x3563,0x2b0f W2=0x2a9c,0x2e31,0xc13
  r61_witness[06] r61=15 tail=42 gh60=0xc909b6a W1=0x215d,0xd47,0x144 W2=0x206a,0x3d6e,0x94f
  r61_witness[07] r61=16 tail=23 gh60=0xb92df6a W1=0x1f52,0x30fc,0x37fc W2=0x1e5f,0x231c,0x3f1c
  r61_witness[08] r61=16 tail=29 gh60=0x4508d6a W1=0x3651,0x2d80,0xf74 W2=0x355e,0x36f3,0x3dd5
  r61_witness[09] r61=16 tail=29 gh60=0xc4885aa W1=0x3cbd,0x298b,0x1b17 W2=0x3bca,0x78f,0x3c55
  r61_witness[10] r61=16 tail=30 gh60=0x497449a W1=0x1b46,0x1a9e,0x1312 W2=0x1a53,0x126a,0xa3c
  r61_witness[11] r61=16 tail=30 gh60=0xd8844ba W1=0x333a,0x54f,0x328b W2=0x3247,0x3c86,0x302d
  r61_witness[12] r61=16 tail=31 gh60=0x49884aa W1=0x1ced,0x1a33,0x1367 W2=0x1bfa,0x2faf,0x27fb
  r61_witness[13] r61=16 tail=32 gh60=0x4a187ee W1=0x1b9f,0x273d,0x2b13 W2=0x1aac,0x33fb,0x9dd
  r61_witness[14] r61=16 tail=32 gh60=0x4e09ce6 W1=0x3e1b,0x2975,0x482 W2=0x3d28,0x3989,0x3b75
  r61_witness[15] r61=16 tail=35 gh60=0x4928b7e W1=0x2957,0x37ee,0x1976 W2=0x2864,0x2909,0xebf

D60=0 fiber histogram: 1:7952 2:4747 3:1689 4:1141 5:467 6:261 7:83 8:80 9:26 10:15 11:11 12:9 13:5 14:6 17:1
