free_word_mitm_reducedn
N=14 mask=0x3fff msb=0x2000
candidate: M0=0x3d36 mode=random-fallback fill=0x3fff kernel=dM0=dM9=0x2000
prefixes=32768/268435456 mode=permuted-prefix-sample w59_per_prefix=16384 total=536870912
run_mode=scan registry_cap=16
sample_start=163905536
scan_elapsed=16.198s rate=33.15 Mtriples/s

D60 interface
  D60=0 matches: 32052 (random expectation 32768.0, enrichment 0.978x)
  prefixes with D60=0: 16340
  max D60=0 fiber per prefix: 20 at W57=0x20c2 W58=0x4f5
  largest D60 bucket: D=0x2e01 count=33814
  min D60 HW: 0
  D60 HW histogram: 0:32052 1:456048 2:2971845 3:11917159 4:32809325 5:65636982 6:98474773 7:112522986 8:98415898 9:65544304 10:32740508 11:11891128 12:2969785 13:455478 14:32641

Tail closure among D60=0 matches
  final tail collisions: 0
  best r61 HW: 12
  best r61 W1[57..59]=0x271b,0x16d8,0x22ca
  best r61 W2[57..59]=0x2628,0x30de,0x2f39
  best tail HW: 21
  best tail r61 HW: 21
  best W1[57..59]=0x33f0,0x3990,0x38d1
  best W2[57..59]=0x32fd,0x27b1,0x3d08

SUMMARY N=14 sample_start=163905536 prefixes=32768 total=536870912 d0=32052 best_tail=21 tail_r61=21 best_r61=12 tail_W1=0x33f0,0x3990,0x38d1 tail_W2=0x32fd,0x27b1,0x3d08 r61_W1=0x271b,0x16d8,0x22ca r61_W2=0x2628,0x30de,0x2f39

Scan-only witness registry
  registry_count=16 registry_cap=16
  witness[00] tail=21 r61=21 gh60=0xfd944ae W1=0x33f0,0x3990,0x38d1 W2=0x32fd,0x27b1,0x3d08
  witness[01] tail=22 r61=17 gh60=0xce09fe6 W1=0x3f9b,0xe4d,0x131c W2=0x3ea8,0x3489,0x3853
  witness[02] tail=22 r61=21 gh60=0xca085ea W1=0x2a1,0x33d6,0x18e0 W2=0x1ae,0x2f68,0x22ce
  witness[03] tail=22 r61=22 gh60=0xba67caa W1=0x3102,0x2776,0x51c W2=0x300f,0x1ed2,0x2a85
  witness[04] tail=23 r61=19 gh60=0xc659bba W1=0x2179,0xb64,0x3f0a W2=0x2086,0x9eb,0x754
  witness[05] tail=24 r61=25 gh60=0x4698caa W1=0x8fd,0x22ed,0x3578 W2=0x80a,0x24d8,0x35c6
  witness[06] tail=25 r61=17 gh60=0x4a05ce6 W1=0x1f0c,0x2e21,0xf09 W2=0x1e19,0x3a46,0x15e
  witness[07] tail=25 r61=19 gh60=0x492bb7a W1=0x1159,0xe8c,0x3fda W2=0x1066,0x398b,0x1c34
  witness[08] tail=25 r61=23 gh60=0x7e14bea W1=0x198e,0x3fd2,0x3dc1 W2=0x189b,0xaa6,0x92b
  witness[09] tail=25 r61=23 gh60=0x4b85c9a W1=0x3dea,0x24aa,0xfa3 W2=0x3cf7,0xbab,0x36cb
  witness[10] tail=25 r61=26 gh60=0x3cf856a W1=0x24dd,0x3a68,0xe41 W2=0x23ea,0x606,0xa0c
  witness[11] tail=25 r61=26 gh60=0x4fd449e W1=0x2d28,0x1f73,0x3ccd W2=0x2c35,0x2da9,0xcfd
  witness[12] tail=26 r61=17 gh60=0xce6dcbe W1=0xf8,0x1c6e,0xd28 W2=0x5,0x254e,0xff
  witness[13] tail=26 r61=17 gh60=0xcb89ba6 W1=0x1dab,0x14ee,0xd2b W2=0x1cb8,0x1b40,0x1b91
  witness[14] tail=26 r61=20 gh60=0x46dbc9e W1=0x1107,0x1a88,0x3fcb W2=0x1014,0x7b8,0x197c
  witness[15] tail=26 r61=20 gh60=0xfa8dbaa W1=0x217e,0x6b,0x3df4 W2=0x208b,0x3b33,0x2082

Scan-only r61 registry
  registry_count=16 registry_cap=16
  r61_witness[00] r61=12 tail=28 gh60=0xc608ce6 W1=0x271b,0x16d8,0x22ca W2=0x2628,0x30de,0x2f39
  r61_witness[01] r61=14 tail=31 gh60=0x749849a W1=0x3225,0x18eb,0x3a38 W2=0x3132,0xd32,0x3846
  r61_witness[02] r61=15 tail=31 gh60=0xc60c49a W1=0x140a,0x3288,0x15fc W2=0x1317,0x28ca,0x1dc4
  r61_witness[03] r61=15 tail=31 gh60=0xcb89ba6 W1=0x1dab,0x14ee,0x1641 W2=0x1cb8,0x1b40,0x24a7
  r61_witness[04] r61=15 tail=34 gh60=0xcb04d66 W1=0x184c,0x1a7e,0x25c5 W2=0x1759,0x19c5,0x1d0a
  r61_witness[05] r61=15 tail=36 gh60=0x4a1bbea W1=0xd91,0x3afc,0x1c3 W2=0xc9e,0x2dc7,0x2ec7
  r61_witness[06] r61=16 tail=31 gh60=0xca87cba W1=0x2ffa,0x16f7,0xc54 W2=0x2f07,0x2def,0x23e0
  r61_witness[07] r61=16 tail=31 gh60=0x4b09f6e W1=0x3fdf,0xd30,0x3705 W2=0x3eec,0x3f5b,0x190b
  r61_witness[08] r61=16 tail=32 gh60=0x4a9cb6a W1=0x29e2,0x366f,0x3980 W2=0x28ef,0x1b87,0x1905
  r61_witness[09] r61=16 tail=35 gh60=0x4a05c9a W1=0x3e0a,0xa53,0x21ae W2=0x3d17,0x2f9c,0x2c2d
  r61_witness[10] r61=17 tail=22 gh60=0xce09fe6 W1=0x3f9b,0xe4d,0x131c W2=0x3ea8,0x3489,0x3853
  r61_witness[11] r61=17 tail=25 gh60=0x4a05ce6 W1=0x1f0c,0x2e21,0xf09 W2=0x1e19,0x3a46,0x15e
  r61_witness[12] r61=17 tail=26 gh60=0xce6dcbe W1=0xf8,0x1c6e,0xd28 W2=0x5,0x254e,0xff
  r61_witness[13] r61=17 tail=26 gh60=0xcb89ba6 W1=0x1dab,0x14ee,0xd2b W2=0x1cb8,0x1b40,0x1b91
  r61_witness[14] r61=17 tail=27 gh60=0xc705d9a W1=0x1eca,0x711,0x10ae W2=0x1dd7,0x39c2,0x211f
  r61_witness[15] r61=17 tail=27 gh60=0x4a28ca6 W1=0x3703,0x1e84,0x148f W2=0x3610,0x2b40,0x143d

D60=0 fiber histogram: 1:7965 2:4709 3:1764 4:1054 5:405 6:237 7:82 8:60 9:34 10:15 11:3 12:7 14:1 16:1 18:1 19:1 20:1
