free_word_mitm_reducedn
N=14 mask=0x3fff msb=0x2000
candidate: M0=0x3d36 mode=random-fallback fill=0x3fff kernel=dM0=dM9=0x2000
prefixes=32768/268435456 mode=permuted-prefix-sample w59_per_prefix=16384 total=536870912
run_mode=scan registry_cap=16
sample_start=197459968
scan_elapsed=16.033s rate=33.49 Mtriples/s

D60 interface
  D60=0 matches: 32716 (random expectation 32768.0, enrichment 0.998x)
  prefixes with D60=0: 16458
  max D60=0 fiber per prefix: 19 at W57=0xd89 W58=0x1c82
  largest D60 bucket: D=0x2baa count=33963
  min D60 HW: 0
  D60 HW histogram: 0:32716 1:456949 2:2967526 3:11905190 4:32796588 5:65621434 6:98451536 7:112504665 8:98433476 9:65581651 10:32762225 11:11896885 12:2972643 13:455689 14:31739

Tail closure among D60=0 matches
  final tail collisions: 0
  best r61 HW: 13
  best r61 W1[57..59]=0x3e50,0x18b5,0x3423
  best r61 W2[57..59]=0x3d5d,0x469,0x1c81
  best tail HW: 20
  best tail r61 HW: 20
  best W1[57..59]=0x3a0f,0x1ab3,0x1ee
  best W2[57..59]=0x391c,0x18dd,0x20c3

SUMMARY N=14 sample_start=197459968 prefixes=32768 total=536870912 d0=32716 best_tail=20 tail_r61=20 best_r61=13 tail_W1=0x3a0f,0x1ab3,0x1ee tail_W2=0x391c,0x18dd,0x20c3 r61_W1=0x3e50,0x18b5,0x3423 r61_W2=0x3d5d,0x469,0x1c81

Scan-only witness registry
  registry_count=16 registry_cap=16
  witness[00] tail=20 r61=20 gh60=0xb6184ee W1=0x3a0f,0x1ab3,0x1ee W2=0x391c,0x18dd,0x20c3
  witness[01] tail=22 r61=22 gh60=0xcbdddba W1=0x3eb6,0x1cea,0x5ea W2=0x3dc3,0x3f52,0x127d
  witness[02] tail=22 r61=27 gh60=0xc7f8fba W1=0x27b9,0x3fa,0x5 W2=0x26c6,0x211,0x29c6
  witness[03] tail=23 r61=17 gh60=0x48b8cba W1=0x1935,0x1f1e,0x2528 W2=0x1842,0x111d,0x28d3
  witness[04] tail=23 r61=21 gh60=0xbf8bfaa W1=0xfc1,0x160c,0x3214 W2=0xece,0xb17,0x1e37
  witness[05] tail=23 r61=22 gh60=0xcbec5aa W1=0x2ac2,0x3ee0,0x1237 W2=0x29cf,0xa9d,0x2ed7
  witness[06] tail=23 r61=25 gh60=0xd9d44be W1=0x1d38,0x3d38,0x2a9 W2=0x1c45,0x1a5b,0x2c01
  witness[07] tail=23 r61=26 gh60=0x590876a W1=0x1b4d,0x3ad5,0xf58 W2=0x1a5a,0x2b,0x2516
  witness[08] tail=24 r61=13 gh60=0x4735d6e W1=0x3e50,0x18b5,0x3423 W2=0x3d5d,0x469,0x1c81
  witness[09] tail=24 r61=20 gh60=0x38987ae W1=0x2bbf,0x2bb1,0x1526 W2=0x2acc,0x24f9,0x3fe7
  witness[10] tail=24 r61=21 gh60=0x46e85a6 W1=0x3c83,0x147c,0x1fcc W2=0x3b90,0x3b61,0x1d89
  witness[11] tail=25 r61=19 gh60=0x7c885aa W1=0xab1,0x3e2d,0x270b W2=0x9be,0x3ac5,0x3ece
  witness[12] tail=25 r61=19 gh60=0xfa07c9a W1=0x110a,0x13fb,0x3ef9 W2=0x1017,0x2500,0x3e87
  witness[13] tail=25 r61=19 gh60=0x36784ee W1=0x131f,0x1e3f,0xec1 W2=0x122c,0xec5,0x3ea4
  witness[14] tail=25 r61=21 gh60=0xdd6dc9e W1=0x1e28,0x2a9d,0x338e W2=0x1d35,0x2b12,0x8b1
  witness[15] tail=25 r61=21 gh60=0x4e084ea W1=0x2d11,0x25cf,0x251 W2=0x2c1e,0x2a85,0x3f3f

Scan-only r61 registry
  registry_count=16 registry_cap=16
  r61_witness[00] r61=13 tail=24 gh60=0x4735d6e W1=0x3e50,0x18b5,0x3423 W2=0x3d5d,0x469,0x1c81
  r61_witness[01] r61=13 tail=28 gh60=0x5989ba6 W1=0x16b,0x424,0x312a W2=0x78,0x9ea,0x318a
  r61_witness[02] r61=14 tail=32 gh60=0xca0bdee W1=0x109f,0x16d4,0xfb8 W2=0xfac,0x23ff,0x166c
  r61_witness[03] r61=14 tail=34 gh60=0xfa084ea W1=0x3a0d,0x371f,0x1037 W2=0x391a,0xd65,0x280c
  r61_witness[04] r61=15 tail=26 gh60=0xde88daa W1=0x366d,0xfb2,0x38ba W2=0x357a,0x2f95,0x3ca7
  r61_witness[05] r61=15 tail=28 gh60=0x48e8ca6 W1=0x733,0x1c12,0x3992 W2=0x640,0x183e,0x15e3
  r61_witness[06] r61=15 tail=31 gh60=0x4605cfa W1=0x1f1a,0x36c,0x20f7 W2=0x1e27,0x2828,0x1e18
  r61_witness[07] r61=15 tail=33 gh60=0x4607ce6 W1=0x311c,0xa63,0x4ee W2=0x3029,0x21f4,0x1979
  r61_witness[08] r61=15 tail=35 gh60=0x4a07be6 W1=0x2d8c,0x2bff,0xae7 W2=0x2c99,0x28d0,0x18fc
  r61_witness[09] r61=15 tail=40 gh60=0xc999baa W1=0x3d71,0x2623,0xf97 W2=0x3c7e,0x28ee,0x32c2
  r61_witness[10] r61=16 tail=28 gh60=0xca64ba6 W1=0x2974,0xbea,0x21d0 W2=0x2881,0x104f,0x329a
  r61_witness[11] r61=16 tail=29 gh60=0xb6845a6 W1=0x2a6c,0x79f,0x3b1d W2=0x2979,0x1a53,0x2bb0
  r61_witness[12] r61=16 tail=31 gh60=0x5508d6a W1=0x2861,0x2b54,0x57 W2=0x276e,0x2a8f,0x3f78
  r61_witness[13] r61=16 tail=33 gh60=0xc988caa W1=0x1731,0x1b6e,0x3878 W2=0x163e,0x2ead,0x5bf
  r61_witness[14] r61=16 tail=33 gh60=0xda087e6 W1=0x2b9b,0xe8c,0x26b9 W2=0x2aa8,0x384b,0x190
  r61_witness[15] r61=16 tail=34 gh60=0xc88ccae W1=0x1930,0x2e02,0x2e8c W2=0x183d,0x2762,0x2991

D60=0 fiber histogram: 1:7786 2:4886 3:1816 4:1123 5:414 6:221 7:71 8:70 9:24 10:16 11:11 12:11 13:3 14:1 15:1 16:2 17:1 19:1
