free_word_mitm_reducedn
N=14 mask=0x3fff msb=0x2000
candidate: M0=0x3d36 mode=random-fallback fill=0x3fff kernel=dM0=dM9=0x2000
prefixes=32768/268435456 mode=permuted-prefix-sample w59_per_prefix=16384 total=536870912
run_mode=scan registry_cap=16
sample_start=96796672
scan_elapsed=15.859s rate=33.85 Mtriples/s

D60 interface
  D60=0 matches: 32394 (random expectation 32768.0, enrichment 0.989x)
  prefixes with D60=0: 16508
  max D60=0 fiber per prefix: 23 at W57=0x1cc W58=0x2328
  largest D60 bucket: D=0xdfa count=33743
  min D60 HW: 0
  D60 HW histogram: 0:32394 1:457290 2:2971829 3:11909248 4:32796968 5:65638028 6:98459706 7:112495414 8:98393847 9:65571834 10:32768851 11:11913220 12:2972462 13:456868 14:32953

Tail closure among D60=0 matches
  final tail collisions: 0
  best r61 HW: 14
  best r61 W1[57..59]=0xe8c,0x3c0f,0x3766
  best r61 W2[57..59]=0xd99,0x3f48,0x26b
  best tail HW: 21
  best tail r61 HW: 18
  best W1[57..59]=0x80d,0x1db2,0x2fb7
  best W2[57..59]=0x71a,0x1e75,0x16d0

SUMMARY N=14 sample_start=96796672 prefixes=32768 total=536870912 d0=32394 best_tail=21 tail_r61=18 best_r61=14 tail_W1=0x80d,0x1db2,0x2fb7 tail_W2=0x71a,0x1e75,0x16d0 r61_W1=0xe8c,0x3c0f,0x3766 r61_W2=0xd99,0x3f48,0x26b

Scan-only witness registry
  registry_count=16 registry_cap=16
  witness[00] tail=21 r61=18 gh60=0xda08cea W1=0x80d,0x1db2,0x2fb7 W2=0x71a,0x1e75,0x16d0
  witness[01] tail=22 r61=18 gh60=0x3b99c9a W1=0x1e25,0x2515,0x118c W2=0x1d32,0x965,0x25e6
  witness[02] tail=22 r61=22 gh60=0x4eebce6 W1=0x3113,0x1634,0x2e3a W2=0x3020,0x1d54,0x3407
  witness[03] tail=22 r61=23 gh60=0xc8bc49a W1=0x526,0x2433,0xd3a W2=0x433,0x9c3,0x23fe
  witness[04] tail=23 r61=17 gh60=0x56047e6 W1=0x1b9c,0x2566,0xfe5 W2=0x1aa9,0x1e22,0x3f2c
  witness[05] tail=23 r61=21 gh60=0x5a0cd9a W1=0x168a,0x29f3,0x3b7a W2=0x1597,0x2996,0x30c2
  witness[06] tail=24 r61=19 gh60=0xb484dba W1=0x38ba,0x1ef8,0x1744 W2=0x37c7,0x18d8,0x144d
  witness[07] tail=25 r61=16 gh60=0x7e244aa W1=0x3d02,0x2dbf,0x59e W2=0x3c0f,0x494,0x1af
  witness[08] tail=25 r61=18 gh60=0x49987a6 W1=0x137b,0x451,0x3c79 W2=0x1288,0x3f86,0xdea
  witness[09] tail=25 r61=18 gh60=0xc76857a W1=0x3c55,0x115e,0xbf6 W2=0x3b62,0x86e,0x101d
  witness[10] tail=25 r61=19 gh60=0x7a99dba W1=0x75,0x3403,0x1994 W2=0x3f82,0x20e6,0x1aef
  witness[11] tail=25 r61=19 gh60=0x491476e W1=0xb50,0x392e,0x29bc W2=0xa5d,0x3375,0x1ceb
  witness[12] tail=25 r61=23 gh60=0x4e04be6 W1=0x358c,0x962,0x131e W2=0x3499,0x1fb1,0x197f
  witness[13] tail=25 r61=24 gh60=0xb999baa W1=0x2181,0x5c9,0x2fb0 W2=0x208e,0x440,0x26f0
  witness[14] tail=25 r61=24 gh60=0xf6184ee W1=0x3a0f,0x22b3,0x2441 W2=0x391c,0x20dd,0x112
  witness[15] tail=25 r61=25 gh60=0x7f68d9e W1=0x18c7,0x1c6f,0x3ee0 W2=0x17d4,0x2d79,0x628

Scan-only r61 registry
  registry_count=16 registry_cap=16
  r61_witness[00] r61=14 tail=27 gh60=0x4607de6 W1=0xe8c,0x3c0f,0x3766 W2=0xd99,0x3f48,0x26b
  r61_witness[01] r61=14 tail=29 gh60=0xca05ce6 W1=0x211c,0x2f73,0x3081 W2=0x2029,0x1a08,0x2eda
  r61_witness[02] r61=14 tail=30 gh60=0x5e085e6 W1=0x229b,0x2e5,0x1bb7 W2=0x21a8,0x1492,0x1f56
  r61_witness[03] r61=14 tail=32 gh60=0x498c4ba W1=0x12fa,0xf7a,0x23fd W2=0x1207,0x92d,0x1510
  r61_witness[04] r61=15 tail=28 gh60=0x48884aa W1=0x1d3d,0x3a3f,0x3722 W2=0x1c4a,0xe2b,0xd22
  r61_witness[05] r61=15 tail=30 gh60=0x4a0bce6 W1=0x311b,0x1cae,0x2546 W2=0x3028,0x42e,0x3ab8
  r61_witness[06] r61=15 tail=32 gh60=0xc8a849a W1=0x3b25,0x1c92,0x12 W2=0x3a32,0x1417,0x702
  r61_witness[07] r61=15 tail=35 gh60=0x4a347ea W1=0x1b9e,0x8fa,0xeb3 W2=0x1aab,0x19b9,0x1de5
  r61_witness[08] r61=15 tail=37 gh60=0x4a284e6 W1=0xd13,0xb83,0x3d9e W2=0xc20,0x2664,0x36aa
  r61_witness[09] r61=15 tail=38 gh60=0x49884aa W1=0x2f1,0x3831,0x12e W2=0x1fe,0x3ef1,0x8b9
  r61_witness[10] r61=16 tail=25 gh60=0x7e244aa W1=0x3d02,0x2dbf,0x59e W2=0x3c0f,0x494,0x1af
  r61_witness[11] r61=16 tail=27 gh60=0xcd884ae W1=0x1a2f,0x667,0x55 W2=0x193c,0x207,0x1dc9
  r61_witness[12] r61=16 tail=28 gh60=0x4a085e6 W1=0xa8b,0x189,0x113e W2=0x998,0x1244,0x3514
  r61_witness[13] r61=16 tail=31 gh60=0x4b07d66 W1=0xe4c,0x3893,0x5d8 W2=0xd59,0x3f40,0x3c95
  r61_witness[14] r61=16 tail=31 gh60=0x4904f66 W1=0x37cc,0x966,0x2952 W2=0x36d9,0x3c9d,0x15c7
  r61_witness[15] r61=16 tail=32 gh60=0x5a084ee W1=0x31f,0x73a,0xf5c W2=0x22c,0x26c4,0xe4c

D60=0 fiber histogram: 1:8131 2:4686 3:1768 4:1061 5:388 6:232 7:101 8:78 9:22 10:19 11:5 12:8 13:4 15:1 16:2 19:1 23:1
