free_word_mitm_reducedn
N=14 mask=0x3fff msb=0x2000
candidate: M0=0x3d36 mode=random-fallback fill=0x3fff kernel=dM0=dM9=0x2000
prefixes=32768/268435456 mode=permuted-prefix-sample w59_per_prefix=16384 total=536870912
run_mode=scan registry_cap=128
sample_start=6455296
scan_elapsed=18.145s rate=29.59 Mtriples/s
refine_elapsed=16.680s repair_refine_elapsed=0.000s total_elapsed=34.825s

D60 interface
  D60=0 matches: 32456 (random expectation 32768.0, enrichment 0.990x)
  prefixes with D60=0: 16494
  max D60=0 fiber per prefix: 16 at W57=0x200d W58=0x2df2
  largest D60 bucket: D=0x79a count=33878
  min D60 HW: 0
  D60 HW histogram: 0:32456 1:457137 2:2969112 3:11905946 4:32755913 5:65580713 6:98398741 7:112495372 8:98439810 9:65637032 10:32794383 11:11930470 12:2981297 13:459473 14:33057

Tail closure among D60=0 matches
  final tail collisions: 0
  best r61 HW: 14
  best r61 W1[57..59]=0x1ca1,0x3c5f,0xcc2
  best r61 W2[57..59]=0x1bae,0xced,0x3ad8
  best tail HW: 15
  best tail r61 HW: 16
  best W1[57..59]=0x2f1a,0xa34,0x3867
  best W2[57..59]=0x2e27,0x22f0,0x47

SUMMARY N=14 sample_start=6455296 prefixes=32768 total=536870912 d0=32456 best_tail=15 tail_r61=16 best_r61=14 tail_W1=0x2f1a,0xa34,0x3867 tail_W2=0x2e27,0x22f0,0x47 r61_W1=0x1ca1,0x3c5f,0xcc2 r61_W2=0x1bae,0xced,0x3ad8

Scan-only witness registry
  registry_count=128 registry_cap=128
  witness[00] tail=15 r61=16 gh60=0xba07cfa W1=0x2f1a,0xa34,0x3867 W2=0x2e27,0x22f0,0x47
  witness[01] tail=22 r61=15 gh60=0x59d8cbe W1=0x3737,0x280c,0x2cc3 W2=0x3644,0x33ef,0x1693
  witness[02] tail=22 r61=19 gh60=0xce084ee W1=0x350f,0x3b76,0x2e6c W2=0x341c,0x2d90,0x117c
  witness[03] tail=22 r61=20 gh60=0xde64766 W1=0x2b64,0xdc3,0x1b6d W2=0x2a71,0x3399,0x1cbd
  witness[04] tail=23 r61=18 gh60=0x565bb9a W1=0xd89,0xaac,0x2f4d W2=0xc96,0x3dc4,0xee3
  witness[05] tail=23 r61=19 gh60=0x56884aa W1=0x14ed,0x381a,0x4e4 W2=0x13fa,0x1016,0x309e
  witness[06] tail=23 r61=20 gh60=0xfa1fcea W1=0xf0e,0x3e88,0x114 W2=0xe1b,0x2e14,0x3633
  witness[07] tail=23 r61=21 gh60=0x7a985aa W1=0x26d,0x1595,0x97e W2=0x17a,0x2039,0x3dcc
  witness[08] tail=23 r61=24 gh60=0xd48ccba W1=0x183a,0x18f,0x3824 W2=0x1747,0x3387,0x23d9
  witness[09] tail=24 r61=14 gh60=0x4e085ea W1=0x1ca1,0x3c5f,0xcc2 W2=0x1bae,0xced,0x3ad8
  witness[10] tail=24 r61=18 gh60=0x4898ba6 W1=0x35b3,0x237a,0x1c99 W2=0x34c0,0x3b5e,0x20fb
  witness[11] tail=24 r61=19 gh60=0xce284fa W1=0x1215,0x5b0,0x3436 W2=0x1122,0x3b74,0x13cc
  witness[12] tail=24 r61=20 gh60=0x4988ca6 W1=0x8eb,0x3620,0xec W2=0x7f8,0x30bc,0x1073
  witness[13] tail=24 r61=22 gh60=0xd8e849a W1=0x2325,0xfc3,0x3d79 W2=0x2232,0x37d6,0xc6f
  witness[14] tail=24 r61=23 gh60=0xc73457a W1=0x1456,0xf7e,0x207a W2=0x1363,0x20b,0x2a12
  witness[15] tail=24 r61=24 gh60=0xf96bb9a W1=0xdc9,0x1bad,0x17f3 W2=0xcd6,0x1255,0x88e

Scan-only r61 registry
  registry_count=128 registry_cap=128
  r61_witness[00] r61=14 tail=24 gh60=0x4e085ea W1=0x1ca1,0x3c5f,0xcc2 W2=0x1bae,0xced,0x3ad8
  r61_witness[01] r61=15 tail=22 gh60=0x59d8cbe W1=0x3737,0x280c,0x2cc3 W2=0x3644,0x33ef,0x1693
  r61_witness[02] r61=15 tail=34 gh60=0x4998baa W1=0x3571,0x3c6e,0x3cbd W2=0x347e,0xd35,0x13f4
  r61_witness[03] r61=15 tail=38 gh60=0x4d28d7a W1=0x26d5,0x424,0x2c W2=0x25e2,0x31f3,0x319b
  r61_witness[04] r61=15 tail=39 gh60=0x4d845ba W1=0x4ba,0x1505,0x2689 W2=0x3c7,0x1a0,0x375b
  r61_witness[05] r61=16 tail=15 gh60=0xba07cfa W1=0x2f1a,0xa34,0x3867 W2=0x2e27,0x22f0,0x47
  r61_witness[06] r61=16 tail=25 gh60=0x56087ee W1=0xb8f,0x2aa3,0x2a70 W2=0xa9c,0x2171,0x178c
  r61_witness[07] r61=16 tail=26 gh60=0x4e284fa W1=0x1215,0x1db0,0xa82 W2=0x1122,0x1374,0x21e
  r61_witness[08] r61=16 tail=26 gh60=0x4689da6 W1=0x3e7b,0x3e0e,0x1fa2 W2=0x3d88,0x1840,0x3a12
  r61_witness[09] r61=16 tail=30 gh60=0x4918766 W1=0x2bdb,0x39cb,0xddb W2=0x2ae8,0x2afa,0x19b9
  r61_witness[10] r61=16 tail=31 gh60=0x5e64daa W1=0x672,0xf6d,0x3473 W2=0x57f,0x2049,0x2daf
  r61_witness[11] r61=16 tail=31 gh60=0x58a8c9a W1=0x1729,0x38cc,0x2cb2 W2=0x1636,0x2d9e,0x13c8
  r61_witness[12] r61=16 tail=32 gh60=0x4608cea W1=0x3611,0x2139,0x3c4a W2=0x351e,0x3b44,0x21b0
  r61_witness[13] r61=16 tail=33 gh60=0xc904f66 W1=0x7dc,0x20e4,0x2889 W2=0x6e9,0xb,0x187c
  r61_witness[14] r61=16 tail=33 gh60=0xf6085ea W1=0x2a8d,0x2ea,0x780 W2=0x299a,0xe04,0x37e0
  r61_witness[15] r61=16 tail=34 gh60=0x48e8cba W1=0x939,0x32ef,0x43c W2=0x846,0x14ae,0x3080

Second-stage local refinement
  seed pool: count=128 cap=128
  top seeds: [tail15/r6116 W=0x2f1a,0xa34,0x3867] [tail22/r6115 W=0x3737,0x280c,0x2cc3] [tail22/r6119 W=0x350f,0x3b76,0x2e6c] [tail22/r6120 W=0x2b64,0xdc3,0x1b6d] [tail23/r6118 W=0xd89,0xaac,0x2f4d] [tail23/r6119 W=0x14ed,0x381a,0x4e4] [tail23/r6120 W=0xf0e,0x3e88,0x114] [tail23/r6121 W=0x26d,0x1595,0x97e]
  budget=500000000 tested=500000000 D60=0=31450 collisions=0 seed_inserts=71 prefix_enums=30514
  D60=0 rate: 0.000063
  phase tested/D60=0: single=3108/11 double=63714/18 walk=0/0 prefix=499933178/31421
  min refined D60 HW: 0 d60=0x0 at W1[57..59]=0x2f1a,0xa34,0x1281
  best refined tail HW: 15 (scan best 15, improvements=0)
  best refined tail W1[57..59]=0x2f1a,0xa34,0x3867
  best refined tail W2[57..59]=0x2e27,0x22f0,0x47
  best refined r61 HW: 13 (scan best 14, improvements=1)
  best refined r61 W1[57..59]=0x3cc1,0x125,0xbd
  best refined r61 W2[57..59]=0x3bce,0xf2d,0x2ea9

D60=0 fiber histogram: 1:8011 2:4812 3:1716 4:1091 5:417 6:225 7:76 8:69 9:31 10:20 11:12 12:9 13:1 14:3 16:1
