free_word_mitm_reducedn
N=14 mask=0x3fff msb=0x2000
candidate: M0=0x3d36 mode=random-fallback fill=0x3fff kernel=dM0=dM9=0x2000
prefixes=32768/268435456 mode=permuted-prefix-sample w59_per_prefix=16384 total=536870912
run_mode=scan registry_cap=16
sample_start=142311424
scan_elapsed=20.029s rate=26.80 Mtriples/s

D60 interface
  D60=0 matches: 32653 (random expectation 32768.0, enrichment 0.996x)
  prefixes with D60=0: 16512
  max D60=0 fiber per prefix: 14 at W57=0x2b6a W58=0x2a1c
  largest D60 bucket: D=0x35b2 count=33683
  min D60 HW: 0
  D60 HW histogram: 0:32653 1:456837 2:2969264 3:11911946 4:32771594 5:65601449 6:98407812 7:112489277 8:98432265 9:65604008 10:32804291 11:11921138 12:2977833 13:457908 14:32637

Tail closure among D60=0 matches
  final tail collisions: 0
  best r61 HW: 14
  best r61 W1[57..59]=0x54d,0x1298,0x256e
  best r61 W2[57..59]=0x45a,0x9b,0x4f5
  best tail HW: 22
  best tail r61 HW: 22
  best W1[57..59]=0x3dac,0x348f,0xf96
  best W2[57..59]=0x3cb9,0x3ed2,0x3b58

SUMMARY N=14 sample_start=142311424 prefixes=32768 total=536870912 d0=32653 best_tail=22 tail_r61=22 best_r61=14 tail_W1=0x3dac,0x348f,0xf96 tail_W2=0x3cb9,0x3ed2,0x3b58 r61_W1=0x54d,0x1298,0x256e r61_W2=0x45a,0x9b,0x4f5

Scan-only witness registry
  registry_count=16 registry_cap=16
  witness[00] tail=22 r61=22 gh60=0x389dba6 W1=0x3dac,0x348f,0xf96 W2=0x3cb9,0x3ed2,0x3b58
  witness[01] tail=23 r61=17 gh60=0x5b08d6e W1=0x164f,0x1760,0x27b1 W2=0x155c,0x88b,0x1500
  witness[02] tail=23 r61=20 gh60=0xf985fba W1=0x1f7a,0x289d,0xa72 W2=0x1e87,0x1529,0x2f13
  witness[03] tail=23 r61=24 gh60=0xfbec49e W1=0x11e8,0x18a5,0x3cf1 W2=0x10f5,0x255d,0x1f34
  witness[04] tail=23 r61=24 gh60=0xcad8f7e W1=0x17d7,0x2316,0x2f16 W2=0x16e4,0x2b59,0x3ad3
  witness[05] tail=23 r61=27 gh60=0x555c5ba W1=0x1ab6,0x161b,0x2ba3 W2=0x19c3,0xc6,0x1877
  witness[06] tail=23 r61=28 gh60=0xc6385e6 W1=0x249b,0x3f3a,0x1e88 W2=0x23a8,0x32e7,0x379
  witness[07] tail=24 r61=17 gh60=0xbd0856a W1=0x22e1,0x2529,0x3387 W2=0x21ee,0x1e2b,0x2c1d
  witness[08] tail=24 r61=21 gh60=0xda38dea W1=0x6a1,0x2874,0x38f4 W2=0x5ae,0x2647,0x190
  witness[09] tail=24 r61=21 gh60=0x5ad47be W1=0x2378,0xdc5,0x16b7 W2=0x2285,0x920,0xcc7
  witness[10] tail=24 r61=23 gh60=0x4b6849e W1=0xa27,0x18df,0x9e0 W2=0x934,0x248c,0x1bda
  witness[11] tail=24 r61=23 gh60=0xc63cce6 W1=0x261c,0x3255,0x1ec2 W2=0x2529,0x145c,0x2fb
  witness[12] tail=25 r61=18 gh60=0x5a29b9a W1=0x185,0x6de,0x15fd W2=0x92,0x34ee,0xddc
  witness[13] tail=25 r61=19 gh60=0xc598de6 W1=0x16a3,0x2b0d,0x3684 W2=0x15b0,0x3567,0x39c8
  witness[14] tail=25 r61=19 gh60=0x390876e W1=0x2bcf,0x45d,0x3d4e W2=0x2adc,0x4a3,0x17a9
  witness[15] tail=25 r61=19 gh60=0xcd74d7a W1=0x36d6,0x2d27,0x1c43 W2=0x35e3,0x22f3,0xb55

Scan-only r61 registry
  registry_count=16 registry_cap=16
  r61_witness[00] r61=14 tail=34 gh60=0x4908b6a W1=0x54d,0x1298,0x256e W2=0x45a,0x9b,0x4f5
  r61_witness[01] r61=15 tail=31 gh60=0x4a18fe6 W1=0x379b,0x24cc,0x26a W2=0x36a8,0x1d86,0x2ae3
  r61_witness[02] r61=15 tail=31 gh60=0x491c766 W1=0x3b5c,0x1fc1,0x14bd W2=0x3a69,0x1df5,0x2db3
  r61_witness[03] r61=15 tail=37 gh60=0x36044e6 W1=0x231c,0x2fb3,0x2f17 W2=0x2229,0x189,0x3cc5
  r61_witness[04] r61=15 tail=40 gh60=0x4908b6e W1=0x9cf,0x1f5,0x1b5 W2=0x8dc,0x3414,0x587
  r61_witness[05] r61=15 tail=42 gh60=0x4604be6 W1=0x99c,0x39fa,0x1e80 W2=0x8a9,0x39,0x1b61
  r61_witness[06] r61=16 tail=27 gh60=0xfa07ce6 W1=0x110c,0x3b71,0x2b04 W2=0x1019,0x191a,0x2abe
  r61_witness[07] r61=16 tail=29 gh60=0xc8bc4ae W1=0x1330,0x20df,0xa17 W2=0x123d,0x2200,0x3009
  r61_witness[08] r61=16 tail=30 gh60=0x4a88baa W1=0x1971,0x1f54,0xce W2=0x187e,0x2bdb,0xf65
  r61_witness[09] r61=16 tail=30 gh60=0x452857a W1=0x34d5,0x3ed5,0x383d W2=0x33e2,0x3f7d,0x23dc
  r61_witness[10] r61=16 tail=31 gh60=0x4a285fa W1=0x499,0x2187,0x38e1 W2=0x3a6,0x3ea7,0x127a
  r61_witness[11] r61=16 tail=31 gh60=0x38a879e W1=0x1ba7,0x3935,0x3795 W2=0x1ab4,0x316,0x19a1
  r61_witness[12] r61=16 tail=32 gh60=0x4a09cea W1=0x1f1d,0x18c1,0x9eb W2=0x1e2a,0x1d24,0x2564
  r61_witness[13] r61=16 tail=32 gh60=0x4488caa W1=0x262d,0x34fe,0x35d W2=0x253a,0x3d39,0x3014
  r61_witness[14] r61=16 tail=34 gh60=0x4b1856a W1=0x3ae1,0x11bb,0x17dd W2=0x39ee,0x1e39,0x358b
  r61_witness[15] r61=16 tail=36 gh60=0xca04ce6 W1=0x71c,0x367a,0x3fb2 W2=0x629,0x491,0x1abf

D60=0 fiber histogram: 1:8094 2:4640 3:1795 4:1078 5:426 6:214 7:97 8:93 9:36 10:21 11:8 12:8 13:1 14:1
