free_word_mitm_reducedn
N=14 mask=0x3fff msb=0x2000
candidate: M0=0x3d36 mode=random-fallback fill=0x3fff kernel=dM0=dM9=0x2000
prefixes=32768/268435456 mode=permuted-prefix-sample w59_per_prefix=16384 total=536870912
run_mode=scan registry_cap=16
sample_start=125534208
scan_elapsed=20.147s rate=26.65 Mtriples/s

D60 interface
  D60=0 matches: 32793 (random expectation 32768.0, enrichment 1.001x)
  prefixes with D60=0: 16546
  max D60=0 fiber per prefix: 20 at W57=0x1b88 W58=0x392c
  largest D60 bucket: D=0x266c count=33822
  min D60 HW: 0
  D60 HW histogram: 0:32793 1:457276 2:2974609 3:11919021 4:32794401 5:65612766 6:98477733 7:112506540 8:98407221 9:65576871 10:32753061 11:11895195 12:2972799 13:457927 14:32699

Tail closure among D60=0 matches
  final tail collisions: 0
  best r61 HW: 13
  best r61 W1[57..59]=0x1d1b,0x20ba,0x221b
  best r61 W2[57..59]=0x1c28,0x317d,0x3282
  best tail HW: 21
  best tail r61 HW: 19
  best W1[57..59]=0x25c4,0x76b,0x319c
  best W2[57..59]=0x24d1,0xf50,0x393b

SUMMARY N=14 sample_start=125534208 prefixes=32768 total=536870912 d0=32793 best_tail=21 tail_r61=19 best_r61=13 tail_W1=0x25c4,0x76b,0x319c tail_W2=0x24d1,0xf50,0x393b r61_W1=0x1d1b,0x20ba,0x221b r61_W2=0x1c28,0x317d,0x3282

Scan-only witness registry
  registry_count=16 registry_cap=16
  witness[00] tail=21 r61=19 gh60=0xcb2cba6 W1=0x25c4,0x76b,0x319c W2=0x24d1,0xf50,0x393b
  witness[01] tail=22 r61=20 gh60=0xd4fbdaa W1=0x30c1,0xa12,0x1cab W2=0x2fce,0x30d5,0x1d96
  witness[02] tail=22 r61=26 gh60=0x5517d6a W1=0x30de,0x1a5d,0x228a W2=0x2feb,0x53d,0x33b3
  witness[03] tail=23 r61=15 gh60=0x4c79ca6 W1=0x3e2b,0x2de7,0x20a5 W2=0x3d38,0x3b81,0x2c08
  witness[04] tail=24 r61=15 gh60=0x4d94daa W1=0x266e,0x1259,0x192e W2=0x257b,0x1331,0x2694
  witness[05] tail=24 r61=16 gh60=0x478bcaa W1=0x2e3d,0x3f6a,0x1bbe W2=0x2d4a,0x3c19,0x5b6
  witness[06] tail=24 r61=17 gh60=0xf6045e6 W1=0x29c,0x16b1,0x11aa W2=0x1a9,0x2e5f,0x2c12
  witness[07] tail=24 r61=18 gh60=0x5bbbbae W1=0x317f,0x2d07,0x2696 W2=0x308c,0x117e,0x1476
  witness[08] tail=24 r61=21 gh60=0xcbe8c9a W1=0x2849,0x3dd,0x173a W2=0x2756,0x252b,0x2324
  witness[09] tail=24 r61=21 gh60=0xc797fae W1=0x2fc0,0x1a04,0x2a84 W2=0x2ecd,0x138,0x1cb6
  witness[10] tail=25 r61=19 gh60=0x468cfa6 W1=0x377c,0x20d8,0x2ad W2=0x3689,0x179d,0x2f50
  witness[11] tail=25 r61=20 gh60=0xc62cc9e W1=0x608,0xc2f,0xb8b W2=0x515,0xde2,0x127a
  witness[12] tail=25 r61=20 gh60=0x578c7aa W1=0x1bbe,0xac4,0x578 W2=0x1acb,0x1afd,0x5f9
  witness[13] tail=25 r61=20 gh60=0xca8dcaa W1=0x1eee,0x7d9,0x181 W2=0x1dfb,0xa5d,0x1f26
  witness[14] tail=25 r61=21 gh60=0xce0dce6 W1=0x210c,0x676,0x3bab W2=0x2019,0x311b,0xee9
  witness[15] tail=25 r61=22 gh60=0xc6e4faa W1=0x2772,0x17c5,0x189a W2=0x267f,0x661,0x29d7

Scan-only r61 registry
  registry_count=16 registry_cap=16
  r61_witness[00] r61=13 tail=30 gh60=0x4a084e6 W1=0x1d1b,0x20ba,0x221b W2=0x1c28,0x317d,0x3282
  r61_witness[01] r61=15 tail=23 gh60=0x4c79ca6 W1=0x3e2b,0x2de7,0x20a5 W2=0x3d38,0x3b81,0x2c08
  r61_witness[02] r61=15 tail=24 gh60=0x4d94daa W1=0x266e,0x1259,0x192e W2=0x257b,0x1331,0x2694
  r61_witness[03] r61=15 tail=27 gh60=0x5a59cfa W1=0x1e19,0x3f55,0x215a W2=0x1d26,0x285c,0x630
  r61_witness[04] r61=15 tail=28 gh60=0x488bbaa W1=0xdc1,0x190,0x65a W2=0xcce,0x38db,0x15dc
  r61_witness[05] r61=16 tail=24 gh60=0x478bcaa W1=0x2e3d,0x3f6a,0x1bbe W2=0x2d4a,0x3c19,0x5b6
  r61_witness[06] r61=16 tail=27 gh60=0x49847ba W1=0x3b7a,0x600,0x328e W2=0x3a87,0x94b,0x1f8a
  r61_witness[07] r61=16 tail=32 gh60=0x591476a W1=0x235e,0x3aed,0xeb6 W2=0x226b,0x3e38,0x3f1d
  r61_witness[08] r61=16 tail=33 gh60=0xc609bea W1=0x219d,0xc2c,0x7e1 W2=0x20aa,0x38e7,0xfc1
  r61_witness[09] r61=16 tail=35 gh60=0xda84c9a W1=0x27ea,0x106d,0x10ec W2=0x26f7,0x33f4,0x446
  r61_witness[10] r61=16 tail=36 gh60=0x4a29cfa W1=0x15,0x3a96,0x392d W2=0x3f22,0x1d59,0x224d
  r61_witness[11] r61=16 tail=36 gh60=0x4c94dae W1=0x36c0,0x294d,0x3a15 W2=0x35cd,0x2185,0x389d
  r61_witness[12] r61=16 tail=37 gh60=0x4a04be6 W1=0x259c,0x231e,0x2c1c W2=0x24a9,0x2d5d,0x2975
  r61_witness[13] r61=17 tail=24 gh60=0xf6045e6 W1=0x29c,0x16b1,0x11aa W2=0x1a9,0x2e5f,0x2c12
  r61_witness[14] r61=17 tail=26 gh60=0x5509d6a W1=0x2061,0xda9,0x3407 W2=0x1f6e,0xb64,0x12d8
  r61_witness[15] r61=17 tail=29 gh60=0x7a987aa W1=0x1b71,0xfb2,0x355 W2=0x1a7e,0x217a,0x3f19

D60=0 fiber histogram: 1:8069 2:4686 3:1807 4:1089 5:420 6:217 7:92 8:85 9:30 10:23 11:13 12:8 13:1 14:2 15:1 16:1 18:1 20:1
