free_word_mitm_reducedn
N=14 mask=0x3fff msb=0x2000
candidate: M0=0x3d36 mode=random-fallback fill=0x3fff kernel=dM0=dM9=0x2000
prefixes=32768/268435456 mode=permuted-prefix-sample w59_per_prefix=16384 total=536870912
run_mode=scan registry_cap=16
sample_start=75202560
scan_elapsed=19.832s rate=27.07 Mtriples/s

D60 interface
  D60=0 matches: 32661 (random expectation 32768.0, enrichment 0.997x)
  prefixes with D60=0: 16350
  max D60=0 fiber per prefix: 20 at W57=0x1549 W58=0x224b
  largest D60 bucket: D=0xcc0 count=33734
  min D60 HW: 0
  D60 HW histogram: 0:32661 1:459069 2:2973061 3:11906694 4:32773560 5:65572543 6:98378302 7:112467713 8:98427479 9:65630052 10:32827479 11:11947254 12:2982850 13:459328 14:32867

Tail closure among D60=0 matches
  final tail collisions: 0
  best r61 HW: 10
  best r61 W1[57..59]=0x13c0,0x24cb,0x36f7
  best r61 W2[57..59]=0x12cd,0x2f04,0x2814
  best tail HW: 20
  best tail r61 HW: 19
  best W1[57..59]=0xaa6,0x1637,0x392e
  best W2[57..59]=0x9b3,0x31f5,0x37a4

SUMMARY N=14 sample_start=75202560 prefixes=32768 total=536870912 d0=32661 best_tail=20 tail_r61=19 best_r61=10 tail_W1=0xaa6,0x1637,0x392e tail_W2=0x9b3,0x31f5,0x37a4 r61_W1=0x13c0,0x24cb,0x36f7 r61_W2=0x12cd,0x2f04,0x2814

Scan-only witness registry
  registry_count=16 registry_cap=16
  witness[00] tail=20 r61=19 gh60=0xcb7459a W1=0xaa6,0x1637,0x392e W2=0x9b3,0x31f5,0x37a4
  witness[01] tail=22 r61=18 gh60=0x45a45a6 W1=0x2cb4,0xdc0,0x1989 W2=0x2bc1,0x2216,0x2bb4
  witness[02] tail=24 r61=20 gh60=0x47885aa W1=0xc7d,0x47e,0x91e W2=0xb8a,0x1412,0x3345
  witness[03] tail=24 r61=20 gh60=0xda345ea W1=0x149e,0x2593,0x35bb W2=0x13ab,0x30a2,0x2959
  witness[04] tail=25 r61=16 gh60=0x4f07f9a W1=0xfca,0x61d,0x9f1 W2=0xed7,0x266a,0x260c
  witness[05] tail=25 r61=19 gh60=0x5b2c77a W1=0x3356,0x1b63,0x2569 W2=0x3263,0x2c48,0x2ee4
  witness[06] tail=25 r61=21 gh60=0x5a3ccaa W1=0x802,0x2dbc,0xadc W2=0x70f,0x2fd0,0x26c9
  witness[07] tail=25 r61=21 gh60=0xb888caa W1=0x92d,0x2996,0x16c8 W2=0x83a,0x2c11,0x2f2e
  witness[08] tail=25 r61=23 gh60=0xdff7cbe W1=0x3038,0x12c1,0x3626 W2=0x2f45,0x3525,0x2811
  witness[09] tail=25 r61=24 gh60=0xce38cee W1=0x170f,0x613,0x14fd W2=0x161c,0x33ee,0x1160
  witness[10] tail=25 r61=27 gh60=0xd50856e W1=0x2a5f,0x0,0x951 W2=0x296c,0x239a,0x3928
  witness[11] tail=26 r61=18 gh60=0x4658bfe W1=0x997,0x38de,0x2e2f W2=0x8a4,0x2a6d,0x57b
  witness[12] tail=26 r61=18 gh60=0x5a0449a W1=0x220a,0x2911,0x2769 W2=0x2117,0xdcf,0xdb2
  witness[13] tail=26 r61=20 gh60=0xb517d6a W1=0x30de,0x1e5d,0x7e3 W2=0x2feb,0x93d,0x287
  witness[14] tail=26 r61=22 gh60=0xda0dcee W1=0x1f10,0xd40,0x16b5 W2=0x1e1d,0x39a8,0x2f49
  witness[15] tail=26 r61=22 gh60=0x5a384ea W1=0x3421,0x3203,0x2a0f W2=0x332e,0xaf9,0x3841

Scan-only r61 registry
  registry_count=16 registry_cap=16
  r61_witness[00] r61=10 tail=29 gh60=0x488c7ae W1=0x13c0,0x24cb,0x36f7 W2=0x12cd,0x2f04,0x2814
  r61_witness[01] r61=14 tail=30 gh60=0x48884aa W1=0x3331,0x49e,0x1d0c W2=0x323e,0x1bde,0x3b16
  r61_witness[02] r61=14 tail=32 gh60=0x4d2857a W1=0x34d9,0x2e27,0x410 W2=0x33e6,0x1ed3,0x1f7f
  r61_witness[03] r61=16 tail=25 gh60=0x4f07f9a W1=0xfca,0x61d,0x9f1 W2=0xed7,0x266a,0x260c
  r61_witness[04] r61=16 tail=27 gh60=0xd6144ee W1=0x2310,0x1211,0xe20 W2=0x221d,0x2b8,0xa51
  r61_witness[05] r61=16 tail=29 gh60=0x46085ea W1=0x248d,0x1ef,0x189 W2=0x239a,0xd09,0x3a6e
  r61_witness[06] r61=16 tail=31 gh60=0x3a284fe W1=0x2417,0x28f0,0x1e6b W2=0x2324,0x3418,0x3c46
  r61_witness[07] r61=16 tail=33 gh60=0x4e28ca6 W1=0x903,0x21b5,0x1b63 W2=0x810,0x3bf1,0xf9e
  r61_witness[08] r61=16 tail=33 gh60=0x44885a6 W1=0x3cbb,0x3d8a,0x326e W2=0x3bc8,0x3ad,0x3ea7
  r61_witness[09] r61=16 tail=36 gh60=0x489bba6 W1=0x2dab,0xfd5,0x1c91 W2=0x2cb8,0xc27,0x184e
  r61_witness[10] r61=16 tail=37 gh60=0x7b08b6e W1=0x9df,0x2d4,0xd2a W2=0x8ec,0x34df,0xa7c
  r61_witness[11] r61=17 tail=28 gh60=0x4f98f66 W1=0x1763,0x1dab,0x20ab W2=0x1670,0xe05,0x1bff
  r61_witness[12] r61=17 tail=28 gh60=0x4a084ee W1=0x1b0f,0x12ba,0x1028 W2=0x1a1c,0x6d4,0x6d9
  r61_witness[13] r61=17 tail=29 gh60=0xfa69d66 W1=0x63,0x2f5d,0x1300 W2=0x3f70,0x54d,0x860
  r61_witness[14] r61=17 tail=30 gh60=0xcd29d7a W1=0x20d5,0x714,0x201b W2=0x1fe2,0x2d87,0x2387
  r61_witness[15] r61=17 tail=31 gh60=0x390876a W1=0x235d,0xd23,0x2748 W2=0x226a,0x469,0x16ae

D60=0 fiber histogram: 1:7919 2:4585 3:1809 4:1112 5:451 6:220 7:87 8:83 9:40 10:25 11:7 12:5 13:2 14:4 20:1
