free_word_mitm_reducedn
N=14 mask=0x3fff msb=0x2000
candidate: M0=0x3d36 mode=random-fallback fill=0x3fff kernel=dM0=dM9=0x2000
prefixes=32768/268435456 mode=permuted-prefix-sample w59_per_prefix=16384 total=536870912
run_mode=scan registry_cap=16
sample_start=138149888
scan_elapsed=17.700s rate=30.33 Mtriples/s

D60 interface
  D60=0 matches: 33198 (random expectation 32768.0, enrichment 1.013x)
  prefixes with D60=0: 16615
  max D60=0 fiber per prefix: 20 at W57=0x3973 W58=0x2807
  largest D60 bucket: D=0x121 count=33837
  min D60 HW: 0
  D60 HW histogram: 0:33198 1:458857 2:2989686 3:11962435 4:32876694 5:65684410 6:98446756 7:112454677 8:98336873 9:65519418 10:32751378 11:11894882 12:2972382 13:456831 14:32435

Tail closure among D60=0 matches
  final tail collisions: 0
  best r61 HW: 13
  best r61 W1[57..59]=0x128d,0x15a1,0x1a57
  best r61 W2[57..59]=0x119a,0x333f,0x17dc
  best tail HW: 20
  best tail r61 HW: 23
  best W1[57..59]=0x3fa0,0xe75,0x844
  best W2[57..59]=0x3ead,0x535,0x22ed

SUMMARY N=14 sample_start=138149888 prefixes=32768 total=536870912 d0=33198 best_tail=20 tail_r61=23 best_r61=13 tail_W1=0x3fa0,0xe75,0x844 tail_W2=0x3ead,0x535,0x22ed r61_W1=0x128d,0x15a1,0x1a57 r61_W2=0x119a,0x333f,0x17dc

Scan-only witness registry
  registry_count=16 registry_cap=16
  witness[00] tail=20 r61=23 gh60=0xbe35fee W1=0x3fa0,0xe75,0x844 W2=0x3ead,0x535,0x22ed
  witness[01] tail=21 r61=19 gh60=0x4898be6 W1=0x5a3,0x30ee,0x10ef W2=0x4b0,0x36dc,0x92e
  witness[02] tail=23 r61=18 gh60=0x4a39cfe W1=0x1f17,0x151a,0x2276 W2=0x1e24,0x11f1,0xd5a
  witness[03] tail=23 r61=20 gh60=0xca887aa W1=0x2381,0x2933,0x293a W2=0x228e,0x2ceb,0x3341
  witness[04] tail=23 r61=22 gh60=0xdd3cd6e W1=0x38d0,0x31c9,0x58 W2=0x37dd,0x20f5,0x3b83
  witness[05] tail=23 r61=23 gh60=0x5d0c566 W1=0x1cdc,0x247,0x154f W2=0x1be9,0xe6b,0x271b
  witness[06] tail=24 r61=20 gh60=0x5a1dcaa W1=0x2002,0x1163,0x3e48 W2=0x1f0f,0x11f7,0x19ee
  witness[07] tail=24 r61=20 gh60=0x4a044e6 W1=0x330c,0x2103,0x4b9 W2=0x3219,0xe9,0x1a5a
  witness[08] tail=24 r61=22 gh60=0x3b884ae W1=0x1c2f,0x25e6,0x16a4 W2=0x1b3c,0x2306,0xbfc
  witness[09] tail=24 r61=23 gh60=0xbcbfcae W1=0x1030,0x167,0x3eba W2=0xf3d,0xe47,0x321
  witness[10] tail=24 r61=25 gh60=0xcbf87ae W1=0x13bf,0x2a16,0x16b W2=0x12cc,0x345e,0x229a
  witness[11] tail=25 r61=17 gh60=0x4908b6a W1=0x35d1,0x191b,0x39b0 W2=0x34de,0x2b56,0x838
  witness[12] tail=25 r61=18 gh60=0x36184a6 W1=0x1303,0x26ca,0x2d7f W2=0x1210,0x37c5,0xc56
  witness[13] tail=25 r61=18 gh60=0x4988ca6 W1=0x392b,0x1e11,0x38c6 W2=0x3838,0x272d,0x2f28
  witness[14] tail=25 r61=19 gh60=0xca3bdee W1=0x109f,0x1cb,0xfea W2=0xfac,0xef6,0x13b6
  witness[15] tail=25 r61=19 gh60=0xcb8cca6 W1=0x27fc,0x3c0a,0x2d9f W2=0x2709,0x3597,0x16b4

Scan-only r61 registry
  registry_count=16 registry_cap=16
  r61_witness[00] r61=13 tail=35 gh60=0xd6085ea W1=0x128d,0x15a1,0x1a57 W2=0x119a,0x333f,0x17dc
  r61_witness[01] r61=14 tail=27 gh60=0xda085e6 W1=0x3c9b,0x12e1,0x1e04 W2=0x3ba8,0x198c,0x3806
  r61_witness[02] r61=14 tail=37 gh60=0xc888baa W1=0x39ad,0x3cdc,0x213d W2=0x38ba,0x392f,0x1b52
  r61_witness[03] r61=15 tail=29 gh60=0x46f85ae W1=0x1c6f,0x2577,0x808 W2=0x1b7c,0x1b3f,0x1e11
  r61_witness[04] r61=15 tail=33 gh60=0xc604cfa W1=0x291a,0x3c63,0x335e W2=0x2827,0x209f,0x16f9
  r61_witness[05] r61=15 tail=34 gh60=0x48887aa W1=0x13c1,0x9bf,0x3f6f W2=0x12ce,0x1c07,0x156e
  r61_witness[06] r61=16 tail=28 gh60=0x5a08ce6 W1=0x90b,0x1b59,0x16fe W2=0x818,0x13eb,0x20c4
  r61_witness[07] r61=16 tail=28 gh60=0x5718766 W1=0xbd3,0x2cba,0x282 W2=0xae0,0x1383,0x3628
  r61_witness[08] r61=16 tail=29 gh60=0x4927b66 W1=0xdd4,0x22e2,0x29b3 W2=0xce1,0x194f,0x3a49
  r61_witness[09] r61=16 tail=30 gh60=0x48984a6 W1=0xb2b,0x175,0x37f3 W2=0xa38,0x21d0,0x3553
  r61_witness[10] r61=16 tail=32 gh60=0xcb09b6a W1=0x21e1,0x239,0x2a03 W2=0x20ee,0x3a2c,0x15ec
  r61_witness[11] r61=16 tail=34 gh60=0x38e84ba W1=0x2d39,0x3513,0x61e W2=0x2c46,0x1a51,0x97f
  r61_witness[12] r61=16 tail=37 gh60=0xc4885aa W1=0x34c1,0xde3,0x22ea W2=0x33ce,0x1a6b,0x1fad
  r61_witness[13] r61=17 tail=25 gh60=0x4908b6a W1=0x35d1,0x191b,0x39b0 W2=0x34de,0x2b56,0x838
  r61_witness[14] r61=17 tail=26 gh60=0x45984ae W1=0x2bef,0x945,0x2f04 W2=0x2afc,0x35e5,0x3fbc
  r61_witness[15] r61=17 tail=27 gh60=0x48a7faa W1=0x2fb2,0x1ff8,0x1580 W2=0x2ebf,0x3704,0x2657

D60=0 fiber histogram: 1:7938 2:4754 3:1904 4:1115 5:417 6:255 7:87 8:70 9:30 10:19 11:6 12:9 13:4 14:4 16:1 18:1 20:1
