free_word_mitm_reducedn
N=14 mask=0x3fff msb=0x2000
candidate: M0=0x3d36 mode=random-fallback fill=0x3fff kernel=dM0=dM9=0x2000
prefixes=32768/268435456 mode=permuted-prefix-sample w59_per_prefix=16384 total=536870912
run_mode=scan registry_cap=16
sample_start=60981248
scan_elapsed=16.475s rate=32.59 Mtriples/s

D60 interface
  D60=0 matches: 32643 (random expectation 32768.0, enrichment 0.996x)
  prefixes with D60=0: 16451
  max D60=0 fiber per prefix: 17 at W57=0x10cd W58=0x2676
  largest D60 bucket: D=0x25b5 count=33845
  min D60 HW: 0
  D60 HW histogram: 0:32643 1:457195 2:2976674 3:11914197 4:32780561 5:65599708 6:98452287 7:112537859 8:98423256 9:65582303 10:32757629 11:11898539 12:2968993 13:456420 14:32648

Tail closure among D60=0 matches
  final tail collisions: 0
  best r61 HW: 14
  best r61 W1[57..59]=0xfab,0x22e0,0x3fda
  best r61 W2[57..59]=0xeb8,0x37ba,0x1e85
  best tail HW: 20
  best tail r61 HW: 20
  best W1[57..59]=0x3dcf,0x1ca1,0x232d
  best W2[57..59]=0x3cdc,0x10bc,0x17b9

SUMMARY N=14 sample_start=60981248 prefixes=32768 total=536870912 d0=32643 best_tail=20 tail_r61=20 best_r61=14 tail_W1=0x3dcf,0x1ca1,0x232d tail_W2=0x3cdc,0x10bc,0x17b9 r61_W1=0xfab,0x22e0,0x3fda r61_W2=0xeb8,0x37ba,0x1e85

Scan-only witness registry
  registry_count=16 registry_cap=16
  witness[00] tail=20 r61=20 gh60=0x5979b6e W1=0x3dcf,0x1ca1,0x232d W2=0x3cdc,0x10bc,0x17b9
  witness[01] tail=21 r61=18 gh60=0xce0c4ee W1=0x1a10,0xb21,0x18ac W2=0x191d,0x373c,0x2f34
  witness[02] tail=22 r61=21 gh60=0x4699da6 W1=0x1e6b,0x3c3a,0x1e4b W2=0x1d78,0x1680,0x309d
  witness[03] tail=23 r61=18 gh60=0xdb7c566 W1=0x12dc,0x5fe,0x3d88 W2=0x11e9,0x2e40,0x26ef
  witness[04] tail=24 r61=19 gh60=0x7a8bca6 W1=0x2deb,0x1c1d,0x16fc W2=0x2cf8,0x153b,0x6aa
  witness[05] tail=24 r61=20 gh60=0x5f0c56e W1=0x2ae0,0x3da3,0x75c W2=0x29ed,0x2566,0x2ee2
  witness[06] tail=24 r61=21 gh60=0xfa98d66 W1=0x6e3,0x465,0x3ddf W2=0x5f0,0x36cb,0x2930
  witness[07] tail=24 r61=21 gh60=0xca187e6 W1=0xb9b,0x55a,0x313d W2=0xaa8,0x2d19,0x1d66
  witness[08] tail=24 r61=23 gh60=0xd9fc766 W1=0x3354,0x9b,0x444 W2=0x3261,0x1eb,0x4ac
  witness[09] tail=24 r61=24 gh60=0xb9a9ca6 W1=0xf3,0xc15,0x2e3f W2=0x0,0x2843,0x2e65
  witness[10] tail=24 r61=24 gh60=0x4927b66 W1=0x31d4,0x3f4a,0x2756 W2=0x30e1,0x34b7,0x2dc6
  witness[11] tail=24 r61=24 gh60=0xbfd9fba W1=0x3fb9,0x2d3a,0xa43 W2=0x3ec6,0x2951,0x5d9
  witness[12] tail=24 r61=27 gh60=0x5a18cea W1=0x2921,0x2aa0,0x22e0 W2=0x282e,0x2a4b,0x1bbd
  witness[13] tail=25 r61=15 gh60=0xc8a9cba W1=0x2139,0x346c,0x2909 W2=0x2046,0x14ab,0x3f57
  witness[14] tail=25 r61=18 gh60=0x4b947aa W1=0x236e,0x1898,0x22f5 W2=0x227b,0x1b71,0x3c1d
  witness[15] tail=25 r61=19 gh60=0x7a94fae W1=0x780,0x17bd,0x2263 W2=0x68d,0xd85,0x2f40

Scan-only r61 registry
  registry_count=16 registry_cap=16
  r61_witness[00] r61=14 tail=28 gh60=0xcaa84a6 W1=0x32f3,0x2d82,0x37ca W2=0x3200,0x3d6d,0x3698
  r61_witness[01] r61=14 tail=29 gh60=0x490bf6a W1=0x2fe1,0x3282,0x3225 W2=0x2eee,0x2191,0x3f45
  r61_witness[02] r61=14 tail=30 gh60=0x4a187ee W1=0x1b8f,0x1e93,0x905 W2=0x1a9c,0x2c65,0xa37
  r61_witness[03] r61=14 tail=30 gh60=0x590876e W1=0x234f,0x2c8f,0x1dc1 W2=0x225c,0x22cd,0x1cbc
  r61_witness[04] r61=14 tail=34 gh60=0x4a08de6 W1=0x69b,0x3a6f,0x28b4 W2=0x5a8,0x109d,0xb7e
  r61_witness[05] r61=14 tail=34 gh60=0xb98bfa6 W1=0xfab,0x22e0,0x3fda W2=0xeb8,0x37ba,0x1e85
  r61_witness[06] r61=14 tail=34 gh60=0x4604ce6 W1=0x161c,0xc1c,0x2bb W2=0x1529,0x3b1f,0xd50
  r61_witness[07] r61=15 tail=25 gh60=0xc8a9cba W1=0x2139,0x346c,0x2909 W2=0x2046,0x14ab,0x3f57
  r61_witness[08] r61=15 tail=29 gh60=0x4e08fea W1=0x78d,0x133e,0x28a5 W2=0x69a,0x3fc9,0x284e
  r61_witness[09] r61=15 tail=33 gh60=0xde084ee W1=0x150f,0x1257,0x2f2c W2=0x141c,0x271,0x1075
  r61_witness[10] r61=16 tail=28 gh60=0x4a08ce6 W1=0x60b,0x2a6e,0x16a4 W2=0x518,0x3990,0x39db
  r61_witness[11] r61=16 tail=31 gh60=0xdc8c4a6 W1=0x22c,0x3925,0x3e11 W2=0x139,0x1383,0x2820
  r61_witness[12] r61=16 tail=31 gh60=0xce04d9a W1=0x88a,0x3fa,0x1f3f W2=0x797,0x2f91,0x2f6e
  r61_witness[13] r61=16 tail=36 gh60=0x4a284a6 W1=0x1a03,0xfa0,0x2de5 W2=0x1910,0xa9d,0x1241
  r61_witness[14] r61=16 tail=38 gh60=0xc529d9a W1=0x1ec5,0x36b8,0x16eb W2=0x1dd2,0x2560,0x1644
  r61_witness[15] r61=17 tail=26 gh60=0x45afc9e W1=0x2e28,0xa3b,0xece W2=0x2d35,0x34ac,0x2620

D60=0 fiber histogram: 1:7984 2:4672 3:1838 4:1087 5:384 6:235 7:84 8:87 9:30 10:25 11:7 12:7 13:4 14:4 16:1 17:2
