free_word_mitm_reducedn
N=14 mask=0x3fff msb=0x2000
candidate: M0=0x3d36 mode=random-fallback fill=0x3fff kernel=dM0=dM9=0x2000
prefixes=32768/268435456 mode=permuted-prefix-sample w59_per_prefix=16384 total=536870912
run_mode=repair registry_cap=128
repair_d60_hw_limit=8
sample_start=117702656
scan_elapsed=326.250s rate=1.65 Mtriples/s
refine_elapsed=0.107s repair_refine_elapsed=2.507s total_elapsed=328.864s

D60 interface
  D60=0 matches: 32991 (random expectation 32768.0, enrichment 1.007x)
  prefixes with D60=0: 16685
  max D60=0 fiber per prefix: 26 at W57=0x1f66 W58=0x114b
  largest D60 bucket: D=0x310c count=33918
  min D60 HW: 0
  D60 HW histogram: 0:32991 1:460623 2:2978794 3:11919518 4:32774274 5:65589905 6:98437396 7:112475626 8:98424209 9:65615086 10:32783485 11:11911204 12:2977894 13:457179 14:32728

Tail closure among D60=0 matches
  final tail collisions: 0
  best r61 HW: 12
  best r61 W1[57..59]=0x3956,0x3547,0xf84
  best r61 W2[57..59]=0x3863,0x3f8b,0x1d67
  best tail HW: 14
  best tail r61 HW: 14
  best W1[57..59]=0x3918,0x1174,0x2094
  best W2[57..59]=0x3825,0x29dc,0x24a9

SUMMARY N=14 sample_start=117702656 prefixes=32768 total=536870912 d0=32991 best_tail=14 tail_r61=14 best_r61=12 tail_W1=0x3918,0x1174,0x2094 tail_W2=0x3825,0x29dc,0x24a9 r61_W1=0x3956,0x3547,0xf84 r61_W2=0x3863,0x3f8b,0x1d67

Scan-only witness registry
  registry_count=128 registry_cap=128
  witness[00] tail=14 r61=14 gh60=0x4a3ccfe W1=0x3918,0x1174,0x2094 W2=0x3825,0x29dc,0x24a9
  witness[01] tail=21 r61=20 gh60=0x497449e W1=0x1328,0x1b1a,0x3ba0 W2=0x1235,0x3b4e,0x2ee4
  witness[02] tail=22 r61=25 gh60=0x5c9dcea W1=0x2022,0x8d6,0x346f W2=0x1f2f,0xae2,0x236e
  witness[03] tail=23 r61=18 gh60=0x3e2fcea W1=0xe12,0x1494,0x9e4 W2=0xd1f,0x814,0x142e
  witness[04] tail=24 r61=16 gh60=0x450bd6a W1=0x2ed1,0x2b48,0x2ba7 W2=0x2dde,0x1c17,0x2b57
  witness[05] tail=24 r61=19 gh60=0x46885aa W1=0x3471,0x1713,0x16f7 W2=0x337e,0x253b,0x141c
  witness[06] tail=24 r61=20 gh60=0xc699caa W1=0xed,0x2942,0x3128 W2=0x3ffa,0x2dc1,0x1082
  witness[07] tail=24 r61=20 gh60=0xcb08b6e W1=0x19cf,0x1dc4,0x3d6d W2=0x18dc,0x23e7,0x2910
  witness[08] tail=24 r61=22 gh60=0x5915b6e W1=0x160,0x2ce3,0x382b W2=0x6d,0x24f7,0x2398
  witness[09] tail=24 r61=22 gh60=0x4a0cfe6 W1=0x279c,0x345b,0x393e W2=0x26a9,0x1c1a,0x3cb4
  witness[10] tail=24 r61=27 gh60=0xdb7459a W1=0x14a6,0x34ec,0x1bde W2=0x13b3,0x22a0,0xcd2
  witness[11] tail=25 r61=19 gh60=0xcb1856a W1=0x1c51,0xed,0x314e W2=0x1b5e,0x11f7,0x21b8
  witness[12] tail=25 r61=21 gh60=0xd918b6e W1=0x35df,0x27dc,0x3c95 W2=0x34ec,0x29eb,0x2bc6
  witness[13] tail=25 r61=22 gh60=0xd92cb9e W1=0x29c8,0x2819,0x27f9 W2=0x28d5,0x1b78,0x3290
  witness[14] tail=25 r61=22 gh60=0xdd0c57a W1=0x2ada,0x1ad0,0x991 W2=0x29e7,0x159,0x322b
  witness[15] tail=25 r61=22 gh60=0x4a0ffee W1=0x2fa0,0x910,0x2f36 W2=0x2ead,0x34d4,0x3242

Scan-only r61 registry
  registry_count=128 registry_cap=128
  r61_witness[00] r61=12 tail=35 gh60=0x4b54b7a W1=0x3956,0x3547,0xf84 W2=0x3863,0x3f8b,0x1d67
  r61_witness[01] r61=13 tail=28 gh60=0x548fcaa W1=0x302e,0x357d,0x3b13 W2=0x2f3b,0x2845,0x1962
  r61_witness[02] r61=13 tail=31 gh60=0x4a29f9e W1=0x1f87,0x20e8,0x21eb W2=0x1e94,0x1a04,0x2d24
  r61_witness[03] r61=13 tail=39 gh60=0x4488da6 W1=0x26bb,0x1e35,0x151c W2=0x25c8,0x35d9,0x3886
  r61_witness[04] r61=14 tail=14 gh60=0x4a3ccfe W1=0x3918,0x1174,0x2094 W2=0x3825,0x29dc,0x24a9
  r61_witness[05] r61=15 tail=31 gh60=0xc62bfe6 W1=0x2f93,0x9a4,0x2851 W2=0x2ea0,0x2504,0x7fd
  r61_witness[06] r61=15 tail=38 gh60=0xca09ce6 W1=0x200b,0x2347,0x1381 W2=0x1f18,0xdeb,0x390
  r61_witness[07] r61=16 tail=24 gh60=0x450bd6a W1=0x2ed1,0x2b48,0x2ba7 W2=0x2dde,0x1c17,0x2b57
  r61_witness[08] r61=16 tail=27 gh60=0xc907b7a W1=0x115a,0x2902,0x1e69 W2=0x1067,0x3f6,0x3626
  r61_witness[09] r61=16 tail=28 gh60=0xd90fb7a W1=0x2dda,0x215d,0x275f W2=0x2ce7,0x291,0x2c51
  r61_witness[10] r61=16 tail=29 gh60=0x4b0856a W1=0x2c4d,0x20a0,0x25de W2=0x2b5a,0x34aa,0xa99
  r61_witness[11] r61=16 tail=29 gh60=0xce084ea W1=0x340d,0x2ab1,0x137a W2=0x331a,0x4f7,0x3867
  r61_witness[12] r61=16 tail=30 gh60=0xdc89daa W1=0x3eb1,0x288f,0x1eaa W2=0x3dbe,0x2666,0x2c5
  r61_witness[13] r61=16 tail=31 gh60=0x489bfaa W1=0x2fc1,0x18ad,0x216c W2=0x2ece,0x3b0,0x3fa1
  r61_witness[14] r61=16 tail=31 gh60=0x54885ae W1=0x3aaf,0x3c3f,0x138 W2=0x39bc,0x31f7,0x1a4
  r61_witness[15] r61=16 tail=32 gh60=0xd885b9a W1=0x1aa,0x1682,0x1c70 W2=0xb7,0x593,0xf36

D60 repair probe registry
  repair_candidates=423060345 d60_hw_limit=8
  best repaired tail HW: 12 d60=0x32b6 d60_hw=8 r61=16 gh60=0x3e97baa
  best repaired tail W1[57..59]=0xd6e,0x3462,0x3639
  best repaired tail W2[57..59]=0xc7b,0x2afe,0x1c2a
  best repaired r61 HW: 9 d60=0x2f94 d60_hw=8 tail=24 gh60=0x4904f66
  best repaired r61 W1[57..59]=0x17dc,0x18d2,0x1a1a
  best repaired r61 W2[57..59]=0x16e9,0x1505,0x17d
  repaired_tail_registry_count=128 registry_cap=128
  repair_witness[00] tail=12 r61=16 d60=0x307a d60_hw=7 gh60=0xda244aa W1=0x202,0x2d6c,0xe7d W2=0x10f,0x3101,0x2f3d
  repair_witness[01] tail=12 r61=16 d60=0x32b6 d60_hw=8 gh60=0x3e97baa W1=0xd6e,0x3462,0x3639 W2=0xc7b,0x2afe,0x1c2a
  repair_witness[02] tail=12 r61=17 d60=0x1730 d60_hw=6 gh60=0xcb74bae W1=0x9c0,0x1bbf,0xd3a W2=0x8cd,0xfb7,0x352c
  repair_witness[03] tail=12 r61=17 d60=0x1ee4 d60_hw=8 gh60=0xbe0c49a W1=0x1a0a,0x2463,0x1a63 W2=0x1917,0x18a7,0xa3a
  repair_witness[04] tail=12 r61=22 d60=0x1924 d60_hw=5 gh60=0xfb9c4e6 W1=0x2524,0x3755,0x1bf2 W2=0x2431,0x6dd,0xa68
  repair_witness[05] tail=13 r61=13 d60=0x2846 d60_hw=5 gh60=0x4c8ccaa W1=0x263e,0x3086,0x32b6 W2=0x254b,0x37b6,0x385f
  repair_witness[06] tail=13 r61=14 d60=0x19a d60_hw=5 gh60=0x76984ae W1=0x21ff,0x1dee,0x2be6 W2=0x210c,0xb7e,0x34d9
  repair_witness[07] tail=13 r61=14 d60=0x1a2b d60_hw=7 gh60=0x4529d9e W1=0x3ec7,0x203f,0x2fd7 W2=0x3dd4,0x24c3,0x17b
  repair_witness[08] tail=13 r61=16 d60=0xf46 d60_hw=7 gh60=0xb569c9a W1=0x45,0x1e8,0x19dc W2=0x3f52,0x2078,0x3f5e
  repair_witness[09] tail=13 r61=16 d60=0x244c d60_hw=5 gh60=0x4e6ff9e W1=0x2f68,0xff9,0xf6a W2=0x2e75,0x3ce2,0x31af
  repair_witness[10] tail=13 r61=16 d60=0x3368 d60_hw=7 gh60=0xd53859a W1=0x32c9,0x299f,0x1888 W2=0x31d6,0x1600,0x2efe
  repair_witness[11] tail=13 r61=17 d60=0x2d40 d60_hw=5 gh60=0x56844a6 W1=0x31ec,0x16b6,0x21a2 W2=0x30f9,0x294,0x35f6
  repair_witness[12] tail=14 r61=13 d60=0x178b d60_hw=8 gh60=0xf6187ee W1=0x1b9f,0x2f85,0x3199 W2=0x1aac,0x3c43,0x1310
  repair_witness[13] tail=14 r61=13 d60=0x18dd d60_hw=8 gh60=0x4998baa W1=0x2981,0xc02,0x2678 W2=0x288e,0x879,0x239d
  repair_witness[14] tail=14 r61=15 d60=0x2573 d60_hw=8 gh60=0xce08cea W1=0x90d,0x188d,0x29ae W2=0x81a,0x1980,0x2126
  repair_witness[15] tail=14 r61=15 d60=0x60d d60_hw=5 gh60=0xcd885aa W1=0x1abd,0x2f6b,0x36fd W2=0x19ca,0x9ef,0x3ab
  repaired_r61_registry_count=128 registry_cap=128
  repair_r61_witness[00] r61=9 tail=24 d60=0x2f94 d60_hw=8 gh60=0x4904f66 W1=0x17dc,0x18d2,0x1a1a W2=0x16e9,0x1505,0x17d
  repair_r61_witness[01] r61=9 tail=24 d60=0x79c d60_hw=7 gh60=0x44884a6 W1=0x342b,0x28db,0x36d2 W2=0x3338,0x2638,0x663
  repair_r61_witness[02] r61=9 tail=24 d60=0x2d8c d60_hw=7 gh60=0x4884b9a W1=0x35aa,0x3c4d,0x1222 W2=0x34b7,0x3b9c,0x3528
  repair_r61_witness[03] r61=9 tail=25 d60=0x17d d60_hw=7 gh60=0x4a05cfa W1=0x201a,0x25c,0x6f2 W2=0x1f27,0x2548,0x12eb
  repair_r61_witness[04] r61=9 tail=25 d60=0x387a d60_hw=8 gh60=0x4884b9a W1=0x35aa,0x3c4d,0x2104 W2=0x34b7,0x3b9c,0x40a
  repair_r61_witness[05] r61=9 tail=26 d60=0x2c2 d60_hw=4 gh60=0x4a07b9a W1=0x318a,0x19a9,0x31df W2=0x3097,0x3486,0x3572
  repair_r61_witness[06] r61=9 tail=27 d60=0xdd9 d60_hw=8 gh60=0x460bcea W1=0xe0d,0x2378,0x28c6 W2=0xd1a,0x16bf,0x662
  repair_r61_witness[07] r61=9 tail=27 d60=0x11c8 d60_hw=5 gh60=0x4607fe6 W1=0xf9c,0x7c9,0x103a W2=0xea9,0x1902,0x20df
  repair_r61_witness[08] r61=9 tail=28 d60=0x3ad0 d60_hw=7 gh60=0x448bca6 W1=0x2e2b,0x1fac,0x26c9 W2=0x2d38,0x1c4e,0x3c6d
  repair_r61_witness[09] r61=9 tail=28 d60=0x2970 d60_hw=6 gh60=0x4884b9a W1=0x35aa,0x3c4d,0x1242 W2=0x34b7,0x3b9c,0x3548
  repair_r61_witness[10] r61=9 tail=31 d60=0x12c1 d60_hw=5 gh60=0x4904f66 W1=0x174c,0x4e6,0x3cb6 W2=0x1659,0x381d,0x3c3b
  repair_r61_witness[11] r61=9 tail=32 d60=0x3b21 d60_hw=7 gh60=0x490876e W1=0x13df,0x1d9e,0x3fb9 W2=0x12ec,0x27d4,0x33b7
  repair_r61_witness[12] r61=10 tail=17 d60=0x85 d60_hw=3 gh60=0x4c88da6 W1=0x36ab,0x3431,0x231e W2=0x35b8,0x1be5,0x2534
  repair_r61_witness[13] r61=10 tail=18 d60=0x3cd0 d60_hw=7 gh60=0x448459a W1=0x14aa,0x3c14,0x24e1 W2=0x13b7,0x39bc,0x3781
  repair_r61_witness[14] r61=10 tail=20 d60=0x171 d60_hw=5 gh60=0x488bbae W1=0xdbf,0x369c,0x1a87 W2=0xccc,0x1da7,0x238d
  repair_r61_witness[15] r61=10 tail=22 d60=0x1a42 d60_hw=5 gh60=0x44885a6 W1=0xcbb,0x2d45,0x3860 W2=0xbc8,0x2468,0x1eba

D60 repair second-stage local refinement
  seed pool: count=128 cap=128
  budget=5000000 tested=5000000 repairable=3950075 exact_D60=0=272 collisions=0 seed_inserts=0 prefix_enums=306
  repairable rate: 0.790015
  phase tested/repairable: single=0/0 double=0/0 walk=0/0 prefix=5000000/3950075
  min refined D60 HW: 0 d60=0x0 at W1[57..59]=0x200,0x2d6c,0x4df
  best refined repaired tail HW: 12 (scan repair best 12, improvements=0)
  best refined repaired tail W1[57..59]=0xd6e,0x3462,0x3639
  best refined repaired tail W2[57..59]=0xc7b,0x2afe,0x1c2a
  best refined repaired r61 HW: 9 (scan repair best 9, improvements=0)

Second-stage local refinement
  seed pool: count=128 cap=128
  top seeds: [tail14/r6114 W=0x3918,0x1174,0x2094] [tail21/r6120 W=0x1328,0x1b1a,0x3ba0] [tail22/r6125 W=0x2022,0x8d6,0x346f] [tail23/r6118 W=0xe12,0x1494,0x9e4] [tail24/r6116 W=0x2ed1,0x2b48,0x2ba7] [tail24/r6119 W=0x3471,0x1713,0x16f7] [tail24/r6120 W=0xed,0x2942,0x3128] [tail24/r6120 W=0x19cf,0x1dc4,0x3d6d]
  budget=5000000 tested=5000000 D60=0=347 collisions=0 seed_inserts=0 prefix_enums=306
  D60=0 rate: 0.000069
  phase tested/D60=0: single=0/0 double=0/0 walk=0/0 prefix=5000000/347
  min refined D60 HW: 0 d60=0x0 at W1[57..59]=0x3918,0x1174,0x2014
  best refined tail HW: 14 (scan best 14, improvements=0)
  best refined tail W1[57..59]=0x3918,0x1174,0x2094
  best refined tail W2[57..59]=0x3825,0x29dc,0x24a9
  best refined r61 HW: 12 (scan best 12, improvements=0)

D60=0 fiber histogram: 1:8107 2:4790 3:1785 4:1098 5:456 6:221 7:84 8:68 9:31 10:19 11:7 12:6 13:7 15:1 16:2 17:1 20:1 26:1
