free_word_mitm_reducedn
N=14 mask=0x3fff msb=0x2000
candidate: M0=0x3d36 mode=random-fallback fill=0x3fff kernel=dM0=dM9=0x2000
prefixes=32768/268435456 mode=permuted-prefix-sample w59_per_prefix=16384 total=536870912
run_mode=scan registry_cap=16
sample_start=112427008
scan_elapsed=19.943s rate=26.92 Mtriples/s

D60 interface
  D60=0 matches: 33160 (random expectation 32768.0, enrichment 1.012x)
  prefixes with D60=0: 16610
  max D60=0 fiber per prefix: 25 at W57=0x1d8c W58=0x3b3c
  largest D60 bucket: D=0x2da9 count=33740
  min D60 HW: 0
  D60 HW histogram: 0:33160 1:459129 2:2979466 3:11930059 4:32811636 5:65623911 6:98424217 7:112483245 8:98408027 9:65598903 10:32757829 11:11899675 12:2971879 13:457068 14:32708

Tail closure among D60=0 matches
  final tail collisions: 0
  best r61 HW: 15
  best r61 W1[57..59]=0x119b,0x7f3,0x27f4
  best r61 W2[57..59]=0x10a8,0x36ab,0xcb7
  best tail HW: 20
  best tail r61 HW: 16
  best W1[57..59]=0x1dc1,0x26cb,0x125a
  best W2[57..59]=0x1cce,0x2416,0x6e1

SUMMARY N=14 sample_start=112427008 prefixes=32768 total=536870912 d0=33160 best_tail=20 tail_r61=16 best_r61=15 tail_W1=0x1dc1,0x26cb,0x125a tail_W2=0x1cce,0x2416,0x6e1 r61_W1=0x119b,0x7f3,0x27f4 r61_W2=0x10a8,0x36ab,0xcb7

Scan-only witness registry
  registry_count=16 registry_cap=16
  witness[00] tail=20 r61=16 gh60=0x38b9baa W1=0x1dc1,0x26cb,0x125a W2=0x1cce,0x2416,0x6e1
  witness[01] tail=22 r61=23 gh60=0x3e3c4ea W1=0x2412,0x3234,0x2c4e W2=0x231f,0x392f,0x240e
  witness[02] tail=22 r61=31 gh60=0xdfd449a W1=0x3d26,0x3511,0x3d97 W2=0x3c33,0x2b1b,0x15eb
  witness[03] tail=23 r61=20 gh60=0xc4e9c9a W1=0x3e29,0xc9e,0x2ba W2=0x3d36,0x332a,0x2ccb
  witness[04] tail=24 r61=21 gh60=0x4ea859a W1=0xa69,0x2664,0x23bf W2=0x976,0x29d,0x2ad5
  witness[05] tail=24 r61=24 gh60=0xca0dcee W1=0x3f20,0x129e,0x3076 W2=0x3e2d,0x3ef6,0x326a
  witness[06] tail=25 r61=20 gh60=0xdb984a6 W1=0x333,0x198,0xe9 W2=0x240,0x3,0x2ec0
  witness[07] tail=25 r61=20 gh60=0xc88cbaa W1=0x25be,0x1efa,0x2134 W2=0x24cb,0x1ef2,0x33bd
  witness[08] tail=25 r61=22 gh60=0x4ca8cba W1=0x839,0x3354,0x169a W2=0x746,0x1553,0x20d9
  witness[09] tail=25 r61=23 gh60=0xc7d5d9a W1=0x1e86,0x1a85,0x325 W2=0x1d93,0x39b2,0x2823
  witness[10] tail=25 r61=23 gh60=0xce68c9a W1=0x3805,0x1e74,0x244d W2=0x3712,0x1206,0x3aab
  witness[11] tail=25 r61=26 gh60=0x7bb4faa W1=0x37ae,0x3569,0x2ff5 W2=0x36bb,0x271,0x1e3d
  witness[12] tail=25 r61=28 gh60=0xd48dcae W1=0x2030,0x23b7,0x42c W2=0x1f3d,0x3f97,0x797
  witness[13] tail=26 r61=15 gh60=0x4889caa W1=0x2141,0x2c7a,0x1283 W2=0x204e,0x2c2d,0x1807
  witness[14] tail=26 r61=17 gh60=0xb6744ea W1=0xa1e,0x710,0x1d45 W2=0x92b,0xd3b,0x3ab4
  witness[15] tail=26 r61=19 gh60=0xca1fcaa W1=0x3102,0x39cd,0x2b10 W2=0x300f,0x3129,0x2b0e

Scan-only r61 registry
  registry_count=16 registry_cap=16
  r61_witness[00] r61=15 tail=26 gh60=0x4889caa W1=0x2141,0x2c7a,0x1283 W2=0x204e,0x2c2d,0x1807
  r61_witness[01] r61=15 tail=28 gh60=0x4b17b6a W1=0x115e,0x19d5,0x1767 W2=0x106b,0x405,0x1e04
  r61_witness[02] r61=15 tail=28 gh60=0xca085ee W1=0x148f,0x3cf3,0x3d38 W2=0x139c,0x3535,0xc51
  r61_witness[03] r61=15 tail=30 gh60=0xda0bbe6 W1=0x119b,0x7f3,0x27f4 W2=0x10a8,0x36ab,0xcb7
  r61_witness[04] r61=15 tail=31 gh60=0x4928ca6 W1=0x743,0x1748,0x1763 W2=0x650,0x1284,0xcf1
  r61_witness[05] r61=15 tail=31 gh60=0x4bb859a W1=0x12a9,0x376d,0x1e53 W2=0x11b6,0x2390,0x2b25
  r61_witness[06] r61=16 tail=20 gh60=0x38b9baa W1=0x1dc1,0x26cb,0x125a W2=0x1cce,0x2416,0x6e1
  r61_witness[07] r61=16 tail=30 gh60=0x48e8c9e W1=0x727,0x3cb2,0x2d91 W2=0x634,0x37a0,0x3deb
  r61_witness[08] r61=16 tail=30 gh60=0xcd08d6e W1=0x164f,0x5ab,0x3fdf W2=0x155c,0x36d6,0x3f19
  r61_witness[09] r61=16 tail=30 gh60=0x7c8ddaa W1=0x20ae,0x71b,0x2b33 W2=0x1fbb,0x303,0x1f79
  r61_witness[10] r61=16 tail=30 gh60=0x5aacda6 W1=0x3874,0x1aed,0x3a8 W2=0x3781,0x3d32,0x5f6
  r61_witness[11] r61=16 tail=32 gh60=0xbb0bf6a W1=0x2fdd,0x20d9,0xb19 W2=0x2eea,0x3fe4,0x1c1b
  r61_witness[12] r61=16 tail=33 gh60=0x4a28cfe W1=0x917,0x3031,0x10e3 W2=0x824,0x2888,0x2dc3
  r61_witness[13] r61=16 tail=33 gh60=0x3e084ea W1=0x3c1d,0x3e89,0x75e W2=0x3b2a,0x153b,0x17e1
  r61_witness[14] r61=16 tail=34 gh60=0xda087ea W1=0x1b8d,0x28a8,0x1ea8 W2=0x1a9a,0x2e76,0x9b9
  r61_witness[15] r61=16 tail=35 gh60=0x4788bae W1=0x29af,0x8a1,0x2825 W2=0x28bc,0x3cb8,0x3945

D60=0 fiber histogram: 1:7973 2:4750 3:1829 4:1146 5:439 6:238 7:80 8:74 9:34 10:22 11:11 12:9 14:2 16:1 17:1 25:1
