free_word_mitm_reducedn
N=14 mask=0x3fff msb=0x2000
candidate: M0=0x3d36 mode=random-fallback fill=0x3fff kernel=dM0=dM9=0x2000
prefixes=32768/268435456 mode=permuted-prefix-sample w59_per_prefix=16384 total=536870912
run_mode=scan registry_cap=16
sample_start=187105280
scan_elapsed=18.799s rate=28.56 Mtriples/s

D60 interface
  D60=0 matches: 33030 (random expectation 32768.0, enrichment 1.008x)
  prefixes with D60=0: 16619
  max D60=0 fiber per prefix: 20 at W57=0xb70 W58=0x3f14
  largest D60 bucket: D=0x1dfa count=33691
  min D60 HW: 0
  D60 HW histogram: 0:33030 1:459512 2:2986032 3:11941959 4:32819298 5:65608975 6:98387569 7:112497882 8:98400205 9:65592761 10:32774600 11:11903868 12:2974256 13:458183 14:32782

Tail closure among D60=0 matches
  final tail collisions: 0
  best r61 HW: 14
  best r61 W1[57..59]=0x3950,0x39f2,0x12e1
  best r61 W2[57..59]=0x385d,0x416,0x298a
  best tail HW: 23
  best tail r61 HW: 23
  best W1[57..59]=0x2a48,0xecc,0x759
  best W2[57..59]=0x2955,0xabc,0xaa5

SUMMARY N=14 sample_start=187105280 prefixes=32768 total=536870912 d0=33030 best_tail=23 tail_r61=23 best_r61=14 tail_W1=0x2a48,0xecc,0x759 tail_W2=0x2955,0xabc,0xaa5 r61_W1=0x3950,0x39f2,0x12e1 r61_W2=0x385d,0x416,0x298a

Scan-only witness registry
  registry_count=16 registry_cap=16
  witness[00] tail=23 r61=23 gh60=0xcb3449e W1=0x2a48,0xecc,0x759 W2=0x2955,0xabc,0xaa5
  witness[01] tail=24 r61=18 gh60=0xce1bc9a W1=0xe05,0x87a,0x15a6 W2=0xd12,0x1b86,0x3024
  witness[02] tail=24 r61=20 gh60=0xde08cea W1=0x2611,0x3ec3,0x1bcf W2=0x251e,0x5ca,0xba5
  witness[03] tail=24 r61=21 gh60=0x4988faa W1=0x771,0x2822,0x1c12 W2=0x67e,0x26a9,0x24a7
  witness[04] tail=24 r61=21 gh60=0x79a84ba W1=0xcf9,0x34be,0x2746 W2=0xc06,0x1c80,0x2302
  witness[05] tail=24 r61=21 gh60=0xca945aa W1=0x2c6e,0x1bb9,0x5a7 W2=0x2b7b,0x1852,0x3a5b
  witness[06] tail=24 r61=22 gh60=0x4d0c56e W1=0x32e0,0x3aaa,0x15cf W2=0x31ed,0x2ce9,0x3285
  witness[07] tail=24 r61=25 gh60=0xb79c566 W1=0x3264,0x3ec5,0x30f9 W2=0x3171,0x919,0x2e51
  witness[08] tail=25 r61=19 gh60=0x499bcaa W1=0xf31,0x3233,0x2d13 W2=0xe3e,0x24f2,0x1000
  witness[09] tail=25 r61=22 gh60=0xf9644ea W1=0x1522,0x2423,0x35cb W2=0x142f,0x36fe,0x1a72
  witness[10] tail=25 r61=24 gh60=0x5bf85aa W1=0x22b1,0x1ebd,0x2277 W2=0x21be,0x1ad5,0x356f
  witness[11] tail=25 r61=28 gh60=0x456c4be W1=0x3438,0x17ae,0x1a71 W2=0x3345,0x2451,0x137c
  witness[12] tail=26 r61=17 gh60=0xc60c4ee W1=0x410,0xe7c,0x244f W2=0x31d,0x2f93,0x35ff
  witness[13] tail=26 r61=18 gh60=0x5508d6e W1=0x8df,0x38eb,0x3863 W2=0x7ec,0x1806,0x3f49
  witness[14] tail=26 r61=18 gh60=0x4a385fa W1=0x1a99,0x35ec,0x37ce W2=0x19a6,0x250c,0x2747
  witness[15] tail=26 r61=19 gh60=0xde085ee W1=0xc8f,0x2d4c,0x3a84 W2=0xb9c,0x100a,0x9ad

Scan-only r61 registry
  registry_count=16 registry_cap=16
  r61_witness[00] r61=14 tail=28 gh60=0xc70c56e W1=0x3ce0,0xc95,0x32af W2=0x3bed,0x3eb4,0x34f1
  r61_witness[01] r61=14 tail=33 gh60=0x4714b6e W1=0x3950,0x39f2,0x12e1 W2=0x385d,0x416,0x298a
  r61_witness[02] r61=15 tail=29 gh60=0x4e045fa W1=0x3c9a,0x2633,0x30af W2=0x3ba7,0x21c8,0x18d4
  r61_witness[03] r61=16 tail=27 gh60=0x4e0bfee W1=0xf9f,0xcd,0x12ed W2=0xeac,0x2288,0x2b36
  r61_witness[04] r61=16 tail=28 gh60=0xc8884a6 W1=0x133b,0x24fd,0x28c7 W2=0x1248,0x154a,0x20c8
  r61_witness[05] r61=16 tail=29 gh60=0x4914b6a W1=0x29ce,0x3a66,0x5b6 W2=0x28db,0x30ae,0x3d1d
  r61_witness[06] r61=16 tail=29 gh60=0x4608dea W1=0x368d,0x1d98,0xba9 W2=0x359a,0x3f77,0x14d6
  r61_witness[07] r61=16 tail=30 gh60=0xca84c9a W1=0x6ea,0x1065,0x1415 W2=0x5f7,0x33a4,0x98d
  r61_witness[08] r61=16 tail=33 gh60=0x4a085e6 W1=0x1a9b,0x1595,0x358d W2=0x19a8,0x3c40,0x246f
  r61_witness[09] r61=16 tail=35 gh60=0x390876e W1=0x235f,0x28fd,0x1c75 W2=0x226c,0x2027,0x2fc9
  r61_witness[10] r61=16 tail=36 gh60=0x498bbaa W1=0x2d81,0x425,0x3aa3 W2=0x2c8e,0x2ddc,0x2b0
  r61_witness[11] r61=16 tail=36 gh60=0x4498daa W1=0x36ad,0x3f56,0x1232 W2=0x35ba,0x1ea9,0x3193
  r61_witness[12] r61=17 tail=26 gh60=0xc60c4ee W1=0x410,0xe7c,0x244f W2=0x31d,0x2f93,0x35ff
  r61_witness[13] r61=17 tail=27 gh60=0x590876a W1=0x33cd,0x1a87,0x2cb9 W2=0x32da,0x1fdd,0x3a68
  r61_witness[14] r61=17 tail=28 gh60=0xcb8fbba W1=0x2d7a,0x2b8a,0x1ffa W2=0x2c87,0x952,0x378d
  r61_witness[15] r61=17 tail=29 gh60=0x4d5459a W1=0xaa6,0xe7d,0x3dab W2=0x9b3,0x2a3b,0x15f2

D60=0 fiber histogram: 1:8053 2:4695 3:1827 4:1133 5:436 6:244 7:99 8:61 9:30 10:24 11:2 12:5 13:1 14:3 16:4 18:1 20:1
