free_word_mitm_reducedn
N=14 mask=0x3fff msb=0x2000
candidate: M0=0x3d36 mode=random-fallback fill=0x3fff kernel=dM0=dM9=0x2000
prefixes=32768/268435456 mode=permuted-prefix-sample w59_per_prefix=16384 total=536870912
run_mode=scan registry_cap=16
sample_start=10944512
scan_elapsed=18.617s rate=28.84 Mtriples/s

D60 interface
  D60=0 matches: 32879 (random expectation 32768.0, enrichment 1.003x)
  prefixes with D60=0: 16598
  max D60=0 fiber per prefix: 22 at W57=0xcd W58=0x100
  largest D60 bucket: D=0x10cc count=33694
  min D60 HW: 0
  D60 HW histogram: 0:32879 1:461760 2:2991584 3:11944194 4:32837745 5:65661798 6:98490463 7:112489716 8:98343493 9:65507128 10:32733080 11:11906767 12:2978945 13:458331 14:33029

Tail closure among D60=0 matches
  final tail collisions: 0
  best r61 HW: 14
  best r61 W1[57..59]=0x250d,0x757,0x347
  best r61 W2[57..59]=0x241a,0xa49,0x51c
  best tail HW: 20
  best tail r61 HW: 20
  best W1[57..59]=0x3d04,0x37b,0x36e
  best W2[57..59]=0x3c11,0x2279,0x20bb

SUMMARY N=14 sample_start=10944512 prefixes=32768 total=536870912 d0=32879 best_tail=20 tail_r61=20 best_r61=14 tail_W1=0x3d04,0x37b,0x36e tail_W2=0x3c11,0x2279,0x20bb r61_W1=0x250d,0x757,0x347 r61_W2=0x241a,0xa49,0x51c

Scan-only witness registry
  registry_count=16 registry_cap=16
  witness[00] tail=20 r61=15 gh60=0x7a2879e W1=0x387,0x1d40,0x1342 W2=0x294,0x17d1,0x14a6
  witness[01] tail=20 r61=20 gh60=0xce2c4a6 W1=0x3d04,0x37b,0x36e W2=0x3c11,0x2279,0x20bb
  witness[02] tail=22 r61=19 gh60=0xcd7bd6a W1=0x2e51,0x21b7,0x1c43 W2=0x2d5e,0x12a6,0x274f
  witness[03] tail=23 r61=19 gh60=0x47d459a W1=0x486,0x357b,0xbc4 W2=0x393,0x13dd,0x3fba
  witness[04] tail=24 r61=15 gh60=0x5e84ba6 W1=0x157c,0x2ca1,0x1a7d W2=0x1489,0x4e6,0x3d83
  witness[05] tail=24 r61=18 gh60=0xb498dae W1=0x18bf,0x432,0x457 W2=0x17cc,0x3659,0x2c33
  witness[06] tail=24 r61=23 gh60=0xfd88ca6 W1=0x35eb,0x2b0f,0x3169 W2=0x34f8,0xb2b,0x13ba
  witness[07] tail=24 r61=24 gh60=0xf9f8cea W1=0x621,0x1f98,0x2232 W2=0x52e,0x2593,0x31da
  witness[08] tail=24 r61=29 gh60=0xbd6c5e6 W1=0x2a4,0x2f47,0x1732 W2=0x1b1,0x26a7,0x5d2
  witness[09] tail=25 r61=15 gh60=0x4918766 W1=0x3bd3,0x1ce5,0x24fd W2=0x3ae0,0x10aa,0x3e28
  witness[10] tail=25 r61=20 gh60=0x4658dfa W1=0x1699,0x3b30,0x2491 W2=0x15a6,0x2d8f,0x29a7
  witness[11] tail=25 r61=22 gh60=0xdbd85ba W1=0xab9,0x2ba,0x3e0d W2=0x9c6,0x1f50,0x14df
  witness[12] tail=25 r61=25 gh60=0x7ddbc9e W1=0x3107,0x3ea5,0xc68 W2=0x3014,0x23d5,0x36e7
  witness[13] tail=25 r61=28 gh60=0x5ff456e W1=0x2260,0x2a83,0x2dda W2=0x216d,0x79e,0x7b5
  witness[14] tail=25 r61=28 gh60=0x46784ee W1=0x341f,0x1c8b,0x1988 W2=0x332c,0x1da1,0x2ebe
  witness[15] tail=26 r61=18 gh60=0x599c566 W1=0x4e4,0x2f4b,0x208d W2=0x3f1,0x193,0xa44

Scan-only r61 registry
  registry_count=16 registry_cap=16
  r61_witness[00] r61=14 tail=28 gh60=0x4a084ea W1=0x250d,0x757,0x347 W2=0x241a,0xa49,0x51c
  r61_witness[01] r61=14 tail=29 gh60=0x4a0bce6 W1=0x101b,0xab2,0x1f25 W2=0xf28,0x284a,0x28c7
  r61_witness[02] r61=15 tail=20 gh60=0x7a2879e W1=0x387,0x1d40,0x1342 W2=0x294,0x17d1,0x14a6
  r61_witness[03] r61=15 tail=24 gh60=0x5e84ba6 W1=0x157c,0x2ca1,0x1a7d W2=0x1489,0x4e6,0x3d83
  r61_witness[04] r61=15 tail=25 gh60=0x4918766 W1=0x3bd3,0x1ce5,0x24fd W2=0x3ae0,0x10aa,0x3e28
  r61_witness[05] r61=15 tail=28 gh60=0xc61bce6 W1=0x2f1b,0xa78,0x3ce4 W2=0x2e28,0x1378,0xf0
  r61_witness[06] r61=15 tail=33 gh60=0x4688caa W1=0x1601,0x1cdf,0xca4 W2=0x150e,0x35ce,0x2a8e
  r61_witness[07] r61=15 tail=33 gh60=0x5a08cea W1=0x181d,0x3fbe,0x393a W2=0x172a,0x1471,0x179f
  r61_witness[08] r61=15 tail=34 gh60=0x5905c9a W1=0x1f4a,0x285b,0x951 W2=0x1e57,0xedc,0x2bd0
  r61_witness[09] r61=15 tail=34 gh60=0x4a08fe6 W1=0x378b,0xa33,0x27ce W2=0x3698,0x201,0x78
  r61_witness[10] r61=15 tail=35 gh60=0x4905f7a W1=0x3fda,0x3e3c,0x4da W2=0x3ee7,0x3050,0x327b
  r61_witness[11] r61=16 tail=29 gh60=0x4e0cfee W1=0x17a0,0x120f,0x2a01 W2=0x16ad,0x16cf,0x20a5
  r61_witness[12] r61=16 tail=31 gh60=0x4a39ca6 W1=0x3f03,0x1224,0x79d W2=0x3e10,0x10de,0x3a4e
  r61_witness[13] r61=16 tail=32 gh60=0x589bbaa W1=0x31ad,0x656,0x2eeb W2=0x30ba,0x1fa9,0x173
  r61_witness[14] r61=16 tail=36 gh60=0x551456a W1=0xa4e,0x1a8,0x3d5a W2=0x95b,0x365f,0x2a53
  r61_witness[15] r61=16 tail=36 gh60=0x5a1849a W1=0xd05,0x1060,0x1f73 W2=0xc12,0x372f,0x88a

D60=0 fiber histogram: 1:7992 2:4766 3:1817 4:1171 5:427 6:212 7:76 8:70 9:23 10:21 11:8 12:1 13:6 14:4 16:3 22:1
