free_word_mitm_reducedn
N=14 mask=0x3fff msb=0x2000
candidate: M0=0x3d36 mode=random-fallback fill=0x3fff kernel=dM0=dM9=0x2000
prefixes=32768/268435456 mode=permuted-prefix-sample w59_per_prefix=16384 total=536870912
run_mode=scan registry_cap=16
sample_start=153550848
scan_elapsed=18.723s rate=28.67 Mtriples/s

D60 interface
  D60=0 matches: 32307 (random expectation 32768.0, enrichment 0.986x)
  prefixes with D60=0: 16427
  max D60=0 fiber per prefix: 20 at W57=0x2bc1 W58=0x1758
  largest D60 bucket: D=0x13cd count=33913
  min D60 HW: 0
  D60 HW histogram: 0:32307 1:457135 2:2976262 3:11915305 4:32767347 5:65580032 6:98411043 7:112504657 8:98456573 9:65631355 10:32775541 11:11902642 12:2972579 13:455809 14:32325

Tail closure among D60=0 matches
  final tail collisions: 0
  best r61 HW: 14
  best r61 W1[57..59]=0xb9a,0x1b0a,0x1f83
  best r61 W2[57..59]=0xaa7,0xe4f,0x3c5f
  best tail HW: 20
  best tail r61 HW: 15
  best W1[57..59]=0x1f15,0x128d,0x172f
  best W2[57..59]=0x1e22,0x3780,0x28f4

SUMMARY N=14 sample_start=153550848 prefixes=32768 total=536870912 d0=32307 best_tail=20 tail_r61=15 best_r61=14 tail_W1=0x1f15,0x128d,0x172f tail_W2=0x1e22,0x3780,0x28f4 r61_W1=0xb9a,0x1b0a,0x1f83 r61_W2=0xaa7,0xe4f,0x3c5f

Scan-only witness registry
  registry_count=16 registry_cap=16
  witness[00] tail=20 r61=15 gh60=0xde29cfa W1=0x1f15,0x128d,0x172f W2=0x1e22,0x3780,0x28f4
  witness[01] tail=23 r61=14 gh60=0x4a0c7fa W1=0xb9a,0x1b0a,0x1f83 W2=0xaa7,0xe4f,0x3c5f
  witness[02] tail=23 r61=19 gh60=0xbb0bf6e W1=0xf5f,0x1d27,0x134 W2=0xe6c,0x256,0x1ee8
  witness[03] tail=23 r61=26 gh60=0x3af8de6 W1=0x169b,0x28c4,0x1a77 W2=0x15a8,0x13ee,0x34f
  witness[04] tail=24 r61=16 gh60=0xba044e6 W1=0x3a0c,0xd68,0x61d W2=0x3919,0x3740,0x25c5
  witness[05] tail=24 r61=18 gh60=0x49884ae W1=0xb2f,0x25b9,0xb6c W2=0xa3c,0x659,0x36ae
  witness[06] tail=24 r61=19 gh60=0x74a85be W1=0x1ab7,0xc16,0x324f W2=0x19c4,0x1ed0,0xb21
  witness[07] tail=24 r61=22 gh60=0x5be44ea W1=0x3c12,0x34ac,0x7e7 W2=0x3b1f,0x82b,0x3426
  witness[08] tail=25 r61=19 gh60=0x3e087ea W1=0x3b9d,0x1162,0x27db W2=0x3aaa,0x141c,0x27b5
  witness[09] tail=25 r61=22 gh60=0xcd1856a W1=0x14e1,0xac8,0x32c4 W2=0x13ee,0x116e,0xa02
  witness[10] tail=25 r61=22 gh60=0x461c5fa W1=0x1c9a,0x3c3e,0x1e3a W2=0x1ba7,0x39d3,0xc4c
  witness[11] tail=25 r61=24 gh60=0xc728d66 W1=0x26d3,0x3cf5,0x104b W2=0x25e0,0x3b57,0x17d
  witness[12] tail=25 r61=24 gh60=0xfe89caa W1=0x3ded,0x2630,0x25f0 W2=0x3cfa,0x306f,0x2839
  witness[13] tail=25 r61=28 gh60=0xfaf8b7a W1=0x15d9,0x292,0x3e07 W2=0x14e6,0xbd5,0x249c
  witness[14] tail=26 r61=15 gh60=0x4b0876e W1=0x3b4f,0x209b,0x287e W2=0x3a5c,0x2bdd,0x1db4
  witness[15] tail=26 r61=18 gh60=0x5888fa6 W1=0x7ab,0x14f7,0x3b60 W2=0x6b8,0x3b4b,0x384c

Scan-only r61 registry
  registry_count=16 registry_cap=16
  r61_witness[00] r61=14 tail=23 gh60=0x4a0c7fa W1=0xb9a,0x1b0a,0x1f83 W2=0xaa7,0xe4f,0x3c5f
  r61_witness[01] r61=15 tail=20 gh60=0xde29cfa W1=0x1f15,0x128d,0x172f W2=0x1e22,0x3780,0x28f4
  r61_witness[02] r61=15 tail=26 gh60=0x4b0876e W1=0x3b4f,0x209b,0x287e W2=0x3a5c,0x2bdd,0x1db4
  r61_witness[03] r61=15 tail=28 gh60=0x5b0c56a W1=0x2cce,0x111d,0x1d52 W2=0x2bdb,0x954,0x7be
  r61_witness[04] r61=15 tail=29 gh60=0xf885b9a W1=0x1aa,0x19fe,0x2957 W2=0xb7,0x90f,0x32c
  r61_witness[05] r61=15 tail=29 gh60=0xb918b6a W1=0x29dd,0x317b,0x1c57 W2=0x28ea,0x1baa,0x1cda
  r61_witness[06] r61=15 tail=30 gh60=0x4609bea W1=0x2191,0x12d0,0x2343 W2=0x209e,0xe5f,0x4e5
  r61_witness[07] r61=15 tail=30 gh60=0xc928c9a W1=0x3945,0x361a,0x1ea1 W2=0x3852,0x2968,0x4c5
  r61_witness[08] r61=15 tail=31 gh60=0x5705d66 W1=0x4c,0x1629,0x1076 W2=0x3f59,0xc7a,0x19af
  r61_witness[09] r61=15 tail=31 gh60=0x4608ce6 W1=0x271b,0x6eb,0x18a6 W2=0x2628,0x20f1,0x84c
  r61_witness[10] r61=15 tail=33 gh60=0xc689cae W1=0x20ef,0xa71,0x27f7 W2=0x1ffc,0x26d4,0x1358
  r61_witness[11] r61=15 tail=34 gh60=0x49884aa W1=0x3301,0x2632,0x82 W2=0x320e,0x3ce2,0x1598
  r61_witness[12] r61=15 tail=39 gh60=0x44884a6 W1=0x3c3b,0xeae,0x3be7 W2=0x3b48,0xcf9,0x2eae
  r61_witness[13] r61=16 tail=24 gh60=0xba044e6 W1=0x3a0c,0xd68,0x61d W2=0x3919,0x3740,0x25c5
  r61_witness[14] r61=16 tail=28 gh60=0xd6084ea W1=0x130d,0x2df4,0x3a27 W2=0x121a,0x76a,0x15f3
  r61_witness[15] r61=16 tail=28 gh60=0x4d0fd9a W1=0x2eca,0x123e,0x28ff W2=0x2dd7,0x2ceb,0x1d5

D60=0 fiber histogram: 1:7899 2:4826 3:1764 4:1126 5:398 6:215 7:80 8:63 9:21 10:13 11:3 12:9 13:4 15:1 16:2 18:1 19:1 20:1
