free_word_mitm_reducedn
N=14 mask=0x3fff msb=0x2000
candidate: M0=0x3d36 mode=random-fallback fill=0x3fff kernel=dM0=dM9=0x2000
prefixes=32768/268435456 mode=permuted-prefix-sample w59_per_prefix=16384 total=536870912
run_mode=scan registry_cap=16
sample_start=36110336
scan_elapsed=18.775s rate=28.59 Mtriples/s

D60 interface
  D60=0 matches: 32445 (random expectation 32768.0, enrichment 0.990x)
  prefixes with D60=0: 16553
  max D60=0 fiber per prefix: 19 at W57=0xf03 W58=0x3315
  largest D60 bucket: D=0xd50 count=33780
  min D60 HW: 0
  D60 HW histogram: 0:32445 1:456373 2:2975431 3:11921403 4:32810144 5:65672015 6:98502137 7:112510252 8:98379332 9:65525658 10:32738241 11:11887951 12:2969332 13:457492 14:32706

Tail closure among D60=0 matches
  final tail collisions: 0
  best r61 HW: 14
  best r61 W1[57..59]=0x134f,0x904,0x2568
  best r61 W2[57..59]=0x125c,0xc3e,0x2246
  best tail HW: 22
  best tail r61 HW: 22
  best W1[57..59]=0x11cd,0x2034,0x3c3e
  best W2[57..59]=0x10da,0x3b6f,0xb7a

SUMMARY N=14 sample_start=36110336 prefixes=32768 total=536870912 d0=32445 best_tail=22 tail_r61=22 best_r61=14 tail_W1=0x11cd,0x2034,0x3c3e tail_W2=0x10da,0x3b6f,0xb7a r61_W1=0x134f,0x904,0x2568 r61_W2=0x125c,0xc3e,0x2246

Scan-only witness registry
  registry_count=16 registry_cap=16
  witness[00] tail=22 r61=20 gh60=0x5a8cca6 W1=0x6fc,0x902,0x3813 W2=0x609,0x150f,0x364e
  witness[01] tail=22 r61=22 gh60=0xc91bb6a W1=0x11cd,0x2034,0x3c3e W2=0x10da,0x3b6f,0xb7a
  witness[02] tail=22 r61=22 gh60=0x3e884aa W1=0x33f1,0x797,0xdd9 W2=0x32fe,0x1d97,0x5b1
  witness[03] tail=24 r61=19 gh60=0x4728c9a W1=0x2649,0x7c5,0x7e0 W2=0x2556,0x2f13,0x3ad3
  witness[04] tail=24 r61=20 gh60=0x4bfcda6 W1=0x8bc,0x11ba,0x2821 W2=0x7c9,0x2ef,0x388d
  witness[05] tail=24 r61=21 gh60=0xce3479e W1=0x388,0x10f5,0xdd7 W2=0x295,0xb97,0x1bc3
  witness[06] tail=25 r61=20 gh60=0xfa04ffa W1=0x79a,0xa39,0x3cce W2=0x6a7,0x3abd,0x353a
  witness[07] tail=25 r61=20 gh60=0xc498daa W1=0x36ad,0xb56,0x1ae2 W2=0x35ba,0x2aa9,0x1f43
  witness[08] tail=25 r61=22 gh60=0x4a54c9e W1=0x25e8,0x3897,0x26df W2=0x24f5,0x3a0a,0x2124
  witness[09] tail=25 r61=22 gh60=0x49744ba W1=0x2d36,0x34bc,0x11dd W2=0x2c43,0x19bb,0x1353
  witness[10] tail=25 r61=23 gh60=0x7974b6a W1=0x154e,0x1b98,0x8c7 W2=0x145b,0x3194,0x3fe8
  witness[11] tail=25 r61=24 gh60=0xd75849a W1=0x2529,0x27c3,0x1948 W2=0x2436,0xd9a,0x31a8
  witness[12] tail=25 r61=26 gh60=0xd97c77a W1=0x235a,0x3e1,0xe4d W2=0x2267,0x36b2,0x3d98
  witness[13] tail=25 r61=26 gh60=0x3ab85be W1=0x2477,0x1270,0x2626 W2=0x2384,0x19ba,0x2ec1
  witness[14] tail=26 r61=19 gh60=0x4618cee W1=0x91f,0x47c,0x3e33 W2=0x82c,0x1c47,0x198e
  witness[15] tail=26 r61=20 gh60=0x54a45aa W1=0x2b2,0x1a92,0x3d0a W2=0x1bf,0x24bf,0x3495

Scan-only r61 registry
  registry_count=16 registry_cap=16
  r61_witness[00] r61=14 tail=34 gh60=0x490876e W1=0x134f,0x904,0x2568 W2=0x125c,0xc3e,0x2246
  r61_witness[01] r61=15 tail=27 gh60=0xce38de6 W1=0x168b,0x7fa,0x19b2 W2=0x1598,0x3238,0x2432
  r61_witness[02] r61=15 tail=28 gh60=0x4a09ce6 W1=0x3e1b,0x2939,0x1260 W2=0x3d28,0x394d,0x160b
  r61_witness[03] r61=15 tail=30 gh60=0xc4e9c9a W1=0x3e29,0x1299,0x3236 W2=0x3d36,0x3925,0x1416
  r61_witness[04] r61=15 tail=32 gh60=0x4887cba W1=0x313a,0xb5,0x12ed W2=0x3047,0x12ed,0xbe3
  r61_witness[05] r61=15 tail=34 gh60=0x4728d66 W1=0x26d3,0x34e0,0x20e6 W2=0x25e0,0x3342,0x3ecd
  r61_witness[06] r61=16 tail=31 gh60=0x452857e W1=0x3c57,0x1d44,0x1255 W2=0x3b64,0x3498,0x3518
  r61_witness[07] r61=16 tail=33 gh60=0x4a54dfa W1=0x696,0x4cd,0x3b31 W2=0x5a3,0x272d,0xd94
  r61_witness[08] r61=16 tail=33 gh60=0xc609bea W1=0x2191,0x6d0,0x1fde W2=0x209e,0x25f,0x12c0
  r61_witness[09] r61=17 tail=27 gh60=0x45644a6 W1=0x434,0x3f77,0x1637 W2=0x341,0x1be3,0xb5f
  r61_witness[10] r61=17 tail=29 gh60=0x4484cba W1=0x63a,0x2aa6,0x2f89 W2=0x547,0x129a,0x35b3
  r61_witness[11] r61=17 tail=29 gh60=0x4e084ea W1=0x2411,0xa50,0x3f7 W2=0x231e,0xd56,0x3415
  r61_witness[12] r61=17 tail=32 gh60=0x4585c9a W1=0x3e2a,0x84e,0x13e8 W2=0x3d37,0x32cf,0xd92
  r61_witness[13] r61=17 tail=34 gh60=0x4488ca6 W1=0x163b,0x378a,0x89 W2=0x1548,0x1816,0x34ee
  r61_witness[14] r61=17 tail=34 gh60=0x4668c9a W1=0x38e5,0x4e0,0xe2f W2=0x37f2,0x366a,0x2528
  r61_witness[15] r61=17 tail=36 gh60=0x4a07fe6 W1=0xf9c,0x3f45,0x15a7 W2=0xea9,0x107e,0x2b30

D60=0 fiber histogram: 1:8087 2:4763 3:1738 4:1103 5:431 6:237 7:66 8:79 9:17 10:15 11:3 12:6 13:2 14:1 16:2 17:1 19:2
