free_word_mitm_reducedn
N=14 mask=0x3fff msb=0x2000
candidate: M0=0x3d36 mode=random-fallback fill=0x3fff kernel=dM0=dM9=0x2000
prefixes=32768/268435456 mode=permuted-prefix-sample w59_per_prefix=16384 total=536870912
run_mode=scan registry_cap=16
sample_start=27721728
scan_elapsed=18.394s rate=29.19 Mtriples/s

D60 interface
  D60=0 matches: 33003 (random expectation 32768.0, enrichment 1.007x)
  prefixes with D60=0: 16606
  max D60=0 fiber per prefix: 22 at W57=0x1342 W58=0x1bad
  largest D60 bucket: D=0xdb0 count=33754
  min D60 HW: 0
  D60 HW histogram: 0:33003 1:457717 2:2975142 3:11919564 4:32800432 5:65616224 6:98460741 7:112492250 8:98391249 9:65567162 10:32766135 11:11921575 12:2979469 13:457642 14:32607

Tail closure among D60=0 matches
  final tail collisions: 0
  best r61 HW: 12
  best r61 W1[57..59]=0x322c,0x27ae,0x252d
  best r61 W2[57..59]=0x3139,0x130c,0xc6f
  best tail HW: 22
  best tail r61 HW: 19
  best W1[57..59]=0x1d27,0x8b7,0x3cc3
  best W2[57..59]=0x1c34,0x16e8,0x3902

SUMMARY N=14 sample_start=27721728 prefixes=32768 total=536870912 d0=33003 best_tail=22 tail_r61=19 best_r61=12 tail_W1=0x1d27,0x8b7,0x3cc3 tail_W2=0x1c34,0x16e8,0x3902 r61_W1=0x322c,0x27ae,0x252d r61_W2=0x3139,0x130c,0xc6f

Scan-only witness registry
  registry_count=16 registry_cap=16
  witness[00] tail=22 r61=19 gh60=0xc95849e W1=0x1d27,0x8b7,0x3cc3 W2=0x1c34,0x16e8,0x3902
  witness[01] tail=23 r61=22 gh60=0x49f8caa W1=0x18fd,0x381a,0x36b2 W2=0x180a,0xb05,0x355c
  witness[02] tail=23 r61=24 gh60=0xdde5ca6 W1=0x1df4,0x2eb,0x1b29 W2=0x1d01,0x19a,0x1e66
  witness[03] tail=23 r61=24 gh60=0xdf88faa W1=0x37b1,0x26c2,0x2ca3 W2=0x36be,0x33d9,0x24f0
  witness[04] tail=24 r61=12 gh60=0xcb844a6 W1=0x322c,0x27ae,0x252d W2=0x3139,0x130c,0xc6f
  witness[05] tail=24 r61=17 gh60=0x5b04b66 W1=0x255c,0x3de8,0x17e5 W2=0x2469,0x3faf,0x26c4
  witness[06] tail=24 r61=19 gh60=0xcc9bdba W1=0xeb5,0x184e,0x3e1f W2=0xdc2,0x3ea5,0x25aa
  witness[07] tail=24 r61=22 gh60=0x3f584be W1=0x537,0x252e,0x3a36 W2=0x444,0x21cc,0x2c33
  witness[08] tail=24 r61=22 gh60=0x4ab44aa W1=0xaee,0x3a73,0x1fef W2=0x9fb,0x374,0x1fb0
  witness[09] tail=24 r61=25 gh60=0x776cd9e W1=0x38c8,0x126b,0x171f W2=0x37d5,0x257e,0x25b7
  witness[10] tail=25 r61=19 gh60=0x4f984a6 W1=0x2fb,0x247c,0x5f8 W2=0x208,0x449,0xba0
  witness[11] tail=25 r61=22 gh60=0xcf7456a W1=0x24e,0x81b,0x1a58 W2=0x15b,0x3e52,0x170
  witness[12] tail=25 r61=22 gh60=0x79b4cae W1=0x1730,0x33e1,0x1fc9 W2=0x163d,0x2f41,0xf95
  witness[13] tail=25 r61=22 gh60=0xc9a849a W1=0x2ce9,0x7d4,0x3bd6 W2=0x2bf6,0x2ea5,0x134e
  witness[14] tail=25 r61=24 gh60=0xd6685be W1=0x3a77,0x148f,0x8fe W2=0x3984,0x29d5,0xc8f
  witness[15] tail=25 r61=26 gh60=0xce8cbae W1=0x1570,0x2f14,0x38c4 W2=0x147d,0x37ac,0xe4d

Scan-only r61 registry
  registry_count=16 registry_cap=16
  r61_witness[00] r61=12 tail=24 gh60=0xcb844a6 W1=0x322c,0x27ae,0x252d W2=0x3139,0x130c,0xc6f
  r61_witness[01] r61=14 tail=27 gh60=0x4aa44aa W1=0x14f2,0x1386,0x5d7 W2=0x13ff,0x2bcb,0x2da6
  r61_witness[02] r61=15 tail=27 gh60=0x461849a W1=0x1c05,0x521,0xf1 W2=0x1b12,0x3c2c,0x21ef
  r61_witness[03] r61=15 tail=28 gh60=0x4608fe6 W1=0x278b,0x319,0x29fb W2=0x2698,0x27e3,0x1ca1
  r61_witness[04] r61=15 tail=29 gh60=0xce05de6 W1=0x3e9c,0x3025,0x1875 W2=0x3da9,0x852,0x1d18
  r61_witness[05] r61=16 tail=33 gh60=0x7a0c49a W1=0x3a0a,0x37bf,0x3448 W2=0x3917,0x2c0b,0x3349
  r61_witness[06] r61=16 tail=33 gh60=0x46085e6 W1=0x3c9b,0x39fd,0x1c97 W2=0x3ba8,0xa8,0x9ed
  r61_witness[07] r61=16 tail=34 gh60=0xc968be6 W1=0x39a3,0x39ea,0x3beb W2=0x38b0,0xfd4,0x544
  r61_witness[08] r61=16 tail=37 gh60=0xd88fbba W1=0x31ba,0x11ec,0x53f W2=0x30c7,0x26e4,0xb20
  r61_witness[09] r61=17 tail=24 gh60=0x5b04b66 W1=0x255c,0x3de8,0x17e5 W2=0x2469,0x3faf,0x26c4
  r61_witness[10] r61=17 tail=27 gh60=0x55884aa W1=0x2a01,0x18a0,0x18d4 W2=0x290e,0x1c90,0x152f
  r61_witness[11] r61=17 tail=28 gh60=0x4a64b66 W1=0x964,0xb29,0x10de W2=0x871,0x1128,0x52a
  r61_witness[12] r61=17 tail=28 gh60=0x3d18d66 W1=0x165b,0x2b5d,0x3cdf W2=0x1568,0xdf7,0x2884
  r61_witness[13] r61=17 tail=28 gh60=0xc688bae W1=0x196f,0x9f1,0x32e9 W2=0x187c,0xe78,0x2fa9
  r61_witness[14] r61=17 tail=29 gh60=0xc9b9c9a W1=0x2129,0x3507,0x1e26 W2=0x2036,0x135b,0xe28
  r61_witness[15] r61=17 tail=29 gh60=0xda0c4fa W1=0x221a,0x1821,0xc00 W2=0x2127,0x3d8e,0x3128

D60=0 fiber histogram: 1:8026 2:4782 3:1794 4:1082 5:430 6:253 7:95 8:61 9:29 10:30 11:8 12:7 13:2 14:1 15:1 16:1 18:2 20:1 22:1
