free_word_mitm_reducedn
N=14 mask=0x3fff msb=0x2000
candidate: M0=0x3d36 mode=random-fallback fill=0x3fff kernel=dM0=dM9=0x2000
prefixes=32768/268435456 mode=permuted-prefix-sample w59_per_prefix=16384 total=536870912
run_mode=scan registry_cap=16
sample_start=193691648
scan_elapsed=18.924s rate=28.37 Mtriples/s

D60 interface
  D60=0 matches: 32865 (random expectation 32768.0, enrichment 1.003x)
  prefixes with D60=0: 16531
  max D60=0 fiber per prefix: 24 at W57=0x23b1 W58=0x35fb
  largest D60 bucket: D=0x2ad0 count=33711
  min D60 HW: 0
  D60 HW histogram: 0:32865 1:455644 2:2973404 3:11905179 4:32775365 5:65624916 6:98483817 7:112552856 8:98452455 9:65544531 10:32724082 11:11884392 12:2970574 13:458511 14:32321

Tail closure among D60=0 matches
  final tail collisions: 0
  best r61 HW: 13
  best r61 W1[57..59]=0x2fbf,0x398f,0x3e21
  best r61 W2[57..59]=0x2ecc,0x24d2,0x15b0
  best tail HW: 21
  best tail r61 HW: 14
  best W1[57..59]=0xc3d,0x162d,0x1037
  best W2[57..59]=0xb4a,0x1d59,0x423

SUMMARY N=14 sample_start=193691648 prefixes=32768 total=536870912 d0=32865 best_tail=21 tail_r61=14 best_r61=13 tail_W1=0xc3d,0x162d,0x1037 tail_W2=0xb4a,0x1d59,0x423 r61_W1=0x2fbf,0x398f,0x3e21 r61_W2=0x2ecc,0x24d2,0x15b0

Scan-only witness registry
  registry_count=16 registry_cap=16
  witness[00] tail=21 r61=14 gh60=0xc7884aa W1=0xc3d,0x162d,0x1037 W2=0xb4a,0x1d59,0x423
  witness[01] tail=24 r61=16 gh60=0x56084ea W1=0x521,0x2c4e,0x3a9d W2=0x42e,0x3278,0x937
  witness[02] tail=24 r61=19 gh60=0x5a084ea W1=0x331d,0x1c2,0x3faa W2=0x322a,0x1c24,0x330a
  witness[03] tail=24 r61=22 gh60=0x4e18fe6 W1=0x278b,0x3628,0x2281 W2=0x2698,0x1af2,0x21ca
  witness[04] tail=24 r61=24 gh60=0x48f5faa W1=0x1fae,0x1bcc,0xc4 W2=0x1ebb,0x1bd4,0x67
  witness[05] tail=24 r61=30 gh60=0xde1bca6 W1=0x3103,0x277,0x2931 W2=0x3010,0x5b9,0x55e
  witness[06] tail=25 r61=18 gh60=0x450457a W1=0x3c5a,0x387,0x152e W2=0x3b67,0x3e90,0x26a7
  witness[07] tail=25 r61=20 gh60=0xcba849e W1=0x1e7,0x52b,0x69b W2=0xf4,0x11d6,0x33cd
  witness[08] tail=25 r61=20 gh60=0xce344ea W1=0x2c0e,0x1364,0x2bbd W2=0x2b1b,0x1c1b,0x3897
  witness[09] tail=25 r61=21 gh60=0x4d2fca6 W1=0x1044,0x2fae,0x31e0 W2=0xf51,0x3c65,0x37dd
  witness[10] tail=25 r61=21 gh60=0xca84c9a W1=0x15ea,0x635,0x1ae5 W2=0x14f7,0x3fc0,0x34d9
  witness[11] tail=25 r61=21 gh60=0x4cf44ba W1=0x1a36,0x1c24,0x3c88 W2=0x1943,0xee7,0xabd
  witness[12] tail=25 r61=21 gh60=0x4754d9a W1=0x36a6,0x3fb5,0x3cc3 W2=0x35b3,0x2eb0,0xdc8
  witness[13] tail=25 r61=22 gh60=0x46985aa W1=0x146d,0x126c,0x354e W2=0x137a,0x3290,0x38a0
  witness[14] tail=25 r61=22 gh60=0x7ae8f9e W1=0x3767,0x3032,0xfb3 W2=0x3674,0x3610,0xebe
  witness[15] tail=25 r61=23 gh60=0xdf985aa W1=0x471,0x36a4,0x21c9 W2=0x37e,0x33cc,0x159

Scan-only r61 registry
  registry_count=16 registry_cap=16
  r61_witness[00] r61=13 tail=39 gh60=0x488bfae W1=0x2fbf,0x398f,0x3e21 W2=0x2ecc,0x24d2,0x15b0
  r61_witness[01] r61=14 tail=21 gh60=0xc7884aa W1=0xc3d,0x162d,0x1037 W2=0xb4a,0x1d59,0x423
  r61_witness[02] r61=14 tail=32 gh60=0x4585dba W1=0x3eba,0x2549,0x15c7 W2=0x3dc7,0x17a5,0x1071
  r61_witness[03] r61=15 tail=26 gh60=0x4614cee W1=0x1710,0xd08,0x2ba4 W2=0x161d,0x6f4,0x14f3
  r61_witness[04] r61=15 tail=28 gh60=0xca0449a W1=0x250a,0x4c9,0x1b0b W2=0x2417,0x2b47,0x5a4
  r61_witness[05] r61=15 tail=34 gh60=0x48847ba W1=0x23ba,0x2e3f,0x34bd W2=0x22c7,0x20fa,0x2147
  r61_witness[06] r61=16 tail=24 gh60=0x56084ea W1=0x521,0x2c4e,0x3a9d W2=0x42e,0x3278,0x937
  r61_witness[07] r61=16 tail=29 gh60=0xb6085ea W1=0x2aa1,0x307a,0x1dee W2=0x29ae,0x2c8c,0x2d66
  r61_witness[08] r61=16 tail=31 gh60=0xda885aa W1=0xc81,0x1510,0x1417 W2=0xb8e,0x14a8,0x15c2
  r61_witness[09] r61=16 tail=32 gh60=0x4b887aa W1=0x136d,0x103d,0x19ec W2=0x127a,0x1401,0x2c83
  r61_witness[10] r61=16 tail=34 gh60=0xda08fe6 W1=0x178b,0x1723,0x10d5 W2=0x1698,0xef1,0x279b
  r61_witness[11] r61=16 tail=34 gh60=0x451bd66 W1=0x2ed3,0xb7c,0x33ed W2=0x2de0,0x34d8,0xf30
  r61_witness[12] r61=16 tail=34 gh60=0x4a05b9a W1=0x3d8a,0x307d,0x344c W2=0x3c97,0x1e96,0x2365
  r61_witness[13] r61=16 tail=35 gh60=0x588ccaa W1=0x172e,0xb32,0x3590 W2=0x163b,0x1eb2,0x180b
  r61_witness[14] r61=16 tail=39 gh60=0x4a04cfa W1=0x81a,0x1655,0x1a5 W2=0x727,0x3ac1,0x24f6
  r61_witness[15] r61=16 tail=41 gh60=0xda2c4ea W1=0x512,0x94e,0x974 W2=0x41f,0x1299,0x17d3

D60=0 fiber histogram: 1:7956 2:4743 3:1811 4:1167 5:413 6:214 7:88 8:70 9:23 10:13 11:7 12:12 13:1 14:2 15:1 16:5 17:1 20:2 22:1 24:1
