free_word_mitm_reducedn
N=14 mask=0x3fff msb=0x2000
candidate: M0=0x3d36 mode=random-fallback fill=0x3fff kernel=dM0=dM9=0x2000
prefixes=32768/268435456 mode=permuted-prefix-sample w59_per_prefix=16384 total=536870912
run_mode=scan registry_cap=16
sample_start=150798336
scan_elapsed=15.704s rate=34.19 Mtriples/s

D60 interface
  D60=0 matches: 32825 (random expectation 32768.0, enrichment 1.002x)
  prefixes with D60=0: 16538
  max D60=0 fiber per prefix: 21 at W57=0x2308 W58=0x2a2a
  largest D60 bucket: D=0x2989 count=33767
  min D60 HW: 0
  D60 HW histogram: 0:32825 1:459238 2:2971737 3:11905142 4:32774293 5:65581113 6:98419054 7:112543820 8:98450265 9:65579575 10:32777801 11:11909867 12:2974272 13:459147 14:32763

Tail closure among D60=0 matches
  final tail collisions: 0
  best r61 HW: 12
  best r61 W1[57..59]=0x3b90,0x242e,0x3c26
  best r61 W2[57..59]=0x3a9d,0x2c01,0x25b7
  best tail HW: 22
  best tail r61 HW: 12
  best W1[57..59]=0x3b90,0x242e,0x3c26
  best W2[57..59]=0x3a9d,0x2c01,0x25b7

SUMMARY N=14 sample_start=150798336 prefixes=32768 total=536870912 d0=32825 best_tail=22 tail_r61=12 best_r61=12 tail_W1=0x3b90,0x242e,0x3c26 tail_W2=0x3a9d,0x2c01,0x25b7 r61_W1=0x3b90,0x242e,0x3c26 r61_W2=0x3a9d,0x2c01,0x25b7

Scan-only witness registry
  registry_count=16 registry_cap=16
  witness[00] tail=22 r61=12 gh60=0x56147ee W1=0x3b90,0x242e,0x3c26 W2=0x3a9d,0x2c01,0x25b7
  witness[01] tail=24 r61=17 gh60=0x4674fee W1=0x37a0,0x303c,0x2189 W2=0x36ad,0x34fc,0xf01
  witness[02] tail=24 r61=20 gh60=0x599879a W1=0x3b65,0x2e6e,0x16a7 W2=0x3a72,0x30c7,0x552
  witness[03] tail=24 r61=20 gh60=0xde784ba W1=0x3bf5,0x3a84,0x155b W2=0x3b02,0x323e,0x200d
  witness[04] tail=25 r61=19 gh60=0xb639cfa W1=0x2015,0x26f4,0xcc6 W2=0x1f22,0x9b7,0x38bf
  witness[05] tail=25 r61=20 gh60=0xfa284fe W1=0xd17,0x1d20,0x23b5 W2=0xc24,0x18b8,0x1575
  witness[06] tail=25 r61=21 gh60=0xcd38d7a W1=0x6d5,0x34b7,0x28ee W2=0x5e2,0x2a7e,0x243a
  witness[07] tail=25 r61=21 gh60=0x3969b7a W1=0x3dd5,0x1d24,0x30f2 W2=0x3ce2,0x111f,0x5d1
  witness[08] tail=25 r61=27 gh60=0xdca84ba W1=0x3235,0x2c15,0x3b89 W2=0x3142,0x1f53,0xf4e
  witness[09] tail=26 r61=17 gh60=0x5e884aa W1=0x19ed,0x31a2,0x81a W2=0x18fa,0x5de,0x1c3f
  witness[10] tail=26 r61=18 gh60=0x491ff6a W1=0xf4e,0x2cb6,0x14b0 W2=0xe5b,0x19d6,0x9de
  witness[11] tail=26 r61=18 gh60=0x56284fa W1=0x2215,0x2b52,0x3e5d W2=0x2122,0xd16,0x101d
  witness[12] tail=26 r61=19 gh60=0xcb1c49a W1=0x154a,0x32a8,0x154a W2=0x1457,0x28a6,0x2c06
  witness[13] tail=26 r61=19 gh60=0x7a84cba W1=0x17fa,0x2cb0,0x115a W2=0x1707,0x1f24,0x350f
  witness[14] tail=26 r61=19 gh60=0x56044e6 W1=0x250c,0x31c5,0x348e W2=0x2419,0x20a7,0x155f
  witness[15] tail=26 r61=20 gh60=0x47b9caa W1=0x1e01,0xe7a,0x3be1 W2=0x1d0e,0x18e9,0x1c7c

Scan-only r61 registry
  registry_count=16 registry_cap=16
  r61_witness[00] r61=12 tail=22 gh60=0x56147ee W1=0x3b90,0x242e,0x3c26 W2=0x3a9d,0x2c01,0x25b7
  r61_witness[01] r61=14 tail=33 gh60=0x4a085ee W1=0xc8f,0x1784,0x32f9 W2=0xb9c,0x3a42,0x195e
  r61_witness[02] r61=14 tail=34 gh60=0x492c77e W1=0x2b58,0xc12,0x1f86 W2=0x2a65,0xcf,0x31d3
  r61_witness[03] r61=15 tail=28 gh60=0x490db66 W1=0x3dcc,0x24e0,0x2d22 W2=0x3cd9,0x2939,0x4b2
  r61_witness[04] r61=15 tail=30 gh60=0x4aecb9e W1=0x568,0x15b8,0x27c2 W2=0x475,0xc63,0x270
  r61_witness[05] r61=15 tail=31 gh60=0x4d0856a W1=0xacd,0x2f23,0x3c16 W2=0x9da,0x3fad,0x2cf4
  r61_witness[06] r61=15 tail=32 gh60=0x4508d6a W1=0x3651,0xf67,0x189f W2=0x355e,0x18da,0x2017
  r61_witness[07] r61=15 tail=39 gh60=0x4a0bcee W1=0x2e0f,0x16df,0x1eb1 W2=0x2d1c,0x3442,0x2756
  r61_witness[08] r61=16 tail=27 gh60=0xc8984aa W1=0x2541,0x1d54,0x2401 W2=0x244e,0x2504,0x2d67
  r61_witness[09] r61=16 tail=28 gh60=0x39a456a W1=0xae2,0x38f4,0x2516 W2=0x9ef,0xb93,0x1320
  r61_witness[10] r61=16 tail=29 gh60=0xdb18d66 W1=0x18cb,0x2e0c,0x1723 W2=0x17d8,0x313a,0x1d82
  r61_witness[11] r61=16 tail=29 gh60=0xd907b66 W1=0x2dcc,0x5db,0x460 W2=0x2cd9,0x3e38,0x114d
  r61_witness[12] r61=16 tail=31 gh60=0xce15bea W1=0x1d9e,0x17cd,0x2ee4 W2=0x1cab,0x174d,0x1b33
  r61_witness[13] r61=16 tail=33 gh60=0x592476a W1=0x1352,0x38af,0x15 W2=0x125f,0xe,0x38dd
  r61_witness[14] r61=16 tail=33 gh60=0x5b1c57a W1=0x34da,0x26f,0x1ef3 W2=0x33e7,0x710,0x312b
  r61_witness[15] r61=16 tail=33 gh60=0x4a08dea W1=0x369d,0x1c9a,0x341f W2=0x35aa,0x3f65,0x914

D60=0 fiber histogram: 1:7977 2:4761 3:1832 4:1103 5:394 6:236 7:74 8:87 9:30 10:18 11:5 12:7 13:2 14:1 15:2 16:3 17:2 18:2 20:1 21:1
