free_word_mitm_reducedn
N=14 mask=0x3fff msb=0x2000
candidate: M0=0x3d36 mode=random-fallback fill=0x3fff kernel=dM0=dM9=0x2000
prefixes=32768/268435456 mode=permuted-prefix-sample w59_per_prefix=16384 total=536870912
run_mode=scan registry_cap=16
sample_start=175964160
scan_elapsed=15.592s rate=34.43 Mtriples/s

D60 interface
  D60=0 matches: 32534 (random expectation 32768.0, enrichment 0.993x)
  prefixes with D60=0: 16547
  max D60=0 fiber per prefix: 20 at W57=0x1fbf W58=0x2db3
  largest D60 bucket: D=0xa82 count=33849
  min D60 HW: 0
  D60 HW histogram: 0:32534 1:456004 2:2971417 3:11913634 4:32784728 5:65600631 6:98447962 7:112507314 8:98410829 9:65596043 10:32773719 11:11912693 12:2974134 13:456972 14:32298

Tail closure among D60=0 matches
  final tail collisions: 0
  best r61 HW: 14
  best r61 W1[57..59]=0x1291,0x632,0xb13
  best r61 W2[57..59]=0x119e,0x13d4,0x3e0d
  best tail HW: 20
  best tail r61 HW: 18
  best W1[57..59]=0x3021,0x119b,0x102b
  best W2[57..59]=0x2f2e,0x90e,0x3891

SUMMARY N=14 sample_start=175964160 prefixes=32768 total=536870912 d0=32534 best_tail=20 tail_r61=18 best_r61=14 tail_W1=0x3021,0x119b,0x102b tail_W2=0x2f2e,0x90e,0x3891 r61_W1=0x1291,0x632,0xb13 r61_W2=0x119e,0x13d4,0x3e0d

Scan-only witness registry
  registry_count=16 registry_cap=16
  witness[00] tail=20 r61=18 gh60=0x567bcea W1=0x3021,0x119b,0x102b W2=0x2f2e,0x90e,0x3891
  witness[01] tail=20 r61=20 gh60=0x5e2cbe6 W1=0x3994,0x24f8,0x3560 W2=0x38a1,0x3757,0x351
  witness[02] tail=22 r61=18 gh60=0xc935c9e W1=0x1f48,0x26d5,0xe36 W2=0x1e55,0x3582,0x102e
  witness[03] tail=22 r61=21 gh60=0x7b9bba6 W1=0x116b,0x3b74,0x3048 W2=0x1078,0x2b3a,0x2f07
  witness[04] tail=23 r61=19 gh60=0xde3849a W1=0x3d05,0xb92,0x799 W2=0x3c12,0x265,0x785
  witness[05] tail=23 r61=21 gh60=0x4adc7fa W1=0x2b96,0x29fa,0xff9 W2=0x2aa3,0x2f4b,0x1a20
  witness[06] tail=24 r61=20 gh60=0x4b98baa W1=0x57d,0x11c8,0x9ef W2=0x48a,0x23b,0x351e
  witness[07] tail=24 r61=21 gh60=0xce344fa W1=0x1516,0x3ace,0x1f3a W2=0x1423,0x2dd7,0x3e88
  witness[08] tail=24 r61=24 gh60=0x5b58f9a W1=0x17c9,0x25e,0x793 W2=0x16d6,0xfc8,0x1c00
  witness[09] tail=24 r61=25 gh60=0x7ee8d7a W1=0x855,0x3408,0x3c2c W2=0x762,0x1bd7,0x35ab
  witness[10] tail=25 r61=19 gh60=0xc929b7a W1=0x21d5,0x21eb,0x318c W2=0x20e2,0xa2e,0xa1f
  witness[11] tail=25 r61=19 gh60=0xfe38d9a W1=0x2885,0x20c4,0x3279 W2=0x2792,0xa7a,0x2460
  witness[12] tail=25 r61=19 gh60=0x4614cea W1=0x371e,0xb86,0x1b7 W2=0x362b,0x1e7e,0x1aea
  witness[13] tail=25 r61=20 gh60=0x3a6dca6 W1=0x3df4,0xb18,0x2c03 W2=0x3d01,0x9c7,0x3b2d
  witness[14] tail=25 r61=21 gh60=0xc564ca6 W1=0x634,0x1c22,0xf90 W2=0x541,0x1c4f,0x1f3a
  witness[15] tail=25 r61=22 gh60=0x4bacd6a W1=0x2662,0x2935,0x1de4 W2=0x256f,0x3ab5,0x87a

Scan-only r61 registry
  registry_count=16 registry_cap=16
  r61_witness[00] r61=14 tail=29 gh60=0x38887aa W1=0x23bd,0xef0,0x2a09 W2=0x22ca,0x234,0x143c
  r61_witness[01] r61=14 tail=30 gh60=0x549cdae W1=0x8c0,0x2d44,0x3d4a W2=0x7cd,0xe7c,0x5ad
  r61_witness[02] r61=14 tail=31 gh60=0x4a085ea W1=0x1291,0x632,0xb13 W2=0x119e,0x13d4,0x3e0d
  r61_witness[03] r61=14 tail=31 gh60=0x4a28b9a W1=0x1989,0xb16,0xddf W2=0x1896,0x15f4,0x3047
  r61_witness[04] r61=15 tail=26 gh60=0x490bf6a W1=0xfcd,0x380e,0x27d W2=0xeda,0x1529,0x17d3
  r61_witness[05] r61=15 tail=29 gh60=0x4919b66 W1=0x15b,0x7a5,0x1223 W2=0x68,0xff5,0x1f92
  r61_witness[06] r61=15 tail=32 gh60=0x7a085ea W1=0x48d,0x2463,0x24d7 W2=0x39a,0x317d,0x11d5
  r61_witness[07] r61=15 tail=35 gh60=0x48844ba W1=0x353a,0x1dd3,0x14ad W2=0x3447,0x128a,0x352d
  r61_witness[08] r61=15 tail=39 gh60=0xb88bcaa W1=0x3131,0x20be,0x3f18 W2=0x303e,0x1785,0xe51
  r61_witness[09] r61=16 tail=26 gh60=0x5484da6 W1=0x8ac,0x1d13,0x1eff W2=0x7b9,0xf58,0x2ac3
  r61_witness[10] r61=16 tail=28 gh60=0x39847ba W1=0x1bba,0x2ff0,0x3274 W2=0x1ac7,0x30af,0x306f
  r61_witness[11] r61=16 tail=28 gh60=0x56a8766 W1=0x3363,0x3377,0x22f4 W2=0x3270,0x2fda,0x3d22
  r61_witness[12] r61=16 tail=29 gh60=0x4608cea W1=0x721,0x3fea,0x3d02 W2=0x62e,0x195,0xae1
  r61_witness[13] r61=16 tail=30 gh60=0xc90876a W1=0x3b61,0x2546,0x1a20 W2=0x3a6e,0x2f9c,0x2f6d
  r61_witness[14] r61=16 tail=31 gh60=0xd908b6a W1=0x15dd,0x1607,0x346d W2=0x14ea,0xffa,0x25ff
  r61_witness[15] r61=16 tail=31 gh60=0x497cbe6 W1=0x25a4,0xe16,0x2277 W2=0x24b1,0x1805,0x13ac

D60=0 fiber histogram: 1:8016 2:4827 3:1789 4:1076 5:405 6:202 7:88 8:72 9:31 10:14 11:7 12:9 13:4 14:3 15:2 16:1 20:1
