free_word_mitm_reducedn
N=14 mask=0x3fff msb=0x2000
candidate: M0=0x3d36 mode=random-fallback fill=0x3fff kernel=dM0=dM9=0x2000
prefixes=32768/268435456 mode=permuted-prefix-sample w59_per_prefix=16384 total=536870912
run_mode=scan registry_cap=16
sample_start=125632512
scan_elapsed=15.721s rate=34.15 Mtriples/s

D60 interface
  D60=0 matches: 32501 (random expectation 32768.0, enrichment 0.992x)
  prefixes with D60=0: 16515
  max D60=0 fiber per prefix: 24 at W57=0x3ef5 W58=0x6fc
  largest D60 bucket: D=0x12b9 count=33843
  min D60 HW: 0
  D60 HW histogram: 0:32501 1:457233 2:2975972 3:11913957 4:32793775 5:65612516 6:98439046 7:112489560 8:98429561 9:65586588 10:32766399 11:11907164 12:2977518 13:456553 14:32569

Tail closure among D60=0 matches
  final tail collisions: 0
  best r61 HW: 15
  best r61 W1[57..59]=0x9b,0x10dd,0x1608
  best r61 W2[57..59]=0x3fa8,0x389,0x15c2
  best tail HW: 23
  best tail r61 HW: 28
  best W1[57..59]=0xb57,0x2229,0xf0
  best W2[57..59]=0xa64,0x20ed,0x2622

SUMMARY N=14 sample_start=125632512 prefixes=32768 total=536870912 d0=32501 best_tail=23 tail_r61=28 best_r61=15 tail_W1=0xb57,0x2229,0xf0 tail_W2=0xa64,0x20ed,0x2622 r61_W1=0x9b,0x10dd,0x1608 r61_W2=0x3fa8,0x389,0x15c2

Scan-only witness registry
  registry_count=16 registry_cap=16
  witness[00] tail=23 r61=17 gh60=0xc5984a6 W1=0xc2b,0x310d,0x2548 W2=0xb38,0x1f68,0x3c6e
  witness[01] tail=23 r61=18 gh60=0x5a284a6 W1=0x1303,0x1c09,0x389b W2=0x1210,0x2d04,0x17b3
  witness[02] tail=23 r61=23 gh60=0xd665cea W1=0x12,0x11a1,0x5ec W2=0x3f1f,0x141d,0xaec
  witness[03] tail=23 r61=24 gh60=0x7bfccbe W1=0x7f8,0x2c17,0x2b01 W2=0x705,0x267b,0x38f2
  witness[04] tail=23 r61=28 gh60=0x573877e W1=0xb57,0x2229,0xf0 W2=0xa64,0x20ed,0x2622
  witness[05] tail=24 r61=20 gh60=0x5619de6 W1=0x9b,0xcf2,0x37 W2=0x3fa8,0x3f9e,0x30df
  witness[06] tail=24 r61=21 gh60=0x45885aa W1=0x471,0x9e2,0xcec W2=0x37e,0x70a,0x83a
  witness[07] tail=24 r61=22 gh60=0xc99dbaa W1=0x3db2,0x2bf3,0x1aa W2=0x3cbf,0x1e3f,0x290d
  witness[08] tail=24 r61=23 gh60=0xba57d9e W1=0x3088,0x7af,0x297b W2=0x2f95,0xb8,0x16df
  witness[09] tail=25 r61=19 gh60=0x4f19d66 W1=0xd3,0x609,0x1468 W2=0x3fe0,0x13c1,0x2fc6
  witness[10] tail=25 r61=19 gh60=0xda844ba W1=0x4fa,0x533,0x6b4 W2=0x407,0x2a6a,0x221e
  witness[11] tail=25 r61=19 gh60=0x7a7c5ea W1=0xc8e,0x2ba5,0x34d8 W2=0xb9b,0x2a44,0x2b42
  witness[12] tail=25 r61=19 gh60=0xdb785ae W1=0x12af,0x85c,0x1c52 W2=0x11bc,0x3d94,0x1148
  witness[13] tail=25 r61=19 gh60=0x490876e W1=0x3b5f,0x5b2,0x313a W2=0x3a6c,0xfe8,0x2cfd
  witness[14] tail=25 r61=20 gh60=0x562ccea W1=0x812,0x2319,0x2c7d W2=0x71f,0x2815,0xfc4
  witness[15] tail=25 r61=20 gh60=0xf968c9a W1=0x2925,0x5a4,0xcfb W2=0x2832,0x28b6,0x1cef

Scan-only r61 registry
  registry_count=16 registry_cap=16
  r61_witness[00] r61=15 tail=26 gh60=0x7609de6 W1=0x9b,0x10dd,0x1608 W2=0x3fa8,0x389,0x15c2
  r61_witness[01] r61=15 tail=27 gh60=0xbe09cea W1=0x1d,0x3164,0x18ef W2=0x3f2a,0x3397,0x1494
  r61_witness[02] r61=15 tail=28 gh60=0xcdb5caa W1=0x3e3e,0x3ca2,0x386d W2=0x3d4b,0x656,0x17dc
  r61_witness[03] r61=15 tail=33 gh60=0xb4b45aa W1=0x22ae,0x31ac,0x3e23 W2=0x21bb,0x2dd5,0x2089
  r61_witness[04] r61=16 tail=26 gh60=0xc907f7a W1=0x2fda,0x3984,0x225d W2=0x2ee7,0x1798,0x90
  r61_witness[05] r61=16 tail=28 gh60=0x44884a6 W1=0xc3b,0x1ec,0x1abd W2=0xb48,0x3137,0x1758
  r61_witness[06] r61=16 tail=29 gh60=0x4e18c9a W1=0x3905,0x6d6,0x5f W2=0x3812,0x3aa8,0x1602
  r61_witness[07] r61=16 tail=30 gh60=0x45a84ba W1=0x3f9,0x113a,0x23cf W2=0x306,0x363c,0xb8b
  r61_witness[08] r61=16 tail=30 gh60=0xf908b6a W1=0x15dd,0x1a07,0x1f3 W2=0x14ea,0x13fa,0x3b06
  r61_witness[09] r61=16 tail=31 gh60=0x4918b6a W1=0x255d,0x35ff,0x2da4 W2=0x246a,0x2be6,0x1cfc
  r61_witness[10] r61=16 tail=32 gh60=0xc9844a6 W1=0x232c,0x1510,0xb26 W2=0x2239,0x256e,0x32fa
  r61_witness[11] r61=16 tail=32 gh60=0x4f14b6a W1=0x355e,0x6ce,0x162a W2=0x346b,0x14c6,0x565
  r61_witness[12] r61=16 tail=34 gh60=0x49884a6 W1=0x2eb,0x21c0,0x2d8 W2=0x1f8,0x9d,0x1262
  r61_witness[13] r61=16 tail=34 gh60=0xc88fbaa W1=0x31ae,0x126d,0x15a9 W2=0x30bb,0x37b5,0x3e34
  r61_witness[14] r61=16 tail=35 gh60=0x448fcaa W1=0xe2e,0xac9,0x1243 W2=0xd3b,0x3d89,0xc34
  r61_witness[15] r61=16 tail=36 gh60=0xc60449a W1=0xc0a,0x2170,0x1dae W2=0xb17,0x838,0x2087

D60=0 fiber histogram: 1:7994 2:4813 3:1755 4:1128 5:382 6:233 7:68 8:64 9:33 10:23 11:10 12:4 13:3 14:1 15:2 16:1 24:1
