free_word_mitm_reducedn
N=14 mask=0x3fff msb=0x2000
candidate: M0=0x3d36 mode=random-fallback fill=0x3fff kernel=dM0=dM9=0x2000
prefixes=32768/268435456 mode=permuted-prefix-sample w59_per_prefix=16384 total=536870912
run_mode=scan registry_cap=16
sample_start=184352768
scan_elapsed=15.654s rate=34.30 Mtriples/s

D60 interface
  D60=0 matches: 32366 (random expectation 32768.0, enrichment 0.988x)
  prefixes with D60=0: 16422
  max D60=0 fiber per prefix: 16 at W57=0x372 W58=0x2368
  largest D60 bucket: D=0x929 count=33828
  min D60 HW: 0
  D60 HW histogram: 0:32366 1:454880 2:2967136 3:11904308 4:32780306 5:65641600 6:98490492 7:112545682 8:98420801 9:65549413 10:32736941 11:11892660 12:2965630 13:456409 14:32288

Tail closure among D60=0 matches
  final tail collisions: 0
  best r61 HW: 15
  best r61 W1[57..59]=0x13c,0x59c,0x1d57
  best r61 W2[57..59]=0x49,0x31ab,0xb60
  best tail HW: 23
  best tail r61 HW: 17
  best W1[57..59]=0x816,0x1041,0xe07
  best W2[57..59]=0x723,0x3479,0x126

SUMMARY N=14 sample_start=184352768 prefixes=32768 total=536870912 d0=32366 best_tail=23 tail_r61=17 best_r61=15 tail_W1=0x816,0x1041,0xe07 tail_W2=0x723,0x3479,0x126 r61_W1=0x13c,0x59c,0x1d57 r61_W2=0x49,0x31ab,0xb60

Scan-only witness registry
  registry_count=16 registry_cap=16
  witness[00] tail=23 r61=17 gh60=0x7ad4cfa W1=0x816,0x1041,0xe07 W2=0x723,0x3479,0x126
  witness[01] tail=24 r61=17 gh60=0xcb184a6 W1=0x2243,0x225b,0x2b99 W2=0x2150,0xfd6,0x38b4
  witness[02] tail=24 r61=20 gh60=0xf8d8c9a W1=0x1729,0xb7e,0x140 W2=0x1636,0x50,0x379a
  witness[03] tail=24 r61=20 gh60=0xc918b6a W1=0x19d1,0x3b21,0x1cde W2=0x18de,0x124,0x1dcc
  witness[04] tail=24 r61=20 gh60=0xdca44ea W1=0x1a22,0x146,0xefb W2=0x192f,0x13d1,0x2c32
  witness[05] tail=25 r61=16 gh60=0x3b18d6e W1=0x264f,0x30e3,0x27ea W2=0x255c,0x1712,0x2d79
  witness[06] tail=25 r61=18 gh60=0x3b08b66 W1=0x5db,0x159,0x2458 W2=0x4e8,0x71f,0x1635
  witness[07] tail=25 r61=20 gh60=0x4d57dba W1=0xeb6,0x3e3b,0x33bc W2=0xdc3,0x10a7,0x1311
  witness[08] tail=25 r61=20 gh60=0xc887c9a W1=0x112a,0x302e,0x248 W2=0x1037,0x3c73,0x8c4
  witness[09] tail=25 r61=20 gh60=0xc918f6a W1=0x274d,0xf7e,0x3251 W2=0x265a,0x399,0xc86
  witness[10] tail=25 r61=20 gh60=0x4e085ee W1=0x349f,0x1fe5,0x1f33 W2=0x33ac,0x1913,0x3c64
  witness[11] tail=25 r61=23 gh60=0x4de8b66 W1=0x19e3,0x2f94,0x2761 W2=0x18f0,0x496,0x2567
  witness[12] tail=25 r61=24 gh60=0xcea8b9a W1=0x3569,0x8a6,0x63c W2=0x3476,0x1884,0xb0e
  witness[13] tail=25 r61=25 gh60=0x4be8f66 W1=0x17d3,0x1a57,0x1424 W2=0x16e0,0x11a5,0x3daf
  witness[14] tail=25 r61=27 gh60=0xc72bc9a W1=0xf45,0x1c72,0x1b42 W2=0xe52,0x2f3e,0x1d8f
  witness[15] tail=25 r61=27 gh60=0x4d9c4a6 W1=0x1a3c,0x3848,0x2bef W2=0x1949,0x2294,0x1650

Scan-only r61 registry
  registry_count=16 registry_cap=16
  r61_witness[00] r61=15 tail=26 gh60=0xc90bf6e W1=0x2f5f,0x117e,0x685 W2=0x2e6c,0x38ad,0x2297
  r61_witness[01] r61=15 tail=28 gh60=0x489bc9a W1=0x3125,0x3d1c,0xf09 W2=0x3032,0x15a8,0xe57
  r61_witness[02] r61=15 tail=30 gh60=0xb885ca6 W1=0x13c,0x59c,0x1d57 W2=0x49,0x31ab,0xb60
  r61_witness[03] r61=16 tail=25 gh60=0x3b18d6e W1=0x264f,0x30e3,0x27ea W2=0x255c,0x1712,0x2d79
  r61_witness[04] r61=16 tail=28 gh60=0xb4a9dba W1=0xb5,0x2ddf,0x6c W2=0x3fc2,0x1632,0x28b2
  r61_witness[05] r61=16 tail=28 gh60=0x498dfae W1=0x1fb0,0x34b3,0x1b6c W2=0x1ebd,0x2cfb,0x12bb
  r61_witness[06] r61=16 tail=31 gh60=0x4668cba W1=0x8f9,0x3e3a,0x15fe W2=0x806,0x207d,0x2932
  r61_witness[07] r61=16 tail=34 gh60=0x449bdba W1=0xeb5,0x886,0x2878 W2=0xdc2,0x2edd,0x334d
  r61_witness[08] r61=16 tail=37 gh60=0x54985aa W1=0x22bd,0x36c1,0x362 W2=0x21ca,0x3c5,0x35b1
  r61_witness[09] r61=17 tail=23 gh60=0x7ad4cfa W1=0x816,0x1041,0xe07 W2=0x723,0x3479,0x126
  r61_witness[10] r61=17 tail=24 gh60=0xcb184a6 W1=0x2243,0x225b,0x2b99 W2=0x2150,0xfd6,0x38b4
  r61_witness[11] r61=17 tail=27 gh60=0x58b7baa W1=0xdbe,0x286,0x2839 W2=0xccb,0x3582,0x3174
  r61_witness[12] r61=17 tail=27 gh60=0x54afd9e W1=0x10a8,0x1163,0x20e W2=0xfb5,0x3dbc,0x3a12
  r61_witness[13] r61=17 tail=27 gh60=0x4998baa W1=0x35ad,0xf5f,0x2148 W2=0x34ba,0xf72,0x26b4
  r61_witness[14] r61=17 tail=28 gh60=0x4568d9a W1=0x6c9,0xf15,0x2945 W2=0x5d6,0x303b,0x20b0
  r61_witness[15] r61=17 tail=28 gh60=0xce244a6 W1=0x3d04,0x3c8,0xca5 W2=0x3c11,0x22c6,0x1ed7

D60=0 fiber histogram: 1:8011 2:4685 3:1786 4:1081 5:401 6:225 7:89 8:79 9:25 10:15 11:8 12:8 13:2 14:1 15:2 16:4
