free_word_mitm_reducedn
N=14 mask=0x3fff msb=0x2000
candidate: M0=0x3d36 mode=random-fallback fill=0x3fff kernel=dM0=dM9=0x2000
prefixes=32768/268435456 mode=permuted-prefix-sample w59_per_prefix=16384 total=536870912
run_mode=scan registry_cap=16
sample_start=201129984
scan_elapsed=15.637s rate=34.33 Mtriples/s

D60 interface
  D60=0 matches: 32741 (random expectation 32768.0, enrichment 0.999x)
  prefixes with D60=0: 16696
  max D60=0 fiber per prefix: 18 at W57=0x3d3e W58=0x3088
  largest D60 bucket: D=0x1836 count=33816
  min D60 HW: 0
  D60 HW histogram: 0:32741 1:459161 2:2980268 3:11912998 4:32778207 5:65592155 6:98401220 7:112493841 8:98433719 9:65604809 10:32787014 11:11919843 12:2983464 13:458722 14:32750

Tail closure among D60=0 matches
  final tail collisions: 0
  best r61 HW: 13
  best r61 W1[57..59]=0x29da,0x2a55,0x3b7f
  best r61 W2[57..59]=0x28e7,0xf4d,0x21f8
  best tail HW: 21
  best tail r61 HW: 18
  best W1[57..59]=0x2031,0x3d8a,0xee1
  best W2[57..59]=0x1f3e,0x3d89,0xd1c

SUMMARY N=14 sample_start=201129984 prefixes=32768 total=536870912 d0=32741 best_tail=21 tail_r61=18 best_r61=13 tail_W1=0x2031,0x3d8a,0xee1 tail_W2=0x1f3e,0x3d89,0xd1c r61_W1=0x29da,0x2a55,0x3b7f r61_W2=0x28e7,0xf4d,0x21f8

Scan-only witness registry
  registry_count=16 registry_cap=16
  witness[00] tail=21 r61=18 gh60=0xbb79caa W1=0x2031,0x3d8a,0xee1 W2=0x1f3e,0x3d89,0xd1c
  witness[01] tail=23 r61=17 gh60=0x4f08566 W1=0x3adb,0x3968,0x1689 W2=0x39e8,0x15a3,0xfa6
  witness[02] tail=24 r61=17 gh60=0x4ba849e W1=0x19e7,0x2e6,0x1ac W2=0x18f4,0x1f1b,0x24f2
  witness[03] tail=24 r61=21 gh60=0x5b984aa W1=0x2531,0x875,0x33db W2=0x243e,0xf35,0x2086
  witness[04] tail=24 r61=22 gh60=0x3b1456a W1=0x4ce,0xfd3,0x2ee W2=0x3db,0x1082,0x24ee
  witness[05] tail=24 r61=24 gh60=0x3a0c5e6 W1=0x248c,0x328e,0x3d4f W2=0x2399,0x2948,0x84e
  witness[06] tail=24 r61=26 gh60=0xce55bba W1=0x1d76,0x2b95,0x2fa6 W2=0x1c83,0x2a2d,0x2aaf
  witness[07] tail=25 r61=18 gh60=0xcb8bca6 W1=0xefb,0x6d3,0x2606 W2=0xe08,0x15dd,0x1ffd
  witness[08] tail=25 r61=21 gh60=0xd989ba6 W1=0x1ab,0x1615,0xae W2=0xb8,0x1767,0x16e9
  witness[09] tail=25 r61=21 gh60=0x4b24caa W1=0x3642,0x2867,0x2eb W2=0x354f,0xfb,0x3f71
  witness[10] tail=25 r61=22 gh60=0x4a5bd9e W1=0x3087,0x13d0,0xea4 W2=0x2f94,0x8e8,0x2bd0
  witness[11] tail=25 r61=24 gh60=0xcca849e W1=0x1427,0x3d33,0x2d9a W2=0x1334,0x1ae6,0x1006
  witness[12] tail=25 r61=24 gh60=0xba3cbfa W1=0x399a,0x5de,0xcb2 W2=0x38a7,0x62,0x311e
  witness[13] tail=25 r61=24 gh60=0xcb245a6 W1=0x3ac4,0x17c4,0x34f1 W2=0x39d1,0x1c2a,0x3107
  witness[14] tail=26 r61=18 gh60=0xc8a8b9a W1=0x15a9,0x2218,0x334d W2=0x14b6,0x337a,0x1fbb
  witness[15] tail=26 r61=18 gh60=0xca88baa W1=0x356d,0x1fe3,0x23d9 W2=0x347a,0x2066,0x18e7

Scan-only r61 registry
  registry_count=16 registry_cap=16
  r61_witness[00] r61=13 tail=35 gh60=0x4904b7a W1=0x29da,0x2a55,0x3b7f W2=0x28e7,0xf4d,0x21f8
  r61_witness[01] r61=14 tail=31 gh60=0x4d04d66 W1=0x38dc,0x26d4,0x28df W2=0x37e9,0x26ef,0x2a7c
  r61_witness[02] r61=15 tail=29 gh60=0x5908b6a W1=0x29d1,0x2e26,0x123e W2=0x28de,0x282d,0x1567
  r61_witness[03] r61=15 tail=32 gh60=0x4789fae W1=0x3f7f,0x2a2c,0x1c3f W2=0x3e8c,0x22e3,0xa2f
  r61_witness[04] r61=15 tail=36 gh60=0x4909b6a W1=0x14d,0x1c45,0x533 W2=0x5a,0x384,0x152
  r61_witness[05] r61=15 tail=36 gh60=0x4668cfe W1=0x2617,0xbcc,0x3cc9 W2=0x2524,0x1a33,0x628
  r61_witness[06] r61=16 tail=27 gh60=0x4a1c4a6 W1=0x2404,0x251c,0x177e W2=0x2311,0x518,0x3e76
  r61_witness[07] r61=16 tail=28 gh60=0xc6584ba W1=0x13f9,0x2e2a,0x32c4 W2=0x1306,0x2528,0x131e
  r61_witness[08] r61=16 tail=29 gh60=0x4608cea W1=0x170d,0x8d3,0x1c00 W2=0x161a,0x1eca,0x1f40
  r61_witness[09] r61=16 tail=29 gh60=0xca8449a W1=0x3aea,0x187d,0xb60 W2=0x39f7,0x10bf,0x37c8
  r61_witness[10] r61=16 tail=31 gh60=0x3a684fa W1=0xd15,0x3977,0x3369 W2=0xc22,0x1ceb,0x1bfa
  r61_witness[11] r61=16 tail=31 gh60=0xd6085e6 W1=0x3a9b,0x3dc2,0x2d32 W2=0x39a8,0x226d,0x20fd
  r61_witness[12] r61=16 tail=32 gh60=0xcc884aa W1=0x1a3d,0x3a27,0x1872 W2=0x194a,0xcd3,0x27c8
  r61_witness[13] r61=16 tail=32 gh60=0x4634fea W1=0x279e,0x25b8,0x1799 W2=0x26ab,0x253c,0x14fb
  r61_witness[14] r61=16 tail=32 gh60=0x4ab9bba W1=0x3d79,0x3efd,0x383b W2=0x3c86,0x1c4,0x174
  r61_witness[15] r61=16 tail=34 gh60=0xc6185ee W1=0x1c8f,0x3674,0x1179 W2=0x1b9c,0x3036,0x1584

D60=0 fiber histogram: 1:8182 2:4764 3:1775 4:1127 5:400 6:235 7:78 8:75 9:22 10:16 11:6 12:6 13:3 14:3 15:1 16:2 18:1
