free_word_mitm_reducedn
N=14 mask=0x3fff msb=0x2000
candidate: M0=0x3d36 mode=random-fallback fill=0x3fff kernel=dM0=dM9=0x2000
prefixes=32768/268435456 mode=permuted-prefix-sample w59_per_prefix=16384 total=536870912
run_mode=scan registry_cap=16
sample_start=21037056
scan_elapsed=18.866s rate=28.46 Mtriples/s

D60 interface
  D60=0 matches: 32529 (random expectation 32768.0, enrichment 0.993x)
  prefixes with D60=0: 16578
  max D60=0 fiber per prefix: 18 at W57=0x17e3 W58=0x3986
  largest D60 bucket: D=0x58c count=33727
  min D60 HW: 0
  D60 HW histogram: 0:32529 1:457966 2:2979260 3:11922301 4:32786505 5:65613763 6:98416806 7:112470514 8:98409247 9:65596460 10:32802858 11:11916816 12:2974981 13:458245 14:32661

Tail closure among D60=0 matches
  final tail collisions: 0
  best r61 HW: 13
  best r61 W1[57..59]=0x3c7f,0x1def,0x31ff
  best r61 W2[57..59]=0x3b8c,0x14a7,0xca7
  best tail HW: 22
  best tail r61 HW: 26
  best W1[57..59]=0x6a3,0x18c1,0x2806
  best W2[57..59]=0x5b0,0xe1f,0x2bd4

SUMMARY N=14 sample_start=21037056 prefixes=32768 total=536870912 d0=32529 best_tail=22 tail_r61=26 best_r61=13 tail_W1=0x6a3,0x18c1,0x2806 tail_W2=0x5b0,0xe1f,0x2bd4 r61_W1=0x3c7f,0x1def,0x31ff r61_W2=0x3b8c,0x14a7,0xca7

Scan-only witness registry
  registry_count=16 registry_cap=16
  witness[00] tail=22 r61=26 gh60=0x3be8de6 W1=0x6a3,0x18c1,0x2806 W2=0x5b0,0xe1f,0x2bd4
  witness[01] tail=23 r61=17 gh60=0x562849a W1=0x3209,0x2f1a,0x336f W2=0x3116,0x23ef,0x34de
  witness[02] tail=23 r61=19 gh60=0x4be44e6 W1=0xb14,0x3d9f,0x3b79 W2=0xa21,0x2e91,0x399c
  witness[03] tail=23 r61=23 gh60=0x39bc566 W1=0x34e4,0x22cd,0x2500 W2=0x33f1,0x819,0x939
  witness[04] tail=23 r61=25 gh60=0xca9c4a6 W1=0x12ec,0x26df,0x3886 W2=0x11f9,0x8bd,0x310f
  witness[05] tail=23 r61=28 gh60=0xdbfccba W1=0x38f6,0x1c11,0x19d9 W2=0x3803,0xe91,0x23b5
  witness[06] tail=24 r61=18 gh60=0x3a0c49a W1=0x130a,0x28f4,0x3bf2 W2=0x1217,0x21f6,0x3deb
  witness[07] tail=24 r61=18 gh60=0x76b44ba W1=0x31f6,0x10b3,0x17a4 W2=0x3103,0x472,0x36c2
  witness[08] tail=24 r61=18 gh60=0xdd89daa W1=0x3eb1,0x30a8,0x3555 W2=0x3dbe,0x2e7f,0x232d
  witness[09] tail=24 r61=23 gh60=0x5b644aa W1=0x242,0x3cec,0x1a22 W2=0x14f,0x1,0x9be
  witness[10] tail=24 r61=24 gh60=0xfdf8d9e W1=0x8c7,0x3a44,0x347 W2=0x7d4,0x3d4a,0x321d
  witness[11] tail=24 r61=24 gh60=0xfd6c5aa W1=0xcc2,0x11e4,0x59c W2=0xbcf,0x2121,0x3b5c
  witness[12] tail=24 r61=24 gh60=0x5a0c4e6 W1=0x2d0c,0x398d,0x2576 W2=0x2c19,0x2a71,0x1090
  witness[13] tail=25 r61=20 gh60=0x7d89caa W1=0x1e31,0x337c,0x3169 W2=0x1d3e,0x397b,0x6f6
  witness[14] tail=25 r61=20 gh60=0xca35bfa W1=0x3d96,0x998,0x109d W2=0x3ca3,0xa28,0x4c3
  witness[15] tail=25 r61=21 gh60=0xcbb85ae W1=0x24bf,0x2d03,0x16f4 W2=0x23cc,0x14ab,0x1728

Scan-only r61 registry
  registry_count=16 registry_cap=16
  r61_witness[00] r61=13 tail=28 gh60=0xce885ae W1=0x3c7f,0x1def,0x31ff W2=0x3b8c,0x14a7,0xca7
  r61_witness[01] r61=15 tail=28 gh60=0x4a09ce6 W1=0x3f0b,0x2b26,0x2817 W2=0x3e18,0x73a,0x3bd9
  r61_witness[02] r61=15 tail=34 gh60=0xc528ca6 W1=0x3643,0x1481,0x275f W2=0x3550,0x14bd,0x3390
  r61_witness[03] r61=15 tail=35 gh60=0xc609dea W1=0x3e91,0x12d5,0x1297 W2=0x3d9e,0x1334,0x4ba
  r61_witness[04] r61=15 tail=37 gh60=0x768479a W1=0x136a,0x658,0x1840 W2=0x1277,0x8b4,0x15bb
  r61_witness[05] r61=15 tail=40 gh60=0x470856a W1=0xce1,0x1d8,0x3143 W2=0xbee,0x4f2,0x3ca0
  r61_witness[06] r61=16 tail=28 gh60=0xce2879e W1=0x2387,0x31bd,0x3bd5 W2=0x2294,0x2c56,0x2603
  r61_witness[07] r61=16 tail=31 gh60=0x388c4ae W1=0x3530,0x2c15,0x2e31 W2=0x343d,0x29b6,0x338b
  r61_witness[08] r61=16 tail=32 gh60=0x4a0fcea W1=0xf1e,0x3454,0x318d W2=0xe2b,0x23d0,0x3fb3
  r61_witness[09] r61=16 tail=32 gh60=0x38a8b9a W1=0x25a9,0x3782,0x8b9 W2=0x24b6,0x37e8,0xcae
  r61_witness[10] r61=16 tail=33 gh60=0x4c9bdae W1=0x10bf,0x542,0x38c6 W2=0xfcc,0x15ed,0x27d4
  r61_witness[11] r61=16 tail=33 gh60=0x4604b9a W1=0x398a,0x333a,0x3697 W2=0x3897,0x3015,0xdb8
  r61_witness[12] r61=16 tail=34 gh60=0xc90cf6a W1=0x27ce,0x12a5,0xf59 W2=0x26db,0xacd,0x1525
  r61_witness[13] r61=16 tail=36 gh60=0x4b0cb9a W1=0x25ca,0x71f,0x35c4 W2=0x24d7,0x35b2,0x163e
  r61_witness[14] r61=17 tail=23 gh60=0x562849a W1=0x3209,0x2f1a,0x336f W2=0x3116,0x23ef,0x34de
  r61_witness[15] r61=17 tail=26 gh60=0x498dfaa W1=0x1fae,0x1f6f,0x1e30 W2=0x1ebb,0x1f77,0x1783

D60=0 fiber histogram: 1:8085 2:4748 3:1830 4:1073 5:405 6:219 7:89 8:65 9:22 10:20 11:8 12:3 13:4 14:2 15:2 16:1 18:2
