free_word_mitm_reducedn
N=14 mask=0x3fff msb=0x2000
candidate: M0=0x3d36 mode=random-fallback fill=0x3fff kernel=dM0=dM9=0x2000
prefixes=32768/268435456 mode=permuted-prefix-sample w59_per_prefix=16384 total=536870912
run_mode=scan registry_cap=16
sample_start=123731968
scan_elapsed=18.919s rate=28.38 Mtriples/s

D60 interface
  D60=0 matches: 32075 (random expectation 32768.0, enrichment 0.979x)
  prefixes with D60=0: 16393
  max D60=0 fiber per prefix: 27 at W57=0x2e41 W58=0x358c
  largest D60 bucket: D=0x70e count=34114
  min D60 HW: 0
  D60 HW histogram: 0:32075 1:456724 2:2975095 3:11921147 4:32787488 5:65629214 6:98451032 7:112480249 8:98399932 9:65577831 10:32778567 11:11912376 12:2979470 13:457459 14:32253

Tail closure among D60=0 matches
  final tail collisions: 0
  best r61 HW: 14
  best r61 W1[57..59]=0xfa9,0x217a,0x17cb
  best r61 W2[57..59]=0xeb6,0x15a2,0x2c63
  best tail HW: 21
  best tail r61 HW: 21
  best W1[57..59]=0x1d79,0x984,0x1fd
  best W2[57..59]=0x1c86,0xc4b,0x2f77

SUMMARY N=14 sample_start=123731968 prefixes=32768 total=536870912 d0=32075 best_tail=21 tail_r61=21 best_r61=14 tail_W1=0x1d79,0x984,0x1fd tail_W2=0x1c86,0xc4b,0x2f77 r61_W1=0xfa9,0x217a,0x17cb r61_W2=0xeb6,0x15a2,0x2c63

Scan-only witness registry
  registry_count=16 registry_cap=16
  witness[00] tail=21 r61=21 gh60=0xce59bba W1=0x1d79,0x984,0x1fd W2=0x1c86,0xc4b,0x2f77
  witness[01] tail=22 r61=21 gh60=0xcb2dd7e W1=0x3ed8,0x3d2d,0x327b W2=0x3de5,0x17d,0x1edc
  witness[02] tail=22 r61=22 gh60=0x5f8c4a6 W1=0x23c,0x2847,0xce1 W2=0x149,0x395,0x133e
  witness[03] tail=23 r61=20 gh60=0xc58c4a6 W1=0x1bec,0xcb2,0x367e W2=0x1af9,0x1a8e,0x3b15
  witness[04] tail=23 r61=20 gh60=0xc8abbba W1=0x31b5,0x3184,0x230a W2=0x30c2,0xad3,0x2956
  witness[05] tail=24 r61=19 gh60=0x7a6849e W1=0x9e7,0x3448,0x3dc9 W2=0x8f4,0x71,0x35d7
  witness[06] tail=24 r61=28 gh60=0xfef8f66 W1=0x37e3,0xda7,0x39c1 W2=0x36f0,0x3d01,0x206d
  witness[07] tail=25 r61=15 gh60=0x5885ca6 W1=0x12c,0x1924,0xc2e W2=0x39,0x53f,0x2760
  witness[08] tail=25 r61=18 gh60=0xc929b7a W1=0x1d9,0x319a,0x2bc8 W2=0xe6,0x3199,0x2414
  witness[09] tail=25 r61=19 gh60=0x463859e W1=0x2487,0xa03,0x3918 W2=0x2394,0x109c,0x1ab4
  witness[10] tail=25 r61=20 gh60=0x4a845a6 W1=0x147c,0xf26,0x3196 W2=0x1389,0x15cc,0x3e34
  witness[11] tail=25 r61=20 gh60=0xd528d66 W1=0x18d3,0x3d02,0x1b05 W2=0x17e0,0x20c0,0x4a6
  witness[12] tail=25 r61=23 gh60=0xcbfc4fe W1=0x1418,0x26af,0x1e70 W2=0x1325,0x31c8,0x3fe2
  witness[13] tail=25 r61=23 gh60=0x77d7cbe W1=0x3038,0x3dbb,0x38a3 W2=0x2f45,0x201f,0x16f4
  witness[14] tail=25 r61=24 gh60=0x4b57c9a W1=0xe46,0x2c89,0x2203 W2=0xd53,0x3f1a,0x67c
  witness[15] tail=25 r61=24 gh60=0xdcdc49e W1=0x3a28,0x2b2,0x1198 W2=0x3935,0xe5c,0x23d1

Scan-only r61 registry
  registry_count=16 registry_cap=16
  r61_witness[00] r61=14 tail=33 gh60=0x49dbf9a W1=0xfa9,0x217a,0x17cb W2=0xeb6,0x15a2,0x2c63
  r61_witness[01] r61=15 tail=25 gh60=0x5885ca6 W1=0x12c,0x1924,0xc2e W2=0x39,0x53f,0x2760
  r61_witness[02] r61=15 tail=31 gh60=0x4909b66 W1=0x1d5b,0xb5a,0x9b4 W2=0x1c68,0xea2,0x87c
  r61_witness[03] r61=15 tail=31 gh60=0xc599daa W1=0x3e71,0x343,0x247e W2=0x3d7e,0x5ae,0x2859
  r61_witness[04] r61=15 tail=38 gh60=0xd888caa W1=0x193d,0x85f,0x332c W2=0x184a,0x1aca,0x10c8
  r61_witness[05] r61=16 tail=26 gh60=0xba0c49a W1=0x20a,0x1216,0x1b38 W2=0x117,0x36dc,0x3237
  r61_witness[06] r61=16 tail=26 gh60=0x4a884aa W1=0x13f1,0x342c,0x3e77 W2=0x12fe,0xc2c,0xe97
  r61_witness[07] r61=16 tail=26 gh60=0x3b0449a W1=0x2b4a,0x2b2e,0x3d39 W2=0x2a57,0x1332,0x2885
  r61_witness[08] r61=16 tail=27 gh60=0x5885ca6 W1=0x12c,0x1924,0x3c2e W2=0x39,0x53f,0x1760
  r61_witness[09] r61=16 tail=28 gh60=0xd908766 W1=0x13db,0x3c7c,0xa95 W2=0x12e8,0x372d,0x3bc9
  r61_witness[10] r61=16 tail=28 gh60=0xcba8b9e W1=0x1567,0xb6f,0x567 W2=0x1474,0x1505,0x24be
  r61_witness[11] r61=16 tail=31 gh60=0xd4885a6 W1=0x2bb,0x359f,0x12e2 W2=0x1c8,0x8c4,0x103b
  r61_witness[12] r61=16 tail=31 gh60=0xca04ce6 W1=0x181c,0x32a8,0x170d W2=0x1729,0x3b2b,0x95a
  r61_witness[13] r61=16 tail=33 gh60=0x4b04d66 W1=0x365c,0x2fd0,0x1d14 W2=0x3569,0x1e73,0x765
  r61_witness[14] r61=16 tail=35 gh60=0x4b84fa6 W1=0x176c,0xe9,0x1680 W2=0x1679,0x36be,0x2406
  r61_witness[15] r61=16 tail=35 gh60=0x4d24566 W1=0x1cd4,0x339d,0x2bf1 W2=0x1be1,0x20db,0x213d

D60=0 fiber histogram: 1:8000 2:4758 3:1689 4:1153 5:386 6:210 7:65 8:76 9:17 10:13 11:9 12:7 13:3 14:1 15:1 16:2 17:2 27:1
