free_word_mitm_reducedn
N=14 mask=0x3fff msb=0x2000
candidate: M0=0x3d36 mode=random-fallback fill=0x3fff kernel=dM0=dM9=0x2000
prefixes=32768/268435456 mode=permuted-prefix-sample w59_per_prefix=16384 total=536870912
run_mode=scan registry_cap=16
sample_start=73400320
scan_elapsed=19.117s rate=28.08 Mtriples/s

D60 interface
  D60=0 matches: 32861 (random expectation 32768.0, enrichment 1.003x)
  prefixes with D60=0: 16733
  max D60=0 fiber per prefix: 18 at W57=0x2ef5 W58=0x2a9d
  largest D60 bucket: D=0x155c count=33811
  min D60 HW: 0
  D60 HW histogram: 0:32861 1:458747 2:2977839 3:11917250 4:32796877 5:65602104 6:98455120 7:112508787 8:98423419 9:65562435 10:32761106 11:11907465 12:2977196 13:457033 14:32673

Tail closure among D60=0 matches
  final tail collisions: 0
  best r61 HW: 11
  best r61 W1[57..59]=0x195c,0x3868,0x1858
  best r61 W2[57..59]=0x1869,0xa33,0x609
  best tail HW: 21
  best tail r61 HW: 11
  best W1[57..59]=0x195c,0x3868,0x1858
  best W2[57..59]=0x1869,0xa33,0x609

SUMMARY N=14 sample_start=73400320 prefixes=32768 total=536870912 d0=32861 best_tail=21 tail_r61=11 best_r61=11 tail_W1=0x195c,0x3868,0x1858 tail_W2=0x1869,0xa33,0x609 r61_W1=0x195c,0x3868,0x1858 r61_W2=0x1869,0xa33,0x609

Scan-only witness registry
  registry_count=16 registry_cap=16
  witness[00] tail=21 r61=11 gh60=0x4904b66 W1=0x195c,0x3868,0x1858 W2=0x1869,0xa33,0x609
  witness[01] tail=23 r61=19 gh60=0x48bc4aa W1=0x532,0x4db,0x198b W2=0x43f,0x9a0,0x2ccd
  witness[02] tail=23 r61=23 gh60=0x4728c9a W1=0x3645,0xe41,0x293a W2=0x3552,0x74f,0x140b
  witness[03] tail=23 r61=24 gh60=0x5908b6e W1=0x29cf,0x1b0e,0x2979 W2=0x28dc,0x1535,0x12d8
  witness[04] tail=23 r61=24 gh60=0x5b2c76a W1=0x3b52,0x14ad,0x3e58 W2=0x3a5f,0x1414,0x2783
  witness[05] tail=24 r61=20 gh60=0xcd644aa W1=0x3c42,0x5fd,0x1d73 W2=0x3b4f,0x1c12,0x3415
  witness[06] tail=24 r61=21 gh60=0x4bb85ae W1=0x1cbf,0x31b7,0x2a94 W2=0x1bcc,0x25df,0x1bb5
  witness[07] tail=24 r61=21 gh60=0x4969f66 W1=0x1f53,0x953,0xe9c W2=0x1e60,0x2b1b,0x2079
  witness[08] tail=24 r61=21 gh60=0xde54cfe W1=0x3718,0x3331,0x3fc8 W2=0x3625,0xd99,0x3e79
  witness[09] tail=24 r61=21 gh60=0x563c4fa W1=0x3a1a,0x1d52,0xe0e W2=0x3927,0xe3f,0x1d6f
  witness[10] tail=24 r61=24 gh60=0xc908766 W1=0x234b,0xf80,0x2113 W2=0x2258,0x3639,0x81f
  witness[11] tail=24 r61=25 gh60=0xc9a4ce6 W1=0x1724,0x3af3,0x355f W2=0x1631,0x3536,0x3d04
  witness[12] tail=25 r61=18 gh60=0x54b8ca6 W1=0x383b,0x2891,0x1946 W2=0x3748,0x229d,0x2deb
  witness[13] tail=25 r61=18 gh60=0x4a084ee W1=0x3b0f,0x3fbe,0x1900 W2=0x3a1c,0x31d8,0xf31
  witness[14] tail=25 r61=20 gh60=0xf984c9a W1=0x172a,0x25af,0x1ded W2=0x1637,0x1a76,0x148e
  witness[15] tail=25 r61=22 gh60=0xca04cfa W1=0x181a,0x16ff,0xd55 W2=0x1727,0x76b,0x185a

Scan-only r61 registry
  registry_count=16 registry_cap=16
  r61_witness[00] r61=11 tail=21 gh60=0x4904b66 W1=0x195c,0x3868,0x1858 W2=0x1869,0xa33,0x609
  r61_witness[01] r61=14 tail=30 gh60=0x4909f66 W1=0x3fdb,0x18ba,0x3910 W2=0x3ee8,0x3a62,0x3c98
  r61_witness[02] r61=15 tail=27 gh60=0x4b24baa W1=0x25c2,0x16d1,0x2123 W2=0x24cf,0x72d,0x32b1
  r61_witness[03] r61=15 tail=28 gh60=0x4b3c77a W1=0xbda,0x3d3a,0x562 W2=0xae7,0x300b,0x3cb9
  r61_witness[04] r61=15 tail=32 gh60=0x4a09bee W1=0x219f,0x1ecf,0xca6 W2=0x20ac,0x134e,0x2f8f
  r61_witness[05] r61=16 tail=26 gh60=0x4e184ea W1=0x3d1d,0x3167,0x2fe3 W2=0x3c2a,0x7c9,0x99
  r61_witness[06] r61=16 tail=29 gh60=0xcb8dcae W1=0x1df0,0x184d,0xdd3 W2=0x1cfd,0x36b1,0x972
  r61_witness[07] r61=16 tail=30 gh60=0x4a185e6 W1=0x3a9b,0xa53,0x28b6 W2=0x39a8,0x2efe,0x23de
  r61_witness[08] r61=16 tail=30 gh60=0x4ae9b7e W1=0x3d57,0xe12,0x2a87 W2=0x3c64,0xa39,0x13a2
  r61_witness[09] r61=16 tail=33 gh60=0x48887a6 W1=0xbab,0x3c67,0x1f76 W2=0xab8,0x26ba,0x38c
  r61_witness[10] r61=16 tail=33 gh60=0x460c4e6 W1=0x140c,0x20f8,0x32fd W2=0x1319,0x2cce,0x15f7
  r61_witness[11] r61=16 tail=34 gh60=0xc68cbae W1=0x970,0x316a,0x3350 W2=0x87d,0x2602,0x349
  r61_witness[12] r61=16 tail=37 gh60=0x4a0fcee W1=0xe10,0x1b06,0x1e81 W2=0xd1d,0x2e62,0x3361
  r61_witness[13] r61=16 tail=37 gh60=0xca245ea W1=0x1492,0x6eb,0xec4 W2=0x139f,0x2312,0x1de2
  r61_witness[14] r61=16 tail=38 gh60=0xc608cea W1=0x360d,0x113f,0x158b W2=0x351a,0x2b06,0x3b67
  r61_witness[15] r61=17 tail=29 gh60=0x5888bae W1=0x19bf,0x2f15,0x30e7 W2=0x18cc,0x331c,0xf61

D60=0 fiber histogram: 1:8135 2:4799 3:1867 4:1114 5:399 6:208 7:73 8:67 9:20 10:20 11:6 12:14 13:3 14:2 16:3 17:2 18:1
