free_word_mitm_reducedn
N=14 mask=0x3fff msb=0x2000
candidate: M0=0x3d36 mode=random-fallback fill=0x3fff kernel=dM0=dM9=0x2000
prefixes=32768/268435456 mode=permuted-prefix-sample w59_per_prefix=16384 total=536870912
run_mode=scan registry_cap=16
sample_start=60096512
scan_elapsed=18.542s rate=28.95 Mtriples/s

D60 interface
  D60=0 matches: 32205 (random expectation 32768.0, enrichment 0.983x)
  prefixes with D60=0: 16422
  max D60=0 fiber per prefix: 20 at W57=0x93 W58=0x3e58
  largest D60 bucket: D=0x31ce count=33808
  min D60 HW: 0
  D60 HW histogram: 0:32205 1:455389 2:2964535 3:11894299 4:32772978 5:65624117 6:98480765 7:112523074 8:98444678 9:65573607 10:32760726 11:11887818 12:2969036 13:455397 14:32288

Tail closure among D60=0 matches
  final tail collisions: 0
  best r61 HW: 14
  best r61 W1[57..59]=0x1ca,0x3e9,0x33bd
  best r61 W2[57..59]=0xd7,0x3132,0x2497
  best tail HW: 21
  best tail r61 HW: 16
  best W1[57..59]=0x288b,0x375,0x9a
  best W2[57..59]=0x2798,0x342f,0x1b4

SUMMARY N=14 sample_start=60096512 prefixes=32768 total=536870912 d0=32205 best_tail=21 tail_r61=16 best_r61=14 tail_W1=0x288b,0x375,0x9a tail_W2=0x2798,0x342f,0x1b4 r61_W1=0x1ca,0x3e9,0x33bd r61_W2=0xd7,0x3132,0x2497

Scan-only witness registry
  registry_count=16 registry_cap=16
  witness[00] tail=21 r61=16 gh60=0xce08de6 W1=0x288b,0x375,0x9a W2=0x2798,0x342f,0x1b4
  witness[01] tail=23 r61=20 gh60=0x5af876e W1=0x2bcf,0x10bb,0x3578 W2=0x2adc,0x1101,0x2e48
  witness[02] tail=24 r61=19 gh60=0xba39fea W1=0x3f91,0x1c7f,0x3f35 W2=0x3e9e,0x1b0e,0x1350
  witness[03] tail=24 r61=20 gh60=0x5b244aa W1=0x1442,0x1ff4,0x3bf6 W2=0x134f,0x3689,0x2e22
  witness[04] tail=24 r61=20 gh60=0x3d05c9a W1=0x3e4a,0x3e39,0x3de8 W2=0x3d57,0x2702,0x3836
  witness[05] tail=24 r61=21 gh60=0xfa8c5ae W1=0xa80,0x31dc,0x3c38 W2=0x98d,0x1805,0x2da8
  witness[06] tail=25 r61=18 gh60=0xbad8c9a W1=0x709,0x2086,0x17d4 W2=0x616,0x618,0x1c1d
  witness[07] tail=25 r61=18 gh60=0xcab84a6 W1=0x32fb,0x78e,0x2f35 W2=0x3208,0x365b,0x2606
  witness[08] tail=25 r61=20 gh60=0xf70876e W1=0x2bdf,0x1daf,0x3631 W2=0x2aec,0x1ee1,0x3408
  witness[09] tail=25 r61=21 gh60=0x78b4caa W1=0x93e,0x89d,0x2e75 W2=0x84b,0xa0d,0xe25
  witness[10] tail=25 r61=21 gh60=0x390bb6a W1=0xd4d,0x306e,0x1fdc W2=0xc5a,0xe69,0x3511
  witness[11] tail=25 r61=22 gh60=0x449bde6 W1=0xea3,0x25f3,0xb16 W2=0xdb0,0x94b,0x1e7d
  witness[12] tail=25 r61=22 gh60=0xd588caa W1=0x1831,0x29f2,0x24c8 W2=0x173e,0x3b71,0x839
  witness[13] tail=25 r61=23 gh60=0x4bd459e W1=0x3a88,0x1950,0x12a3 W2=0x3995,0x2dd8,0xf5b
  witness[14] tail=25 r61=24 gh60=0x5cd4dbe W1=0x16b8,0x13c,0x1e61 W2=0x15c5,0x1908,0x23bf
  witness[15] tail=25 r61=24 gh60=0xc719d66 W1=0x1ed3,0x3795,0x2be0 W2=0x1de0,0x33f5,0x3432

Scan-only r61 registry
  registry_count=16 registry_cap=16
  r61_witness[00] r61=14 tail=34 gh60=0xc56c57e W1=0x4d8,0x37c1,0x236c W2=0x3e5,0x386e,0x253d
  r61_witness[01] r61=14 tail=37 gh60=0xb905b9a W1=0x1ca,0x3e9,0x33bd W2=0xd7,0x3132,0x2497
  r61_witness[02] r61=15 tail=28 gh60=0x78a8bba W1=0x5b5,0xaaa,0x33a6 W2=0x4c2,0x3abd,0xa56
  r61_witness[03] r61=15 tail=30 gh60=0xd90bf6e W1=0xf4f,0x1860,0xa0e W2=0xe5c,0x3d9f,0x25ac
  r61_witness[04] r61=15 tail=32 gh60=0x489849a W1=0x1325,0x1550,0x22d8 W2=0x1232,0xd5f,0x30aa
  r61_witness[05] r61=15 tail=32 gh60=0x4657bfa W1=0x3196,0x32f4,0xeb4 W2=0x30a3,0x1ccc,0x2411
  r61_witness[06] r61=15 tail=34 gh60=0x4b0876a W1=0x1b5d,0x1bf4,0x37f5 W2=0x1a6a,0x203e,0x3218
  r61_witness[07] r61=16 tail=21 gh60=0xce08de6 W1=0x288b,0x375,0x9a W2=0x2798,0x342f,0x1b4
  r61_witness[08] r61=16 tail=30 gh60=0x5debba6 W1=0xd83,0x5f1,0x1ed8 W2=0xc90,0x39db,0x32b
  r61_witness[09] r61=16 tail=30 gh60=0xd90bb6a W1=0x114d,0x353f,0x3166 W2=0x105a,0x107a,0x1841
  r61_witness[10] r61=16 tail=32 gh60=0x5498caa W1=0x1841,0x36e6,0x3e60 W2=0x174e,0x955,0x10cb
  r61_witness[11] r61=16 tail=33 gh60=0xc6644ea W1=0x412,0x123d,0x3874 W2=0x31f,0x1b38,0x2f14
  r61_witness[12] r61=16 tail=33 gh60=0x4b8fcae W1=0x30f0,0x2b43,0x3323 W2=0x2ffd,0x2a7,0x30be
  r61_witness[13] r61=16 tail=36 gh60=0x4a384ee W1=0xc0f,0x1242,0x8c W2=0xb1c,0x3ce8,0x11e6
  r61_witness[14] r61=17 tail=27 gh60=0x4c885aa W1=0x2b1,0xe0,0x12c2 W2=0x1be,0x3af8,0x1ea0
  r61_witness[15] r61=17 tail=29 gh60=0xca084ea W1=0x221d,0x2bac,0x269b W2=0x212a,0x2d62,0x97f

D60=0 fiber histogram: 1:7999 2:4790 3:1741 4:1078 5:371 6:218 7:72 8:80 9:23 10:22 11:8 12:7 13:7 14:3 16:2 20:1
