free_word_mitm_reducedn
N=14 mask=0x3fff msb=0x2000
candidate: M0=0x3d36 mode=random-fallback fill=0x3fff kernel=dM0=dM9=0x2000
prefixes=32768/268435456 mode=permuted-prefix-sample w59_per_prefix=16384 total=536870912
run_mode=scan registry_cap=16
sample_start=263356416
scan_elapsed=14.140s rate=37.97 Mtriples/s

D60 interface
  D60=0 matches: 33068 (random expectation 32768.0, enrichment 1.009x)
  prefixes with D60=0: 16610
  max D60=0 fiber per prefix: 18 at W57=0x3f3e W58=0x185f
  largest D60 bucket: D=0x39d7 count=33760
  min D60 HW: 0
  D60 HW histogram: 0:33068 1:458756 2:2979904 3:11919157 4:32778054 5:65541653 6:98354564 7:112464361 8:98447644 9:65646403 10:32836758 11:11936574 12:2982713 13:458867 14:32436

Tail closure among D60=0 matches
  final tail collisions: 0
  best r61 HW: 13
  best r61 W1[57..59]=0xca3,0x72e,0x357f
  best r61 W2[57..59]=0xbb0,0x1a8b,0x112e
  best tail HW: 23
  best tail r61 HW: 21
  best W1[57..59]=0x20ee,0xe43,0x161f
  best W2[57..59]=0x1ffb,0xec7,0x2976

SUMMARY N=14 sample_start=263356416 prefixes=32768 total=536870912 d0=33068 best_tail=23 tail_r61=21 best_r61=13 tail_W1=0x20ee,0xe43,0x161f tail_W2=0x1ffb,0xec7,0x2976 r61_W1=0xca3,0x72e,0x357f r61_W2=0xbb0,0x1a8b,0x112e

Scan-only witness registry
  registry_count=16 registry_cap=16
  witness[00] tail=23 r61=21 gh60=0x469dcaa W1=0x20ee,0xe43,0x161f W2=0x1ffb,0xec7,0x2976
  witness[01] tail=23 r61=22 gh60=0x4a34cee W1=0x910,0x1b42,0x8ff W2=0x81d,0x82a,0x2c33
  witness[02] tail=23 r61=28 gh60=0xd6d9c9e W1=0x2047,0x14c8,0x2fd6 W2=0x1f54,0x1d74,0x2891
  witness[03] tail=24 r61=21 gh60=0x49a849a W1=0x32e5,0x3577,0x36e8 W2=0x31f2,0x2e02,0x32a
  witness[04] tail=24 r61=21 gh60=0xcfdcd9e W1=0x3668,0x1084,0x5b0 W2=0x3575,0x27d3,0x395d
  witness[05] tail=25 r61=17 gh60=0xd9884aa W1=0x1b2d,0xef0,0xf60 W2=0x1a3a,0x266c,0x5
  witness[06] tail=25 r61=18 gh60=0x4708d66 W1=0x64b,0x1f3f,0x5d4 W2=0x558,0x3df1,0x193c
  witness[07] tail=25 r61=18 gh60=0x4ad857e W1=0x2ad7,0x36b4,0x1207 W2=0x29e4,0x188,0x3420
  witness[08] tail=25 r61=20 gh60=0x7cbfcaa W1=0xe2e,0x2457,0x1f6b W2=0xd3b,0x1717,0x15a6
  witness[09] tail=25 r61=21 gh60=0x4e6bd9e W1=0xe87,0x30f6,0x27c1 W2=0xd94,0x240e,0x2b6a
  witness[10] tail=25 r61=21 gh60=0x4bedca6 W1=0x2004,0x3bee,0x2d6a W2=0x1f11,0x1429,0x2a4c
  witness[11] tail=25 r61=22 gh60=0xc7884aa W1=0x143d,0x1086,0x4c0 W2=0x134a,0x2732,0x2fec
  witness[12] tail=25 r61=24 gh60=0x4b7479a W1=0x3c6,0x2aa3,0x1c65 W2=0x2d3,0x2cb9,0x275f
  witness[13] tail=25 r61=26 gh60=0xf7f84aa W1=0x39fd,0x182e,0x22f1 W2=0x390a,0x2d5a,0x39ac
  witness[14] tail=25 r61=27 gh60=0x5f0cd6a W1=0x184e,0x1beb,0x13bf W2=0x175b,0x2b37,0x2dab
  witness[15] tail=26 r61=14 gh60=0x4b647ea W1=0x23a2,0x79d,0x2f11 W2=0x22af,0x3b04,0x927

Scan-only r61 registry
  registry_count=16 registry_cap=16
  r61_witness[00] r61=13 tail=27 gh60=0x44985e6 W1=0xca3,0x72e,0x357f W2=0xbb0,0x1a8b,0x112e
  r61_witness[01] r61=14 tail=26 gh60=0x4b647ea W1=0x23a2,0x79d,0x2f11 W2=0x22af,0x3b04,0x927
  r61_witness[02] r61=14 tail=33 gh60=0x3a24ce6 W1=0x1614,0x36f7,0x468 W2=0x1521,0x49e,0x1aa3
  r61_witness[03] r61=15 tail=27 gh60=0x4e1c4e6 W1=0xa0c,0x1e1f,0x39bd W2=0x919,0x3af3,0x1359
  r61_witness[04] r61=15 tail=28 gh60=0xd714b6e W1=0x25d0,0x132e,0x39ee W2=0x24dd,0xd56,0x1285
  r61_witness[05] r61=15 tail=31 gh60=0x495879e W1=0x13c7,0x3787,0x268 W2=0x12d4,0x1b0,0x63b
  r61_witness[06] r61=16 tail=26 gh60=0x45884aa W1=0x2c01,0xc4,0x1b84 W2=0x2b0e,0x634,0x308f
  r61_witness[07] r61=16 tail=27 gh60=0x5894caa W1=0x293e,0x2855,0x3248 W2=0x284b,0x29c5,0x4e0
  r61_witness[08] r61=16 tail=29 gh60=0x4915b6e W1=0x2150,0xf3b,0xc8a W2=0x205d,0x3e57,0x13a1
  r61_witness[09] r61=16 tail=30 gh60=0x461fbee W1=0x11a0,0xa6,0x29b4 W2=0x10ad,0x1f22,0xb3e
  r61_witness[10] r61=16 tail=31 gh60=0xc4e44aa W1=0x432,0x11be,0x57c W2=0x33f,0x1643,0x352d
  r61_witness[11] r61=16 tail=31 gh60=0x4a0449a W1=0x330a,0x851,0x2aeb W2=0x3217,0x15b,0x13f2
  r61_witness[12] r61=16 tail=32 gh60=0x4684c9a W1=0x28ea,0x1893,0x5be W2=0x27f7,0x3bda,0x1822
  r61_witness[13] r61=16 tail=35 gh60=0x4678c9a W1=0x3605,0x1dc2,0xdb0 W2=0x3512,0x1754,0x354
  r61_witness[14] r61=17 tail=25 gh60=0xd9884aa W1=0x1b2d,0xef0,0xf60 W2=0x1a3a,0x266c,0x5
  r61_witness[15] r61=17 tail=27 gh60=0x360bbe6 W1=0x2d9b,0x3d02,0x8c7 W2=0x2ca8,0x3ac2,0x3ad6

D60=0 fiber histogram: 1:7942 2:4858 3:1780 4:1155 5:425 6:208 7:81 8:72 9:40 10:21 11:7 12:8 13:5 14:3 16:3 18:2
