free_word_mitm_reducedn
N=14 mask=0x3fff msb=0x2000
candidate: M0=0x3d36 mode=random-fallback fill=0x3fff kernel=dM0=dM9=0x2000
prefixes=32768/268435456 mode=permuted-prefix-sample w59_per_prefix=16384 total=536870912
run_mode=scan registry_cap=16
sample_start=162136064
scan_elapsed=19.117s rate=28.08 Mtriples/s

D60 interface
  D60=0 matches: 32682 (random expectation 32768.0, enrichment 0.997x)
  prefixes with D60=0: 16533
  max D60=0 fiber per prefix: 18 at W57=0x14a2 W58=0x3412
  largest D60 bucket: D=0x296a count=33742
  min D60 HW: 0
  D60 HW histogram: 0:32682 1:457521 2:2976313 3:11913801 4:32784470 5:65593410 6:98406266 7:112521193 8:98418354 9:65587272 10:32782313 11:11922974 12:2982051 13:459273 14:33019

Tail closure among D60=0 matches
  final tail collisions: 0
  best r61 HW: 13
  best r61 W1[57..59]=0x3cf,0x2c32,0x396f
  best r61 W2[57..59]=0x2dc,0x2470,0x205d
  best tail HW: 23
  best tail r61 HW: 20
  best W1[57..59]=0x12ca,0x17ec,0x1e98
  best W2[57..59]=0x11d7,0x145a,0xa58

SUMMARY N=14 sample_start=162136064 prefixes=32768 total=536870912 d0=32682 best_tail=23 tail_r61=20 best_r61=13 tail_W1=0x12ca,0x17ec,0x1e98 tail_W2=0x11d7,0x145a,0xa58 r61_W1=0x3cf,0x2c32,0x396f r61_W2=0x2dc,0x2470,0x205d

Scan-only witness registry
  registry_count=16 registry_cap=16
  witness[00] tail=23 r61=20 gh60=0x4f1c59a W1=0x12ca,0x17ec,0x1e98 W2=0x11d7,0x145a,0xa58
  witness[01] tail=24 r61=19 gh60=0x78dbcbe W1=0x2f37,0x2df5,0x1136 W2=0x2e44,0x1658,0x18b
  witness[02] tail=24 r61=21 gh60=0x478dcae W1=0x1f40,0x349,0x39e5 W2=0x1e4d,0x311d,0x2482
  witness[03] tail=24 r61=22 gh60=0x4a1dde6 W1=0x3e94,0x1aa7,0x2978 W2=0x3da1,0x1374,0x2334
  witness[04] tail=25 r61=14 gh60=0xd50449a W1=0x224a,0x37cf,0x14db W2=0x2157,0x1c11,0x30e
  witness[05] tail=25 r61=17 gh60=0x5dabdba W1=0x3079,0x1349,0x104 W2=0x2f86,0x162c,0x1fd1
  witness[06] tail=25 r61=17 gh60=0x44885aa W1=0x3cb1,0x1ebe,0x1a09 W2=0x3bbe,0x2dd6,0x4ae
  witness[07] tail=25 r61=18 gh60=0x5985b9a W1=0x1daa,0xa48,0x131a W2=0x1cb7,0x3b91,0x1fd8
  witness[08] tail=25 r61=19 gh60=0xc739c9e W1=0x147,0x2238,0x3a51 W2=0x54,0x18ec,0x239e
  witness[09] tail=25 r61=19 gh60=0x3a65baa W1=0x3d72,0x1326,0x23d7 W2=0x3c7f,0x206,0x18f4
  witness[10] tail=25 r61=20 gh60=0xc92879a W1=0x2bc9,0x18ce,0x780 W2=0x2ad6,0x1afd,0x3a7e
  witness[11] tail=25 r61=22 gh60=0x4a5459a W1=0x1286,0x1133,0x3c0d W2=0x1193,0x3e21,0x1940
  witness[12] tail=25 r61=24 gh60=0xca0dfea W1=0x1f9e,0x8da,0x2b00 W2=0x1eab,0x75a,0x111a
  witness[13] tail=25 r61=26 gh60=0xd9f4bbe W1=0x2978,0x1236,0x3589 W2=0x2885,0x5d2,0x21de
  witness[14] tail=25 r61=26 gh60=0x5a944ae W1=0x3400,0x2da8,0x1a0f W2=0x330d,0x1ab9,0x18a9
  witness[15] tail=25 r61=28 gh60=0xf508d6a W1=0x28d1,0x1ca6,0x15aa W2=0x27de,0x151d,0x2c80

Scan-only r61 registry
  registry_count=16 registry_cap=16
  r61_witness[00] r61=13 tail=27 gh60=0x590876e W1=0x3cf,0x2c32,0x396f W2=0x2dc,0x2470,0x205d
  r61_witness[01] r61=14 tail=25 gh60=0xd50449a W1=0x224a,0x37cf,0x14db W2=0x2157,0x1c11,0x30e
  r61_witness[02] r61=15 tail=29 gh60=0x39984a6 W1=0x1aeb,0x3901,0x3fea W2=0x19f8,0x28dc,0x3833
  r61_witness[03] r61=15 tail=31 gh60=0x491876e W1=0x135f,0x1cf4,0x27ac W2=0x126c,0x1f22,0x38c8
  r61_witness[04] r61=15 tail=31 gh60=0x48fccaa W1=0x1732,0x486,0x2223 W2=0x163f,0x17ca,0x1a5b
  r61_witness[05] r61=16 tail=28 gh60=0x7889caa W1=0x212d,0x2555,0x3c6d W2=0x203a,0x2550,0x160d
  r61_witness[06] r61=16 tail=29 gh60=0x48984ae W1=0x252f,0x11a5,0x760 W2=0x243c,0x3045,0x2a41
  r61_witness[07] r61=16 tail=29 gh60=0x5b28d66 W1=0x2653,0x34e4,0x37b1 W2=0x2560,0x2b1e,0x2d02
  r61_witness[08] r61=16 tail=31 gh60=0x5908766 W1=0xbcb,0x3e58,0x1516 W2=0xad8,0x2493,0x1a7f
  r61_witness[09] r61=16 tail=31 gh60=0x4b0876a W1=0xbdd,0x2af5,0xd5a W2=0xaea,0x223b,0x35bc
  r61_witness[10] r61=16 tail=31 gh60=0x5a69ca6 W1=0x3ff3,0x870,0x2104 W2=0x3f00,0x149e,0x171b
  r61_witness[11] r61=16 tail=33 gh60=0x3924ba6 W1=0x25c4,0x1a98,0x28df W2=0x24d1,0x227d,0xe96
  r61_witness[12] r61=16 tail=35 gh60=0x4d185a6 W1=0x1cc3,0x1527,0xa3e W2=0x1bd0,0x397c,0x1a80
  r61_witness[13] r61=16 tail=38 gh60=0xc62859a W1=0x3c89,0x3686,0x6f1 W2=0x3b96,0x257d,0x37ad
  r61_witness[14] r61=17 tail=25 gh60=0x5dabdba W1=0x3079,0x1349,0x104 W2=0x2f86,0x162c,0x1fd1
  r61_witness[15] r61=17 tail=25 gh60=0x44885aa W1=0x3cb1,0x1ebe,0x1a09 W2=0x3bbe,0x2dd6,0x4ae

D60=0 fiber histogram: 1:7998 2:4830 3:1749 4:1033 5:434 6:258 7:80 8:80 9:33 10:19 11:6 12:7 13:3 16:1 17:1 18:1
