free_word_mitm_reducedn
N=14 mask=0x3fff msb=0x2000
candidate: M0=0x3d36 mode=random-fallback fill=0x3fff kernel=dM0=dM9=0x2000
prefixes=32768/268435456 mode=permuted-prefix-sample w59_per_prefix=16384 total=536870912
run_mode=scan registry_cap=16
sample_start=36306944
scan_elapsed=18.499s rate=29.02 Mtriples/s

D60 interface
  D60=0 matches: 33048 (random expectation 32768.0, enrichment 1.009x)
  prefixes with D60=0: 16722
  max D60=0 fiber per prefix: 20 at W57=0x7d1 W58=0x1e97
  largest D60 bucket: D=0xb62 count=33765
  min D60 HW: 0
  D60 HW histogram: 0:33048 1:457207 2:2971586 3:11905534 4:32778533 5:65593979 6:98395796 7:112477294 8:98444569 9:65619332 10:32798312 11:11921413 12:2981677 13:459687 14:32945

Tail closure among D60=0 matches
  final tail collisions: 0
  best r61 HW: 14
  best r61 W1[57..59]=0xd04,0x317d,0xbbd
  best r61 W2[57..59]=0xc11,0x17b,0x3a94
  best tail HW: 21
  best tail r61 HW: 25
  best W1[57..59]=0x1e9c,0x292c,0x3d7a
  best W2[57..59]=0x1da9,0x159,0x1fbc

SUMMARY N=14 sample_start=36306944 prefixes=32768 total=536870912 d0=33048 best_tail=21 tail_r61=25 best_r61=14 tail_W1=0x1e9c,0x292c,0x3d7a tail_W2=0x1da9,0x159,0x1fbc r61_W1=0xd04,0x317d,0xbbd r61_W2=0xc11,0x17b,0x3a94

Scan-only witness registry
  registry_count=16 registry_cap=16
  witness[00] tail=21 r61=25 gh60=0x4e0dde6 W1=0x1e9c,0x292c,0x3d7a W2=0x1da9,0x159,0x1fbc
  witness[01] tail=22 r61=21 gh60=0xc7a4fa6 W1=0x774,0x12a6,0x1866 W2=0x681,0x398b,0x32c5
  witness[02] tail=23 r61=21 gh60=0xd594dae W1=0x18b0,0x3419,0x116 W2=0x17bd,0x2561,0x254
  witness[03] tail=24 r61=20 gh60=0x56f84ea W1=0x150d,0x374e,0x1e82 W2=0x141a,0xf44,0x36a2
  witness[04] tail=24 r61=21 gh60=0x4c885aa W1=0x1aad,0x2704,0x3838 W2=0x19ba,0x298,0x2765
  witness[05] tail=24 r61=22 gh60=0xd579caa W1=0x1ffd,0x3e74,0x283d W2=0x1f0a,0x29f,0x13f1
  witness[06] tail=24 r61=23 gh60=0xd934f6e W1=0x2750,0x2fa0,0x18cd W2=0x265d,0x1fe0,0x2ad3
  witness[07] tail=24 r61=26 gh60=0x5a24cea W1=0x2712,0xfb8,0x30a4 W2=0x261f,0x1684,0x29c0
  witness[08] tail=24 r61=27 gh60=0xcdbcca6 W1=0x7ec,0xb4e,0x5b W2=0x6f9,0x5eb,0x1dad
  witness[09] tail=25 r61=17 gh60=0x3a55dfe W1=0x1e98,0x29da,0x1fcb W2=0x1da5,0x329a,0x1fdd
  witness[10] tail=25 r61=21 gh60=0xc5f84aa W1=0x33f1,0x1c7e,0x3f41 W2=0x32fe,0x327e,0x36e2
  witness[11] tail=25 r61=22 gh60=0xc8a4bea W1=0x15a2,0x3c56,0x20a3 W2=0x14af,0x3aba,0x2fa6
  witness[12] tail=25 r61=22 gh60=0x4b34b9a W1=0x25c6,0x56,0x31de W2=0x24d3,0x3eb5,0x2188
  witness[13] tail=25 r61=23 gh60=0xc71859a W1=0x14c5,0x2d58,0x2b59 W2=0x13d2,0x2b3d,0x35c1
  witness[14] tail=25 r61=26 gh60=0xff884aa W1=0x2b2d,0x52b,0x2658 W2=0x2a3a,0xba7,0x206b
  witness[15] tail=25 r61=27 gh60=0xfb69d7a W1=0x1ed9,0x1b35,0x2d1b W2=0x1de6,0x378c,0x13ed

Scan-only r61 registry
  registry_count=16 registry_cap=16
  r61_witness[00] r61=14 tail=31 gh60=0x4a2c4a6 W1=0xd04,0x317d,0xbbd W2=0xc11,0x17b,0x3a94
  r61_witness[01] r61=14 tail=37 gh60=0x4878ba6 W1=0x19ab,0x3d56,0x3414 W2=0x18b8,0x112a,0x68f
  r61_witness[02] r61=15 tail=26 gh60=0x5a18dea W1=0x269d,0x2c6e,0x1b5e W2=0x25aa,0x3a3d,0x239d
  r61_witness[03] r61=15 tail=31 gh60=0xda04dfa W1=0x389a,0x3a73,0x2b78 W2=0x37a7,0x32c7,0x2e19
  r61_witness[04] r61=16 tail=28 gh60=0xb684dba W1=0x387a,0x1ca0,0x53a W2=0x3787,0x16ec,0x3bd5
  r61_witness[05] r61=16 tail=29 gh60=0xd88cba6 W1=0x25bc,0x1648,0x2ebd W2=0x24c9,0x1dfd,0x3ee6
  r61_witness[06] r61=16 tail=39 gh60=0x49a87ba W1=0x3bb5,0x2db7,0x2806 W2=0x3ac2,0x308d,0xb08
  r61_witness[07] r61=17 tail=25 gh60=0x3a55dfe W1=0x1e98,0x29da,0x1fcb W2=0x1da5,0x329a,0x1fdd
  r61_witness[08] r61=17 tail=26 gh60=0xc98cba6 W1=0x15ac,0x2664,0x2df W2=0x14b9,0x3e29,0x321e
  r61_witness[09] r61=17 tail=28 gh60=0xc588caa W1=0x25fd,0x7a3,0x227c W2=0x250a,0xf4e,0x299c
  r61_witness[10] r61=17 tail=29 gh60=0x4a18dea W1=0x2891,0x2715,0x1c98 W2=0x279e,0x1ff4,0x16dc
  r61_witness[11] r61=17 tail=29 gh60=0x4a69d9a W1=0x3e69,0x2afc,0x2fee W2=0x3d76,0xdf8,0x3b5a
  r61_witness[12] r61=17 tail=30 gh60=0x3ae859a W1=0xc69,0x1b9,0x160f W2=0xb76,0x2072,0x1d97
  r61_witness[13] r61=17 tail=30 gh60=0x56085ea W1=0x2291,0x1610,0xa59 W2=0x219e,0xeae,0xadb
  r61_witness[14] r61=17 tail=31 gh60=0xbb1cd9a W1=0x18ca,0x2b1b,0x29bc W2=0x17d7,0x244a,0x3dc1
  r61_witness[15] r61=17 tail=31 gh60=0x4754d7a W1=0x36d6,0x3269,0x9a2 W2=0x35e3,0x2835,0x3a7b

D60=0 fiber histogram: 1:8119 2:4768 3:1805 4:1146 5:438 6:234 7:73 8:72 9:25 10:21 11:7 12:5 13:2 14:2 16:2 17:1 18:1 20:1
