free_word_mitm_reducedn
N=14 mask=0x3fff msb=0x2000
candidate: M0=0x3d36 mode=random-fallback fill=0x3fff kernel=dM0=dM9=0x2000
prefixes=32768/268435456 mode=permuted-prefix-sample w59_per_prefix=16384 total=536870912
run_mode=scan registry_cap=16
sample_start=153747456
scan_elapsed=18.768s rate=28.60 Mtriples/s

D60 interface
  D60=0 matches: 32488 (random expectation 32768.0, enrichment 0.991x)
  prefixes with D60=0: 16455
  max D60=0 fiber per prefix: 20 at W57=0xce5 W58=0x99e
  largest D60 bucket: D=0xe03 count=33848
  min D60 HW: 0
  D60 HW histogram: 0:32488 1:456602 2:2977227 3:11924288 4:32789070 5:65609299 6:98396398 7:112478556 8:98419871 9:65604680 10:32783765 11:11924794 12:2983172 13:458247 14:32455

Tail closure among D60=0 matches
  final tail collisions: 0
  best r61 HW: 14
  best r61 W1[57..59]=0x22f1,0x74a,0xae9
  best r61 W2[57..59]=0x21fe,0x100a,0x1971
  best tail HW: 21
  best tail r61 HW: 20
  best W1[57..59]=0x24e0,0x514,0x978
  best W2[57..59]=0x23ed,0x2cb7,0xa16

SUMMARY N=14 sample_start=153747456 prefixes=32768 total=536870912 d0=32488 best_tail=21 tail_r61=20 best_r61=14 tail_W1=0x24e0,0x514,0x978 tail_W2=0x23ed,0x2cb7,0xa16 r61_W1=0x22f1,0x74a,0xae9 r61_W2=0x21fe,0x100a,0x1971

Scan-only witness registry
  registry_count=16 registry_cap=16
  witness[00] tail=21 r61=20 gh60=0xdd0c56e W1=0x24e0,0x514,0x978 W2=0x23ed,0x2cb7,0xa16
  witness[01] tail=22 r61=22 gh60=0x4a3dbaa W1=0x1d82,0x3bfb,0x37cc W2=0x1c8f,0x29e7,0x2305
  witness[02] tail=23 r61=18 gh60=0x49b44aa W1=0x12fe,0x23c6,0x1211 W2=0x120b,0x3c37,0x58c
  witness[03] tail=24 r61=23 gh60=0x45e8ba6 W1=0x3983,0x2313,0x348a W2=0x3890,0x3777,0x8ac
  witness[04] tail=24 r61=24 gh60=0xd7d44be W1=0x34f8,0x3f5d,0x1d08 W2=0x3405,0x1c7c,0x1730
  witness[05] tail=25 r61=15 gh60=0xc8a849e W1=0x1327,0x3dc8,0x2db7 W2=0x1234,0xdfb,0x1608
  witness[06] tail=25 r61=18 gh60=0x44bc49a W1=0x142a,0xd7f,0x3d57 W2=0x1337,0x307,0x24e5
  witness[07] tail=25 r61=18 gh60=0x4f04d7a W1=0x385a,0xacd,0x227d W2=0x3767,0x295,0x3130
  witness[08] tail=25 r61=19 gh60=0x4a084ea W1=0x1c0d,0x1297,0x3d17 W2=0x1b1a,0x2c5d,0xe63
  witness[09] tail=25 r61=20 gh60=0x5e0c4e6 W1=0x3b0c,0x2093,0x31b0 W2=0x3a19,0x3e7b,0x2c6
  witness[10] tail=25 r61=21 gh60=0xcba8b66 W1=0x963,0x205b,0x182c W2=0x870,0x2a59,0x24bd
  witness[11] tail=25 r61=21 gh60=0xc888fae W1=0x17bf,0x1914,0x239b W2=0x16cc,0x1f5b,0x1d1e
  witness[12] tail=25 r61=22 gh60=0x5ee45aa W1=0x14c2,0x2bd0,0x108f W2=0x13cf,0xa8d,0x6de
  witness[13] tail=25 r61=23 gh60=0x7ae4566 W1=0x2464,0xd1a,0x375a W2=0x2371,0x1c82,0x2aa2
  witness[14] tail=25 r61=23 gh60=0xd9b4baa W1=0x356e,0x1471,0x42d W2=0x347b,0x2509,0x284
  witness[15] tail=25 r61=24 gh60=0x44bc59e W1=0xca8,0x1b80,0x3c68 W2=0xbb5,0x21de,0x1f62

Scan-only r61 registry
  registry_count=16 registry_cap=16
  r61_witness[00] r61=14 tail=32 gh60=0xda044e6 W1=0x351c,0x206d,0x3b37 W2=0x3429,0x1d3f,0x1728
  r61_witness[01] r61=14 tail=35 gh60=0xca884aa W1=0x22f1,0x74a,0xae9 W2=0x21fe,0x100a,0x1971
  r61_witness[02] r61=15 tail=25 gh60=0xc8a849e W1=0x1327,0x3dc8,0x2db7 W2=0x1234,0xdfb,0x1608
  r61_witness[03] r61=15 tail=31 gh60=0x4a085ee W1=0x49f,0x15af,0xa99 W2=0x3ac,0x3be1,0xff6
  r61_witness[04] r61=15 tail=31 gh60=0x4604fe6 W1=0x378c,0x1ae4,0x2b0b W2=0x3699,0xeb3,0x21b2
  r61_witness[05] r61=15 tail=34 gh60=0x5a08cea W1=0x80d,0x2ec1,0x3289 W2=0x71a,0x2f84,0x3cf5
  r61_witness[06] r61=15 tail=34 gh60=0xca084e6 W1=0x340b,0x1f80,0x2738 W2=0x3318,0x2165,0x3caa
  r61_witness[07] r61=16 tail=29 gh60=0x46044fa W1=0x241a,0x1f90,0x24 W2=0x2327,0x67d,0xac1
  r61_witness[08] r61=16 tail=30 gh60=0x398bbae W1=0xd6f,0x3aa4,0xb54 W2=0xc7c,0x1d2f,0x253d
  r61_witness[09] r61=16 tail=30 gh60=0xca89daa W1=0x1e81,0xc60,0x2f8 W2=0x1d8e,0xeb7,0xaa0
  r61_witness[10] r61=16 tail=31 gh60=0x4d0cd6a W1=0x18ce,0x3e43,0x1313 W2=0x17db,0x5b7,0x2c13
  r61_witness[11] r61=16 tail=33 gh60=0x4608bea W1=0x2991,0x3544,0x3c4 W2=0x289e,0x2fd3,0x356f
  r61_witness[12] r61=16 tail=34 gh60=0x4a085ee W1=0x49f,0x15af,0x863 W2=0x3ac,0x3be1,0xdc0
  r61_witness[13] r61=16 tail=34 gh60=0x4a0bce6 W1=0xe0b,0x145c,0x1cd W2=0xd18,0x1784,0x11d3
  r61_witness[14] r61=16 tail=34 gh60=0x48884aa W1=0x2d3d,0x227d,0x164b W2=0x2c4a,0x2769,0x20c9
  r61_witness[15] r61=16 tail=35 gh60=0xc60fce6 W1=0x111c,0x1d92,0x2c9b W2=0x1029,0x3b2b,0x3f0d

D60=0 fiber histogram: 1:7962 2:4665 3:1908 4:1071 5:407 6:230 7:80 8:73 9:25 10:13 11:5 12:7 13:5 16:2 18:1 20:1
