free_word_mitm_reducedn
N=14 mask=0x3fff msb=0x2000
candidate: M0=0x3d36 mode=random-fallback fill=0x3fff kernel=dM0=dM9=0x2000
prefixes=32768/268435456 mode=permuted-prefix-sample w59_per_prefix=16384 total=536870912
run_mode=scan registry_cap=16
sample_start=171212800
scan_elapsed=20.618s rate=26.04 Mtriples/s

D60 interface
  D60=0 matches: 32736 (random expectation 32768.0, enrichment 0.999x)
  prefixes with D60=0: 16536
  max D60=0 fiber per prefix: 27 at W57=0x677 W58=0x1d5c
  largest D60 bucket: D=0x2d12 count=33878
  min D60 HW: 0
  D60 HW histogram: 0:32736 1:458779 2:2977745 3:11924053 4:32813786 5:65662922 6:98504346 7:112518723 8:98354994 9:65521183 10:32739192 11:11904436 12:2968878 13:456661 14:32478

Tail closure among D60=0 matches
  final tail collisions: 0
  best r61 HW: 13
  best r61 W1[57..59]=0x3e6e,0x1b75,0x3411
  best r61 W2[57..59]=0x3d7b,0x19d1,0x2338
  best tail HW: 20
  best tail r61 HW: 19
  best W1[57..59]=0x1c3c,0x3ef1,0x1cb
  best W2[57..59]=0x1b49,0xb3d,0xa7d

SUMMARY N=14 sample_start=171212800 prefixes=32768 total=536870912 d0=32736 best_tail=20 tail_r61=19 best_r61=13 tail_W1=0x1c3c,0x3ef1,0x1cb tail_W2=0x1b49,0xb3d,0xa7d r61_W1=0x3e6e,0x1b75,0x3411 r61_W2=0x3d7b,0x19d1,0x2338

Scan-only witness registry
  registry_count=16 registry_cap=16
  witness[00] tail=20 r61=19 gh60=0x4c844a6 W1=0x1c3c,0x3ef1,0x1cb W2=0x1b49,0xb3d,0xa7d
  witness[01] tail=22 r61=21 gh60=0x3f68d7e W1=0x2657,0x17e,0x1d90 W2=0x2564,0x729,0x352e
  witness[02] tail=23 r61=13 gh60=0x468ddaa W1=0x3e6e,0x1b75,0x3411 W2=0x3d7b,0x19d1,0x2338
  witness[03] tail=23 r61=18 gh60=0xc4e859a W1=0x3ca9,0x21a1,0x3015 W2=0x3bb6,0xfca,0x31e6
  witness[04] tail=23 r61=23 gh60=0x7a6bc9a W1=0x10e5,0x5b7,0x3d98 W2=0xff2,0x12c3,0x3502
  witness[05] tail=23 r61=28 gh60=0xfa6cfa6 W1=0x1784,0x1e7,0x3d75 W2=0x1691,0x38dc,0x1961
  witness[06] tail=24 r61=17 gh60=0x3898bba W1=0x35b5,0x1ffa,0x1c3e W2=0x34c2,0x1f11,0x320b
  witness[07] tail=24 r61=20 gh60=0x46ec49a W1=0x33e6,0x382d,0x3247 W2=0x32f3,0x2e7d,0x265f
  witness[08] tail=24 r61=21 gh60=0x488bba6 W1=0xdbb,0x3749,0x3394 W2=0xcc8,0x2e8f,0x8a5
  witness[09] tail=24 r61=25 gh60=0xce58b9a W1=0x1989,0x3b4c,0x3441 W2=0x1896,0x62a,0x23d4
  witness[10] tail=25 r61=13 gh60=0xca88dae W1=0x266f,0x18d7,0x1178 W2=0x257c,0x19e,0x360e
  witness[11] tail=25 r61=14 gh60=0x560449a W1=0x230a,0x3fdf,0x3fe5 W2=0x2217,0x28dd,0x28bc
  witness[12] tail=25 r61=15 gh60=0x462fcaa W1=0x1102,0x1217,0x1630 W2=0x100f,0x36b,0x26dd
  witness[13] tail=25 r61=16 gh60=0xda087ea W1=0x1391,0x3897,0xa06 W2=0x129e,0xc69,0x5
  witness[14] tail=25 r61=17 gh60=0x4a087ee W1=0xb9f,0x146a,0x3ef7 W2=0xaac,0xc2c,0x578
  witness[15] tail=25 r61=20 gh60=0x5e8c4a6 W1=0xbec,0xf7c,0x16a6 W2=0xaf9,0xe58,0x3915

Scan-only r61 registry
  registry_count=16 registry_cap=16
  r61_witness[00] r61=13 tail=23 gh60=0x468ddaa W1=0x3e6e,0x1b75,0x3411 W2=0x3d7b,0x19d1,0x2338
  r61_witness[01] r61=13 tail=25 gh60=0xca88dae W1=0x266f,0x18d7,0x1178 W2=0x257c,0x19e,0x360e
  r61_witness[02] r61=14 tail=25 gh60=0x560449a W1=0x230a,0x3fdf,0x3fe5 W2=0x2217,0x28dd,0x28bc
  r61_witness[03] r61=14 tail=42 gh60=0x4918766 W1=0x3bdb,0x2dcd,0x121f W2=0x3ae8,0x1ff8,0x2b3d
  r61_witness[04] r61=15 tail=25 gh60=0x462fcaa W1=0x1102,0x1217,0x1630 W2=0x100f,0x36b,0x26dd
  r61_witness[05] r61=15 tail=31 gh60=0xd6085ea W1=0x1aa1,0x14d4,0x1f36 W2=0x19ae,0x23e2,0x3139
  r61_witness[06] r61=15 tail=33 gh60=0x4e08cea W1=0x391d,0xa65,0xfce W2=0x382a,0x1f48,0x3c46
  r61_witness[07] r61=15 tail=35 gh60=0xca17cee W1=0xe20,0x5c9,0x17f1 W2=0xd2d,0x1915,0x896
  r61_witness[08] r61=16 tail=25 gh60=0xda087ea W1=0x1391,0x3897,0xa06 W2=0x129e,0xc69,0x5
  r61_witness[09] r61=16 tail=26 gh60=0x4f0479a W1=0xbca,0x1200,0x1758 W2=0xad7,0x40c,0x3235
  r61_witness[10] r61=16 tail=27 gh60=0x4d28c9a W1=0x2849,0x14a6,0x1c85 W2=0x2756,0x35f4,0x2f97
  r61_witness[11] r61=16 tail=29 gh60=0x4db4dae W1=0x680,0x198b,0x1d81 W2=0x58d,0x133,0x294e
  r61_witness[12] r61=16 tail=30 gh60=0x5905b66 W1=0x1d5c,0x26c9,0x3fcd W2=0x1c69,0x2a12,0x1f40
  r61_witness[13] r61=16 tail=33 gh60=0x3f884ae W1=0x353f,0x310,0x2024 W2=0x344c,0x2fa0,0x34a9
  r61_witness[14] r61=16 tail=34 gh60=0x490bf6a W1=0x2fdd,0x372d,0x284e W2=0x2eea,0x1638,0x3255
  r61_witness[15] r61=16 tail=35 gh60=0x4b67d6a W1=0x2ed2,0x1d11,0x1cbe W2=0x2ddf,0x1de5,0x1d90

D60=0 fiber histogram: 1:7988 2:4787 3:1755 4:1141 5:399 6:230 7:89 8:79 9:34 10:13 11:5 12:7 13:4 14:2 16:1 17:1 27:1
