free_word_mitm_reducedn
N=14 mask=0x3fff msb=0x2000
candidate: M0=0x3d36 mode=random-fallback fill=0x3fff kernel=dM0=dM9=0x2000
prefixes=32768/268435456 mode=permuted-prefix-sample w59_per_prefix=16384 total=536870912
run_mode=scan registry_cap=128
sample_start=140673024
scan_elapsed=19.735s rate=27.20 Mtriples/s
refine_elapsed=18.415s repair_refine_elapsed=0.000s total_elapsed=38.150s

D60 interface
  D60=0 matches: 32806 (random expectation 32768.0, enrichment 1.001x)
  prefixes with D60=0: 16660
  max D60=0 fiber per prefix: 20 at W57=0x7fe W58=0x24b
  largest D60 bucket: D=0x3622 count=33803
  min D60 HW: 0
  D60 HW histogram: 0:32806 1:457433 2:2977732 3:11925877 4:32813419 5:65634106 6:98425944 7:112473305 8:98379766 9:65575506 10:32774250 11:11928451 12:2982146 13:457453 14:32718

Tail closure among D60=0 matches
  final tail collisions: 0
  best r61 HW: 13
  best r61 W1[57..59]=0x5ad,0x3f9e,0x353a
  best r61 W2[57..59]=0x4ba,0x2fb1,0x227
  best tail HW: 17
  best tail r61 HW: 21
  best W1[57..59]=0x4f8,0x14ed,0x26dc
  best W2[57..59]=0x405,0x2210,0x3d04

SUMMARY N=14 sample_start=140673024 prefixes=32768 total=536870912 d0=32806 best_tail=17 tail_r61=21 best_r61=13 tail_W1=0x4f8,0x14ed,0x26dc tail_W2=0x405,0x2210,0x3d04 r61_W1=0x5ad,0x3f9e,0x353a r61_W2=0x4ba,0x2fb1,0x227

Scan-only witness registry
  registry_count=128 registry_cap=128
  witness[00] tail=17 r61=21 gh60=0xfe544be W1=0x4f8,0x14ed,0x26dc W2=0x405,0x2210,0x3d04
  witness[01] tail=20 r61=27 gh60=0xbb84c9a W1=0x36ea,0x90f,0xd92 W2=0x35f7,0x3c52,0x3d57
  witness[02] tail=21 r61=21 gh60=0xfae4d6a W1=0x852,0x15f8,0x1406 W2=0x75f,0x1a54,0x3c54
  witness[03] tail=21 r61=21 gh60=0xc7e8f66 W1=0x1763,0x30b4,0x8f6 W2=0x1670,0x210e,0xbb8
  witness[04] tail=22 r61=18 gh60=0xf964faa W1=0x17c2,0x29eb,0x22ee W2=0x16cf,0x2807,0x7c1
  witness[05] tail=22 r61=18 gh60=0x48d8c9e W1=0x3927,0x3b8b,0xbaa W2=0x3834,0x475,0xa68
  witness[06] tail=23 r61=18 gh60=0x4984ba6 W1=0x256c,0x40d,0x592 W2=0x2479,0xc62,0x37b0
  witness[07] tail=23 r61=20 gh60=0xcddc49a W1=0x3246,0x1c36,0x2e32 W2=0x3153,0x10c8,0x14fb
  witness[08] tail=23 r61=21 gh60=0xc63ccea W1=0x2612,0x1013,0x149b W2=0x251f,0x1b0f,0x1e34
  witness[09] tail=23 r61=22 gh60=0x4efcbaa W1=0x3572,0xe38,0x34a5 W2=0x347f,0xf14,0x809
  witness[10] tail=23 r61=23 gh60=0x4dfc59a W1=0x3aca,0x37e3,0x1d15 W2=0x39d7,0x33cb,0x43f
  witness[11] tail=24 r61=20 gh60=0x4f95dae W1=0xc0,0x131a,0x2129 W2=0x3fcd,0x36d6,0x2187
  witness[12] tail=24 r61=22 gh60=0xfd9ddae W1=0x70,0x28b,0x228c W2=0x3f7d,0x22c7,0xf80
  witness[13] tail=24 r61=22 gh60=0x5f97baa W1=0x2d6e,0x3d6e,0xb18 W2=0x2c7b,0x2a02,0x1078
  witness[14] tail=24 r61=22 gh60=0x55884a6 W1=0x39eb,0x166,0x3ec8 W2=0x38f8,0x1f41,0x3305
  witness[15] tail=24 r61=23 gh60=0x7e2dba6 W1=0x3d84,0xf56,0x1d62 W2=0x3c91,0x1549,0x2cf8

Scan-only r61 registry
  registry_count=128 registry_cap=128
  r61_witness[00] r61=13 tail=27 gh60=0x4b88baa W1=0x5ad,0x3f9e,0x353a W2=0x4ba,0x2fb1,0x227
  r61_witness[01] r61=14 tail=27 gh60=0xcc8459a W1=0x4aa,0x2426,0x363f W2=0x3b7,0x11da,0xe9b
  r61_witness[02] r61=14 tail=37 gh60=0xca3bce6 W1=0xf13,0x177a,0x1af1 W2=0xe20,0x722,0xf5
  r61_witness[03] r61=15 tail=32 gh60=0xc60bcee W1=0xf0f,0x1052,0x788 W2=0xe1c,0x1fad,0xdec
  r61_witness[04] r61=15 tail=33 gh60=0xc8a87ba W1=0x2bb5,0xd51,0x26f9 W2=0x2ac2,0x3e23,0x2249
  r61_witness[05] r61=15 tail=37 gh60=0xca0bcea W1=0x111d,0x1fb,0x29dc W2=0x102a,0x2f62,0x2c4d
  r61_witness[06] r61=16 tail=29 gh60=0x460ccfa W1=0x361a,0x3d68,0xade W2=0x3527,0x33d4,0x118a
  r61_witness[07] r61=16 tail=31 gh60=0x3a385ea W1=0x148d,0x36cb,0x10d4 W2=0x139a,0x16e9,0x27c1
  r61_witness[08] r61=16 tail=33 gh60=0x48a8c9a W1=0x2925,0x3cdd,0x2ca5 W2=0x2832,0x1fef,0x2a12
  r61_witness[09] r61=16 tail=37 gh60=0x4499cae W1=0x3e3f,0x1dcf,0x63e W2=0x3d4c,0xba2,0x3769
  r61_witness[10] r61=16 tail=38 gh60=0xc60bcee W1=0xf0f,0x1052,0x2f10 W2=0xe1c,0x1fad,0x3574
  r61_witness[11] r61=17 tail=26 gh60=0x49d449a W1=0x2d46,0x1536,0x573 W2=0x2c53,0x3b86,0x3793
  r61_witness[12] r61=17 tail=27 gh60=0xd7887aa W1=0x381,0xbe0,0x250e W2=0x28e,0xd98,0x3c5c
  r61_witness[13] r61=17 tail=27 gh60=0xb888ca6 W1=0x72b,0x1d5b,0x226b W2=0x638,0x39f7,0x1b90
  r61_witness[14] r61=17 tail=28 gh60=0xb888ca6 W1=0x72b,0x1d5b,0x1da W2=0x638,0x39f7,0x3aff
  r61_witness[15] r61=17 tail=28 gh60=0x493bf6a W1=0xfdd,0x426,0x7e3 W2=0xeea,0x2131,0x221c

Second-stage local refinement
  seed pool: count=128 cap=128
  top seeds: [tail17/r6121 W=0x4f8,0x14ed,0x26dc] [tail20/r6127 W=0x36ea,0x90f,0xd92] [tail21/r6121 W=0x852,0x15f8,0x1406] [tail21/r6121 W=0x1763,0x30b4,0x8f6] [tail22/r6118 W=0x17c2,0x29eb,0x22ee] [tail22/r6118 W=0x3927,0x3b8b,0xbaa] [tail23/r6118 W=0x256c,0x40d,0x592] [tail23/r6120 W=0x3246,0x1c36,0x2e32]
  budget=500000000 tested=500000000 D60=0=31146 collisions=0 seed_inserts=70 prefix_enums=30514
  D60=0 rate: 0.000062
  phase tested/D60=0: single=3108/13 double=63714/16 walk=0/0 prefix=499933178/31117
  min refined D60 HW: 0 d60=0x0 at W1[57..59]=0x4f8,0x14ed,0x26dc
  best refined tail HW: 17 (scan best 17, improvements=0)
  best refined tail W1[57..59]=0x4f8,0x14ed,0x26dc
  best refined tail W2[57..59]=0x405,0x2210,0x3d04
  best refined r61 HW: 13 (scan best 13, improvements=0)
  best refined r61 W1[57..59]=0x5ad,0x3f9e,0x353a
  best refined r61 W2[57..59]=0x4ba,0x2fb1,0x227

D60=0 fiber histogram: 1:8102 2:4832 3:1741 4:1119 5:424 6:222 7:71 8:80 9:28 10:14 11:8 12:6 13:2 14:3 15:1 16:5 17:1 20:1
