free_word_mitm_reducedn
N=14 mask=0x3fff msb=0x2000
candidate: M0=0x3d36 mode=random-fallback fill=0x3fff kernel=dM0=dM9=0x2000
prefixes=32768/268435456 mode=permuted-prefix-sample w59_per_prefix=16384 total=536870912
run_mode=scan registry_cap=16
sample_start=9011200
scan_elapsed=18.665s rate=28.76 Mtriples/s

D60 interface
  D60=0 matches: 32633 (random expectation 32768.0, enrichment 0.996x)
  prefixes with D60=0: 16532
  max D60=0 fiber per prefix: 20 at W57=0xb73 W58=0x2cd9
  largest D60 bucket: D=0x2a3f count=33717
  min D60 HW: 0
  D60 HW histogram: 0:32633 1:456256 2:2979256 3:11922747 4:32806414 5:65644652 6:98481176 7:112491422 8:98381685 9:65546895 10:32756507 11:11901761 12:2978980 13:457486 14:33042

Tail closure among D60=0 matches
  final tail collisions: 0
  best r61 HW: 15
  best r61 W1[57..59]=0x18fa,0x1d0e,0xa5f
  best r61 W2[57..59]=0x1807,0xf42,0x73c
  best tail HW: 22
  best tail r61 HW: 26
  best W1[57..59]=0x2856,0x17f6,0x34b2
  best W2[57..59]=0x2763,0x33c2,0x3903

SUMMARY N=14 sample_start=9011200 prefixes=32768 total=536870912 d0=32633 best_tail=22 tail_r61=26 best_r61=15 tail_W1=0x2856,0x17f6,0x34b2 tail_W2=0x2763,0x33c2,0x3903 r61_W1=0x18fa,0x1d0e,0xa5f r61_W2=0x1807,0xf42,0x73c

Scan-only witness registry
  registry_count=16 registry_cap=16
  witness[00] tail=22 r61=26 gh60=0x75ecd7a W1=0x2856,0x17f6,0x34b2 W2=0x2763,0x33c2,0x3903
  witness[01] tail=23 r61=26 gh60=0xcb88da6 W1=0x18bb,0xf47,0x13dc W2=0x17c8,0x116b,0x2d4a
  witness[02] tail=23 r61=28 gh60=0xfb0fc9a W1=0x104a,0x1dc2,0x27b0 W2=0xf57,0x2a87,0x3585
  witness[03] tail=24 r61=17 gh60=0x5a29bfe W1=0x2197,0x3a08,0x161d W2=0x20a4,0x2e97,0x63f
  witness[04] tail=24 r61=23 gh60=0x5624de6 W1=0x1894,0x18d9,0x48e W2=0x17a1,0x3928,0x2374
  witness[05] tail=24 r61=25 gh60=0xde3449a W1=0x3d06,0x3176,0x1176 W2=0x3c13,0x284e,0x2b46
  witness[06] tail=24 r61=26 gh60=0xc53c56a W1=0xc4e,0x1843,0x3585 W2=0xb5b,0xe5a,0x3f4e
  witness[07] tail=25 r61=19 gh60=0xca8dba6 W1=0x217c,0xd51,0x3aae W2=0x2089,0x1014,0x3fa7
  witness[08] tail=25 r61=21 gh60=0xcd884a6 W1=0x2c2b,0x2707,0x3b15 W2=0x2b38,0x1362,0x3b39
  witness[09] tail=25 r61=23 gh60=0x4878fa6 W1=0x27ab,0x1f29,0x27cc W2=0x26b8,0x57d,0x888
  witness[10] tail=25 r61=24 gh60=0x4a05c9a W1=0x10a,0x3985,0x1a6e W2=0x17,0x188e,0xeab
  witness[11] tail=25 r61=27 gh60=0xb8adba6 W1=0x1b4,0x85e,0x4fd W2=0xc1,0xdb1,0x3a18
  witness[12] tail=25 r61=27 gh60=0x4bffca6 W1=0x3004,0x356a,0x588 W2=0x2f11,0x3cad,0x26c
  witness[13] tail=26 r61=18 gh60=0xc4b45aa W1=0x14ae,0xb0a,0x1adf W2=0x13bb,0x1ab3,0x39f4
  witness[14] tail=26 r61=18 gh60=0x59187a6 W1=0x23c3,0x2dc6,0x3f67 W2=0x22d0,0x1939,0x3621
  witness[15] tail=26 r61=19 gh60=0xca247e6 W1=0x1b94,0x1b7b,0x13fb W2=0x1aa1,0x15d9,0x3049

Scan-only r61 registry
  registry_count=16 registry_cap=16
  r61_witness[00] r61=15 tail=29 gh60=0xba84cba W1=0x18fa,0x1d0e,0xa5f W2=0x1807,0xf42,0x73c
  r61_witness[01] r61=15 tail=33 gh60=0x4888fae W1=0x27bf,0x2f5a,0x45 W2=0x26cc,0x24a1,0x27e0
  r61_witness[02] r61=15 tail=36 gh60=0x4a08cea W1=0x621,0x2dea,0x1895 W2=0x52e,0x33e5,0x1cfc
  r61_witness[03] r61=16 tail=28 gh60=0x49944ae W1=0x2330,0x47c,0x1f04 W2=0x223d,0x349d,0x15ae
  r61_witness[04] r61=16 tail=29 gh60=0xc897fae W1=0x2fc0,0x329c,0x3b33 W2=0x2ecd,0x19d0,0x3109
  r61_witness[05] r61=16 tail=30 gh60=0x4628cfa W1=0x1919,0x917,0x36f6 W2=0x1826,0x3d4e,0x1ee
  r61_witness[06] r61=16 tail=32 gh60=0xca88dae W1=0x167f,0xaaa,0x2a9d W2=0x158c,0x361,0x364e
  r61_witness[07] r61=16 tail=33 gh60=0x5a084ee W1=0x3a1f,0x37f7,0x1d5b W2=0x392c,0x350d,0x150f
  r61_witness[08] r61=16 tail=34 gh60=0xc589daa W1=0x1e7d,0x388e,0x21af W2=0x1d8a,0xae1,0x3c85
  r61_witness[09] r61=16 tail=43 gh60=0x488cba6 W1=0x5bc,0x1794,0x888 W2=0x4c9,0x1f49,0x1691
  r61_witness[10] r61=17 tail=24 gh60=0x5a29bfe W1=0x2197,0x3a08,0x161d W2=0x20a4,0x2e97,0x63f
  r61_witness[11] r61=17 tail=27 gh60=0x451857a W1=0x3455,0x60,0x2fb2 W2=0x3362,0x38f0,0x3aeb
  r61_witness[12] r61=17 tail=27 gh60=0x488dfae W1=0x3fc0,0x11a1,0xa8c W2=0x3ecd,0x9dd,0x2fa3
  r61_witness[13] r61=17 tail=29 gh60=0x4924b66 W1=0x9d4,0x37a9,0x77d W2=0x8e1,0x3594,0x26cd
  r61_witness[14] r61=17 tail=29 gh60=0x4a09fee W1=0x3f8f,0x3125,0xbd5 W2=0x3e9c,0x27f4,0x2472
  r61_witness[15] r61=17 tail=30 gh60=0x4b0459a W1=0x14ca,0x21b5,0x13d W2=0x13d7,0x1fa3,0x1b68

D60=0 fiber histogram: 1:7986 2:4760 3:1782 4:1167 5:434 6:188 7:74 8:79 9:24 10:19 11:5 12:5 13:1 14:4 16:1 19:1 20:2
