free_word_mitm_reducedn
N=14 mask=0x3fff msb=0x2000
candidate: M0=0x3d36 mode=random-fallback fill=0x3fff kernel=dM0=dM9=0x2000
prefixes=32768/268435456 mode=permuted-prefix-sample w59_per_prefix=16384 total=536870912
run_mode=scan registry_cap=16
sample_start=25788416
scan_elapsed=18.833s rate=28.51 Mtriples/s

D60 interface
  D60=0 matches: 32719 (random expectation 32768.0, enrichment 0.999x)
  prefixes with D60=0: 16636
  max D60=0 fiber per prefix: 32 at W57=0x3869 W58=0x2d4d
  largest D60 bucket: D=0x2edf count=33764
  min D60 HW: 0
  D60 HW histogram: 0:32719 1:457695 2:2976926 3:11908139 4:32786263 5:65610209 6:98444686 7:112484472 8:98424545 9:65579835 10:32786468 11:11913628 12:2976467 13:456154 14:32706

Tail closure among D60=0 matches
  final tail collisions: 0
  best r61 HW: 14
  best r61 W1[57..59]=0x3e9a,0x1ece,0x1541
  best r61 W2[57..59]=0x3da7,0xfa2,0x220
  best tail HW: 23
  best tail r61 HW: 20
  best W1[57..59]=0x359,0x385f,0x1e99
  best W2[57..59]=0x266,0x3943,0x3c93

SUMMARY N=14 sample_start=25788416 prefixes=32768 total=536870912 d0=32719 best_tail=23 tail_r61=20 best_r61=14 tail_W1=0x359,0x385f,0x1e99 tail_W2=0x266,0x3943,0x3c93 r61_W1=0x3e9a,0x1ece,0x1541 r61_W2=0x3da7,0xfa2,0x220

Scan-only witness registry
  registry_count=16 registry_cap=16
  witness[00] tail=23 r61=18 gh60=0x4ed459e W1=0x14c8,0x19f7,0x3348 W2=0x13d5,0x3011,0x2660
  witness[01] tail=23 r61=19 gh60=0xd899caa W1=0x1f2d,0x238,0x186c W2=0x1e3a,0x433,0x3382
  witness[02] tail=23 r61=20 gh60=0x397877a W1=0x359,0x385f,0x1e99 W2=0x266,0x3943,0x3c93
  witness[03] tail=24 r61=14 gh60=0x4a05dfa W1=0x3e9a,0x1ece,0x1541 W2=0x3da7,0xfa2,0x220
  witness[04] tail=24 r61=17 gh60=0xca08cee W1=0x71f,0x2085,0x3195 W2=0x62c,0x3a50,0x3a7d
  witness[05] tail=24 r61=18 gh60=0x4a0bcea W1=0x1121,0x1604,0x827 W2=0x102e,0x32f,0x1995
  witness[06] tail=24 r61=22 gh60=0x4a78bbe W1=0x3577,0x17f6,0x3568 W2=0x3484,0x1f7d,0x21a
  witness[07] tail=25 r61=17 gh60=0xcca45a6 W1=0xcb4,0x3078,0x3eef W2=0xbc1,0x6ce,0x730
  witness[08] tail=25 r61=18 gh60=0x5e884ae W1=0x13ff,0x1b2a,0x90c W2=0x130c,0x1a3a,0x1114
  witness[09] tail=25 r61=20 gh60=0x4927f66 W1=0xf54,0x15b6,0x896 W2=0xe61,0x2a83,0x81c
  witness[10] tail=25 r61=20 gh60=0xcbb84ba W1=0x1439,0x37d5,0x1471 W2=0x1346,0x2e57,0x17d8
  witness[11] tail=25 r61=23 gh60=0xc7985a6 W1=0x1cb3,0x219e,0x181 W2=0x1bc0,0x6e3,0x2c0f
  witness[12] tail=25 r61=27 gh60=0x57f856a W1=0x2cd,0x2b9b,0x3976 W2=0x1da,0x3da5,0x8d
  witness[13] tail=25 r61=30 gh60=0xfdf8c9a W1=0x3625,0x2621,0x38e9 W2=0x3532,0x1ce7,0x233f
  witness[14] tail=26 r61=18 gh60=0x462cfea W1=0x792,0x2811,0x3d2c W2=0x69f,0x18a5,0x3c65
  witness[15] tail=26 r61=18 gh60=0x4908b6e W1=0x255f,0x2198,0x251b W2=0x246c,0x17a3,0x33be

Scan-only r61 registry
  registry_count=16 registry_cap=16
  r61_witness[00] r61=14 tail=24 gh60=0x4a05dfa W1=0x3e9a,0x1ece,0x1541 W2=0x3da7,0xfa2,0x220
  r61_witness[01] r61=15 tail=29 gh60=0xc50856e W1=0x345f,0x3e6e,0x3882 W2=0x336c,0x3734,0x18ec
  r61_witness[02] r61=15 tail=35 gh60=0xc93bf7a W1=0xf59,0xabd,0x3031 W2=0xe66,0x36dc,0x3950
  r61_witness[03] r61=16 tail=28 gh60=0x4a08be6 W1=0x298b,0x11de,0x841 W2=0x2898,0x1428,0x1278
  r61_witness[04] r61=16 tail=33 gh60=0x4f04b7a W1=0x95a,0x2f6d,0xd7f W2=0x867,0x1465,0x4ac
  r61_witness[05] r61=16 tail=33 gh60=0x5e884ae W1=0x13ff,0x1b2a,0x9a4 W2=0x130c,0x1a3a,0x11ac
  r61_witness[06] r61=16 tail=35 gh60=0x4a05c9a W1=0x210a,0x1365,0x3127 W2=0x2017,0x3466,0x2cb8
  r61_witness[07] r61=17 tail=24 gh60=0xca08cee W1=0x71f,0x2085,0x3195 W2=0x62c,0x3a50,0x3a7d
  r61_witness[08] r61=17 tail=25 gh60=0xcca45a6 W1=0xcb4,0x3078,0x3eef W2=0xbc1,0x6ce,0x730
  r61_witness[09] r61=17 tail=27 gh60=0x4885bba W1=0x21ba,0x139,0xcc1 W2=0x20c7,0x2f35,0x3331
  r61_witness[10] r61=17 tail=28 gh60=0x4a08dea W1=0x16a1,0x23fc,0x31d2 W2=0x15ae,0x36cb,0x625
  r61_witness[11] r61=17 tail=30 gh60=0x4a984ae W1=0x1ef,0x26e8,0x1be9 W2=0xfc,0x1188,0x12a5
  r61_witness[12] r61=17 tail=30 gh60=0xc4b449e W1=0x1c28,0x2b9,0x1644 W2=0x1b35,0x10eb,0x5d1
  r61_witness[13] r61=17 tail=30 gh60=0x4969f7a W1=0x3f59,0x2fa2,0x11b9 W2=0x3e66,0x29c9,0x4cd
  r61_witness[14] r61=17 tail=31 gh60=0x46244aa W1=0x2402,0xba2,0x32b9 W2=0x230f,0x13b7,0x1fb
  r61_witness[15] r61=17 tail=32 gh60=0x4988caa W1=0x18ed,0x31a2,0x2a54 W2=0x17fa,0x39d,0x38f5

D60=0 fiber histogram: 1:8088 2:4752 3:1867 4:1099 5:389 6:228 7:84 8:68 9:19 10:17 11:7 12:8 13:2 14:3 16:2 19:1 20:1 32:1
