free_word_mitm_reducedn
N=14 mask=0x3fff msb=0x2000
candidate: M0=0x3d36 mode=random-fallback fill=0x3fff kernel=dM0=dM9=0x2000
prefixes=32768/268435456 mode=permuted-prefix-sample w59_per_prefix=16384 total=536870912
run_mode=scan registry_cap=16
sample_start=67731456
scan_elapsed=18.649s rate=28.79 Mtriples/s

D60 interface
  D60=0 matches: 32833 (random expectation 32768.0, enrichment 1.002x)
  prefixes with D60=0: 16480
  max D60=0 fiber per prefix: 36 at W57=0x2bb5 W58=0x301d
  largest D60 bucket: D=0x284 count=33747
  min D60 HW: 0
  D60 HW histogram: 0:32833 1:459237 2:2983049 3:11925949 4:32787998 5:65568123 6:98380844 7:112491880 8:98447828 9:65615736 10:32789237 11:11919353 12:2977204 13:458758 14:32883

Tail closure among D60=0 matches
  final tail collisions: 0
  best r61 HW: 12
  best r61 W1[57..59]=0x365b,0x118f,0x90b
  best r61 W2[57..59]=0x3568,0x3c31,0x2f2f
  best tail HW: 19
  best tail r61 HW: 21
  best W1[57..59]=0x33c0,0x2158,0x3e41
  best W2[57..59]=0x32cd,0x2991,0x3278

SUMMARY N=14 sample_start=67731456 prefixes=32768 total=536870912 d0=32833 best_tail=19 tail_r61=21 best_r61=12 tail_W1=0x33c0,0x2158,0x3e41 tail_W2=0x32cd,0x2991,0x3278 r61_W1=0x365b,0x118f,0x90b r61_W2=0x3568,0x3c31,0x2f2f

Scan-only witness registry
  registry_count=16 registry_cap=16
  witness[00] tail=19 r61=21 gh60=0x49b47ae W1=0x33c0,0x2158,0x3e41 W2=0x32cd,0x2991,0x3278
  witness[01] tail=21 r61=18 gh60=0xcb08f6a W1=0x7dd,0x157a,0x125 W2=0x6ea,0x881,0x1d94
  witness[02] tail=21 r61=25 gh60=0x4a985ae W1=0x1a7f,0x3d51,0x2b1f W2=0x198c,0x3089,0x3a9d
  witness[03] tail=22 r61=24 gh60=0x4b3856a W1=0x2ae1,0x1d4e,0x2a75 W2=0x29ee,0x18d0,0x13b3
  witness[04] tail=23 r61=20 gh60=0x3b1cbaa W1=0x35c2,0x174,0x18fa W2=0x34cf,0x1d0,0x2993
  witness[05] tail=23 r61=27 gh60=0xba7cc9e W1=0x26e8,0x2942,0x1004 W2=0x25f5,0x36b5,0x1f9e
  witness[06] tail=24 r61=19 gh60=0xcc9849a W1=0xa25,0x1fe3,0x18e8 W2=0x932,0x3ac,0x3f8c
  witness[07] tail=24 r61=19 gh60=0x4e144ee W1=0x2a20,0x28e6,0x279a W2=0x292d,0x8f1,0xc6b
  witness[08] tail=24 r61=21 gh60=0x3d28da6 W1=0x36c3,0x356d,0x27cd W2=0x35d0,0x3dc1,0x2a23
  witness[09] tail=24 r61=23 gh60=0xcbe8d7e W1=0x857,0x31b6,0x26b6 W2=0x764,0x3989,0x3dd6
  witness[10] tail=25 r61=17 gh60=0x758fdae W1=0x1070,0x47b,0x19dc W2=0xf7d,0x15b7,0x2f62
  witness[11] tail=25 r61=18 gh60=0xce18dea W1=0x188d,0x263e,0x2c7c W2=0x179a,0x21d,0x3f63
  witness[12] tail=25 r61=18 gh60=0x448c5a6 W1=0x34ac,0xf6b,0x2342 W2=0x33b9,0x14b1,0x519
  witness[13] tail=25 r61=20 gh60=0xc60dbfa W1=0x19a,0x3371,0x3ea0 W2=0xa7,0x1ff5,0x26d0
  witness[14] tail=25 r61=21 gh60=0x3fb879a W1=0xb69,0x28cb,0x320b W2=0xa76,0x2b24,0x35e5
  witness[15] tail=25 r61=23 gh60=0x4e785aa W1=0x1a71,0x1006,0x180 W2=0x197e,0x1c2e,0x937

Scan-only r61 registry
  registry_count=16 registry_cap=16
  r61_witness[00] r61=12 tail=31 gh60=0x4508d66 W1=0x365b,0x118f,0x90b W2=0x3568,0x3c31,0x2f2f
  r61_witness[01] r61=13 tail=29 gh60=0x4a885aa W1=0xc7d,0x3b2b,0x3e36 W2=0xb8a,0xabf,0x322
  r61_witness[02] r61=14 tail=33 gh60=0xc689caa W1=0x3dfd,0x2161,0x31b8 W2=0x3d0a,0x2b8c,0x2e59
  r61_witness[03] r61=15 tail=30 gh60=0x5a0cbee W1=0x3590,0x3319,0x3e96 W2=0x349d,0x39ad,0x3766
  r61_witness[04] r61=15 tail=31 gh60=0x4c84da6 W1=0x16bc,0x22b3,0x2b8d W2=0x15c9,0xb68,0x3673
  r61_witness[05] r61=15 tail=31 gh60=0x5504566 W1=0x32dc,0x39bf,0x3b70 W2=0x31e9,0x1bf9,0x107b
  r61_witness[06] r61=16 tail=27 gh60=0x5a0c4ea W1=0x140e,0x102a,0x7d0 W2=0x131b,0x2465,0x333a
  r61_witness[07] r61=16 tail=28 gh60=0xca14cea W1=0x290e,0x3a1a,0x2a75 W2=0x281b,0x3f22,0x18b4
  r61_witness[08] r61=16 tail=28 gh60=0xce3fcfe W1=0x3018,0x2b9b,0x164e W2=0x2f25,0x1273,0x114b
  r61_witness[09] r61=16 tail=30 gh60=0x4d85ca6 W1=0x203c,0x357c,0xd16 W2=0x1f49,0x318b,0x13b0
  r61_witness[10] r61=16 tail=30 gh60=0x4a845a6 W1=0x247c,0x39de,0x2652 W2=0x2389,0x3184,0x358
  r61_witness[11] r61=16 tail=31 gh60=0x4658bbe W1=0x977,0x11b8,0xe91 W2=0x884,0x543,0x9e6
  r61_witness[12] r61=16 tail=32 gh60=0x4a9cd66 W1=0x2864,0x2f2c,0x23b5 W2=0x2771,0x3b13,0x2dac
  r61_witness[13] r61=16 tail=33 gh60=0x370876e W1=0x1b4f,0x8f8,0x10b4 W2=0x1a5c,0xe32,0x20ba
  r61_witness[14] r61=16 tail=34 gh60=0xca04fe6 W1=0x178c,0x3630,0x3a46 W2=0x1699,0x29ff,0x1ea1
  r61_witness[15] r61=16 tail=36 gh60=0xc488caa W1=0x63d,0x2e80,0x29f6 W2=0x54a,0x35ab,0x3bcd

D60=0 fiber histogram: 1:7971 2:4701 3:1820 4:1099 5:410 6:223 7:97 8:84 9:17 10:25 11:11 12:6 13:1 14:4 15:3 16:3 17:1 18:3 36:1
