free_word_mitm_reducedn
N=14 mask=0x3fff msb=0x2000
candidate: M0=0x3d36 mode=random-fallback fill=0x3fff kernel=dM0=dM9=0x2000
prefixes=32768/268435456 mode=permuted-prefix-sample w59_per_prefix=16384 total=536870912
run_mode=scan registry_cap=16
sample_start=77070336
scan_elapsed=19.476s rate=27.57 Mtriples/s

D60 interface
  D60=0 matches: 32938 (random expectation 32768.0, enrichment 1.005x)
  prefixes with D60=0: 16612
  max D60=0 fiber per prefix: 21 at W57=0x2bd2 W58=0xb15
  largest D60 bucket: D=0x2f6b count=33873
  min D60 HW: 0
  D60 HW histogram: 0:32938 1:458221 2:2980279 3:11939019 4:32812945 5:65645083 6:98458213 7:112511459 8:98378835 9:65545989 10:32747834 11:11896080 12:2974831 13:456575 14:32611

Tail closure among D60=0 matches
  final tail collisions: 0
  best r61 HW: 12
  best r61 W1[57..59]=0x9bd,0x3edc,0x3383
  best r61 W2[57..59]=0x8ca,0x2b1f,0x3b98
  best tail HW: 22
  best tail r61 HW: 21
  best W1[57..59]=0x340c,0x354d,0x2b70
  best W2[57..59]=0x3319,0x323,0x72b

SUMMARY N=14 sample_start=77070336 prefixes=32768 total=536870912 d0=32938 best_tail=22 tail_r61=21 best_r61=12 tail_W1=0x340c,0x354d,0x2b70 tail_W2=0x3319,0x323,0x72b r61_W1=0x9bd,0x3edc,0x3383 r61_W2=0x8ca,0x2b1f,0x3b98

Scan-only witness registry
  registry_count=16 registry_cap=16
  witness[00] tail=22 r61=19 gh60=0x3b385a6 W1=0x34c3,0x37d1,0x1197 W2=0x33d0,0x1c24,0x1c58
  witness[01] tail=22 r61=20 gh60=0xd6644aa W1=0x12f2,0x363c,0x3b5d W2=0x11ff,0x1001,0x3fcb
  witness[02] tail=22 r61=21 gh60=0xca044e6 W1=0x340c,0x354d,0x2b70 W2=0x3319,0x323,0x72b
  witness[03] tail=23 r61=24 gh60=0x569bdaa W1=0x306d,0x3bbf,0x2c46 W2=0x2f7a,0x2f1e,0x5f3
  witness[04] tail=24 r61=18 gh60=0x5f2456a W1=0x22d2,0x3383,0x3f44 W2=0x21df,0x379e,0x6d8
  witness[05] tail=24 r61=19 gh60=0x375849e W1=0xd47,0x3284,0x1005 W2=0xc54,0x30fb,0x1beb
  witness[06] tail=24 r61=19 gh60=0xc788caa W1=0x363d,0x1a27,0x3aa6 W2=0x354a,0x3252,0x3e8a
  witness[07] tail=24 r61=22 gh60=0xbab45be W1=0x278,0x3afb,0x731 W2=0x185,0x3eb6,0x27b5
  witness[08] tail=24 r61=22 gh60=0xd9ec4aa W1=0x2b32,0x264a,0x3c8c W2=0x2a3f,0x2d0f,0x3338
  witness[09] tail=24 r61=23 gh60=0xcd2fda6 W1=0x30c4,0x24ca,0x168 W2=0x2fd1,0x27a9,0x1153
  witness[10] tail=24 r61=24 gh60=0x7bf9d9a W1=0x2069,0x197d,0x7ea W2=0x1f76,0x3471,0x1861
  witness[11] tail=24 r61=24 gh60=0xcd57dba W1=0x2eb6,0x3321,0x2e6 W2=0x2dc3,0x3b85,0x191d
  witness[12] tail=25 r61=17 gh60=0x4d05d9a W1=0x1eca,0x244d,0x3544 W2=0x1dd7,0x16fe,0x1bfd
  witness[13] tail=25 r61=17 gh60=0xca244ea W1=0x3212,0x13d5,0x59b W2=0x311f,0x2754,0x3139
  witness[14] tail=25 r61=18 gh60=0xc4945ae W1=0x1cc0,0x35e1,0x387f W2=0x1bcd,0x2a1a,0x104f
  witness[15] tail=25 r61=21 gh60=0x7ceccba W1=0x2636,0x2287,0x39ca W2=0x2543,0xa47,0x2ecf

Scan-only r61 registry
  registry_count=16 registry_cap=16
  r61_witness[00] r61=12 tail=27 gh60=0x4888baa W1=0x9bd,0x3edc,0x3383 W2=0x8ca,0x2b1f,0x3b98
  r61_witness[01] r61=13 tail=34 gh60=0x4624fa6 W1=0x3784,0x3482,0xa2b W2=0x3691,0x2b77,0x367f
  r61_witness[02] r61=14 tail=31 gh60=0x4d08d6a W1=0x36dd,0x3b07,0x15e1 W2=0x35ea,0x1d42,0x83f
  r61_witness[03] r61=14 tail=35 gh60=0x4607f9a W1=0x2f8a,0x9db,0xf03 W2=0x2e97,0x26b8,0x23a4
  r61_witness[04] r61=15 tail=30 gh60=0x4a284fe W1=0x517,0x2e6f,0x3ad9 W2=0x424,0x2b87,0xf96
  r61_witness[05] r61=15 tail=30 gh60=0x4708d6e W1=0x26cf,0x26e1,0xe3e W2=0x25dc,0x1538,0x1074
  r61_witness[06] r61=15 tail=34 gh60=0xc9947ae W1=0x3b80,0x322b,0x3e9e W2=0x3a8d,0x3cf4,0x5d4
  r61_witness[07] r61=15 tail=34 gh60=0x4a945ae W1=0x3c80,0x3845,0x1ace W2=0x3b8d,0x2eee,0x17a
  r61_witness[08] r61=15 tail=42 gh60=0x4a09cee W1=0x3f1f,0x27ce,0x2171 W2=0x3e2c,0x415,0x51
  r61_witness[09] r61=16 tail=27 gh60=0x789cba6 W1=0x19b4,0x259d,0x2e32 W2=0x18c1,0x3972,0x206e
  r61_witness[10] r61=16 tail=29 gh60=0x4e144ea W1=0x1c1e,0x3558,0x24b5 W2=0x1b2b,0x9ff,0x1c32
  r61_witness[11] r61=16 tail=31 gh60=0x5a15cee W1=0x20,0x1fb3,0x2b94 W2=0x3f2d,0x39fb,0x3ba5
  r61_witness[12] r61=16 tail=32 gh60=0x560449a W1=0x1d0a,0x1f80,0x126e W2=0x1c17,0x1684,0x2b49
  r61_witness[13] r61=16 tail=32 gh60=0xc988ca6 W1=0x36eb,0x2467,0x1b6d W2=0x35f8,0x1083,0x877
  r61_witness[14] r61=16 tail=34 gh60=0x5708d6e W1=0x184f,0x1103,0x3971 W2=0x175c,0x3c4e,0x3cbb
  r61_witness[15] r61=16 tail=35 gh60=0x4b3856a W1=0xc5d,0x202f,0x1317 W2=0xb6a,0x2b2d,0x22da

D60=0 fiber histogram: 1:8013 2:4830 3:1762 4:1118 5:427 6:232 7:86 8:73 9:19 10:23 11:7 12:7 13:4 14:5 16:2 18:2 21:2
