free_word_mitm_reducedn
N=14 mask=0x3fff msb=0x2000
candidate: M0=0x3d36 mode=random-fallback fill=0x3fff kernel=dM0=dM9=0x2000
prefixes=32768/268435456 mode=permuted-prefix-sample w59_per_prefix=16384 total=536870912
run_mode=scan registry_cap=16
sample_start=236453888
scan_elapsed=19.304s rate=27.81 Mtriples/s

D60 interface
  D60=0 matches: 32283 (random expectation 32768.0, enrichment 0.985x)
  prefixes with D60=0: 16428
  max D60=0 fiber per prefix: 20 at W57=0x3ff W58=0x32e7
  largest D60 bucket: D=0xa9f count=33854
  min D60 HW: 0
  D60 HW histogram: 0:32283 1:456191 2:2973835 3:11918292 4:32801227 5:65653543 6:98479500 7:112507003 8:98382958 9:65544616 10:32768029 11:11898035 12:2967945 13:454823 14:32632

Tail closure among D60=0 matches
  final tail collisions: 0
  best r61 HW: 13
  best r61 W1[57..59]=0xa02,0x155f,0x1b6b
  best r61 W2[57..59]=0x90f,0x1b74,0x115f
  best tail HW: 21
  best tail r61 HW: 21
  best W1[57..59]=0x3922,0xe12,0x68e
  best W2[57..59]=0x382f,0x1e6e,0x30ab

SUMMARY N=14 sample_start=236453888 prefixes=32768 total=536870912 d0=32283 best_tail=21 tail_r61=21 best_r61=13 tail_W1=0x3922,0xe12,0x68e tail_W2=0x382f,0x1e6e,0x30ab r61_W1=0xa02,0x155f,0x1b6b r61_W2=0x90f,0x1b74,0x115f

Scan-only witness registry
  registry_count=16 registry_cap=16
  witness[00] tail=21 r61=16 gh60=0xd908766 W1=0x13cb,0x1c12,0x379b W2=0x12d8,0x17cf,0x2a5b
  witness[01] tail=21 r61=21 gh60=0x59a4cea W1=0x3922,0xe12,0x68e W2=0x382f,0x1e6e,0x30ab
  witness[02] tail=23 r61=17 gh60=0xb898bae W1=0x19bf,0x1b8a,0x2e56 W2=0x18cc,0x1f91,0x3eaa
  witness[03] tail=23 r61=19 gh60=0x57844a6 W1=0x323c,0x39b6,0x2653 W2=0x3149,0x2404,0x3cdb
  witness[04] tail=23 r61=21 gh60=0x7a0ccea W1=0x161e,0x253,0xdf3 W2=0x152b,0x18fb,0xe94
  witness[05] tail=23 r61=22 gh60=0xc989baa W1=0x171,0x3e31,0x3e3e W2=0x7e,0x3bbc,0xdcd
  witness[06] tail=24 r61=19 gh60=0xd978b9a W1=0x39c9,0x78d,0x566 W2=0x38d6,0x13ef,0x1c63
  witness[07] tail=24 r61=20 gh60=0xcbbff66 W1=0x2f64,0x1b61,0x3272 W2=0x2e71,0x323e,0x4
  witness[08] tail=24 r61=22 gh60=0xf7887ae W1=0x3af,0x1e8c,0x2ea0 W2=0x2bc,0x16e4,0x20eb
  witness[09] tail=24 r61=22 gh60=0xd914b6a W1=0x35de,0x8a2,0x3b14 W2=0x34eb,0x1e92,0x3aa7
  witness[10] tail=24 r61=22 gh60=0x3b884ae W1=0x3d2f,0x124f,0x28b8 W2=0x3c3c,0x16f,0x22c9
  witness[11] tail=25 r61=20 gh60=0xca15dea W1=0x9e,0x1941,0x3a41 W2=0x3fab,0x1391,0x18a8
  witness[12] tail=25 r61=22 gh60=0x49b8bba W1=0x9b5,0x1277,0x31f5 W2=0x8c2,0x3dca,0x15d9
  witness[13] tail=25 r61=22 gh60=0xcb6ddaa W1=0x1ec2,0x3bd3,0x3bde W2=0x1dcf,0xdd3,0x2a4d
  witness[14] tail=25 r61=22 gh60=0xfa68c9a W1=0x3609,0x3e62,0x10f7 W2=0x3516,0x3838,0x1ce0
  witness[15] tail=25 r61=26 gh60=0x7b7c7be W1=0x13b8,0x39c0,0x5f0 W2=0x12c5,0x48b,0x1222

Scan-only r61 registry
  registry_count=16 registry_cap=16
  r61_witness[00] r61=13 tail=26 gh60=0x5a244aa W1=0xa02,0x155f,0x1b6b W2=0x90f,0x1b74,0x115f
  r61_witness[01] r61=14 tail=30 gh60=0x4a04b9a W1=0x158a,0x3300,0x1bd8 W2=0x1497,0x3323,0x38d7
  r61_witness[02] r61=14 tail=35 gh60=0x5909b6a W1=0x1dd1,0x14ce,0x2e44 W2=0x1cde,0x1111,0x22b4
  r61_witness[03] r61=15 tail=27 gh60=0xc4984ba W1=0x1c35,0x3cd2,0x227b W2=0x1b42,0x3210,0x44b
  r61_witness[04] r61=15 tail=33 gh60=0xc8f84a6 W1=0x2d33,0x3687,0x3c40 W2=0x2c40,0x12f4,0x1d76
  r61_witness[05] r61=15 tail=34 gh60=0x490bb66 W1=0xdcb,0x12e3,0x98f W2=0xcd8,0x93f,0x1e9c
  r61_witness[06] r61=15 tail=35 gh60=0x4485d9a W1=0x1eaa,0x247a,0x3cac W2=0x1db7,0x14e3,0x3338
  r61_witness[07] r61=15 tail=37 gh60=0x3a184e6 W1=0x2c0b,0x100b,0x16b2 W2=0x2b18,0x3cee,0x24b3
  r61_witness[08] r61=15 tail=40 gh60=0x490876e W1=0x134f,0x2418,0x143f W2=0x125c,0x2752,0x25c1
  r61_witness[09] r61=16 tail=21 gh60=0xd908766 W1=0x13cb,0x1c12,0x379b W2=0x12d8,0x17cf,0x2a5b
  r61_witness[10] r61=16 tail=27 gh60=0x490bf6e W1=0x2fdf,0x2967,0x2911 W2=0x2eec,0x1096,0x3364
  r61_witness[11] r61=16 tail=29 gh60=0xda0449a W1=0x230a,0xe85,0x1375 W2=0x2217,0x3783,0xd4a
  r61_witness[12] r61=16 tail=29 gh60=0x7a184fa W1=0x3a15,0x18ab,0x3e54 W2=0x3922,0xdef,0x2d72
  r61_witness[13] r61=16 tail=32 gh60=0x3e09dea W1=0x1e9d,0x28f9,0x1366 W2=0x1daa,0x3944,0x2650
  r61_witness[14] r61=16 tail=34 gh60=0x4934b6a W1=0x29de,0x2e6e,0x145f W2=0x28eb,0x24a2,0x11c7
  r61_witness[15] r61=16 tail=34 gh60=0xd90c766 W1=0x2b4c,0x3f37,0x3d20 W2=0x2a59,0x2373,0x357c

D60=0 fiber histogram: 1:8032 2:4653 3:1774 4:1171 5:383 6:202 7:69 8:76 9:29 10:18 11:3 12:10 13:2 14:1 15:1 16:1 17:1 19:1 20:1
