free_word_mitm_reducedn
N=14 mask=0x3fff msb=0x2000
candidate: M0=0x3d36 mode=random-fallback fill=0x3fff kernel=dM0=dM9=0x2000
prefixes=32768/268435456 mode=permuted-prefix-sample w59_per_prefix=16384 total=536870912
run_mode=scan registry_cap=16
sample_start=53641216
scan_elapsed=12.443s rate=43.15 Mtriples/s

D60 interface
  D60=0 matches: 32272 (random expectation 32768.0, enrichment 0.985x)
  prefixes with D60=0: 16371
  max D60=0 fiber per prefix: 23 at W57=0x3baa W58=0x2494
  largest D60 bucket: D=0x121a count=33958
  min D60 HW: 0
  D60 HW histogram: 0:32272 1:456815 2:2976296 3:11909882 4:32777482 5:65615830 6:98476050 7:112542051 8:98436437 9:65572608 10:32736927 11:11882985 12:2967798 13:455400 14:32079

Tail closure among D60=0 matches
  final tail collisions: 0
  best r61 HW: 14
  best r61 W1[57..59]=0x22c0,0x2998,0x1aa8
  best r61 W2[57..59]=0x21cd,0xed1,0x918
  best tail HW: 17
  best tail r61 HW: 19
  best W1[57..59]=0x2ea,0x336f,0xda0
  best W2[57..59]=0x1f7,0x1c2f,0xccd

SUMMARY N=14 sample_start=53641216 prefixes=32768 total=536870912 d0=32272 best_tail=17 tail_r61=19 best_r61=14 tail_W1=0x2ea,0x336f,0xda0 tail_W2=0x1f7,0x1c2f,0xccd r61_W1=0x22c0,0x2998,0x1aa8 r61_W2=0x21cd,0xed1,0x918

Scan-only witness registry
  registry_count=16 registry_cap=16
  witness[00] tail=17 r61=19 gh60=0xd99c49a W1=0x2ea,0x336f,0xda0 W2=0x1f7,0x1c2f,0xccd
  witness[01] tail=22 r61=24 gh60=0x55e85ba W1=0x12b5,0x2ad0,0x3269 W2=0x11c2,0x27e6,0x23a5
  witness[02] tail=24 r61=17 gh60=0x5a68fe6 W1=0x2793,0xf6e,0x339c W2=0x26a0,0x3448,0xe5b
  witness[03] tail=24 r61=26 gh60=0xc89cb9a W1=0x29aa,0x3d46,0x3507 W2=0x28b7,0x2a51,0x1cd0
  witness[04] tail=25 r61=17 gh60=0xd6285fa W1=0x2a99,0x3ccc,0x22dd W2=0x29a6,0x17ec,0x1ce4
  witness[05] tail=25 r61=18 gh60=0x5a5849e W1=0x3507,0x213c,0x186a W2=0x3414,0x2fb1,0x2656
  witness[06] tail=25 r61=19 gh60=0xdbe859a W1=0x2aa5,0xe59,0x250a W2=0x29b2,0x39fa,0x241f
  witness[07] tail=25 r61=20 gh60=0x5be9de6 W1=0x93,0x606,0x10b0 W2=0x3fa0,0x1852,0x3e57
  witness[08] tail=25 r61=20 gh60=0x56084e6 W1=0x51b,0x1849,0x2c97 W2=0x428,0x160e,0x2756
  witness[09] tail=25 r61=21 gh60=0xda0dcea W1=0x3e1e,0x1a72,0x10f5 W2=0x3d2b,0x229a,0xc13
  witness[10] tail=25 r61=22 gh60=0xca7bcfa W1=0xf19,0x6a0,0xb42 W2=0xe26,0x155f,0x2754
  witness[11] tail=25 r61=22 gh60=0x4b99ba6 W1=0x3d7b,0x281f,0x1557 W2=0x3c88,0x31d1,0x2534
  witness[12] tail=25 r61=23 gh60=0xb98bfae W1=0xf7f,0xad5,0x338a W2=0xe8c,0x2c94,0x211e
  witness[13] tail=25 r61=26 gh60=0x3b5cbbe W1=0x25b8,0x21d5,0x3eb7 W2=0x24c5,0x19dd,0x2dbc
  witness[14] tail=26 r61=17 gh60=0xc604ce6 W1=0x190c,0x1d0a,0x1732 W2=0x1819,0x14b1,0x1317
  witness[15] tail=26 r61=18 gh60=0x4a2bffe W1=0x2f97,0x280e,0x54e W2=0x2ea4,0x12e5,0x29ea

Scan-only r61 registry
  registry_count=16 registry_cap=16
  r61_witness[00] r61=14 tail=31 gh60=0x4c945ae W1=0x22c0,0x2998,0x1aa8 W2=0x21cd,0xed1,0x918
  r61_witness[01] r61=15 tail=27 gh60=0xc898cba W1=0x3935,0x3516,0x345d W2=0x3842,0x2715,0x3509
  r61_witness[02] r61=15 tail=29 gh60=0x54845a6 W1=0x2abc,0x2ffd,0x128a W2=0x29c9,0x331,0x3846
  r61_witness[03] r61=15 tail=35 gh60=0x4905f66 W1=0x3fdc,0x3bab,0xa26 W2=0x3ee9,0x1d54,0x35b7
  r61_witness[04] r61=16 tail=29 gh60=0xca6456a W1=0xae2,0x3a82,0x1a29 W2=0x9ef,0xd21,0x28f3
  r61_witness[05] r61=16 tail=29 gh60=0x44885ae W1=0xcaf,0x36e5,0x1b36 W2=0xbbc,0x1d1d,0x3e46
  r61_witness[06] r61=16 tail=30 gh60=0x4a98d9a W1=0x1865,0x277a,0x1c1b W2=0x1772,0x22ec,0x3ede
  r61_witness[07] r61=16 tail=31 gh60=0x4a045e6 W1=0x248c,0x3431,0x295 W2=0x2399,0x2aeb,0x2a1e
  r61_witness[08] r61=16 tail=31 gh60=0x4528d7e W1=0x2657,0x14d6,0x2802 W2=0x2564,0x1a81,0x17a5
  r61_witness[09] r61=16 tail=31 gh60=0xc608cee W1=0x361f,0x3eaf,0x1c45 W2=0x352c,0x186,0x1ea5
  r61_witness[10] r61=16 tail=32 gh60=0xca8bcaa W1=0x2ded,0x1af1,0x119d W2=0x2cfa,0x1430,0x3228
  r61_witness[11] r61=16 tail=33 gh60=0x4f0856a W1=0x451,0x27b2,0x216e W2=0x35e,0x2448,0x28a
  r61_witness[12] r61=16 tail=33 gh60=0x48944aa W1=0x1d3e,0x3bf7,0x1a90 W2=0x1c4b,0xfe8,0xe0
  r61_witness[13] r61=16 tail=33 gh60=0x38844a6 W1=0x333c,0x482,0x94b W2=0x3249,0x22d0,0x2d3c
  r61_witness[14] r61=16 tail=34 gh60=0x4a187e6 W1=0x3393,0x2d8d,0x3dec W2=0x32a0,0x2b6c,0x280c
  r61_witness[15] r61=16 tail=35 gh60=0xb6085ea W1=0x291,0x26d0,0x1ae8 W2=0x19e,0x216e,0x167

D60=0 fiber histogram: 1:7987 2:4670 3:1806 4:1033 5:420 6:232 7:74 8:83 9:22 10:18 11:9 12:8 14:4 15:2 19:1 20:1 23:1
