free_word_mitm_reducedn
N=14 mask=0x3fff msb=0x2000
candidate: M0=0x3d36 mode=random-fallback fill=0x3fff kernel=dM0=dM9=0x2000
prefixes=32768/268435456 mode=permuted-prefix-sample w59_per_prefix=16384 total=536870912
run_mode=scan registry_cap=16
sample_start=85622784
scan_elapsed=18.200s rate=29.50 Mtriples/s

D60 interface
  D60=0 matches: 32329 (random expectation 32768.0, enrichment 0.987x)
  prefixes with D60=0: 16394
  max D60=0 fiber per prefix: 24 at W57=0x1f87 W58=0x145f
  largest D60 bucket: D=0x2a5c count=33706
  min D60 HW: 0
  D60 HW histogram: 0:32329 1:456627 2:2972514 3:11908464 4:32803586 5:65666780 6:98499498 7:112540890 8:98396778 9:65534369 10:32717752 11:11887344 12:2964419 13:457106 14:32456

Tail closure among D60=0 matches
  final tail collisions: 0
  best r61 HW: 15
  best r61 W1[57..59]=0x108b,0x3eb1,0x1b75
  best r61 W2[57..59]=0xf98,0x1c69,0x3450
  best tail HW: 21
  best tail r61 HW: 21
  best W1[57..59]=0x138a,0x1374,0xaa9
  best W2[57..59]=0x1297,0x1616,0x1db0

SUMMARY N=14 sample_start=85622784 prefixes=32768 total=536870912 d0=32329 best_tail=21 tail_r61=21 best_r61=15 tail_W1=0x138a,0x1374,0xaa9 tail_W2=0x1297,0x1616,0x1db0 r61_W1=0x108b,0x3eb1,0x1b75 r61_W2=0xf98,0x1c69,0x3450

Scan-only witness registry
  registry_count=16 registry_cap=16
  witness[00] tail=21 r61=21 gh60=0xf60c79a W1=0x138a,0x1374,0xaa9 W2=0x1297,0x1616,0x1db0
  witness[01] tail=22 r61=25 gh60=0xce784ea W1=0xc0d,0x167c,0x2307 W2=0xb1a,0x193e,0x3ef9
  witness[02] tail=23 r61=16 gh60=0x58887a6 W1=0x33ab,0x211b,0x24ca W2=0x32b8,0x1af0,0x1c77
  witness[03] tail=23 r61=22 gh60=0xca045fa W1=0x249a,0x19c,0x2aea W2=0x23a7,0x30b1,0x35c3
  witness[04] tail=23 r61=23 gh60=0x5f88ca6 W1=0x18fb,0x3e6c,0x1659 W2=0x1808,0x8f8,0x3fdc
  witness[05] tail=24 r61=19 gh60=0x4f77d7e W1=0xed8,0x3950,0x2e01 W2=0xde5,0x2fa0,0x3991
  witness[06] tail=24 r61=22 gh60=0xc637cee W1=0x2e10,0x2a57,0x1fcb W2=0x2d1d,0x37ab,0x26e3
  witness[07] tail=24 r61=24 gh60=0xb7385a6 W1=0x32c3,0x3a30,0x37e2 W2=0x31d0,0x3c83,0xc9a
  witness[08] tail=25 r61=20 gh60=0x4a7dca6 W1=0x2104,0x828,0x1415 W2=0x2011,0x1063,0x398
  witness[09] tail=25 r61=22 gh60=0xfca84be W1=0x1237,0x2f62,0xf88 W2=0x1144,0xc84,0x3691
  witness[10] tail=25 r61=22 gh60=0xd8b449e W1=0x3328,0x1086,0x32eb W2=0x3235,0x30b2,0xbe
  witness[11] tail=25 r61=22 gh60=0x4b78daa W1=0x367d,0x1c8a,0x3f82 W2=0x358a,0x3d5d,0x3cc3
  witness[12] tail=25 r61=26 gh60=0xbe97fae W1=0x2f80,0x1eb4,0x61c W2=0x2e8d,0xa7c,0x1fbd
  witness[13] tail=26 r61=15 gh60=0x5a084ea W1=0xc1d,0x2370,0x2acc W2=0xb2a,0x2726,0x2cc1
  witness[14] tail=26 r61=18 gh60=0x459c59a W1=0x4aa,0x1471,0x30a7 W2=0x3b7,0x225,0x3316
  witness[15] tail=26 r61=19 gh60=0x5a0ccee W1=0x710,0x20ef,0x31cd W2=0x61d,0xfd7,0xf21

Scan-only r61 registry
  registry_count=16 registry_cap=16
  r61_witness[00] r61=15 tail=26 gh60=0x5a084ea W1=0xc1d,0x2370,0x2acc W2=0xb2a,0x2726,0x2cc1
  r61_witness[01] r61=15 tail=32 gh60=0xca2c7aa W1=0xb82,0x3b82,0x2f7f W2=0xa8f,0x2f6f,0x10e0
  r61_witness[02] r61=15 tail=33 gh60=0x4e0bde6 W1=0x108b,0x3eb1,0x1b75 W2=0xf98,0x1c69,0x3450
  r61_witness[03] r61=15 tail=33 gh60=0xca15bee W1=0x3da0,0x1b19,0x37d6 W2=0x3cad,0x1299,0xf7d
  r61_witness[04] r61=15 tail=39 gh60=0x4608cea W1=0x70d,0xb91,0x1bfc W2=0x61a,0xe84,0x270c
  r61_witness[05] r61=16 tail=23 gh60=0x58887a6 W1=0x33ab,0x211b,0x24ca W2=0x32b8,0x1af0,0x1c77
  r61_witness[06] r61=16 tail=28 gh60=0x4a684be W1=0x13f7,0x2c59,0xee7 W2=0x1304,0xb77,0x14c7
  r61_witness[07] r61=16 tail=29 gh60=0xc8a8be6 W1=0x5a3,0x1f0,0x2fe3 W2=0x4b0,0x7de,0x1f85
  r61_witness[08] r61=16 tail=30 gh60=0xcb5449e W1=0xb28,0x3d19,0x1b7d W2=0xa35,0xcc7,0xfb4
  r61_witness[09] r61=16 tail=30 gh60=0x5b985ae W1=0x2a6f,0x1120,0x37d4 W2=0x297c,0x3468,0x2ab7
  r61_witness[10] r61=16 tail=31 gh60=0x4a24baa W1=0x2582,0x305d,0x3d26 W2=0x248f,0x2149,0x137e
  r61_witness[11] r61=16 tail=33 gh60=0x38844a6 W1=0xb3c,0x1135,0x3d26 W2=0xa49,0x2281,0x185b
  r61_witness[12] r61=16 tail=35 gh60=0x4a1c5ea W1=0x2a9e,0x11f3,0x3909 W2=0x29ab,0x1206,0x1be9
  r61_witness[13] r61=16 tail=37 gh60=0xc88449a W1=0x32a,0x1320,0x174b W2=0x237,0x3b64,0x2d51
  r61_witness[14] r61=16 tail=39 gh60=0x461bf9a W1=0x2f85,0x13bb,0x1432 W2=0x2e92,0x2c8f,0xaf1
  r61_witness[15] r61=17 tail=27 gh60=0x479dd6a W1=0xe2,0x4cc,0x284c W2=0x3fef,0x13cc,0x396f

D60=0 fiber histogram: 1:8045 2:4609 3:1808 4:1076 5:407 6:217 7:86 8:69 9:30 10:19 11:8 12:8 13:2 14:2 15:1 17:2 18:3 22:1 24:1
