free_word_mitm_reducedn
N=14 mask=0x3fff msb=0x2000
candidate: M0=0x3d36 mode=random-fallback fill=0x3fff kernel=dM0=dM9=0x2000
prefixes=32768/268435456 mode=permuted-prefix-sample w59_per_prefix=16384 total=536870912
run_mode=scan registry_cap=16
sample_start=171835392
scan_elapsed=16.771s rate=32.01 Mtriples/s

D60 interface
  D60=0 matches: 33336 (random expectation 32768.0, enrichment 1.017x)
  prefixes with D60=0: 16784
  max D60=0 fiber per prefix: 22 at W57=0x685 W58=0x39b0
  largest D60 bucket: D=0xc78 count=33882
  min D60 HW: 0
  D60 HW histogram: 0:33336 1:458022 2:2984359 3:11944164 4:32821109 5:65625303 6:98407219 7:112461501 8:98396716 9:65569043 10:32774220 11:11924404 12:2980477 13:458324 14:32715

Tail closure among D60=0 matches
  final tail collisions: 0
  best r61 HW: 14
  best r61 W1[57..59]=0x278b,0x20ba,0x154b
  best r61 W2[57..59]=0x2698,0x584,0x33e
  best tail HW: 20
  best tail r61 HW: 23
  best W1[57..59]=0x3de6,0x3d0c,0x2def
  best W2[57..59]=0x3cf3,0x23d9,0x343

SUMMARY N=14 sample_start=171835392 prefixes=32768 total=536870912 d0=33336 best_tail=20 tail_r61=23 best_r61=14 tail_W1=0x3de6,0x3d0c,0x2def tail_W2=0x3cf3,0x23d9,0x343 r61_W1=0x278b,0x20ba,0x154b r61_W2=0x2698,0x584,0x33e

Scan-only witness registry
  registry_count=16 registry_cap=16
  witness[00] tail=20 r61=23 gh60=0x4e75c9a W1=0x3de6,0x3d0c,0x2def W2=0x3cf3,0x23d9,0x343
  witness[01] tail=22 r61=20 gh60=0xca945ae W1=0x3a70,0x1995,0x2176 W2=0x397d,0xfce,0x4ac
  witness[02] tail=24 r61=21 gh60=0xfe08fee W1=0x278f,0x23f7,0x3ba9 W2=0x269c,0x18c6,0x1db2
  witness[03] tail=24 r61=25 gh60=0xc5e8d7a W1=0x1659,0x2d40,0x1b63 W2=0x1566,0x1f2b,0x19fd
  witness[04] tail=25 r61=15 gh60=0xd589cae W1=0x203f,0x43e,0x8a W2=0x1f4c,0x2c11,0x1384
  witness[05] tail=25 r61=17 gh60=0xde19dfa W1=0x95,0x160,0x1983 W2=0x3fa2,0x2c3b,0x2a5a
  witness[06] tail=25 r61=17 gh60=0x45f84ba W1=0x439,0x2c0a,0x1760 W2=0x346,0x1088,0x1db8
  witness[07] tail=25 r61=20 gh60=0xc9b8ca6 W1=0x16eb,0x20d5,0x34cf W2=0x15f8,0xcf1,0x2a62
  witness[08] tail=25 r61=20 gh60=0xca0449a W1=0x240a,0x2941,0x3f72 W2=0x2317,0xf7f,0x201b
  witness[09] tail=25 r61=20 gh60=0x3907b7a W1=0x2dda,0xc7a,0x36e8 W2=0x2ce7,0x2dae,0x91e
  witness[10] tail=25 r61=21 gh60=0xb88dca6 W1=0x3f2c,0x259d,0x1d97 W2=0x3e39,0x3338,0x13bf
  witness[11] tail=25 r61=27 gh60=0x7afcf9a W1=0x27c6,0x2f2f,0x240f W2=0x26d3,0x2c8e,0x343e
  witness[12] tail=26 r61=16 gh60=0xc60cbfa W1=0x199a,0x2528,0x2fd2 W2=0x18a7,0x1fac,0xf82
  witness[13] tail=26 r61=16 gh60=0xb50bd6a W1=0x30dd,0x2865,0x4cf W2=0x2fea,0x2340,0x39a9
  witness[14] tail=26 r61=18 gh60=0x4c8bdae W1=0x30bf,0x2a3b,0x785 W2=0x2fcc,0xde,0x21b0
  witness[15] tail=26 r61=20 gh60=0x79b8c9a W1=0x16e9,0x3d41,0xbb6 W2=0x15f6,0x3297,0x31ee

Scan-only r61 registry
  registry_count=16 registry_cap=16
  r61_witness[00] r61=14 tail=36 gh60=0x5a08fe6 W1=0x278b,0x20ba,0x154b W2=0x2698,0x584,0x33e
  r61_witness[01] r61=15 tail=25 gh60=0xd589cae W1=0x203f,0x43e,0x8a W2=0x1f4c,0x2c11,0x1384
  r61_witness[02] r61=15 tail=27 gh60=0xc9847ba W1=0x137a,0x3a3b,0x3767 W2=0x1287,0x3d86,0x3607
  r61_witness[03] r61=15 tail=29 gh60=0x4608fe6 W1=0x279b,0x3584,0xfea W2=0x26a8,0x1942,0x38d1
  r61_witness[04] r61=15 tail=30 gh60=0x5655cfa W1=0x16,0x2c32,0x1773 W2=0x3f23,0xeea,0x2e50
  r61_witness[05] r61=15 tail=30 gh60=0xc638fea W1=0x3791,0x2a7b,0x16bc W2=0x369e,0x3a0e,0x90b
  r61_witness[06] r61=15 tail=33 gh60=0x5518566 W1=0x3a5b,0x179a,0x518 W2=0x3968,0x3bbd,0x27cf
  r61_witness[07] r61=15 tail=36 gh60=0x4a084ee W1=0x140f,0x3f43,0x13b8 W2=0x131c,0x3f6d,0x5c9
  r61_witness[08] r61=15 tail=36 gh60=0xcb34b6a W1=0x35ce,0x1050,0x2239 W2=0x34db,0x264c,0x3971
  r61_witness[09] r61=16 tail=26 gh60=0xc60cbfa W1=0x199a,0x2528,0x2fd2 W2=0x18a7,0x1fac,0xf82
  r61_witness[10] r61=16 tail=26 gh60=0xb50bd6a W1=0x30dd,0x2865,0x4cf W2=0x2fea,0x2340,0x39a9
  r61_witness[11] r61=16 tail=27 gh60=0x4a185e6 W1=0x493,0x2688,0x2c27 W2=0x3a0,0x3b53,0x9e0
  r61_witness[12] r61=16 tail=29 gh60=0x4998be6 W1=0x5a3,0x3996,0x14cc W2=0x4b0,0x3f84,0x1a83
  r61_witness[13] r61=16 tail=31 gh60=0x460bde6 W1=0xe8b,0x31f9,0x357a W2=0xd98,0x3531,0x2aad
  r61_witness[14] r61=16 tail=31 gh60=0x4a87cba W1=0xefa,0x325d,0x2ffd W2=0xe07,0x50d,0x80b
  r61_witness[15] r61=16 tail=31 gh60=0x5ab459a W1=0x3466,0x2658,0x1013 W2=0x3373,0x1488,0x73e

D60=0 fiber histogram: 1:8088 2:4903 3:1766 4:1122 5:433 6:220 7:92 8:78 9:27 10:21 11:7 12:10 13:6 14:4 15:1 16:4 18:1 22:1
