free_word_mitm_reducedn
N=14 mask=0x3fff msb=0x2000
candidate: M0=0x3d36 mode=random-fallback fill=0x3fff kernel=dM0=dM9=0x2000
prefixes=32768/268435456 mode=permuted-prefix-sample w59_per_prefix=16384 total=536870912
run_mode=scan registry_cap=16
sample_start=12451840
scan_elapsed=15.154s rate=35.43 Mtriples/s

D60 interface
  D60=0 matches: 32728 (random expectation 32768.0, enrichment 0.999x)
  prefixes with D60=0: 16595
  max D60=0 fiber per prefix: 18 at W57=0x1c76 W58=0x2ca5
  largest D60 bucket: D=0xa84 count=33821
  min D60 HW: 0
  D60 HW histogram: 0:32728 1:459167 2:2984263 3:11930856 4:32825052 5:65666428 6:98472695 7:112495609 8:98390933 9:65525857 10:32725614 11:11896963 12:2974099 13:457835 14:32813

Tail closure among D60=0 matches
  final tail collisions: 0
  best r61 HW: 14
  best r61 W1[57..59]=0xa1,0x2d17,0xae
  best r61 W2[57..59]=0x3fae,0x2766,0x1274
  best tail HW: 23
  best tail r61 HW: 19
  best W1[57..59]=0x3b7e,0x32e5,0x1a4f
  best W2[57..59]=0x3a8b,0x5ae,0x1b6f

SUMMARY N=14 sample_start=12451840 prefixes=32768 total=536870912 d0=32728 best_tail=23 tail_r61=19 best_r61=14 tail_W1=0x3b7e,0x32e5,0x1a4f tail_W2=0x3a8b,0x5ae,0x1b6f r61_W1=0xa1,0x2d17,0xae r61_W2=0x3fae,0x2766,0x1274

Scan-only witness registry
  registry_count=16 registry_cap=16
  witness[00] tail=23 r61=17 gh60=0x44f8daa W1=0x36ad,0x24e2,0x387 W2=0x35ba,0x435,0x3fab
  witness[01] tail=23 r61=19 gh60=0x4b947aa W1=0x3b7e,0x32e5,0x1a4f W2=0x3a8b,0x5ae,0x1b6f
  witness[02] tail=23 r61=20 gh60=0xca2c49a W1=0x2406,0x804,0x2254 W2=0x2313,0x2e8e,0xdab
  witness[03] tail=23 r61=21 gh60=0x4f04b66 W1=0x9dc,0xb48,0x20a7 W2=0x8e9,0x90f,0x17d6
  witness[04] tail=24 r61=19 gh60=0x36884aa W1=0x2f1,0x3dfa,0x15f2 W2=0x1fe,0x4ba,0x1e83
  witness[05] tail=24 r61=21 gh60=0xca3479a W1=0x3b86,0x3574,0x327f W2=0x3a93,0x81c,0x2ad5
  witness[06] tail=24 r61=23 gh60=0x462dc9e W1=0x2108,0x2120,0x23d8 W2=0x2015,0x2a4d,0x246d
  witness[07] tail=24 r61=23 gh60=0xcd58d7e W1=0x28d7,0x121c,0x280 W2=0x27e4,0x19cf,0x270a
  witness[08] tail=25 r61=14 gh60=0x5885ca6 W1=0x13c,0x18f0,0x292e W2=0x49,0x4ff,0x64a
  witness[09] tail=25 r61=18 gh60=0xcb985aa W1=0x127d,0x2f6a,0x3c49 W2=0x118a,0xbfe,0x2615
  witness[10] tail=25 r61=19 gh60=0xcb844a6 W1=0x39ec,0x3d21,0x35a2 W2=0x38f9,0x2afd,0xdb6
  witness[11] tail=25 r61=20 gh60=0xde385ee W1=0x1c8f,0x35c8,0x3357 W2=0x1b9c,0x2f8a,0x3007
  witness[12] tail=25 r61=20 gh60=0x4f1cf6a W1=0x37d2,0x39eb,0x3b4c W2=0x36df,0x3d0b,0x2c04
  witness[13] tail=25 r61=21 gh60=0xd8947ae W1=0x13c0,0x3eb2,0x2439 W2=0x12cd,0x8eb,0xa25
  witness[14] tail=25 r61=21 gh60=0x4a14dee W1=0x3890,0x1ce0,0x1976 W2=0x379d,0xca4,0x17d9
  witness[15] tail=25 r61=24 gh60=0xcffbd7e W1=0x10d7,0x258a,0x7ae W2=0xfe4,0x15b9,0x1745

Scan-only r61 registry
  registry_count=16 registry_cap=16
  r61_witness[00] r61=14 tail=25 gh60=0x5885ca6 W1=0x13c,0x18f0,0x292e W2=0x49,0x4ff,0x64a
  r61_witness[01] r61=14 tail=28 gh60=0x7609dea W1=0xa1,0x2d17,0xae W2=0x3fae,0x2766,0x1274
  r61_witness[02] r61=14 tail=36 gh60=0x4e0bbee W1=0x319f,0x28c1,0x18b1 W2=0x30ac,0x1144,0x333a
  r61_witness[03] r61=15 tail=32 gh60=0x4908f6a W1=0x74d,0x24c8,0x2695 W2=0x65a,0x10eb,0x5dc
  r61_witness[04] r61=15 tail=33 gh60=0x4625caa W1=0x3f02,0x37e6,0x2f4f W2=0x3e0f,0x3a3a,0x3bed
  r61_witness[05] r61=16 tail=26 gh60=0xcb1bb66 W1=0x2ddb,0x242f,0x2c0c W2=0x2ce8,0x1d7b,0x246b
  r61_witness[06] r61=16 tail=26 gh60=0x4ba8b9e W1=0x3567,0x3866,0x42f W2=0x3474,0x4,0x595
  r61_witness[07] r61=16 tail=28 gh60=0x4928f7a W1=0x2759,0x345f,0x630 W2=0x2666,0x387a,0x17ba
  r61_witness[08] r61=16 tail=29 gh60=0xc658b9e W1=0x2987,0x7c6,0xe44 W2=0x2894,0x3ba0,0x289d
  r61_witness[09] r61=16 tail=30 gh60=0x4be85e6 W1=0xa93,0x11b7,0xdf2 W2=0x9a0,0x280,0x319
  r61_witness[10] r61=16 tail=30 gh60=0xca1c5aa W1=0x1a82,0x31fe,0x227e W2=0x198f,0xd2b,0x36dc
  r61_witness[11] r61=16 tail=30 gh60=0xd909b6a W1=0x3dd1,0x1926,0x394d W2=0x3cde,0x1d61,0x2881
  r61_witness[12] r61=16 tail=33 gh60=0x4507d66 W1=0xedc,0x1633,0x249 W2=0xde9,0x1cf0,0xe74
  r61_witness[13] r61=16 tail=34 gh60=0xc6344ea W1=0x3c0e,0x2e6,0x2897 W2=0x3b1b,0x16a1,0x341
  r61_witness[14] r61=16 tail=35 gh60=0x460459a W1=0xc8a,0x19e6,0x3742 W2=0xb97,0x8be,0x39a9
  r61_witness[15] r61=16 tail=37 gh60=0x44984ba W1=0x1435,0x29d2,0x3cc1 W2=0x1342,0x2090,0x474

D60=0 fiber histogram: 1:8036 2:4810 3:1770 4:1113 5:417 6:224 7:80 8:76 9:35 10:15 11:5 12:6 13:1 14:2 15:2 16:2 18:1
