free_word_mitm_reducedn
N=14 mask=0x3fff msb=0x2000
candidate: M0=0x3d36 mode=random-fallback fill=0x3fff kernel=dM0=dM9=0x2000
prefixes=32768/268435456 mode=permuted-prefix-sample w59_per_prefix=16384 total=536870912
run_mode=scan registry_cap=16
sample_start=264110080
scan_elapsed=11.692s rate=45.92 Mtriples/s

D60 interface
  D60=0 matches: 32623 (random expectation 32768.0, enrichment 0.996x)
  prefixes with D60=0: 16600
  max D60=0 fiber per prefix: 19 at W57=0xb93 W58=0x3d1
  largest D60 bucket: D=0x3e30 count=33857
  min D60 HW: 0
  D60 HW histogram: 0:32623 1:456032 2:2978765 3:11922415 4:32792448 5:65611928 6:98426387 7:112465271 8:98402777 9:65600668 10:32790247 11:11922009 12:2979519 13:457528 14:32295

Tail closure among D60=0 matches
  final tail collisions: 0
  best r61 HW: 14
  best r61 W1[57..59]=0xd4c,0x3003,0x18f8
  best r61 W2[57..59]=0xc59,0x2660,0x875
  best tail HW: 21
  best tail r61 HW: 22
  best W1[57..59]=0x39df,0x25ca,0x2cde
  best W2[57..59]=0x38ec,0x23d9,0x27bc

SUMMARY N=14 sample_start=264110080 prefixes=32768 total=536870912 d0=32623 best_tail=21 tail_r61=22 best_r61=14 tail_W1=0x39df,0x25ca,0x2cde tail_W2=0x38ec,0x23d9,0x27bc r61_W1=0xd4c,0x3003,0x18f8 r61_W2=0xc59,0x2660,0x875

Scan-only witness registry
  registry_count=16 registry_cap=16
  witness[00] tail=21 r61=22 gh60=0xff08b6e W1=0x39df,0x25ca,0x2cde W2=0x38ec,0x23d9,0x27bc
  witness[01] tail=23 r61=19 gh60=0xc654f9a W1=0x3786,0x18b8,0x3efa W2=0x3693,0x289f,0x2163
  witness[02] tail=23 r61=20 gh60=0xc987fa6 W1=0xfac,0xdda,0x2775 W2=0xeb9,0x1ea5,0xfc7
  witness[03] tail=23 r61=21 gh60=0x5b8c5ba W1=0x27a,0x231c,0x337c W2=0x187,0xeab,0x251
  witness[04] tail=24 r61=16 gh60=0x44a8de6 W1=0x16a3,0x24df,0x337d W2=0x15b0,0x2f39,0x3758
  witness[05] tail=24 r61=19 gh60=0xc904b66 W1=0x29dc,0x3552,0x1623 W2=0x28e9,0x3b21,0x1ed4
  witness[06] tail=24 r61=21 gh60=0xc655cfe W1=0x1f18,0x1d8c,0x1138 W2=0x1e25,0x2a74,0x291b
  witness[07] tail=24 r61=22 gh60=0x45bbdaa W1=0xead,0x3d75,0x86a W2=0xdba,0x450,0x311e
  witness[08] tail=24 r61=28 gh60=0xda784aa W1=0x4f1,0x3243,0x17b7 W2=0x3fe,0x3783,0x3068
  witness[09] tail=25 r61=20 gh60=0xcba9cba W1=0x20f9,0x31f6,0x20d6 W2=0x2006,0x16b5,0x3bb2
  witness[10] tail=25 r61=22 gh60=0xcb8bca6 W1=0x30fb,0x30a4,0x37ac W2=0x3008,0x1436,0x162a
  witness[11] tail=26 r61=17 gh60=0xcb04d7a W1=0x385a,0x335d,0x2d5c W2=0x3767,0x2b25,0x3323
  witness[12] tail=26 r61=20 gh60=0x36884ae W1=0x24ef,0xcb9,0x99d W2=0x23fc,0x2bd9,0x131b
  witness[13] tail=26 r61=20 gh60=0x4764cea W1=0x2722,0x1912,0x1041 W2=0x262f,0x1e72,0x745
  witness[14] tail=26 r61=21 gh60=0xfe0c4ea W1=0x1a1e,0x3587,0xa2f W2=0x192b,0x8ae,0x362
  witness[15] tail=26 r61=22 gh60=0xf988caa W1=0x701,0x780,0x3218 W2=0x60e,0xb2f,0x14b0

Scan-only r61 registry
  registry_count=16 registry_cap=16
  r61_witness[00] r61=14 tail=30 gh60=0x4b07b66 W1=0xd4c,0x3003,0x18f8 W2=0xc59,0x2660,0x875
  r61_witness[01] r61=14 tail=30 gh60=0xcb04d66 W1=0x26dc,0x32b0,0x1230 W2=0x25e9,0xc6f,0x3cf7
  r61_witness[02] r61=14 tail=30 gh60=0x4b09b6a W1=0x3d61,0xf0d,0x301c W2=0x3c6e,0xa40,0x12e9
  r61_witness[03] r61=14 tail=32 gh60=0x46085ea W1=0x2c8d,0x194e,0xace W2=0x2b9a,0x25e8,0x281f
  r61_witness[04] r61=14 tail=33 gh60=0x468ffae W1=0xf80,0x2265,0x3842 W2=0xe8d,0x835,0x3d2b
  r61_witness[05] r61=15 tail=28 gh60=0xc615cea W1=0x1f0e,0x2f93,0x1aef W2=0x1e1b,0x341b,0x1f12
  r61_witness[06] r61=15 tail=30 gh60=0x5a1bdea W1=0x10a1,0x3c07,0x393 W2=0xfae,0x2952,0x1948
  r61_witness[07] r61=15 tail=30 gh60=0x4d0c56e W1=0x1250,0x3a40,0x391b W2=0x115d,0x2b6b,0xe15
  r61_witness[08] r61=15 tail=31 gh60=0x4c8dcae W1=0x1e40,0x395,0x1694 W2=0x1d4d,0x2569,0x3237
  r61_witness[09] r61=15 tail=32 gh60=0x4b89ba6 W1=0x21ab,0x749,0xf4c W2=0x20b8,0x89b,0xe09
  r61_witness[10] r61=15 tail=33 gh60=0xca19bea W1=0x1d9d,0xd57,0x1c79 W2=0x1caa,0x3cd2,0x184c
  r61_witness[11] r61=15 tail=33 gh60=0xc618c9a W1=0x3905,0x3015,0x107d W2=0x3812,0x23e7,0xfe3
  r61_witness[12] r61=15 tail=34 gh60=0xcf29d9a W1=0x20c5,0x3c1c,0x2436 W2=0x1fd2,0x24c4,0x293
  r61_witness[13] r61=16 tail=24 gh60=0x44a8de6 W1=0x16a3,0x24df,0x337d W2=0x15b0,0x2f39,0x3758
  r61_witness[14] r61=16 tail=28 gh60=0x5a1bbea W1=0xd8d,0x215e,0x299 W2=0xc9a,0x3e5,0x19c7
  r61_witness[15] r61=16 tail=28 gh60=0xc704d66 W1=0x364c,0x1b4,0x3c3d W2=0x3559,0x2f63,0xd38

D60=0 fiber histogram: 1:8052 2:4814 3:1782 4:1125 5:378 6:226 7:81 8:76 9:30 10:19 11:6 12:5 13:2 14:1 15:1 16:1 19:1
