free_word_mitm_reducedn
N=14 mask=0x3fff msb=0x2000
candidate: M0=0x3d36 mode=random-fallback fill=0x3fff kernel=dM0=dM9=0x2000
prefixes=32768/268435456 mode=permuted-prefix-sample w59_per_prefix=16384 total=536870912
run_mode=scan registry_cap=16
sample_start=247529472
scan_elapsed=15.482s rate=34.68 Mtriples/s

D60 interface
  D60=0 matches: 32698 (random expectation 32768.0, enrichment 0.998x)
  prefixes with D60=0: 16591
  max D60=0 fiber per prefix: 17 at W57=0x2d1b W58=0x6a2
  largest D60 bucket: D=0x103c count=33701
  min D60 HW: 0
  D60 HW histogram: 0:32698 1:456656 2:2976378 3:11923809 4:32825483 5:65648611 6:98460987 7:112480675 8:98401404 9:65556033 10:32751629 11:11896221 12:2971413 13:456597 14:32318

Tail closure among D60=0 matches
  final tail collisions: 0
  best r61 HW: 14
  best r61 W1[57..59]=0x347c,0x2904,0x183e
  best r61 W2[57..59]=0x3389,0x2daa,0x18d8
  best tail HW: 19
  best tail r61 HW: 22
  best W1[57..59]=0x8ba,0x2cc3,0x2d2f
  best W2[57..59]=0x7c7,0x169f,0x1cc8

SUMMARY N=14 sample_start=247529472 prefixes=32768 total=536870912 d0=32698 best_tail=19 tail_r61=22 best_r61=14 tail_W1=0x8ba,0x2cc3,0x2d2f tail_W2=0x7c7,0x169f,0x1cc8 r61_W1=0x347c,0x2904,0x183e r61_W2=0x3389,0x2daa,0x18d8

Scan-only witness registry
  registry_count=16 registry_cap=16
  witness[00] tail=19 r61=22 gh60=0xb4fcdba W1=0x8ba,0x2cc3,0x2d2f W2=0x7c7,0x169f,0x1cc8
  witness[01] tail=22 r61=16 gh60=0x5798daa W1=0x38b1,0x1964,0xc61 W2=0x37be,0x22bb,0x2e84
  witness[02] tail=22 r61=20 gh60=0xdf885ae W1=0x1abf,0x918,0x3998 W2=0x19cc,0x3bc0,0x17d9
  witness[03] tail=23 r61=24 gh60=0xcb27b66 W1=0x1154,0x384a,0x57d W2=0x1061,0x2bb7,0x330d
  witness[04] tail=24 r61=17 gh60=0xbd28c9e W1=0x847,0x2d0d,0x27ed W2=0x754,0x3843,0x343d
  witness[05] tail=24 r61=18 gh60=0x7628d9e W1=0x887,0x28b3,0x1b0f W2=0x794,0x2c45,0x1103
  witness[06] tail=24 r61=18 gh60=0xc8884a6 W1=0x152b,0x2704,0x3d6a W2=0x1438,0x3661,0x2df0
  witness[07] tail=24 r61=19 gh60=0xcde85ba W1=0xab5,0x3c1a,0x2de4 W2=0x9c2,0x28ac,0x2c09
  witness[08] tail=24 r61=21 gh60=0x5bebbba W1=0x11b9,0x128b,0xfe2 W2=0x10c6,0x5a6,0x2e81
  witness[09] tail=24 r61=23 gh60=0xb4adcba W1=0x36,0x18ec,0x89f W2=0x3f43,0x3d2c,0x167e
  witness[10] tail=24 r61=23 gh60=0xf72c49a W1=0x3a46,0x209b,0x3d06 W2=0x3953,0x14af,0x169e
  witness[11] tail=25 r61=16 gh60=0x4a584fe W1=0x1b17,0x23ed,0x2dfa W2=0x1a24,0x3705,0xcf7
  witness[12] tail=25 r61=16 gh60=0xd95449e W1=0x2b48,0x236e,0x2d27 W2=0x2a55,0x335e,0x3d5c
  witness[13] tail=25 r61=17 gh60=0xba38dee W1=0x389f,0x2106,0x93c W2=0x37ac,0x15b5,0x1cc5
  witness[14] tail=25 r61=18 gh60=0xc688bae W1=0x397f,0x562,0x270a W2=0x388c,0x9d9,0x18ad
  witness[15] tail=25 r61=21 gh60=0x4a384fa W1=0x2419,0x1352,0x2384 W2=0x2326,0x365a,0x15a6

Scan-only r61 registry
  registry_count=16 registry_cap=16
  r61_witness[00] r61=14 tail=30 gh60=0x4d845a6 W1=0x347c,0x2904,0x183e W2=0x3389,0x2daa,0x18d8
  r61_witness[01] r61=15 tail=28 gh60=0x4878caa W1=0x93d,0x52e,0xca8 W2=0x84a,0x699,0x128f
  r61_witness[02] r61=15 tail=29 gh60=0xc90479a W1=0x13ca,0x15a7,0x12b3 W2=0x12d7,0x17b5,0x27d8
  r61_witness[03] r61=15 tail=30 gh60=0x4688caa W1=0x36fd,0x2239,0x4d8 W2=0x360a,0x3724,0x2b44
  r61_witness[04] r61=16 tail=22 gh60=0x5798daa W1=0x38b1,0x1964,0xc61 W2=0x37be,0x22bb,0x2e84
  r61_witness[05] r61=16 tail=25 gh60=0x4a584fe W1=0x1b17,0x23ed,0x2dfa W2=0x1a24,0x3705,0xcf7
  r61_witness[06] r61=16 tail=25 gh60=0xd95449e W1=0x2b48,0x236e,0x2d27 W2=0x2a55,0x335e,0x3d5c
  r61_witness[07] r61=16 tail=28 gh60=0xcb28f7a W1=0x17d5,0x3a3b,0x1672 W2=0x16e2,0x325a,0x11a8
  r61_witness[08] r61=16 tail=29 gh60=0x4b04566 W1=0x145c,0x551,0x6b3 W2=0x1369,0x78b,0x38c0
  r61_witness[09] r61=16 tail=29 gh60=0x4978b66 W1=0x195b,0x1e72,0x14f3 W2=0x1868,0x2c3c,0x1925
  r61_witness[10] r61=16 tail=30 gh60=0x451dd66 W1=0x3e4c,0x852,0x12b6 W2=0x3d59,0x2403,0x2af4
  r61_witness[11] r61=16 tail=31 gh60=0x4b04d7a W1=0x65a,0xb01,0x22b9 W2=0x567,0x34e9,0x334e
  r61_witness[12] r61=16 tail=32 gh60=0x4759fba W1=0x1fb9,0x2947,0xf33 W2=0x1ec6,0x255e,0x22c4
  r61_witness[13] r61=16 tail=34 gh60=0x4c9fca6 W1=0xe2c,0x985,0x64c W2=0xd39,0x1c20,0x37e3
  r61_witness[14] r61=16 tail=34 gh60=0x490876a W1=0x234d,0x6fd,0x2b58 W2=0x225a,0x3d57,0x33af
  r61_witness[15] r61=16 tail=34 gh60=0xca2bbfe W1=0x3197,0xf2e,0x12f3 W2=0x30a4,0x38c5,0x51

D60=0 fiber histogram: 1:7985 2:4862 3:1812 4:1083 5:395 6:214 7:92 8:88 9:23 10:24 11:3 12:5 13:2 15:1 16:1 17:1
