free_word_mitm_reducedn
N=14 mask=0x3fff msb=0x2000
candidate: M0=0x3d36 mode=random-fallback fill=0x3fff kernel=dM0=dM9=0x2000
prefixes=32768/268435456 mode=permuted-prefix-sample w59_per_prefix=16384 total=536870912
run_mode=scan registry_cap=16
sample_start=143654912
scan_elapsed=18.990s rate=28.27 Mtriples/s

D60 interface
  D60=0 matches: 32690 (random expectation 32768.0, enrichment 0.998x)
  prefixes with D60=0: 16597
  max D60=0 fiber per prefix: 19 at W57=0x1806 W58=0x22a3
  largest D60 bucket: D=0x2ad5 count=33831
  min D60 HW: 0
  D60 HW histogram: 0:32690 1:457406 2:2978031 3:11923881 4:32804155 5:65627509 6:98420908 7:112497594 8:98414595 9:65587254 10:32765321 11:11900639 12:2973346 13:455294 14:32289

Tail closure among D60=0 matches
  final tail collisions: 0
  best r61 HW: 14
  best r61 W1[57..59]=0x191,0x133a,0x2e14
  best r61 W2[57..59]=0x9e,0xec9,0x34b4
  best tail HW: 20
  best tail r61 HW: 15
  best W1[57..59]=0x139c,0x1275,0x45c
  best W2[57..59]=0x12a9,0x9af,0x2376

SUMMARY N=14 sample_start=143654912 prefixes=32768 total=536870912 d0=32690 best_tail=20 tail_r61=15 best_r61=14 tail_W1=0x139c,0x1275,0x45c tail_W2=0x12a9,0x9af,0x2376 r61_W1=0x191,0x133a,0x2e14 r61_W2=0x9e,0xec9,0x34b4

Scan-only witness registry
  registry_count=16 registry_cap=16
  witness[00] tail=20 r61=15 gh60=0xf6047e6 W1=0x139c,0x1275,0x45c W2=0x12a9,0x9af,0x2376
  witness[01] tail=23 r61=18 gh60=0x5985ba6 W1=0x21bc,0x704,0x20d0 W2=0x20c9,0xd3b,0x339c
  witness[02] tail=23 r61=21 gh60=0x76b47aa W1=0xb7e,0x2d3,0x86f W2=0xa8b,0x69c,0xdf7
  witness[03] tail=24 r61=19 gh60=0xc5b5daa W1=0x3ebe,0x2600,0x3090 W2=0x3dcb,0x27dc,0x1271
  witness[04] tail=24 r61=21 gh60=0xd508d6a W1=0x8d1,0x1e29,0x27cb W2=0x7de,0x1e98,0x39bf
  witness[05] tail=24 r61=26 gh60=0x4b9ccba W1=0x7fa,0x3211,0x1fb4 W2=0x707,0x1489,0x204f
  witness[06] tail=25 r61=18 gh60=0x36247a6 W1=0x3b84,0x2c8,0x2e3c W2=0x3a91,0x3e3e,0x34f1
  witness[07] tail=25 r61=21 gh60=0x4568cba W1=0x2639,0x3d6f,0x27e8 W2=0x2546,0x256e,0xfdf
  witness[08] tail=25 r61=21 gh60=0xc56fca6 W1=0x2e34,0x19e0,0x131c W2=0x2d41,0x313,0x96f
  witness[09] tail=25 r61=22 gh60=0xc9e9ca6 W1=0xf3,0xe18,0x61a W2=0x0,0x2a46,0x9e4
  witness[10] tail=25 r61=23 gh60=0xceb44be W1=0x2af8,0x1aea,0x2fb8 W2=0x2a05,0x2a0d,0x3c05
  witness[11] tail=25 r61=23 gh60=0x48a9c9e W1=0x3f27,0x37e,0x2201 W2=0x3e34,0x3dea,0x2cfa
  witness[12] tail=25 r61=24 gh60=0x5a0ccea W1=0x90e,0xc47,0x122 W2=0x81b,0x114f,0x3408
  witness[13] tail=26 r61=16 gh60=0x4a1c7e6 W1=0xb94,0x3698,0x3e5 W2=0xaa1,0x21f2,0x7b9
  witness[14] tail=26 r61=17 gh60=0x36284a6 W1=0x1503,0x6b8,0x466 W2=0x1410,0x35b3,0xcaa
  witness[15] tail=26 r61=17 gh60=0x590c76a W1=0x1b4e,0x2f3b,0x10c8 W2=0x1a5b,0x896,0x2130

Scan-only r61 registry
  registry_count=16 registry_cap=16
  r61_witness[00] r61=14 tail=31 gh60=0xce087ea W1=0x2ba1,0x340e,0x34a9 W2=0x2aae,0x35d0,0x31bc
  r61_witness[01] r61=14 tail=37 gh60=0x4a19bea W1=0x191,0x133a,0x2e14 W2=0x9e,0xec9,0x34b4
  r61_witness[02] r61=14 tail=37 gh60=0xc608bee W1=0x398f,0x1e2d,0x1adc W2=0x389c,0x24c0,0x80
  r61_witness[03] r61=15 tail=20 gh60=0xf6047e6 W1=0x139c,0x1275,0x45c W2=0x12a9,0x9af,0x2376
  r61_witness[04] r61=15 tail=28 gh60=0xca085e6 W1=0xa9b,0xd04,0x295a W2=0x9a8,0x1eb3,0x24ad
  r61_witness[05] r61=15 tail=30 gh60=0x4618ca6 W1=0x1603,0xcd2,0x2d47 W2=0x1510,0xd8e,0x3218
  r61_witness[06] r61=15 tail=33 gh60=0x4604ce6 W1=0x161c,0x120a,0xa43 W2=0x1529,0x10d,0x2926
  r61_witness[07] r61=15 tail=38 gh60=0x4704b7a W1=0x19da,0x37a1,0x2212 W2=0x18e7,0x3199,0x3c0d
  r61_witness[08] r61=16 tail=26 gh60=0x4a1c7e6 W1=0xb94,0x3698,0x3e5 W2=0xaa1,0x21f2,0x7b9
  r61_witness[09] r61=16 tail=28 gh60=0xc515d6a W1=0x3e5e,0x4b1,0x2d90 W2=0x3d6b,0x95,0xcdb
  r61_witness[10] r61=16 tail=32 gh60=0x3928b7a W1=0x35d5,0x3fbe,0x196 W2=0x34e2,0xb5,0x6fe
  r61_witness[11] r61=16 tail=32 gh60=0x492877a W1=0x3b59,0x91d,0x1b2e W2=0x3a66,0x1401,0x1e76
  r61_witness[12] r61=16 tail=33 gh60=0x5c84ca6 W1=0x182c,0x2747,0x2cfe W2=0x1739,0x3064,0x1a14
  r61_witness[13] r61=16 tail=34 gh60=0xca985ae W1=0x2c7f,0x30eb,0x1a6a W2=0x2b8c,0x16a3,0x3d44
  r61_witness[14] r61=16 tail=41 gh60=0x4484ca6 W1=0x363c,0x35bd,0x173b W2=0x3549,0x264a,0x341b
  r61_witness[15] r61=17 tail=26 gh60=0x36284a6 W1=0x1503,0x6b8,0x466 W2=0x1410,0x35b3,0xcaa

D60=0 fiber histogram: 1:8108 2:4736 3:1779 4:1085 5:441 6:215 7:93 8:71 9:30 10:19 11:7 12:5 14:4 15:2 17:1 19:1
