free_word_mitm_reducedn
N=14 mask=0x3fff msb=0x2000
candidate: M0=0x3d36 mode=random-fallback fill=0x3fff kernel=dM0=dM9=0x2000
prefixes=32768/268435456 mode=permuted-prefix-sample w59_per_prefix=16384 total=536870912
run_mode=scan registry_cap=16
sample_start=266436608
scan_elapsed=20.092s rate=26.72 Mtriples/s

D60 interface
  D60=0 matches: 32527 (random expectation 32768.0, enrichment 0.993x)
  prefixes with D60=0: 16602
  max D60=0 fiber per prefix: 22 at W57=0x3945 W58=0x3f61
  largest D60 bucket: D=0x15f1 count=33974
  min D60 HW: 0
  D60 HW histogram: 0:32527 1:456583 2:2975834 3:11902767 4:32754524 5:65588360 6:98442002 7:112534637 8:98446420 9:65589635 10:32773816 11:11909745 12:2974450 13:456985 14:32627

Tail closure among D60=0 matches
  final tail collisions: 0
  best r61 HW: 11
  best r61 W1[57..59]=0xecf,0x1a58,0xd3c
  best r61 W2[57..59]=0xddc,0x3127,0x3b62
  best tail HW: 17
  best tail r61 HW: 11
  best W1[57..59]=0xecf,0x1a58,0xd3c
  best W2[57..59]=0xddc,0x3127,0x3b62

SUMMARY N=14 sample_start=266436608 prefixes=32768 total=536870912 d0=32527 best_tail=17 tail_r61=11 best_r61=11 tail_W1=0xecf,0x1a58,0xd3c tail_W2=0xddc,0x3127,0x3b62 r61_W1=0xecf,0x1a58,0xd3c r61_W2=0xddc,0x3127,0x3b62

Scan-only witness registry
  registry_count=16 registry_cap=16
  witness[00] tail=17 r61=11 gh60=0x450bd6e W1=0xecf,0x1a58,0xd3c W2=0xddc,0x3127,0x3b62
  witness[01] tail=23 r61=16 gh60=0xdf18566 W1=0x22d3,0x556,0x285a W2=0x21e0,0x3db9,0xc7d
  witness[02] tail=23 r61=20 gh60=0x5a744ea W1=0x3a0e,0x3e2e,0x15aa W2=0x391b,0x1069,0x2aee
  witness[03] tail=23 r61=21 gh60=0x7af4b9a W1=0x3966,0x12e9,0x2e87 W2=0x3873,0x1dd8,0x2179
  witness[04] tail=23 r61=22 gh60=0x4d3c566 W1=0x2c54,0x5fe,0x11ca W2=0x2b61,0x1658,0x1b67
  witness[05] tail=23 r61=27 gh60=0xc77856a W1=0x24d1,0x2235,0x1146 W2=0x23de,0x1ceb,0x151c
  witness[06] tail=24 r61=18 gh60=0xda244ea W1=0x2512,0x177b,0x342a W2=0x241f,0x1ec6,0x10a8
  witness[07] tail=24 r61=20 gh60=0x4988baa W1=0x15ad,0x2064,0x246c W2=0x14ba,0x2077,0x32bd
  witness[08] tail=24 r61=21 gh60=0xc9d849a W1=0xa09,0x282d,0x1314 W2=0x916,0xc80,0x1cd5
  witness[09] tail=24 r61=21 gh60=0xced7d9a W1=0x30c6,0x2091,0x1565 W2=0x2fd3,0x254a,0x2989
  witness[10] tail=25 r61=18 gh60=0x5a384e6 W1=0x141b,0x2aa0,0x3f97 W2=0x1328,0x2971,0xd46
  witness[11] tail=25 r61=18 gh60=0xdb0856a W1=0x144d,0x3ce6,0x2341 W2=0x135a,0x1c6c,0x3427
  witness[12] tail=25 r61=18 gh60=0x4ae859a W1=0x3a89,0x45e,0x39 W2=0x3996,0x30d5,0x2962
  witness[13] tail=25 r61=20 gh60=0x5d1456e W1=0x3ae0,0x3154,0x3fbd W2=0x39ed,0x2213,0x1f4a
  witness[14] tail=25 r61=21 gh60=0x551857a W1=0x2d5,0x230a,0x483 W2=0x1e2,0x1612,0x1fa4
  witness[15] tail=25 r61=21 gh60=0x37e9bba W1=0x1d75,0x3cb0,0x2e0 W2=0x1c82,0x2f33,0x1625

Scan-only r61 registry
  registry_count=16 registry_cap=16
  r61_witness[00] r61=11 tail=17 gh60=0x450bd6e W1=0xecf,0x1a58,0xd3c W2=0xddc,0x3127,0x3b62
  r61_witness[01] r61=15 tail=26 gh60=0x448ccba W1=0x63a,0x3fed,0xd6b W2=0x547,0x27e1,0x233a
  r61_witness[02] r61=15 tail=30 gh60=0x4654bbe W1=0x2978,0x246c,0x902 W2=0x2885,0x1808,0x1e67
  r61_witness[03] r61=15 tail=30 gh60=0xd98c4a6 W1=0x3b3c,0xf66,0x1541 W2=0x3a49,0x2fb2,0xcb2
  r61_witness[04] r61=15 tail=32 gh60=0x4904766 W1=0x3cc,0x2cf5,0xabe W2=0x2d9,0x11af,0x14a3
  r61_witness[05] r61=15 tail=32 gh60=0xc70449a W1=0xc4a,0x1de6,0x32f4 W2=0xb57,0x432,0x32c3
  r61_witness[06] r61=15 tail=35 gh60=0xb614dee W1=0x38a0,0x297a,0xa0 W2=0x37ad,0x1a2a,0x21a4
  r61_witness[07] r61=16 tail=23 gh60=0xdf18566 W1=0x22d3,0x556,0x285a W2=0x21e0,0x3db9,0xc7d
  r61_witness[08] r61=16 tail=28 gh60=0x450c59a W1=0x34ca,0x2c8a,0x37b4 W2=0x33d7,0x2a70,0x3ca2
  r61_witness[09] r61=16 tail=29 gh60=0xd6045fa W1=0x29a,0x1880,0x2824 W2=0x1a7,0x815,0xff9
  r61_witness[10] r61=16 tail=30 gh60=0x3d2849e W1=0x1447,0x1615,0x2fc8 W2=0x1354,0x33fe,0x2779
  r61_witness[11] r61=16 tail=30 gh60=0xc6a84ba W1=0x3bf5,0x357e,0x23a6 W2=0x3b02,0x2d38,0x109b
  r61_witness[12] r61=16 tail=31 gh60=0xc8887a6 W1=0x2bab,0x2cda,0x41b W2=0x2ab8,0x152d,0x832
  r61_witness[13] r61=16 tail=32 gh60=0x44a8dba W1=0x6b9,0x1130,0x2779 W2=0x5c6,0x3107,0xcf4
  r61_witness[14] r61=16 tail=32 gh60=0x750449a W1=0x3a4a,0x3a82,0x10e4 W2=0x3957,0x2e4a,0x33c
  r61_witness[15] r61=16 tail=33 gh60=0x46684ba W1=0x13f5,0x29e7,0x370a W2=0x1302,0x2121,0x182e

D60=0 fiber histogram: 1:8040 2:4859 3:1772 4:1125 5:377 6:218 7:82 8:69 9:25 10:11 11:12 12:7 13:1 14:1 16:1 18:1 22:1
