free_word_mitm_reducedn
N=14 mask=0x3fff msb=0x2000
candidate: M0=0x3d36 mode=random-fallback fill=0x3fff kernel=dM0=dM9=0x2000
prefixes=32768/268435456 mode=permuted-prefix-sample w59_per_prefix=16384 total=536870912
run_mode=scan registry_cap=16
sample_start=123830272
scan_elapsed=20.062s rate=26.76 Mtriples/s

D60 interface
  D60=0 matches: 32661 (random expectation 32768.0, enrichment 0.997x)
  prefixes with D60=0: 16503
  max D60=0 fiber per prefix: 19 at W57=0x6ec W58=0xb40
  largest D60 bucket: D=0x1548 count=33852
  min D60 HW: 0
  D60 HW histogram: 0:32661 1:457065 2:2975390 3:11920320 4:32801732 5:65641555 6:98502532 7:112529855 8:98405210 9:65559283 10:32718259 11:11875704 12:2964358 13:454419 14:32569

Tail closure among D60=0 matches
  final tail collisions: 0
  best r61 HW: 14
  best r61 W1[57..59]=0x2c21,0x3bd9,0x2f52
  best r61 W2[57..59]=0x2b2e,0x153,0x7bd
  best tail HW: 19
  best tail r61 HW: 22
  best W1[57..59]=0x21c5,0xbdc,0xed3
  best W2[57..59]=0x20d2,0x3784,0x26bb

SUMMARY N=14 sample_start=123830272 prefixes=32768 total=536870912 d0=32661 best_tail=19 tail_r61=22 best_r61=14 tail_W1=0x21c5,0xbdc,0xed3 tail_W2=0x20d2,0x3784,0x26bb r61_W1=0x2c21,0x3bd9,0x2f52 r61_W2=0x2b2e,0x153,0x7bd

Scan-only witness registry
  registry_count=16 registry_cap=16
  witness[00] tail=19 r61=22 gh60=0x5fe9b9a W1=0x21c5,0xbdc,0xed3 W2=0x20d2,0x3784,0x26bb
  witness[01] tail=21 r61=17 gh60=0xd997faa W1=0x2fae,0xf4,0x362e W2=0x2ebb,0x27fc,0x3118
  witness[02] tail=22 r61=18 gh60=0xd619bea W1=0x1d8d,0xa09,0x25b0 W2=0x1c9a,0x3a94,0x3ddb
  witness[03] tail=22 r61=20 gh60=0x46185fa W1=0x3495,0x3ae6,0x14da W2=0x33a2,0x3c02,0x1919
  witness[04] tail=22 r61=21 gh60=0xc709f6a W1=0x1fdd,0x1ed7,0x3031 W2=0x1eea,0x8e6,0x1018
  witness[05] tail=22 r61=24 gh60=0xde0c4ee W1=0x3c10,0x1835,0x200 W2=0x3b1d,0x3d0,0x186c
  witness[06] tail=22 r61=27 gh60=0xff65fa6 W1=0x3fc4,0xfd3,0x2f4f W2=0x3ed1,0x37ba,0x1510
  witness[07] tail=23 r61=18 gh60=0x5a884ae W1=0x24ef,0x1a4a,0x28b4 W2=0x23fc,0x396a,0xefc
  witness[08] tail=24 r61=16 gh60=0x460bcea W1=0x310d,0x32a8,0x3abe W2=0x301a,0x2a17,0x30f6
  witness[09] tail=24 r61=18 gh60=0x468449a W1=0x23ea,0x2314,0x2628 W2=0x22f7,0x91c,0x8e0
  witness[10] tail=24 r61=20 gh60=0xca2bb9a W1=0x3185,0x2b50,0x108a W2=0x3092,0x264,0x1bc5
  witness[11] tail=24 r61=21 gh60=0xcb6cbbe W1=0x35b8,0x3431,0x2574 W2=0x34c5,0x3b3d,0x769
  witness[12] tail=24 r61=22 gh60=0xd88bbaa W1=0x2db1,0xe09,0x3892 W2=0x2cbe,0x3a60,0x3b3b
  witness[13] tail=24 r61=23 gh60=0x47b8ce6 W1=0x3623,0x3158,0x1f16 W2=0x3530,0x339a,0x15cc
  witness[14] tail=24 r61=24 gh60=0xdf8cda6 W1=0x187c,0x60,0x2e21 W2=0x1789,0x305,0x103a
  witness[15] tail=25 r61=17 gh60=0xba04dfa W1=0x189a,0x3a9f,0x793 W2=0x17a7,0x32f3,0x3a49

Scan-only r61 registry
  registry_count=16 registry_cap=16
  r61_witness[00] r61=14 tail=32 gh60=0x3a084ea W1=0x2c21,0x3bd9,0x2f52 W2=0x2b2e,0x153,0x7bd
  r61_witness[01] r61=15 tail=31 gh60=0x5b09d6e W1=0x1ecf,0x2b72,0x32fc W2=0x1ddc,0x1745,0x29ca
  r61_witness[02] r61=15 tail=37 gh60=0x49884aa W1=0x32fd,0x223c,0x1d4f W2=0x320a,0x38a8,0xe63
  r61_witness[03] r61=16 tail=24 gh60=0x460bcea W1=0x310d,0x32a8,0x3abe W2=0x301a,0x2a17,0x30f6
  r61_witness[04] r61=16 tail=26 gh60=0x550457a W1=0x25a,0xb04,0x27dd W2=0x167,0x322d,0xcb6
  r61_witness[05] r61=16 tail=27 gh60=0x4f5449a W1=0xb26,0x28d1,0x3ae3 W2=0xa33,0x105f,0x5c2
  r61_witness[06] r61=16 tail=27 gh60=0x471fc9a W1=0xf4a,0x1688,0x25ec W2=0xe57,0x250d,0x388c
  r61_witness[07] r61=16 tail=29 gh60=0x4ad4cba W1=0x28f6,0x37b6,0x38ad W2=0x2803,0x1a3a,0x8d3
  r61_witness[08] r61=16 tail=30 gh60=0xd8884ae W1=0x253f,0x2aba,0xf63 W2=0x244c,0xa4a,0x34d3
  r61_witness[09] r61=16 tail=30 gh60=0x4e87ca6 W1=0x2eec,0x1ac2,0x243c W2=0x2df9,0x13e1,0x1ef0
  r61_witness[10] r61=16 tail=31 gh60=0x588bbaa W1=0xdc1,0x1908,0x2122 W2=0xcce,0x1053,0x164c
  r61_witness[11] r61=16 tail=31 gh60=0xca185e6 W1=0x3493,0x1b3d,0x2532 W2=0x33a0,0x50c,0x19b2
  r61_witness[12] r61=16 tail=32 gh60=0x4a0ddfa W1=0x9a,0xe0d,0x179a W2=0x3fa7,0x38e1,0x133a
  r61_witness[13] r61=16 tail=32 gh60=0xda084ea W1=0x220d,0x11e7,0x504 W2=0x211a,0x12a9,0xd51
  r61_witness[14] r61=16 tail=33 gh60=0x4a6849a W1=0x3d09,0x1c9,0x16bd W2=0x3c16,0x38e0,0x3c0a
  r61_witness[15] r61=16 tail=34 gh60=0xc7a85a6 W1=0x3473,0x3d6a,0x1d5a W2=0x3380,0x233d,0x183e

D60=0 fiber histogram: 1:7946 2:4751 3:1853 4:1095 5:404 6:230 7:89 8:76 9:23 10:12 11:7 12:6 13:2 14:3 15:1 16:3 17:1 19:1
