free_word_mitm_reducedn
N=14 mask=0x3fff msb=0x2000
candidate: M0=0x3d36 mode=random-fallback fill=0x3fff kernel=dM0=dM9=0x2000
prefixes=32768/268435456 mode=permuted-prefix-sample w59_per_prefix=16384 total=536870912
run_mode=scan registry_cap=16
sample_start=39944192
scan_elapsed=20.026s rate=26.81 Mtriples/s

D60 interface
  D60=0 matches: 32524 (random expectation 32768.0, enrichment 0.993x)
  prefixes with D60=0: 16507
  max D60=0 fiber per prefix: 18 at W57=0xcc W58=0x3868
  largest D60 bucket: D=0x2c42 count=33888
  min D60 HW: 0
  D60 HW histogram: 0:32524 1:457870 2:2975519 3:11912975 4:32792983 5:65621265 6:98412424 7:112484289 8:98415555 9:65594911 10:32783729 11:11918056 12:2977517 13:458580 14:32715

Tail closure among D60=0 matches
  final tail collisions: 0
  best r61 HW: 13
  best r61 W1[57..59]=0x2683,0xfa2,0x2372
  best r61 W2[57..59]=0x2590,0x786,0x8a8
  best tail HW: 22
  best tail r61 HW: 17
  best W1[57..59]=0xf29,0x26d6,0x15bf
  best W2[57..59]=0xe36,0x3926,0x1d78

SUMMARY N=14 sample_start=39944192 prefixes=32768 total=536870912 d0=32524 best_tail=22 tail_r61=17 best_r61=13 tail_W1=0xf29,0x26d6,0x15bf tail_W2=0xe36,0x3926,0x1d78 r61_W1=0x2683,0xfa2,0x2372 r61_W2=0x2590,0x786,0x8a8

Scan-only witness registry
  registry_count=16 registry_cap=16
  witness[00] tail=22 r61=17 gh60=0xc95bc9a W1=0xf29,0x26d6,0x15bf W2=0xe36,0x3926,0x1d78
  witness[01] tail=22 r61=22 gh60=0x7a384fa W1=0x1319,0x1ac8,0x28b3 W2=0x1226,0x1480,0xae8
  witness[02] tail=22 r61=22 gh60=0x4b9cf6a W1=0x1762,0x1b59,0x29 W2=0x166f,0x1f8d,0x13be
  witness[03] tail=23 r61=17 gh60=0xd92bf66 W1=0xfd3,0x2dd9,0x5b7 W2=0xee0,0x2a5,0x318e
  witness[04] tail=23 r61=21 gh60=0xca5449a W1=0xce6,0xd89,0x141e W2=0xbf3,0x3413,0x2c25
  witness[05] tail=23 r61=22 gh60=0x46f4fee W1=0x3790,0x286c,0x2a7a W2=0x369d,0x2c40,0xe6b
  witness[06] tail=23 r61=26 gh60=0xbb14b6a W1=0x94e,0x2c96,0x22a7 W2=0x85b,0x22de,0x297f
  witness[07] tail=24 r61=16 gh60=0xc8844a6 W1=0x333c,0xfee,0x194 W2=0x3249,0x2e3c,0x2afc
  witness[08] tail=24 r61=23 gh60=0xba19ce6 W1=0x1b,0x14df,0x961 W2=0x3f28,0x3f73,0x3d79
  witness[09] tail=24 r61=23 gh60=0xcda8de6 W1=0x36a3,0x88f,0x1 W2=0x35b0,0x12e9,0x2e92
  witness[10] tail=24 r61=24 gh60=0x4e0c59a W1=0xa8a,0x2b19,0x13ef W2=0x997,0x1771,0x1993
  witness[11] tail=25 r61=17 gh60=0x4b1456a W1=0x2c5e,0x20c,0x1412 W2=0x2b6b,0x307,0x2f35
  witness[12] tail=25 r61=17 gh60=0x752c56a W1=0x32d2,0xa6,0x31cd W2=0x31df,0x23b5,0x23bb
  witness[13] tail=25 r61=19 gh60=0xcf0856a W1=0x44d,0x2fe1,0x34a W2=0x35a,0x3c73,0x8f9
  witness[14] tail=25 r61=22 gh60=0xbb08566 W1=0xa4b,0x1967,0x3850 W2=0x958,0x319a,0xfef
  witness[15] tail=25 r61=24 gh60=0x78bbc9a W1=0x1125,0x240c,0x3c39 W2=0x1032,0x3498,0x31cd

Scan-only r61 registry
  registry_count=16 registry_cap=16
  r61_witness[00] r61=13 tail=29 gh60=0xca68f9e W1=0x2767,0x2f65,0x3fcd W2=0x2674,0x2737,0x2bb5
  r61_witness[01] r61=13 tail=31 gh60=0x4628da6 W1=0x2683,0xfa2,0x2372 W2=0x2590,0x786,0x8a8
  r61_witness[02] r61=15 tail=28 gh60=0x497477a W1=0x1bd6,0x1d6b,0x13dc W2=0x1ae3,0x2e50,0xad6
  r61_witness[03] r61=15 tail=29 gh60=0x5889caa W1=0x1f3d,0x19f7,0x28fb W2=0x1e4a,0x1be6,0x25f4
  r61_witness[04] r61=15 tail=29 gh60=0x4604c9a W1=0x260a,0x2530,0x237b W2=0x2517,0xcef,0x2a7c
  r61_witness[05] r61=15 tail=30 gh60=0x4919f7a W1=0x3f55,0x3345,0x2000 W2=0x3e62,0x1d68,0x3ea0
  r61_witness[06] r61=15 tail=32 gh60=0x4a0c4ea W1=0x320e,0x3eb6,0x1fc0 W2=0x311b,0x1271,0x1e8e
  r61_witness[07] r61=15 tail=35 gh60=0x4a08dee W1=0x368f,0x385e,0x2857 W2=0x359c,0x3221,0x42c
  r61_witness[08] r61=15 tail=40 gh60=0xc504d66 W1=0x36cc,0x267c,0x753 W2=0x35d9,0xc43,0x3686
  r61_witness[09] r61=16 tail=24 gh60=0xc8844a6 W1=0x333c,0xfee,0x194 W2=0x3249,0x2e3c,0x2afc
  r61_witness[10] r61=16 tail=30 gh60=0xb50856a W1=0x1251,0x11b0,0xdff W2=0x115e,0x1eda,0x1e12
  r61_witness[11] r61=16 tail=34 gh60=0x5984ca6 W1=0x293c,0x3e03,0x3b82 W2=0x2849,0x2710,0x2dbe
  r61_witness[12] r61=16 tail=36 gh60=0xc59cdba W1=0x6ba,0x110f,0x1168 W2=0x5c7,0xeb,0x663
  r61_witness[13] r61=16 tail=36 gh60=0x460bdea W1=0x2e8d,0x73d,0x26c1 W2=0x2d9a,0x49c,0x16da
  r61_witness[14] r61=16 tail=37 gh60=0x493df6e W1=0x3fd0,0x3d60,0x2649 W2=0x3edd,0x2f9c,0x17f2
  r61_witness[15] r61=16 tail=38 gh60=0x4a985aa W1=0x1c81,0x1638,0x1f2b W2=0x1b8e,0x22d0,0x10c0

D60=0 fiber histogram: 1:8085 2:4725 3:1733 4:1085 5:425 6:216 7:85 8:68 9:38 10:16 11:15 12:6 14:5 15:2 16:1 17:1 18:1
