free_word_mitm_reducedn
N=14 mask=0x3fff msb=0x2000
candidate: M0=0x3d36 mode=random-fallback fill=0x3fff kernel=dM0=dM9=0x2000
prefixes=32768/268435456 mode=permuted-prefix-sample w59_per_prefix=16384 total=536870912
run_mode=scan registry_cap=16
sample_start=174161920
scan_elapsed=19.739s rate=27.20 Mtriples/s

D60 interface
  D60=0 matches: 33258 (random expectation 32768.0, enrichment 1.015x)
  prefixes with D60=0: 16638
  max D60=0 fiber per prefix: 24 at W57=0xf9 W58=0x3992
  largest D60 bucket: D=0x31bf count=33826
  min D60 HW: 0
  D60 HW histogram: 0:33258 1:458671 2:2979963 3:11925715 4:32788368 5:65593436 6:98415358 7:112492765 8:98446940 9:65589269 10:32774443 11:11905600 12:2976253 13:458038 14:32835

Tail closure among D60=0 matches
  final tail collisions: 0
  best r61 HW: 14
  best r61 W1[57..59]=0x299b,0xd88,0xa1d
  best r61 W2[57..59]=0x28a8,0xfc6,0x3590
  best tail HW: 23
  best tail r61 HW: 26
  best W1[57..59]=0x13ba,0xd72,0x1524
  best W2[57..59]=0x12c7,0x1031,0xd12

SUMMARY N=14 sample_start=174161920 prefixes=32768 total=536870912 d0=33258 best_tail=23 tail_r61=26 best_r61=14 tail_W1=0x13ba,0xd72,0x1524 tail_W2=0x12c7,0x1031,0xd12 r61_W1=0x299b,0xd88,0xa1d r61_W2=0x28a8,0xfc6,0x3590

Scan-only witness registry
  registry_count=16 registry_cap=16
  witness[00] tail=23 r61=16 gh60=0xda0479a W1=0x2b8a,0xb52,0x1588 W2=0x2a97,0x3df2,0x3e1b
  witness[01] tail=23 r61=19 gh60=0x498bbaa W1=0xd71,0x498,0x3347 W2=0xc7e,0x3763,0x39bb
  witness[02] tail=23 r61=26 gh60=0x379c7ba W1=0x13ba,0xd72,0x1524 W2=0x12c7,0x1031,0xd12
  witness[03] tail=24 r61=16 gh60=0x5a0c4e6 W1=0x231c,0x2b40,0xe0f W2=0x2229,0x3d16,0x37f1
  witness[04] tail=24 r61=18 gh60=0x4ed5d7a W1=0x56,0x354,0x1d1b W2=0x3f63,0x19ac,0x2a8d
  witness[05] tail=24 r61=20 gh60=0x47bbcba W1=0xdf9,0xe1f,0xd4c W2=0xd06,0x211a,0x57
  witness[06] tail=24 r61=21 gh60=0x57844a6 W1=0x21ec,0x3e4a,0x3aa8 W2=0x20f9,0x1b28,0x28f6
  witness[07] tail=24 r61=21 gh60=0xc6d45ba W1=0x3c76,0x186a,0xdf6 W2=0x3b83,0x801,0x1cba
  witness[08] tail=24 r61=22 gh60=0x4654dfa W1=0x1696,0x32ef,0x2b5b W2=0x15a3,0x214f,0x31fe
  witness[09] tail=24 r61=24 gh60=0xd8984a6 W1=0xb33,0x2828,0x1d8b W2=0xa40,0x2895,0x2511
  witness[10] tail=24 r61=25 gh60=0x4964caa W1=0x1932,0x1105,0x3c0a W2=0x183f,0x2249,0x359a
  witness[11] tail=24 r61=27 gh60=0xfb984a6 W1=0x1c33,0x571,0x2699 W2=0x1b40,0x22de,0x1b8f
  witness[12] tail=25 r61=19 gh60=0xb5b4c9e W1=0x27e8,0x51,0xfeb W2=0x26f5,0x3bc4,0x323
  witness[13] tail=25 r61=20 gh60=0x4ad85fe W1=0x3c97,0x2fdd,0x2068 W2=0x3ba4,0x79d,0xea0
  witness[14] tail=25 r61=21 gh60=0xca74b9e W1=0x2968,0x58d,0x2941 W2=0x2875,0x3b30,0x8f1
  witness[15] tail=25 r61=22 gh60=0xca5c59a W1=0xa86,0x3f1,0x88a W2=0x993,0x2055,0x31c8

Scan-only r61 registry
  registry_count=16 registry_cap=16
  r61_witness[00] r61=14 tail=29 gh60=0x4e284fa W1=0x2c19,0x2d74,0x3d0f W2=0x2b26,0x12fc,0x5e4
  r61_witness[01] r61=14 tail=38 gh60=0x4a08be6 W1=0x299b,0xd88,0xa1d W2=0x28a8,0xfc6,0x3590
  r61_witness[02] r61=15 tail=28 gh60=0xc8984aa W1=0x1541,0x275e,0x391f W2=0x144e,0x3e0e,0x373d
  r61_witness[03] r61=15 tail=29 gh60=0xcb04f66 W1=0x175c,0x1488,0x1d07 W2=0x1669,0x8b3,0xd18
  r61_witness[04] r61=15 tail=30 gh60=0xca084ea W1=0x1a0d,0x3c6f,0x2aa1 W2=0x191a,0x14b5,0x1c7d
  r61_witness[05] r61=15 tail=32 gh60=0x490bb6e W1=0x114f,0xfd8,0x4fe W2=0x105c,0x32f7,0x10e0
  r61_witness[06] r61=16 tail=23 gh60=0xda0479a W1=0x2b8a,0xb52,0x1588 W2=0x2a97,0x3df2,0x3e1b
  r61_witness[07] r61=16 tail=24 gh60=0x5a0c4e6 W1=0x231c,0x2b40,0xe0f W2=0x2229,0x3d16,0x37f1
  r61_witness[08] r61=16 tail=26 gh60=0x36084ee W1=0x330f,0x12af,0x2ede W2=0x321c,0x649,0x18bc
  r61_witness[09] r61=16 tail=27 gh60=0x45a84a6 W1=0x1433,0x33f9,0x2f1 W2=0x1340,0x1364,0x2c7e
  r61_witness[10] r61=16 tail=29 gh60=0xca28cfe W1=0x2617,0xb1,0x29aa W2=0x2524,0xf18,0x906
  r61_witness[11] r61=16 tail=29 gh60=0x4718d6a W1=0x3661,0xd40,0x47c W2=0x356e,0x17a7,0x2f43
  r61_witness[12] r61=16 tail=31 gh60=0x4b884a6 W1=0x2aeb,0x1c3c,0x2e60 W2=0x29f8,0x3b17,0x170b
  r61_witness[13] r61=16 tail=31 gh60=0xde185a6 W1=0x3c83,0x1bc1,0x18c3 W2=0x3b90,0x2a6,0x11ef
  r61_witness[14] r61=16 tail=32 gh60=0xba07fe6 W1=0x2f9c,0x881,0x2c17 W2=0x2ea9,0x23c2,0x22d5
  r61_witness[15] r61=16 tail=32 gh60=0x4504d66 W1=0x36dc,0x1370,0x22aa W2=0x35e9,0x3a2b,0x1363

D60=0 fiber histogram: 1:7986 2:4834 3:1769 4:1110 5:448 6:215 7:104 8:88 9:27 10:24 11:17 12:7 13:2 14:1 15:3 16:2 24:1
