free_word_mitm_reducedn
N=14 mask=0x3fff msb=0x2000
candidate: M0=0x3d36 mode=random-fallback fill=0x3fff kernel=dM0=dM9=0x2000
prefixes=32768/268435456 mode=permuted-prefix-sample w59_per_prefix=16384 total=536870912
run_mode=scan registry_cap=16
sample_start=81887232
scan_elapsed=19.989s rate=26.86 Mtriples/s

D60 interface
  D60=0 matches: 33024 (random expectation 32768.0, enrichment 1.008x)
  prefixes with D60=0: 16730
  max D60=0 fiber per prefix: 22 at W57=0x3c92 W58=0x2cd6
  largest D60 bucket: D=0x29b7 count=33769
  min D60 HW: 0
  D60 HW histogram: 0:33024 1:458828 2:2980591 3:11921985 4:32822641 5:65655789 6:98468711 7:112488778 8:98390395 9:65544535 10:32753436 11:11891833 12:2970433 13:457111 14:32822

Tail closure among D60=0 matches
  final tail collisions: 0
  best r61 HW: 13
  best r61 W1[57..59]=0x357b,0x3028,0xaf
  best r61 W2[57..59]=0x3488,0x85c,0x15c2
  best tail HW: 23
  best tail r61 HW: 25
  best W1[57..59]=0x2628,0x355a,0x3e77
  best W2[57..59]=0x2535,0x3651,0x1422

SUMMARY N=14 sample_start=81887232 prefixes=32768 total=536870912 d0=33024 best_tail=23 tail_r61=25 best_r61=13 tail_W1=0x2628,0x355a,0x3e77 tail_W2=0x2535,0x3651,0x1422 r61_W1=0x357b,0x3028,0xaf r61_W2=0x3488,0x85c,0x15c2

Scan-only witness registry
  registry_count=16 registry_cap=16
  witness[00] tail=23 r61=20 gh60=0x5a245e6 W1=0xc94,0x2b85,0x13e8 W2=0xba1,0x24f,0x3c14
  witness[01] tail=23 r61=22 gh60=0x375849e W1=0x1327,0x1dfe,0x28ea W2=0x1234,0x2e31,0x946
  witness[02] tail=23 r61=22 gh60=0x78a8bbe W1=0x29b7,0x1633,0x3e71 W2=0x28c4,0x94a,0xee6
  witness[03] tail=23 r61=25 gh60=0x7cacc9e W1=0x2628,0x355a,0x3e77 W2=0x2535,0x3651,0x1422
  witness[04] tail=24 r61=23 gh60=0xccf859a W1=0xca5,0x2a43,0x5c4 W2=0xbb2,0x186c,0x15
  witness[05] tail=24 r61=23 gh60=0xcdbc4a6 W1=0x142c,0x1149,0x2479 W2=0x1339,0x20a7,0x2d7b
  witness[06] tail=25 r61=17 gh60=0x4a88baa W1=0x571,0x290b,0xcde W2=0x47e,0x29d2,0x2e5c
  witness[07] tail=25 r61=18 gh60=0x493849e W1=0x1b47,0x95e,0x2f13 W2=0x1a54,0x1949,0x2fd9
  witness[08] tail=25 r61=18 gh60=0xc6adcaa W1=0x1ef2,0xca3,0x2f05 W2=0x1dff,0xeeb,0x13e9
  witness[09] tail=25 r61=21 gh60=0x3a7c5ea W1=0x492,0x3a64,0x1752 W2=0x39f,0xb87,0x190c
  witness[10] tail=25 r61=21 gh60=0x4c985ae W1=0x24bf,0x1998,0x2e6 W2=0x23cc,0x140,0x362
  witness[11] tail=25 r61=22 gh60=0xcdb8dba W1=0x1879,0x1902,0x507 W2=0x1786,0x369,0x2452
  witness[12] tail=25 r61=24 gh60=0xc9fcce6 W1=0x3814,0xb6,0x2911 W2=0x3721,0x28dd,0x2e55
  witness[13] tail=25 r61=25 gh60=0xbbb9fa6 W1=0x1f73,0x17a,0x3a1c W2=0x1e80,0x29d0,0x2b27
  witness[14] tail=25 r61=26 gh60=0xda79dae W1=0x3e6f,0x3a18,0x23de W2=0x3d7c,0x2463,0xcae
  witness[15] tail=26 r61=17 gh60=0x78884aa W1=0xd41,0x7e6,0x3a21 W2=0xc4e,0xf16,0x3f4b

Scan-only r61 registry
  registry_count=16 registry_cap=16
  r61_witness[00] r61=13 tail=43 gh60=0x4a88ba6 W1=0x357b,0x3028,0xaf W2=0x3488,0x85c,0x15c2
  r61_witness[01] r61=15 tail=28 gh60=0x5a087ea W1=0x2ba1,0x22e1,0x12a W2=0x2aae,0x24a3,0x15c
  r61_witness[02] r61=15 tail=29 gh60=0x4d97cae W1=0x1030,0xbca,0x3f99 W2=0xf3d,0x18aa,0x10bd
  r61_witness[03] r61=16 tail=27 gh60=0xb988caa W1=0x8f1,0x2eba,0x257 W2=0x7fe,0x3179,0x3749
  r61_witness[04] r61=16 tail=27 gh60=0xca084e6 W1=0x2d1b,0x537,0x383c W2=0x2c28,0x2fe,0x39a2
  r61_witness[05] r61=16 tail=28 gh60=0x490bb6a W1=0xd51,0x1cb0,0x12c7 W2=0xc5e,0xaef,0x2a8f
  r61_witness[06] r61=16 tail=29 gh60=0xc6a44aa W1=0x3bf2,0x80b,0x124f W2=0x3aff,0x1f90,0x14ae
  r61_witness[07] r61=16 tail=31 gh60=0x4b28566 W1=0x3cd3,0x1a46,0x3b6d W2=0x3be0,0x397b,0x3b6
  r61_witness[08] r61=16 tail=32 gh60=0x4f0876a W1=0x33dd,0x30ad,0x2b65 W2=0x32ea,0x34f7,0x27c0
  r61_witness[09] r61=16 tail=33 gh60=0x58a849a W1=0x2529,0x210a,0x1939 W2=0x2436,0x6e1,0x2b64
  r61_witness[10] r61=16 tail=34 gh60=0x4607ce6 W1=0x310c,0x2af3,0x3183 W2=0x3019,0x294,0x3f08
  r61_witness[11] r61=17 tail=25 gh60=0x4a88baa W1=0x571,0x290b,0xcde W2=0x47e,0x29d2,0x2e5c
  r61_witness[12] r61=17 tail=26 gh60=0x78884aa W1=0xd41,0x7e6,0x3a21 W2=0xc4e,0xf16,0x3f4b
  r61_witness[13] r61=17 tail=27 gh60=0x788bbaa W1=0x11b1,0x3ee5,0x1f3 W2=0x10be,0x3204,0x25d9
  r61_witness[14] r61=17 tail=28 gh60=0x78884aa W1=0x153d,0x1236,0x22ae W2=0x144a,0x28a2,0x3bdb
  r61_witness[15] r61=17 tail=28 gh60=0xce085e6 W1=0x349b,0xfb7,0x3a00 W2=0x33a8,0x1860,0x3267

D60=0 fiber histogram: 1:7992 2:4905 3:1846 4:1164 5:414 6:193 7:83 8:70 9:27 10:14 11:5 12:13 13:2 17:1 22:1
