free_word_mitm_reducedn
N=14 mask=0x3fff msb=0x2000
candidate: M0=0x3d36 mode=random-fallback fill=0x3fff kernel=dM0=dM9=0x2000
prefixes=32768/268435456 mode=permuted-prefix-sample w59_per_prefix=16384 total=536870912
run_mode=scan registry_cap=16
sample_start=187957248
scan_elapsed=19.091s rate=28.12 Mtriples/s

D60 interface
  D60=0 matches: 32396 (random expectation 32768.0, enrichment 0.989x)
  prefixes with D60=0: 16519
  max D60=0 fiber per prefix: 19 at W57=0x5ed W58=0x13ed
  largest D60 bucket: D=0x12e4 count=33799
  min D60 HW: 0
  D60 HW histogram: 0:32396 1:459184 2:2980173 3:11932171 4:32801870 5:65590914 6:98393435 7:112458095 8:98425730 9:65624935 10:32790949 11:11915390 12:2975878 13:457208 14:32584

Tail closure among D60=0 matches
  final tail collisions: 0
  best r61 HW: 13
  best r61 W1[57..59]=0x2d8d,0x220,0x1526
  best r61 W2[57..59]=0x2c9a,0x1eaf,0x2986
  best tail HW: 21
  best tail r61 HW: 17
  best W1[57..59]=0x3647,0x2f65,0x34d9
  best W2[57..59]=0x3554,0x1097,0x70b

SUMMARY N=14 sample_start=187957248 prefixes=32768 total=536870912 d0=32396 best_tail=21 tail_r61=17 best_r61=13 tail_W1=0x3647,0x2f65,0x34d9 tail_W2=0x3554,0x1097,0x70b r61_W1=0x2d8d,0x220,0x1526 r61_W2=0x2c9a,0x1eaf,0x2986

Scan-only witness registry
  registry_count=16 registry_cap=16
  witness[00] tail=21 r61=17 gh60=0xcd58c9e W1=0x3647,0x2f65,0x34d9 W2=0x3554,0x1097,0x70b
  witness[01] tail=23 r61=17 gh60=0x472dc9e W1=0x1f48,0x2ef6,0x14cc W2=0x1e55,0x3da3,0x34d9
  witness[02] tail=23 r61=20 gh60=0x4f08566 W1=0x2a5b,0x2562,0x3c89 W2=0x2968,0x3879,0x696
  witness[03] tail=23 r61=22 gh60=0xff85ba6 W1=0x216c,0x1464,0x111c W2=0x2079,0x163b,0x659
  witness[04] tail=23 r61=24 gh60=0xc978b9a W1=0x25c9,0x30e7,0x10c6 W2=0x24d6,0x2f95,0x2293
  witness[05] tail=24 r61=18 gh60=0x38a849a W1=0xd29,0x1f8a,0x31dc W2=0xc36,0x5d7,0x1c91
  witness[06] tail=24 r61=22 gh60=0x3d8c5a6 W1=0xc7c,0x3f3e,0x2865 W2=0xb89,0x36e2,0x3c37
  witness[07] tail=24 r61=23 gh60=0x373876a W1=0x33dd,0x1faa,0x347d W2=0x32ea,0x23f4,0x5b3
  witness[08] tail=24 r61=23 gh60=0x495477e W1=0x3bd8,0x3c1b,0x1275 W2=0x3ae5,0x2d8,0x1450
  witness[09] tail=24 r61=26 gh60=0x5a6cb66 W1=0x1564,0x3b8c,0x30bb W2=0x1471,0x1187,0x924
  witness[10] tail=24 r61=27 gh60=0xdd7457e W1=0xcd8,0x1965,0x32a5 W2=0xbe5,0x1892,0xd53
  witness[11] tail=24 r61=28 gh60=0xdd84d9a W1=0x366a,0x1eab,0x223e W2=0x3577,0x1e0e,0x3e2c
  witness[12] tail=25 r61=20 gh60=0xc8984a6 W1=0x53b,0x3e9a,0x230 W2=0x448,0x3be7,0x1ce6
  witness[13] tail=25 r61=21 gh60=0xb8b9bae W1=0x21af,0x2d3e,0x368e W2=0x20bc,0x1e55,0x3b16
  witness[14] tail=25 r61=22 gh60=0x5af8daa W1=0x87d,0x284c,0x32d9 W2=0x78a,0x321f,0x1ac1
  witness[15] tail=25 r61=24 gh60=0xdeb85aa W1=0x46d,0xeb1,0x98b W2=0x37a,0x1bd5,0x1f91

Scan-only r61 registry
  registry_count=16 registry_cap=16
  r61_witness[00] r61=13 tail=33 gh60=0x4a0bbea W1=0x2d8d,0x220,0x1526 W2=0x2c9a,0x1eaf,0x2986
  r61_witness[01] r61=14 tail=27 gh60=0x4a087ea W1=0x3391,0x1277,0x3eef W2=0x329e,0x2849,0x15a2
  r61_witness[02] r61=14 tail=36 gh60=0x4a085ea W1=0xa8d,0x399e,0x134d W2=0x99a,0x2b8,0x3856
  r61_witness[03] r61=14 tail=38 gh60=0xc4a859e W1=0x2ca7,0x3ade,0x6ad W2=0x2bb4,0x123,0x1735
  r61_witness[04] r61=15 tail=29 gh60=0xc504c9a W1=0x264a,0x1de8,0x1404 W2=0x2557,0x52b,0x2439
  r61_witness[05] r61=15 tail=37 gh60=0x448bda6 W1=0x2ebb,0xf6d,0x3ba2 W2=0x2dc8,0x1c0b,0x2c53
  r61_witness[06] r61=16 tail=29 gh60=0xc62cc9a W1=0x3706,0x39,0x3c91 W2=0x3613,0x3610,0x2b60
  r61_witness[07] r61=16 tail=30 gh60=0x4a884ae W1=0x1ef,0x2ada,0x3fa3 W2=0xfc,0x157a,0x2219
  r61_witness[08] r61=16 tail=31 gh60=0x399c4ae W1=0xaf0,0x2c60,0x26b3 W2=0x9fd,0x1d81,0x3909
  r61_witness[09] r61=16 tail=32 gh60=0xc97bb7e W1=0x11d7,0x3671,0x104e W2=0x10e4,0x1990,0x106b
  r61_witness[10] r61=16 tail=32 gh60=0x748c49a W1=0x322a,0x1a49,0x1e0e W2=0x3137,0xe49,0x3592
  r61_witness[11] r61=16 tail=34 gh60=0x5a08ce6 W1=0x170b,0x334b,0x1d63 W2=0x1618,0x2161,0x1c25
  r61_witness[12] r61=16 tail=34 gh60=0x4d2bd7e W1=0x2ed7,0x2a03,0x9a9 W2=0x2de4,0x2252,0xed8
  r61_witness[13] r61=16 tail=35 gh60=0x46abc9a W1=0xee5,0x1d2f,0x3885 W2=0xdf2,0x2c3b,0x549
  r61_witness[14] r61=16 tail=35 gh60=0x4919b6a W1=0x1d5d,0x3469,0x729 W2=0x1c6a,0x2750,0x2d5a
  r61_witness[15] r61=16 tail=37 gh60=0x44844a6 W1=0x243c,0x302a,0x22f5 W2=0x2349,0x2f78,0x821

D60=0 fiber histogram: 1:8033 2:4804 3:1769 4:1078 5:404 6:233 7:71 8:55 9:22 10:24 11:2 12:9 13:6 14:6 15:1 17:1 19:1
