free_word_mitm_reducedn
N=14 mask=0x3fff msb=0x2000
candidate: M0=0x3d36 mode=random-fallback fill=0x3fff kernel=dM0=dM9=0x2000
prefixes=32768/268435456 mode=permuted-prefix-sample w59_per_prefix=16384 total=536870912
run_mode=scan registry_cap=16
sample_start=70516736
scan_elapsed=18.675s rate=28.75 Mtriples/s

D60 interface
  D60=0 matches: 32533 (random expectation 32768.0, enrichment 0.993x)
  prefixes with D60=0: 16411
  max D60=0 fiber per prefix: 18 at W57=0x11c5 W58=0x35fe
  largest D60 bucket: D=0x309d count=33935
  min D60 HW: 0
  D60 HW histogram: 0:32533 1:457011 2:2974986 3:11913381 4:32790016 5:65632032 6:98452601 7:112489910 8:98405979 9:65567464 10:32769215 11:11912287 12:2981922 13:458895 14:32680

Tail closure among D60=0 matches
  final tail collisions: 0
  best r61 HW: 13
  best r61 W1[57..59]=0x20e,0x12b9,0x2b4f
  best r61 W2[57..59]=0x11b,0x1970,0x1efd
  best tail HW: 20
  best tail r61 HW: 20
  best W1[57..59]=0x2a8,0xcc8,0x2ee2
  best W2[57..59]=0x1b5,0x1128,0x2bbc

SUMMARY N=14 sample_start=70516736 prefixes=32768 total=536870912 d0=32533 best_tail=20 tail_r61=20 best_r61=13 tail_W1=0x2a8,0xcc8,0x2ee2 tail_W2=0x1b5,0x1128,0x2bbc r61_W1=0x20e,0x12b9,0x2b4f r61_W2=0x11b,0x1970,0x1efd

Scan-only witness registry
  registry_count=16 registry_cap=16
  witness[00] tail=20 r61=20 gh60=0x557459e W1=0x2a8,0xcc8,0x2ee2 W2=0x1b5,0x1128,0x2bbc
  witness[01] tail=21 r61=16 gh60=0xf909b6e W1=0x15f,0xed9,0xf68 W2=0x6c,0x6ec,0x158a
  witness[02] tail=22 r61=22 gh60=0xda7c4ee W1=0x1210,0xd7c,0x2acb W2=0x111d,0x3717,0x1802
  witness[03] tail=23 r61=21 gh60=0x48f4b9a W1=0x19a6,0x1397,0x25be W2=0x18b3,0x1fea,0x1ccb
  witness[04] tail=24 r61=17 gh60=0x4b08d6e W1=0x64f,0x8e5,0x25a W2=0x55c,0x371c,0x3034
  witness[05] tail=24 r61=18 gh60=0xcf08566 W1=0x4cb,0x6c,0x2666 W2=0x3d8,0x3495,0x102a
  witness[06] tail=24 r61=24 gh60=0xcb3856e W1=0x3cdf,0x30f,0x27f1 W2=0x3bec,0x312d,0x1be0
  witness[07] tail=24 r61=25 gh60=0xccf5daa W1=0x20be,0x3e24,0x20b9 W2=0x1fcb,0x3a00,0x348a
  witness[08] tail=25 r61=13 gh60=0x56344ea W1=0x20e,0x12b9,0x2b4f W2=0x11b,0x1970,0x1efd
  witness[09] tail=25 r61=17 gh60=0x752857a W1=0x1a59,0x1ab4,0x36cc W2=0x1966,0x960,0x3e8c
  witness[10] tail=25 r61=17 gh60=0x4e184a6 W1=0x2503,0x378d,0x1950 W2=0x2410,0x1788,0x1df1
  witness[11] tail=25 r61=19 gh60=0xd68c4aa W1=0x4ee,0x339d,0x36dc W2=0x3fb,0x389e,0xfb3
  witness[12] tail=25 r61=20 gh60=0x4e09ce6 W1=0x3e1b,0x57d,0x105e W2=0x3d28,0x1591,0x2b15
  witness[13] tail=25 r61=22 gh60=0xd57dcae W1=0x2030,0x9e1,0xe63 W2=0x1f3d,0x25c1,0x1d92
  witness[14] tail=25 r61=23 gh60=0xf6947aa W1=0x36e,0x324c,0x1f8a W2=0x27b,0x3325,0x276d
  witness[15] tail=25 r61=27 gh60=0x4e78caa W1=0x3901,0x3fa5,0xc2a W2=0x380e,0x1254,0x150a

Scan-only r61 registry
  registry_count=16 registry_cap=16
  r61_witness[00] r61=13 tail=25 gh60=0x56344ea W1=0x20e,0x12b9,0x2b4f W2=0x11b,0x1970,0x1efd
  r61_witness[01] r61=13 tail=37 gh60=0xda085ee W1=0x48f,0x418,0x39eb W2=0x39c,0x2956,0x1ef7
  r61_witness[02] r61=15 tail=30 gh60=0x5a6859a W1=0xc65,0xdaf,0x406 W2=0xb72,0x3c64,0x34e8
  r61_witness[03] r61=15 tail=33 gh60=0x4489caa W1=0x3e41,0xa21,0x190 W2=0x3d4e,0x1014,0x3f0b
  r61_witness[04] r61=16 tail=21 gh60=0xf909b6e W1=0x15f,0xed9,0xf68 W2=0x6c,0x6ec,0x158a
  r61_witness[05] r61=16 tail=26 gh60=0xc90cb6e W1=0x3560,0x2a59,0x2ce1 W2=0x346d,0x3871,0x2da7
  r61_witness[06] r61=16 tail=32 gh60=0x4a0ccea W1=0x180e,0x3aed,0x224d W2=0x171b,0xaa9,0x3143
  r61_witness[07] r61=16 tail=32 gh60=0xc908b6a W1=0x254d,0x212c,0x2da0 W2=0x245a,0x1727,0x113b
  r61_witness[08] r61=16 tail=32 gh60=0x470bd6e W1=0x2ecf,0x1b74,0x2c20 W2=0x2ddc,0x3443,0x2282
  r61_witness[09] r61=16 tail=32 gh60=0x5989cae W1=0x3eff,0x292b,0x321 W2=0x3e0c,0x77a,0x34e
  r61_witness[10] r61=16 tail=33 gh60=0x450457a W1=0x2cda,0x2f03,0xcd4 W2=0x2be7,0x182c,0x2d4b
  r61_witness[11] r61=16 tail=34 gh60=0x44985a6 W1=0x1cbb,0x23f5,0x350b W2=0x1bc8,0x2818,0x13c9
  r61_witness[12] r61=16 tail=34 gh60=0xc51456a W1=0x3cce,0x83c,0x385f W2=0x3bdb,0x1b67,0xfe2
  r61_witness[13] r61=16 tail=35 gh60=0x4587ca6 W1=0xe3c,0x3420,0x3811 W2=0xd49,0x6a7,0x3d79
  r61_witness[14] r61=16 tail=35 gh60=0x490c76e W1=0x1360,0x2406,0x154b W2=0x126d,0x2a35,0x3f1d
  r61_witness[15] r61=16 tail=36 gh60=0x4908b6a W1=0x39cd,0xfe5,0x3e69 W2=0x38da,0xe1c,0x39b7

D60=0 fiber histogram: 1:7900 2:4743 3:1785 4:1145 5:395 6:223 7:77 8:72 9:26 10:16 11:7 12:7 13:3 14:3 15:1 16:5 17:1 18:2
