free_word_mitm_reducedn
N=14 mask=0x3fff msb=0x2000
candidate: M0=0x3d36 mode=random-fallback fill=0x3fff kernel=dM0=dM9=0x2000
prefixes=32768/268435456 mode=permuted-prefix-sample w59_per_prefix=16384 total=536870912
run_mode=scan registry_cap=16
sample_start=196345856
scan_elapsed=18.969s rate=28.30 Mtriples/s

D60 interface
  D60=0 matches: 32615 (random expectation 32768.0, enrichment 0.995x)
  prefixes with D60=0: 16584
  max D60=0 fiber per prefix: 32 at W57=0x1907 W58=0x1a81
  largest D60 bucket: D=0x974 count=34039
  min D60 HW: 0
  D60 HW histogram: 0:32615 1:458347 2:2983030 3:11923461 4:32796071 5:65629242 6:98476735 7:112501589 8:98402120 9:65558078 10:32741652 11:11901907 12:2975313 13:457927 14:32825

Tail closure among D60=0 matches
  final tail collisions: 0
  best r61 HW: 13
  best r61 W1[57..59]=0x641,0xdaf,0x31d9
  best r61 W2[57..59]=0x54e,0x151e,0xd45
  best tail HW: 21
  best tail r61 HW: 24
  best W1[57..59]=0x217,0xfd,0x3a33
  best W2[57..59]=0x124,0xca5,0x98b

SUMMARY N=14 sample_start=196345856 prefixes=32768 total=536870912 d0=32615 best_tail=21 tail_r61=24 best_r61=13 tail_W1=0x217,0xfd,0x3a33 tail_W2=0x124,0xca5,0x98b r61_W1=0x641,0xdaf,0x31d9 r61_W2=0x54e,0x151e,0xd45

Scan-only witness registry
  registry_count=16 registry_cap=16
  witness[00] tail=21 r61=24 gh60=0xdaf84fe W1=0x217,0xfd,0x3a33 W2=0x124,0xca5,0x98b
  witness[01] tail=23 r61=23 gh60=0xd98dcaa W1=0x213e,0x3731,0x15c7 W2=0x204b,0x3b25,0x3f26
  witness[02] tail=23 r61=24 gh60=0xd8a4faa W1=0x37b2,0x10e5,0x35bd W2=0x36bf,0xdf1,0x5ec
  witness[03] tail=24 r61=21 gh60=0xca78ffe W1=0x797,0xb0a,0x3884 W2=0x6a4,0x3fd9,0x2d59
  witness[04] tail=24 r61=25 gh60=0xd764b6a W1=0x25d2,0xf40,0xf81 W2=0x24df,0x398c,0x5ed
  witness[05] tail=25 r61=19 gh60=0x56584be W1=0x4f7,0x25cc,0x16bd W2=0x404,0x22ee,0xcf1
  witness[06] tail=25 r61=19 gh60=0xb504566 W1=0xa5c,0x322,0x36cc W2=0x969,0x1842,0x658
  witness[07] tail=25 r61=19 gh60=0xc62bc9a W1=0x3105,0x2b55,0x2110 W2=0x3012,0xa1,0x1124
  witness[08] tail=25 r61=20 gh60=0x3b2456a W1=0xc52,0x1d72,0x23dd W2=0xb5f,0x238d,0x2896
  witness[09] tail=25 r61=20 gh60=0xd8784a6 W1=0x3b2b,0x5cf,0x2f W2=0x3a38,0x372a,0x1c05
  witness[10] tail=25 r61=21 gh60=0xca945aa W1=0x326e,0x32c,0x3f41 W2=0x317b,0xec5,0x53b
  witness[11] tail=25 r61=21 gh60=0xdb384a6 W1=0x3d43,0x1d9b,0x151c W2=0x3c50,0xc18,0x23bb
  witness[12] tail=25 r61=22 gh60=0xb56857a W1=0x2d9,0x1f59,0x258c W2=0x1e6,0x265,0x3aa8
  witness[13] tail=25 r61=22 gh60=0x499cbaa W1=0x397e,0x2354,0x7de W2=0x388b,0x301c,0x1ebf
  witness[14] tail=25 r61=23 gh60=0x7935b6a W1=0x15e,0x130f,0x14a0 W2=0x6b,0xb43,0x2af9
  witness[15] tail=25 r61=24 gh60=0x492bf7a W1=0xfd9,0x3fa7,0x19a1 W2=0xee6,0x2bc6,0xea

Scan-only r61 registry
  registry_count=16 registry_cap=16
  r61_witness[00] r61=13 tail=36 gh60=0x4c88caa W1=0x641,0xdaf,0x31d9 W2=0x54e,0x151e,0xd45
  r61_witness[01] r61=14 tail=32 gh60=0x3a284a6 W1=0x403,0x313f,0x32b6 W2=0x310,0x3f3a,0x10a3
  r61_witness[02] r61=15 tail=27 gh60=0x4a17fee W1=0x2f90,0x1f1,0x227 W2=0x2e9d,0x2dc5,0x217e
  r61_witness[03] r61=15 tail=31 gh60=0x4a245aa W1=0x1282,0x193e,0x382a W2=0x118f,0x35eb,0x2d0c
  r61_witness[04] r61=15 tail=40 gh60=0x4a09dea W1=0x1e8d,0xf4a,0x2869 W2=0x1d9a,0x1fa5,0x28f5
  r61_witness[05] r61=16 tail=27 gh60=0x4a57bfa W1=0x1196,0x2f16,0x2df W2=0x10a3,0x1ee6,0x68a
  r61_witness[06] r61=16 tail=28 gh60=0xc88cb9a W1=0x29aa,0x2fc4,0x3f39 W2=0x28b7,0x1ccf,0x38ee
  r61_witness[07] r61=16 tail=28 gh60=0x451856e W1=0x345f,0x2c60,0x194f W2=0x336c,0x2526,0x4eb
  r61_witness[08] r61=16 tail=29 gh60=0x4a584ba W1=0x2cf9,0x14f7,0x2b2b W2=0x2c06,0x3ab9,0x2821
  r61_witness[09] r61=16 tail=31 gh60=0x4aa8b66 W1=0x5e3,0x13df,0x39a W2=0x4f0,0x18d5,0x13bd
  r61_witness[10] r61=16 tail=31 gh60=0x46284a6 W1=0x3c03,0x1bdb,0x2f85 W2=0x3b10,0x3ad8,0xd9c
  r61_witness[11] r61=16 tail=32 gh60=0xcd845a6 W1=0x14bc,0x365c,0x28e W2=0x13c9,0x3c92,0x44a
  r61_witness[12] r61=16 tail=33 gh60=0xcd845a6 W1=0x14bc,0x365c,0x3a8e W2=0x13c9,0x3c92,0x3c4a
  r61_witness[13] r61=16 tail=33 gh60=0x4ab4dae W1=0x2870,0x14d5,0x3b43 W2=0x277d,0x378d,0x3826
  r61_witness[14] r61=16 tail=33 gh60=0x489ccea W1=0x2922,0x263d,0x2ce3 W2=0x282f,0x299d,0x1374
  r61_witness[15] r61=16 tail=34 gh60=0x449c4aa W1=0xc2e,0x3c62,0x221d W2=0xb3b,0x2a3,0x14dc

D60=0 fiber histogram: 1:8019 2:4852 3:1821 4:1038 5:406 6:226 7:83 8:69 9:29 10:19 11:7 12:5 13:4 14:2 16:1 18:1 24:1 32:1
