free_word_mitm_reducedn
N=14 mask=0x3fff msb=0x2000
candidate: M0=0x3d36 mode=random-fallback fill=0x3fff kernel=dM0=dM9=0x2000
prefixes=32768/268435456 mode=permuted-prefix-sample w59_per_prefix=16384 total=536870912
run_mode=scan registry_cap=16
sample_start=219709440
scan_elapsed=19.255s rate=27.88 Mtriples/s

D60 interface
  D60=0 matches: 32353 (random expectation 32768.0, enrichment 0.987x)
  prefixes with D60=0: 16398
  max D60=0 fiber per prefix: 20 at W57=0x3e4f W58=0x1e51
  largest D60 bucket: D=0xef9 count=33769
  min D60 HW: 0
  D60 HW histogram: 0:32353 1:457365 2:2973062 3:11915340 4:32812492 5:65632969 6:98489922 7:112544753 8:98404912 9:65529041 10:32735133 11:11884899 12:2969503 13:457087 14:32081

Tail closure among D60=0 matches
  final tail collisions: 0
  best r61 HW: 14
  best r61 W1[57..59]=0x299c,0x2b88,0x33b8
  best r61 W2[57..59]=0x28a9,0x31c7,0x3d33
  best tail HW: 19
  best tail r61 HW: 17
  best W1[57..59]=0x3b23,0x2864,0x2292
  best W2[57..59]=0x3a30,0x38d5,0x8a5

SUMMARY N=14 sample_start=219709440 prefixes=32768 total=536870912 d0=32353 best_tail=19 tail_r61=17 best_r61=14 tail_W1=0x3b23,0x2864,0x2292 tail_W2=0x3a30,0x38d5,0x8a5 r61_W1=0x299c,0x2b88,0x33b8 r61_W2=0x28a9,0x31c7,0x3d33

Scan-only witness registry
  registry_count=16 registry_cap=16
  witness[00] tail=19 r61=17 gh60=0x57984e6 W1=0x3b23,0x2864,0x2292 W2=0x3a30,0x38d5,0x8a5
  witness[01] tail=23 r61=24 gh60=0x5e2dc9e W1=0x8,0xa84,0x3dce W2=0x3f15,0x1b9,0x110f
  witness[02] tail=24 r61=18 gh60=0xce044fa W1=0x41a,0x3c8,0xb0d W2=0x327,0x2cb5,0x217a
  witness[03] tail=24 r61=20 gh60=0xcc9bda6 W1=0x30bb,0x2eb0,0x23b6 W2=0x2fc8,0x15ce,0x24c8
  witness[04] tail=24 r61=22 gh60=0xc8a47aa W1=0x1bb2,0x891,0x25a6 W2=0x1abf,0x9de,0x3f99
  witness[05] tail=24 r61=24 gh60=0xb9acca6 W1=0x3934,0x26af,0x1f12 W2=0x3841,0x5c,0xcf5
  witness[06] tail=25 r61=17 gh60=0xc604c9a W1=0x370a,0x1a70,0x736 W2=0x3617,0xffb,0x3bb9
  witness[07] tail=25 r61=18 gh60=0x3f0fd9a W1=0xeca,0x772,0x1dd8 W2=0xdd7,0x2a1f,0x669
  witness[08] tail=25 r61=19 gh60=0x487c4a6 W1=0xd3c,0x18d6,0x2bb6 W2=0xc49,0x822,0x759
  witness[09] tail=25 r61=20 gh60=0x7764da6 W1=0x38c4,0x386c,0x24b1 W2=0x37d1,0x1b51,0x122
  witness[10] tail=25 r61=20 gh60=0x5a2db9a W1=0x3d86,0x1f84,0x1166 W2=0x3c93,0x1d69,0x94d
  witness[11] tail=25 r61=21 gh60=0x562ccfe W1=0x818,0x28f0,0x3bcc W2=0x725,0x2548,0x1fa3
  witness[12] tail=25 r61=23 gh60=0x5e7459e W1=0x3468,0x119e,0x2afb W2=0x3375,0x27ee,0x3a75
  witness[13] tail=25 r61=24 gh60=0x45e44aa W1=0xc32,0x2c99,0x2e5d W2=0xb3f,0x329e,0x22da
  witness[14] tail=25 r61=24 gh60=0xc5ac5aa W1=0x2c72,0x2a34,0x998 W2=0x2b7f,0x36d1,0x2ab6
  witness[15] tail=25 r61=24 gh60=0x46044e6 W1=0x341c,0x46b,0x349f W2=0x3329,0x112d,0xcca

Scan-only r61 registry
  registry_count=16 registry_cap=16
  r61_witness[00] r61=14 tail=34 gh60=0xca04be6 W1=0x299c,0x2b88,0x33b8 W2=0x28a9,0x31c7,0x3d33
  r61_witness[01] r61=16 tail=26 gh60=0xc638cee W1=0x290f,0x30e5,0x26bc W2=0x281c,0x9bc,0x16bd
  r61_witness[02] r61=16 tail=29 gh60=0x5904b7a W1=0x25da,0x69f,0x4d3 W2=0x24e7,0x30d7,0x2b4a
  r61_witness[03] r61=16 tail=30 gh60=0xd508d6a W1=0x28e1,0x21dc,0x1286 W2=0x27ee,0x193f,0x653
  r61_witness[04] r61=16 tail=32 gh60=0x4c845a6 W1=0x3cac,0x21f9,0x2f1f W2=0x3bb9,0x293d,0x3277
  r61_witness[05] r61=16 tail=33 gh60=0x550856e W1=0x24f,0x2323,0x2815 W2=0x15c,0xd59,0x3b28
  r61_witness[06] r61=16 tail=33 gh60=0x4a18d9a W1=0x1885,0x24c5,0x35e W2=0x1792,0x1e7f,0x2584
  r61_witness[07] r61=16 tail=35 gh60=0x4ea4b6a W1=0x9e2,0x13e0,0x2a94 W2=0x8ef,0xf0,0x2e59
  r61_witness[08] r61=16 tail=35 gh60=0x491bf66 W1=0x2fdb,0xe3f,0x1e83 W2=0x2ee8,0x24eb,0x3d42
  r61_witness[09] r61=16 tail=35 gh60=0x568c49a W1=0x39ea,0x3b54,0x2c0 W2=0x38f7,0x2f56,0x8e7
  r61_witness[10] r61=16 tail=36 gh60=0x450856e W1=0x24df,0x358c,0xb88 W2=0x23ec,0x212e,0x2ed2
  r61_witness[11] r61=16 tail=38 gh60=0x5a185e6 W1=0x1293,0x8e1,0x2d33 W2=0x11a0,0xeb0,0x1103
  r61_witness[12] r61=16 tail=39 gh60=0x461dde6 W1=0x3e8c,0x884,0x2f65 W2=0x3d99,0x20c1,0x269
  r61_witness[13] r61=17 tail=19 gh60=0x57984e6 W1=0x3b23,0x2864,0x2292 W2=0x3a30,0x38d5,0x8a5
  r61_witness[14] r61=17 tail=25 gh60=0xc604c9a W1=0x370a,0x1a70,0x736 W2=0x3617,0xffb,0x3bb9
  r61_witness[15] r61=17 tail=26 gh60=0x4609ce6 W1=0x11b,0x2f05,0xd89 W2=0x28,0x2989,0x3cf0

D60=0 fiber histogram: 1:7948 2:4761 3:1733 4:1105 5:414 6:203 7:89 8:71 9:26 10:22 11:8 12:9 13:4 15:1 16:3 20:1
