free_word_mitm_reducedn
N=14 mask=0x3fff msb=0x2000
candidate: M0=0x3d36 mode=random-fallback fill=0x3fff kernel=dM0=dM9=0x2000
prefixes=32768/268435456 mode=permuted-prefix-sample w59_per_prefix=16384 total=536870912
run_mode=scan registry_cap=16
sample_start=177766400
scan_elapsed=19.480s rate=27.56 Mtriples/s

D60 interface
  D60=0 matches: 32495 (random expectation 32768.0, enrichment 0.992x)
  prefixes with D60=0: 16500
  max D60=0 fiber per prefix: 17 at W57=0x21e7 W58=0x2b4f
  largest D60 bucket: D=0x31fd count=33986
  min D60 HW: 0
  D60 HW histogram: 0:32495 1:455618 2:2974580 3:11912885 4:32815198 5:65684060 6:98532410 7:112540615 8:98385699 9:65517714 10:32707832 11:11861903 12:2961751 13:455771 14:32381

Tail closure among D60=0 matches
  final tail collisions: 0
  best r61 HW: 14
  best r61 W1[57..59]=0x2d1d,0x18d7,0x1d28
  best r61 W2[57..59]=0x2c2a,0x1e3d,0x20e0
  best tail HW: 20
  best tail r61 HW: 19
  best W1[57..59]=0x295f,0x3340,0x2143
  best W2[57..59]=0x286c,0x254b,0x2bda

SUMMARY N=14 sample_start=177766400 prefixes=32768 total=536870912 d0=32495 best_tail=20 tail_r61=19 best_r61=14 tail_W1=0x295f,0x3340,0x2143 tail_W2=0x286c,0x254b,0x2bda r61_W1=0x2d1d,0x18d7,0x1d28 r61_W2=0x2c2a,0x1e3d,0x20e0

Scan-only witness registry
  registry_count=16 registry_cap=16
  witness[00] tail=20 r61=19 gh60=0xc908b6e W1=0x295f,0x3340,0x2143 W2=0x286c,0x254b,0x2bda
  witness[01] tail=22 r61=23 gh60=0xcb2c4a6 W1=0x1344,0x1a6a,0x32f6 W2=0x1251,0x1ae6,0x3707
  witness[02] tail=24 r61=14 gh60=0x4898ba6 W1=0x5b3,0x3c3c,0x3cf W2=0x4c0,0x420,0x32eb
  witness[03] tail=24 r61=14 gh60=0xc908b6a W1=0x255d,0x305,0x184c W2=0x246a,0x38ec,0x38ae
  witness[04] tail=24 r61=17 gh60=0x495849a W1=0x3549,0xdee,0x108b W2=0x3456,0x3ff,0x46f
  witness[05] tail=24 r61=18 gh60=0x7d85da6 W1=0xac,0x18b6,0x266e W2=0x3fb9,0xcf9,0xbd7
  witness[06] tail=24 r61=18 gh60=0xc72c56a W1=0x2cd2,0x3983,0xf3 W2=0x2bdf,0x1be,0x2c30
  witness[07] tail=24 r61=24 gh60=0x4ba8566 W1=0x2ae3,0x33e3,0x2814 W2=0x29f0,0x3450,0x2251
  witness[08] tail=24 r61=26 gh60=0xcaf84e6 W1=0x3513,0x3c56,0x3057 W2=0x3420,0x2e3d,0x3d92
  witness[09] tail=24 r61=27 gh60=0xcff84ba W1=0x3bf9,0x10b2,0x3b2b W2=0x3b06,0x830,0x1a84
  witness[10] tail=25 r61=15 gh60=0x38887a6 W1=0x1bab,0x21e1,0xa W2=0x1ab8,0x1b34,0x193b
  witness[11] tail=25 r61=19 gh60=0x5ba4baa W1=0x9b2,0x1719,0x2a13 W2=0x8bf,0x325,0x373a
  witness[12] tail=25 r61=21 gh60=0x36587fa W1=0xb99,0xa7e,0x3064 W2=0xaa6,0x9ce,0x18d3
  witness[13] tail=25 r61=22 gh60=0xce7c4be W1=0x1f8,0x2818,0x12a7 W2=0x105,0x23bb,0x6da
  witness[14] tail=25 r61=22 gh60=0xfd38d66 W1=0x26d3,0x1e33,0x3812 W2=0x25e0,0x1c95,0x3245
  witness[15] tail=25 r61=23 gh60=0x45eddaa W1=0x3ec2,0xc07,0x120b W2=0x3dcf,0x1e07,0x1a7b

Scan-only r61 registry
  registry_count=16 registry_cap=16
  r61_witness[00] r61=14 tail=24 gh60=0x4898ba6 W1=0x5b3,0x3c3c,0x3cf W2=0x4c0,0x420,0x32eb
  r61_witness[01] r61=14 tail=24 gh60=0xc908b6a W1=0x255d,0x305,0x184c W2=0x246a,0x38ec,0x38ae
  r61_witness[02] r61=14 tail=32 gh60=0xca084ea W1=0x220d,0x2ff3,0x36a5 W2=0x211a,0x30b5,0x3e46
  r61_witness[03] r61=14 tail=32 gh60=0xd6084ea W1=0x2d1d,0x18d7,0x1d28 W2=0x2c2a,0x1e3d,0x20e0
  r61_witness[04] r61=14 tail=37 gh60=0x491db6a W1=0x1dce,0x1970,0x1e11 W2=0x1cdb,0x1574,0x3f3f
  r61_witness[05] r61=15 tail=25 gh60=0x38887a6 W1=0x1bab,0x21e1,0xa W2=0x1ab8,0x1b34,0x193b
  r61_witness[06] r61=15 tail=31 gh60=0x46144ee W1=0x1410,0x26bf,0x1392 W2=0x131d,0x12da,0xe67
  r61_witness[07] r61=16 tail=27 gh60=0xca04ce6 W1=0x360c,0x25ea,0x353e W2=0x3519,0x1401,0xc1f
  r61_witness[08] r61=16 tail=27 gh60=0x59e5b6a W1=0x3dd2,0x1ab7,0xabe W2=0x3cdf,0xef7,0x70f
  r61_witness[09] r61=16 tail=29 gh60=0xc90c76a W1=0xbce,0x360d,0x220c W2=0xadb,0x386c,0x21d0
  r61_witness[10] r61=16 tail=31 gh60=0x4e04c9a W1=0x60a,0x215c,0x1be8 W2=0x517,0xb23,0xdd1
  r61_witness[11] r61=16 tail=31 gh60=0x4a08cea W1=0x171d,0x28cd,0x2dda W2=0x162a,0x3fb0,0x2486
  r61_witness[12] r61=16 tail=34 gh60=0x4898fa6 W1=0x17bb,0x2a04,0x10fe W2=0x16c8,0x2048,0x162f
  r61_witness[13] r61=16 tail=34 gh60=0xc48c59a W1=0x24aa,0x3fd3,0x1c0f W2=0x23b7,0x2d7f,0xe24
  r61_witness[14] r61=16 tail=34 gh60=0xc8847a6 W1=0x33bc,0x111c,0x3442 W2=0x32c9,0x9d2,0x3c5e
  r61_witness[15] r61=16 tail=35 gh60=0x4a0bce6 W1=0xf0b,0x2ab8,0x96d W2=0xe18,0x39d0,0x18e3

D60=0 fiber histogram: 1:8014 2:4776 3:1780 4:1091 5:378 6:218 7:92 8:76 9:28 10:23 11:11 12:7 13:3 15:1 17:2
