free_word_mitm_reducedn
N=14 mask=0x3fff msb=0x2000
candidate: M0=0x3d36 mode=random-fallback fill=0x3fff kernel=dM0=dM9=0x2000
prefixes=32768/268435456 mode=permuted-prefix-sample w59_per_prefix=16384 total=536870912
run_mode=scan registry_cap=16
sample_start=51019776
scan_elapsed=17.242s rate=31.14 Mtriples/s

D60 interface
  D60=0 matches: 32677 (random expectation 32768.0, enrichment 0.997x)
  prefixes with D60=0: 16475
  max D60=0 fiber per prefix: 20 at W57=0x4ab W58=0x18fb
  largest D60 bucket: D=0x2b9b count=33871
  min D60 HW: 0
  D60 HW histogram: 0:32677 1:459149 2:2978495 3:11927736 4:32813802 5:65606326 6:98403171 7:112481326 8:98428797 9:65594608 10:32775361 11:11909147 12:2969810 13:458059 14:32448

Tail closure among D60=0 matches
  final tail collisions: 0
  best r61 HW: 14
  best r61 W1[57..59]=0x31aa,0x19e,0x282b
  best r61 W2[57..59]=0x30b7,0x17ab,0x314b
  best tail HW: 21
  best tail r61 HW: 24
  best W1[57..59]=0x1468,0x26fc,0x34b9
  best W2[57..59]=0x1375,0x3d44,0xa0

SUMMARY N=14 sample_start=51019776 prefixes=32768 total=536870912 d0=32677 best_tail=21 tail_r61=24 best_r61=14 tail_W1=0x1468,0x26fc,0x34b9 tail_W2=0x1375,0x3d44,0xa0 r61_W1=0x31aa,0x19e,0x282b r61_W2=0x30b7,0x17ab,0x314b

Scan-only witness registry
  registry_count=16 registry_cap=16
  witness[00] tail=21 r61=24 gh60=0xdeb459e W1=0x1468,0x26fc,0x34b9 W2=0x1375,0x3d44,0xa0
  witness[01] tail=22 r61=26 gh60=0xcb65baa W1=0x3dc2,0x2f40,0x39cf W2=0x3ccf,0x20a0,0x3bd3
  witness[02] tail=24 r61=17 gh60=0x4d0bd6a W1=0x304d,0x337e,0x19d4 W2=0x2f5a,0x2e49,0x1d7a
  witness[03] tail=24 r61=23 gh60=0x5d884a6 W1=0x143b,0x9bd,0x3963 W2=0x1348,0x80a,0x19aa
  witness[04] tail=25 r61=18 gh60=0xca244a6 W1=0x3d04,0x1036,0x2696 W2=0x3c11,0x2f34,0x3768
  witness[05] tail=25 r61=18 gh60=0x4a09bee W1=0x3d9f,0x3c0f,0x3a35 W2=0x3cac,0x338e,0x3b6e
  witness[06] tail=25 r61=19 gh60=0x4914b6a W1=0x35de,0x34,0x31a0 W2=0x34eb,0x1624,0x38c1
  witness[07] tail=25 r61=19 gh60=0x47f9c9a W1=0x3ee5,0x24a0,0x1c5b W2=0x3df2,0xba8,0x13f2
  witness[08] tail=25 r61=22 gh60=0xda18dee W1=0x88f,0x721,0x1747 W2=0x79c,0x27e0,0x40d
  witness[09] tail=25 r61=23 gh60=0x5eb8c9a W1=0x15e5,0x16da,0x1906 W2=0x14f2,0x102c,0x3930
  witness[10] tail=25 r61=23 gh60=0xc508566 W1=0x24db,0x5b7,0x29f2 W2=0x23e8,0xd4,0x390f
  witness[11] tail=25 r61=23 gh60=0x3d8dca6 W1=0x3e2c,0x3a9d,0x3657 W2=0x3d39,0x1c38,0x461
  witness[12] tail=25 r61=24 gh60=0x4f2c77e W1=0x3358,0x15e3,0xff6 W2=0x3265,0x26a8,0x1305
  witness[13] tail=26 r61=15 gh60=0x3909b6e W1=0x1d4f,0x29aa,0x32af W2=0x1c5c,0x1dc5,0x3116
  witness[14] tail=26 r61=17 gh60=0x4e37fee W1=0x2f90,0x253,0x3461 W2=0x2e9d,0x2e27,0x1b65
  witness[15] tail=26 r61=18 gh60=0xb887cba W1=0x113a,0xd7b,0x3751 W2=0x1047,0x19ab,0x5f8

Scan-only r61 registry
  registry_count=16 registry_cap=16
  r61_witness[00] r61=14 tail=29 gh60=0x4787b9a W1=0x31aa,0x19e,0x282b W2=0x30b7,0x17ab,0x314b
  r61_witness[01] r61=14 tail=31 gh60=0x5a2c7fa W1=0x396,0xcfb,0x3f33 W2=0x2a3,0x124c,0x28ba
  r61_witness[02] r61=15 tail=26 gh60=0x3909b6e W1=0x1d4f,0x29aa,0x32af W2=0x1c5c,0x1dc5,0x3116
  r61_witness[03] r61=15 tail=27 gh60=0x4504d9a W1=0x6ca,0x962,0x233e W2=0x5d7,0x3a8d,0x276d
  r61_witness[04] r61=15 tail=31 gh60=0xba09bee W1=0x19f,0x8b7,0x544 W2=0xac,0x3d36,0x16da
  r61_witness[05] r61=15 tail=35 gh60=0xca08cee W1=0x270f,0x3fef,0x801 W2=0x261c,0x1ac6,0x12d9
  r61_witness[06] r61=16 tail=27 gh60=0xc554c9a W1=0x1626,0x835,0xb57 W2=0x1533,0x108,0x3764
  r61_witness[07] r61=16 tail=27 gh60=0xc8adfa6 W1=0x3fb4,0xa3e,0x3c08 W2=0x3ec1,0x3211,0x652
  r61_witness[08] r61=16 tail=28 gh60=0x4a04cfa W1=0x171a,0x38d7,0x106 W2=0x1627,0x2b13,0x2717
  r61_witness[09] r61=16 tail=28 gh60=0x48a849a W1=0x2325,0x2af8,0x1ba W2=0x2232,0x130b,0x178b
  r61_witness[10] r61=16 tail=28 gh60=0xc65859a W1=0x2c89,0x2716,0x3b3 W2=0x2b96,0x611,0xf86
  r61_witness[11] r61=16 tail=28 gh60=0xcb0cf6a W1=0x375e,0x185,0x25 W2=0x366b,0xd9d,0x3d4d
  r61_witness[12] r61=16 tail=32 gh60=0xc884b9a W1=0x39aa,0xf2b,0x16ae W2=0x38b7,0x93a,0x322
  r61_witness[13] r61=16 tail=33 gh60=0x36087ea W1=0x3a1,0x28d3,0x39dd W2=0x2ae,0x2a95,0x2061
  r61_witness[14] r61=16 tail=33 gh60=0x4a78ffa W1=0x2799,0x291f,0x24df W2=0x26a6,0x25ae,0x3d77
  r61_witness[15] r61=16 tail=34 gh60=0x4b19b6a W1=0x151,0x17f0,0xee7 W2=0x5e,0xef3,0x3f7d

D60=0 fiber histogram: 1:8027 2:4635 3:1814 4:1115 5:404 6:244 7:82 8:80 9:35 10:18 11:5 12:5 13:2 14:3 15:1 16:2 17:1 18:1 20:1
