free_word_mitm_reducedn
N=14 mask=0x3fff msb=0x2000
candidate: M0=0x3d36 mode=random-fallback fill=0x3fff kernel=dM0=dM9=0x2000
prefixes=32768/268435456 mode=permuted-prefix-sample w59_per_prefix=16384 total=536870912
run_mode=scan registry_cap=16
sample_start=261619712
scan_elapsed=23.517s rate=22.83 Mtriples/s

D60 interface
  D60=0 matches: 32517 (random expectation 32768.0, enrichment 0.992x)
  prefixes with D60=0: 16507
  max D60=0 fiber per prefix: 14 at W57=0x3e34 W58=0xb70
  largest D60 bucket: D=0xe52 count=33922
  min D60 HW: 0
  D60 HW histogram: 0:32517 1:458602 2:2973595 3:11908480 4:32794072 5:65654815 6:98504129 7:112511633 8:98406095 9:65550576 10:32730176 11:11891640 12:2966155 13:456053 14:32374

Tail closure among D60=0 matches
  final tail collisions: 0
  best r61 HW: 13
  best r61 W1[57..59]=0x1e2f,0x185f,0x36dd
  best r61 W2[57..59]=0x1d3c,0x63e,0x1760
  best tail HW: 20
  best tail r61 HW: 23
  best W1[57..59]=0x15b9,0x2de8,0x24ea
  best W2[57..59]=0x14c6,0x3d43,0x22

SUMMARY N=14 sample_start=261619712 prefixes=32768 total=536870912 d0=32517 best_tail=20 tail_r61=23 best_r61=13 tail_W1=0x15b9,0x2de8,0x24ea tail_W2=0x14c6,0x3d43,0x22 r61_W1=0x1e2f,0x185f,0x36dd r61_W2=0x1d3c,0x63e,0x1760

Scan-only witness registry
  registry_count=16 registry_cap=16
  witness[00] tail=20 r61=23 gh60=0x79f8bba W1=0x15b9,0x2de8,0x24ea W2=0x14c6,0x3d43,0x22
  witness[01] tail=22 r61=19 gh60=0x4718f66 W1=0x7d3,0xa43,0x1e64 W2=0x6e0,0x2e8d,0x2fa3
  witness[02] tail=22 r61=25 gh60=0xcff8baa W1=0x9c1,0x1e19,0x94f W2=0x8ce,0x1a20,0x15e0
  witness[03] tail=23 r61=19 gh60=0xdd0856a W1=0x24e1,0x36e1,0x227f W2=0x23ee,0x3283,0x3f4c
  witness[04] tail=23 r61=23 gh60=0xce3449e W1=0x2208,0x22d7,0x1422 W2=0x2115,0x1fc1,0x2cee
  witness[05] tail=23 r61=26 gh60=0xc7fcca6 W1=0x1944,0xf6f,0x413 W2=0x1851,0x2a2c,0x3ae3
  witness[06] tail=24 r61=15 gh60=0x588c4a6 W1=0x1d3c,0xdc6,0x2b33 W2=0x1c49,0xa12,0x1d0
  witness[07] tail=24 r61=18 gh60=0xc97db9e W1=0x21a8,0x573,0xc3b W2=0x20b5,0x3a88,0xb54
  witness[08] tail=24 r61=27 gh60=0xbad459a W1=0x2c6,0x3d7,0x101f W2=0x1d3,0x204d,0x1a80
  witness[09] tail=25 r61=16 gh60=0xcb0876a W1=0x33cd,0x3f9b,0xf0a W2=0x32da,0x4f1,0x19
  witness[10] tail=25 r61=19 gh60=0x4899ce6 W1=0x123,0xb6a,0x14b7 W2=0x30,0x251e,0xf45
  witness[11] tail=25 r61=20 gh60=0xda8bbaa W1=0x1181,0x2c15,0x1fa5 W2=0x108e,0x1a94,0x4ba
  witness[12] tail=25 r61=21 gh60=0xbd39d7a W1=0x2059,0x20b3,0x3793 W2=0x1f66,0x3f02,0x14f7
  witness[13] tail=25 r61=23 gh60=0x7b04566 W1=0xa5c,0x9f2,0x2cb1 W2=0x969,0x1f12,0x30a9
  witness[14] tail=25 r61=25 gh60=0x4bac7be W1=0x33b8,0x35ca,0x1583 W2=0x32c5,0x3e95,0x201
  witness[15] tail=26 r61=16 gh60=0x5b08b6a W1=0x35d1,0x34b,0x225c W2=0x34de,0x1586,0x3b10

Scan-only r61 registry
  registry_count=16 registry_cap=16
  r61_witness[00] r61=13 tail=32 gh60=0x4489cae W1=0x1e2f,0x185f,0x36dd W2=0x1d3c,0x63e,0x1760
  r61_witness[01] r61=14 tail=30 gh60=0xc50449a W1=0x3c4a,0x3ec2,0x34c7 W2=0x3b57,0x350a,0x311c
  r61_witness[02] r61=14 tail=37 gh60=0x48884a6 W1=0x2b3b,0x3e79,0x1970 W2=0x2a48,0x1dc4,0x3f72
  r61_witness[03] r61=15 tail=24 gh60=0x588c4a6 W1=0x1d3c,0xdc6,0x2b33 W2=0x1c49,0xa12,0x1d0
  r61_witness[04] r61=15 tail=29 gh60=0xca045e6 W1=0x1a9c,0x2888,0x1ae6 W2=0x19a9,0xb34,0x3b3
  r61_witness[05] r61=15 tail=31 gh60=0x7604be6 W1=0x59c,0x3e98,0xf33 W2=0x4a9,0x8d7,0x139f
  r61_witness[06] r61=15 tail=32 gh60=0x4908b6e W1=0x295f,0x1b2b,0x3e42 W2=0x286c,0xd36,0x1b38
  r61_witness[07] r61=15 tail=35 gh60=0xca07fe6 W1=0x2f9c,0x1663,0x3d07 W2=0x2ea9,0x31a4,0x38d6
  r61_witness[08] r61=16 tail=25 gh60=0xcb0876a W1=0x33cd,0x3f9b,0xf0a W2=0x32da,0x4f1,0x19
  r61_witness[09] r61=16 tail=26 gh60=0x5b08b6a W1=0x35d1,0x34b,0x225c W2=0x34de,0x1586,0x3b10
  r61_witness[10] r61=16 tail=27 gh60=0x76047e6 W1=0x339c,0x1f1f,0x3a88 W2=0x32a9,0x1859,0x2098
  r61_witness[11] r61=16 tail=27 gh60=0xca04d9a W1=0x388a,0x31ac,0x396 W2=0x3797,0x2d47,0x3c99
  r61_witness[12] r61=16 tail=28 gh60=0xca14cea W1=0x191e,0x6e0,0x2a90 W2=0x182b,0x17d8,0x2d09
  r61_witness[13] r61=16 tail=28 gh60=0x4e25ce6 W1=0x1e14,0x2ba8,0x183b W2=0x1d21,0x2c4d,0x34df
  r61_witness[14] r61=16 tail=28 gh60=0xca044fa W1=0x3a1a,0x7c7,0x15d4 W2=0x3927,0x38b4,0x131d
  r61_witness[15] r61=16 tail=29 gh60=0x5a385fa W1=0x1499,0x9fb,0x2078 W2=0x13a6,0x391b,0x3d97

D60=0 fiber histogram: 1:7987 2:4797 3:1746 4:1132 5:410 6:211 7:87 8:67 9:35 10:12 11:10 12:7 13:4 14:2
