free_word_mitm_reducedn
N=14 mask=0x3fff msb=0x2000
candidate: M0=0x3d36 mode=random-fallback fill=0x3fff kernel=dM0=dM9=0x2000
prefixes=32768/268435456 mode=permuted-prefix-sample w59_per_prefix=16384 total=536870912
run_mode=scan registry_cap=16
sample_start=38928384
scan_elapsed=15.940s rate=33.68 Mtriples/s

D60 interface
  D60=0 matches: 32379 (random expectation 32768.0, enrichment 0.988x)
  prefixes with D60=0: 16389
  max D60=0 fiber per prefix: 21 at W57=0x1faf W58=0x1acd
  largest D60 bucket: D=0x2d9e count=33868
  min D60 HW: 0
  D60 HW histogram: 0:32379 1:457618 2:2977993 3:11913957 4:32778525 5:65578583 6:98389437 7:112466688 8:98458864 9:65616458 10:32802002 11:11929264 12:2978179 13:458100 14:32865

Tail closure among D60=0 matches
  final tail collisions: 0
  best r61 HW: 14
  best r61 W1[57..59]=0x94e,0x1f80,0x1289
  best r61 W2[57..59]=0x85b,0x15c8,0x9ae
  best tail HW: 21
  best tail r61 HW: 17
  best W1[57..59]=0x3f99,0x2512,0x2b9d
  best W2[57..59]=0x3ea6,0x23a1,0x11f3

SUMMARY N=14 sample_start=38928384 prefixes=32768 total=536870912 d0=32379 best_tail=21 tail_r61=17 best_r61=14 tail_W1=0x3f99,0x2512,0x2b9d tail_W2=0x3ea6,0x23a1,0x11f3 r61_W1=0x94e,0x1f80,0x1289 r61_W2=0x85b,0x15c8,0x9ae

Scan-only witness registry
  registry_count=16 registry_cap=16
  witness[00] tail=21 r61=17 gh60=0xc639ffa W1=0x3f99,0x2512,0x2b9d W2=0x3ea6,0x23a1,0x11f3
  witness[01] tail=22 r61=18 gh60=0x4a98d66 W1=0x2863,0x252c,0x31af W2=0x2770,0x3512,0x3220
  witness[02] tail=23 r61=19 gh60=0xc6d857a W1=0x2cd9,0x2fc,0x25b5 W2=0x2be6,0x2030,0x125a
  witness[03] tail=23 r61=20 gh60=0xcf284a6 W1=0x543,0x3aec,0x10e3 W2=0x450,0x1867,0x1442
  witness[04] tail=23 r61=20 gh60=0xf789caa W1=0x3fed,0x38bf,0x14a7 W2=0x3efa,0x3cfe,0x3ec1
  witness[05] tail=23 r61=23 gh60=0x5f9fc9a W1=0x10ea,0x881,0x1a09 W2=0xff7,0x1946,0x29b4
  witness[06] tail=24 r61=19 gh60=0xcaa849a W1=0x32e9,0x20f5,0x128e W2=0x31f6,0x19c4,0x1130
  witness[07] tail=24 r61=20 gh60=0xcb99fae W1=0x1f6f,0x1f27,0x3ed5 W2=0x1e7c,0x17f2,0x20fe
  witness[08] tail=24 r61=22 gh60=0x4e385a6 W1=0x483,0x3c39,0xca9 W2=0x390,0x121c,0x22e9
  witness[09] tail=24 r61=22 gh60=0x4f6c4ea W1=0xd22,0x3cc7,0x39 W2=0xc2f,0x426,0x34dc
  witness[10] tail=24 r61=32 gh60=0xda78cae W1=0x38ff,0x21d4,0x219 W2=0x380c,0xca3,0x3df8
  witness[11] tail=25 r61=17 gh60=0x5655d9e W1=0x68,0x6c6,0x3156 W2=0x3f75,0x793,0x8b
  witness[12] tail=25 r61=17 gh60=0xb8a4ca6 W1=0x1934,0x398,0x3997 W2=0x1841,0x1d45,0x3f5f
  witness[13] tail=25 r61=17 gh60=0xb909f6e W1=0x3fdf,0xb74,0x3d34 W2=0x3eec,0x3d9f,0x3ef3
  witness[14] tail=25 r61=19 gh60=0x4a6456a W1=0x3262,0x54d,0x3a8f W2=0x316f,0x1f98,0x7ad
  witness[15] tail=25 r61=20 gh60=0xc89c4a6 W1=0x353c,0x34b,0x21c7 W2=0x3449,0x3f99,0x1908

Scan-only r61 registry
  registry_count=16 registry_cap=16
  r61_witness[00] r61=14 tail=27 gh60=0x4e08dea W1=0x6a1,0x3ad6,0x3138 W2=0x5ae,0x38a9,0x283f
  r61_witness[01] r61=14 tail=30 gh60=0x48844a6 W1=0x2b2c,0x2081,0x1553 W2=0x2a39,0x2edd,0x20cb
  r61_witness[02] r61=14 tail=33 gh60=0xc914b6a W1=0x94e,0x1f80,0x1289 W2=0x85b,0x15c8,0x9ae
  r61_witness[03] r61=14 tail=38 gh60=0x4e147ee W1=0x13a0,0x256f,0x241b W2=0x12ad,0x2c2e,0x33ea
  r61_witness[04] r61=14 tail=38 gh60=0x450457a W1=0x2cda,0x30db,0x1190 W2=0x2be7,0x1a04,0x36ff
  r61_witness[05] r61=15 tail=30 gh60=0xba05cfa W1=0x11a,0x182e,0x3055 W2=0x27,0x3aea,0x58f
  r61_witness[06] r61=15 tail=32 gh60=0x4d2859e W1=0x2cc7,0xe89,0x1dd W2=0x2bd4,0x1518,0x29d0
  r61_witness[07] r61=15 tail=34 gh60=0x3a0dbee W1=0x3da0,0x3d3a,0x3155 W2=0x3cad,0x34ba,0x3212
  r61_witness[08] r61=16 tail=30 gh60=0xcb9c4aa W1=0xd3e,0x1b48,0x2cd2 W2=0xc4b,0x2239,0x1b4b
  r61_witness[09] r61=16 tail=31 gh60=0x4b88baa W1=0x25bd,0x191d,0x1e8b W2=0x24ca,0x920,0x869
  r61_witness[10] r61=16 tail=32 gh60=0x49a84ba W1=0xaf5,0x173f,0x1504 W2=0xa02,0x3d,0x26ce
  r61_witness[11] r61=16 tail=33 gh60=0x4a04fe6 W1=0x179c,0x2aee,0x3e8 W2=0x16a9,0x1fa9,0x3e83
  r61_witness[12] r61=16 tail=33 gh60=0x451c56e W1=0x3c60,0x378f,0x1b6a W2=0x3b6d,0x31d6,0x34f6
  r61_witness[13] r61=16 tail=38 gh60=0xce1bb9a W1=0xd85,0x2b9e,0x7 W2=0xc92,0xe72,0x14a1
  r61_witness[14] r61=17 tail=21 gh60=0xc639ffa W1=0x3f99,0x2512,0x2b9d W2=0x3ea6,0x23a1,0x11f3
  r61_witness[15] r61=17 tail=25 gh60=0x5655d9e W1=0x68,0x6c6,0x3156 W2=0x3f75,0x793,0x8b

D60=0 fiber histogram: 1:7945 2:4694 3:1788 4:1096 5:416 6:231 7:83 8:75 9:23 10:15 11:10 12:5 14:4 15:1 16:2 21:1
