free_word_mitm_reducedn
N=14 mask=0x3fff msb=0x2000
candidate: M0=0x3d36 mode=random-fallback fill=0x3fff kernel=dM0=dM9=0x2000
prefixes=32768/268435456 mode=permuted-prefix-sample w59_per_prefix=16384 total=536870912
run_mode=scan registry_cap=16
sample_start=240254976
scan_elapsed=15.745s rate=34.10 Mtriples/s

D60 interface
  D60=0 matches: 32453 (random expectation 32768.0, enrichment 0.990x)
  prefixes with D60=0: 16474
  max D60=0 fiber per prefix: 17 at W57=0x27d1 W58=0x2197
  largest D60 bucket: D=0x2b7f count=33847
  min D60 HW: 0
  D60 HW histogram: 0:32453 1:456584 2:2977599 3:11908232 4:32770959 5:65593950 6:98415765 7:112474507 8:98429545 9:65604909 10:32809953 11:11930403 12:2976282 13:457232 14:32539

Tail closure among D60=0 matches
  final tail collisions: 0
  best r61 HW: 13
  best r61 W1[57..59]=0x1da1,0x1d0f,0xcca
  best r61 W2[57..59]=0x1cae,0x1cce,0x3905
  best tail HW: 18
  best tail r61 HW: 17
  best W1[57..59]=0x34aa,0x3fb6,0x1d14
  best W2[57..59]=0x33b7,0x3d66,0x1dde

SUMMARY N=14 sample_start=240254976 prefixes=32768 total=536870912 d0=32453 best_tail=18 tail_r61=17 best_r61=13 tail_W1=0x34aa,0x3fb6,0x1d14 tail_W2=0x33b7,0x3d66,0x1dde r61_W1=0x1da1,0x1d0f,0xcca r61_W2=0x1cae,0x1cce,0x3905

Scan-only witness registry
  registry_count=16 registry_cap=16
  witness[00] tail=18 r61=17 gh60=0x5b8459a W1=0x34aa,0x3fb6,0x1d14 W2=0x33b7,0x3d66,0x1dde
  witness[01] tail=24 r61=17 gh60=0x3a084ea W1=0x1411,0x3967,0x19da W2=0x131e,0x1171,0xa78
  witness[02] tail=24 r61=17 gh60=0x5b1cda6 W1=0x28c4,0x2845,0x2979 W2=0x27d1,0x3a2a,0xb4f
  witness[03] tail=24 r61=20 gh60=0xcd885a6 W1=0x2abb,0x3074,0x3d4f W2=0x29c8,0x397,0x1800
  witness[04] tail=24 r61=22 gh60=0xdd1cd6e W1=0x650,0x2c87,0x34a2 W2=0x55d,0x16bf,0x378a
  witness[05] tail=24 r61=23 gh60=0x5934b7a W1=0x35d6,0x3145,0x17fb W2=0x34e3,0x641,0xf1b
  witness[06] tail=25 r61=18 gh60=0xca1859a W1=0xa85,0x18fc,0x4e7 W2=0x992,0x56b,0x3526
  witness[07] tail=25 r61=20 gh60=0xf70876e W1=0x1b5f,0x31a1,0x127f W2=0x1a6c,0x35cf,0x2556
  witness[08] tail=25 r61=21 gh60=0xc974b7a W1=0x556,0x1129,0x39be W2=0x463,0xb2d,0xb2
  witness[09] tail=25 r61=21 gh60=0xba14fee W1=0x7a0,0x3f26,0x1169 W2=0x6ad,0x36ea,0x38f1
  witness[10] tail=25 r61=21 gh60=0xdb1456a W1=0x32de,0x351d,0x29f9 W2=0x31eb,0x71c,0x320a
  witness[11] tail=25 r61=22 gh60=0xbb15f6a W1=0x3fce,0x38cb,0x1366 W2=0x3edb,0x3ae7,0x36c
  witness[12] tail=25 r61=24 gh60=0x4ad7b9e W1=0xd68,0xf3e,0x1d47 W2=0xc75,0x35e7,0x3bf3
  witness[13] tail=25 r61=26 gh60=0xced7d9e W1=0x2e68,0x1362,0x14b9 W2=0x2d75,0x122b,0x639
  witness[14] tail=25 r61=27 gh60=0x4677fee W1=0x2fa0,0xabd,0x3e4b W2=0x2ead,0x3681,0x77b
  witness[15] tail=26 r61=19 gh60=0x4b985aa W1=0x481,0x8a5,0x1279 W2=0x38e,0x6bd,0x213c

Scan-only r61 registry
  registry_count=16 registry_cap=16
  r61_witness[00] r61=13 tail=31 gh60=0xca09bea W1=0x1da1,0x1d0f,0xcca W2=0x1cae,0x1cce,0x3905
  r61_witness[01] r61=14 tail=28 gh60=0x4a04ce6 W1=0x270c,0x29f2,0x3c4e W2=0x2619,0x3915,0xa55
  r61_witness[02] r61=14 tail=29 gh60=0xda084ea W1=0x511,0x1c91,0x13fd W2=0x41e,0x21c7,0x307c
  r61_witness[03] r61=15 tail=29 gh60=0x4b28f66 W1=0x753,0x29,0x204c W2=0x660,0x2c7b,0x13fc
  r61_witness[04] r61=15 tail=31 gh60=0x3e084e6 W1=0x341b,0x217f,0x849 W2=0x3328,0x2250,0x1101
  r61_witness[05] r61=15 tail=31 gh60=0x3909b6a W1=0x3d61,0x179d,0x35a8 W2=0x3c6e,0x12d0,0x2912
  r61_witness[06] r61=15 tail=35 gh60=0x39884aa W1=0xd2d,0x89f,0x3cb9 W2=0xc3a,0xe9b,0x3556
  r61_witness[07] r61=15 tail=37 gh60=0x4638de6 W1=0x69b,0x405,0x837 W2=0x5a8,0x1a33,0x11bc
  r61_witness[08] r61=16 tail=27 gh60=0x4588dae W1=0x6bf,0x2ceb,0x3e67 W2=0x5cc,0x1412,0x37fb
  r61_witness[09] r61=16 tail=27 gh60=0x478cbba W1=0x197a,0x1de5,0x299d W2=0x1887,0x1a71,0xf7c
  r61_witness[10] r61=16 tail=28 gh60=0x4638ca6 W1=0x2603,0x2f7f,0x21c1 W2=0x2510,0x1f3b,0x264
  r61_witness[11] r61=16 tail=30 gh60=0x4a1c5ea W1=0xa9e,0x221f,0x1c2d W2=0x9ab,0x2032,0x2271
  r61_witness[12] r61=16 tail=31 gh60=0x4a69dfa W1=0x95,0x1405,0x1c36 W2=0x3fa2,0x3ee0,0x2e47
  r61_witness[13] r61=16 tail=32 gh60=0x4914f6e W1=0x760,0x3baa,0x1db1 W2=0x66d,0x32de,0x35c6
  r61_witness[14] r61=16 tail=33 gh60=0x4a287a6 W1=0x383,0x261f,0x797 W2=0x290,0x1002,0x39f7
  r61_witness[15] r61=16 tail=35 gh60=0x4884cba W1=0x173a,0x19f6,0x3b3e W2=0x1647,0xdae,0x2e34

D60=0 fiber histogram: 1:8007 2:4746 3:1767 4:1088 5:397 6:238 7:93 8:76 9:28 10:17 11:10 12:2 13:2 14:1 16:1 17:1
