free_word_mitm_reducedn
N=14 mask=0x3fff msb=0x2000
candidate: M0=0x3d36 mode=random-fallback fill=0x3fff kernel=dM0=dM9=0x2000
prefixes=32768/268435456 mode=permuted-prefix-sample w59_per_prefix=16384 total=536870912
run_mode=scan registry_cap=16
sample_start=72482816
scan_elapsed=15.727s rate=34.14 Mtriples/s

D60 interface
  D60=0 matches: 32455 (random expectation 32768.0, enrichment 0.990x)
  prefixes with D60=0: 16476
  max D60=0 fiber per prefix: 16 at W57=0x342b W58=0x2a5e
  largest D60 bucket: D=0x54b count=33780
  min D60 HW: 0
  D60 HW histogram: 0:32455 1:457485 2:2975647 3:11895008 4:32746983 5:65548377 6:98377158 7:112502347 8:98455516 9:65666104 10:32813533 11:11928637 12:2980835 13:458259 14:32568

Tail closure among D60=0 matches
  final tail collisions: 0
  best r61 HW: 13
  best r61 W1[57..59]=0x3e0d,0x20a,0x2306
  best r61 W2[57..59]=0x3d1a,0xa4d,0xeda
  best tail HW: 18
  best tail r61 HW: 19
  best W1[57..59]=0x3735,0x170e,0x1ef1
  best W2[57..59]=0x3642,0xb0d,0x1017

SUMMARY N=14 sample_start=72482816 prefixes=32768 total=536870912 d0=32455 best_tail=18 tail_r61=19 best_r61=13 tail_W1=0x3735,0x170e,0x1ef1 tail_W2=0x3642,0xb0d,0x1017 r61_W1=0x3e0d,0x20a,0x2306 r61_W2=0x3d1a,0xa4d,0xeda

Scan-only witness registry
  registry_count=16 registry_cap=16
  witness[00] tail=18 r61=19 gh60=0x4998cba W1=0x3735,0x170e,0x1ef1 W2=0x3642,0xb0d,0x1017
  witness[01] tail=23 r61=23 gh60=0xf9f84e6 W1=0x3523,0x2228,0x11dc W2=0x3430,0x129b,0x18c8
  witness[02] tail=24 r61=22 gh60=0xbb95dae W1=0x20c0,0xb90,0x1c69 W2=0x1fcd,0x2f4c,0x2b68
  witness[03] tail=24 r61=22 gh60=0xca3bcea W1=0x2e1d,0x33e4,0x137 W2=0x2d2a,0x3113,0x1868
  witness[04] tail=25 r61=13 gh60=0xc609cea W1=0x3e0d,0x20a,0x2306 W2=0x3d1a,0xa4d,0xeda
  witness[05] tail=25 r61=15 gh60=0xcb0cd66 W1=0x65c,0x3229,0x7d4 W2=0x569,0xbc8,0x1c8
  witness[06] tail=25 r61=17 gh60=0x493c76a W1=0x234e,0x3870,0x249a W2=0x225b,0x3acf,0x174f
  witness[07] tail=25 r61=18 gh60=0xd9844ba W1=0x33a,0x2a35,0x16de W2=0x247,0x1168,0x2656
  witness[08] tail=25 r61=18 gh60=0x4b0bf6a W1=0xfdd,0x36bc,0x2211 W2=0xeea,0x13c7,0x350b
  witness[09] tail=25 r61=18 gh60=0x59987a6 W1=0x3b7b,0xa17,0x2887 W2=0x3a88,0x4ca,0x381b
  witness[10] tail=25 r61=20 gh60=0x449c4a6 W1=0x434,0x1a8,0x11a7 W2=0x341,0x1e14,0x1c86
  witness[11] tail=25 r61=23 gh60=0xc5e4ca6 W1=0x2904,0x1fd6,0x267c W2=0x2811,0x2a13,0x18f7
  witness[12] tail=25 r61=24 gh60=0xc79bbe6 W1=0x11a3,0x1a84,0x190d W2=0x10b0,0x8ec,0xdfd
  witness[13] tail=25 r61=27 gh60=0xcb544be W1=0x1b38,0x371e,0x129 W2=0x1a45,0x15c1,0x279a
  witness[14] tail=26 r61=19 gh60=0x4e9bfa6 W1=0xf7b,0x31d9,0x1ed2 W2=0xe88,0x313,0x3cf
  witness[15] tail=26 r61=20 gh60=0xd49c4aa W1=0x2a2e,0x29e6,0x3c90 W2=0x293b,0x2ca7,0x2c89

Scan-only r61 registry
  registry_count=16 registry_cap=16
  r61_witness[00] r61=13 tail=25 gh60=0xc609cea W1=0x3e0d,0x20a,0x2306 W2=0x3d1a,0xa4d,0xeda
  r61_witness[01] r61=14 tail=31 gh60=0xc88bfaa W1=0x2fb1,0x566,0x2eba W2=0x2ebe,0x307d,0x73c
  r61_witness[02] r61=14 tail=33 gh60=0x591bb66 W1=0xd4b,0x3ec9,0x277b W2=0xc58,0x3525,0x244a
  r61_witness[03] r61=14 tail=34 gh60=0xc908f6a W1=0x17cd,0x336a,0x1f38 W2=0x16da,0x2a89,0x13c3
  r61_witness[04] r61=15 tail=25 gh60=0xcb0cd66 W1=0x65c,0x3229,0x7d4 W2=0x569,0xbc8,0x1c8
  r61_witness[05] r61=15 tail=27 gh60=0xf89bbae W1=0x2daf,0x1d74,0x619 W2=0x2cbc,0x98b,0x2fe8
  r61_witness[06] r61=15 tail=30 gh60=0x460fce6 W1=0x2f1c,0x5e,0x246b W2=0x2e29,0x396f,0x20e1
  r61_witness[07] r61=15 tail=34 gh60=0x49244a6 W1=0x344,0x1443,0x190b W2=0x251,0x3bf,0x351f
  r61_witness[08] r61=16 tail=30 gh60=0x4e884a6 W1=0x2cfb,0x2c63,0x65 W2=0x2c08,0x2a2e,0x1d41
  r61_witness[09] r61=16 tail=31 gh60=0x450856a W1=0x144d,0x2dbb,0xf72 W2=0x135a,0xd41,0x3291
  r61_witness[10] r61=16 tail=32 gh60=0xcb6df7e W1=0x3fd8,0x1ad9,0x296f W2=0x3ee5,0xd19,0x3648
  r61_witness[11] r61=16 tail=33 gh60=0xc609fea W1=0x1f9d,0x1245,0x1691 W2=0x1eaa,0xc0,0x2e66
  r61_witness[12] r61=16 tail=34 gh60=0x4aa44a6 W1=0x32f4,0x24cd,0x3c3 W2=0x3201,0x24b9,0x1e8c
  r61_witness[13] r61=16 tail=34 gh60=0x4a044e6 W1=0x3d0c,0xa26,0x34d1 W2=0x3c19,0x60e,0x379a
  r61_witness[14] r61=16 tail=38 gh60=0x451849a W1=0x2445,0x25b,0x307d W2=0x2352,0x2864,0x2c9e
  r61_witness[15] r61=16 tail=39 gh60=0x491876a W1=0x3be1,0xe4c,0x2833 W2=0x3aee,0x209a,0x34d6

D60=0 fiber histogram: 1:8044 2:4680 3:1805 4:1082 5:408 6:230 7:87 8:69 9:34 10:20 11:3 12:6 13:3 14:1 15:1 16:3
