free_word_mitm_reducedn
N=14 mask=0x3fff msb=0x2000
candidate: M0=0x3d36 mode=random-fallback fill=0x3fff kernel=dM0=dM9=0x2000
prefixes=32768/268435456 mode=permuted-prefix-sample w59_per_prefix=16384 total=536870912
run_mode=scan registry_cap=16
sample_start=181534720
scan_elapsed=15.544s rate=34.54 Mtriples/s

D60 interface
  D60=0 matches: 32719 (random expectation 32768.0, enrichment 0.999x)
  prefixes with D60=0: 16717
  max D60=0 fiber per prefix: 18 at W57=0x2306 W58=0x1850
  largest D60 bucket: D=0x2ecf count=33787
  min D60 HW: 0
  D60 HW histogram: 0:32719 1:458796 2:2981707 3:11927813 4:32798966 5:65602715 6:98419772 7:112478692 8:98410798 9:65597202 10:32784920 11:11911957 12:2976356 13:456050 14:32449

Tail closure among D60=0 matches
  final tail collisions: 0
  best r61 HW: 15
  best r61 W1[57..59]=0x748,0x23c,0x396e
  best r61 W2[57..59]=0x655,0xf73,0x3c2a
  best tail HW: 20
  best tail r61 HW: 18
  best W1[57..59]=0x3fdb,0x1622,0x3d1b
  best W2[57..59]=0x3ee8,0x37ca,0x1e43

SUMMARY N=14 sample_start=181534720 prefixes=32768 total=536870912 d0=32719 best_tail=20 tail_r61=18 best_r61=15 tail_W1=0x3fdb,0x1622,0x3d1b tail_W2=0x3ee8,0x37ca,0x1e43 r61_W1=0x748,0x23c,0x396e r61_W2=0x655,0xf73,0x3c2a

Scan-only witness registry
  registry_count=16 registry_cap=16
  witness[00] tail=20 r61=18 gh60=0x5909f66 W1=0x3fdb,0x1622,0x3d1b W2=0x3ee8,0x37ca,0x1e43
  witness[01] tail=21 r61=17 gh60=0x4adbc9a W1=0x3049,0x5b7,0x62 W2=0x2f56,0x1e87,0xec
  witness[02] tail=23 r61=20 gh60=0xdf08d6a W1=0x185d,0x256b,0x22a4 W2=0x176a,0x1a6,0x224a
  witness[03] tail=23 r61=21 gh60=0xc95449a W1=0x1526,0x1b7c,0x19ff W2=0x1433,0x1110,0x1e6c
  witness[04] tail=24 r61=17 gh60=0x3ba4b66 W1=0x1564,0x3779,0x17e5 W2=0x1471,0xd74,0x529
  witness[05] tail=24 r61=18 gh60=0xc6645aa W1=0xc72,0x111d,0xec1 W2=0xb7f,0x1fba,0x26f1
  witness[06] tail=24 r61=20 gh60=0x4ae8cfa W1=0x2815,0x3a7a,0x15e4 W2=0x2722,0x1abd,0x22da
  witness[07] tail=24 r61=24 gh60=0xdae44aa W1=0x1af2,0x2ed1,0x3352 W2=0x19ff,0x716,0xc05
  witness[08] tail=24 r61=28 gh60=0xdf0876a W1=0x3d1,0x30e6,0xdb5 W2=0x2de,0x3944,0x14fd
  witness[09] tail=25 r61=18 gh60=0x4bec7fa W1=0xb96,0x37d4,0x6ed W2=0xaa3,0x3b25,0x1783
  witness[10] tail=25 r61=20 gh60=0x44985ae W1=0x4af,0x31ae,0x24c W2=0x3bc,0x1666,0x1034
  witness[11] tail=25 r61=20 gh60=0x3d885a6 W1=0x14bb,0x1a6a,0x22b7 W2=0x13c8,0x208f,0x7ca
  witness[12] tail=25 r61=20 gh60=0x4ae8cfa W1=0x3615,0x190c,0x2091 W2=0x3522,0x134f,0x1127
  witness[13] tail=25 r61=22 gh60=0x56644aa W1=0x2af2,0x11c1,0x802 W2=0x29ff,0x1906,0x2010
  witness[14] tail=25 r61=23 gh60=0xb8a8bba W1=0x19b5,0x3e84,0x3c45 W2=0x18c2,0x3adb,0x21f3
  witness[15] tail=25 r61=24 gh60=0x4a3c4ea W1=0x512,0x2470,0x2d2f W2=0x41f,0x2dbb,0x2404

Scan-only r61 registry
  registry_count=16 registry_cap=16
  r61_witness[00] r61=15 tail=29 gh60=0xcfd4c9e W1=0x748,0x23c,0x396e W2=0x655,0xf73,0x3c2a
  r61_witness[01] r61=15 tail=34 gh60=0x4619dea W1=0x3ea1,0x3748,0xde7 W2=0x3dae,0x3797,0x3e7f
  r61_witness[02] r61=15 tail=35 gh60=0xc918c9a W1=0x745,0x2cde,0x378e W2=0x652,0x1230,0xf7b
  r61_witness[03] r61=16 tail=31 gh60=0x449bcaa W1=0xe2d,0x24ce,0x176c W2=0xd3a,0x1b89,0x174a
  r61_witness[04] r61=16 tail=31 gh60=0xc8884ae W1=0x2d2f,0x43d,0x2803 W2=0x2c3c,0x205d,0x2a91
  r61_witness[05] r61=16 tail=31 gh60=0xc90cf6e W1=0x37e0,0x39b1,0x20ed W2=0x36ed,0x3de1,0x3337
  r61_witness[06] r61=16 tail=32 gh60=0x49a8d66 W1=0x16e3,0x700,0x3996 W2=0x15f0,0xe72,0x3af6
  r61_witness[07] r61=16 tail=34 gh60=0x4a084e6 W1=0x330b,0x2c5c,0x1747 W2=0x3218,0x2031,0x2b5d
  r61_witness[08] r61=16 tail=37 gh60=0x4a0bcee W1=0xe1f,0x3398,0x36bd W2=0xd2c,0x16f3,0x3fa9
  r61_witness[09] r61=16 tail=38 gh60=0x4484da6 W1=0x26bc,0x2f97,0x24bd W2=0x25c9,0x74c,0xca3
  r61_witness[10] r61=16 tail=41 gh60=0x7a0c4ee W1=0xa10,0xbc7,0x3ae3 W2=0x91d,0x28de,0x27e0
  r61_witness[11] r61=17 tail=21 gh60=0x4adbc9a W1=0x3049,0x5b7,0x62 W2=0x2f56,0x1e87,0xec
  r61_witness[12] r61=17 tail=24 gh60=0x3ba4b66 W1=0x1564,0x3779,0x17e5 W2=0x1471,0xd74,0x529
  r61_witness[13] r61=17 tail=27 gh60=0x4a085ea W1=0xa8d,0x3976,0x373 W2=0x99a,0x290,0x284c
  r61_witness[14] r61=17 tail=27 gh60=0x46d45fa W1=0x1496,0x790,0x73a W2=0x13a3,0x32b1,0x18dc
  r61_witness[15] r61=17 tail=27 gh60=0x4aa8b9e W1=0x2967,0x30ad,0x1c40 W2=0x2874,0x263f,0x2da1

D60=0 fiber histogram: 1:8141 2:4836 3:1850 4:1080 5:365 6:215 7:71 8:89 9:39 10:11 11:8 12:6 13:1 14:1 15:2 16:1 18:1
