free_word_mitm_reducedn
N=14 mask=0x3fff msb=0x2000
candidate: M0=0x3d36 mode=random-fallback fill=0x3fff kernel=dM0=dM9=0x2000
prefixes=32768/268435456 mode=permuted-prefix-sample w59_per_prefix=16384 total=536870912
run_mode=scan registry_cap=16
sample_start=193593344
scan_elapsed=19.174s rate=28.00 Mtriples/s

D60 interface
  D60=0 matches: 32625 (random expectation 32768.0, enrichment 0.996x)
  prefixes with D60=0: 16483
  max D60=0 fiber per prefix: 12 at W57=0x153 W58=0xd5a
  largest D60 bucket: D=0x2ab1 count=33899
  min D60 HW: 0
  D60 HW histogram: 0:32625 1:456774 2:2974645 3:11915876 4:32806066 5:65655028 6:98503641 7:112526305 8:98406560 9:65536480 10:32715655 11:11880504 12:2972055 13:456349 14:32349

Tail closure among D60=0 matches
  final tail collisions: 0
  best r61 HW: 15
  best r61 W1[57..59]=0x29f3,0x3dbc,0x1e5e
  best r61 W2[57..59]=0x2900,0x28a9,0x13c1
  best tail HW: 17
  best tail r61 HW: 22
  best W1[57..59]=0x18f9,0x3f6e,0x2e92
  best W2[57..59]=0x1806,0x31ad,0x268a

SUMMARY N=14 sample_start=193593344 prefixes=32768 total=536870912 d0=32625 best_tail=17 tail_r61=22 best_r61=15 tail_W1=0x18f9,0x3f6e,0x2e92 tail_W2=0x1806,0x31ad,0x268a r61_W1=0x29f3,0x3dbc,0x1e5e r61_W2=0x2900,0x28a9,0x13c1

Scan-only witness registry
  registry_count=16 registry_cap=16
  witness[00] tail=17 r61=22 gh60=0xf9f8cba W1=0x18f9,0x3f6e,0x2e92 W2=0x1806,0x31ad,0x268a
  witness[01] tail=21 r61=22 gh60=0xf65c59e W1=0x3268,0x2e93,0x385d W2=0x3175,0x363,0x377e
  witness[02] tail=22 r61=20 gh60=0xfa35c9e W1=0x3e08,0x2b63,0x10fa W2=0x3d15,0x2898,0x2ed
  witness[03] tail=24 r61=20 gh60=0x3fa84ba W1=0x2af9,0x22d1,0x3023 W2=0x2a06,0xa13,0xf26
  witness[04] tail=24 r61=22 gh60=0xca087ea W1=0x39d,0x376c,0x484 W2=0x2aa,0x292a,0x2be8
  witness[05] tail=25 r61=15 gh60=0x4aa84a6 W1=0x29f3,0x3dbc,0x1e5e W2=0x2900,0x28a9,0x13c1
  witness[06] tail=25 r61=16 gh60=0xb895caa W1=0x1f2e,0x342c,0x1429 W2=0x1e3b,0x3a2c,0x1f8
  witness[07] tail=25 r61=17 gh60=0xda084e6 W1=0x240b,0xbe6,0xa24 W2=0x2318,0x36c7,0xd96
  witness[08] tail=25 r61=19 gh60=0xb978f66 W1=0x275b,0x22e3,0x3901 W2=0x2668,0x609,0x269f
  witness[09] tail=25 r61=20 gh60=0xd958b9a W1=0x25a9,0xb61,0x2e2 W2=0x24b6,0xbc7,0x2bbb
  witness[10] tail=25 r61=24 gh60=0x3ee8b66 W1=0x2553,0x1035,0xed3 W2=0x2460,0x161f,0x16ff
  witness[11] tail=25 r61=25 gh60=0xcd2859a W1=0x2ac5,0x2cf7,0x11b2 W2=0x29d2,0x18e2,0x2b03
  witness[12] tail=26 r61=15 gh60=0x4e084ee W1=0xc0f,0x1abb,0x2a4f W2=0xb1c,0x561,0x1757
  witness[13] tail=26 r61=17 gh60=0xb4884aa W1=0x223d,0x15e3,0x2b83 W2=0x214a,0x1b0f,0x2fe9
  witness[14] tail=26 r61=18 gh60=0xd6987a6 W1=0x137b,0x150a,0x183f W2=0x1288,0x103f,0x216b
  witness[15] tail=26 r61=18 gh60=0x4c98da6 W1=0x36ab,0xc3e,0x2e31 W2=0x35b8,0x33f2,0x25d2

Scan-only r61 registry
  registry_count=16 registry_cap=16
  r61_witness[00] r61=15 tail=25 gh60=0x4aa84a6 W1=0x29f3,0x3dbc,0x1e5e W2=0x2900,0x28a9,0x13c1
  r61_witness[01] r61=15 tail=26 gh60=0x4e084ee W1=0xc0f,0x1abb,0x2a4f W2=0xb1c,0x561,0x1757
  r61_witness[02] r61=15 tail=29 gh60=0xb6945ae W1=0xa80,0x3a55,0x2693 W2=0x98d,0x207e,0x41e
  r61_witness[03] r61=15 tail=29 gh60=0x4528566 W1=0xc53,0x2174,0x334d W2=0xb60,0x3bd5,0x39ae
  r61_witness[04] r61=15 tail=33 gh60=0x49684ba W1=0x2535,0x120b,0x29e4 W2=0x2442,0x3885,0x1d72
  r61_witness[05] r61=16 tail=25 gh60=0xb895caa W1=0x1f2e,0x342c,0x1429 W2=0x1e3b,0x3a2c,0x1f8
  r61_witness[06] r61=16 tail=31 gh60=0x7888faa W1=0x7c1,0x2523,0x3968 W2=0x6ce,0x222a,0x37c3
  r61_witness[07] r61=16 tail=32 gh60=0x4a184ee W1=0x240f,0xf23,0x2a13 W2=0x231c,0x3a49,0xb62
  r61_witness[08] r61=16 tail=33 gh60=0x49884a6 W1=0x3aeb,0x1876,0x10e8 W2=0x39f8,0xa51,0x463
  r61_witness[09] r61=16 tail=36 gh60=0x4885ca6 W1=0x13c,0x23e0,0xeef W2=0x49,0xfef,0xd85
  r61_witness[10] r61=16 tail=36 gh60=0x5905f66 W1=0x3f4c,0x2c75,0x37bf W2=0x3e59,0x1636,0x1210
  r61_witness[11] r61=16 tail=39 gh60=0x4a04bfa W1=0x59a,0x2a57,0x2719 W2=0x4a7,0x1d1b,0x1638
  r61_witness[12] r61=17 tail=25 gh60=0xda084e6 W1=0x240b,0xbe6,0xa24 W2=0x2318,0x36c7,0xd96
  r61_witness[13] r61=17 tail=26 gh60=0xb4884aa W1=0x223d,0x15e3,0x2b83 W2=0x214a,0x1b0f,0x2fe9
  r61_witness[14] r61=17 tail=27 gh60=0x4a047e6 W1=0x39c,0x98d,0x2177 W2=0x2a9,0x37cb,0x3706
  r61_witness[15] r61=17 tail=27 gh60=0x49efda6 W1=0x2e84,0x458,0x2d6d W2=0x2d91,0x322b,0xbb

D60=0 fiber histogram: 1:7972 2:4767 3:1715 4:1131 5:436 6:222 7:101 8:75 9:31 10:18 11:8 12:7
