free_word_mitm_reducedn
N=14 mask=0x3fff msb=0x2000
candidate: M0=0x3d36 mode=random-fallback fill=0x3fff kernel=dM0=dM9=0x2000
prefixes=32768/268435456 mode=permuted-prefix-sample w59_per_prefix=16384 total=536870912
run_mode=scan registry_cap=64
sample_start=1114112
scan_elapsed=17.201s rate=31.21 Mtriples/s

D60 interface
  D60=0 matches: 32752 (random expectation 32768.0, enrichment 1.000x)
  prefixes with D60=0: 16565
  max D60=0 fiber per prefix: 18 at W57=0x3dbd W58=0x1c46
  largest D60 bucket: D=0x24c count=33837
  min D60 HW: 0
  D60 HW histogram: 0:32752 1:458480 2:2978270 3:11925880 4:32815463 5:65671016 6:98505256 7:112523121 8:98388258 9:65510619 10:32715619 11:11885695 12:2970447 13:457478 14:32558

Tail closure among D60=0 matches
  final tail collisions: 0
  best r61 HW: 13
  best r61 W1[57..59]=0x581,0x2d80,0x2924
  best r61 W2[57..59]=0x48e,0x2e37,0x2c95
  best tail HW: 21
  best tail r61 HW: 16
  best W1[57..59]=0x2e3,0x2bd6,0x4c3
  best W2[57..59]=0x1f0,0x243d,0x1aca

SUMMARY N=14 sample_start=1114112 prefixes=32768 total=536870912 d0=32752 best_tail=21 tail_r61=16 best_r61=13 tail_W1=0x2e3,0x2bd6,0x4c3 tail_W2=0x1f0,0x243d,0x1aca r61_W1=0x581,0x2d80,0x2924 r61_W2=0x48e,0x2e37,0x2c95

Scan-only witness registry
  registry_count=64 registry_cap=64
  witness[00] tail=21 r61=16 gh60=0x4aa8566 W1=0x2e3,0x2bd6,0x4c3 W2=0x1f0,0x243d,0x1aca
  witness[01] tail=21 r61=21 gh60=0x5a64cea W1=0x3912,0x16d2,0x2750 W2=0x381f,0x26a2,0x2e34
  witness[02] tail=22 r61=19 gh60=0x4704f66 W1=0x375c,0x3ffe,0x9c1 W2=0x3669,0x3c31,0x2cc
  witness[03] tail=22 r61=21 gh60=0x49a84ba W1=0xd35,0x2dda,0x2262 W2=0xc42,0x14d4,0x1775
  witness[04] tail=23 r61=17 gh60=0x49984aa W1=0x22f1,0x172b,0x3dd9 W2=0x21fe,0x1feb,0x1c86
  witness[05] tail=23 r61=18 gh60=0x4b1bf7a W1=0x2f55,0x1200,0x2dfe W2=0x2e62,0x301b,0x1d33
  witness[06] tail=23 r61=24 gh60=0x57984a6 W1=0x132b,0x10e6,0x972 W2=0x1238,0x243,0xd68
  witness[07] tail=24 r61=16 gh60=0x591bb7a W1=0xd55,0x1383,0x227c W2=0xc62,0x327e,0x3e54
  witness[08] tail=24 r61=19 gh60=0xca15cea W1=0x1f1e,0x2f99,0x595 W2=0x1e2b,0x3411,0x1d88
  witness[09] tail=24 r61=20 gh60=0x4fd8b7a W1=0x3959,0x2efe,0x9ff W2=0x3866,0x3501,0x3b7a
  witness[10] tail=24 r61=25 gh60=0xce5bd9e W1=0xe67,0x24f,0x2a5e W2=0xd74,0x3527,0x2106
  witness[11] tail=24 r61=25 gh60=0x4614cea W1=0x161e,0x1bf2,0x205c W2=0x152b,0x329a,0x36ff
  witness[12] tail=24 r61=26 gh60=0xc5d459a W1=0x24a6,0x20,0x239 W2=0x23b3,0x1dd8,0x2bf
  witness[13] tail=25 r61=17 gh60=0x58987a6 W1=0x23ab,0x36e3,0x2f69 W2=0x22b8,0x21b8,0x2c86
  witness[14] tail=25 r61=20 gh60=0x4905b66 W1=0x3ddc,0x84f,0x2ceb W2=0x3ce9,0xb98,0x1d80
  witness[15] tail=25 r61=21 gh60=0xc51bca6 W1=0x2e43,0x1f49,0x167e W2=0x2d50,0x3c87,0x1d8d

Scan-only r61 registry
  registry_count=64 registry_cap=64
  r61_witness[00] r61=13 tail=28 gh60=0x4a88baa W1=0x581,0x2d80,0x2924 W2=0x48e,0x2e37,0x2c95
  r61_witness[01] r61=15 tail=33 gh60=0x4a0c7fa W1=0x39a,0x3245,0x3df9 W2=0x2a7,0x278a,0xbe1
  r61_witness[02] r61=15 tail=37 gh60=0xb727d66 W1=0x30d4,0x2572,0x23cf W2=0x2fe1,0x282f,0x2306
  r61_witness[03] r61=15 tail=39 gh60=0x4608de6 W1=0x369b,0xb96,0x3787 W2=0x35a8,0x36c0,0x30ae
  r61_witness[04] r61=16 tail=21 gh60=0x4aa8566 W1=0x2e3,0x2bd6,0x4c3 W2=0x1f0,0x243d,0x1aca
  r61_witness[05] r61=16 tail=24 gh60=0x591bb7a W1=0xd55,0x1383,0x227c W2=0xc62,0x327e,0x3e54
  r61_witness[06] r61=16 tail=26 gh60=0xcb8cca6 W1=0x35ec,0x7b6,0x1f0 W2=0x34f9,0x37d3,0x11e3
  r61_witness[07] r61=16 tail=27 gh60=0xc99c7a6 W1=0x2374,0x2f96,0xf59 W2=0x2281,0x1a7a,0x368c
  r61_witness[08] r61=16 tail=29 gh60=0x453856e W1=0x14df,0xbfc,0x1176 W2=0x13ec,0x2a2,0x86d
  r61_witness[09] r61=16 tail=30 gh60=0x48a8cba W1=0x3935,0x618,0xe78 W2=0x3842,0x3817,0x1941
  r61_witness[10] r61=16 tail=32 gh60=0x4607fe6 W1=0x2f8c,0x194d,0x1a96 W2=0x2e99,0x349e,0x3131
  r61_witness[11] r61=16 tail=33 gh60=0x4a04d9a W1=0x88a,0x303c,0x3781 W2=0x797,0x1bd3,0x8a
  r61_witness[12] r61=16 tail=33 gh60=0x4908b66 W1=0x295b,0x2fa2,0x70f W2=0x2868,0x3168,0x14a8
  r61_witness[13] r61=16 tail=35 gh60=0x4708f6e W1=0x75f,0x2c8c,0x334c W2=0x66c,0x27bf,0xb03
  r61_witness[14] r61=17 tail=23 gh60=0x49984aa W1=0x22f1,0x172b,0x3dd9 W2=0x21fe,0x1feb,0x1c86
  r61_witness[15] r61=17 tail=25 gh60=0x58987a6 W1=0x23ab,0x36e3,0x2f69 W2=0x22b8,0x21b8,0x2c86

D60=0 fiber histogram: 1:8014 2:4776 3:1810 4:1130 5:395 6:203 7:81 8:73 9:35 10:19 11:6 12:7 13:4 14:5 15:1 16:3 17:2 18:1
