free_word_mitm_reducedn
N=14 mask=0x3fff msb=0x2000
candidate: M0=0x3d36 mode=random-fallback fill=0x3fff kernel=dM0=dM9=0x2000
prefixes=32768/268435456 mode=permuted-prefix-sample w59_per_prefix=16384 total=536870912
run_mode=scan registry_cap=16
sample_start=154206208
scan_elapsed=18.883s rate=28.43 Mtriples/s

D60 interface
  D60=0 matches: 32324 (random expectation 32768.0, enrichment 0.986x)
  prefixes with D60=0: 16411
  max D60=0 fiber per prefix: 38 at W57=0x113d W58=0x366
  largest D60 bucket: D=0x1699 count=33967
  min D60 HW: 0
  D60 HW histogram: 0:32324 1:454354 2:2968469 3:11910098 4:32789531 5:65624492 6:98485590 7:112548170 8:98425222 9:65548003 10:32736789 11:11891106 12:2968476 13:455973 14:32315

Tail closure among D60=0 matches
  final tail collisions: 0
  best r61 HW: 13
  best r61 W1[57..59]=0x9a4,0x27ed,0x226
  best r61 W2[57..59]=0x8b1,0x2ddc,0x21de
  best tail HW: 22
  best tail r61 HW: 23
  best W1[57..59]=0x23c6,0x1e2f,0x30ed
  best W2[57..59]=0x22d3,0x204d,0x1b5e

SUMMARY N=14 sample_start=154206208 prefixes=32768 total=536870912 d0=32324 best_tail=22 tail_r61=23 best_r61=13 tail_W1=0x23c6,0x1e2f,0x30ed tail_W2=0x22d3,0x204d,0x1b5e r61_W1=0x9a4,0x27ed,0x226 r61_W2=0x8b1,0x2ddc,0x21de

Scan-only witness registry
  registry_count=16 registry_cap=16
  witness[00] tail=22 r61=23 gh60=0xcff479a W1=0x23c6,0x1e2f,0x30ed W2=0x22d3,0x204d,0x1b5e
  witness[01] tail=23 r61=26 gh60=0xfa384fa W1=0x3219,0x1ea4,0xe86 W2=0x3126,0x162c,0x167f
  witness[02] tail=24 r61=16 gh60=0x4618be6 W1=0x99b,0x2fa9,0xe61 W2=0x8a8,0x31e7,0x2a41
  witness[03] tail=24 r61=20 gh60=0x451456e W1=0x2ce0,0x28d8,0x523 W2=0x2bed,0x11fb,0x2d7a
  witness[04] tail=24 r61=23 gh60=0x77f7b9a W1=0x2dc6,0x3405,0x23d4 W2=0x2cd3,0x1e5e,0x3a6
  witness[05] tail=25 r61=17 gh60=0xc899ba6 W1=0x3db3,0x2ccd,0x1d3c W2=0x3cc0,0x332f,0x3170
  witness[06] tail=25 r61=21 gh60=0xcb985a6 W1=0xcb3,0x9a4,0x174a W2=0xbc0,0x1fe9,0x1f88
  witness[07] tail=25 r61=21 gh60=0xcb0bd6a W1=0x30dd,0x2021,0x28 W2=0x2fea,0x1afc,0x1bd7
  witness[08] tail=25 r61=23 gh60=0xda28dfa W1=0x895,0x2be,0x1f86 W2=0x7a2,0x2b19,0xea3
  witness[09] tail=25 r61=24 gh60=0xca8479a W1=0x1b6a,0x2ea5,0xb60 W2=0x1a77,0x30ff,0x768
  witness[10] tail=25 r61=28 gh60=0xbc8c5a6 W1=0xaac,0x3096,0x2dc8 W2=0x9b9,0x4da,0x251c
  witness[11] tail=26 r61=13 gh60=0xb8a4be6 W1=0x9a4,0x27ed,0x226 W2=0x8b1,0x2ddc,0x21de
  witness[12] tail=26 r61=15 gh60=0x548ccba W1=0x83a,0x1a61,0x1c3 W2=0x747,0x3c55,0x207e
  witness[13] tail=26 r61=15 gh60=0xda087ea W1=0xb9d,0x179b,0x1f89 W2=0xaaa,0x759,0x6a1
  witness[14] tail=26 r61=16 gh60=0x7a0dbee W1=0x190,0x644,0x1720 W2=0x9d,0x39d4,0x3545
  witness[15] tail=26 r61=18 gh60=0xd60c4ee W1=0x1d20,0xd4f,0x3dc W2=0x1c2d,0x9e6,0x23a8

Scan-only r61 registry
  registry_count=16 registry_cap=16
  r61_witness[00] r61=13 tail=26 gh60=0xb8a4be6 W1=0x9a4,0x27ed,0x226 W2=0x8b1,0x2ddc,0x21de
  r61_witness[01] r61=14 tail=31 gh60=0xc888cae W1=0x373f,0x2a48,0x10a3 W2=0x364c,0x1697,0x3bb4
  r61_witness[02] r61=14 tail=39 gh60=0x460c4ee W1=0x2420,0x14c2,0x119a W2=0x232d,0x34cd,0x842
  r61_witness[03] r61=15 tail=26 gh60=0x548ccba W1=0x83a,0x1a61,0x1c3 W2=0x747,0x3c55,0x207e
  r61_witness[04] r61=15 tail=26 gh60=0xda087ea W1=0xb9d,0x179b,0x1f89 W2=0xaaa,0x759,0x6a1
  r61_witness[05] r61=15 tail=29 gh60=0x4a09bea W1=0x1d91,0x2971,0x321b W2=0x1c9e,0x2a40,0x31d2
  r61_witness[06] r61=15 tail=33 gh60=0xb51456e W1=0x1ae0,0x960,0x946 W2=0x19ed,0x427,0x4
  r61_witness[07] r61=15 tail=34 gh60=0x4908b6a W1=0x9e1,0x160b,0x2307 W2=0x8ee,0x17f6,0x26cf
  r61_witness[08] r61=16 tail=24 gh60=0x4618be6 W1=0x99b,0x2fa9,0xe61 W2=0x8a8,0x31e7,0x2a41
  r61_witness[09] r61=16 tail=26 gh60=0x7a0dbee W1=0x190,0x644,0x1720 W2=0x9d,0x39d4,0x3545
  r61_witness[10] r61=16 tail=27 gh60=0x4a0c4ee W1=0xa10,0x12f3,0x2483 W2=0x91d,0x300a,0x31ab
  r61_witness[11] r61=16 tail=28 gh60=0x460c4ee W1=0x2420,0x14c2,0x29b8 W2=0x232d,0x34cd,0x2060
  r61_witness[12] r61=16 tail=31 gh60=0x4e2cf9e W1=0x2788,0x703,0x3aea W2=0x2695,0x3d2e,0x2dcd
  r61_witness[13] r61=16 tail=31 gh60=0x4e14cea W1=0x281e,0x1c0,0x1eb W2=0x272b,0x56c,0x64a
  r61_witness[14] r61=16 tail=32 gh60=0x4987fa6 W1=0xf6c,0x3bf0,0x390 W2=0xe79,0x1147,0xd84
  r61_witness[15] r61=16 tail=32 gh60=0xcc8ccaa W1=0x282e,0xeb4,0x207c W2=0x273b,0x10f4,0x2425

D60=0 fiber histogram: 1:7982 2:4748 3:1770 4:1061 5:405 6:216 7:90 8:69 9:24 10:20 11:7 12:3 13:2 14:6 15:2 16:3 17:2 38:1
