free_word_mitm_reducedn
N=14 mask=0x3fff msb=0x2000
candidate: M0=0x3d36 mode=random-fallback fill=0x3fff kernel=dM0=dM9=0x2000
prefixes=32768/268435456 mode=permuted-prefix-sample w59_per_prefix=16384 total=536870912
run_mode=scan registry_cap=16
sample_start=191594496
scan_elapsed=20.056s rate=26.77 Mtriples/s

D60 interface
  D60=0 matches: 32404 (random expectation 32768.0, enrichment 0.989x)
  prefixes with D60=0: 16480
  max D60=0 fiber per prefix: 18 at W57=0xaf7 W58=0x1f31
  largest D60 bucket: D=0x10aa count=33759
  min D60 HW: 0
  D60 HW histogram: 0:32404 1:457375 2:2972811 3:11911839 4:32815135 5:65629172 6:98430507 7:112485848 8:98408892 9:65594041 10:32760697 11:11908738 12:2974013 13:456547 14:32893

Tail closure among D60=0 matches
  final tail collisions: 0
  best r61 HW: 15
  best r61 W1[57..59]=0x3094,0x3b7e,0x554
  best r61 W2[57..59]=0x2fa1,0x2cf,0x154e
  best tail HW: 23
  best tail r61 HW: 18
  best W1[57..59]=0x3e07,0x1797,0x3cd9
  best W2[57..59]=0x3d14,0x28cb,0x104e

SUMMARY N=14 sample_start=191594496 prefixes=32768 total=536870912 d0=32404 best_tail=23 tail_r61=18 best_r61=15 tail_W1=0x3e07,0x1797,0x3cd9 tail_W2=0x3d14,0x28cb,0x104e r61_W1=0x3094,0x3b7e,0x554 r61_W2=0x2fa1,0x2cf,0x154e

Scan-only witness registry
  registry_count=16 registry_cap=16
  witness[00] tail=23 r61=18 gh60=0x4a59c9e W1=0x3e07,0x1797,0x3cd9 W2=0x3d14,0x28cb,0x104e
  witness[01] tail=23 r61=23 gh60=0x4ebc4aa W1=0x2bf2,0x2e4e,0xbd8 W2=0x2aff,0x32d3,0x1896
  witness[02] tail=23 r61=23 gh60=0x4a9bca6 W1=0x2ff3,0x24e9,0x2c48 W2=0x2f00,0x1817,0x928
  witness[03] tail=24 r61=21 gh60=0xc9d8b7a W1=0x39d9,0x3fd2,0x297b W2=0x38e6,0xdcd,0x31ce
  witness[04] tail=24 r61=22 gh60=0x7a04ce6 W1=0x71c,0x2d3a,0xec8 W2=0x629,0x3b51,0x1cf0
  witness[05] tail=25 r61=17 gh60=0xde37c9a W1=0xe06,0x4d3,0x11f3 W2=0xd13,0x1be4,0x3e43
  witness[06] tail=25 r61=18 gh60=0xc5e84a6 W1=0x2c33,0x1bbe,0x3722 W2=0x2b40,0x282b,0x2e5
  witness[07] tail=25 r61=18 gh60=0x4c984ae W1=0x323f,0x367a,0x2a0b W2=0x314c,0x308a,0x1d93
  witness[08] tail=25 r61=19 gh60=0x4908b6a W1=0x195d,0x1f8,0x2daa W2=0x186a,0x23,0x2339
  witness[09] tail=25 r61=20 gh60=0x4654cba W1=0x16f6,0x3b0,0x1209 W2=0x1603,0x3830,0x36c4
  witness[10] tail=25 r61=21 gh60=0x5aec59a W1=0xc86,0x3f97,0x18e6 W2=0xb93,0x1e7b,0x376
  witness[11] tail=25 r61=21 gh60=0x461db9a W1=0x218a,0x2cc4,0x239b W2=0x2097,0x18a5,0x641
  witness[12] tail=25 r61=22 gh60=0xc964b6a W1=0x2552,0x54,0x2987 W2=0x245f,0x3298,0x208b
  witness[13] tail=25 r61=22 gh60=0xb4a859a W1=0x2aa9,0x305f,0x2499 W2=0x29b6,0xc04,0x1181
  witness[14] tail=25 r61=23 gh60=0x5a1859a W1=0x285,0x3fcd,0xabd W2=0x192,0x2cba,0x1e40
  witness[15] tail=25 r61=25 gh60=0xdfadc9a W1=0x1fe6,0xa63,0x3548 W2=0x1ef3,0x2938,0x2e7c

Scan-only r61 registry
  registry_count=16 registry_cap=16
  r61_witness[00] r61=15 tail=30 gh60=0x7a885ae W1=0xa7f,0x2689,0x37e W2=0x98c,0xcc1,0x26f3
  r61_witness[01] r61=15 tail=35 gh60=0x562879a W1=0x2b85,0x117e,0x2ea1 W2=0x2a92,0x415,0x1a0f
  r61_witness[02] r61=15 tail=36 gh60=0x4704c9a W1=0x274a,0x3e38,0x311f W2=0x2657,0x213b,0x1484
  r61_witness[03] r61=15 tail=37 gh60=0x4c845a6 W1=0x1cac,0x272b,0x1071 W2=0x1bb9,0x2c6f,0x355d
  r61_witness[04] r61=15 tail=40 gh60=0x4a27de6 W1=0x3094,0x3b7e,0x554 W2=0x2fa1,0x2cf,0x154e
  r61_witness[05] r61=16 tail=27 gh60=0x4b1876a W1=0x1be1,0xca0,0x14cf W2=0x1aee,0x18f6,0x108e
  r61_witness[06] r61=16 tail=28 gh60=0x57a87ba W1=0x1b75,0x219a,0x3146 W2=0x1a82,0x22dc,0x3d55
  r61_witness[07] r61=16 tail=30 gh60=0x5889caa W1=0x12d,0x1ede,0x13e3 W2=0x3a,0x1ed9,0x1c7d
  r61_witness[08] r61=16 tail=30 gh60=0x4a64fa6 W1=0x1784,0x3408,0x3144 W2=0x1691,0x2afd,0x100e
  r61_witness[09] r61=16 tail=30 gh60=0xc9dc49a W1=0x1a06,0x1f07,0x3f7 W2=0x1913,0x1397,0x37ec
  r61_witness[10] r61=16 tail=32 gh60=0x4487cba W1=0xe3a,0x3aad,0x31a1 W2=0xd47,0xd1d,0x303
  r61_witness[11] r61=16 tail=32 gh60=0xc8784a6 W1=0x332b,0x248d,0x3334 W2=0x3238,0x13ea,0x2de9
  r61_witness[12] r61=16 tail=34 gh60=0x4988ba6 W1=0x25ab,0xcf3,0x848 W2=0x24b8,0x14c7,0x2d22
  r61_witness[13] r61=17 tail=25 gh60=0xde37c9a W1=0xe06,0x4d3,0x11f3 W2=0xd13,0x1be4,0x3e43
  r61_witness[14] r61=17 tail=26 gh60=0x4c95cae W1=0x30,0x35f8,0x153e W2=0x3f3d,0x11d8,0x3edc
  r61_witness[15] r61=17 tail=26 gh60=0x4605ce6 W1=0x210c,0x1521,0x424 W2=0x2019,0x3fc6,0x59

D60=0 fiber histogram: 1:7982 2:4803 3:1755 4:1104 5:399 6:217 7:93 8:60 9:29 10:15 11:8 12:6 13:3 14:1 15:2 17:1 18:2
