free_word_mitm_reducedn
N=14 mask=0x3fff msb=0x2000
candidate: M0=0x3d36 mode=random-fallback fill=0x3fff kernel=dM0=dM9=0x2000
prefixes=32768/268435456 mode=permuted-prefix-sample w59_per_prefix=16384 total=536870912
run_mode=scan registry_cap=16
sample_start=233537536
scan_elapsed=18.796s rate=28.56 Mtriples/s

D60 interface
  D60=0 matches: 32564 (random expectation 32768.0, enrichment 0.994x)
  prefixes with D60=0: 16625
  max D60=0 fiber per prefix: 17 at W57=0x2db0 W58=0x2187
  largest D60 bucket: D=0xdd1 count=33842
  min D60 HW: 0
  D60 HW histogram: 0:32564 1:457834 2:2979823 3:11916996 4:32824176 5:65667554 6:98502091 7:112504513 8:98378956 9:65532080 10:32739195 11:11883789 12:2963486 13:455393 14:32462

Tail closure among D60=0 matches
  final tail collisions: 0
  best r61 HW: 13
  best r61 W1[57..59]=0x20a1,0x29fa,0xe1
  best r61 W2[57..59]=0x1fae,0x2449,0x2224
  best tail HW: 20
  best tail r61 HW: 20
  best W1[57..59]=0x2c6,0x3f3d,0x2240
  best W2[57..59]=0x1d3,0x1bb3,0x1ea3

SUMMARY N=14 sample_start=233537536 prefixes=32768 total=536870912 d0=32564 best_tail=20 tail_r61=20 best_r61=13 tail_W1=0x2c6,0x3f3d,0x2240 tail_W2=0x1d3,0x1bb3,0x1ea3 r61_W1=0x20a1,0x29fa,0xe1 r61_W2=0x1fae,0x2449,0x2224

Scan-only witness registry
  registry_count=16 registry_cap=16
  witness[00] tail=20 r61=20 gh60=0xd5f459a W1=0x2c6,0x3f3d,0x2240 W2=0x1d3,0x1bb3,0x1ea3
  witness[01] tail=21 r61=13 gh60=0x7609dea W1=0x20a1,0x29fa,0xe1 W2=0x1fae,0x2449,0x2224
  witness[02] tail=21 r61=18 gh60=0x5bdcb7e W1=0x19d8,0x21fe,0x38af W2=0x18e5,0x2c22,0x2d32
  witness[03] tail=21 r61=19 gh60=0x4b0c566 W1=0xadc,0x865,0x1095 W2=0x9e9,0x159d,0x7fd
  witness[04] tail=22 r61=21 gh60=0x49584ba W1=0x2d39,0x1aa9,0x56c W2=0x2c46,0x3fe7,0x1914
  witness[05] tail=22 r61=23 gh60=0xbc984aa W1=0x1a3d,0x3469,0x2361 W2=0x194a,0x715,0x390a
  witness[06] tail=23 r61=17 gh60=0x4ea7caa W1=0x2ef2,0x2f0,0x2072 W2=0x2dff,0x3c38,0x25a7
  witness[07] tail=23 r61=18 gh60=0xb48fc9a W1=0x302a,0x221,0x3fb2 W2=0x2f37,0x16a6,0x2bc8
  witness[08] tail=23 r61=18 gh60=0x4aa4daa W1=0x3872,0x15b9,0x2814 W2=0x377f,0x2f95,0x17e5
  witness[09] tail=24 r61=18 gh60=0xca89cae W1=0x1fff,0x219b,0x295d W2=0x1f0c,0xdea,0x17da
  witness[10] tail=24 r61=18 gh60=0x47245aa W1=0x24c2,0x3e68,0x279c W2=0x23cf,0xe25,0x3862
  witness[11] tail=24 r61=20 gh60=0x7b28d66 W1=0x3653,0x2167,0x5d0 W2=0x3560,0x2aa5,0x1195
  witness[12] tail=24 r61=20 gh60=0xd898cae W1=0x393f,0x17c3,0x38f W2=0x384c,0x212,0x3d15
  witness[13] tail=24 r61=21 gh60=0x4a5459a W1=0xc86,0x1582,0x1561 W2=0xb93,0x3466,0x556
  witness[14] tail=24 r61=23 gh60=0x4af9ca6 W1=0x20f3,0x1dfe,0x3c61 W2=0x2000,0x3a2c,0x20e7
  witness[15] tail=25 r61=19 gh60=0xfe1dfaa W1=0x1f82,0x37d7,0x123 W2=0x1e8f,0x2483,0x2556

Scan-only r61 registry
  registry_count=16 registry_cap=16
  r61_witness[00] r61=13 tail=21 gh60=0x7609dea W1=0x20a1,0x29fa,0xe1 W2=0x1fae,0x2449,0x2224
  r61_witness[01] r61=13 tail=29 gh60=0xca2c4ea W1=0x1412,0x2da4,0x39e4 W2=0x131f,0x1a3,0x12f
  r61_witness[02] r61=13 tail=33 gh60=0x4688cae W1=0x8ef,0x226e,0x1f8 W2=0x7fc,0x3d4d,0x62d
  r61_witness[03] r61=14 tail=29 gh60=0x392877a W1=0x2b59,0x341e,0xd53 W2=0x2a66,0x3cfa,0x183d
  r61_witness[04] r61=14 tail=30 gh60=0x45984aa W1=0x3401,0x2cf0,0x381c W2=0x330e,0x1e0,0x1ea
  r61_witness[05] r61=15 tail=28 gh60=0x4d87cba W1=0xffa,0xd8f,0x2cd9 W2=0xf07,0x1e7f,0x895
  r61_witness[06] r61=15 tail=30 gh60=0x48d8cba W1=0x739,0xf85,0xe36 W2=0x646,0x3344,0x3b2b
  r61_witness[07] r61=15 tail=32 gh60=0xca24cea W1=0x2812,0x1950,0x1fc8 W2=0x271f,0x1e4c,0x3704
  r61_witness[08] r61=15 tail=34 gh60=0x4a29c9a W1=0x1f09,0xd65,0x6d0 W2=0x1e16,0x3471,0x31b6
  r61_witness[09] r61=15 tail=36 gh60=0xc888faa W1=0x27c1,0x132b,0x3b40 W2=0x26ce,0x1032,0x4d8
  r61_witness[10] r61=16 tail=27 gh60=0xc90876a W1=0x23cd,0x1bfc,0x3fdb W2=0x22da,0xa5e,0x21e5
  r61_witness[11] r61=16 tail=28 gh60=0xcb09b6a W1=0x1d61,0x23dc,0x3bc6 W2=0x1c6e,0x2707,0x232e
  r61_witness[12] r61=16 tail=28 gh60=0x3b2849e W1=0x3b47,0x229b,0x2691 W2=0x3a54,0x328e,0x2ea5
  r61_witness[13] r61=16 tail=29 gh60=0x491876e W1=0x134f,0x1d7e,0x2ad9 W2=0x125c,0x20b8,0x23bd
  r61_witness[14] r61=16 tail=31 gh60=0x59844a6 W1=0xb3c,0x25c9,0x3a20 W2=0xa49,0x3715,0x227a
  r61_witness[15] r61=16 tail=31 gh60=0xc60dce6 W1=0x210c,0x2336,0x27b5 W2=0x2019,0xddb,0x27e7

D60=0 fiber histogram: 1:8099 2:4787 3:1820 4:1089 5:398 6:219 7:79 8:63 9:31 10:26 11:2 12:8 13:2 14:1 17:1
