free_word_mitm_reducedn
N=14 mask=0x3fff msb=0x2000
candidate: M0=0x3d36 mode=random-fallback fill=0x3fff kernel=dM0=dM9=0x2000
prefixes=32768/268435456 mode=permuted-prefix-sample w59_per_prefix=16384 total=536870912
run_mode=scan registry_cap=16
sample_start=64290816
scan_elapsed=15.440s rate=34.77 Mtriples/s

D60 interface
  D60=0 matches: 32441 (random expectation 32768.0, enrichment 0.990x)
  prefixes with D60=0: 16433
  max D60=0 fiber per prefix: 20 at W57=0x36e5 W58=0x3185
  largest D60 bucket: D=0x1212 count=33756
  min D60 HW: 0
  D60 HW histogram: 0:32441 1:455131 2:2965100 3:11905971 4:32782294 5:65614618 6:98468832 7:112518961 8:98450187 9:65581471 10:32751899 11:11886332 12:2969308 13:455415 14:32952

Tail closure among D60=0 matches
  final tail collisions: 0
  best r61 HW: 13
  best r61 W1[57..59]=0x3c1c,0x3bd,0x720
  best r61 W2[57..59]=0x3b29,0xe81,0x2f52
  best tail HW: 22
  best tail r61 HW: 21
  best W1[57..59]=0xaf8,0x3f84,0x646
  best W2[57..59]=0xa05,0x10a7,0x38cf

SUMMARY N=14 sample_start=64290816 prefixes=32768 total=536870912 d0=32441 best_tail=22 tail_r61=21 best_r61=13 tail_W1=0xaf8,0x3f84,0x646 tail_W2=0xa05,0x10a7,0x38cf r61_W1=0x3c1c,0x3bd,0x720 r61_W2=0x3b29,0xe81,0x2f52

Scan-only witness registry
  registry_count=16 registry_cap=16
  witness[00] tail=22 r61=18 gh60=0x4a3bbfa W1=0x1195,0x1435,0x2f4d W2=0x10a2,0x3400,0x3a50
  witness[01] tail=22 r61=21 gh60=0xda544be W1=0xaf8,0x3f84,0x646 W2=0xa05,0x10a7,0x38cf
  witness[02] tail=24 r61=13 gh60=0x460c4e6 W1=0x3c1c,0x3bd,0x720 W2=0x3b29,0xe81,0x2f52
  witness[03] tail=24 r61=15 gh60=0xca15cee W1=0x110,0x107,0x5b9 W2=0x1d,0x2b6f,0x2690
  witness[04] tail=24 r61=18 gh60=0x5a3cbfa W1=0x1996,0x138c,0xc52 W2=0x18a3,0x1e5c,0x3b73
  witness[05] tail=24 r61=21 gh60=0xc96c79a W1=0x1ba6,0x2cb4,0x216 W2=0x1ab3,0x3e86,0x1135
  witness[06] tail=24 r61=22 gh60=0xdcdcc9e W1=0x3628,0x5a,0x1dfc W2=0x3535,0xf45,0xb7b
  witness[07] tail=24 r61=26 gh60=0x5bebce6 W1=0x2f23,0x3ff5,0xa7e W2=0x2e30,0x2925,0xe48
  witness[08] tail=25 r61=13 gh60=0x5618da6 W1=0x1883,0x32f6,0x2d84 W2=0x1790,0x165a,0xe79
  witness[09] tail=25 r61=20 gh60=0x461dfe6 W1=0x3f94,0x3f07,0x24b6 W2=0x3ea1,0x2564,0x383e
  witness[10] tail=25 r61=22 gh60=0xc975c9a W1=0x2126,0x32d6,0x3b24 W2=0x2033,0x156b,0x3fc8
  witness[11] tail=25 r61=23 gh60=0xcdd5c9e W1=0x2048,0x35f9,0xe69 W2=0x1f55,0x32a6,0x13b5
  witness[12] tail=25 r61=23 gh60=0xc6984aa W1=0x33f1,0x389a,0x11ca W2=0x32fe,0xe9a,0x3a8e
  witness[13] tail=25 r61=25 gh60=0x5a7fcaa W1=0x2efe,0x2d1b,0x1ad0 W2=0x2e0b,0x2693,0x38ab
  witness[14] tail=25 r61=26 gh60=0xd5e47e6 W1=0x394,0x7c4,0x1dc2 W2=0x2a1,0x34a0,0xb6b
  witness[15] tail=26 r61=16 gh60=0x4a88faa W1=0x277d,0x2ce6,0x13f2 W2=0x268a,0x1a59,0x3ae9

Scan-only r61 registry
  registry_count=16 registry_cap=16
  r61_witness[00] r61=13 tail=24 gh60=0x460c4e6 W1=0x3c1c,0x3bd,0x720 W2=0x3b29,0xe81,0x2f52
  r61_witness[01] r61=13 tail=25 gh60=0x5618da6 W1=0x1883,0x32f6,0x2d84 W2=0x1790,0x165a,0xe79
  r61_witness[02] r61=13 tail=30 gh60=0xc909b6a W1=0x161,0x341,0x2942 W2=0x6e,0x3b34,0x11a7
  r61_witness[03] r61=14 tail=33 gh60=0xca187ea W1=0x139d,0x22f8,0x745 W2=0x12aa,0x25b2,0x24e3
  r61_witness[04] r61=15 tail=24 gh60=0xca15cee W1=0x110,0x107,0x5b9 W2=0x1d,0x2b6f,0x2690
  r61_witness[05] r61=15 tail=27 gh60=0xca09cea W1=0x3e21,0x3d22,0x2848 W2=0x3d2e,0x599,0x1a
  r61_witness[06] r61=15 tail=30 gh60=0x4908f66 W1=0x74b,0x14c0,0x35fe W2=0x658,0x102,0x11db
  r61_witness[07] r61=15 tail=31 gh60=0x490fb6e W1=0xd50,0x1acc,0x342c W2=0xc5d,0xec,0x34c2
  r61_witness[08] r61=15 tail=33 gh60=0x4a88ca6 W1=0x37fb,0x2779,0x1486 W2=0x3708,0x2205,0x26a8
  r61_witness[09] r61=15 tail=34 gh60=0x4a08fee W1=0x278f,0x1983,0x322 W2=0x269c,0xe52,0x2c82
  r61_witness[10] r61=16 tail=26 gh60=0x4a88faa W1=0x277d,0x2ce6,0x13f2 W2=0x268a,0x1a59,0x3ae9
  r61_witness[11] r61=16 tail=28 gh60=0xd50856e W1=0x32cf,0x3119,0x103 W2=0x31dc,0x2063,0x1f12
  r61_witness[12] r61=16 tail=30 gh60=0x4a085e6 W1=0x1a9b,0xead,0x2dbe W2=0x19a8,0x3558,0x1e54
  r61_witness[13] r61=16 tail=31 gh60=0x499bbaa W1=0x2db1,0x2804,0xc6b W2=0x2cbe,0x145b,0x3193
  r61_witness[14] r61=16 tail=31 gh60=0x4588daa W1=0x367d,0x5d1,0xfed W2=0x358a,0x26a4,0x2ec9
  r61_witness[15] r61=16 tail=32 gh60=0x4e184e6 W1=0x1c0b,0x30a,0x2c71 W2=0x1b18,0x4f1,0x21b2

D60=0 fiber histogram: 1:7985 2:4736 3:1775 4:1092 5:393 6:207 7:79 8:75 9:42 10:20 11:15 12:7 13:3 14:2 17:1 20:1
