free_word_mitm_reducedn
N=14 mask=0x3fff msb=0x2000
candidate: M0=0x3d36 mode=random-fallback fill=0x3fff kernel=dM0=dM9=0x2000
prefixes=32768/268435456 mode=permuted-prefix-sample w59_per_prefix=16384 total=536870912
run_mode=scan registry_cap=16
sample_start=139788288
scan_elapsed=15.632s rate=34.34 Mtriples/s

D60 interface
  D60=0 matches: 32717 (random expectation 32768.0, enrichment 0.998x)
  prefixes with D60=0: 16424
  max D60=0 fiber per prefix: 17 at W57=0x3bb0 W58=0xecc
  largest D60 bucket: D=0x29d2 count=33882
  min D60 HW: 0
  D60 HW histogram: 0:32717 1:453348 2:2964930 3:11895786 4:32792387 5:65606172 6:98444384 7:112510772 8:98444372 9:65593667 10:32770425 11:11903708 12:2969837 13:455891 14:32516

Tail closure among D60=0 matches
  final tail collisions: 0
  best r61 HW: 12
  best r61 W1[57..59]=0x1c33,0x2157,0x35d1
  best r61 W2[57..59]=0x1b40,0x3ec4,0x138b
  best tail HW: 24
  best tail r61 HW: 19
  best W1[57..59]=0x1384,0x13d5,0x18c
  best W2[57..59]=0x1291,0xec9,0x87c

SUMMARY N=14 sample_start=139788288 prefixes=32768 total=536870912 d0=32717 best_tail=24 tail_r61=19 best_r61=12 tail_W1=0x1384,0x13d5,0x18c tail_W2=0x1291,0xec9,0x87c r61_W1=0x1c33,0x2157,0x35d1 r61_W2=0x1b40,0x3ec4,0x138b

Scan-only witness registry
  registry_count=16 registry_cap=16
  witness[00] tail=24 r61=19 gh60=0xb588caa W1=0x831,0x19ed,0x30ad W2=0x73e,0x1c6c,0xd88
  witness[01] tail=24 r61=19 gh60=0x5a247a6 W1=0x1384,0x13d5,0x18c W2=0x1291,0xec9,0x87c
  witness[02] tail=24 r61=19 gh60=0xce084ea W1=0x3a21,0x2a7b,0x3d1e W2=0x392e,0x3f71,0x3d90
  witness[03] tail=24 r61=23 gh60=0xcee859a W1=0x2a69,0x156c,0x1ab4 W2=0x2976,0x319d,0x1658
  witness[04] tail=24 r61=24 gh60=0x36e849e W1=0x3347,0x23c1,0x1f11 W2=0x3254,0x3432,0x27e3
  witness[05] tail=25 r61=20 gh60=0xcf98caa W1=0x1901,0x884,0x172d W2=0x180e,0x1b33,0xe44
  witness[06] tail=25 r61=20 gh60=0xd887b9a W1=0x2daa,0xd54,0x21b9 W2=0x2cb7,0x27a1,0x3f71
  witness[07] tail=25 r61=21 gh60=0x5574d6e W1=0x28e0,0x17ec,0x305 W2=0x27ed,0x3b10,0x1373
  witness[08] tail=25 r61=22 gh60=0x391bb6a W1=0xddd,0x135a,0xce4 W2=0xcea,0x3245,0x1569
  witness[09] tail=25 r61=23 gh60=0x475cb9a W1=0x9c6,0x250f,0x3954 W2=0x8d3,0x22a6,0x8e4
  witness[10] tail=25 r61=24 gh60=0xdeb47ae W1=0x1370,0x3bce,0x1db8 W2=0x127d,0x7a7,0x2827
  witness[11] tail=25 r61=24 gh60=0x4be84fe W1=0x2217,0x13db,0x32d6 W2=0x2124,0x1d83,0x566
  witness[12] tail=25 r61=24 gh60=0x5798ce6 W1=0x2823,0x2e97,0x24b2 W2=0x2730,0x365d,0x3f36
  witness[13] tail=26 r61=18 gh60=0xba04c9a W1=0x280a,0x2574,0xdd5 W2=0x2717,0x733,0x2005
  witness[14] tail=26 r61=20 gh60=0x47784aa W1=0x1bed,0x3af5,0x387 W2=0x1afa,0x10b1,0x3b1b
  witness[15] tail=26 r61=20 gh60=0xcbb9bae W1=0x3dbf,0x323f,0x7bc W2=0x3ccc,0x274a,0x1528

Scan-only r61 registry
  registry_count=16 registry_cap=16
  r61_witness[00] r61=12 tail=27 gh60=0xc4a84a6 W1=0x1c33,0x2157,0x35d1 W2=0x1b40,0x3ec4,0x138b
  r61_witness[01] r61=13 tail=27 gh60=0xcc8dcaa W1=0x202e,0x38f7,0x21a3 W2=0x1f3b,0x3cb7,0x94e
  r61_witness[02] r61=13 tail=29 gh60=0xca19c9a W1=0x3e05,0x18a1,0x1941 W2=0x3d12,0x1b1,0x1d60
  r61_witness[03] r61=14 tail=29 gh60=0x4909b66 W1=0x21cb,0x6a8,0x25a9 W2=0x20d8,0xe08,0x2a05
  r61_witness[04] r61=14 tail=29 gh60=0x4988bae W1=0x25bf,0x1c2,0x160c W2=0x24cc,0x39c9,0x34d9
  r61_witness[05] r61=15 tail=35 gh60=0xbc885a6 W1=0x12ab,0xbff,0xa24 W2=0x11b8,0x3134,0x2f70
  r61_witness[06] r61=16 tail=27 gh60=0x4a384ea W1=0xc1d,0xaa2,0x1f1e W2=0xb2a,0xe58,0xcdc
  r61_witness[07] r61=16 tail=28 gh60=0x56884ae W1=0x29ef,0x3d1b,0x3af2 W2=0x28fc,0x283b,0x393a
  r61_witness[08] r61=16 tail=28 gh60=0x4a0c4ea W1=0x2b1e,0x1d,0x1a51 W2=0x2a2b,0xc18,0xabb
  r61_witness[09] r61=16 tail=28 gh60=0x760bdee W1=0x308f,0x272a,0x15b8 W2=0x2f9c,0x3e6d,0x1159
  r61_witness[10] r61=16 tail=31 gh60=0x5884fba W1=0x37ba,0x301e,0x2b8a W2=0x36c7,0x2e1e,0x1190
  r61_witness[11] r61=16 tail=35 gh60=0x36084ee W1=0x1b1f,0xef7,0x24f3 W2=0x1a2c,0x1fd,0x1566
  r61_witness[12] r61=16 tail=35 gh60=0x4909b66 W1=0x21cb,0x6a8,0x3b9f W2=0x20d8,0xe08,0x3ffb
  r61_witness[13] r61=17 tail=27 gh60=0x590c76e W1=0x13d0,0x2108,0x208b W2=0x12dd,0x304b,0x11c1
  r61_witness[14] r61=17 tail=30 gh60=0x4a585ba W1=0x3279,0x37c3,0x316d W2=0x3186,0x2369,0x1cb4
  r61_witness[15] r61=17 tail=31 gh60=0x5889ca6 W1=0x213b,0x36a7,0xe00 W2=0x2048,0x2eb5,0x2f1f

D60=0 fiber histogram: 1:7875 2:4731 3:1787 4:1147 5:434 6:201 7:90 8:95 9:25 10:18 11:10 12:5 13:1 14:2 16:2 17:1
