free_word_mitm_reducedn
N=14 mask=0x3fff msb=0x2000
candidate: M0=0x3d36 mode=random-fallback fill=0x3fff kernel=dM0=dM9=0x2000
prefixes=32768/268435456 mode=permuted-prefix-sample w59_per_prefix=16384 total=536870912
run_mode=scan registry_cap=16
sample_start=232062976
scan_elapsed=15.832s rate=33.91 Mtriples/s

D60 interface
  D60=0 matches: 32244 (random expectation 32768.0, enrichment 0.984x)
  prefixes with D60=0: 16442
  max D60=0 fiber per prefix: 26 at W57=0xd2e W58=0x1d7a
  largest D60 bucket: D=0x2963 count=33928
  min D60 HW: 0
  D60 HW histogram: 0:32244 1:456456 2:2967627 3:11888784 4:32731367 5:65499556 6:98371978 7:112515187 8:98501028 9:65676871 10:32828384 11:11930320 12:2980176 13:458163 14:32771

Tail closure among D60=0 matches
  final tail collisions: 0
  best r61 HW: 14
  best r61 W1[57..59]=0x3c50,0x197,0x15f7
  best r61 W2[57..59]=0x3b5d,0x3cea,0x1f3d
  best tail HW: 20
  best tail r61 HW: 20
  best W1[57..59]=0x1c4d,0x2a44,0x2562
  best W2[57..59]=0x1b5a,0xb4a,0x3cb4

SUMMARY N=14 sample_start=232062976 prefixes=32768 total=536870912 d0=32244 best_tail=20 tail_r61=20 best_r61=14 tail_W1=0x1c4d,0x2a44,0x2562 tail_W2=0x1b5a,0xb4a,0x3cb4 r61_W1=0x3c50,0x197,0x15f7 r61_W2=0x3b5d,0x3cea,0x1f3d

Scan-only witness registry
  registry_count=16 registry_cap=16
  witness[00] tail=20 r61=20 gh60=0x453856a W1=0x1c4d,0x2a44,0x2562 W2=0x1b5a,0xb4a,0x3cb4
  witness[01] tail=21 r61=20 gh60=0x7718d6a W1=0x284d,0x8d,0x277f W2=0x275a,0x10d8,0x157a
  witness[02] tail=21 r61=21 gh60=0x499c4aa W1=0x24ee,0xa7b,0xa3 W2=0x23fb,0x117c,0x2efe
  witness[03] tail=22 r61=15 gh60=0xca18cea W1=0x60d,0x27f,0xab9 W2=0x51a,0x942,0x2cf3
  witness[04] tail=23 r61=22 gh60=0x5a54d9a W1=0x3866,0x308b,0x362b W2=0x3773,0x19fa,0x2716
  witness[05] tail=24 r61=16 gh60=0x4ad84fe W1=0x2417,0x224e,0x2112 W2=0x2324,0x2d76,0x1dd2
  witness[06] tail=24 r61=22 gh60=0x5bbdd6a W1=0x1e62,0x3488,0xcf5 W2=0x1d6f,0x888,0x3121
  witness[07] tail=24 r61=23 gh60=0x591bb6e W1=0x2dcf,0x2e2e,0xfb9 W2=0x2cdc,0x164d,0x1c7d
  witness[08] tail=24 r61=25 gh60=0xfadbcba W1=0x10f9,0x3e92,0x2c8d W2=0x1006,0xb4d,0x73
  witness[09] tail=25 r61=19 gh60=0xdd0bd6e W1=0x304f,0x3599,0x39a7 W2=0x2f5c,0x868,0x343a
  witness[10] tail=25 r61=19 gh60=0x4899caa W1=0x3f2d,0x14f3,0x55e W2=0x3e3a,0x16ee,0x34d1
  witness[11] tail=25 r61=20 gh60=0x5eb849e W1=0x13e7,0x1497,0x1d84 W2=0x12f4,0x32ce,0x1db6
  witness[12] tail=25 r61=20 gh60=0xceec5aa W1=0x1ac2,0x1106,0x2f00 W2=0x19cf,0x2bc3,0x30da
  witness[13] tail=25 r61=21 gh60=0xf6387ea W1=0x1ba1,0x3bc2,0x854 W2=0x1aae,0x1080,0x3a09
  witness[14] tail=25 r61=22 gh60=0x799849a W1=0x24e5,0x1237,0x40 W2=0x23f2,0x3846,0x424
  witness[15] tail=25 r61=22 gh60=0xcfb449e W1=0x3228,0x3f9e,0x2916 W2=0x3135,0xbca,0x3127

Scan-only r61 registry
  registry_count=16 registry_cap=16
  r61_witness[00] r61=14 tail=31 gh60=0x4888caa W1=0x92d,0x26df,0x229 W2=0x83a,0x295a,0x2c25
  r61_witness[01] r61=14 tail=33 gh60=0x450c56e W1=0x3c50,0x197,0x15f7 W2=0x3b5d,0x3cea,0x1f3d
  r61_witness[02] r61=15 tail=22 gh60=0xca18cea W1=0x60d,0x27f,0xab9 W2=0x51a,0x942,0x2cf3
  r61_witness[03] r61=15 tail=28 gh60=0xca0dcee W1=0x110,0x51c,0x13d3 W2=0x1d,0x2f84,0x3b73
  r61_witness[04] r61=15 tail=31 gh60=0x49f4f9a W1=0x27c6,0x28d0,0x37a W2=0x26d3,0x262f,0x545
  r61_witness[05] r61=15 tail=33 gh60=0xc498caa W1=0x162d,0x3f57,0x1953 W2=0x153a,0x1692,0x221d
  r61_witness[06] r61=16 tail=24 gh60=0x4ad84fe W1=0x2417,0x224e,0x2112 W2=0x2324,0x2d76,0x1dd2
  r61_witness[07] r61=16 tail=26 gh60=0x4a54bfe W1=0x598,0x175f,0x336d W2=0x4a5,0x11ef,0x952
  r61_witness[08] r61=16 tail=31 gh60=0x4a88fae W1=0x376f,0x22b5,0x2394 W2=0x367c,0x287c,0x3aac
  r61_witness[09] r61=16 tail=32 gh60=0x3a0bdee W1=0xe8f,0x32c2,0x2fab W2=0xd9c,0x5fd,0x18be
  r61_witness[10] r61=16 tail=33 gh60=0x74885aa W1=0x3ab1,0xc67,0x25ba W2=0x39be,0x19ff,0x1ed9
  r61_witness[11] r61=16 tail=35 gh60=0x4a584fa W1=0x1519,0x290c,0x7d2 W2=0x1426,0x2044,0x2949
  r61_witness[12] r61=16 tail=36 gh60=0xcd97caa W1=0x2fee,0x2280,0x1a95 W2=0x2efb,0x19c4,0x3d0b
  r61_witness[13] r61=17 tail=26 gh60=0x59afba6 W1=0xdb4,0x758,0x3434 W2=0xcc1,0x39b3,0x1adc
  r61_witness[14] r61=17 tail=26 gh60=0xcca4daa W1=0x16b2,0x376b,0xdb6 W2=0x15bf,0x16d7,0xc2f
  r61_witness[15] r61=17 tail=26 gh60=0x7b74b6a W1=0x25ce,0x32c2,0x36cf W2=0x24db,0x2cca,0x3ad8

D60=0 fiber histogram: 1:8090 2:4669 3:1744 4:1090 5:403 6:225 7:80 8:72 9:31 10:17 11:9 12:7 14:1 15:1 18:2 26:1
