free_word_mitm_reducedn
N=14 mask=0x3fff msb=0x2000
candidate: M0=0x3d36 mode=random-fallback fill=0x3fff kernel=dM0=dM9=0x2000
prefixes=32768/268435456 mode=permuted-prefix-sample w59_per_prefix=16384 total=536870912
run_mode=scan registry_cap=16
sample_start=227835904
scan_elapsed=20.158s rate=26.63 Mtriples/s

D60 interface
  D60=0 matches: 32744 (random expectation 32768.0, enrichment 0.999x)
  prefixes with D60=0: 16550
  max D60=0 fiber per prefix: 20 at W57=0x2f86 W58=0x2d8d
  largest D60 bucket: D=0x2616 count=33778
  min D60 HW: 0
  D60 HW histogram: 0:32744 1:459004 2:2983131 3:11929338 4:32819573 5:65612111 6:98417544 7:112471353 8:98392803 9:65588137 10:32786580 11:11914794 12:2973193 13:457317 14:33290

Tail closure among D60=0 matches
  final tail collisions: 0
  best r61 HW: 12
  best r61 W1[57..59]=0x160d,0x106f,0x3b40
  best r61 W2[57..59]=0x151a,0x2a36,0x3ce0
  best tail HW: 21
  best tail r61 HW: 21
  best W1[57..59]=0xa38,0x37bc,0x30c5
  best W2[57..59]=0x945,0x345b,0x18be

SUMMARY N=14 sample_start=227835904 prefixes=32768 total=536870912 d0=32744 best_tail=21 tail_r61=21 best_r61=12 tail_W1=0xa38,0x37bc,0x30c5 tail_W2=0x945,0x345b,0x18be r61_W1=0x160d,0x106f,0x3b40 r61_W2=0x151a,0x2a36,0x3ce0

Scan-only witness registry
  registry_count=16 registry_cap=16
  witness[00] tail=21 r61=21 gh60=0x5f544be W1=0xa38,0x37bc,0x30c5 W2=0x945,0x345b,0x18be
  witness[01] tail=23 r61=15 gh60=0xf907b7a W1=0x31da,0x598,0x22b8 W2=0x30e7,0x228c,0x3f92
  witness[02] tail=24 r61=17 gh60=0x4d18566 W1=0x1c5b,0xa65,0x6f1 W2=0x1b68,0xaa0,0x1b07
  witness[03] tail=24 r61=23 gh60=0xcfb4bae W1=0x29c0,0x3933,0x2d25 W2=0x28cd,0x2d2b,0x33c
  witness[04] tail=24 r61=23 gh60=0xcbb8ca6 W1=0x383b,0x21e0,0x3bcf W2=0x3748,0x1bec,0x300d
  witness[05] tail=24 r61=24 gh60=0xf658c9a W1=0x17e9,0x33bd,0x7c7 W2=0x16f6,0x2753,0x1d9
  witness[06] tail=25 r61=15 gh60=0xc6144ea W1=0x2c0e,0x2e58,0x2a60 W2=0x2b1b,0x370f,0x1b0d
  witness[07] tail=25 r61=19 gh60=0xda0bcea W1=0xf21,0x192d,0x33b2 W2=0xe2e,0x858,0x1801
  witness[08] tail=25 r61=23 gh60=0x55bbcba W1=0x3035,0x2d82,0x2532 W2=0x2f42,0x3c1,0x34ee
  witness[09] tail=25 r61=24 gh60=0x55e857a W1=0x2ad5,0x148,0x2e36 W2=0x29e2,0x2bd8,0x2a4e
  witness[10] tail=25 r61=26 gh60=0xbaebb9e W1=0x31c7,0x2731,0x1192 W2=0x30d4,0x1199,0x13b6
  witness[11] tail=25 r61=32 gh60=0xce6bcfa W1=0x3115,0xdf3,0xc6e W2=0x3022,0x24e6,0x141b
  witness[12] tail=26 r61=16 gh60=0x4e084ee W1=0x2c1f,0x2d16,0x1e28 W2=0x2b2c,0x1ab0,0x1a35
  witness[13] tail=26 r61=16 gh60=0xb60bcee W1=0x301f,0x39bd,0x5a6 W2=0x2f2c,0x1110,0x38f6
  witness[14] tail=26 r61=17 gh60=0xce0cce6 W1=0x61c,0x107f,0x185b W2=0x529,0x3286,0x37cd
  witness[15] tail=26 r61=18 gh60=0x550856a W1=0x2a51,0x3afe,0x373d W2=0x295e,0x3dac,0x2a26

Scan-only r61 registry
  registry_count=16 registry_cap=16
  r61_witness[00] r61=12 tail=29 gh60=0x4608cea W1=0x160d,0x106f,0x3b40 W2=0x151a,0x2a36,0x3ce0
  r61_witness[01] r61=13 tail=31 gh60=0x4608cea W1=0x190d,0x16fc,0x600 W2=0x181a,0x2af3,0x18dd
  r61_witness[02] r61=14 tail=29 gh60=0xc9844a6 W1=0x34ec,0x98,0x19ef W2=0x33f9,0x3e76,0x1e75
  r61_witness[03] r61=14 tail=32 gh60=0xca04dfa W1=0x69a,0x33e3,0xab6 W2=0x5a7,0x2637,0x30c5
  r61_witness[04] r61=14 tail=33 gh60=0x4a084e6 W1=0x140b,0x287d,0x4de W2=0x1318,0x2862,0x3b51
  r61_witness[05] r61=15 tail=23 gh60=0xf907b7a W1=0x31da,0x598,0x22b8 W2=0x30e7,0x228c,0x3f92
  r61_witness[06] r61=15 tail=25 gh60=0xc6144ea W1=0x2c0e,0x2e58,0x2a60 W2=0x2b1b,0x370f,0x1b0d
  r61_witness[07] r61=15 tail=27 gh60=0xba0dce6 W1=0x200c,0x3866,0xaa1 W2=0x1f19,0x32fb,0x337a
  r61_witness[08] r61=15 tail=31 gh60=0xca0cc9a W1=0x260a,0x1e01,0x3e7d W2=0x2517,0x5c0,0x1865
  r61_witness[09] r61=15 tail=32 gh60=0x5a07d9a W1=0x2e8a,0x2e9b,0x373b W2=0x2d97,0xdb8,0x29dc
  r61_witness[10] r61=15 tail=33 gh60=0xc884fa6 W1=0x27ac,0x20b9,0x3548 W2=0x26b9,0x6fe,0x8da
  r61_witness[11] r61=16 tail=26 gh60=0x4e084ee W1=0x2c1f,0x2d16,0x1e28 W2=0x2b2c,0x1ab0,0x1a35
  r61_witness[12] r61=16 tail=26 gh60=0xb60bcee W1=0x301f,0x39bd,0x5a6 W2=0x2f2c,0x1110,0x38f6
  r61_witness[13] r61=16 tail=31 gh60=0x4614cee W1=0x3620,0x34b6,0x1054 W2=0x352d,0x237e,0x27e7
  r61_witness[14] r61=16 tail=33 gh60=0x5938f6a W1=0x761,0x746,0x3004 W2=0x66e,0x259,0x8d6
  r61_witness[15] r61=16 tail=34 gh60=0x4aa45a6 W1=0x1a74,0xf2a,0x165c W2=0x1981,0x12f0,0x1b3b

D60=0 fiber histogram: 1:8046 2:4663 3:1864 4:1130 5:406 6:216 7:82 8:64 9:30 10:19 11:12 12:6 13:2 14:4 16:3 17:2 20:1
