free_word_mitm_reducedn
N=14 mask=0x3fff msb=0x2000
candidate: M0=0x3d36 mode=random-fallback fill=0x3fff kernel=dM0=dM9=0x2000
prefixes=32768/268435456 mode=permuted-prefix-sample w59_per_prefix=16384 total=536870912
run_mode=scan registry_cap=16
sample_start=88244224
scan_elapsed=19.076s rate=28.14 Mtriples/s

D60 interface
  D60=0 matches: 32401 (random expectation 32768.0, enrichment 0.989x)
  prefixes with D60=0: 16462
  max D60=0 fiber per prefix: 18 at W57=0x409 W58=0x12d2
  largest D60 bucket: D=0x2bd2 count=33998
  min D60 HW: 0
  D60 HW histogram: 0:32401 1:457973 2:2978259 3:11932264 4:32814563 5:65643251 6:98454878 7:112504879 8:98400678 9:65556311 10:32745419 11:11890645 12:2969979 13:456576 14:32836

Tail closure among D60=0 matches
  final tail collisions: 0
  best r61 HW: 12
  best r61 W1[57..59]=0x2573,0x1e68,0x2344
  best r61 W2[57..59]=0x2480,0x26bc,0x3da7
  best tail HW: 20
  best tail r61 HW: 19
  best W1[57..59]=0x331a,0x2c70,0x208
  best W2[57..59]=0x3227,0x242d,0x1b27

SUMMARY N=14 sample_start=88244224 prefixes=32768 total=536870912 d0=32401 best_tail=20 tail_r61=19 best_r61=12 tail_W1=0x331a,0x2c70,0x208 tail_W2=0x3227,0x242d,0x1b27 r61_W1=0x2573,0x1e68,0x2344 r61_W2=0x2480,0x26bc,0x3da7

Scan-only witness registry
  registry_count=16 registry_cap=16
  witness[00] tail=20 r61=19 gh60=0x56044fa W1=0x331a,0x2c70,0x208 W2=0x3227,0x242d,0x1b27
  witness[01] tail=21 r61=21 gh60=0x4f1456a W1=0x125e,0x2f05,0x3b53 W2=0x116b,0x3f24,0x1ff0
  witness[02] tail=21 r61=21 gh60=0xd8b9baa W1=0x1dc1,0x39cc,0x164d W2=0x1cce,0x3717,0x1196
  witness[03] tail=22 r61=18 gh60=0x58abb9a W1=0x31a9,0xe1f,0x21e0 W2=0x30b6,0x3847,0x7ce
  witness[04] tail=23 r61=26 gh60=0x7f9c4ae W1=0x440,0x1a1f,0x1edc W2=0x34d,0x37b0,0x3428
  witness[05] tail=24 r61=12 gh60=0x4aa8ba6 W1=0x2573,0x1e68,0x2344 W2=0x2480,0x26bc,0x3da7
  witness[06] tail=24 r61=20 gh60=0x5b99cae W1=0x3fef,0xf28,0x3edb W2=0x3efc,0x3b8b,0xbc1
  witness[07] tail=24 r61=21 gh60=0xc6b449a W1=0x3e6,0x1bb6,0x1f09 W2=0x2f3,0x202,0x3da8
  witness[08] tail=24 r61=22 gh60=0x573db66 W1=0x3d5c,0x2180,0x25fc W2=0x3c69,0x2cd1,0x2709
  witness[09] tail=25 r61=16 gh60=0x4708566 W1=0x1c4b,0x1e9e,0x3692 W2=0x1b58,0x1fe5,0x2103
  witness[10] tail=25 r61=17 gh60=0x5924766 W1=0x33d4,0xc28,0x1f91 W2=0x32e1,0x570,0x28b3
  witness[11] tail=25 r61=18 gh60=0x4484da6 W1=0x16bc,0x3967,0x3fbb W2=0x15c9,0x221c,0x2f5f
  witness[12] tail=25 r61=20 gh60=0x5e144ee W1=0xd10,0x373e,0x1137 W2=0xc1d,0x25e5,0xf9e
  witness[13] tail=25 r61=20 gh60=0xb668ce6 W1=0x2813,0x3fbb,0x3af1 W2=0x2720,0x8ed,0x3e50
  witness[14] tail=25 r61=23 gh60=0x76dc49a W1=0x1206,0x1430,0x26ab W2=0x1113,0x93e,0x9c9
  witness[15] tail=25 r61=24 gh60=0xccdcd9e W1=0x8a8,0xaa4,0x3a7 W2=0x7b5,0xb83,0x3e

Scan-only r61 registry
  registry_count=16 registry_cap=16
  r61_witness[00] r61=12 tail=24 gh60=0x4aa8ba6 W1=0x2573,0x1e68,0x2344 W2=0x2480,0x26bc,0x3da7
  r61_witness[01] r61=12 tail=34 gh60=0x4a88caa W1=0x7f1,0x4a,0x1f3b W2=0x6fe,0x349,0xbba
  r61_witness[02] r61=13 tail=34 gh60=0xca15bee W1=0x1a0,0x34e1,0x2167 W2=0xad,0x2961,0x2d6
  r61_witness[03] r61=14 tail=31 gh60=0xce09cea W1=0x201d,0x1c3c,0xabc W2=0x1f2a,0x1e6f,0x32ec
  r61_witness[04] r61=14 tail=31 gh60=0x4a045e6 W1=0x3c9c,0x26b8,0x649 W2=0x3ba9,0x2964,0x3216
  r61_witness[05] r61=14 tail=33 gh60=0x4a044e6 W1=0x340c,0x53f,0x3c03 W2=0x3319,0x1315,0x308
  r61_witness[06] r61=15 tail=30 gh60=0x48847ba W1=0x23ba,0x2e4b,0x281b W2=0x22c7,0x2106,0x23a9
  r61_witness[07] r61=15 tail=31 gh60=0x4e185a6 W1=0x2a83,0x3647,0x349e W2=0x2990,0x2a2c,0x3842
  r61_witness[08] r61=15 tail=32 gh60=0x4e29d9a W1=0x3e89,0x4d9,0x38f7 W2=0x3d96,0x260d,0x381f
  r61_witness[09] r61=15 tail=36 gh60=0xce09cea W1=0x10d,0xf82,0x2dc W2=0x1a,0x11f5,0x18d4
  r61_witness[10] r61=15 tail=36 gh60=0x36187a6 W1=0xb83,0x3a6c,0x3f65 W2=0xa90,0x26d1,0x2843
  r61_witness[11] r61=16 tail=25 gh60=0x4708566 W1=0x1c4b,0x1e9e,0x3692 W2=0x1b58,0x1fe5,0x2103
  r61_witness[12] r61=16 tail=31 gh60=0x58844ba W1=0x3d3a,0x2404,0x111c W2=0x3c47,0x1b3b,0x1b8c
  r61_witness[13] r61=16 tail=33 gh60=0x4b98ba6 W1=0x57b,0x26d8,0x2bb3 W2=0x488,0x2f0c,0xc12
  r61_witness[14] r61=16 tail=33 gh60=0xc888cae W1=0x173f,0x9fc,0x858 W2=0x164c,0x364b,0x2357
  r61_witness[15] r61=16 tail=34 gh60=0xc715b6e W1=0x2150,0x227b,0xe2e W2=0x205d,0x1197,0x2f0d

D60=0 fiber histogram: 1:8033 2:4686 3:1815 4:1070 5:432 6:202 7:84 8:74 9:22 10:17 11:7 12:11 13:1 14:1 15:1 16:3 17:2 18:1
