free_word_mitm_reducedn
N=14 mask=0x3fff msb=0x2000
candidate: M0=0x3d36 mode=random-fallback fill=0x3fff kernel=dM0=dM9=0x2000
prefixes=32768/268435456 mode=permuted-prefix-sample w59_per_prefix=16384 total=536870912
run_mode=scan registry_cap=16
sample_start=84901888
scan_elapsed=20.203s rate=26.57 Mtriples/s

D60 interface
  D60=0 matches: 32587 (random expectation 32768.0, enrichment 0.994x)
  prefixes with D60=0: 16571
  max D60=0 fiber per prefix: 38 at W57=0xd60 W58=0x26f2
  largest D60 bucket: D=0x2276 count=33776
  min D60 HW: 0
  D60 HW histogram: 0:32587 1:456419 2:2975348 3:11907375 4:32770955 5:65590881 6:98412676 7:112506336 8:98437806 9:65612035 10:32792175 11:11913157 12:2975341 13:455325 14:32496

Tail closure among D60=0 matches
  final tail collisions: 0
  best r61 HW: 15
  best r61 W1[57..59]=0x1f8d,0x2b7f,0x3c22
  best r61 W2[57..59]=0x1e9a,0x1a0a,0x385b
  best tail HW: 19
  best tail r61 HW: 15
  best W1[57..59]=0x24d1,0x3938,0x1c31
  best W2[57..59]=0x23de,0x33ee,0x2813

SUMMARY N=14 sample_start=84901888 prefixes=32768 total=536870912 d0=32587 best_tail=19 tail_r61=15 best_r61=15 tail_W1=0x24d1,0x3938,0x1c31 tail_W2=0x23de,0x33ee,0x2813 r61_W1=0x1f8d,0x2b7f,0x3c22 r61_W2=0x1e9a,0x1a0a,0x385b

Scan-only witness registry
  registry_count=16 registry_cap=16
  witness[00] tail=19 r61=15 gh60=0xcf1856a W1=0x24d1,0x3938,0x1c31 W2=0x23de,0x33ee,0x2813
  witness[01] tail=22 r61=18 gh60=0x5f1476a W1=0xb5e,0x3f00,0x2c8b W2=0xa6b,0x3a53,0x2426
  witness[02] tail=22 r61=18 gh60=0x5d08d6a W1=0x2861,0xbdb,0xc3f W2=0x276e,0xb16,0x1c47
  witness[03] tail=23 r61=24 gh60=0x7f28b9a W1=0x35c9,0x1007,0x150e W2=0x34d6,0x21a9,0x24d2
  witness[04] tail=23 r61=25 gh60=0x7fd459a W1=0x12c6,0x39fd,0x1d5a W2=0x11d3,0x2677,0x20c3
  witness[05] tail=24 r61=16 gh60=0xcf0856e W1=0x1c5f,0x15e9,0xe71 W2=0x1b6c,0x627,0x2cc7
  witness[06] tail=24 r61=20 gh60=0xc607ce6 W1=0x2e1c,0x245d,0xebf W2=0x2d29,0x315e,0x2858
  witness[07] tail=24 r61=25 gh60=0xcabbcaa W1=0x2fed,0x27e8,0x2cb6 W2=0x2efa,0x1b27,0x1e19
  witness[08] tail=24 r61=28 gh60=0xbfbbca6 W1=0x112b,0x80a,0x269f W2=0x1038,0x3924,0x847
  witness[09] tail=25 r61=18 gh60=0x4e0c4fa W1=0x251a,0x310d,0x433 W2=0x2427,0x184a,0x2ad3
  witness[10] tail=25 r61=19 gh60=0x56b87a6 W1=0x2b6b,0x3c76,0x389 W2=0x2a78,0x2539,0x599
  witness[11] tail=25 r61=21 gh60=0xde187ea W1=0xb8d,0x3fd3,0x3664 W2=0xa9a,0x2e9d,0x3e0a
  witness[12] tail=25 r61=21 gh60=0xce884a6 W1=0x23fb,0x2d5,0x1164 W2=0x2308,0x32a2,0x1ddb
  witness[13] tail=25 r61=24 gh60=0xd93c49a W1=0x3d4a,0x1427,0x1486 W2=0x3c57,0xaaf,0x146f
  witness[14] tail=25 r61=26 gh60=0x56fbcba W1=0xff5,0x3058,0x21e3 W2=0xf02,0x3d0f,0xd43
  witness[15] tail=25 r61=26 gh60=0xc634cee W1=0x2620,0x1622,0x1bb6 W2=0x252d,0x37ee,0x2ec4

Scan-only r61 registry
  registry_count=16 registry_cap=16
  r61_witness[00] r61=15 tail=19 gh60=0xcf1856a W1=0x24d1,0x3938,0x1c31 W2=0x23de,0x33ee,0x2813
  r61_witness[01] r61=15 tail=27 gh60=0x490876a W1=0x3b4d,0x1d51,0x1cc0 W2=0x3a5a,0x18af,0xc5e
  r61_witness[02] r61=15 tail=32 gh60=0x4e0cbea W1=0x98e,0x2d3f,0x8b9 W2=0x89b,0x2c0f,0x285b
  r61_witness[03] r61=15 tail=36 gh60=0x4a09fea W1=0x1f8d,0x2b7f,0x3c22 W2=0x1e9a,0x1a0a,0x385b
  r61_witness[04] r61=16 tail=24 gh60=0xcf0856e W1=0x1c5f,0x15e9,0xe71 W2=0x1b6c,0x627,0x2cc7
  r61_witness[05] r61=16 tail=26 gh60=0xb688caa W1=0x17ed,0x376b,0xd92 W2=0x16fa,0x926,0x11b5
  r61_witness[06] r61=16 tail=27 gh60=0xfa88ca6 W1=0x36fb,0x247c,0x1c4f W2=0x3608,0x1188,0xed5
  r61_witness[07] r61=16 tail=28 gh60=0x48b849a W1=0x3d29,0x9f,0x2a7a W2=0x3c36,0x36e8,0x18bf
  r61_witness[08] r61=16 tail=30 gh60=0xca044fa W1=0x1c1a,0x2151,0xf55 W2=0x1b27,0x16be,0x2e1c
  r61_witness[09] r61=16 tail=31 gh60=0xcc8cdae W1=0x6b0,0x2c04,0x2ec1 W2=0x5bd,0x144c,0x3122
  r61_witness[10] r61=16 tail=33 gh60=0xcd984a6 W1=0x11eb,0xaa8,0x1ac0 W2=0x10f8,0x2885,0x2c58
  r61_witness[11] r61=16 tail=35 gh60=0x4a28cfe W1=0x3617,0x3ce3,0xcff W2=0x3524,0x1f4a,0x3125
  r61_witness[12] r61=16 tail=39 gh60=0x4a184e6 W1=0xc0b,0x2337,0x20cc W2=0xb18,0xe1a,0x3f50
  r61_witness[13] r61=16 tail=39 gh60=0x4887c9a W1=0x2f2a,0x17c2,0xf07 W2=0x2e37,0x2e07,0x2cfd
  r61_witness[14] r61=17 tail=27 gh60=0xbd844a6 W1=0x29fc,0x39e3,0x2ee6 W2=0x2909,0x15af,0xf1d
  r61_witness[15] r61=17 tail=28 gh60=0xca04be6 W1=0x358c,0x25d4,0x1ea8 W2=0x3499,0x3c23,0x2f33

D60=0 fiber histogram: 1:8107 2:4693 3:1832 4:1106 5:392 6:212 7:84 8:77 9:26 10:17 11:7 12:10 13:2 14:3 15:1 16:1 38:1
