free_word_mitm_reducedn
N=14 mask=0x3fff msb=0x2000
candidate: M0=0x3d36 mode=random-fallback fill=0x3fff kernel=dM0=dM9=0x2000
prefixes=32768/268435456 mode=permuted-prefix-sample w59_per_prefix=16384 total=536870912
run_mode=scan registry_cap=16
sample_start=68124672
scan_elapsed=20.061s rate=26.76 Mtriples/s

D60 interface
  D60=0 matches: 32397 (random expectation 32768.0, enrichment 0.989x)
  prefixes with D60=0: 16481
  max D60=0 fiber per prefix: 18 at W57=0xed7 W58=0x1fea
  largest D60 bucket: D=0x26ce count=33799
  min D60 HW: 0
  D60 HW histogram: 0:32397 1:456797 2:2974874 3:11910132 4:32800884 5:65624689 6:98431892 7:112489634 8:98412163 9:65591389 10:32769018 11:11909875 12:2978254 13:456031 14:32883

Tail closure among D60=0 matches
  final tail collisions: 0
  best r61 HW: 14
  best r61 W1[57..59]=0x375d,0x1174,0x324e
  best r61 W2[57..59]=0x366a,0x987,0xf79
  best tail HW: 20
  best tail r61 HW: 19
  best W1[57..59]=0x38a5,0x1d99,0x2321
  best W2[57..59]=0x37b2,0x167f,0x982

SUMMARY N=14 sample_start=68124672 prefixes=32768 total=536870912 d0=32397 best_tail=20 tail_r61=19 best_r61=14 tail_W1=0x38a5,0x1d99,0x2321 tail_W2=0x37b2,0x167f,0x982 r61_W1=0x375d,0x1174,0x324e r61_W2=0x366a,0x987,0xf79

Scan-only witness registry
  registry_count=16 registry_cap=16
  witness[00] tail=20 r61=19 gh60=0xb498d9a W1=0x38a5,0x1d99,0x2321 W2=0x37b2,0x167f,0x982
  witness[01] tail=21 r61=17 gh60=0xda08cea W1=0x3721,0x1520,0x1a80 W2=0x362e,0x2bc7,0x335f
  witness[02] tail=21 r61=19 gh60=0xbb39f6a W1=0x3f51,0x1935,0x126f W2=0x3e5e,0x1358,0x1914
  witness[03] tail=21 r61=24 gh60=0x45745aa W1=0x3cae,0x1e99,0x30a2 W2=0x3bbb,0x2dc2,0x29e8
  witness[04] tail=22 r61=17 gh60=0xc584da6 W1=0x26bc,0x1fc5,0x155d W2=0x25c9,0x377a,0x2c7
  witness[05] tail=23 r61=21 gh60=0xcb2857e W1=0x2d7,0x5b6,0x291 W2=0x1e4,0x902,0x198d
  witness[06] tail=23 r61=21 gh60=0x45a8d9e W1=0x667,0x1c44,0x7b4 W2=0x574,0x239e,0x3c5a
  witness[07] tail=25 r61=16 gh60=0xd968cba W1=0x3939,0x34c2,0x2138 W2=0x3846,0x2685,0x2558
  witness[08] tail=25 r61=19 gh60=0x496bfba W1=0x2fb9,0x1e0e,0x3f16 W2=0x2ec6,0x821,0x1d23
  witness[09] tail=25 r61=20 gh60=0xf888caa W1=0x941,0x1a42,0x3b0c W2=0x84e,0x1b71,0x1e02
  witness[10] tail=25 r61=20 gh60=0x5a54dba W1=0x1676,0x1a5e,0x1809 W2=0x1583,0xab6,0x2086
  witness[11] tail=25 r61=21 gh60=0x563859a W1=0x1285,0x34a2,0x3236 W2=0x1192,0x319b,0x729
  witness[12] tail=25 r61=21 gh60=0xcb28d7a W1=0x16d5,0x9e3,0x2623 W2=0x15e2,0x3b2,0x125b
  witness[13] tail=25 r61=22 gh60=0xda087ea W1=0xb91,0x2f10,0x25dc W2=0xa9e,0x2dde,0x2f5f
  witness[14] tail=25 r61=23 gh60=0x3f0449a W1=0xc4a,0x1cfe,0x2119 W2=0xb57,0x34a,0x2c55
  witness[15] tail=25 r61=23 gh60=0x3b0c56a W1=0x144e,0x2dc8,0x364c W2=0x135b,0x153,0xce3

Scan-only r61 registry
  registry_count=16 registry_cap=16
  r61_witness[00] r61=14 tail=31 gh60=0xd908f6a W1=0x375d,0x1174,0x324e W2=0x366a,0x987,0xf79
  r61_witness[01] r61=15 tail=28 gh60=0xd559d7e W1=0xd7,0x158,0x300e W2=0x3fe4,0x3f87,0xa41
  r61_witness[02] r61=15 tail=28 gh60=0x4a04cfa W1=0x361a,0x3e41,0x311 W2=0x3527,0x34ad,0x208c
  r61_witness[03] r61=15 tail=30 gh60=0x4664daa W1=0x672,0x3431,0x3ede W2=0x57f,0x50d,0x3d94
  r61_witness[04] r61=15 tail=38 gh60=0x4a25fea W1=0x1f92,0x89b,0x3bb1 W2=0x1e9f,0x372f,0x29ff
  r61_witness[05] r61=16 tail=25 gh60=0xd968cba W1=0x3939,0x34c2,0x2138 W2=0x3846,0x2685,0x2558
  r61_witness[06] r61=16 tail=28 gh60=0x59884ae W1=0x233f,0x2b89,0x29c9 W2=0x224c,0xc99,0x2e6c
  r61_witness[07] r61=16 tail=28 gh60=0x5a184e6 W1=0x3a1b,0x38c7,0x1ad6 W2=0x3928,0x159a,0xebe
  r61_witness[08] r61=16 tail=29 gh60=0x4a2849e W1=0x207,0x3239,0xe12 W2=0x114,0x3f2a,0x676
  r61_witness[09] r61=16 tail=30 gh60=0x4bac4a6 W1=0x334,0x1592,0x12ec W2=0x241,0x3fe,0x2d10
  r61_witness[10] r61=16 tail=30 gh60=0x4a09fea W1=0x3f8d,0x119e,0xeb W2=0x3e9a,0x29,0x34db
  r61_witness[11] r61=16 tail=32 gh60=0xc608cea W1=0x190d,0xb43,0x3764 W2=0x181a,0x1f3a,0x3ed0
  r61_witness[12] r61=16 tail=32 gh60=0xc608cea W1=0x261d,0x30af,0x9d7 W2=0x252a,0x3666,0x37cb
  r61_witness[13] r61=16 tail=33 gh60=0x4e344ea W1=0xc0e,0x20aa,0x1d86 W2=0xb1b,0x2761,0x4a6
  r61_witness[14] r61=16 tail=33 gh60=0x4be85a6 W1=0x3483,0x1761,0xe88 W2=0x3390,0x3c44,0x35bf
  r61_witness[15] r61=16 tail=35 gh60=0x3e0c4ea W1=0x31e,0x1de2,0x2109 W2=0x22b,0x295d,0xa36

D60=0 fiber histogram: 1:8053 2:4730 3:1777 4:1044 5:428 6:223 7:76 8:75 9:32 10:20 11:10 12:9 13:1 14:1 16:1 18:1
