free_word_mitm_reducedn
N=14 mask=0x3fff msb=0x2000
candidate: M0=0x3d36 mode=random-fallback fill=0x3fff kernel=dM0=dM9=0x2000
prefixes=32768/268435456 mode=permuted-prefix-sample w59_per_prefix=16384 total=536870912
run_mode=scan registry_cap=16
sample_start=95158272
scan_elapsed=18.766s rate=28.61 Mtriples/s

D60 interface
  D60=0 matches: 32285 (random expectation 32768.0, enrichment 0.985x)
  prefixes with D60=0: 16339
  max D60=0 fiber per prefix: 24 at W57=0x233e W58=0x3919
  largest D60 bucket: D=0x30a0 count=33835
  min D60 HW: 0
  D60 HW histogram: 0:32285 1:456669 2:2975628 3:11908194 4:32792521 5:65637697 6:98506215 7:112528042 8:98425709 9:65538265 10:32723142 11:11891527 12:2967886 13:454682 14:32450

Tail closure among D60=0 matches
  final tail collisions: 0
  best r61 HW: 12
  best r61 W1[57..59]=0xa8b,0x56a,0x2d7f
  best r61 W2[57..59]=0x998,0x1625,0xe52
  best tail HW: 22
  best tail r61 HW: 13
  best W1[57..59]=0x25b0,0x1339,0x2d5c
  best W2[57..59]=0x24bd,0xb41,0x3c76

SUMMARY N=14 sample_start=95158272 prefixes=32768 total=536870912 d0=32285 best_tail=22 tail_r61=13 best_r61=12 tail_W1=0x25b0,0x1339,0x2d5c tail_W2=0x24bd,0xb41,0x3c76 r61_W1=0xa8b,0x56a,0x2d7f r61_W2=0x998,0x1625,0xe52

Scan-only witness registry
  registry_count=16 registry_cap=16
  witness[00] tail=22 r61=13 gh60=0xc894bae W1=0x25b0,0x1339,0x2d5c W2=0x24bd,0xb41,0x3c76
  witness[01] tail=23 r61=17 gh60=0x4885fba W1=0x1fba,0x302d,0x1f6a W2=0x1ec7,0x2029,0x2ad6
  witness[02] tail=23 r61=17 gh60=0xc88bca6 W1=0x2f3b,0x1da,0x954 W2=0x2e48,0xa68,0x28d8
  witness[03] tail=23 r61=18 gh60=0xcd885aa W1=0x1c81,0x2aa,0x318 W2=0x1b8e,0xf42,0x2f8f
  witness[04] tail=23 r61=21 gh60=0x4af8dea W1=0x168d,0x332,0x8a0 W2=0x159a,0x2511,0x3909
  witness[05] tail=23 r61=26 gh60=0x3e2fd9a W1=0xe86,0x1d0a,0x3bd0 W2=0xd93,0x3433,0x23ec
  witness[06] tail=24 r61=14 gh60=0x466bc9a W1=0x2de9,0xf92,0x1e3d W2=0x2cf6,0x2aa2,0xf23
  witness[07] tail=24 r61=22 gh60=0xfa6dba6 W1=0x184,0x20fe,0x2b95 W2=0x91,0x23f1,0x4d1
  witness[08] tail=24 r61=22 gh60=0xd6d87fa W1=0x1399,0xa47,0x23c2 W2=0x12a6,0x1d97,0x2787
  witness[09] tail=24 r61=26 gh60=0x57dc79a W1=0x33a6,0x7bd,0x2caa W2=0x32b3,0x1999,0x775
  witness[10] tail=25 r61=18 gh60=0xc50bd6e W1=0xedf,0x21d3,0x2165 W2=0xdec,0x3892,0x2cbc
  witness[11] tail=25 r61=19 gh60=0xde885aa W1=0x481,0x1618,0x2d5e W2=0x38e,0x1430,0x3ef4
  witness[12] tail=25 r61=19 gh60=0x3969b9e W1=0x1dc7,0x2b3b,0x24f7 W2=0x1cd4,0x22a7,0x21ca
  witness[13] tail=25 r61=21 gh60=0x4b98caa W1=0x37f1,0x2be2,0x10d3 W2=0x36fe,0x3de1,0xb8c
  witness[14] tail=25 r61=24 gh60=0xfa68b9a W1=0x565,0x39c6,0x2724 W2=0x472,0x285c,0x4a
  witness[15] tail=26 r61=14 gh60=0x4c884ae W1=0x243f,0x30fd,0x3803 W2=0x234c,0x208d,0x34e8

Scan-only r61 registry
  registry_count=16 registry_cap=16
  r61_witness[00] r61=12 tail=39 gh60=0x4a085e6 W1=0xa8b,0x56a,0x2d7f W2=0x998,0x1625,0xe52
  r61_witness[01] r61=13 tail=22 gh60=0xc894bae W1=0x25b0,0x1339,0x2d5c W2=0x24bd,0xb41,0x3c76
  r61_witness[02] r61=13 tail=27 gh60=0x4d8c49a W1=0x19ea,0x15b0,0x1e58 W2=0x18f7,0x9ba,0x2e09
  r61_witness[03] r61=13 tail=28 gh60=0xc529d7a W1=0x1e59,0x1ae5,0x2850 W2=0x1d66,0x3f54,0x18ed
  r61_witness[04] r61=14 tail=24 gh60=0x466bc9a W1=0x2de9,0xf92,0x1e3d W2=0x2cf6,0x2aa2,0xf23
  r61_witness[05] r61=14 tail=26 gh60=0x4c884ae W1=0x243f,0x30fd,0x3803 W2=0x234c,0x208d,0x34e8
  r61_witness[06] r61=15 tail=32 gh60=0x4a5cc9e W1=0x35e8,0x2f40,0x83f W2=0x34f5,0x3eaf,0x18b
  r61_witness[07] r61=15 tail=34 gh60=0x4b1bf6a W1=0xfcd,0x3765,0x34df W2=0xeda,0x1480,0x1f64
  r61_witness[08] r61=16 tail=26 gh60=0xca184ee W1=0x351f,0x345e,0x111d W2=0x342c,0x2564,0x261b
  r61_witness[09] r61=16 tail=30 gh60=0x4becb9a W1=0x3586,0x2a5d,0x1c8a W2=0x3493,0x3c44,0x1950
  r61_witness[10] r61=16 tail=31 gh60=0x5a58d9e W1=0x2667,0x1d93,0x2081 W2=0x2574,0x26e5,0x3fae
  r61_witness[11] r61=16 tail=33 gh60=0x4a07ce6 W1=0x300c,0x721,0x29b7 W2=0x2f19,0x2eb2,0x3986
  r61_witness[12] r61=16 tail=36 gh60=0x4984cba W1=0x273a,0x3e98,0x35ec W2=0x2647,0x224c,0x3d28
  r61_witness[13] r61=16 tail=37 gh60=0x48a44ea W1=0x3322,0x173,0x3bfc W2=0x322f,0x17ce,0x27cf
  r61_witness[14] r61=16 tail=38 gh60=0x4607ce6 W1=0x2f0c,0x107,0xc58 W2=0x2e19,0x3a28,0x143d
  r61_witness[15] r61=16 tail=42 gh60=0x490479a W1=0x2bca,0x1b40,0x1f W2=0x2ad7,0xd54,0xd80

D60=0 fiber histogram: 1:7950 2:4731 3:1723 4:1064 5:394 6:240 7:99 8:60 9:23 10:19 11:16 12:6 13:3 14:4 15:2 16:2 18:1 21:1 24:1
