free_word_mitm_reducedn
N=14 mask=0x3fff msb=0x2000
candidate: M0=0x3d36 mode=random-fallback fill=0x3fff kernel=dM0=dM9=0x2000
prefixes=32768/268435456 mode=permuted-prefix-sample w59_per_prefix=16384 total=536870912
run_mode=scan registry_cap=16
sample_start=254902272
scan_elapsed=18.874s rate=28.45 Mtriples/s

D60 interface
  D60=0 matches: 32649 (random expectation 32768.0, enrichment 0.996x)
  prefixes with D60=0: 16550
  max D60=0 fiber per prefix: 20 at W57=0x216f W58=0x24db
  largest D60 bucket: D=0x1499 count=33799
  min D60 HW: 0
  D60 HW histogram: 0:32649 1:456515 2:2970960 3:11909038 4:32774788 5:65604303 6:98478838 7:112554716 8:98419122 9:65567934 10:32747300 11:11896769 12:2968823 13:456311 14:32846

Tail closure among D60=0 matches
  final tail collisions: 0
  best r61 HW: 14
  best r61 W1[57..59]=0x35cc,0x188d,0x2b5
  best r61 W2[57..59]=0x34d9,0x2e64,0x2239
  best tail HW: 22
  best tail r61 HW: 23
  best W1[57..59]=0x1cf2,0x2e70,0x2724
  best W2[57..59]=0x1bff,0x435,0x117d

SUMMARY N=14 sample_start=254902272 prefixes=32768 total=536870912 d0=32649 best_tail=22 tail_r61=23 best_r61=14 tail_W1=0x1cf2,0x2e70,0x2724 tail_W2=0x1bff,0x435,0x117d r61_W1=0x35cc,0x188d,0x2b5 r61_W2=0x34d9,0x2e64,0x2239

Scan-only witness registry
  registry_count=16 registry_cap=16
  witness[00] tail=22 r61=23 gh60=0x5e7c4aa W1=0x1cf2,0x2e70,0x2724 W2=0x1bff,0x435,0x117d
  witness[01] tail=24 r61=18 gh60=0x47d849e W1=0x3e7,0x1c01,0x23e3 W2=0x2f4,0x2a2c,0x1838
  witness[02] tail=24 r61=18 gh60=0x4f0449a W1=0x144a,0x31b3,0x1854 W2=0x1357,0x2771,0x1dc9
  witness[03] tail=24 r61=22 gh60=0x551856a W1=0x324d,0xbd,0x3b1c W2=0x315a,0x17eb,0x1e25
  witness[04] tail=24 r61=24 gh60=0xba18ce6 W1=0x370b,0x2c6e,0x139e W2=0x3618,0x1a84,0x8a6
  witness[05] tail=24 r61=25 gh60=0x3bdc79a W1=0x3b66,0x199c,0x120f W2=0x3a73,0x2c0a,0x27dd
  witness[06] tail=25 r61=17 gh60=0x46384ee W1=0x241f,0x170d,0x32fb W2=0x232c,0x327,0x3ccb
  witness[07] tail=25 r61=17 gh60=0x4bacb66 W1=0x25e4,0xcf6,0x21f5 W2=0x24f1,0x15f5,0x1b15
  witness[08] tail=25 r61=18 gh60=0x461c5aa W1=0x1482,0x2eb5,0xf27 W2=0x138f,0xde2,0x2979
  witness[09] tail=25 r61=19 gh60=0xca2cb9a W1=0x1986,0x3cdd,0x1415 W2=0x1893,0x80c,0x3060
  witness[10] tail=25 r61=20 gh60=0xd71876a W1=0xb51,0x36a7,0x2a07 W2=0xa5e,0x350d,0x2421
  witness[11] tail=25 r61=20 gh60=0x5e2879e W1=0x1b87,0x2f1a,0x3f71 W2=0x1a94,0x39b9,0x17bf
  witness[12] tail=25 r61=20 gh60=0x4d5457a W1=0x1cd6,0xfef,0x19e0 W2=0x1be3,0x3d24,0x813
  witness[13] tail=25 r61=22 gh60=0xc924ca6 W1=0x1744,0x155a,0xbb6 W2=0x1651,0x1197,0x2cd2
  witness[14] tail=25 r61=22 gh60=0x7998fba W1=0x27b5,0x1857,0xe14 W2=0x26c2,0x66a,0xb18
  witness[15] tail=25 r61=22 gh60=0x49d5fba W1=0x3f76,0x3337,0xa71 W2=0x3e83,0x2fcf,0x182d

Scan-only r61 registry
  registry_count=16 registry_cap=16
  r61_witness[00] r61=14 tail=26 gh60=0x490fb7a W1=0xd5a,0x3349,0x3b02 W2=0xc67,0x127d,0x248
  r61_witness[01] r61=14 tail=26 gh60=0x4e187e6 W1=0x3b93,0x3ac6,0x1b8a W2=0x3aa0,0x3723,0x1166
  r61_witness[02] r61=14 tail=27 gh60=0x490cb66 W1=0x35cc,0x188d,0x2b5 W2=0x34d9,0x2e64,0x2239
  r61_witness[03] r61=14 tail=32 gh60=0x47a476a W1=0x3be2,0x196c,0x468 W2=0x3aef,0x1edf,0x2519
  r61_witness[04] r61=15 tail=29 gh60=0x4624de6 W1=0x2694,0x3eb5,0x15e9 W2=0x25a1,0x3980,0x2881
  r61_witness[05] r61=16 tail=26 gh60=0xc8884aa W1=0x1b31,0x33ee,0x1984 W2=0x1a3e,0xbae,0x3087
  r61_witness[06] r61=16 tail=29 gh60=0xb65459e W1=0x1a68,0x3cf7,0xb82 W2=0x1975,0x113d,0x1858
  r61_witness[07] r61=16 tail=29 gh60=0x4c9ccba W1=0x263a,0x437,0x1913 W2=0x2547,0x2c2b,0x3b2e
  r61_witness[08] r61=16 tail=29 gh60=0x4e2bc9a W1=0x2f05,0x3425,0xb43 W2=0x2e12,0xb71,0x3de1
  r61_witness[09] r61=16 tail=29 gh60=0x470bb6e W1=0x31df,0x3223,0xb6a W2=0x30ec,0x1632,0x75d
  r61_witness[10] r61=16 tail=31 gh60=0xc8a849e W1=0xb27,0x2adb,0x3ddf W2=0xa34,0x2a88,0x38d0
  r61_witness[11] r61=16 tail=33 gh60=0xc50bd6a W1=0x2e51,0x3f29,0x3ee6 W2=0x2d5e,0x3018,0x303b
  r61_witness[12] r61=16 tail=34 gh60=0xc904c9a W1=0x94a,0x19ae,0x3535 W2=0x857,0x3cb9,0x3088
  r61_witness[13] r61=16 tail=36 gh60=0xc8984ae W1=0x233f,0x369c,0x3f8 W2=0x224c,0x17ac,0x2458
  r61_witness[14] r61=16 tail=40 gh60=0x760459a W1=0x2a8a,0x214e,0x1058 W2=0x2997,0xdae,0x186c
  r61_witness[15] r61=17 tail=25 gh60=0x46384ee W1=0x241f,0x170d,0x32fb W2=0x232c,0x327,0x3ccb

D60=0 fiber histogram: 1:8085 2:4747 3:1789 4:1037 5:410 6:233 7:90 8:84 9:28 10:21 11:7 12:7 13:3 14:3 15:1 16:2 17:2 20:1
