free_word_mitm_reducedn
N=14 mask=0x3fff msb=0x2000
candidate: M0=0x3d36 mode=random-fallback fill=0x3fff kernel=dM0=dM9=0x2000
prefixes=32768/268435456 mode=permuted-prefix-sample w59_per_prefix=16384 total=536870912
run_mode=scan registry_cap=16
sample_start=213745664
scan_elapsed=32.989s rate=16.27 Mtriples/s

D60 interface
  D60=0 matches: 32725 (random expectation 32768.0, enrichment 0.999x)
  prefixes with D60=0: 16485
  max D60=0 fiber per prefix: 20 at W57=0x3b98 W58=0x1dd2
  largest D60 bucket: D=0x2dba count=33767
  min D60 HW: 0
  D60 HW histogram: 0:32725 1:456747 2:2973825 3:11920993 4:32817254 5:65621848 6:98456635 7:112492464 8:98397730 9:65558967 10:32761656 11:11909729 12:2979190 13:458689 14:32460

Tail closure among D60=0 matches
  final tail collisions: 0
  best r61 HW: 12
  best r61 W1[57..59]=0x2594,0x3261,0x2205
  best r61 W2[57..59]=0x24a1,0x3cbc,0x10e1
  best tail HW: 22
  best tail r61 HW: 16
  best W1[57..59]=0x1c08,0x11f6,0x2df6
  best W2[57..59]=0x1b15,0x20e6,0x35ed

SUMMARY N=14 sample_start=213745664 prefixes=32768 total=536870912 d0=32725 best_tail=22 tail_r61=16 best_r61=12 tail_W1=0x1c08,0x11f6,0x2df6 tail_W2=0x1b15,0x20e6,0x35ed r61_W1=0x2594,0x3261,0x2205 r61_W2=0x24a1,0x3cbc,0x10e1

Scan-only witness registry
  registry_count=16 registry_cap=16
  witness[00] tail=22 r61=16 gh60=0x5e5449e W1=0x1c08,0x11f6,0x2df6 W2=0x1b15,0x20e6,0x35ed
  witness[01] tail=24 r61=16 gh60=0x4ce8d9e W1=0x38a7,0x3e30,0x2128 W2=0x37b4,0xefa,0x366a
  witness[02] tail=24 r61=19 gh60=0x3b1476a W1=0x3de,0x15ad,0x1a47 W2=0x2eb,0x1af8,0x3453
  witness[03] tail=24 r61=19 gh60=0x74a9de6 W1=0x20a3,0x68b,0x1edf W2=0x1fb0,0x1867,0x2fb6
  witness[04] tail=24 r61=22 gh60=0xf9ec4a6 W1=0x3af4,0x39b5,0x6c1 W2=0x3a01,0x3ba3,0x370
  witness[05] tail=24 r61=23 gh60=0xcf684e6 W1=0x2223,0x7dc,0x856 W2=0x2130,0x3163,0x2f6
  witness[06] tail=24 r61=25 gh60=0xb7185a6 W1=0x22c3,0x2ca7,0x224a W2=0x21d0,0x21fa,0xa80
  witness[07] tail=25 r61=19 gh60=0xbe2bb9e W1=0x3187,0x93e,0x2029 W2=0x3094,0x3016,0x29d3
  witness[08] tail=25 r61=19 gh60=0x490cc9a W1=0x374a,0x2c25,0x3c81 W2=0x3657,0x212c,0x2347
  witness[09] tail=25 r61=20 gh60=0xc577c9e W1=0xe28,0x1522,0xc63 W2=0xd35,0x793,0x147
  witness[10] tail=25 r61=20 gh60=0xca64ca6 W1=0x15f4,0x30c0,0xdf W2=0x1501,0x6d,0x599
  witness[11] tail=25 r61=23 gh60=0xf5a4daa W1=0x8b2,0x3523,0x3c9f W2=0x7bf,0x3f8f,0x82f
  witness[12] tail=25 r61=25 gh60=0x569c7ae W1=0x380,0x1bdd,0xd72 W2=0x28d,0x15a6,0xbe7
  witness[13] tail=25 r61=26 gh60=0xfa6ccfa W1=0x716,0x193c,0x3455 W2=0x623,0x3fc4,0x8e5
  witness[14] tail=26 r61=15 gh60=0xd50bd6a W1=0x10d1,0x32a4,0x36b3 W2=0xfde,0x1b93,0x2a97
  witness[15] tail=26 r61=21 gh60=0xcd7ccba W1=0x1836,0x1843,0x212 W2=0x1743,0xa07,0x141d

Scan-only r61 registry
  registry_count=16 registry_cap=16
  r61_witness[00] r61=12 tail=35 gh60=0x4e24be6 W1=0x2594,0x3261,0x2205 W2=0x24a1,0x3cbc,0x10e1
  r61_witness[01] r61=15 tail=26 gh60=0xd50bd6a W1=0x10d1,0x32a4,0x36b3 W2=0xfde,0x1b93,0x2a97
  r61_witness[02] r61=15 tail=27 gh60=0x3a3c4aa W1=0x3c02,0x2d1a,0x1294 W2=0x3b0f,0x3af,0x3aa4
  r61_witness[03] r61=15 tail=31 gh60=0x4707b66 W1=0x315c,0xf93,0x32 W2=0x3069,0x3e0,0x10b9
  r61_witness[04] r61=16 tail=22 gh60=0x5e5449e W1=0x1c08,0x11f6,0x2df6 W2=0x1b15,0x20e6,0x35ed
  r61_witness[05] r61=16 tail=24 gh60=0x4ce8d9e W1=0x38a7,0x3e30,0x2128 W2=0x37b4,0xefa,0x366a
  r61_witness[06] r61=16 tail=29 gh60=0xf4b8caa W1=0x282d,0x3f04,0x13a5 W2=0x273a,0x13f,0x31de
  r61_witness[07] r61=16 tail=34 gh60=0x4a184a6 W1=0xb03,0x37d0,0x3b44 W2=0xa10,0x39cd,0x1b21
  r61_witness[08] r61=16 tail=34 gh60=0x4704b7a W1=0x39da,0x3c99,0x3be8 W2=0x38e7,0x3e89,0x352b
  r61_witness[09] r61=16 tail=35 gh60=0x5e04b9a W1=0x58a,0x65e,0x11d1 W2=0x497,0x3775,0x600
  r61_witness[10] r61=16 tail=36 gh60=0x596bbba W1=0x11b5,0x1a3d,0x3d5b W2=0x10c2,0x3d94,0x3ff9
  r61_witness[11] r61=16 tail=36 gh60=0x4a3fbe6 W1=0x2d94,0x3d9,0x2cf3 W2=0x2ca1,0xba,0x6c6
  r61_witness[12] r61=17 tail=30 gh60=0x4f84ba6 W1=0x35ac,0x28bf,0x15a1 W2=0x34b9,0x84,0x150b
  r61_witness[13] r61=17 tail=31 gh60=0xc508d66 W1=0x16cb,0x18ed,0x19fb W2=0x15d8,0x2bb,0x256f
  r61_witness[14] r61=17 tail=31 gh60=0x4884cba W1=0x173a,0x1d3c,0x135d W2=0x1647,0x10f4,0x1f7
  r61_witness[15] r61=17 tail=31 gh60=0x4a885aa W1=0x327d,0x215f,0x3902 W2=0x318a,0x3bf3,0x2c27

D60=0 fiber histogram: 1:8023 2:4651 3:1803 4:1092 5:431 6:242 7:95 8:74 9:40 10:15 11:7 12:4 13:2 14:2 16:1 17:2 20:1
