free_word_mitm_reducedn
N=14 mask=0x3fff msb=0x2000
candidate: M0=0x3d36 mode=random-fallback fill=0x3fff kernel=dM0=dM9=0x2000
prefixes=32768/268435456 mode=permuted-prefix-sample w59_per_prefix=16384 total=536870912
run_mode=scan registry_cap=16
sample_start=20807680
scan_elapsed=19.864s rate=27.03 Mtriples/s

D60 interface
  D60=0 matches: 32435 (random expectation 32768.0, enrichment 0.990x)
  prefixes with D60=0: 16417
  max D60=0 fiber per prefix: 22 at W57=0x8cb W58=0x3c31
  largest D60 bucket: D=0x5ea count=33678
  min D60 HW: 0
  D60 HW histogram: 0:32435 1:456750 2:2977746 3:11916601 4:32790882 5:65614741 6:98469304 7:112552838 8:98405878 9:65549541 10:32733010 11:11905133 12:2975515 13:457699 14:32839

Tail closure among D60=0 matches
  final tail collisions: 0
  best r61 HW: 13
  best r61 W1[57..59]=0x1e39,0x30d0,0x23ea
  best r61 W2[57..59]=0x1d46,0x174f,0x1c0f
  best tail HW: 22
  best tail r61 HW: 21
  best W1[57..59]=0x2a8,0x3be6,0x289c
  best W2[57..59]=0x1b5,0x46,0x31b2

SUMMARY N=14 sample_start=20807680 prefixes=32768 total=536870912 d0=32435 best_tail=22 tail_r61=21 best_r61=13 tail_W1=0x2a8,0x3be6,0x289c tail_W2=0x1b5,0x46,0x31b2 r61_W1=0x1e39,0x30d0,0x23ea r61_W2=0x1d46,0x174f,0x1c0f

Scan-only witness registry
  registry_count=16 registry_cap=16
  witness[00] tail=22 r61=14 gh60=0x4604be6 W1=0x398c,0xda8,0x3eed W2=0x3899,0x1ff7,0x3580
  witness[01] tail=22 r61=16 gh60=0x44a84ba W1=0x3439,0x1cef,0x2d4 W2=0x3346,0x1171,0x61f
  witness[02] tail=22 r61=21 gh60=0xdb7459e W1=0x2a8,0x3be6,0x289c W2=0x1b5,0x46,0x31b2
  witness[03] tail=23 r61=21 gh60=0xca0ccee W1=0x1820,0x1a93,0x2547 W2=0x172d,0x35b,0x2c0b
  witness[04] tail=23 r61=22 gh60=0x4eb5cba W1=0xf6,0x2079,0x3b00 W2=0x3,0x179,0x3553
  witness[05] tail=24 r61=14 gh60=0x4a0c4ee W1=0x1320,0xfa8,0xcd7 W2=0x122d,0xc3f,0x2d47
  witness[06] tail=24 r61=17 gh60=0x4e6fb6a W1=0x3162,0x3064,0x18b0 W2=0x306f,0xc78,0x10ab
  witness[07] tail=24 r61=20 gh60=0xb508566 W1=0x2cb,0x2b2c,0x27b W2=0x1d8,0x3d75,0x2c8
  witness[08] tail=24 r61=20 gh60=0xc989bae W1=0x3dbf,0x1689,0xe70 W2=0x3ccc,0xb94,0x17cd
  witness[09] tail=24 r61=22 gh60=0xc8abbe6 W1=0xda3,0x1af9,0x2c3c W2=0xcb0,0xe61,0x389e
  witness[10] tail=24 r61=23 gh60=0x78b8fa6 W1=0x7ab,0x1844,0x1f01 W2=0x6b8,0x3e98,0x990
  witness[11] tail=25 r61=13 gh60=0xcd69cba W1=0x1e39,0x30d0,0x23ea W2=0x1d46,0x174f,0x1c0f
  witness[12] tail=25 r61=14 gh60=0x4908f66 W1=0x37db,0x27f0,0x17b W2=0x36e8,0x181a,0x1774
  witness[13] tail=25 r61=15 gh60=0x4a6bc9a W1=0x1009,0x2777,0x34bc W2=0xf16,0x34c7,0x1262
  witness[14] tail=25 r61=17 gh60=0x44a84ba W1=0x3439,0x1cef,0x22d4 W2=0x3346,0x1171,0x261f
  witness[15] tail=25 r61=18 gh60=0xcf0bf66 W1=0x2fdb,0x1678,0xef2 W2=0x2ee8,0x2d24,0x3772

Scan-only r61 registry
  registry_count=16 registry_cap=16
  r61_witness[00] r61=13 tail=25 gh60=0xcd69cba W1=0x1e39,0x30d0,0x23ea W2=0x1d46,0x174f,0x1c0f
  r61_witness[01] r61=14 tail=22 gh60=0x4604be6 W1=0x398c,0xda8,0x3eed W2=0x3899,0x1ff7,0x3580
  r61_witness[02] r61=14 tail=24 gh60=0x4a0c4ee W1=0x1320,0xfa8,0xcd7 W2=0x122d,0xc3f,0x2d47
  r61_witness[03] r61=14 tail=25 gh60=0x4908f66 W1=0x37db,0x27f0,0x17b W2=0x36e8,0x181a,0x1774
  r61_witness[04] r61=14 tail=31 gh60=0x4708d66 W1=0x65b,0x5a5,0x3ba W2=0x568,0x2343,0x256
  r61_witness[05] r61=15 tail=25 gh60=0x4a6bc9a W1=0x1009,0x2777,0x34bc W2=0xf16,0x34c7,0x1262
  r61_witness[06] r61=15 tail=29 gh60=0x54a44e6 W1=0x3a24,0x2423,0xeb0 W2=0x3931,0x2c95,0x17df
  r61_witness[07] r61=15 tail=31 gh60=0x7a084ea W1=0xa21,0x31b6,0x3839 W2=0x92e,0x33b0,0x3f39
  r61_witness[08] r61=16 tail=22 gh60=0x44a84ba W1=0x3439,0x1cef,0x2d4 W2=0x3346,0x1171,0x61f
  r61_witness[09] r61=16 tail=27 gh60=0x47684ba W1=0x2435,0x36c2,0xdc5 W2=0x2342,0x1d7c,0x3928
  r61_witness[10] r61=16 tail=28 gh60=0xcd1fd9a W1=0x10ca,0x17f4,0x197d W2=0xfd7,0x34a1,0x2855
  r61_witness[11] r61=16 tail=29 gh60=0x4488ca6 W1=0x162b,0x35f8,0x3955 W2=0x1538,0x1594,0x1990
  r61_witness[12] r61=16 tail=29 gh60=0x4a1849a W1=0x2d05,0x17cc,0x148a W2=0x2c12,0x3e93,0x505
  r61_witness[13] r61=16 tail=30 gh60=0xca885ae W1=0x1c6f,0x1f5,0x83b W2=0x1b7c,0x37bd,0x19d5
  r61_witness[14] r61=16 tail=30 gh60=0xdf08b66 W1=0x395b,0x2d2c,0x2c88 W2=0x3868,0x2fe,0x579
  r61_witness[15] r61=16 tail=31 gh60=0x4989caa W1=0x1f01,0x3dd3,0x21af W2=0x1e0e,0x402,0x3a

D60=0 fiber histogram: 1:8023 2:4668 3:1796 4:1060 5:387 6:238 7:97 8:77 9:22 10:15 11:10 12:11 13:5 14:2 15:1 16:1 18:3 22:1
