free_word_mitm_reducedn
N=14 mask=0x3fff msb=0x2000
candidate: M0=0x3d36 mode=random-fallback fill=0x3fff kernel=dM0=dM9=0x2000
prefixes=32768/268435456 mode=permuted-prefix-sample w59_per_prefix=16384 total=536870912
run_mode=scan registry_cap=16
sample_start=76218368
scan_elapsed=15.594s rate=34.43 Mtriples/s

D60 interface
  D60=0 matches: 32633 (random expectation 32768.0, enrichment 0.996x)
  prefixes with D60=0: 16565
  max D60=0 fiber per prefix: 17 at W57=0x3e4e W58=0x3619
  largest D60 bucket: D=0x2a40 count=33969
  min D60 HW: 0
  D60 HW histogram: 0:32633 1:457201 2:2977057 3:11921650 4:32821340 5:65641239 6:98462881 7:112504927 8:98398312 9:65555333 10:32736734 11:11898199 12:2973298 13:457327 14:32781

Tail closure among D60=0 matches
  final tail collisions: 0
  best r61 HW: 13
  best r61 W1[57..59]=0x14bc,0x2ce8,0x3931
  best r61 W2[57..59]=0x13c9,0x331e,0xdd3
  best tail HW: 22
  best tail r61 HW: 18
  best W1[57..59]=0x2a1e,0x1fa6,0x21be
  best W2[57..59]=0x292b,0x27d1,0x102b

SUMMARY N=14 sample_start=76218368 prefixes=32768 total=536870912 d0=32633 best_tail=22 tail_r61=18 best_r61=13 tail_W1=0x2a1e,0x1fa6,0x21be tail_W2=0x292b,0x27d1,0x102b r61_W1=0x14bc,0x2ce8,0x3931 r61_W2=0x13c9,0x331e,0xdd3

Scan-only witness registry
  registry_count=16 registry_cap=16
  witness[00] tail=22 r61=18 gh60=0xd6144ea W1=0x2a1e,0x1fa6,0x21be W2=0x292b,0x27d1,0x102b
  witness[01] tail=23 r61=19 gh60=0x48d5bbe W1=0x1db8,0x3967,0x396b W2=0x1cc5,0x336f,0x23a7
  witness[02] tail=24 r61=21 gh60=0x7b6fda6 W1=0x30b4,0x1bbc,0x3da6 W2=0x2fc1,0x1e8f,0x3a78
  witness[03] tail=24 r61=23 gh60=0x7f78c9a W1=0x3725,0x10b9,0xe8c W2=0x3632,0x3bf,0x2e13
  witness[04] tail=24 r61=25 gh60=0x4579d66 W1=0x3e4b,0x24a6,0x3a8f W2=0x3d58,0x56,0x1548
  witness[05] tail=25 r61=16 gh60=0x46a84ba W1=0x33f9,0x1acc,0x3e7f W2=0x3306,0xfca,0x3ba9
  witness[06] tail=25 r61=17 gh60=0x4fa85be W1=0x3477,0x3a45,0x261c W2=0x3384,0xf8b,0x17b
  witness[07] tail=25 r61=18 gh60=0xc7e9c9a W1=0x1f05,0x3a93,0x2450 W2=0x1e12,0x21db,0x198d
  witness[08] tail=25 r61=18 gh60=0xf704b66 W1=0x25dc,0x2fda,0x2d49 W2=0x24e9,0x39a9,0x1537
  witness[09] tail=25 r61=18 gh60=0xca08cea W1=0x260d,0x1056,0x3d94 W2=0x251a,0x1719,0xb95
  witness[10] tail=25 r61=19 gh60=0xd6bc4ba W1=0x29f6,0x3383,0x22a2 W2=0x2903,0x16c6,0x1e4a
  witness[11] tail=25 r61=20 gh60=0xcbec5aa W1=0x1ab2,0xff4,0x38be W2=0x19bf,0x2ba1,0x245a
  witness[12] tail=25 r61=21 gh60=0xcab84a6 W1=0x9eb,0x15b6,0x1f38 W2=0x8f8,0x2291,0x1688
  witness[13] tail=25 r61=21 gh60=0x4a085ea W1=0xa91,0x1d67,0x2223 W2=0x99e,0x1685,0x6e9
  witness[14] tail=25 r61=21 gh60=0xcd1856e W1=0x1c4f,0x1da5,0x13e5 W2=0x1b5c,0xeef,0x2935
  witness[15] tail=25 r61=22 gh60=0xd8884ae W1=0x2b2f,0x1ca8,0x399e W2=0x2a3c,0x3b48,0x195b

Scan-only r61 registry
  registry_count=16 registry_cap=16
  r61_witness[00] r61=13 tail=32 gh60=0x44845a6 W1=0x14bc,0x2ce8,0x3931 W2=0x13c9,0x331e,0xdd3
  r61_witness[01] r61=15 tail=29 gh60=0xcc845a6 W1=0x12bc,0x288a,0x3644 W2=0x11c9,0xcc0,0x150a
  r61_witness[02] r61=15 tail=33 gh60=0x4a07c9a W1=0xf0a,0x1095,0x2d98 W2=0xe17,0x239a,0xf53
  r61_witness[03] r61=15 tail=33 gh60=0xc898baa W1=0x35ad,0x11f7,0x1498 W2=0x34ba,0x120a,0x1dbc
  r61_witness[04] r61=15 tail=33 gh60=0xcb08d66 W1=0x36db,0x1f44,0xa2b W2=0x35e8,0x1fe,0x1e78
  r61_witness[05] r61=15 tail=34 gh60=0x4d68dbe W1=0x26b7,0x1f2f,0x1fcd W2=0x25c4,0x26e6,0x972
  r61_witness[06] r61=16 tail=25 gh60=0x46a84ba W1=0x33f9,0x1acc,0x3e7f W2=0x3306,0xfca,0x3ba9
  r61_witness[07] r61=16 tail=26 gh60=0xfd1856a W1=0x2c5d,0x2de0,0x35 W2=0x2b6a,0x2d6,0x281b
  r61_witness[08] r61=16 tail=28 gh60=0xcb0dd66 W1=0x20dc,0x28da,0x209d W2=0x1fe9,0x1efb,0x2c81
  r61_witness[09] r61=16 tail=31 gh60=0xca07de6 W1=0x108c,0x3965,0x19f W2=0xf99,0x171e,0xf7a
  r61_witness[10] r61=16 tail=31 gh60=0x462859a W1=0x1489,0x2cc3,0x12b8 W2=0x1396,0x1b40,0x2a
  r61_witness[11] r61=16 tail=32 gh60=0xd48cca6 W1=0x82c,0x69e,0xc7c W2=0x739,0xbb,0x283d
  r61_witness[12] r61=16 tail=33 gh60=0x4a08cee W1=0x391f,0x2a5b,0x104e W2=0x382c,0x1722,0x3e32
  r61_witness[13] r61=16 tail=34 gh60=0x4a99baa W1=0x217d,0x3b84,0x224c W2=0x208a,0x2a37,0x1456
  r61_witness[14] r61=16 tail=34 gh60=0x5a08cee W1=0x360f,0x16da,0x3568 W2=0x351c,0x18c5,0xd4d
  r61_witness[15] r61=16 tail=36 gh60=0x48a849a W1=0x3325,0x7fd,0xdaa W2=0x3232,0x4,0x2cfa

D60=0 fiber histogram: 1:8033 2:4819 3:1782 4:1089 5:391 6:218 7:86 8:66 9:29 10:23 11:10 12:6 13:2 14:2 15:5 16:3 17:1
