free_word_mitm_reducedn
N=14 mask=0x3fff msb=0x2000
candidate: M0=0x3d36 mode=random-fallback fill=0x3fff kernel=dM0=dM9=0x2000
prefixes=32768/268435456 mode=permuted-prefix-sample w59_per_prefix=16384 total=536870912
run_mode=scan registry_cap=16
sample_start=180486144
scan_elapsed=15.707s rate=34.18 Mtriples/s

D60 interface
  D60=0 matches: 32692 (random expectation 32768.0, enrichment 0.998x)
  prefixes with D60=0: 16560
  max D60=0 fiber per prefix: 24 at W57=0x3d55 W58=0x2691
  largest D60 bucket: D=0x27b8 count=33837
  min D60 HW: 0
  D60 HW histogram: 0:32692 1:456938 2:2969896 3:11902405 4:32755102 5:65575237 6:98435571 7:112516580 8:98438298 9:65616679 10:32788102 11:11915692 12:2978489 13:456313 14:32918

Tail closure among D60=0 matches
  final tail collisions: 0
  best r61 HW: 11
  best r61 W1[57..59]=0x100f,0x21d7,0x478
  best r61 W2[57..59]=0xf1c,0x3f42,0x12a9
  best tail HW: 22
  best tail r61 HW: 23
  best W1[57..59]=0x154e,0x3a89,0x28a4
  best W2[57..59]=0x145b,0x1085,0x9a4

SUMMARY N=14 sample_start=180486144 prefixes=32768 total=536870912 d0=32692 best_tail=22 tail_r61=23 best_r61=11 tail_W1=0x154e,0x3a89,0x28a4 tail_W2=0x145b,0x1085,0x9a4 r61_W1=0x100f,0x21d7,0x478 r61_W2=0xf1c,0x3f42,0x12a9

Scan-only witness registry
  registry_count=16 registry_cap=16
  witness[00] tail=22 r61=23 gh60=0x49fcb6a W1=0x154e,0x3a89,0x28a4 W2=0x145b,0x1085,0x9a4
  witness[01] tail=23 r61=26 gh60=0x596c4aa W1=0x3d32,0x3360,0x1db W2=0x3c3f,0xaa5,0x2b6
  witness[02] tail=23 r61=30 gh60=0xbe68f9a W1=0x3789,0xb66,0x3028 W2=0x3696,0x1b3c,0x2cd7
  witness[03] tail=24 r61=19 gh60=0x4a084e6 W1=0x3d1b,0x9e6,0x36ca W2=0x3c28,0x18a9,0xfe1
  witness[04] tail=24 r61=23 gh60=0xc71cda6 W1=0x16c4,0x15b7,0x38f0 W2=0x15d1,0x1e1c,0x387a
  witness[05] tail=24 r61=24 gh60=0x3fe84fe W1=0x317,0x13c4,0x1a3d W2=0x224,0x135c,0x2115
  witness[06] tail=24 r61=27 gh60=0xc7e8cfa W1=0x915,0x3d4a,0xec1 W2=0x822,0x1dbd,0x2705
  witness[07] tail=24 r61=27 gh60=0xbae859a W1=0x1a69,0x322b,0x17d2 W2=0x1976,0x1e60,0x3980
  witness[08] tail=24 r61=28 gh60=0xdd7bcbe W1=0xe37,0x99c,0x7f4 W2=0xd44,0xff7,0x3717
  witness[09] tail=25 r61=19 gh60=0x490bf6a W1=0xfe1,0x12ce,0x3828 W2=0xeee,0x3fdd,0x2e8
  witness[10] tail=25 r61=21 gh60=0xbaecc9a W1=0x1706,0x34f1,0x69b W2=0x1613,0x28c0,0x3b22
  witness[11] tail=25 r61=21 gh60=0x4e07bfa W1=0x2d9a,0x3c24,0x2772 W2=0x2ca7,0x19f0,0x1d25
  witness[12] tail=25 r61=23 gh60=0xd79c4ba W1=0xafa,0x14f1,0x9a W2=0xa07,0x3e28,0x3349
  witness[13] tail=25 r61=24 gh60=0xb7b9dae W1=0x206f,0x222b,0x1baa W2=0x1f7c,0x676,0x2917
  witness[14] tail=25 r61=26 gh60=0xf999b9a W1=0x3d65,0x3770,0x129 W2=0x3c72,0x2b08,0x1982
  witness[15] tail=26 r61=14 gh60=0xd784d9a W1=0x8aa,0x23,0x36cf W2=0x7b7,0x2916,0x17c3

Scan-only r61 registry
  registry_count=16 registry_cap=16
  r61_witness[00] r61=11 tail=27 gh60=0x4a0bcee W1=0x100f,0x21d7,0x478 W2=0xf1c,0x3f42,0x12a9
  r61_witness[01] r61=13 tail=28 gh60=0xc609bee W1=0x19f,0x1502,0x2a99 W2=0xac,0x981,0x1781
  r61_witness[02] r61=14 tail=26 gh60=0xd784d9a W1=0x8aa,0x23,0x36cf W2=0x7b7,0x2916,0x17c3
  r61_witness[03] r61=14 tail=32 gh60=0x4b0bb66 W1=0xdcb,0x1aab,0x325e W2=0xcd8,0x1107,0x3b47
  r61_witness[04] r61=14 tail=38 gh60=0x4a0459a W1=0x48a,0x15a9,0x1f39 W2=0x397,0x3ff,0x26ce
  r61_witness[05] r61=15 tail=30 gh60=0x3f884a6 W1=0x33eb,0x3a2,0x1243 W2=0x32f8,0x17f,0x17fa
  r61_witness[06] r61=15 tail=32 gh60=0xc8887aa W1=0x13ad,0x25b0,0x112c W2=0x12ba,0x2904,0x283c
  r61_witness[07] r61=16 tail=26 gh60=0x4e184ee W1=0xd0f,0x1f35,0x2d1a W2=0xc1c,0x39cb,0x2dec
  r61_witness[08] r61=16 tail=26 gh60=0x5988cae W1=0x193f,0x2430,0x3d17 W2=0x184c,0xe7f,0x2d34
  r61_witness[09] r61=16 tail=28 gh60=0xca87fa6 W1=0x2f6c,0x2d8e,0x146a W2=0x2e79,0x8dd,0x1aea
  r61_witness[10] r61=16 tail=30 gh60=0xba0fcfa W1=0xf1a,0x3f6b,0x3e7e W2=0xe27,0xe2f,0x2a03
  r61_witness[11] r61=16 tail=33 gh60=0x38884aa W1=0x3d31,0x3dab,0x20b7 W2=0x3c3e,0x14eb,0x34e4
  r61_witness[12] r61=16 tail=35 gh60=0x5f09d66 W1=0x3ecb,0x3dd4,0x3517 W2=0x3dd8,0x119c,0x1a8f
  r61_witness[13] r61=16 tail=40 gh60=0x4988caa W1=0x18ed,0x3417,0x2435 W2=0x17fa,0x612,0x35b9
  r61_witness[14] r61=17 tail=27 gh60=0x4a39bea W1=0x219d,0x3363,0x1a86 W2=0x20aa,0x201e,0x2
  r61_witness[15] r61=17 tail=28 gh60=0x5957b9a W1=0x11a6,0xca2,0x1806 W2=0x10b3,0x3afb,0x1d6d

D60=0 fiber histogram: 1:7933 2:4849 3:1840 4:1086 5:433 6:213 7:71 8:74 9:20 10:20 11:6 12:7 13:2 14:1 16:1 18:2 19:1 24:1
