free_word_mitm_reducedn
N=14 mask=0x3fff msb=0x2000
candidate: M0=0x3d36 mode=random-fallback fill=0x3fff kernel=dM0=dM9=0x2000
prefixes=32768/268435456 mode=permuted-prefix-sample w59_per_prefix=16384 total=536870912
run_mode=scan registry_cap=16
sample_start=214040576
scan_elapsed=15.833s rate=33.91 Mtriples/s

D60 interface
  D60=0 matches: 32766 (random expectation 32768.0, enrichment 1.000x)
  prefixes with D60=0: 16566
  max D60=0 fiber per prefix: 24 at W57=0x1af3 W58=0x35b
  largest D60 bucket: D=0x31db count=34020
  min D60 HW: 0
  D60 HW histogram: 0:32766 1:457057 2:2977218 3:11909965 4:32791333 5:65620976 6:98424069 7:112488845 8:98425898 9:65590833 10:32786196 11:11904231 12:2972717 13:456047 14:32761

Tail closure among D60=0 matches
  final tail collisions: 0
  best r61 HW: 11
  best r61 W1[57..59]=0x7df,0xd98,0x29de
  best r61 W2[57..59]=0x6ec,0xc3,0xc45
  best tail HW: 21
  best tail r61 HW: 25
  best W1[57..59]=0x1375,0x1884,0x24e4
  best W2[57..59]=0x1282,0x1bc6,0x678

SUMMARY N=14 sample_start=214040576 prefixes=32768 total=536870912 d0=32766 best_tail=21 tail_r61=25 best_r61=11 tail_W1=0x1375,0x1884,0x24e4 tail_W2=0x1282,0x1bc6,0x678 r61_W1=0x7df,0xd98,0x29de r61_W2=0x6ec,0xc3,0xc45

Scan-only witness registry
  registry_count=16 registry_cap=16
  witness[00] tail=21 r61=25 gh60=0xcaf87ba W1=0x1375,0x1884,0x24e4 W2=0x1282,0x1bc6,0x678
  witness[01] tail=22 r61=21 gh60=0xca184ee W1=0x2b1f,0x11c0,0x2aef W2=0x2a2c,0x31ca,0x2f76
  witness[02] tail=23 r61=20 gh60=0x479ffaa W1=0x2fae,0x38b3,0xdc4 W2=0x2ebb,0x1fbb,0x31d1
  witness[03] tail=23 r61=22 gh60=0x4beccba W1=0x936,0x34e7,0x1dba W2=0x843,0x16e7,0x2250
  witness[04] tail=23 r61=24 gh60=0xc98c7ba W1=0x3b7a,0x1d0d,0xd9e W2=0x3a87,0x2058,0x3c2b
  witness[05] tail=24 r61=20 gh60=0xcdb859a W1=0x4a9,0x3188,0x2409 W2=0x3b6,0xf37,0x1b94
  witness[06] tail=24 r61=20 gh60=0xcb04d66 W1=0x28cc,0x2794,0x1ca1 W2=0x27d9,0x1bc7,0x22f2
  witness[07] tail=24 r61=22 gh60=0xbb1cd6e W1=0x860,0x3a99,0x11b5 W2=0x76d,0x1ddd,0x2422
  witness[08] tail=24 r61=23 gh60=0xc7a4f6a W1=0x1762,0x3eee,0x1335 W2=0x166f,0x322,0x14a0
  witness[09] tail=25 r61=17 gh60=0x48afba6 W1=0x11b4,0x25d8,0x3b32 W2=0x10c1,0x1533,0x2f78
  witness[10] tail=25 r61=18 gh60=0x5e1c5ee W1=0x32a0,0xe0a,0x15ae W2=0x31ad,0xb9,0x16ec
  witness[11] tail=25 r61=19 gh60=0x47e45a6 W1=0x474,0x5f9,0x18f6 W2=0x381,0x1abd,0x14ed
  witness[12] tail=25 r61=19 gh60=0x4a247aa W1=0x2b82,0x86d,0x1218 W2=0x2a8f,0x3a5a,0x1270
  witness[13] tail=25 r61=21 gh60=0xcaf87ba W1=0x1375,0x1884,0x2f2c W2=0x1282,0x1bc6,0x10c0
  witness[14] tail=25 r61=22 gh60=0xcca44a6 W1=0x1434,0x256d,0x17a3 W2=0x1341,0x14d9,0x32ca
  witness[15] tail=25 r61=24 gh60=0xcf3856a W1=0xcdd,0x3104,0xc6b W2=0xbea,0x41a,0x23ab

Scan-only r61 registry
  registry_count=16 registry_cap=16
  r61_witness[00] r61=11 tail=29 gh60=0x4b08f6e W1=0x7df,0xd98,0x29de W2=0x6ec,0xc3,0xc45
  r61_witness[01] r61=14 tail=26 gh60=0x4f18566 W1=0x44b,0x2fe2,0x1566 W2=0x358,0x2c33,0x18b0
  r61_witness[02] r61=14 tail=41 gh60=0x4a185ea W1=0x2c91,0x25c6,0x1bf6 W2=0x2b9e,0x2264,0xc8b
  r61_witness[03] r61=15 tail=30 gh60=0x5b1bf7a W1=0x2f55,0x2fff,0x1225 W2=0x2e62,0xe1a,0x1731
  r61_witness[04] r61=15 tail=31 gh60=0xcb945aa W1=0x3cbe,0x25f5,0x1df6 W2=0x3bcb,0x340e,0x28
  r61_witness[05] r61=15 tail=32 gh60=0x4a1c5aa W1=0x3482,0x1829,0x32e1 W2=0x338f,0x3556,0x98f
  r61_witness[06] r61=16 tail=27 gh60=0x46ebce6 W1=0x3113,0x1138,0x3ca2 W2=0x3020,0x1858,0x36eb
  r61_witness[07] r61=16 tail=28 gh60=0xfd0cd9a W1=0x16ca,0x209d,0x22f6 W2=0x15d7,0x1fcc,0x3b0f
  r61_witness[08] r61=16 tail=28 gh60=0xda0bbe6 W1=0x2d8b,0x124,0xb05 W2=0x2c98,0x3df4,0xd13
  r61_witness[09] r61=16 tail=29 gh60=0x5a084ea W1=0xb1d,0x2c37,0x3b5b W2=0xa2a,0x321d,0x1aff
  r61_witness[10] r61=16 tail=29 gh60=0x588449a W1=0x2d2a,0x2e0b,0x36b5 W2=0x2c37,0x1455,0x130b
  r61_witness[11] r61=16 tail=32 gh60=0xc50856e W1=0x2c4f,0x2a1,0x876 W2=0x2b5c,0x26ef,0x14d8
  r61_witness[12] r61=16 tail=34 gh60=0x4908b6a W1=0x1551,0x37e7,0x8bc W2=0x145e,0xa22,0x1f0c
  r61_witness[13] r61=16 tail=36 gh60=0x4a084ea W1=0xd0d,0x1fb6,0x27d6 W2=0xc1a,0x2228,0x30af
  r61_witness[14] r61=17 tail=25 gh60=0x48afba6 W1=0x11b4,0x25d8,0x3b32 W2=0x10c1,0x1533,0x2f78
  r61_witness[15] r61=17 tail=26 gh60=0x4b18d6a W1=0x365d,0x5c2,0x226e W2=0x356a,0x2025,0x36eb

D60=0 fiber histogram: 1:8018 2:4793 3:1813 4:1072 5:420 6:210 7:71 8:85 9:30 10:29 11:6 12:9 13:3 14:3 18:1 19:1 22:1 24:1
