free_word_mitm_reducedn
N=14 mask=0x3fff msb=0x2000
candidate: M0=0x3d36 mode=random-fallback fill=0x3fff kernel=dM0=dM9=0x2000
prefixes=32768/268435456 mode=permuted-prefix-sample w59_per_prefix=16384 total=536870912
run_mode=scan registry_cap=16
sample_start=88211456
scan_elapsed=15.682s rate=34.24 Mtriples/s

D60 interface
  D60=0 matches: 32827 (random expectation 32768.0, enrichment 1.002x)
  prefixes with D60=0: 16678
  max D60=0 fiber per prefix: 20 at W57=0x1f08 W58=0x1812
  largest D60 bucket: D=0xa86 count=33819
  min D60 HW: 0
  D60 HW histogram: 0:32827 1:459197 2:2983646 3:11926624 4:32810061 5:65606220 6:98419954 7:112471749 8:98383566 9:65586814 10:32788296 11:11928490 12:2981977 13:458585 14:32906

Tail closure among D60=0 matches
  final tail collisions: 0
  best r61 HW: 13
  best r61 W1[57..59]=0x1fd4,0x2c3d,0x37d8
  best r61 W2[57..59]=0x1ee1,0x160e,0x7ce
  best tail HW: 20
  best tail r61 HW: 19
  best W1[57..59]=0x35e1,0x13dd,0x101f
  best W2[57..59]=0x34ee,0x260c,0x2cd7

SUMMARY N=14 sample_start=88211456 prefixes=32768 total=536870912 d0=32827 best_tail=20 tail_r61=19 best_r61=13 tail_W1=0x35e1,0x13dd,0x101f tail_W2=0x34ee,0x260c,0x2cd7 r61_W1=0x1fd4,0x2c3d,0x37d8 r61_W2=0x1ee1,0x160e,0x7ce

Scan-only witness registry
  registry_count=16 registry_cap=16
  witness[00] tail=20 r61=19 gh60=0xdb08b6a W1=0x35e1,0x13dd,0x101f W2=0x34ee,0x260c,0x2cd7
  witness[01] tail=21 r61=24 gh60=0x5e547be W1=0x1378,0x33f7,0x1ed7 W2=0x1285,0x3f4e,0x3504
  witness[02] tail=22 r61=13 gh60=0xc8a4fa6 W1=0x37b4,0x3afc,0x388a W2=0x36c1,0x3051,0x755
  witness[03] tail=22 r61=23 gh60=0xd9a44a6 W1=0x3cf4,0x578,0x1c44 W2=0x3c01,0x2566,0x2dbb
  witness[04] tail=23 r61=19 gh60=0x4d29d9e W1=0xc7,0x2d0b,0x2195 W2=0x3fd4,0x2b8f,0x223
  witness[05] tail=23 r61=21 gh60=0x45d4dba W1=0x16b6,0x1a6c,0xb82 W2=0x15c3,0xa58,0x3d22
  witness[06] tail=24 r61=13 gh60=0xc91df66 W1=0x1fd4,0x2c3d,0x37d8 W2=0x1ee1,0x160e,0x7ce
  witness[07] tail=24 r61=17 gh60=0x4e645e6 W1=0x1294,0xc5e,0xde4 W2=0x11a1,0xe2e,0x3f9a
  witness[08] tail=24 r61=19 gh60=0x78884a6 W1=0xb2b,0x2382,0x1a42 W2=0xa38,0x3dd,0x39bc
  witness[09] tail=24 r61=22 gh60=0xd68dbaa W1=0x3d6e,0x1dc9,0xc6b W2=0x3c7b,0x1c65,0xbb6
  witness[10] tail=24 r61=27 gh60=0x55fc4aa W1=0x2b02,0xf60,0x9ef W2=0x2a0f,0x17b5,0x969
  witness[11] tail=25 r61=16 gh60=0xc56859e W1=0x1cc7,0x2a2f,0x841 W2=0x1bd4,0xba,0x3588
  witness[12] tail=25 r61=19 gh60=0x5a3bdfe W1=0x3097,0x1b68,0x1725 W2=0x2fa4,0x122f,0x3861
  witness[13] tail=25 r61=21 gh60=0xcbd7c9e W1=0xfe8,0x2154,0x1103 W2=0xef5,0x1245,0x341
  witness[14] tail=25 r61=21 gh60=0xde0bcea W1=0x301d,0x317,0x1ee W2=0x2f2a,0x3a46,0x3687
  witness[15] tail=25 r61=21 gh60=0xcd1bd9a W1=0x30c5,0x2e5c,0x300c W2=0x2fd2,0x700,0x34d8

Scan-only r61 registry
  registry_count=16 registry_cap=16
  r61_witness[00] r61=13 tail=22 gh60=0xc8a4fa6 W1=0x37b4,0x3afc,0x388a W2=0x36c1,0x3051,0x755
  r61_witness[01] r61=13 tail=24 gh60=0xc91df66 W1=0x1fd4,0x2c3d,0x37d8 W2=0x1ee1,0x160e,0x7ce
  r61_witness[02] r61=14 tail=32 gh60=0x4a6849a W1=0xb05,0x1ede,0x6ba W2=0xa12,0x72d,0x3a06
  r61_witness[03] r61=15 tail=29 gh60=0x4679fee W1=0x1f8f,0x33ba,0xeee W2=0x1e9c,0x2a89,0x11c9
  r61_witness[04] r61=15 tail=29 gh60=0x4e8bbaa W1=0x2d81,0x2501,0xdca W2=0x2c8e,0xeb8,0xedb
  r61_witness[05] r61=15 tail=34 gh60=0xc4884aa W1=0x343d,0x2d91,0x6d8 W2=0x334a,0x23d,0x53b
  r61_witness[06] r61=15 tail=38 gh60=0x4888ca6 W1=0x272b,0x20a6,0x202f W2=0x2638,0x3d42,0x1d44
  r61_witness[07] r61=16 tail=25 gh60=0xc56859e W1=0x1cc7,0x2a2f,0x841 W2=0x1bd4,0xba,0x3588
  r61_witness[08] r61=16 tail=27 gh60=0x4919b66 W1=0x214b,0x315f,0x1a7f W2=0x2058,0x30b7,0xffe
  r61_witness[09] r61=16 tail=28 gh60=0xc627fe6 W1=0x2f94,0x7c6,0x10c5 W2=0x2ea1,0x2327,0x391d
  r61_witness[10] r61=16 tail=29 gh60=0xdd88cae W1=0x162f,0x2af,0x30ba W2=0x153c,0x20e,0xe04
  r61_witness[11] r61=16 tail=30 gh60=0x76045e6 W1=0xa9c,0x936,0x2556 W2=0x9a9,0x1ee6,0xaf4
  r61_witness[12] r61=16 tail=30 gh60=0x5908b6e W1=0x39df,0x3905,0x7e3 W2=0x38ec,0x3714,0x315
  r61_witness[13] r61=16 tail=31 gh60=0xb60bcee W1=0x101f,0x28a1,0x2803 W2=0xf2c,0x5fc,0x128b
  r61_witness[14] r61=16 tail=31 gh60=0x4484d9a W1=0x16aa,0x10b5,0xa1a W2=0x15b7,0x119c,0x3e8
  r61_witness[15] r61=16 tail=31 gh60=0x451456a W1=0x2cde,0x2ad8,0xfef W2=0x2beb,0x23fb,0x3c36

D60=0 fiber histogram: 1:8083 2:4867 3:1758 4:1102 5:423 6:217 7:85 8:75 9:23 10:25 11:9 12:4 13:2 14:1 16:1 18:2 20:1
