free_word_mitm_reducedn
N=14 mask=0x3fff msb=0x2000
candidate: M0=0x3d36 mode=random-fallback fill=0x3fff kernel=dM0=dM9=0x2000
prefixes=32768/268435456 mode=permuted-prefix-sample w59_per_prefix=16384 total=536870912
run_mode=scan registry_cap=16
sample_start=12713984
scan_elapsed=15.712s rate=34.17 Mtriples/s

D60 interface
  D60=0 matches: 32870 (random expectation 32768.0, enrichment 1.003x)
  prefixes with D60=0: 16543
  max D60=0 fiber per prefix: 18 at W57=0xd08 W58=0x3aaf
  largest D60 bucket: D=0x53b count=33860
  min D60 HW: 0
  D60 HW histogram: 0:32870 1:456637 2:2971894 3:11895313 4:32754345 5:65571961 6:98403281 7:112517183 8:98481631 9:65621857 10:32780157 11:11915011 12:2978257 13:458091 14:32424

Tail closure among D60=0 matches
  final tail collisions: 0
  best r61 HW: 12
  best r61 W1[57..59]=0x1cf,0x3f9f,0x1dc4
  best r61 W2[57..59]=0xdc,0x2eba,0x39b
  best tail HW: 23
  best tail r61 HW: 18
  best W1[57..59]=0x1ccb,0x336c,0x3ccf
  best W2[57..59]=0x1bd8,0x3c9b,0x1f12

SUMMARY N=14 sample_start=12713984 prefixes=32768 total=536870912 d0=32870 best_tail=23 tail_r61=18 best_r61=12 tail_W1=0x1ccb,0x336c,0x3ccf tail_W2=0x1bd8,0x3c9b,0x1f12 r61_W1=0x1cf,0x3f9f,0x1dc4 r61_W2=0xdc,0x2eba,0x39b

Scan-only witness registry
  registry_count=16 registry_cap=16
  witness[00] tail=23 r61=14 gh60=0x49ec49a W1=0x34e6,0xcb5,0x1374 W2=0x33f3,0x2c5,0x1a52
  witness[01] tail=23 r61=17 gh60=0xc68c49a W1=0x3bea,0x1b50,0x3348 W2=0x3af7,0x11d2,0x3edd
  witness[02] tail=23 r61=18 gh60=0xc518566 W1=0x1ccb,0x336c,0x3ccf W2=0x1bd8,0x3c9b,0x1f12
  witness[03] tail=23 r61=20 gh60=0x3789baa W1=0x3d6d,0x31ff,0x25e6 W2=0x3c7a,0x2486,0x39e6
  witness[04] tail=23 r61=22 gh60=0x7e084ea W1=0xa1d,0x3a08,0x1c15 W2=0x92a,0x3c3e,0xc67
  witness[05] tail=24 r61=15 gh60=0x470856a W1=0x1ce1,0x2346,0x2d4d W2=0x1bee,0x2b6c,0x1bb2
  witness[06] tail=24 r61=21 gh60=0xda347fe W1=0x3b98,0x2b37,0x14d5 W2=0x3aa5,0x3288,0x59f
  witness[07] tail=24 r61=25 gh60=0x5eb8cbe W1=0x5f7,0x2ca8,0x2779 W2=0x504,0x3d0b,0x33d0
  witness[08] tail=24 r61=27 gh60=0x3a5c5ba W1=0x1c76,0x2df5,0x32b2 W2=0x1b83,0x1b8c,0x91f
  witness[09] tail=25 r61=12 gh60=0x5b09b6e W1=0x1cf,0x3f9f,0x1dc4 W2=0xdc,0x2eba,0x39b
  witness[10] tail=25 r61=15 gh60=0x471bb66 W1=0x31cb,0x1971,0x3f61 W2=0x30d8,0xecd,0x3b4
  witness[11] tail=25 r61=22 gh60=0xbf94caa W1=0x273e,0x50d,0x2d8e W2=0x264b,0x87d,0x3ff9
  witness[12] tail=25 r61=23 gh60=0x76344ea W1=0x2a1e,0x31b2,0x1c51 W2=0x292b,0x39dd,0x24b2
  witness[13] tail=25 r61=25 gh60=0xdafdf6e W1=0x1f50,0x2808,0x17f3 W2=0x1e5d,0x1a44,0x3897
  witness[14] tail=25 r61=25 gh60=0xdb38ba6 W1=0x35c3,0x17c8,0x1cfe W2=0x34d0,0x2fbc,0x3b1e
  witness[15] tail=26 r61=18 gh60=0xd6287a6 W1=0x3b83,0x293c,0x1abf W2=0x3a90,0x24a1,0x2959

Scan-only r61 registry
  registry_count=16 registry_cap=16
  r61_witness[00] r61=12 tail=25 gh60=0x5b09b6e W1=0x1cf,0x3f9f,0x1dc4 W2=0xdc,0x2eba,0x39b
  r61_witness[01] r61=14 tail=23 gh60=0x49ec49a W1=0x34e6,0xcb5,0x1374 W2=0x33f3,0x2c5,0x1a52
  r61_witness[02] r61=14 tail=28 gh60=0x4b0876a W1=0xbdd,0x3ed5,0x67c W2=0xaea,0x361b,0xb9e
  r61_witness[03] r61=14 tail=41 gh60=0x4a885a6 W1=0x2a7b,0x3da3,0x305e W2=0x2988,0x1156,0x10f4
  r61_witness[04] r61=15 tail=24 gh60=0x470856a W1=0x1ce1,0x2346,0x2d4d W2=0x1bee,0x2b6c,0x1bb2
  r61_witness[05] r61=15 tail=25 gh60=0x471bb66 W1=0x31cb,0x1971,0x3f61 W2=0x30d8,0xecd,0x3b4
  r61_witness[06] r61=15 tail=29 gh60=0xf604ce6 W1=0x380c,0x17e6,0x302e W2=0x3719,0x1f7d,0x3f42
  r61_witness[07] r61=15 tail=30 gh60=0x4488daa W1=0x6c1,0x1d3f,0x312d W2=0x5ce,0x1c86,0x27ab
  r61_witness[08] r61=15 tail=33 gh60=0xc6345ea W1=0xc8e,0x225e,0x3334 W2=0xb9b,0x20fd,0x232e
  r61_witness[09] r61=15 tail=34 gh60=0x489c4ea W1=0xb22,0x3529,0x8d7 W2=0xa2f,0x3f08,0x1836
  r61_witness[10] r61=15 tail=35 gh60=0xce047e6 W1=0x2b8c,0x3e90,0x243c W2=0x2a99,0x2b5c,0x1cf1
  r61_witness[11] r61=15 tail=36 gh60=0x4588ca6 W1=0x363b,0x145b,0x2cab W2=0x3548,0x34e7,0x1ab5
  r61_witness[12] r61=16 tail=28 gh60=0x48afcba W1=0x3136,0x107e,0x3cc1 W2=0x3043,0x2302,0x893
  r61_witness[13] r61=16 tail=28 gh60=0x4907b66 W1=0x314c,0xc19,0xec1 W2=0x3059,0x176,0x2498
  r61_witness[14] r61=16 tail=29 gh60=0xc90db7a W1=0x1da,0x1b77,0x51 W2=0xe7,0xb6b,0x3e9b
  r61_witness[15] r61=16 tail=31 gh60=0xda1ccee W1=0x3810,0x1b23,0x23b9 W2=0x371d,0x2ff,0x3267

D60=0 fiber histogram: 1:7936 2:4835 3:1762 4:1104 5:450 6:232 7:69 8:77 9:34 10:17 11:10 12:8 13:1 14:2 15:1 16:3 17:1 18:1
