free_word_mitm_reducedn
N=14 mask=0x3fff msb=0x2000
candidate: M0=0x3d36 mode=random-fallback fill=0x3fff kernel=dM0=dM9=0x2000
prefixes=32768/268435456 mode=permuted-prefix-sample w59_per_prefix=16384 total=536870912
run_mode=scan registry_cap=16
sample_start=19300352
scan_elapsed=19.199s rate=27.96 Mtriples/s

D60 interface
  D60=0 matches: 32865 (random expectation 32768.0, enrichment 1.003x)
  prefixes with D60=0: 16554
  max D60=0 fiber per prefix: 18 at W57=0x253c W58=0x3deb
  largest D60 bucket: D=0x24d9 count=33695
  min D60 HW: 0
  D60 HW histogram: 0:32865 1:458518 2:2979177 3:11913412 4:32785787 5:65602275 6:98417052 7:112476358 8:98393884 9:65615737 10:32799140 11:11928862 12:2977286 13:457821 14:32738

Tail closure among D60=0 matches
  final tail collisions: 0
  best r61 HW: 14
  best r61 W1[57..59]=0x23cd,0x3b58,0x27e
  best r61 W2[57..59]=0x22da,0x29ba,0x5b0
  best tail HW: 20
  best tail r61 HW: 21
  best W1[57..59]=0x2e04,0x187b,0x1684
  best W2[57..59]=0x2d11,0x63e,0x3e03

SUMMARY N=14 sample_start=19300352 prefixes=32768 total=536870912 d0=32865 best_tail=20 tail_r61=21 best_r61=14 tail_W1=0x2e04,0x187b,0x1684 tail_W2=0x2d11,0x63e,0x3e03 r61_W1=0x23cd,0x3b58,0x27e r61_W2=0x22da,0x29ba,0x5b0

Scan-only witness registry
  registry_count=16 registry_cap=16
  witness[00] tail=20 r61=21 gh60=0xc6e7ca6 W1=0x2e04,0x187b,0x1684 W2=0x2d11,0x63e,0x3e03
  witness[01] tail=23 r61=19 gh60=0xba1bfee W1=0x2f9f,0x683,0x2e77 W2=0x2eac,0x3246,0x12d3
  witness[02] tail=23 r61=27 gh60=0xdcdccba W1=0x1836,0x3ab7,0x3eab W2=0x1743,0x2c7b,0x32d8
  witness[03] tail=24 r61=18 gh60=0xd6884ae W1=0x2cff,0x2145,0x99c W2=0x2c0c,0x3ed5,0x3454
  witness[04] tail=24 r61=23 gh60=0x5ae849a W1=0x1305,0xf50,0x3f59 W2=0x1212,0x819,0x3f1f
  witness[05] tail=24 r61=24 gh60=0xc6d5cbe W1=0x20f8,0x3261,0xfc W2=0x2005,0x3b41,0x15b8
  witness[06] tail=24 r61=25 gh60=0xfa6c4aa W1=0x1502,0x23b,0x2e63 W2=0x140f,0x1990,0x9a9
  witness[07] tail=24 r61=26 gh60=0xd8acc9a W1=0x926,0xd02,0x3ee0 W2=0x833,0x2e11,0x216
  witness[08] tail=25 r61=20 gh60=0x490479a W1=0x2bca,0x3772,0x58e W2=0x2ad7,0x2986,0x1ecd
  witness[09] tail=25 r61=21 gh60=0x3b3457a W1=0x2c56,0x4b,0x53e W2=0x2b63,0x2158,0x38cb
  witness[10] tail=25 r61=23 gh60=0x4a9c4ae W1=0x3200,0x1a0f,0x1cf0 W2=0x310d,0x4a0,0x3121
  witness[11] tail=25 r61=25 gh60=0x3a19dea W1=0x1e91,0x302e,0x3577 W2=0x1d9e,0x308d,0x1716
  witness[12] tail=25 r61=26 gh60=0xd7f4cae W1=0x1830,0x17d1,0x2b70 W2=0x173d,0x131,0x2507
  witness[13] tail=26 r61=16 gh60=0x488bbaa W1=0x2dad,0x2f70,0x945 W2=0x2cba,0xb83,0x14cb
  witness[14] tail=26 r61=17 gh60=0x479c4aa W1=0x143e,0x3875,0x3597 W2=0x134b,0xf26,0x31a4
  witness[15] tail=26 r61=17 gh60=0xc88c4ae W1=0x1b30,0x1e5e,0x239a W2=0x1a3d,0x1dff,0x24b9

Scan-only r61 registry
  registry_count=16 registry_cap=16
  r61_witness[00] r61=14 tail=34 gh60=0xc90876a W1=0x23cd,0x3b58,0x27e W2=0x22da,0x29ba,0x5b0
  r61_witness[01] r61=15 tail=27 gh60=0x4a087ea W1=0x1b9d,0x3b2e,0x3ee4 W2=0x1aaa,0x3fe8,0x19c9
  r61_witness[02] r61=15 tail=28 gh60=0xc788cae W1=0x5ff,0xc1c,0x1d61 W2=0x50c,0x3beb,0x1440
  r61_witness[03] r61=15 tail=30 gh60=0xdf28b7a W1=0x15d5,0x272b,0x1ecd W2=0x14e2,0x202a,0x246d
  r61_witness[04] r61=15 tail=30 gh60=0x3a0c7e6 W1=0x3b8c,0x368f,0x163d W2=0x3a99,0x2e5f,0x26de
  r61_witness[05] r61=16 tail=26 gh60=0x488bbaa W1=0x2dad,0x2f70,0x945 W2=0x2cba,0xb83,0x14cb
  r61_witness[06] r61=16 tail=27 gh60=0xdb0876a W1=0x33dd,0x2b3c,0x2a59 W2=0x32ea,0x2f86,0x391f
  r61_witness[07] r61=16 tail=28 gh60=0xce3bc9e W1=0x3107,0x2c90,0x1ed4 W2=0x3014,0x11c0,0x131b
  r61_witness[08] r61=16 tail=30 gh60=0x4aacc9a W1=0x5e6,0x6e4,0x161e W2=0x4f3,0x2e2f,0x3784
  r61_witness[09] r61=16 tail=30 gh60=0x4898fa6 W1=0x27ab,0x2ad,0x12bd W2=0x26b8,0x2901,0x101f
  r61_witness[10] r61=16 tail=32 gh60=0x5a0cdfa W1=0x269a,0x39ea,0x2558 W2=0x25a7,0x2c3e,0x3bd4
  r61_witness[11] r61=16 tail=33 gh60=0x4d04566 W1=0xa5c,0x24b4,0x121f W2=0x969,0x39d4,0x17a
  r61_witness[12] r61=16 tail=33 gh60=0x5909b66 W1=0x214b,0x1059,0xb4c W2=0x2058,0xfb1,0x2d75
  r61_witness[13] r61=16 tail=36 gh60=0x491db6a W1=0x215e,0x3696,0x2d02 W2=0x206b,0x36c2,0x23e0
  r61_witness[14] r61=17 tail=26 gh60=0x479c4aa W1=0x143e,0x3875,0x3597 W2=0x134b,0xf26,0x31a4
  r61_witness[15] r61=17 tail=26 gh60=0xc88c4ae W1=0x1b30,0x1e5e,0x239a W2=0x1a3d,0x1dff,0x24b9

D60=0 fiber histogram: 1:7953 2:4733 3:1871 4:1152 5:408 6:205 7:91 8:69 9:26 10:18 11:13 12:7 13:1 14:2 15:1 16:1 17:1 18:2
