free_word_mitm_reducedn
N=14 mask=0x3fff msb=0x2000
candidate: M0=0x3d36 mode=random-fallback fill=0x3fff kernel=dM0=dM9=0x2000
prefixes=32768/268435456 mode=permuted-prefix-sample w59_per_prefix=16384 total=536870912
run_mode=scan registry_cap=16
sample_start=178683904
scan_elapsed=19.173s rate=28.00 Mtriples/s

D60 interface
  D60=0 matches: 32606 (random expectation 32768.0, enrichment 0.995x)
  prefixes with D60=0: 16541
  max D60=0 fiber per prefix: 22 at W57=0xedc W58=0xa92
  largest D60 bucket: D=0xead count=33898
  min D60 HW: 0
  D60 HW histogram: 0:32606 1:456639 2:2972017 3:11913677 4:32799698 5:65645164 6:98506041 7:112544678 8:98405122 9:65549765 10:32715495 11:11876577 12:2965926 13:455279 14:32228

Tail closure among D60=0 matches
  final tail collisions: 0
  best r61 HW: 14
  best r61 W1[57..59]=0x2b39,0x13a7,0x19ae
  best r61 W2[57..59]=0x2a46,0x3a65,0x2df2
  best tail HW: 21
  best tail r61 HW: 18
  best W1[57..59]=0x3290,0x810,0x2b56
  best W2[57..59]=0x319d,0x3bd3,0x1c1c

SUMMARY N=14 sample_start=178683904 prefixes=32768 total=536870912 d0=32606 best_tail=21 tail_r61=18 best_r61=14 tail_W1=0x3290,0x810,0x2b56 tail_W2=0x319d,0x3bd3,0x1c1c r61_W1=0x2b39,0x13a7,0x19ae r61_W2=0x2a46,0x3a65,0x2df2

Scan-only witness registry
  registry_count=16 registry_cap=16
  witness[00] tail=21 r61=18 gh60=0xca1c5ee W1=0x3290,0x810,0x2b56 W2=0x319d,0x3bd3,0x1c1c
  witness[01] tail=23 r61=16 gh60=0x48b4cba W1=0x2936,0x3dd6,0x3aaa W2=0x2843,0x1fd6,0x641
  witness[02] tail=24 r61=17 gh60=0x4b0fb6a W1=0x2d4e,0x1a00,0x2227 W2=0x2c5b,0xa00,0x2b2b
  witness[03] tail=24 r61=19 gh60=0xc71dd7a W1=0x1eda,0xdd9,0xe9d W2=0x1de7,0x3a25,0x17b1
  witness[04] tail=24 r61=23 gh60=0xca785ea W1=0x2491,0x1f33,0x929 W2=0x239e,0x1a51,0xe8b
  witness[05] tail=24 r61=23 gh60=0x7e54ffe W1=0x3798,0x1975,0x2f65 W2=0x36a5,0x1e45,0x2d5b
  witness[06] tail=25 r61=16 gh60=0xc52849a W1=0xc45,0x2183,0xb99 W2=0xb52,0x816,0x377a
  witness[07] tail=25 r61=17 gh60=0xcb885aa W1=0x46d,0x3843,0x2962 W2=0x37a,0x567,0x2cdb
  witness[08] tail=25 r61=18 gh60=0x463bfe6 W1=0xf8b,0xe72,0x3db9 W2=0xe98,0x1fba,0x29e4
  witness[09] tail=25 r61=20 gh60=0xb488daa W1=0x18b1,0x22d2,0x2c81 W2=0x17be,0x2c29,0x3d11
  witness[10] tail=25 r61=20 gh60=0xb599c9a W1=0x2025,0x2786,0x7fd W2=0x1f32,0x5d6,0x71c
  witness[11] tail=25 r61=20 gh60=0xcbac4a6 W1=0x34f4,0x30fa,0x1b70 W2=0x3401,0xee6,0x1140
  witness[12] tail=25 r61=23 gh60=0xc657dba W1=0xe76,0x65d,0x250 W2=0xd83,0x1d39,0x3407
  witness[13] tail=25 r61=23 gh60=0xb6984aa W1=0x11ed,0x13c8,0x70f W2=0x10fa,0x2984,0x14bc
  witness[14] tail=25 r61=23 gh60=0xc889ca6 W1=0x1f3b,0x191c,0x3751 W2=0x1e48,0x32aa,0x1bd7
  witness[15] tail=25 r61=25 gh60=0xca6bdbe W1=0x2e77,0x3631,0x108a W2=0x2d84,0x2ef4,0x1ee4

Scan-only r61 registry
  registry_count=16 registry_cap=16
  r61_witness[00] r61=14 tail=27 gh60=0x589bbe6 W1=0x2da3,0x1f77,0x2e9f W2=0x2cb0,0x1ce7,0x30bc
  r61_witness[01] r61=14 tail=28 gh60=0x48e84ba W1=0x2b39,0x13a7,0x19ae W2=0x2a46,0x3a65,0x2df2
  r61_witness[02] r61=15 tail=32 gh60=0x48844ba W1=0x1d3a,0x2aca,0x97 W2=0x1c47,0x2001,0x2017
  r61_witness[03] r61=15 tail=32 gh60=0x4609cea W1=0x1e11,0xf0c,0x1699 W2=0x1d1e,0x1793,0x134b
  r61_witness[04] r61=15 tail=37 gh60=0x38887aa W1=0x3bc1,0x3848,0xc82 W2=0x3ace,0xa90,0x3f1e
  r61_witness[05] r61=16 tail=23 gh60=0x48b4cba W1=0x2936,0x3dd6,0x3aaa W2=0x2843,0x1fd6,0x641
  r61_witness[06] r61=16 tail=25 gh60=0xc52849a W1=0xc45,0x2183,0xb99 W2=0xb52,0x816,0x377a
  r61_witness[07] r61=16 tail=28 gh60=0x4aa84ba W1=0x29f5,0xabf,0x699 W2=0x2902,0x2dfd,0x3cf9
  r61_witness[08] r61=16 tail=28 gh60=0x4999b9a W1=0x3d65,0x227f,0x32af W2=0x3c72,0x1617,0x220c
  r61_witness[09] r61=16 tail=29 gh60=0x455857e W1=0x4d7,0x3a0,0x29c9 W2=0x3e4,0x84c,0x20cc
  r61_witness[10] r61=16 tail=31 gh60=0xc509d6a W1=0x1e5d,0x1c3f,0x18f1 W2=0x1d6a,0x3016,0x3e5c
  r61_witness[11] r61=16 tail=31 gh60=0xc8a87e6 W1=0x2ba3,0x1f04,0x199a W2=0x2ab0,0x8f1,0x313c
  r61_witness[12] r61=16 tail=34 gh60=0x452c57e W1=0xc58,0x3fea,0x3123 W2=0xb65,0x73f,0x357e
  r61_witness[13] r61=16 tail=38 gh60=0x4685cba W1=0x1dfa,0x297d,0x2201 W2=0x1d07,0x1071,0x5e3
  r61_witness[14] r61=17 tail=24 gh60=0x4b0fb6a W1=0x2d4e,0x1a00,0x2227 W2=0x2c5b,0xa00,0x2b2b
  r61_witness[15] r61=17 tail=25 gh60=0xcb885aa W1=0x46d,0x3843,0x2962 W2=0x37a,0x567,0x2cdb

D60=0 fiber histogram: 1:8037 2:4761 3:1805 4:1066 5:421 6:227 7:74 8:83 9:24 10:20 11:7 12:9 13:1 14:1 16:1 17:2 19:1 22:1
