free_word_mitm_reducedn
N=14 mask=0x3fff msb=0x2000
candidate: M0=0x3d36 mode=random-fallback fill=0x3fff kernel=dM0=dM9=0x2000
prefixes=32768/268435456 mode=permuted-prefix-sample w59_per_prefix=16384 total=536870912
run_mode=scan registry_cap=16
sample_start=61243392
scan_elapsed=18.638s rate=28.81 Mtriples/s

D60 interface
  D60=0 matches: 32429 (random expectation 32768.0, enrichment 0.990x)
  prefixes with D60=0: 16533
  max D60=0 fiber per prefix: 25 at W57=0x13bd W58=0x1d74
  largest D60 bucket: D=0x176d count=33817
  min D60 HW: 0
  D60 HW histogram: 0:32429 1:456891 2:2979804 3:11921640 4:32804029 5:65633032 6:98448422 7:112482587 8:98387982 9:65582614 10:32774432 11:11905727 12:2969674 13:459119 14:32530

Tail closure among D60=0 matches
  final tail collisions: 0
  best r61 HW: 15
  best r61 W1[57..59]=0x169b,0x229a,0x33ef
  best r61 W2[57..59]=0x15a8,0xdc4,0x1256
  best tail HW: 23
  best tail r61 HW: 15
  best W1[57..59]=0x29dd,0x2766,0x2f11
  best W2[57..59]=0x28ea,0x1195,0xfdc

SUMMARY N=14 sample_start=61243392 prefixes=32768 total=536870912 d0=32429 best_tail=23 tail_r61=15 best_r61=15 tail_W1=0x29dd,0x2766,0x2f11 tail_W2=0x28ea,0x1195,0xfdc r61_W1=0x169b,0x229a,0x33ef r61_W2=0x15a8,0xdc4,0x1256

Scan-only witness registry
  registry_count=16 registry_cap=16
  witness[00] tail=23 r61=15 gh60=0xc908b6a W1=0x29dd,0x2766,0x2f11 W2=0x28ea,0x1195,0xfdc
  witness[01] tail=24 r61=19 gh60=0xba2bf9e W1=0xf87,0x3b4a,0x167b W2=0xe94,0x1c62,0x3a9d
  witness[02] tail=24 r61=20 gh60=0x4538d6a W1=0x1661,0x5ef,0x3576 W2=0x156e,0x184e,0x2f
  witness[03] tail=24 r61=20 gh60=0xc889cae W1=0x212f,0x7c3,0x1ec9 W2=0x203c,0x1fa2,0xccc
  witness[04] tail=24 r61=22 gh60=0xda78f9e W1=0x2787,0x2fb2,0x2553 W2=0x2694,0x25cc,0x1497
  witness[05] tail=24 r61=22 gh60=0xbb84ca6 W1=0x392c,0x26cd,0x1e2e W2=0x3839,0x1fea,0xc1d
  witness[06] tail=24 r61=26 gh60=0x5d7bdba W1=0x30b9,0x11b4,0x17e7 W2=0x2fc6,0x1807,0x37c8
  witness[07] tail=25 r61=16 gh60=0xb977fae W1=0xfb0,0x154c,0xb73 W2=0xebd,0x369c,0x3f28
  witness[08] tail=25 r61=17 gh60=0x4888ca6 W1=0x393b,0x1f7,0x910 W2=0x3848,0xc03,0x3422
  witness[09] tail=25 r61=18 gh60=0xca0bcee W1=0x311f,0x19d4,0x12d9 W2=0x302c,0x2117,0x3501
  witness[10] tail=25 r61=19 gh60=0x5e787ee W1=0x1b8f,0x1bf8,0x294 W2=0x1a9c,0x29ca,0x3a2
  witness[11] tail=25 r61=21 gh60=0xdd1bd6a W1=0x10d1,0x2b03,0xbe7 W2=0xfde,0x13f2,0x1116
  witness[12] tail=25 r61=22 gh60=0x4e584fe W1=0xc17,0x67a,0x2d78 W2=0xb24,0x1222,0x2f4c
  witness[13] tail=25 r61=22 gh60=0x47ebc9a W1=0x3125,0x3cba,0x4b1 W2=0x3032,0x1546,0x3d06
  witness[14] tail=25 r61=23 gh60=0x7ee7faa W1=0x2f72,0x3b44,0x1e1 W2=0x2e7f,0x16dc,0xe71
  witness[15] tail=25 r61=23 gh60=0xb66c4aa W1=0x3202,0xfa3,0x170c W2=0x310f,0x2238,0x384c

Scan-only r61 registry
  registry_count=16 registry_cap=16
  r61_witness[00] r61=15 tail=23 gh60=0xc908b6a W1=0x29dd,0x2766,0x2f11 W2=0x28ea,0x1195,0xfdc
  r61_witness[01] r61=15 tail=26 gh60=0x4518d6a W1=0x36dd,0x3fde,0x2dd2 W2=0x35ea,0x2219,0x84b
  r61_witness[02] r61=15 tail=31 gh60=0x39244a6 W1=0x2b44,0x1f94,0x2472 W2=0x2a51,0xf12,0x3335
  r61_witness[03] r61=15 tail=32 gh60=0x38984ae W1=0x1d3f,0xfe6,0x1d73 W2=0x1c4c,0x3bf6,0x38bb
  r61_witness[04] r61=15 tail=32 gh60=0x4c884aa W1=0x223d,0x3b28,0x1fc0 W2=0x214a,0x54,0x1162
  r61_witness[05] r61=15 tail=38 gh60=0xc608de6 W1=0x169b,0x229a,0x33ef W2=0x15a8,0xdc4,0x1256
  r61_witness[06] r61=15 tail=38 gh60=0x48844ba W1=0x1b3a,0x1a6c,0xdad W2=0x1a47,0x1123,0x3eaf
  r61_witness[07] r61=16 tail=25 gh60=0xb977fae W1=0xfb0,0x154c,0xb73 W2=0xebd,0x369c,0x3f28
  r61_witness[08] r61=16 tail=28 gh60=0x49b4cbe W1=0x18f8,0x2efe,0x2b9 W2=0x1805,0x95e,0x105a
  r61_witness[09] r61=16 tail=30 gh60=0xc714b6a W1=0x294e,0x544,0x1c6a W2=0x285b,0x384,0x1bf3
  r61_witness[10] r61=16 tail=31 gh60=0x4a785ea W1=0x2a91,0x1c62,0x1da W2=0x299e,0x1780,0x1e58
  r61_witness[11] r61=16 tail=32 gh60=0x4a24baa W1=0x2982,0x3f09,0x1f2b W2=0x288f,0x2bb5,0x2267
  r61_witness[12] r61=16 tail=32 gh60=0x460bfea W1=0x2f9d,0x34ef,0x11ed W2=0x2eaa,0x106e,0x1c56
  r61_witness[13] r61=16 tail=35 gh60=0x4888cae W1=0x73f,0x27b2,0x25ad W2=0x64c,0x301,0xd3c
  r61_witness[14] r61=16 tail=39 gh60=0x4b98caa W1=0x16fd,0x1fa7,0x3f41 W2=0x160a,0x3492,0x9eb
  r61_witness[15] r61=16 tail=39 gh60=0x4e044fa W1=0x2a1a,0x1199,0x1137 W2=0x2927,0x3886,0x164

D60=0 fiber histogram: 1:8045 2:4763 3:1792 4:1120 5:389 6:229 7:58 8:74 9:28 10:13 11:7 12:7 14:1 16:4 18:1 21:1 25:1
