free_word_mitm_reducedn
N=14 mask=0x3fff msb=0x2000
candidate: M0=0x3d36 mode=random-fallback fill=0x3fff kernel=dM0=dM9=0x2000
prefixes=32768/268435456 mode=permuted-prefix-sample w59_per_prefix=16384 total=536870912
run_mode=scan registry_cap=16
sample_start=183861248
scan_elapsed=20.192s rate=26.59 Mtriples/s

D60 interface
  D60=0 matches: 32775 (random expectation 32768.0, enrichment 1.000x)
  prefixes with D60=0: 16572
  max D60=0 fiber per prefix: 20 at W57=0x38ae W58=0x3d40
  largest D60 bucket: D=0x176d count=33823
  min D60 HW: 0
  D60 HW histogram: 0:32775 1:455868 2:2974031 3:11909806 4:32773366 5:65582577 6:98421457 7:112478964 8:98453892 9:65637323 10:32776389 11:11904983 12:2977931 13:458408 14:33142

Tail closure among D60=0 matches
  final tail collisions: 0
  best r61 HW: 13
  best r61 W1[57..59]=0x31dc,0x3915,0x1513
  best r61 W2[57..59]=0x30e9,0x2d62,0x22c8
  best tail HW: 21
  best tail r61 HW: 21
  best W1[57..59]=0x27b9,0x33f9,0x159a
  best W2[57..59]=0x26c6,0x3210,0x245a

SUMMARY N=14 sample_start=183861248 prefixes=32768 total=536870912 d0=32775 best_tail=21 tail_r61=21 best_r61=13 tail_W1=0x27b9,0x33f9,0x159a tail_W2=0x26c6,0x3210,0x245a r61_W1=0x31dc,0x3915,0x1513 r61_W2=0x30e9,0x2d62,0x22c8

Scan-only witness registry
  registry_count=16 registry_cap=16
  witness[00] tail=21 r61=21 gh60=0x47f8fba W1=0x27b9,0x33f9,0x159a W2=0x26c6,0x3210,0x245a
  witness[01] tail=23 r61=16 gh60=0x5a18fee W1=0x279f,0x390c,0x2ea1 W2=0x26ac,0x2ccf,0x14f0
  witness[02] tail=23 r61=19 gh60=0x5e0dcea W1=0x200e,0x27f8,0x8be W2=0x1f1b,0x2a30,0x23f0
  witness[03] tail=23 r61=21 gh60=0xccb449a W1=0x2a26,0x1527,0x1531 W2=0x2933,0x38fd,0x332e
  witness[04] tail=23 r61=21 gh60=0xc969c9e W1=0x3f27,0x30e1,0x2a05 W2=0x3e34,0x2b4d,0x248a
  witness[05] tail=23 r61=24 gh60=0xd7e8b7a W1=0x25d9,0xd6e,0xe71 W2=0x24e6,0xbb1,0x3c5b
  witness[06] tail=24 r61=17 gh60=0x4a04de6 W1=0x168c,0x3586,0x2046 W2=0x1599,0x1bc5,0x23b
  witness[07] tail=24 r61=20 gh60=0x4618cea W1=0x70d,0xb58,0x296b W2=0x61a,0xe4b,0x1b76
  witness[08] tail=24 r61=23 gh60=0x7dfc5aa W1=0x22b2,0x1073,0x3a91 W2=0x21bf,0x1ca0,0x1e54
  witness[09] tail=24 r61=24 gh60=0xc60bce6 W1=0x2e1b,0x20b,0xa6a W2=0x2d28,0x3f1b,0x1565
  witness[10] tail=24 r61=24 gh60=0x3a3449a W1=0x3506,0xf59,0x62b W2=0x3413,0x5af,0x16b8
  witness[11] tail=24 r61=28 gh60=0xfb3cb66 W1=0x35dc,0x1d1,0x2c81 W2=0x34e9,0x179c,0x19cb
  witness[12] tail=25 r61=17 gh60=0x4e6c4e6 W1=0xd14,0x2d22,0x1105 W2=0xc21,0x3c14,0x23ea
  witness[13] tail=25 r61=18 gh60=0x4b08d66 W1=0x184b,0x889,0x205d W2=0x1758,0x3cf,0x1c39
  witness[14] tail=25 r61=25 gh60=0xfe3c4e6 W1=0x220c,0x1098,0x1602 W2=0x2119,0x2d6a,0x74e
  witness[15] tail=25 r61=26 gh60=0x4a3c5e6 W1=0x129c,0x194,0x3ba9 W2=0x11a9,0x223e,0x1d8c

Scan-only r61 registry
  registry_count=16 registry_cap=16
  r61_witness[00] r61=13 tail=37 gh60=0x4907b66 W1=0x31dc,0x3915,0x1513 W2=0x30e9,0x2d62,0x22c8
  r61_witness[01] r61=15 tail=28 gh60=0xda084ea W1=0xa0d,0xdfa,0x3429 W2=0x91a,0xf3c,0x3ec6
  r61_witness[02] r61=16 tail=23 gh60=0x5a18fee W1=0x279f,0x390c,0x2ea1 W2=0x26ac,0x2ccf,0x14f0
  r61_witness[03] r61=16 tail=27 gh60=0x5abc59e W1=0x3468,0xa37,0x30e5 W2=0x3375,0x2087,0x1447
  r61_witness[04] r61=16 tail=28 gh60=0xca08ce6 W1=0x60b,0x21aa,0x1790 W2=0x518,0x30cc,0x198f
  r61_witness[05] r61=16 tail=29 gh60=0xd704d7a W1=0x8da,0x7bb,0x2478 W2=0x7e7,0x339b,0x2c47
  r61_witness[06] r61=16 tail=29 gh60=0xc905c9a W1=0x214a,0x267b,0x3981 W2=0x2057,0xafc,0xc7c
  r61_witness[07] r61=16 tail=29 gh60=0x590449a W1=0x334a,0xdc9,0x3ccf W2=0x3257,0x64f,0x342e
  r61_witness[08] r61=16 tail=30 gh60=0x4f07c9a W1=0xe4a,0xe9,0x2687 W2=0xd57,0x13ae,0x3d7a
  r61_witness[09] r61=16 tail=31 gh60=0xce684fe W1=0x2317,0x2ab4,0x1f92 W2=0x2224,0x284c,0x3156
  r61_witness[10] r61=16 tail=33 gh60=0xc88dbaa W1=0x1dae,0x24b,0xbb0 W2=0x1cbb,0x453,0x1dc5
  r61_witness[11] r61=16 tail=33 gh60=0x4c84cba W1=0x263a,0x2472,0x3c71 W2=0x2547,0xc66,0x304b
  r61_witness[12] r61=16 tail=35 gh60=0x4905f66 W1=0x3fdc,0x17a7,0x3cca W2=0x3ee9,0x3950,0x3d5f
  r61_witness[13] r61=17 tail=24 gh60=0x4a04de6 W1=0x168c,0x3586,0x2046 W2=0x1599,0x1bc5,0x23b
  r61_witness[14] r61=17 tail=25 gh60=0x4e6c4e6 W1=0xd14,0x2d22,0x1105 W2=0xc21,0x3c14,0x23ea
  r61_witness[15] r61=17 tail=26 gh60=0xca29d9e W1=0x2087,0x1655,0x2e29 W2=0x1f94,0x1b71,0xfef

D60=0 fiber histogram: 1:8004 2:4799 3:1803 4:1095 5:409 6:227 7:96 8:68 9:20 10:26 11:7 12:7 13:5 14:3 15:1 18:1 20:1
