free_word_mitm_reducedn
N=14 mask=0x3fff msb=0x2000
candidate: M0=0x3d36 mode=random-fallback fill=0x3fff kernel=dM0=dM9=0x2000
prefixes=32768/268435456 mode=permuted-prefix-sample w59_per_prefix=16384 total=536870912
run_mode=scan registry_cap=16
sample_start=133529600
scan_elapsed=19.897s rate=26.98 Mtriples/s

D60 interface
  D60=0 matches: 32274 (random expectation 32768.0, enrichment 0.985x)
  prefixes with D60=0: 16418
  max D60=0 fiber per prefix: 18 at W57=0x2d2b W58=0x18a6
  largest D60 bucket: D=0x33e1 count=33783
  min D60 HW: 0
  D60 HW histogram: 0:32274 1:454956 2:2968990 3:11900813 4:32769034 5:65569929 6:98430568 7:112521468 8:98461556 9:65623703 10:32775030 11:11905461 12:2969694 13:454881 14:32555

Tail closure among D60=0 matches
  final tail collisions: 0
  best r61 HW: 13
  best r61 W1[57..59]=0x32d1,0x236c,0x36e8
  best r61 W2[57..59]=0x31de,0x3276,0x2874
  best tail HW: 24
  best tail r61 HW: 23
  best W1[57..59]=0x409,0x58e,0x266f
  best W2[57..59]=0x316,0x2bdf,0x3f3e

SUMMARY N=14 sample_start=133529600 prefixes=32768 total=536870912 d0=32274 best_tail=24 tail_r61=23 best_r61=13 tail_W1=0x409,0x58e,0x266f tail_W2=0x316,0x2bdf,0x3f3e r61_W1=0x32d1,0x236c,0x36e8 r61_W2=0x31de,0x3276,0x2874

Scan-only witness registry
  registry_count=16 registry_cap=16
  witness[00] tail=24 r61=22 gh60=0x3b08d66 W1=0x65b,0x361a,0x391e W2=0x568,0x13b8,0x2a12
  witness[01] tail=24 r61=23 gh60=0x3a5849a W1=0x409,0x58e,0x266f W2=0x316,0x2bdf,0x3f3e
  witness[02] tail=25 r61=15 gh60=0x5f09f6a W1=0x1f51,0x2a3,0x19df W2=0x1e5e,0x4be,0x3e74
  witness[03] tail=25 r61=17 gh60=0x5a3fbfa W1=0x2d96,0xdf7,0x1b71 W2=0x2ca3,0x3b8f,0x1c74
  witness[04] tail=25 r61=18 gh60=0xd8a8fbe W1=0x27b7,0x1850,0x360c W2=0x26c4,0xea7,0x3179
  witness[05] tail=25 r61=19 gh60=0xc50457a W1=0x245a,0x5d2,0x3056 W2=0x2367,0x3453,0x3dc9
  witness[06] tail=25 r61=19 gh60=0x367849e W1=0x2b07,0x2f4d,0x3bb6 W2=0x2a14,0x2fb8,0x1360
  witness[07] tail=25 r61=21 gh60=0xd72cb6a W1=0x15d2,0x1db9,0x137b W2=0x14df,0x1c01,0x13b8
  witness[08] tail=25 r61=23 gh60=0xcdb9cae W1=0x3fef,0x1e4,0x16d3 W2=0x3efc,0x2e47,0x171c
  witness[09] tail=25 r61=25 gh60=0x5fe859a W1=0x2285,0x3b1f,0x31b9 W2=0x2192,0x2814,0x151e
  witness[10] tail=25 r61=25 gh60=0x5ad44fa W1=0x3516,0x2438,0x14b9 W2=0x3423,0x1941,0x3ae9
  witness[11] tail=25 r61=26 gh60=0xdb2fd7a W1=0x30d6,0x1beb,0x2eec W2=0x2fe3,0x265b,0x11ab
  witness[12] tail=25 r61=27 gh60=0xca74cea W1=0x281e,0x123a,0x755 W2=0x272b,0x15e6,0x267d
  witness[13] tail=25 r61=28 gh60=0xccbc59a W1=0x3ca6,0x382,0xd54 W2=0x3bb3,0x31bc,0x1cc0
  witness[14] tail=25 r61=29 gh60=0x4a7c4aa W1=0x402,0x2cf3,0x23f9 W2=0x30f,0x3308,0x3ba0
  witness[15] tail=26 r61=13 gh60=0x4b0856a W1=0x32d1,0x236c,0x36e8 W2=0x31de,0x3276,0x2874

Scan-only r61 registry
  registry_count=16 registry_cap=16
  r61_witness[00] r61=13 tail=26 gh60=0x4b0856a W1=0x32d1,0x236c,0x36e8 W2=0x31de,0x3276,0x2874
  r61_witness[01] r61=14 tail=27 gh60=0xca6bda6 W1=0x3073,0x253e,0x2dfe W2=0x2f80,0x288c,0x3d53
  r61_witness[02] r61=14 tail=32 gh60=0x3e0bcee W1=0x2e1f,0x948,0x2f69 W2=0x2d2c,0x269b,0xf48
  r61_witness[03] r61=15 tail=25 gh60=0x5f09f6a W1=0x1f51,0x2a3,0x19df W2=0x1e5e,0x4be,0x3e74
  r61_witness[04] r61=15 tail=31 gh60=0xc9987aa W1=0xbad,0x3509,0x3443 W2=0xaba,0x275d,0x1fdb
  r61_witness[05] r61=15 tail=31 gh60=0xc4984ae W1=0x1c3f,0xb8e,0x20df W2=0x1b4c,0x79e,0x25bc
  r61_witness[06] r61=15 tail=32 gh60=0x4925b6a W1=0x1d52,0x300f,0x253 W2=0x1c5f,0x244f,0x3bc9
  r61_witness[07] r61=15 tail=34 gh60=0x450856a W1=0x2c5d,0x24d2,0x37af W2=0x2b6a,0x39c8,0x2b36
  r61_witness[08] r61=15 tail=34 gh60=0x5a0c5ea W1=0x348e,0x16c6,0x34d6 W2=0x339b,0x24e9,0x30
  r61_witness[09] r61=16 tail=27 gh60=0x54f85be W1=0x12b7,0x2e60,0x1b93 W2=0x11c4,0x39a,0x154b
  r61_witness[10] r61=16 tail=27 gh60=0x4969b7a W1=0x21d5,0x960,0x18f W2=0x20e2,0x31a3,0x36a1
  r61_witness[11] r61=16 tail=28 gh60=0xcb68f7e W1=0x2757,0x3316,0x18c6 W2=0x2664,0x2751,0x3729
  r61_witness[12] r61=16 tail=28 gh60=0x4624ca6 W1=0x3704,0x3038,0x2ab5 W2=0x3611,0x2cf5,0x1013
  r61_witness[13] r61=16 tail=30 gh60=0x589bbba W1=0x2db5,0x3deb,0x2b11 W2=0x2cc2,0x1afa,0x30a3
  r61_witness[14] r61=16 tail=30 gh60=0x3a09dea W1=0x3e8d,0x3ad2,0x393c W2=0x3d9a,0xb2d,0x112f
  r61_witness[15] r61=16 tail=31 gh60=0x48884aa W1=0x1b3d,0x25cb,0x86 W2=0x1a4a,0x3c37,0x1214

D60=0 fiber histogram: 1:7938 2:4828 3:1741 4:1077 5:419 6:197 7:69 8:71 9:35 10:17 11:7 12:8 13:4 14:2 15:1 16:2 18:2
