free_word_mitm_reducedn
N=14 mask=0x3fff msb=0x2000
candidate: M0=0x3d36 mode=random-fallback fill=0x3fff kernel=dM0=dM9=0x2000
prefixes=32768/268435456 mode=permuted-prefix-sample w59_per_prefix=16384 total=536870912
run_mode=scan registry_cap=16
sample_start=49643520
scan_elapsed=20.202s rate=26.58 Mtriples/s

D60 interface
  D60=0 matches: 32575 (random expectation 32768.0, enrichment 0.994x)
  prefixes with D60=0: 16492
  max D60=0 fiber per prefix: 17 at W57=0x1ed5 W58=0x1ed3
  largest D60 bucket: D=0x10bb count=33813
  min D60 HW: 0
  D60 HW histogram: 0:32575 1:454953 2:2975416 3:11907753 4:32773574 5:65621983 6:98478532 7:112519417 8:98416057 9:65569421 10:32759196 11:11896652 12:2973640 13:458960 14:32783

Tail closure among D60=0 matches
  final tail collisions: 0
  best r61 HW: 13
  best r61 W1[57..59]=0x141c,0x22e5,0x1c52
  best r61 W2[57..59]=0x1329,0x2da7,0x2d1f
  best tail HW: 21
  best tail r61 HW: 25
  best W1[57..59]=0x3208,0xc60,0xd06
  best W2[57..59]=0x3115,0x1956,0xa08

SUMMARY N=14 sample_start=49643520 prefixes=32768 total=536870912 d0=32575 best_tail=21 tail_r61=25 best_r61=13 tail_W1=0x3208,0xc60,0xd06 tail_W2=0x3115,0x1956,0xa08 r61_W1=0x141c,0x22e5,0x1c52 r61_W2=0x1329,0x2da7,0x2d1f

Scan-only witness registry
  registry_count=16 registry_cap=16
  witness[00] tail=21 r61=25 gh60=0x7a3c49e W1=0x3208,0xc60,0xd06 W2=0x3115,0x1956,0xa08
  witness[01] tail=23 r61=17 gh60=0xcb5cc9e W1=0x2928,0x168c,0x3961 W2=0x2835,0x2183,0x3e4f
  witness[02] tail=23 r61=18 gh60=0xc929f7a W1=0x1f59,0x251d,0xcda W2=0x1e66,0x273c,0x2277
  witness[03] tail=24 r61=22 gh60=0xd63bca6 W1=0x3003,0x12fb,0x2c4a W2=0x2f10,0x63d,0x82c
  witness[04] tail=24 r61=24 gh60=0x4629b9e W1=0x2187,0x3499,0x28bc W2=0x2094,0x2c75,0x1848
  witness[05] tail=24 r61=25 gh60=0xcee4faa W1=0x772,0x3dc3,0x3d7 W2=0x67f,0x2c5f,0x2e02
  witness[06] tail=24 r61=25 gh60=0xde9fca6 W1=0xfec,0x2b77,0x36c3 W2=0xef9,0x1d0e,0x3662
  witness[07] tail=25 r61=16 gh60=0x46f9c9a W1=0x1f45,0xd16,0x2b43 W2=0x1e52,0x2fde,0x2353
  witness[08] tail=25 r61=18 gh60=0x4908f6a W1=0x7e1,0x3a3c,0x33b8 W2=0x6ee,0x3d47,0x39b1
  witness[09] tail=25 r61=19 gh60=0x45a85be W1=0x1c77,0x18cf,0x94b W2=0x1b84,0x2e95,0x3ded
  witness[10] tail=25 r61=19 gh60=0x591876e W1=0x2b4f,0x1543,0x1126 W2=0x2a5c,0xd81,0x1f02
  witness[11] tail=25 r61=19 gh60=0x460ffee W1=0x2f90,0xf5a,0x11dc W2=0x2e9d,0x3b2e,0xaf8
  witness[12] tail=25 r61=20 gh60=0x4b1dd7a W1=0x5a,0x1721,0x187e W2=0x3f67,0x3d6d,0x3266
  witness[13] tail=25 r61=23 gh60=0x7e7449e W1=0x408,0x2bd9,0x1afc W2=0x315,0x2a4b,0x44f
  witness[14] tail=25 r61=23 gh60=0x7f17b6a W1=0x115e,0x3f7d,0x1fc6 W2=0x106b,0x29ad,0x4ba
  witness[15] tail=25 r61=23 gh60=0x56f84a6 W1=0x21fb,0x2a04,0x343f W2=0x2108,0x37d1,0x1f72

Scan-only r61 registry
  registry_count=16 registry_cap=16
  r61_witness[00] r61=13 tail=33 gh60=0x4a044e6 W1=0x141c,0x22e5,0x1c52 W2=0x1329,0x2da7,0x2d1f
  r61_witness[01] r61=14 tail=27 gh60=0x4889ba6 W1=0x21bb,0x2a73,0x375a W2=0x20c8,0x2cb9,0x36ed
  r61_witness[02] r61=14 tail=32 gh60=0xc605de6 W1=0x1e9c,0x37dd,0x193f W2=0x1da9,0x100a,0x29b2
  r61_witness[03] r61=15 tail=29 gh60=0x390fb6a W1=0xdde,0x39ce,0x36a2 W2=0xceb,0x28be,0x2313
  r61_witness[04] r61=15 tail=29 gh60=0x491bb7a W1=0x2d55,0x3c87,0xd43 W2=0x2c62,0x1d82,0x3f3
  r61_witness[05] r61=15 tail=35 gh60=0x4a087ea W1=0x391,0x2110,0x8dd W2=0x29e,0x21de,0x2f9b
  r61_witness[06] r61=15 tail=38 gh60=0x4a044e6 W1=0x141c,0x22e5,0x1c5a W2=0x1329,0x2da7,0x2d27
  r61_witness[07] r61=16 tail=25 gh60=0x46f9c9a W1=0x1f45,0xd16,0x2b43 W2=0x1e52,0x2fde,0x2353
  r61_witness[08] r61=16 tail=30 gh60=0x4a5bcfe W1=0xe17,0x20c4,0x347d W2=0xd24,0x23b3,0xc92
  r61_witness[09] r61=16 tail=30 gh60=0xca37cfa W1=0xf16,0x2d3e,0x3d7a W2=0xe23,0x3c4e,0x1ae4
  r61_witness[10] r61=16 tail=30 gh60=0x4a28cfa W1=0x2719,0x3319,0x31e4 W2=0x2626,0x1550,0x248a
  r61_witness[11] r61=16 tail=31 gh60=0x4608de6 W1=0x169b,0x3886,0x2cf1 W2=0x15a8,0x23b0,0x1d48
  r61_witness[12] r61=16 tail=31 gh60=0xc7844ba W1=0x2c3a,0x118c,0x3bd W2=0x2b47,0x367f,0x9e7
  r61_witness[13] r61=16 tail=32 gh60=0xca884aa W1=0xbf1,0x13d7,0x32c6 W2=0xafe,0x1a57,0xd2
  r61_witness[14] r61=16 tail=33 gh60=0x4b04766 W1=0x2bdc,0xfe6,0x945 W2=0x2ae9,0x3d16,0x344a
  r61_witness[15] r61=16 tail=33 gh60=0x492849a W1=0x3549,0x5d,0x718 W2=0x3456,0x366e,0x2dd0

D60=0 fiber histogram: 1:7948 2:4786 3:1857 4:1054 5:398 6:215 7:79 8:76 9:36 10:21 11:7 12:3 13:1 14:4 15:2 16:4 17:1
