free_word_mitm_reducedn
N=14 mask=0x3fff msb=0x2000
candidate: M0=0x3d36 mode=random-fallback fill=0x3fff kernel=dM0=dM9=0x2000
prefixes=32768/268435456 mode=permuted-prefix-sample w59_per_prefix=16384 total=536870912
run_mode=scan registry_cap=16
sample_start=116752384
scan_elapsed=20.019s rate=26.82 Mtriples/s

D60 interface
  D60=0 matches: 32357 (random expectation 32768.0, enrichment 0.987x)
  prefixes with D60=0: 16327
  max D60=0 fiber per prefix: 20 at W57=0x1053 W58=0x2d8b
  largest D60 bucket: D=0x2472 count=33914
  min D60 HW: 0
  D60 HW histogram: 0:32357 1:455207 2:2969694 3:11917184 4:32792267 5:65601844 6:98422314 7:112515705 8:98439092 9:65589716 10:32755731 11:11911364 12:2978241 13:457415 14:32781

Tail closure among D60=0 matches
  final tail collisions: 0
  best r61 HW: 14
  best r61 W1[57..59]=0x398c,0x2e08,0x3fd9
  best r61 W2[57..59]=0x3899,0x57,0xe68
  best tail HW: 22
  best tail r61 HW: 17
  best W1[57..59]=0xb9a,0x3acc,0x356e
  best W2[57..59]=0xaa7,0x2e11,0x1a04

SUMMARY N=14 sample_start=116752384 prefixes=32768 total=536870912 d0=32357 best_tail=22 tail_r61=17 best_r61=14 tail_W1=0xb9a,0x3acc,0x356e tail_W2=0xaa7,0x2e11,0x1a04 r61_W1=0x398c,0x2e08,0x3fd9 r61_W2=0x3899,0x57,0xe68

Scan-only witness registry
  registry_count=16 registry_cap=16
  witness[00] tail=22 r61=17 gh60=0x4a1c7fa W1=0xb9a,0x3acc,0x356e W2=0xaa7,0x2e11,0x1a04
  witness[01] tail=22 r61=24 gh60=0xcfac766 W1=0x364,0x13d1,0xb3d W2=0x271,0x131,0x210d
  witness[02] tail=24 r61=20 gh60=0x5907f66 W1=0xf5c,0x278b,0x320 W2=0xe69,0x3c38,0x1517
  witness[03] tail=24 r61=20 gh60=0xb68bcaa W1=0x1001,0x3d72,0x26ce W2=0xf0e,0x2ae1,0x30db
  witness[04] tail=25 r61=17 gh60=0xb99bcaa W1=0x2f3d,0x398c,0x604 W2=0x2e4a,0x327b,0x2cff
  witness[05] tail=25 r61=18 gh60=0xc4984aa W1=0x2c2d,0x2220,0x3a64 W2=0x2b3a,0x265c,0x33d3
  witness[06] tail=25 r61=22 gh60=0xcaac59a W1=0x1a66,0x299e,0x392e W2=0x1973,0x15c4,0x6f0
  witness[07] tail=25 r61=22 gh60=0x4e87ba6 W1=0x2d7c,0x6e0,0xcd9 W2=0x2c89,0x4a3,0x327d
  witness[08] tail=25 r61=23 gh60=0x4a3c5aa W1=0x282,0x13b7,0x2b4f W2=0x18f,0x1f64,0x1fea
  witness[09] tail=25 r61=23 gh60=0xb4885aa W1=0x2c1,0x2569,0x1b21 W2=0x1ce,0x2071,0x1e19
  witness[10] tail=25 r61=23 gh60=0x5739c9e W1=0x2047,0x6c4,0xfd5 W2=0x1f54,0xf70,0x2b44
  witness[11] tail=25 r61=30 gh60=0xded4b9e W1=0x29c8,0x76c,0xdc8 W2=0x28d5,0x3acb,0x1b3e
  witness[12] tail=26 r61=16 gh60=0xc8887aa W1=0x1bb1,0x34b,0x13c1 W2=0x1abe,0x14a3,0x2a59
  witness[13] tail=26 r61=17 gh60=0x4a9cdaa W1=0x67e,0x1936,0x3ae8 W2=0x58b,0x18fe,0x1a85
  witness[14] tail=26 r61=19 gh60=0x4ea84be W1=0x3af7,0x2973,0x8db W2=0x3a04,0x3a91,0x3727
  witness[15] tail=26 r61=20 gh60=0x44884aa W1=0x142d,0x31a3,0x2720 W2=0x133a,0x95f,0xd9

Scan-only r61 registry
  registry_count=16 registry_cap=16
  r61_witness[00] r61=14 tail=31 gh60=0x4604be6 W1=0x398c,0x2e08,0x3fd9 W2=0x3899,0x57,0xe68
  r61_witness[01] r61=15 tail=32 gh60=0x592476a W1=0x3d2,0x226b,0x1cbe W2=0x2df,0x16ce,0x2594
  r61_witness[02] r61=15 tail=32 gh60=0x36084ee W1=0x3b1f,0x11ab,0x215e W2=0x3a2c,0x2b1,0x106f
  r61_witness[03] r61=15 tail=34 gh60=0x4a38f9a W1=0x1785,0xf1a,0x3582 W2=0x1692,0xcf4,0xe8
  r61_witness[04] r61=15 tail=35 gh60=0x4618ce6 W1=0x1713,0x12e,0x299a W2=0x1620,0xed4,0x14d6
  r61_witness[05] r61=16 tail=26 gh60=0xc8887aa W1=0x1bb1,0x34b,0x13c1 W2=0x1abe,0x14a3,0x2a59
  r61_witness[06] r61=16 tail=30 gh60=0x4a18ca6 W1=0x2703,0xf54,0x66d W2=0x2610,0xb10,0x3e6e
  r61_witness[07] r61=16 tail=31 gh60=0x4a085ee W1=0x29f,0x2402,0x124b W2=0x1ac,0x7b4,0x170b
  r61_witness[08] r61=16 tail=31 gh60=0x4a08de6 W1=0x88b,0x152a,0x3447 W2=0x798,0x5e4,0x22b2
  r61_witness[09] r61=16 tail=31 gh60=0x5b885a6 W1=0xc7b,0x10f2,0x345d W2=0xb88,0x8a5,0x3896
  r61_witness[10] r61=16 tail=33 gh60=0x3a28d9a W1=0x689,0x3123,0x2b1 W2=0x596,0x12d5,0x455
  r61_witness[11] r61=16 tail=33 gh60=0x46f8f7a W1=0x2759,0x695,0x2c96 W2=0x2666,0xab0,0xef1
  r61_witness[12] r61=16 tail=33 gh60=0x56087ea W1=0x338d,0x12b8,0x1169 W2=0x329a,0x1886,0x3e7d
  r61_witness[13] r61=16 tail=34 gh60=0xc5a9c9e W1=0x3e27,0x1eb2,0x5ba W2=0x3d34,0x2d1e,0x1d9
  r61_witness[14] r61=16 tail=35 gh60=0x4a28dfa W1=0x2695,0x3ccf,0x2f08 W2=0x25a2,0x2b2a,0x1dcc
  r61_witness[15] r61=16 tail=36 gh60=0x5609dea W1=0x209d,0x3e05,0x89f W2=0x1faa,0x850,0x558

D60=0 fiber histogram: 1:7836 2:4747 3:1799 4:1096 5:407 6:213 7:84 8:73 9:32 10:17 11:6 12:7 13:2 14:4 16:1 17:1 18:1 20:1
