free_word_mitm_reducedn
N=14 mask=0x3fff msb=0x2000
candidate: M0=0x3d36 mode=random-fallback fill=0x3fff kernel=dM0=dM9=0x2000
prefixes=32768/268435456 mode=permuted-prefix-sample w59_per_prefix=16384 total=536870912
run_mode=scan registry_cap=16
sample_start=13271040
scan_elapsed=16.102s rate=33.34 Mtriples/s

D60 interface
  D60=0 matches: 32933 (random expectation 32768.0, enrichment 1.005x)
  prefixes with D60=0: 16632
  max D60=0 fiber per prefix: 22 at W57=0x34f2 W58=0x1521
  largest D60 bucket: D=0x2b42 count=33776
  min D60 HW: 0
  D60 HW histogram: 0:32933 1:457835 2:2975966 3:11916471 4:32803948 5:65640152 6:98476682 7:112515639 8:98417229 9:65540651 10:32741746 11:11895084 12:2969481 13:454836 14:32259

Tail closure among D60=0 matches
  final tail collisions: 0
  best r61 HW: 11
  best r61 W1[57..59]=0x17bc,0x4b,0x1a72
  best r61 W2[57..59]=0x16c9,0x3680,0x32a6
  best tail HW: 22
  best tail r61 HW: 24
  best W1[57..59]=0x19fb,0x165b,0x29c
  best W2[57..59]=0x1908,0x3126,0x933

SUMMARY N=14 sample_start=13271040 prefixes=32768 total=536870912 d0=32933 best_tail=22 tail_r61=24 best_r61=11 tail_W1=0x19fb,0x165b,0x29c tail_W2=0x1908,0x3126,0x933 r61_W1=0x17bc,0x4b,0x1a72 r61_W2=0x16c9,0x3680,0x32a6

Scan-only witness registry
  registry_count=16 registry_cap=16
  witness[00] tail=22 r61=16 gh60=0xc6245e6 W1=0x1494,0x1186,0x2d0f W2=0x13a1,0x3556,0x131f
  witness[01] tail=22 r61=24 gh60=0x5db84a6 W1=0x19fb,0x165b,0x29c W2=0x1908,0x3126,0x933
  witness[02] tail=23 r61=20 gh60=0x5939f7a W1=0x3f55,0x1db9,0x29d8 W2=0x3e62,0x7dc,0x2e1
  witness[03] tail=23 r61=27 gh60=0xfba8fba W1=0x7b5,0xc96,0x262d W2=0x6c2,0x3aa9,0x19b7
  witness[04] tail=23 r61=30 gh60=0xbf38f7a W1=0x17d9,0xcab,0x1d38 W2=0x16e6,0x14ce,0x6d5
  witness[05] tail=24 r61=17 gh60=0xc988bae W1=0x156f,0x3cf0,0xbed W2=0x147c,0x577,0x3efa
  witness[06] tail=24 r61=17 gh60=0xc965baa W1=0x21b2,0x2828,0x2526 W2=0x20bf,0x1534,0x333c
  witness[07] tail=24 r61=18 gh60=0xb4a85e6 W1=0x12a3,0x2c3d,0x12fa W2=0x11b0,0x3098,0x605
  witness[08] tail=24 r61=23 gh60=0x7d88da6 W1=0x66b,0x1cdd,0x1ef2 W2=0x578,0x3621,0x2533
  witness[09] tail=24 r61=23 gh60=0xde1cdea W1=0x2692,0x192b,0xfb9 W2=0x259f,0x2c0f,0x1aeb
  witness[10] tail=24 r61=24 gh60=0x5e64d6a W1=0x28e2,0x2a0e,0x2c5d W2=0x27ef,0x2e96,0x3c69
  witness[11] tail=24 r61=26 gh60=0xcf78b7a W1=0x9d9,0x3204,0x17e9 W2=0x8e6,0x32ff,0x13bc
  witness[12] tail=25 r61=18 gh60=0xcae9dba W1=0x75,0x3dbc,0x341e W2=0x3f82,0x2a9f,0x3170
  witness[13] tail=25 r61=21 gh60=0x4a3cbe6 W1=0x59c,0x3f15,0x30b6 W2=0x4a9,0x954,0xb15
  witness[14] tail=25 r61=23 gh60=0x76744fa W1=0x3216,0x2fa4,0x316d W2=0x3123,0x235d,0x1a22
  witness[15] tail=25 r61=24 gh60=0xb53c49e W1=0x1a48,0x116d,0x2946 W2=0x1955,0x1d59,0x33bc

Scan-only r61 registry
  registry_count=16 registry_cap=16
  r61_witness[00] r61=11 tail=32 gh60=0x4884fa6 W1=0x17bc,0x4b,0x1a72 W2=0x16c9,0x3680,0x32a6
  r61_witness[01] r61=13 tail=32 gh60=0x450bd6a W1=0x2ee1,0x55e,0x1eb5 W2=0x2dee,0x361d,0x28ed
  r61_witness[02] r61=15 tail=30 gh60=0x48847a6 W1=0x23ac,0x9a0,0x3a4d W2=0x22b9,0x3466,0x15d5
  r61_witness[03] r61=15 tail=32 gh60=0x7909b6a W1=0x1e1,0x2edc,0x1bea W2=0xee,0x2ec7,0xf21
  r61_witness[04] r61=15 tail=33 gh60=0xc487ca6 W1=0xe2c,0x208e,0x3c9b W2=0xd39,0x3329,0x348f
  r61_witness[05] r61=15 tail=33 gh60=0xc604fe6 W1=0x178c,0x1584,0x746 W2=0x1699,0x953,0x42d
  r61_witness[06] r61=15 tail=33 gh60=0x4a047e6 W1=0x238c,0x2bcd,0x4fd W2=0x2299,0x1717,0x1446
  r61_witness[07] r61=15 tail=34 gh60=0x4908766 W1=0x33db,0x2978,0x21be W2=0x32e8,0x1e21,0x1e16
  r61_witness[08] r61=15 tail=34 gh60=0xd6e849a W1=0x3549,0x3a41,0x967 W2=0x3456,0x3052,0x308c
  r61_witness[09] r61=15 tail=36 gh60=0xc6045e6 W1=0x1c8c,0x1c84,0x1319 W2=0x1b99,0x2244,0x2560
  r61_witness[10] r61=16 tail=22 gh60=0xc6245e6 W1=0x1494,0x1186,0x2d0f W2=0x13a1,0x3556,0x131f
  r61_witness[11] r61=16 tail=28 gh60=0x4a8ccba W1=0x18fa,0x264d,0x1269 W2=0x1807,0x1881,0x6e4
  r61_witness[12] r61=16 tail=29 gh60=0xd888faa W1=0x27bd,0x1505,0xe40 W2=0x26ca,0x208,0x159e
  r61_witness[13] r61=16 tail=30 gh60=0xd4884ae W1=0x22f,0x1bb8,0x3bde W2=0x13c,0x5d8,0x393c
  r61_witness[14] r61=16 tail=32 gh60=0x48847a6 W1=0x23ac,0x9a0,0x324d W2=0x22b9,0x3466,0xdd5
  r61_witness[15] r61=16 tail=34 gh60=0x4ad4d9e W1=0x18c8,0x101c,0x32d5 W2=0x17d5,0x2137,0x110f

D60=0 fiber histogram: 1:8168 2:4652 3:1842 4:1051 5:450 6:217 7:89 8:67 9:33 10:32 11:9 12:11 13:5 14:1 16:2 18:1 21:1 22:1
