free_word_mitm_reducedn
N=14 mask=0x3fff msb=0x2000
candidate: M0=0x3d36 mode=random-fallback fill=0x3fff kernel=dM0=dM9=0x2000
prefixes=32768/268435456 mode=permuted-prefix-sample w59_per_prefix=16384 total=536870912
run_mode=scan registry_cap=16
sample_start=102006784
scan_elapsed=20.210s rate=26.56 Mtriples/s

D60 interface
  D60=0 matches: 32917 (random expectation 32768.0, enrichment 1.005x)
  prefixes with D60=0: 16584
  max D60=0 fiber per prefix: 18 at W57=0x1e6b W58=0x2d8d
  largest D60 bucket: D=0x1112 count=33796
  min D60 HW: 0
  D60 HW histogram: 0:32917 1:457411 2:2973336 3:11901594 4:32778905 5:65595276 6:98447307 7:112488801 8:98430912 9:65620897 10:32779040 11:11905068 12:2970156 13:456824 14:32468

Tail closure among D60=0 matches
  final tail collisions: 0
  best r61 HW: 14
  best r61 W1[57..59]=0x281f,0x3245,0x1a13
  best r61 W2[57..59]=0x272c,0x1a20,0x1716
  best tail HW: 21
  best tail r61 HW: 20
  best W1[57..59]=0x3792,0x12bc,0xc81
  best W2[57..59]=0x369f,0xe54,0x13ae

SUMMARY N=14 sample_start=102006784 prefixes=32768 total=536870912 d0=32917 best_tail=21 tail_r61=20 best_r61=14 tail_W1=0x3792,0x12bc,0xc81 tail_W2=0x369f,0xe54,0x13ae r61_W1=0x281f,0x3245,0x1a13 r61_W2=0x272c,0x1a20,0x1716

Scan-only witness registry
  registry_count=16 registry_cap=16
  witness[00] tail=21 r61=20 gh60=0xc6e4fea W1=0x3792,0x12bc,0xc81 W2=0x369f,0xe54,0x13ae
  witness[01] tail=22 r61=20 gh60=0xca285a6 W1=0x1a83,0x383f,0x377a W2=0x1990,0x3b24,0x3a61
  witness[02] tail=23 r61=22 gh60=0xcbb87aa W1=0x2b7d,0x3a78,0x1912 W2=0x2a8a,0x2c2c,0x2576
  witness[03] tail=23 r61=23 gh60=0x5bf5b6e W1=0x21d0,0x685,0x1825 W2=0x20dd,0x3da9,0x2348
  witness[04] tail=23 r61=23 gh60=0xcbac4ba W1=0x3b36,0x151,0x25c5 W2=0x3a43,0x39d4,0x18c1
  witness[05] tail=24 r61=18 gh60=0x451c4aa W1=0x3442,0x3bbf,0x197a W2=0x334f,0x1054,0x1a76
  witness[06] tail=24 r61=19 gh60=0xd9a9cba W1=0x3ef9,0x1bef,0x2a0d W2=0x3e06,0x2ae,0x2806
  witness[07] tail=24 r61=24 gh60=0xdf3449a W1=0x3246,0x3e89,0xe91 W2=0x3153,0x331b,0x1f09
  witness[08] tail=25 r61=19 gh60=0xfa28c9a W1=0x2705,0x3529,0xa68 W2=0x2612,0x18ef,0x3608
  witness[09] tail=25 r61=20 gh60=0x3e0c49a W1=0x1c0a,0x122b,0x2bf4 W2=0x1b17,0x8ef,0x21ad
  witness[10] tail=25 r61=21 gh60=0x4b18b6e W1=0x155f,0xc44,0x5d4 W2=0x146c,0xe53,0x104d
  witness[11] tail=25 r61=22 gh60=0x4aefb6a W1=0x2d62,0xe34,0x70 W2=0x2c6f,0x2f88,0x11a6
  witness[12] tail=25 r61=23 gh60=0xfe085ea W1=0x3a9d,0x3521,0x2f96 W2=0x39aa,0x122b,0x3371
  witness[13] tail=25 r61=24 gh60=0xde5cc9a W1=0x1606,0x5bf,0x32f4 W2=0x1513,0x3d4e,0x4e2
  witness[14] tail=25 r61=25 gh60=0x5799dae W1=0x6f,0x3333,0x1c3a W2=0x3f7c,0x177e,0x2e17
  witness[15] tail=25 r61=26 gh60=0xf4b9ca6 W1=0x202b,0x2a84,0x12fe W2=0x1f38,0x129e,0x3982

Scan-only r61 registry
  registry_count=16 registry_cap=16
  r61_witness[00] r61=14 tail=30 gh60=0x7a08cee W1=0x281f,0x3245,0x1a13 W2=0x272c,0x1a20,0x1716
  r61_witness[01] r61=15 tail=27 gh60=0x4a885ae W1=0x127f,0x238a,0x356f W2=0x118c,0x1842,0xbfb
  r61_witness[02] r61=15 tail=31 gh60=0x49e87ba W1=0x3379,0x4c8,0x177c W2=0x3286,0x160e,0x2142
  r61_witness[03] r61=15 tail=32 gh60=0xc98449a W1=0x2aea,0x1519,0x60 W2=0x29f7,0x3d5f,0x23f8
  r61_witness[04] r61=15 tail=32 gh60=0x4a18dfa W1=0x3895,0x265e,0x2e0e W2=0x37a2,0x22b9,0x28
  r61_witness[05] r61=15 tail=36 gh60=0x4a18dea W1=0x269d,0x975,0x3774 W2=0x25aa,0x1744,0x326
  r61_witness[06] r61=15 tail=37 gh60=0x4e74baa W1=0x296e,0x1705,0x2379 W2=0x287b,0x13dd,0x3fb7
  r61_witness[07] r61=16 tail=32 gh60=0xc894baa W1=0x39ae,0x359b,0x35f5 W2=0x38bb,0x1e3,0x3a49
  r61_witness[08] r61=16 tail=33 gh60=0xca15bea W1=0x1d8e,0x1e8f,0xf43 W2=0x1c9b,0x1f1f,0xb3e
  r61_witness[09] r61=16 tail=34 gh60=0xc618ce6 W1=0x271b,0x2cd9,0x1702 W2=0x2628,0x6df,0x2a82
  r61_witness[10] r61=16 tail=37 gh60=0x44884aa W1=0x1c41,0x1978,0x26fb W2=0x1b4e,0x2d68,0x34a0
  r61_witness[11] r61=16 tail=37 gh60=0x4908b66 W1=0x394b,0x3eee,0x28f4 W2=0x3858,0x14cc,0x4ad
  r61_witness[12] r61=17 tail=27 gh60=0x46044e6 W1=0x41c,0x1621,0x94c W2=0x329,0x17e7,0x3513
  r61_witness[13] r61=17 tail=28 gh60=0x4b0c56e W1=0xae0,0x252b,0xf3b W2=0x9ed,0x2e6,0x1c35
  r61_witness[14] r61=17 tail=28 gh60=0xc6b9caa W1=0x1ded,0xa29,0x126b W2=0x1cfa,0x1468,0x2f1
  r61_witness[15] r61=17 tail=28 gh60=0x44b449e W1=0x2428,0x25b8,0x1123 W2=0x2335,0x2370,0xfb2

D60=0 fiber histogram: 1:7977 2:4793 3:1809 4:1136 5:388 6:256 7:78 8:73 9:33 10:16 11:9 12:5 13:4 14:3 16:2 17:1 18:1
