free_word_mitm_reducedn
N=14 mask=0x3fff msb=0x2000
candidate: M0=0x3d36 mode=random-fallback fill=0x3fff kernel=dM0=dM9=0x2000
prefixes=32768/268435456 mode=permuted-prefix-sample w59_per_prefix=16384 total=536870912
run_mode=scan registry_cap=16
sample_start=32210944
scan_elapsed=19.780s rate=27.14 Mtriples/s

D60 interface
  D60=0 matches: 32172 (random expectation 32768.0, enrichment 0.982x)
  prefixes with D60=0: 16354
  max D60=0 fiber per prefix: 22 at W57=0x3552 W58=0x159
  largest D60 bucket: D=0x2d49 count=33781
  min D60 HW: 0
  D60 HW histogram: 0:32172 1:456524 2:2974160 3:11915829 4:32807038 5:65673795 6:98533548 7:112528546 8:98396360 9:65524695 10:32707651 11:11870554 12:2963444 13:454436 14:32160

Tail closure among D60=0 matches
  final tail collisions: 0
  best r61 HW: 14
  best r61 W1[57..59]=0x2dea,0xe32,0x2d1e
  best r61 W2[57..59]=0x2cf7,0x2d37,0x3ffc
  best tail HW: 20
  best tail r61 HW: 20
  best W1[57..59]=0x22ec,0x19c1,0x2883
  best W2[57..59]=0x21f9,0x2a9f,0x3c2f

SUMMARY N=14 sample_start=32210944 prefixes=32768 total=536870912 d0=32172 best_tail=20 tail_r61=20 best_r61=14 tail_W1=0x22ec,0x19c1,0x2883 tail_W2=0x21f9,0x2a9f,0x3c2f r61_W1=0x2dea,0xe32,0x2d1e r61_W2=0x2cf7,0x2d37,0x3ffc

Scan-only witness registry
  registry_count=16 registry_cap=16
  witness[00] tail=20 r61=20 gh60=0xc9fc4a6 W1=0x22ec,0x19c1,0x2883 W2=0x21f9,0x2a9f,0x3c2f
  witness[01] tail=21 r61=17 gh60=0x5508d6a W1=0x184d,0x14d5,0x2c54 W2=0x175a,0x301c,0x2b32
  witness[02] tail=21 r61=21 gh60=0xcfa85ba W1=0x3a75,0x3f75,0x3c0d W2=0x3982,0x3c97,0x226f
  witness[03] tail=22 r61=18 gh60=0x4b884aa W1=0x31ed,0x2861,0x1ca6 W2=0x30fa,0x3c1d,0x3133
  witness[04] tail=22 r61=23 gh60=0xd72c59a W1=0xac6,0x20b5,0x3743 W2=0x9d3,0x3cad,0x1d3c
  witness[05] tail=23 r61=19 gh60=0x5e2fbaa W1=0x3182,0x274f,0xc28 W2=0x308f,0x3ffb,0x125d
  witness[06] tail=23 r61=21 gh60=0x3a1fbee W1=0xda0,0x229e,0x1cc4 W2=0xcad,0x61a,0x18b5
  witness[07] tail=23 r61=23 gh60=0xfcdc4ba W1=0x1c36,0x3417,0x72 W2=0x1b43,0x295a,0xfe0
  witness[08] tail=24 r61=20 gh60=0x56184ee W1=0x331f,0x3cd6,0xeea W2=0x322c,0x2f5c,0x35dc
  witness[09] tail=24 r61=21 gh60=0x3b28766 W1=0x1b53,0x233,0x1065 W2=0x1a60,0x37f8,0x18b8
  witness[10] tail=24 r61=23 gh60=0xd5e9d9a W1=0x20c5,0x1ef5,0x2240 W2=0x1fd2,0x79d,0x2c69
  witness[11] tail=24 r61=23 gh60=0x769cdae W1=0x2880,0x37ea,0x3f70 W2=0x278d,0x1992,0x265a
  witness[12] tail=24 r61=24 gh60=0x3fefd7e W1=0xe58,0x1ad7,0x285f W2=0xd65,0x1107,0x22d0
  witness[13] tail=24 r61=24 gh60=0xc7f8b66 W1=0x3953,0x37f4,0x38ae W2=0x3860,0xde2,0x258e
  witness[14] tail=25 r61=16 gh60=0xc7bcce6 W1=0x1724,0x38a4,0x3eae W2=0x1631,0x32e7,0xe48
  witness[15] tail=25 r61=16 gh60=0x49884ae W1=0x1d2f,0x2196,0x14e6 W2=0x1c3c,0xeb6,0x2cc5

Scan-only r61 registry
  registry_count=16 registry_cap=16
  r61_witness[00] r61=14 tail=29 gh60=0x4a87c9a W1=0x2dea,0xe32,0x2d1e W2=0x2cf7,0x2d37,0x3ffc
  r61_witness[01] r61=15 tail=31 gh60=0x4ae85ba W1=0x475,0x1161,0x468 W2=0x382,0x3e87,0x199f
  r61_witness[02] r61=15 tail=31 gh60=0x5e084ea W1=0xc1d,0xbef,0x9ca W2=0xb2a,0xfa5,0x2686
  r61_witness[03] r61=15 tail=31 gh60=0x4a0459a W1=0x2c8a,0x2ab4,0x3aec W2=0x2b97,0x1994,0x1321
  r61_witness[04] r61=15 tail=32 gh60=0x3a085ea W1=0x3c8d,0x1b2c,0xa04 W2=0x3b9a,0x3aca,0x22b8
  r61_witness[05] r61=15 tail=33 gh60=0x45885aa W1=0x2c6d,0x1e54,0x1762 W2=0x2b7a,0x2af8,0x11a5
  r61_witness[06] r61=15 tail=34 gh60=0xc60cfea W1=0x279e,0x33e5,0x1b10 W2=0x26ab,0x3369,0xffa
  r61_witness[07] r61=16 tail=25 gh60=0xc7bcce6 W1=0x1724,0x38a4,0x3eae W2=0x1631,0x32e7,0xe48
  r61_witness[08] r61=16 tail=25 gh60=0x49884ae W1=0x1d2f,0x2196,0x14e6 W2=0x1c3c,0xeb6,0x2cc5
  r61_witness[09] r61=16 tail=28 gh60=0x4a3bcea W1=0x1121,0x1a17,0x22dd W2=0x102e,0x742,0x3b73
  r61_witness[10] r61=16 tail=30 gh60=0x5978b6e W1=0x295f,0x2691,0x12ee W2=0x286c,0x189c,0x477
  r61_witness[11] r61=16 tail=32 gh60=0x560fbea W1=0x2d9e,0x3d14,0x2300 W2=0x2cab,0x2a98,0x60e
  r61_witness[12] r61=16 tail=33 gh60=0x4888ba6 W1=0x5ab,0x2913,0x1c39 W2=0x4b8,0x30e7,0x4d1
  r61_witness[13] r61=16 tail=33 gh60=0x468c5a6 W1=0x1c6c,0x99a,0x34d3 W2=0x1b79,0xf4e,0x1c34
  r61_witness[14] r61=16 tail=34 gh60=0xca08dea W1=0x189d,0x2545,0x7a2 W2=0x17aa,0x210,0x263a
  r61_witness[15] r61=16 tail=34 gh60=0x4a0c4ee W1=0x2d10,0x10a7,0x396f W2=0x2c1d,0x14e,0x4b3

D60=0 fiber histogram: 1:7936 2:4736 3:1751 4:1093 5:420 6:208 7:72 8:72 9:26 10:15 11:10 12:6 13:3 15:1 16:1 17:2 19:1 22:1
