free_word_mitm_reducedn
N=14 mask=0x3fff msb=0x2000
candidate: M0=0x3d36 mode=random-fallback fill=0x3fff kernel=dM0=dM9=0x2000
prefixes=32768/268435456 mode=permuted-prefix-sample w59_per_prefix=16384 total=536870912
run_mode=scan registry_cap=16
sample_start=117768192
scan_elapsed=18.543s rate=28.95 Mtriples/s

D60 interface
  D60=0 matches: 32593 (random expectation 32768.0, enrichment 0.995x)
  prefixes with D60=0: 16490
  max D60=0 fiber per prefix: 18 at W57=0x13d W58=0x2a06
  largest D60 bucket: D=0x2f73 count=33740
  min D60 HW: 0
  D60 HW histogram: 0:32593 1:456747 2:2969841 3:11898819 4:32759533 5:65588205 6:98418600 7:112500611 8:98442511 9:65614086 10:32805342 11:11916855 12:2976337 13:458311 14:32521

Tail closure among D60=0 matches
  final tail collisions: 0
  best r61 HW: 14
  best r61 W1[57..59]=0x1441,0x16c0,0x17c5
  best r61 W2[57..59]=0x134e,0x2d30,0x1b19
  best tail HW: 19
  best tail r61 HW: 25
  best W1[57..59]=0xc68,0x37cb,0x656
  best W2[57..59]=0xb75,0x3e95,0x16a6

SUMMARY N=14 sample_start=117768192 prefixes=32768 total=536870912 d0=32593 best_tail=19 tail_r61=25 best_r61=14 tail_W1=0xc68,0x37cb,0x656 tail_W2=0xb75,0x3e95,0x16a6 r61_W1=0x1441,0x16c0,0x17c5 r61_W2=0x134e,0x2d30,0x1b19

Scan-only witness registry
  registry_count=16 registry_cap=16
  witness[00] tail=19 r61=25 gh60=0x3db459e W1=0xc68,0x37cb,0x656 W2=0xb75,0x3e95,0x16a6
  witness[01] tail=21 r61=21 gh60=0xc9e8dfe W1=0x2697,0x2d79,0x1545 W2=0x25a4,0x33b8,0x1226
  witness[02] tail=21 r61=29 gh60=0xfaf45fa W1=0x1496,0x184c,0x2969 W2=0x13a3,0x36d,0x2907
  witness[03] tail=22 r61=14 gh60=0x4b18f66 W1=0x7d3,0x2df2,0xf7 W2=0x6e0,0x123c,0x1275
  witness[04] tail=22 r61=24 gh60=0x46fc4ae W1=0x33f0,0xea5,0x32c8 W2=0x32fd,0x3cc6,0x10d8
  witness[05] tail=23 r61=18 gh60=0xc9844a6 W1=0x33c,0x3c9a,0x1396 W2=0x249,0xbe8,0x1ff8
  witness[06] tail=23 r61=20 gh60=0xba39dee W1=0x208f,0x15fa,0x35a4 W2=0x1f9c,0x3839,0x95c
  witness[07] tail=24 r61=18 gh60=0xc664faa W1=0x772,0x1ad9,0xad W2=0x67f,0x975,0x10dd
  witness[08] tail=24 r61=20 gh60=0xdbefca6 W1=0x3134,0x12bc,0x194b W2=0x3041,0x56f,0x3351
  witness[09] tail=24 r61=22 gh60=0xcb785aa W1=0x24c1,0x30fc,0x2865 W2=0x23ce,0x3084,0x18ff
  witness[10] tail=25 r61=17 gh60=0xfa25da6 W1=0x2084,0x3e0d,0x385c W2=0x1f91,0xe60,0x28b5
  witness[11] tail=25 r61=19 gh60=0x3a185a6 W1=0x483,0x16f5,0x257 W2=0x390,0x2cd8,0xb1f
  witness[12] tail=25 r61=19 gh60=0x4d8c4ae W1=0x21f0,0x2f2d,0xdc3 W2=0x20fd,0xbce,0x177a
  witness[13] tail=25 r61=21 gh60=0x4598ca6 W1=0x263b,0xf67,0xffc W2=0x2548,0x1ef3,0x2ca0
  witness[14] tail=25 r61=22 gh60=0x47245aa W1=0x3cc2,0x1343,0x2aee W2=0x3bcf,0x3180,0xf7c
  witness[15] tail=26 r61=16 gh60=0xd498daa W1=0x28bd,0x367b,0x240a W2=0x27ca,0x3fbe,0xd4

Scan-only r61 registry
  registry_count=16 registry_cap=16
  r61_witness[00] r61=14 tail=22 gh60=0x4b18f66 W1=0x7d3,0x2df2,0xf7 W2=0x6e0,0x123c,0x1275
  r61_witness[01] r61=14 tail=29 gh60=0x44884aa W1=0x1441,0x16c0,0x17c5 W2=0x134e,0x2d30,0x1b19
  r61_witness[02] r61=14 tail=30 gh60=0x4a187ea W1=0x1b91,0x2ea3,0xa4d W2=0x1a9e,0x475,0x83d
  r61_witness[03] r61=15 tail=29 gh60=0x4528d9e W1=0x26c7,0x2016,0x29b3 W2=0x25d4,0x2724,0xd1
  r61_witness[04] r61=15 tail=33 gh60=0x4a085ee W1=0x128f,0x3b53,0xc31 W2=0x119c,0x3115,0x2536
  r61_witness[05] r61=15 tail=36 gh60=0x4b0457a W1=0x2da,0x3ba2,0x264e W2=0x1e7,0x2aa3,0x1e59
  r61_witness[06] r61=15 tail=36 gh60=0x4a04fe6 W1=0x379c,0x3b4,0x3f1a W2=0x36a9,0x386f,0x1567
  r61_witness[07] r61=16 tail=26 gh60=0xd498daa W1=0x28bd,0x367b,0x240a W2=0x27ca,0x3fbe,0xd4
  r61_witness[08] r61=16 tail=30 gh60=0xc65459e W1=0x468,0x2a3e,0x1d5e W2=0x375,0x308a,0x1907
  r61_witness[09] r61=16 tail=30 gh60=0xc62bf9a W1=0x2f89,0xfea,0x23cc W2=0x2e96,0x38c2,0x1111
  r61_witness[10] r61=16 tail=30 gh60=0x4f05f7a W1=0x3f5a,0x35f2,0x266a W2=0x3e67,0x200e,0x1f45
  r61_witness[11] r61=16 tail=32 gh60=0x4b644e6 W1=0x3c24,0x15f7,0x2a7c W2=0x3b31,0x69,0x2496
  r61_witness[12] r61=16 tail=34 gh60=0x4a57bfa W1=0xd96,0xcee,0x6ea W2=0xca3,0x7e,0xd8d
  r61_witness[13] r61=16 tail=38 gh60=0x598c4a6 W1=0xd2c,0x3da6,0x1c37 W2=0xc39,0x2c02,0x2c9c
  r61_witness[14] r61=16 tail=38 gh60=0x4a09fee W1=0x3f9f,0x2a8a,0x263d W2=0x3eac,0x2149,0x2add
  r61_witness[15] r61=17 tail=25 gh60=0xfa25da6 W1=0x2084,0x3e0d,0x385c W2=0x1f91,0xe60,0x28b5

D60=0 fiber histogram: 1:8081 2:4640 3:1750 4:1125 5:438 6:232 7:80 8:77 9:23 10:15 11:9 12:8 13:6 14:1 15:3 17:1 18:1
