free_word_mitm_reducedn
N=14 mask=0x3fff msb=0x2000
candidate: M0=0x3d36 mode=random-fallback fill=0x3fff kernel=dM0=dM9=0x2000
prefixes=32768/268435456 mode=permuted-prefix-sample w59_per_prefix=16384 total=536870912
run_mode=scan registry_cap=16
sample_start=183828480
scan_elapsed=15.532s rate=34.57 Mtriples/s

D60 interface
  D60=0 matches: 32488 (random expectation 32768.0, enrichment 0.991x)
  prefixes with D60=0: 16474
  max D60=0 fiber per prefix: 16 at W57=0xe26 W58=0x27af
  largest D60 bucket: D=0x2edf count=33782
  min D60 HW: 0
  D60 HW histogram: 0:32488 1:455758 2:2973327 3:11909260 4:32777977 5:65612549 6:98462222 7:112516727 8:98413173 9:65576784 10:32766303 11:11905624 12:2977700 13:458186 14:32834

Tail closure among D60=0 matches
  final tail collisions: 0
  best r61 HW: 13
  best r61 W1[57..59]=0x14d1,0x3181,0x930
  best r61 W2[57..59]=0x13de,0x3933,0x1695
  best tail HW: 20
  best tail r61 HW: 16
  best W1[57..59]=0x37c5,0x2c61,0x2f60
  best W2[57..59]=0x36d2,0x2bbf,0x3d61

SUMMARY N=14 sample_start=183828480 prefixes=32768 total=536870912 d0=32488 best_tail=20 tail_r61=16 best_r61=13 tail_W1=0x37c5,0x2c61,0x2f60 tail_W2=0x36d2,0x2bbf,0x3d61 r61_W1=0x14d1,0x3181,0x930 r61_W2=0x13de,0x3933,0x1695

Scan-only witness registry
  registry_count=16 registry_cap=16
  witness[00] tail=20 r61=16 gh60=0x4968f9a W1=0x37c5,0x2c61,0x2f60 W2=0x36d2,0x2bbf,0x3d61
  witness[01] tail=22 r61=22 gh60=0x4a18c9a W1=0x2905,0xf1c,0x3582 W2=0x2812,0x30e2,0x3261
  witness[02] tail=23 r61=18 gh60=0x4a644e6 W1=0x2314,0x1d2c,0x13f1 W2=0x2221,0xe20,0x2137
  witness[03] tail=23 r61=20 gh60=0x4a38cfe W1=0x2717,0x375b,0x15be W2=0x2624,0x31b2,0x2d9a
  witness[04] tail=24 r61=14 gh60=0xc604ce6 W1=0x371c,0xf52,0x321e W2=0x3629,0x2a65,0x2d71
  witness[05] tail=24 r61=15 gh60=0x4e0c4e6 W1=0x1b1c,0x1619,0x3f3 W2=0x1a29,0x34ed,0x3d1d
  witness[06] tail=24 r61=17 gh60=0xc604ce6 W1=0x371c,0xf52,0x1b7a W2=0x3629,0x2a65,0x16cd
  witness[07] tail=24 r61=18 gh60=0x470c566 W1=0x3ccc,0x811,0x5db W2=0x3bd9,0xb39,0x2a07
  witness[08] tail=24 r61=20 gh60=0xcb5857a W1=0x2cd9,0x248d,0x256d W2=0x2be6,0x1c1,0xd5a
  witness[09] tail=24 r61=23 gh60=0x4a384fe W1=0x3417,0xfd3,0x2516 W2=0x3324,0x30fb,0x322d
  witness[10] tail=24 r61=23 gh60=0x4cdc59a W1=0x34a6,0x31f5,0x2f3d W2=0x33b3,0x1fb1,0x1ad8
  witness[11] tail=24 r61=23 gh60=0xb504566 W1=0x3adc,0x1492,0x26e9 W2=0x39e9,0x34ce,0x1df7
  witness[12] tail=24 r61=31 gh60=0xd8b87a6 W1=0x2bbb,0x281f,0x1d72 W2=0x2ac8,0x1162,0x253b
  witness[13] tail=25 r61=15 gh60=0x44885aa W1=0x14ad,0x89b,0x1e57 W2=0x13ba,0x282f,0xa3c
  witness[14] tail=25 r61=16 gh60=0x3d844a6 W1=0x2bec,0x89b,0x1102 W2=0x2af9,0x577,0x1933
  witness[15] tail=25 r61=19 gh60=0x5eb5c9e W1=0x3fe8,0x2934,0xbf4 W2=0x3ef5,0x2221,0x2405

Scan-only r61 registry
  registry_count=16 registry_cap=16
  r61_witness[00] r61=13 tail=28 gh60=0x5a345ee W1=0x3ca0,0x1c9c,0x151 W2=0x3bad,0xf4b,0x18e9
  r61_witness[01] r61=13 tail=32 gh60=0xc50856a W1=0x14d1,0x3181,0x930 W2=0x13de,0x3933,0x1695
  r61_witness[02] r61=13 tail=33 gh60=0x7a08cee W1=0x70f,0x2eec,0x2787 W2=0x61c,0x9c3,0x7a1
  r61_witness[03] r61=14 tail=24 gh60=0xc604ce6 W1=0x371c,0xf52,0x321e W2=0x3629,0x2a65,0x2d71
  r61_witness[04] r61=14 tail=31 gh60=0x4a084ee W1=0x1b0f,0x16ad,0x10eb W2=0x1a1c,0xac7,0x89f
  r61_witness[05] r61=14 tail=34 gh60=0x5f0bb66 W1=0x114b,0x116,0x42a W2=0x1058,0x3472,0x2a72
  r61_witness[06] r61=14 tail=40 gh60=0x4a84ba6 W1=0x256c,0x3c5f,0x1959 W2=0x2479,0x4b4,0x11d5
  r61_witness[07] r61=15 tail=24 gh60=0x4e0c4e6 W1=0x1b1c,0x1619,0x3f3 W2=0x1a29,0x34ed,0x3d1d
  r61_witness[08] r61=15 tail=25 gh60=0x44885aa W1=0x14ad,0x89b,0x1e57 W2=0x13ba,0x282f,0xa3c
  r61_witness[09] r61=15 tail=35 gh60=0x4a245e6 W1=0x3c94,0x12e5,0x2c71 W2=0x3ba1,0x36b3,0x2d73
  r61_witness[10] r61=15 tail=36 gh60=0x48a87a6 W1=0x23b3,0xc42,0x168f W2=0x22c0,0x36a5,0x30d1
  r61_witness[11] r61=15 tail=37 gh60=0x4495cae W1=0x3e40,0x396,0x2514 W2=0x3d4d,0x256a,0x11d6
  r61_witness[12] r61=16 tail=20 gh60=0x4968f9a W1=0x37c5,0x2c61,0x2f60 W2=0x36d2,0x2bbf,0x3d61
  r61_witness[13] r61=16 tail=25 gh60=0x3d844a6 W1=0x2bec,0x89b,0x1102 W2=0x2af9,0x577,0x1933
  r61_witness[14] r61=16 tail=26 gh60=0x591cb6e W1=0x5e0,0x2fd5,0x3749 W2=0x4ed,0x21e1,0x2585
  r61_witness[15] r61=16 tail=29 gh60=0xc50bd6e W1=0xedf,0xdc7,0x26e0 W2=0xdec,0x2486,0x1733

D60=0 fiber histogram: 1:8021 2:4708 3:1776 4:1099 5:433 6:195 7:91 8:84 9:26 10:21 11:11 12:5 13:2 16:2
