free_word_mitm_reducedn
N=14 mask=0x3fff msb=0x2000
candidate: M0=0x3d36 mode=random-fallback fill=0x3fff kernel=dM0=dM9=0x2000
prefixes=32768/268435456 mode=permuted-prefix-sample w59_per_prefix=16384 total=536870912
run_mode=scan registry_cap=16
sample_start=167051264
scan_elapsed=15.636s rate=34.34 Mtriples/s

D60 interface
  D60=0 matches: 32512 (random expectation 32768.0, enrichment 0.992x)
  prefixes with D60=0: 16500
  max D60=0 fiber per prefix: 20 at W57=0x3fdb W58=0x19b3
  largest D60 bucket: D=0x78e count=33763
  min D60 HW: 0
  D60 HW histogram: 0:32512 1:456269 2:2967971 3:11901461 4:32759351 5:65578624 6:98412090 7:112505555 8:98472061 9:65629579 10:32781108 11:11910957 12:2972820 13:457843 14:32711

Tail closure among D60=0 matches
  final tail collisions: 0
  best r61 HW: 14
  best r61 W1[57..59]=0x11e1,0x27d3,0x3f4b
  best r61 W2[57..59]=0x10ee,0x11c2,0x3ac
  best tail HW: 19
  best tail r61 HW: 14
  best W1[57..59]=0x3672,0x2c79,0x3053
  best W2[57..59]=0x357f,0xc55,0x3982

SUMMARY N=14 sample_start=167051264 prefixes=32768 total=536870912 d0=32512 best_tail=19 tail_r61=14 best_r61=14 tail_W1=0x3672,0x2c79,0x3053 tail_W2=0x357f,0xc55,0x3982 r61_W1=0x11e1,0x27d3,0x3f4b r61_W2=0x10ee,0x11c2,0x3ac

Scan-only witness registry
  registry_count=16 registry_cap=16
  witness[00] tail=19 r61=14 gh60=0xc5a4daa W1=0x3672,0x2c79,0x3053 W2=0x357f,0xc55,0x3982
  witness[01] tail=22 r61=16 gh60=0x48d8c9e W1=0x1927,0x1d7e,0x1e2c W2=0x1834,0x2870,0x1ea1
  witness[02] tail=22 r61=16 gh60=0x5d04566 W1=0x2adc,0x2578,0x8f1 W2=0x29e9,0x3cb8,0x120
  witness[03] tail=22 r61=22 gh60=0x59b84a6 W1=0x353b,0x26e8,0x3026 W2=0x3448,0x3335,0x18ad
  witness[04] tail=24 r61=19 gh60=0xfad8c9a W1=0x3909,0x1973,0xe48 W2=0x3816,0xd09,0xf16
  witness[05] tail=24 r61=21 gh60=0xc918b6e W1=0x55f,0x2ae9,0x1bd1 W2=0x46c,0x28fc,0x18a1
  witness[06] tail=25 r61=16 gh60=0x468ccae W1=0x25f0,0x2abe,0x1600 W2=0x24fd,0xb9e,0xffb
  witness[07] tail=25 r61=18 gh60=0x46045fa W1=0x2c9a,0x6b1,0x13dc W2=0x2ba7,0x3846,0x1a3d
  witness[08] tail=25 r61=20 gh60=0xd9ec7aa W1=0x23c2,0x1757,0xe85 W2=0x22cf,0xab4,0x37f5
  witness[09] tail=25 r61=21 gh60=0x3b984ba W1=0x2335,0x1cb4,0x12d5 W2=0x2242,0x5ae,0x29eb
  witness[10] tail=25 r61=21 gh60=0x5a9bba6 W1=0x2d73,0xa9c,0x3639 W2=0x2c80,0x36a,0x37cc
  witness[11] tail=25 r61=22 gh60=0x4a07b9a W1=0xd8a,0x3221,0x1bae W2=0xc97,0x193e,0x38a1
  witness[12] tail=25 r61=24 gh60=0x5795cae W1=0x1ff0,0x1da4,0x2257 W2=0x1efd,0x3608,0xc9b
  witness[13] tail=25 r61=27 gh60=0xfa78cea W1=0x3621,0x2e2a,0x1a34 W2=0x352e,0x921,0x2a47
  witness[14] tail=26 r61=16 gh60=0x468bcaa W1=0xeed,0x2afd,0x3d78 W2=0xdfa,0x1a74,0x1a93
  witness[15] tail=26 r61=17 gh60=0xca2bc9a W1=0x2f09,0xb73,0x2811 W2=0x2e16,0x2283,0xff1

Scan-only r61 registry
  registry_count=16 registry_cap=16
  r61_witness[00] r61=14 tail=19 gh60=0xc5a4daa W1=0x3672,0x2c79,0x3053 W2=0x357f,0xc55,0x3982
  r61_witness[01] r61=14 tail=27 gh60=0x5ca45ea W1=0x4a2,0x3da9,0x1bd3 W2=0x3af,0xf60,0x1e9e
  r61_witness[02] r61=14 tail=30 gh60=0x490bb6a W1=0x11e1,0x27d3,0x3f4b W2=0x10ee,0x11c2,0x3ac
  r61_witness[03] r61=15 tail=27 gh60=0xd8884aa W1=0x2d41,0x3856,0x1daa W2=0x2c4e,0x3d86,0x3fcf
  r61_witness[04] r61=15 tail=27 gh60=0xda08cea W1=0x3621,0x2a3f,0x345d W2=0x352e,0x536,0x24f3
  r61_witness[05] r61=15 tail=30 gh60=0x7e08cee W1=0x271f,0x29d5,0x4f7 W2=0x262c,0x3a0,0x2084
  r61_witness[06] r61=16 tail=22 gh60=0x48d8c9e W1=0x1927,0x1d7e,0x1e2c W2=0x1834,0x2870,0x1ea1
  r61_witness[07] r61=16 tail=22 gh60=0x5d04566 W1=0x2adc,0x2578,0x8f1 W2=0x29e9,0x3cb8,0x120
  r61_witness[08] r61=16 tail=25 gh60=0x468ccae W1=0x25f0,0x2abe,0x1600 W2=0x24fd,0xb9e,0xffb
  r61_witness[09] r61=16 tail=26 gh60=0x468bcaa W1=0xeed,0x2afd,0x3d78 W2=0xdfa,0x1a74,0x1a93
  r61_witness[10] r61=16 tail=29 gh60=0xca15bea W1=0x218e,0x24f5,0x13ff W2=0x209b,0x20c5,0xdec
  r61_witness[11] r61=16 tail=33 gh60=0x5618ce6 W1=0x3813,0x152,0x3040 W2=0x3720,0x1d88,0x3d58
  r61_witness[12] r61=16 tail=33 gh60=0x565849e W1=0x3d07,0x3e9b,0x14ea W2=0x3c14,0xd92,0x3826
  r61_witness[13] r61=16 tail=34 gh60=0x4689faa W1=0x1f81,0x1d40,0x1d09 W2=0x1e8e,0x1db7,0x26b9
  r61_witness[14] r61=16 tail=35 gh60=0x4894baa W1=0x5be,0x1683,0x2259 W2=0x4cb,0x167b,0x3d17
  r61_witness[15] r61=16 tail=38 gh60=0x4ad8cfe W1=0x817,0x2b6b,0x5a W2=0x724,0x33d2,0xf4

D60=0 fiber histogram: 1:7979 2:4780 3:1790 4:1136 5:390 6:200 7:89 8:65 9:23 10:21 11:10 12:6 13:2 14:3 15:2 16:2 17:1 20:1
