free_word_mitm_reducedn
N=14 mask=0x3fff msb=0x2000
candidate: M0=0x3d36 mode=random-fallback fill=0x3fff kernel=dM0=dM9=0x2000
prefixes=32768/268435456 mode=permuted-prefix-sample w59_per_prefix=16384 total=536870912
run_mode=scan registry_cap=16
sample_start=245235712
scan_elapsed=15.404s rate=34.85 Mtriples/s

D60 interface
  D60=0 matches: 32333 (random expectation 32768.0, enrichment 0.987x)
  prefixes with D60=0: 16487
  max D60=0 fiber per prefix: 20 at W57=0x573 W58=0x3679
  largest D60 bucket: D=0x125d count=33715
  min D60 HW: 0
  D60 HW histogram: 0:32333 1:454822 2:2967369 3:11896310 4:32779148 5:65624777 6:98487095 7:112514015 8:98442439 9:65560221 10:32749964 11:11899903 12:2972725 13:456937 14:32854

Tail closure among D60=0 matches
  final tail collisions: 0
  best r61 HW: 14
  best r61 W1[57..59]=0x314d,0xa13,0x2cca
  best r61 W2[57..59]=0x305a,0x274e,0x3889
  best tail HW: 20
  best tail r61 HW: 28
  best W1[57..59]=0x28d5,0x3ff3,0x16e4
  best W2[57..59]=0x27e2,0x27e2,0x9da

SUMMARY N=14 sample_start=245235712 prefixes=32768 total=536870912 d0=32333 best_tail=20 tail_r61=28 best_r61=14 tail_W1=0x28d5,0x3ff3,0x16e4 tail_W2=0x27e2,0x27e2,0x9da r61_W1=0x314d,0xa13,0x2cca r61_W2=0x305a,0x274e,0x3889

Scan-only witness registry
  registry_count=16 registry_cap=16
  witness[00] tail=20 r61=28 gh60=0xdd38d7a W1=0x28d5,0x3ff3,0x16e4 W2=0x27e2,0x27e2,0x9da
  witness[01] tail=22 r61=18 gh60=0x4a187e6 W1=0x2393,0x11e3,0x28ed W2=0x22a0,0x38be,0x19fd
  witness[02] tail=23 r61=17 gh60=0xcf1856a W1=0x44d,0x2bbb,0xebe W2=0x35a,0x384d,0x2d37
  witness[03] tail=24 r61=17 gh60=0xcb08b6a W1=0x951,0x3dce,0x1af8 W2=0x85e,0x37d5,0x17d9
  witness[04] tail=24 r61=19 gh60=0x54b849a W1=0x2a25,0x1292,0x1e19 W2=0x2932,0x3663,0x883
  witness[05] tail=24 r61=19 gh60=0x490fb9a W1=0x31ca,0x37c2,0x202f W2=0x30d7,0xe0f,0x2e15
  witness[06] tail=24 r61=21 gh60=0xf608cee W1=0x380f,0x3589,0x1d64 W2=0x371c,0x3174,0x3633
  witness[07] tail=24 r61=23 gh60=0x5fa47aa W1=0x2372,0x246,0x2865 W2=0x227f,0x3523,0x2fb4
  witness[08] tail=25 r61=18 gh60=0x57984ae W1=0x133f,0x1b46,0x1d6b W2=0x124c,0xb56,0x219f
  witness[09] tail=25 r61=18 gh60=0xf9d7c9a W1=0x2ee6,0x7e0,0x3471 W2=0x2df3,0x22f1,0x2b8
  witness[10] tail=25 r61=20 gh60=0x38987e6 W1=0x23a3,0x22c2,0x398f W2=0x22b0,0xa31,0x2cae
  witness[11] tail=25 r61=21 gh60=0x471859a W1=0x14c5,0x368,0x1f1f W2=0x13d2,0x14d,0x26a3
  witness[12] tail=25 r61=22 gh60=0xd77859a W1=0x12c5,0x2f5,0x1279 W2=0x11d2,0x3f5a,0xcb3
  witness[13] tail=25 r61=22 gh60=0x46b84aa W1=0x2bfd,0x2acd,0x1253 W2=0x2b0a,0x3079,0x33ea
  witness[14] tail=25 r61=23 gh60=0xcbe87fe W1=0x2397,0x1520,0x29af W2=0x22a4,0xc70,0x2250
  witness[15] tail=25 r61=23 gh60=0xf59c5ea W1=0x2aa2,0x41,0x3e46 W2=0x29af,0xff8,0x69a

Scan-only r61 registry
  registry_count=16 registry_cap=16
  r61_witness[00] r61=14 tail=34 gh60=0x490bb6a W1=0x314d,0xa13,0x2cca W2=0x305a,0x274e,0x3889
  r61_witness[01] r61=15 tail=32 gh60=0xc684fa6 W1=0x177c,0x160b,0x3147 W2=0x1689,0xcd0,0xddf
  r61_witness[02] r61=15 tail=35 gh60=0x44a7dea W1=0x2ea2,0x8fd,0x21e6 W2=0x2daf,0x5f5,0x1a3f
  r61_witness[03] r61=16 tail=29 gh60=0x49644aa W1=0x2532,0x328,0xbf1 W2=0x243f,0x9ed,0x4dd
  r61_witness[04] r61=16 tail=30 gh60=0x5a1bd9a W1=0x2e85,0x38b2,0x1ce3 W2=0x2d92,0x13e6,0x28d9
  r61_witness[05] r61=16 tail=31 gh60=0xf978f66 W1=0x7d3,0x1c26,0xb57 W2=0x6e0,0x70,0x326f
  r61_witness[06] r61=16 tail=31 gh60=0xc6185e6 W1=0x1c9b,0xcff,0xd15 W2=0x1ba8,0x15aa,0x851
  r61_witness[07] r61=16 tail=31 gh60=0x4a145ea W1=0x228e,0x1aad,0x1fbd W2=0x219b,0x174c,0x355e
  r61_witness[08] r61=16 tail=33 gh60=0x4884fa6 W1=0x37ac,0x2c7,0x17fc W2=0x36b9,0x380c,0x3afe
  r61_witness[09] r61=16 tail=33 gh60=0x7d08d66 W1=0x385b,0x2bc,0x1fd7 W2=0x3768,0x6fe,0x3ca7
  r61_witness[10] r61=16 tail=34 gh60=0xd7184a6 W1=0x343,0x3f7e,0x1893 W2=0x250,0x3ef9,0x30c5
  r61_witness[11] r61=16 tail=34 gh60=0xc508d6a W1=0x164d,0x1309,0x11ba W2=0x155a,0x3470,0x2434
  r61_witness[12] r61=16 tail=35 gh60=0x4698d66 W1=0x663,0x27c9,0x35da W2=0x570,0x2517,0x792
  r61_witness[13] r61=16 tail=35 gh60=0x4a084ee W1=0x2d0f,0x1d84,0x9d W2=0x2c1c,0x3a1a,0x556
  r61_witness[14] r61=16 tail=36 gh60=0x4d0856a W1=0x2cd,0x2e55,0x3e7f W2=0x1da,0x5f,0x20ae
  r61_witness[15] r61=16 tail=36 gh60=0xd988caa W1=0x26fd,0x1fe2,0x2b5e W2=0x260a,0x23cd,0x103b

D60=0 fiber histogram: 1:8070 2:4713 3:1852 4:1005 5:383 6:231 7:87 8:67 9:28 10:29 11:10 12:8 14:1 15:1 18:1 20:1
