free_word_mitm_reducedn
N=14 mask=0x3fff msb=0x2000
candidate: M0=0x3d36 mode=random-fallback fill=0x3fff kernel=dM0=dM9=0x2000
prefixes=32768/268435456 mode=permuted-prefix-sample w59_per_prefix=16384 total=536870912
run_mode=scan registry_cap=16
sample_start=136183808
scan_elapsed=15.087s rate=35.58 Mtriples/s

D60 interface
  D60=0 matches: 32487 (random expectation 32768.0, enrichment 0.991x)
  prefixes with D60=0: 16474
  max D60=0 fiber per prefix: 16 at W57=0x39 W58=0x30ce
  largest D60 bucket: D=0x2c6d count=33892
  min D60 HW: 0
  D60 HW histogram: 0:32487 1:455410 2:2969390 3:11895082 4:32767750 5:65602118 6:98441122 7:112508575 8:98459149 9:65626233 10:32756342 11:11900901 12:2967886 13:455751 14:32716

Tail closure among D60=0 matches
  final tail collisions: 0
  best r61 HW: 14
  best r61 W1[57..59]=0xe24,0x97a,0x30a5
  best r61 W2[57..59]=0xd31,0x3cb3,0x8b8
  best tail HW: 22
  best tail r61 HW: 24
  best W1[57..59]=0x18c3,0xa7b,0x1577
  best W2[57..59]=0x17d0,0x2d4f,0x381c

SUMMARY N=14 sample_start=136183808 prefixes=32768 total=536870912 d0=32487 best_tail=22 tail_r61=24 best_r61=14 tail_W1=0x18c3,0xa7b,0x1577 tail_W2=0x17d0,0x2d4f,0x381c r61_W1=0xe24,0x97a,0x30a5 r61_W2=0xd31,0x3cb3,0x8b8

Scan-only witness registry
  registry_count=16 registry_cap=16
  witness[00] tail=22 r61=22 gh60=0x4da8cba W1=0x1639,0x1902,0x2112 W2=0x1546,0x1105,0x25ff
  witness[01] tail=22 r61=24 gh60=0xcf38da6 W1=0x18c3,0xa7b,0x1577 W2=0x17d0,0x2d4f,0x381c
  witness[02] tail=23 r61=21 gh60=0xbbf84a6 W1=0x31eb,0x255f,0x14bb W2=0x30f8,0x13c,0x3f60
  witness[03] tail=24 r61=17 gh60=0x3fa8ba6 W1=0x1573,0x337e,0x18db W2=0x1480,0xbd2,0x326b
  witness[04] tail=24 r61=17 gh60=0x3ca45a6 W1=0x1cb4,0x3422,0x24a1 W2=0x1bc1,0x1978,0x3f39
  witness[05] tail=24 r61=20 gh60=0xd95cfba W1=0x17b6,0xccb,0x1ed8 W2=0x16c3,0x1ad7,0x301c
  witness[06] tail=24 r61=21 gh60=0xfebbca6 W1=0xff3,0x2971,0x2d92 W2=0xf00,0x2697,0x11f6
  witness[07] tail=24 r61=21 gh60=0xf5f9d6e W1=0x20cf,0x2995,0x2c5c W2=0x1fdc,0xf48,0x12ce
  witness[08] tail=24 r61=22 gh60=0x5b885a6 W1=0x2a7b,0x27d3,0x3084 W2=0x2988,0x3b86,0x18a0
  witness[09] tail=24 r61=24 gh60=0x49f4cba W1=0x3936,0xc26,0x3d65 W2=0x3843,0x3e2a,0x15a2
  witness[10] tail=25 r61=20 gh60=0x4dd849e W1=0x2507,0x2392,0x374a W2=0x2414,0x21fb,0x1b67
  witness[11] tail=25 r61=21 gh60=0x3a945ae W1=0x2470,0x3af6,0x3e97 W2=0x237d,0x222f,0x3f5e
  witness[12] tail=25 r61=22 gh60=0xb59c4ba W1=0x1fa,0x237a,0xb1f W2=0x107,0x6f1,0x1e3d
  witness[13] tail=25 r61=22 gh60=0x4b9ddae W1=0x1e80,0x691,0x6d1 W2=0x1d8d,0x2cb9,0x3f6
  witness[14] tail=25 r61=23 gh60=0xcb08b6a W1=0x5e1,0x1f28,0x4da W2=0x4ee,0x2553,0x324b
  witness[15] tail=25 r61=23 gh60=0x36347fa W1=0x1396,0x263c,0x1e1b W2=0x12a3,0x358d,0x1bc0

Scan-only r61 registry
  registry_count=16 registry_cap=16
  r61_witness[00] r61=14 tail=28 gh60=0xb928c9a W1=0x1945,0x2d31,0x5c5 W2=0x1852,0x1e77,0x2a55
  r61_witness[01] r61=14 tail=37 gh60=0xc4a7ce6 W1=0xe24,0x97a,0x30a5 W2=0xd31,0x3cb3,0x8b8
  r61_witness[02] r61=15 tail=31 gh60=0x460c4ee W1=0x1420,0xf6c,0x36d9 W2=0x132d,0x3a73,0x3d41
  r61_witness[03] r61=15 tail=31 gh60=0x4607f9a W1=0x2f8a,0x11d3,0xfe3 W2=0x2e97,0x2eb0,0x1c7c
  r61_witness[04] r61=15 tail=34 gh60=0xc95849e W1=0x3547,0x9fe,0x2cff W2=0x3454,0x17ef,0x1b61
  r61_witness[05] r61=16 tail=27 gh60=0x4608ce6 W1=0x370b,0x1208,0xab5 W2=0x3618,0x1e,0x362c
  r61_witness[06] r61=16 tail=28 gh60=0x48abfba W1=0xfb5,0xd74,0x2bc0 W2=0xec2,0x318b,0x260c
  r61_witness[07] r61=16 tail=31 gh60=0x38884aa W1=0x133d,0x199d,0x2690 W2=0x124a,0x3189,0x177a
  r61_witness[08] r61=16 tail=31 gh60=0x448cdaa W1=0x26be,0x3406,0x329e W2=0x25cb,0x335e,0x1e13
  r61_witness[09] r61=16 tail=34 gh60=0xc504566 W1=0x3cdc,0x1a64,0x2a76 W2=0x3be9,0x1c80,0x1edf
  r61_witness[10] r61=16 tail=35 gh60=0x4638ce6 W1=0x90b,0x356c,0x241c W2=0x818,0x2dfe,0x20e
  r61_witness[11] r61=16 tail=35 gh60=0x490bf66 W1=0x2f5b,0xd15,0x2cc8 W2=0x2e68,0x23c1,0x2ed1
  r61_witness[12] r61=17 tail=24 gh60=0x3fa8ba6 W1=0x1573,0x337e,0x18db W2=0x1480,0xbd2,0x326b
  r61_witness[13] r61=17 tail=24 gh60=0x3ca45a6 W1=0x1cb4,0x3422,0x24a1 W2=0x1bc1,0x1978,0x3f39
  r61_witness[14] r61=17 tail=26 gh60=0x3e24ce6 W1=0x2614,0x252d,0x135c W2=0x2521,0x27d0,0x1b
  r61_witness[15] r61=17 tail=28 gh60=0x450856a W1=0x45d,0x1a9a,0x28fc W2=0x36a,0x2818,0x1012

D60=0 fiber histogram: 1:7983 2:4739 3:1809 4:1093 5:429 6:183 7:91 8:78 9:24 10:22 11:4 12:10 13:6 14:1 15:1 16:1
