free_word_mitm_reducedn
N=14 mask=0x3fff msb=0x2000
candidate: M0=0x3d36 mode=random-fallback fill=0x3fff kernel=dM0=dM9=0x2000
prefixes=32768/268435456 mode=permuted-prefix-sample w59_per_prefix=16384 total=536870912
run_mode=scan registry_cap=16
sample_start=212336640
scan_elapsed=17.644s rate=30.43 Mtriples/s

D60 interface
  D60=0 matches: 32890 (random expectation 32768.0, enrichment 1.004x)
  prefixes with D60=0: 16612
  max D60=0 fiber per prefix: 21 at W57=0x11a3 W58=0x3aa7
  largest D60 bucket: D=0xac5 count=33939
  min D60 HW: 0
  D60 HW histogram: 0:32890 1:459825 2:2981423 3:11935225 4:32826168 5:65674852 6:98494705 7:112507051 8:98346444 9:65527633 10:32724950 11:11895349 12:2973128 13:458458 14:32811

Tail closure among D60=0 matches
  final tail collisions: 0
  best r61 HW: 14
  best r61 W1[57..59]=0x84,0x297f,0x156a
  best r61 W2[57..59]=0x3f91,0x39d2,0x124e
  best tail HW: 21
  best tail r61 HW: 21
  best W1[57..59]=0x1997,0x3a92,0xb95
  best W2[57..59]=0x18a4,0x121,0x3573

SUMMARY N=14 sample_start=212336640 prefixes=32768 total=536870912 d0=32890 best_tail=21 tail_r61=21 best_r61=14 tail_W1=0x1997,0x3a92,0xb95 tail_W2=0x18a4,0x121,0x3573 r61_W1=0x84,0x297f,0x156a r61_W2=0x3f91,0x39d2,0x124e

Scan-only witness registry
  registry_count=16 registry_cap=16
  witness[00] tail=21 r61=21 gh60=0xba28bfe W1=0x1997,0x3a92,0xb95 W2=0x18a4,0x121,0x3573
  witness[01] tail=22 r61=17 gh60=0x5934b6a W1=0x15ce,0x3d0e,0x349b W2=0x14db,0xb12,0x22a3
  witness[02] tail=23 r61=16 gh60=0xcb88ba6 W1=0x29bb,0x27d,0x3084 W2=0x28c8,0x641,0x1db0
  witness[03] tail=23 r61=17 gh60=0xb60c5e6 W1=0x3a9c,0x33bd,0x3c89 W2=0x39a9,0x1469,0x3e08
  witness[04] tail=23 r61=19 gh60=0x4a38de6 W1=0x3893,0x371b,0x1301 W2=0x37a0,0x1b69,0x1e3
  witness[05] tail=23 r61=21 gh60=0xbeb9c9a W1=0xe9,0x3fd5,0x252d W2=0x3ff6,0x24a1,0xfc
  witness[06] tail=23 r61=21 gh60=0x7a3c4e6 W1=0x2a14,0xf1c,0x51b W2=0x2921,0xdfe,0x1c8f
  witness[07] tail=23 r61=22 gh60=0xcb1fda6 W1=0x10c4,0xc00,0x348d W2=0xfd1,0x8e7,0x1a9f
  witness[08] tail=24 r61=15 gh60=0x4a1849a W1=0x1c05,0xd8a,0xc4 W2=0x1b12,0x495,0x1f37
  witness[09] tail=24 r61=19 gh60=0xcd08566 W1=0x3c5b,0xaab,0x3ff5 W2=0x3b68,0x10ee,0x2c19
  witness[10] tail=24 r61=20 gh60=0xca6c59a W1=0x486,0x11e4,0x166 W2=0x393,0x3046,0x33a7
  witness[11] tail=24 r61=20 gh60=0x5b8c4aa W1=0x1aee,0x25cc,0x2b32 W2=0x19fb,0x3dcd,0x3323
  witness[12] tail=24 r61=22 gh60=0xf70856a W1=0x32dd,0x13a0,0x3ae8 W2=0x31ea,0x319a,0x392d
  witness[13] tail=24 r61=25 gh60=0xf488ca6 W1=0x383b,0x1c46,0xb71 W2=0x3748,0x1652,0x15eb
  witness[14] tail=24 r61=26 gh60=0x49f9cae W1=0xff,0x3785,0x24ad W2=0xc,0x13d4,0x3553
  witness[15] tail=25 r61=22 gh60=0xda5479e W1=0x388,0x3349,0x3296 W2=0x295,0x2deb,0x2509

Scan-only r61 registry
  registry_count=16 registry_cap=16
  r61_witness[00] r61=14 tail=27 gh60=0xb908b6a W1=0x39cd,0x120a,0x9cf W2=0x38da,0x1041,0xe9
  r61_witness[01] r61=14 tail=31 gh60=0x4a25da6 W1=0x84,0x297f,0x156a W2=0x3f91,0x39d2,0x124e
  r61_witness[02] r61=15 tail=24 gh60=0x4a1849a W1=0x1c05,0xd8a,0xc4 W2=0x1b12,0x495,0x1f37
  r61_witness[03] r61=15 tail=31 gh60=0xc989ca6 W1=0x3eeb,0x1b1f,0x37e4 W2=0x3df8,0x393d,0x3d7f
  r61_witness[04] r61=16 tail=23 gh60=0xcb88ba6 W1=0x29bb,0x27d,0x3084 W2=0x28c8,0x641,0x1db0
  r61_witness[05] r61=16 tail=27 gh60=0x491cfa6 W1=0x7c4,0x3859,0x25f1 W2=0x6d1,0x1dbe,0x2e23
  r61_witness[06] r61=16 tail=29 gh60=0xfa5bb9a W1=0x1169,0x21e7,0xc05 W2=0x1076,0x107f,0x1858
  r61_witness[07] r61=16 tail=29 gh60=0x4a084ea W1=0x250d,0x2b96,0x2a29 W2=0x241a,0x2e88,0xf41
  r61_witness[08] r61=16 tail=30 gh60=0x3a084e6 W1=0x1b0b,0x3617,0x2297 W2=0x1a18,0x29ee,0x3828
  r61_witness[09] r61=16 tail=33 gh60=0x4584cba W1=0x263a,0xb04,0x108c W2=0x2547,0x32f8,0x1b00
  r61_witness[10] r61=16 tail=34 gh60=0x5a04fe6 W1=0x79c,0xc36,0xa86 W2=0x6a9,0x33f5,0x3ab7
  r61_witness[11] r61=17 tail=22 gh60=0x5934b6a W1=0x15ce,0x3d0e,0x349b W2=0x14db,0xb12,0x22a3
  r61_witness[12] r61=17 tail=23 gh60=0xb60c5e6 W1=0x3a9c,0x33bd,0x3c89 W2=0x39a9,0x1469,0x3e08
  r61_witness[13] r61=17 tail=27 gh60=0x5a28cfa W1=0x1715,0x1769,0x3fc2 W2=0x1622,0xddc,0x2b44
  r61_witness[14] r61=17 tail=27 gh60=0x5b09b6a W1=0x3d4d,0x1ba4,0xaf0 W2=0x3c5a,0x7a3,0x3e2
  r61_witness[15] r61=17 tail=28 gh60=0x4e985aa W1=0x3271,0x2c85,0x23c8 W2=0x317e,0x382d,0x36bb

D60=0 fiber histogram: 1:8011 2:4800 3:1829 4:1077 5:419 6:245 7:97 8:63 9:30 10:19 11:10 12:7 14:1 15:1 16:2 21:1
