free_word_mitm_reducedn
N=14 mask=0x3fff msb=0x2000
candidate: M0=0x3d36 mode=random-fallback fill=0x3fff kernel=dM0=dM9=0x2000
prefixes=32768/268435456 mode=permuted-prefix-sample w59_per_prefix=16384 total=536870912
run_mode=scan registry_cap=16
sample_start=121274368
scan_elapsed=17.845s rate=30.09 Mtriples/s

D60 interface
  D60=0 matches: 32949 (random expectation 32768.0, enrichment 1.006x)
  prefixes with D60=0: 16687
  max D60=0 fiber per prefix: 22 at W57=0x3e62 W58=0x2fe0
  largest D60 bucket: D=0x2572 count=33650
  min D60 HW: 0
  D60 HW histogram: 0:32949 1:457591 2:2976726 3:11918259 4:32788873 5:65571656 6:98399817 7:112491666 8:98433149 9:65606481 10:32798196 11:11927133 12:2979094 13:456780 14:32542

Tail closure among D60=0 matches
  final tail collisions: 0
  best r61 HW: 13
  best r61 W1[57..59]=0x2eac,0x3a7a,0x3c76
  best r61 W2[57..59]=0x2db9,0x33d,0x668
  best tail HW: 21
  best tail r61 HW: 18
  best W1[57..59]=0x1643,0x3455,0x370c
  best W2[57..59]=0x1550,0x3491,0x511

SUMMARY N=14 sample_start=121274368 prefixes=32768 total=536870912 d0=32949 best_tail=21 tail_r61=18 best_r61=13 tail_W1=0x1643,0x3455,0x370c tail_W2=0x1550,0x3491,0x511 r61_W1=0x2eac,0x3a7a,0x3c76 r61_W2=0x2db9,0x33d,0x668

Scan-only witness registry
  registry_count=16 registry_cap=16
  witness[00] tail=21 r61=18 gh60=0xcf28ca6 W1=0x1643,0x3455,0x370c W2=0x1550,0x3491,0x511
  witness[01] tail=22 r61=27 gh60=0xd9ac49e W1=0x1528,0x56f,0xc1 W2=0x1435,0x2323,0x29cf
  witness[02] tail=23 r61=19 gh60=0xca784a6 W1=0xc03,0x1b03,0x6b5 W2=0xb10,0x2b00,0x136c
  witness[03] tail=23 r61=21 gh60=0xcb784ae W1=0x323f,0x2666,0xc09 W2=0x314c,0x2076,0x2141
  witness[04] tail=24 r61=21 gh60=0xdd1456a W1=0xcce,0x3d64,0x37eb W2=0xbdb,0x3b93,0x2890
  witness[05] tail=24 r61=26 gh60=0xc56c49e W1=0x2c28,0x2fd2,0x1120 W2=0x2b35,0x2e08,0x3329
  witness[06] tail=25 r61=21 gh60=0x56a7ba6 W1=0xd74,0x515,0x1b92 W2=0xc81,0x3bfc,0x1187
  witness[07] tail=25 r61=23 gh60=0xc62ccfa W1=0x3916,0x17c2,0x2387 W2=0x3823,0x84a,0x11b8
  witness[08] tail=25 r61=27 gh60=0x7ee85fa W1=0x2c99,0x17b5,0x2143 W2=0x2ba6,0x3555,0xf35
  witness[09] tail=25 r61=31 gh60=0xf69cca6 W1=0x17ec,0xfa8,0x26db W2=0x16f9,0x1945,0x2907
  witness[10] tail=26 r61=13 gh60=0x4587da6 W1=0x2eac,0x3a7a,0x3c76 W2=0x2db9,0x33d,0x668
  witness[11] tail=26 r61=17 gh60=0xbb18b66 W1=0x95b,0x2f4b,0x1ede W2=0x868,0x3919,0x124d
  witness[12] tail=26 r61=17 gh60=0x591fb6e W1=0x2dd0,0x1d46,0x1dcd W2=0x2cdd,0x566,0x23d9
  witness[13] tail=26 r61=18 gh60=0x4f98caa W1=0x37ed,0x3f7c,0x1286 W2=0x36fa,0x1137,0x2895
  witness[14] tail=26 r61=19 gh60=0xcb9ccaa W1=0x73e,0x2278,0x3da9 W2=0x64b,0x25e8,0x2504
  witness[15] tail=26 r61=19 gh60=0xde65da6 W1=0x3e74,0x2453,0x2c81 W2=0x3d81,0x1b1a,0x19c7

Scan-only r61 registry
  registry_count=16 registry_cap=16
  r61_witness[00] r61=13 tail=26 gh60=0x4587da6 W1=0x2eac,0x3a7a,0x3c76 W2=0x2db9,0x33d,0x668
  r61_witness[01] r61=14 tail=27 gh60=0x44985aa W1=0x34ad,0x395e,0x1860 W2=0x33ba,0x16f2,0x3b42
  r61_witness[02] r61=15 tail=31 gh60=0xb608dee W1=0x288f,0x24eb,0x28f0 W2=0x279c,0x5aa,0x2c85
  r61_witness[03] r61=15 tail=32 gh60=0x4604ce6 W1=0x270c,0xe3c,0x398b W2=0x2619,0x1d5f,0x26a8
  r61_witness[04] r61=15 tail=38 gh60=0x569bbaa W1=0x2d6d,0x2e6f,0x2f9 W2=0x2c7a,0x6ee,0x2130
  r61_witness[05] r61=16 tail=29 gh60=0x56044e6 W1=0x2d0c,0x1b56,0x97 W2=0x2c19,0xc3a,0x1be
  r61_witness[06] r61=16 tail=30 gh60=0x468bcaa W1=0xef1,0x34f3,0x1ff4 W2=0xdfe,0x242e,0x242b
  r61_witness[07] r61=16 tail=30 gh60=0x4a67d66 W1=0x3064,0x34e2,0x1174 W2=0x2f71,0x37cf,0x3c84
  r61_witness[08] r61=16 tail=30 gh60=0x3685ba6 W1=0x3d7c,0x289e,0xafc W2=0x3c89,0x2e61,0x2991
  r61_witness[09] r61=16 tail=32 gh60=0x36287fa W1=0x3399,0x26fe,0x3543 W2=0x32a6,0x3c4e,0x3c08
  r61_witness[10] r61=16 tail=34 gh60=0xc518566 W1=0xc5b,0x39c3,0x2888 W2=0xb68,0x3502,0x3b12
  r61_witness[11] r61=16 tail=34 gh60=0x4a084ea W1=0xd11,0xe68,0x2d0b W2=0xc1e,0x111e,0x3316
  r61_witness[12] r61=16 tail=35 gh60=0x4a084ea W1=0x20d,0x3326,0xde3 W2=0x11a,0x35e8,0x2e33
  r61_witness[13] r61=16 tail=38 gh60=0x492bb9a W1=0xdc9,0x6a1,0x3d77 W2=0xcd6,0x3d49,0x3b61
  r61_witness[14] r61=16 tail=40 gh60=0x4608bea W1=0x9a1,0x15ad,0x1bca W2=0x8ae,0x1030,0x1b0
  r61_witness[15] r61=17 tail=26 gh60=0xbb18b66 W1=0x95b,0x2f4b,0x1ede W2=0x868,0x3919,0x124d

D60=0 fiber histogram: 1:8089 2:4776 3:1868 4:1085 5:421 6:217 7:91 8:70 9:26 10:22 11:7 12:6 14:1 15:1 16:3 18:2 22:2
