free_word_mitm_reducedn
N=14 mask=0x3fff msb=0x2000
candidate: M0=0x3d36 mode=random-fallback fill=0x3fff kernel=dM0=dM9=0x2000
prefixes=32768/268435456 mode=permuted-prefix-sample w59_per_prefix=16384 total=536870912
run_mode=scan registry_cap=16
sample_start=261750784
scan_elapsed=18.579s rate=28.90 Mtriples/s

D60 interface
  D60=0 matches: 32555 (random expectation 32768.0, enrichment 0.993x)
  prefixes with D60=0: 16574
  max D60=0 fiber per prefix: 20 at W57=0x1e07 W58=0xce4
  largest D60 bucket: D=0xe6f count=33910
  min D60 HW: 0
  D60 HW histogram: 0:32555 1:458840 2:2982748 3:11934769 4:32805898 5:65627896 6:98434551 7:112485514 8:98368791 9:65571646 10:32780575 11:11914769 12:2980114 13:459200 14:33046

Tail closure among D60=0 matches
  final tail collisions: 0
  best r61 HW: 15
  best r61 W1[57..59]=0x1139,0x6b2,0x2365
  best r61 W2[57..59]=0x1046,0x16ed,0x3fa9
  best tail HW: 22
  best tail r61 HW: 15
  best W1[57..59]=0x2e02,0x36e2,0x3c6c
  best W2[57..59]=0x2d0f,0x347e,0x87a

SUMMARY N=14 sample_start=261750784 prefixes=32768 total=536870912 d0=32555 best_tail=22 tail_r61=15 best_r61=15 tail_W1=0x2e02,0x36e2,0x3c6c tail_W2=0x2d0f,0x347e,0x87a r61_W1=0x1139,0x6b2,0x2365 r61_W2=0x1046,0x16ed,0x3fa9

Scan-only witness registry
  registry_count=16 registry_cap=16
  witness[00] tail=22 r61=15 gh60=0xfa284e6 W1=0xa13,0x2eda,0x18ad W2=0x920,0x17cb,0x88f
  witness[01] tail=22 r61=15 gh60=0xc667caa W1=0x2e02,0x36e2,0x3c6c W2=0x2d0f,0x347e,0x87a
  witness[02] tail=23 r61=20 gh60=0x4fe84ba W1=0x3a35,0x113b,0xf77 W2=0x3942,0x5f9,0x27cb
  witness[03] tail=23 r61=21 gh60=0xc61cfaa W1=0x1782,0x7b6,0x3a90 W2=0x168f,0x662,0x2a52
  witness[04] tail=23 r61=21 gh60=0xc49dcae W1=0x3e40,0x35cf,0x144c W2=0x3d4d,0x17a3,0xf9d
  witness[05] tail=24 r61=19 gh60=0x4b0c56a W1=0x22de,0x1b8,0x2d83 W2=0x21eb,0x36bb,0x15bf
  witness[06] tail=24 r61=22 gh60=0xfb1456e W1=0xc50,0x2156,0x1d4a W2=0xb5d,0x7ad,0x338a
  witness[07] tail=24 r61=23 gh60=0xda685ba W1=0x1279,0xc5d,0x1359 W2=0x1186,0x3a03,0x3911
  witness[08] tail=24 r61=24 gh60=0x76bc566 W1=0x12e4,0x599,0x142c W2=0x11f1,0x130d,0xd01
  witness[09] tail=25 r61=20 gh60=0xd538c9e W1=0x1847,0x346,0x2754 W2=0x1754,0x1c70,0x434
  witness[10] tail=25 r61=21 gh60=0x36547ba W1=0x376,0x1a29,0x1b91 W2=0x283,0x1b84,0x3425
  witness[11] tail=25 r61=21 gh60=0xc77859e W1=0x24c7,0x18b1,0x14f9 W2=0x23d4,0x1ebe,0x12f
  witness[12] tail=25 r61=26 gh60=0xc9ddb7e W1=0x1d58,0xcef,0x2321 W2=0x1c65,0x10f,0xab2
  witness[13] tail=25 r61=26 gh60=0xf8987aa W1=0x2bb1,0x304a,0x10b4 W2=0x2abe,0x30a2,0x4
  witness[14] tail=25 r61=28 gh60=0xdf2c566 W1=0x2454,0x18fb,0x1b0a W2=0x2361,0x2757,0x1445
  witness[15] tail=26 r61=15 gh60=0xca29ba6 W1=0x1d83,0x69a,0x89d W2=0x1c90,0x107c,0xdf0

Scan-only r61 registry
  registry_count=16 registry_cap=16
  r61_witness[00] r61=15 tail=22 gh60=0xfa284e6 W1=0xa13,0x2eda,0x18ad W2=0x920,0x17cb,0x88f
  r61_witness[01] r61=15 tail=22 gh60=0xc667caa W1=0x2e02,0x36e2,0x3c6c W2=0x2d0f,0x347e,0x87a
  r61_witness[02] r61=15 tail=26 gh60=0xca29ba6 W1=0x1d83,0x69a,0x89d W2=0x1c90,0x107c,0xdf0
  r61_witness[03] r61=15 tail=27 gh60=0x453cd6a W1=0x165e,0x2477,0x22c9 W2=0x156b,0x3ad7,0x3f58
  r61_witness[04] r61=15 tail=28 gh60=0x46f4c9a W1=0x26e6,0xd03,0xab3 W2=0x25f3,0x3296,0x163c
  r61_witness[05] r61=15 tail=33 gh60=0x48ebcba W1=0x1139,0x6b2,0x2365 W2=0x1046,0x16ed,0x3fa9
  r61_witness[06] r61=15 tail=33 gh60=0xd6285fa W1=0x3299,0x283a,0x1e19 W2=0x31a6,0x17da,0x31f5
  r61_witness[07] r61=16 tail=28 gh60=0x450dd6e W1=0x1ed0,0x7c6,0x21d5 W2=0x1ddd,0x339a,0xf8b
  r61_witness[08] r61=16 tail=29 gh60=0x4698ca6 W1=0x35fb,0x33aa,0x22d2 W2=0x3508,0x14b6,0x289d
  r61_witness[09] r61=16 tail=32 gh60=0xc898baa W1=0x9c1,0x2ac,0x2e25 W2=0x8ce,0x3eb3,0x3484
  r61_witness[10] r61=16 tail=33 gh60=0x4a84c9a W1=0x7ea,0x1465,0x1110 W2=0x6f7,0x35e4,0x272
  r61_witness[11] r61=16 tail=34 gh60=0x4aabca6 W1=0x2ff3,0x1c2b,0x19df W2=0x2f00,0xf59,0x1d46
  r61_witness[12] r61=16 tail=37 gh60=0x4a085ea W1=0x32a1,0x2eb4,0x2764 W2=0x31ae,0x3d42,0x37d6
  r61_witness[13] r61=17 tail=27 gh60=0x3ad849e W1=0x3be7,0x2ca8,0x1a72 W2=0x3af4,0xb55,0xa40
  r61_witness[14] r61=17 tail=29 gh60=0x3a087ea W1=0x2b8d,0xf3a,0x7ca W2=0x2a9a,0x4,0x1d6c
  r61_witness[15] r61=17 tail=30 gh60=0x488fbaa W1=0x11be,0x3adb,0x387e W2=0x10cb,0x2917,0x60d

D60=0 fiber histogram: 1:8079 2:4785 3:1765 4:1117 5:402 6:203 7:77 8:73 9:29 10:18 11:4 12:11 13:1 14:2 16:6 18:1 20:1
