free_word_mitm_reducedn
N=14 mask=0x3fff msb=0x2000
candidate: M0=0x3d36 mode=random-fallback fill=0x3fff kernel=dM0=dM9=0x2000
prefixes=32768/268435456 mode=permuted-prefix-sample w59_per_prefix=16384 total=536870912
run_mode=scan registry_cap=16
sample_start=93978624
scan_elapsed=18.708s rate=28.70 Mtriples/s

D60 interface
  D60=0 matches: 32814 (random expectation 32768.0, enrichment 1.001x)
  prefixes with D60=0: 16524
  max D60=0 fiber per prefix: 24 at W57=0x1340 W58=0x17c0
  largest D60 bucket: D=0x1a80 count=33863
  min D60 HW: 0
  D60 HW histogram: 0:32814 1:455995 2:2977402 3:11920306 4:32812165 5:65630654 6:98463990 7:112487499 8:98381803 9:65558551 10:32764176 11:11914915 12:2978305 13:459185 14:33152

Tail closure among D60=0 matches
  final tail collisions: 0
  best r61 HW: 14
  best r61 W1[57..59]=0x276a,0xf38,0x2c7e
  best r61 W2[57..59]=0x2677,0x3ecf,0x1a2f
  best tail HW: 21
  best tail r61 HW: 22
  best W1[57..59]=0x22e6,0x32,0x2285
  best W2[57..59]=0x21f3,0x28c6,0x2a9f

SUMMARY N=14 sample_start=93978624 prefixes=32768 total=536870912 d0=32814 best_tail=21 tail_r61=22 best_r61=14 tail_W1=0x22e6,0x32,0x2285 tail_W2=0x21f3,0x28c6,0x2a9f r61_W1=0x276a,0xf38,0x2c7e r61_W2=0x2677,0x3ecf,0x1a2f

Scan-only witness registry
  registry_count=16 registry_cap=16
  witness[00] tail=21 r61=22 gh60=0xde7449a W1=0x22e6,0x32,0x2285 W2=0x21f3,0x28c6,0x2a9f
  witness[01] tail=22 r61=20 gh60=0xfa084ea W1=0x40d,0x36da,0x468 W2=0x31a,0x3c1c,0x3259
  witness[02] tail=22 r61=22 gh60=0x3af877a W1=0x33d9,0x25e5,0x2bdf W2=0x32e6,0x3ac1,0x2b0
  witness[03] tail=23 r61=18 gh60=0xc919b6e W1=0x3d4f,0xea0,0x22b7 W2=0x3c5c,0xac3,0x339f
  witness[04] tail=24 r61=14 gh60=0xca04be6 W1=0x58c,0xa4c,0x3546 W2=0x499,0x1497,0x3fcf
  witness[05] tail=24 r61=19 gh60=0xca385a6 W1=0x483,0xfd9,0x19eb W2=0x390,0x25bc,0x2af3
  witness[06] tail=24 r61=19 gh60=0xd4845a6 W1=0x1aac,0x120f,0x3221 W2=0x19b9,0x3553,0xcf5
  witness[07] tail=24 r61=24 gh60=0xc67ffe6 W1=0x2f9c,0x2b20,0x3927 W2=0x2ea9,0x661,0x21c2
  witness[08] tail=25 r61=21 gh60=0xca187ee W1=0xb9f,0x39b8,0x1961 W2=0xaac,0x317a,0x10e4
  witness[09] tail=25 r61=21 gh60=0x5f2bba6 W1=0x2dc3,0x211b,0x35b8 W2=0x2cd0,0x1e89,0xe46
  witness[10] tail=25 r61=22 gh60=0xca984aa W1=0x2401,0x2b2d,0x2e3d W2=0x230e,0x331d,0x1cdc
  witness[11] tail=25 r61=22 gh60=0xd57c49a W1=0x39ea,0x2dd2,0x3f16 W2=0x38f7,0x21d4,0x2c13
  witness[12] tail=25 r61=24 gh60=0xda645a6 W1=0x1284,0x185f,0x3315 W2=0x1191,0x1d33,0x26c3
  witness[13] tail=25 r61=25 gh60=0x793df6a W1=0x3fd2,0x277e,0xa3e W2=0x3edf,0x199e,0x3a5a
  witness[14] tail=25 r61=26 gh60=0x57f45ea W1=0x2a8e,0x32ea,0x17b8 W2=0x299b,0x3209,0x200f
  witness[15] tail=25 r61=29 gh60=0xb5a8dba W1=0x2875,0x2954,0x2185 W2=0x2782,0x13bb,0x2de5

Scan-only r61 registry
  registry_count=16 registry_cap=16
  r61_witness[00] r61=14 tail=24 gh60=0xca04be6 W1=0x58c,0xa4c,0x3546 W2=0x499,0x1497,0x3fcf
  r61_witness[01] r61=14 tail=29 gh60=0xc919f9a W1=0x3fc5,0x2812,0x3ccb W2=0x3ed2,0x1272,0x379f
  r61_witness[02] r61=14 tail=31 gh60=0x3a144ea W1=0x240e,0x2a99,0x136f W2=0x231b,0x31d0,0x15a9
  r61_witness[03] r61=14 tail=32 gh60=0x4a18cfa W1=0x3815,0x270a,0x254 W2=0x3722,0x1b4d,0x1736
  r61_witness[04] r61=14 tail=38 gh60=0xc69cf9a W1=0x276a,0xf38,0x2c7e W2=0x2677,0x3ecf,0x1a2f
  r61_witness[05] r61=15 tail=28 gh60=0x5a184ee W1=0x1d0f,0x92f,0x2793 W2=0x1c1c,0x3ac9,0x10dd
  r61_witness[06] r61=15 tail=31 gh60=0x451bd6e W1=0xecf,0x32e2,0x758 W2=0xddc,0x9b1,0x2d94
  r61_witness[07] r61=15 tail=40 gh60=0x4a04ce6 W1=0x270c,0xd92,0x3b17 W2=0x2619,0x1cb5,0x2c12
  r61_witness[08] r61=16 tail=26 gh60=0x5989bae W1=0x21bf,0x795,0x23bf W2=0x20cc,0x39a0,0x818
  r61_witness[09] r61=16 tail=28 gh60=0xcf0c766 W1=0xb5c,0x24c9,0x1866 W2=0xa69,0xff9,0x682
  r61_witness[10] r61=16 tail=29 gh60=0xba28d9a W1=0x885,0x3c29,0x679 W2=0x792,0x27d7,0x32f7
  r61_witness[11] r61=16 tail=29 gh60=0xd6084ea W1=0x3d1d,0x3c5a,0xe5b W2=0x3c2a,0x12bc,0x362c
  r61_witness[12] r61=16 tail=30 gh60=0x4907b66 W1=0xddc,0x2849,0x3378 W2=0xce9,0x1f96,0xb6d
  r61_witness[13] r61=16 tail=34 gh60=0x4a04ce6 W1=0x270c,0xd92,0x3b1f W2=0x2619,0x1cb5,0x2c1a
  r61_witness[14] r61=16 tail=34 gh60=0x4a55dbe W1=0x3e78,0x2ad1,0x12e8 W2=0x3d85,0x3189,0x4dd
  r61_witness[15] r61=16 tail=35 gh60=0xb55bd7e W1=0x30d7,0x37d9,0x19a8 W2=0x2fe4,0x2a08,0xadd

D60=0 fiber histogram: 1:7999 2:4734 3:1810 4:1092 5:417 6:222 7:93 8:79 9:29 10:21 11:7 12:9 13:2 14:4 15:1 16:1 17:1 18:1 21:1 24:1
