free_word_mitm_reducedn
N=14 mask=0x3fff msb=0x2000
candidate: M0=0x3d36 mode=random-fallback fill=0x3fff kernel=dM0=dM9=0x2000
prefixes=32768/268435456 mode=permuted-prefix-sample w59_per_prefix=16384 total=536870912
run_mode=scan registry_cap=16
sample_start=82018304
scan_elapsed=19.988s rate=26.86 Mtriples/s

D60 interface
  D60=0 matches: 32804 (random expectation 32768.0, enrichment 1.001x)
  prefixes with D60=0: 16565
  max D60=0 fiber per prefix: 25 at W57=0x1452 W58=0x3695
  largest D60 bucket: D=0x638 count=33903
  min D60 HW: 0
  D60 HW histogram: 0:32804 1:460236 2:2985073 3:11932898 4:32812672 5:65625566 6:98430266 7:112496267 8:98417341 9:65558469 10:32761323 11:11901080 12:2967587 13:456911 14:32419

Tail closure among D60=0 matches
  final tail collisions: 0
  best r61 HW: 12
  best r61 W1[57..59]=0x29be,0x1361,0x17d0
  best r61 W2[57..59]=0x28cb,0xf99,0x3588
  best tail HW: 23
  best tail r61 HW: 22
  best W1[57..59]=0x24a,0xcb8,0x2d4c
  best W2[57..59]=0x157,0x3102,0x2a3a

SUMMARY N=14 sample_start=82018304 prefixes=32768 total=536870912 d0=32804 best_tail=23 tail_r61=22 best_r61=12 tail_W1=0x24a,0xcb8,0x2d4c tail_W2=0x157,0x3102,0x2a3a r61_W1=0x29be,0x1361,0x17d0 r61_W2=0x28cb,0xf99,0x3588

Scan-only witness registry
  registry_count=16 registry_cap=16
  witness[00] tail=23 r61=22 gh60=0x550c49a W1=0x24a,0xcb8,0x2d4c W2=0x157,0x3102,0x2a3a
  witness[01] tail=24 r61=18 gh60=0x4e085ea W1=0x349d,0x17de,0x16da W2=0x33aa,0x38e8,0x291a
  witness[02] tail=24 r61=21 gh60=0xba24fa6 W1=0x3784,0x1548,0x135 W2=0x3691,0xc3d,0x2f4e
  witness[03] tail=24 r61=28 gh60=0xfe9c4a6 W1=0x1cfc,0x16e6,0x375f W2=0x1c09,0x13b2,0x3aef
  witness[04] tail=25 r61=17 gh60=0x49b7bba W1=0x2db6,0xdcd,0x2c3b W2=0x2cc3,0x36d1,0x1e00
  witness[05] tail=25 r61=18 gh60=0x4a54c9a W1=0x3706,0x31e4,0x2267 W2=0x3613,0x27bb,0x76c
  witness[06] tail=25 r61=21 gh60=0xd6a849e W1=0x2ce7,0x3005,0x3304 W2=0x2bf4,0x2eb6,0x1d95
  witness[07] tail=25 r61=25 gh60=0xce3cd9a W1=0x268a,0x130f,0x32b6 W2=0x2597,0x2ae,0x3ccd
  witness[08] tail=25 r61=27 gh60=0x5b6849a W1=0x1449,0x3e51,0x19a W2=0x1356,0x341a,0x5e4
  witness[09] tail=26 r61=16 gh60=0x5b847ba W1=0x137a,0x2089,0x28ba W2=0x1287,0x23d4,0x3f6a
  witness[10] tail=26 r61=17 gh60=0x5898ba6 W1=0x9b3,0x3594,0xdac W2=0x8c0,0x3978,0x3030
  witness[11] tail=26 r61=17 gh60=0x4a2bcfa W1=0x1019,0xace,0xc2c W2=0xf26,0x17dd,0x2270
  witness[12] tail=26 r61=17 gh60=0x4a2fd9e W1=0x2e88,0x4de,0x29bd W2=0x2d95,0x3e7,0x1b70
  witness[13] tail=26 r61=18 gh60=0xc65449e W1=0xc08,0x3b7e,0x24b9 W2=0xb15,0x3a72,0x212a
  witness[14] tail=26 r61=18 gh60=0xc489daa W1=0x1ead,0x3c9e,0x7de W2=0x1dba,0xa71,0x3d88
  witness[15] tail=26 r61=19 gh60=0xd5284a6 W1=0x3243,0x1902,0x28af W2=0x3150,0x137d,0x38e6

Scan-only r61 registry
  registry_count=16 registry_cap=16
  r61_witness[00] r61=12 tail=29 gh60=0x48accaa W1=0x2932,0x2b2,0x1f2e W2=0x283f,0x4f6,0x1b76
  r61_witness[01] r61=12 tail=30 gh60=0x5894baa W1=0x29be,0x1361,0x17d0 W2=0x28cb,0xf99,0x3588
  r61_witness[02] r61=14 tail=28 gh60=0x5f0876a W1=0x34d,0x2445,0x2913 W2=0x25a,0x14a7,0x36e
  r61_witness[03] r61=14 tail=32 gh60=0x4e7c4a6 W1=0xcf4,0x2991,0x3eff W2=0xc01,0x387f,0x1dd2
  r61_witness[04] r61=15 tail=30 gh60=0x458449a W1=0x3ea,0x33b2,0x2f0 W2=0x2f7,0x19b2,0x26a6
  r61_witness[05] r61=15 tail=31 gh60=0x38884aa W1=0x53d,0x17c4,0x16cb W2=0x44a,0x1d30,0x97e
  r61_witness[06] r61=15 tail=32 gh60=0xc618bea W1=0x298d,0x2b0f,0x3d25 W2=0x289a,0x15da,0x2ef3
  r61_witness[07] r61=15 tail=34 gh60=0x488ccae W1=0x2730,0x1ac0,0x139c W2=0x263d,0x720,0x27b7
  r61_witness[08] r61=15 tail=34 gh60=0x47a4f66 W1=0x3764,0x2f9f,0x2833 W2=0x3671,0x2c02,0x3b52
  r61_witness[09] r61=15 tail=36 gh60=0x46085ea W1=0xca1,0x7ae,0x3b1c W2=0xbae,0x340,0x378b
  r61_witness[10] r61=15 tail=36 gh60=0x44b85a6 W1=0xcab,0x31bc,0x289c W2=0xbb8,0x27ef,0x2eb0
  r61_witness[11] r61=16 tail=26 gh60=0x5b847ba W1=0x137a,0x2089,0x28ba W2=0x1287,0x23d4,0x3f6a
  r61_witness[12] r61=16 tail=29 gh60=0xc4985a6 W1=0xcbb,0x686,0x190a W2=0xbc8,0x3da9,0xdeb
  r61_witness[13] r61=16 tail=29 gh60=0xc527da6 W1=0x2ec4,0x3d47,0x1a54 W2=0x2dd1,0x26a6,0x4c
  r61_witness[14] r61=16 tail=30 gh60=0xcd59c9a W1=0x3e49,0x161c,0x27e0 W2=0x3d56,0x3af0,0x31bc
  r61_witness[15] r61=16 tail=31 gh60=0x4888baa W1=0x35ad,0x2701,0x1902 W2=0x34ba,0x2714,0xa9e

D60=0 fiber histogram: 1:8061 2:4694 3:1782 4:1163 5:423 6:208 7:80 8:75 9:31 10:25 11:6 12:9 14:2 15:2 16:3 25:1
