free_word_mitm_reducedn
N=14 mask=0x3fff msb=0x2000
candidate: M0=0x3d36 mode=random-fallback fill=0x3fff kernel=dM0=dM9=0x2000
prefixes=32768/268435456 mode=permuted-prefix-sample w59_per_prefix=16384 total=536870912
run_mode=scan registry_cap=16
sample_start=65241088
scan_elapsed=19.873s rate=27.02 Mtriples/s

D60 interface
  D60=0 matches: 32534 (random expectation 32768.0, enrichment 0.993x)
  prefixes with D60=0: 16515
  max D60=0 fiber per prefix: 19 at W57=0x17d1 W58=0x3a65
  largest D60 bucket: D=0x2cd9 count=33876
  min D60 HW: 0
  D60 HW histogram: 0:32534 1:456425 2:2979867 3:11923531 4:32818394 5:65655441 6:98489811 7:112490443 8:98374744 9:65550872 10:32744109 11:11892623 12:2972175 13:456835 14:33108

Tail closure among D60=0 matches
  final tail collisions: 0
  best r61 HW: 13
  best r61 W1[57..59]=0x23ff,0x1fb7,0x932
  best r61 W2[57..59]=0x230c,0xfc7,0x2721
  best tail HW: 18
  best tail r61 HW: 17
  best W1[57..59]=0x2c26,0x2b88,0xe4b
  best W2[57..59]=0x2b33,0x11de,0xd47

SUMMARY N=14 sample_start=65241088 prefixes=32768 total=536870912 d0=32534 best_tail=18 tail_r61=17 best_r61=13 tail_W1=0x2c26,0x2b88,0xe4b tail_W2=0x2b33,0x11de,0xd47 r61_W1=0x23ff,0x1fb7,0x932 r61_W2=0x230c,0xfc7,0x2721

Scan-only witness registry
  registry_count=16 registry_cap=16
  witness[00] tail=18 r61=17 gh60=0x44bc49a W1=0x2c26,0x2b88,0xe4b W2=0x2b33,0x11de,0xd47
  witness[01] tail=21 r61=23 gh60=0x3be9d9e W1=0x1e67,0x23c,0xf78 W2=0x1d74,0xb10,0x1b16
  witness[02] tail=22 r61=21 gh60=0x465c5fa W1=0xc96,0x17d6,0x509 W2=0xba3,0x3777,0x238b
  witness[03] tail=22 r61=21 gh60=0xda77caa W1=0xdee,0x34da,0x17a0 W2=0xcfb,0x2c16,0x2ce8
  witness[04] tail=24 r61=13 gh60=0x5918b6a W1=0x19dd,0x87a,0x1e3 W2=0x18ea,0x3ead,0x2d3c
  witness[05] tail=24 r61=16 gh60=0xc629bfa W1=0x199,0x152f,0x530 W2=0xa6,0x11be,0x1c6b
  witness[06] tail=24 r61=19 gh60=0x49987ae W1=0xbbf,0x3394,0x2831 W2=0xacc,0x2edc,0x2b8a
  witness[07] tail=24 r61=26 gh60=0x447bca6 W1=0xe3b,0x2fec,0x35cc W2=0xd48,0x3672,0xb6e
  witness[08] tail=24 r61=26 gh60=0xcef477a W1=0x2b56,0x180b,0x7ea W2=0x2a63,0x1ce8,0x1415
  witness[09] tail=25 r61=17 gh60=0x4a185ea W1=0x1aa1,0xe55,0x1cc4 W2=0x19ae,0x1d63,0x1878
  witness[10] tail=25 r61=21 gh60=0x4705d7a W1=0x1eda,0x1f2,0x1a95 W2=0x1de7,0x2e3e,0x1f68
  witness[11] tail=25 r61=22 gh60=0x4c945aa W1=0x1cbe,0x1f13,0x2b4e W2=0x1bcb,0x2b2c,0x2af0
  witness[12] tail=25 r61=23 gh60=0xcd2bd7a W1=0x30d5,0x3439,0x1736 W2=0x2fe2,0xea4,0x1a67
  witness[13] tail=25 r61=24 gh60=0xddbcd9e W1=0x1868,0x26ec,0x9f2 W2=0x1775,0x3a33,0x1c26
  witness[14] tail=25 r61=26 gh60=0x3bec766 W1=0x33e4,0x19db,0x3fce W2=0x32f1,0x1137,0x26a1
  witness[15] tail=26 r61=19 gh60=0x4d98caa W1=0x363d,0x26ed,0x37ff W2=0x354a,0x3f18,0x2fdb

Scan-only r61 registry
  registry_count=16 registry_cap=16
  r61_witness[00] r61=13 tail=24 gh60=0x5918b6a W1=0x19dd,0x87a,0x1e3 W2=0x18ea,0x3ead,0x2d3c
  r61_witness[01] r61=13 tail=29 gh60=0xc6884ae W1=0x23ff,0x1fb7,0x932 W2=0x230c,0xfc7,0x2721
  r61_witness[02] r61=15 tail=32 gh60=0x449bca6 W1=0x2e33,0x2b67,0x183a W2=0x2d40,0x899,0x18e6
  r61_witness[03] r61=16 tail=24 gh60=0xc629bfa W1=0x199,0x152f,0x530 W2=0xa6,0x11be,0x1c6b
  r61_witness[04] r61=16 tail=29 gh60=0x4888caa W1=0x93d,0x895,0x37d0 W2=0x84a,0xa00,0x2552
  r61_witness[05] r61=16 tail=29 gh60=0x5b0856a W1=0x32dd,0x3f11,0x3cd6 W2=0x31ea,0x1d0b,0x3789
  r61_witness[06] r61=16 tail=30 gh60=0xca345fa W1=0xa96,0x1763,0x706 W2=0x9a3,0x3484,0x9ec
  r61_witness[07] r61=16 tail=33 gh60=0xca085ee W1=0x348f,0x1693,0x13d9 W2=0x339c,0x10d5,0x3f2
  r61_witness[08] r61=16 tail=34 gh60=0x5a05fe6 W1=0x1f8c,0x1745,0x1d68 W2=0x1e99,0x3d92,0x2559
  r61_witness[09] r61=16 tail=37 gh60=0x4908b66 W1=0x9db,0x5e1,0xa37 W2=0x8e8,0x7a7,0xe7f
  r61_witness[10] r61=16 tail=38 gh60=0x3a09bea W1=0x3d8d,0x2bb,0x2241 W2=0x3c9a,0x3346,0x39ad
  r61_witness[11] r61=16 tail=40 gh60=0x4c884ae W1=0x223f,0x1aea,0x946 W2=0x214c,0x7fa,0x1c62
  r61_witness[12] r61=16 tail=41 gh60=0x5608cea W1=0x281d,0x2a88,0x329f W2=0x272a,0x2a3f,0x2bb4
  r61_witness[13] r61=17 tail=18 gh60=0x44bc49a W1=0x2c26,0x2b88,0xe4b W2=0x2b33,0x11de,0xd47
  r61_witness[14] r61=17 tail=25 gh60=0x4a185ea W1=0x1aa1,0xe55,0x1cc4 W2=0x19ae,0x1d63,0x1878
  r61_witness[15] r61=17 tail=27 gh60=0x4e6cce6 W1=0x914,0x327e,0xea3 W2=0x821,0x3fb1,0x25a4

D60=0 fiber histogram: 1:8009 2:4714 3:1794 4:1157 5:404 6:227 7:93 8:68 9:18 10:17 11:4 12:4 13:3 14:2 19:1
