free_word_mitm_reducedn
N=14 mask=0x3fff msb=0x2000
candidate: M0=0x3d36 mode=random-fallback fill=0x3fff kernel=dM0=dM9=0x2000
prefixes=32768/268435456 mode=permuted-prefix-sample w59_per_prefix=16384 total=536870912
run_mode=scan registry_cap=16
sample_start=110526464
scan_elapsed=19.572s rate=27.43 Mtriples/s

D60 interface
  D60=0 matches: 32937 (random expectation 32768.0, enrichment 1.005x)
  prefixes with D60=0: 16607
  max D60=0 fiber per prefix: 17 at W57=0x2fe3 W58=0x1211
  largest D60 bucket: D=0x55b count=33960
  min D60 HW: 0
  D60 HW histogram: 0:32937 1:456186 2:2971530 3:11902792 4:32800620 5:65672033 6:98511763 7:112548857 8:98378815 9:65528122 10:32719735 11:11889002 12:2970607 13:455585 14:32328

Tail closure among D60=0 matches
  final tail collisions: 0
  best r61 HW: 12
  best r61 W1[57..59]=0x350d,0x24dd,0x1229
  best r61 W2[57..59]=0x341a,0x3ed3,0xbd
  best tail HW: 20
  best tail r61 HW: 14
  best W1[57..59]=0x241a,0x3f2a,0xf61
  best W2[57..59]=0x2327,0x2617,0x3754

SUMMARY N=14 sample_start=110526464 prefixes=32768 total=536870912 d0=32937 best_tail=20 tail_r61=14 best_r61=12 tail_W1=0x241a,0x3f2a,0xf61 tail_W2=0x2327,0x2617,0x3754 r61_W1=0x350d,0x24dd,0x1229 r61_W2=0x341a,0x3ed3,0xbd

Scan-only witness registry
  registry_count=16 registry_cap=16
  witness[00] tail=20 r61=14 gh60=0x5a044fa W1=0x241a,0x3f2a,0xf61 W2=0x2327,0x2617,0x3754
  witness[01] tail=22 r61=25 gh60=0x4fb47ae W1=0x2370,0x343c,0xc99 W2=0x227d,0x2f15,0x56a
  witness[02] tail=23 r61=19 gh60=0xc90876a W1=0xbcd,0xfb0,0x244d W2=0xada,0x60a,0xb20
  witness[03] tail=23 r61=19 gh60=0x49b87aa W1=0x3b7d,0x203a,0xd1e W2=0x3a8a,0x22ee,0x138a
  witness[04] tail=23 r61=24 gh60=0x5d78dae W1=0x16bf,0x367f,0x1bd5 W2=0x15cc,0x2ea6,0x1d43
  witness[05] tail=24 r61=17 gh60=0x369c56a W1=0x1ce2,0x3ab5,0x87a W2=0x1bef,0x1800,0x3ab6
  witness[06] tail=24 r61=20 gh60=0x493fb6a W1=0x2dce,0x3e2,0x20c5 W2=0x2cdb,0x33e2,0x182a
  witness[07] tail=24 r61=20 gh60=0x4b38b6a W1=0x39e1,0x68,0xa32 W2=0x38ee,0xe57,0x1152
  witness[08] tail=24 r61=22 gh60=0x369c56a W1=0x1ce2,0x3ab5,0xa7a W2=0x1bef,0x1800,0x3cb6
  witness[09] tail=25 r61=18 gh60=0x449c4aa W1=0x3c3e,0x14a2,0x3db0 W2=0x3b4b,0x2ad3,0x295
  witness[10] tail=25 r61=20 gh60=0xcae8c9a W1=0x3745,0x2252,0x277f W2=0x3652,0x17a0,0x32ca
  witness[11] tail=26 r61=14 gh60=0xcd0457a W1=0x22da,0x3d6a,0xfa2 W2=0x21e7,0x2273,0xbf5
  witness[12] tail=26 r61=17 gh60=0x4f885aa W1=0x2cbd,0x6e0,0x5bc W2=0x2bca,0x13e4,0x3471
  witness[13] tail=26 r61=18 gh60=0xc6884ae W1=0x3bef,0x35fc,0x1be3 W2=0x3afc,0x359c,0x21d4
  witness[14] tail=26 r61=19 gh60=0x44b849a W1=0x2425,0x1b02,0x3d42 W2=0x2332,0xd5,0x2b5d
  witness[15] tail=26 r61=19 gh60=0x478c4a6 W1=0x343c,0x2381,0x736 W2=0x3349,0x2fcf,0x2b63

Scan-only r61 registry
  registry_count=16 registry_cap=16
  r61_witness[00] r61=12 tail=29 gh60=0x3a084ea W1=0x350d,0x24dd,0x1229 W2=0x341a,0x3ed3,0xbd
  r61_witness[01] r61=13 tail=29 gh60=0x4a2bcfe W1=0x2e17,0x3fa2,0x2cdb W2=0x2d24,0x3c89,0x2c01
  r61_witness[02] r61=14 tail=20 gh60=0x5a044fa W1=0x241a,0x3f2a,0xf61 W2=0x2327,0x2617,0x3754
  r61_witness[03] r61=14 tail=26 gh60=0xcd0457a W1=0x22da,0x3d6a,0xfa2 W2=0x21e7,0x2273,0xbf5
  r61_witness[04] r61=14 tail=27 gh60=0x4908b6e W1=0x95f,0xa3,0x2888 W2=0x86c,0x3ab6,0x158a
  r61_witness[05] r61=15 tail=28 gh60=0x5988fae W1=0x377f,0x3b12,0x3df2 W2=0x368c,0x1c9,0x2e0b
  r61_witness[06] r61=15 tail=29 gh60=0xcb884a6 W1=0xc2b,0x1156,0x320b W2=0xb38,0x3fb1,0x1d58
  r61_witness[07] r61=15 tail=30 gh60=0xc707d66 W1=0xecc,0x2473,0x29be W2=0xdd9,0x2b40,0x27eb
  r61_witness[08] r61=15 tail=30 gh60=0x4a3bd9e W1=0x2e87,0x2de5,0xf5a W2=0x2d94,0x28fd,0x133c
  r61_witness[09] r61=15 tail=35 gh60=0xc60bdea W1=0xe9d,0x2b76,0x219c W2=0xdaa,0x2ebd,0x2bb8
  r61_witness[10] r61=15 tail=37 gh60=0x4a0c4ea W1=0x2c0e,0x6eb,0x3e01 W2=0x2b1b,0xfa2,0xe13
  r61_witness[11] r61=16 tail=27 gh60=0x4b0876a W1=0x23d1,0x36a,0x3008 W2=0x22de,0x1d0,0x13d4
  r61_witness[12] r61=16 tail=29 gh60=0x499bbaa W1=0x11bd,0xbeb,0x1e25 W2=0x10ca,0x2e32,0x1340
  r61_witness[13] r61=16 tail=31 gh60=0x4888fae W1=0x17bf,0x3c99,0x1ba5 W2=0x16cc,0x2e0,0x15c1
  r61_witness[14] r61=16 tail=31 gh60=0x4897faa W1=0x2fbe,0x3b4c,0x2de3 W2=0x2ecb,0x2240,0x4c7
  r61_witness[15] r61=16 tail=32 gh60=0x4a05c9a W1=0x1f0a,0x274b,0x1499 W2=0x1e17,0xa4c,0x12a4

D60=0 fiber histogram: 1:8004 2:4846 3:1781 4:1077 5:423 6:234 7:75 8:80 9:37 10:23 11:7 12:10 13:5 15:1 16:2 17:2
