free_word_mitm_reducedn
N=14 mask=0x3fff msb=0x2000
candidate: M0=0x3d36 mode=random-fallback fill=0x3fff kernel=dM0=dM9=0x2000
prefixes=32768/268435456 mode=permuted-prefix-sample w59_per_prefix=16384 total=536870912
run_mode=scan registry_cap=16
sample_start=118915072
scan_elapsed=19.392s rate=27.69 Mtriples/s

D60 interface
  D60=0 matches: 32887 (random expectation 32768.0, enrichment 1.004x)
  prefixes with D60=0: 16574
  max D60=0 fiber per prefix: 18 at W57=0x587 W58=0xa1f
  largest D60 bucket: D=0x29ab count=33952
  min D60 HW: 0
  D60 HW histogram: 0:32887 1:458812 2:2982756 3:11927721 4:32807515 5:65636308 6:98453209 7:112503215 8:98398127 9:65545378 10:32751934 11:11905480 12:2977833 13:456945 14:32792

Tail closure among D60=0 matches
  final tail collisions: 0
  best r61 HW: 14
  best r61 W1[57..59]=0x1b9c,0x3c24,0x3830
  best r61 W2[57..59]=0x1aa9,0x34e0,0x2885
  best tail HW: 21
  best tail r61 HW: 16
  best W1[57..59]=0x2ac3,0xf68,0x6b8
  best W2[57..59]=0x29d0,0x2bd,0x12a7

SUMMARY N=14 sample_start=118915072 prefixes=32768 total=536870912 d0=32887 best_tail=21 tail_r61=16 best_r61=14 tail_W1=0x2ac3,0xf68,0x6b8 tail_W2=0x29d0,0x2bd,0x12a7 r61_W1=0x1b9c,0x3c24,0x3830 r61_W2=0x1aa9,0x34e0,0x2885

Scan-only witness registry
  registry_count=16 registry_cap=16
  witness[00] tail=21 r61=15 gh60=0xc914b6e W1=0x9e0,0x17a4,0x21d5 W2=0x8ed,0x5b0,0x1710
  witness[01] tail=21 r61=16 gh60=0xbb285a6 W1=0x2ac3,0xf68,0x6b8 W2=0x29d0,0x2bd,0x12a7
  witness[02] tail=22 r61=16 gh60=0x462cbaa W1=0x2982,0x1bde,0x2d4e W2=0x288f,0x88a,0x15c1
  witness[03] tail=22 r61=20 gh60=0x5da85be W1=0xcb7,0x42f,0x31dd W2=0xbc4,0xb65,0x1873
  witness[04] tail=22 r61=21 gh60=0xfa14cee W1=0x2810,0x7d8,0x368e W2=0x271d,0x24b0,0x2664
  witness[05] tail=22 r61=22 gh60=0xda085ea W1=0x2c9d,0xb37,0x14e0 W2=0x2baa,0x18c5,0x3968
  witness[06] tail=23 r61=17 gh60=0x495c49a W1=0x2526,0x38fb,0x3a53 W2=0x2433,0x1e93,0x27cf
  witness[07] tail=23 r61=19 gh60=0x4e3bca6 W1=0x3103,0x1c13,0xd73 W2=0x3010,0x1f55,0x1b1
  witness[08] tail=24 r61=16 gh60=0x4a085ee W1=0x1c8f,0x2d2,0x2c3c W2=0x1b9c,0x3c94,0x1dd1
  witness[09] tail=24 r61=18 gh60=0x3888ba6 W1=0x5ab,0x2f1a,0x309 W2=0x4b8,0x36ee,0x2f7d
  witness[10] tail=24 r61=19 gh60=0xda0bbee W1=0x118f,0x26e2,0x12ad W2=0x109c,0x66d,0x2e3d
  witness[11] tail=24 r61=20 gh60=0x3ef84a6 W1=0xaeb,0x3996,0x4eb W2=0x9f8,0x1a71,0x97e
  witness[12] tail=24 r61=22 gh60=0x561cc9a W1=0x280a,0x2107,0x3e10 W2=0x2717,0x2c6,0x13e
  witness[13] tail=24 r61=22 gh60=0x59b7fbe W1=0x2fb8,0x3e7b,0xdfc W2=0x2ec5,0x24bf,0x1697
  witness[14] tail=24 r61=24 gh60=0xbf97cae W1=0x10f0,0x37cc,0x10ae W2=0xffd,0x1928,0x26c7
  witness[15] tail=24 r61=26 gh60=0xcb2c56a W1=0x22d2,0x20f0,0x2917 W2=0x21df,0x250b,0x307c

Scan-only r61 registry
  registry_count=16 registry_cap=16
  r61_witness[00] r61=14 tail=28 gh60=0x4a047e6 W1=0x1b9c,0x3c24,0x3830 W2=0x1aa9,0x34e0,0x2885
  r61_witness[01] r61=14 tail=33 gh60=0x5608ce6 W1=0x81b,0x21bb,0x14bd W2=0x728,0x951,0x64b
  r61_witness[02] r61=15 tail=21 gh60=0xc914b6e W1=0x9e0,0x17a4,0x21d5 W2=0x8ed,0x5b0,0x1710
  r61_witness[03] r61=15 tail=27 gh60=0x4d85cba W1=0x3e3a,0x3fc3,0xa3f W2=0x3d47,0x2a37,0x1f3b
  r61_witness[04] r61=15 tail=30 gh60=0x5a084ee W1=0x2c1f,0x2bbe,0x2985 W2=0x2b2c,0x1958,0xf4e
  r61_witness[05] r61=15 tail=31 gh60=0xb899faa W1=0x1fbd,0x1092,0x320f W2=0x1eca,0x3c99,0x1a60
  r61_witness[06] r61=16 tail=21 gh60=0xbb285a6 W1=0x2ac3,0xf68,0x6b8 W2=0x29d0,0x2bd,0x12a7
  r61_witness[07] r61=16 tail=22 gh60=0x462cbaa W1=0x2982,0x1bde,0x2d4e W2=0x288f,0x88a,0x15c1
  r61_witness[08] r61=16 tail=24 gh60=0x4a085ee W1=0x1c8f,0x2d2,0x2c3c W2=0x1b9c,0x3c94,0x1dd1
  r61_witness[09] r61=16 tail=25 gh60=0x3a044fa W1=0x3d1a,0x17eb,0x1629 W2=0x3c27,0xba8,0x290d
  r61_witness[10] r61=16 tail=28 gh60=0xc909b6a W1=0x1e1,0x3be1,0xdef W2=0xee,0x3bcc,0x3f4c
  r61_witness[11] r61=16 tail=28 gh60=0xb689daa W1=0x206d,0x63c,0x27a6 W2=0x1f7a,0x12a3,0x18a1
  r61_witness[12] r61=16 tail=30 gh60=0x5a24cea W1=0x1712,0xa38,0x38c4 W2=0x161f,0x1c08,0x31e4
  r61_witness[13] r61=16 tail=31 gh60=0x4b0457a W1=0x225a,0x2848,0x3da W2=0x2167,0x1569,0x17af
  r61_witness[14] r61=16 tail=31 gh60=0xc88449a W1=0x232a,0x37da,0x3e31 W2=0x2237,0x2026,0x13a9
  r61_witness[15] r61=16 tail=31 gh60=0xca84ca6 W1=0x38fc,0x18db,0x3be3 W2=0x3809,0x1368,0x3283

D60=0 fiber histogram: 1:8023 2:4734 3:1762 4:1161 5:430 6:241 7:79 8:83 9:24 10:16 11:7 12:5 13:2 14:1 16:4 18:2
