free_word_mitm_reducedn
N=14 mask=0x3fff msb=0x2000
candidate: M0=0x3d36 mode=random-fallback fill=0x3fff kernel=dM0=dM9=0x2000
prefixes=32768/268435456 mode=permuted-prefix-sample w59_per_prefix=16384 total=536870912
run_mode=scan registry_cap=16
sample_start=144801792
scan_elapsed=20.513s rate=26.17 Mtriples/s

D60 interface
  D60=0 matches: 32448 (random expectation 32768.0, enrichment 0.990x)
  prefixes with D60=0: 16445
  max D60=0 fiber per prefix: 22 at W57=0x153c W58=0x1f57
  largest D60 bucket: D=0x12ec count=33851
  min D60 HW: 0
  D60 HW histogram: 0:32448 1:456845 2:2972606 3:11895722 4:32749959 5:65591426 6:98447211 7:112520476 8:98481614 9:65587773 10:32760911 11:11906121 12:2975694 13:459157 14:32949

Tail closure among D60=0 matches
  final tail collisions: 0
  best r61 HW: 13
  best r61 W1[57..59]=0x1553,0x8d1,0x229d
  best r61 W2[57..59]=0x1460,0x1ab7,0x314b
  best tail HW: 21
  best tail r61 HW: 25
  best W1[57..59]=0x633,0xa3d,0x818
  best W2[57..59]=0x540,0x3a69,0x3237

SUMMARY N=14 sample_start=144801792 prefixes=32768 total=536870912 d0=32448 best_tail=21 tail_r61=25 best_r61=13 tail_W1=0x633,0xa3d,0x818 tail_W2=0x540,0x3a69,0x3237 r61_W1=0x1553,0x8d1,0x229d r61_W2=0x1460,0x1ab7,0x314b

Scan-only witness registry
  registry_count=16 registry_cap=16
  witness[00] tail=21 r61=25 gh60=0xc768ca6 W1=0x633,0xa3d,0x818 W2=0x540,0x3a69,0x3237
  witness[01] tail=23 r61=18 gh60=0x4504d7a W1=0x265a,0x3eb5,0x2358 W2=0x2567,0x3095,0x2011
  witness[02] tail=24 r61=14 gh60=0x4608cee W1=0x261f,0x3816,0x3148 W2=0x252c,0x25f1,0xa01
  witness[03] tail=24 r61=16 gh60=0x4d844a6 W1=0x2bfc,0xa29,0x1516 W2=0x2b09,0x7f5,0x287e
  witness[04] tail=24 r61=18 gh60=0x591876e W1=0x235f,0x2d2f,0x30ef W2=0x226c,0x2459,0x2674
  witness[05] tail=24 r61=20 gh60=0x748bca6 W1=0x103b,0x268d,0x3e49 W2=0xf48,0x793,0x3053
  witness[06] tail=24 r61=22 gh60=0xc669b9a W1=0x185,0x3356,0x20d W2=0x92,0x2166,0x20cc
  witness[07] tail=25 r61=17 gh60=0xcb184a6 W1=0x443,0x16be,0x2b9f W2=0x350,0x2439,0x1d19
  witness[08] tail=25 r61=20 gh60=0x4b1456e W1=0x450,0x123f,0x1655 W2=0x35d,0x3b16,0x1048
  witness[09] tail=25 r61=20 gh60=0xcf5849e W1=0x1327,0x18fe,0x1db0 W2=0x1234,0x2931,0x37d7
  witness[10] tail=25 r61=21 gh60=0xc90df6a W1=0x1f5e,0x3694,0x39e3 W2=0x1e6b,0x38a0,0x35b7
  witness[11] tail=25 r61=21 gh60=0x499cbaa W1=0x396e,0x3c4e,0x3db0 W2=0x387b,0x926,0x1551
  witness[12] tail=25 r61=22 gh60=0xc9a84a6 W1=0x3533,0x251d,0x3ba5 W2=0x3440,0x1288,0x1e1e
  witness[13] tail=25 r61=23 gh60=0x5cdc4ba W1=0x1c36,0x7cf,0x2921 W2=0x1b43,0x3d12,0x1984
  witness[14] tail=25 r61=23 gh60=0x5c99caa W1=0x1e31,0x1726,0x3548 W2=0x1d3e,0x1d25,0x11e4
  witness[15] tail=25 r61=24 gh60=0xfd85dba W1=0x1e7a,0xefb,0xd76 W2=0x1d87,0x3dc7,0x2cc5

Scan-only r61 registry
  registry_count=16 registry_cap=16
  r61_witness[00] r61=13 tail=29 gh60=0x4938b66 W1=0x1553,0x8d1,0x229d W2=0x1460,0x1ab7,0x314b
  r61_witness[01] r61=13 tail=29 gh60=0xca08bee W1=0x399f,0x18df,0x1b64 W2=0x38ac,0x1f5e,0x2630
  r61_witness[02] r61=14 tail=24 gh60=0x4608cee W1=0x261f,0x3816,0x3148 W2=0x252c,0x25f1,0xa01
  r61_witness[03] r61=14 tail=31 gh60=0x5a04ce6 W1=0x390c,0x3380,0x35bf W2=0x3819,0x2b27,0x2516
  r61_witness[04] r61=14 tail=32 gh60=0x4514d6e W1=0x6e0,0x269e,0x1536 W2=0x5ed,0x7da,0x267b
  r61_witness[05] r61=14 tail=37 gh60=0x4a08ce6 W1=0x261b,0x2d03,0x1de4 W2=0x2528,0x3b19,0x62a
  r61_witness[06] r61=15 tail=34 gh60=0x4a07d9a W1=0x108a,0x533,0x1414 W2=0xf97,0x2650,0x21
  r61_witness[07] r61=16 tail=24 gh60=0x4d844a6 W1=0x2bfc,0xa29,0x1516 W2=0x2b09,0x7f5,0x287e
  r61_witness[08] r61=16 tail=27 gh60=0xda845ba W1=0x3c7a,0xc92,0x1e1 W2=0x3b87,0xc1d,0x3d99
  r61_witness[09] r61=16 tail=30 gh60=0x748c5ae W1=0xab0,0xa8,0x1162 W2=0x9bd,0x2571,0x28fa
  r61_witness[10] r61=16 tail=31 gh60=0x4b05c9a W1=0x1f4a,0x1e8d,0x2abb W2=0x1e57,0x50e,0x31b0
  r61_witness[11] r61=16 tail=32 gh60=0x588bcaa W1=0xf3d,0x7f2,0x3eac W2=0xe4a,0x3ad9,0x2ec8
  r61_witness[12] r61=16 tail=32 gh60=0x571476a W1=0x3bde,0x2b04,0x264f W2=0x3aeb,0x153,0x1a1c
  r61_witness[13] r61=16 tail=36 gh60=0x4918b6a W1=0x19cd,0x25f3,0x2178 W2=0x18da,0x1c32,0x3668
  r61_witness[14] r61=16 tail=37 gh60=0x4a885ae W1=0x246f,0x3d,0x13e3 W2=0x237c,0x2785,0x3984
  r61_witness[15] r61=17 tail=25 gh60=0xcb184a6 W1=0x443,0x16be,0x2b9f W2=0x350,0x2439,0x1d19

D60=0 fiber histogram: 1:7979 2:4766 3:1757 4:1036 5:439 6:245 7:85 8:70 9:30 10:24 11:4 12:5 14:1 15:1 17:1 20:1 22:1
