free_word_mitm_reducedn
N=14 mask=0x3fff msb=0x2000
candidate: M0=0x3d36 mode=random-fallback fill=0x3fff kernel=dM0=dM9=0x2000
prefixes=32768/268435456 mode=permuted-prefix-sample w59_per_prefix=16384 total=536870912
run_mode=scan registry_cap=16
sample_start=15630336
scan_elapsed=20.060s rate=26.76 Mtriples/s

D60 interface
  D60=0 matches: 32671 (random expectation 32768.0, enrichment 0.997x)
  prefixes with D60=0: 16564
  max D60=0 fiber per prefix: 20 at W57=0x3e51 W58=0x1c47
  largest D60 bucket: D=0x1527 count=33858
  min D60 HW: 0
  D60 HW histogram: 0:32671 1:457670 2:2979817 3:11920369 4:32809510 5:65641223 6:98463581 7:112477695 8:98362540 9:65569149 10:32769706 11:11917295 12:2979768 13:457597 14:32321

Tail closure among D60=0 matches
  final tail collisions: 0
  best r61 HW: 14
  best r61 W1[57..59]=0x52f,0x2a2a,0xe5f
  best r61 W2[57..59]=0x43c,0x6ca,0x207b
  best tail HW: 22
  best tail r61 HW: 18
  best W1[57..59]=0x119a,0x3d9a,0x678
  best W2[57..59]=0x10a7,0x1d1e,0x186d

SUMMARY N=14 sample_start=15630336 prefixes=32768 total=536870912 d0=32671 best_tail=22 tail_r61=18 best_r61=14 tail_W1=0x119a,0x3d9a,0x678 tail_W2=0x10a7,0x1d1e,0x186d r61_W1=0x52f,0x2a2a,0xe5f r61_W2=0x43c,0x6ca,0x207b

Scan-only witness registry
  registry_count=16 registry_cap=16
  witness[00] tail=22 r61=18 gh60=0x5a07bfa W1=0x119a,0x3d9a,0x678 W2=0x10a7,0x1d1e,0x186d
  witness[01] tail=23 r61=19 gh60=0x3e6c4aa W1=0xbf2,0xf40,0x6a7 W2=0xaff,0x15c5,0xf17
  witness[02] tail=23 r61=24 gh60=0xdf38f6a W1=0x374d,0x1197,0x45d W2=0x365a,0x8b6,0x35dc
  witness[03] tail=24 r61=19 gh60=0xca64ce6 W1=0x3814,0x28e5,0x23e8 W2=0x3721,0x110c,0x3876
  witness[04] tail=24 r61=20 gh60=0xd904b66 W1=0x15cc,0x189c,0xc7d W2=0x14d9,0x367b,0x2c9c
  witness[05] tail=24 r61=20 gh60=0xce68c9a W1=0x27e5,0x522,0x3352 W2=0x26f2,0x2870,0x119f
  witness[06] tail=24 r61=24 gh60=0xbe38cea W1=0x181d,0x231f,0x2afb W2=0x172a,0x37d2,0x16e3
  witness[07] tail=25 r61=17 gh60=0xcd2857a W1=0x2d9,0x3276,0x1488 W2=0x1e6,0x1582,0xcbe
  witness[08] tail=25 r61=18 gh60=0x3a97caa W1=0xdfe,0x196a,0x253a W2=0xd0b,0x109a,0x3c89
  witness[09] tail=25 r61=18 gh60=0xd4e9dba W1=0x20b5,0x727,0x1f4 W2=0x1fc2,0x2f7a,0x383
  witness[10] tail=25 r61=19 gh60=0x78884aa W1=0x531,0x9d3,0x1c10 W2=0x43e,0xe93,0x5f2
  witness[11] tail=25 r61=20 gh60=0x465849a W1=0x2c09,0x32d9,0x30d9 W2=0x2b16,0x19a4,0x221f
  witness[12] tail=25 r61=21 gh60=0x5bb8c9a W1=0x3929,0x2d0f,0x18f3 W2=0x3836,0x1dd9,0x1d76
  witness[13] tail=25 r61=22 gh60=0x5e68c9a W1=0x5e5,0x2ba,0x1961 W2=0x4f2,0x2a00,0x3c02
  witness[14] tail=25 r61=22 gh60=0xfb58d9e W1=0x6a7,0x28ec,0x4ee W2=0x5b4,0x2fba,0x19fd
  witness[15] tail=25 r61=22 gh60=0xd61c4ee W1=0x2d20,0x1a97,0x82f W2=0x2c2d,0xc32,0xa55

Scan-only r61 registry
  registry_count=16 registry_cap=16
  r61_witness[00] r61=14 tail=26 gh60=0xc8984ae W1=0x52f,0x2a2a,0xe5f W2=0x43c,0x6ca,0x207b
  r61_witness[01] r61=14 tail=32 gh60=0x3a084ea W1=0x1421,0x19b5,0x3d92 W2=0x132e,0x30ab,0x2da6
  r61_witness[02] r61=15 tail=28 gh60=0x4a24da6 W1=0x2884,0x3438,0x2d19 W2=0x2791,0x68d,0x20e5
  r61_witness[03] r61=15 tail=30 gh60=0x4b58f9e W1=0x27c7,0xae3,0x32ec W2=0x26d4,0x91,0x217e
  r61_witness[04] r61=16 tail=30 gh60=0x4619cea W1=0x2121,0x3618,0x873 W2=0x202e,0x383f,0x2ea7
  r61_witness[05] r61=16 tail=30 gh60=0x4a784ea W1=0x231d,0x334e,0x1924 W2=0x222a,0x38b4,0x3887
  r61_witness[06] r61=16 tail=33 gh60=0x4a8c4a6 W1=0x11ec,0x3589,0xf99 W2=0x10f9,0x2367,0x3f34
  r61_witness[07] r61=16 tail=34 gh60=0x4a0ccea W1=0x70e,0x1eeb,0x3f1b W2=0x61b,0x25f3,0x2cf9
  r61_witness[08] r61=16 tail=34 gh60=0x4a2ddfa W1=0x2096,0x1733,0x35d4 W2=0x1fa3,0x3213,0xd8f
  r61_witness[09] r61=16 tail=35 gh60=0x4a784ea W1=0x231d,0x334e,0x1a3b W2=0x222a,0x38b4,0x399e
  r61_witness[10] r61=16 tail=36 gh60=0x592fb66 W1=0x11d4,0x1a45,0x310a W2=0x10e1,0xdb2,0x3de9
  r61_witness[11] r61=16 tail=37 gh60=0xca09cee W1=0x11f,0x108f,0x3a7b W2=0x2c,0x2ad6,0xd0
  r61_witness[12] r61=16 tail=37 gh60=0x4918b6a W1=0x35e1,0x1c8c,0xfcc W2=0x34ee,0x2ebb,0x266f
  r61_witness[13] r61=16 tail=39 gh60=0x4608cee W1=0x191f,0x4f7,0xa8e W2=0x182c,0x31be,0x11ba
  r61_witness[14] r61=17 tail=25 gh60=0xcd2857a W1=0x2d9,0x3276,0x1488 W2=0x1e6,0x1582,0xcbe
  r61_witness[15] r61=17 tail=27 gh60=0x4609dee W1=0x3e9f,0xd0e,0x274d W2=0x3dac,0x353d,0x8bd

D60=0 fiber histogram: 1:8082 2:4721 3:1848 4:1045 5:381 6:244 7:103 8:64 9:25 10:24 11:7 12:8 13:4 14:4 18:2 19:1 20:1
