free_word_mitm_reducedn
N=14 mask=0x3fff msb=0x2000
candidate: M0=0x3d36 mode=random-fallback fill=0x3fff kernel=dM0=dM9=0x2000
prefixes=32768/268435456 mode=permuted-prefix-sample w59_per_prefix=16384 total=536870912
run_mode=scan registry_cap=16
sample_start=258899968
scan_elapsed=18.968s rate=28.30 Mtriples/s

D60 interface
  D60=0 matches: 32353 (random expectation 32768.0, enrichment 0.987x)
  prefixes with D60=0: 16462
  max D60=0 fiber per prefix: 14 at W57=0x2fa4 W58=0x273f
  largest D60 bucket: D=0x2a1c count=33934
  min D60 HW: 0
  D60 HW histogram: 0:32353 1:457551 2:2975542 3:11926837 4:32838223 5:65700759 6:98524619 7:112499041 8:98347114 9:65482938 10:32722912 11:11897563 12:2975277 13:457324 14:32859

Tail closure among D60=0 matches
  final tail collisions: 0
  best r61 HW: 14
  best r61 W1[57..59]=0x248a,0x144d,0x31b
  best r61 W2[57..59]=0x2397,0x2ab,0x2634
  best tail HW: 23
  best tail r61 HW: 19
  best W1[57..59]=0x144d,0xb15,0x3e4b
  best W2[57..59]=0x135a,0x2a9b,0x2cad

SUMMARY N=14 sample_start=258899968 prefixes=32768 total=536870912 d0=32353 best_tail=23 tail_r61=19 best_r61=14 tail_W1=0x144d,0xb15,0x3e4b tail_W2=0x135a,0x2a9b,0x2cad r61_W1=0x248a,0x144d,0x31b r61_W2=0x2397,0x2ab,0x2634

Scan-only witness registry
  registry_count=16 registry_cap=16
  witness[00] tail=23 r61=19 gh60=0x453856a W1=0x144d,0xb15,0x3e4b W2=0x135a,0x2a9b,0x2cad
  witness[01] tail=24 r61=15 gh60=0xb704566 W1=0x1a4c,0x227a,0x24c8 W2=0x1959,0x5a2,0x1820
  witness[02] tail=24 r61=19 gh60=0x748c59a W1=0x32aa,0x149d,0x22f8 W2=0x31b7,0x10cd,0x1a38
  witness[03] tail=24 r61=21 gh60=0x5939b6e W1=0x15f,0x19f6,0x1454 W2=0x6c,0x1209,0x3725
  witness[04] tail=24 r61=24 gh60=0xcb8bcae W1=0x10ff,0x13c1,0xe7f W2=0x100c,0x2110,0xd02
  witness[05] tail=24 r61=26 gh60=0xb5385a6 W1=0x22c3,0x3ebb,0x28c9 W2=0x21d0,0x340e,0x4da
  witness[06] tail=25 r61=16 gh60=0x4dd84ba W1=0x11f9,0x330a,0x15b3 W2=0x1106,0x2888,0x264c
  witness[07] tail=25 r61=17 gh60=0x5a0449a W1=0x320a,0x33bd,0x2a6b W2=0x3117,0x2887,0x856
  witness[08] tail=25 r61=19 gh60=0xcbb45ba W1=0x1276,0x20b9,0x367 W2=0x1183,0xe50,0x3312
  witness[09] tail=25 r61=24 gh60=0x4f9cda6 W1=0x3674,0x3eb,0x1d70 W2=0x3581,0xbb0,0x1469
  witness[10] tail=25 r61=26 gh60=0xbb28d9a W1=0x28c9,0x32a6,0x1e16 W2=0x27d6,0xbd4,0x2ad1
  witness[11] tail=25 r61=27 gh60=0x7bd9d7a W1=0x1e59,0x26b7,0x225a W2=0x1d66,0xb26,0x1d0e
  witness[12] tail=26 r61=17 gh60=0xcd3456a W1=0xcde,0x3b68,0x21b6 W2=0xbeb,0x3a83,0x2d18
  witness[13] tail=26 r61=17 gh60=0x499bcaa W1=0x313d,0x31b3,0x207a W2=0x304a,0x28a2,0xedd
  witness[14] tail=26 r61=18 gh60=0x5895cae W1=0x3f40,0x21b8,0x200 W2=0x3e4d,0xf8c,0x362a
  witness[15] tail=26 r61=20 gh60=0x360db9a W1=0x1d8a,0xcda,0x139e W2=0x1c97,0x3cfb,0x24f

Scan-only r61 registry
  registry_count=16 registry_cap=16
  r61_witness[00] r61=14 tail=34 gh60=0x58a9ba6 W1=0x1db3,0x1f06,0x25c0 W2=0x1cc0,0x2568,0x2e6e
  r61_witness[01] r61=14 tail=35 gh60=0x460459a W1=0x248a,0x144d,0x31b W2=0x2397,0x2ab,0x2634
  r61_witness[02] r61=15 tail=24 gh60=0xb704566 W1=0x1a4c,0x227a,0x24c8 W2=0x1959,0x5a2,0x1820
  r61_witness[03] r61=15 tail=29 gh60=0x4665baa W1=0x172,0x3c48,0x2d53 W2=0x7f,0x25e8,0x2281
  r61_witness[04] r61=15 tail=30 gh60=0x370c766 W1=0x1b5c,0x3973,0x1b02 W2=0x1a69,0x319f,0x5c5
  r61_witness[05] r61=15 tail=32 gh60=0xc884bba W1=0x35ba,0x281e,0x3d73 W2=0x34c7,0x275e,0x33df
  r61_witness[06] r61=16 tail=25 gh60=0x4dd84ba W1=0x11f9,0x330a,0x15b3 W2=0x1106,0x2888,0x264c
  r61_witness[07] r61=16 tail=28 gh60=0xc618cee W1=0x270f,0x14aa,0x2cf0 W2=0x261c,0x2f81,0x3d43
  r61_witness[08] r61=16 tail=32 gh60=0x4779cbe W1=0x137,0x2dd3,0x3d97 W2=0x44,0x2632,0x3e5b
  r61_witness[09] r61=16 tail=33 gh60=0x48784aa W1=0x152d,0x2f71,0x83f W2=0x143a,0x6ed,0x2236
  r61_witness[10] r61=16 tail=33 gh60=0x44785aa W1=0x2cad,0x1ce1,0x1f53 W2=0x2bba,0x28f5,0x855
  r61_witness[11] r61=16 tail=34 gh60=0xca0c4ee W1=0xb10,0xd3b,0x1be7 W2=0xa1d,0x3e62,0x2637
  r61_witness[12] r61=16 tail=34 gh60=0x4909b6e W1=0x21cf,0x643,0x2d63 W2=0x20dc,0x3d66,0x1b6
  r61_witness[13] r61=16 tail=34 gh60=0x4a2859e W1=0x2487,0x6c5,0x1af8 W2=0x2394,0xd5e,0x13d4
  r61_witness[14] r61=16 tail=35 gh60=0x588bbaa W1=0x31ad,0x27cc,0x1133 W2=0x30ba,0x11f,0x3f9f
  r61_witness[15] r61=17 tail=25 gh60=0x5a0449a W1=0x320a,0x33bd,0x2a6b W2=0x3117,0x2887,0x856

D60=0 fiber histogram: 1:8012 2:4751 3:1812 4:1042 5:382 6:225 7:91 8:77 9:20 10:28 11:10 12:5 13:6 14:1
