free_word_mitm_reducedn
N=14 mask=0x3fff msb=0x2000
candidate: M0=0x3d36 mode=random-fallback fill=0x3fff kernel=dM0=dM9=0x2000
prefixes=32768/268435456 mode=permuted-prefix-sample w59_per_prefix=16384 total=536870912
run_mode=scan registry_cap=16
sample_start=233734144
scan_elapsed=20.400s rate=26.32 Mtriples/s

D60 interface
  D60=0 matches: 32859 (random expectation 32768.0, enrichment 1.003x)
  prefixes with D60=0: 16607
  max D60=0 fiber per prefix: 26 at W57=0x1dd7 W58=0x9ec
  largest D60 bucket: D=0x109c count=33884
  min D60 HW: 0
  D60 HW histogram: 0:32859 1:458964 2:2976655 3:11928665 4:32805053 5:65653557 6:98483273 7:112483316 8:98395462 9:65520032 10:32747697 11:11911233 12:2981246 13:459803 14:33097

Tail closure among D60=0 matches
  final tail collisions: 0
  best r61 HW: 14
  best r61 W1[57..59]=0xe05,0x39f0,0x1f73
  best r61 W2[57..59]=0xd12,0xcfc,0x3568
  best tail HW: 22
  best tail r61 HW: 15
  best W1[57..59]=0x1a8b,0x3a17,0x29fe
  best W2[57..59]=0x1998,0x21d6,0x1edc

SUMMARY N=14 sample_start=233734144 prefixes=32768 total=536870912 d0=32859 best_tail=22 tail_r61=15 best_r61=14 tail_W1=0x1a8b,0x3a17,0x29fe tail_W2=0x1998,0x21d6,0x1edc r61_W1=0xe05,0x39f0,0x1f73 r61_W2=0xd12,0xcfc,0x3568

Scan-only witness registry
  registry_count=16 registry_cap=16
  witness[00] tail=22 r61=15 gh60=0x4a085e6 W1=0x1a8b,0x3a17,0x29fe W2=0x1998,0x21d6,0x1edc
  witness[01] tail=22 r61=24 gh60=0xf58c5a6 W1=0xa7c,0x3812,0x2658 W2=0x989,0xdb6,0x1660
  witness[02] tail=23 r61=19 gh60=0x4a09bea W1=0x191,0x2e3c,0x3751 W2=0x9e,0x29cb,0x363f
  witness[03] tail=23 r61=22 gh60=0xc5b8caa W1=0x641,0x24cc,0x31f9 W2=0x54e,0x2c3b,0x3943
  witness[04] tail=24 r61=16 gh60=0xce085ee W1=0x2c9f,0x3196,0x69f W2=0x2bac,0x1748,0x1884
  witness[05] tail=24 r61=17 gh60=0xc608cea W1=0x2711,0x3268,0x39f0 W2=0x261e,0x351f,0x9c7
  witness[06] tail=24 r61=19 gh60=0x4a8bba6 W1=0xd6b,0x3fe1,0x3c61 W2=0xc78,0x32a7,0x7f6
  witness[07] tail=24 r61=20 gh60=0xcb0856e W1=0x45f,0x1e98,0x153b W2=0x36c,0xc5a,0x1be9
  witness[08] tail=24 r61=20 gh60=0x4e7bce6 W1=0x101b,0x2e28,0x2144 W2=0xf28,0xbc0,0x36a1
  witness[09] tail=24 r61=20 gh60=0xca085ea W1=0x248d,0x2f96,0x1922 W2=0x239a,0x3ab0,0x27e6
  witness[10] tail=24 r61=21 gh60=0xb599daa W1=0xb1,0x5f5,0x1303 W2=0x3fbe,0x3dcc,0x3a3
  witness[11] tail=24 r61=21 gh60=0x458c5a6 W1=0x347c,0x807,0x1e6 W2=0x3389,0xcad,0x2343
  witness[12] tail=24 r61=25 gh60=0x5a0c4ee W1=0x1210,0x16ae,0x3ffd W2=0x111d,0x49,0x21a5
  witness[13] tail=25 r61=17 gh60=0x5a085ee W1=0x228f,0xae1,0x28f1 W2=0x219c,0x2b9f,0x3472
  witness[14] tail=25 r61=21 gh60=0xc98fba6 W1=0x11bc,0x301,0x33d6 W2=0x10c9,0x3138,0x3a9b
  witness[15] tail=25 r61=21 gh60=0xbe8bcae W1=0x30ef,0x6d7,0x20eb W2=0x2ffc,0xa3a,0x134d

Scan-only r61 registry
  registry_count=16 registry_cap=16
  r61_witness[00] r61=14 tail=30 gh60=0xd5885ae W1=0x2bf,0x379e,0x31e4 W2=0x1cc,0x1ac6,0x106
  r61_witness[01] r61=14 tail=31 gh60=0x4a29d9a W1=0x1e85,0x1817,0xdf7 W2=0x1d92,0xb4f,0x5db
  r61_witness[02] r61=14 tail=32 gh60=0x462bc9a W1=0xe05,0x39f0,0x1f73 W2=0xd12,0xcfc,0x3568
  r61_witness[03] r61=14 tail=35 gh60=0x4a0ccea W1=0x391e,0x1537,0xf6e W2=0x382b,0x262f,0x3af0
  r61_witness[04] r61=15 tail=22 gh60=0x4a085e6 W1=0x1a8b,0x3a17,0x29fe W2=0x1998,0x21d6,0x1edc
  r61_witness[05] r61=15 tail=29 gh60=0xd8a849e W1=0xb27,0x30df,0x2b8e W2=0xa34,0x308c,0x1ee3
  r61_witness[06] r61=15 tail=32 gh60=0x5a08bea W1=0x2591,0x3117,0x3080 W2=0x249e,0x2fe6,0x1bb6
  r61_witness[07] r61=15 tail=33 gh60=0xda3449e W1=0x2408,0x3397,0xab7 W2=0x2315,0x3201,0xd6f
  r61_witness[08] r61=15 tail=34 gh60=0x4508566 W1=0x44b,0x691,0x118c W2=0x358,0x2e2,0x8c1
  r61_witness[09] r61=16 tail=24 gh60=0xce085ee W1=0x2c9f,0x3196,0x69f W2=0x2bac,0x1748,0x1884
  r61_witness[10] r61=16 tail=27 gh60=0x5884b9a W1=0x39aa,0x21fb,0xaf6 W2=0x38b7,0x1c0a,0x308a
  r61_witness[11] r61=16 tail=30 gh60=0xca284fa W1=0xc15,0x286,0x1093 W2=0xb22,0x264a,0x6ce
  r61_witness[12] r61=16 tail=30 gh60=0x4a77cea W1=0xf0e,0x3463,0x3f W2=0xe1b,0x23ef,0x171
  r61_witness[13] r61=16 tail=32 gh60=0xba85ba6 W1=0x17c,0x2856,0x1434 W2=0x89,0x2b19,0x1c6d
  r61_witness[14] r61=16 tail=33 gh60=0x4608dea W1=0x691,0x353c,0x55f W2=0x59e,0x341b,0x2ec6
  r61_witness[15] r61=16 tail=35 gh60=0x5a18ffa W1=0x2795,0x3c9d,0x28c9 W2=0x26a2,0x2928,0xe4c

D60=0 fiber histogram: 1:8074 2:4814 3:1739 4:1099 5:393 6:238 7:90 8:78 9:35 10:18 11:9 12:8 13:3 15:1 16:2 17:2 18:1 20:1 23:1 26:1
