free_word_mitm_reducedn
N=14 mask=0x3fff msb=0x2000
candidate: M0=0x3d36 mode=random-fallback fill=0x3fff kernel=dM0=dM9=0x2000
prefixes=32768/268435456 mode=permuted-prefix-sample w59_per_prefix=16384 total=536870912
run_mode=scan registry_cap=16
sample_start=141459456
scan_elapsed=19.714s rate=27.23 Mtriples/s

D60 interface
  D60=0 matches: 33115 (random expectation 32768.0, enrichment 1.011x)
  prefixes with D60=0: 16616
  max D60=0 fiber per prefix: 19 at W57=0x126f W58=0x3c1e
  largest D60 bucket: D=0x1548 count=34019
  min D60 HW: 0
  D60 HW histogram: 0:33115 1:459442 2:2990240 3:11948998 4:32832259 5:65645396 6:98401104 7:112432884 8:98374117 9:65586880 10:32780969 11:11916455 12:2978312 13:457981 14:32760

Tail closure among D60=0 matches
  final tail collisions: 0
  best r61 HW: 15
  best r61 W1[57..59]=0x24a8,0xa62,0x3dfe
  best r61 W2[57..59]=0x23b5,0x103a,0x2512
  best tail HW: 23
  best tail r61 HW: 21
  best W1[57..59]=0xd6,0x12a5,0x2704
  best W2[57..59]=0x3fe3,0x3115,0x4f5

SUMMARY N=14 sample_start=141459456 prefixes=32768 total=536870912 d0=33115 best_tail=23 tail_r61=21 best_r61=15 tail_W1=0xd6,0x12a5,0x2704 tail_W2=0x3fe3,0x3115,0x4f5 r61_W1=0x24a8,0xa62,0x3dfe r61_W2=0x23b5,0x103a,0x2512

Scan-only witness registry
  registry_count=16 registry_cap=16
  witness[00] tail=23 r61=19 gh60=0x4a685a6 W1=0x3483,0x168d,0x2acb W2=0x3390,0x3b70,0x13fd
  witness[01] tail=23 r61=21 gh60=0xb5edd7a W1=0xd6,0x12a5,0x2704 W2=0x3fe3,0x3115,0x4f5
  witness[02] tail=24 r61=17 gh60=0xd505c9a W1=0x4a,0x5e1,0x38b6 W2=0x3f57,0x28aa,0x2973
  witness[03] tail=24 r61=20 gh60=0x4ab849a W1=0x1ce9,0x2e30,0x2eaa W2=0x1bf6,0x2505,0x18a6
  witness[04] tail=24 r61=20 gh60=0xf6344ee W1=0x2310,0x2dcd,0x1b17 W2=0x221d,0x1e74,0x410
  witness[05] tail=24 r61=22 gh60=0x4939b6a W1=0x151,0x18d5,0x2055 W2=0x5e,0xfd8,0x13b7
  witness[06] tail=24 r61=22 gh60=0xd67c59e W1=0x3a88,0x14c3,0x3ea9 W2=0x3995,0x294b,0x313e
  witness[07] tail=24 r61=23 gh60=0xcee859a W1=0x1cc5,0x935,0x38c4 W2=0x1bd2,0x79c,0x3a86
  witness[08] tail=24 r61=25 gh60=0x3a68bba W1=0x3579,0x2ac3,0x2fd6 W2=0x3486,0x3a8a,0x2ed4
  witness[09] tail=25 r61=21 gh60=0xdb7c56a W1=0x45e,0x1ece,0x1c84 W2=0x36b,0x1851,0xe53
  witness[10] tail=25 r61=21 gh60=0xfa084ee W1=0x341f,0x3201,0x213c W2=0x332c,0x3317,0x3b58
  witness[11] tail=25 r61=22 gh60=0x461dcee W1=0x1e10,0x22e2,0x1c25 W2=0x1d1d,0x33a,0x23f3
  witness[12] tail=25 r61=24 gh60=0x4f1856a W1=0xa5d,0x3633,0x108f W2=0x96a,0x3fd1,0x33a3
  witness[13] tail=25 r61=24 gh60=0xf62c4ea W1=0x2b12,0x22d9,0x3bc1 W2=0x2a1f,0x2e24,0xc9
  witness[14] tail=25 r61=24 gh60=0xc6dfc9e W1=0x2e48,0x3afe,0x9f9 W2=0x2d55,0x25af,0x2556
  witness[15] tail=25 r61=25 gh60=0xc9a7ba6 W1=0x1174,0x32e1,0x3abe W2=0x1081,0x26c8,0x3aa5

Scan-only r61 registry
  registry_count=16 registry_cap=16
  r61_witness[00] r61=15 tail=26 gh60=0x3db459e W1=0x24a8,0xa62,0x3dfe W2=0x23b5,0x103a,0x2512
  r61_witness[01] r61=15 tail=31 gh60=0x48a44aa W1=0x332,0x312a,0x146a W2=0x23f,0x376f,0x20a9
  r61_witness[02] r61=16 tail=30 gh60=0x4b38b6a W1=0x35cd,0x25b,0x3ce3 W2=0x34da,0x452,0x638
  r61_witness[03] r61=16 tail=31 gh60=0x5908b6e W1=0x9df,0x1e90,0x4b5 W2=0x8ec,0x109b,0x2ff0
  r61_witness[04] r61=16 tail=33 gh60=0x46a5caa W1=0xf2,0x2950,0x1832 W2=0x3fff,0x2998,0x529
  r61_witness[05] r61=16 tail=33 gh60=0xc507d66 W1=0xe5c,0xd25,0x1b10 W2=0xd69,0x13c2,0x1c79
  r61_witness[06] r61=17 tail=24 gh60=0xd505c9a W1=0x4a,0x5e1,0x38b6 W2=0x3f57,0x28aa,0x2973
  r61_witness[07] r61=17 tail=26 gh60=0x4b1ccaa W1=0x3642,0x2990,0x138e W2=0x354f,0x224,0x2f96
  r61_witness[08] r61=17 tail=27 gh60=0xf718d6a W1=0x1851,0xb0e,0x1841 W2=0x175e,0x1659,0x3b35
  r61_witness[09] r61=17 tail=27 gh60=0x4538566 W1=0x3c5b,0x3fcd,0x1a43 W2=0x3b68,0x610,0xc4c
  r61_witness[10] r61=17 tail=30 gh60=0x5909b66 W1=0x3dcb,0x2c54,0x3cb0 W2=0x3cd8,0x30ac,0x310c
  r61_witness[11] r61=17 tail=30 gh60=0x4d99de6 W1=0x3ea3,0xa36,0x3cbe W2=0x3db0,0x292,0x1da6
  r61_witness[12] r61=17 tail=31 gh60=0xbb18f6a W1=0x74d,0x22b2,0x21e8 W2=0x65a,0xed5,0x306c
  r61_witness[13] r61=17 tail=31 gh60=0xcaf44aa W1=0x19fe,0x2d89,0x299f W2=0x190b,0xba,0x3b8c
  r61_witness[14] r61=17 tail=31 gh60=0x4608cea W1=0x2721,0x3932,0x2c87 W2=0x262e,0x3add,0x2ac6
  r61_witness[15] r61=17 tail=32 gh60=0x4908f6a W1=0x7cd,0x25bf,0x7f1 W2=0x6da,0x19da,0x2937

D60=0 fiber histogram: 1:7983 2:4779 3:1869 4:1097 5:384 6:237 7:97 8:89 9:31 10:25 11:8 12:6 13:6 14:2 15:1 17:1 19:1
