free_word_mitm_reducedn
N=14 mask=0x3fff msb=0x2000
candidate: M0=0x3d36 mode=random-fallback fill=0x3fff kernel=dM0=dM9=0x2000
prefixes=32768/268435456 mode=permuted-prefix-sample w59_per_prefix=16384 total=536870912
run_mode=scan registry_cap=16
sample_start=54951936
scan_elapsed=32.686s rate=16.43 Mtriples/s

D60 interface
  D60=0 matches: 32585 (random expectation 32768.0, enrichment 0.994x)
  prefixes with D60=0: 16580
  max D60=0 fiber per prefix: 18 at W57=0x37fe W58=0x322a
  largest D60 bucket: D=0xa1b count=33876
  min D60 HW: 0
  D60 HW histogram: 0:32585 1:458531 2:2984714 3:11922227 4:32791387 5:65619506 6:98455744 7:112494169 8:98395274 9:65559715 10:32775317 11:11915313 12:2975167 13:458543 14:32720

Tail closure among D60=0 matches
  final tail collisions: 0
  best r61 HW: 13
  best r61 W1[57..59]=0x21ad,0x3d1,0x1c7d
  best r61 W2[57..59]=0x20ba,0x2d24,0x321a
  best tail HW: 22
  best tail r61 HW: 19
  best W1[57..59]=0x3f5a,0x1f85,0x3f02
  best W2[57..59]=0x3e67,0x9a1,0x9f3

SUMMARY N=14 sample_start=54951936 prefixes=32768 total=536870912 d0=32585 best_tail=22 tail_r61=19 best_r61=13 tail_W1=0x3f5a,0x1f85,0x3f02 tail_W2=0x3e67,0x9a1,0x9f3 r61_W1=0x21ad,0x3d1,0x1c7d r61_W2=0x20ba,0x2d24,0x321a

Scan-only witness registry
  registry_count=16 registry_cap=16
  witness[00] tail=22 r61=19 gh60=0x5b3df7a W1=0x3f5a,0x1f85,0x3f02 W2=0x3e67,0x9a1,0x9f3
  witness[01] tail=23 r61=24 gh60=0xf498daa W1=0x28b1,0x1a42,0x896 W2=0x27be,0x1499,0x3a72
  witness[02] tail=24 r61=19 gh60=0xc62cce6 W1=0x2714,0x8a6,0x2f4e W2=0x2621,0x3759,0xaf
  witness[03] tail=24 r61=22 gh60=0xb7fcda6 W1=0x18ac,0x636,0x4cb W2=0x17b9,0x77b,0x36ba
  witness[04] tail=25 r61=18 gh60=0xcb0bd6e W1=0x2e4f,0x2279,0xb10 W2=0x2d5c,0x3b28,0x33af
  witness[05] tail=25 r61=18 gh60=0x5978cae W1=0x372f,0x184d,0x1c48 W2=0x363c,0x3ac,0x25c0
  witness[06] tail=25 r61=19 gh60=0xcbe85fe W1=0x2497,0x1a84,0x24b8 W2=0x23a4,0x1dc4,0x17fd
  witness[07] tail=25 r61=19 gh60=0xd7e8bfa W1=0x2595,0x391f,0x3b87 W2=0x24a2,0x27aa,0x1aec
  witness[08] tail=25 r61=19 gh60=0xf8884ae W1=0x332f,0xba6,0x3df0 W2=0x323c,0x3ac6,0x389d
  witness[09] tail=25 r61=19 gh60=0x4b1c76e W1=0x33e0,0x2b44,0x1193 W2=0x32ed,0x3373,0x3bb
  witness[10] tail=25 r61=21 gh60=0x3a6849a W1=0xce5,0x16e3,0x2d93 W2=0xbf2,0x3d68,0x1420
  witness[11] tail=25 r61=21 gh60=0x478bcaa W1=0xf2d,0x214c,0x1f49 W2=0xe3a,0x1447,0x18a7
  witness[12] tail=25 r61=21 gh60=0xd9e84a6 W1=0x1333,0x10d9,0x104b W2=0x1240,0x2244,0x3102
  witness[13] tail=25 r61=22 gh60=0x471c566 W1=0x24cc,0x3a52,0xe3c W2=0x23d9,0x3084,0x269e
  witness[14] tail=25 r61=24 gh60=0xd7844a6 W1=0x152c,0x3c9c,0x9a8 W2=0x1439,0x3bfa,0x1cc0
  witness[15] tail=25 r61=28 gh60=0xfa1c4ea W1=0x1d0e,0xbff,0x14d W2=0x1c1b,0x218a,0x3c96

Scan-only r61 registry
  registry_count=16 registry_cap=16
  r61_witness[00] r61=13 tail=27 gh60=0xd889baa W1=0x21ad,0x3d1,0x1c7d W2=0x20ba,0x2d24,0x321a
  r61_witness[01] r61=14 tail=30 gh60=0x7d98caa W1=0x7fd,0x273c,0x29a8 W2=0x70a,0x28e7,0x2ccc
  r61_witness[02] r61=14 tail=36 gh60=0x4a35cee W1=0x10,0x342b,0x2e2d W2=0x3f1d,0xe83,0x2ea3
  r61_witness[03] r61=15 tail=30 gh60=0xde047e6 W1=0xb9c,0x18f4,0x2cb9 W2=0xaa9,0x4b4,0x1df8
  r61_witness[04] r61=15 tail=31 gh60=0x389c7aa W1=0x3be,0x8e3,0x1ebf W2=0x2cb,0xa1c,0xf09
  r61_witness[05] r61=15 tail=32 gh60=0xc66bbba W1=0x3175,0x2daa,0x22c9 W2=0x3082,0x369,0x14a6
  r61_witness[06] r61=15 tail=34 gh60=0x4a2dc9a W1=0x3f06,0xbd8,0x3583 W2=0x3e13,0x2d2d,0x175a
  r61_witness[07] r61=15 tail=35 gh60=0x4a047e6 W1=0xb8c,0xc00,0x2e4e W2=0xa99,0x36cc,0x2217
  r61_witness[08] r61=15 tail=38 gh60=0x4b08d6a W1=0x18d1,0x1910,0x1552 W2=0x17de,0x1c83,0x2a07
  r61_witness[09] r61=16 tail=27 gh60=0x4a085e6 W1=0xa9b,0x24fb,0x25de W2=0x9a8,0x36aa,0x9b8
  r61_witness[10] r61=16 tail=29 gh60=0xba0ddea W1=0x8e,0x13a4,0xa03 W2=0x3f9b,0xe04,0x33bc
  r61_witness[11] r61=16 tail=30 gh60=0xca1bda6 W1=0x1083,0x1ea7,0x3249 W2=0xf90,0x1c11,0x199a
  r61_witness[12] r61=16 tail=30 gh60=0xd528d7a W1=0x18d9,0x2375,0x6bf W2=0x17e6,0x768,0x387d
  r61_witness[13] r61=16 tail=30 gh60=0x4669dba W1=0x3e79,0x95f,0x25b6 W2=0x3d86,0x2c46,0x1e1a
  r61_witness[14] r61=16 tail=31 gh60=0xc70856a W1=0x345d,0x20c9,0x3056 W2=0x336a,0x394b,0x3c4d
  r61_witness[15] r61=16 tail=31 gh60=0xcb245aa W1=0x3ac2,0x3c63,0x2683 W2=0x39cf,0x1920,0x219d

D60=0 fiber histogram: 1:8024 2:4863 3:1735 4:1107 5:421 6:205 7:81 8:80 9:28 10:19 11:6 12:2 13:5 14:1 15:1 16:1 18:1
