free_word_mitm_reducedn
N=14 mask=0x3fff msb=0x2000
candidate: M0=0x3d36 mode=random-fallback fill=0x3fff kernel=dM0=dM9=0x2000
prefixes=32768/268435456 mode=permuted-prefix-sample w59_per_prefix=16384 total=536870912
run_mode=scan registry_cap=16
sample_start=222724096
scan_elapsed=33.863s rate=15.85 Mtriples/s

D60 interface
  D60=0 matches: 32783 (random expectation 32768.0, enrichment 1.000x)
  prefixes with D60=0: 16547
  max D60=0 fiber per prefix: 18 at W57=0x2ec2 W58=0x2e1a
  largest D60 bucket: D=0x1313 count=33787
  min D60 HW: 0
  D60 HW histogram: 0:32783 1:458813 2:2979655 3:11920858 4:32786898 5:65596523 6:98442431 7:112500532 8:98400467 9:65572996 10:32786319 11:11918206 12:2980762 13:460845 14:32824

Tail closure among D60=0 matches
  final tail collisions: 0
  best r61 HW: 14
  best r61 W1[57..59]=0x33fe,0x3559,0x392c
  best r61 W2[57..59]=0x330b,0xa8a,0x3e49
  best tail HW: 21
  best tail r61 HW: 19
  best W1[57..59]=0x265b,0x2a8e,0x2058
  best W2[57..59]=0x2568,0x24,0x3a99

SUMMARY N=14 sample_start=222724096 prefixes=32768 total=536870912 d0=32783 best_tail=21 tail_r61=19 best_r61=14 tail_W1=0x265b,0x2a8e,0x2058 tail_W2=0x2568,0x24,0x3a99 r61_W1=0x33fe,0x3559,0x392c r61_W2=0x330b,0xa8a,0x3e49

Scan-only witness registry
  registry_count=16 registry_cap=16
  witness[00] tail=21 r61=15 gh60=0x46084e6 W1=0x2c1b,0x342c,0x107f W2=0x2b28,0x2203,0x266
  witness[01] tail=21 r61=19 gh60=0xc508d66 W1=0x265b,0x2a8e,0x2058 W2=0x2568,0x24,0x3a99
  witness[02] tail=21 r61=25 gh60=0xdd18d6a W1=0x38cd,0x1fc8,0x36ff W2=0x37da,0x3b2f,0x2a34
  witness[03] tail=23 r61=20 gh60=0x5a85cba W1=0x3dfa,0x407,0x3322 W2=0x3d07,0x2afb,0x1dc6
  witness[04] tail=23 r61=22 gh60=0xd9d5bbe W1=0x178,0x2df9,0x35d3 W2=0x85,0x2091,0x1a4b
  witness[05] tail=24 r61=14 gh60=0x458c4aa W1=0x33fe,0x3559,0x392c W2=0x330b,0xa8a,0x3e49
  witness[06] tail=24 r61=19 gh60=0x461bdfa W1=0x2e95,0x14c6,0xe83 W2=0x2da2,0x31a9,0xbfe
  witness[07] tail=25 r61=15 gh60=0x39844a6 W1=0x22ec,0x1fb2,0x320 W2=0x21f9,0x3090,0x979
  witness[08] tail=25 r61=17 gh60=0x58984aa W1=0x3b2d,0x18a,0x3eac W2=0x3a3a,0x1b06,0x31a5
  witness[09] tail=25 r61=18 gh60=0x4d185a6 W1=0x24c3,0xa0e,0x35da W2=0x23d0,0x2161,0x9c
  witness[10] tail=25 r61=19 gh60=0xc957b7a W1=0xd56,0x3ef0,0x3335 W2=0xc63,0x2df0,0x3b2e
  witness[11] tail=25 r61=20 gh60=0xc988ba6 W1=0x197b,0x2fe9,0x3ef7 W2=0x1888,0x41d,0x3673
  witness[12] tail=25 r61=20 gh60=0x7a08bee W1=0x399f,0xf03,0xab2 W2=0x38ac,0x1582,0x16c5
  witness[13] tail=25 r61=22 gh60=0xced5d7e W1=0x1ed8,0x2da,0x3845 W2=0x1de5,0xf32,0x1df3
  witness[14] tail=25 r61=22 gh60=0x5ae879e W1=0x2b87,0x1d03,0x202a W2=0x2a94,0x179e,0x3254
  witness[15] tail=25 r61=22 gh60=0x4e0bcea W1=0x310d,0xde1,0x1b94 W2=0x301a,0x550,0x23bd

Scan-only r61 registry
  registry_count=16 registry_cap=16
  r61_witness[00] r61=14 tail=24 gh60=0x458c4aa W1=0x33fe,0x3559,0x392c W2=0x330b,0xa8a,0x3e49
  r61_witness[01] r61=14 tail=28 gh60=0x488449a W1=0x232a,0x3f9a,0x32b7 W2=0x2237,0x27e6,0x4c5
  r61_witness[02] r61=14 tail=29 gh60=0xc92879a W1=0x2bc9,0x3c3d,0x120b W2=0x2ad6,0x3e6c,0x29ae
  r61_witness[03] r61=15 tail=21 gh60=0x46084e6 W1=0x2c1b,0x342c,0x107f W2=0x2b28,0x2203,0x266
  r61_witness[04] r61=15 tail=25 gh60=0x39844a6 W1=0x22ec,0x1fb2,0x320 W2=0x21f9,0x3090,0x979
  r61_witness[05] r61=15 tail=27 gh60=0xb889baa W1=0x21bd,0x209b,0x68d W2=0x20ca,0xae2,0x1443
  r61_witness[06] r61=15 tail=31 gh60=0x4a04dfa W1=0x269a,0x3855,0x11ed W2=0x25a7,0x2aa9,0x3b82
  r61_witness[07] r61=15 tail=35 gh60=0x488c4ba W1=0xb3a,0x1c11,0x3884 W2=0xa47,0x4c4,0x1493
  r61_witness[08] r61=15 tail=35 gh60=0x488bbaa W1=0x31c1,0x6c8,0x6a4 W2=0x30ce,0x2ecb,0xb32
  r61_witness[09] r61=16 tail=28 gh60=0xda2fcea W1=0x3012,0x4a4,0x172b W2=0x2f1f,0x3c1c,0x280a
  r61_witness[10] r61=16 tail=30 gh60=0xcc885ae W1=0x2caf,0xb55,0x1d7b W2=0x2bbc,0x2f8d,0x2f9b
  r61_witness[11] r61=16 tail=31 gh60=0x458449a W1=0x1c2a,0x3051,0x672 W2=0x1b37,0x2657,0x3c06
  r61_witness[12] r61=16 tail=31 gh60=0xca38cee W1=0x381f,0xdb2,0x296c W2=0x372c,0xa89,0x2932
  r61_witness[13] r61=16 tail=32 gh60=0xc98cbba W1=0x25ba,0x13f9,0x1645 W2=0x24c7,0x435,0x3d0c
  r61_witness[14] r61=16 tail=33 gh60=0xca38dea W1=0x369d,0x2cb8,0x14a4 W2=0x35aa,0xf83,0x2f52
  r61_witness[15] r61=17 tail=25 gh60=0x58984aa W1=0x3b2d,0x18a,0x3eac W2=0x3a3a,0x1b06,0x31a5

D60=0 fiber histogram: 1:8044 2:4710 3:1815 4:1079 5:420 6:241 7:89 8:79 9:31 10:17 11:3 12:5 13:2 14:5 16:2 17:3 18:2
