free_word_mitm_reducedn
N=14 mask=0x3fff msb=0x2000
candidate: M0=0x3d36 mode=random-fallback fill=0x3fff kernel=dM0=dM9=0x2000
prefixes=32768/268435456 mode=permuted-prefix-sample w59_per_prefix=16384 total=536870912
run_mode=scan registry_cap=16
sample_start=67371008
scan_elapsed=15.133s rate=35.48 Mtriples/s

D60 interface
  D60=0 matches: 32868 (random expectation 32768.0, enrichment 1.003x)
  prefixes with D60=0: 16708
  max D60=0 fiber per prefix: 21 at W57=0x2e79 W58=0x1088
  largest D60 bucket: D=0xcf7 count=33749
  min D60 HW: 0
  D60 HW histogram: 0:32868 1:457471 2:2973811 3:11904350 4:32777136 5:65582459 6:98417672 7:112500681 8:98431008 9:65602878 10:32792564 11:11925262 12:2980863 13:458931 14:32958

Tail closure among D60=0 matches
  final tail collisions: 0
  best r61 HW: 14
  best r61 W1[57..59]=0x26b7,0x1ef8,0x1459
  best r61 W2[57..59]=0x25c4,0x26af,0x2dc6
  best tail HW: 22
  best tail r61 HW: 20
  best W1[57..59]=0x3d45,0x3b6f,0x89d
  best W2[57..59]=0x3c52,0x31be,0x3801

SUMMARY N=14 sample_start=67371008 prefixes=32768 total=536870912 d0=32868 best_tail=22 tail_r61=20 best_r61=14 tail_W1=0x3d45,0x3b6f,0x89d tail_W2=0x3c52,0x31be,0x3801 r61_W1=0x26b7,0x1ef8,0x1459 r61_W2=0x25c4,0x26af,0x2dc6

Scan-only witness registry
  registry_count=16 registry_cap=16
  witness[00] tail=22 r61=20 gh60=0x4b1849a W1=0x3d45,0x3b6f,0x89d W2=0x3c52,0x31be,0x3801
  witness[01] tail=23 r61=19 gh60=0x4e6cfba W1=0x776,0x35ad,0x1362 W2=0x683,0x3449,0x2dbf
  witness[02] tail=23 r61=21 gh60=0xca88cae W1=0x36ff,0xbde,0x1ae3 W2=0x360c,0x38ad,0x2582
  witness[03] tail=23 r61=22 gh60=0xd4d4d9a W1=0x38a6,0x39d,0x2f94 W2=0x37b3,0x2c98,0x3ed2
  witness[04] tail=24 r61=25 gh60=0xdf29d7a W1=0x1ed9,0x16bd,0x3e5 W2=0x1de6,0x3314,0x24c4
  witness[05] tail=24 r61=27 gh60=0x49fcd6a W1=0x16e2,0x3d89,0x23e5 W2=0x15ef,0x18f5,0xcaf
  witness[06] tail=25 r61=16 gh60=0x4d885aa W1=0x22ad,0x3019,0x1a7f W2=0x21ba,0x3c2d,0x2298
  witness[07] tail=25 r61=17 gh60=0x3a9c49a W1=0x2aea,0x2bc4,0x26e3 W2=0x29f7,0x140a,0x3daf
  witness[08] tail=25 r61=18 gh60=0x4ad9b7e W1=0x157,0x34b4,0x14fd W2=0x64,0x2cdb,0x147f
  witness[09] tail=25 r61=19 gh60=0xbd08d6a W1=0x185d,0x9d3,0x16af W2=0x176a,0x260e,0x37f6
  witness[10] tail=25 r61=19 gh60=0x5e9c7ba W1=0x1b7a,0x20ab,0x1dcd W2=0x1a87,0x21f6,0x38ee
  witness[11] tail=25 r61=19 gh60=0xde0bce6 W1=0x2f0b,0x808,0x2ab6 W2=0x2e18,0x1118,0x2870
  witness[12] tail=25 r61=20 gh60=0x48987a6 W1=0xbb3,0x289c,0xb5f W2=0xac0,0x1381,0x2813
  witness[13] tail=25 r61=21 gh60=0x466dca6 W1=0x1e04,0xa4e,0x107 W2=0x1d11,0x909,0x3ee
  witness[14] tail=25 r61=21 gh60=0x4c985a6 W1=0x34bb,0xc7,0x522 W2=0x33c8,0x4ec,0x383b
  witness[15] tail=25 r61=21 gh60=0xca7cc9a W1=0x35e6,0x8c,0x36c0 W2=0x34f3,0x37db,0x279d

Scan-only r61 registry
  registry_count=16 registry_cap=16
  r61_witness[00] r61=14 tail=33 gh60=0x4ca8dbe W1=0x26b7,0x1ef8,0x1459 W2=0x25c4,0x26af,0x2dc6
  r61_witness[01] r61=15 tail=30 gh60=0xc90bb6a W1=0x11d1,0x33e0,0x2018 W2=0x10de,0x1edf,0x1fa4
  r61_witness[02] r61=15 tail=30 gh60=0x4974cae W1=0x2740,0x1a49,0x30af W2=0x264d,0x599,0x2fcf
  r61_witness[03] r61=15 tail=32 gh60=0x4918b7a W1=0x1555,0x3ccc,0x15c0 W2=0x1462,0x3dc3,0x1330
  r61_witness[04] r61=15 tail=33 gh60=0x4e1cfe6 W1=0x379c,0x1b4b,0x8d6 W2=0x36a9,0x1006,0x2a2
  r61_witness[05] r61=16 tail=25 gh60=0x4d885aa W1=0x22ad,0x3019,0x1a7f W2=0x21ba,0x3c2d,0x2298
  r61_witness[06] r61=16 tail=27 gh60=0xc9bcbaa W1=0x5b2,0x29b8,0x3915 W2=0x4bf,0x1a04,0x1141
  r61_witness[07] r61=16 tail=29 gh60=0xc988bae W1=0x29bf,0x2fea,0x378b W2=0x28cc,0x23f1,0x37ee
  r61_witness[08] r61=16 tail=30 gh60=0x4c99caa W1=0x3e3d,0x3339,0x34f4 W2=0x3d4a,0x38e8,0x3bf5
  r61_witness[09] r61=16 tail=31 gh60=0x4a0cde6 W1=0x388c,0xc9b,0x29f1 W2=0x3799,0xc5a,0xcdf
  r61_witness[10] r61=16 tail=36 gh60=0x470c57a W1=0x3c5a,0x3f26,0x24a3 W2=0x3b67,0x3a2f,0x2955
  r61_witness[11] r61=16 tail=38 gh60=0x4707d66 W1=0xecc,0x3461,0x2e9b W2=0xdd9,0x3b2e,0x3bf6
  r61_witness[12] r61=16 tail=38 gh60=0xc69fca6 W1=0x2dfc,0x22d9,0x1498 W2=0x2d09,0x2fec,0x473
  r61_witness[13] r61=17 tail=25 gh60=0x3a9c49a W1=0x2aea,0x2bc4,0x26e3 W2=0x29f7,0x140a,0x3daf
  r61_witness[14] r61=17 tail=27 gh60=0xc608ce6 W1=0x191b,0x28dd,0x2424 W2=0x1828,0x355f,0x4a
  r61_witness[15] r61=17 tail=29 gh60=0x49884ae W1=0xb2f,0x263d,0x290c W2=0xa3c,0x6dd,0xbca

D60=0 fiber histogram: 1:8113 2:4865 3:1818 4:1029 5:427 6:223 7:86 8:69 9:34 10:21 11:6 12:3 13:4 14:4 15:1 16:3 18:1 21:1
