free_word_mitm_reducedn
N=14 mask=0x3fff msb=0x2000
candidate: M0=0x3d36 mode=random-fallback fill=0x3fff kernel=dM0=dM9=0x2000
prefixes=32768/268435456 mode=permuted-prefix-sample w59_per_prefix=16384 total=536870912
run_mode=scan registry_cap=16
sample_start=209977344
scan_elapsed=15.355s rate=34.96 Mtriples/s

D60 interface
  D60=0 matches: 32781 (random expectation 32768.0, enrichment 1.000x)
  prefixes with D60=0: 16578
  max D60=0 fiber per prefix: 19 at W57=0x3034 W58=0x2a4e
  largest D60 bucket: D=0x564 count=33752
  min D60 HW: 0
  D60 HW histogram: 0:32781 1:458535 2:2978281 3:11922685 4:32796502 5:65650231 6:98462709 7:112523403 8:98387275 9:65565439 10:32746464 11:11889978 12:2968391 13:455994 14:32244

Tail closure among D60=0 matches
  final tail collisions: 0
  best r61 HW: 13
  best r61 W1[57..59]=0x2d30,0x246f,0x145f
  best r61 W2[57..59]=0x2c3d,0x1090,0x2faf
  best tail HW: 23
  best tail r61 HW: 20
  best W1[57..59]=0x3f9a,0x132f,0x389c
  best W2[57..59]=0x3ea7,0x1b3,0x23df

SUMMARY N=14 sample_start=209977344 prefixes=32768 total=536870912 d0=32781 best_tail=23 tail_r61=20 best_r61=13 tail_W1=0x3f9a,0x132f,0x389c tail_W2=0x3ea7,0x1b3,0x23df r61_W1=0x2d30,0x246f,0x145f r61_W2=0x2c3d,0x1090,0x2faf

Scan-only witness registry
  registry_count=16 registry_cap=16
  witness[00] tail=23 r61=19 gh60=0x58a84ba W1=0x339,0x4e8,0x1661 W2=0x246,0x2c26,0x30f
  witness[01] tail=23 r61=20 gh60=0x463dffa W1=0x3f9a,0x132f,0x389c W2=0x3ea7,0x1b3,0x23df
  witness[02] tail=24 r61=15 gh60=0xcc94caa W1=0x162e,0x128d,0x3284 W2=0x153b,0x29cd,0x3098
  witness[03] tail=24 r61=20 gh60=0x48887a6 W1=0x13bb,0xa8e,0x11f6 W2=0x12c8,0x553,0x3ffe
  witness[04] tail=24 r61=22 gh60=0x4beccaa W1=0x932,0x3d52,0x20b0 W2=0x83f,0x3f96,0x272c
  witness[05] tail=25 r61=17 gh60=0xca08de6 W1=0x368b,0x1c88,0x87a W2=0x3598,0x6c6,0x3b71
  witness[06] tail=25 r61=19 gh60=0xc897caa W1=0x112e,0x7a2,0x3e97 W2=0x103b,0x34a2,0xe81
  witness[07] tail=25 r61=20 gh60=0xca844a6 W1=0x13ec,0x2b0a,0x1adf W2=0x12f9,0x3ae8,0xb51
  witness[08] tail=25 r61=22 gh60=0xda0449a W1=0x3b0a,0x3a72,0x2c6c W2=0x3a17,0x32fe,0x3681
  witness[09] tail=25 r61=23 gh60=0x4ff44aa W1=0x22e,0x2acc,0x3668 W2=0x13b,0x2d0d,0x1efd
  witness[10] tail=25 r61=24 gh60=0xcc884aa W1=0x1a3d,0x3673,0xc7b W2=0x194a,0x91f,0x2477
  witness[11] tail=25 r61=24 gh60=0x5f5449a W1=0x1a46,0x32a2,0x2430 W2=0x1953,0x26ae,0x3b2b
  witness[12] tail=25 r61=27 gh60=0x57f84fe W1=0x2b17,0x1303,0x867 W2=0x2a24,0x121b,0x2bea
  witness[13] tail=26 r61=19 gh60=0xc734d7a W1=0x26d6,0x1cd7,0x13ae W2=0x25e3,0x36ab,0x3326
  witness[14] tail=26 r61=21 gh60=0xbe95daa W1=0x7e,0x36de,0x28df W2=0x3f8b,0x2f26,0x2054
  witness[15] tail=26 r61=21 gh60=0x5ee456a W1=0x2ae2,0x2f4a,0x1e6d W2=0x29ef,0x3bf1,0x234e

Scan-only r61 registry
  registry_count=16 registry_cap=16
  r61_witness[00] r61=13 tail=28 gh60=0xc8944ae W1=0x2d30,0x246f,0x145f W2=0x2c3d,0x1090,0x2faf
  r61_witness[01] r61=13 tail=32 gh60=0x490bb6a W1=0xdcd,0x31e7,0x546 W2=0xcda,0xfe2,0xbd5
  r61_witness[02] r61=13 tail=41 gh60=0x4a09cea W1=0x2021,0x28f7,0x2413 W2=0x1f2e,0x2b6e,0x2122
  r61_witness[03] r61=14 tail=30 gh60=0x5a28f9e W1=0x787,0x3a80,0x25a3 W2=0x694,0x3292,0x3781
  r61_witness[04] r61=15 tail=24 gh60=0xcc94caa W1=0x162e,0x128d,0x3284 W2=0x153b,0x29cd,0x3098
  r61_witness[05] r61=15 tail=28 gh60=0xba28ffa W1=0x3799,0xc02,0x158f W2=0x36a6,0x1c91,0x396f
  r61_witness[06] r61=15 tail=34 gh60=0xca14cea W1=0x360e,0x32c4,0x195a W2=0x351b,0x880,0x27f9
  r61_witness[07] r61=15 tail=36 gh60=0x3a884aa W1=0x24f1,0x145,0x2217 W2=0x23fe,0x885,0x10d7
  r61_witness[08] r61=16 tail=28 gh60=0xca08ce6 W1=0x181b,0x3499,0x148d W2=0x1728,0x312b,0x3fdf
  r61_witness[09] r61=16 tail=29 gh60=0xd904b66 W1=0x19dc,0x235a,0x3a0d W2=0x18e9,0x3d2d,0x1794
  r61_witness[10] r61=16 tail=29 gh60=0x4909b6a W1=0x21e1,0x2dc4,0x3c24 W2=0x20ee,0x25b7,0xf4
  r61_witness[11] r61=16 tail=29 gh60=0x4a144ea W1=0x3d0e,0x3e22,0x318e W2=0x3c1b,0x11ad,0x3507
  r61_witness[12] r61=16 tail=31 gh60=0x4904b66 W1=0x154c,0xe88,0x6f0 W2=0x1459,0x245f,0xea3
  r61_witness[13] r61=16 tail=31 gh60=0xc918b6a W1=0x15e1,0x1390,0x1d40 W2=0x14ee,0x1dc7,0x3fbf
  r61_witness[14] r61=16 tail=31 gh60=0x4994fae W1=0x17b0,0x3387,0x2d34 W2=0x16bd,0x38cf,0x3398
  r61_witness[15] r61=16 tail=31 gh60=0xcaebcfe W1=0x3017,0x1dee,0x12c W2=0x2f24,0x14d5,0x3acb

D60=0 fiber histogram: 1:8051 2:4775 3:1751 4:1122 5:406 6:239 7:86 8:79 9:25 10:18 11:9 12:8 13:1 14:2 15:1 16:3 18:1 19:1
