free_word_mitm_reducedn
N=14 mask=0x3fff msb=0x2000
candidate: M0=0x3d36 mode=random-fallback fill=0x3fff kernel=dM0=dM9=0x2000
prefixes=32768/268435456 mode=permuted-prefix-sample w59_per_prefix=16384 total=536870912
run_mode=scan registry_cap=128
sample_start=76185600
scan_elapsed=17.935s rate=29.93 Mtriples/s
refine_elapsed=16.973s repair_refine_elapsed=0.000s total_elapsed=34.908s

D60 interface
  D60=0 matches: 32893 (random expectation 32768.0, enrichment 1.004x)
  prefixes with D60=0: 16550
  max D60=0 fiber per prefix: 17 at W57=0x3be1 W58=0x18d6
  largest D60 bucket: D=0x609 count=33977
  min D60 HW: 0
  D60 HW histogram: 0:32893 1:459557 2:2985310 3:11928295 4:32802405 5:65645086 6:98424895 7:112467085 8:98421926 9:65569640 10:32763237 11:11907227 12:2973497 13:457355 14:32504

Tail closure among D60=0 matches
  final tail collisions: 0
  best r61 HW: 13
  best r61 W1[57..59]=0x1883,0x1684,0x6a
  best r61 W2[57..59]=0x1790,0x39e8,0x3bd
  best tail HW: 20
  best tail r61 HW: 16
  best W1[57..59]=0x2187,0x2d68,0x3c64
  best W2[57..59]=0x2094,0x2544,0x1141

SUMMARY N=14 sample_start=76185600 prefixes=32768 total=536870912 d0=32893 best_tail=20 tail_r61=16 best_r61=13 tail_W1=0x2187,0x2d68,0x3c64 tail_W2=0x2094,0x2544,0x1141 r61_W1=0x1883,0x1684,0x6a r61_W2=0x1790,0x39e8,0x3bd

Scan-only witness registry
  registry_count=128 registry_cap=128
  witness[00] tail=20 r61=16 gh60=0x5a29b9e W1=0x2187,0x2d68,0x3c64 W2=0x2094,0x2544,0x1141
  witness[01] tail=21 r61=21 gh60=0x4a58c9e W1=0x2707,0x338a,0x1d70 W2=0x2614,0x2f34,0x8bd
  witness[02] tail=23 r61=13 gh60=0x7a28da6 W1=0x1883,0x1684,0x6a W2=0x1790,0x39e8,0x3bd
  witness[03] tail=23 r61=18 gh60=0x4e3bffa W1=0x2f95,0x3081,0x596 W2=0x2ea2,0xb14,0x3e49
  witness[04] tail=23 r61=20 gh60=0x77f849a W1=0x22e9,0x291a,0x3f61 W2=0x21f6,0x11ed,0xf93
  witness[05] tail=24 r61=18 gh60=0xc924b66 W1=0x35d4,0x103b,0x2372 W2=0x34e1,0x2622,0x1c16
  witness[06] tail=24 r61=21 gh60=0xfe084ea W1=0x2311,0x2d4c,0x80b W2=0x221e,0x3202,0x22c4
  witness[07] tail=24 r61=22 gh60=0xda9bfaa W1=0xf6d,0x4bb,0x3761 W2=0xe7a,0x2642,0x355e
  witness[08] tail=25 r61=16 gh60=0xfd1856e W1=0x2adf,0x17f9,0x3e5e W2=0x29ec,0x3bb,0x244d
  witness[09] tail=25 r61=16 gh60=0x460bfea W1=0x2f91,0x2d4e,0x2c1 W2=0x2e9e,0x18e1,0x1173
  witness[10] tail=25 r61=16 gh60=0xc8884a6 W1=0x3b2b,0x35,0x1b1c W2=0x3a38,0x3190,0x171a
  witness[11] tail=25 r61=17 gh60=0x3a285fa W1=0x499,0x249b,0x3d07 W2=0x3a6,0x1bb,0x3deb
  witness[12] tail=25 r61=19 gh60=0xce1dcee W1=0x2110,0x268a,0xaba W2=0x201d,0x10f2,0x2c1c
  witness[13] tail=25 r61=19 gh60=0xcb887ae W1=0x3b7f,0x13f3,0x352 W2=0x3a8c,0x1eab,0x18be
  witness[14] tail=25 r61=20 gh60=0xcf08d6a W1=0x6cd,0x1cc0,0x3276 W2=0x5da,0x330b,0x176d
  witness[15] tail=25 r61=20 gh60=0x4684ca6 W1=0x25fc,0x1d59,0x903 W2=0x2509,0x3d66,0x2493

Scan-only r61 registry
  registry_count=128 registry_cap=128
  r61_witness[00] r61=13 tail=23 gh60=0x7a28da6 W1=0x1883,0x1684,0x6a W2=0x1790,0x39e8,0x3bd
  r61_witness[01] r61=13 tail=28 gh60=0x5d1cd6a W1=0x65e,0x1871,0x252d W2=0x56b,0x11d5,0x295b
  r61_witness[02] r61=13 tail=30 gh60=0x46285fe W1=0x3c97,0x3166,0x314f W2=0x3ba4,0x926,0x1ac0
  r61_witness[03] r61=14 tail=29 gh60=0x4b9bfa6 W1=0xf73,0x35e9,0x1e22 W2=0xe80,0x73f,0x188c
  r61_witness[04] r61=14 tail=31 gh60=0x7909b6e W1=0x1df,0x25d,0x1115 W2=0xec,0x3268,0xabd
  r61_witness[05] r61=14 tail=38 gh60=0x4a08cee W1=0x180f,0x1d2e,0x22e3 W2=0x171c,0x1919,0x1520
  r61_witness[06] r61=15 tail=27 gh60=0x5a6bf9a W1=0xf65,0x4b3,0x3142 W2=0xe72,0x2547,0x34ab
  r61_witness[07] r61=15 tail=27 gh60=0x4b0dc9a W1=0x204a,0x3930,0x1dd2 W2=0x1f57,0x1df1,0x384
  r61_witness[08] r61=15 tail=28 gh60=0x470dd66 W1=0x1edc,0x2c52,0x2495 W2=0x1de9,0x813,0x2dbd
  r61_witness[09] r61=15 tail=29 gh60=0x4a084ea W1=0x3c1d,0x152a,0xd95 W2=0x3b2a,0x2bdc,0x285a
  r61_witness[10] r61=15 tail=30 gh60=0xc98dca6 W1=0xfc,0x1079,0x29dd W2=0x9,0x3904,0xc70
  r61_witness[11] r61=15 tail=33 gh60=0xcb38c9a W1=0x1845,0x3a87,0x1e6b W2=0x1752,0x2b8d,0x3be4
  r61_witness[12] r61=15 tail=35 gh60=0xca08cee W1=0x391f,0x361c,0xd4b W2=0x382c,0x22e3,0x1dec
  r61_witness[13] r61=15 tail=36 gh60=0x495c49a W1=0x1d46,0x3351,0x1c07 W2=0x1c53,0x299d,0x38e7
  r61_witness[14] r61=16 tail=20 gh60=0x5a29b9e W1=0x2187,0x2d68,0x3c64 W2=0x2094,0x2544,0x1141
  r61_witness[15] r61=16 tail=25 gh60=0xfd1856e W1=0x2adf,0x17f9,0x3e5e W2=0x29ec,0x3bb,0x244d

Second-stage local refinement
  seed pool: count=128 cap=128
  top seeds: [tail20/r6116 W=0x2187,0x2d68,0x3c64] [tail21/r6121 W=0x2707,0x338a,0x1d70] [tail23/r6113 W=0x1883,0x1684,0x6a] [tail23/r6118 W=0x2f95,0x3081,0x596] [tail23/r6120 W=0x22e9,0x291a,0x3f61] [tail24/r6118 W=0x35d4,0x103b,0x2372] [tail24/r6121 W=0x2311,0x2d4c,0x80b] [tail24/r6122 W=0xf6d,0x4bb,0x3761]
  budget=500000000 tested=500000000 D60=0=31483 collisions=0 seed_inserts=61 prefix_enums=30514
  D60=0 rate: 0.000063
  phase tested/D60=0: single=3108/19 double=63714/12 walk=0/0 prefix=499933178/31452
  min refined D60 HW: 0 d60=0x0 at W1[57..59]=0x2187,0x2d68,0x2c64
  best refined tail HW: 20 (scan best 20, improvements=0)
  best refined tail W1[57..59]=0x2187,0x2d68,0x3c64
  best refined tail W2[57..59]=0x2094,0x2544,0x1141
  best refined r61 HW: 13 (scan best 13, improvements=0)
  best refined r61 W1[57..59]=0x1883,0x1684,0x6a
  best refined r61 W2[57..59]=0x1790,0x39e8,0x3bd

D60=0 fiber histogram: 1:7984 2:4777 3:1810 4:1088 5:400 6:223 7:105 8:84 9:39 10:12 11:11 12:6 13:2 14:2 15:3 16:3 17:1
