free_word_mitm_reducedn
N=14 mask=0x3fff msb=0x2000
candidate: M0=0x3d36 mode=random-fallback fill=0x3fff kernel=dM0=dM9=0x2000
prefixes=32768/268435456 mode=permuted-prefix-sample w59_per_prefix=16384 total=536870912
run_mode=scan registry_cap=16
sample_start=77004800
scan_elapsed=18.684s rate=28.73 Mtriples/s

D60 interface
  D60=0 matches: 32801 (random expectation 32768.0, enrichment 1.001x)
  prefixes with D60=0: 16708
  max D60=0 fiber per prefix: 21 at W57=0xd84 W58=0x304e
  largest D60 bucket: D=0x3421 count=33777
  min D60 HW: 0
  D60 HW histogram: 0:32801 1:457724 2:2980833 3:11930494 4:32817000 5:65660086 6:98466214 7:112468606 8:98374378 9:65554865 10:32760061 11:11905584 12:2972619 13:456901 14:32746

Tail closure among D60=0 matches
  final tail collisions: 0
  best r61 HW: 14
  best r61 W1[57..59]=0x1e5,0x2933,0x3260
  best r61 W2[57..59]=0xf2,0xdfa,0x3d17
  best tail HW: 22
  best tail r61 HW: 17
  best W1[57..59]=0x37d6,0x3447,0x2190
  best W2[57..59]=0x36e3,0x863,0x3a20

SUMMARY N=14 sample_start=77004800 prefixes=32768 total=536870912 d0=32801 best_tail=22 tail_r61=17 best_r61=14 tail_W1=0x37d6,0x3447,0x2190 tail_W2=0x36e3,0x863,0x3a20 r61_W1=0x1e5,0x2933,0x3260 r61_W2=0xf2,0xdfa,0x3d17

Scan-only witness registry
  registry_count=16 registry_cap=16
  witness[00] tail=22 r61=17 gh60=0xdb34f7a W1=0x37d6,0x3447,0x2190 W2=0x36e3,0x863,0x3a20
  witness[01] tail=23 r61=20 gh60=0x4a9c5a6 W1=0x326c,0x1dff,0x933 W2=0x3179,0x1b5,0x2010
  witness[02] tail=23 r61=21 gh60=0x7a2fffa W1=0xf96,0x2149,0x1a4e W2=0xea3,0x11d9,0x2c74
  witness[03] tail=24 r61=20 gh60=0xde04ce6 W1=0x170c,0x5a6,0x3f89 W2=0x1619,0x1fcd,0x22ce
  witness[04] tail=24 r61=25 gh60=0xff985aa W1=0xc7d,0x1199,0x186c W2=0xb8a,0x212d,0x1b69
  witness[05] tail=25 r61=18 gh60=0xc885ca6 W1=0x1f2c,0x38dc,0x395 W2=0x1e39,0x677,0x147
  witness[06] tail=25 r61=20 gh60=0x4ca849e W1=0xc27,0x1e43,0x2736 W2=0xb34,0x2c70,0xdb7
  witness[07] tail=25 r61=20 gh60=0x7719b6a W1=0x3ddd,0x1611,0x3385 W2=0x3cea,0x8f8,0x2623
  witness[08] tail=25 r61=21 gh60=0xc61c4a6 W1=0x1404,0x3c8a,0x37cd W2=0x1311,0x2b86,0x199d
  witness[09] tail=25 r61=22 gh60=0xb5d4dba W1=0x38b6,0x14b8,0x2bd9 W2=0x37c3,0x3ea4,0x35ca
  witness[10] tail=25 r61=22 gh60=0xd7744ba W1=0x3d36,0x1c96,0xc W2=0x3c43,0x1399,0x1aea
  witness[11] tail=25 r61=25 gh60=0x37b879a W1=0x3b69,0x1c48,0x2990 W2=0x3a76,0x2ea5,0x459
  witness[12] tail=25 r61=28 gh60=0xfadc49e W1=0x3be8,0x29a0,0x3175 W2=0x3af5,0x384e,0x26b9
  witness[13] tail=26 r61=17 gh60=0xb709d6e W1=0x4f,0x3032,0xc54 W2=0x3f5c,0x1605,0x3dd5
  witness[14] tail=26 r61=18 gh60=0xc889baa W1=0x21c1,0x242,0xa1f W2=0x20ce,0x3c4d,0x31ad
  witness[15] tail=26 r61=20 gh60=0xc65bc9a W1=0x10e9,0x55b,0x1c87 W2=0xff6,0x122b,0x2851

Scan-only r61 registry
  registry_count=16 registry_cap=16
  r61_witness[00] r61=14 tail=31 gh60=0x4b9849a W1=0x1e5,0x2933,0x3260 W2=0xf2,0xdfa,0x3d17
  r61_witness[01] r61=15 tail=34 gh60=0x56084ea W1=0x211,0x14a8,0x358 W2=0x11e,0x172e,0x2456
  r61_witness[02] r61=15 tail=36 gh60=0x3a887a6 W1=0x237b,0x203e,0xdec W2=0x2288,0xc73,0x1b3d
  r61_witness[03] r61=15 tail=38 gh60=0x450856a W1=0x1ce1,0x1915,0x3683 W2=0x1bee,0x213b,0x322b
  r61_witness[04] r61=16 tail=28 gh60=0x56184ea W1=0x521,0x2c14,0x2503 W2=0x42e,0x323e,0x1beb
  r61_witness[05] r61=16 tail=28 gh60=0xc4885ae W1=0x34af,0x3361,0x112 W2=0x33bc,0x2919,0x1fd
  r61_witness[06] r61=16 tail=28 gh60=0xfa24ca6 W1=0x3804,0x350,0x3828 W2=0x3711,0x2e8d,0x57
  r61_witness[07] r61=16 tail=30 gh60=0x4a9cdaa W1=0x672,0x2c92,0x3e8d W2=0x57f,0x3d6e,0x4fc
  r61_witness[08] r61=16 tail=30 gh60=0xc908f6a W1=0x37d1,0x3f40,0x19bc W2=0x36de,0xe5b,0x7c1
  r61_witness[09] r61=16 tail=31 gh60=0x4a244ea W1=0x412,0x6e5,0x2591 W2=0x31f,0xfe0,0x2cb1
  r61_witness[10] r61=16 tail=31 gh60=0x4a0bce6 W1=0xf1b,0x1343,0xa36 W2=0xe28,0x224b,0x14c1
  r61_witness[11] r61=16 tail=31 gh60=0xc90876a W1=0x23d1,0x177f,0x2176 W2=0x22de,0x15e5,0x2953
  r61_witness[12] r61=16 tail=32 gh60=0xda58fbe W1=0x3777,0x4c2,0x87 W2=0x3684,0xb89,0x1f20
  r61_witness[13] r61=16 tail=34 gh60=0xca884ae W1=0x14ef,0x38d3,0x1091 W2=0x13fc,0x28f3,0x2a0a
  r61_witness[14] r61=16 tail=35 gh60=0x4608bee W1=0x199f,0x2f63,0x3a0f W2=0x18ac,0x35e2,0x67b
  r61_witness[15] r61=16 tail=35 gh60=0x4a07dfa W1=0x309a,0x28aa,0x1890 W2=0x2fa7,0x3f86,0x2051

D60=0 fiber histogram: 1:8068 2:4921 3:1790 4:1086 5:401 6:209 7:101 8:69 9:26 10:16 11:7 12:9 13:1 15:2 16:1 21:1
