free_word_mitm_reducedn
N=14 mask=0x3fff msb=0x2000
candidate: M0=0x3d36 mode=random-fallback fill=0x3fff kernel=dM0=dM9=0x2000
prefixes=32768/268435456 mode=permuted-prefix-sample w59_per_prefix=16384 total=536870912
run_mode=scan registry_cap=16
sample_start=253165568
scan_elapsed=18.989s rate=28.27 Mtriples/s

D60 interface
  D60=0 matches: 32500 (random expectation 32768.0, enrichment 0.992x)
  prefixes with D60=0: 16538
  max D60=0 fiber per prefix: 27 at W57=0xec3 W58=0x2e59
  largest D60 bucket: D=0x237c count=33802
  min D60 HW: 0
  D60 HW histogram: 0:32500 1:454432 2:2967202 3:11889174 4:32749874 5:65549262 6:98384891 7:112519531 8:98459684 9:65635177 10:32830190 11:11931540 12:2978450 13:456279 14:32726

Tail closure among D60=0 matches
  final tail collisions: 0
  best r61 HW: 16
  best r61 W1[57..59]=0xabf,0x264b,0x3abd
  best r61 W2[57..59]=0x9cc,0xbf3,0x1cc7
  best tail HW: 19
  best tail r61 HW: 17
  best W1[57..59]=0x1dcd,0x353d,0x3085
  best W2[57..59]=0x1cda,0x213c,0x30e0

SUMMARY N=14 sample_start=253165568 prefixes=32768 total=536870912 d0=32500 best_tail=19 tail_r61=17 best_r61=16 tail_W1=0x1dcd,0x353d,0x3085 tail_W2=0x1cda,0x213c,0x30e0 r61_W1=0xabf,0x264b,0x3abd r61_W2=0x9cc,0xbf3,0x1cc7

Scan-only witness registry
  registry_count=16 registry_cap=16
  witness[00] tail=19 r61=17 gh60=0x5b09b6a W1=0x1dcd,0x353d,0x3085 W2=0x1cda,0x213c,0x30e0
  witness[01] tail=21 r61=24 gh60=0x4b9cca6 W1=0x362c,0x192a,0x1831 W2=0x3539,0x8c7,0xf78
  witness[02] tail=23 r61=18 gh60=0xcab879a W1=0xb65,0x2dfc,0x3595 W2=0xa72,0x2051,0x388f
  witness[03] tail=23 r61=26 gh60=0xdbb44aa W1=0x3b3e,0x149d,0x3fe1 W2=0x3a4b,0x2d0e,0x2f64
  witness[04] tail=24 r61=17 gh60=0x36044e6 W1=0x1b0c,0x62,0x2d04 W2=0x1a19,0x204a,0x14c
  witness[05] tail=24 r61=17 gh60=0x5aa45a6 W1=0x3a74,0x2bdc,0x2409 W2=0x3981,0x31a2,0x192a
  witness[06] tail=24 r61=18 gh60=0x471cb6a W1=0x9de,0x1025,0x2df7 W2=0x8eb,0xe51,0x531
  witness[07] tail=24 r61=18 gh60=0x5488caa W1=0x383d,0x1c46,0x3e1 W2=0x374a,0x2e71,0x302c
  witness[08] tail=24 r61=20 gh60=0x4abbdaa W1=0x2e7d,0x601,0x29d5 W2=0x2d8a,0x3f54,0x1d97
  witness[09] tail=24 r61=22 gh60=0x7b9c76a W1=0x23e2,0xc28,0x1fd1 W2=0x22ef,0x369f,0x2c65
  witness[10] tail=24 r61=24 gh60=0x58b8bae W1=0x5bf,0x1b60,0x2393 W2=0x4cc,0x1367,0x245d
  witness[11] tail=24 r61=25 gh60=0x4b2c77a W1=0x2bd6,0xffe,0x267d W2=0x2ae3,0xce3,0x34b8
  witness[12] tail=24 r61=26 gh60=0x5ae84fa W1=0x1d15,0x3d04,0x717 W2=0x1c22,0x3678,0x270d
  witness[13] tail=25 r61=17 gh60=0x4488daa W1=0x36b1,0x113e,0x36d3 W2=0x35be,0x2095,0x21d8
  witness[14] tail=25 r61=20 gh60=0x4a09bea W1=0x21a1,0x166f,0x971 W2=0x20ae,0x12ee,0x1f88
  witness[15] tail=25 r61=21 gh60=0xdb0cb7a W1=0x155a,0x27fa,0x47b W2=0x1467,0x2d2a,0x451

Scan-only r61 registry
  registry_count=16 registry_cap=16
  r61_witness[00] r61=16 tail=26 gh60=0xca14fea W1=0x178e,0x1a5c,0x1967 W2=0x169b,0x25f0,0x3b8e
  r61_witness[01] r61=16 tail=27 gh60=0x4a6cbe6 W1=0x3994,0x780,0x20d5 W2=0x38a1,0x19df,0x105e
  r61_witness[02] r61=16 tail=29 gh60=0x55885ae W1=0xabf,0x264b,0x3abd W2=0x9cc,0xbf3,0x1cc7
  r61_witness[03] r61=16 tail=29 gh60=0xca185fa W1=0x1495,0x2c6a,0x47f W2=0x13a2,0x2b86,0x2636
  r61_witness[04] r61=16 tail=32 gh60=0x492cb7e W1=0x19d8,0xc44,0x1fec W2=0x18e5,0x1668,0x2e3d
  r61_witness[05] r61=16 tail=33 gh60=0xcca4dea W1=0x36a2,0x2e3e,0x3e8f W2=0x35af,0xcb2,0x193a
  r61_witness[06] r61=16 tail=37 gh60=0x46284a6 W1=0xc03,0x275d,0x3bc0 W2=0xb10,0x375a,0x2c95
  r61_witness[07] r61=17 tail=19 gh60=0x5b09b6a W1=0x1dcd,0x353d,0x3085 W2=0x1cda,0x213c,0x30e0
  r61_witness[08] r61=17 tail=24 gh60=0x36044e6 W1=0x1b0c,0x62,0x2d04 W2=0x1a19,0x204a,0x14c
  r61_witness[09] r61=17 tail=24 gh60=0x5aa45a6 W1=0x3a74,0x2bdc,0x2409 W2=0x3981,0x31a2,0x192a
  r61_witness[10] r61=17 tail=25 gh60=0x4488daa W1=0x36b1,0x113e,0x36d3 W2=0x35be,0x2095,0x21d8
  r61_witness[11] r61=17 tail=26 gh60=0x488c4ae W1=0xd40,0x17aa,0x1f98 W2=0xc4d,0x6bb,0x2b39
  r61_witness[12] r61=17 tail=28 gh60=0x4b844a6 W1=0xa2c,0x3d01,0x2f28 W2=0x939,0x195d,0x3000
  r61_witness[13] r61=17 tail=28 gh60=0xc488da6 W1=0x26bb,0x1471,0x1096 W2=0x25c8,0x2c15,0x2510
  r61_witness[14] r61=17 tail=28 gh60=0xc984cba W1=0x373a,0x8a4,0x22d0 W2=0x3647,0x3c5c,0xd08
  r61_witness[15] r61=17 tail=28 gh60=0x4658f9a W1=0x3769,0x58c,0x1531 W2=0x3676,0x132a,0x26f

D60=0 fiber histogram: 1:7991 2:4864 3:1748 4:1083 5:408 6:232 7:82 8:73 9:21 10:22 11:5 12:1 13:2 14:2 16:1 20:1 22:1 27:1
