free_word_mitm_reducedn
N=14 mask=0x3fff msb=0x2000
candidate: M0=0x3d36 mode=random-fallback fill=0x3fff kernel=dM0=dM9=0x2000
prefixes=32768/268435456 mode=permuted-prefix-sample w59_per_prefix=16384 total=536870912
run_mode=scan registry_cap=16
sample_start=160890880
scan_elapsed=19.002s rate=28.25 Mtriples/s

D60 interface
  D60=0 matches: 32479 (random expectation 32768.0, enrichment 0.991x)
  prefixes with D60=0: 16495
  max D60=0 fiber per prefix: 16 at W57=0x26c7 W58=0x17fe
  largest D60 bucket: D=0xfc1 count=33711
  min D60 HW: 0
  D60 HW histogram: 0:32479 1:454385 2:2977476 3:11936514 4:32830849 5:65650548 6:98464234 7:112495016 8:98374364 9:65539017 10:32746527 11:11904058 12:2974306 13:458317 14:32822

Tail closure among D60=0 matches
  final tail collisions: 0
  best r61 HW: 14
  best r61 W1[57..59]=0x2f9a,0xe66,0x61f
  best r61 W2[57..59]=0x2ea7,0x28f2,0x1b80
  best tail HW: 22
  best tail r61 HW: 21
  best W1[57..59]=0x3caa,0x37bd,0x21c2
  best W2[57..59]=0x3bb7,0x35eb,0x1a5a

SUMMARY N=14 sample_start=160890880 prefixes=32768 total=536870912 d0=32479 best_tail=22 tail_r61=21 best_r61=14 tail_W1=0x3caa,0x37bd,0x21c2 tail_W2=0x3bb7,0x35eb,0x1a5a r61_W1=0x2f9a,0xe66,0x61f r61_W2=0x2ea7,0x28f2,0x1b80

Scan-only witness registry
  registry_count=16 registry_cap=16
  witness[00] tail=22 r61=21 gh60=0xc58459a W1=0x3caa,0x37bd,0x21c2 W2=0x3bb7,0x35eb,0x1a5a
  witness[01] tail=23 r61=16 gh60=0xba2bc9a W1=0x3105,0x9d1,0x12a0 W2=0x3012,0x1f1d,0x363f
  witness[02] tail=23 r61=17 gh60=0xcd04566 W1=0x4cc,0xa9d,0x2529 W2=0x3d9,0x3ac7,0x3c2
  witness[03] tail=23 r61=20 gh60=0xda0dcea W1=0x1e,0x33b6,0x3007 W2=0x3f2b,0x35de,0x1945
  witness[04] tail=23 r61=24 gh60=0xca07f9a W1=0x2f8a,0x3d87,0x2d32 W2=0x2e97,0x1a64,0x1e3f
  witness[05] tail=24 r61=19 gh60=0xcca849e W1=0x3a27,0x1af4,0x24b7 W2=0x3934,0x369d,0x100f
  witness[06] tail=24 r61=21 gh60=0xff87da6 W1=0x106c,0x3bac,0x2b6a W2=0xf79,0x1d63,0x1049
  witness[07] tail=24 r61=21 gh60=0x496849a W1=0x1d29,0x320,0x2fee W2=0x1c36,0x3971,0x2efd
  witness[08] tail=24 r61=21 gh60=0xf8984aa W1=0x233d,0x2456,0x1fec W2=0x224a,0x2d42,0x1243
  witness[09] tail=24 r61=21 gh60=0xf6084e6 W1=0x3a1b,0xd52,0x872 W2=0x3928,0x2a25,0x25ae
  witness[10] tail=24 r61=23 gh60=0x59884a6 W1=0x34fb,0x287f,0x1cdd W2=0x3408,0x354c,0x33b4
  witness[11] tail=24 r61=26 gh60=0x37e7b66 W1=0xdd4,0x24be,0x1511 W2=0xce1,0x1b2b,0x3ca9
  witness[12] tail=24 r61=26 gh60=0xd6bc5ae W1=0x2a70,0x33c4,0x1790 W2=0x297d,0x16fd,0xa7e
  witness[13] tail=25 r61=19 gh60=0x4efbcba W1=0x2df5,0x3265,0x5a7 W2=0x2d02,0xb24,0x2be8
  witness[14] tail=25 r61=20 gh60=0x4e68c9a W1=0x36e9,0x386a,0x1312 W2=0x35f6,0x2bb8,0x9d5
  witness[15] tail=25 r61=21 gh60=0xcda84a6 W1=0x433,0x3a82,0x3ca2 W2=0x340,0x6ed,0x1b16

Scan-only r61 registry
  registry_count=16 registry_cap=16
  r61_witness[00] r61=14 tail=26 gh60=0x4e07ffa W1=0x2f9a,0xe66,0x61f W2=0x2ea7,0x28f2,0x1b80
  r61_witness[01] r61=14 tail=29 gh60=0x4a884ae W1=0x9ef,0x4ce,0x6f1 W2=0x8fc,0x31ee,0x7e4
  r61_witness[02] r61=15 tail=26 gh60=0xca08bea W1=0x15a1,0x2e3b,0xdb8 W2=0x14ae,0xfa,0x2b02
  r61_witness[03] r61=15 tail=28 gh60=0x3a28cfa W1=0x615,0xb6,0x18ec W2=0x522,0x26f9,0x1a26
  r61_witness[04] r61=15 tail=28 gh60=0x49887aa W1=0x1381,0xc0a,0x3ca3 W2=0x128e,0x1ec2,0x1831
  r61_witness[05] r61=15 tail=31 gh60=0x4b0fc9a W1=0xf4a,0x3816,0x2b22 W2=0xe57,0x69b,0x3abc
  r61_witness[06] r61=16 tail=23 gh60=0xba2bc9a W1=0x3105,0x9d1,0x12a0 W2=0x3012,0x1f1d,0x363f
  r61_witness[07] r61=16 tail=26 gh60=0xca8ccaa W1=0x36ee,0x315c,0x2b3a W2=0x35fb,0x55c,0xe3
  r61_witness[08] r61=16 tail=28 gh60=0x4d57c9a W1=0x3026,0x1b2a,0x2163 W2=0x2f33,0x2f7b,0xa0a
  r61_witness[09] r61=16 tail=29 gh60=0xcd0bd6e W1=0x105f,0x416,0x635 W2=0xf6c,0x14d5,0x37d3
  r61_witness[10] r61=16 tail=31 gh60=0x4a0c5e6 W1=0x49c,0x1800,0xa8a W2=0x3a9,0x11ae,0x364c
  r61_witness[11] r61=16 tail=31 gh60=0x490bb6e W1=0x2dcf,0x2dc1,0x110b W2=0x2cdc,0x15e0,0x2786
  r61_witness[12] r61=16 tail=32 gh60=0x4968b7a W1=0x2955,0xcb4,0xe45 W2=0x2862,0x3deb,0x216
  r61_witness[13] r61=16 tail=33 gh60=0x4688fae W1=0x277f,0xc4c,0x39a1 W2=0x268c,0x203,0x558
  r61_witness[14] r61=16 tail=34 gh60=0x4a2c49e W1=0x2508,0x110,0x1fd3 W2=0x2415,0xf7a,0x1a9a
  r61_witness[15] r61=16 tail=34 gh60=0x4899b9a W1=0x3da5,0x4e5,0x3def W2=0x3cb2,0x340d,0x21a

D60=0 fiber histogram: 1:7950 2:4833 3:1782 4:1086 5:399 6:219 7:93 8:68 9:29 10:19 11:6 12:3 13:3 14:1 15:1 16:3
