free_word_mitm_reducedn
N=14 mask=0x3fff msb=0x2000
candidate: M0=0x3d36 mode=random-fallback fill=0x3fff kernel=dM0=dM9=0x2000
prefixes=32768/268435456 mode=permuted-prefix-sample w59_per_prefix=16384 total=536870912
run_mode=scan registry_cap=16
sample_start=186056704
scan_elapsed=18.715s rate=28.69 Mtriples/s

D60 interface
  D60=0 matches: 32716 (random expectation 32768.0, enrichment 0.998x)
  prefixes with D60=0: 16520
  max D60=0 fiber per prefix: 25 at W57=0x3b W58=0x3e16
  largest D60 bucket: D=0x31c2 count=33798
  min D60 HW: 0
  D60 HW histogram: 0:32716 1:456896 2:2975433 3:11907815 4:32774868 5:65595359 6:98439933 7:112508187 8:98421404 9:65613776 10:32783610 11:11906000 12:2967799 13:455040 14:32076

Tail closure among D60=0 matches
  final tail collisions: 0
  best r61 HW: 12
  best r61 W1[57..59]=0x2cbb,0x118b,0x1e00
  best r61 W2[57..59]=0x2bc8,0x6ae,0x18d2
  best tail HW: 20
  best tail r61 HW: 22
  best W1[57..59]=0x2cb5,0x2ea5,0x31e3
  best W2[57..59]=0x2bc2,0x1bb7,0x85f

SUMMARY N=14 sample_start=186056704 prefixes=32768 total=536870912 d0=32716 best_tail=20 tail_r61=22 best_r61=12 tail_W1=0x2cb5,0x2ea5,0x31e3 tail_W2=0x2bc2,0x1bb7,0x85f r61_W1=0x2cbb,0x118b,0x1e00 r61_W2=0x2bc8,0x6ae,0x18d2

Scan-only witness registry
  registry_count=16 registry_cap=16
  witness[00] tail=20 r61=22 gh60=0x4be85ba W1=0x2cb5,0x2ea5,0x31e3 W2=0x2bc2,0x1bb7,0x85f
  witness[01] tail=23 r61=16 gh60=0xf6947aa W1=0x37e,0x11bc,0x3dd9 W2=0x28b,0x1385,0x5ce
  witness[02] tail=23 r61=23 gh60=0x5e7849e W1=0x2ce7,0xeb,0x2dce W2=0x2bf4,0x3f9c,0x1e18
  witness[03] tail=24 r61=23 gh60=0xca1c5e6 W1=0x228c,0x2b8,0xbc W2=0x2199,0x1772,0x225c
  witness[04] tail=24 r61=24 gh60=0xceb8cae W1=0x16ff,0x3010,0x29f4 W2=0x160c,0x1cdf,0x293e
  witness[05] tail=25 r61=17 gh60=0xca244ea W1=0x2312,0x28ab,0x61c W2=0x221f,0x3176,0x382c
  witness[06] tail=25 r61=19 gh60=0x4b88daa W1=0x86d,0x1de9,0x2070 W2=0x77a,0x28cc,0x408
  witness[07] tail=25 r61=19 gh60=0x4978b6a W1=0x29e1,0x138d,0x3e25 W2=0x28ee,0xd80,0x340
  witness[08] tail=25 r61=20 gh60=0xdb18f6a W1=0x17dd,0x2902,0xb81 W2=0x16ea,0x2115,0x2c12
  witness[09] tail=25 r61=22 gh60=0xcf14b6a W1=0x15de,0x166e,0x18a9 W2=0x14eb,0x2466,0x2970
  witness[10] tail=25 r61=22 gh60=0x4e34d9e W1=0x2888,0x8aa,0x369d W2=0x2795,0xa35,0x3ee5
  witness[11] tail=25 r61=22 gh60=0x7f8c59a W1=0x34aa,0x2445,0x821 W2=0x33b7,0x21f5,0x60f
  witness[12] tail=25 r61=23 gh60=0xbdd857a W1=0x1a59,0x311b,0x2164 W2=0x1966,0x1fc7,0x342f
  witness[13] tail=26 r61=16 gh60=0xc5d8c9a W1=0x709,0x372e,0x3c79 W2=0x616,0x1cc0,0x2d69
  witness[14] tail=26 r61=17 gh60=0xc49c5a6 W1=0x14bc,0x16c3,0x1e80 W2=0x13c9,0x1cf9,0x2a69
  witness[15] tail=26 r61=18 gh60=0x4b3dd7a W1=0x56,0x22f7,0x3d2e W2=0x3f63,0x394f,0x21e7

Scan-only r61 registry
  registry_count=16 registry_cap=16
  r61_witness[00] r61=12 tail=28 gh60=0x44985a6 W1=0x2cbb,0x118b,0x1e00 W2=0x2bc8,0x6ae,0x18d2
  r61_witness[01] r61=13 tail=35 gh60=0xba0bce6 W1=0xf1b,0x392e,0x3d9b W2=0xe28,0x836,0x339c
  r61_witness[02] r61=14 tail=35 gh60=0xda0c4fa W1=0x231a,0x2f25,0x22a W2=0x2227,0x18e2,0x3e8a
  r61_witness[03] r61=14 tail=37 gh60=0xc908f66 W1=0x374b,0x3762,0x29d7 W2=0x3658,0x2ea0,0x3970
  r61_witness[04] r61=15 tail=31 gh60=0x4aa456a W1=0x4e2,0x3877,0x2d3 W2=0x3ef,0xb36,0x3306
  r61_witness[05] r61=15 tail=34 gh60=0x4598ca6 W1=0x263b,0x54f,0x352e W2=0x2548,0x14db,0x6a2
  r61_witness[06] r61=16 tail=23 gh60=0xf6947aa W1=0x37e,0x11bc,0x3dd9 W2=0x28b,0x1385,0x5ce
  r61_witness[07] r61=16 tail=26 gh60=0xc5d8c9a W1=0x709,0x372e,0x3c79 W2=0x616,0x1cc0,0x2d69
  r61_witness[08] r61=16 tail=27 gh60=0xb784ca6 W1=0x383c,0x1e67,0x3831 W2=0x3749,0x2874,0x315c
  r61_witness[09] r61=16 tail=29 gh60=0xca084ee W1=0x2b1f,0x31b9,0x17d3 W2=0x2a2c,0x11c3,0x1d83
  r61_witness[10] r61=16 tail=30 gh60=0x58887a6 W1=0x3ab,0x32e6,0x31b1 W2=0x2b8,0x1bbb,0x39a5
  r61_witness[11] r61=16 tail=30 gh60=0x4e08cee W1=0x80f,0x1c43,0x89b W2=0x71c,0x52a,0x157b
  r61_witness[12] r61=16 tail=30 gh60=0x4984ca6 W1=0x18ec,0xe31,0x23c1 W2=0x17f9,0x7ce,0x3fd7
  r61_witness[13] r61=16 tail=30 gh60=0x491876a W1=0x1bdd,0x35a9,0x101f W2=0x1aea,0x31fb,0x3fd7
  r61_witness[14] r61=16 tail=31 gh60=0x4d09d6a W1=0x1e4d,0x2c35,0x102a W2=0x1d5a,0x1c,0x2d89
  r61_witness[15] r61=16 tail=33 gh60=0x391476a W1=0x33de,0x1405,0x3e78 W2=0x32eb,0x2c54,0x1cb8

D60=0 fiber histogram: 1:8018 2:4679 3:1791 4:1178 5:430 6:202 7:84 8:68 9:34 10:11 11:8 12:5 13:2 14:2 16:5 18:1 20:1 25:1
