free_word_mitm_reducedn
N=14 mask=0x3fff msb=0x2000
candidate: M0=0x3d36 mode=random-fallback fill=0x3fff kernel=dM0=dM9=0x2000
prefixes=32768/268435456 mode=permuted-prefix-sample w59_per_prefix=16384 total=536870912
run_mode=scan registry_cap=16
sample_start=93782016
scan_elapsed=19.074s rate=28.15 Mtriples/s

D60 interface
  D60=0 matches: 32714 (random expectation 32768.0, enrichment 0.998x)
  prefixes with D60=0: 16588
  max D60=0 fiber per prefix: 19 at W57=0x1acb W58=0x34f2
  largest D60 bucket: D=0xf84 count=33802
  min D60 HW: 0
  D60 HW histogram: 0:32714 1:458374 2:2977413 3:11927705 4:32806122 5:65625789 6:98433169 7:112485078 8:98393068 9:65580111 10:32771880 11:11911727 12:2977674 13:457439 14:32649

Tail closure among D60=0 matches
  final tail collisions: 0
  best r61 HW: 12
  best r61 W1[57..59]=0x3384,0xb87,0x11ed
  best r61 W2[57..59]=0x3291,0x47b,0x2d25
  best tail HW: 20
  best tail r61 HW: 23
  best W1[57..59]=0x2476,0x166,0x1cd3
  best W2[57..59]=0x2383,0x2081,0x2ca9

SUMMARY N=14 sample_start=93782016 prefixes=32768 total=536870912 d0=32714 best_tail=20 tail_r61=23 best_r61=12 tail_W1=0x2476,0x166,0x1cd3 tail_W2=0x2383,0x2081,0x2ca9 r61_W1=0x3384,0xb87,0x11ed r61_W2=0x3291,0x47b,0x2d25

Scan-only witness registry
  registry_count=16 registry_cap=16
  witness[00] tail=20 r61=23 gh60=0xcaac5ba W1=0x2476,0x166,0x1cd3 W2=0x2383,0x2081,0x2ca9
  witness[01] tail=22 r61=14 gh60=0x4c8cca6 W1=0x382c,0x3f88,0x26e4 W2=0x3739,0x8a5,0x3d87
  witness[02] tail=22 r61=25 gh60=0x7768b66 W1=0x25d3,0x1371,0x3cfe W2=0x24e0,0x2163,0x14d
  witness[03] tail=23 r61=21 gh60=0x78e8cba W1=0x2939,0x1e33,0x8d8 W2=0x2846,0x3ff2,0x3ec3
  witness[04] tail=23 r61=23 gh60=0xb924caa W1=0x942,0x186d,0x3164 W2=0x84f,0x19c1,0x349b
  witness[05] tail=23 r61=23 gh60=0xbd0856e W1=0x12df,0x33ab,0x26ce W2=0x11ec,0x27f1,0x2b20
  witness[06] tail=24 r61=21 gh60=0x498c7a6 W1=0x3ac,0x12c5,0x303 W2=0x2b9,0x3b8b,0x3d2
  witness[07] tail=24 r61=24 gh60=0x4d0cd66 W1=0x364c,0x18fd,0xf0e W2=0x3559,0x6ac,0x2a46
  witness[08] tail=25 r61=15 gh60=0x4a0bfe6 W1=0x2f9b,0x285a,0xf0c W2=0x2ea8,0x39a,0x19d2
  witness[09] tail=25 r61=20 gh60=0x5508566 W1=0x1acb,0x34f2,0x2d17 W2=0x19d8,0x1c41,0xc
  witness[10] tail=25 r61=21 gh60=0x4afc4aa W1=0x1cfe,0x3d60,0x19d2 W2=0x1c0b,0x11d1,0x1c08
  witness[11] tail=25 r61=22 gh60=0x7a985aa W1=0x3481,0x3c43,0x3e66 W2=0x338e,0x95b,0x13ae
  witness[12] tail=26 r61=16 gh60=0xda59dba W1=0x79,0x828,0x20db W2=0x3f86,0x250f,0x55
  witness[13] tail=26 r61=16 gh60=0xba84dba W1=0x387a,0x2c64,0xbe7 W2=0x3787,0x26b0,0x28e2
  witness[14] tail=26 r61=19 gh60=0xdd0cd6a W1=0x65e,0x288b,0x304a W2=0x56b,0x21ef,0xce6
  witness[15] tail=26 r61=19 gh60=0x4998ca6 W1=0x6f3,0x317e,0xb41 W2=0x600,0x2e2a,0x251f

Scan-only r61 registry
  registry_count=16 registry_cap=16
  r61_witness[00] r61=12 tail=30 gh60=0x4a247a6 W1=0x3384,0xb87,0x11ed W2=0x3291,0x47b,0x2d25
  r61_witness[01] r61=14 tail=22 gh60=0x4c8cca6 W1=0x382c,0x3f88,0x26e4 W2=0x3739,0x8a5,0x3d87
  r61_witness[02] r61=14 tail=30 gh60=0x490449a W1=0x334a,0x32c7,0x2cba W2=0x3257,0x2b4d,0x7f3
  r61_witness[03] r61=14 tail=33 gh60=0x492bb9a W1=0x2dc9,0x3305,0x202c W2=0x2cd6,0x21ad,0x1eb6
  r61_witness[04] r61=15 tail=25 gh60=0x4a0bfe6 W1=0x2f9b,0x285a,0xf0c W2=0x2ea8,0x39a,0x19d2
  r61_witness[05] r61=15 tail=30 gh60=0x49b9fae W1=0x1fbf,0x323b,0x292e W2=0x1ecc,0x2686,0x1d1a
  r61_witness[06] r61=15 tail=32 gh60=0x4919b66 W1=0x21db,0xd44,0x3206 W2=0x20e8,0x1594,0x36f4
  r61_witness[07] r61=16 tail=26 gh60=0xda59dba W1=0x79,0x828,0x20db W2=0x3f86,0x250f,0x55
  r61_witness[08] r61=16 tail=26 gh60=0xba84dba W1=0x387a,0x2c64,0xbe7 W2=0x3787,0x26b0,0x28e2
  r61_witness[09] r61=16 tail=28 gh60=0x4a08cee W1=0x371f,0x1d8,0x2d36 W2=0x362c,0x309f,0x1f8f
  r61_witness[10] r61=16 tail=29 gh60=0xc958b7e W1=0x35d7,0x35b3,0x2447 W2=0x34e4,0x36ce,0x187a
  r61_witness[11] r61=16 tail=29 gh60=0x3c8449a W1=0x3c2a,0x20c5,0x3c97 W2=0x3b37,0x16c3,0x25fa
  r61_witness[12] r61=16 tail=30 gh60=0xf629dfa W1=0x95,0x26a9,0x2521 W2=0x3fa2,0x1184,0x2235
  r61_witness[13] r61=16 tail=32 gh60=0xc614cea W1=0x260e,0x1a10,0x34ca W2=0x251b,0x24c8,0x3fcf
  r61_witness[14] r61=16 tail=33 gh60=0x5f8449a W1=0x31ea,0x1334,0x1f18 W2=0x30f7,0x7b8,0x728
  r61_witness[15] r61=16 tail=36 gh60=0x360449a W1=0x3b0a,0x4ae,0x2587 W2=0x3a17,0x3d3a,0x3ac1

D60=0 fiber histogram: 1:7999 2:4838 3:1848 4:1056 5:403 6:214 7:83 8:73 9:26 10:21 11:9 12:3 13:3 14:5 16:4 17:1 19:2
