free_word_mitm_reducedn
N=14 mask=0x3fff msb=0x2000
candidate: M0=0x3d36 mode=random-fallback fill=0x3fff kernel=dM0=dM9=0x2000
prefixes=32768/268435456 mode=permuted-prefix-sample w59_per_prefix=16384 total=536870912
run_mode=scan registry_cap=16
sample_start=39878656
scan_elapsed=20.676s rate=25.97 Mtriples/s

D60 interface
  D60=0 matches: 32752 (random expectation 32768.0, enrichment 1.000x)
  prefixes with D60=0: 16435
  max D60=0 fiber per prefix: 26 at W57=0x3c07 W58=0xb9d
  largest D60 bucket: D=0xe37 count=33828
  min D60 HW: 0
  D60 HW histogram: 0:32752 1:456509 2:2968652 3:11902131 4:32771569 5:65582362 6:98392403 7:112488195 8:98434477 9:65622125 10:32816157 11:11930677 12:2981383 13:458843 14:32677

Tail closure among D60=0 matches
  final tail collisions: 0
  best r61 HW: 12
  best r61 W1[57..59]=0x241,0x2d8d,0x1b99
  best r61 W2[57..59]=0x14e,0x307d,0x3074
  best tail HW: 19
  best tail r61 HW: 16
  best W1[57..59]=0x2d8f,0x384e,0x108b
  best W2[57..59]=0x2c9c,0x24e1,0x1607

SUMMARY N=14 sample_start=39878656 prefixes=32768 total=536870912 d0=32752 best_tail=19 tail_r61=16 best_r61=12 tail_W1=0x2d8f,0x384e,0x108b tail_W2=0x2c9c,0x24e1,0x1607 r61_W1=0x241,0x2d8d,0x1b99 r61_W2=0x14e,0x307d,0x3074

Scan-only witness registry
  registry_count=16 registry_cap=16
  witness[00] tail=19 r61=16 gh60=0xda0bbee W1=0x2d8f,0x384e,0x108b W2=0x2c9c,0x24e1,0x1607
  witness[01] tail=21 r61=19 gh60=0x37184a6 W1=0x1d43,0x82b,0x17eb W2=0x1c50,0x34a8,0x231e
  witness[02] tail=23 r61=20 gh60=0x7a94cae W1=0x18f0,0x2177,0x1069 W2=0x17fd,0x1b57,0xbb4
  witness[03] tail=24 r61=24 gh60=0x3a7849a W1=0x1d05,0x2c2e,0x56f W2=0x1c12,0x22f9,0x2612
  witness[04] tail=24 r61=25 gh60=0xf628bfa W1=0x3595,0x28c1,0x72e W2=0x34a2,0x2a4c,0x1c87
  witness[05] tail=25 r61=17 gh60=0xfa684fe W1=0x217,0x25ac,0xc86 W2=0x124,0x3154,0x37bd
  witness[06] tail=25 r61=23 gh60=0xc938f6e W1=0x74f,0x25c3,0x3c67 W2=0x65c,0x220a,0x8e2
  witness[07] tail=25 r61=24 gh60=0xd6784ae W1=0x2ef,0x3fa3,0x3d8d W2=0x1fc,0x1e43,0x3f4
  witness[08] tail=25 r61=24 gh60=0x77e7b66 W1=0x2d64,0x3ab8,0x3447 W2=0x2c71,0x3435,0x3ce3
  witness[09] tail=25 r61=25 gh60=0x7bbc4aa W1=0x132e,0x2c6f,0x586 W2=0x123b,0x570,0x314d
  witness[10] tail=26 r61=13 gh60=0xd88bcaa W1=0x312d,0x3c27,0x9cb W2=0x303a,0x332a,0xb7c
  witness[11] tail=26 r61=16 gh60=0x5f04566 W1=0xadc,0x2ade,0x8e5 W2=0x9e9,0x3816,0x8b6
  witness[12] tail=26 r61=17 gh60=0xb4a4da6 W1=0x8b4,0x3e48,0x150d W2=0x7c1,0x111d,0x23cf
  witness[13] tail=26 r61=17 gh60=0x44f9da6 W1=0x1ebb,0x6ed,0x9a7 W2=0x1dc8,0x1c93,0x9cd
  witness[14] tail=26 r61=18 gh60=0x550bd6a W1=0x3051,0x1b08,0x248e W2=0x2f5e,0x5d7,0x1b96
  witness[15] tail=26 r61=19 gh60=0x46944aa W1=0x2bee,0x2375,0x1163 W2=0x2afb,0x2836,0x2511

Scan-only r61 registry
  registry_count=16 registry_cap=16
  r61_witness[00] r61=12 tail=33 gh60=0x54884aa W1=0x241,0x2d8d,0x1b99 W2=0x14e,0x307d,0x3074
  r61_witness[01] r61=13 tail=26 gh60=0xd88bcaa W1=0x312d,0x3c27,0x9cb W2=0x303a,0x332a,0xb7c
  r61_witness[02] r61=14 tail=30 gh60=0x7a6fdea W1=0x1092,0x1244,0x3d2 W2=0xf9f,0xfa4,0x342c
  r61_witness[03] r61=14 tail=31 gh60=0xc659c9a W1=0x3f09,0x35be,0x252f W2=0x3e16,0x1ad2,0xd09
  r61_witness[04] r61=14 tail=35 gh60=0x450c57a W1=0x2c5a,0xa90,0x25db W2=0x2b67,0x3b91,0x1629
  r61_witness[05] r61=15 tail=29 gh60=0xca88caa W1=0x27fd,0x35e3,0x3843 W2=0x270a,0x378e,0x153
  r61_witness[06] r61=15 tail=33 gh60=0x4a044e6 W1=0x320c,0x2eb9,0xdc0 W2=0x3119,0x1a8f,0x433
  r61_witness[07] r61=15 tail=34 gh60=0x4718f6a W1=0x74d,0x61a,0x3b53 W2=0x65a,0x323d,0x1020
  r61_witness[08] r61=15 tail=37 gh60=0xc60bcea W1=0x111d,0x2953,0x36a3 W2=0x102a,0x16ba,0x3914
  r61_witness[09] r61=15 tail=37 gh60=0xf8844ba W1=0x253a,0x215f,0x1b05 W2=0x2447,0x812,0x570
  r61_witness[10] r61=16 tail=19 gh60=0xda0bbee W1=0x2d8f,0x384e,0x108b W2=0x2c9c,0x24e1,0x1607
  r61_witness[11] r61=16 tail=26 gh60=0x5f04566 W1=0xadc,0x2ade,0x8e5 W2=0x9e9,0x3816,0x8b6
  r61_witness[12] r61=16 tail=31 gh60=0xc6084e6 W1=0x3c1b,0x1fb9,0x9f2 W2=0x3b28,0x1e8c,0x35e8
  r61_witness[13] r61=17 tail=25 gh60=0xfa684fe W1=0x217,0x25ac,0xc86 W2=0x124,0x3154,0x37bd
  r61_witness[14] r61=17 tail=26 gh60=0xb4a4da6 W1=0x8b4,0x3e48,0x150d W2=0x7c1,0x111d,0x23cf
  r61_witness[15] r61=17 tail=26 gh60=0x44f9da6 W1=0x1ebb,0x6ed,0x9a7 W2=0x1dc8,0x1c93,0x9cd

D60=0 fiber histogram: 1:7926 2:4748 3:1753 4:1084 5:422 6:245 7:104 8:83 9:22 10:22 11:9 12:7 13:3 15:2 16:2 17:1 18:1 26:1
