free_word_mitm_reducedn
N=14 mask=0x3fff msb=0x2000
candidate: M0=0x3d36 mode=random-fallback fill=0x3fff kernel=dM0=dM9=0x2000
prefixes=32768/268435456 mode=permuted-prefix-sample w59_per_prefix=16384 total=536870912
run_mode=scan registry_cap=16
sample_start=190873600
scan_elapsed=20.446s rate=26.26 Mtriples/s

D60 interface
  D60=0 matches: 32651 (random expectation 32768.0, enrichment 0.996x)
  prefixes with D60=0: 16572
  max D60=0 fiber per prefix: 16 at W57=0x3a50 W58=0x3314
  largest D60 bucket: D=0x268d count=33781
  min D60 HW: 0
  D60 HW histogram: 0:32651 1:458211 2:2977015 3:11921431 4:32789341 5:65634727 6:98459032 7:112538751 8:98404137 9:65565580 10:32743855 11:11888026 12:2969157 13:456403 14:32595

Tail closure among D60=0 matches
  final tail collisions: 0
  best r61 HW: 13
  best r61 W1[57..59]=0x3bbb,0x326a,0x11bd
  best r61 W2[57..59]=0x3ac8,0x2cad,0x2850
  best tail HW: 21
  best tail r61 HW: 18
  best W1[57..59]=0x902,0x26fa,0x21c0
  best W2[57..59]=0x80f,0x28ce,0x2a21

SUMMARY N=14 sample_start=190873600 prefixes=32768 total=536870912 d0=32651 best_tail=21 tail_r61=18 best_r61=13 tail_W1=0x902,0x26fa,0x21c0 tail_W2=0x80f,0x28ce,0x2a21 r61_W1=0x3bbb,0x326a,0x11bd r61_W2=0x3ac8,0x2cad,0x2850

Scan-only witness registry
  registry_count=16 registry_cap=16
  witness[00] tail=21 r61=18 gh60=0x466ccaa W1=0x902,0x26fa,0x21c0 W2=0x80f,0x28ce,0x2a21
  witness[01] tail=22 r61=22 gh60=0x39fbdee W1=0x2e8f,0x2e7d,0x15d4 W2=0x2d9c,0xbc0,0x1a82
  witness[02] tail=23 r61=26 gh60=0x3f6c77a W1=0xb56,0x3b1a,0x10e2 W2=0xa63,0x35ff,0x1866
  witness[03] tail=24 r61=18 gh60=0x366cb6a W1=0x1562,0x1aa7,0x9aa W2=0x146f,0x20fb,0x1fba
  witness[04] tail=24 r61=19 gh60=0x4d8cdaa W1=0x387e,0x1aa,0x319 W2=0x378b,0xc72,0x2184
  witness[05] tail=24 r61=20 gh60=0xdd3857a W1=0x2459,0x324,0x3cc4 W2=0x2366,0x25b0,0x31ea
  witness[06] tail=24 r61=23 gh60=0xcb1c49a W1=0x3a4a,0xc43,0x2dbe W2=0x3957,0xb,0x3c62
  witness[07] tail=24 r61=25 gh60=0xca385ea W1=0xa8d,0x38,0x12a1 W2=0x99a,0x952,0xa31
  witness[08] tail=25 r61=18 gh60=0xda5879a W1=0x1369,0x32cf,0x2d5f W2=0x1276,0x526,0xb69
  witness[09] tail=25 r61=18 gh60=0xc9884a6 W1=0x352b,0x1164,0xd3a W2=0x3438,0x1ec1,0x24f4
  witness[10] tail=25 r61=20 gh60=0x4a19bfa W1=0x1d95,0x2c44,0x332d W2=0x1ca2,0x1ccf,0x1384
  witness[11] tail=25 r61=20 gh60=0xd62c4ea W1=0x3b12,0x155b,0xb95 W2=0x3a1f,0x2baa,0x235e
  witness[12] tail=25 r61=21 gh60=0xc964caa W1=0x1732,0x3053,0x391c W2=0x163f,0x397,0xf2a
  witness[13] tail=25 r61=21 gh60=0xce34c9e W1=0x3808,0x24c0,0x2f48 W2=0x3715,0x3077,0x3a14
  witness[14] tail=25 r61=21 gh60=0x4699c9a W1=0x3ee5,0x4c3,0x371 W2=0x3df2,0x2bcb,0x29b2
  witness[15] tail=25 r61=22 gh60=0x3bd7dfa W1=0xe96,0x138,0x13cc W2=0xda3,0x1418,0x19f5

Scan-only r61 registry
  registry_count=16 registry_cap=16
  r61_witness[00] r61=13 tail=28 gh60=0xc8887a6 W1=0x3bbb,0x326a,0x11bd W2=0x3ac8,0x2cad,0x2850
  r61_witness[01] r61=15 tail=27 gh60=0x5a09cea W1=0x200d,0x294a,0x1ea2 W2=0x1f1a,0x2b8d,0x3fe
  r61_witness[02] r61=15 tail=36 gh60=0xc6184e6 W1=0x40b,0x1068,0x3d52 W2=0x318,0x3d49,0x1a62
  r61_witness[03] r61=15 tail=39 gh60=0x5908b6a W1=0x29cd,0x3f8f,0x28dd W2=0x28da,0x29d2,0x1adb
  r61_witness[04] r61=16 tail=26 gh60=0x56984a6 W1=0x1afb,0x2dd7,0x16d7 W2=0x1a08,0x1ca2,0x1e83
  r61_witness[05] r61=16 tail=26 gh60=0xc51856a W1=0x244d,0x3197,0x1689 W2=0x235a,0x421,0x292e
  r61_witness[06] r61=16 tail=27 gh60=0x7a085e6 W1=0x328b,0x3011,0x115a W2=0x3198,0x17ce,0x3ec2
  r61_witness[07] r61=16 tail=28 gh60=0x56184e6 W1=0x1313,0x3b8e,0x1dc7 W2=0x1220,0xd75,0x24ac
  r61_witness[08] r61=16 tail=31 gh60=0xca1879a W1=0x385,0x2a75,0x87c W2=0x292,0x1d02,0x167b
  r61_witness[09] r61=16 tail=31 gh60=0x491cb66 W1=0x394c,0x3193,0xc28 W2=0x3859,0xb72,0x99e
  r61_witness[10] r61=16 tail=33 gh60=0x44a8d9a W1=0x36a5,0x2fcf,0x37f3 W2=0x35b2,0x2eb5,0x36e0
  r61_witness[11] r61=17 tail=26 gh60=0x4908b6e W1=0x195f,0xe05,0x30d2 W2=0x186c,0xc14,0x694
  r61_witness[12] r61=17 tail=27 gh60=0x3a5c4ba W1=0x4f6,0x109c,0x32c8 W2=0x403,0x359f,0x4ff
  r61_witness[13] r61=17 tail=28 gh60=0x3ae8cba W1=0x5f9,0x243e,0x1741 W2=0x506,0xcc1,0x395d
  r61_witness[14] r61=17 tail=28 gh60=0x4e94dae W1=0x3880,0x2153,0x3313 W2=0x378d,0x13fb,0x1c1b
  r61_witness[15] r61=17 tail=29 gh60=0xc91877a W1=0x2bd5,0xa67,0x2710 W2=0x2ae2,0x3b47,0x327d

D60=0 fiber histogram: 1:8078 2:4715 3:1792 4:1115 5:421 6:247 7:74 8:68 9:18 10:19 11:9 12:7 13:7 16:2
