free_word_mitm_reducedn
N=14 mask=0x3fff msb=0x2000
candidate: M0=0x3d36 mode=random-fallback fill=0x3fff kernel=dM0=dM9=0x2000
prefixes=32768/268435456 mode=permuted-prefix-sample w59_per_prefix=16384 total=536870912
run_mode=scan registry_cap=16
sample_start=14712832
scan_elapsed=20.543s rate=26.13 Mtriples/s

D60 interface
  D60=0 matches: 32444 (random expectation 32768.0, enrichment 0.990x)
  prefixes with D60=0: 16509
  max D60=0 fiber per prefix: 16 at W57=0x3c01 W58=0x26cc
  largest D60 bucket: D=0x972 count=33800
  min D60 HW: 0
  D60 HW histogram: 0:32444 1:456405 2:2975693 3:11915215 4:32806508 5:65643326 6:98478335 7:112508955 8:98404429 9:65566669 10:32738908 11:11887835 12:2968443 13:455342 14:32405

Tail closure among D60=0 matches
  final tail collisions: 0
  best r61 HW: 14
  best r61 W1[57..59]=0x24ac,0x36f2,0x3f1c
  best r61 W2[57..59]=0x23b9,0x2d38,0x704
  best tail HW: 20
  best tail r61 HW: 22
  best W1[57..59]=0x38b5,0x130c,0x38f7
  best W2[57..59]=0x37c2,0xce3,0xd01

SUMMARY N=14 sample_start=14712832 prefixes=32768 total=536870912 d0=32444 best_tail=20 tail_r61=22 best_r61=14 tail_W1=0x38b5,0x130c,0x38f7 tail_W2=0x37c2,0xce3,0xd01 r61_W1=0x24ac,0x36f2,0x3f1c r61_W2=0x23b9,0x2d38,0x704

Scan-only witness registry
  registry_count=16 registry_cap=16
  witness[00] tail=20 r61=22 gh60=0xf7a8dba W1=0x38b5,0x130c,0x38f7 W2=0x37c2,0xce3,0xd01
  witness[01] tail=22 r61=20 gh60=0x3f245aa W1=0x1cc2,0x193f,0x7a0 W2=0x1bcf,0x357c,0x1f3
  witness[02] tail=23 r61=25 gh60=0x4687ca6 W1=0x2dfc,0x171e,0xcf4 W2=0x2d09,0x2431,0x19de
  witness[03] tail=24 r61=17 gh60=0xc4985ae W1=0xcbf,0x24dc,0x304b W2=0xbcc,0xc04,0x56e
  witness[04] tail=24 r61=18 gh60=0x7a69c9a W1=0x105,0x310a,0x2ee4 W2=0x12,0x145a,0x39a6
  witness[05] tail=24 r61=20 gh60=0x4af849a W1=0x2e9,0x1ebd,0x20fe W2=0x1f6,0x788,0xb20
  witness[06] tail=25 r61=14 gh60=0x4e285fa W1=0x3499,0x2fba,0xbc5 W2=0x33a6,0x20da,0x3d27
  witness[07] tail=25 r61=16 gh60=0x4e947ae W1=0x1380,0x265e,0xd97 W2=0x128d,0x3127,0x39a7
  witness[08] tail=25 r61=17 gh60=0xc908b66 W1=0x25db,0x321e,0x62f W2=0x24e8,0x3fec,0x8b4
  witness[09] tail=25 r61=19 gh60=0xc67459e W1=0x3c88,0x274,0x3aa5 W2=0x3b95,0x197c,0x2a2b
  witness[10] tail=25 r61=21 gh60=0xcd644aa W1=0xa32,0x25db,0x1354 W2=0x93f,0x2a60,0x1fbc
  witness[11] tail=25 r61=21 gh60=0x4d78d66 W1=0x18cb,0x8c7,0x480 W2=0x17d8,0xbf5,0x847
  witness[12] tail=25 r61=22 gh60=0xcd2cd7a W1=0x656,0x21a,0x2a63 W2=0x563,0x1c0e,0x120
  witness[13] tail=25 r61=22 gh60=0xcc88cae W1=0x163f,0x37a5,0x6e2 W2=0x154c,0x37f4,0x170c
  witness[14] tail=25 r61=22 gh60=0xf72cd6a W1=0x3852,0x2435,0x923 W2=0x375f,0x3b8d,0x3e41
  witness[15] tail=25 r61=23 gh60=0x3b0c79a W1=0x3ca,0x30f8,0x22fd W2=0x2d7,0x2302,0x185e

Scan-only r61 registry
  registry_count=16 registry_cap=16
  r61_witness[00] r61=14 tail=25 gh60=0x4e285fa W1=0x3499,0x2fba,0xbc5 W2=0x33a6,0x20da,0x3d27
  r61_witness[01] r61=14 tail=27 gh60=0x5e88caa W1=0x37f1,0xd31,0x1c0b W2=0x36fe,0x1f30,0x23ff
  r61_witness[02] r61=14 tail=37 gh60=0x44845a6 W1=0x24ac,0x36f2,0x3f1c W2=0x23b9,0x2d38,0x704
  r61_witness[03] r61=15 tail=35 gh60=0x48a44ea W1=0x3322,0x26ad,0x16e2 W2=0x322f,0x3d08,0x29cf
  r61_witness[04] r61=15 tail=38 gh60=0x4a28da6 W1=0x2883,0x21c1,0x3cc0 W2=0x2790,0x3425,0xd99
  r61_witness[05] r61=15 tail=39 gh60=0x4885b9a W1=0x3daa,0x60a,0xd38 W2=0x3cb7,0x395b,0x3854
  r61_witness[06] r61=16 tail=25 gh60=0x4e947ae W1=0x1380,0x265e,0xd97 W2=0x128d,0x3127,0x39a7
  r61_witness[07] r61=16 tail=31 gh60=0x4578caa W1=0x25fd,0x3385,0x24dc W2=0x250a,0x3b30,0x2476
  r61_witness[08] r61=16 tail=32 gh60=0x4508566 W1=0x3cdb,0x2457,0x589 W2=0x3be8,0x2272,0x10e9
  r61_witness[09] r61=16 tail=33 gh60=0xca04ce6 W1=0x70c,0x1aaa,0x29fc W2=0x619,0x29cd,0x3d87
  r61_witness[10] r61=16 tail=35 gh60=0xc49dcea W1=0x3e22,0x3eb2,0x1a5e W2=0x3d2f,0x6be,0x363f
  r61_witness[11] r61=16 tail=36 gh60=0x4604ce6 W1=0x61c,0x295a,0x13ba W2=0x529,0xb61,0x1e6f
  r61_witness[12] r61=16 tail=37 gh60=0xc6885aa W1=0x2c71,0x360a,0x69f W2=0x2b7e,0x32b2,0x2e2
  r61_witness[13] r61=17 tail=24 gh60=0xc4985ae W1=0xcbf,0x24dc,0x304b W2=0xbcc,0xc04,0x56e
  r61_witness[14] r61=17 tail=25 gh60=0xc908b66 W1=0x25db,0x321e,0x62f W2=0x24e8,0x3fec,0x8b4
  r61_witness[15] r61=17 tail=26 gh60=0x79e7cea W1=0xe12,0xcd9,0x218e W2=0xd1f,0x59,0x2d04

D60=0 fiber histogram: 1:8072 2:4803 3:1655 4:1124 5:400 6:220 7:75 8:82 9:32 10:24 11:5 12:8 13:3 14:5 16:1
