free_word_mitm_reducedn
N=14 mask=0x3fff msb=0x2000
candidate: M0=0x3d36 mode=random-fallback fill=0x3fff kernel=dM0=dM9=0x2000
prefixes=32768/268435456 mode=permuted-prefix-sample w59_per_prefix=16384 total=536870912
run_mode=scan registry_cap=16
sample_start=11042816
scan_elapsed=21.837s rate=24.58 Mtriples/s

D60 interface
  D60=0 matches: 32421 (random expectation 32768.0, enrichment 0.989x)
  prefixes with D60=0: 16469
  max D60=0 fiber per prefix: 21 at W57=0x7c3 W58=0xeb9
  largest D60 bucket: D=0x2d4c count=33718
  min D60 HW: 0
  D60 HW histogram: 0:32421 1:455664 2:2973120 3:11907771 4:32790499 5:65645451 6:98461788 7:112530234 8:98421892 9:65546522 10:32743774 11:11902983 12:2970787 13:455611 14:32395

Tail closure among D60=0 matches
  final tail collisions: 0
  best r61 HW: 14
  best r61 W1[57..59]=0x3ba0,0x53e,0x2080
  best r61 W2[57..59]=0x3aad,0xbfd,0x155e
  best tail HW: 22
  best tail r61 HW: 16
  best W1[57..59]=0x1f4f,0x5e0,0x382f
  best W2[57..59]=0x1e5c,0x381b,0x3eb0

SUMMARY N=14 sample_start=11042816 prefixes=32768 total=536870912 d0=32421 best_tail=22 tail_r61=16 best_r61=14 tail_W1=0x1f4f,0x5e0,0x382f tail_W2=0x1e5c,0x381b,0x3eb0 r61_W1=0x3ba0,0x53e,0x2080 r61_W2=0x3aad,0xbfd,0x155e

Scan-only witness registry
  registry_count=16 registry_cap=16
  witness[00] tail=22 r61=16 gh60=0xd979f6e W1=0x1f4f,0x5e0,0x382f W2=0x1e5c,0x381b,0x3eb0
  witness[01] tail=24 r61=14 gh60=0xcaa87ba W1=0x1375,0x343b,0x2989 W2=0x1282,0x377d,0x37ea
  witness[02] tail=24 r61=20 gh60=0xcae849a W1=0x1505,0xe41,0x35fb W2=0x1412,0x48a,0x3f3e
  witness[03] tail=24 r61=22 gh60=0x4b7c5ea W1=0x22a2,0x3626,0x12ae W2=0x21af,0x35d,0x60f
  witness[04] tail=24 r61=28 gh60=0xcae84a6 W1=0x1443,0x280f,0x38e9 W2=0x1350,0x68a,0x3aaa
  witness[05] tail=25 r61=15 gh60=0x463c4ea W1=0x1c0e,0x11e3,0x1898 W2=0x1b1b,0x279e,0x18a7
  witness[06] tail=25 r61=18 gh60=0x7634cee W1=0x2820,0x18b4,0x369f W2=0x272d,0x3480,0x194e
  witness[07] tail=25 r61=19 gh60=0xc60fc9a W1=0x110a,0x3a8c,0x2d69 W2=0x1017,0xb91,0x1b71
  witness[08] tail=25 r61=19 gh60=0x3b55b9e W1=0x3dc8,0x2de9,0x9c0 W2=0x3cd5,0x273e,0x1ce4
  witness[09] tail=25 r61=20 gh60=0x4d05d66 W1=0xcc,0x3b9f,0x7c3 W2=0x3fd9,0x29c8,0x35fe
  witness[10] tail=25 r61=20 gh60=0xc667ba6 W1=0x1184,0x12dd,0x183b W2=0x1091,0x5d8,0x240b
  witness[11] tail=25 r61=22 gh60=0xccbbdba W1=0x30b5,0x331f,0x3b6d W2=0x2fc2,0x96e,0xa48
  witness[12] tail=25 r61=23 gh60=0xcf15b6e W1=0x3dd0,0x3463,0x1b38 W2=0x3cdd,0x287f,0x23bf
  witness[13] tail=25 r61=25 gh60=0xcbaccba W1=0x38f6,0x3207,0x311e W2=0x3803,0x2487,0x19fa
  witness[14] tail=25 r61=26 gh60=0x4af4dfe W1=0x3898,0x3837,0x221e W2=0x37a5,0x877,0x3e6d
  witness[15] tail=25 r61=30 gh60=0xbb7449e W1=0x3228,0x3504,0x1308 W2=0x3135,0x130,0x315f

Scan-only r61 registry
  registry_count=16 registry_cap=16
  r61_witness[00] r61=14 tail=24 gh60=0xcaa87ba W1=0x1375,0x343b,0x2989 W2=0x1282,0x377d,0x37ea
  r61_witness[01] r61=14 tail=27 gh60=0xd8a9cbe W1=0x2137,0x36d0,0x2002 W2=0x2044,0x2f2f,0x5f2
  r61_witness[02] r61=14 tail=33 gh60=0x4a747ee W1=0x3ba0,0x53e,0x2080 W2=0x3aad,0xbfd,0x155e
  r61_witness[03] r61=15 tail=25 gh60=0x463c4ea W1=0x1c0e,0x11e3,0x1898 W2=0x1b1b,0x279e,0x18a7
  r61_witness[04] r61=15 tail=27 gh60=0x5c885aa W1=0x32b1,0x3055,0x143f W2=0x31be,0x3b6d,0x2bd6
  r61_witness[05] r61=15 tail=32 gh60=0x4a844ba W1=0x24fa,0xd83,0x2f0c W2=0x2407,0x34ba,0xd14
  r61_witness[06] r61=16 tail=22 gh60=0xd979f6e W1=0x1f4f,0x5e0,0x382f W2=0x1e5c,0x381b,0x3eb0
  r61_witness[07] r61=16 tail=29 gh60=0x4a89caa W1=0xf1,0xa8e,0xb0f W2=0x3ffe,0xed1,0x2423
  r61_witness[08] r61=16 tail=29 gh60=0x3b987aa W1=0x3bad,0xbf,0x17b5 W2=0x3aba,0x413,0x3754
  r61_witness[09] r61=16 tail=30 gh60=0xca08de6 W1=0x89b,0x28b0,0x27a W2=0x7a8,0x185e,0x311
  r61_witness[10] r61=16 tail=32 gh60=0x4614dea W1=0x368e,0x5e0,0xcea W2=0x359b,0x13c4,0xb89
  r61_witness[11] r61=16 tail=32 gh60=0x4a05de6 W1=0x3e9c,0x4a3,0x309b W2=0x3da9,0x1cd0,0x2ee8
  r61_witness[12] r61=16 tail=33 gh60=0x4c985aa W1=0x2cb1,0x233b,0x1981 W2=0x2bbe,0x1f53,0x3c9b
  r61_witness[13] r61=16 tail=34 gh60=0x44785aa W1=0x34ad,0x3561,0x2321 W2=0x33ba,0x12f5,0x3440
  r61_witness[14] r61=16 tail=34 gh60=0x46045e6 W1=0x3c9c,0x430,0x3366 W2=0x3ba9,0x6dc,0x2d7
  r61_witness[15] r61=16 tail=36 gh60=0x460bce6 W1=0x111b,0x394a,0x2ff7 W2=0x1028,0x26d2,0x3f21

D60=0 fiber histogram: 1:7930 2:4838 3:1791 4:1069 5:410 6:210 7:79 8:74 9:28 10:16 11:10 12:5 13:6 14:1 16:1 21:1
