free_word_mitm_reducedn
N=14 mask=0x3fff msb=0x2000
candidate: M0=0x3d36 mode=random-fallback fill=0x3fff kernel=dM0=dM9=0x2000
prefixes=32768/268435456 mode=permuted-prefix-sample w59_per_prefix=16384 total=536870912
run_mode=scan registry_cap=16
sample_start=220758016
scan_elapsed=21.744s rate=24.69 Mtriples/s

D60 interface
  D60=0 matches: 32019 (random expectation 32768.0, enrichment 0.977x)
  prefixes with D60=0: 16282
  max D60=0 fiber per prefix: 18 at W57=0xf73 W58=0x25d6
  largest D60 bucket: D=0xce2 count=33855
  min D60 HW: 0
  D60 HW histogram: 0:32019 1:455652 2:2979227 3:11931072 4:32826255 5:65649170 6:98451704 7:112498575 8:98383064 9:65552689 10:32761690 11:11892173 12:2970373 13:454513 14:32736

Tail closure among D60=0 matches
  final tail collisions: 0
  best r61 HW: 13
  best r61 W1[57..59]=0x3643,0x862,0x1a0
  best r61 W2[57..59]=0x3550,0x89e,0x3d14
  best tail HW: 18
  best tail r61 HW: 13
  best W1[57..59]=0xd2d,0x3b16,0x3652
  best W2[57..59]=0xc3a,0x112,0x171d

SUMMARY N=14 sample_start=220758016 prefixes=32768 total=536870912 d0=32019 best_tail=18 tail_r61=13 best_r61=13 tail_W1=0xd2d,0x3b16,0x3652 tail_W2=0xc3a,0x112,0x171d r61_W1=0x3643,0x862,0x1a0 r61_W2=0x3550,0x89e,0x3d14

Scan-only witness registry
  registry_count=16 registry_cap=16
  witness[00] tail=18 r61=13 gh60=0x49884aa W1=0xd2d,0x3b16,0x3652 W2=0xc3a,0x112,0x171d
  witness[01] tail=22 r61=19 gh60=0xc907b7a W1=0x315a,0x2306,0x613 W2=0x3067,0x3ffa,0xb88
  witness[02] tail=23 r61=21 gh60=0xcda8dba W1=0x38b9,0x1de9,0x3a31 W2=0x37c6,0x7c4,0x2ee1
  witness[03] tail=24 r61=19 gh60=0xdb244aa W1=0x242,0x2ce2,0x1219 W2=0x14f,0x2ff7,0x13f
  witness[04] tail=24 r61=20 gh60=0xc539d6a W1=0x1e51,0x530,0x303f W2=0x1d5e,0x91b,0x3ef4
  witness[05] tail=24 r61=20 gh60=0x5929c9e W1=0x3f47,0x1b5b,0x3bcc W2=0x3e54,0x140f,0x2cf8
  witness[06] tail=25 r61=20 gh60=0xc898caa W1=0x193d,0x2629,0x2461 W2=0x184a,0x3894,0x1619
  witness[07] tail=25 r61=20 gh60=0x4e55bbe W1=0x2178,0x22b,0x12ab W2=0x2085,0x34c3,0x173a
  witness[08] tail=25 r61=21 gh60=0x5a384fe W1=0x3417,0x14a4,0x3c77 W2=0x3324,0x35cc,0x60d
  witness[09] tail=25 r61=22 gh60=0xbe84ca6 W1=0x8fc,0x15c9,0x142f W2=0x809,0x3f56,0x387a
  witness[10] tail=25 r61=23 gh60=0x4be4daa W1=0x682,0x352f,0x1ac4 W2=0x58f,0x51b,0x1313
  witness[11] tail=25 r61=23 gh60=0x4614cea W1=0x261e,0x1298,0x19d8 W2=0x252b,0x1c44,0x30f7
  witness[12] tail=25 r61=23 gh60=0x5994cae W1=0x2730,0x54f,0x1e0f W2=0x263d,0x31af,0x3ac7
  witness[13] tail=25 r61=25 gh60=0xb70856e W1=0x124f,0x768,0x1d4d W2=0x115c,0x3492,0x15d2
  witness[14] tail=25 r61=25 gh60=0xd9b9fe6 W1=0x3fa3,0x3582,0x33ba W2=0x3eb0,0x1b6e,0x3f59
  witness[15] tail=25 r61=26 gh60=0xd52bd7a W1=0x1055,0x2dc6,0x1148 W2=0xf62,0x611,0x3ae4

Scan-only r61 registry
  registry_count=16 registry_cap=16
  r61_witness[00] r61=13 tail=18 gh60=0x49884aa W1=0xd2d,0x3b16,0x3652 W2=0xc3a,0x112,0x171d
  r61_witness[01] r61=13 tail=32 gh60=0x4528ca6 W1=0x3643,0x862,0x1a0 W2=0x3550,0x89e,0x3d14
  r61_witness[02] r61=13 tail=35 gh60=0x4e0bcea W1=0xe1d,0x2c66,0x2ca0 W2=0xd2a,0x1f9d,0x3000
  r61_witness[03] r61=14 tail=31 gh60=0xc908b6e W1=0x95f,0x88b,0x3329 W2=0x86c,0x29e,0x145f
  r61_witness[04] r61=14 tail=33 gh60=0x562cbfe W1=0x1598,0x5ca,0x3242 W2=0x14a5,0xb5a,0x254f
  r61_witness[05] r61=15 tail=30 gh60=0x4528ca6 W1=0x3643,0x862,0x1b80 W2=0x3550,0x89e,0x16f4
  r61_witness[06] r61=15 tail=34 gh60=0x491bb6a W1=0x3151,0x2ac2,0xc84 W2=0x305e,0x17c1,0xbe
  r61_witness[07] r61=15 tail=35 gh60=0xc618de6 W1=0x1693,0x12f2,0x3eae W2=0x15a0,0x1cc0,0x24fa
  r61_witness[08] r61=16 tail=27 gh60=0x4c84ca6 W1=0x163c,0x31bd,0x1e69 W2=0x1549,0x224a,0x2b05
  r61_witness[09] r61=16 tail=29 gh60=0x490bf6a W1=0x2fdd,0x3328,0x5a0 W2=0x2eea,0x1233,0x133e
  r61_witness[10] r61=16 tail=30 gh60=0x4e2bcfe W1=0x2f17,0x9b9,0x14ee W2=0x2e24,0x3290,0x2c3d
  r61_witness[11] r61=17 tail=27 gh60=0x4e1fcea W1=0x300e,0x13a4,0x13bc W2=0x2f1b,0xad8,0x648
  r61_witness[12] r61=17 tail=29 gh60=0x4607de6 W1=0xe9c,0x3da9,0x1f24 W2=0xda9,0xd2,0x2eb9
  r61_witness[13] r61=17 tail=31 gh60=0x4a2bdfe W1=0xe97,0xc8d,0x268c W2=0xda4,0x3f4c,0x21b5
  r61_witness[14] r61=17 tail=31 gh60=0x5d97cae W1=0x2e00,0x1e10,0x2710 W2=0x2d0d,0x2b68,0x3438
  r61_witness[15] r61=17 tail=32 gh60=0x4654fbe W1=0x2778,0xb5a,0x3a29 W2=0x2685,0x236,0x3f68

D60=0 fiber histogram: 1:8000 2:4627 3:1751 4:1064 5:395 6:206 7:90 8:65 9:33 10:23 11:6 12:7 13:5 14:3 15:3 16:3 18:1
