free_word_mitm_reducedn
N=14 mask=0x3fff msb=0x2000
candidate: M0=0x3d36 mode=random-fallback fill=0x3fff kernel=dM0=dM9=0x2000
prefixes=32768/268435456 mode=permuted-prefix-sample w59_per_prefix=16384 total=536870912
run_mode=scan registry_cap=16
sample_start=29949952
scan_elapsed=15.134s rate=35.47 Mtriples/s

D60 interface
  D60=0 matches: 32565 (random expectation 32768.0, enrichment 0.994x)
  prefixes with D60=0: 16463
  max D60=0 fiber per prefix: 17 at W57=0xccb W58=0x36c8
  largest D60 bucket: D=0x2c76 count=33714
  min D60 HW: 0
  D60 HW histogram: 0:32565 1:458281 2:2980255 3:11918300 4:32794087 5:65612505 6:98417075 7:112499299 8:98422178 9:65588300 10:32777262 11:11907399 12:2973509 13:457166 14:32731

Tail closure among D60=0 matches
  final tail collisions: 0
  best r61 HW: 14
  best r61 W1[57..59]=0x2001,0x35c8,0x33d4
  best r61 W2[57..59]=0x1f0e,0x3a37,0x21d6
  best tail HW: 15
  best tail r61 HW: 21
  best W1[57..59]=0x1179,0x119a,0x6f5
  best W2[57..59]=0x1086,0x125,0x21c5

SUMMARY N=14 sample_start=29949952 prefixes=32768 total=536870912 d0=32565 best_tail=15 tail_r61=21 best_r61=14 tail_W1=0x1179,0x119a,0x6f5 tail_W2=0x1086,0x125,0x21c5 r61_W1=0x2001,0x35c8,0x33d4 r61_W2=0x1f0e,0x3a37,0x21d6

Scan-only witness registry
  registry_count=16 registry_cap=16
  witness[00] tail=15 r61=21 gh60=0x4ebbbba W1=0x1179,0x119a,0x6f5 W2=0x1086,0x125,0x21c5
  witness[01] tail=22 r61=22 gh60=0x599c4a6 W1=0x3b3c,0x375c,0x607 W2=0x3a49,0x17a8,0x3c5a
  witness[02] tail=22 r61=23 gh60=0xfd3856a W1=0x3c5d,0x53d,0xd23 W2=0x3b6a,0x1b3f,0x14c7
  witness[03] tail=23 r61=22 gh60=0x5be9b7a W1=0x2155,0xba4,0x23cc W2=0x2062,0x3bdf,0x116d
  witness[04] tail=24 r61=15 gh60=0x48ecb9a W1=0x35a6,0x31b4,0x14e3 W2=0x34b3,0xcf,0xa2f
  witness[05] tail=24 r61=18 gh60=0xcde849a W1=0xb05,0xb2a,0x17aa W2=0xa12,0x3379,0x381f
  witness[06] tail=24 r61=24 gh60=0xcbabc9e W1=0x2ee7,0x17b1,0x16fb W2=0x2df4,0x3ea1,0xcf5
  witness[07] tail=25 r61=15 gh60=0x5708766 W1=0x13cb,0x226,0x17f6 W2=0x12d8,0x3de3,0x13ba
  witness[08] tail=25 r61=21 gh60=0xf65449a W1=0x1306,0xa81,0x8ce W2=0x1213,0x34f,0x1296
  witness[09] tail=25 r61=22 gh60=0x4978b6e W1=0x19cf,0x127d,0x370d W2=0x18dc,0x18a0,0x3306
  witness[10] tail=25 r61=23 gh60=0x7ee87fa W1=0xb95,0x1b2b,0xcbf W2=0xaa2,0xa77,0x293f
  witness[11] tail=25 r61=24 gh60=0x4fd87be W1=0xbb7,0x1c92,0x3959 W2=0xac4,0x1768,0x2317
  witness[12] tail=26 r61=18 gh60=0x4904766 W1=0x1b4c,0x646,0x1f0d W2=0x1a59,0x3f7e,0x1d32
  witness[13] tail=26 r61=18 gh60=0x4a0dcee W1=0x1f20,0x1fa2,0x180b W2=0x1e2d,0xbfa,0xd6f
  witness[14] tail=26 r61=19 gh60=0xb885c9a W1=0x3f2a,0x7ba,0x1694 W2=0x3e37,0x2dfb,0x24db
  witness[15] tail=26 r61=20 gh60=0xfa084ea W1=0x131d,0x33fb,0x29d9 W2=0x122a,0xc5d,0x20f5

Scan-only r61 registry
  registry_count=16 registry_cap=16
  r61_witness[00] r61=14 tail=30 gh60=0xca89caa W1=0x2001,0x35c8,0x33d4 W2=0x1f0e,0x3a37,0x21d6
  r61_witness[01] r61=15 tail=24 gh60=0x48ecb9a W1=0x35a6,0x31b4,0x14e3 W2=0x34b3,0xcf,0xa2f
  r61_witness[02] r61=15 tail=25 gh60=0x5708766 W1=0x13cb,0x226,0x17f6 W2=0x12d8,0x3de3,0x13ba
  r61_witness[03] r61=15 tail=28 gh60=0x5a084e6 W1=0x3b0b,0x16e0,0x12b5 W2=0x3a18,0x8b7,0x21c4
  r61_witness[04] r61=15 tail=29 gh60=0xc8987aa W1=0x3c1,0x3913,0x3f3c W2=0x2ce,0x3a5b,0x2163
  r61_witness[05] r61=15 tail=33 gh60=0xba05cfa W1=0x1f1a,0x3cbc,0x395c W2=0x1e27,0x2178,0x1104
  r61_witness[06] r61=15 tail=37 gh60=0x59d8f7e W1=0x757,0x3a5d,0x1782 W2=0x664,0x36a0,0xfb4
  r61_witness[07] r61=16 tail=29 gh60=0x4934b7a W1=0x25d6,0x161,0x3874 W2=0x24e3,0x3b65,0x3896
  r61_witness[08] r61=16 tail=30 gh60=0x5918b66 W1=0x195b,0x20fd,0x190 W2=0x1868,0x2ec7,0x336e
  r61_witness[09] r61=16 tail=31 gh60=0xc588caa W1=0x62d,0x2c62,0x35f9 W2=0x53a,0x349d,0x608
  r61_witness[10] r61=16 tail=31 gh60=0xc969f7a W1=0x1fd5,0xa53,0x8a2 W2=0x1ee2,0x3476,0x571
  r61_witness[11] r61=16 tail=32 gh60=0xca184a6 W1=0x403,0x1c38,0x3621 W2=0x310,0x2a33,0x22d1
  r61_witness[12] r61=16 tail=36 gh60=0x488bfaa W1=0xfc1,0xf5c,0x1116 W2=0xece,0x467,0x21a2
  r61_witness[13] r61=16 tail=36 gh60=0xd6085e6 W1=0x1a9b,0x1ed2,0x3329 W2=0x19a8,0x57d,0x36f0
  r61_witness[14] r61=16 tail=36 gh60=0x4a0bbe6 W1=0x2d8b,0x3770,0x3a9 W2=0x2c98,0x3440,0xacb
  r61_witness[15] r61=16 tail=37 gh60=0x46185e6 W1=0xc93,0x3db1,0x3edb W2=0xba0,0x107a,0x1324

D60=0 fiber histogram: 1:8018 2:4670 3:1806 4:1114 5:403 6:212 7:87 8:71 9:35 10:14 11:9 12:12 13:6 14:2 16:3 17:1
