free_word_mitm_reducedn
N=14 mask=0x3fff msb=0x2000
candidate: M0=0x3d36 mode=random-fallback fill=0x3fff kernel=dM0=dM9=0x2000
prefixes=32768/268435456 mode=permuted-prefix-sample w59_per_prefix=16384 total=536870912
run_mode=scan registry_cap=16
sample_start=139001856
scan_elapsed=15.513s rate=34.61 Mtriples/s

D60 interface
  D60=0 matches: 32740 (random expectation 32768.0, enrichment 0.999x)
  prefixes with D60=0: 16562
  max D60=0 fiber per prefix: 22 at W57=0x3f4c W58=0x2f0c
  largest D60 bucket: D=0x11c8 count=33792
  min D60 HW: 0
  D60 HW histogram: 0:32740 1:457001 2:2977691 3:11920826 4:32790371 5:65606517 6:98456760 7:112506799 8:98397647 9:65576406 10:32765507 11:11915443 12:2975541 13:459004 14:32659

Tail closure among D60=0 matches
  final tail collisions: 0
  best r61 HW: 14
  best r61 W1[57..59]=0x27a1,0x7f1,0x3f7b
  best r61 W2[57..59]=0x26ae,0x374,0x3c9c
  best tail HW: 19
  best tail r61 HW: 20
  best W1[57..59]=0x2daf,0x3e6b,0x21ab
  best W2[57..59]=0x2cbc,0x2a82,0x881

SUMMARY N=14 sample_start=139001856 prefixes=32768 total=536870912 d0=32740 best_tail=19 tail_r61=20 best_r61=14 tail_W1=0x2daf,0x3e6b,0x21ab tail_W2=0x2cbc,0x2a82,0x881 r61_W1=0x27a1,0x7f1,0x3f7b r61_W2=0x26ae,0x374,0x3c9c

Scan-only witness registry
  registry_count=16 registry_cap=16
  witness[00] tail=19 r61=20 gh60=0xf89bbae W1=0x2daf,0x3e6b,0x21ab W2=0x2cbc,0x2a82,0x881
  witness[01] tail=22 r61=14 gh60=0xba08fea W1=0x27a1,0x7f1,0x3f7b W2=0x26ae,0x374,0x3c9c
  witness[02] tail=23 r61=21 gh60=0x47e7fea W1=0xf92,0x385f,0x287d W2=0xe9f,0x19ef,0x262
  witness[03] tail=24 r61=17 gh60=0x5a184ea W1=0x1d11,0x1e2f,0x2d72 W2=0x1c1e,0x37e9,0x265e
  witness[04] tail=24 r61=17 gh60=0x4ae4f6a W1=0x3762,0x1544,0x2297 W2=0x366f,0x1180,0x21b0
  witness[05] tail=24 r61=18 gh60=0x46dfdfe W1=0x2e98,0x1b0b,0x15c9 W2=0x2da5,0x17d3,0x3fba
  witness[06] tail=24 r61=19 gh60=0x4f6c4ea W1=0x2a22,0x3d3b,0x38af W2=0x292f,0x4ca,0x27c4
  witness[07] tail=24 r61=19 gh60=0xc60dc9a W1=0x3f0a,0xfd2,0xd12 W2=0x3e17,0x30db,0x85e
  witness[08] tail=24 r61=20 gh60=0xcde4ca6 W1=0x3644,0x1100,0x1823 W2=0x3551,0x213d,0x704
  witness[09] tail=24 r61=21 gh60=0x49fbc9a W1=0xf29,0x1ae1,0x613 W2=0xe36,0x2d31,0x25eb
  witness[10] tail=24 r61=25 gh60=0x7d6857a W1=0x455,0x323c,0x38f3 W2=0x362,0x1ecc,0x3b3c
  witness[11] tail=24 r61=25 gh60=0x4f18766 W1=0x1bd3,0x3c18,0x1c3c W2=0x1ae0,0x39e5,0x34ca
  witness[12] tail=24 r61=26 gh60=0xc9f8c9e W1=0x6e7,0x2a2f,0x3a0f W2=0x5f4,0x2599,0x2f8a
  witness[13] tail=25 r61=18 gh60=0x488cbaa W1=0x5be,0xdfe,0x142a W2=0x4cb,0xdf6,0x2435
  witness[14] tail=25 r61=25 gh60=0xc9ffffa W1=0xf9a,0x3ed9,0x3721 W2=0xea7,0x1f5d,0x3c6b
  witness[15] tail=25 r61=26 gh60=0x7a54cbe W1=0x27f8,0x2926,0x2797 W2=0x2705,0x238a,0x1bdf

Scan-only r61 registry
  registry_count=16 registry_cap=16
  r61_witness[00] r61=14 tail=22 gh60=0xba08fea W1=0x27a1,0x7f1,0x3f7b W2=0x26ae,0x374,0x3c9c
  r61_witness[01] r61=14 tail=30 gh60=0x4ca859a W1=0x2ca9,0x156b,0x20e W2=0x2bb6,0x3390,0xfe5
  r61_witness[02] r61=14 tail=32 gh60=0x4a2fdaa W1=0x1082,0x29af,0x32b7 W2=0xf8f,0x2b23,0x3ea0
  r61_witness[03] r61=14 tail=35 gh60=0xc887c9a W1=0xf2a,0x8c0,0x1a78 W2=0xe37,0x1705,0x202a
  r61_witness[04] r61=15 tail=31 gh60=0x3924b6a W1=0x552,0x22f8,0x15f7 W2=0x45f,0xd44,0x1ede
  r61_witness[05] r61=15 tail=31 gh60=0x4998caa W1=0x941,0x2520,0x8d3 W2=0x84e,0x264f,0x114a
  r61_witness[06] r61=15 tail=33 gh60=0xca09bea W1=0x1d91,0x1d51,0x1068 W2=0x1c9e,0x1e20,0x295f
  r61_witness[07] r61=16 tail=27 gh60=0x4aa7caa W1=0xff2,0x19ae,0x1495 W2=0xeff,0xb2e,0x18e4
  r61_witness[08] r61=16 tail=27 gh60=0x7907b7a W1=0x2d5a,0x38f4,0x2397 W2=0x2c67,0x1a28,0x2a6f
  r61_witness[09] r61=16 tail=28 gh60=0x4a09cee W1=0x1f,0x1012,0x772 W2=0x3f2c,0x3a69,0x286e
  r61_witness[10] r61=16 tail=28 gh60=0x491ff6a W1=0xf4e,0x31a6,0x3f5f W2=0xe5b,0x1ec6,0x2ffd
  r61_witness[11] r61=16 tail=29 gh60=0x4b18f6a W1=0x275d,0x138,0x115d W2=0x266a,0x343f,0x3b2a
  r61_witness[12] r61=16 tail=30 gh60=0xcb247aa W1=0x1bc2,0x145,0x25b3 W2=0x1acf,0x1a2,0xf39
  r61_witness[13] r61=16 tail=32 gh60=0x4af4dae W1=0x880,0x34a3,0x2c78 W2=0x78d,0x164b,0x3da1
  r61_witness[14] r61=16 tail=32 gh60=0x4a88ca6 W1=0x38fb,0x1fb8,0x1ae6 W2=0x3808,0x2a44,0x31dd
  r61_witness[15] r61=16 tail=34 gh60=0x4b08b6a W1=0x951,0x39ea,0x3001 W2=0x85e,0x33f1,0x38e6

D60=0 fiber histogram: 1:7965 2:4849 3:1770 4:1135 5:398 6:215 7:83 8:67 9:32 10:26 11:5 12:8 13:5 14:2 16:1 22:1
