free_word_mitm_reducedn
N=14 mask=0x3fff msb=0x2000
candidate: M0=0x3d36 mode=random-fallback fill=0x3fff kernel=dM0=dM9=0x2000
prefixes=32768/268435456 mode=permuted-prefix-sample w59_per_prefix=16384 total=536870912
run_mode=scan registry_cap=16
sample_start=105447424
scan_elapsed=15.643s rate=34.32 Mtriples/s

D60 interface
  D60=0 matches: 32524 (random expectation 32768.0, enrichment 0.993x)
  prefixes with D60=0: 16436
  max D60=0 fiber per prefix: 20 at W57=0x3dc5 W58=0x2d20
  largest D60 bucket: D=0x2b4a count=33700
  min D60 HW: 0
  D60 HW histogram: 0:32524 1:457228 2:2976328 3:11915293 4:32812704 5:65653598 6:98475963 7:112499839 8:98358661 9:65533353 10:32769934 11:11914605 12:2980235 13:458136 14:32511

Tail closure among D60=0 matches
  final tail collisions: 0
  best r61 HW: 15
  best r61 W1[57..59]=0x2887,0x2733,0x22f7
  best r61 W2[57..59]=0x2794,0x28cd,0x34d6
  best tail HW: 22
  best tail r61 HW: 20
  best W1[57..59]=0x3522,0x2955,0x1763
  best W2[57..59]=0x342f,0x3e30,0x11a6

SUMMARY N=14 sample_start=105447424 prefixes=32768 total=536870912 d0=32524 best_tail=22 tail_r61=20 best_r61=15 tail_W1=0x3522,0x2955,0x1763 tail_W2=0x342f,0x3e30,0x11a6 r61_W1=0x2887,0x2733,0x22f7 r61_W2=0x2794,0x28cd,0x34d6

Scan-only witness registry
  registry_count=16 registry_cap=16
  witness[00] tail=22 r61=20 gh60=0x48e44ea W1=0x3522,0x2955,0x1763 W2=0x342f,0x3e30,0x11a6
  witness[01] tail=23 r61=21 gh60=0xcb984ae W1=0x1d2f,0x3844,0x18e8 W2=0x1c3c,0x2564,0x1f
  witness[02] tail=23 r61=23 gh60=0xfeb5bae W1=0x1d80,0x3a7e,0x35c6 W2=0x1c8d,0x3006,0x1f2e
  witness[03] tail=23 r61=23 gh60=0xf6a879a W1=0x2b65,0x2483,0x11fc W2=0x2a72,0x16d0,0x221e
  witness[04] tail=24 r61=22 gh60=0x59f4b6e W1=0x960,0x2d14,0x122c W2=0x86d,0x2328,0x3d91
  witness[05] tail=25 r61=18 gh60=0xce8cca6 W1=0x35fc,0x26e0,0x3d55 W2=0x3509,0x17ed,0x19dc
  witness[06] tail=25 r61=20 gh60=0x4a745fe W1=0x3c98,0x9c7,0x349a W2=0x3ba5,0x1d88,0xbfe
  witness[07] tail=25 r61=21 gh60=0xc79cfa6 W1=0x27bc,0x4d2,0x2cc W2=0x26c9,0x2a07,0x3bc5
  witness[08] tail=25 r61=23 gh60=0x4d6859e W1=0x2ca7,0xdc2,0x326 W2=0x2bb4,0x1407,0x3abb
  witness[09] tail=25 r61=23 gh60=0x453fd66 W1=0x2ed4,0x2f5f,0x38ac W2=0x2de1,0x18bc,0x268b
  witness[10] tail=25 r61=24 gh60=0xc93bb66 W1=0x11db,0x8a7,0x34d2 W2=0x10e8,0x3af3,0x3d32
  witness[11] tail=25 r61=25 gh60=0x553cd6a W1=0x8de,0xe49,0x5e9 W2=0x7eb,0x9a5,0x3ee6
  witness[12] tail=25 r61=25 gh60=0xfab87a6 W1=0x3373,0x2731,0x2328 W2=0x3280,0x2104,0x1842
  witness[13] tail=25 r61=28 gh60=0xdee84be W1=0x2f7,0x667,0x1c57 W2=0x204,0x609,0x1a92
  witness[14] tail=25 r61=30 gh60=0xdb5fd7e W1=0x2ed8,0x2eb1,0xce8 W2=0x2de5,0x2701,0x1282
  witness[15] tail=26 r61=15 gh60=0xca084ee W1=0x320f,0x3c8b,0x306f W2=0x311c,0x3c35,0x8a4

Scan-only r61 registry
  registry_count=16 registry_cap=16
  r61_witness[00] r61=15 tail=26 gh60=0xca084ee W1=0x320f,0x3c8b,0x306f W2=0x311c,0x3c35,0x8a4
  r61_witness[01] r61=15 tail=32 gh60=0x4a0449a W1=0x3a0a,0x18fc,0x26da W2=0x3917,0xd48,0x255d
  r61_witness[02] r61=15 tail=34 gh60=0x4a28d9e W1=0x2887,0x2733,0x22f7 W2=0x2794,0x28cd,0x34d6
  r61_witness[03] r61=15 tail=35 gh60=0xd884b9a W1=0x9aa,0x16b3,0x2517 W2=0x8b7,0x1c6,0x3871
  r61_witness[04] r61=16 tail=27 gh60=0x54884aa W1=0x22d,0x1da6,0x78e W2=0x13a,0x1fe2,0x13d6
  r61_witness[05] r61=16 tail=27 gh60=0xc90bf6a W1=0x2f5d,0x2ab0,0x10fb W2=0x2e6a,0x9bb,0x2f95
  r61_witness[06] r61=16 tail=29 gh60=0x59a849a W1=0x3529,0x1f0,0x3d9 W2=0x3436,0x37bb,0x2276
  r61_witness[07] r61=16 tail=31 gh60=0x76284fe W1=0x1317,0x72a,0xe7b W2=0x1224,0x18c2,0x340c
  r61_witness[08] r61=16 tail=32 gh60=0x48844a6 W1=0x3d3c,0x31cf,0x38ca W2=0x3c49,0x301b,0x37ea
  r61_witness[09] r61=16 tail=33 gh60=0x4a8c4a6 W1=0x31ec,0xd45,0x2310 W2=0x30f9,0x3923,0x1b25
  r61_witness[10] r61=16 tail=34 gh60=0x4609dea W1=0x1e91,0x3780,0xff6 W2=0x1d9e,0x37df,0x814
  r61_witness[11] r61=16 tail=35 gh60=0xc608cea W1=0x390d,0x2840,0x2320 W2=0x381a,0x3c37,0x3789
  r61_witness[12] r61=16 tail=36 gh60=0x490bb66 W1=0x11cb,0x3bb3,0x30d6 W2=0x10d8,0x2f0f,0x34d3
  r61_witness[13] r61=16 tail=36 gh60=0x44a9c9a W1=0x3e25,0xa84,0x2005 W2=0x3d32,0x30cc,0x97a
  r61_witness[14] r61=16 tail=38 gh60=0x7c845a6 W1=0x3aac,0x1985,0x3437 W2=0x39b9,0x3ec9,0x3a8e
  r61_witness[15] r61=17 tail=26 gh60=0xcd0856a W1=0x1451,0x2604,0x1962 W2=0x135e,0x358e,0x1ac6

D60=0 fiber histogram: 1:7972 2:4732 3:1729 4:1152 5:394 6:227 7:82 8:67 9:42 10:13 11:7 12:8 13:2 14:3 15:1 16:3 19:1 20:1
