free_word_mitm_reducedn
N=14 mask=0x3fff msb=0x2000
candidate: M0=0x3d36 mode=random-fallback fill=0x3fff kernel=dM0=dM9=0x2000
prefixes=32768/268435456 mode=permuted-prefix-sample w59_per_prefix=16384 total=536870912
run_mode=scan registry_cap=16
sample_start=130613248
scan_elapsed=15.479s rate=34.68 Mtriples/s

D60 interface
  D60=0 matches: 32320 (random expectation 32768.0, enrichment 0.986x)
  prefixes with D60=0: 16448
  max D60=0 fiber per prefix: 17 at W57=0x3b0e W58=0x2053
  largest D60 bucket: D=0x2a86 count=33764
  min D60 HW: 0
  D60 HW histogram: 0:32320 1:457452 2:2981043 3:11936047 4:32831649 5:65660474 6:98460221 7:112512760 8:98379997 9:65535791 10:32729368 11:11890768 12:2973601 13:457106 14:32315

Tail closure among D60=0 matches
  final tail collisions: 0
  best r61 HW: 13
  best r61 W1[57..59]=0x374a,0x1000,0x1837
  best r61 W2[57..59]=0x3657,0x507,0x2c2e
  best tail HW: 23
  best tail r61 HW: 19
  best W1[57..59]=0x37a3,0x1c9f,0x347e
  best W2[57..59]=0x36b0,0x1509,0x1b36

SUMMARY N=14 sample_start=130613248 prefixes=32768 total=536870912 d0=32320 best_tail=23 tail_r61=19 best_r61=13 tail_W1=0x37a3,0x1c9f,0x347e tail_W2=0x36b0,0x1509,0x1b36 r61_W1=0x374a,0x1000,0x1837 r61_W2=0x3657,0x507,0x2c2e

Scan-only witness registry
  registry_count=16 registry_cap=16
  witness[00] tail=23 r61=19 gh60=0x4b68fe6 W1=0x37a3,0x1c9f,0x347e W2=0x36b0,0x1509,0x1b36
  witness[01] tail=23 r61=22 gh60=0x4e29c9a W1=0x9,0x324d,0x33dd W2=0x3f16,0x15a1,0x9a9
  witness[02] tail=23 r61=25 gh60=0xb51c56a W1=0x3a52,0x1d07,0x35bf W2=0x395f,0x36be,0xfac
  witness[03] tail=24 r61=19 gh60=0x7984c9a W1=0x372a,0x322d,0xcef W2=0x3637,0x24ec,0x33ca
  witness[04] tail=24 r61=20 gh60=0x38a44ea W1=0x522,0x65b,0x881 W2=0x42f,0x103a,0x3295
  witness[05] tail=24 r61=22 gh60=0x5a94daa W1=0x266e,0x13c7,0x1fc1 W2=0x257b,0x149f,0x7c9
  witness[06] tail=25 r61=15 gh60=0x4989fae W1=0x1faf,0x39c4,0x1d3f W2=0x1ebc,0x2e1b,0x119f
  witness[07] tail=25 r61=20 gh60=0x5e58b9a W1=0x589,0x3c5a,0x2c91 W2=0x496,0x3d6c,0xf58
  witness[08] tail=25 r61=21 gh60=0xc627da6 W1=0x2e84,0x1cef,0x1c94 W2=0x2d91,0xac2,0x39a
  witness[09] tail=25 r61=21 gh60=0x7a04de6 W1=0x389c,0xa1e,0x27e2 W2=0x37a9,0xac9,0x28a
  witness[10] tail=25 r61=22 gh60=0xd8984a6 W1=0x1d2b,0x3307,0x19b5 W2=0x1c38,0x62,0x16bb
  witness[11] tail=25 r61=22 gh60=0xdf39ba6 W1=0x3dc3,0xb77,0x1c93 W2=0x3cd0,0x10ed,0x102b
  witness[12] tail=25 r61=25 gh60=0x4afc5a6 W1=0x247c,0x9f,0x152c W2=0x2389,0x3845,0x2bae
  witness[13] tail=25 r61=25 gh60=0x770c56a W1=0x2a4e,0x3ac5,0x1d0c W2=0x295b,0x3974,0xd31
  witness[14] tail=26 r61=17 gh60=0x5929ba6 W1=0x1c3,0x1434,0x1aff W2=0xd0,0x16aa,0x361c
  witness[15] tail=26 r61=18 gh60=0x4a1c4fa W1=0x121a,0x1859,0x3e08 W2=0x1127,0x9c6,0x1032

Scan-only r61 registry
  registry_count=16 registry_cap=16
  r61_witness[00] r61=13 tail=33 gh60=0x4904c9a W1=0x374a,0x1000,0x1837 W2=0x3657,0x507,0x2c2e
  r61_witness[01] r61=14 tail=27 gh60=0x4974baa W1=0x19ae,0x3ecb,0x1695 W2=0x18bb,0xb13,0x24e1
  r61_witness[02] r61=14 tail=34 gh60=0x46185e6 W1=0x248b,0x1bc9,0x1fad W2=0x2398,0xe82,0x3506
  r61_witness[03] r61=14 tail=34 gh60=0xca0cde6 W1=0x369c,0x1d5,0x149 W2=0x35a9,0x2900,0x203
  r61_witness[04] r61=14 tail=37 gh60=0xc888baa W1=0x19b1,0x103e,0x1647 W2=0x18be,0x1c55,0xe58
  r61_witness[05] r61=15 tail=25 gh60=0x4989fae W1=0x1faf,0x39c4,0x1d3f W2=0x1ebc,0x2e1b,0x119f
  r61_witness[06] r61=16 tail=27 gh60=0xc92849e W1=0x3d47,0xba7,0x13d4 W2=0x3c54,0x1a1a,0x36f7
  r61_witness[07] r61=16 tail=28 gh60=0xbf09b6a W1=0x151,0x3a87,0x3e61 W2=0x5e,0x318a,0x3741
  r61_witness[08] r61=16 tail=28 gh60=0xdb1c566 W1=0x12cc,0x2dac,0x3de9 W2=0x11d9,0x16fa,0x174f
  r61_witness[09] r61=16 tail=29 gh60=0x4a3449e W1=0xb08,0x1888,0xe1c W2=0xa15,0x28fc,0x3b1a
  r61_witness[10] r61=16 tail=29 gh60=0xc508d6a W1=0x165d,0x3604,0x37e0 W2=0x156a,0x185f,0x543
  r61_witness[11] r61=16 tail=30 gh60=0xcf55d7e W1=0xd8,0x1400,0x3a5d W2=0x3fe5,0x1230,0x2170
  r61_witness[12] r61=16 tail=32 gh60=0xc918b66 W1=0x553,0x26d7,0x2dee W2=0x460,0x34c9,0x15d
  r61_witness[13] r61=16 tail=32 gh60=0xc4b7caa W1=0xe3e,0x3498,0x1818 W2=0xd4b,0x2744,0x20b1
  r61_witness[14] r61=16 tail=33 gh60=0x4a084e6 W1=0x150b,0x3fd1,0x289e W2=0x1418,0xfa6,0x39bd
  r61_witness[15] r61=16 tail=33 gh60=0x58a849e W1=0x1527,0x1a67,0x2be0 W2=0x1434,0x281a,0x2e28

D60=0 fiber histogram: 1:8058 2:4728 3:1726 4:1035 5:450 6:235 7:77 8:71 9:25 10:18 11:9 12:6 13:4 14:2 15:1 16:1 17:2
