free_word_mitm_reducedn
N=14 mask=0x3fff msb=0x2000
candidate: M0=0x3d36 mode=random-fallback fill=0x3fff kernel=dM0=dM9=0x2000
prefixes=32768/268435456 mode=permuted-prefix-sample w59_per_prefix=16384 total=536870912
run_mode=scan registry_cap=16
sample_start=63504384
scan_elapsed=15.727s rate=34.14 Mtriples/s

D60 interface
  D60=0 matches: 32982 (random expectation 32768.0, enrichment 1.007x)
  prefixes with D60=0: 16589
  max D60=0 fiber per prefix: 19 at W57=0x10f6 W58=0x212f
  largest D60 bucket: D=0x960 count=33918
  min D60 HW: 0
  D60 HW histogram: 0:32982 1:457811 2:2983025 3:11948574 4:32839557 5:65681726 6:98464469 7:112482562 8:98349964 9:65527958 10:32745081 11:11892101 12:2973131 13:459430 14:32541

Tail closure among D60=0 matches
  final tail collisions: 0
  best r61 HW: 15
  best r61 W1[57..59]=0x2c91,0x7fd,0x3bd5
  best r61 W2[57..59]=0x2b9e,0x49b,0x2472
  best tail HW: 18
  best tail r61 HW: 20
  best W1[57..59]=0x28f1,0x1ca5,0x1741
  best W2[57..59]=0x27fe,0x1f64,0x2ece

SUMMARY N=14 sample_start=63504384 prefixes=32768 total=536870912 d0=32982 best_tail=18 tail_r61=20 best_r61=15 tail_W1=0x28f1,0x1ca5,0x1741 tail_W2=0x27fe,0x1f64,0x2ece r61_W1=0x2c91,0x7fd,0x3bd5 r61_W2=0x2b9e,0x49b,0x2472

Scan-only witness registry
  registry_count=16 registry_cap=16
  witness[00] tail=18 r61=20 gh60=0xfe98caa W1=0x28f1,0x1ca5,0x1741 W2=0x27fe,0x1f64,0x2ece
  witness[01] tail=22 r61=21 gh60=0x4b78b9e W1=0x25c7,0xe37,0x1ca7 W2=0x24d4,0x4a5,0x16bc
  witness[02] tail=22 r61=25 gh60=0x57e84ba W1=0x3d39,0xa71,0xc58 W2=0x3c46,0x1b3,0x191e
  witness[03] tail=23 r61=15 gh60=0x49584ba W1=0x2b39,0x2af9,0x1bd5 W2=0x2a46,0x11b7,0x317d
  witness[04] tail=23 r61=20 gh60=0x48bc7a6 W1=0x23b4,0x239c,0x222b W2=0x22c1,0xdf0,0x1a5f
  witness[05] tail=23 r61=22 gh60=0x4c8c4a6 W1=0x142c,0x3d3f,0x3ad8 W2=0x1339,0xc9d,0xe8b
  witness[06] tail=23 r61=25 gh60=0x5a344ee W1=0x3320,0x2f63,0x1816 W2=0x322d,0x2dfa,0x2d70
  witness[07] tail=24 r61=16 gh60=0xd918b66 W1=0x19db,0xc0a,0x1ac1 W2=0x18e8,0x21dc,0x325c
  witness[08] tail=24 r61=17 gh60=0x7884cba W1=0x373a,0x330c,0x34dd W2=0x3647,0x26c4,0x1e78
  witness[09] tail=24 r61=19 gh60=0x38944aa W1=0x2d2e,0x137f,0x83 W2=0x2c3b,0x1780,0x2648
  witness[10] tail=24 r61=20 gh60=0xc69cca6 W1=0x28ec,0x279e,0x3ac W2=0x27f9,0x123b,0xffb
  witness[11] tail=24 r61=23 gh60=0x4fd44ba W1=0xd36,0x1804,0x3e13 W2=0xc43,0x3f03,0x284f
  witness[12] tail=24 r61=23 gh60=0xcf8dfae W1=0x1fc0,0x2c6d,0x2672 W2=0x1ecd,0x24a9,0x160b
  witness[13] tail=24 r61=24 gh60=0xd935b6a W1=0x1ce,0x1c21,0x1a31 W2=0xdb,0x1b5d,0x3645
  witness[14] tail=24 r61=26 gh60=0xbbe8cfa W1=0x919,0x2e8,0x2c58 W2=0x826,0x231f,0x3493
  witness[15] tail=25 r61=19 gh60=0xcb17b6a W1=0x115e,0xce3,0xe6e W2=0x106b,0x3713,0x1c1d

Scan-only r61 registry
  registry_count=16 registry_cap=16
  r61_witness[00] r61=15 tail=23 gh60=0x49584ba W1=0x2b39,0x2af9,0x1bd5 W2=0x2a46,0x11b7,0x317d
  r61_witness[01] r61=15 tail=27 gh60=0x7e185ea W1=0x2c91,0x7fd,0x3bd5 W2=0x2b9e,0x49b,0x2472
  r61_witness[02] r61=15 tail=29 gh60=0x4624daa W1=0x2682,0x17e3,0x1b95 W2=0x258f,0x27cf,0xebb
  r61_witness[03] r61=15 tail=29 gh60=0xc90bb6a W1=0x2d61,0x178f,0xcdf W2=0x2c6e,0x8be,0x27ac
  r61_witness[04] r61=15 tail=33 gh60=0x4a085e6 W1=0x48b,0x11aa,0x2411 W2=0x398,0x663,0x249b
  r61_witness[05] r61=16 tail=24 gh60=0xd918b66 W1=0x19db,0xc0a,0x1ac1 W2=0x18e8,0x21dc,0x325c
  r61_witness[06] r61=16 tail=30 gh60=0xc687dba W1=0xe7a,0x24d7,0x3daf W2=0xd87,0xba7,0x34cf
  r61_witness[07] r61=16 tail=31 gh60=0x5a78766 W1=0x363,0x2743,0x2ca3 W2=0x270,0x18a2,0x294e
  r61_witness[08] r61=16 tail=32 gh60=0xca645aa W1=0x482,0x1190,0x3e4d W2=0x38f,0x1fbd,0x3c93
  r61_witness[09] r61=16 tail=32 gh60=0xca1c7e6 W1=0xb9c,0x1fb1,0x627 W2=0xaa9,0xb71,0xe77
  r61_witness[10] r61=16 tail=32 gh60=0xfb08b66 W1=0x19db,0x81f,0x230a W2=0x18e8,0x1df1,0xdd7
  r61_witness[11] r61=16 tail=32 gh60=0x4b27f6a W1=0x2fd2,0x380f,0x16d5 W2=0x2edf,0x1733,0x301b
  r61_witness[12] r61=16 tail=33 gh60=0x4a5bb9e W1=0x2d87,0x1848,0x23b W2=0x2c94,0x320,0x1b67
  r61_witness[13] r61=16 tail=33 gh60=0x490876e W1=0x3bcf,0xd0,0x25c0 W2=0x3adc,0x40a,0x3a8b
  r61_witness[14] r61=16 tail=34 gh60=0xca1cfe6 W1=0x794,0xc90,0x2911 W2=0x6a1,0x356b,0x54d
  r61_witness[15] r61=16 tail=38 gh60=0x4609cea W1=0x1f1d,0x3244,0x38c8 W2=0x1e2a,0x36a7,0x23e8

D60=0 fiber histogram: 1:7992 2:4834 3:1761 4:1117 5:397 6:246 7:64 8:98 9:17 10:28 11:12 12:11 13:4 14:2 15:1 16:2 17:1 18:1 19:1
