free_word_mitm_reducedn
N=14 mask=0x3fff msb=0x2000
candidate: M0=0x3d36 mode=random-fallback fill=0x3fff kernel=dM0=dM9=0x2000
prefixes=32768/268435456 mode=permuted-prefix-sample w59_per_prefix=16384 total=536870912
run_mode=scan registry_cap=16
sample_start=96010240
scan_elapsed=15.247s rate=35.21 Mtriples/s

D60 interface
  D60=0 matches: 33074 (random expectation 32768.0, enrichment 1.009x)
  prefixes with D60=0: 16858
  max D60=0 fiber per prefix: 18 at W57=0xa91 W58=0x207f
  largest D60 bucket: D=0xcb5 count=33736
  min D60 HW: 0
  D60 HW histogram: 0:33074 1:457211 2:2973938 3:11909139 4:32773507 5:65573057 6:98413644 7:112505973 8:98470888 9:65609423 10:32775135 11:11911879 12:2975819 13:455710 14:32515

Tail closure among D60=0 matches
  final tail collisions: 0
  best r61 HW: 14
  best r61 W1[57..59]=0x41d,0x25d0,0x3909
  best r61 W2[57..59]=0x32a,0x2c06,0x15f1
  best tail HW: 21
  best tail r61 HW: 15
  best W1[57..59]=0x341f,0x2673,0x3510
  best W2[57..59]=0x332c,0x2789,0x2af2

SUMMARY N=14 sample_start=96010240 prefixes=32768 total=536870912 d0=33074 best_tail=21 tail_r61=15 best_r61=14 tail_W1=0x341f,0x2673,0x3510 tail_W2=0x332c,0x2789,0x2af2 r61_W1=0x41d,0x25d0,0x3909 r61_W2=0x32a,0x2c06,0x15f1

Scan-only witness registry
  registry_count=16 registry_cap=16
  witness[00] tail=21 r61=15 gh60=0x46384ee W1=0x341f,0x2673,0x3510 W2=0x332c,0x2789,0x2af2
  witness[01] tail=21 r61=15 gh60=0x46384ee W1=0x341f,0x2673,0x3710 W2=0x332c,0x2789,0x2cf2
  witness[02] tail=21 r61=16 gh60=0x54d859a W1=0x2a9,0x2a4b,0x1ed0 W2=0x1b6,0x67a,0x3085
  witness[03] tail=21 r61=18 gh60=0x550856a W1=0x3a5d,0xb9f,0x51 W2=0x396a,0x2041,0x30f
  witness[04] tail=23 r61=23 gh60=0x3e544fa W1=0x3c16,0x37d1,0x25e7 W2=0x3b23,0x2b8a,0x2e97
  witness[05] tail=23 r61=25 gh60=0xdcb85ae W1=0x2caf,0x28e7,0xbd W2=0x2bbc,0xd1f,0x16f0
  witness[06] tail=24 r61=16 gh60=0x4ad9cbe W1=0x1df7,0xe31,0x38ae W2=0x1d04,0x2110,0xfc6
  witness[07] tail=24 r61=19 gh60=0x5e3bb9a W1=0xd85,0x196a,0x39a1 W2=0xc92,0x3c3e,0x1400
  witness[08] tail=24 r61=20 gh60=0x4a6ccfe W1=0x3618,0x1236,0x1b95 W2=0x3525,0x208e,0xd7c
  witness[09] tail=24 r61=21 gh60=0xb5f84a6 W1=0x1a2b,0x3f3a,0x173 W2=0x1938,0x1a95,0x13ee
  witness[10] tail=24 r61=21 gh60=0xcf1c766 W1=0x3b4c,0x12fb,0xada W2=0x3a59,0x123b,0xfc8
  witness[11] tail=24 r61=23 gh60=0x4d6ccaa W1=0x3632,0x938,0x177 W2=0x353f,0x20bc,0xc9a
  witness[12] tail=24 r61=26 gh60=0xd9fcf66 W1=0x17cc,0xb57,0x22d6 W2=0x16d9,0x696,0x254e
  witness[13] tail=25 r61=16 gh60=0x38887a6 W1=0x3ab,0x100e,0x12b0 W2=0x2b8,0x38e3,0x24d1
  witness[14] tail=25 r61=21 gh60=0x37647aa W1=0x33c2,0x12ac,0xdd8 W2=0x32cf,0x1309,0xa73
  witness[15] tail=25 r61=22 gh60=0xfad84fe W1=0x2b17,0x867,0x31f W2=0x2a24,0x77f,0x2ec4

Scan-only r61 registry
  registry_count=16 registry_cap=16
  r61_witness[00] r61=14 tail=32 gh60=0x46084ea W1=0x41d,0x25d0,0x3909 W2=0x32a,0x2c06,0x15f1
  r61_witness[01] r61=15 tail=21 gh60=0x46384ee W1=0x341f,0x2673,0x3510 W2=0x332c,0x2789,0x2af2
  r61_witness[02] r61=15 tail=21 gh60=0x46384ee W1=0x341f,0x2673,0x3710 W2=0x332c,0x2789,0x2cf2
  r61_witness[03] r61=15 tail=28 gh60=0x4b0ff66 W1=0x2fdc,0x8c8,0x12a2 W2=0x2ee9,0x1f75,0xe16
  r61_witness[04] r61=15 tail=30 gh60=0x7a1dfe6 W1=0x3f94,0x1dd7,0x3e8a W2=0x3ea1,0x434,0x1659
  r61_witness[05] r61=15 tail=31 gh60=0xc884f9a W1=0x27aa,0x28f5,0xec5 W2=0x26b7,0x1800,0x5eb
  r61_witness[06] r61=15 tail=31 gh60=0xfa18cee W1=0x390f,0x1c94,0x1938 W2=0x381c,0x86f,0x36a0
  r61_witness[07] r61=15 tail=36 gh60=0x4604ce6 W1=0x261c,0x366e,0x7f3 W2=0x2529,0x1875,0xfcc
  r61_witness[08] r61=16 tail=21 gh60=0x54d859a W1=0x2a9,0x2a4b,0x1ed0 W2=0x1b6,0x67a,0x3085
  r61_witness[09] r61=16 tail=24 gh60=0x4ad9cbe W1=0x1df7,0xe31,0x38ae W2=0x1d04,0x2110,0xfc6
  r61_witness[10] r61=16 tail=25 gh60=0x38887a6 W1=0x3ab,0x100e,0x12b0 W2=0x2b8,0x38e3,0x24d1
  r61_witness[11] r61=16 tail=26 gh60=0x3c884aa W1=0xc31,0x779,0x2dfa W2=0xb3e,0xd79,0x1cf
  r61_witness[12] r61=16 tail=26 gh60=0x4887ca6 W1=0xf2c,0x1514,0x13ac W2=0xe39,0x13af,0x2ec4
  r61_witness[13] r61=16 tail=32 gh60=0x4918f7a W1=0x755,0x1d9e,0x1848 W2=0x662,0x9bd,0x2f00
  r61_witness[14] r61=16 tail=32 gh60=0xc8e44ea W1=0x3522,0x3a15,0x3e90 W2=0x342f,0xef0,0xd97
  r61_witness[15] r61=16 tail=34 gh60=0xc98bbae W1=0xdbf,0x3a00,0x31f5 W2=0xccc,0x210b,0x343b

D60=0 fiber histogram: 1:8240 2:4904 3:1790 4:1034 5:425 6:224 7:96 8:65 9:33 10:18 11:6 12:9 13:2 14:5 15:2 16:4 18:1
