free_word_mitm_reducedn
N=14 mask=0x3fff msb=0x2000
candidate: M0=0x3d36 mode=random-fallback fill=0x3fff kernel=dM0=dM9=0x2000
prefixes=32768/268435456 mode=permuted-prefix-sample w59_per_prefix=16384 total=536870912
run_mode=scan registry_cap=192
sample_start=217219072
scan_elapsed=16.802s rate=31.95 Mtriples/s
refine_elapsed=32.555s repair_refine_elapsed=0.000s total_elapsed=49.357s

D60 interface
  D60=0 matches: 32507 (random expectation 32768.0, enrichment 0.992x)
  prefixes with D60=0: 16477
  max D60=0 fiber per prefix: 19 at W57=0x266f W58=0x231a
  largest D60 bucket: D=0x1630 count=33797
  min D60 HW: 0
  D60 HW histogram: 0:32507 1:457791 2:2978919 3:11930573 4:32814918 5:65617698 6:98432976 7:112525626 8:98406993 9:65551368 10:32750805 11:11904814 12:2975072 13:457908 14:32944

Tail closure among D60=0 matches
  final tail collisions: 0
  best r61 HW: 11
  best r61 W1[57..59]=0x1d3f,0x20c1,0x1dad
  best r61 W2[57..59]=0x1c4c,0xcd1,0x17c7
  best tail HW: 16
  best tail r61 HW: 11
  best W1[57..59]=0x221,0x2b8d,0x10d
  best W2[57..59]=0x12e,0x2f07,0x38d2

SUMMARY N=14 sample_start=217219072 prefixes=32768 total=536870912 d0=32507 best_tail=16 tail_r61=11 best_r61=11 tail_W1=0x221,0x2b8d,0x10d tail_W2=0x12e,0x2f07,0x38d2 r61_W1=0x1d3f,0x20c1,0x1dad r61_W2=0x1c4c,0xcd1,0x17c7

Scan-only witness registry
  registry_count=192 registry_cap=192
  witness[00] tail=16 r61=11 gh60=0x4a184ea W1=0x221,0x2b8d,0x10d W2=0x12e,0x2f07,0x38d2
  witness[01] tail=21 r61=20 gh60=0x57bc49a W1=0x4e6,0x1c6d,0x145f W2=0x3f3,0x279,0x5
  witness[02] tail=22 r61=18 gh60=0x5e84da6 W1=0x66c,0x357,0x3d96 W2=0x579,0x1c8c,0x2eac
  witness[03] tail=22 r61=24 gh60=0xfb2cb66 W1=0x35d4,0x1266,0x2f19 W2=0x34e1,0x284d,0x3ced
  witness[04] tail=23 r61=17 gh60=0xcb08b6e W1=0x9df,0x19e0,0x2eff W2=0x8ec,0xbeb,0x1c5a
  witness[05] tail=23 r61=20 gh60=0xca7c56a W1=0x1462,0x3e,0xddf W2=0x136f,0x22e1,0x162a
  witness[06] tail=24 r61=15 gh60=0x48884aa W1=0x152d,0x2c4c,0x821 W2=0x143a,0x3c8,0x3eab
  witness[07] tail=24 r61=17 gh60=0xcd784a6 W1=0x3eb,0x107e,0x25ec W2=0x2f8,0x3d5b,0x3ec8
  witness[08] tail=24 r61=18 gh60=0x7a084e6 W1=0x31b,0x300,0x2d1d W2=0x228,0x22c5,0x1d34
  witness[09] tail=24 r61=19 gh60=0x4ca85be W1=0x22b7,0x2069,0x3222 W2=0x21c4,0x259f,0x3897
  witness[10] tail=24 r61=22 gh60=0x4f08b6a W1=0x15d1,0x1cc7,0x1737 W2=0x14de,0x270a,0x26b
  witness[11] tail=24 r61=22 gh60=0xc92db6a W1=0x2152,0x2440,0x1e00 W2=0x205f,0x1340,0x3399
  witness[12] tail=25 r61=16 gh60=0x44b44ae W1=0x3c40,0xed7,0xa94 W2=0x3b4d,0x3ce8,0x433
  witness[13] tail=25 r61=17 gh60=0x492cb66 W1=0x15d4,0x1656,0x3229 W2=0x14e1,0x3445,0x227a
  witness[14] tail=25 r61=19 gh60=0xfa845a6 W1=0x326c,0x27f0,0x389e W2=0x3179,0xba6,0x2d03
  witness[15] tail=25 r61=19 gh60=0x4524566 W1=0x3454,0x34be,0x23d7 W2=0x3361,0x221e,0x298f

Scan-only r61 registry
  registry_count=192 registry_cap=192
  r61_witness[00] r61=11 tail=16 gh60=0x4a184ea W1=0x221,0x2b8d,0x10d W2=0x12e,0x2f07,0x38d2
  r61_witness[01] r61=11 tail=32 gh60=0x48884ae W1=0x1d3f,0x20c1,0x1dad W2=0x1c4c,0xcd1,0x17c7
  r61_witness[02] r61=13 tail=29 gh60=0x4a344ea W1=0x20e,0x93b,0x19dd W2=0x11b,0xff2,0x3f8b
  r61_witness[03] r61=13 tail=36 gh60=0x4d885aa W1=0x1cad,0x2d2c,0x3d8f W2=0x1bba,0xa40,0x2ff0
  r61_witness[04] r61=14 tail=28 gh60=0x4b15b6e W1=0x150,0x2a31,0x18c2 W2=0x5d,0x2155,0x2773
  r61_witness[05] r61=14 tail=31 gh60=0xda0bde6 W1=0xe9b,0x1e12,0x52e W2=0xda8,0x213a,0x231c
  r61_witness[06] r61=15 tail=27 gh60=0x4985ba6 W1=0x3dac,0x37b0,0x220e W2=0x3cb9,0x1f3,0x39bc
  r61_witness[07] r61=15 tail=29 gh60=0xc48ccaa W1=0x63e,0x3cbe,0x3f0a W2=0x54b,0x3ee,0x2f5f
  r61_witness[08] r61=15 tail=29 gh60=0xcd9bdae W1=0x306f,0x3505,0x2967 W2=0x2f7c,0x848,0x2d74
  r61_witness[09] r61=15 tail=31 gh60=0xca284fe W1=0x1417,0x24e2,0x458 W2=0x1324,0x40a,0x2cb8
  r61_witness[10] r61=16 tail=27 gh60=0x76b84ba W1=0x2cf9,0x1964,0x2551 W2=0x2c06,0x3f26,0x2bf7
  r61_witness[11] r61=16 tail=29 gh60=0x3eabc9a W1=0x2de9,0x6c9,0x3fee W2=0x2cf6,0x21d9,0x85
  r61_witness[12] r61=16 tail=30 gh60=0x4708566 W1=0x24db,0x9c2,0x1279 W2=0x23e8,0x4df,0x1da1
  r61_witness[13] r61=16 tail=35 gh60=0x48884aa W1=0x331,0x3ab0,0x8a5 W2=0x23e,0xf0,0x12c5
  r61_witness[14] r61=16 tail=35 gh60=0x4899fba W1=0x1fb5,0x3648,0x1a61 W2=0x1ec2,0x225b,0x1298
  r61_witness[15] r61=16 tail=35 gh60=0x7e0bce6 W1=0x311b,0x2387,0x12b4 W2=0x3028,0xb07,0x25a

Second-stage local refinement
  seed pool: count=192 cap=192
  top seeds: [tail16/r6111 W=0x221,0x2b8d,0x10d] [tail21/r6120 W=0x4e6,0x1c6d,0x145f] [tail22/r6118 W=0x66c,0x357,0x3d96] [tail22/r6124 W=0x35d4,0x1266,0x2f19] [tail23/r6117 W=0x9df,0x19e0,0x2eff] [tail23/r6120 W=0x1462,0x3e,0xddf] [tail24/r6115 W=0x152d,0x2c4c,0x821] [tail24/r6117 W=0x3eb,0x107e,0x25ec]
  budget=1000000000 tested=1000000000 D60=0=62031 collisions=0 seed_inserts=156 prefix_enums=61027
  D60=0 rate: 0.000062
  phase tested/D60=0: single=6258/28 double=128289/39 walk=0/0 prefix=999865453/61964
  min refined D60 HW: 0 d60=0x0 at W1[57..59]=0x221,0x2b8d,0x10d
  best refined tail HW: 16 (scan best 16, improvements=0)
  best refined tail W1[57..59]=0x221,0x2b8d,0x10d
  best refined tail W2[57..59]=0x12e,0x2f07,0x38d2
  best refined r61 HW: 11 (scan best 11, improvements=0)
  best refined r61 W1[57..59]=0x1d3f,0x20c1,0x1dad
  best refined r61 W2[57..59]=0x1c4c,0xcd1,0x17c7

D60=0 fiber histogram: 1:8046 2:4642 3:1823 4:1095 5:429 6:226 7:73 8:75 9:27 10:16 11:10 12:8 13:1 14:2 15:1 16:2 19:1
